[r19-horizon-plan/r11_lr1e4] [plan] torch_deterministic=true
[r19-horizon-plan/r11_lr1e4] [plan] candidate_allowlist=autoresearch/original-netlist-recovery-260712/exact_itc99/b15_C/exact_candidate_nodes.txt nodes=7918
[r19-horizon-plan/r11_lr1e4] [plan] prefix_plan=autoresearch/loop-260720-0945/typed_winner_round8_five/b15_C/best_plans/iscas99__b15_1.csv prefix_actions=192 continue_at_step=193
[r19-horizon-plan/r11_lr1e4] [plan] latent_norm_clip_ratio=4 latent_norm_limit=30.875631
[r19-horizon-plan/r11_lr1e4] [plan] prefix_state_mode=replay replayed_actions=192
[r19-horizon-plan/r11_lr1e4] [plan] step=193 node=N6168 type=observe typed_marginal_pred=0.872400 sequence=367.714992
[r19-horizon-plan/r11_lr1e4] [plan] step=194 node=N5914 type=observe typed_marginal_pred=0.540998 sequence=368.255990
[r19-horizon-plan/r11_lr1e4] [plan] step=195 node=N6121 type=observe typed_marginal_pred=0.737522 sequence=368.993512
[r19-horizon-plan/r11_lr1e4] [plan] step=196 node=N2285 type=observe typed_marginal_pred=0.790056 sequence=369.783567
[r19-horizon-plan/r11_lr1e4] [plan] step=197 node=N2284 type=observe typed_marginal_pred=0.734951 sequence=370.518518
[r19-horizon-plan/r11_lr1e4] [plan] step=198 node=N7709 type=observe typed_marginal_pred=0.756982 sequence=371.275500
[r19-horizon-plan/r11_lr1e4] [plan] step=199 node=N5930 type=observe typed_marginal_pred=0.786438 sequence=372.061938
[r19-horizon-plan/r11_lr1e4] [plan] step=200 node=N5506 type=observe typed_marginal_pred=0.953995 sequence=373.015932
[r19-horizon-plan/r11_lr1e4] [plan] step=201 node=N908 type=control1 typed_marginal_pred=0.973414 sequence=373.989346
[r19-horizon-plan/r11_lr1e4] [plan] step=202 node=N5509 type=observe typed_marginal_pred=0.998499 sequence=374.987845
[r19-horizon-plan/r11_lr1e4] [plan] step=203 node=N752 type=control1 typed_marginal_pred=1.353661 sequence=376.337506
[r19-horizon-plan/r11_lr1e4] [plan] step=204 node=N1858 type=control1 typed_marginal_pred=1.207486 sequence=377.544992
[r19-horizon-plan/r11_lr1e4] [plan] step=205 node=N6123 type=observe typed_marginal_pred=0.996487 sequence=378.537478
[r19-horizon-plan/r11_lr1e4] [plan] step=206 node=N902 type=control1 typed_marginal_pred=0.953445 sequence=379.486923
[r19-horizon-plan/r11_lr1e4] [plan] step=207 node=N753 type=control1 typed_marginal_pred=1.347209 sequence=380.830133
[r19-horizon-plan/r11_lr1e4] [plan] step=208 node=N652 type=control1 typed_marginal_pred=1.368484 sequence=382.198617
[r19-horizon-plan/r11_lr1e4] [plan] step=209 node=N844 type=observe typed_marginal_pred=1.013965 sequence=383.212582
[r19-horizon-plan/r11_lr1e4] [plan] step=210 node=N1693 type=control1 typed_marginal_pred=1.358312 sequence=384.570894
[r19-horizon-plan/r11_lr1e4] [plan] step=211 node=N5902 type=control0 typed_marginal_pred=0.959053 sequence=385.529948
[r19-horizon-plan/r11_lr1e4] [plan] step=212 node=N5615 type=observe typed_marginal_pred=1.006212 sequence=386.531160
[r19-horizon-plan/r11_lr1e4] [plan] step=213 node=N8311 type=observe typed_marginal_pred=1.043593 sequence=387.574753
[r19-horizon-plan/r11_lr1e4] [plan] step=214 node=N2288 type=observe typed_marginal_pred=0.882992 sequence=388.457745
[r19-horizon-plan/r11_lr1e4] [plan] step=215 node=N2234 type=observe typed_marginal_pred=0.835656 sequence=389.293401
[r19-horizon-plan/r11_lr1e4] [plan] step=216 node=N7500 type=observe typed_marginal_pred=1.241601 sequence=390.535002
[r19-horizon-plan/r11_lr1e4] [plan] step=217 node=N6332 type=observe typed_marginal_pred=0.904409 sequence=391.439411
[r19-horizon-plan/r11_lr1e4] [plan] step=218 node=N5210 type=observe typed_marginal_pred=0.947913 sequence=392.383324
[r19-horizon-plan/r11_lr1e4] [plan] step=219 node=N5751 type=observe typed_marginal_pred=0.813347 sequence=393.196671
[r19-horizon-plan/r11_lr1e4] [plan] step=220 node=N1610 type=observe typed_marginal_pred=0.809069 sequence=394.005740
[r19-horizon-plan/r11_lr1e4] [plan] step=221 node=N2191 type=observe typed_marginal_pred=0.790611 sequence=394.796350
[r19-horizon-plan/r11_lr1e4] [plan] step=222 node=N1874 type=observe typed_marginal_pred=0.724908 sequence=395.517258
[r19-horizon-plan/r11_lr1e4] [plan] step=223 node=N1609 type=observe typed_marginal_pred=0.708816 sequence=396.226074
[r19-horizon-plan/r11_lr1e4] [plan] step=224 node=N731 type=observe typed_marginal_pred=0.985765 sequence=397.211839
[r19-horizon-plan/r11_lr1e4] [plan] step=225 node=N726 type=observe typed_marginal_pred=0.482545 sequence=397.690383
[r19-horizon-plan/r11_lr1e4] [plan] step=226 node=N716 type=observe typed_marginal_pred=0.898151 sequence=398.584535
[r19-horizon-plan/r11_lr1e4] [plan] step=227 node=N6443 type=observe typed_marginal_pred=0.550882 sequence=399.135416
[r19-horizon-plan/r11_lr1e4] [plan] step=228 node=N6847 type=control0 typed_marginal_pred=0.177488 sequence=399.312904
[r19-horizon-plan/r11_lr1e4] [plan] step=229 node=N6622 type=observe typed_marginal_pred=1.069428 sequence=400.378332
[r19-horizon-plan/r11_lr1e4] [plan] step=230 node=N7512 type=observe typed_marginal_pred=1.036584 sequence=401.409916
[r19-horizon-plan/r11_lr1e4] [plan] step=231 node=N6809 type=control0 typed_marginal_pred=0.201577 sequence=401.611492
[r19-horizon-plan/r11_lr1e4] [plan] step=232 node=N7802 type=observe typed_marginal_pred=0.980500 sequence=402.587993
[r19-horizon-plan/r11_lr1e4] [plan] step=233 node=N6626 type=observe typed_marginal_pred=0.492974 sequence=403.080967
[r19-horizon-plan/r11_lr1e4] [plan] step=234 node=N6630 type=observe typed_marginal_pred=0.436715 sequence=403.517682
[r19-horizon-plan/r11_lr1e4] [plan] step=235 node=N2216 type=observe typed_marginal_pred=0.018963 sequence=403.536644
[r19-horizon-plan/r11_lr1e4] [plan] step=236 node=N2219 type=observe typed_marginal_pred=0.028673 sequence=403.561318
[r19-horizon-plan/r11_lr1e4] [plan] step=237 node=N1854 type=observe typed_marginal_pred=-0.011217 sequence=403.546101
[r19-horizon-plan/r11_lr1e4] [plan] step=238 node=N6162 type=observe typed_marginal_pred=-0.025223 sequence=403.520878
[r19-horizon-plan/r11_lr1e4] [plan] step=239 node=N6634 type=observe typed_marginal_pred=-0.068719 sequence=403.452159
[r19-horizon-plan/r11_lr1e4] [plan] step=240 node=N2276 type=observe typed_marginal_pred=-0.094430 sequence=403.357729
[r19-horizon-plan/r11_lr1e4] [plan] step=241 node=N6624 type=observe typed_marginal_pred=0.175306 sequence=403.533035
[r19-horizon-plan/r11_lr1e4] [plan] step=242 node=N6666 type=observe typed_marginal_pred=0.109659 sequence=403.642694
[r19-horizon-plan/r11_lr1e4] [plan] step=243 node=N903 type=control1 typed_marginal_pred=0.182838 sequence=403.821532
[r19-horizon-plan/r11_lr1e4] [plan] step=244 node=N545 type=observe typed_marginal_pred=-0.022354 sequence=403.795178
[r19-horizon-plan/r11_lr1e4] [plan] step=245 node=N543 type=observe typed_marginal_pred=-0.089436 sequence=403.701742
[r19-horizon-plan/r11_lr1e4] [plan] step=246 node=N703 type=observe typed_marginal_pred=-0.131007 sequence=403.566735
[r19-horizon-plan/r11_lr1e4] [plan] step=247 node=N541 type=observe typed_marginal_pred=-0.104631 sequence=403.458104
[r19-horizon-plan/r11_lr1e4] [plan] step=248 node=N699 type=observe typed_marginal_pred=-0.128079 sequence=403.330024
[r19-horizon-plan/r11_lr1e4] [plan] step=249 node=N2183 type=observe typed_marginal_pred=-0.062197 sequence=403.267827
[r19-horizon-plan/r11_lr1e4] [plan] step=250 node=N2185 type=observe typed_marginal_pred=-0.087877 sequence=403.175950
[r19-horizon-plan/r11_lr1e4] [plan] step=251 node=N539 type=observe typed_marginal_pred=-0.080723 sequence=403.091227
[r19-horizon-plan/r11_lr1e4] [plan] step=252 node=N708 type=observe typed_marginal_pred=-0.104577 sequence=402.982650
[r19-horizon-plan/r11_lr1e4] [plan] step=253 node=N537 type=observe typed_marginal_pred=-0.122564 sequence=402.856086
[r19-horizon-plan/r11_lr1e4] [plan] step=254 node=N715 type=observe typed_marginal_pred=-0.120130 sequence=402.731956
[r19-horizon-plan/r11_lr1e4] [plan] step=255 node=N535 type=observe typed_marginal_pred=-0.162656 sequence=402.565299
[r19-horizon-plan/r11_lr1e4] [plan] step=256 node=N533 type=observe typed_marginal_pred=-0.209544 sequence=402.351755
[r19-horizon-plan/r11_lr1e4] [plan] step=257 node=N7603 type=observe typed_marginal_pred=-0.066589 sequence=402.285166
[r19-horizon-plan/r11_lr1e4] [plan] step=258 node=N531 type=observe typed_marginal_pred=-0.197634 sequence=402.083531
[r19-horizon-plan/r11_lr1e4] [plan] step=259 node=N698 type=observe typed_marginal_pred=-0.297918 sequence=401.781614
[r19-horizon-plan/r11_lr1e4] [plan] step=260 node=N2225 type=observe typed_marginal_pred=-0.238929 sequence=401.542685
[r19-horizon-plan/r11_lr1e4] [plan] step=261 node=N595 type=observe typed_marginal_pred=-0.148521 sequence=401.394164
[r19-horizon-plan/r11_lr1e4] [plan] step=262 node=N2204 type=observe typed_marginal_pred=-0.167281 sequence=401.226882
[r19-horizon-plan/r11_lr1e4] [plan] step=263 node=N2270 type=observe typed_marginal_pred=-0.163748 sequence=401.063135
[r19-horizon-plan/r11_lr1e4] [plan] step=264 node=N2202 type=observe typed_marginal_pred=-0.143129 sequence=400.916006
[r19-horizon-plan/r11_lr1e4] [plan] step=265 node=N2221 type=observe typed_marginal_pred=-0.143381 sequence=400.772625
[r19-horizon-plan/r11_lr1e4] [plan] step=266 node=N2253 type=observe typed_marginal_pred=-0.113882 sequence=400.658743
[r19-horizon-plan/r11_lr1e4] [plan] step=267 node=N2257 type=observe typed_marginal_pred=-0.067596 sequence=400.591147
[r19-horizon-plan/r11_lr1e4] [plan] step=268 node=N707 type=observe typed_marginal_pred=-0.052746 sequence=400.534401
[r19-horizon-plan/r11_lr1e4] [plan] step=269 node=N705 type=observe typed_marginal_pred=-0.040915 sequence=400.489486
[r19-horizon-plan/r11_lr1e4] [plan] step=270 node=N2260 type=observe typed_marginal_pred=-0.011700 sequence=400.473786
[r19-horizon-plan/r11_lr1e4] [plan] step=271 node=N2210 type=observe typed_marginal_pred=0.106202 sequence=400.575988
[r19-horizon-plan/r11_lr1e4] [plan] step=272 node=N2207 type=observe typed_marginal_pred=0.062438 sequence=400.634426
[r19-horizon-plan/r11_lr1e4] [plan] step=273 node=N8083 type=observe typed_marginal_pred=0.221720 sequence=400.856146
[r19-horizon-plan/r11_lr1e4] [plan] step=274 node=N2244 type=observe typed_marginal_pred=-0.010570 sequence=400.841576
[r19-horizon-plan/r11_lr1e4] [plan] step=275 node=N2265 type=observe typed_marginal_pred=0.960564 sequence=401.802140
[r19-horizon-plan/r11_lr1e4] [plan] step=276 node=N2214 type=observe typed_marginal_pred=0.982947 sequence=402.781086
[r19-horizon-plan/r11_lr1e4] [plan] step=277 node=N2261 type=observe typed_marginal_pred=1.012787 sequence=403.793873
[r19-horizon-plan/r11_lr1e4] [plan] step=278 node=N2249 type=observe typed_marginal_pred=1.033767 sequence=404.827639
[r19-horizon-plan/r11_lr1e4] saved=autoresearch/loop-260720-0945/model_training_round19_direct_horizon_b15/plans/r11_lr1e4.csv
