[b15-r8/moe_joint_within/epoch_010/a0.20] [gmean] 2026-07-21T15:25:52 out_dir=autoresearch/loop-260720-0945/model_training_round8/b15_selection/moe_joint_within/epoch_010/q_typed_reliable_context/alpha_0p20_weight_0p75
[b15-r8/moe_joint_within/epoch_010/a0.20] [gmean] 2026-07-21T15:25:52 budgets=iscas99__b15_1:278
[b15-r8/moe_joint_within/epoch_010/a0.20] [gmean] 2026-07-21T15:25:52 variant_start id=greedy__cumulative__q_typed_reliable_context__bw1__d1__c64__g1p0__candhard_fault_cluster__div0p0__s0
[b15-r8/moe_joint_within/epoch_010/a0.20] [gmean] 2026-07-21T15:25:52 [1/1] plan_start benchmark=iscas99__b15_1 budget=278 planner=greedy score=q_typed_reliable_context
[b15-r8/moe_joint_within/epoch_010/a0.20] [plan iscas99__b15_1] [plan] torch_deterministic=true
[b15-r8/moe_joint_within/epoch_010/a0.20] [plan iscas99__b15_1] [plan] candidate_allowlist=autoresearch/original-netlist-recovery-260712/exact_itc99/b15_C/exact_candidate_nodes.txt nodes=7918
[b15-r8/moe_joint_within/epoch_010/a0.20] [plan iscas99__b15_1] [plan] latent_norm_clip_ratio=4 latent_norm_limit=30.875631
[b15-r8/moe_joint_within/epoch_010/a0.20] [plan iscas99__b15_1] [plan] step=1 node=N677 type=control1 q_typed_reliable_context=4.858065 sequence=4.858065
[b15-r8/moe_joint_within/epoch_010/a0.20] [plan iscas99__b15_1] [plan] step=2 node=N2155 type=observe q_typed_reliable_context=3.254521 sequence=8.112585
[b15-r8/moe_joint_within/epoch_010/a0.20] [plan iscas99__b15_1] [plan] step=3 node=N502 type=control1 q_typed_reliable_context=2.192107 sequence=10.304692
[b15-r8/moe_joint_within/epoch_010/a0.20] [plan iscas99__b15_1] [plan] step=4 node=N762 type=control1 q_typed_reliable_context=1.446094 sequence=11.750786
[b15-r8/moe_joint_within/epoch_010/a0.20] [plan iscas99__b15_1] [plan] step=5 node=N3742 type=control0 q_typed_reliable_context=0.909996 sequence=12.660782
[b15-r8/moe_joint_within/epoch_010/a0.20] [plan iscas99__b15_1] [plan] step=6 node=N3644 type=control0 q_typed_reliable_context=1.489064 sequence=14.149846
[b15-r8/moe_joint_within/epoch_010/a0.20] [plan iscas99__b15_1] [plan] step=7 node=N557 type=control1 q_typed_reliable_context=0.910940 sequence=15.060786
[b15-r8/moe_joint_within/epoch_010/a0.20] [plan iscas99__b15_1] [plan] step=8 node=N3756 type=control0 q_typed_reliable_context=1.097941 sequence=16.158727
[b15-r8/moe_joint_within/epoch_010/a0.20] [plan iscas99__b15_1] [plan] step=9 node=N564 type=control1 q_typed_reliable_context=1.370652 sequence=17.529379
[b15-r8/moe_joint_within/epoch_010/a0.20] [plan iscas99__b15_1] [plan] step=10 node=N2336 type=control1 q_typed_reliable_context=1.557724 sequence=19.087103
[b15-r8/moe_joint_within/epoch_010/a0.20] [plan iscas99__b15_1] [plan] step=11 node=N5143 type=observe q_typed_reliable_context=1.325577 sequence=20.412680
[b15-r8/moe_joint_within/epoch_010/a0.20] [plan iscas99__b15_1] [plan] step=12 node=N7511 type=control1 q_typed_reliable_context=1.450593 sequence=21.863273
[b15-r8/moe_joint_within/epoch_010/a0.20] [plan iscas99__b15_1] [plan] step=13 node=N580 type=control1 q_typed_reliable_context=1.255322 sequence=23.118595
[b15-r8/moe_joint_within/epoch_010/a0.20] [plan iscas99__b15_1] [plan] step=14 node=N2082 type=observe q_typed_reliable_context=1.398669 sequence=24.517264
[b15-r8/moe_joint_within/epoch_010/a0.20] [plan iscas99__b15_1] [plan] step=15 node=N737 type=control1 q_typed_reliable_context=3.600376 sequence=28.117640
[b15-r8/moe_joint_within/epoch_010/a0.20] [plan iscas99__b15_1] [plan] step=16 node=N3722 type=control0 q_typed_reliable_context=0.919233 sequence=29.036873
[b15-r8/moe_joint_within/epoch_010/a0.20] [plan iscas99__b15_1] [plan] step=17 node=N496 type=control1 q_typed_reliable_context=1.745042 sequence=30.781915
[b15-r8/moe_joint_within/epoch_010/a0.20] [plan iscas99__b15_1] [plan] step=18 node=N5723 type=control0 q_typed_reliable_context=1.392575 sequence=32.174490
[b15-r8/moe_joint_within/epoch_010/a0.20] [plan iscas99__b15_1] [plan] step=19 node=N5203 type=control1 q_typed_reliable_context=1.998558 sequence=34.173048
[b15-r8/moe_joint_within/epoch_010/a0.20] [plan iscas99__b15_1] [plan] step=20 node=N2153 type=observe q_typed_reliable_context=2.156696 sequence=36.329744
[b15-r8/moe_joint_within/epoch_010/a0.20] [plan iscas99__b15_1] [plan] step=21 node=N1853 type=observe q_typed_reliable_context=2.699753 sequence=39.029498
[b15-r8/moe_joint_within/epoch_010/a0.20] [plan iscas99__b15_1] [plan] step=22 node=N2101 type=observe q_typed_reliable_context=2.312233 sequence=41.341730
[b15-r8/moe_joint_within/epoch_010/a0.20] [plan iscas99__b15_1] [plan] step=23 node=N4656 type=control0 q_typed_reliable_context=2.866399 sequence=44.208129
[b15-r8/moe_joint_within/epoch_010/a0.20] [plan iscas99__b15_1] [plan] step=24 node=N1860 type=observe q_typed_reliable_context=2.518425 sequence=46.726555
[b15-r8/moe_joint_within/epoch_010/a0.20] [plan iscas99__b15_1] [plan] step=25 node=N1372 type=observe q_typed_reliable_context=1.809229 sequence=48.535784
[b15-r8/moe_joint_within/epoch_010/a0.20] [plan iscas99__b15_1] [plan] step=26 node=N1532 type=observe q_typed_reliable_context=1.524598 sequence=50.060382
[b15-r8/moe_joint_within/epoch_010/a0.20] [plan iscas99__b15_1] [plan] step=27 node=N582 type=control1 q_typed_reliable_context=1.330602 sequence=51.390984
[b15-r8/moe_joint_within/epoch_010/a0.20] [plan iscas99__b15_1] [plan] step=28 node=N766 type=control1 q_typed_reliable_context=0.733745 sequence=52.124730
[b15-r8/moe_joint_within/epoch_010/a0.20] [plan iscas99__b15_1] [plan] step=29 node=N1437 type=control1 q_typed_reliable_context=0.837137 sequence=52.961867
[b15-r8/moe_joint_within/epoch_010/a0.20] [plan iscas99__b15_1] [plan] step=30 node=N583 type=control1 q_typed_reliable_context=0.936163 sequence=53.898030
[b15-r8/moe_joint_within/epoch_010/a0.20] [plan iscas99__b15_1] [plan] step=31 node=N893 type=observe q_typed_reliable_context=0.825368 sequence=54.723398
[b15-r8/moe_joint_within/epoch_010/a0.20] [plan iscas99__b15_1] [plan] step=32 node=N4684 type=control0 q_typed_reliable_context=3.296575 sequence=58.019973
[b15-r8/moe_joint_within/epoch_010/a0.20] [plan iscas99__b15_1] [plan] step=33 node=N7411 type=control1 q_typed_reliable_context=0.654658 sequence=58.674631
[b15-r8/moe_joint_within/epoch_010/a0.20] [plan iscas99__b15_1] [plan] step=34 node=N7413 type=control1 q_typed_reliable_context=0.358449 sequence=59.033080
[b15-r8/moe_joint_within/epoch_010/a0.20] [plan iscas99__b15_1] [plan] step=35 node=N4677 type=control0 q_typed_reliable_context=2.065111 sequence=61.098191
[b15-r8/moe_joint_within/epoch_010/a0.20] [plan iscas99__b15_1] [plan] step=36 node=N4663 type=control0 q_typed_reliable_context=3.006402 sequence=64.104594
[b15-r8/moe_joint_within/epoch_010/a0.20] [plan iscas99__b15_1] [plan] step=37 node=N4649 type=control0 q_typed_reliable_context=1.717735 sequence=65.822328
[b15-r8/moe_joint_within/epoch_010/a0.20] [plan iscas99__b15_1] [plan] step=38 node=N4635 type=control0 q_typed_reliable_context=1.562555 sequence=67.384884
[b15-r8/moe_joint_within/epoch_010/a0.20] [plan iscas99__b15_1] [plan] step=39 node=N6537 type=observe q_typed_reliable_context=2.624901 sequence=70.009785
[b15-r8/moe_joint_within/epoch_010/a0.20] [plan iscas99__b15_1] [plan] step=40 node=N704 type=observe q_typed_reliable_context=2.048143 sequence=72.057928
[b15-r8/moe_joint_within/epoch_010/a0.20] [plan iscas99__b15_1] [plan] step=41 node=N8470 type=observe q_typed_reliable_context=2.030129 sequence=74.088057
[b15-r8/moe_joint_within/epoch_010/a0.20] [plan iscas99__b15_1] [plan] step=42 node=N4691 type=control0 q_typed_reliable_context=1.697319 sequence=75.785377
[b15-r8/moe_joint_within/epoch_010/a0.20] [plan iscas99__b15_1] [plan] step=43 node=N4670 type=control0 q_typed_reliable_context=1.719811 sequence=77.505188
[b15-r8/moe_joint_within/epoch_010/a0.20] [plan iscas99__b15_1] [plan] step=44 node=N724 type=observe q_typed_reliable_context=1.335591 sequence=78.840779
[b15-r8/moe_joint_within/epoch_010/a0.20] [plan iscas99__b15_1] [plan] step=45 node=N7881 type=control1 q_typed_reliable_context=0.658028 sequence=79.498807
[b15-r8/moe_joint_within/epoch_010/a0.20] [plan iscas99__b15_1] [plan] step=46 node=N7882 type=control1 q_typed_reliable_context=0.741907 sequence=80.240714
[b15-r8/moe_joint_within/epoch_010/a0.20] [plan iscas99__b15_1] [plan] step=47 node=N7883 type=control1 q_typed_reliable_context=0.745991 sequence=80.986705
[b15-r8/moe_joint_within/epoch_010/a0.20] [plan iscas99__b15_1] [plan] step=48 node=N7884 type=control1 q_typed_reliable_context=0.782185 sequence=81.768890
[b15-r8/moe_joint_within/epoch_010/a0.20] [plan iscas99__b15_1] [plan] step=49 node=N4698 type=control0 q_typed_reliable_context=1.792501 sequence=83.561390
[b15-r8/moe_joint_within/epoch_010/a0.20] [plan iscas99__b15_1] [plan] step=50 node=N4705 type=control0 q_typed_reliable_context=1.633302 sequence=85.194693
[b15-r8/moe_joint_within/epoch_010/a0.20] [plan iscas99__b15_1] [plan] step=51 node=N3911 type=control0 q_typed_reliable_context=0.941195 sequence=86.135888
[b15-r8/moe_joint_within/epoch_010/a0.20] [plan iscas99__b15_1] [plan] step=52 node=N3904 type=control0 q_typed_reliable_context=0.946891 sequence=87.082779
[b15-r8/moe_joint_within/epoch_010/a0.20] [plan iscas99__b15_1] [plan] step=53 node=N4712 type=control0 q_typed_reliable_context=0.998028 sequence=88.080808
[b15-r8/moe_joint_within/epoch_010/a0.20] [plan iscas99__b15_1] [plan] step=54 node=N3897 type=control0 q_typed_reliable_context=0.945372 sequence=89.026179
[b15-r8/moe_joint_within/epoch_010/a0.20] [plan iscas99__b15_1] [plan] step=55 node=N3848 type=control0 q_typed_reliable_context=0.978540 sequence=90.004719
[b15-r8/moe_joint_within/epoch_010/a0.20] [plan iscas99__b15_1] [plan] step=56 node=N3862 type=control0 q_typed_reliable_context=0.994038 sequence=90.998756
[b15-r8/moe_joint_within/epoch_010/a0.20] [plan iscas99__b15_1] [plan] step=57 node=N3855 type=control0 q_typed_reliable_context=0.965153 sequence=91.963910
[b15-r8/moe_joint_within/epoch_010/a0.20] [plan iscas99__b15_1] [plan] step=58 node=N3827 type=control0 q_typed_reliable_context=0.913439 sequence=92.877349
[b15-r8/moe_joint_within/epoch_010/a0.20] [plan iscas99__b15_1] [plan] step=59 node=N3820 type=control0 q_typed_reliable_context=0.903333 sequence=93.780682
[b15-r8/moe_joint_within/epoch_010/a0.20] [plan iscas99__b15_1] [plan] step=60 node=N3813 type=control0 q_typed_reliable_context=0.957667 sequence=94.738348
[b15-r8/moe_joint_within/epoch_010/a0.20] [plan iscas99__b15_1] [plan] step=61 node=N3799 type=control0 q_typed_reliable_context=1.299227 sequence=96.037575
[b15-r8/moe_joint_within/epoch_010/a0.20] [plan iscas99__b15_1] [plan] step=62 node=N3889 type=control0 q_typed_reliable_context=1.273791 sequence=97.311366
[b15-r8/moe_joint_within/epoch_010/a0.20] [plan iscas99__b15_1] [plan] step=63 node=N3882 type=control0 q_typed_reliable_context=1.132601 sequence=98.443967
[b15-r8/moe_joint_within/epoch_010/a0.20] [plan iscas99__b15_1] [plan] step=64 node=N5603 type=control0 q_typed_reliable_context=1.097614 sequence=99.541581
[b15-r8/moe_joint_within/epoch_010/a0.20] [plan iscas99__b15_1] [plan] step=65 node=N7506 type=observe q_typed_reliable_context=1.884415 sequence=101.425996
[b15-r8/moe_joint_within/epoch_010/a0.20] [plan iscas99__b15_1] [plan] step=66 node=N3805 type=control0 q_typed_reliable_context=0.925093 sequence=102.351089
[b15-r8/moe_joint_within/epoch_010/a0.20] [plan iscas99__b15_1] [plan] step=67 node=N2083 type=observe q_typed_reliable_context=0.924276 sequence=103.275364
[b15-r8/moe_joint_within/epoch_010/a0.20] [plan iscas99__b15_1] [plan] step=68 node=N4606 type=control0 q_typed_reliable_context=0.969964 sequence=104.245328
[b15-r8/moe_joint_within/epoch_010/a0.20] [plan iscas99__b15_1] [plan] step=69 node=N4716 type=control0 q_typed_reliable_context=1.134693 sequence=105.380021
[b15-r8/moe_joint_within/epoch_010/a0.20] [plan iscas99__b15_1] [plan] step=70 node=N2044 type=observe q_typed_reliable_context=1.077261 sequence=106.457282
[b15-r8/moe_joint_within/epoch_010/a0.20] [plan iscas99__b15_1] [plan] step=71 node=N519 type=control1 q_typed_reliable_context=0.927489 sequence=107.384772
[b15-r8/moe_joint_within/epoch_010/a0.20] [plan iscas99__b15_1] [plan] step=72 node=N2042 type=observe q_typed_reliable_context=0.947652 sequence=108.332424
[b15-r8/moe_joint_within/epoch_010/a0.20] [plan iscas99__b15_1] [plan] step=73 node=N504 type=control1 q_typed_reliable_context=1.133271 sequence=109.465695
[b15-r8/moe_joint_within/epoch_010/a0.20] [plan iscas99__b15_1] [plan] step=74 node=N7722 type=control0 q_typed_reliable_context=1.812909 sequence=111.278604
[b15-r8/moe_joint_within/epoch_010/a0.20] [plan iscas99__b15_1] [plan] step=75 node=N4578 type=control0 q_typed_reliable_context=1.242353 sequence=112.520957
[b15-r8/moe_joint_within/epoch_010/a0.20] [plan iscas99__b15_1] [plan] step=76 node=N899 type=observe q_typed_reliable_context=1.805075 sequence=114.326032
[b15-r8/moe_joint_within/epoch_010/a0.20] [plan iscas99__b15_1] [plan] step=77 node=N513 type=control1 q_typed_reliable_context=1.309619 sequence=115.635651
[b15-r8/moe_joint_within/epoch_010/a0.20] [plan iscas99__b15_1] [plan] step=78 node=N1539 type=control0 q_typed_reliable_context=1.255500 sequence=116.891151
[b15-r8/moe_joint_within/epoch_010/a0.20] [plan iscas99__b15_1] [plan] step=79 node=N516 type=control1 q_typed_reliable_context=1.764366 sequence=118.655518
[b15-r8/moe_joint_within/epoch_010/a0.20] [plan iscas99__b15_1] [plan] step=80 node=N7724 type=control0 q_typed_reliable_context=1.083153 sequence=119.738671
[b15-r8/moe_joint_within/epoch_010/a0.20] [plan iscas99__b15_1] [plan] step=81 node=N7471 type=control0 q_typed_reliable_context=1.151657 sequence=120.890328
[b15-r8/moe_joint_within/epoch_010/a0.20] [plan iscas99__b15_1] [plan] step=82 node=N520 type=control1 q_typed_reliable_context=1.737711 sequence=122.628039
[b15-r8/moe_joint_within/epoch_010/a0.20] [plan iscas99__b15_1] [plan] step=83 node=N5234 type=observe q_typed_reliable_context=1.064887 sequence=123.692926
[b15-r8/moe_joint_within/epoch_010/a0.20] [plan iscas99__b15_1] [plan] step=84 node=N7875 type=control1 q_typed_reliable_context=0.958544 sequence=124.651470
[b15-r8/moe_joint_within/epoch_010/a0.20] [plan iscas99__b15_1] [plan] step=85 node=N4520 type=control0 q_typed_reliable_context=0.775034 sequence=125.426504
[b15-r8/moe_joint_within/epoch_010/a0.20] [plan iscas99__b15_1] [plan] step=86 node=N7820 type=control0 q_typed_reliable_context=1.234823 sequence=126.661327
[b15-r8/moe_joint_within/epoch_010/a0.20] [plan iscas99__b15_1] [plan] step=87 node=N555 type=control1 q_typed_reliable_context=1.583228 sequence=128.244555
[b15-r8/moe_joint_within/epoch_010/a0.20] [plan iscas99__b15_1] [plan] step=88 node=N7885 type=control1 q_typed_reliable_context=1.579670 sequence=129.824225
[b15-r8/moe_joint_within/epoch_010/a0.20] [plan iscas99__b15_1] [plan] step=89 node=N7886 type=control1 q_typed_reliable_context=2.093165 sequence=131.917391
[b15-r8/moe_joint_within/epoch_010/a0.20] [plan iscas99__b15_1] [plan] step=90 node=N7887 type=control1 q_typed_reliable_context=1.757867 sequence=133.675258
[b15-r8/moe_joint_within/epoch_010/a0.20] [plan iscas99__b15_1] [plan] step=91 node=N7888 type=control1 q_typed_reliable_context=2.706808 sequence=136.382066
[b15-r8/moe_joint_within/epoch_010/a0.20] [plan iscas99__b15_1] [plan] step=92 node=N7889 type=control1 q_typed_reliable_context=1.040689 sequence=137.422755
[b15-r8/moe_joint_within/epoch_010/a0.20] [plan iscas99__b15_1] [plan] step=93 node=N7890 type=control1 q_typed_reliable_context=1.057556 sequence=138.480311
[b15-r8/moe_joint_within/epoch_010/a0.20] [plan iscas99__b15_1] [plan] step=94 node=N7891 type=control1 q_typed_reliable_context=1.195781 sequence=139.676091
[b15-r8/moe_joint_within/epoch_010/a0.20] [plan iscas99__b15_1] [plan] step=95 node=N7723 type=control0 q_typed_reliable_context=1.135109 sequence=140.811201
[b15-r8/moe_joint_within/epoch_010/a0.20] [plan iscas99__b15_1] [plan] step=96 node=N507 type=control1 q_typed_reliable_context=0.877255 sequence=141.688456
[b15-r8/moe_joint_within/epoch_010/a0.20] [plan iscas99__b15_1] [plan] step=97 node=N713 type=observe q_typed_reliable_context=3.457895 sequence=145.146352
[b15-r8/moe_joint_within/epoch_010/a0.20] [plan iscas99__b15_1] [plan] step=98 node=N3701 type=control0 q_typed_reliable_context=1.770609 sequence=146.916961
[b15-r8/moe_joint_within/epoch_010/a0.20] [plan iscas99__b15_1] [plan] step=99 node=N7541 type=control0 q_typed_reliable_context=2.672594 sequence=149.589555
[b15-r8/moe_joint_within/epoch_010/a0.20] [plan iscas99__b15_1] [plan] step=100 node=N3792 type=control0 q_typed_reliable_context=2.105735 sequence=151.695290
[b15-r8/moe_joint_within/epoch_010/a0.20] [plan iscas99__b15_1] [plan] step=101 node=N7408 type=control0 q_typed_reliable_context=2.042240 sequence=153.737530
[b15-r8/moe_joint_within/epoch_010/a0.20] [plan iscas99__b15_1] [plan] step=102 node=N3785 type=control0 q_typed_reliable_context=1.394175 sequence=155.131705
[b15-r8/moe_joint_within/epoch_010/a0.20] [plan iscas99__b15_1] [plan] step=103 node=N7725 type=control0 q_typed_reliable_context=1.474455 sequence=156.606160
[b15-r8/moe_joint_within/epoch_010/a0.20] [plan iscas99__b15_1] [plan] step=104 node=N510 type=control1 q_typed_reliable_context=1.636023 sequence=158.242183
[b15-r8/moe_joint_within/epoch_010/a0.20] [plan iscas99__b15_1] [plan] step=105 node=N7846 type=control0 q_typed_reliable_context=1.169847 sequence=159.412030
[b15-r8/moe_joint_within/epoch_010/a0.20] [plan iscas99__b15_1] [plan] step=106 node=N556 type=control1 q_typed_reliable_context=1.862655 sequence=161.274685
[b15-r8/moe_joint_within/epoch_010/a0.20] [plan iscas99__b15_1] [plan] step=107 node=N610 type=control1 q_typed_reliable_context=1.315781 sequence=162.590465
[b15-r8/moe_joint_within/epoch_010/a0.20] [plan iscas99__b15_1] [plan] step=108 node=N3682 type=control0 q_typed_reliable_context=2.399336 sequence=164.989802
[b15-r8/moe_joint_within/epoch_010/a0.20] [plan iscas99__b15_1] [plan] step=109 node=N620 type=control1 q_typed_reliable_context=2.421793 sequence=167.411595
[b15-r8/moe_joint_within/epoch_010/a0.20] [plan iscas99__b15_1] [plan] step=110 node=N4557 type=control0 q_typed_reliable_context=2.118423 sequence=169.530018
[b15-r8/moe_joint_within/epoch_010/a0.20] [plan iscas99__b15_1] [plan] step=111 node=N614 type=control1 q_typed_reliable_context=1.760870 sequence=171.290888
[b15-r8/moe_joint_within/epoch_010/a0.20] [plan iscas99__b15_1] [plan] step=112 node=N4585 type=control0 q_typed_reliable_context=2.021824 sequence=173.312711
[b15-r8/moe_joint_within/epoch_010/a0.20] [plan iscas99__b15_1] [plan] step=113 node=N634 type=control1 q_typed_reliable_context=1.742605 sequence=175.055317
[b15-r8/moe_joint_within/epoch_010/a0.20] [plan iscas99__b15_1] [plan] step=114 node=N722 type=observe q_typed_reliable_context=3.909202 sequence=178.964519
[b15-r8/moe_joint_within/epoch_010/a0.20] [plan iscas99__b15_1] [plan] step=115 node=N4564 type=control0 q_typed_reliable_context=2.074786 sequence=181.039305
[b15-r8/moe_joint_within/epoch_010/a0.20] [plan iscas99__b15_1] [plan] step=116 node=N638 type=control1 q_typed_reliable_context=2.202390 sequence=183.241694
[b15-r8/moe_joint_within/epoch_010/a0.20] [plan iscas99__b15_1] [plan] step=117 node=N3903 type=control0 q_typed_reliable_context=4.809808 sequence=188.051502
[b15-r8/moe_joint_within/epoch_010/a0.20] [plan iscas99__b15_1] [plan] step=118 node=N3896 type=control0 q_typed_reliable_context=3.475977 sequence=191.527479
[b15-r8/moe_joint_within/epoch_010/a0.20] [plan iscas99__b15_1] [plan] step=119 node=N7852 type=control0 q_typed_reliable_context=4.056504 sequence=195.583983
[b15-r8/moe_joint_within/epoch_010/a0.20] [plan iscas99__b15_1] [plan] step=120 node=N7370 type=control1 q_typed_reliable_context=1.341158 sequence=196.925141
[b15-r8/moe_joint_within/epoch_010/a0.20] [plan iscas99__b15_1] [plan] step=121 node=N7872 type=control1 q_typed_reliable_context=3.935012 sequence=200.860153
[b15-r8/moe_joint_within/epoch_010/a0.20] [plan iscas99__b15_1] [plan] step=122 node=N2580 type=control1 q_typed_reliable_context=2.372232 sequence=203.232385
[b15-r8/moe_joint_within/epoch_010/a0.20] [plan iscas99__b15_1] [plan] step=123 node=N7853 type=control0 q_typed_reliable_context=2.359332 sequence=205.591717
[b15-r8/moe_joint_within/epoch_010/a0.20] [plan iscas99__b15_1] [plan] step=124 node=N7847 type=control0 q_typed_reliable_context=1.650653 sequence=207.242370
[b15-r8/moe_joint_within/epoch_010/a0.20] [plan iscas99__b15_1] [plan] step=125 node=N645 type=control1 q_typed_reliable_context=1.708034 sequence=208.950404
[b15-r8/moe_joint_within/epoch_010/a0.20] [plan iscas99__b15_1] [plan] step=126 node=N616 type=control1 q_typed_reliable_context=2.479206 sequence=211.429610
[b15-r8/moe_joint_within/epoch_010/a0.20] [plan iscas99__b15_1] [plan] step=127 node=N636 type=control1 q_typed_reliable_context=4.127160 sequence=215.556769
[b15-r8/moe_joint_within/epoch_010/a0.20] [plan iscas99__b15_1] [plan] step=128 node=N7518 type=observe q_typed_reliable_context=3.184599 sequence=218.741369
[b15-r8/moe_joint_within/epoch_010/a0.20] [plan iscas99__b15_1] [plan] step=129 node=N2040 type=observe q_typed_reliable_context=1.697224 sequence=220.438593
[b15-r8/moe_joint_within/epoch_010/a0.20] [plan iscas99__b15_1] [plan] step=130 node=N7537 type=observe q_typed_reliable_context=1.915635 sequence=222.354227
[b15-r8/moe_joint_within/epoch_010/a0.20] [plan iscas99__b15_1] [plan] step=131 node=N7535 type=observe q_typed_reliable_context=1.904689 sequence=224.258917
[b15-r8/moe_joint_within/epoch_010/a0.20] [plan iscas99__b15_1] [plan] step=132 node=N7534 type=observe q_typed_reliable_context=1.820560 sequence=226.079477
[b15-r8/moe_joint_within/epoch_010/a0.20] [plan iscas99__b15_1] [plan] step=133 node=N7532 type=observe q_typed_reliable_context=1.673819 sequence=227.753296
[b15-r8/moe_joint_within/epoch_010/a0.20] [plan iscas99__b15_1] [plan] step=134 node=N3410 type=control1 q_typed_reliable_context=1.880392 sequence=229.633688
[b15-r8/moe_joint_within/epoch_010/a0.20] [plan iscas99__b15_1] [plan] step=135 node=N785 type=observe q_typed_reliable_context=1.892919 sequence=231.526608
[b15-r8/moe_joint_within/epoch_010/a0.20] [plan iscas99__b15_1] [plan] step=136 node=N7424 type=control1 q_typed_reliable_context=1.438699 sequence=232.965306
[b15-r8/moe_joint_within/epoch_010/a0.20] [plan iscas99__b15_1] [plan] step=137 node=N1552 type=observe q_typed_reliable_context=0.791479 sequence=233.756786
[b15-r8/moe_joint_within/epoch_010/a0.20] [plan iscas99__b15_1] [plan] step=138 node=N630 type=control1 q_typed_reliable_context=2.536834 sequence=236.293620
[b15-r8/moe_joint_within/epoch_010/a0.20] [plan iscas99__b15_1] [plan] step=139 node=N642 type=control1 q_typed_reliable_context=4.891635 sequence=241.185255
[b15-r8/moe_joint_within/epoch_010/a0.20] [plan iscas99__b15_1] [plan] step=140 node=N649 type=control1 q_typed_reliable_context=4.266843 sequence=245.452098
[b15-r8/moe_joint_within/epoch_010/a0.20] [plan iscas99__b15_1] [plan] step=141 node=N3180 type=control1 q_typed_reliable_context=2.360735 sequence=247.812834
[b15-r8/moe_joint_within/epoch_010/a0.20] [plan iscas99__b15_1] [plan] step=142 node=N5867 type=observe q_typed_reliable_context=1.829006 sequence=249.641839
[b15-r8/moe_joint_within/epoch_010/a0.20] [plan iscas99__b15_1] [plan] step=143 node=N2157 type=observe q_typed_reliable_context=3.857587 sequence=253.499426
[b15-r8/moe_joint_within/epoch_010/a0.20] [plan iscas99__b15_1] [plan] step=144 node=N3295 type=control1 q_typed_reliable_context=2.649629 sequence=256.149055
[b15-r8/moe_joint_within/epoch_010/a0.20] [plan iscas99__b15_1] [plan] step=145 node=N3525 type=control1 q_typed_reliable_context=3.379072 sequence=259.528127
[b15-r8/moe_joint_within/epoch_010/a0.20] [plan iscas99__b15_1] [plan] step=146 node=N3467 type=control1 q_typed_reliable_context=2.922457 sequence=262.450584
[b15-r8/moe_joint_within/epoch_010/a0.20] [plan iscas99__b15_1] [plan] step=147 node=N7454 type=observe q_typed_reliable_context=2.963961 sequence=265.414545
[b15-r8/moe_joint_within/epoch_010/a0.20] [plan iscas99__b15_1] [plan] step=148 node=N1586 type=control1 q_typed_reliable_context=2.677602 sequence=268.092147
[b15-r8/moe_joint_within/epoch_010/a0.20] [plan iscas99__b15_1] [plan] step=149 node=N1607 type=control1 q_typed_reliable_context=2.221734 sequence=270.313881
[b15-r8/moe_joint_within/epoch_010/a0.20] [plan iscas99__b15_1] [plan] step=150 node=N647 type=control1 q_typed_reliable_context=5.486272 sequence=275.800153
[b15-r8/moe_joint_within/epoch_010/a0.20] [plan iscas99__b15_1] [plan] step=151 node=N2102 type=observe q_typed_reliable_context=4.076571 sequence=279.876725
[b15-r8/moe_joint_within/epoch_010/a0.20] [plan iscas99__b15_1] [plan] step=152 node=N7402 type=observe q_typed_reliable_context=3.774618 sequence=283.651343
[b15-r8/moe_joint_within/epoch_010/a0.20] [plan iscas99__b15_1] [plan] step=153 node=N7482 type=observe q_typed_reliable_context=4.231843 sequence=287.883186
[b15-r8/moe_joint_within/epoch_010/a0.20] [plan iscas99__b15_1] [plan] step=154 node=N694 type=observe q_typed_reliable_context=3.996490 sequence=291.879676
[b15-r8/moe_joint_within/epoch_010/a0.20] [plan iscas99__b15_1] [plan] step=155 node=N2652 type=control1 q_typed_reliable_context=3.664722 sequence=295.544398
[b15-r8/moe_joint_within/epoch_010/a0.20] [plan iscas99__b15_1] [plan] step=156 node=N2721 type=control1 q_typed_reliable_context=3.355421 sequence=298.899819
[b15-r8/moe_joint_within/epoch_010/a0.20] [plan iscas99__b15_1] [plan] step=157 node=N7442 type=control0 q_typed_reliable_context=3.975988 sequence=302.875807
[b15-r8/moe_joint_within/epoch_010/a0.20] [plan iscas99__b15_1] [plan] step=158 node=N2894 type=control1 q_typed_reliable_context=3.429504 sequence=306.305311
[b15-r8/moe_joint_within/epoch_010/a0.20] [plan iscas99__b15_1] [plan] step=159 node=N6674 type=observe q_typed_reliable_context=2.705995 sequence=309.011307
[b15-r8/moe_joint_within/epoch_010/a0.20] [plan iscas99__b15_1] [plan] step=160 node=N4529 type=observe q_typed_reliable_context=1.903022 sequence=310.914329
[b15-r8/moe_joint_within/epoch_010/a0.20] [plan iscas99__b15_1] [plan] step=161 node=N5617 type=observe q_typed_reliable_context=2.745625 sequence=313.659954
[b15-r8/moe_joint_within/epoch_010/a0.20] [plan iscas99__b15_1] [plan] step=162 node=N7624 type=observe q_typed_reliable_context=2.222938 sequence=315.882893
[b15-r8/moe_joint_within/epoch_010/a0.20] [plan iscas99__b15_1] [plan] step=163 node=N7465 type=observe q_typed_reliable_context=2.656694 sequence=318.539587
[b15-r8/moe_joint_within/epoch_010/a0.20] [plan iscas99__b15_1] [plan] step=164 node=N6948 type=observe q_typed_reliable_context=2.392722 sequence=320.932309
[b15-r8/moe_joint_within/epoch_010/a0.20] [plan iscas99__b15_1] [plan] step=165 node=N5627 type=observe q_typed_reliable_context=2.293450 sequence=323.225759
[b15-r8/moe_joint_within/epoch_010/a0.20] [plan iscas99__b15_1] [plan] step=166 node=N2106 type=observe q_typed_reliable_context=1.430916 sequence=324.656675
[b15-r8/moe_joint_within/epoch_010/a0.20] [plan iscas99__b15_1] [plan] step=167 node=N7473 type=control0 q_typed_reliable_context=2.593010 sequence=327.249685
[b15-r8/moe_joint_within/epoch_010/a0.20] [plan iscas99__b15_1] [plan] step=168 node=N2149 type=observe q_typed_reliable_context=5.309584 sequence=332.559269
[b15-r8/moe_joint_within/epoch_010/a0.20] [plan iscas99__b15_1] [plan] step=169 node=N7385 type=observe q_typed_reliable_context=4.676769 sequence=337.236037
[b15-r8/moe_joint_within/epoch_010/a0.20] [plan iscas99__b15_1] [plan] step=170 node=N723 type=observe q_typed_reliable_context=2.006048 sequence=339.242085
[b15-r8/moe_joint_within/epoch_010/a0.20] [plan iscas99__b15_1] [plan] step=171 node=N712 type=observe q_typed_reliable_context=3.387368 sequence=342.629453
[b15-r8/moe_joint_within/epoch_010/a0.20] [plan iscas99__b15_1] [plan] step=172 node=N5877 type=observe q_typed_reliable_context=2.500287 sequence=345.129740
[b15-r8/moe_joint_within/epoch_010/a0.20] [plan iscas99__b15_1] [plan] step=173 node=N7613 type=observe q_typed_reliable_context=2.388300 sequence=347.518040
[b15-r8/moe_joint_within/epoch_010/a0.20] [plan iscas99__b15_1] [plan] step=174 node=N5740 type=observe q_typed_reliable_context=2.462557 sequence=349.980597
[b15-r8/moe_joint_within/epoch_010/a0.20] [plan iscas99__b15_1] [plan] step=175 node=N7436 type=observe q_typed_reliable_context=4.458368 sequence=354.438965
[b15-r8/moe_joint_within/epoch_010/a0.20] [plan iscas99__b15_1] [plan] step=176 node=N4521 type=observe q_typed_reliable_context=3.219873 sequence=357.658838
[b15-r8/moe_joint_within/epoch_010/a0.20] [plan iscas99__b15_1] [plan] step=177 node=N6531 type=observe q_typed_reliable_context=2.424749 sequence=360.083587
[b15-r8/moe_joint_within/epoch_010/a0.20] [plan iscas99__b15_1] [plan] step=178 node=N703 type=observe q_typed_reliable_context=4.718970 sequence=364.802557
[b15-r8/moe_joint_within/epoch_010/a0.20] [plan iscas99__b15_1] [plan] step=179 node=N7626 type=observe q_typed_reliable_context=4.729457 sequence=369.532014
[b15-r8/moe_joint_within/epoch_010/a0.20] [plan iscas99__b15_1] [plan] step=180 node=N5873 type=observe q_typed_reliable_context=2.419855 sequence=371.951869
[b15-r8/moe_joint_within/epoch_010/a0.20] [plan iscas99__b15_1] [plan] step=181 node=N725 type=observe q_typed_reliable_context=5.452278 sequence=377.404147
[b15-r8/moe_joint_within/epoch_010/a0.20] [plan iscas99__b15_1] [plan] step=182 node=N714 type=observe q_typed_reliable_context=4.700842 sequence=382.104989
[b15-r8/moe_joint_within/epoch_010/a0.20] [plan iscas99__b15_1] [plan] step=183 node=N5356 type=observe q_typed_reliable_context=3.477910 sequence=385.582899
[b15-r8/moe_joint_within/epoch_010/a0.20] [plan iscas99__b15_1] [plan] step=184 node=N7855 type=control0 q_typed_reliable_context=1.916134 sequence=387.499033
[b15-r8/moe_joint_within/epoch_010/a0.20] [plan iscas99__b15_1] [plan] step=185 node=N715 type=observe q_typed_reliable_context=2.847299 sequence=390.346332
[b15-r8/moe_joint_within/epoch_010/a0.20] [plan iscas99__b15_1] [plan] step=186 node=N7542 type=control0 q_typed_reliable_context=1.704979 sequence=392.051311
[b15-r8/moe_joint_within/epoch_010/a0.20] [plan iscas99__b15_1] [plan] step=187 node=N2952 type=control1 q_typed_reliable_context=1.434208 sequence=393.485518
[b15-r8/moe_joint_within/epoch_010/a0.20] [plan iscas99__b15_1] [plan] step=188 node=N2837 type=control1 q_typed_reliable_context=1.161580 sequence=394.647099
[b15-r8/moe_joint_within/epoch_010/a0.20] [plan iscas99__b15_1] [plan] step=189 node=N3067 type=control1 q_typed_reliable_context=1.151780 sequence=395.798879
[b15-r8/moe_joint_within/epoch_010/a0.20] [plan iscas99__b15_1] [plan] step=190 node=N8790 type=control1 q_typed_reliable_context=1.644769 sequence=397.443648
[b15-r8/moe_joint_within/epoch_010/a0.20] [plan iscas99__b15_1] [plan] step=191 node=N8240 type=control1 q_typed_reliable_context=1.575781 sequence=399.019429
[b15-r8/moe_joint_within/epoch_010/a0.20] [plan iscas99__b15_1] [plan] step=192 node=N3009 type=control1 q_typed_reliable_context=1.428846 sequence=400.448275
[b15-r8/moe_joint_within/epoch_010/a0.20] [plan iscas99__b15_1] [plan] step=193 node=N8789 type=control1 q_typed_reliable_context=1.420607 sequence=401.868882
[b15-r8/moe_joint_within/epoch_010/a0.20] [plan iscas99__b15_1] [plan] step=194 node=N8239 type=control1 q_typed_reliable_context=1.579151 sequence=403.448033
[b15-r8/moe_joint_within/epoch_010/a0.20] [plan iscas99__b15_1] [plan] step=195 node=N7401 type=observe q_typed_reliable_context=0.755609 sequence=404.203642
[b15-r8/moe_joint_within/epoch_010/a0.20] [plan iscas99__b15_1] [plan] step=196 node=N8607 type=control1 q_typed_reliable_context=1.344963 sequence=405.548605
[b15-r8/moe_joint_within/epoch_010/a0.20] [plan iscas99__b15_1] [plan] step=197 node=N7453 type=observe q_typed_reliable_context=0.841038 sequence=406.389643
[b15-r8/moe_joint_within/epoch_010/a0.20] [plan iscas99__b15_1] [plan] step=198 node=N578 type=observe q_typed_reliable_context=1.096597 sequence=407.486241
[b15-r8/moe_joint_within/epoch_010/a0.20] [plan iscas99__b15_1] [plan] step=199 node=N2779 type=control1 q_typed_reliable_context=1.131042 sequence=408.617282
[b15-r8/moe_joint_within/epoch_010/a0.20] [plan iscas99__b15_1] [plan] step=200 node=N6685 type=observe q_typed_reliable_context=0.681675 sequence=409.298957
[b15-r8/moe_joint_within/epoch_010/a0.20] [plan iscas99__b15_1] [plan] step=201 node=N5473 type=observe q_typed_reliable_context=2.021582 sequence=411.320539
[b15-r8/moe_joint_within/epoch_010/a0.20] [plan iscas99__b15_1] [plan] step=202 node=N705 type=observe q_typed_reliable_context=6.178964 sequence=417.499503
[b15-r8/moe_joint_within/epoch_010/a0.20] [plan iscas99__b15_1] [plan] step=203 node=N2181 type=observe q_typed_reliable_context=3.712270 sequence=421.211773
[b15-r8/moe_joint_within/epoch_010/a0.20] [plan iscas99__b15_1] [plan] step=204 node=N4505 type=observe q_typed_reliable_context=3.323177 sequence=424.534951
[b15-r8/moe_joint_within/epoch_010/a0.20] [plan iscas99__b15_1] [plan] step=205 node=N5456 type=observe q_typed_reliable_context=5.243051 sequence=429.778002
[b15-r8/moe_joint_within/epoch_010/a0.20] [plan iscas99__b15_1] [plan] step=206 node=N706 type=observe q_typed_reliable_context=6.503696 sequence=436.281699
[b15-r8/moe_joint_within/epoch_010/a0.20] [plan iscas99__b15_1] [plan] step=207 node=N6573 type=observe q_typed_reliable_context=5.214536 sequence=441.496235
[b15-r8/moe_joint_within/epoch_010/a0.20] [plan iscas99__b15_1] [plan] step=208 node=N652 type=control1 q_typed_reliable_context=3.871574 sequence=445.367809
[b15-r8/moe_joint_within/epoch_010/a0.20] [plan iscas99__b15_1] [plan] step=209 node=N8238 type=control1 q_typed_reliable_context=6.057481 sequence=451.425291
[b15-r8/moe_joint_within/epoch_010/a0.20] [plan iscas99__b15_1] [plan] step=210 node=N5879 type=observe q_typed_reliable_context=4.258785 sequence=455.684075
[b15-r8/moe_joint_within/epoch_010/a0.20] [plan iscas99__b15_1] [plan] step=211 node=N5725 type=observe q_typed_reliable_context=4.700729 sequence=460.384804
[b15-r8/moe_joint_within/epoch_010/a0.20] [plan iscas99__b15_1] [plan] step=212 node=N7439 type=observe q_typed_reliable_context=2.612645 sequence=462.997449
[b15-r8/moe_joint_within/epoch_010/a0.20] [plan iscas99__b15_1] [plan] step=213 node=N679 type=observe q_typed_reliable_context=2.610826 sequence=465.608275
[b15-r8/moe_joint_within/epoch_010/a0.20] [plan iscas99__b15_1] [plan] step=214 node=N5439 type=observe q_typed_reliable_context=4.387569 sequence=469.995844
[b15-r8/moe_joint_within/epoch_010/a0.20] [plan iscas99__b15_1] [plan] step=215 node=N6581 type=observe q_typed_reliable_context=6.437337 sequence=476.433181
[b15-r8/moe_joint_within/epoch_010/a0.20] [plan iscas99__b15_1] [plan] step=216 node=N5422 type=observe q_typed_reliable_context=5.049324 sequence=481.482504
[b15-r8/moe_joint_within/epoch_010/a0.20] [plan iscas99__b15_1] [plan] step=217 node=N8606 type=control1 q_typed_reliable_context=5.811893 sequence=487.294398
[b15-r8/moe_joint_within/epoch_010/a0.20] [plan iscas99__b15_1] [plan] step=218 node=N8237 type=control1 q_typed_reliable_context=5.865545 sequence=493.159942
[b15-r8/moe_joint_within/epoch_010/a0.20] [plan iscas99__b15_1] [plan] step=219 node=N7405 type=observe q_typed_reliable_context=3.302641 sequence=496.462583
[b15-r8/moe_joint_within/epoch_010/a0.20] [plan iscas99__b15_1] [plan] step=220 node=N4497 type=observe q_typed_reliable_context=3.701603 sequence=500.164186
[b15-r8/moe_joint_within/epoch_010/a0.20] [plan iscas99__b15_1] [plan] step=221 node=N7550 type=observe q_typed_reliable_context=3.640850 sequence=503.805037
[b15-r8/moe_joint_within/epoch_010/a0.20] [plan iscas99__b15_1] [plan] step=222 node=N902 type=control1 q_typed_reliable_context=6.305661 sequence=510.110697
[b15-r8/moe_joint_within/epoch_010/a0.20] [plan iscas99__b15_1] [plan] step=223 node=N8605 type=control1 q_typed_reliable_context=5.690536 sequence=515.801233
[b15-r8/moe_joint_within/epoch_010/a0.20] [plan iscas99__b15_1] [plan] step=224 node=N2151 type=observe q_typed_reliable_context=5.677132 sequence=521.478365
[b15-r8/moe_joint_within/epoch_010/a0.20] [plan iscas99__b15_1] [plan] step=225 node=N5390 type=observe q_typed_reliable_context=5.821240 sequence=527.299605
[b15-r8/moe_joint_within/epoch_010/a0.20] [plan iscas99__b15_1] [plan] step=226 node=N5334 type=observe q_typed_reliable_context=5.344901 sequence=532.644507
[b15-r8/moe_joint_within/epoch_010/a0.20] [plan iscas99__b15_1] [plan] step=227 node=N6660 type=observe q_typed_reliable_context=5.737491 sequence=538.381997
[b15-r8/moe_joint_within/epoch_010/a0.20] [plan iscas99__b15_1] [plan] step=228 node=N5373 type=observe q_typed_reliable_context=2.054110 sequence=540.436107
[b15-r8/moe_joint_within/epoch_010/a0.20] [plan iscas99__b15_1] [plan] step=229 node=N1874 type=observe q_typed_reliable_context=5.835560 sequence=546.271667
[b15-r8/moe_joint_within/epoch_010/a0.20] [plan iscas99__b15_1] [plan] step=230 node=N5202 type=observe q_typed_reliable_context=3.090911 sequence=549.362578
[b15-r8/moe_joint_within/epoch_010/a0.20] [plan iscas99__b15_1] [plan] step=231 node=N8236 type=control1 q_typed_reliable_context=4.327164 sequence=553.689741
[b15-r8/moe_joint_within/epoch_010/a0.20] [plan iscas99__b15_1] [plan] step=232 node=N7383 type=observe q_typed_reliable_context=2.404713 sequence=556.094454
[b15-r8/moe_joint_within/epoch_010/a0.20] [plan iscas99__b15_1] [plan] step=233 node=N515 type=control1 q_typed_reliable_context=3.512027 sequence=559.606481
[b15-r8/moe_joint_within/epoch_010/a0.20] [plan iscas99__b15_1] [plan] step=234 node=N4513 type=observe q_typed_reliable_context=3.665833 sequence=563.272314
[b15-r8/moe_joint_within/epoch_010/a0.20] [plan iscas99__b15_1] [plan] step=235 node=N719 type=observe q_typed_reliable_context=6.388455 sequence=569.660769
[b15-r8/moe_joint_within/epoch_010/a0.20] [plan iscas99__b15_1] [plan] step=236 node=N699 type=observe q_typed_reliable_context=6.179825 sequence=575.840594
[b15-r8/moe_joint_within/epoch_010/a0.20] [plan iscas99__b15_1] [plan] step=237 node=N4460 type=control0 q_typed_reliable_context=4.507413 sequence=580.348007
[b15-r8/moe_joint_within/epoch_010/a0.20] [plan iscas99__b15_1] [plan] step=238 node=N6682 type=observe q_typed_reliable_context=5.961862 sequence=586.309870
[b15-r8/moe_joint_within/epoch_010/a0.20] [plan iscas99__b15_1] [plan] step=239 node=N708 type=observe q_typed_reliable_context=5.546958 sequence=591.856828
[b15-r8/moe_joint_within/epoch_010/a0.20] [plan iscas99__b15_1] [plan] step=240 node=N734 type=observe q_typed_reliable_context=5.550476 sequence=597.407303
[b15-r8/moe_joint_within/epoch_010/a0.20] [plan iscas99__b15_1] [plan] step=241 node=N2159 type=observe q_typed_reliable_context=6.001434 sequence=603.408737
[b15-r8/moe_joint_within/epoch_010/a0.20] [plan iscas99__b15_1] [plan] step=242 node=N6932 type=observe q_typed_reliable_context=2.117305 sequence=605.526042
[b15-r8/moe_joint_within/epoch_010/a0.20] [plan iscas99__b15_1] [plan] step=243 node=N7380 type=observe q_typed_reliable_context=4.555376 sequence=610.081419
[b15-r8/moe_joint_within/epoch_010/a0.20] [plan iscas99__b15_1] [plan] step=244 node=N4421 type=control0 q_typed_reliable_context=3.585447 sequence=613.666866
[b15-r8/moe_joint_within/epoch_010/a0.20] [plan iscas99__b15_1] [plan] step=245 node=N4489 type=observe q_typed_reliable_context=6.197183 sequence=619.864049
[b15-r8/moe_joint_within/epoch_010/a0.20] [plan iscas99__b15_1] [plan] step=246 node=N6658 type=observe q_typed_reliable_context=6.074529 sequence=625.938578
[b15-r8/moe_joint_within/epoch_010/a0.20] [plan iscas99__b15_1] [plan] step=247 node=N1351 type=observe q_typed_reliable_context=2.297920 sequence=628.236498
[b15-r8/moe_joint_within/epoch_010/a0.20] [plan iscas99__b15_1] [plan] step=248 node=N765 type=observe q_typed_reliable_context=1.759221 sequence=629.995719
[b15-r8/moe_joint_within/epoch_010/a0.20] [plan iscas99__b15_1] [plan] step=249 node=N686 type=observe q_typed_reliable_context=5.023258 sequence=635.018977
[b15-r8/moe_joint_within/epoch_010/a0.20] [plan iscas99__b15_1] [plan] step=250 node=N729 type=observe q_typed_reliable_context=4.831654 sequence=639.850631
[b15-r8/moe_joint_within/epoch_010/a0.20] [plan iscas99__b15_1] [plan] step=251 node=N7381 type=observe q_typed_reliable_context=4.964816 sequence=644.815446
[b15-r8/moe_joint_within/epoch_010/a0.20] [plan iscas99__b15_1] [plan] step=252 node=N1951 type=observe q_typed_reliable_context=0.964403 sequence=645.779850
[b15-r8/moe_joint_within/epoch_010/a0.20] [plan iscas99__b15_1] [plan] step=253 node=N684 type=observe q_typed_reliable_context=5.666492 sequence=651.446342
[b15-r8/moe_joint_within/epoch_010/a0.20] [plan iscas99__b15_1] [plan] step=254 node=N1598 type=observe q_typed_reliable_context=4.080000 sequence=655.526342
[b15-r8/moe_joint_within/epoch_010/a0.20] [plan iscas99__b15_1] [plan] step=255 node=N7472 type=control0 q_typed_reliable_context=5.665182 sequence=661.191524
[b15-r8/moe_joint_within/epoch_010/a0.20] [plan iscas99__b15_1] [plan] step=256 node=N8235 type=control1 q_typed_reliable_context=6.339935 sequence=667.531458
[b15-r8/moe_joint_within/epoch_010/a0.20] [plan iscas99__b15_1] [plan] step=257 node=N1688 type=observe q_typed_reliable_context=1.735027 sequence=669.266485
[b15-r8/moe_joint_within/epoch_010/a0.20] [plan iscas99__b15_1] [plan] step=258 node=N4532 type=control0 q_typed_reliable_context=5.538782 sequence=674.805267
[b15-r8/moe_joint_within/epoch_010/a0.20] [plan iscas99__b15_1] [plan] step=259 node=N541 type=observe q_typed_reliable_context=5.875973 sequence=680.681239
[b15-r8/moe_joint_within/epoch_010/a0.20] [plan iscas99__b15_1] [plan] step=260 node=N6688 type=observe q_typed_reliable_context=5.521338 sequence=686.202577
[b15-r8/moe_joint_within/epoch_010/a0.20] [plan iscas99__b15_1] [plan] step=261 node=N6538 type=observe q_typed_reliable_context=6.292365 sequence=692.494942
[b15-r8/moe_joint_within/epoch_010/a0.20] [plan iscas99__b15_1] [plan] step=262 node=N8234 type=control1 q_typed_reliable_context=6.487763 sequence=698.982706
[b15-r8/moe_joint_within/epoch_010/a0.20] [plan iscas99__b15_1] [plan] step=263 node=N6678 type=observe q_typed_reliable_context=1.272223 sequence=700.254928
[b15-r8/moe_joint_within/epoch_010/a0.20] [plan iscas99__b15_1] [plan] step=264 node=N4537 type=observe q_typed_reliable_context=5.829889 sequence=706.084817
[b15-r8/moe_joint_within/epoch_010/a0.20] [plan iscas99__b15_1] [plan] step=265 node=N689 type=observe q_typed_reliable_context=6.135780 sequence=712.220597
[b15-r8/moe_joint_within/epoch_010/a0.20] [plan iscas99__b15_1] [plan] step=266 node=N898 type=observe q_typed_reliable_context=0.916815 sequence=713.137413
[b15-r8/moe_joint_within/epoch_010/a0.20] [plan iscas99__b15_1] [plan] step=267 node=N545 type=observe q_typed_reliable_context=3.440979 sequence=716.578391
[b15-r8/moe_joint_within/epoch_010/a0.20] [plan iscas99__b15_1] [plan] step=268 node=N2243 type=observe q_typed_reliable_context=6.513913 sequence=723.092304
[b15-r8/moe_joint_within/epoch_010/a0.20] [plan iscas99__b15_1] [plan] step=269 node=N8783 type=control1 q_typed_reliable_context=0.867860 sequence=723.960164
[b15-r8/moe_joint_within/epoch_010/a0.20] [plan iscas99__b15_1] [plan] step=270 node=N8233 type=control1 q_typed_reliable_context=4.743288 sequence=728.703452
[b15-r8/moe_joint_within/epoch_010/a0.20] [plan iscas99__b15_1] [plan] step=271 node=N7433 type=observe q_typed_reliable_context=2.542782 sequence=731.246235
[b15-r8/moe_joint_within/epoch_010/a0.20] [plan iscas99__b15_1] [plan] step=272 node=N695 type=observe q_typed_reliable_context=2.742258 sequence=733.988493
[b15-r8/moe_joint_within/epoch_010/a0.20] [plan iscas99__b15_1] [plan] step=273 node=N7802 type=observe q_typed_reliable_context=3.458530 sequence=737.447022
[b15-r8/moe_joint_within/epoch_010/a0.20] [plan iscas99__b15_1] [plan] step=274 node=N7463 type=observe q_typed_reliable_context=1.912542 sequence=739.359565
[b15-r8/moe_joint_within/epoch_010/a0.20] [plan iscas99__b15_1] [plan] step=275 node=N2271 type=observe q_typed_reliable_context=6.662253 sequence=746.021818
[b15-r8/moe_joint_within/epoch_010/a0.20] [plan iscas99__b15_1] [plan] step=276 node=N4544 type=observe q_typed_reliable_context=5.375683 sequence=751.397501
[b15-r8/moe_joint_within/epoch_010/a0.20] [plan iscas99__b15_1] [plan] step=277 node=N696 type=observe q_typed_reliable_context=3.351062 sequence=754.748563
[b15-r8/moe_joint_within/epoch_010/a0.20] [plan iscas99__b15_1] [plan] step=278 node=N2259 type=observe q_typed_reliable_context=5.084415 sequence=759.832978
[b15-r8/moe_joint_within/epoch_010/a0.20] [plan iscas99__b15_1] saved=autoresearch/loop-260720-0945/model_training_round8/b15_selection/moe_joint_within/epoch_010/q_typed_reliable_context/alpha_0p20_weight_0p75/plans/iscas99__b15_1__greedy__cumulative__q_typed_reliable_context__bw1__d1__c64__g1p0__candhard_fault_cluster__div0p0__s0.csv
[b15-r8/moe_joint_within/epoch_010/a0.20] [gmean] 2026-07-21T15:29:23 [1/1] plan_done benchmark=iscas99__b15_1 plan_sec=211.414 plan_csv=autoresearch/loop-260720-0945/model_training_round8/b15_selection/moe_joint_within/epoch_010/q_typed_reliable_context/alpha_0p20_weight_0p75/plans/iscas99__b15_1__greedy__cumulative__q_typed_reliable_context__bw1__d1__c64__g1p0__candhard_fault_cluster__div0p0__s0.csv
[b15-r8/moe_joint_within/epoch_010/a0.20] [gmean] 2026-07-21T15:29:23 [1/1] eval_start benchmark=iscas99__b15_1 backend=atalanta-bist patterns=300000
[b15-r8/moe_joint_within/epoch_010/a0.20] [eval iscas99__b15_1] {
[b15-r8/moe_joint_within/epoch_010/a0.20] [eval iscas99__b15_1]   "records": 2,
[b15-r8/moe_joint_within/epoch_010/a0.20] [eval iscas99__b15_1]   "labels_csv": "autoresearch/loop-260720-0945/model_training_round8/b15_selection/moe_joint_within/epoch_010/q_typed_reliable_context/alpha_0p20_weight_0p75/evals/iscas99__b15_1__greedy__cumulative__q_typed_reliable_context__bw1__d1__c64__g1p0__candhard_fault_cluster__div0p0__s0/labels.csv",
[b15-r8/moe_joint_within/epoch_010/a0.20] [eval iscas99__b15_1]   "summary_json": "autoresearch/loop-260720-0945/model_training_round8/b15_selection/moe_joint_within/epoch_010/q_typed_reliable_context/alpha_0p20_weight_0p75/evals/iscas99__b15_1__greedy__cumulative__q_typed_reliable_context__bw1__d1__c64__g1p0__candhard_fault_cluster__div0p0__s0/summary.json"
[b15-r8/moe_joint_within/epoch_010/a0.20] [eval iscas99__b15_1] }
[b15-r8/moe_joint_within/epoch_010/a0.20] [gmean] 2026-07-21T15:29:30 [1/1] eval_done benchmark=iscas99__b15_1 delta_tc=0.12680999999999998 plan_sec=211.414 eval_sec=6.354 total_sec=217.777
[b15-r8/moe_joint_within/epoch_010/a0.20] [gmean] 2026-07-21T15:29:30 variant_done id=greedy__cumulative__q_typed_reliable_context__bw1__d1__c64__g1p0__candhard_fault_cluster__div0p0__s0 status=ok macro=0.12680999999999998 positives=1 negatives=0 elapsed=217.778
