new_n83284_->__tpi_cp_2_new_n83284_ /0 undetected
new_n83284_->new_n83284__PO /0 undetected
ys__n17526->ys__n17526_PO /0 undetected
new_n50740_->new_n50740__PO /0 undetected
new_n50723_->new_n50723__PO /0 undetected
new_n50722_->new_n50722__PO /0 undetected
new_n83284_ /0 undetected
ys__n17526->__tpi_cp_3_ys__n17526 /0 undetected
ys__n17526 /0 undetected
new_n50734_ /1 undetected
new_n50732_ /1 undetected
new_n50730_ /1 undetected
__buf_split_15409 /1 undetected
__buf_split_15408 /1 undetected
__buf_split_15410 /1 undetected
__buf_split_13992 /1 undetected
new_n48566_ /1 undetected
new_n50740_->__tpi_cp_4_new_n50740_ /0 undetected
new_n50723_ /0 undetected
__buf_split_15400 /1 undetected
new_n50740_ /0 undetected
new_n50738_ /1 undetected
new_n50737_ /1 undetected
__buf_split_15417 /1 undetected
new_n50722_ /0 undetected
test_en->__tpi_cp_0_new_n50721_ /0 undetected
new_n50721_ /0 undetected
new_n50720_ /1 undetected
new_n50719_ /1 undetected
new_n50718_ /1 undetected
__buf_split_15395 /1 undetected
__buf_split_15394 /1 undetected
__buf_split_15396 /1 undetected
__buf_split_15397 /1 undetected
__buf_split_15398 /1 undetected
new_n48572_ /1 undetected
new_n48571_ /1 undetected
__buf_split_13988 /1 undetected
__buf_split_13987 /1 undetected
__buf_split_13989 /1 undetected
__buf_split_13990 /1 undetected
__tpi_not_test_en->__tpi_cp_5_new_n47866_ /1 undetected
