[plan] torch_deterministic=true
[plan] candidate_allowlist=autoresearch/original-netlist-recovery-260712/exact_itc99/b15_C/exact_candidate_nodes.txt nodes=7918
[plan] latent_norm_clip_ratio=4 latent_norm_limit=30.875631
[plan] step=1 node=N677 type=control1 q_typed_residual_context=5.211045 sequence=5.211045
[plan] step=2 node=N2155 type=observe q_typed_residual_context=4.735124 sequence=9.946169
[plan] step=3 node=N502 type=control1 q_typed_residual_context=2.067872 sequence=12.014041
[plan] step=4 node=N762 type=control1 q_typed_residual_context=1.775062 sequence=13.789102
[plan] step=5 node=N3756 type=control0 q_typed_residual_context=1.188824 sequence=14.977926
[plan] step=6 node=N3644 type=control0 q_typed_residual_context=1.338165 sequence=16.316091
[plan] step=7 node=N557 type=control1 q_typed_residual_context=0.987341 sequence=17.303432
[plan] step=8 node=N5143 type=observe q_typed_residual_context=1.059703 sequence=18.363135
[plan] step=9 node=N507 type=control1 q_typed_residual_context=1.147922 sequence=19.511057
[plan] step=10 node=N3742 type=control0 q_typed_residual_context=1.156749 sequence=20.667805
[plan] step=11 node=N564 type=control1 q_typed_residual_context=2.502171 sequence=23.169976
[plan] step=12 node=N5723 type=control0 q_typed_residual_context=1.199189 sequence=24.369166
[plan] step=13 node=N5203 type=control1 q_typed_residual_context=1.248889 sequence=25.618054
[plan] step=14 node=N2083 type=observe q_typed_residual_context=1.469378 sequence=27.087432
[plan] step=15 node=N3605 type=observe q_typed_residual_context=2.681732 sequence=29.769164
[plan] step=16 node=N2082 type=observe q_typed_residual_context=2.621017 sequence=32.390181
[plan] step=17 node=N1853 type=observe q_typed_residual_context=2.436332 sequence=34.826513
[plan] step=18 node=N737 type=control1 q_typed_residual_context=3.716134 sequence=38.542647
[plan] step=19 node=N1564 type=control1 q_typed_residual_context=2.618511 sequence=41.161158
[plan] step=20 node=N2101 type=observe q_typed_residual_context=5.829117 sequence=46.990275
[plan] step=21 node=N496 type=control1 q_typed_residual_context=3.223289 sequence=50.213563
[plan] step=22 node=N7516 type=observe q_typed_residual_context=2.644590 sequence=52.858153
[plan] step=23 node=N582 type=control1 q_typed_residual_context=5.775313 sequence=58.633467
[plan] step=24 node=N580 type=control1 q_typed_residual_context=2.132844 sequence=60.766311
[plan] step=25 node=N5234 type=observe q_typed_residual_context=1.156240 sequence=61.922551
[plan] step=26 node=N7511 type=control1 q_typed_residual_context=4.168758 sequence=66.091309
[plan] step=27 node=N766 type=control1 q_typed_residual_context=6.890919 sequence=72.982227
[plan] step=28 node=N1437 type=control1 q_typed_residual_context=3.959897 sequence=76.942125
[plan] step=29 node=N1372 type=observe q_typed_residual_context=1.960676 sequence=78.902800
[plan] step=30 node=N583 type=control1 q_typed_residual_context=4.324246 sequence=83.227046
[plan] step=31 node=N2044 type=observe q_typed_residual_context=1.232703 sequence=84.459749
[plan] step=32 node=N4635 type=control0 q_typed_residual_context=6.177227 sequence=90.636976
[plan] step=33 node=N2042 type=observe q_typed_residual_context=3.280337 sequence=93.917313
[plan] step=34 node=N2040 type=observe q_typed_residual_context=4.507123 sequence=98.424436
[plan] step=35 node=N1532 type=observe q_typed_residual_context=4.236852 sequence=102.661288
[plan] step=36 node=N7891 type=control1 q_typed_residual_context=3.362124 sequence=106.023412
[plan] step=37 node=N4564 type=control0 q_typed_residual_context=0.817544 sequence=106.840957
[plan] step=38 node=N4649 type=control0 q_typed_residual_context=4.772514 sequence=111.613470
[plan] step=39 node=N7587 type=control1 q_typed_residual_context=1.132901 sequence=112.746371
[plan] step=40 node=N7881 type=control1 q_typed_residual_context=5.241221 sequence=117.987593
[plan] step=41 node=N7882 type=control1 q_typed_residual_context=2.007440 sequence=119.995033
[plan] step=42 node=N7883 type=control1 q_typed_residual_context=1.886219 sequence=121.881252
[plan] step=43 node=N3903 type=control0 q_typed_residual_context=0.968289 sequence=122.849540
[plan] step=44 node=N4656 type=control0 q_typed_residual_context=2.541201 sequence=125.390741
[plan] step=45 node=N713 type=observe q_typed_residual_context=1.925351 sequence=127.316092
[plan] step=46 node=N4663 type=control0 q_typed_residual_context=2.436547 sequence=129.752639
[plan] step=47 node=N724 type=observe q_typed_residual_context=2.476880 sequence=132.229518
[plan] step=48 node=N7885 type=control1 q_typed_residual_context=1.745796 sequence=133.975315
[plan] step=49 node=N7886 type=control1 q_typed_residual_context=1.191832 sequence=135.167146
[plan] step=50 node=N3896 type=control0 q_typed_residual_context=1.051513 sequence=136.218659
[plan] step=51 node=N4585 type=control0 q_typed_residual_context=1.033603 sequence=137.252262
[plan] step=52 node=N4677 type=control0 q_typed_residual_context=1.832002 sequence=139.084264
[plan] step=53 node=N4670 type=control0 q_typed_residual_context=1.874814 sequence=140.959077
[plan] step=54 node=N4684 type=control0 q_typed_residual_context=1.518776 sequence=142.477853
[plan] step=55 node=N704 type=observe q_typed_residual_context=1.494214 sequence=143.972068
[plan] step=56 node=N3889 type=control0 q_typed_residual_context=1.143776 sequence=145.115844
[plan] step=57 node=N4691 type=control0 q_typed_residual_context=1.523332 sequence=146.639176
[plan] step=58 node=N3882 type=control0 q_typed_residual_context=1.104701 sequence=147.743877
[plan] step=59 node=N4698 type=control0 q_typed_residual_context=1.368536 sequence=149.112413
[plan] step=60 node=N3805 type=control0 q_typed_residual_context=1.158168 sequence=150.270581
[plan] step=61 node=N4705 type=control0 q_typed_residual_context=1.394558 sequence=151.665139
[plan] step=62 node=N4712 type=control0 q_typed_residual_context=1.238095 sequence=152.903235
[plan] step=63 node=N4557 type=control0 q_typed_residual_context=1.050293 sequence=153.953528
[plan] step=64 node=N4716 type=control0 q_typed_residual_context=1.105236 sequence=155.058764
[plan] step=65 node=N4578 type=control0 q_typed_residual_context=1.006434 sequence=156.065198
[plan] step=66 node=N3911 type=control0 q_typed_residual_context=1.123609 sequence=157.188806
[plan] step=67 node=N3862 type=control0 q_typed_residual_context=1.258742 sequence=158.447548
[plan] step=68 node=N3855 type=control0 q_typed_residual_context=1.375896 sequence=159.823444
[plan] step=69 node=N3848 type=control0 q_typed_residual_context=1.452809 sequence=161.276254
[plan] step=70 node=N3827 type=control0 q_typed_residual_context=1.571393 sequence=162.847646
[plan] step=71 node=N4606 type=control0 q_typed_residual_context=1.603333 sequence=164.450979
[plan] step=72 node=N3701 type=control0 q_typed_residual_context=1.422226 sequence=165.873205
[plan] step=73 node=N7471 type=control0 q_typed_residual_context=1.183732 sequence=167.056936
[plan] step=74 node=N3722 type=control0 q_typed_residual_context=1.437804 sequence=168.494741
[plan] step=75 node=N1539 type=control0 q_typed_residual_context=1.152416 sequence=169.647157
[plan] step=76 node=N7724 type=control0 q_typed_residual_context=1.214947 sequence=170.862104
[plan] step=77 node=N7722 type=control0 q_typed_residual_context=1.369865 sequence=172.231969
[plan] step=78 node=N3904 type=control0 q_typed_residual_context=1.752782 sequence=173.984751
[plan] step=79 node=N722 type=observe q_typed_residual_context=2.071328 sequence=176.056079
[plan] step=80 node=N3897 type=control0 q_typed_residual_context=2.417787 sequence=178.473866
[plan] step=81 node=N3841 type=control0 q_typed_residual_context=1.745974 sequence=180.219840
[plan] step=82 node=N7370 type=control1 q_typed_residual_context=1.351755 sequence=181.571595
[plan] step=83 node=N519 type=control1 q_typed_residual_context=2.197124 sequence=183.768719
[plan] step=84 node=N1411 type=control0 q_typed_residual_context=1.697383 sequence=185.466102
[plan] step=85 node=N3820 type=control0 q_typed_residual_context=1.622593 sequence=187.088695
[plan] step=86 node=N7723 type=control0 q_typed_residual_context=1.788228 sequence=188.876923
[plan] step=87 node=N7725 type=control0 q_typed_residual_context=1.623557 sequence=190.500480
[plan] step=88 node=N504 type=control1 q_typed_residual_context=1.731972 sequence=192.232452
[plan] step=89 node=N513 type=control1 q_typed_residual_context=1.847536 sequence=194.079988
[plan] step=90 node=N7820 type=control0 q_typed_residual_context=1.418568 sequence=195.498557
[plan] step=91 node=N7887 type=control1 q_typed_residual_context=1.171221 sequence=196.669777
[plan] step=92 node=N7888 type=control1 q_typed_residual_context=1.560619 sequence=198.230396
[plan] step=93 node=N7889 type=control1 q_typed_residual_context=1.737950 sequence=199.968346
[plan] step=94 node=N7890 type=control1 q_typed_residual_context=1.556615 sequence=201.524961
[plan] step=95 node=N7846 type=control0 q_typed_residual_context=3.028561 sequence=204.553522
[plan] step=96 node=N7408 type=control0 q_typed_residual_context=1.702914 sequence=206.256437
[plan] step=97 node=N7541 type=control0 q_typed_residual_context=1.448434 sequence=207.704871
[plan] step=98 node=N516 type=control1 q_typed_residual_context=1.672281 sequence=209.377152
[plan] step=99 node=N7884 type=control1 q_typed_residual_context=1.583630 sequence=210.960782
[plan] step=100 node=N7847 type=control0 q_typed_residual_context=1.072603 sequence=212.033385
[plan] step=101 node=N520 type=control1 q_typed_residual_context=0.809927 sequence=212.843312
[plan] step=102 node=N3813 type=control0 q_typed_residual_context=0.945776 sequence=213.789088
[plan] step=103 node=N1533 type=control1 q_typed_residual_context=1.309363 sequence=215.098451
[plan] step=104 node=N3799 type=control0 q_typed_residual_context=2.241582 sequence=217.340033
[plan] step=105 node=N3681 type=control0 q_typed_residual_context=3.055063 sequence=220.395097
[plan] step=106 node=N3792 type=control0 q_typed_residual_context=4.655389 sequence=225.050486
[plan] step=107 node=N3785 type=control0 q_typed_residual_context=4.946805 sequence=229.997291
[plan] step=108 node=N4520 type=control0 q_typed_residual_context=7.305827 sequence=237.303117
[plan] step=109 node=N7854 type=control0 q_typed_residual_context=3.326686 sequence=240.629803
[plan] step=110 node=N556 type=control1 q_typed_residual_context=2.432397 sequence=243.062200
[plan] step=111 node=N555 type=control1 q_typed_residual_context=4.533659 sequence=247.595858
[plan] step=112 node=N7852 type=control0 q_typed_residual_context=1.775418 sequence=249.371276
[plan] step=113 node=N7411 type=control1 q_typed_residual_context=2.295150 sequence=251.666426
[plan] step=114 node=N614 type=control1 q_typed_residual_context=4.496983 sequence=256.163409
[plan] step=115 node=N2580 type=control1 q_typed_residual_context=5.857964 sequence=262.021374
[plan] step=116 node=N634 type=control1 q_typed_residual_context=4.627714 sequence=266.649087
[plan] step=117 node=N3180 type=control1 q_typed_residual_context=6.106970 sequence=272.756057
[plan] step=118 node=N578 type=observe q_typed_residual_context=5.804821 sequence=278.560879
[plan] step=119 node=N7721 type=control0 q_typed_residual_context=3.165383 sequence=281.726262
[plan] step=120 node=N610 type=control1 q_typed_residual_context=3.407758 sequence=285.134020
[plan] step=121 node=N620 type=control1 q_typed_residual_context=5.897941 sequence=291.031961
[plan] step=122 node=N3410 type=control1 q_typed_residual_context=5.802641 sequence=296.834602
[plan] step=123 node=N638 type=control1 q_typed_residual_context=5.660250 sequence=302.494852
[plan] step=124 node=N7853 type=control0 q_typed_residual_context=6.018662 sequence=308.513514
[plan] step=125 node=N5603 type=observe q_typed_residual_context=1.227512 sequence=309.741026
[plan] step=126 node=N5046 type=observe q_typed_residual_context=1.665698 sequence=311.406724
[plan] step=127 node=N7614 type=observe q_typed_residual_context=0.520582 sequence=311.927307
[plan] step=128 node=N5877 type=observe q_typed_residual_context=4.585631 sequence=316.512937
[plan] step=129 node=N5867 type=observe q_typed_residual_context=0.621568 sequence=317.134505
[plan] step=130 node=N5874 type=observe q_typed_residual_context=2.080404 sequence=319.214910
[plan] step=131 node=N7679 type=observe q_typed_residual_context=1.959856 sequence=321.174766
[plan] step=132 node=N6538 type=observe q_typed_residual_context=0.592788 sequence=321.767554
[plan] step=133 node=N7385 type=observe q_typed_residual_context=1.863618 sequence=323.631172
[plan] step=134 node=N725 type=observe q_typed_residual_context=1.350920 sequence=324.982092
[plan] step=135 node=N2149 type=observe q_typed_residual_context=1.977060 sequence=326.959151
[plan] step=136 node=N6531 type=observe q_typed_residual_context=3.287770 sequence=330.246921
[plan] step=137 node=N645 type=control1 q_typed_residual_context=3.119916 sequence=333.366837
[plan] step=138 node=N616 type=control1 q_typed_residual_context=5.042563 sequence=338.409400
[plan] step=139 node=N723 type=observe q_typed_residual_context=5.821956 sequence=344.231355
[plan] step=140 node=N636 type=control1 q_typed_residual_context=6.004934 sequence=350.236290
[plan] step=141 node=N7401 type=observe q_typed_residual_context=6.104303 sequence=356.340592
[plan] step=142 node=N694 type=observe q_typed_residual_context=5.794274 sequence=362.134866
[plan] step=143 node=N2106 type=observe q_typed_residual_context=3.804701 sequence=365.939567
[plan] step=144 node=N2157 type=observe q_typed_residual_context=5.988711 sequence=371.928278
[plan] step=145 node=N5878 type=observe q_typed_residual_context=5.151643 sequence=377.079921
[plan] step=146 node=N7627 type=observe q_typed_residual_context=2.479313 sequence=379.559234
[plan] step=147 node=N7402 type=observe q_typed_residual_context=1.689932 sequence=381.249166
[plan] step=148 node=N2102 type=observe q_typed_residual_context=2.779439 sequence=384.028605
[plan] step=149 node=N7424 type=control1 q_typed_residual_context=0.977551 sequence=385.006156
[plan] step=150 node=N771 type=observe q_typed_residual_context=0.638471 sequence=385.644627
[plan] step=151 node=N3295 type=control1 q_typed_residual_context=0.893376 sequence=386.538002
[plan] step=152 node=N6674 type=observe q_typed_residual_context=1.033630 sequence=387.571633
[plan] step=153 node=N715 type=observe q_typed_residual_context=0.943479 sequence=388.515112
[plan] step=154 node=N5356 type=observe q_typed_residual_context=1.813256 sequence=390.328368
[plan] step=155 node=N703 type=observe q_typed_residual_context=1.854663 sequence=392.183031
[plan] step=156 node=N7436 type=observe q_typed_residual_context=1.919899 sequence=394.102930
[plan] step=157 node=N630 type=control1 q_typed_residual_context=1.132157 sequence=395.235087
[plan] step=158 node=N5473 type=observe q_typed_residual_context=1.477402 sequence=396.712489
[plan] step=159 node=N714 type=observe q_typed_residual_context=2.134898 sequence=398.847387
[plan] step=160 node=N642 type=control1 q_typed_residual_context=1.768683 sequence=400.616070
[plan] step=161 node=N649 type=control1 q_typed_residual_context=2.132707 sequence=402.748777
[plan] step=162 node=N3467 type=control1 q_typed_residual_context=1.374978 sequence=404.123755
[plan] step=163 node=N754 type=observe q_typed_residual_context=0.646992 sequence=404.770747
[plan] step=164 node=N5740 type=observe q_typed_residual_context=1.089176 sequence=405.859923
[plan] step=165 node=N705 type=observe q_typed_residual_context=1.623952 sequence=407.483876
[plan] step=166 node=N5456 type=observe q_typed_residual_context=1.052612 sequence=408.536488
[plan] step=167 node=N712 type=observe q_typed_residual_context=1.623263 sequence=410.159750
[plan] step=168 node=N7454 type=observe q_typed_residual_context=0.683619 sequence=410.843369
[plan] step=169 node=N3525 type=control1 q_typed_residual_context=0.749879 sequence=411.593249
[plan] step=170 node=N1607 type=control1 q_typed_residual_context=1.080184 sequence=412.673433
[plan] step=171 node=N7405 type=observe q_typed_residual_context=0.753373 sequence=413.426806
[plan] step=172 node=N647 type=control1 q_typed_residual_context=1.395438 sequence=414.822244
[plan] step=173 node=N5422 type=observe q_typed_residual_context=0.985428 sequence=415.807672
[plan] step=174 node=N1586 type=control1 q_typed_residual_context=1.597268 sequence=417.404940
[plan] step=175 node=N706 type=observe q_typed_residual_context=1.816071 sequence=419.221011
[plan] step=176 node=N2072 type=observe q_typed_residual_context=0.612508 sequence=419.833519
[plan] step=177 node=N6668 type=observe q_typed_residual_context=0.502037 sequence=420.335556
[plan] step=178 node=N679 type=observe q_typed_residual_context=1.016108 sequence=421.351664
[plan] step=179 node=N5439 type=observe q_typed_residual_context=0.617045 sequence=421.968709
[plan] step=180 node=N7439 type=observe q_typed_residual_context=0.799012 sequence=422.767721
[plan] step=181 node=N1987 type=observe q_typed_residual_context=0.859250 sequence=423.626971
[plan] step=182 node=N5390 type=observe q_typed_residual_context=3.691300 sequence=427.318272
[plan] step=183 node=N2151 type=observe q_typed_residual_context=3.543738 sequence=430.862009
[plan] step=184 node=N6660 type=observe q_typed_residual_context=2.526040 sequence=433.388049
[plan] step=185 node=N5334 type=observe q_typed_residual_context=4.875427 sequence=438.263476
[plan] step=186 node=N734 type=observe q_typed_residual_context=5.585639 sequence=443.849115
[plan] step=187 node=N7404 type=observe q_typed_residual_context=4.264598 sequence=448.113713
[plan] step=188 node=N5373 type=observe q_typed_residual_context=1.411937 sequence=449.525649
[plan] step=189 node=N699 type=observe q_typed_residual_context=4.240596 sequence=453.766245
[plan] step=190 node=N6658 type=observe q_typed_residual_context=1.802762 sequence=455.569007
[plan] step=191 node=N719 type=observe q_typed_residual_context=2.030302 sequence=457.599309
[plan] step=192 node=N1879 type=observe q_typed_residual_context=1.493577 sequence=459.092886
[plan] step=193 node=N2159 type=observe q_typed_residual_context=4.064667 sequence=463.157553
[plan] step=194 node=N7382 type=observe q_typed_residual_context=1.774417 sequence=464.931970
[plan] step=195 node=N1351 type=observe q_typed_residual_context=3.099030 sequence=468.031000
[plan] step=196 node=N6656 type=observe q_typed_residual_context=1.791053 sequence=469.822054
[plan] step=197 node=N689 type=observe q_typed_residual_context=2.208909 sequence=472.030963
[plan] step=198 node=N7383 type=observe q_typed_residual_context=1.919784 sequence=473.950747
[plan] step=199 node=N686 type=observe q_typed_residual_context=1.060611 sequence=475.011358
[plan] step=200 node=N1688 type=observe q_typed_residual_context=0.720778 sequence=475.732136
[plan] step=201 node=N729 type=observe q_typed_residual_context=4.065279 sequence=479.797415
[plan] step=202 node=N684 type=observe q_typed_residual_context=4.328362 sequence=484.125777
[plan] step=203 node=N7380 type=observe q_typed_residual_context=2.373677 sequence=486.499454
[plan] step=204 node=N1598 type=observe q_typed_residual_context=0.885553 sequence=487.385007
[plan] step=205 node=N6532 type=observe q_typed_residual_context=5.806369 sequence=493.191376
[plan] step=206 node=N5735 type=observe q_typed_residual_context=3.952356 sequence=497.143731
[plan] step=207 node=N2271 type=observe q_typed_residual_context=4.762442 sequence=501.906174
[plan] step=208 node=N5094 type=observe q_typed_residual_context=3.610823 sequence=505.516996
[plan] step=209 node=N2267 type=observe q_typed_residual_context=5.555292 sequence=511.072288
[plan] step=210 node=N5111 type=observe q_typed_residual_context=4.029032 sequence=515.101320
[plan] step=211 node=N7381 type=observe q_typed_residual_context=5.127841 sequence=520.229161
[plan] step=212 node=N6657 type=observe q_typed_residual_context=1.477811 sequence=521.706972
[plan] step=213 node=N2259 type=observe q_typed_residual_context=5.970823 sequence=527.677795
[plan] step=214 node=N695 type=observe q_typed_residual_context=6.519721 sequence=534.197516
[plan] step=215 node=N2243 type=observe q_typed_residual_context=6.330650 sequence=540.528166
[plan] step=216 node=N5160 type=observe q_typed_residual_context=3.221786 sequence=543.749952
[plan] step=217 node=N6537 type=observe q_typed_residual_context=2.425089 sequence=546.175041
[plan] step=218 node=N6685 type=observe q_typed_residual_context=1.021890 sequence=547.196931
[plan] step=219 node=N2263 type=observe q_typed_residual_context=5.666148 sequence=552.863080
[plan] step=220 node=N696 type=observe q_typed_residual_context=6.043634 sequence=558.906713
[plan] step=221 node=N7443 type=observe q_typed_residual_context=3.938997 sequence=562.845711
[plan] step=222 node=N6678 type=observe q_typed_residual_context=0.699990 sequence=563.545701
[plan] step=223 node=N1352 type=observe q_typed_residual_context=7.133483 sequence=570.679184
[plan] step=224 node=N752 type=observe q_typed_residual_context=0.483575 sequence=571.162759
[plan] step=225 node=N2251 type=observe q_typed_residual_context=5.126922 sequence=576.289681
[plan] step=226 node=N753 type=observe q_typed_residual_context=0.590888 sequence=576.880568
[plan] step=227 node=N2218 type=observe q_typed_residual_context=4.811749 sequence=581.692317
[plan] step=228 node=N2247 type=observe q_typed_residual_context=1.023516 sequence=582.715833
[plan] step=229 node=N2183 type=observe q_typed_residual_context=6.891275 sequence=589.607108
[plan] step=230 node=N2216 type=observe q_typed_residual_context=6.068757 sequence=595.675865
[plan] step=231 node=N697 type=observe q_typed_residual_context=4.833248 sequence=600.509113
[plan] step=232 node=N732 type=observe q_typed_residual_context=5.180421 sequence=605.689534
[plan] step=233 node=N7444 type=observe q_typed_residual_context=4.245115 sequence=609.934649
[plan] step=234 node=N2185 type=observe q_typed_residual_context=3.837120 sequence=613.771769
[plan] step=235 node=N2652 type=control1 q_typed_residual_context=7.448224 sequence=621.219993
[plan] step=236 node=N2255 type=observe q_typed_residual_context=2.985204 sequence=624.205197
[plan] step=237 node=N2203 type=observe q_typed_residual_context=5.944840 sequence=630.150037
[plan] step=238 node=N680 type=observe q_typed_residual_context=5.118510 sequence=635.268547
[plan] step=239 node=N7452 type=observe q_typed_residual_context=3.329116 sequence=638.597663
[plan] step=240 node=N717 type=observe q_typed_residual_context=2.626959 sequence=641.224622
[plan] step=241 node=N7391 type=observe q_typed_residual_context=2.332774 sequence=643.557396
[plan] step=242 node=N735 type=observe q_typed_residual_context=4.160177 sequence=647.717573
[plan] step=243 node=N2721 type=control1 q_typed_residual_context=7.521450 sequence=655.239023
[plan] step=244 node=N2205 type=observe q_typed_residual_context=2.420374 sequence=657.659397
[plan] step=245 node=N7440 type=observe q_typed_residual_context=3.413943 sequence=661.073340
[plan] step=246 node=N2201 type=observe q_typed_residual_context=4.831645 sequence=665.904984
[plan] step=247 node=N2894 type=control1 q_typed_residual_context=7.657222 sequence=673.562206
[plan] step=248 node=N733 type=observe q_typed_residual_context=2.111350 sequence=675.673557
[plan] step=249 node=N2226 type=observe q_typed_residual_context=5.271027 sequence=680.944583
[plan] step=250 node=N6562 type=observe q_typed_residual_context=3.182992 sequence=684.127575
[plan] step=251 node=N2212 type=observe q_typed_residual_context=4.300481 sequence=688.428056
[plan] step=252 node=N2952 type=control1 q_typed_residual_context=7.417009 sequence=695.845065
[plan] step=253 node=N1348 type=observe q_typed_residual_context=1.844610 sequence=697.689675
[plan] step=254 node=N2779 type=control1 q_typed_residual_context=1.482308 sequence=699.171984
[plan] step=255 node=N2214 type=observe q_typed_residual_context=1.722975 sequence=700.894959
[plan] step=256 node=N2220 type=observe q_typed_residual_context=3.265622 sequence=704.160580
[plan] step=257 node=N7473 type=control0 q_typed_residual_context=1.753356 sequence=705.913936
[plan] step=258 node=N4900 type=observe q_typed_residual_context=2.511270 sequence=708.425207
[plan] step=259 node=N8470 type=observe q_typed_residual_context=4.536645 sequence=712.961852
[plan] step=260 node=N6582 type=observe q_typed_residual_context=3.030818 sequence=715.992671
[plan] step=261 node=N1347 type=observe q_typed_residual_context=1.927049 sequence=717.919720
[plan] step=262 node=N2207 type=observe q_typed_residual_context=6.376526 sequence=724.296246
[plan] step=263 node=N2222 type=observe q_typed_residual_context=6.400274 sequence=730.696520
[plan] step=264 node=N4766 type=observe q_typed_residual_context=2.949799 sequence=733.646319
[plan] step=265 node=N730 type=observe q_typed_residual_context=5.334285 sequence=738.980604
[plan] step=266 node=N4774 type=observe q_typed_residual_context=4.046498 sequence=743.027101
[plan] step=267 node=N2209 type=observe q_typed_residual_context=4.730821 sequence=747.757923
[plan] step=268 node=N685 type=observe q_typed_residual_context=6.225285 sequence=753.983208
[plan] step=269 node=N4790 type=observe q_typed_residual_context=3.801882 sequence=757.785089
[plan] step=270 node=N4798 type=observe q_typed_residual_context=2.071293 sequence=759.856382
[plan] step=271 node=N687 type=observe q_typed_residual_context=1.883478 sequence=761.739860
[plan] step=272 node=N6962 type=observe q_typed_residual_context=1.837472 sequence=763.577332
[plan] step=273 node=N728 type=observe q_typed_residual_context=2.461560 sequence=766.038891
[plan] step=274 node=N690 type=observe q_typed_residual_context=3.330409 sequence=769.369300
[plan] step=275 node=N727 type=observe q_typed_residual_context=3.229460 sequence=772.598760
[plan] step=276 node=N4829 type=observe q_typed_residual_context=2.210867 sequence=774.809627
[plan] step=277 node=N4821 type=observe q_typed_residual_context=1.618478 sequence=776.428105
[plan] step=278 node=N6568 type=observe q_typed_residual_context=1.279610 sequence=777.707715
saved=autoresearch/loop-260720-0945/model_training_round4/b15_selection/onpolicy_marginal/decay_64/plans/iscas99__b15_1__greedy__cumulative__q_typed_residual_context__bw1__d1__c48__g1p0__candhard_fault_cluster__div0p0__s0.csv
