__tpi_op_6_I293 /1 undetected
__tpi_op_3___aig_and_144 /0 undetected
__tpi_op_2___aig_and_145 /0 undetected
I342 /1 undetected
I349 /1 undetected
__tpi_not_test_en->__tpi_cp_8___aig_not_114 /1 undetected
test_en->__tpi_cp_34_G259 /0 undetected
__tpi_not_test_en->__tpi_cp_9___aig_not_109 /1 undetected
test_en->__tpi_cp_35_G258 /0 undetected
__tpi_not_test_en->__tpi_cp_21___aig_not_84 /1 undetected
test_en->__tpi_cp_40_G226 /0 undetected
I223 /1 undetected
__buf_split_265 /1 undetected
__aig_and_145 /0 undetected
__aig_and_144 /0 undetected
__tpi_not_test_en->__tpi_cp_0_I547 /1 undetected
I293->__aig_and_142 /1 undetected
I293 /1 undetected
__tpi_not_test_en->__tpi_cp_36_G395 /1 undetected
test_en->__tpi_cp_30___aig_and_2 /0 undetected
test_en->__tpi_cp_4___buf_split_55 /0 undetected
__tpi_not_test_en->__tpi_cp_26_I449 /1 undetected
test_en->__tpi_cp_14_G88 /0 undetected
I307 /1 undetected
__buf_split_243 /1 undetected
test_en->__tpi_cp_29___aig_and_7 /0 undetected
__tpi_not_test_en->__tpi_cp_1___buf_split_240 /1 undetected
test_en->__tpi_cp_5___buf_split_30 /0 undetected
__tpi_not_test_en->__tpi_cp_39_I324 /1 undetected
test_en->__tpi_cp_3_G137 /0 undetected
I314 /1 undetected
__buf_split_237->__aig_and_123 /1 undetected
I300 /1 undetected
__buf_split_235 /1 undetected
