[plan] candidate_allowlist=autoresearch/original-netlist-recovery-260712/exact_itc99/b15_C/exact_candidate_nodes.txt nodes=7918
[plan] latent_norm_clip_ratio=4 latent_norm_limit=30.875631
[plan] step=1 node=N762 type=control1 q_pred_context=3.049513 sequence=3.049513
[plan] step=2 node=N713 type=observe q_pred_context=2.532846 sequence=5.582359
[plan] step=3 node=N2101 type=observe q_pred_context=4.924914 sequence=10.507273
[plan] step=4 node=N5143 type=observe q_pred_context=2.279635 sequence=12.786907
[plan] step=5 node=N893 type=control1 q_pred_context=1.831214 sequence=14.618121
[plan] step=6 node=N5203 type=control1 q_pred_context=1.997684 sequence=16.615805
[plan] step=7 node=N2082 type=observe q_pred_context=1.081162 sequence=17.696967
[plan] step=8 node=N5234 type=observe q_pred_context=3.212286 sequence=20.909252
[plan] step=9 node=N3644 type=control0 q_pred_context=5.069992 sequence=25.979244
[plan] step=10 node=N557 type=control1 q_pred_context=5.342204 sequence=31.321448
[plan] step=11 node=N493 type=control1 q_pred_context=2.313674 sequence=33.635122
[plan] step=12 node=N564 type=control1 q_pred_context=5.445771 sequence=39.080893
[plan] step=13 node=N1437 type=control1 q_pred_context=4.053543 sequence=43.134437
[plan] step=14 node=N502 type=control1 q_pred_context=4.313733 sequence=47.448170
[plan] step=15 node=N5605 type=control1 q_pred_context=5.975782 sequence=53.423952
[plan] step=16 node=N5046 type=observe q_pred_context=5.714064 sequence=59.138016
[plan] step=17 node=N737 type=control1 q_pred_context=5.987754 sequence=65.125770
[plan] step=18 node=N1521 type=control1 q_pred_context=5.189269 sequence=70.315038
[plan] step=19 node=N7878 type=control1 q_pred_context=3.358733 sequence=73.673771
[plan] step=20 node=N582 type=control1 q_pred_context=7.018461 sequence=80.692232
[plan] step=21 node=N2328 type=control1 q_pred_context=6.263249 sequence=86.955481
[plan] step=22 node=N580 type=control1 q_pred_context=5.086853 sequence=92.042333
[plan] step=23 node=N766 type=control1 q_pred_context=5.684946 sequence=97.727279
[plan] step=24 node=N583 type=control1 q_pred_context=6.150198 sequence=103.877477
[plan] step=25 node=N7872 type=control1 q_pred_context=5.390929 sequence=109.268406
[plan] step=26 node=N7874 type=control1 q_pred_context=6.397928 sequence=115.666335
[plan] step=27 node=N7411 type=control1 q_pred_context=7.600049 sequence=123.266384
[plan] step=28 node=N7526 type=control1 q_pred_context=3.906895 sequence=127.173279
[plan] step=29 node=N7421 type=control1 q_pred_context=8.700000 sequence=135.873279
[plan] step=30 node=N7413 type=control1 q_pred_context=6.305241 sequence=142.178520
[plan] step=31 node=N3701 type=control0 q_pred_context=1.185185 sequence=143.363706
[plan] step=32 node=N2314 type=control1 q_pred_context=2.732149 sequence=146.095854
[plan] step=33 node=N3903 type=control0 q_pred_context=1.190264 sequence=147.286118
[plan] step=34 node=N7891 type=control1 q_pred_context=6.739529 sequence=154.025647
[plan] step=35 node=N7890 type=control1 q_pred_context=2.971213 sequence=156.996860
[plan] step=36 node=N7889 type=control1 q_pred_context=2.706822 sequence=159.703682
[plan] step=37 node=N7888 type=control1 q_pred_context=2.130667 sequence=161.834349
[plan] step=38 node=N7887 type=control1 q_pred_context=2.209951 sequence=164.044300
[plan] step=39 node=N7488 type=control1 q_pred_context=2.639078 sequence=166.683379
[plan] step=40 node=N7886 type=control1 q_pred_context=3.616995 sequence=170.300373
[plan] step=41 node=N7885 type=control1 q_pred_context=5.765163 sequence=176.065537
[plan] step=42 node=N7590 type=control1 q_pred_context=7.822081 sequence=183.887618
[plan] step=43 node=N6669 type=control1 q_pred_context=6.103735 sequence=189.991353
[plan] step=44 node=N7884 type=control1 q_pred_context=5.533432 sequence=195.524785
[plan] step=45 node=N7883 type=control1 q_pred_context=4.996627 sequence=200.521412
[plan] step=46 node=N7882 type=control1 q_pred_context=6.191960 sequence=206.713371
[plan] step=47 node=N3889 type=control0 q_pred_context=5.967523 sequence=212.680895
[plan] step=48 node=N7881 type=control1 q_pred_context=5.610304 sequence=218.291198
[plan] step=49 node=N504 type=control1 q_pred_context=5.627547 sequence=223.918745
[plan] step=50 node=N519 type=control1 q_pred_context=3.454533 sequence=227.373278
[plan] step=51 node=N2580 type=control1 q_pred_context=3.540258 sequence=230.913536
[plan] step=52 node=N7880 type=control1 q_pred_context=5.856885 sequence=236.770421
[plan] step=53 node=N7588 type=control1 q_pred_context=5.869746 sequence=242.640167
[plan] step=54 node=N7876 type=control1 q_pred_context=5.526282 sequence=248.166448
[plan] step=55 node=N516 type=control1 q_pred_context=4.848171 sequence=253.014619
[plan] step=56 node=N3805 type=control0 q_pred_context=4.228939 sequence=257.243558
[plan] step=57 node=N555 type=control1 q_pred_context=3.069883 sequence=260.313441
[plan] step=58 node=N556 type=control1 q_pred_context=3.254578 sequence=263.568019
[plan] step=59 node=N7870 type=control1 q_pred_context=6.034255 sequence=269.602274
[plan] step=60 node=N3124 type=control1 q_pred_context=4.900187 sequence=274.502460
[plan] step=61 node=N614 type=control1 q_pred_context=2.876552 sequence=277.379012
[plan] step=62 node=N634 type=control1 q_pred_context=4.054089 sequence=281.433102
[plan] step=63 node=N3180 type=control1 q_pred_context=3.944039 sequence=285.377141
[plan] step=64 node=N520 type=control1 q_pred_context=2.200498 sequence=287.577638
[plan] step=65 node=N3882 type=control0 q_pred_context=1.702997 sequence=289.280635
[plan] step=66 node=N496 type=control1 q_pred_context=2.187784 sequence=291.468419
[plan] step=67 node=N3352 type=control1 q_pred_context=4.172380 sequence=295.640799
[plan] step=68 node=N610 type=control1 q_pred_context=2.106895 sequence=297.747695
[plan] step=69 node=N3840 type=control0 q_pred_context=2.302167 sequence=300.049861
[plan] step=70 node=N2050 type=observe q_pred_context=1.231505 sequence=301.281366
[plan] step=71 node=N2064 type=observe q_pred_context=3.582548 sequence=304.863914
[plan] step=72 node=N2054 type=observe q_pred_context=3.655528 sequence=308.519442
[plan] step=73 node=N2052 type=observe q_pred_context=3.593060 sequence=312.112502
[plan] step=74 node=N510 type=control1 q_pred_context=1.668056 sequence=313.780557
[plan] step=75 node=N620 type=control1 q_pred_context=1.651887 sequence=315.432444
[plan] step=76 node=N4712 type=control0 q_pred_context=1.488760 sequence=316.921204
[plan] step=77 node=N2062 type=observe q_pred_context=2.853590 sequence=319.774794
[plan] step=78 node=N2060 type=observe q_pred_context=5.066593 sequence=324.841387
[plan] step=79 node=N638 type=control1 q_pred_context=2.306416 sequence=327.147803
[plan] step=80 node=N4705 type=control0 q_pred_context=1.506571 sequence=328.654374
[plan] step=81 node=N2058 type=observe q_pred_context=5.064876 sequence=333.719250
[plan] step=82 node=N2083 type=observe q_pred_context=2.572075 sequence=336.291325
[plan] step=83 node=N2056 type=observe q_pred_context=3.562612 sequence=339.853937
[plan] step=84 node=N2046 type=observe q_pred_context=6.097209 sequence=345.951147
[plan] step=85 node=N8048 type=control0 q_pred_context=3.302834 sequence=349.253981
[plan] step=86 node=N1411 type=control0 q_pred_context=3.066291 sequence=352.320272
[plan] step=87 node=N7471 type=control0 q_pred_context=2.226602 sequence=354.546873
[plan] step=88 node=N3410 type=control1 q_pred_context=2.556911 sequence=357.103785
[plan] step=89 node=N1879 type=observe q_pred_context=1.832825 sequence=358.936610
[plan] step=90 node=N3237 type=control1 q_pred_context=2.484292 sequence=361.420902
[plan] step=91 node=N8050 type=control0 q_pred_context=2.327702 sequence=363.748603
[plan] step=92 node=N1860 type=observe q_pred_context=2.124019 sequence=365.872622
[plan] step=93 node=N2157 type=observe q_pred_context=7.441503 sequence=373.314125
[plan] step=94 node=N2102 type=observe q_pred_context=6.569688 sequence=379.883813
[plan] step=95 node=N1853 type=observe q_pred_context=5.623315 sequence=385.507128
[plan] step=96 node=N7854 type=control0 q_pred_context=6.589056 sequence=392.096184
[plan] step=97 node=N5866 type=observe q_pred_context=4.070548 sequence=396.166732
[plan] step=98 node=N2149 type=observe q_pred_context=6.682225 sequence=402.848957
[plan] step=99 node=N2106 type=observe q_pred_context=6.789128 sequence=409.638084
[plan] step=100 node=N704 type=observe q_pred_context=2.665017 sequence=412.303102
[plan] step=101 node=N578 type=observe q_pred_context=8.046607 sequence=420.349709
[plan] step=102 node=N4628 type=observe q_pred_context=1.731043 sequence=422.080752
[plan] step=103 node=N7923 type=control0 q_pred_context=1.220058 sequence=423.300809
[plan] step=104 node=N4621 type=observe q_pred_context=1.671146 sequence=424.971955
[plan] step=105 node=N4614 type=observe q_pred_context=1.191057 sequence=426.163012
[plan] step=106 node=N8042 type=control0 q_pred_context=2.060101 sequence=428.223113
[plan] step=107 node=N8054 type=control0 q_pred_context=2.587992 sequence=430.811105
[plan] step=108 node=N4520 type=control0 q_pred_context=3.016380 sequence=433.827485
[plan] step=109 node=N7820 type=control0 q_pred_context=1.437305 sequence=435.264790
[plan] step=110 node=N5723 type=control0 q_pred_context=0.996004 sequence=436.260794
[plan] step=111 node=N3896 type=control0 q_pred_context=0.852295 sequence=437.113089
[plan] step=112 node=N3756 type=control0 q_pred_context=0.865711 sequence=437.978800
[plan] step=113 node=N645 type=control1 q_pred_context=1.010461 sequence=438.989260
[plan] step=114 node=N724 type=observe q_pred_context=1.291514 sequence=440.280774
[plan] step=115 node=N7626 type=observe q_pred_context=2.117772 sequence=442.398546
[plan] step=116 node=N1532 type=observe q_pred_context=1.877624 sequence=444.276169
[plan] step=117 node=N5874 type=observe q_pred_context=2.255617 sequence=446.531786
[plan] step=118 node=N7402 type=observe q_pred_context=6.674250 sequence=453.206036
[plan] step=119 node=N6534 type=observe q_pred_context=5.369034 sequence=458.575071
[plan] step=120 node=N2155 type=observe q_pred_context=6.686005 sequence=465.261076
[plan] step=121 node=N5740 type=observe q_pred_context=1.322964 sequence=466.584040
[plan] step=122 node=N4716 type=control0 q_pred_context=1.067927 sequence=467.651967
[plan] step=123 node=N3911 type=control0 q_pred_context=0.945112 sequence=468.597079
[plan] step=124 node=N3904 type=control0 q_pred_context=0.940082 sequence=469.537161
[plan] step=125 node=N3681 type=control0 q_pred_context=1.101508 sequence=470.638669
[plan] step=126 node=N7594 type=control1 q_pred_context=2.377944 sequence=473.016613
[plan] step=127 node=N4578 type=control0 q_pred_context=1.480907 sequence=474.497520
[plan] step=128 node=N4585 type=control0 q_pred_context=1.994271 sequence=476.491791
[plan] step=129 node=N7401 type=observe q_pred_context=3.494140 sequence=479.985931
[plan] step=130 node=N8023 type=control0 q_pred_context=2.276917 sequence=482.262848
[plan] step=131 node=N4606 type=control0 q_pred_context=0.929105 sequence=483.191953
[plan] step=132 node=N8019 type=control0 q_pred_context=1.955467 sequence=485.147420
[plan] step=133 node=N8021 type=control0 q_pred_context=1.748911 sequence=486.896331
[plan] step=134 node=N8015 type=control0 q_pred_context=2.004032 sequence=488.900363
[plan] step=135 node=N4564 type=control0 q_pred_context=1.052161 sequence=489.952525
[plan] step=136 node=N8013 type=control0 q_pred_context=2.196363 sequence=492.148888
[plan] step=137 node=N8011 type=control0 q_pred_context=1.914822 sequence=494.063711
[plan] step=138 node=N3722 type=control0 q_pred_context=1.183196 sequence=495.246907
[plan] step=139 node=N8009 type=control0 q_pred_context=1.798448 sequence=497.045355
[plan] step=140 node=N8005 type=control0 q_pred_context=1.519619 sequence=498.564974
[plan] step=141 node=N8046 type=control0 q_pred_context=1.984844 sequence=500.549818
[plan] step=142 node=N8025 type=control0 q_pred_context=2.121084 sequence=502.670902
[plan] step=143 node=N8017 type=control0 q_pred_context=2.150836 sequence=504.821738
[plan] step=144 node=N3862 type=control0 q_pred_context=1.780589 sequence=506.602327
[plan] step=145 node=N8027 type=control0 q_pred_context=2.421687 sequence=509.024014
[plan] step=146 node=N8036 type=control0 q_pred_context=2.185836 sequence=511.209850
[plan] step=147 node=N8044 type=control0 q_pred_context=2.179499 sequence=513.389350
[plan] step=148 node=N3855 type=control0 q_pred_context=1.699215 sequence=515.088565
[plan] step=149 node=N3742 type=control0 q_pred_context=2.152946 sequence=517.241511
[plan] step=150 node=N8038 type=control0 q_pred_context=1.747606 sequence=518.989117
[plan] step=151 node=N3848 type=control0 q_pred_context=1.538425 sequence=520.527542
[plan] step=152 node=N3841 type=control0 q_pred_context=1.734353 sequence=522.261895
[plan] step=153 node=N3827 type=control0 q_pred_context=1.432159 sequence=523.694054
[plan] step=154 node=N3820 type=control0 q_pred_context=1.312191 sequence=525.006245
[plan] step=155 node=N3813 type=control0 q_pred_context=1.497598 sequence=526.503843
[plan] step=156 node=N3799 type=control0 q_pred_context=1.453236 sequence=527.957078
[plan] step=157 node=N3792 type=control0 q_pred_context=1.586731 sequence=529.543809
[plan] step=158 node=N3785 type=control0 q_pred_context=1.773762 sequence=531.317572
[plan] step=159 node=N4557 type=control0 q_pred_context=1.544385 sequence=532.861956
[plan] step=160 node=N715 type=observe q_pred_context=0.747108 sequence=533.609064
[plan] step=161 node=N7454 type=observe q_pred_context=2.144946 sequence=535.754010
[plan] step=162 node=N7445 type=control0 q_pred_context=1.272723 sequence=537.026733
[plan] step=163 node=N7441 type=control0 q_pred_context=1.241524 sequence=538.268257
[plan] step=164 node=N725 type=observe q_pred_context=3.252993 sequence=541.521250
[plan] step=165 node=N6533 type=observe q_pred_context=2.623663 sequence=544.144913
[plan] step=166 node=N4460 type=control0 q_pred_context=1.593589 sequence=545.738502
[plan] step=167 node=N7925 type=control0 q_pred_context=1.437186 sequence=547.175687
[plan] step=168 node=N714 type=observe q_pred_context=3.136655 sequence=550.312343
[plan] step=169 node=N7405 type=observe q_pred_context=2.234728 sequence=552.547071
[plan] step=170 node=N4421 type=control0 q_pred_context=2.448847 sequence=554.995917
[plan] step=171 node=N3295 type=control1 q_pred_context=1.068866 sequence=556.064784
[plan] step=172 node=N5473 type=observe q_pred_context=1.525038 sequence=557.589822
[plan] step=173 node=N712 type=observe q_pred_context=2.828274 sequence=560.418096
[plan] step=174 node=N4359 type=control0 q_pred_context=2.251963 sequence=562.670060
[plan] step=175 node=N5356 type=observe q_pred_context=0.928590 sequence=563.598649
[plan] step=176 node=N4367 type=control0 q_pred_context=1.779945 sequence=565.378594
[plan] step=177 node=N1372 type=observe q_pred_context=0.889972 sequence=566.268567
[plan] step=178 node=N4532 type=control0 q_pred_context=0.975751 sequence=567.244318
[plan] step=179 node=N1598 type=observe q_pred_context=0.804557 sequence=568.048875
[plan] step=180 node=N759 type=observe q_pred_context=1.324198 sequence=569.373073
[plan] step=181 node=N694 type=observe q_pred_context=3.231338 sequence=572.604411
[plan] step=182 node=N2072 type=observe q_pred_context=0.781298 sequence=573.385709
[plan] step=183 node=N723 type=observe q_pred_context=1.745919 sequence=575.131628
[plan] step=184 node=N705 type=observe q_pred_context=1.667920 sequence=576.799549
[plan] step=185 node=N5876 type=observe q_pred_context=1.074188 sequence=577.873737
[plan] step=186 node=N3467 type=control1 q_pred_context=1.197521 sequence=579.071257
[plan] step=187 node=N758 type=observe q_pred_context=1.186740 sequence=580.257998
[plan] step=188 node=N722 type=observe q_pred_context=2.046607 sequence=582.304605
[plan] step=189 node=N7437 type=observe q_pred_context=1.226593 sequence=583.531197
[plan] step=190 node=N706 type=observe q_pred_context=1.336983 sequence=584.868180
[plan] step=191 node=N5422 type=observe q_pred_context=2.626487 sequence=587.494667
[plan] step=192 node=N2151 type=observe q_pred_context=1.922755 sequence=589.417422
[plan] step=193 node=N703 type=observe q_pred_context=1.409857 sequence=590.827279
[plan] step=194 node=N5456 type=observe q_pred_context=1.318590 sequence=592.145869
[plan] step=195 node=N7370 type=control1 q_pred_context=1.594048 sequence=593.739918
[plan] step=196 node=N7453 type=control1 q_pred_context=1.235653 sequence=594.975571
[plan] step=197 node=N1599 type=observe q_pred_context=1.590332 sequence=596.565902
[plan] step=198 node=N2008 type=observe q_pred_context=1.282863 sequence=597.848766
[plan] step=199 node=N765 type=observe q_pred_context=1.327016 sequence=599.175782
[plan] step=200 node=N764 type=observe q_pred_context=1.120806 sequence=600.296588
[plan] step=201 node=N679 type=observe q_pred_context=1.204781 sequence=601.501369
[plan] step=202 node=N763 type=observe q_pred_context=1.218934 sequence=602.720304
[plan] step=203 node=N7381 type=observe q_pred_context=2.681480 sequence=605.401784
[plan] step=204 node=N1586 type=control1 q_pred_context=1.702796 sequence=607.104580
[plan] step=205 node=N719 type=observe q_pred_context=1.181716 sequence=608.286296
[plan] step=206 node=N754 type=observe q_pred_context=1.451691 sequence=609.737987
[plan] step=207 node=N752 type=observe q_pred_context=1.312537 sequence=611.050524
[plan] step=208 node=N5251 type=observe q_pred_context=2.431352 sequence=613.481875
[plan] step=209 node=N1351 type=observe q_pred_context=3.389405 sequence=616.871281
[plan] step=210 node=N5334 type=observe q_pred_context=3.446138 sequence=620.317419
[plan] step=211 node=N7433 type=observe q_pred_context=3.359869 sequence=623.677288
[plan] step=212 node=N756 type=observe q_pred_context=1.829918 sequence=625.507206
[plan] step=213 node=N708 type=observe q_pred_context=1.338194 sequence=626.845400
[plan] step=214 node=N753 type=observe q_pred_context=1.518532 sequence=628.363932
[plan] step=215 node=N2243 type=observe q_pred_context=2.813388 sequence=631.177319
[plan] step=216 node=N734 type=observe q_pred_context=1.831157 sequence=633.008476
[plan] step=217 node=N5202 type=observe q_pred_context=1.502229 sequence=634.510705
[plan] step=218 node=N5878 type=observe q_pred_context=1.641149 sequence=636.151854
[plan] step=219 node=N699 type=observe q_pred_context=1.574883 sequence=637.726738
[plan] step=220 node=N7382 type=observe q_pred_context=1.080803 sequence=638.807540
[plan] step=221 node=N2159 type=observe q_pred_context=4.699908 sequence=643.507448
[plan] step=222 node=N2271 type=observe q_pred_context=2.060048 sequence=645.567497
[plan] step=223 node=N2259 type=observe q_pred_context=2.232296 sequence=647.799793
[plan] step=224 node=N729 type=observe q_pred_context=2.904682 sequence=650.704475
[plan] step=225 node=N7380 type=observe q_pred_context=1.631458 sequence=652.335933
[plan] step=226 node=N689 type=observe q_pred_context=1.445893 sequence=653.781825
[plan] step=227 node=N684 type=observe q_pred_context=1.353845 sequence=655.135670
[plan] step=228 node=N2267 type=observe q_pred_context=1.504347 sequence=656.640018
[plan] step=229 node=N7700 type=control0 q_pred_context=1.612396 sequence=658.252414
[plan] step=230 node=N7696 type=control0 q_pred_context=1.715337 sequence=659.967750
[plan] step=231 node=N5715 type=control0 q_pred_context=1.176927 sequence=661.144677
[plan] step=232 node=N5665 type=control0 q_pred_context=0.897223 sequence=662.041900
[plan] step=233 node=N3525 type=control1 q_pred_context=1.411097 sequence=663.452997
[plan] step=234 node=N7680 type=observe q_pred_context=1.201468 sequence=664.654465
[plan] step=235 node=N5735 type=observe q_pred_context=1.782665 sequence=666.437130
[plan] step=236 node=N2263 type=observe q_pred_context=1.757519 sequence=668.194649
[plan] step=237 node=N7698 type=control0 q_pred_context=1.952762 sequence=670.147410
[plan] step=238 node=N5894 type=control0 q_pred_context=2.439297 sequence=672.586707
[plan] step=239 node=N4469 type=control0 q_pred_context=2.644522 sequence=675.231229
[plan] step=240 node=N5725 type=control0 q_pred_context=1.621501 sequence=676.852730
[plan] step=241 node=N4442 type=control0 q_pred_context=1.478540 sequence=678.331270
[plan] step=242 node=N4436 type=control0 q_pred_context=1.487667 sequence=679.818937
[plan] step=243 node=N4391 type=control0 q_pred_context=1.489368 sequence=681.308305
[plan] step=244 node=N628 type=control1 q_pred_context=1.880829 sequence=683.189134
[plan] step=245 node=N4338 type=control0 q_pred_context=1.692757 sequence=684.881890
[plan] step=246 node=N626 type=control1 q_pred_context=1.445239 sequence=686.327129
[plan] step=247 node=N4385 type=control0 q_pred_context=1.213693 sequence=687.540823
[plan] step=248 node=N624 type=control1 q_pred_context=1.348429 sequence=688.889252
[plan] step=249 node=N3224 type=control0 q_pred_context=1.225542 sequence=690.114794
[plan] step=250 node=N4879 type=control0 q_pred_context=1.351191 sequence=691.465985
[plan] step=251 node=N3402 type=control0 q_pred_context=0.964063 sequence=692.430048
[plan] step=252 node=N3167 type=control0 q_pred_context=1.339349 sequence=693.769397
[plan] step=253 node=N3177 type=control0 q_pred_context=1.264090 sequence=695.033487
[plan] step=254 node=N3152 type=control0 q_pred_context=1.355823 sequence=696.389310
[plan] step=255 node=N3172 type=control0 q_pred_context=1.560369 sequence=697.949679
[plan] step=256 node=N3147 type=control0 q_pred_context=1.482330 sequence=699.432009
[plan] step=257 node=N3229 type=control0 q_pred_context=1.322196 sequence=700.754204
[plan] step=258 node=N3142 type=control0 q_pred_context=1.252716 sequence=702.006920
[plan] step=259 node=N3199 type=control0 q_pred_context=1.238705 sequence=703.245625
[plan] step=260 node=N3157 type=control0 q_pred_context=1.198548 sequence=704.444173
[plan] step=261 node=N6956 type=control0 q_pred_context=1.238050 sequence=705.682223
[plan] step=262 node=N3219 type=control0 q_pred_context=1.256185 sequence=706.938408
[plan] step=263 node=N3204 type=control0 q_pred_context=1.269708 sequence=708.208116
[plan] step=264 node=N3372 type=control0 q_pred_context=1.282542 sequence=709.490658
[plan] step=265 node=N3209 type=control0 q_pred_context=1.308557 sequence=710.799215
[plan] step=266 node=N3162 type=control0 q_pred_context=1.455385 sequence=712.254600
[plan] step=267 node=N3234 type=control0 q_pred_context=1.629908 sequence=713.884508
[plan] step=268 node=N3377 type=control0 q_pred_context=1.812093 sequence=715.696600
[plan] step=269 node=N3382 type=control0 q_pred_context=2.251726 sequence=717.948326
[plan] step=270 node=N3214 type=control0 q_pred_context=2.841763 sequence=720.790089
[plan] step=271 node=N3387 type=control0 q_pred_context=3.373630 sequence=724.163719
[plan] step=272 node=N3392 type=control0 q_pred_context=3.378637 sequence=727.542356
[plan] step=273 node=N3397 type=control0 q_pred_context=3.051929 sequence=730.594285
[plan] step=274 node=N3407 type=control0 q_pred_context=2.787738 sequence=733.382023
[plan] step=275 node=N5727 type=control0 q_pred_context=2.886875 sequence=736.268899
[plan] step=276 node=N3464 type=control0 q_pred_context=3.056003 sequence=739.324902
[plan] step=277 node=N3459 type=control0 q_pred_context=3.553142 sequence=742.878044
[plan] step=278 node=N3454 type=control0 q_pred_context=4.331232 sequence=747.209276
saved=autoresearch/loop-260718-0223/real_label_calibration_round14/b15/rank__q_pred_context/b15_C/plans/iscas99__b15_1__greedy__cumulative__q_pred_context__bw1__d1__c48__g1p0__candhard_fault_cluster__div0p0__s0.csv
