[r13-five-plan/b17_C] [plan] torch_deterministic=true
[r13-five-plan/b17_C] [plan] candidate_allowlist=autoresearch/original-netlist-recovery-260712/exact_itc99/b17_C/exact_candidate_nodes.txt nodes=29334
[r13-five-plan/b17_C] [plan] prefix_plan=autoresearch/loop-260720-0945/typed_winner_round8_five/b17_C/best_plans/iscas99__b17.csv prefix_actions=686 continue_at_step=687
[r13-five-plan/b17_C] [plan] latent_norm_clip_ratio=4 latent_norm_limit=30.925308
[r13-five-plan/b17_C] [plan] prefix_state_mode=replay replayed_actions=686
[r13-five-plan/b17_C] [plan] step=687 node=N12380 type=control0 q_typed_reliable_context=1.643625 sequence=1256.420034
[r13-five-plan/b17_C] [plan] step=688 node=N5801 type=control0 q_typed_reliable_context=1.548884 sequence=1257.968917
[r13-five-plan/b17_C] [plan] step=689 node=N5703 type=control0 q_typed_reliable_context=1.568848 sequence=1259.537766
[r13-five-plan/b17_C] [plan] step=690 node=N5655 type=control0 q_typed_reliable_context=1.586516 sequence=1261.124282
[r13-five-plan/b17_C] [plan] step=691 node=N5535 type=control0 q_typed_reliable_context=1.612339 sequence=1262.736621
[r13-five-plan/b17_C] [plan] step=692 node=N5295 type=control0 q_typed_reliable_context=1.692037 sequence=1264.428657
[r13-five-plan/b17_C] [plan] step=693 node=N7685 type=control1 q_typed_reliable_context=1.726079 sequence=1266.149736
[r13-five-plan/b17_C] [plan] step=694 node=N7313 type=control0 q_typed_reliable_context=1.915230 sequence=1268.064966
[r13-five-plan/b17_C] [plan] step=695 node=N12038 type=control0 q_typed_reliable_context=2.065889 sequence=1270.130855
[r13-five-plan/b17_C] [plan] step=696 node=N5742 type=control0 q_typed_reliable_context=2.417467 sequence=1272.543321
[r13-five-plan/b17_C] [plan] step=697 node=N13646 type=control0 q_typed_reliable_context=2.930302 sequence=1275.468623
[r13-five-plan/b17_C] [plan] step=698 node=N12788 type=control0 q_typed_reliable_context=2.886081 sequence=1278.349704
[r13-five-plan/b17_C] [plan] step=699 node=N12800 type=control0 q_typed_reliable_context=2.946392 sequence=1281.291097
[r13-five-plan/b17_C] [plan] step=700 node=N12815 type=control0 q_typed_reliable_context=3.175347 sequence=1284.461444
[r13-five-plan/b17_C] [plan] step=701 node=N12818 type=control0 q_typed_reliable_context=2.926017 sequence=1287.382461
[r13-five-plan/b17_C] [plan] step=702 node=N12827 type=control0 q_typed_reliable_context=2.820515 sequence=1290.197976
[r13-five-plan/b17_C] [plan] step=703 node=N12833 type=control0 q_typed_reliable_context=2.655686 sequence=1292.848662
[r13-five-plan/b17_C] [plan] step=704 node=N12785 type=control0 q_typed_reliable_context=2.365305 sequence=1295.208967
[r13-five-plan/b17_C] [plan] step=705 node=N19750 type=control1 q_typed_reliable_context=2.391578 sequence=1297.600545
[r13-five-plan/b17_C] [plan] step=706 node=N12350 type=observe q_typed_reliable_context=2.291903 sequence=1299.892448
[r13-five-plan/b17_C] [plan] step=707 node=N9028 type=control1 q_typed_reliable_context=1.346143 sequence=1301.234591
[r13-five-plan/b17_C] [plan] step=708 node=N7699 type=control1 q_typed_reliable_context=1.664388 sequence=1302.894980
[r13-five-plan/b17_C] [plan] step=709 node=N9036 type=control1 q_typed_reliable_context=1.631761 sequence=1304.522741
[r13-five-plan/b17_C] [plan] step=710 node=N3302 type=control1 q_typed_reliable_context=2.048825 sequence=1306.571566
[r13-five-plan/b17_C] [plan] step=711 node=N2026 type=control1 q_typed_reliable_context=1.412596 sequence=1307.980162
[r13-five-plan/b17_C] [plan] step=712 node=N20484 type=control0 q_typed_reliable_context=1.524000 sequence=1309.504162
[r13-five-plan/b17_C] [plan] step=713 node=N19523 type=observe q_typed_reliable_context=1.527265 sequence=1311.027427
[r13-five-plan/b17_C] [plan] step=714 node=N8925 type=control1 q_typed_reliable_context=2.701388 sequence=1313.728815
[r13-five-plan/b17_C] [plan] step=715 node=N7919 type=control1 q_typed_reliable_context=2.226471 sequence=1315.950287
[r13-five-plan/b17_C] [plan] step=716 node=N6777 type=control0 q_typed_reliable_context=3.086947 sequence=1319.037234
[r13-five-plan/b17_C] [plan] step=717 node=N19824 type=control0 q_typed_reliable_context=3.841643 sequence=1322.878877
[r13-five-plan/b17_C] [plan] step=718 node=N7355 type=control0 q_typed_reliable_context=3.880053 sequence=1326.758930
[r13-five-plan/b17_C] [plan] step=719 node=N7340 type=control0 q_typed_reliable_context=3.927700 sequence=1330.686630
[r13-five-plan/b17_C] [plan] step=720 node=N12748 type=control0 q_typed_reliable_context=3.994135 sequence=1334.676765
[r13-five-plan/b17_C] [plan] step=721 node=N7347 type=control0 q_typed_reliable_context=4.105319 sequence=1338.778084
[r13-five-plan/b17_C] [plan] step=722 node=N12356 type=control0 q_typed_reliable_context=4.154164 sequence=1342.927248
[r13-five-plan/b17_C] [plan] step=723 node=N12372 type=control0 q_typed_reliable_context=4.252359 sequence=1347.174607
[r13-five-plan/b17_C] [plan] step=724 node=N12388 type=control0 q_typed_reliable_context=4.445404 sequence=1351.615011
[r13-five-plan/b17_C] [plan] step=725 node=N12452 type=control0 q_typed_reliable_context=4.816099 sequence=1356.426110
[r13-five-plan/b17_C] [plan] step=726 node=N12462 type=control0 q_typed_reliable_context=4.966796 sequence=1361.392906
[r13-five-plan/b17_C] [plan] step=727 node=N7157 type=control0 q_typed_reliable_context=2.874905 sequence=1364.267811
[r13-five-plan/b17_C] [plan] step=728 node=N7173 type=control0 q_typed_reliable_context=2.793051 sequence=1367.060862
[r13-five-plan/b17_C] [plan] step=729 node=N7205 type=control0 q_typed_reliable_context=3.058946 sequence=1370.119808
[r13-five-plan/b17_C] [plan] step=730 node=N12224 type=control0 q_typed_reliable_context=3.257875 sequence=1373.377683
[r13-five-plan/b17_C] [plan] step=731 node=N12304 type=control0 q_typed_reliable_context=3.501841 sequence=1376.879524
[r13-five-plan/b17_C] [plan] step=732 node=N7263 type=control0 q_typed_reliable_context=3.668077 sequence=1380.543601
[r13-five-plan/b17_C] [plan] step=733 node=N7202 type=control0 q_typed_reliable_context=3.845395 sequence=1384.384996
[r13-five-plan/b17_C] [plan] step=734 node=N12300 type=control0 q_typed_reliable_context=4.219147 sequence=1388.604143
[r13-five-plan/b17_C] [plan] step=735 node=N18449 type=control0 q_typed_reliable_context=0.266968 sequence=1388.871111
[r13-five-plan/b17_C] [plan] step=736 node=N28822 type=control1 q_typed_reliable_context=0.650869 sequence=1389.521980
[r13-five-plan/b17_C] [plan] step=737 node=N19947 type=observe q_typed_reliable_context=1.362650 sequence=1390.884630
[r13-five-plan/b17_C] [plan] step=738 node=N2042 type=control1 q_typed_reliable_context=0.408444 sequence=1391.289074
[r13-five-plan/b17_C] [plan] step=739 node=N19771 type=observe q_typed_reliable_context=1.279953 sequence=1392.569027
[r13-five-plan/b17_C] [plan] step=740 node=N3771 type=control1 q_typed_reliable_context=0.858553 sequence=1393.422580
[r13-five-plan/b17_C] [plan] step=741 node=N19989 type=control1 q_typed_reliable_context=1.963889 sequence=1395.386469
[r13-five-plan/b17_C] [plan] step=742 node=N19645 type=observe q_typed_reliable_context=1.551813 sequence=1396.938282
[r13-five-plan/b17_C] [plan] step=743 node=N19644 type=observe q_typed_reliable_context=1.876832 sequence=1398.815115
[r13-five-plan/b17_C] [plan] step=744 node=N19640 type=observe q_typed_reliable_context=0.675348 sequence=1399.490463
[r13-five-plan/b17_C] [plan] step=745 node=N18409 type=observe q_typed_reliable_context=0.705544 sequence=1400.196006
[r13-five-plan/b17_C] [plan] step=746 node=N18417 type=observe q_typed_reliable_context=0.581095 sequence=1400.777102
[r13-five-plan/b17_C] [plan] step=747 node=N18408 type=observe q_typed_reliable_context=0.621948 sequence=1401.399050
[r13-five-plan/b17_C] [plan] step=748 node=N12274 type=control0 q_typed_reliable_context=1.391620 sequence=1402.785670
[r13-five-plan/b17_C] [plan] step=749 node=N19424 type=observe q_typed_reliable_context=0.408182 sequence=1403.193852
[r13-five-plan/b17_C] [plan] step=750 node=N18309 type=observe q_typed_reliable_context=1.225480 sequence=1404.419332
[r13-five-plan/b17_C] [plan] step=751 node=N18317 type=observe q_typed_reliable_context=1.127252 sequence=1405.546584
[r13-five-plan/b17_C] [plan] step=752 node=N13644 type=control0 q_typed_reliable_context=1.287719 sequence=1406.829303
[r13-five-plan/b17_C] [plan] step=753 node=N18441 type=observe q_typed_reliable_context=0.684927 sequence=1407.514230
[r13-five-plan/b17_C] [plan] step=754 node=N19378 type=observe q_typed_reliable_context=1.070296 sequence=1408.584526
[r13-five-plan/b17_C] [plan] step=755 node=N5131 type=observe q_typed_reliable_context=1.259164 sequence=1409.843690
[r13-five-plan/b17_C] [plan] step=756 node=N20485 type=observe q_typed_reliable_context=1.268027 sequence=1411.111716
[r13-five-plan/b17_C] [plan] step=757 node=N20457 type=observe q_typed_reliable_context=1.333733 sequence=1412.445450
[r13-five-plan/b17_C] [plan] step=758 node=N3920 type=control0 q_typed_reliable_context=0.839400 sequence=1413.284850
[r13-five-plan/b17_C] [plan] step=759 node=N12456 type=observe q_typed_reliable_context=0.718335 sequence=1414.003185
[r13-five-plan/b17_C] [plan] step=760 node=N12414 type=observe q_typed_reliable_context=0.825537 sequence=1414.828721
[r13-five-plan/b17_C] [plan] step=761 node=N12627 type=observe q_typed_reliable_context=1.764221 sequence=1416.588943
[r13-five-plan/b17_C] [plan] step=762 node=N20369 type=control0 q_typed_reliable_context=2.052876 sequence=1418.641819
[r13-five-plan/b17_C] [plan] step=763 node=N3842 type=observe q_typed_reliable_context=1.156788 sequence=1419.794607
[r13-five-plan/b17_C] [plan] step=764 node=N7937 type=observe q_typed_reliable_context=1.322491 sequence=1421.113098
[r13-five-plan/b17_C] [plan] step=765 node=N8023 type=observe q_typed_reliable_context=1.309804 sequence=1422.418903
[r13-five-plan/b17_C] [plan] step=766 node=N5164 type=observe q_typed_reliable_context=1.147049 sequence=1423.565952
[r13-five-plan/b17_C] [plan] step=767 node=N2936 type=observe q_typed_reliable_context=1.287608 sequence=1424.853560
[r13-five-plan/b17_C] [plan] step=768 node=N27806 type=observe q_typed_reliable_context=1.192013 sequence=1426.045573
[r13-five-plan/b17_C] [plan] step=769 node=N27816 type=observe q_typed_reliable_context=1.687014 sequence=1427.728587
[r13-five-plan/b17_C] [plan] step=770 node=N27818 type=observe q_typed_reliable_context=1.060564 sequence=1428.785151
[r13-five-plan/b17_C] [plan] step=771 node=N27638 type=observe q_typed_reliable_context=0.969863 sequence=1429.755014
[r13-five-plan/b17_C] [plan] step=772 node=N27793 type=observe q_typed_reliable_context=0.972242 sequence=1430.723256
[r13-five-plan/b17_C] [plan] step=773 node=N27824 type=observe q_typed_reliable_context=1.132686 sequence=1431.851941
[r13-five-plan/b17_C] [plan] step=774 node=N27820 type=observe q_typed_reliable_context=1.100548 sequence=1432.948490
[r13-five-plan/b17_C] [plan] step=775 node=N12633 type=observe q_typed_reliable_context=1.227339 sequence=1434.175829
[r13-five-plan/b17_C] [plan] step=776 node=N5358 type=control0 q_typed_reliable_context=1.172866 sequence=1435.343694
[r13-five-plan/b17_C] [plan] step=777 node=N5122 type=control0 q_typed_reliable_context=1.563822 sequence=1436.907517
[r13-five-plan/b17_C] [plan] step=778 node=N2695 type=observe q_typed_reliable_context=0.813566 sequence=1437.716082
[r13-five-plan/b17_C] [plan] step=779 node=N5125 type=control0 q_typed_reliable_context=1.581912 sequence=1439.293994
[r13-five-plan/b17_C] [plan] step=780 node=N27601 type=control0 q_typed_reliable_context=1.561251 sequence=1440.850245
[r13-five-plan/b17_C] [plan] step=781 node=N8867 type=control0 q_typed_reliable_context=1.179275 sequence=1442.024520
[r13-five-plan/b17_C] [plan] step=782 node=N12290 type=control0 q_typed_reliable_context=1.401287 sequence=1443.420807
[r13-five-plan/b17_C] [plan] step=783 node=N26594 type=observe q_typed_reliable_context=0.750599 sequence=1444.167406
[r13-five-plan/b17_C] [plan] step=784 node=N27828 type=observe q_typed_reliable_context=0.791393 sequence=1444.954798
[r13-five-plan/b17_C] [plan] step=785 node=N27794 type=observe q_typed_reliable_context=0.770170 sequence=1445.720968
[r13-five-plan/b17_C] [plan] step=786 node=N26798 type=observe q_typed_reliable_context=0.717701 sequence=1446.438669
[r13-five-plan/b17_C] [plan] step=787 node=N27797 type=observe q_typed_reliable_context=0.818417 sequence=1447.253086
[r13-five-plan/b17_C] [plan] step=788 node=N12408 type=observe q_typed_reliable_context=0.717211 sequence=1447.970297
[r13-five-plan/b17_C] [plan] step=789 node=N27822 type=observe q_typed_reliable_context=0.957703 sequence=1448.924001
[r13-five-plan/b17_C] [plan] step=790 node=N12398 type=observe q_typed_reliable_context=0.713387 sequence=1449.637387
[r13-five-plan/b17_C] [plan] step=791 node=N27795 type=observe q_typed_reliable_context=0.960965 sequence=1450.594352
[r13-five-plan/b17_C] [plan] step=792 node=N12362 type=observe q_typed_reliable_context=0.925315 sequence=1451.519667
[r13-five-plan/b17_C] [plan] step=793 node=N12419 type=observe q_typed_reliable_context=0.989327 sequence=1452.504994
[r13-five-plan/b17_C] [plan] step=794 node=N19713 type=observe q_typed_reliable_context=1.096571 sequence=1453.597566
[r13-five-plan/b17_C] [plan] step=795 node=N19881 type=observe q_typed_reliable_context=0.981675 sequence=1454.575240
[r13-five-plan/b17_C] [plan] step=796 node=N7604 type=observe q_typed_reliable_context=0.706829 sequence=1455.282069
[r13-five-plan/b17_C] [plan] step=797 node=N12430 type=observe q_typed_reliable_context=0.706229 sequence=1455.988298
[r13-five-plan/b17_C] [plan] step=798 node=N20305 type=observe q_typed_reliable_context=1.132921 sequence=1457.121220
[r13-five-plan/b17_C] [plan] step=799 node=N19735 type=observe q_typed_reliable_context=1.327040 sequence=1458.444260
[r13-five-plan/b17_C] [plan] step=800 node=N12366 type=observe q_typed_reliable_context=0.681962 sequence=1459.126222
[r13-five-plan/b17_C] [plan] step=801 node=N27830 type=observe q_typed_reliable_context=2.121455 sequence=1461.243677
[r13-five-plan/b17_C] [plan] step=802 node=N12285 type=observe q_typed_reliable_context=0.801444 sequence=1462.045122
[r13-five-plan/b17_C] [plan] step=803 node=N7936 type=observe q_typed_reliable_context=0.842364 sequence=1462.883486
[r13-five-plan/b17_C] [plan] step=804 node=N7940 type=observe q_typed_reliable_context=0.714782 sequence=1463.594268
[r13-five-plan/b17_C] [plan] step=805 node=N7343 type=observe q_typed_reliable_context=0.507913 sequence=1464.098180
[r13-five-plan/b17_C] [plan] step=806 node=N7266 type=observe q_typed_reliable_context=0.446360 sequence=1464.540540
[r13-five-plan/b17_C] [plan] step=807 node=N12512 type=observe q_typed_reliable_context=1.204137 sequence=1465.739677
[r13-five-plan/b17_C] [plan] step=808 node=N12411 type=observe q_typed_reliable_context=0.692601 sequence=1466.428279
[r13-five-plan/b17_C] [plan] step=809 node=N12743 type=observe q_typed_reliable_context=1.458104 sequence=1467.882383
[r13-five-plan/b17_C] [plan] step=810 node=N27798 type=observe q_typed_reliable_context=1.055909 sequence=1468.934292
[r13-five-plan/b17_C] [plan] step=811 node=N20483 type=observe q_typed_reliable_context=1.099590 sequence=1470.033882
[r13-five-plan/b17_C] [plan] step=812 node=N7946 type=observe q_typed_reliable_context=1.178115 sequence=1471.211997
[r13-five-plan/b17_C] [plan] step=813 node=N3814 type=observe q_typed_reliable_context=0.743260 sequence=1471.951257
[r13-five-plan/b17_C] [plan] step=814 node=N27796 type=observe q_typed_reliable_context=0.872968 sequence=1472.820225
[r13-five-plan/b17_C] [plan] step=815 node=N12736 type=observe q_typed_reliable_context=0.575247 sequence=1473.391472
[r13-five-plan/b17_C] [plan] step=816 node=N13458 type=observe q_typed_reliable_context=0.755439 sequence=1474.146911
[r13-five-plan/b17_C] [plan] step=817 node=N19340 type=observe q_typed_reliable_context=0.809171 sequence=1474.956082
[r13-five-plan/b17_C] [plan] step=818 node=N19720 type=observe q_typed_reliable_context=0.796940 sequence=1475.753022
[r13-five-plan/b17_C] [plan] step=819 node=N19712 type=observe q_typed_reliable_context=0.959713 sequence=1476.712735
[r13-five-plan/b17_C] [plan] step=820 node=N7941 type=observe q_typed_reliable_context=0.876511 sequence=1477.585246
[r13-five-plan/b17_C] [plan] step=821 node=N9499 type=observe q_typed_reliable_context=0.719685 sequence=1478.304930
[r13-five-plan/b17_C] [plan] step=822 node=N28825 type=control0 q_typed_reliable_context=1.653605 sequence=1479.958535
[r13-five-plan/b17_C] [plan] step=823 node=N28744 type=control0 q_typed_reliable_context=0.731545 sequence=1480.690080
[r13-five-plan/b17_C] [plan] step=824 node=N28829 type=control0 q_typed_reliable_context=1.391771 sequence=1482.081851
[r13-five-plan/b17_C] [plan] step=825 node=N28831 type=control0 q_typed_reliable_context=1.708216 sequence=1483.790067
[r13-five-plan/b17_C] [plan] step=826 node=N28746 type=control0 q_typed_reliable_context=0.737083 sequence=1484.523150
[r13-five-plan/b17_C] [plan] step=827 node=N28827 type=control0 q_typed_reliable_context=1.396188 sequence=1485.919338
[r13-five-plan/b17_C] [plan] step=828 node=N28833 type=control0 q_typed_reliable_context=1.690162 sequence=1487.609500
[r13-five-plan/b17_C] [plan] step=829 node=N26641 type=control0 q_typed_reliable_context=1.786514 sequence=1489.392014
[r13-five-plan/b17_C] [plan] step=830 node=N26643 type=control0 q_typed_reliable_context=2.114499 sequence=1491.502512
[r13-five-plan/b17_C] [plan] step=831 node=N9793 type=control0 q_typed_reliable_context=1.123912 sequence=1492.626424
[r13-five-plan/b17_C] [plan] step=832 node=N12431 type=observe q_typed_reliable_context=0.681969 sequence=1493.304393
[r13-five-plan/b17_C] [plan] step=833 node=N12363 type=observe q_typed_reliable_context=0.680758 sequence=1493.981151
[r13-five-plan/b17_C] [plan] step=834 node=N3298 type=observe q_typed_reliable_context=1.083137 sequence=1495.060288
[r13-five-plan/b17_C] [plan] step=835 node=N7935 type=observe q_typed_reliable_context=0.963915 sequence=1496.020203
[r13-five-plan/b17_C] [plan] step=836 node=N18084 type=observe q_typed_reliable_context=0.695283 sequence=1496.710486
[r13-five-plan/b17_C] [plan] step=837 node=N20309 type=observe q_typed_reliable_context=0.936151 sequence=1497.646636
[r13-five-plan/b17_C] [plan] step=838 node=N12352 type=observe q_typed_reliable_context=0.693678 sequence=1498.335315
[r13-five-plan/b17_C] [plan] step=839 node=N12313 type=observe q_typed_reliable_context=0.681229 sequence=1499.012543
[r13-five-plan/b17_C] [plan] step=840 node=N27799 type=observe q_typed_reliable_context=0.980550 sequence=1499.989093
[r13-five-plan/b17_C] [plan] step=841 node=N12383 type=observe q_typed_reliable_context=0.681279 sequence=1500.666372
[r13-five-plan/b17_C] [plan] step=842 node=N12629 type=observe q_typed_reliable_context=1.219168 sequence=1501.880540
[r13-five-plan/b17_C] [plan] step=843 node=N3865 type=observe q_typed_reliable_context=1.245688 sequence=1503.121228
[r13-five-plan/b17_C] [plan] step=844 node=N12263 type=observe q_typed_reliable_context=0.683076 sequence=1503.799304
[r13-five-plan/b17_C] [plan] step=845 node=N2935 type=observe q_typed_reliable_context=1.006637 sequence=1504.805940
[r13-five-plan/b17_C] [plan] step=846 node=N12168 type=observe q_typed_reliable_context=0.787339 sequence=1505.593279
[r13-five-plan/b17_C] [plan] step=847 node=N19537 type=observe q_typed_reliable_context=0.781784 sequence=1506.371064
[r13-five-plan/b17_C] [plan] step=848 node=N20481 type=observe q_typed_reliable_context=0.924404 sequence=1507.295468
[r13-five-plan/b17_C] [plan] step=849 node=N27832 type=observe q_typed_reliable_context=1.409992 sequence=1508.701460
[r13-five-plan/b17_C] [plan] step=850 node=N3830 type=observe q_typed_reliable_context=0.921093 sequence=1509.618553
[r13-five-plan/b17_C] [plan] step=851 node=N7315 type=observe q_typed_reliable_context=0.699588 sequence=1510.313141
[r13-five-plan/b17_C] [plan] step=852 node=N21855 type=observe q_typed_reliable_context=0.689803 sequence=1511.002943
[r13-five-plan/b17_C] [plan] step=853 node=N9421 type=observe q_typed_reliable_context=1.234723 sequence=1512.232666
[r13-five-plan/b17_C] [plan] step=854 node=N19480 type=observe q_typed_reliable_context=1.046660 sequence=1513.274326
[r13-five-plan/b17_C] [plan] step=855 node=N27375 type=observe q_typed_reliable_context=0.883468 sequence=1514.157794
[r13-five-plan/b17_C] [plan] step=856 node=N12281 type=observe q_typed_reliable_context=0.682622 sequence=1514.836416
[r13-five-plan/b17_C] [plan] step=857 node=N27377 type=observe q_typed_reliable_context=1.054800 sequence=1515.886216
[r13-five-plan/b17_C] [plan] step=858 node=N19719 type=observe q_typed_reliable_context=1.128514 sequence=1517.014730
[r13-five-plan/b17_C] [plan] step=859 node=N3330 type=observe q_typed_reliable_context=0.723068 sequence=1517.732798
[r13-five-plan/b17_C] [plan] step=860 node=N19339 type=observe q_typed_reliable_context=0.640762 sequence=1518.373560
[r13-five-plan/b17_C] [plan] step=861 node=N3969 type=observe q_typed_reliable_context=0.740228 sequence=1519.113788
[r13-five-plan/b17_C] [plan] step=862 node=N3306 type=observe q_typed_reliable_context=0.820198 sequence=1519.933987
[r13-five-plan/b17_C] [plan] step=863 node=N7972 type=observe q_typed_reliable_context=0.725622 sequence=1520.654609
[r13-five-plan/b17_C] [plan] step=864 node=N7984 type=observe q_typed_reliable_context=0.944660 sequence=1521.599269
[r13-five-plan/b17_C] [plan] step=865 node=N27367 type=observe q_typed_reliable_context=0.759694 sequence=1522.353963
[r13-five-plan/b17_C] [plan] step=866 node=N7224 type=observe q_typed_reliable_context=0.713242 sequence=1523.062205
[r13-five-plan/b17_C] [plan] step=867 node=N12261 type=observe q_typed_reliable_context=0.710136 sequence=1523.767341
[r13-five-plan/b17_C] [plan] step=868 node=N20283 type=observe q_typed_reliable_context=0.976203 sequence=1524.743544
[r13-five-plan/b17_C] [plan] step=869 node=N3374 type=observe q_typed_reliable_context=0.694748 sequence=1525.438292
[r13-five-plan/b17_C] [plan] step=870 node=N8953 type=observe q_typed_reliable_context=0.557043 sequence=1525.995335
[r13-five-plan/b17_C] [plan] step=871 node=N7951 type=observe q_typed_reliable_context=0.633906 sequence=1526.624240
[r13-five-plan/b17_C] [plan] step=872 node=N12618 type=observe q_typed_reliable_context=0.841584 sequence=1527.461824
[r13-five-plan/b17_C] [plan] step=873 node=N9699 type=observe q_typed_reliable_context=0.800708 sequence=1528.258531
[r13-five-plan/b17_C] [plan] step=874 node=N9425 type=observe q_typed_reliable_context=0.855612 sequence=1529.114143
[r13-five-plan/b17_C] [plan] step=875 node=N8615 type=control1 q_typed_reliable_context=1.346734 sequence=1530.455877
[r13-five-plan/b17_C] [plan] step=876 node=N26651 type=control0 q_typed_reliable_context=1.345388 sequence=1531.797264
[r13-five-plan/b17_C] [plan] step=877 node=N7950 type=observe q_typed_reliable_context=1.255710 sequence=1533.047974
[r13-five-plan/b17_C] [plan] step=878 node=N3818 type=observe q_typed_reliable_context=1.023049 sequence=1534.067024
[r13-five-plan/b17_C] [plan] step=879 node=N11967 type=control0 q_typed_reliable_context=0.704699 sequence=1534.771723
[r13-five-plan/b17_C] [plan] step=880 node=N20479 type=observe q_typed_reliable_context=1.077625 sequence=1535.849348
[r13-five-plan/b17_C] [plan] step=881 node=N19825 type=observe q_typed_reliable_context=0.730773 sequence=1536.580121
[r13-five-plan/b17_C] [plan] step=882 node=N21846 type=observe q_typed_reliable_context=0.736430 sequence=1537.311552
[r13-five-plan/b17_C] [plan] step=883 node=N12217 type=observe q_typed_reliable_context=0.685744 sequence=1537.993295
[r13-five-plan/b17_C] [plan] step=884 node=N9440 type=observe q_typed_reliable_context=1.297003 sequence=1539.290298
[r13-five-plan/b17_C] [plan] step=885 node=N12295 type=observe q_typed_reliable_context=0.711219 sequence=1539.996517
[r13-five-plan/b17_C] [plan] step=886 node=N9501 type=observe q_typed_reliable_context=1.030773 sequence=1541.023290
[r13-five-plan/b17_C] [plan] step=887 node=N12427 type=observe q_typed_reliable_context=0.667640 sequence=1541.686930
[r13-five-plan/b17_C] [plan] step=888 node=N7934 type=observe q_typed_reliable_context=1.153949 sequence=1542.836879
[r13-five-plan/b17_C] [plan] step=889 node=N11932 type=control0 q_typed_reliable_context=0.688600 sequence=1543.525479
[r13-five-plan/b17_C] [plan] step=890 node=N19718 type=observe q_typed_reliable_context=1.307153 sequence=1544.832632
[r13-five-plan/b17_C] [plan] step=891 node=N19429 type=observe q_typed_reliable_context=1.082336 sequence=1545.914968
[r13-five-plan/b17_C] [plan] step=892 node=N3826 type=observe q_typed_reliable_context=1.008530 sequence=1546.919498
[r13-five-plan/b17_C] [plan] step=893 node=N12379 type=observe q_typed_reliable_context=0.806408 sequence=1547.720906
[r13-five-plan/b17_C] [plan] step=894 node=N20285 type=observe q_typed_reliable_context=1.118251 sequence=1548.839156
[r13-five-plan/b17_C] [plan] step=895 node=N12222 type=observe q_typed_reliable_context=0.764346 sequence=1549.598502
[r13-five-plan/b17_C] [plan] step=896 node=N27800 type=observe q_typed_reliable_context=1.041681 sequence=1550.636183
[r13-five-plan/b17_C] [plan] step=897 node=N13456 type=observe q_typed_reliable_context=1.229419 sequence=1551.860602
[r13-five-plan/b17_C] [plan] step=898 node=N12901 type=observe q_typed_reliable_context=0.882612 sequence=1552.743214
[r13-five-plan/b17_C] [plan] step=899 node=N27812 type=observe q_typed_reliable_context=1.068761 sequence=1553.811975
[r13-five-plan/b17_C] [plan] step=900 node=N7977 type=observe q_typed_reliable_context=1.184888 sequence=1554.991863
[r13-five-plan/b17_C] [plan] step=901 node=N12288 type=observe q_typed_reliable_context=0.783725 sequence=1555.771588
[r13-five-plan/b17_C] [plan] step=902 node=N3350 type=observe q_typed_reliable_context=0.524522 sequence=1556.296110
[r13-five-plan/b17_C] [plan] step=903 node=N19882 type=observe q_typed_reliable_context=0.585838 sequence=1556.881948
[r13-five-plan/b17_C] [plan] step=904 node=N19717 type=observe q_typed_reliable_context=0.594254 sequence=1557.476202
[r13-five-plan/b17_C] [plan] step=905 node=N3343 type=observe q_typed_reliable_context=0.664374 sequence=1558.136576
[r13-five-plan/b17_C] [plan] step=906 node=N21100 type=observe q_typed_reliable_context=0.652549 sequence=1558.785125
[r13-five-plan/b17_C] [plan] step=907 node=N20469 type=observe q_typed_reliable_context=0.562185 sequence=1559.347309
[r13-five-plan/b17_C] [plan] step=908 node=N19716 type=observe q_typed_reliable_context=0.712506 sequence=1560.059815
[r13-five-plan/b17_C] [plan] step=909 node=N20319 type=observe q_typed_reliable_context=0.674190 sequence=1560.734005
[r13-five-plan/b17_C] [plan] step=910 node=N8002 type=observe q_typed_reliable_context=1.332000 sequence=1562.062005
[r13-five-plan/b17_C] [plan] step=911 node=N19371 type=observe q_typed_reliable_context=0.733502 sequence=1562.795507
[r13-five-plan/b17_C] [plan] step=912 node=N26692 type=observe q_typed_reliable_context=0.714039 sequence=1563.509546
[r13-five-plan/b17_C] [plan] step=913 node=N20475 type=observe q_typed_reliable_context=0.933649 sequence=1564.443194
[r13-five-plan/b17_C] [plan] step=914 node=N26532 type=observe q_typed_reliable_context=0.709180 sequence=1565.148374
[r13-five-plan/b17_C] [plan] step=915 node=N7943 type=observe q_typed_reliable_context=1.177313 sequence=1566.321688
[r13-five-plan/b17_C] [plan] step=916 node=N3382 type=observe q_typed_reliable_context=0.693699 sequence=1567.015387
[r13-five-plan/b17_C] [plan] step=917 node=N9704 type=observe q_typed_reliable_context=0.686411 sequence=1567.697798
[r13-five-plan/b17_C] [plan] step=918 node=N19715 type=observe q_typed_reliable_context=0.904551 sequence=1568.602349
[r13-five-plan/b17_C] [plan] step=919 node=N15573 type=observe q_typed_reliable_context=0.890493 sequence=1569.492842
[r13-five-plan/b17_C] [plan] step=920 node=N20315 type=observe q_typed_reliable_context=0.830686 sequence=1570.323527
[r13-five-plan/b17_C] [plan] step=921 node=N19536 type=observe q_typed_reliable_context=1.175636 sequence=1571.495164
[r13-five-plan/b17_C] [plan] step=922 node=N27834 type=observe q_typed_reliable_context=1.410881 sequence=1572.902045
[r13-five-plan/b17_C] [plan] step=923 node=N27445 type=observe q_typed_reliable_context=1.341682 sequence=1574.239727
[r13-five-plan/b17_C] [plan] step=924 node=N14137 type=observe q_typed_reliable_context=1.340312 sequence=1575.576039
[r13-five-plan/b17_C] [plan] step=925 node=N20080 type=observe q_typed_reliable_context=1.038163 sequence=1576.614203
[r13-five-plan/b17_C] [plan] step=926 node=N3651 type=observe q_typed_reliable_context=0.945659 sequence=1577.555862
[r13-five-plan/b17_C] [plan] step=927 node=N3321 type=observe q_typed_reliable_context=1.233018 sequence=1578.783880
[r13-five-plan/b17_C] [plan] step=928 node=N26453 type=observe q_typed_reliable_context=0.686107 sequence=1579.469987
[r13-five-plan/b17_C] [plan] step=929 node=N20477 type=observe q_typed_reliable_context=0.884763 sequence=1580.354750
[r13-five-plan/b17_C] [plan] step=930 node=N12486 type=observe q_typed_reliable_context=0.700131 sequence=1581.050881
[r13-five-plan/b17_C] [plan] step=931 node=N19624 type=observe q_typed_reliable_context=0.749390 sequence=1581.795271
[r13-five-plan/b17_C] [plan] step=932 node=N20317 type=observe q_typed_reliable_context=0.569974 sequence=1582.365244
[r13-five-plan/b17_C] [plan] step=933 node=N19714 type=observe q_typed_reliable_context=0.616588 sequence=1582.976832
[r13-five-plan/b17_C] [plan] step=934 node=N19337 type=observe q_typed_reliable_context=0.607130 sequence=1583.583962
[r13-five-plan/b17_C] [plan] step=935 node=N19533 type=observe q_typed_reliable_context=0.770406 sequence=1584.350368
[r13-five-plan/b17_C] [plan] step=936 node=N27607 type=control1 q_typed_reliable_context=1.133328 sequence=1585.483696
[r13-five-plan/b17_C] [plan] step=937 node=N13642 type=observe q_typed_reliable_context=0.763645 sequence=1586.247342
[r13-five-plan/b17_C] [plan] step=938 node=N19532 type=observe q_typed_reliable_context=0.940935 sequence=1587.184276
[r13-five-plan/b17_C] [plan] step=939 node=N7955 type=observe q_typed_reliable_context=0.604463 sequence=1587.783740
[r13-five-plan/b17_C] [plan] step=940 node=N7957 type=observe q_typed_reliable_context=0.663504 sequence=1588.442244
[r13-five-plan/b17_C] [plan] step=941 node=N27499 type=control0 q_typed_reliable_context=0.569416 sequence=1589.007660
[r13-five-plan/b17_C] [plan] step=942 node=N20473 type=observe q_typed_reliable_context=1.014689 sequence=1590.022348
[r13-five-plan/b17_C] [plan] step=943 node=N12382 type=observe q_typed_reliable_context=0.810166 sequence=1590.827515
[r13-five-plan/b17_C] [plan] step=944 node=N14141 type=observe q_typed_reliable_context=0.750077 sequence=1591.573592
[r13-five-plan/b17_C] [plan] step=945 node=N11914 type=control0 q_typed_reliable_context=0.716251 sequence=1592.289843
[r13-five-plan/b17_C] [plan] step=946 node=N27503 type=control0 q_typed_reliable_context=0.499723 sequence=1592.785567
[r13-five-plan/b17_C] [plan] step=947 node=N26521 type=observe q_typed_reliable_context=1.066021 sequence=1593.846588
[r13-five-plan/b17_C] [plan] step=948 node=N7959 type=observe q_typed_reliable_context=0.881905 sequence=1594.723492
[r13-five-plan/b17_C] [plan] step=949 node=N12857 type=observe q_typed_reliable_context=1.020067 sequence=1595.743560
[r13-five-plan/b17_C] [plan] step=950 node=N19508 type=observe q_typed_reliable_context=0.789552 sequence=1596.528112
[r13-five-plan/b17_C] [plan] step=951 node=N27505 type=control0 q_typed_reliable_context=0.675421 sequence=1597.199533
[r13-five-plan/b17_C] [plan] step=952 node=N7953 type=observe q_typed_reliable_context=0.801450 sequence=1597.995984
[r13-five-plan/b17_C] [plan] step=953 node=N19425 type=observe q_typed_reliable_context=0.842553 sequence=1598.838536
[r13-five-plan/b17_C] [plan] step=954 node=N3492 type=observe q_typed_reliable_context=0.543734 sequence=1599.382270
[r13-five-plan/b17_C] [plan] step=955 node=N2748 type=control0 q_typed_reliable_context=0.595793 sequence=1599.974063
[r13-five-plan/b17_C] [plan] step=956 node=N19734 type=observe q_typed_reliable_context=0.975473 sequence=1600.949536
[r13-five-plan/b17_C] [plan] step=957 node=N29124 type=control0 q_typed_reliable_context=0.518557 sequence=1601.468093
[r13-five-plan/b17_C] [plan] step=958 node=N20471 type=observe q_typed_reliable_context=0.861501 sequence=1602.329594
[r13-five-plan/b17_C] [plan] step=959 node=N8621 type=control0 q_typed_reliable_context=1.032040 sequence=1603.357634
[r13-five-plan/b17_C] [plan] step=960 node=N19267 type=observe q_typed_reliable_context=0.689156 sequence=1604.042790
[r13-five-plan/b17_C] [plan] step=961 node=N3366 type=observe q_typed_reliable_context=1.119343 sequence=1605.162133
[r13-five-plan/b17_C] [plan] step=962 node=N14138 type=observe q_typed_reliable_context=1.524016 sequence=1606.682149
[r13-five-plan/b17_C] [plan] step=963 node=N27913 type=observe q_typed_reliable_context=0.929507 sequence=1607.611656
[r13-five-plan/b17_C] [plan] step=964 node=N27909 type=observe q_typed_reliable_context=0.751829 sequence=1608.363485
[r13-five-plan/b17_C] [plan] step=965 node=N20896 type=control0 q_typed_reliable_context=0.591716 sequence=1608.955200
[r13-five-plan/b17_C] [plan] step=966 node=N6032 type=control0 q_typed_reliable_context=1.031225 sequence=1609.986425
[r13-five-plan/b17_C] [plan] step=967 node=N26261 type=control0 q_typed_reliable_context=0.748913 sequence=1610.731338
[r13-five-plan/b17_C] [plan] step=968 node=N5115 type=control0 q_typed_reliable_context=1.015945 sequence=1611.747283
[r13-five-plan/b17_C] [plan] step=969 node=N26275 type=control0 q_typed_reliable_context=2.266515 sequence=1614.009798
[r13-five-plan/b17_C] [plan] step=970 node=N27501 type=control0 q_typed_reliable_context=1.690565 sequence=1615.696363
[r13-five-plan/b17_C] [plan] step=971 node=N2742 type=control0 q_typed_reliable_context=0.953823 sequence=1616.646186
[r13-five-plan/b17_C] [plan] step=972 node=N27801 type=observe q_typed_reliable_context=0.781511 sequence=1617.423697
[r13-five-plan/b17_C] [plan] step=973 node=N19263 type=observe q_typed_reliable_context=1.012769 sequence=1618.432466
[r13-five-plan/b17_C] [plan] step=974 node=N27911 type=observe q_typed_reliable_context=0.698734 sequence=1619.131200
[r13-five-plan/b17_C] [plan] step=975 node=N19724 type=observe q_typed_reliable_context=0.852313 sequence=1619.983513
[r13-five-plan/b17_C] [plan] step=976 node=N3822 type=observe q_typed_reliable_context=0.812207 sequence=1620.791720
[r13-five-plan/b17_C] [plan] step=977 node=N27907 type=observe q_typed_reliable_context=0.708703 sequence=1621.500423
[r13-five-plan/b17_C] [plan] step=978 node=N19507 type=observe q_typed_reliable_context=0.963215 sequence=1622.458638
[r13-five-plan/b17_C] [plan] step=979 node=N27905 type=observe q_typed_reliable_context=0.727229 sequence=1623.185867
[r13-five-plan/b17_C] [plan] step=980 node=N19259 type=observe q_typed_reliable_context=0.760811 sequence=1623.942678
[r13-five-plan/b17_C] [plan] step=981 node=N27885 type=observe q_typed_reliable_context=0.688821 sequence=1624.631499
[r13-five-plan/b17_C] [plan] step=982 node=N26455 type=observe q_typed_reliable_context=1.022660 sequence=1625.650159
[r13-five-plan/b17_C] [plan] step=983 node=N20467 type=observe q_typed_reliable_context=0.827807 sequence=1626.477965
[r13-five-plan/b17_C] [plan] step=984 node=N3358 type=observe q_typed_reliable_context=0.890892 sequence=1627.368857
[r13-five-plan/b17_C] [plan] step=985 node=N19676 type=observe q_typed_reliable_context=0.561592 sequence=1627.930449
[r13-five-plan/b17_C] [plan] step=986 node=N6517 type=observe q_typed_reliable_context=1.029926 sequence=1628.955375
[r13-five-plan/b17_C] [plan] step=987 node=N27836 type=observe q_typed_reliable_context=0.783454 sequence=1629.734829
[r13-five-plan/b17_C] [plan] step=988 node=N20465 type=observe q_typed_reliable_context=0.706629 sequence=1630.441458
[r13-five-plan/b17_C] [plan] step=989 node=N19268 type=observe q_typed_reliable_context=0.648311 sequence=1631.085769
[r13-five-plan/b17_C] [plan] step=990 node=N19673 type=observe q_typed_reliable_context=0.630265 sequence=1631.716034
[r13-five-plan/b17_C] [plan] step=991 node=N20463 type=observe q_typed_reliable_context=0.640280 sequence=1632.356314
[r13-five-plan/b17_C] [plan] step=992 node=N14142 type=observe q_typed_reliable_context=0.811573 sequence=1633.163887
[r13-five-plan/b17_C] [plan] step=993 node=N27883 type=observe q_typed_reliable_context=0.942654 sequence=1634.106541
[r13-five-plan/b17_C] [plan] step=994 node=N19272 type=observe q_typed_reliable_context=0.656615 sequence=1634.759156
[r13-five-plan/b17_C] saved=autoresearch/loop-260720-0945/typed_winner_round13_refresh_five/b17_C/plans/iscas99__b17.csv
