[plan] torch_deterministic=true
[plan] candidate_allowlist=autoresearch/original-netlist-recovery-260712/exact_itc99/b15_C/exact_candidate_nodes.txt nodes=7918
[plan] latent_norm_clip_ratio=4 latent_norm_limit=30.875631
[plan] step=1 node=N677 type=control1 q_typed_trust_context=5.195585 sequence=5.195585
[plan] step=2 node=N2155 type=observe q_typed_trust_context=4.636675 sequence=9.832260
[plan] step=3 node=N502 type=control1 q_typed_trust_context=1.993262 sequence=11.825522
[plan] step=4 node=N762 type=control1 q_typed_trust_context=1.719893 sequence=13.545415
[plan] step=5 node=N3644 type=control0 q_typed_trust_context=1.214906 sequence=14.760321
[plan] step=6 node=N3756 type=control0 q_typed_trust_context=1.059240 sequence=15.819561
[plan] step=7 node=N557 type=control1 q_typed_trust_context=0.977934 sequence=16.797495
[plan] step=8 node=N5143 type=observe q_typed_trust_context=1.031711 sequence=17.829207
[plan] step=9 node=N507 type=control1 q_typed_trust_context=0.945978 sequence=18.775185
[plan] step=10 node=N3742 type=control0 q_typed_trust_context=1.124554 sequence=19.899739
[plan] step=11 node=N564 type=control1 q_typed_trust_context=2.290324 sequence=22.190063
[plan] step=12 node=N5203 type=control1 q_typed_trust_context=1.603809 sequence=23.793871
[plan] step=13 node=N5866 type=observe q_typed_trust_context=3.265034 sequence=27.058905
[plan] step=14 node=N580 type=control1 q_typed_trust_context=3.127520 sequence=30.186425
[plan] step=15 node=N737 type=control1 q_typed_trust_context=2.794148 sequence=32.980573
[plan] step=16 node=N1853 type=observe q_typed_trust_context=1.799788 sequence=34.780360
[plan] step=17 node=N2082 type=observe q_typed_trust_context=4.690240 sequence=39.470601
[plan] step=18 node=N2153 type=observe q_typed_trust_context=4.581054 sequence=44.051654
[plan] step=19 node=N2101 type=observe q_typed_trust_context=5.275425 sequence=49.327080
[plan] step=20 node=N1860 type=observe q_typed_trust_context=4.775944 sequence=54.103023
[plan] step=21 node=N1372 type=observe q_typed_trust_context=4.157715 sequence=58.260738
[plan] step=22 node=N496 type=control1 q_typed_trust_context=6.767092 sequence=65.027830
[plan] step=23 node=N5723 type=control0 q_typed_trust_context=6.126657 sequence=71.154486
[plan] step=24 node=N7516 type=observe q_typed_trust_context=6.017149 sequence=77.171635
[plan] step=25 node=N582 type=control1 q_typed_trust_context=4.179962 sequence=81.351597
[plan] step=26 node=N766 type=control1 q_typed_trust_context=6.878448 sequence=88.230045
[plan] step=27 node=N5234 type=observe q_typed_trust_context=4.286184 sequence=92.516230
[plan] step=28 node=N1437 type=control1 q_typed_trust_context=4.510930 sequence=97.027159
[plan] step=29 node=N583 type=control1 q_typed_trust_context=4.869782 sequence=101.896941
[plan] step=30 node=N2040 type=observe q_typed_trust_context=5.182133 sequence=107.079075
[plan] step=31 node=N4635 type=control0 q_typed_trust_context=6.390000 sequence=113.469075
[plan] step=32 node=N7411 type=control1 q_typed_trust_context=4.529407 sequence=117.998482
[plan] step=33 node=N2044 type=observe q_typed_trust_context=3.743318 sequence=121.741800
[plan] step=34 node=N2042 type=observe q_typed_trust_context=4.774671 sequence=126.516471
[plan] step=35 node=N1532 type=observe q_typed_trust_context=6.601319 sequence=133.117790
[plan] step=36 node=N7413 type=control1 q_typed_trust_context=6.390000 sequence=139.507790
[plan] step=37 node=N4649 type=control0 q_typed_trust_context=6.060000 sequence=145.567790
[plan] step=38 node=N7891 type=control1 q_typed_trust_context=5.928760 sequence=151.496550
[plan] step=39 node=N2314 type=control1 q_typed_trust_context=5.305761 sequence=156.802311
[plan] step=40 node=N7511 type=control1 q_typed_trust_context=4.575000 sequence=161.377311
[plan] step=41 node=N7882 type=control1 q_typed_trust_context=4.355153 sequence=165.732464
[plan] step=42 node=N7883 type=control1 q_typed_trust_context=6.136533 sequence=171.868997
[plan] step=43 node=N7881 type=control1 q_typed_trust_context=4.443711 sequence=176.312708
[plan] step=44 node=N7884 type=control1 q_typed_trust_context=4.639271 sequence=180.951979
[plan] step=45 node=N7885 type=control1 q_typed_trust_context=4.899961 sequence=185.851941
[plan] step=46 node=N7886 type=control1 q_typed_trust_context=5.362680 sequence=191.214621
[plan] step=47 node=N7887 type=control1 q_typed_trust_context=4.996724 sequence=196.211345
[plan] step=48 node=N7888 type=control1 q_typed_trust_context=2.372132 sequence=198.583478
[plan] step=49 node=N7889 type=control1 q_typed_trust_context=0.831649 sequence=199.415127
[plan] step=50 node=N3889 type=control0 q_typed_trust_context=0.718527 sequence=200.133654
[plan] step=51 node=N4656 type=control0 q_typed_trust_context=2.491908 sequence=202.625562
[plan] step=52 node=N3903 type=control0 q_typed_trust_context=0.893443 sequence=203.519004
[plan] step=53 node=N4663 type=control0 q_typed_trust_context=1.046808 sequence=204.565812
[plan] step=54 node=N713 type=observe q_typed_trust_context=1.642350 sequence=206.208162
[plan] step=55 node=N724 type=observe q_typed_trust_context=1.406818 sequence=207.614980
[plan] step=56 node=N704 type=observe q_typed_trust_context=1.478172 sequence=209.093152
[plan] step=57 node=N4677 type=control0 q_typed_trust_context=1.903932 sequence=210.997084
[plan] step=58 node=N4670 type=control0 q_typed_trust_context=0.986343 sequence=211.983426
[plan] step=59 node=N3896 type=control0 q_typed_trust_context=0.974166 sequence=212.957593
[plan] step=60 node=N3882 type=control0 q_typed_trust_context=0.922200 sequence=213.879792
[plan] step=61 node=N3805 type=control0 q_typed_trust_context=0.940936 sequence=214.820728
[plan] step=62 node=N3722 type=control0 q_typed_trust_context=0.914694 sequence=215.735423
[plan] step=63 node=N3911 type=control0 q_typed_trust_context=0.937466 sequence=216.672888
[plan] step=64 node=N4606 type=control0 q_typed_trust_context=1.024664 sequence=217.697553
[plan] step=65 node=N4585 type=control0 q_typed_trust_context=1.033988 sequence=218.731541
[plan] step=66 node=N4705 type=control0 q_typed_trust_context=1.083219 sequence=219.814760
[plan] step=67 node=N4712 type=control0 q_typed_trust_context=1.169816 sequence=220.984576
[plan] step=68 node=N4716 type=control0 q_typed_trust_context=1.386317 sequence=222.370894
[plan] step=69 node=N2106 type=observe q_typed_trust_context=1.217837 sequence=223.588730
[plan] step=70 node=N4578 type=control0 q_typed_trust_context=1.000637 sequence=224.589367
[plan] step=71 node=N519 type=control1 q_typed_trust_context=1.711052 sequence=226.300419
[plan] step=72 node=N4698 type=control0 q_typed_trust_context=1.470144 sequence=227.770563
[plan] step=73 node=N4691 type=control0 q_typed_trust_context=1.341253 sequence=229.111817
[plan] step=74 node=N4684 type=control0 q_typed_trust_context=1.455189 sequence=230.567006
[plan] step=75 node=N7471 type=control0 q_typed_trust_context=1.394311 sequence=231.961317
[plan] step=76 node=N2083 type=observe q_typed_trust_context=2.352922 sequence=234.314240
[plan] step=77 node=N7370 type=control1 q_typed_trust_context=2.526960 sequence=236.841200
[plan] step=78 node=N513 type=control1 q_typed_trust_context=4.348975 sequence=241.190175
[plan] step=79 node=N504 type=control1 q_typed_trust_context=2.364271 sequence=243.554446
[plan] step=80 node=N4564 type=control0 q_typed_trust_context=1.823820 sequence=245.378266
[plan] step=81 node=N4557 type=control0 q_typed_trust_context=1.742711 sequence=247.120977
[plan] step=82 node=N7724 type=control0 q_typed_trust_context=3.989739 sequence=251.110716
[plan] step=83 node=N7854 type=control0 q_typed_trust_context=1.576835 sequence=252.687551
[plan] step=84 node=N7543 type=control0 q_typed_trust_context=2.142291 sequence=254.829842
[plan] step=85 node=N516 type=control1 q_typed_trust_context=2.086372 sequence=256.916214
[plan] step=86 node=N520 type=control1 q_typed_trust_context=2.182119 sequence=259.098333
[plan] step=87 node=N7722 type=control0 q_typed_trust_context=4.329457 sequence=263.427789
[plan] step=88 node=N3904 type=control0 q_typed_trust_context=1.793803 sequence=265.221592
[plan] step=89 node=N3897 type=control0 q_typed_trust_context=2.231076 sequence=267.452669
[plan] step=90 node=N1533 type=control1 q_typed_trust_context=3.224457 sequence=270.677126
[plan] step=91 node=N3862 type=control0 q_typed_trust_context=3.836357 sequence=274.513483
[plan] step=92 node=N3855 type=control0 q_typed_trust_context=2.424305 sequence=276.937788
[plan] step=93 node=N3848 type=control0 q_typed_trust_context=3.012211 sequence=279.949999
[plan] step=94 node=N3841 type=control0 q_typed_trust_context=3.642560 sequence=283.592559
[plan] step=95 node=N7723 type=control0 q_typed_trust_context=5.321350 sequence=288.913909
[plan] step=96 node=N7725 type=control0 q_typed_trust_context=2.471537 sequence=291.385446
[plan] step=97 node=N556 type=control1 q_typed_trust_context=1.991187 sequence=293.376633
[plan] step=98 node=N555 type=control1 q_typed_trust_context=2.495259 sequence=295.871892
[plan] step=99 node=N7735 type=control0 q_typed_trust_context=4.029798 sequence=299.901690
[plan] step=100 node=N634 type=control1 q_typed_trust_context=1.800940 sequence=301.702630
[plan] step=101 node=N3827 type=control0 q_typed_trust_context=2.518574 sequence=304.221203
[plan] step=102 node=N7408 type=control0 q_typed_trust_context=2.144797 sequence=306.366000
[plan] step=103 node=N7872 type=control1 q_typed_trust_context=2.221073 sequence=308.587073
[plan] step=104 node=N7541 type=control0 q_typed_trust_context=3.173972 sequence=311.761045
[plan] step=105 node=N3820 type=control0 q_typed_trust_context=4.662017 sequence=316.423061
[plan] step=106 node=N3813 type=control0 q_typed_trust_context=3.886454 sequence=320.309515
[plan] step=107 node=N3799 type=control0 q_typed_trust_context=3.238425 sequence=323.547940
[plan] step=108 node=N7820 type=control0 q_typed_trust_context=2.083455 sequence=325.631395
[plan] step=109 node=N7870 type=control1 q_typed_trust_context=3.139725 sequence=328.771120
[plan] step=110 node=N3180 type=control1 q_typed_trust_context=3.189043 sequence=331.960163
[plan] step=111 node=N620 type=control1 q_typed_trust_context=2.576997 sequence=334.537159
[plan] step=112 node=N3792 type=control0 q_typed_trust_context=3.857510 sequence=338.394669
[plan] step=113 node=N3785 type=control0 q_typed_trust_context=3.551241 sequence=341.945910
[plan] step=114 node=N3410 type=control1 q_typed_trust_context=4.069673 sequence=346.015583
[plan] step=115 node=N3701 type=control0 q_typed_trust_context=3.532198 sequence=349.547781
[plan] step=116 node=N4520 type=control0 q_typed_trust_context=4.929254 sequence=354.477035
[plan] step=117 node=N1411 type=control0 q_typed_trust_context=3.965799 sequence=358.442834
[plan] step=118 node=N3681 type=control0 q_typed_trust_context=2.427613 sequence=360.870447
[plan] step=119 node=N638 type=control1 q_typed_trust_context=1.779023 sequence=362.649470
[plan] step=120 node=N614 type=control1 q_typed_trust_context=2.056685 sequence=364.706155
[plan] step=121 node=N7588 type=control1 q_typed_trust_context=2.338775 sequence=367.044931
[plan] step=122 node=N610 type=control1 q_typed_trust_context=2.548405 sequence=369.593336
[plan] step=123 node=N7590 type=control1 q_typed_trust_context=2.756073 sequence=372.349409
[plan] step=124 node=N7877 type=control1 q_typed_trust_context=1.790712 sequence=374.140121
[plan] step=125 node=N7879 type=control1 q_typed_trust_context=1.622238 sequence=375.762358
[plan] step=126 node=N645 type=control1 q_typed_trust_context=1.757571 sequence=377.519929
[plan] step=127 node=N578 type=observe q_typed_trust_context=1.568041 sequence=379.087971
[plan] step=128 node=N7856 type=control1 q_typed_trust_context=1.296319 sequence=380.384290
[plan] step=129 node=N7892 type=control1 q_typed_trust_context=1.146475 sequence=381.530765
[plan] step=130 node=N616 type=control1 q_typed_trust_context=1.251057 sequence=382.781822
[plan] step=131 node=N636 type=control1 q_typed_trust_context=1.637614 sequence=384.419436
[plan] step=132 node=N7454 type=observe q_typed_trust_context=1.131636 sequence=385.551072
[plan] step=133 node=N2157 type=observe q_typed_trust_context=2.968403 sequence=388.519474
[plan] step=134 node=N7401 type=observe q_typed_trust_context=3.552146 sequence=392.071620
[plan] step=135 node=N2102 type=observe q_typed_trust_context=3.798005 sequence=395.869625
[plan] step=136 node=N5603 type=observe q_typed_trust_context=2.957307 sequence=398.826933
[plan] step=137 node=N5878 type=observe q_typed_trust_context=1.334268 sequence=400.161201
[plan] step=138 node=N694 type=observe q_typed_trust_context=4.770346 sequence=404.931547
[plan] step=139 node=N7424 type=control1 q_typed_trust_context=2.039485 sequence=406.971031
[plan] step=140 node=N3295 type=control1 q_typed_trust_context=1.412064 sequence=408.383096
[plan] step=141 node=N630 type=control1 q_typed_trust_context=1.528690 sequence=409.911786
[plan] step=142 node=N642 type=control1 q_typed_trust_context=1.448461 sequence=411.360247
[plan] step=143 node=N7679 type=observe q_typed_trust_context=1.807849 sequence=413.168096
[plan] step=144 node=N6531 type=observe q_typed_trust_context=1.993632 sequence=415.161728
[plan] step=145 node=N5876 type=observe q_typed_trust_context=1.668201 sequence=416.829929
[plan] step=146 node=N722 type=observe q_typed_trust_context=1.638854 sequence=418.468783
[plan] step=147 node=N649 type=control1 q_typed_trust_context=2.838875 sequence=421.307658
[plan] step=148 node=N7436 type=observe q_typed_trust_context=5.196993 sequence=426.504652
[plan] step=149 node=N712 type=observe q_typed_trust_context=2.064912 sequence=428.569564
[plan] step=150 node=N7627 type=observe q_typed_trust_context=2.582378 sequence=431.151942
[plan] step=151 node=N5740 type=observe q_typed_trust_context=2.280232 sequence=433.432174
[plan] step=152 node=N5738 type=observe q_typed_trust_context=1.578947 sequence=435.011121
[plan] step=153 node=N2580 type=control1 q_typed_trust_context=1.649501 sequence=436.660623
[plan] step=154 node=N3525 type=control1 q_typed_trust_context=1.446525 sequence=438.107148
[plan] step=155 node=N1607 type=control1 q_typed_trust_context=1.618850 sequence=439.725998
[plan] step=156 node=N647 type=control1 q_typed_trust_context=2.030368 sequence=441.756366
[plan] step=157 node=N1586 type=control1 q_typed_trust_context=2.761615 sequence=444.517980
[plan] step=158 node=N3467 type=control1 q_typed_trust_context=1.817940 sequence=446.335921
[plan] step=159 node=N6533 type=observe q_typed_trust_context=0.917752 sequence=447.253672
[plan] step=160 node=N7385 type=observe q_typed_trust_context=1.018459 sequence=448.272132
[plan] step=161 node=N723 type=observe q_typed_trust_context=1.260973 sequence=449.533104
[plan] step=162 node=N2149 type=observe q_typed_trust_context=1.709075 sequence=451.242180
[plan] step=163 node=N5473 type=observe q_typed_trust_context=2.059025 sequence=453.301204
[plan] step=164 node=N714 type=observe q_typed_trust_context=3.777037 sequence=457.078241
[plan] step=165 node=N7614 type=observe q_typed_trust_context=2.697177 sequence=459.775418
[plan] step=166 node=N5874 type=observe q_typed_trust_context=3.231894 sequence=463.007312
[plan] step=167 node=N5356 type=observe q_typed_trust_context=3.830020 sequence=466.837331
[plan] step=168 node=N715 type=observe q_typed_trust_context=3.539463 sequence=470.376794
[plan] step=169 node=N2652 type=control1 q_typed_trust_context=1.579061 sequence=471.955855
[plan] step=170 node=N2721 type=control1 q_typed_trust_context=1.410523 sequence=473.366378
[plan] step=171 node=N7442 type=control0 q_typed_trust_context=0.724428 sequence=474.090806
[plan] step=172 node=N2894 type=control1 q_typed_trust_context=0.954782 sequence=475.045589
[plan] step=173 node=N7405 type=observe q_typed_trust_context=0.877188 sequence=475.922776
[plan] step=174 node=N7694 type=control0 q_typed_trust_context=0.125139 sequence=476.047915
[plan] step=175 node=N2952 type=control1 q_typed_trust_context=0.767757 sequence=476.815672
[plan] step=176 node=N6685 type=observe q_typed_trust_context=0.731712 sequence=477.547384
[plan] step=177 node=N725 type=observe q_typed_trust_context=2.650589 sequence=480.197973
[plan] step=178 node=N705 type=observe q_typed_trust_context=3.574779 sequence=483.772752
[plan] step=179 node=N5456 type=observe q_typed_trust_context=0.909901 sequence=484.682652
[plan] step=180 node=N703 type=observe q_typed_trust_context=1.473458 sequence=486.156110
[plan] step=181 node=N2779 type=control1 q_typed_trust_context=1.307655 sequence=487.463765
[plan] step=182 node=N2072 type=observe q_typed_trust_context=0.124379 sequence=487.588145
[plan] step=183 node=N763 type=observe q_typed_trust_context=1.306016 sequence=488.894160
[plan] step=184 node=N706 type=observe q_typed_trust_context=1.903024 sequence=490.797185
[plan] step=185 node=N5439 type=observe q_typed_trust_context=1.526718 sequence=492.323902
[plan] step=186 node=N7380 type=observe q_typed_trust_context=1.439044 sequence=493.762947
[plan] step=187 node=N679 type=observe q_typed_trust_context=2.079455 sequence=495.842402
[plan] step=188 node=N5422 type=observe q_typed_trust_context=1.367288 sequence=497.209690
[plan] step=189 node=N7439 type=observe q_typed_trust_context=2.047806 sequence=499.257496
[plan] step=190 node=N7855 type=control0 q_typed_trust_context=4.351472 sequence=503.608969
[plan] step=191 node=N759 type=observe q_typed_trust_context=6.531516 sequence=510.140485
[plan] step=192 node=N5390 type=observe q_typed_trust_context=3.492539 sequence=513.633024
[plan] step=193 node=N5334 type=observe q_typed_trust_context=1.246884 sequence=514.879907
[plan] step=194 node=N758 type=observe q_typed_trust_context=6.274913 sequence=521.154820
[plan] step=195 node=N5283 type=observe q_typed_trust_context=1.228201 sequence=522.383021
[plan] step=196 node=N719 type=observe q_typed_trust_context=1.455963 sequence=523.838983
[plan] step=197 node=N1879 type=observe q_typed_trust_context=5.677096 sequence=529.516080
[plan] step=198 node=N7404 type=observe q_typed_trust_context=0.960857 sequence=530.476937
[plan] step=199 node=N699 type=observe q_typed_trust_context=3.827002 sequence=534.303939
[plan] step=200 node=N734 type=observe q_typed_trust_context=2.251103 sequence=536.555042
[plan] step=201 node=N2837 type=control1 q_typed_trust_context=1.110982 sequence=537.666024
[plan] step=202 node=N3009 type=control1 q_typed_trust_context=0.903833 sequence=538.569857
[plan] step=203 node=N2151 type=observe q_typed_trust_context=0.759313 sequence=539.329169
[plan] step=204 node=N6673 type=observe q_typed_trust_context=1.011576 sequence=540.340745
[plan] step=205 node=N708 type=observe q_typed_trust_context=2.008985 sequence=542.349730
[plan] step=206 node=N7381 type=observe q_typed_trust_context=1.874281 sequence=544.224012
[plan] step=207 node=N729 type=observe q_typed_trust_context=2.140367 sequence=546.364379
[plan] step=208 node=N1351 type=observe q_typed_trust_context=2.487822 sequence=548.852201
[plan] step=209 node=N3067 type=control1 q_typed_trust_context=1.663511 sequence=550.515712
[plan] step=210 node=N8790 type=control1 q_typed_trust_context=1.341437 sequence=551.857149
[plan] step=211 node=N5373 type=observe q_typed_trust_context=1.133463 sequence=552.990612
[plan] step=212 node=N8240 type=control1 q_typed_trust_context=2.330388 sequence=555.321000
[plan] step=213 node=N686 type=observe q_typed_trust_context=1.973414 sequence=557.294414
[plan] step=214 node=N8789 type=control1 q_typed_trust_context=1.539130 sequence=558.833543
[plan] step=215 node=N6668 type=observe q_typed_trust_context=1.119221 sequence=559.952764
[plan] step=216 node=N8239 type=control1 q_typed_trust_context=1.471993 sequence=561.424757
[plan] step=217 node=N684 type=observe q_typed_trust_context=2.452665 sequence=563.877423
[plan] step=218 node=N8607 type=control1 q_typed_trust_context=2.466071 sequence=566.343493
[plan] step=219 node=N689 type=observe q_typed_trust_context=2.778547 sequence=569.122041
[plan] step=220 node=N2159 type=observe q_typed_trust_context=1.675387 sequence=570.797428
[plan] step=221 node=N7542 type=control0 q_typed_trust_context=0.969049 sequence=571.766476
[plan] step=222 node=N652 type=control1 q_typed_trust_context=6.506842 sequence=578.273318
[plan] step=223 node=N4460 type=control0 q_typed_trust_context=0.618419 sequence=578.891737
[plan] step=224 node=N8238 type=control1 q_typed_trust_context=6.921885 sequence=585.813622
[plan] step=225 node=N2271 type=observe q_typed_trust_context=6.334271 sequence=592.147893
[plan] step=226 node=N6660 type=observe q_typed_trust_context=5.042475 sequence=597.190368
[plan] step=227 node=N7444 type=observe q_typed_trust_context=1.184878 sequence=598.375246
[plan] step=228 node=N6678 type=observe q_typed_trust_context=2.045959 sequence=600.421205
[plan] step=229 node=N2267 type=observe q_typed_trust_context=5.730000 sequence=606.151205
[plan] step=230 node=N5735 type=observe q_typed_trust_context=6.447518 sequence=612.598723
[plan] step=231 node=N2263 type=observe q_typed_trust_context=6.720143 sequence=619.318865
[plan] step=232 node=N5160 type=observe q_typed_trust_context=6.725141 sequence=626.044006
[plan] step=233 node=N7391 type=observe q_typed_trust_context=5.809942 sequence=631.853949
[plan] step=234 node=N2259 type=observe q_typed_trust_context=3.579192 sequence=635.433141
[plan] step=235 node=N8606 type=control1 q_typed_trust_context=6.841196 sequence=642.274337
[plan] step=236 node=N5094 type=observe q_typed_trust_context=6.235652 sequence=648.509990
[plan] step=237 node=N8237 type=control1 q_typed_trust_context=6.046528 sequence=654.556518
[plan] step=238 node=N5111 type=observe q_typed_trust_context=5.367351 sequence=659.923868
[plan] step=239 node=N902 type=control1 q_typed_trust_context=6.101018 sequence=666.024886
[plan] step=240 node=N6658 type=observe q_typed_trust_context=6.635815 sequence=672.660701
[plan] step=241 node=N8605 type=control1 q_typed_trust_context=5.225570 sequence=677.886271
[plan] step=242 node=N2251 type=observe q_typed_trust_context=5.858133 sequence=683.744404
[plan] step=243 node=N6537 type=observe q_typed_trust_context=6.675930 sequence=690.420334
[plan] step=244 node=N8236 type=control1 q_typed_trust_context=1.087262 sequence=691.507596
[plan] step=245 node=N6682 type=observe q_typed_trust_context=1.756852 sequence=693.264448
[plan] step=246 node=N4421 type=control0 q_typed_trust_context=3.732493 sequence=696.996941
[plan] step=247 node=N515 type=control1 q_typed_trust_context=5.701049 sequence=702.697990
[plan] step=248 node=N2247 type=observe q_typed_trust_context=6.052739 sequence=708.750729
[plan] step=249 node=N6736 type=control1 q_typed_trust_context=6.063512 sequence=714.814241
[plan] step=250 node=N695 type=observe q_typed_trust_context=6.015191 sequence=720.829431
[plan] step=251 node=N7440 type=observe q_typed_trust_context=5.794023 sequence=726.623454
[plan] step=252 node=N696 type=observe q_typed_trust_context=3.561533 sequence=730.184988
[plan] step=253 node=N1352 type=observe q_typed_trust_context=7.017416 sequence=737.202404
[plan] step=254 node=N4900 type=observe q_typed_trust_context=3.395651 sequence=740.598054
[plan] step=255 node=N697 type=observe q_typed_trust_context=5.974970 sequence=746.573024
[plan] step=256 node=N6656 type=observe q_typed_trust_context=6.483823 sequence=753.056847
[plan] step=257 node=N732 type=observe q_typed_trust_context=3.262182 sequence=756.319029
[plan] step=258 node=N680 type=observe q_typed_trust_context=3.904341 sequence=760.223370
[plan] step=259 node=N7452 type=observe q_typed_trust_context=1.511235 sequence=761.734605
[plan] step=260 node=N2255 type=observe q_typed_trust_context=3.541038 sequence=765.275643
[plan] step=261 node=N2216 type=observe q_typed_trust_context=4.255214 sequence=769.530857
[plan] step=262 node=N4367 type=control0 q_typed_trust_context=1.149254 sequence=770.680111
[plan] step=263 node=N4532 type=control0 q_typed_trust_context=6.282729 sequence=776.962840
[plan] step=264 node=N4442 type=control0 q_typed_trust_context=6.899265 sequence=783.862105
[plan] step=265 node=N4359 type=control0 q_typed_trust_context=6.619727 sequence=790.481832
[plan] step=266 node=N717 type=observe q_typed_trust_context=6.009469 sequence=796.491301
[plan] step=267 node=N2218 type=observe q_typed_trust_context=6.046484 sequence=802.537785
[plan] step=268 node=N2243 type=observe q_typed_trust_context=1.918575 sequence=804.456360
[plan] step=269 node=N5726 type=control1 q_typed_trust_context=6.670000 sequence=811.126360
[plan] step=270 node=N764 type=observe q_typed_trust_context=3.021947 sequence=814.148307
[plan] step=271 node=N2183 type=observe q_typed_trust_context=6.188112 sequence=820.336419
[plan] step=272 node=N733 type=observe q_typed_trust_context=2.589851 sequence=822.926270
[plan] step=273 node=N2203 type=observe q_typed_trust_context=6.025897 sequence=828.952167
[plan] step=274 node=N4469 type=control0 q_typed_trust_context=3.471421 sequence=832.423589
[plan] step=275 node=N771 type=observe q_typed_trust_context=6.706865 sequence=839.130454
[plan] step=276 node=N4436 type=control0 q_typed_trust_context=1.974023 sequence=841.104477
[plan] step=277 node=N4338 type=control0 q_typed_trust_context=3.553452 sequence=844.657929
[plan] step=278 node=N2185 type=observe q_typed_trust_context=4.882350 sequence=849.540279
saved=autoresearch/loop-260720-0945/model_training_round5/b15_selection/prefix_toplist_sa/epoch_012/q_typed_trust_context/alpha_0p20_decay_16/plans/iscas99__b15_1__greedy__cumulative__q_typed_trust_context__bw1__d1__c48__g1p0__candhard_fault_cluster__div0p0__s0.csv
