[gmean] 2026-07-16T14:43:06 out_dir=autoresearch/improve-260716-1344/round2_b15/reward_beam2_cluster_c48
[gmean] 2026-07-16T14:43:06 budgets=iscas99__b15_1:278
[gmean] 2026-07-16T14:43:06 variant_start id=beam__cumulative__reward_pred__bw2__d2__c48__g1p0__candhard_fault_cluster__div0p0__s0
[gmean] 2026-07-16T14:43:06 [1/1] plan_start benchmark=iscas99__b15_1 budget=278 planner=beam score=reward_pred
[plan iscas99__b15_1] [plan] candidate_allowlist=autoresearch/original-netlist-recovery-260712/exact_itc99/b15_C/exact_candidate_nodes.txt nodes=7918
[plan iscas99__b15_1] [plan] step=1 node=N7405 type=observe reward_pred=0.176729 lookahead=0.378220 objective=0.378220 sequence=0.176729
[plan iscas99__b15_1] [plan] step=2 node=N8003 type=observe reward_pred=0.199114 lookahead=0.413933 objective=0.413933 sequence=0.375843
[plan iscas99__b15_1] [plan] step=3 node=N767 type=observe reward_pred=0.214819 lookahead=0.443143 objective=0.443143 sequence=0.590661
[plan iscas99__b15_1] [plan] step=4 node=N7433 type=observe reward_pred=0.228325 lookahead=0.465759 objective=0.465759 sequence=0.818986
[plan iscas99__b15_1] [plan] step=5 node=N7510 type=control1 reward_pred=0.237435 lookahead=0.479476 objective=0.479476 sequence=1.056421
[plan iscas99__b15_1] [plan] step=6 node=N8040 type=observe reward_pred=0.242041 lookahead=0.487052 objective=0.487052 sequence=1.298462
[plan iscas99__b15_1] [plan] step=7 node=N7694 type=observe reward_pred=0.245011 lookahead=0.494174 objective=0.494174 sequence=1.543473
[plan iscas99__b15_1] [plan] step=8 node=N7500 type=observe reward_pred=0.249163 lookahead=0.460007 objective=0.460007 sequence=1.792636
[plan iscas99__b15_1] [plan] step=9 node=N6669 type=observe reward_pred=0.210844 lookahead=0.416952 objective=0.416952 sequence=2.003480
[plan iscas99__b15_1] [plan] step=10 node=N1409 type=control1 reward_pred=0.206109 lookahead=0.407054 objective=0.407054 sequence=2.209588
[plan iscas99__b15_1] [plan] step=11 node=N7543 type=observe reward_pred=0.199231 lookahead=0.397814 objective=0.397814 sequence=2.408819
[plan iscas99__b15_1] [plan] step=12 node=N7438 type=observe reward_pred=0.198583 lookahead=0.394996 objective=0.394996 sequence=2.607403
[plan iscas99__b15_1] [plan] step=13 node=N6730 type=control1 reward_pred=0.196413 lookahead=0.391057 objective=0.391057 sequence=2.803816
[plan iscas99__b15_1] [plan] step=14 node=N7868 type=control1 reward_pred=0.192707 lookahead=0.389718 objective=0.389718 sequence=2.996523
[plan iscas99__b15_1] [plan] step=15 node=N8044 type=observe reward_pred=0.197011 lookahead=0.385257 objective=0.385257 sequence=3.193533
[plan iscas99__b15_1] [plan] step=16 node=N8476 type=observe reward_pred=0.188247 lookahead=0.376421 objective=0.376421 sequence=3.381780
[plan iscas99__b15_1] [plan] step=17 node=N6941 type=observe reward_pred=0.188175 lookahead=0.387518 objective=0.387518 sequence=3.569955
[plan iscas99__b15_1] [plan] step=18 node=N6953 type=observe reward_pred=0.187919 lookahead=0.407589 objective=0.407589 sequence=3.757874
[plan iscas99__b15_1] [plan] step=19 node=N6686 type=observe reward_pred=0.219670 lookahead=0.422113 objective=0.422113 sequence=3.977544
[plan iscas99__b15_1] [plan] step=20 node=N5613 type=control1 reward_pred=0.202443 lookahead=0.395735 objective=0.395735 sequence=4.179987
[plan iscas99__b15_1] [plan] step=21 node=N2336 type=control1 reward_pred=0.192802 lookahead=0.380255 objective=0.380255 sequence=4.372789
[plan iscas99__b15_1] [plan] step=22 node=N7544 type=observe reward_pred=0.187453 lookahead=0.368060 objective=0.368060 sequence=4.560242
[plan iscas99__b15_1] [plan] step=23 node=N564 type=control1 reward_pred=0.180607 lookahead=0.356688 objective=0.356688 sequence=4.740850
[plan iscas99__b15_1] [plan] step=24 node=N632 type=control1 reward_pred=0.176080 lookahead=0.351598 objective=0.351598 sequence=4.916930
[plan iscas99__b15_1] [plan] step=25 node=N7866 type=control1 reward_pred=0.175517 lookahead=0.346485 objective=0.346485 sequence=5.092447
[plan iscas99__b15_1] [plan] step=26 node=N640 type=control1 reward_pred=0.170968 lookahead=0.338968 objective=0.338968 sequence=5.263415
[plan iscas99__b15_1] [plan] step=27 node=N872 type=control1 reward_pred=0.168000 lookahead=0.336324 objective=0.336324 sequence=5.431415
[plan iscas99__b15_1] [plan] step=28 node=N3124 type=control1 reward_pred=0.168324 lookahead=0.332891 objective=0.332891 sequence=5.599740
[plan iscas99__b15_1] [plan] step=29 node=N7525 type=observe reward_pred=0.164496 lookahead=0.332243 objective=0.332243 sequence=5.764235
[plan iscas99__b15_1] [plan] step=30 node=N7924 type=observe reward_pred=0.167747 lookahead=0.331363 objective=0.331363 sequence=5.931982
[plan iscas99__b15_1] [plan] step=31 node=N6572 type=observe reward_pred=0.163616 lookahead=0.324259 objective=0.324259 sequence=6.095598
[plan iscas99__b15_1] [plan] step=32 node=N6804 type=observe reward_pred=0.160644 lookahead=0.318778 objective=0.318778 sequence=6.256242
[plan iscas99__b15_1] [plan] step=33 node=N614 type=control1 reward_pred=0.158134 lookahead=0.318611 objective=0.318611 sequence=6.414376
[plan iscas99__b15_1] [plan] step=34 node=N3180 type=control1 reward_pred=0.160477 lookahead=0.321528 objective=0.321528 sequence=6.574853
[plan iscas99__b15_1] [plan] step=35 node=N3352 type=control1 reward_pred=0.161051 lookahead=0.318371 objective=0.318371 sequence=6.735904
[plan iscas99__b15_1] [plan] step=36 node=N610 type=control1 reward_pred=0.157320 lookahead=0.312589 objective=0.312589 sequence=6.893224
[plan iscas99__b15_1] [plan] step=37 node=N620 type=control1 reward_pred=0.155269 lookahead=0.309094 objective=0.309094 sequence=7.048493
[plan iscas99__b15_1] [plan] step=38 node=N638 type=control1 reward_pred=0.153826 lookahead=0.306506 objective=0.306506 sequence=7.202319
[plan iscas99__b15_1] [plan] step=39 node=N634 type=control1 reward_pred=0.152680 lookahead=0.308565 objective=0.308565 sequence=7.354999
[plan iscas99__b15_1] [plan] step=40 node=N3410 type=control1 reward_pred=0.155885 lookahead=0.309610 objective=0.309610 sequence=7.510884
[plan iscas99__b15_1] [plan] step=41 node=N645 type=control1 reward_pred=0.153725 lookahead=0.306822 objective=0.306822 sequence=7.664609
[plan iscas99__b15_1] [plan] step=42 node=N616 type=control1 reward_pred=0.153098 lookahead=0.305862 objective=0.305862 sequence=7.817706
[plan iscas99__b15_1] [plan] step=43 node=N636 type=control1 reward_pred=0.152765 lookahead=0.303870 objective=0.303870 sequence=7.970471
[plan iscas99__b15_1] [plan] step=44 node=N7087 type=observe reward_pred=0.151105 lookahead=0.303480 objective=0.303480 sequence=8.121576
[plan iscas99__b15_1] [plan] step=45 node=N626 type=control1 reward_pred=0.152375 lookahead=0.304725 objective=0.304725 sequence=8.273951
[plan iscas99__b15_1] [plan] step=46 node=N624 type=control1 reward_pred=0.152350 lookahead=0.302275 objective=0.302275 sequence=8.426301
[plan iscas99__b15_1] [plan] step=47 node=N7108 type=observe reward_pred=0.149925 lookahead=0.300714 objective=0.300714 sequence=8.576226
[plan iscas99__b15_1] [plan] step=48 node=N630 type=control1 reward_pred=0.150789 lookahead=0.297867 objective=0.297867 sequence=8.727015
[plan iscas99__b15_1] [plan] step=49 node=N7117 type=observe reward_pred=0.147078 lookahead=0.296412 objective=0.296412 sequence=8.874093
[plan iscas99__b15_1] [plan] step=50 node=N886 type=control1 reward_pred=0.149334 lookahead=0.294592 objective=0.294592 sequence=9.023428
[plan iscas99__b15_1] [plan] step=51 node=N7114 type=observe reward_pred=0.145257 lookahead=0.291831 objective=0.291831 sequence=9.168685
[plan iscas99__b15_1] [plan] step=52 node=N642 type=control1 reward_pred=0.146574 lookahead=0.289540 objective=0.289540 sequence=9.315259
[plan iscas99__b15_1] [plan] step=53 node=N7089 type=observe reward_pred=0.142966 lookahead=0.283379 objective=0.283379 sequence=9.458225
[plan iscas99__b15_1] [plan] step=54 node=N7120 type=observe reward_pred=0.140413 lookahead=0.268116 objective=0.268116 sequence=9.598639
[plan iscas99__b15_1] [plan] step=55 node=N504 type=control1 reward_pred=0.127703 lookahead=0.252420 objective=0.252420 sequence=9.726341
[plan iscas99__b15_1] [plan] step=56 node=N7696 type=observe reward_pred=0.124717 lookahead=0.190515 objective=0.190515 sequence=9.851059
[plan iscas99__b15_1] [plan] step=57 node=N7111 type=observe reward_pred=0.065797 lookahead=0.089142 objective=0.089142 sequence=9.916856
[plan iscas99__b15_1] [plan] step=58 node=N7081 type=observe reward_pred=0.023345 lookahead=0.030107 objective=0.030107 sequence=9.940201
[plan iscas99__b15_1] [plan] step=59 node=N3295 type=control1 reward_pred=0.006763 lookahead=0.051333 objective=0.051333 sequence=9.946963
[plan iscas99__b15_1] [plan] step=60 node=N3237 type=control1 reward_pred=0.044570 lookahead=0.104665 objective=0.104665 sequence=9.991534
[plan iscas99__b15_1] [plan] step=61 node=N3467 type=control1 reward_pred=0.060095 lookahead=0.127690 objective=0.127690 sequence=10.051629
[plan iscas99__b15_1] [plan] step=62 node=N649 type=control1 reward_pred=0.067204 lookahead=0.145867 objective=0.145867 sequence=10.118833
[plan iscas99__b15_1] [plan] step=63 node=N3525 type=control1 reward_pred=0.078662 lookahead=0.160983 objective=0.160983 sequence=10.197495
[plan iscas99__b15_1] [plan] step=64 node=N1874 type=observe reward_pred=0.082320 lookahead=0.167678 objective=0.167678 sequence=10.279815
[plan iscas99__b15_1] [plan] step=65 node=N647 type=control1 reward_pred=0.085358 lookahead=0.173955 objective=0.173955 sequence=10.365173
[plan iscas99__b15_1] [plan] step=66 node=N1586 type=control1 reward_pred=0.088333 lookahead=0.181371 objective=0.181371 sequence=10.453506
[plan iscas99__b15_1] [plan] step=67 node=N608 type=control1 reward_pred=0.093038 lookahead=0.188582 objective=0.188582 sequence=10.546544
[plan iscas99__b15_1] [plan] step=68 node=N628 type=control1 reward_pred=0.095543 lookahead=0.193311 objective=0.193311 sequence=10.642088
[plan iscas99__b15_1] [plan] step=69 node=N623 type=control1 reward_pred=0.097767 lookahead=0.196806 objective=0.196806 sequence=10.739855
[plan iscas99__b15_1] [plan] step=70 node=N520 type=control1 reward_pred=0.099038 lookahead=0.203616 objective=0.203616 sequence=10.838893
[plan iscas99__b15_1] [plan] step=71 node=N2652 type=control1 reward_pred=0.104577 lookahead=0.212074 objective=0.212074 sequence=10.943470
[plan iscas99__b15_1] [plan] step=72 node=N2721 type=control1 reward_pred=0.107497 lookahead=0.216905 objective=0.216905 sequence=11.050968
[plan iscas99__b15_1] [plan] step=73 node=N2894 type=control1 reward_pred=0.109408 lookahead=0.220257 objective=0.220257 sequence=11.160376
[plan iscas99__b15_1] [plan] step=74 node=N2952 type=control1 reward_pred=0.110849 lookahead=0.222866 objective=0.222866 sequence=11.271224
[plan iscas99__b15_1] [plan] step=75 node=N2779 type=control1 reward_pred=0.112018 lookahead=0.224931 objective=0.224931 sequence=11.383242
[plan iscas99__b15_1] [plan] step=76 node=N2837 type=control1 reward_pred=0.112914 lookahead=0.226509 objective=0.226509 sequence=11.496156
[plan iscas99__b15_1] [plan] step=77 node=N3009 type=control1 reward_pred=0.113595 lookahead=0.227765 objective=0.227765 sequence=11.609751
[plan iscas99__b15_1] [plan] step=78 node=N3067 type=control1 reward_pred=0.114170 lookahead=0.228818 objective=0.228818 sequence=11.723921
[plan iscas99__b15_1] [plan] step=79 node=N2314 type=control1 reward_pred=0.114648 lookahead=0.227647 objective=0.227647 sequence=11.838569
[plan iscas99__b15_1] [plan] step=80 node=N715 type=control1 reward_pred=0.112999 lookahead=0.227837 objective=0.227837 sequence=11.951568
[plan iscas99__b15_1] [plan] step=81 node=N7555 type=control1 reward_pred=0.114838 lookahead=0.227471 objective=0.227471 sequence=12.066405
[plan iscas99__b15_1] [plan] step=82 node=N652 type=control1 reward_pred=0.112633 lookahead=0.223692 objective=0.223692 sequence=12.179038
[plan iscas99__b15_1] [plan] step=83 node=N555 type=control1 reward_pred=0.111059 lookahead=0.221346 objective=0.221346 sequence=12.290097
[plan iscas99__b15_1] [plan] step=84 node=N702 type=observe reward_pred=0.110133 lookahead=0.231451 objective=0.231451 sequence=12.400231
[plan iscas99__b15_1] [plan] step=85 node=N1854 type=observe reward_pred=0.121318 lookahead=0.239077 objective=0.239077 sequence=12.521549
[plan iscas99__b15_1] [plan] step=86 node=N556 type=control1 reward_pred=0.117759 lookahead=0.233189 objective=0.233189 sequence=12.639308
[plan iscas99__b15_1] [plan] step=87 node=N6842 type=observe reward_pred=0.115430 lookahead=0.227936 objective=0.227936 sequence=12.754737
[plan iscas99__b15_1] [plan] step=88 node=N516 type=control1 reward_pred=0.112507 lookahead=0.223869 objective=0.223869 sequence=12.867244
[plan iscas99__b15_1] [plan] step=89 node=N6806 type=observe reward_pred=0.111362 lookahead=0.220578 objective=0.220578 sequence=12.978606
[plan iscas99__b15_1] [plan] step=90 node=N519 type=control1 reward_pred=0.109216 lookahead=0.217912 objective=0.217912 sequence=13.087822
[plan iscas99__b15_1] [plan] step=91 node=N6814 type=observe reward_pred=0.108696 lookahead=0.216420 objective=0.216420 sequence=13.196518
[plan iscas99__b15_1] [plan] step=92 node=N510 type=control1 reward_pred=0.106967 lookahead=0.214598 objective=0.214598 sequence=13.303486
[plan iscas99__b15_1] [plan] step=93 node=N7386 type=observe reward_pred=0.107631 lookahead=0.214129 objective=0.214129 sequence=13.411116
[plan iscas99__b15_1] [plan] step=94 node=N513 type=control1 reward_pred=0.106425 lookahead=0.212883 objective=0.212883 sequence=13.517541
[plan iscas99__b15_1] [plan] step=95 node=N6821 type=observe reward_pred=0.106458 lookahead=0.211554 objective=0.211554 sequence=13.624000
[plan iscas99__b15_1] [plan] step=96 node=N507 type=control1 reward_pred=0.105004 lookahead=0.210114 objective=0.210114 sequence=13.729004
[plan iscas99__b15_1] [plan] step=97 node=N6846 type=observe reward_pred=0.105110 lookahead=0.209056 objective=0.209056 sequence=13.834114
[plan iscas99__b15_1] [plan] step=98 node=N6810 type=observe reward_pred=0.103946 lookahead=0.217610 objective=0.217610 sequence=13.938060
[plan iscas99__b15_1] [plan] step=99 node=N1853 type=observe reward_pred=0.113664 lookahead=0.223909 objective=0.223909 sequence=14.051724
[plan iscas99__b15_1] [plan] step=100 node=N515 type=control1 reward_pred=0.110244 lookahead=0.219999 objective=0.219999 sequence=14.161968
[plan iscas99__b15_1] [plan] step=101 node=N888 type=control1 reward_pred=0.109754 lookahead=0.222108 objective=0.222108 sequence=14.271722
[plan iscas99__b15_1] [plan] step=102 node=N7531 type=control1 reward_pred=0.112354 lookahead=0.236646 objective=0.236646 sequence=14.384076
[plan iscas99__b15_1] [plan] step=103 node=N6870 type=control1 reward_pred=0.124292 lookahead=0.257877 objective=0.257877 sequence=14.508368
[plan iscas99__b15_1] [plan] step=104 node=N6876 type=control1 reward_pred=0.133585 lookahead=0.262469 objective=0.262469 sequence=14.641953
[plan iscas99__b15_1] [plan] step=105 node=N892 type=control1 reward_pred=0.128884 lookahead=0.257442 objective=0.257442 sequence=14.770838
[plan iscas99__b15_1] [plan] step=106 node=N2358 type=control1 reward_pred=0.128557 lookahead=0.251144 objective=0.251144 sequence=14.899395
[plan iscas99__b15_1] [plan] step=107 node=N6367 type=observe reward_pred=0.122587 lookahead=0.240261 objective=0.240261 sequence=15.021981
[plan iscas99__b15_1] [plan] step=108 node=N858 type=control1 reward_pred=0.117227 lookahead=0.234793 objective=0.234793 sequence=15.139208
[plan iscas99__b15_1] [plan] step=109 node=N887 type=control1 reward_pred=0.117566 lookahead=0.233594 objective=0.233594 sequence=15.256774
[plan iscas99__b15_1] [plan] step=110 node=N541 type=observe reward_pred=0.115218 lookahead=0.228884 objective=0.228884 sequence=15.371992
[plan iscas99__b15_1] [plan] step=111 node=N539 type=observe reward_pred=0.112857 lookahead=0.224483 objective=0.224483 sequence=15.484849
[plan iscas99__b15_1] [plan] step=112 node=N537 type=observe reward_pred=0.110818 lookahead=0.220701 objective=0.220701 sequence=15.595667
[plan iscas99__b15_1] [plan] step=113 node=N543 type=observe reward_pred=0.109107 lookahead=0.217490 objective=0.217490 sequence=15.704774
[plan iscas99__b15_1] [plan] step=114 node=N535 type=observe reward_pred=0.107619 lookahead=0.214708 objective=0.214708 sequence=15.812393
[plan iscas99__b15_1] [plan] step=115 node=N531 type=observe reward_pred=0.106272 lookahead=0.212165 objective=0.212165 sequence=15.918665
[plan iscas99__b15_1] [plan] step=116 node=N7823 type=observe reward_pred=0.105893 lookahead=0.210518 objective=0.210518 sequence=16.024558
[plan iscas99__b15_1] [plan] step=117 node=N6852 type=observe reward_pred=0.104626 lookahead=0.259339 objective=0.259339 sequence=16.129183
[plan iscas99__b15_1] [plan] step=118 node=N6687 type=observe reward_pred=0.154714 lookahead=0.292408 objective=0.292408 sequence=16.283897
[plan iscas99__b15_1] [plan] step=119 node=N859 type=control1 reward_pred=0.137694 lookahead=0.293032 objective=0.293032 sequence=16.421592
[plan iscas99__b15_1] [plan] step=120 node=N4273 type=control1 reward_pred=0.155337 lookahead=0.296679 objective=0.296679 sequence=16.576929
[plan iscas99__b15_1] [plan] step=121 node=N862 type=control1 reward_pred=0.141342 lookahead=0.275684 objective=0.275684 sequence=16.718271
[plan iscas99__b15_1] [plan] step=122 node=N721 type=observe reward_pred=0.134343 lookahead=0.296147 objective=0.296147 sequence=16.852613
[plan iscas99__b15_1] [plan] step=123 node=N2218 type=observe reward_pred=0.161804 lookahead=0.341294 objective=0.341294 sequence=17.014417
[plan iscas99__b15_1] [plan] step=124 node=N2216 type=observe reward_pred=0.179490 lookahead=0.340734 objective=0.340734 sequence=17.193908
[plan iscas99__b15_1] [plan] step=125 node=N860 type=control1 reward_pred=0.161244 lookahead=0.339115 objective=0.339115 sequence=17.355151
[plan iscas99__b15_1] [plan] step=126 node=N5620 type=control1 reward_pred=0.177871 lookahead=0.341700 objective=0.341700 sequence=17.533023
[plan iscas99__b15_1] [plan] step=127 node=N861 type=control1 reward_pred=0.160536 lookahead=0.315163 objective=0.315163 sequence=17.693559
[plan iscas99__b15_1] [plan] step=128 node=N863 type=control1 reward_pred=0.154627 lookahead=0.298250 objective=0.298250 sequence=17.848186
[plan iscas99__b15_1] [plan] step=129 node=N857 type=control1 reward_pred=0.143612 lookahead=0.286385 objective=0.286385 sequence=17.991798
[plan iscas99__b15_1] [plan] step=130 node=N7876 type=control1 reward_pred=0.142773 lookahead=0.278541 objective=0.278541 sequence=18.134571
[plan iscas99__b15_1] [plan] step=131 node=N856 type=control1 reward_pred=0.134978 lookahead=0.293220 objective=0.293220 sequence=18.269549
[plan iscas99__b15_1] [plan] step=132 node=N2628 type=control1 reward_pred=0.158242 lookahead=0.303361 objective=0.303361 sequence=18.427791
[plan iscas99__b15_1] [plan] step=133 node=N514 type=control1 reward_pred=0.145119 lookahead=0.287598 objective=0.287598 sequence=18.572910
[plan iscas99__b15_1] [plan] step=134 node=N2338 type=control1 reward_pred=0.142478 lookahead=0.281477 objective=0.281477 sequence=18.715389
[plan iscas99__b15_1] [plan] step=135 node=N826 type=control1 reward_pred=0.138998 lookahead=0.274650 objective=0.274650 sequence=18.854387
[plan iscas99__b15_1] [plan] step=136 node=N828 type=control1 reward_pred=0.135652 lookahead=0.264741 objective=0.264741 sequence=18.990039
[plan iscas99__b15_1] [plan] step=137 node=N580 type=control1 reward_pred=0.129090 lookahead=0.276111 objective=0.276111 sequence=19.119129
[plan iscas99__b15_1] [plan] step=138 node=N5617 type=control1 reward_pred=0.147021 lookahead=0.283577 objective=0.283577 sequence=19.266150
[plan iscas99__b15_1] [plan] step=139 node=N1607 type=control1 reward_pred=0.136556 lookahead=0.292072 objective=0.292072 sequence=19.402705
[plan iscas99__b15_1] [plan] step=140 node=N4384 type=control1 reward_pred=0.155516 lookahead=0.298398 objective=0.298398 sequence=19.558222
[plan iscas99__b15_1] [plan] step=141 node=N7598 type=control0 reward_pred=0.141994 lookahead=0.279145 objective=0.279145 sequence=19.700216
[plan iscas99__b15_1] [plan] step=142 node=N775 type=control1 reward_pred=0.137151 lookahead=0.267710 objective=0.267710 sequence=19.837367
[plan iscas99__b15_1] [plan] step=143 node=N533 type=observe reward_pred=0.130559 lookahead=0.256821 objective=0.256821 sequence=19.967926
[plan iscas99__b15_1] [plan] step=144 node=N712 type=observe reward_pred=0.126263 lookahead=0.250258 objective=0.250258 sequence=20.094188
[plan iscas99__b15_1] [plan] step=145 node=N713 type=observe reward_pred=0.123995 lookahead=0.246937 objective=0.246937 sequence=20.218183
[plan iscas99__b15_1] [plan] step=146 node=N714 type=observe reward_pred=0.122942 lookahead=0.244444 objective=0.244444 sequence=20.341125
[plan iscas99__b15_1] [plan] step=147 node=N710 type=observe reward_pred=0.121502 lookahead=0.241741 objective=0.241741 sequence=20.462627
[plan iscas99__b15_1] [plan] step=148 node=N709 type=observe reward_pred=0.120239 lookahead=0.239650 objective=0.239650 sequence=20.582866
[plan iscas99__b15_1] [plan] step=149 node=N708 type=observe reward_pred=0.119411 lookahead=0.238214 objective=0.238214 sequence=20.702277
[plan iscas99__b15_1] [plan] step=150 node=N707 type=observe reward_pred=0.118803 lookahead=0.236854 objective=0.236854 sequence=20.821081
[plan iscas99__b15_1] [plan] step=151 node=N701 type=observe reward_pred=0.118050 lookahead=0.235735 objective=0.235735 sequence=20.939131
[plan iscas99__b15_1] [plan] step=152 node=N700 type=observe reward_pred=0.117685 lookahead=0.235708 objective=0.235708 sequence=21.056816
[plan iscas99__b15_1] [plan] step=153 node=N699 type=observe reward_pred=0.117759 lookahead=0.236101 objective=0.236101 sequence=21.174575
[plan iscas99__b15_1] [plan] step=154 node=N545 type=observe reward_pred=0.118342 lookahead=0.235772 objective=0.235772 sequence=21.292917
[plan iscas99__b15_1] [plan] step=155 node=N6585 type=observe reward_pred=0.117430 lookahead=0.232442 objective=0.232442 sequence=21.410347
[plan iscas99__b15_1] [plan] step=156 node=N698 type=observe reward_pred=0.114097 lookahead=0.229366 objective=0.229366 sequence=21.524444
[plan iscas99__b15_1] [plan] step=157 node=N6809 type=observe reward_pred=0.115269 lookahead=0.228377 objective=0.228377 sequence=21.639713
[plan iscas99__b15_1] [plan] step=158 node=N6847 type=observe reward_pred=0.113108 lookahead=0.253012 objective=0.253012 sequence=21.752821
[plan iscas99__b15_1] [plan] step=159 node=N2183 type=observe reward_pred=0.139904 lookahead=0.302129 objective=0.302129 sequence=21.892725
[plan iscas99__b15_1] [plan] step=160 node=N2186 type=observe reward_pred=0.162225 lookahead=0.340486 objective=0.340486 sequence=22.054950
[plan iscas99__b15_1] [plan] step=161 node=N2204 type=observe reward_pred=0.178260 lookahead=0.338657 objective=0.338657 sequence=22.233211
[plan iscas99__b15_1] [plan] step=162 node=N8449 type=control1 reward_pred=0.160396 lookahead=0.308426 objective=0.308426 sequence=22.393607
[plan iscas99__b15_1] [plan] step=163 node=N6674 type=control1 reward_pred=0.148029 lookahead=0.293135 objective=0.293135 sequence=22.541636
[plan iscas99__b15_1] [plan] step=164 node=N6815 type=observe reward_pred=0.141016 lookahead=0.323249 objective=0.323249 sequence=22.682652
[plan iscas99__b15_1] [plan] step=165 node=N7168 type=observe reward_pred=0.182233 lookahead=0.346014 objective=0.346014 sequence=22.864885
[plan iscas99__b15_1] [plan] step=166 node=N2201 type=observe reward_pred=0.161831 lookahead=0.343812 objective=0.343812 sequence=23.026716
[plan iscas99__b15_1] [plan] step=167 node=N2199 type=observe reward_pred=0.181981 lookahead=0.375273 objective=0.375273 sequence=23.208697
[plan iscas99__b15_1] [plan] step=168 node=N2224 type=observe reward_pred=0.193293 lookahead=0.394888 objective=0.394888 sequence=23.401990
[plan iscas99__b15_1] [plan] step=169 node=N2244 type=observe reward_pred=0.201595 lookahead=0.409932 objective=0.409932 sequence=23.603585
[plan iscas99__b15_1] [plan] step=170 node=N2226 type=observe reward_pred=0.208336 lookahead=0.427814 objective=0.427814 sequence=23.811921
[plan iscas99__b15_1] [plan] step=171 node=N2241 type=observe reward_pred=0.219477 lookahead=0.412179 objective=0.412179 sequence=24.031399
[plan iscas99__b15_1] [plan] step=172 node=N1679 type=control1 reward_pred=0.191155 lookahead=0.370555 objective=0.370555 sequence=24.222553
[plan iscas99__b15_1] [plan] step=173 node=N2370 type=control1 reward_pred=0.179400 lookahead=0.346430 objective=0.346430 sequence=24.401953
[plan iscas99__b15_1] [plan] step=174 node=N813 type=control1 reward_pred=0.167030 lookahead=0.349492 objective=0.349492 sequence=24.568983
[plan iscas99__b15_1] [plan] step=175 node=N3660 type=control1 reward_pred=0.182462 lookahead=0.375442 objective=0.375442 sequence=24.751445
[plan iscas99__b15_1] [plan] step=176 node=N7425 type=control1 reward_pred=0.192981 lookahead=0.396615 objective=0.396615 sequence=24.944426
[plan iscas99__b15_1] [plan] step=177 node=N2626 type=control1 reward_pred=0.203634 lookahead=0.385730 objective=0.385730 sequence=25.148060
[plan iscas99__b15_1] [plan] step=178 node=N1608 type=control1 reward_pred=0.182096 lookahead=0.350540 objective=0.350540 sequence=25.330156
[plan iscas99__b15_1] [plan] step=179 node=N1858 type=control1 reward_pred=0.168444 lookahead=0.326476 objective=0.326476 sequence=25.498599
[plan iscas99__b15_1] [plan] step=180 node=N522 type=control1 reward_pred=0.158032 lookahead=0.310158 objective=0.310158 sequence=25.656632
[plan iscas99__b15_1] [plan] step=181 node=N893 type=control1 reward_pred=0.152126 lookahead=0.296279 objective=0.296279 sequence=25.808758
[plan iscas99__b15_1] [plan] step=182 node=N618 type=control1 reward_pred=0.144153 lookahead=0.285561 objective=0.285561 sequence=25.952911
[plan iscas99__b15_1] [plan] step=183 node=N894 type=control1 reward_pred=0.141408 lookahead=0.275809 objective=0.275809 sequence=26.094318
[plan iscas99__b15_1] [plan] step=184 node=N1598 type=control1 reward_pred=0.134402 lookahead=0.278794 objective=0.278794 sequence=26.228720
[plan iscas99__b15_1] [plan] step=185 node=N6681 type=control1 reward_pred=0.144393 lookahead=0.281716 objective=0.281716 sequence=26.373112
[plan iscas99__b15_1] [plan] step=186 node=N885 type=control1 reward_pred=0.137323 lookahead=0.269575 objective=0.269575 sequence=26.510436
[plan iscas99__b15_1] [plan] step=187 node=N891 type=control1 reward_pred=0.132251 lookahead=0.259464 objective=0.259464 sequence=26.642687
[plan iscas99__b15_1] [plan] step=188 node=N1699 type=control1 reward_pred=0.127213 lookahead=0.255851 objective=0.255851 sequence=26.769900
[plan iscas99__b15_1] [plan] step=189 node=N830 type=control1 reward_pred=0.128638 lookahead=0.253200 objective=0.253200 sequence=26.898538
[plan iscas99__b15_1] [plan] step=190 node=N777 type=control1 reward_pred=0.124562 lookahead=0.249508 objective=0.249508 sequence=27.023100
[plan iscas99__b15_1] [plan] step=191 node=N3621 type=control1 reward_pred=0.124946 lookahead=0.249081 objective=0.249081 sequence=27.148046
[plan iscas99__b15_1] [plan] step=192 node=N3641 type=control1 reward_pred=0.124135 lookahead=0.247480 objective=0.247480 sequence=27.272181
[plan iscas99__b15_1] [plan] step=193 node=N3593 type=control1 reward_pred=0.123345 lookahead=0.245434 objective=0.245434 sequence=27.395526
[plan iscas99__b15_1] [plan] step=194 node=N2356 type=control1 reward_pred=0.122089 lookahead=0.259372 objective=0.259372 sequence=27.517615
[plan iscas99__b15_1] [plan] step=195 node=N5853 type=control1 reward_pred=0.137283 lookahead=0.266046 objective=0.266046 sequence=27.654898
[plan iscas99__b15_1] [plan] step=196 node=N726 type=observe reward_pred=0.127801 lookahead=0.250780 objective=0.250780 sequence=27.782699
[plan iscas99__b15_1] [plan] step=197 node=N716 type=observe reward_pred=0.122240 lookahead=0.241522 objective=0.241522 sequence=27.904939
[plan iscas99__b15_1] [plan] step=198 node=N731 type=observe reward_pred=0.118256 lookahead=0.263904 objective=0.263904 sequence=28.023195
[plan iscas99__b15_1] [plan] step=199 node=N2269 type=observe reward_pred=0.145648 lookahead=0.309813 objective=0.309813 sequence=28.168843
[plan iscas99__b15_1] [plan] step=200 node=N2215 type=observe reward_pred=0.164164 lookahead=0.342521 objective=0.342521 sequence=28.333008
[plan iscas99__b15_1] [plan] step=201 node=N2271 type=observe reward_pred=0.178356 lookahead=0.367719 objective=0.367719 sequence=28.511364
[plan iscas99__b15_1] [plan] step=202 node=N2221 type=observe reward_pred=0.189362 lookahead=0.354427 objective=0.354427 sequence=28.700727
[plan iscas99__b15_1] [plan] step=203 node=N7452 type=observe reward_pred=0.165065 lookahead=0.350931 objective=0.350931 sequence=28.865791
[plan iscas99__b15_1] [plan] step=204 node=N2253 type=observe reward_pred=0.185866 lookahead=0.382752 objective=0.382752 sequence=29.051657
[plan iscas99__b15_1] [plan] step=205 node=N2255 type=observe reward_pred=0.196886 lookahead=0.480192 objective=0.480192 sequence=29.248543
[plan iscas99__b15_1] [plan] step=206 node=N7801 type=observe reward_pred=0.283306 lookahead=0.556301 objective=0.556301 sequence=29.531850
[plan iscas99__b15_1] [plan] step=207 node=N2257 type=observe reward_pred=0.272995 lookahead=0.548763 objective=0.548763 sequence=29.804844
[plan iscas99__b15_1] [plan] step=208 node=N2259 type=observe reward_pred=0.275768 lookahead=0.557006 objective=0.557006 sequence=30.080613
[plan iscas99__b15_1] [plan] step=209 node=N2210 type=observe reward_pred=0.281237 lookahead=0.485975 objective=0.485975 sequence=30.361850
[plan iscas99__b15_1] [plan] step=210 node=N6537 type=observe reward_pred=0.204738 lookahead=0.441987 objective=0.441987 sequence=30.566588
[plan iscas99__b15_1] [plan] step=211 node=N2207 type=observe reward_pred=0.237249 lookahead=0.430064 objective=0.430064 sequence=30.803837
[plan iscas99__b15_1] [plan] step=212 node=N7527 type=observe reward_pred=0.192815 lookahead=0.474227 objective=0.474227 sequence=30.996652
[plan iscas99__b15_1] [plan] step=213 node=N6163 type=observe reward_pred=0.281411 lookahead=0.514121 objective=0.514121 sequence=31.278064
[plan iscas99__b15_1] [plan] step=214 node=N2193 type=observe reward_pred=0.232709 lookahead=0.551974 objective=0.551974 sequence=31.510773
[plan iscas99__b15_1] [plan] step=215 node=N7505 type=observe reward_pred=0.319264 lookahead=0.534685 objective=0.534685 sequence=31.830037
[plan iscas99__b15_1] [plan] step=216 node=N2189 type=observe reward_pred=0.212680 lookahead=0.467586 objective=0.467586 sequence=32.042717
[plan iscas99__b15_1] [plan] step=217 node=N2268 type=observe reward_pred=0.254906 lookahead=0.528554 objective=0.528554 sequence=32.297624
[plan iscas99__b15_1] [plan] step=218 node=N2265 type=observe reward_pred=0.273648 lookahead=0.562332 objective=0.562332 sequence=32.571271
[plan iscas99__b15_1] [plan] step=219 node=N2264 type=observe reward_pred=0.288685 lookahead=0.589512 objective=0.589512 sequence=32.859956
[plan iscas99__b15_1] [plan] step=220 node=N2261 type=observe reward_pred=0.300827 lookahead=0.512428 objective=0.512428 sequence=33.160783
[plan iscas99__b15_1] [plan] step=221 node=N6666 type=observe reward_pred=0.210840 lookahead=0.401837 objective=0.401837 sequence=33.371623
[plan iscas99__b15_1] [plan] step=222 node=N2191 type=observe reward_pred=0.190997 lookahead=0.366279 objective=0.366279 sequence=33.562620
[plan iscas99__b15_1] [plan] step=223 node=N6849 type=observe reward_pred=0.175283 lookahead=0.351620 objective=0.351620 sequence=33.737903
[plan iscas99__b15_1] [plan] step=224 node=N1879 type=observe reward_pred=0.176338 lookahead=0.340096 objective=0.340096 sequence=33.914240
[plan iscas99__b15_1] [plan] step=225 node=N6361 type=observe reward_pred=0.163759 lookahead=0.353621 objective=0.353621 sequence=34.077999
[plan iscas99__b15_1] [plan] step=226 node=N2252 type=observe reward_pred=0.189862 lookahead=0.393633 objective=0.393633 sequence=34.267861
[plan iscas99__b15_1] [plan] step=227 node=N2249 type=observe reward_pred=0.203771 lookahead=0.381520 objective=0.381520 sequence=34.471632
[plan iscas99__b15_1] [plan] step=228 node=N1865 type=observe reward_pred=0.177748 lookahead=0.376571 objective=0.376571 sequence=34.649380
[plan iscas99__b15_1] [plan] step=229 node=N2248 type=observe reward_pred=0.198822 lookahead=0.409819 objective=0.409819 sequence=34.848203
[plan iscas99__b15_1] [plan] step=230 node=N2245 type=observe reward_pred=0.210997 lookahead=0.394017 objective=0.394017 sequence=35.059200
[plan iscas99__b15_1] [plan] step=231 node=N2274 type=observe reward_pred=0.182350 lookahead=0.348531 objective=0.348531 sequence=35.241549
[plan iscas99__b15_1] [plan] step=232 node=N6661 type=observe reward_pred=0.166182 lookahead=0.319192 objective=0.319192 sequence=35.407731
[plan iscas99__b15_1] [plan] step=233 node=N6364 type=observe reward_pred=0.153010 lookahead=0.296814 objective=0.296814 sequence=35.560741
[plan iscas99__b15_1] [plan] step=234 node=N546 type=observe reward_pred=0.143804 lookahead=0.281015 objective=0.281015 sequence=35.704545
[plan iscas99__b15_1] [plan] step=235 node=N536 type=observe reward_pred=0.137211 lookahead=0.269071 objective=0.269071 sequence=35.841756
[plan iscas99__b15_1] [plan] step=236 node=N544 type=observe reward_pred=0.131860 lookahead=0.259241 objective=0.259241 sequence=35.973616
[plan iscas99__b15_1] [plan] step=237 node=N542 type=observe reward_pred=0.127381 lookahead=0.250982 objective=0.250982 sequence=36.100997
[plan iscas99__b15_1] [plan] step=238 node=N540 type=observe reward_pred=0.123601 lookahead=0.244511 objective=0.244511 sequence=36.224598
[plan iscas99__b15_1] [plan] step=239 node=N6252 type=observe reward_pred=0.120910 lookahead=0.237864 objective=0.237864 sequence=36.345508
[plan iscas99__b15_1] [plan] step=240 node=N538 type=observe reward_pred=0.115749 lookahead=0.230377 objective=0.230377 sequence=36.461257
[plan iscas99__b15_1] [plan] step=241 node=N534 type=observe reward_pred=0.113313 lookahead=0.226507 objective=0.226507 sequence=36.574570
[plan iscas99__b15_1] [plan] step=242 node=N532 type=observe reward_pred=0.111543 lookahead=0.223763 objective=0.223763 sequence=36.686112
[plan iscas99__b15_1] [plan] step=243 node=N688 type=observe reward_pred=0.110106 lookahead=0.221388 objective=0.221388 sequence=36.796218
[plan iscas99__b15_1] [plan] step=244 node=N683 type=observe reward_pred=0.109025 lookahead=0.219743 objective=0.219743 sequence=36.905243
[plan iscas99__b15_1] [plan] step=245 node=N6255 type=observe reward_pred=0.110718 lookahead=0.260620 objective=0.260620 sequence=37.015961
[plan iscas99__b15_1] [plan] step=246 node=N6969 type=observe reward_pred=0.149902 lookahead=0.284089 objective=0.284089 sequence=37.165863
[plan iscas99__b15_1] [plan] step=247 node=N678 type=observe reward_pred=0.134187 lookahead=0.293850 objective=0.293850 sequence=37.300049
[plan iscas99__b15_1] [plan] step=248 node=N1862 type=observe reward_pred=0.159664 lookahead=0.302435 objective=0.302435 sequence=37.459713
[plan iscas99__b15_1] [plan] step=249 node=N693 type=observe reward_pred=0.142772 lookahead=0.277027 objective=0.277027 sequence=37.602484
[plan iscas99__b15_1] [plan] step=250 node=N653 type=observe reward_pred=0.134245 lookahead=0.293960 objective=0.293960 sequence=37.736730
[plan iscas99__b15_1] [plan] step=251 node=N7800 type=observe reward_pred=0.159714 lookahead=0.337598 objective=0.337598 sequence=37.896444
[plan iscas99__b15_1] [plan] step=252 node=N7502 type=observe reward_pred=0.177883 lookahead=0.352987 objective=0.352987 sequence=38.074327
[plan iscas99__b15_1] [plan] step=253 node=N1987 type=observe reward_pred=0.175104 lookahead=0.349167 objective=0.349167 sequence=38.249431
[plan iscas99__b15_1] [plan] step=254 node=N1688 type=observe reward_pred=0.174063 lookahead=0.364966 objective=0.364966 sequence=38.423494
[plan iscas99__b15_1] [plan] step=255 node=N1877 type=observe reward_pred=0.190902 lookahead=0.359002 objective=0.359002 sequence=38.614397
[plan iscas99__b15_1] [plan] step=256 node=N6667 type=observe reward_pred=0.168100 lookahead=0.321793 objective=0.321793 sequence=38.782497
[plan iscas99__b15_1] [plan] step=257 node=N2303 type=observe reward_pred=0.153693 lookahead=0.347331 objective=0.347331 sequence=38.936189
[plan iscas99__b15_1] [plan] step=258 node=N6925 type=observe reward_pred=0.193638 lookahead=0.363056 objective=0.363056 sequence=39.129827
[plan iscas99__b15_1] [plan] step=259 node=N8405 type=observe reward_pred=0.169418 lookahead=0.360384 objective=0.360384 sequence=39.299245
[plan iscas99__b15_1] [plan] step=260 node=N2153 type=observe reward_pred=0.190966 lookahead=0.392638 objective=0.392638 sequence=39.490211
[plan iscas99__b15_1] [plan] step=261 node=N2155 type=observe reward_pred=0.201672 lookahead=0.411856 objective=0.411856 sequence=39.691883
[plan iscas99__b15_1] [plan] step=262 node=N7508 type=observe reward_pred=0.210184 lookahead=0.393121 objective=0.393121 sequence=39.902067
[plan iscas99__b15_1] [plan] step=263 node=N6131 type=observe reward_pred=0.182937 lookahead=0.348251 objective=0.348251 sequence=40.085004
[plan iscas99__b15_1] [plan] step=264 node=N6351 type=observe reward_pred=0.165314 lookahead=0.317811 objective=0.317811 sequence=40.250318
[plan iscas99__b15_1] [plan] step=265 node=N6348 type=observe reward_pred=0.152497 lookahead=0.297642 objective=0.297642 sequence=40.402815
[plan iscas99__b15_1] [plan] step=266 node=N6535 type=observe reward_pred=0.145145 lookahead=0.284529 objective=0.284529 sequence=40.547960
[plan iscas99__b15_1] [plan] step=267 node=N841 type=observe reward_pred=0.139385 lookahead=0.272471 objective=0.272471 sequence=40.687344
[plan iscas99__b15_1] [plan] step=268 node=N6353 type=observe reward_pred=0.133086 lookahead=0.294671 objective=0.294671 sequence=40.820430
[plan iscas99__b15_1] [plan] step=269 node=N2094 type=observe reward_pred=0.161585 lookahead=0.342252 objective=0.342252 sequence=40.982016
[plan iscas99__b15_1] [plan] step=270 node=N2097 type=observe reward_pred=0.180667 lookahead=0.339059 objective=0.339059 sequence=41.162682
[plan iscas99__b15_1] [plan] step=271 node=N6664 type=observe reward_pred=0.158357 lookahead=0.303714 objective=0.303714 sequence=41.321039
[plan iscas99__b15_1] [plan] step=272 node=N1985 type=observe reward_pred=0.145357 lookahead=0.285464 objective=0.285464 sequence=41.466396
[plan iscas99__b15_1] [plan] step=273 node=N6337 type=observe reward_pred=0.140107 lookahead=0.308100 objective=0.308100 sequence=41.606503
[plan iscas99__b15_1] [plan] step=274 node=N2098 type=observe reward_pred=0.167993 lookahead=0.353485 objective=0.353485 sequence=41.774496
[plan iscas99__b15_1] [plan] step=275 node=N2100 type=observe reward_pred=0.185493 lookahead=0.346457 objective=0.346457 sequence=41.959988
[plan iscas99__b15_1] [plan] step=276 node=N7085 type=observe reward_pred=0.160965 lookahead=0.305824 objective=0.305824 sequence=42.120953
[plan iscas99__b15_1] [plan] step=277 node=N7091 type=observe reward_pred=0.144860 lookahead=0.318079 objective=0.318079 sequence=42.265813
[plan iscas99__b15_1] [plan] step=278 node=N2273 type=observe reward_pred=0.173220 lookahead=0.376187 objective=0.376187 sequence=42.439032
[plan iscas99__b15_1] saved=autoresearch/improve-260716-1344/round2_b15/reward_beam2_cluster_c48/plans/iscas99__b15_1__beam__cumulative__reward_pred__bw2__d2__c48__g1p0__candhard_fault_cluster__div0p0__s0.csv
[gmean] 2026-07-16T14:46:22 [1/1] plan_done benchmark=iscas99__b15_1 plan_sec=195.409 plan_csv=autoresearch/improve-260716-1344/round2_b15/reward_beam2_cluster_c48/plans/iscas99__b15_1__beam__cumulative__reward_pred__bw2__d2__c48__g1p0__candhard_fault_cluster__div0p0__s0.csv
[gmean] 2026-07-16T14:46:22 [1/1] eval_start benchmark=iscas99__b15_1 backend=atalanta-bist patterns=300000
[eval iscas99__b15_1] {
[eval iscas99__b15_1]   "records": 2,
[eval iscas99__b15_1]   "labels_csv": "autoresearch/improve-260716-1344/round2_b15/reward_beam2_cluster_c48/evals/iscas99__b15_1__beam__cumulative__reward_pred__bw2__d2__c48__g1p0__candhard_fault_cluster__div0p0__s0/labels.csv",
[eval iscas99__b15_1]   "summary_json": "autoresearch/improve-260716-1344/round2_b15/reward_beam2_cluster_c48/evals/iscas99__b15_1__beam__cumulative__reward_pred__bw2__d2__c48__g1p0__candhard_fault_cluster__div0p0__s0/summary.json"
[eval iscas99__b15_1] }
[gmean] 2026-07-16T14:46:28 [1/1] eval_done benchmark=iscas99__b15_1 delta_tc=0.12231999999999998 plan_sec=195.409 eval_sec=6.634 total_sec=202.056
[gmean] 2026-07-16T14:46:28 variant_done id=beam__cumulative__reward_pred__bw2__d2__c48__g1p0__candhard_fault_cluster__div0p0__s0 status=ok macro=0.12231999999999998 positives=1 negatives=0 elapsed=202.057
