[v3_hard_precision gpu5] [2026-07-04T15:35:06+08:00] start name=v3_hard_precision gpu=5 checkpoint=runs/mainline_accuracy_improve_v3_hard_precision/best.pt
[v3_hard_precision gpu5] [gmean] 2026-07-04T15:35:07 out_dir=autoresearch/improve-260704-1035/b21_world_rerank_model_swap/v3_hard_precision
[v3_hard_precision gpu5] [gmean] 2026-07-04T15:35:07 budgets=iscas99__b21:628
[v3_hard_precision gpu5] [gmean] 2026-07-04T15:35:07 variant_start id=greedy__cumulative__reward_pred__bw1__d1__c96__g1p0__candheuristic_recall_pool__div0p0__s0
[v3_hard_precision gpu5] [gmean] 2026-07-04T15:35:07 [1/1] plan_start benchmark=iscas99__b21 budget=628 planner=greedy score=reward_pred
[v3_hard_precision gpu5] [plan iscas99__b21] [plan] step=1 node=N48467 type=observe reward_pred=-0.084652 sequence=-0.084652
[v3_hard_precision gpu5] [plan iscas99__b21] [plan] step=2 node=__buf_split_12981 type=observe reward_pred=-0.094065 sequence=-0.178717
[v3_hard_precision gpu5] [plan iscas99__b21] [plan] step=3 node=__buf_split_184 type=control0 reward_pred=-0.105819 sequence=-0.284536
[v3_hard_precision gpu5] [plan iscas99__b21] [plan] step=4 node=__buf_split_10165 type=observe reward_pred=-0.125863 sequence=-0.410399
[v3_hard_precision gpu5] [plan iscas99__b21] [plan] step=5 node=__buf_split_217 type=control0 reward_pred=-0.133489 sequence=-0.543888
[v3_hard_precision gpu5] [plan iscas99__b21] [plan] step=6 node=__buf_split_10167 type=observe reward_pred=-0.146911 sequence=-0.690799
[v3_hard_precision gpu5] [plan iscas99__b21] [plan] step=7 node=N8840 type=observe reward_pred=-0.164857 sequence=-0.855656
[v3_hard_precision gpu5] [plan iscas99__b21] [plan] step=8 node=__buf_split_12982 type=observe reward_pred=-0.181409 sequence=-1.037065
[v3_hard_precision gpu5] [plan iscas99__b21] [plan] step=9 node=__buf_split_10166 type=observe reward_pred=-0.192048 sequence=-1.229114
[v3_hard_precision gpu5] [plan iscas99__b21] [plan] step=10 node=__buf_split_12980 type=observe reward_pred=-0.199076 sequence=-1.428190
[v3_hard_precision gpu5] [plan iscas99__b21] [plan] step=11 node=N8815 type=observe reward_pred=-0.204864 sequence=-1.633054
[v3_hard_precision gpu5] [plan iscas99__b21] [plan] step=12 node=N48468 type=observe reward_pred=-0.211091 sequence=-1.844145
[v3_hard_precision gpu5] [plan iscas99__b21] [plan] step=13 node=__buf_split_19584 type=observe reward_pred=-0.216459 sequence=-2.060604
[v3_hard_precision gpu5] [plan iscas99__b21] [plan] step=14 node=N42301 type=observe reward_pred=-0.220403 sequence=-2.281007
[v3_hard_precision gpu5] [plan iscas99__b21] [plan] step=15 node=N42300 type=observe reward_pred=-0.220846 sequence=-2.501853
[v3_hard_precision gpu5] [plan iscas99__b21] [plan] step=16 node=N48469 type=observe reward_pred=-0.221101 sequence=-2.722954
[v3_hard_precision gpu5] [plan iscas99__b21] [plan] step=17 node=N42299 type=observe reward_pred=-0.211875 sequence=-2.934829
[v3_hard_precision gpu5] [plan iscas99__b21] [plan] step=18 node=N4112 type=observe reward_pred=-0.213635 sequence=-3.148464
[v3_hard_precision gpu5] [plan iscas99__b21] [plan] step=19 node=N826 type=observe reward_pred=-0.209819 sequence=-3.358283
[v3_hard_precision gpu5] [plan iscas99__b21] [plan] step=20 node=N8644 type=observe reward_pred=-0.198922 sequence=-3.557205
[v3_hard_precision gpu5] [plan iscas99__b21] [plan] step=21 node=N4083 type=observe reward_pred=-0.197107 sequence=-3.754312
[v3_hard_precision gpu5] [plan iscas99__b21] [plan] step=22 node=N26421 type=observe reward_pred=-0.183982 sequence=-3.938295
[v3_hard_precision gpu5] [plan iscas99__b21] [plan] step=23 node=N24931 type=observe reward_pred=-0.178875 sequence=-4.117170
[v3_hard_precision gpu5] [plan iscas99__b21] [plan] step=24 node=N27267 type=observe reward_pred=-0.173545 sequence=-4.290715
[v3_hard_precision gpu5] [plan iscas99__b21] [plan] step=25 node=N24081 type=observe reward_pred=-0.168601 sequence=-4.459316
[v3_hard_precision gpu5] [plan iscas99__b21] [plan] step=26 node=N857 type=observe reward_pred=-0.164605 sequence=-4.623921
[v3_hard_precision gpu5] [plan iscas99__b21] [plan] step=27 node=N8163 type=observe reward_pred=-0.159278 sequence=-4.783199
[v3_hard_precision gpu5] [plan iscas99__b21] [plan] step=28 node=N22445 type=observe reward_pred=-0.151088 sequence=-4.934287
[v3_hard_precision gpu5] [plan iscas99__b21] [plan] step=29 node=N22457 type=observe reward_pred=-0.141605 sequence=-5.075891
[v3_hard_precision gpu5] [plan iscas99__b21] [plan] step=30 node=N14400 type=observe reward_pred=-0.132415 sequence=-5.208307
[v3_hard_precision gpu5] [plan iscas99__b21] [plan] step=31 node=N22469 type=observe reward_pred=-0.122923 sequence=-5.331230
[v3_hard_precision gpu5] [plan iscas99__b21] [plan] step=32 node=N8687 type=observe reward_pred=-0.113617 sequence=-5.444847
[v3_hard_precision gpu5] [plan iscas99__b21] [plan] step=33 node=N4687 type=observe reward_pred=-0.104351 sequence=-5.549197
[v3_hard_precision gpu5] [plan iscas99__b21] [plan] step=34 node=N4692 type=observe reward_pred=-0.095313 sequence=-5.644511
[v3_hard_precision gpu5] [plan iscas99__b21] [plan] step=35 node=N22458 type=observe reward_pred=-0.085781 sequence=-5.730292
[v3_hard_precision gpu5] [plan iscas99__b21] [plan] step=36 node=N1442 type=observe reward_pred=-0.076585 sequence=-5.806878
[v3_hard_precision gpu5] [plan iscas99__b21] [plan] step=37 node=N1437 type=observe reward_pred=-0.068104 sequence=-5.874982
[v3_hard_precision gpu5] [plan iscas99__b21] [plan] step=38 node=N22470 type=observe reward_pred=-0.061396 sequence=-5.936378
[v3_hard_precision gpu5] [plan iscas99__b21] [plan] step=39 node=N38578 type=observe reward_pred=-0.056610 sequence=-5.992987
[v3_hard_precision gpu5] [plan iscas99__b21] [plan] step=40 node=__buf_split_184 type=control1 reward_pred=-0.071114 sequence=-6.064101
[v3_hard_precision gpu5] [plan iscas99__b21] [plan] step=41 node=N34078 type=observe reward_pred=-0.065017 sequence=-6.129119
[v3_hard_precision gpu5] [plan iscas99__b21] [plan] step=42 node=N22446 type=observe reward_pred=-0.062137 sequence=-6.191256
[v3_hard_precision gpu5] [plan iscas99__b21] [plan] step=43 node=N39437 type=control1 reward_pred=-0.076957 sequence=-6.268212
[v3_hard_precision gpu5] [plan iscas99__b21] [plan] step=44 node=N1241 type=observe reward_pred=-0.066618 sequence=-6.334830
[v3_hard_precision gpu5] [plan iscas99__b21] [plan] step=45 node=N29819 type=observe reward_pred=-0.066104 sequence=-6.400934
[v3_hard_precision gpu5] [plan iscas99__b21] [plan] step=46 node=__buf_split_217 type=control1 reward_pred=-0.082062 sequence=-6.482996
[v3_hard_precision gpu5] [plan iscas99__b21] [plan] step=47 node=N8677 type=observe reward_pred=-0.074973 sequence=-6.557968
[v3_hard_precision gpu5] [plan iscas99__b21] [plan] step=48 node=N4685 type=observe reward_pred=-0.073510 sequence=-6.631478
[v3_hard_precision gpu5] [plan iscas99__b21] [plan] step=49 node=N4690 type=observe reward_pred=-0.071830 sequence=-6.703308
[v3_hard_precision gpu5] [plan iscas99__b21] [plan] step=50 node=N39470 type=control1 reward_pred=-0.091723 sequence=-6.795031
[v3_hard_precision gpu5] [plan iscas99__b21] [plan] step=51 node=N8682 type=observe reward_pred=-0.084601 sequence=-6.879632
[v3_hard_precision gpu5] [plan iscas99__b21] [plan] step=52 node=N4683 type=observe reward_pred=-0.081190 sequence=-6.960822
[v3_hard_precision gpu5] [plan iscas99__b21] [plan] step=53 node=N39437 type=control0 reward_pred=-0.124045 sequence=-7.084867
[v3_hard_precision gpu5] [plan iscas99__b21] [plan] step=54 node=N29794 type=observe reward_pred=-0.118019 sequence=-7.202886
[v3_hard_precision gpu5] [plan iscas99__b21] [plan] step=55 node=N39470 type=control0 reward_pred=-0.154299 sequence=-7.357185
[v3_hard_precision gpu5] [plan iscas99__b21] [plan] step=56 node=N4490 type=observe reward_pred=-0.165981 sequence=-7.523166
[v3_hard_precision gpu5] [plan iscas99__b21] [plan] step=57 node=N1435 type=observe reward_pred=-0.161477 sequence=-7.684643
[v3_hard_precision gpu5] [plan iscas99__b21] [plan] step=58 node=N1434 type=observe reward_pred=-0.158790 sequence=-7.843433
[v3_hard_precision gpu5] [plan iscas99__b21] [plan] step=59 node=__buf_split_19583 type=observe reward_pred=-0.151350 sequence=-7.994783
[v3_hard_precision gpu5] [plan iscas99__b21] [plan] step=60 node=N29800 type=observe reward_pred=-0.142233 sequence=-8.137015
[v3_hard_precision gpu5] [plan iscas99__b21] [plan] step=61 node=N1433 type=observe reward_pred=-0.137580 sequence=-8.274595
[v3_hard_precision gpu5] [plan iscas99__b21] [plan] step=62 node=N1438 type=observe reward_pred=-0.155140 sequence=-8.429735
[v3_hard_precision gpu5] [plan iscas99__b21] [plan] step=63 node=N1439 type=observe reward_pred=-0.153467 sequence=-8.583201
[v3_hard_precision gpu5] [plan iscas99__b21] [plan] step=64 node=N21047 type=observe reward_pred=-0.152661 sequence=-8.735862
[v3_hard_precision gpu5] [plan iscas99__b21] [plan] step=65 node=N38593 type=observe reward_pred=-0.179220 sequence=-8.915082
[v3_hard_precision gpu5] [plan iscas99__b21] [plan] step=66 node=N38623 type=observe reward_pred=-0.178143 sequence=-9.093225
[v3_hard_precision gpu5] [plan iscas99__b21] [plan] step=67 node=N38563 type=observe reward_pred=-0.177090 sequence=-9.270316
[v3_hard_precision gpu5] [plan iscas99__b21] [plan] step=68 node=N21937 type=observe reward_pred=-0.176017 sequence=-9.446333
[v3_hard_precision gpu5] [plan iscas99__b21] [plan] step=69 node=N21946 type=observe reward_pred=-0.174873 sequence=-9.621206
[v3_hard_precision gpu5] [plan iscas99__b21] [plan] step=70 node=N38581 type=observe reward_pred=-0.173679 sequence=-9.794885
[v3_hard_precision gpu5] [plan iscas99__b21] [plan] step=71 node=N4688 type=observe reward_pred=-0.172413 sequence=-9.967299
[v3_hard_precision gpu5] [plan iscas99__b21] [plan] step=72 node=N38596 type=observe reward_pred=-0.171971 sequence=-10.139270
[v3_hard_precision gpu5] [plan iscas99__b21] [plan] step=73 node=N29757 type=observe reward_pred=-0.170435 sequence=-10.309704
[v3_hard_precision gpu5] [plan iscas99__b21] [plan] step=74 node=N38611 type=observe reward_pred=-0.168876 sequence=-10.478580
[v3_hard_precision gpu5] [plan iscas99__b21] [plan] step=75 node=N8692 type=observe reward_pred=-0.167322 sequence=-10.645902
[v3_hard_precision gpu5] [plan iscas99__b21] [plan] step=76 node=N38626 type=observe reward_pred=-0.166650 sequence=-10.812552
[v3_hard_precision gpu5] [plan iscas99__b21] [plan] step=77 node=N38572 type=observe reward_pred=-0.165255 sequence=-10.977807
[v3_hard_precision gpu5] [plan iscas99__b21] [plan] step=78 node=N8745 type=observe reward_pred=-0.163973 sequence=-11.141780
[v3_hard_precision gpu5] [plan iscas99__b21] [plan] step=79 node=N8672 type=observe reward_pred=-0.162788 sequence=-11.304568
[v3_hard_precision gpu5] [plan iscas99__b21] [plan] step=80 node=N38608 type=observe reward_pred=-0.161775 sequence=-11.466343
[v3_hard_precision gpu5] [plan iscas99__b21] [plan] step=81 node=N38548 type=observe reward_pred=-0.160991 sequence=-11.627334
[v3_hard_precision gpu5] [plan iscas99__b21] [plan] step=82 node=N38551 type=observe reward_pred=-0.160274 sequence=-11.787608
[v3_hard_precision gpu5] [plan iscas99__b21] [plan] step=83 node=N21048 type=observe reward_pred=-0.160305 sequence=-11.947913
[v3_hard_precision gpu5] [plan iscas99__b21] [plan] step=84 node=N38566 type=observe reward_pred=-0.159645 sequence=-12.107558
[v3_hard_precision gpu5] [plan iscas99__b21] [plan] step=85 node=N14728 type=observe reward_pred=-0.159045 sequence=-12.266603
[v3_hard_precision gpu5] [plan iscas99__b21] [plan] step=86 node=N38476 type=observe reward_pred=-0.158498 sequence=-12.425101
[v3_hard_precision gpu5] [plan iscas99__b21] [plan] step=87 node=N38485 type=observe reward_pred=-0.157799 sequence=-12.582900
[v3_hard_precision gpu5] [plan iscas99__b21] [plan] step=88 node=N38464 type=observe reward_pred=-0.157169 sequence=-12.740069
[v3_hard_precision gpu5] [plan iscas99__b21] [plan] step=89 node=N38494 type=observe reward_pred=-0.156603 sequence=-12.896672
[v3_hard_precision gpu5] [plan iscas99__b21] [plan] step=90 node=N38452 type=observe reward_pred=-0.156094 sequence=-13.052767
[v3_hard_precision gpu5] [plan iscas99__b21] [plan] step=91 node=N21936 type=observe reward_pred=-0.155636 sequence=-13.208402
[v3_hard_precision gpu5] [plan iscas99__b21] [plan] step=92 node=N14471 type=observe reward_pred=-0.155224 sequence=-13.363626
[v3_hard_precision gpu5] [plan iscas99__b21] [plan] step=93 node=N4684 type=observe reward_pred=-0.154859 sequence=-13.518485
[v3_hard_precision gpu5] [plan iscas99__b21] [plan] step=94 node=N4689 type=observe reward_pred=-0.154533 sequence=-13.673017
[v3_hard_precision gpu5] [plan iscas99__b21] [plan] step=95 node=N23208 type=observe reward_pred=-0.154241 sequence=-13.827258
[v3_hard_precision gpu5] [plan iscas99__b21] [plan] step=96 node=N38509 type=observe reward_pred=-0.153981 sequence=-13.981239
[v3_hard_precision gpu5] [plan iscas99__b21] [plan] step=97 node=N38470 type=observe reward_pred=-0.153747 sequence=-14.134986
[v3_hard_precision gpu5] [plan iscas99__b21] [plan] step=98 node=N38590 type=observe reward_pred=-0.153539 sequence=-14.288525
[v3_hard_precision gpu5] [plan iscas99__b21] [plan] step=99 node=N38527 type=observe reward_pred=-0.153354 sequence=-14.441879
[v3_hard_precision gpu5] [plan iscas99__b21] [plan] step=100 node=N21945 type=observe reward_pred=-0.153185 sequence=-14.595064
[v3_hard_precision gpu5] [plan iscas99__b21] [plan] step=101 node=N22482 type=observe reward_pred=-0.153039 sequence=-14.748103
[v3_hard_precision gpu5] [plan iscas99__b21] [plan] step=102 node=N38446 type=observe reward_pred=-0.152912 sequence=-14.901015
[v3_hard_precision gpu5] [plan iscas99__b21] [plan] step=103 node=N8667 type=observe reward_pred=-0.152799 sequence=-15.053814
[v3_hard_precision gpu5] [plan iscas99__b21] [plan] step=104 node=N38584 type=observe reward_pred=-0.152701 sequence=-15.206515
[v3_hard_precision gpu5] [plan iscas99__b21] [plan] step=105 node=N38599 type=observe reward_pred=-0.152616 sequence=-15.359131
[v3_hard_precision gpu5] [plan iscas99__b21] [plan] step=106 node=N38521 type=observe reward_pred=-0.152542 sequence=-15.511673
[v3_hard_precision gpu5] [plan iscas99__b21] [plan] step=107 node=N38638 type=observe reward_pred=-0.152480 sequence=-15.664153
[v3_hard_precision gpu5] [plan iscas99__b21] [plan] step=108 node=N38575 type=observe reward_pred=-0.152427 sequence=-15.816580
[v3_hard_precision gpu5] [plan iscas99__b21] [plan] step=109 node=N38617 type=observe reward_pred=-0.152385 sequence=-15.968965
[v3_hard_precision gpu5] [plan iscas99__b21] [plan] step=110 node=N38560 type=observe reward_pred=-0.152354 sequence=-16.121319
[v3_hard_precision gpu5] [plan iscas99__b21] [plan] step=111 node=N38605 type=observe reward_pred=-0.152334 sequence=-16.273653
[v3_hard_precision gpu5] [plan iscas99__b21] [plan] step=112 node=N58872 type=observe reward_pred=-0.152248 sequence=-16.425901
[v3_hard_precision gpu5] [plan iscas99__b21] [plan] step=113 node=N1440 type=observe reward_pred=-0.152257 sequence=-16.578158
[v3_hard_precision gpu5] [plan iscas99__b21] [plan] step=114 node=N38545 type=observe reward_pred=-0.152262 sequence=-16.730419
[v3_hard_precision gpu5] [plan iscas99__b21] [plan] step=115 node=N38539 type=observe reward_pred=-0.152285 sequence=-16.882704
[v3_hard_precision gpu5] [plan iscas99__b21] [plan] step=116 node=N38644 type=observe reward_pred=-0.152322 sequence=-17.035026
[v3_hard_precision gpu5] [plan iscas99__b21] [plan] step=117 node=N29792 type=observe reward_pred=-0.152373 sequence=-17.187399
[v3_hard_precision gpu5] [plan iscas99__b21] [plan] step=118 node=N38554 type=observe reward_pred=-0.152442 sequence=-17.339841
[v3_hard_precision gpu5] [plan iscas99__b21] [plan] step=119 node=N38569 type=observe reward_pred=-0.152526 sequence=-17.492367
[v3_hard_precision gpu5] [plan iscas99__b21] [plan] step=120 node=N38467 type=observe reward_pred=-0.152626 sequence=-17.644993
[v3_hard_precision gpu5] [plan iscas99__b21] [plan] step=121 node=N38455 type=observe reward_pred=-0.152741 sequence=-17.797734
[v3_hard_precision gpu5] [plan iscas99__b21] [plan] step=122 node=__buf_split_21819 type=observe reward_pred=-0.152784 sequence=-17.950517
[v3_hard_precision gpu5] [plan iscas99__b21] [plan] step=123 node=N14781 type=observe reward_pred=-0.152895 sequence=-18.103412
[v3_hard_precision gpu5] [plan iscas99__b21] [plan] step=124 node=N4686 type=observe reward_pred=-0.152962 sequence=-18.256375
[v3_hard_precision gpu5] [plan iscas99__b21] [plan] step=125 node=N38512 type=observe reward_pred=-0.153008 sequence=-18.409382
[v3_hard_precision gpu5] [plan iscas99__b21] [plan] step=126 node=N21930 type=observe reward_pred=-0.153067 sequence=-18.562449
[v3_hard_precision gpu5] [plan iscas99__b21] [plan] step=127 node=N21932 type=observe reward_pred=-0.153145 sequence=-18.715594
[v3_hard_precision gpu5] [plan iscas99__b21] [plan] step=128 node=N21934 type=observe reward_pred=-0.153212 sequence=-18.868806
[v3_hard_precision gpu5] [plan iscas99__b21] [plan] step=129 node=N21939 type=observe reward_pred=-0.153270 sequence=-19.022076
[v3_hard_precision gpu5] [plan iscas99__b21] [plan] step=130 node=N21941 type=observe reward_pred=-0.153345 sequence=-19.175421
[v3_hard_precision gpu5] [plan iscas99__b21] [plan] step=131 node=N21943 type=observe reward_pred=-0.153418 sequence=-19.328838
[v3_hard_precision gpu5] [plan iscas99__b21] [plan] step=132 node=N38488 type=observe reward_pred=-0.153475 sequence=-19.482314
[v3_hard_precision gpu5] [plan iscas99__b21] [plan] step=133 node=N1441 type=observe reward_pred=-0.153516 sequence=-19.635829
[v3_hard_precision gpu5] [plan iscas99__b21] [plan] step=134 node=N21032 type=observe reward_pred=-0.153567 sequence=-19.789397
[v3_hard_precision gpu5] [plan iscas99__b21] [plan] step=135 node=N38479 type=observe reward_pred=-0.153624 sequence=-19.943020
[v3_hard_precision gpu5] [plan iscas99__b21] [plan] step=136 node=N22481 type=observe reward_pred=-0.153663 sequence=-20.096683
[v3_hard_precision gpu5] [plan iscas99__b21] [plan] step=137 node=N21041 type=observe reward_pred=-0.153663 sequence=-20.250346
[v3_hard_precision gpu5] [plan iscas99__b21] [plan] step=138 node=N21043 type=observe reward_pred=-0.153669 sequence=-20.404015
[v3_hard_precision gpu5] [plan iscas99__b21] [plan] step=139 node=N4691 type=observe reward_pred=-0.153683 sequence=-20.557697
[v3_hard_precision gpu5] [plan iscas99__b21] [plan] step=140 node=N38533 type=observe reward_pred=-0.153701 sequence=-20.711398
[v3_hard_precision gpu5] [plan iscas99__b21] [plan] step=141 node=N38614 type=observe reward_pred=-0.153719 sequence=-20.865117
[v3_hard_precision gpu5] [plan iscas99__b21] [plan] step=142 node=N38497 type=observe reward_pred=-0.153736 sequence=-21.018853
[v3_hard_precision gpu5] [plan iscas99__b21] [plan] step=143 node=N38473 type=observe reward_pred=-0.153754 sequence=-21.172607
[v3_hard_precision gpu5] [plan iscas99__b21] [plan] step=144 node=N38635 type=observe reward_pred=-0.153775 sequence=-21.326382
[v3_hard_precision gpu5] [plan iscas99__b21] [plan] step=145 node=N58871 type=observe reward_pred=-0.153728 sequence=-21.480110
[v3_hard_precision gpu5] [plan iscas99__b21] [plan] step=146 node=N38506 type=observe reward_pred=-0.153756 sequence=-21.633866
[v3_hard_precision gpu5] [plan iscas99__b21] [plan] step=147 node=N38524 type=observe reward_pred=-0.153757 sequence=-21.787623
[v3_hard_precision gpu5] [plan iscas99__b21] [plan] step=148 node=N21045 type=observe reward_pred=-0.153751 sequence=-21.941374
[v3_hard_precision gpu5] [plan iscas99__b21] [plan] step=149 node=N38449 type=observe reward_pred=-0.153729 sequence=-22.095103
[v3_hard_precision gpu5] [plan iscas99__b21] [plan] step=150 node=__buf_split_21818 type=observe reward_pred=-0.153639 sequence=-22.248743
[v3_hard_precision gpu5] [plan iscas99__b21] [plan] step=151 node=N38587 type=observe reward_pred=-0.153665 sequence=-22.402408
[v3_hard_precision gpu5] [plan iscas99__b21] [plan] step=152 node=N5773 type=observe reward_pred=-0.153639 sequence=-22.556047
[v3_hard_precision gpu5] [plan iscas99__b21] [plan] step=153 node=N2566 type=observe reward_pred=-0.153629 sequence=-22.709676
[v3_hard_precision gpu5] [plan iscas99__b21] [plan] step=154 node=N22426 type=observe reward_pred=-0.153587 sequence=-22.863263
[v3_hard_precision gpu5] [plan iscas99__b21] [plan] step=155 node=N22429 type=observe reward_pred=-0.153544 sequence=-23.016808
[v3_hard_precision gpu5] [plan iscas99__b21] [plan] step=156 node=N22410 type=observe reward_pred=-0.153520 sequence=-23.170328
[v3_hard_precision gpu5] [plan iscas99__b21] [plan] step=157 node=N22413 type=observe reward_pred=-0.153435 sequence=-23.323763
[v3_hard_precision gpu5] [plan iscas99__b21] [plan] step=158 node=N22416 type=observe reward_pred=-0.153365 sequence=-23.477127
[v3_hard_precision gpu5] [plan iscas99__b21] [plan] step=159 node=N22423 type=observe reward_pred=-0.153296 sequence=-23.630424
[v3_hard_precision gpu5] [plan iscas99__b21] [plan] step=160 node=N14782 type=observe reward_pred=-0.153269 sequence=-23.783692
[v3_hard_precision gpu5] [plan iscas99__b21] [plan] step=161 node=N22461 type=observe reward_pred=-0.153175 sequence=-23.936868
[v3_hard_precision gpu5] [plan iscas99__b21] [plan] step=162 node=N22466 type=observe reward_pred=-0.153143 sequence=-24.090011
[v3_hard_precision gpu5] [plan iscas99__b21] [plan] step=163 node=N22473 type=observe reward_pred=-0.153084 sequence=-24.243094
[v3_hard_precision gpu5] [plan iscas99__b21] [plan] step=164 node=N22478 type=observe reward_pred=-0.153024 sequence=-24.396118
[v3_hard_precision gpu5] [plan iscas99__b21] [plan] step=165 node=N22436 type=observe reward_pred=-0.152964 sequence=-24.549082
[v3_hard_precision gpu5] [plan iscas99__b21] [plan] step=166 node=N22439 type=observe reward_pred=-0.152913 sequence=-24.701995
[v3_hard_precision gpu5] [plan iscas99__b21] [plan] step=167 node=N22442 type=observe reward_pred=-0.152859 sequence=-24.854854
[v3_hard_precision gpu5] [plan iscas99__b21] [plan] step=168 node=N22449 type=observe reward_pred=-0.152797 sequence=-25.007651
[v3_hard_precision gpu5] [plan iscas99__b21] [plan] step=169 node=N22454 type=observe reward_pred=-0.152750 sequence=-25.160401
[v3_hard_precision gpu5] [plan iscas99__b21] [plan] step=170 node=N21036 type=observe reward_pred=-0.152751 sequence=-25.313152
[v3_hard_precision gpu5] [plan iscas99__b21] [plan] step=171 node=N22485 type=observe reward_pred=-0.152694 sequence=-25.465846
[v3_hard_precision gpu5] [plan iscas99__b21] [plan] step=172 node=N38629 type=observe reward_pred=-0.152712 sequence=-25.618558
[v3_hard_precision gpu5] [plan iscas99__b21] [plan] step=173 node=N21931 type=observe reward_pred=-0.152717 sequence=-25.771275
[v3_hard_precision gpu5] [plan iscas99__b21] [plan] step=174 node=N21933 type=observe reward_pred=-0.152725 sequence=-25.924000
[v3_hard_precision gpu5] [plan iscas99__b21] [plan] step=175 node=N21935 type=observe reward_pred=-0.152722 sequence=-26.076722
[v3_hard_precision gpu5] [plan iscas99__b21] [plan] step=176 node=N1436 type=observe reward_pred=-0.152767 sequence=-26.229489
[v3_hard_precision gpu5] [plan iscas99__b21] [plan] step=177 node=N21034 type=observe reward_pred=-0.152814 sequence=-26.382302
[v3_hard_precision gpu5] [plan iscas99__b21] [plan] step=178 node=N21940 type=observe reward_pred=-0.152857 sequence=-26.535160
[v3_hard_precision gpu5] [plan iscas99__b21] [plan] step=179 node=N21942 type=observe reward_pred=-0.152895 sequence=-26.688055
[v3_hard_precision gpu5] [plan iscas99__b21] [plan] step=180 node=N21944 type=observe reward_pred=-0.152923 sequence=-26.840977
[v3_hard_precision gpu5] [plan iscas99__b21] [plan] step=181 node=N21938 type=observe reward_pred=-0.152970 sequence=-26.993947
[v3_hard_precision gpu5] [plan iscas99__b21] [plan] step=182 node=N21929 type=observe reward_pred=-0.153028 sequence=-27.146975
[v3_hard_precision gpu5] [plan iscas99__b21] [plan] step=183 node=N38536 type=observe reward_pred=-0.153079 sequence=-27.300054
[v3_hard_precision gpu5] [plan iscas99__b21] [plan] step=184 node=N21040 type=observe reward_pred=-0.153124 sequence=-27.453178
[v3_hard_precision gpu5] [plan iscas99__b21] [plan] step=185 node=N21042 type=observe reward_pred=-0.153170 sequence=-27.606348
[v3_hard_precision gpu5] [plan iscas99__b21] [plan] step=186 node=N21044 type=observe reward_pred=-0.153214 sequence=-27.759562
[v3_hard_precision gpu5] [plan iscas99__b21] [plan] step=187 node=N21046 type=observe reward_pred=-0.153248 sequence=-27.912811
[v3_hard_precision gpu5] [plan iscas99__b21] [plan] step=188 node=N22092 type=control1 reward_pred=-0.153146 sequence=-28.065957
[v3_hard_precision gpu5] [plan iscas99__b21] [plan] step=189 node=N22433 type=observe reward_pred=-0.153410 sequence=-28.219367
[v3_hard_precision gpu5] [plan iscas99__b21] [plan] step=190 node=N8662 type=observe reward_pred=-0.153569 sequence=-28.372936
[v3_hard_precision gpu5] [plan iscas99__b21] [plan] step=191 node=N21194 type=control1 reward_pred=-0.153634 sequence=-28.526570
[v3_hard_precision gpu5] [plan iscas99__b21] [plan] step=192 node=N21031 type=observe reward_pred=-0.153916 sequence=-28.680486
[v3_hard_precision gpu5] [plan iscas99__b21] [plan] step=193 node=N38641 type=observe reward_pred=-0.154072 sequence=-28.834558
[v3_hard_precision gpu5] [plan iscas99__b21] [plan] step=194 node=N38602 type=observe reward_pred=-0.154124 sequence=-28.988682
[v3_hard_precision gpu5] [plan iscas99__b21] [plan] step=195 node=__buf_split_20084 type=observe reward_pred=-0.154068 sequence=-29.142750
[v3_hard_precision gpu5] [plan iscas99__b21] [plan] step=196 node=__buf_split_20085 type=observe reward_pred=-0.153993 sequence=-29.296743
[v3_hard_precision gpu5] [plan iscas99__b21] [plan] step=197 node=N21206 type=control1 reward_pred=-0.153881 sequence=-29.450624
[v3_hard_precision gpu5] [plan iscas99__b21] [plan] step=198 node=__buf_split_20087 type=observe reward_pred=-0.154019 sequence=-29.604643
[v3_hard_precision gpu5] [plan iscas99__b21] [plan] step=199 node=__buf_split_13652 type=observe reward_pred=-0.154071 sequence=-29.758714
[v3_hard_precision gpu5] [plan iscas99__b21] [plan] step=200 node=N22094 type=control1 reward_pred=-0.154049 sequence=-29.912763
[v3_hard_precision gpu5] [plan iscas99__b21] [plan] step=201 node=N21039 type=observe reward_pred=-0.154210 sequence=-30.066973
[v3_hard_precision gpu5] [plan iscas99__b21] [plan] step=202 node=N14740 type=observe reward_pred=-0.154241 sequence=-30.221214
[v3_hard_precision gpu5] [plan iscas99__b21] [plan] step=203 node=__buf_split_20079 type=observe reward_pred=-0.154088 sequence=-30.375302
[v3_hard_precision gpu5] [plan iscas99__b21] [plan] step=204 node=N8630 type=observe reward_pred=-0.153885 sequence=-30.529187
[v3_hard_precision gpu5] [plan iscas99__b21] [plan] step=205 node=__buf_split_20106 type=observe reward_pred=-0.153498 sequence=-30.682685
[v3_hard_precision gpu5] [plan iscas99__b21] [plan] step=206 node=__buf_split_20109 type=observe reward_pred=-0.153008 sequence=-30.835693
[v3_hard_precision gpu5] [plan iscas99__b21] [plan] step=207 node=N21195 type=control1 reward_pred=-0.152908 sequence=-30.988601
[v3_hard_precision gpu5] [plan iscas99__b21] [plan] step=208 node=__buf_split_20112 type=observe reward_pred=-0.153102 sequence=-31.141703
[v3_hard_precision gpu5] [plan iscas99__b21] [plan] step=209 node=__buf_split_20091 type=observe reward_pred=-0.153224 sequence=-31.294927
[v3_hard_precision gpu5] [plan iscas99__b21] [plan] step=210 node=N49273 type=observe reward_pred=-0.153254 sequence=-31.448181
[v3_hard_precision gpu5] [plan iscas99__b21] [plan] step=211 node=N22093 type=control1 reward_pred=-0.153205 sequence=-31.601386
[v3_hard_precision gpu5] [plan iscas99__b21] [plan] step=212 node=__buf_split_20107 type=observe reward_pred=-0.153395 sequence=-31.754781
[v3_hard_precision gpu5] [plan iscas99__b21] [plan] step=213 node=__buf_split_20088 type=observe reward_pred=-0.153496 sequence=-31.908277
[v3_hard_precision gpu5] [plan iscas99__b21] [plan] step=214 node=__buf_split_20110 type=observe reward_pred=-0.153484 sequence=-32.061761
[v3_hard_precision gpu5] [plan iscas99__b21] [plan] step=215 node=N1678 type=control1 reward_pred=-0.153417 sequence=-32.215178
[v3_hard_precision gpu5] [plan iscas99__b21] [plan] step=216 node=__buf_split_20092 type=observe reward_pred=-0.153582 sequence=-32.368760
[v3_hard_precision gpu5] [plan iscas99__b21] [plan] step=217 node=__buf_split_20113 type=observe reward_pred=-0.153654 sequence=-32.522414
[v3_hard_precision gpu5] [plan iscas99__b21] [plan] step=218 node=N49274 type=observe reward_pred=-0.153617 sequence=-32.676031
[v3_hard_precision gpu5] [plan iscas99__b21] [plan] step=219 node=N49276 type=observe reward_pred=-0.153508 sequence=-32.829539
[v3_hard_precision gpu5] [plan iscas99__b21] [plan] step=220 node=__buf_split_20089 type=observe reward_pred=-0.153378 sequence=-32.982917
[v3_hard_precision gpu5] [plan iscas99__b21] [plan] step=221 node=N4945 type=control1 reward_pred=-0.153225 sequence=-33.136142
[v3_hard_precision gpu5] [plan iscas99__b21] [plan] step=222 node=__buf_split_20098 type=observe reward_pred=-0.153290 sequence=-33.289432
[v3_hard_precision gpu5] [plan iscas99__b21] [plan] step=223 node=__buf_split_20101 type=observe reward_pred=-0.153343 sequence=-33.442775
[v3_hard_precision gpu5] [plan iscas99__b21] [plan] step=224 node=__buf_split_20083 type=observe reward_pred=-0.153305 sequence=-33.596080
[v3_hard_precision gpu5] [plan iscas99__b21] [plan] step=225 node=N21038 type=observe reward_pred=-0.153280 sequence=-33.749359
[v3_hard_precision gpu5] [plan iscas99__b21] [plan] step=226 node=N38482 type=observe reward_pred=-0.153238 sequence=-33.902597
[v3_hard_precision gpu5] [plan iscas99__b21] [plan] step=227 node=N22420 type=observe reward_pred=-0.153207 sequence=-34.055805
[v3_hard_precision gpu5] [plan iscas99__b21] [plan] step=228 node=N38530 type=observe reward_pred=-0.153182 sequence=-34.208987
[v3_hard_precision gpu5] [plan iscas99__b21] [plan] step=229 node=N38620 type=observe reward_pred=-0.153161 sequence=-34.362148
[v3_hard_precision gpu5] [plan iscas99__b21] [plan] step=230 node=N38500 type=observe reward_pred=-0.153146 sequence=-34.515295
[v3_hard_precision gpu5] [plan iscas99__b21] [plan] step=231 node=N38491 type=observe reward_pred=-0.153143 sequence=-34.668437
[v3_hard_precision gpu5] [plan iscas99__b21] [plan] step=232 node=N38542 type=observe reward_pred=-0.153149 sequence=-34.821586
[v3_hard_precision gpu5] [plan iscas99__b21] [plan] step=233 node=N21033 type=observe reward_pred=-0.153162 sequence=-34.974749
[v3_hard_precision gpu5] [plan iscas99__b21] [plan] step=234 node=N38515 type=observe reward_pred=-0.153177 sequence=-35.127926
[v3_hard_precision gpu5] [plan iscas99__b21] [plan] step=235 node=N38443 type=observe reward_pred=-0.153206 sequence=-35.281132
[v3_hard_precision gpu5] [plan iscas99__b21] [plan] step=236 node=N38518 type=observe reward_pred=-0.153233 sequence=-35.434365
[v3_hard_precision gpu5] [plan iscas99__b21] [plan] step=237 node=N38503 type=observe reward_pred=-0.153250 sequence=-35.587615
[v3_hard_precision gpu5] [plan iscas99__b21] [plan] step=238 node=N38461 type=observe reward_pred=-0.153249 sequence=-35.740864
[v3_hard_precision gpu5] [plan iscas99__b21] [plan] step=239 node=N38632 type=observe reward_pred=-0.153217 sequence=-35.894082
[v3_hard_precision gpu5] [plan iscas99__b21] [plan] step=240 node=N38557 type=observe reward_pred=-0.153233 sequence=-36.047315
[v3_hard_precision gpu5] [plan iscas99__b21] [plan] step=241 node=N34149 type=observe reward_pred=-0.153303 sequence=-36.200617
[v3_hard_precision gpu5] [plan iscas99__b21] [plan] step=242 node=N22605 type=observe reward_pred=-0.153340 sequence=-36.353957
[v3_hard_precision gpu5] [plan iscas99__b21] [plan] step=243 node=N14779 type=observe reward_pred=-0.153377 sequence=-36.507335
[v3_hard_precision gpu5] [plan iscas99__b21] [plan] step=244 node=N14780 type=observe reward_pred=-0.153423 sequence=-36.660757
[v3_hard_precision gpu5] [plan iscas99__b21] [plan] step=245 node=N27224 type=observe reward_pred=-0.153468 sequence=-36.814225
[v3_hard_precision gpu5] [plan iscas99__b21] [plan] step=246 node=N22686 type=observe reward_pred=-0.153513 sequence=-36.967738
[v3_hard_precision gpu5] [plan iscas99__b21] [plan] step=247 node=N8744 type=observe reward_pred=-0.153559 sequence=-37.121297
[v3_hard_precision gpu5] [plan iscas99__b21] [plan] step=248 node=N14786 type=observe reward_pred=-0.153603 sequence=-37.274900
[v3_hard_precision gpu5] [plan iscas99__b21] [plan] step=249 node=N14789 type=observe reward_pred=-0.153648 sequence=-37.428548
[v3_hard_precision gpu5] [plan iscas99__b21] [plan] step=250 node=N21035 type=observe reward_pred=-0.153692 sequence=-37.582240
[v3_hard_precision gpu5] [plan iscas99__b21] [plan] step=251 node=N21037 type=observe reward_pred=-0.153729 sequence=-37.735969
[v3_hard_precision gpu5] [plan iscas99__b21] [plan] step=252 node=N8768 type=observe reward_pred=-0.153755 sequence=-37.889724
[v3_hard_precision gpu5] [plan iscas99__b21] [plan] step=253 node=N38458 type=observe reward_pred=-0.153780 sequence=-38.043504
[v3_hard_precision gpu5] [plan iscas99__b21] [plan] step=254 node=N22419 type=observe reward_pred=-0.153803 sequence=-38.197308
[v3_hard_precision gpu5] [plan iscas99__b21] [plan] step=255 node=N22432 type=observe reward_pred=-0.153819 sequence=-38.351127
[v3_hard_precision gpu5] [plan iscas99__b21] [plan] step=256 node=N34098 type=observe reward_pred=-0.153830 sequence=-38.504957
[v3_hard_precision gpu5] [plan iscas99__b21] [plan] step=257 node=N14784 type=observe reward_pred=-0.153872 sequence=-38.658829
[v3_hard_precision gpu5] [plan iscas99__b21] [plan] step=258 node=N8743 type=observe reward_pred=-0.153911 sequence=-38.812740
[v3_hard_precision gpu5] [plan iscas99__b21] [plan] step=259 node=N8742 type=observe reward_pred=-0.153936 sequence=-38.966676
[v3_hard_precision gpu5] [plan iscas99__b21] [plan] step=260 node=N14809 type=observe reward_pred=-0.154305 sequence=-39.120981
[v3_hard_precision gpu5] [plan iscas99__b21] [plan] step=261 node=N8811 type=observe reward_pred=-0.154659 sequence=-39.275640
[v3_hard_precision gpu5] [plan iscas99__b21] [plan] step=262 node=N14760 type=observe reward_pred=-0.154899 sequence=-39.430539
[v3_hard_precision gpu5] [plan iscas99__b21] [plan] step=263 node=__buf_split_4147 type=observe reward_pred=-0.173712 sequence=-39.604251
[v3_hard_precision gpu5] [plan iscas99__b21] [plan] step=264 node=__buf_split_3769 type=observe reward_pred=-0.139572 sequence=-39.743823
[v3_hard_precision gpu5] [plan iscas99__b21] [plan] step=265 node=N41205 type=control1 reward_pred=-0.145606 sequence=-39.889429
[v3_hard_precision gpu5] [plan iscas99__b21] [plan] step=266 node=N40961 type=control1 reward_pred=-0.149489 sequence=-40.038918
[v3_hard_precision gpu5] [plan iscas99__b21] [plan] step=267 node=N40933 type=control1 reward_pred=-0.152627 sequence=-40.191545
[v3_hard_precision gpu5] [plan iscas99__b21] [plan] step=268 node=N39446 type=control1 reward_pred=-0.155561 sequence=-40.347106
[v3_hard_precision gpu5] [plan iscas99__b21] [plan] step=269 node=N40847 type=control1 reward_pred=-0.158307 sequence=-40.505413
[v3_hard_precision gpu5] [plan iscas99__b21] [plan] step=270 node=__buf_split_3768 type=observe reward_pred=-0.162035 sequence=-40.667448
[v3_hard_precision gpu5] [plan iscas99__b21] [plan] step=271 node=__buf_split_3770 type=observe reward_pred=-0.164581 sequence=-40.832029
[v3_hard_precision gpu5] [plan iscas99__b21] [plan] step=272 node=__buf_split_3776 type=observe reward_pred=-0.166841 sequence=-40.998871
[v3_hard_precision gpu5] [plan iscas99__b21] [plan] step=273 node=__buf_split_3777 type=observe reward_pred=-0.166738 sequence=-41.165608
[v3_hard_precision gpu5] [plan iscas99__b21] [plan] step=274 node=__buf_split_11422 type=observe reward_pred=-0.166402 sequence=-41.332011
[v3_hard_precision gpu5] [plan iscas99__b21] [plan] step=275 node=__buf_split_20104 type=observe reward_pred=-0.167631 sequence=-41.499641
[v3_hard_precision gpu5] [plan iscas99__b21] [plan] step=276 node=__buf_split_11423 type=observe reward_pred=-0.172531 sequence=-41.672172
[v3_hard_precision gpu5] [plan iscas99__b21] [plan] step=277 node=__buf_split_13653 type=observe reward_pred=-0.174366 sequence=-41.846538
[v3_hard_precision gpu5] [plan iscas99__b21] [plan] step=278 node=N40933 type=control0 reward_pred=-0.175420 sequence=-42.021958
[v3_hard_precision gpu5] [plan iscas99__b21] [plan] step=279 node=N39446 type=control0 reward_pred=-0.176676 sequence=-42.198634
[v3_hard_precision gpu5] [plan iscas99__b21] [plan] step=280 node=N40847 type=control0 reward_pred=-0.178613 sequence=-42.377248
[v3_hard_precision gpu5] [plan iscas99__b21] [plan] step=281 node=N40961 type=control0 reward_pred=-0.181058 sequence=-42.558306
[v3_hard_precision gpu5] [plan iscas99__b21] [plan] step=282 node=N39688 type=control1 reward_pred=-0.184888 sequence=-42.743193
[v3_hard_precision gpu5] [plan iscas99__b21] [plan] step=283 node=N41205 type=control0 reward_pred=-0.189128 sequence=-42.932322
[v3_hard_precision gpu5] [plan iscas99__b21] [plan] step=284 node=N39669 type=control1 reward_pred=-0.193910 sequence=-43.126231
[v3_hard_precision gpu5] [plan iscas99__b21] [plan] step=285 node=N39688 type=control0 reward_pred=-0.199625 sequence=-43.325856
[v3_hard_precision gpu5] [plan iscas99__b21] [plan] step=286 node=N40112 type=control0 reward_pred=-0.204740 sequence=-43.530596
[v3_hard_precision gpu5] [plan iscas99__b21] [plan] step=287 node=N39669 type=control0 reward_pred=-0.209104 sequence=-43.739700
[v3_hard_precision gpu5] [plan iscas99__b21] [plan] step=288 node=N39705 type=control1 reward_pred=-0.215835 sequence=-43.955535
[v3_hard_precision gpu5] [plan iscas99__b21] [plan] step=289 node=N39761 type=control0 reward_pred=-0.221530 sequence=-44.177064
[v3_hard_precision gpu5] [plan iscas99__b21] [plan] step=290 node=N39724 type=control1 reward_pred=-0.228744 sequence=-44.405809
[v3_hard_precision gpu5] [plan iscas99__b21] [plan] step=291 node=N39724 type=control0 reward_pred=-0.235659 sequence=-44.641467
[v3_hard_precision gpu5] [plan iscas99__b21] [plan] step=292 node=N40112 type=control1 reward_pred=-0.243055 sequence=-44.884522
[v3_hard_precision gpu5] [plan iscas99__b21] [plan] step=293 node=N39779 type=control1 reward_pred=-0.250522 sequence=-45.135044
[v3_hard_precision gpu5] [plan iscas99__b21] [plan] step=294 node=N39797 type=control1 reward_pred=-0.257957 sequence=-45.393001
[v3_hard_precision gpu5] [plan iscas99__b21] [plan] step=295 node=N39761 type=control1 reward_pred=-0.266011 sequence=-45.659013
[v3_hard_precision gpu5] [plan iscas99__b21] [plan] step=296 node=N39705 type=control0 reward_pred=-0.273477 sequence=-45.932490
[v3_hard_precision gpu5] [plan iscas99__b21] [plan] step=297 node=N39814 type=control1 reward_pred=-0.282160 sequence=-46.214649
[v3_hard_precision gpu5] [plan iscas99__b21] [plan] step=298 node=N39832 type=control1 reward_pred=-0.291326 sequence=-46.505975
[v3_hard_precision gpu5] [plan iscas99__b21] [plan] step=299 node=N39850 type=control1 reward_pred=-0.294312 sequence=-46.800287
[v3_hard_precision gpu5] [plan iscas99__b21] [plan] step=300 node=N39742 type=control1 reward_pred=-0.293803 sequence=-47.094090
[v3_hard_precision gpu5] [plan iscas99__b21] [plan] step=301 node=N39868 type=control1 reward_pred=-0.289499 sequence=-47.383589
[v3_hard_precision gpu5] [plan iscas99__b21] [plan] step=302 node=N41166 type=control1 reward_pred=-0.284252 sequence=-47.667841
[v3_hard_precision gpu5] [plan iscas99__b21] [plan] step=303 node=N41170 type=control1 reward_pred=-0.277851 sequence=-47.945692
[v3_hard_precision gpu5] [plan iscas99__b21] [plan] step=304 node=N41162 type=control1 reward_pred=-0.269407 sequence=-48.215100
[v3_hard_precision gpu5] [plan iscas99__b21] [plan] step=305 node=N40837 type=control1 reward_pred=-0.262197 sequence=-48.477296
[v3_hard_precision gpu5] [plan iscas99__b21] [plan] step=306 node=N39469 type=control1 reward_pred=-0.255628 sequence=-48.732925
[v3_hard_precision gpu5] [plan iscas99__b21] [plan] step=307 node=N40909 type=control1 reward_pred=-0.251486 sequence=-48.984411
[v3_hard_precision gpu5] [plan iscas99__b21] [plan] step=308 node=N39465 type=control1 reward_pred=-0.248942 sequence=-49.233353
[v3_hard_precision gpu5] [plan iscas99__b21] [plan] step=309 node=N39515 type=control1 reward_pred=-0.247424 sequence=-49.480777
[v3_hard_precision gpu5] [plan iscas99__b21] [plan] step=310 node=N39572 type=control1 reward_pred=-0.246530 sequence=-49.727307
[v3_hard_precision gpu5] [plan iscas99__b21] [plan] step=311 node=N39494 type=control1 reward_pred=-0.246049 sequence=-49.973356
[v3_hard_precision gpu5] [plan iscas99__b21] [plan] step=312 node=N40918 type=control1 reward_pred=-0.246273 sequence=-50.219629
[v3_hard_precision gpu5] [plan iscas99__b21] [plan] step=313 node=N40938 type=control1 reward_pred=-0.246276 sequence=-50.465905
[v3_hard_precision gpu5] [plan iscas99__b21] [plan] step=314 node=N40952 type=control1 reward_pred=-0.246373 sequence=-50.712277
[v3_hard_precision gpu5] [plan iscas99__b21] [plan] step=315 node=N40890 type=control1 reward_pred=-0.246524 sequence=-50.958802
[v3_hard_precision gpu5] [plan iscas99__b21] [plan] step=316 node=N40895 type=control1 reward_pred=-0.247114 sequence=-51.205916
[v3_hard_precision gpu5] [plan iscas99__b21] [plan] step=317 node=N39546 type=control1 reward_pred=-0.247329 sequence=-51.453245
[v3_hard_precision gpu5] [plan iscas99__b21] [plan] step=318 node=N39436 type=control1 reward_pred=-0.247553 sequence=-51.700798
[v3_hard_precision gpu5] [plan iscas99__b21] [plan] step=319 node=N39485 type=control1 reward_pred=-0.247776 sequence=-51.948574
[v3_hard_precision gpu5] [plan iscas99__b21] [plan] step=320 node=N40862 type=control1 reward_pred=-0.249906 sequence=-52.198480
[v3_hard_precision gpu5] [plan iscas99__b21] [plan] step=321 node=N40871 type=control1 reward_pred=-0.254545 sequence=-52.453025
[v3_hard_precision gpu5] [plan iscas99__b21] [plan] step=322 node=N39885 type=control1 reward_pred=-0.254765 sequence=-52.707789
[v3_hard_precision gpu5] [plan iscas99__b21] [plan] step=323 node=N39921 type=control1 reward_pred=-0.254967 sequence=-52.962756
[v3_hard_precision gpu5] [plan iscas99__b21] [plan] step=324 node=N39938 type=control1 reward_pred=-0.255154 sequence=-53.217910
[v3_hard_precision gpu5] [plan iscas99__b21] [plan] step=325 node=N40058 type=control1 reward_pred=-0.255324 sequence=-53.473234
[v3_hard_precision gpu5] [plan iscas99__b21] [plan] step=326 node=N40019 type=control1 reward_pred=-0.255483 sequence=-53.728717
[v3_hard_precision gpu5] [plan iscas99__b21] [plan] step=327 node=N40069 type=control1 reward_pred=-0.255636 sequence=-53.984353
[v3_hard_precision gpu5] [plan iscas99__b21] [plan] step=328 node=N40034 type=control1 reward_pred=-0.255784 sequence=-54.240137
[v3_hard_precision gpu5] [plan iscas99__b21] [plan] step=329 node=N40080 type=control1 reward_pred=-0.255928 sequence=-54.496065
[v3_hard_precision gpu5] [plan iscas99__b21] [plan] step=330 node=N39988 type=control1 reward_pred=-0.256070 sequence=-54.752135
[v3_hard_precision gpu5] [plan iscas99__b21] [plan] step=331 node=N39954 type=control1 reward_pred=-0.256208 sequence=-55.008343
[v3_hard_precision gpu5] [plan iscas99__b21] [plan] step=332 node=N40004 type=control1 reward_pred=-0.256342 sequence=-55.264685
[v3_hard_precision gpu5] [plan iscas99__b21] [plan] step=333 node=N40098 type=control1 reward_pred=-0.256470 sequence=-55.521155
[v3_hard_precision gpu5] [plan iscas99__b21] [plan] step=334 node=N40047 type=control1 reward_pred=-0.256597 sequence=-55.777753
[v3_hard_precision gpu5] [plan iscas99__b21] [plan] step=335 node=N40104 type=control1 reward_pred=-0.256722 sequence=-56.034474
[v3_hard_precision gpu5] [plan iscas99__b21] [plan] step=336 node=N39904 type=control1 reward_pred=-0.256841 sequence=-56.291315
[v3_hard_precision gpu5] [plan iscas99__b21] [plan] step=337 node=N40109 type=control1 reward_pred=-0.256921 sequence=-56.548236
[v3_hard_precision gpu5] [plan iscas99__b21] [plan] step=338 node=N39972 type=control1 reward_pred=-0.256971 sequence=-56.805207
[v3_hard_precision gpu5] [plan iscas99__b21] [plan] step=339 node=N39537 type=control1 reward_pred=-0.256999 sequence=-57.062207
[v3_hard_precision gpu5] [plan iscas99__b21] [plan] step=340 node=N40089 type=control1 reward_pred=-0.257013 sequence=-57.319219
[v3_hard_precision gpu5] [plan iscas99__b21] [plan] step=341 node=N39562 type=control1 reward_pred=-0.257014 sequence=-57.576234
[v3_hard_precision gpu5] [plan iscas99__b21] [plan] step=342 node=N39562 type=control0 reward_pred=-0.261037 sequence=-57.837271
[v3_hard_precision gpu5] [plan iscas99__b21] [plan] step=343 node=N39671 type=control1 reward_pred=-0.260588 sequence=-58.097859
[v3_hard_precision gpu5] [plan iscas99__b21] [plan] step=344 node=N39671 type=control0 reward_pred=-0.264237 sequence=-58.362097
[v3_hard_precision gpu5] [plan iscas99__b21] [plan] step=345 node=N39690 type=control1 reward_pred=-0.263465 sequence=-58.625562
[v3_hard_precision gpu5] [plan iscas99__b21] [plan] step=346 node=N39690 type=control0 reward_pred=-0.266783 sequence=-58.892345
[v3_hard_precision gpu5] [plan iscas99__b21] [plan] step=347 node=N39707 type=control1 reward_pred=-0.265723 sequence=-59.158068
[v3_hard_precision gpu5] [plan iscas99__b21] [plan] step=348 node=N39707 type=control0 reward_pred=-0.268770 sequence=-59.426838
[v3_hard_precision gpu5] [plan iscas99__b21] [plan] step=349 node=N39726 type=control1 reward_pred=-0.267463 sequence=-59.694301
[v3_hard_precision gpu5] [plan iscas99__b21] [plan] step=350 node=N39726 type=control0 reward_pred=-0.270288 sequence=-59.964588
[v3_hard_precision gpu5] [plan iscas99__b21] [plan] step=351 node=N39744 type=control1 reward_pred=-0.268776 sequence=-60.233364
[v3_hard_precision gpu5] [plan iscas99__b21] [plan] step=352 node=N39744 type=control0 reward_pred=-0.271429 sequence=-60.504793
[v3_hard_precision gpu5] [plan iscas99__b21] [plan] step=353 node=N39763 type=control1 reward_pred=-0.269759 sequence=-60.774552
[v3_hard_precision gpu5] [plan iscas99__b21] [plan] step=354 node=N39763 type=control0 reward_pred=-0.272282 sequence=-61.046834
[v3_hard_precision gpu5] [plan iscas99__b21] [plan] step=355 node=N39781 type=control1 reward_pred=-0.270492 sequence=-61.317326
[v3_hard_precision gpu5] [plan iscas99__b21] [plan] step=356 node=N39781 type=control0 reward_pred=-0.272919 sequence=-61.590245
[v3_hard_precision gpu5] [plan iscas99__b21] [plan] step=357 node=N39799 type=control1 reward_pred=-0.271040 sequence=-61.861285
[v3_hard_precision gpu5] [plan iscas99__b21] [plan] step=358 node=N39799 type=control0 reward_pred=-0.273396 sequence=-62.134681
[v3_hard_precision gpu5] [plan iscas99__b21] [plan] step=359 node=N39816 type=control1 reward_pred=-0.271449 sequence=-62.406130
[v3_hard_precision gpu5] [plan iscas99__b21] [plan] step=360 node=N39816 type=control0 reward_pred=-0.273752 sequence=-62.679883
[v3_hard_precision gpu5] [plan iscas99__b21] [plan] step=361 node=N39834 type=control1 reward_pred=-0.271756 sequence=-62.951638
[v3_hard_precision gpu5] [plan iscas99__b21] [plan] step=362 node=N39834 type=control0 reward_pred=-0.274019 sequence=-63.225658
[v3_hard_precision gpu5] [plan iscas99__b21] [plan] step=363 node=N39852 type=control1 reward_pred=-0.271986 sequence=-63.497644
[v3_hard_precision gpu5] [plan iscas99__b21] [plan] step=364 node=N39852 type=control0 reward_pred=-0.274220 sequence=-63.771864
[v3_hard_precision gpu5] [plan iscas99__b21] [plan] step=365 node=N39870 type=control1 reward_pred=-0.272159 sequence=-64.044024
[v3_hard_precision gpu5] [plan iscas99__b21] [plan] step=366 node=N39870 type=control0 reward_pred=-0.274371 sequence=-64.318395
[v3_hard_precision gpu5] [plan iscas99__b21] [plan] step=367 node=N39887 type=control1 reward_pred=-0.272289 sequence=-64.590684
[v3_hard_precision gpu5] [plan iscas99__b21] [plan] step=368 node=N39887 type=control0 reward_pred=-0.274485 sequence=-64.865170
[v3_hard_precision gpu5] [plan iscas99__b21] [plan] step=369 node=N39906 type=control1 reward_pred=-0.272387 sequence=-65.137557
[v3_hard_precision gpu5] [plan iscas99__b21] [plan] step=370 node=N39906 type=control0 reward_pred=-0.274571 sequence=-65.412128
[v3_hard_precision gpu5] [plan iscas99__b21] [plan] step=371 node=N39923 type=control1 reward_pred=-0.272461 sequence=-65.684589
[v3_hard_precision gpu5] [plan iscas99__b21] [plan] step=372 node=N39923 type=control0 reward_pred=-0.274636 sequence=-65.959225
[v3_hard_precision gpu5] [plan iscas99__b21] [plan] step=373 node=N39940 type=control1 reward_pred=-0.272517 sequence=-66.231742
[v3_hard_precision gpu5] [plan iscas99__b21] [plan] step=374 node=N39940 type=control0 reward_pred=-0.274684 sequence=-66.506426
[v3_hard_precision gpu5] [plan iscas99__b21] [plan] step=375 node=N39956 type=control1 reward_pred=-0.272559 sequence=-66.778986
[v3_hard_precision gpu5] [plan iscas99__b21] [plan] step=376 node=N39956 type=control0 reward_pred=-0.274721 sequence=-67.053706
[v3_hard_precision gpu5] [plan iscas99__b21] [plan] step=377 node=N39974 type=control1 reward_pred=-0.272591 sequence=-67.326297
[v3_hard_precision gpu5] [plan iscas99__b21] [plan] step=378 node=N39974 type=control0 reward_pred=-0.274749 sequence=-67.601046
[v3_hard_precision gpu5] [plan iscas99__b21] [plan] step=379 node=N39990 type=control1 reward_pred=-0.272615 sequence=-67.873661
[v3_hard_precision gpu5] [plan iscas99__b21] [plan] step=380 node=N39990 type=control0 reward_pred=-0.274770 sequence=-68.148431
[v3_hard_precision gpu5] [plan iscas99__b21] [plan] step=381 node=N40006 type=control1 reward_pred=-0.272633 sequence=-68.421064
[v3_hard_precision gpu5] [plan iscas99__b21] [plan] step=382 node=N40006 type=control0 reward_pred=-0.274786 sequence=-68.695850
[v3_hard_precision gpu5] [plan iscas99__b21] [plan] step=383 node=N40021 type=control1 reward_pred=-0.272647 sequence=-68.968496
[v3_hard_precision gpu5] [plan iscas99__b21] [plan] step=384 node=N40021 type=control0 reward_pred=-0.274798 sequence=-69.243294
[v3_hard_precision gpu5] [plan iscas99__b21] [plan] step=385 node=N40036 type=control1 reward_pred=-0.272657 sequence=-69.515951
[v3_hard_precision gpu5] [plan iscas99__b21] [plan] step=386 node=N40036 type=control0 reward_pred=-0.274806 sequence=-69.790757
[v3_hard_precision gpu5] [plan iscas99__b21] [plan] step=387 node=N40049 type=control1 reward_pred=-0.272665 sequence=-70.063422
[v3_hard_precision gpu5] [plan iscas99__b21] [plan] step=388 node=N40049 type=control0 reward_pred=-0.274814 sequence=-70.338235
[v3_hard_precision gpu5] [plan iscas99__b21] [plan] step=389 node=N40060 type=control1 reward_pred=-0.272671 sequence=-70.610906
[v3_hard_precision gpu5] [plan iscas99__b21] [plan] step=390 node=N40060 type=control0 reward_pred=-0.274818 sequence=-70.885724
[v3_hard_precision gpu5] [plan iscas99__b21] [plan] step=391 node=N40071 type=control1 reward_pred=-0.272675 sequence=-71.158399
[v3_hard_precision gpu5] [plan iscas99__b21] [plan] step=392 node=N40071 type=control0 reward_pred=-0.274822 sequence=-71.433222
[v3_hard_precision gpu5] [plan iscas99__b21] [plan] step=393 node=N40082 type=control1 reward_pred=-0.272678 sequence=-71.705900
[v3_hard_precision gpu5] [plan iscas99__b21] [plan] step=394 node=N40082 type=control0 reward_pred=-0.274825 sequence=-71.980725
[v3_hard_precision gpu5] [plan iscas99__b21] [plan] step=395 node=N40091 type=control1 reward_pred=-0.272681 sequence=-72.253406
[v3_hard_precision gpu5] [plan iscas99__b21] [plan] step=396 node=N40091 type=control0 reward_pred=-0.274828 sequence=-72.528234
[v3_hard_precision gpu5] [plan iscas99__b21] [plan] step=397 node=N40100 type=control1 reward_pred=-0.272683 sequence=-72.800916
[v3_hard_precision gpu5] [plan iscas99__b21] [plan] step=398 node=N40100 type=control0 reward_pred=-0.274829 sequence=-73.075745
[v3_hard_precision gpu5] [plan iscas99__b21] [plan] step=399 node=N39670 type=control1 reward_pred=-0.272684 sequence=-73.348430
[v3_hard_precision gpu5] [plan iscas99__b21] [plan] step=400 node=N39670 type=control0 reward_pred=-0.274830 sequence=-73.623260
[v3_hard_precision gpu5] [plan iscas99__b21] [plan] step=401 node=N39689 type=control1 reward_pred=-0.272685 sequence=-73.895945
[v3_hard_precision gpu5] [plan iscas99__b21] [plan] step=402 node=N39689 type=control0 reward_pred=-0.274831 sequence=-74.170777
[v3_hard_precision gpu5] [plan iscas99__b21] [plan] step=403 node=N39706 type=control1 reward_pred=-0.272686 sequence=-74.443463
[v3_hard_precision gpu5] [plan iscas99__b21] [plan] step=404 node=N39706 type=control0 reward_pred=-0.274832 sequence=-74.718295
[v3_hard_precision gpu5] [plan iscas99__b21] [plan] step=405 node=N39725 type=control1 reward_pred=-0.272687 sequence=-74.990982
[v3_hard_precision gpu5] [plan iscas99__b21] [plan] step=406 node=N39725 type=control0 reward_pred=-0.274833 sequence=-75.265814
[v3_hard_precision gpu5] [plan iscas99__b21] [plan] step=407 node=N39743 type=control1 reward_pred=-0.272687 sequence=-75.538501
[v3_hard_precision gpu5] [plan iscas99__b21] [plan] step=408 node=N39743 type=control0 reward_pred=-0.274833 sequence=-75.813334
[v3_hard_precision gpu5] [plan iscas99__b21] [plan] step=409 node=N39762 type=control1 reward_pred=-0.272687 sequence=-76.086022
[v3_hard_precision gpu5] [plan iscas99__b21] [plan] step=410 node=N39762 type=control0 reward_pred=-0.274833 sequence=-76.360855
[v3_hard_precision gpu5] [plan iscas99__b21] [plan] step=411 node=N39780 type=control1 reward_pred=-0.272688 sequence=-76.633543
[v3_hard_precision gpu5] [plan iscas99__b21] [plan] step=412 node=N39780 type=control0 reward_pred=-0.274833 sequence=-76.908376
[v3_hard_precision gpu5] [plan iscas99__b21] [plan] step=413 node=N39798 type=control1 reward_pred=-0.272688 sequence=-77.181064
[v3_hard_precision gpu5] [plan iscas99__b21] [plan] step=414 node=N39798 type=control0 reward_pred=-0.274834 sequence=-77.455898
[v3_hard_precision gpu5] [plan iscas99__b21] [plan] step=415 node=N39815 type=control1 reward_pred=-0.272688 sequence=-77.728586
[v3_hard_precision gpu5] [plan iscas99__b21] [plan] step=416 node=N39815 type=control0 reward_pred=-0.274834 sequence=-78.003420
[v3_hard_precision gpu5] [plan iscas99__b21] [plan] step=417 node=N39833 type=control1 reward_pred=-0.272688 sequence=-78.276108
[v3_hard_precision gpu5] [plan iscas99__b21] [plan] step=418 node=N39833 type=control0 reward_pred=-0.274834 sequence=-78.550942
[v3_hard_precision gpu5] [plan iscas99__b21] [plan] step=419 node=N39851 type=control1 reward_pred=-0.272688 sequence=-78.823630
[v3_hard_precision gpu5] [plan iscas99__b21] [plan] step=420 node=N39851 type=control0 reward_pred=-0.274834 sequence=-79.098465
[v3_hard_precision gpu5] [plan iscas99__b21] [plan] step=421 node=N39869 type=control1 reward_pred=-0.272688 sequence=-79.371153
[v3_hard_precision gpu5] [plan iscas99__b21] [plan] step=422 node=N39869 type=control0 reward_pred=-0.274834 sequence=-79.645987
[v3_hard_precision gpu5] [plan iscas99__b21] [plan] step=423 node=N39886 type=control1 reward_pred=-0.272689 sequence=-79.918676
[v3_hard_precision gpu5] [plan iscas99__b21] [plan] step=424 node=N39886 type=control0 reward_pred=-0.274834 sequence=-80.193510
[v3_hard_precision gpu5] [plan iscas99__b21] [plan] step=425 node=N39905 type=control1 reward_pred=-0.272688 sequence=-80.466198
[v3_hard_precision gpu5] [plan iscas99__b21] [plan] step=426 node=N39905 type=control0 reward_pred=-0.274834 sequence=-80.741032
[v3_hard_precision gpu5] [plan iscas99__b21] [plan] step=427 node=N39922 type=control1 reward_pred=-0.272689 sequence=-81.013721
[v3_hard_precision gpu5] [plan iscas99__b21] [plan] step=428 node=N39922 type=control0 reward_pred=-0.274834 sequence=-81.288555
[v3_hard_precision gpu5] [plan iscas99__b21] [plan] step=429 node=N39939 type=control1 reward_pred=-0.272689 sequence=-81.561244
[v3_hard_precision gpu5] [plan iscas99__b21] [plan] step=430 node=N39939 type=control0 reward_pred=-0.274834 sequence=-81.836078
[v3_hard_precision gpu5] [plan iscas99__b21] [plan] step=431 node=N39955 type=control1 reward_pred=-0.272689 sequence=-82.108766
[v3_hard_precision gpu5] [plan iscas99__b21] [plan] step=432 node=N39955 type=control0 reward_pred=-0.274834 sequence=-82.383600
[v3_hard_precision gpu5] [plan iscas99__b21] [plan] step=433 node=N39973 type=control1 reward_pred=-0.272689 sequence=-82.656289
[v3_hard_precision gpu5] [plan iscas99__b21] [plan] step=434 node=N39973 type=control0 reward_pred=-0.274834 sequence=-82.931123
[v3_hard_precision gpu5] [plan iscas99__b21] [plan] step=435 node=N39989 type=control1 reward_pred=-0.272689 sequence=-83.203812
[v3_hard_precision gpu5] [plan iscas99__b21] [plan] step=436 node=N39989 type=control0 reward_pred=-0.274834 sequence=-83.478646
[v3_hard_precision gpu5] [plan iscas99__b21] [plan] step=437 node=N40005 type=control1 reward_pred=-0.272689 sequence=-83.751335
[v3_hard_precision gpu5] [plan iscas99__b21] [plan] step=438 node=N40005 type=control0 reward_pred=-0.274834 sequence=-84.026169
[v3_hard_precision gpu5] [plan iscas99__b21] [plan] step=439 node=N40020 type=control1 reward_pred=-0.272689 sequence=-84.298857
[v3_hard_precision gpu5] [plan iscas99__b21] [plan] step=440 node=N40020 type=control0 reward_pred=-0.274834 sequence=-84.573692
[v3_hard_precision gpu5] [plan iscas99__b21] [plan] step=441 node=N40035 type=control1 reward_pred=-0.272689 sequence=-84.846380
[v3_hard_precision gpu5] [plan iscas99__b21] [plan] step=442 node=N40035 type=control0 reward_pred=-0.274834 sequence=-85.121214
[v3_hard_precision gpu5] [plan iscas99__b21] [plan] step=443 node=N40048 type=control1 reward_pred=-0.272689 sequence=-85.393903
[v3_hard_precision gpu5] [plan iscas99__b21] [plan] step=444 node=N40048 type=control0 reward_pred=-0.274834 sequence=-85.668737
[v3_hard_precision gpu5] [plan iscas99__b21] [plan] step=445 node=N40059 type=control1 reward_pred=-0.272689 sequence=-85.941426
[v3_hard_precision gpu5] [plan iscas99__b21] [plan] step=446 node=N40059 type=control0 reward_pred=-0.274834 sequence=-86.216260
[v3_hard_precision gpu5] [plan iscas99__b21] [plan] step=447 node=N40070 type=control1 reward_pred=-0.272689 sequence=-86.488948
[v3_hard_precision gpu5] [plan iscas99__b21] [plan] step=448 node=N40070 type=control0 reward_pred=-0.274834 sequence=-86.763783
[v3_hard_precision gpu5] [plan iscas99__b21] [plan] step=449 node=N40081 type=control1 reward_pred=-0.272689 sequence=-87.036471
[v3_hard_precision gpu5] [plan iscas99__b21] [plan] step=450 node=N40081 type=control0 reward_pred=-0.274834 sequence=-87.311305
[v3_hard_precision gpu5] [plan iscas99__b21] [plan] step=451 node=N40090 type=control1 reward_pred=-0.272688 sequence=-87.583994
[v3_hard_precision gpu5] [plan iscas99__b21] [plan] step=452 node=N40090 type=control0 reward_pred=-0.274834 sequence=-87.858828
[v3_hard_precision gpu5] [plan iscas99__b21] [plan] step=453 node=N40099 type=control1 reward_pred=-0.272689 sequence=-88.131516
[v3_hard_precision gpu5] [plan iscas99__b21] [plan] step=454 node=N40099 type=control0 reward_pred=-0.274834 sequence=-88.406351
[v3_hard_precision gpu5] [plan iscas99__b21] [plan] step=455 node=N40105 type=control1 reward_pred=-0.272689 sequence=-88.679039
[v3_hard_precision gpu5] [plan iscas99__b21] [plan] step=456 node=N40105 type=control0 reward_pred=-0.274834 sequence=-88.953873
[v3_hard_precision gpu5] [plan iscas99__b21] [plan] step=457 node=N41157 type=control1 reward_pred=-0.272688 sequence=-89.226562
[v3_hard_precision gpu5] [plan iscas99__b21] [plan] step=458 node=N41157 type=control0 reward_pred=-0.274834 sequence=-89.501395
[v3_hard_precision gpu5] [plan iscas99__b21] [plan] step=459 node=N41146 type=control1 reward_pred=-0.272688 sequence=-89.774083
[v3_hard_precision gpu5] [plan iscas99__b21] [plan] step=460 node=N41146 type=control0 reward_pred=-0.274833 sequence=-90.048916
[v3_hard_precision gpu5] [plan iscas99__b21] [plan] step=461 node=N41152 type=control1 reward_pred=-0.272687 sequence=-90.321603
[v3_hard_precision gpu5] [plan iscas99__b21] [plan] step=462 node=N41152 type=control0 reward_pred=-0.274832 sequence=-90.596435
[v3_hard_precision gpu5] [plan iscas99__b21] [plan] step=463 node=N39511 type=control1 reward_pred=-0.272686 sequence=-90.869121
[v3_hard_precision gpu5] [plan iscas99__b21] [plan] step=464 node=N39511 type=control0 reward_pred=-0.274832 sequence=-91.143953
[v3_hard_precision gpu5] [plan iscas99__b21] [plan] step=465 node=N41147 type=control1 reward_pred=-0.272686 sequence=-91.416639
[v3_hard_precision gpu5] [plan iscas99__b21] [plan] step=466 node=N41147 type=control0 reward_pred=-0.274831 sequence=-91.691470
[v3_hard_precision gpu5] [plan iscas99__b21] [plan] step=467 node=N39853 type=control1 reward_pred=-0.272686 sequence=-91.964156
[v3_hard_precision gpu5] [plan iscas99__b21] [plan] step=468 node=N39853 type=control0 reward_pred=-0.274832 sequence=-92.238989
[v3_hard_precision gpu5] [plan iscas99__b21] [plan] step=469 node=N39871 type=control1 reward_pred=-0.272687 sequence=-92.511676
[v3_hard_precision gpu5] [plan iscas99__b21] [plan] step=470 node=N39871 type=control0 reward_pred=-0.274833 sequence=-92.786508
[v3_hard_precision gpu5] [plan iscas99__b21] [plan] step=471 node=N39888 type=control1 reward_pred=-0.272687 sequence=-93.059196
[v3_hard_precision gpu5] [plan iscas99__b21] [plan] step=472 node=N39888 type=control0 reward_pred=-0.274833 sequence=-93.334029
[v3_hard_precision gpu5] [plan iscas99__b21] [plan] step=473 node=N39907 type=control1 reward_pred=-0.272688 sequence=-93.606717
[v3_hard_precision gpu5] [plan iscas99__b21] [plan] step=474 node=N39907 type=control0 reward_pred=-0.274833 sequence=-93.881550
[v3_hard_precision gpu5] [plan iscas99__b21] [plan] step=475 node=N39924 type=control1 reward_pred=-0.272688 sequence=-94.154238
[v3_hard_precision gpu5] [plan iscas99__b21] [plan] step=476 node=N39924 type=control0 reward_pred=-0.274834 sequence=-94.429072
[v3_hard_precision gpu5] [plan iscas99__b21] [plan] step=477 node=N39941 type=control1 reward_pred=-0.272688 sequence=-94.701760
[v3_hard_precision gpu5] [plan iscas99__b21] [plan] step=478 node=N39941 type=control0 reward_pred=-0.274834 sequence=-94.976593
[v3_hard_precision gpu5] [plan iscas99__b21] [plan] step=479 node=N39957 type=control1 reward_pred=-0.272688 sequence=-95.249282
[v3_hard_precision gpu5] [plan iscas99__b21] [plan] step=480 node=N39957 type=control0 reward_pred=-0.274834 sequence=-95.524115
[v3_hard_precision gpu5] [plan iscas99__b21] [plan] step=481 node=N39499 type=control1 reward_pred=-0.272688 sequence=-95.796803
[v3_hard_precision gpu5] [plan iscas99__b21] [plan] step=482 node=N39499 type=control0 reward_pred=-0.274833 sequence=-96.071636
[v3_hard_precision gpu5] [plan iscas99__b21] [plan] step=483 node=N40078 type=control1 reward_pred=-0.272687 sequence=-96.344323
[v3_hard_precision gpu5] [plan iscas99__b21] [plan] step=484 node=__buf_split_20105 type=observe reward_pred=-0.270720 sequence=-96.615043
[v3_hard_precision gpu5] [plan iscas99__b21] [plan] step=485 node=N40078 type=control0 reward_pred=-0.273232 sequence=-96.888275
[v3_hard_precision gpu5] [plan iscas99__b21] [plan] step=486 node=N41141 type=control1 reward_pred=-0.271216 sequence=-97.159490
[v3_hard_precision gpu5] [plan iscas99__b21] [plan] step=487 node=__buf_split_20108 type=observe reward_pred=-0.269405 sequence=-97.428896
[v3_hard_precision gpu5] [plan iscas99__b21] [plan] step=488 node=N41141 type=control0 reward_pred=-0.272061 sequence=-97.700956
[v3_hard_precision gpu5] [plan iscas99__b21] [plan] step=489 node=N41136 type=control1 reward_pred=-0.270192 sequence=-97.971149
[v3_hard_precision gpu5] [plan iscas99__b21] [plan] step=490 node=N41136 type=control0 reward_pred=-0.272609 sequence=-98.243757
[v3_hard_precision gpu5] [plan iscas99__b21] [plan] step=491 node=N41093 type=control1 reward_pred=-0.270740 sequence=-98.514498
[v3_hard_precision gpu5] [plan iscas99__b21] [plan] step=492 node=N41093 type=control0 reward_pred=-0.273122 sequence=-98.787619
[v3_hard_precision gpu5] [plan iscas99__b21] [plan] step=493 node=N41102 type=control1 reward_pred=-0.271204 sequence=-99.058824
[v3_hard_precision gpu5] [plan iscas99__b21] [plan] step=494 node=N41102 type=control0 reward_pred=-0.273535 sequence=-99.332359
[v3_hard_precision gpu5] [plan iscas99__b21] [plan] step=495 node=N41110 type=control1 reward_pred=-0.271567 sequence=-99.603926
[v3_hard_precision gpu5] [plan iscas99__b21] [plan] step=496 node=N41110 type=control0 reward_pred=-0.273854 sequence=-99.877779
[v3_hard_precision gpu5] [plan iscas99__b21] [plan] step=497 node=N41117 type=control1 reward_pred=-0.271843 sequence=-100.149622
[v3_hard_precision gpu5] [plan iscas99__b21] [plan] step=498 node=N41117 type=control0 reward_pred=-0.274095 sequence=-100.423717
[v3_hard_precision gpu5] [plan iscas99__b21] [plan] step=499 node=N41124 type=control1 reward_pred=-0.272050 sequence=-100.695767
[v3_hard_precision gpu5] [plan iscas99__b21] [plan] step=500 node=N41124 type=control0 reward_pred=-0.274276 sequence=-100.970044
[v3_hard_precision gpu5] [plan iscas99__b21] [plan] step=501 node=N41130 type=control1 reward_pred=-0.272207 sequence=-101.242251
[v3_hard_precision gpu5] [plan iscas99__b21] [plan] step=502 node=N41130 type=control0 reward_pred=-0.274413 sequence=-101.516663
[v3_hard_precision gpu5] [plan iscas99__b21] [plan] step=503 node=N39969 type=control1 reward_pred=-0.272325 sequence=-101.788988
[v3_hard_precision gpu5] [plan iscas99__b21] [plan] step=504 node=N39969 type=control0 reward_pred=-0.274516 sequence=-102.063505
[v3_hard_precision gpu5] [plan iscas99__b21] [plan] step=505 node=N39986 type=control1 reward_pred=-0.272414 sequence=-102.335919
[v3_hard_precision gpu5] [plan iscas99__b21] [plan] step=506 node=N39986 type=control0 reward_pred=-0.274594 sequence=-102.610514
[v3_hard_precision gpu5] [plan iscas99__b21] [plan] step=507 node=N40002 type=control1 reward_pred=-0.272481 sequence=-102.882995
[v3_hard_precision gpu5] [plan iscas99__b21] [plan] step=508 node=N40002 type=control0 reward_pred=-0.274653 sequence=-103.157648
[v3_hard_precision gpu5] [plan iscas99__b21] [plan] step=509 node=N40017 type=control1 reward_pred=-0.272532 sequence=-103.430180
[v3_hard_precision gpu5] [plan iscas99__b21] [plan] step=510 node=N40017 type=control0 reward_pred=-0.274697 sequence=-103.704877
[v3_hard_precision gpu5] [plan iscas99__b21] [plan] step=511 node=N40031 type=control1 reward_pred=-0.272570 sequence=-103.977447
[v3_hard_precision gpu5] [plan iscas99__b21] [plan] step=512 node=N40031 type=control0 reward_pred=-0.274730 sequence=-104.252177
[v3_hard_precision gpu5] [plan iscas99__b21] [plan] step=513 node=N40045 type=control1 reward_pred=-0.272598 sequence=-104.524775
[v3_hard_precision gpu5] [plan iscas99__b21] [plan] step=514 node=__buf_split_20090 type=observe reward_pred=-0.270643 sequence=-104.795418
[v3_hard_precision gpu5] [plan iscas99__b21] [plan] step=515 node=__buf_split_20111 type=observe reward_pred=-0.268806 sequence=-105.064224
[v3_hard_precision gpu5] [plan iscas99__b21] [plan] step=516 node=N40045 type=control0 reward_pred=-0.271567 sequence=-105.335790
[v3_hard_precision gpu5] [plan iscas99__b21] [plan] step=517 node=N41123 type=control1 reward_pred=-0.269730 sequence=-105.605521
[v3_hard_precision gpu5] [plan iscas99__b21] [plan] step=518 node=N41123 type=control0 reward_pred=-0.272187 sequence=-105.877708
[v3_hard_precision gpu5] [plan iscas99__b21] [plan] step=519 node=N40032 type=control1 reward_pred=-0.270365 sequence=-106.148072
[v3_hard_precision gpu5] [plan iscas99__b21] [plan] step=520 node=__buf_split_20097 type=observe reward_pred=-0.268696 sequence=-106.416769
[v3_hard_precision gpu5] [plan iscas99__b21] [plan] step=521 node=__buf_split_20100 type=observe reward_pred=-0.267114 sequence=-106.683883
[v3_hard_precision gpu5] [plan iscas99__b21] [plan] step=522 node=N49268 type=observe reward_pred=-0.265661 sequence=-106.949544
[v3_hard_precision gpu5] [plan iscas99__b21] [plan] step=523 node=N40032 type=control0 reward_pred=-0.268814 sequence=-107.218358
[v3_hard_precision gpu5] [plan iscas99__b21] [plan] step=524 node=N41095 type=control1 reward_pred=-0.267323 sequence=-107.485682
[v3_hard_precision gpu5] [plan iscas99__b21] [plan] step=525 node=N41095 type=control0 reward_pred=-0.270072 sequence=-107.755754
[v3_hard_precision gpu5] [plan iscas99__b21] [plan] step=526 node=N41094 type=control1 reward_pred=-0.268532 sequence=-108.024285
[v3_hard_precision gpu5] [plan iscas99__b21] [plan] step=527 node=N41094 type=control0 reward_pred=-0.271184 sequence=-108.295469
[v3_hard_precision gpu5] [plan iscas99__b21] [plan] step=528 node=N41103 type=control1 reward_pred=-0.269527 sequence=-108.564996
[v3_hard_precision gpu5] [plan iscas99__b21] [plan] step=529 node=N41103 type=control0 reward_pred=-0.272068 sequence=-108.837063
[v3_hard_precision gpu5] [plan iscas99__b21] [plan] step=530 node=N39970 type=control1 reward_pred=-0.270299 sequence=-109.107363
[v3_hard_precision gpu5] [plan iscas99__b21] [plan] step=531 node=N39970 type=control0 reward_pred=-0.272746 sequence=-109.380108
[v3_hard_precision gpu5] [plan iscas99__b21] [plan] step=532 node=N41082 type=control1 reward_pred=-0.270886 sequence=-109.650995
[v3_hard_precision gpu5] [plan iscas99__b21] [plan] step=533 node=N41082 type=control0 reward_pred=-0.273259 sequence=-109.924254
[v3_hard_precision gpu5] [plan iscas99__b21] [plan] step=534 node=N41088 type=control1 reward_pred=-0.271330 sequence=-110.195584
[v3_hard_precision gpu5] [plan iscas99__b21] [plan] step=535 node=N41088 type=control0 reward_pred=-0.273647 sequence=-110.469231
[v3_hard_precision gpu5] [plan iscas99__b21] [plan] step=536 node=N39936 type=control1 reward_pred=-0.271664 sequence=-110.740895
[v3_hard_precision gpu5] [plan iscas99__b21] [plan] step=537 node=N39936 type=control0 reward_pred=-0.273939 sequence=-111.014833
[v3_hard_precision gpu5] [plan iscas99__b21] [plan] step=538 node=N41069 type=control1 reward_pred=-0.271915 sequence=-111.286749
[v3_hard_precision gpu5] [plan iscas99__b21] [plan] step=539 node=N41069 type=control0 reward_pred=-0.274158 sequence=-111.560906
[v3_hard_precision gpu5] [plan iscas99__b21] [plan] step=540 node=N41076 type=control1 reward_pred=-0.272104 sequence=-111.833011
[v3_hard_precision gpu5] [plan iscas99__b21] [plan] step=541 node=N41076 type=control0 reward_pred=-0.274323 sequence=-112.107334
[v3_hard_precision gpu5] [plan iscas99__b21] [plan] step=542 node=N41070 type=control1 reward_pred=-0.272247 sequence=-112.379580
[v3_hard_precision gpu5] [plan iscas99__b21] [plan] step=543 node=N41070 type=control0 reward_pred=-0.274447 sequence=-112.654027
[v3_hard_precision gpu5] [plan iscas99__b21] [plan] step=544 node=N39901 type=control1 reward_pred=-0.272354 sequence=-112.926381
[v3_hard_precision gpu5] [plan iscas99__b21] [plan] step=545 node=N39901 type=control0 reward_pred=-0.274541 sequence=-113.200923
[v3_hard_precision gpu5] [plan iscas99__b21] [plan] step=546 node=N39919 type=control1 reward_pred=-0.272435 sequence=-113.473358
[v3_hard_precision gpu5] [plan iscas99__b21] [plan] step=547 node=N22409 type=observe reward_pred=-0.270502 sequence=-113.743860
[v3_hard_precision gpu5] [plan iscas99__b21] [plan] step=548 node=N22412 type=observe reward_pred=-0.268685 sequence=-114.012545
[v3_hard_precision gpu5] [plan iscas99__b21] [plan] step=549 node=N22415 type=observe reward_pred=-0.267024 sequence=-114.279570
[v3_hard_precision gpu5] [plan iscas99__b21] [plan] step=550 node=N22418 type=observe reward_pred=-0.265538 sequence=-114.545107
[v3_hard_precision gpu5] [plan iscas99__b21] [plan] step=551 node=N22422 type=observe reward_pred=-0.264223 sequence=-114.809330
[v3_hard_precision gpu5] [plan iscas99__b21] [plan] step=552 node=N22425 type=observe reward_pred=-0.263071 sequence=-115.072401
[v3_hard_precision gpu5] [plan iscas99__b21] [plan] step=553 node=N22428 type=observe reward_pred=-0.262066 sequence=-115.334467
[v3_hard_precision gpu5] [plan iscas99__b21] [plan] step=554 node=N22431 type=observe reward_pred=-0.261191 sequence=-115.595658
[v3_hard_precision gpu5] [plan iscas99__b21] [plan] step=555 node=N49295 type=observe reward_pred=-0.260432 sequence=-115.856090
[v3_hard_precision gpu5] [plan iscas99__b21] [plan] step=556 node=N49298 type=observe reward_pred=-0.259774 sequence=-116.115864
[v3_hard_precision gpu5] [plan iscas99__b21] [plan] step=557 node=N49280 type=observe reward_pred=-0.259204 sequence=-116.375068
[v3_hard_precision gpu5] [plan iscas99__b21] [plan] step=558 node=N49301 type=observe reward_pred=-0.257803 sequence=-116.632872
[v3_hard_precision gpu5] [plan iscas99__b21] [plan] step=559 node=N49296 type=observe reward_pred=-0.256652 sequence=-116.889524
[v3_hard_precision gpu5] [plan iscas99__b21] [plan] step=560 node=N49277 type=observe reward_pred=-0.256310 sequence=-117.145834
[v3_hard_precision gpu5] [plan iscas99__b21] [plan] step=561 node=N49299 type=observe reward_pred=-0.256016 sequence=-117.401851
[v3_hard_precision gpu5] [plan iscas99__b21] [plan] step=562 node=N22460 type=observe reward_pred=-0.255785 sequence=-117.657636
[v3_hard_precision gpu5] [plan iscas99__b21] [plan] step=563 node=N22463 type=observe reward_pred=-0.255678 sequence=-117.913313
[v3_hard_precision gpu5] [plan iscas99__b21] [plan] step=564 node=N22465 type=observe reward_pred=-0.255588 sequence=-118.168901
[v3_hard_precision gpu5] [plan iscas99__b21] [plan] step=565 node=N22468 type=observe reward_pred=-0.255512 sequence=-118.424413
[v3_hard_precision gpu5] [plan iscas99__b21] [plan] step=566 node=N22472 type=observe reward_pred=-0.255449 sequence=-118.679862
[v3_hard_precision gpu5] [plan iscas99__b21] [plan] step=567 node=N22475 type=observe reward_pred=-0.255395 sequence=-118.935257
[v3_hard_precision gpu5] [plan iscas99__b21] [plan] step=568 node=N22477 type=observe reward_pred=-0.255349 sequence=-119.190606
[v3_hard_precision gpu5] [plan iscas99__b21] [plan] step=569 node=N22480 type=observe reward_pred=-0.255311 sequence=-119.445917
[v3_hard_precision gpu5] [plan iscas99__b21] [plan] step=570 node=__buf_split_20103 type=observe reward_pred=-0.255279 sequence=-119.701196
[v3_hard_precision gpu5] [plan iscas99__b21] [plan] step=571 node=N49281 type=observe reward_pred=-0.255253 sequence=-119.956449
[v3_hard_precision gpu5] [plan iscas99__b21] [plan] step=572 node=N49302 type=observe reward_pred=-0.255232 sequence=-120.211681
[v3_hard_precision gpu5] [plan iscas99__b21] [plan] step=573 node=N4942 type=control1 reward_pred=-0.254925 sequence=-120.466605
[v3_hard_precision gpu5] [plan iscas99__b21] [plan] step=574 node=N22435 type=observe reward_pred=-0.254934 sequence=-120.721539
[v3_hard_precision gpu5] [plan iscas99__b21] [plan] step=575 node=N22438 type=observe reward_pred=-0.254991 sequence=-120.976530
[v3_hard_precision gpu5] [plan iscas99__b21] [plan] step=576 node=N22441 type=observe reward_pred=-0.255026 sequence=-121.231557
[v3_hard_precision gpu5] [plan iscas99__b21] [plan] step=577 node=N22444 type=observe reward_pred=-0.255048 sequence=-121.486605
[v3_hard_precision gpu5] [plan iscas99__b21] [plan] step=578 node=N22448 type=observe reward_pred=-0.255063 sequence=-121.741667
[v3_hard_precision gpu5] [plan iscas99__b21] [plan] step=579 node=N22451 type=observe reward_pred=-0.255073 sequence=-121.996740
[v3_hard_precision gpu5] [plan iscas99__b21] [plan] step=580 node=N22453 type=observe reward_pred=-0.255081 sequence=-122.251822
[v3_hard_precision gpu5] [plan iscas99__b21] [plan] step=581 node=N22456 type=observe reward_pred=-0.255089 sequence=-122.506910
[v3_hard_precision gpu5] [plan iscas99__b21] [plan] step=582 node=__buf_split_20080 type=observe reward_pred=-0.255095 sequence=-122.762005
[v3_hard_precision gpu5] [plan iscas99__b21] [plan] step=583 node=N8820 type=observe reward_pred=-0.255122 sequence=-123.017127
[v3_hard_precision gpu5] [plan iscas99__b21] [plan] step=584 node=N8658 type=observe reward_pred=-0.255122 sequence=-123.272249
[v3_hard_precision gpu5] [plan iscas99__b21] [plan] step=585 node=N8659 type=observe reward_pred=-0.255125 sequence=-123.527374
[v3_hard_precision gpu5] [plan iscas99__b21] [plan] step=586 node=N8660 type=observe reward_pred=-0.255129 sequence=-123.782503
[v3_hard_precision gpu5] [plan iscas99__b21] [plan] step=587 node=N8663 type=observe reward_pred=-0.255131 sequence=-124.037634
[v3_hard_precision gpu5] [plan iscas99__b21] [plan] step=588 node=N8664 type=observe reward_pred=-0.255134 sequence=-124.292768
[v3_hard_precision gpu5] [plan iscas99__b21] [plan] step=589 node=N8665 type=observe reward_pred=-0.255137 sequence=-124.547905
[v3_hard_precision gpu5] [plan iscas99__b21] [plan] step=590 node=__buf_split_4110 type=observe reward_pred=-0.255138 sequence=-124.803043
[v3_hard_precision gpu5] [plan iscas99__b21] [plan] step=591 node=N29804 type=observe reward_pred=-0.254859 sequence=-125.057902
[v3_hard_precision gpu5] [plan iscas99__b21] [plan] step=592 node=N49278 type=observe reward_pred=-0.254906 sequence=-125.312808
[v3_hard_precision gpu5] [plan iscas99__b21] [plan] step=593 node=N8678 type=observe reward_pred=-0.254958 sequence=-125.567766
[v3_hard_precision gpu5] [plan iscas99__b21] [plan] step=594 node=N8680 type=observe reward_pred=-0.254994 sequence=-125.822760
[v3_hard_precision gpu5] [plan iscas99__b21] [plan] step=595 node=N8683 type=observe reward_pred=-0.255026 sequence=-126.077786
[v3_hard_precision gpu5] [plan iscas99__b21] [plan] step=596 node=N8685 type=observe reward_pred=-0.255050 sequence=-126.332836
[v3_hard_precision gpu5] [plan iscas99__b21] [plan] step=597 node=N4941 type=control1 reward_pred=-0.254774 sequence=-126.587610
[v3_hard_precision gpu5] [plan iscas99__b21] [plan] step=598 node=N22484 type=observe reward_pred=-0.254811 sequence=-126.842421
[v3_hard_precision gpu5] [plan iscas99__b21] [plan] step=599 node=N22487 type=observe reward_pred=-0.254889 sequence=-127.097310
[v3_hard_precision gpu5] [plan iscas99__b21] [plan] step=600 node=N49287 type=observe reward_pred=-0.254944 sequence=-127.352254
[v3_hard_precision gpu5] [plan iscas99__b21] [plan] step=601 node=N49290 type=observe reward_pred=-0.254981 sequence=-127.607235
[v3_hard_precision gpu5] [plan iscas99__b21] [plan] step=602 node=N4937 type=control1 reward_pred=-0.254716 sequence=-127.861951
[v3_hard_precision gpu5] [plan iscas99__b21] [plan] step=603 node=N8668 type=observe reward_pred=-0.254764 sequence=-128.116715
[v3_hard_precision gpu5] [plan iscas99__b21] [plan] step=604 node=N8669 type=observe reward_pred=-0.254851 sequence=-128.371566
[v3_hard_precision gpu5] [plan iscas99__b21] [plan] step=605 node=N8670 type=observe reward_pred=-0.254912 sequence=-128.626478
[v3_hard_precision gpu5] [plan iscas99__b21] [plan] step=606 node=N8673 type=observe reward_pred=-0.254955 sequence=-128.881433
[v3_hard_precision gpu5] [plan iscas99__b21] [plan] step=607 node=N8675 type=observe reward_pred=-0.254987 sequence=-129.136420
[v3_hard_precision gpu5] [plan iscas99__b21] [plan] step=608 node=N22337 type=observe reward_pred=-0.254770 sequence=-129.391190
[v3_hard_precision gpu5] [plan iscas99__b21] [plan] step=609 node=__buf_split_20096 type=observe reward_pred=-0.254839 sequence=-129.646029
[v3_hard_precision gpu5] [plan iscas99__b21] [plan] step=610 node=__buf_split_20099 type=observe reward_pred=-0.254885 sequence=-129.900914
[v3_hard_precision gpu5] [plan iscas99__b21] [plan] step=611 node=N49272 type=observe reward_pred=-0.254923 sequence=-130.155837
[v3_hard_precision gpu5] [plan iscas99__b21] [plan] step=612 node=N14741 type=observe reward_pred=-0.254707 sequence=-130.410544
[v3_hard_precision gpu5] [plan iscas99__b21] [plan] step=613 node=N34151 type=observe reward_pred=-0.254548 sequence=-130.665092
[v3_hard_precision gpu5] [plan iscas99__b21] [plan] step=614 node=N22088 type=control1 reward_pred=-0.254364 sequence=-130.919456
[v3_hard_precision gpu5] [plan iscas99__b21] [plan] step=615 node=N49293 type=observe reward_pred=-0.254462 sequence=-131.173918
[v3_hard_precision gpu5] [plan iscas99__b21] [plan] step=616 node=N28206 type=observe reward_pred=-0.254349 sequence=-131.428268
[v3_hard_precision gpu5] [plan iscas99__b21] [plan] step=617 node=N49294 type=observe reward_pred=-0.254493 sequence=-131.682761
[v3_hard_precision gpu5] [plan iscas99__b21] [plan] step=618 node=N49297 type=observe reward_pred=-0.254594 sequence=-131.937355
[v3_hard_precision gpu5] [plan iscas99__b21] [plan] step=619 node=__buf_split_20102 type=observe reward_pred=-0.254673 sequence=-132.192028
[v3_hard_precision gpu5] [plan iscas99__b21] [plan] step=620 node=N49279 type=observe reward_pred=-0.254738 sequence=-132.446765
[v3_hard_precision gpu5] [plan iscas99__b21] [plan] step=621 node=N49300 type=observe reward_pred=-0.254792 sequence=-132.701558
[v3_hard_precision gpu5] [plan iscas99__b21] [plan] step=622 node=N26719 type=observe reward_pred=-0.254602 sequence=-132.956160
[v3_hard_precision gpu5] [plan iscas99__b21] [plan] step=623 node=N26720 type=observe reward_pred=-0.254454 sequence=-133.210614
[v3_hard_precision gpu5] [plan iscas99__b21] [plan] step=624 node=N26721 type=observe reward_pred=-0.254332 sequence=-133.464945
[v3_hard_precision gpu5] [plan iscas99__b21] [plan] step=625 node=N26722 type=observe reward_pred=-0.254228 sequence=-133.719173
[v3_hard_precision gpu5] [plan iscas99__b21] [plan] step=626 node=N26723 type=observe reward_pred=-0.254140 sequence=-133.973313
[v3_hard_precision gpu5] [plan iscas99__b21] [plan] step=627 node=N26724 type=observe reward_pred=-0.254064 sequence=-134.227377
[v3_hard_precision gpu5] [plan iscas99__b21] [plan] step=628 node=N26725 type=observe reward_pred=-0.253998 sequence=-134.481375
[v3_hard_precision gpu5] [plan iscas99__b21] saved=autoresearch/improve-260704-1035/b21_world_rerank_model_swap/v3_hard_precision/plans/iscas99__b21__greedy__cumulative__reward_pred__bw1__d1__c96__g1p0__candheuristic_recall_pool__div0p0__s0.csv
[v3_hard_precision gpu5] [gmean] 2026-07-04T16:11:41 [1/1] plan_done benchmark=iscas99__b21 plan_sec=2194.476 plan_csv=autoresearch/improve-260704-1035/b21_world_rerank_model_swap/v3_hard_precision/plans/iscas99__b21__greedy__cumulative__reward_pred__bw1__d1__c96__g1p0__candheuristic_recall_pool__div0p0__s0.csv
[v3_hard_precision gpu5] [gmean] 2026-07-04T16:11:41 [1/1] eval_start benchmark=iscas99__b21 backend=atalanta-bist patterns=300000
[v3_hard_precision gpu5] [eval iscas99__b21] {
[v3_hard_precision gpu5] [eval iscas99__b21]   "records": 2,
[v3_hard_precision gpu5] [eval iscas99__b21]   "labels_csv": "autoresearch/improve-260704-1035/b21_world_rerank_model_swap/v3_hard_precision/evals/iscas99__b21__greedy__cumulative__reward_pred__bw1__d1__c96__g1p0__candheuristic_recall_pool__div0p0__s0/labels.csv",
[v3_hard_precision gpu5] [eval iscas99__b21]   "summary_json": "autoresearch/improve-260704-1035/b21_world_rerank_model_swap/v3_hard_precision/evals/iscas99__b21__greedy__cumulative__reward_pred__bw1__d1__c96__g1p0__candheuristic_recall_pool__div0p0__s0/summary.json"
[v3_hard_precision gpu5] [eval iscas99__b21] }
[v3_hard_precision gpu5] [gmean] 2026-07-04T16:11:57 [1/1] eval_done benchmark=iscas99__b21 delta_tc=0.011499999999999844 plan_sec=2194.476 eval_sec=16.158 total_sec=2210.659
[v3_hard_precision gpu5] [gmean] 2026-07-04T16:11:57 variant_done id=greedy__cumulative__reward_pred__bw1__d1__c96__g1p0__candheuristic_recall_pool__div0p0__s0 status=ok macro=0.011499999999999844 positives=1 negatives=0 elapsed=2210.659
[v3_hard_precision gpu5] [2026-07-04T16:11:58+08:00] done name=v3_hard_precision
