[plan] candidate_allowlist=autoresearch/original-netlist-recovery-260712/exact_itc99/b17_C/exact_candidate_nodes.txt nodes=29334
[plan] step=1 node=N2219 type=control1 q_pred_context=2.589386 sequence=2.589386
[plan] step=2 node=N14033 type=control1 q_pred_context=2.501352 sequence=5.090737
[plan] step=3 node=N5319 type=control0 q_pred_context=1.101830 sequence=6.192568
[plan] step=4 node=N6992 type=control0 q_pred_context=1.543531 sequence=7.736099
[plan] step=5 node=N6780 type=control0 q_pred_context=1.599199 sequence=9.335298
[plan] step=6 node=N2849 type=control0 q_pred_context=2.129453 sequence=11.464750
[plan] step=7 node=N13662 type=control0 q_pred_context=2.295949 sequence=13.760700
[plan] step=8 node=N16937 type=control0 q_pred_context=1.880460 sequence=15.641159
[plan] step=9 node=N11975 type=control0 q_pred_context=2.001191 sequence=17.642350
[plan] step=10 node=N7781 type=observe q_pred_context=2.699156 sequence=20.341506
[plan] step=11 node=N18172 type=control0 q_pred_context=1.315737 sequence=21.657243
[plan] step=12 node=N12015 type=control0 q_pred_context=2.084622 sequence=23.741865
[plan] step=13 node=N11983 type=control0 q_pred_context=2.771436 sequence=26.513301
[plan] step=14 node=N12071 type=control0 q_pred_context=2.623476 sequence=29.136777
[plan] step=15 node=N12055 type=control0 q_pred_context=1.825177 sequence=30.961955
[plan] step=16 node=N12039 type=control0 q_pred_context=1.537768 sequence=32.499722
[plan] step=17 node=N8089 type=observe q_pred_context=2.358714 sequence=34.858436
[plan] step=18 node=N19193 type=control0 q_pred_context=1.990240 sequence=36.848677
[plan] step=19 node=N19195 type=control0 q_pred_context=2.353643 sequence=39.202320
[plan] step=20 node=N13626 type=control0 q_pred_context=3.326759 sequence=42.529079
[plan] step=21 node=N13624 type=control0 q_pred_context=2.848907 sequence=45.377986
[plan] step=22 node=N4256 type=control0 q_pred_context=2.654279 sequence=48.032265
[plan] step=23 node=N12511 type=control0 q_pred_context=2.374503 sequence=50.406768
[plan] step=24 node=N11941 type=control0 q_pred_context=1.795400 sequence=52.202168
[plan] step=25 node=N7682 type=control0 q_pred_context=2.281833 sequence=54.484002
[plan] step=26 node=N7680 type=control0 q_pred_context=2.157396 sequence=56.641398
[plan] step=27 node=N11923 type=control0 q_pred_context=1.906931 sequence=58.548328
[plan] step=28 node=N11952 type=control0 q_pred_context=2.144534 sequence=60.692863
[plan] step=29 node=N18340 type=control0 q_pred_context=2.438397 sequence=63.131260
[plan] step=30 node=N18879 type=control0 q_pred_context=2.022955 sequence=65.154214
[plan] step=31 node=N18771 type=control0 q_pred_context=1.837361 sequence=66.991576
[plan] latent_reencode step=32 interval=32 blend=0.05
[plan] step=32 node=N18496 type=control1 q_pred_context=1.773052 sequence=68.764628
[plan] step=33 node=N13589 type=observe q_pred_context=1.363826 sequence=70.128453
[plan] step=34 node=N13525 type=observe q_pred_context=1.242949 sequence=71.371403
[plan] step=35 node=N15365 type=control1 q_pred_context=1.069686 sequence=72.441089
[plan] step=36 node=N9508 type=control1 q_pred_context=0.878738 sequence=73.319826
[plan] step=37 node=N7639 type=observe q_pred_context=1.159840 sequence=74.479666
[plan] step=38 node=N19351 type=control1 q_pred_context=1.051199 sequence=75.530865
[plan] step=39 node=N14731 type=control1 q_pred_context=0.704310 sequence=76.235175
[plan] step=40 node=N13509 type=observe q_pred_context=0.898394 sequence=77.133570
[plan] step=41 node=N13493 type=observe q_pred_context=0.759535 sequence=77.893104
[plan] step=42 node=N13605 type=observe q_pred_context=1.507109 sequence=79.400213
[plan] step=43 node=N13541 type=observe q_pred_context=1.712164 sequence=81.112378
[plan] step=44 node=N12782 type=control0 q_pred_context=2.422836 sequence=83.535213
[plan] step=45 node=N13557 type=observe q_pred_context=1.972750 sequence=85.507964
[plan] step=46 node=N13208 type=observe q_pred_context=2.101755 sequence=87.609718
[plan] step=47 node=N13210 type=observe q_pred_context=2.278919 sequence=89.888637
[plan] step=48 node=N12791 type=control0 q_pred_context=2.260231 sequence=92.148868
[plan] step=49 node=N13187 type=observe q_pred_context=1.762588 sequence=93.911456
[plan] step=50 node=N3777 type=observe q_pred_context=0.973309 sequence=94.884765
[plan] step=51 node=N12824 type=control0 q_pred_context=2.709573 sequence=97.594338
[plan] step=52 node=N13984 type=observe q_pred_context=2.602535 sequence=100.196874
[plan] step=53 node=N13988 type=observe q_pred_context=4.149697 sequence=104.346571
[plan] step=54 node=N12866 type=control0 q_pred_context=5.277098 sequence=109.623669
[plan] step=55 node=N12863 type=control0 q_pred_context=2.403789 sequence=112.027457
[plan] step=56 node=N12769 type=control0 q_pred_context=3.018952 sequence=115.046409
[plan] step=57 node=N12830 type=control0 q_pred_context=2.936392 sequence=117.982801
[plan] step=58 node=N12821 type=control0 q_pred_context=2.894267 sequence=120.877068
[plan] step=59 node=N18004 type=control0 q_pred_context=1.948744 sequence=122.825813
[plan] step=60 node=N12812 type=control0 q_pred_context=4.319865 sequence=127.145678
[plan] step=61 node=N12809 type=control0 q_pred_context=3.716660 sequence=130.862337
[plan] step=62 node=N12847 type=control0 q_pred_context=5.400619 sequence=136.262956
[plan] step=63 node=N12836 type=control0 q_pred_context=5.460312 sequence=141.723268
[plan] latent_reencode step=64 interval=32 blend=0.05
[plan] step=64 node=N12806 type=control0 q_pred_context=5.613314 sequence=147.336582
[plan] step=65 node=N12803 type=control0 q_pred_context=4.196674 sequence=151.533256
[plan] step=66 node=N12797 type=control0 q_pred_context=3.717359 sequence=155.250614
[plan] step=67 node=N12794 type=control0 q_pred_context=4.401648 sequence=159.652262
[plan] step=68 node=N12765 type=control0 q_pred_context=4.398343 sequence=164.050605
[plan] step=69 node=N2858 type=control1 q_pred_context=1.792561 sequence=165.843166
[plan] step=70 node=N2231 type=control1 q_pred_context=1.627306 sequence=167.470472
[plan] step=71 node=N14004 type=observe q_pred_context=4.226953 sequence=171.697425
[plan] step=72 node=N19512 type=observe q_pred_context=3.182250 sequence=174.879675
[plan] step=73 node=N27355 type=control1 q_pred_context=1.845866 sequence=176.725542
[plan] step=74 node=N26513 type=control1 q_pred_context=2.036511 sequence=178.762053
[plan] step=75 node=N6868 type=control0 q_pred_context=1.418454 sequence=180.180507
[plan] step=76 node=N6892 type=control0 q_pred_context=1.570094 sequence=181.750601
[plan] step=77 node=N16901 type=control0 q_pred_context=5.234490 sequence=186.985091
[plan] step=78 node=N19206 type=control0 q_pred_context=4.022421 sequence=191.007512
[plan] step=79 node=N12167 type=control0 q_pred_context=2.151506 sequence=193.159018
[plan] step=80 node=N19160 type=control0 q_pred_context=2.767404 sequence=195.926422
[plan] step=81 node=N12135 type=control0 q_pred_context=2.148638 sequence=198.075060
[plan] step=82 node=N13455 type=control0 q_pred_context=3.102315 sequence=201.177374
[plan] step=83 node=N12119 type=control0 q_pred_context=2.724577 sequence=203.901952
[plan] step=84 node=N19172 type=control0 q_pred_context=3.199614 sequence=207.101566
[plan] step=85 node=N12143 type=control0 q_pred_context=1.544476 sequence=208.646042
[plan] step=86 node=N19222 type=control0 q_pred_context=4.662835 sequence=213.308877
[plan] step=87 node=N19232 type=control0 q_pred_context=2.374130 sequence=215.683007
[plan] step=88 node=N19170 type=control0 q_pred_context=1.495623 sequence=217.178630
[plan] step=89 node=N18176 type=control0 q_pred_context=1.470632 sequence=218.649262
[plan] step=90 node=N19477 type=control0 q_pred_context=1.509207 sequence=220.158469
[plan] step=91 node=N27350 type=control1 q_pred_context=1.556405 sequence=221.714874
[plan] step=92 node=N7645 type=control0 q_pred_context=3.359798 sequence=225.074672
[plan] step=93 node=N19474 type=control0 q_pred_context=1.713562 sequence=226.788233
[plan] step=94 node=N26511 type=control1 q_pred_context=1.476718 sequence=228.264951
[plan] step=95 node=N18272 type=control0 q_pred_context=5.040665 sequence=233.305616
[plan] latent_reencode step=96 interval=32 blend=0.05
[plan] step=96 node=N12208 type=control0 q_pred_context=4.278163 sequence=237.583779
[plan] step=97 node=N6988 type=control0 q_pred_context=1.745155 sequence=239.328934
[plan] step=98 node=N19468 type=control0 q_pred_context=1.262359 sequence=240.591293
[plan] step=99 node=N7643 type=control0 q_pred_context=1.800440 sequence=242.391733
[plan] step=100 node=N7916 type=observe q_pred_context=1.913092 sequence=244.304825
[plan] step=101 node=N19511 type=observe q_pred_context=1.696426 sequence=246.001251
[plan] step=102 node=N27346 type=control1 q_pred_context=1.708313 sequence=247.709563
[plan] step=103 node=N19462 type=control0 q_pred_context=1.662576 sequence=249.372139
[plan] step=104 node=N18233 type=control0 q_pred_context=4.347415 sequence=253.719554
[plan] step=105 node=N4557 type=control0 q_pred_context=5.725261 sequence=259.444815
[plan] step=106 node=N4505 type=control0 q_pred_context=5.952296 sequence=265.397111
[plan] step=107 node=N4609 type=control0 q_pred_context=6.014594 sequence=271.411704
[plan] step=108 node=N4660 type=control0 q_pred_context=6.260384 sequence=277.672089
[plan] step=109 node=N4761 type=control0 q_pred_context=4.449288 sequence=282.121377
[plan] step=110 node=N19476 type=control0 q_pred_context=1.377562 sequence=283.498939
[plan] step=111 node=N4709 type=control0 q_pred_context=1.129270 sequence=284.628210
[plan] step=112 node=N4813 type=control0 q_pred_context=1.098996 sequence=285.727205
[plan] step=113 node=N18188 type=control0 q_pred_context=1.234562 sequence=286.961768
[plan] step=114 node=N4350 type=control0 q_pred_context=1.253872 sequence=288.215640
[plan] step=115 node=N27347 type=control1 q_pred_context=1.571576 sequence=289.787216
[plan] step=116 node=N4298 type=control0 q_pred_context=4.387076 sequence=294.174292
[plan] step=117 node=N4402 type=control0 q_pred_context=4.440290 sequence=298.614582
[plan] step=118 node=N4453 type=control0 q_pred_context=4.328050 sequence=302.942632
[plan] step=119 node=N12111 type=control0 q_pred_context=4.258004 sequence=307.200636
[plan] step=120 node=N12103 type=control0 q_pred_context=1.152339 sequence=308.352975
[plan] step=121 node=N12095 type=control0 q_pred_context=1.225098 sequence=309.578074
[plan] step=122 node=N19453 type=control0 q_pred_context=1.183185 sequence=310.761259
[plan] step=123 node=N19459 type=control0 q_pred_context=1.000553 sequence=311.761812
[plan] step=124 node=N7112 type=control0 q_pred_context=5.542923 sequence=317.304735
[plan] step=125 node=N18711 type=control0 q_pred_context=5.516721 sequence=322.821455
[plan] step=126 node=N12330 type=control0 q_pred_context=5.497825 sequence=328.319281
[plan] step=127 node=N7064 type=control0 q_pred_context=5.436801 sequence=333.756082
[plan] latent_reencode step=128 interval=32 blend=0.05
[plan] step=128 node=N7376 type=control0 q_pred_context=5.170846 sequence=338.926927
[plan] step=129 node=N7123 type=control0 q_pred_context=4.407510 sequence=343.334437
[plan] step=130 node=N7344 type=control0 q_pred_context=4.835246 sequence=348.169684
[plan] step=131 node=N7277 type=control0 q_pred_context=4.743742 sequence=352.913426
[plan] step=132 node=N7032 type=control0 q_pred_context=4.510239 sequence=357.423664
[plan] step=133 node=N12392 type=control0 q_pred_context=4.383570 sequence=361.807235
[plan] step=134 node=N12424 type=control0 q_pred_context=4.247065 sequence=366.054300
[plan] step=135 node=N19471 type=control0 q_pred_context=4.640959 sequence=370.695259
[plan] step=136 node=N19455 type=control0 q_pred_context=4.537707 sequence=375.232966
[plan] step=137 node=N19464 type=control0 q_pred_context=4.820381 sequence=380.053348
[plan] step=138 node=N18114 type=control0 q_pred_context=5.041250 sequence=385.094597
[plan] step=139 node=N7280 type=control0 q_pred_context=5.151736 sequence=390.246334
[plan] step=140 node=N18750 type=control0 q_pred_context=5.275478 sequence=395.521811
[plan] step=141 node=N12344 type=control0 q_pred_context=3.609754 sequence=399.131565
[plan] step=142 node=N18063 type=control0 q_pred_context=0.855390 sequence=399.986955
[plan] step=143 node=N18699 type=control0 q_pred_context=0.782772 sequence=400.769726
[plan] step=144 node=N12464 type=control0 q_pred_context=0.766906 sequence=401.536633
[plan] step=145 node=N26505 type=control1 q_pred_context=0.779409 sequence=402.316041
[plan] step=146 node=N12448 type=control0 q_pred_context=4.978350 sequence=407.294391
[plan] step=147 node=N12433 type=control0 q_pred_context=3.144938 sequence=410.439330
[plan] step=148 node=N12417 type=control0 q_pred_context=2.426455 sequence=412.865784
[plan] step=149 node=N18764 type=control0 q_pred_context=1.854587 sequence=414.720371
[plan] step=150 node=N12401 type=control0 q_pred_context=1.049117 sequence=415.769489
[plan] step=151 node=N12368 type=control0 q_pred_context=1.210147 sequence=416.979635
[plan] step=152 node=N12611 type=control0 q_pred_context=1.391095 sequence=418.370730
[plan] step=153 node=N7324 type=control0 q_pred_context=1.429705 sequence=419.800435
[plan] step=154 node=N7292 type=control0 q_pred_context=1.551651 sequence=421.352086
[plan] step=155 node=N12385 type=control0 q_pred_context=1.559165 sequence=422.911251
[plan] step=156 node=N12569 type=control0 q_pred_context=1.902609 sequence=424.813861
[plan] step=157 node=N7049 type=control0 q_pred_context=2.737740 sequence=427.551601
[plan] step=158 node=N19450 type=control0 q_pred_context=3.272873 sequence=430.824473
[plan] step=159 node=N7021 type=control0 q_pred_context=4.292737 sequence=435.117210
[plan] latent_reencode step=160 interval=32 blend=0.05
[plan] step=160 node=N12706 type=control0 q_pred_context=5.727102 sequence=440.844312
[plan] step=161 node=N7131 type=control0 q_pred_context=2.719010 sequence=443.563322
[plan] step=162 node=N27358 type=control1 q_pred_context=2.157745 sequence=445.721067
[plan] step=163 node=N26516 type=control1 q_pred_context=1.577097 sequence=447.298164
[plan] step=164 node=N27361 type=control1 q_pred_context=1.485808 sequence=448.783972
[plan] step=165 node=N27353 type=control1 q_pred_context=1.384375 sequence=450.168347
[plan] step=166 node=N14047 type=control1 q_pred_context=1.501223 sequence=451.669569
[plan] step=167 node=N12351 type=control0 q_pred_context=1.421303 sequence=453.090873
[plan] step=168 node=N7067 type=control0 q_pred_context=2.193699 sequence=455.284572
[plan] step=169 node=N7115 type=control0 q_pred_context=2.185181 sequence=457.469753
[plan] step=170 node=N13615 type=control0 q_pred_context=1.426050 sequence=458.895804
[plan] step=171 node=N12604 type=control0 q_pred_context=2.171573 sequence=461.067376
[plan] step=172 node=N12570 type=control0 q_pred_context=2.281631 sequence=463.349007
[plan] step=173 node=N7083 type=control0 q_pred_context=2.452749 sequence=465.801756
[plan] step=174 node=N13594 type=observe q_pred_context=1.181583 sequence=466.983339
[plan] step=175 node=N27348 type=control1 q_pred_context=1.491988 sequence=468.475328
[plan] step=176 node=N26504 type=control1 q_pred_context=1.165422 sequence=469.640750
[plan] step=177 node=N13613 type=control0 q_pred_context=1.262537 sequence=470.903286
[plan] step=178 node=N12740 type=control0 q_pred_context=2.119829 sequence=473.023115
[plan] step=179 node=N7310 type=control0 q_pred_context=1.933649 sequence=474.956764
[plan] step=180 node=N12637 type=control0 q_pred_context=0.961015 sequence=475.917780
[plan] step=181 node=N12671 type=control0 q_pred_context=0.884509 sequence=476.802288
[plan] step=182 node=N26502 type=control1 q_pred_context=0.826886 sequence=477.629174
[plan] step=183 node=N12739 type=control0 q_pred_context=0.933753 sequence=478.562927
[plan] step=184 node=N26517 type=control1 q_pred_context=0.826795 sequence=479.389723
[plan] step=185 node=N12641 type=control0 q_pred_context=1.368284 sequence=480.758007
[plan] step=186 node=N18085 type=control0 q_pred_context=0.683515 sequence=481.441522
[plan] step=187 node=N18314 type=control0 q_pred_context=0.690037 sequence=482.131559
[plan] step=188 node=N12312 type=control0 q_pred_context=1.565848 sequence=483.697407
[plan] step=189 node=N12328 type=control0 q_pred_context=1.328071 sequence=485.025478
[plan] step=190 node=N7177 type=control0 q_pred_context=1.432198 sequence=486.457676
[plan] step=191 node=N7225 type=control0 q_pred_context=1.642987 sequence=488.100663
[plan] latent_reencode step=192 interval=32 blend=0.05
[plan] step=192 node=N7268 type=control0 q_pred_context=1.726961 sequence=489.827625
[plan] step=193 node=N12232 type=control0 q_pred_context=1.731406 sequence=491.559031
[plan] step=194 node=N12280 type=control0 q_pred_context=1.913737 sequence=493.472768
[plan] step=195 node=N12248 type=control0 q_pred_context=1.969253 sequence=495.442020
[plan] step=196 node=N12216 type=control0 q_pred_context=2.123444 sequence=497.565464
[plan] step=197 node=N7222 type=control0 q_pred_context=2.203024 sequence=499.768488
[plan] step=198 node=N7151 type=control0 q_pred_context=2.410384 sequence=502.178871
[plan] step=199 node=N7218 type=control0 q_pred_context=2.701299 sequence=504.880171
[plan] step=200 node=N12262 type=control0 q_pred_context=3.302131 sequence=508.182301
[plan] step=201 node=N7199 type=control0 q_pred_context=4.031381 sequence=512.213683
[plan] step=202 node=N12294 type=control0 q_pred_context=5.060273 sequence=517.273956
[plan] step=203 node=N12308 type=control0 q_pred_context=5.302799 sequence=522.576755
[plan] step=204 node=N7210 type=control0 q_pred_context=5.326758 sequence=527.903512
[plan] step=205 node=N7162 type=control0 q_pred_context=5.328664 sequence=533.232177
[plan] step=206 node=N7274 type=control0 q_pred_context=5.301886 sequence=538.534063
[plan] step=207 node=N13562 type=observe q_pred_context=5.351658 sequence=543.885720
[plan] step=208 node=N13552 type=observe q_pred_context=1.496510 sequence=545.382230
[plan] step=209 node=N18624 type=observe q_pred_context=0.797385 sequence=546.179615
[plan] step=210 node=N18541 type=observe q_pred_context=0.778317 sequence=546.957932
[plan] step=211 node=N18577 type=observe q_pred_context=0.781567 sequence=547.739499
[plan] step=212 node=N18590 type=observe q_pred_context=0.789335 sequence=548.528834
[plan] step=213 node=N19242 type=observe q_pred_context=0.601660 sequence=549.130494
[plan] step=214 node=N13528 type=observe q_pred_context=0.550169 sequence=549.680663
[plan] step=215 node=N13531 type=observe q_pred_context=0.522785 sequence=550.203448
[plan] step=216 node=N18097 type=control0 q_pred_context=0.884005 sequence=551.087452
[plan] step=217 node=N13534 type=observe q_pred_context=0.607275 sequence=551.694727
[plan] step=218 node=N18034 type=control0 q_pred_context=0.684067 sequence=552.378794
[plan] step=219 node=N18874 type=control0 q_pred_context=0.910794 sequence=553.289588
[plan] step=220 node=N18414 type=control0 q_pred_context=0.683552 sequence=553.973141
[plan] step=221 node=N18037 type=control0 q_pred_context=0.637557 sequence=554.610697
[plan] step=222 node=N7669 type=control0 q_pred_context=1.068758 sequence=555.679455
[plan] step=223 node=N13500 type=observe q_pred_context=0.701899 sequence=556.381354
[plan] latent_reencode step=224 interval=32 blend=0.05
[plan] step=224 node=N12674 type=control0 q_pred_context=0.698827 sequence=557.080180
[plan] step=225 node=N13609 type=observe q_pred_context=0.722527 sequence=557.802708
[plan] step=226 node=N18128 type=control0 q_pred_context=0.738005 sequence=558.540712
[plan] step=227 node=N18364 type=control0 q_pred_context=0.727101 sequence=559.267814
[plan] step=228 node=N13617 type=control0 q_pred_context=0.697143 sequence=559.964957
[plan] step=229 node=N3964 type=control0 q_pred_context=0.732164 sequence=560.697121
[plan] step=230 node=N13611 type=observe q_pred_context=0.652407 sequence=561.349529
[plan] step=231 node=N18524 type=observe q_pred_context=0.665578 sequence=562.015106
[plan] step=232 node=N18511 type=observe q_pred_context=0.651566 sequence=562.666673
[plan] step=233 node=N13545 type=observe q_pred_context=0.675735 sequence=563.342408
[plan] step=234 node=N13499 type=observe q_pred_context=0.673331 sequence=564.015739
[plan] step=235 node=N13488 type=observe q_pred_context=0.709715 sequence=564.725454
[plan] step=236 node=N13497 type=observe q_pred_context=0.657495 sequence=565.382948
[plan] step=237 node=N13495 type=observe q_pred_context=0.655041 sequence=566.037989
[plan] step=238 node=N18492 type=observe q_pred_context=0.650894 sequence=566.688883
[plan] step=239 node=N13583 type=observe q_pred_context=0.663942 sequence=567.352825
[plan] step=240 node=N13543 type=observe q_pred_context=0.660495 sequence=568.013320
[plan] step=241 node=N13591 type=observe q_pred_context=0.660365 sequence=568.673685
[plan] step=242 node=N13559 type=observe q_pred_context=0.659869 sequence=569.333554
[plan] step=243 node=N13581 type=observe q_pred_context=0.658956 sequence=569.992510
[plan] step=244 node=N13511 type=observe q_pred_context=0.656914 sequence=570.649424
[plan] step=245 node=N2859 type=control0 q_pred_context=0.680826 sequence=571.330250
[plan] step=246 node=N12630 type=control0 q_pred_context=0.762989 sequence=572.093239
[plan] step=247 node=N13573 type=observe q_pred_context=0.659880 sequence=572.753119
[plan] step=248 node=N13607 type=observe q_pred_context=0.661112 sequence=573.414231
[plan] step=249 node=N13532 type=observe q_pred_context=0.663159 sequence=574.077390
[plan] step=250 node=N13516 type=observe q_pred_context=0.668603 sequence=574.745993
[plan] step=251 node=N8836 type=observe q_pred_context=0.671066 sequence=575.417059
[plan] step=252 node=N8833 type=observe q_pred_context=0.701644 sequence=576.118702
[plan] step=253 node=N8774 type=observe q_pred_context=0.706355 sequence=576.825057
[plan] step=254 node=N8820 type=observe q_pred_context=0.705514 sequence=577.530571
[plan] step=255 node=N8825 type=observe q_pred_context=0.710071 sequence=578.240642
[plan] latent_reencode step=256 interval=32 blend=0.05
[plan] step=256 node=N8611 type=control0 q_pred_context=0.639436 sequence=578.880077
[plan] step=257 node=N24568 type=control0 q_pred_context=0.711745 sequence=579.591822
[plan] step=258 node=N13506 type=observe q_pred_context=0.665521 sequence=580.257343
[plan] step=259 node=N13596 type=observe q_pred_context=0.681682 sequence=580.939025
[plan] step=260 node=N13548 type=observe q_pred_context=0.658482 sequence=581.597507
[plan] step=261 node=N2898 type=control0 q_pred_context=0.480450 sequence=582.077957
[plan] step=262 node=N8823 type=observe q_pred_context=0.694820 sequence=582.772777
[plan] step=263 node=N8824 type=observe q_pred_context=0.684522 sequence=583.457299
[plan] step=264 node=N19475 type=observe q_pred_context=0.663289 sequence=584.120587
[plan] step=265 node=N2201 type=control1 q_pred_context=0.461401 sequence=584.581988
[plan] step=266 node=N8778 type=observe q_pred_context=0.655391 sequence=585.237379
[plan] step=267 node=N8776 type=observe q_pred_context=0.662623 sequence=585.900002
[plan] step=268 node=N19473 type=observe q_pred_context=0.655475 sequence=586.555477
[plan] step=269 node=N19469 type=observe q_pred_context=0.657145 sequence=587.212622
[plan] step=270 node=N19466 type=observe q_pred_context=0.660738 sequence=587.873360
[plan] step=271 node=N20280 type=control0 q_pred_context=0.391784 sequence=588.265143
[plan] step=272 node=N27365 type=control1 q_pred_context=0.796100 sequence=589.061243
[plan] step=273 node=N19478 type=observe q_pred_context=0.624968 sequence=589.686212
[plan] step=274 node=N19472 type=observe q_pred_context=0.628121 sequence=590.314333
[plan] step=275 node=N19465 type=observe q_pred_context=0.629934 sequence=590.944267
[plan] step=276 node=N19470 type=observe q_pred_context=0.631078 sequence=591.575346
[plan] step=277 node=N2192 type=control1 q_pred_context=0.368716 sequence=591.944061
[plan] step=278 node=N19460 type=observe q_pred_context=0.628838 sequence=592.572900
[plan] step=279 node=N19467 type=observe q_pred_context=0.637242 sequence=593.210142
[plan] step=280 node=N19463 type=observe q_pred_context=0.638664 sequence=593.848806
[plan] step=281 node=N19457 type=observe q_pred_context=0.641741 sequence=594.490548
[plan] step=282 node=N19461 type=observe q_pred_context=0.705794 sequence=595.196342
[plan] step=283 node=N29371 type=control0 q_pred_context=0.637377 sequence=595.833719
[plan] step=284 node=N19458 type=observe q_pred_context=0.745357 sequence=596.579076
[plan] step=285 node=N28737 type=control0 q_pred_context=0.465266 sequence=597.044342
[plan] step=286 node=N19456 type=observe q_pred_context=0.745558 sequence=597.789900
[plan] step=287 node=N19454 type=observe q_pred_context=0.719194 sequence=598.509094
[plan] latent_reencode step=288 interval=32 blend=0.05
[plan] step=288 node=N19451 type=observe q_pred_context=0.714093 sequence=599.223187
[plan] step=289 node=N29456 type=control0 q_pred_context=0.747337 sequence=599.970524
[plan] step=290 node=N2041 type=control1 q_pred_context=0.920602 sequence=600.891126
[plan] step=291 node=N19452 type=observe q_pred_context=0.689435 sequence=601.580561
[plan] step=292 node=N19448 type=observe q_pred_context=0.670687 sequence=602.251248
[plan] step=293 node=N19449 type=observe q_pred_context=0.680215 sequence=602.931464
[plan] step=294 node=N29372 type=control0 q_pred_context=0.445778 sequence=603.377241
[plan] step=295 node=N29496 type=control1 q_pred_context=0.871015 sequence=604.248256
[plan] step=296 node=N7729 type=control1 q_pred_context=0.932622 sequence=605.180878
[plan] step=297 node=N13800 type=control1 q_pred_context=0.835245 sequence=606.016123
[plan] step=298 node=N13794 type=control1 q_pred_context=0.780782 sequence=606.796905
[plan] step=299 node=N2030 type=control1 q_pred_context=0.710506 sequence=607.507412
[plan] step=300 node=N19441 type=observe q_pred_context=1.054859 sequence=608.562270
[plan] step=301 node=N30923 type=control0 q_pred_context=0.796819 sequence=609.359089
[plan] step=302 node=N22040 type=control1 q_pred_context=0.691801 sequence=610.050889
[plan] step=303 node=N2037 type=control1 q_pred_context=0.857028 sequence=610.907917
[plan] step=304 node=N7712 type=control1 q_pred_context=0.840224 sequence=611.748142
[plan] step=305 node=N30922 type=control0 q_pred_context=0.652292 sequence=612.400433
[plan] step=306 node=N19447 type=observe q_pred_context=0.605424 sequence=613.005857
[plan] step=307 node=N19446 type=observe q_pred_context=0.602329 sequence=613.608186
[plan] step=308 node=N19436 type=observe q_pred_context=0.594566 sequence=614.202752
[plan] step=309 node=N18802 type=observe q_pred_context=0.583043 sequence=614.785795
[plan] step=310 node=N13066 type=observe q_pred_context=0.576638 sequence=615.362432
[plan] step=311 node=N18792 type=observe q_pred_context=0.578587 sequence=615.941020
[plan] step=312 node=N18796 type=observe q_pred_context=0.593582 sequence=616.534601
[plan] step=313 node=N13062 type=observe q_pred_context=0.667518 sequence=617.202119
[plan] step=314 node=N13064 type=observe q_pred_context=0.717887 sequence=617.920006
[plan] step=315 node=N27225 type=control1 q_pred_context=0.654676 sequence=618.574683
[plan] step=316 node=N26507 type=control1 q_pred_context=0.658791 sequence=619.233473
[plan] step=317 node=N13060 type=observe q_pred_context=0.617784 sequence=619.851257
[plan] step=318 node=N18799 type=observe q_pred_context=0.736607 sequence=620.587864
[plan] step=319 node=N7469 type=observe q_pred_context=0.699110 sequence=621.286974
[plan] latent_reencode step=320 interval=32 blend=0.05
[plan] step=320 node=N13757 type=observe q_pred_context=0.679174 sequence=621.966148
[plan] step=321 node=N30921 type=control0 q_pred_context=0.482956 sequence=622.449104
[plan] step=322 node=N7520 type=observe q_pred_context=0.623367 sequence=623.072471
[plan] step=323 node=N31044 type=control0 q_pred_context=0.515184 sequence=623.587655
[plan] step=324 node=N30934 type=control0 q_pred_context=0.661037 sequence=624.248692
[plan] step=325 node=N13785 type=control1 q_pred_context=1.281538 sequence=625.530231
[plan] step=326 node=N7727 type=control1 q_pred_context=0.736066 sequence=626.266296
[plan] step=327 node=N13801 type=control1 q_pred_context=0.599617 sequence=626.865913
[plan] step=328 node=N2078 type=control1 q_pred_context=0.546671 sequence=627.412585
[plan] step=329 node=N13749 type=observe q_pred_context=0.541030 sequence=627.953615
[plan] step=330 node=N2036 type=control1 q_pred_context=0.626513 sequence=628.580128
[plan] step=331 node=N30933 type=control0 q_pred_context=0.629542 sequence=629.209670
[plan] step=332 node=N7726 type=control1 q_pred_context=0.681434 sequence=629.891104
[plan] step=333 node=N30925 type=control0 q_pred_context=0.409190 sequence=630.300293
[plan] step=334 node=N30924 type=control0 q_pred_context=0.501264 sequence=630.801558
[plan] step=335 node=N30932 type=control0 q_pred_context=0.585397 sequence=631.386954
[plan] step=336 node=N20546 type=control1 q_pred_context=0.534647 sequence=631.921601
[plan] step=337 node=N7766 type=control1 q_pred_context=0.842588 sequence=632.764190
[plan] step=338 node=N30926 type=control0 q_pred_context=0.444235 sequence=633.208425
[plan] step=339 node=N2076 type=control1 q_pred_context=0.867677 sequence=634.076102
[plan] step=340 node=N13836 type=control1 q_pred_context=0.778669 sequence=634.854772
[plan] step=341 node=N13743 type=observe q_pred_context=0.571557 sequence=635.426328
[plan] step=342 node=N13703 type=observe q_pred_context=0.573471 sequence=635.999799
[plan] step=343 node=N13701 type=observe q_pred_context=0.734251 sequence=636.734050
[plan] step=344 node=N13741 type=observe q_pred_context=0.758819 sequence=637.492870
[plan] step=345 node=N13737 type=observe q_pred_context=0.812518 sequence=638.305387
[plan] step=346 node=N13745 type=observe q_pred_context=0.760091 sequence=639.065479
[plan] step=347 node=N13733 type=observe q_pred_context=0.728729 sequence=639.794207
[plan] step=348 node=N13693 type=observe q_pred_context=0.709495 sequence=640.503702
[plan] step=349 node=N13695 type=observe q_pred_context=0.696883 sequence=641.200585
[plan] step=350 node=N13697 type=observe q_pred_context=0.711723 sequence=641.912308
[plan] step=351 node=N13699 type=observe q_pred_context=0.700614 sequence=642.612922
[plan] latent_reencode step=352 interval=32 blend=0.05
[plan] step=352 node=N13747 type=observe q_pred_context=0.763464 sequence=643.376386
[plan] step=353 node=N13739 type=observe q_pred_context=0.794285 sequence=644.170671
[plan] step=354 node=N13731 type=observe q_pred_context=0.760048 sequence=644.930718
[plan] step=355 node=N13735 type=observe q_pred_context=0.737249 sequence=645.667967
[plan] step=356 node=N2029 type=control1 q_pred_context=0.687738 sequence=646.355705
[plan] step=357 node=N7455 type=observe q_pred_context=0.648341 sequence=647.004046
[plan] step=358 node=N7411 type=observe q_pred_context=0.655922 sequence=647.659968
[plan] step=359 node=N7507 type=observe q_pred_context=0.667384 sequence=648.327353
[plan] step=360 node=N2074 type=control1 q_pred_context=0.827214 sequence=649.154567
[plan] step=361 node=N18718 type=observe q_pred_context=0.646131 sequence=649.800698
[plan] step=362 node=N18614 type=observe q_pred_context=0.728860 sequence=650.529558
[plan] step=363 node=N1986 type=control1 q_pred_context=0.991854 sequence=651.521412
[plan] step=364 node=N18563 type=observe q_pred_context=1.645574 sequence=653.166986
[plan] step=365 node=N18548 type=observe q_pred_context=1.455477 sequence=654.622463
[plan] step=366 node=N18557 type=observe q_pred_context=1.166784 sequence=655.789246
[plan] step=367 node=N13837 type=control1 q_pred_context=1.138803 sequence=656.928049
[plan] step=368 node=N18329 type=observe q_pred_context=0.942615 sequence=657.870664
[plan] step=369 node=N18788 type=observe q_pred_context=0.702232 sequence=658.572896
[plan] step=370 node=N7711 type=control1 q_pred_context=1.959283 sequence=660.532179
[plan] step=371 node=N29498 type=control1 q_pred_context=1.923330 sequence=662.455509
[plan] step=372 node=N7765 type=control1 q_pred_context=0.982673 sequence=663.438182
[plan] step=373 node=N13797 type=control1 q_pred_context=1.673154 sequence=665.111336
[plan] step=374 node=N1987 type=control1 q_pred_context=1.743758 sequence=666.855094
[plan] step=375 node=N3779 type=observe q_pred_context=0.761152 sequence=667.616245
[plan] step=376 node=N9042 type=observe q_pred_context=0.855953 sequence=668.472198
[plan] step=377 node=N7759 type=control1 q_pred_context=1.631208 sequence=670.103407
[plan] step=378 node=N27364 type=control1 q_pred_context=1.878079 sequence=671.981486
[plan] step=379 node=N9513 type=observe q_pred_context=0.705514 sequence=672.687000
[plan] step=380 node=N13727 type=observe q_pred_context=0.640963 sequence=673.327963
[plan] step=381 node=N9041 type=observe q_pred_context=0.819495 sequence=674.147458
[plan] step=382 node=N13723 type=observe q_pred_context=0.676725 sequence=674.824183
[plan] step=383 node=N7690 type=control1 q_pred_context=0.671431 sequence=675.495615
[plan] latent_reencode step=384 interval=32 blend=0.05
[plan] step=384 node=N13729 type=observe q_pred_context=0.506993 sequence=676.002608
[plan] step=385 node=N2891 type=observe q_pred_context=0.532489 sequence=676.535097
[plan] step=386 node=N7721 type=control1 q_pred_context=0.740748 sequence=677.275845
[plan] step=387 node=N7633 type=observe q_pred_context=1.130560 sequence=678.406405
[plan] step=388 node=N13711 type=observe q_pred_context=0.503812 sequence=678.910217
[plan] step=389 node=N19316 type=observe q_pred_context=0.707741 sequence=679.617958
[plan] step=390 node=N2025 type=control1 q_pred_context=0.679638 sequence=680.297596
[plan] step=391 node=N12615 type=observe q_pred_context=0.568517 sequence=680.866112
[plan] step=392 node=N12323 type=observe q_pred_context=0.535048 sequence=681.401161
[plan] step=393 node=N13715 type=observe q_pred_context=1.245090 sequence=682.646251
[plan] step=394 node=N12335 type=observe q_pred_context=1.050739 sequence=683.696990
[plan] step=395 node=N29407 type=control1 q_pred_context=0.743350 sequence=684.440340
[plan] step=396 node=N18532 type=observe q_pred_context=0.749718 sequence=685.190058
[plan] step=397 node=N18537 type=observe q_pred_context=0.749268 sequence=685.939326
[plan] step=398 node=N13709 type=observe q_pred_context=0.733881 sequence=686.673207
[plan] step=399 node=N13705 type=observe q_pred_context=0.660206 sequence=687.333414
[plan] step=400 node=N13713 type=observe q_pred_context=1.288884 sequence=688.622297
[plan] step=401 node=N13719 type=observe q_pred_context=0.560041 sequence=689.182338
[plan] step=402 node=N13717 type=observe q_pred_context=0.971126 sequence=690.153465
[plan] step=403 node=N13721 type=observe q_pred_context=0.807551 sequence=690.961016
[plan] step=404 node=N13913 type=control1 q_pred_context=0.921528 sequence=691.882544
[plan] step=405 node=N13707 type=observe q_pred_context=1.233027 sequence=693.115571
[plan] step=406 node=N7673 type=observe q_pred_context=1.066029 sequence=694.181600
[plan] step=407 node=N18641 type=observe q_pred_context=0.868577 sequence=695.050177
[plan] step=408 node=N29526 type=control0 q_pred_context=0.727566 sequence=695.777743
[plan] step=409 node=N8821 type=observe q_pred_context=1.542679 sequence=697.320422
[plan] step=410 node=N13725 type=observe q_pred_context=1.789348 sequence=699.109770
[plan] step=411 node=N12355 type=observe q_pred_context=0.979653 sequence=700.089422
[plan] step=412 node=N7671 type=observe q_pred_context=1.186525 sequence=701.275947
[plan] step=413 node=N8764 type=observe q_pred_context=0.780481 sequence=702.056428
[plan] step=414 node=N31077 type=control1 q_pred_context=0.642373 sequence=702.698801
[plan] step=415 node=N18514 type=observe q_pred_context=0.982669 sequence=703.681470
[plan] latent_reencode step=416 interval=32 blend=0.05
[plan] step=416 node=N12369 type=observe q_pred_context=0.684904 sequence=704.366374
[plan] step=417 node=N12399 type=observe q_pred_context=0.678512 sequence=705.044886
[plan] step=418 node=N12607 type=observe q_pred_context=0.734592 sequence=705.779477
[plan] step=419 node=N12465 type=observe q_pred_context=0.750012 sequence=706.529489
[plan] step=420 node=N12214 type=observe q_pred_context=0.686510 sequence=707.215998
[plan] step=421 node=N12447 type=observe q_pred_context=0.658836 sequence=707.874834
[plan] step=422 node=N12229 type=observe q_pred_context=0.800408 sequence=708.675243
[plan] step=423 node=N12277 type=observe q_pred_context=0.817079 sequence=709.492321
[plan] step=424 node=N19442 type=observe q_pred_context=0.774379 sequence=710.266701
[plan] step=425 node=N12309 type=observe q_pred_context=0.598641 sequence=710.865341
[plan] step=426 node=N12293 type=observe q_pred_context=0.681476 sequence=711.546818
[plan] step=427 node=N12325 type=observe q_pred_context=0.836451 sequence=712.383268
[plan] step=428 node=N18447 type=observe q_pred_context=0.839897 sequence=713.223165
[plan] step=429 node=N12709 type=observe q_pred_context=1.325772 sequence=714.548937
[plan] step=430 node=N7445 type=observe q_pred_context=1.339461 sequence=715.888398
[plan] step=431 node=N7270 type=observe q_pred_context=1.221887 sequence=717.110284
[plan] step=432 node=N19439 type=observe q_pred_context=1.000589 sequence=718.110873
[plan] step=433 node=N13076 type=observe q_pred_context=0.913657 sequence=719.024531
[plan] step=434 node=N29408 type=control1 q_pred_context=0.859279 sequence=719.883810
[plan] step=435 node=N7725 type=control1 q_pred_context=1.594246 sequence=721.478056
[plan] step=436 node=N7718 type=control1 q_pred_context=1.732236 sequence=723.210291
[plan] step=437 node=N29409 type=control1 q_pred_context=0.675040 sequence=723.885332
[plan] step=438 node=N31075 type=control1 q_pred_context=0.752048 sequence=724.637379
[plan] step=439 node=N27585 type=control0 q_pred_context=0.905754 sequence=725.543134
[plan] step=440 node=N27564 type=control0 q_pred_context=0.769189 sequence=726.312322
[plan] step=441 node=N27576 type=control0 q_pred_context=0.725247 sequence=727.037569
[plan] step=442 node=N27589 type=control0 q_pred_context=0.705237 sequence=727.742806
[plan] step=443 node=N26775 type=control0 q_pred_context=1.159892 sequence=728.902698
[plan] step=444 node=N3765 type=observe q_pred_context=0.648607 sequence=729.551305
[plan] step=445 node=N9502 type=observe q_pred_context=0.643041 sequence=730.194345
[plan] step=446 node=N31090 type=control1 q_pred_context=0.788066 sequence=730.982411
[plan] step=447 node=N13901 type=control1 q_pred_context=1.076315 sequence=732.058726
[plan] latent_reencode step=448 interval=32 blend=0.05
[plan] step=448 node=N13919 type=control1 q_pred_context=1.066305 sequence=733.125031
[plan] step=449 node=N26769 type=control0 q_pred_context=0.901746 sequence=734.026777
[plan] step=450 node=N26773 type=control0 q_pred_context=1.252996 sequence=735.279774
[plan] step=451 node=N26784 type=control0 q_pred_context=0.638201 sequence=735.917974
[plan] step=452 node=N5157 type=observe q_pred_context=0.632799 sequence=736.550773
[plan] step=453 node=N8903 type=observe q_pred_context=0.930746 sequence=737.481519
[plan] step=454 node=N19162 type=observe q_pred_context=0.722159 sequence=738.203678
[plan] step=455 node=N19227 type=observe q_pred_context=0.633990 sequence=738.837668
[plan] step=456 node=N19217 type=observe q_pred_context=0.766709 sequence=739.604377
[plan] step=457 node=N3880 type=observe q_pred_context=1.152564 sequence=740.756941
[plan] step=458 node=N18877 type=observe q_pred_context=1.071803 sequence=741.828744
[plan] step=459 node=N19835 type=observe q_pred_context=1.188852 sequence=743.017595
[plan] step=460 node=N30931 type=control0 q_pred_context=0.844252 sequence=743.861847
[plan] step=461 node=N26771 type=control0 q_pred_context=1.080968 sequence=744.942815
[plan] step=462 node=N2038 type=control1 q_pred_context=1.256516 sequence=746.199331
[plan] step=463 node=N30930 type=control0 q_pred_context=0.824091 sequence=747.023422
[plan] step=464 node=N30927 type=control0 q_pred_context=0.768273 sequence=747.791695
[plan] step=465 node=N18011 type=observe q_pred_context=1.188589 sequence=748.980284
[plan] step=466 node=N19317 type=observe q_pred_context=0.936199 sequence=749.916483
[plan] step=467 node=N13229 type=observe q_pred_context=0.936058 sequence=750.852540
[plan] step=468 node=N30929 type=control0 q_pred_context=0.824490 sequence=751.677031
[plan] step=469 node=N30928 type=control0 q_pred_context=0.669399 sequence=752.346430
[plan] step=470 node=N3775 type=observe q_pred_context=0.697629 sequence=753.044059
[plan] step=471 node=N14901 type=control1 q_pred_context=1.089832 sequence=754.133891
[plan] step=472 node=N7285 type=observe q_pred_context=0.644016 sequence=754.777907
[plan] step=473 node=N12211 type=observe q_pred_context=0.640763 sequence=755.418669
[plan] step=474 node=N19878 type=observe q_pred_context=0.648833 sequence=756.067502
[plan] step=475 node=N12332 type=observe q_pred_context=0.728568 sequence=756.796070
[plan] step=476 node=N31073 type=control1 q_pred_context=0.720966 sequence=757.517036
[plan] step=477 node=N12547 type=observe q_pred_context=0.725796 sequence=758.242832
[plan] step=478 node=N2696 type=observe q_pred_context=0.918787 sequence=759.161619
[plan] step=479 node=N18645 type=observe q_pred_context=0.871971 sequence=760.033590
[plan] latent_reencode step=480 interval=32 blend=0.05
[plan] step=480 node=N18620 type=observe q_pred_context=0.893607 sequence=760.927197
[plan] step=481 node=N27509 type=control0 q_pred_context=0.654860 sequence=761.582057
[plan] step=482 node=N27551 type=control0 q_pred_context=0.627521 sequence=762.209578
[plan] step=483 node=N26782 type=control0 q_pred_context=0.638751 sequence=762.848329
[plan] step=484 node=N27574 type=control0 q_pred_context=0.660967 sequence=763.509296
[plan] step=485 node=N26654 type=control0 q_pred_context=0.658583 sequence=764.167879
[plan] step=486 node=N26792 type=control0 q_pred_context=0.664308 sequence=764.832187
[plan] step=487 node=N26796 type=control0 q_pred_context=0.665909 sequence=765.498096
[plan] step=488 node=N26786 type=control0 q_pred_context=0.660486 sequence=766.158583
[plan] step=489 node=N26788 type=control0 q_pred_context=0.665991 sequence=766.824574
[plan] step=490 node=N26794 type=control0 q_pred_context=0.693053 sequence=767.517627
[plan] step=491 node=N26790 type=control0 q_pred_context=0.697034 sequence=768.214661
[plan] step=492 node=N3319 type=observe q_pred_context=0.647139 sequence=768.861800
[plan] step=493 node=N2247 type=observe q_pred_context=0.802146 sequence=769.663946
[plan] step=494 node=N7925 type=observe q_pred_context=0.695334 sequence=770.359280
[plan] step=495 node=N7636 type=observe q_pred_context=0.718547 sequence=771.077827
[plan] step=496 node=N9218 type=observe q_pred_context=0.653638 sequence=771.731465
[plan] step=497 node=N3429 type=observe q_pred_context=0.638347 sequence=772.369812
[plan] step=498 node=N3437 type=observe q_pred_context=0.649368 sequence=773.019179
[plan] step=499 node=N9608 type=observe q_pred_context=0.648191 sequence=773.667370
[plan] step=500 node=N12339 type=observe q_pred_context=0.640435 sequence=774.307805
[plan] step=501 node=N19443 type=observe q_pred_context=0.710939 sequence=775.018744
[plan] step=502 node=N14036 type=observe q_pred_context=0.642030 sequence=775.660774
[plan] step=503 node=N19440 type=observe q_pred_context=0.704482 sequence=776.365256
[plan] step=504 node=N9511 type=observe q_pred_context=0.650090 sequence=777.015346
[plan] step=505 node=N19319 type=observe q_pred_context=0.850585 sequence=777.865931
[plan] step=506 node=N3318 type=observe q_pred_context=0.674984 sequence=778.540915
[plan] step=507 node=N19165 type=observe q_pred_context=0.703761 sequence=779.244677
[plan] step=508 node=N15372 type=observe q_pred_context=0.719757 sequence=779.964434
[plan] step=509 node=N3856 type=observe q_pred_context=0.656393 sequence=780.620827
[plan] step=510 node=N12463 type=observe q_pred_context=0.641013 sequence=781.261840
[plan] step=511 node=N7432 type=observe q_pred_context=0.640712 sequence=781.902553
[plan] latent_reencode step=512 interval=32 blend=0.05
[plan] step=512 node=N9610 type=observe q_pred_context=0.664769 sequence=782.567322
[plan] step=513 node=N8083 type=observe q_pred_context=0.640264 sequence=783.207586
[plan] step=514 node=N12316 type=observe q_pred_context=0.641788 sequence=783.849374
[plan] step=515 node=N18586 type=observe q_pred_context=0.727878 sequence=784.577252
[plan] step=516 node=N12581 type=observe q_pred_context=0.653057 sequence=785.230309
[plan] step=517 node=N18658 type=observe q_pred_context=0.636795 sequence=785.867104
[plan] step=518 node=N12227 type=observe q_pred_context=0.632822 sequence=786.499926
[plan] step=519 node=N25713 type=observe q_pred_context=0.733324 sequence=787.233250
[plan] step=520 node=N13426 type=observe q_pred_context=0.649529 sequence=787.882779
[plan] step=521 node=N7537 type=observe q_pred_context=0.663306 sequence=788.546085
[plan] step=522 node=N14041 type=observe q_pred_context=0.652425 sequence=789.198510
[plan] step=523 node=N27250 type=observe q_pred_context=0.788294 sequence=789.986804
[plan] step=524 node=N3293 type=observe q_pred_context=0.710053 sequence=790.696857
[plan] step=525 node=N12452 type=observe q_pred_context=0.633864 sequence=791.330720
[plan] step=526 node=N19314 type=observe q_pred_context=0.860079 sequence=792.190799
[plan] step=527 node=N9509 type=observe q_pred_context=0.690007 sequence=792.880806
[plan] step=528 node=N15368 type=observe q_pred_context=0.647401 sequence=793.528207
[plan] step=529 node=N7448 type=observe q_pred_context=0.637063 sequence=794.165270
[plan] step=530 node=N19834 type=observe q_pred_context=0.678397 sequence=794.843667
[plan] step=531 node=N12243 type=observe q_pred_context=0.635185 sequence=795.478851
[plan] step=532 node=N19864 type=observe q_pred_context=0.633599 sequence=796.112450
[plan] step=533 node=N7349 type=observe q_pred_context=0.631185 sequence=796.743635
[plan] step=534 node=N12271 type=observe q_pred_context=0.630919 sequence=797.374554
[plan] step=535 node=N18488 type=observe q_pred_context=0.697535 sequence=798.072090
[plan] step=536 node=N2870 type=observe q_pred_context=0.705453 sequence=798.777543
[plan] step=537 node=N12649 type=observe q_pred_context=0.706604 sequence=799.484147
[plan] step=538 node=N14666 type=observe q_pred_context=0.683437 sequence=800.167583
[plan] step=539 node=N7928 type=observe q_pred_context=0.642847 sequence=800.810430
[plan] step=540 node=N2698 type=observe q_pred_context=0.730901 sequence=801.541332
[plan] step=541 node=N18639 type=observe q_pred_context=0.718472 sequence=802.259803
[plan] step=542 node=N12404 type=observe q_pred_context=0.682260 sequence=802.942063
[plan] step=543 node=N12660 type=observe q_pred_context=0.763020 sequence=803.705083
[plan] latent_reencode step=544 interval=32 blend=0.05
[plan] step=544 node=N19318 type=observe q_pred_context=1.089986 sequence=804.795069
[plan] step=545 node=N7496 type=observe q_pred_context=0.754821 sequence=805.549890
[plan] step=546 node=N12275 type=observe q_pred_context=0.777807 sequence=806.327697
[plan] step=547 node=N7397 type=observe q_pred_context=0.766722 sequence=807.094419
[plan] step=548 node=N12319 type=observe q_pred_context=0.779285 sequence=807.873704
[plan] step=549 node=N25757 type=observe q_pred_context=0.787315 sequence=808.661018
[plan] step=550 node=N16588 type=control1 q_pred_context=0.811625 sequence=809.472643
[plan] step=551 node=N18724 type=observe q_pred_context=0.776400 sequence=810.249043
[plan] step=552 node=N12683 type=observe q_pred_context=0.853615 sequence=811.102658
[plan] step=553 node=N12371 type=observe q_pred_context=0.882456 sequence=811.985114
[plan] step=554 node=N14045 type=observe q_pred_context=0.566378 sequence=812.551492
[plan] step=555 node=N8128 type=observe q_pred_context=0.940976 sequence=813.492468
[plan] step=556 node=N10955 type=observe q_pred_context=0.813092 sequence=814.305560
[plan] step=557 node=N3810 type=observe q_pred_context=0.571717 sequence=814.877277
[plan] step=558 node=N9220 type=observe q_pred_context=0.525207 sequence=815.402484
[plan] step=559 node=N18325 type=observe q_pred_context=0.893424 sequence=816.295908
[plan] step=560 node=N19315 type=observe q_pred_context=1.273959 sequence=817.569867
[plan] step=561 node=N7548 type=observe q_pred_context=0.931510 sequence=818.501377
[plan] step=562 node=N12657 type=observe q_pred_context=0.567087 sequence=819.068464
[plan] step=563 node=N12259 type=observe q_pred_context=0.711103 sequence=819.779567
[plan] step=564 node=N15370 type=observe q_pred_context=0.727641 sequence=820.507208
[plan] step=565 node=N7528 type=observe q_pred_context=0.689320 sequence=821.196528
[plan] step=566 node=N12220 type=observe q_pred_context=0.698164 sequence=821.894692
[plan] step=567 node=N7301 type=observe q_pred_context=0.676657 sequence=822.571349
[plan] step=568 node=N18675 type=observe q_pred_context=0.663786 sequence=823.235135
[plan] step=569 node=N12717 type=observe q_pred_context=0.923266 sequence=824.158401
[plan] step=570 node=N12387 type=observe q_pred_context=0.942791 sequence=825.101192
[plan] step=571 node=N14042 type=observe q_pred_context=0.615154 sequence=825.716346
[plan] step=572 node=N19320 type=observe q_pred_context=1.190847 sequence=826.907193
[plan] step=573 node=N18337 type=observe q_pred_context=0.999290 sequence=827.906484
[plan] step=574 node=N14038 type=observe q_pred_context=0.610407 sequence=828.516891
[plan] step=575 node=N7480 type=observe q_pred_context=1.085320 sequence=829.602211
[plan] latent_reencode step=576 interval=32 blend=0.05
[plan] step=576 node=N12625 type=observe q_pred_context=1.232518 sequence=830.834729
[plan] step=577 node=N12291 type=observe q_pred_context=1.415816 sequence=832.250545
[plan] step=578 node=N7381 type=observe q_pred_context=1.307587 sequence=833.558132
[plan] step=579 node=N12239 type=observe q_pred_context=1.270818 sequence=834.828950
[plan] step=580 node=N8121 type=observe q_pred_context=1.368813 sequence=836.197763
[plan] step=581 node=N3386 type=observe q_pred_context=0.642113 sequence=836.839877
[plan] step=582 node=N18691 type=observe q_pred_context=0.828810 sequence=837.668687
[plan] step=583 node=N19324 type=observe q_pred_context=0.911031 sequence=838.579718
[plan] step=584 node=N12751 type=observe q_pred_context=1.293584 sequence=839.873302
[plan] step=585 node=N18366 type=observe q_pred_context=1.337962 sequence=841.211264
[plan] step=586 node=N7512 type=observe q_pred_context=1.207501 sequence=842.418765
[plan] step=587 node=N12632 type=observe q_pred_context=1.482572 sequence=843.901337
[plan] step=588 node=N7365 type=observe q_pred_context=1.438100 sequence=845.339437
[plan] step=589 node=N3347 type=observe q_pred_context=0.640842 sequence=845.980279
[plan] step=590 node=N12284 type=observe q_pred_context=0.674492 sequence=846.654770
[plan] step=591 node=N18756 type=observe q_pred_context=1.527593 sequence=848.182363
[plan] step=592 node=N19322 type=observe q_pred_context=1.668204 sequence=849.850567
[plan] step=593 node=N8133 type=observe q_pred_context=1.430290 sequence=851.280858
[plan] step=594 node=N7464 type=observe q_pred_context=1.160582 sequence=852.441440
[plan] step=595 node=N12209 type=observe q_pred_context=1.194377 sequence=853.635817
[plan] step=596 node=N18354 type=observe q_pred_context=1.183304 sequence=854.819120
[plan] step=597 node=N3323 type=observe q_pred_context=0.645980 sequence=855.465101
[plan] step=598 node=N7333 type=observe q_pred_context=1.129868 sequence=856.594969
[plan] step=599 node=N12236 type=observe q_pred_context=1.174424 sequence=857.769392
[plan] step=600 node=N12513 type=observe q_pred_context=1.375573 sequence=859.144966
[plan] step=601 node=N3355 type=observe q_pred_context=0.675639 sequence=859.820604
[plan] step=602 node=N19321 type=observe q_pred_context=0.962712 sequence=860.783316
[plan] step=603 node=N18695 type=observe q_pred_context=1.236668 sequence=862.019984
[plan] step=604 node=N12273 type=observe q_pred_context=1.250832 sequence=863.270816
[plan] step=605 node=N18417 type=observe q_pred_context=1.426280 sequence=864.697096
[plan] step=606 node=N7147 type=observe q_pred_context=1.396963 sequence=866.094058
[plan] step=607 node=N13911 type=control1 q_pred_context=1.668216 sequence=867.762274
[plan] latent_reencode step=608 interval=32 blend=0.05
[plan] step=608 node=N7929 type=observe q_pred_context=1.419681 sequence=869.181955
[plan] step=609 node=N12287 type=observe q_pred_context=1.159038 sequence=870.340993
[plan] step=610 node=N12502 type=observe q_pred_context=1.506025 sequence=871.847018
[plan] step=611 node=N19323 type=observe q_pred_context=1.906279 sequence=873.753296
[plan] step=612 node=N25742 type=observe q_pred_context=1.160361 sequence=874.913658
[plan] step=613 node=N3363 type=observe q_pred_context=0.622324 sequence=875.535982
[plan] step=614 node=N8124 type=observe q_pred_context=0.730199 sequence=876.266181
[plan] step=615 node=N18656 type=observe q_pred_context=0.736520 sequence=877.002701
[plan] step=616 node=N12289 type=observe q_pred_context=0.740113 sequence=877.742815
[plan] step=617 node=N7195 type=observe q_pred_context=0.762493 sequence=878.505308
[plan] step=618 node=N12268 type=observe q_pred_context=0.872119 sequence=879.377427
[plan] step=619 node=N18432 type=observe q_pred_context=0.755881 sequence=880.133308
[plan] step=620 node=N12524 type=observe q_pred_context=1.261231 sequence=881.394538
[plan] step=621 node=N3378 type=observe q_pred_context=0.677956 sequence=882.072494
[plan] step=622 node=N18705 type=observe q_pred_context=0.912731 sequence=882.985226
[plan] step=623 node=N7211 type=observe q_pred_context=1.141367 sequence=884.126593
[plan] step=624 node=N12255 type=observe q_pred_context=1.086603 sequence=885.213196
[plan] step=625 node=N12257 type=observe q_pred_context=1.007161 sequence=886.220356
[plan] step=626 node=N8132 type=observe q_pred_context=0.898850 sequence=887.119206
[plan] step=627 node=N7934 type=observe q_pred_context=0.729996 sequence=887.849202
[plan] step=628 node=N19326 type=observe q_pred_context=1.011399 sequence=888.860601
[plan] step=629 node=N18405 type=observe q_pred_context=0.868591 sequence=889.729192
[plan] step=630 node=N18741 type=observe q_pred_context=1.003363 sequence=890.732555
[plan] step=631 node=N12504 type=observe q_pred_context=1.382388 sequence=892.114943
[plan] step=632 node=N3394 type=observe q_pred_context=0.617055 sequence=892.731998
[plan] step=633 node=N7227 type=observe q_pred_context=0.708983 sequence=893.440981
[plan] step=634 node=N7931 type=observe q_pred_context=0.875408 sequence=894.316389
[plan] step=635 node=N2693 type=observe q_pred_context=0.972398 sequence=895.288787
[plan] step=636 node=N12252 type=observe q_pred_context=0.813344 sequence=896.102131
[plan] step=637 node=N18388 type=observe q_pred_context=1.018594 sequence=897.120725
[plan] step=638 node=N12528 type=observe q_pred_context=1.424147 sequence=898.544872
[plan] step=639 node=N18722 type=observe q_pred_context=1.524298 sequence=900.069170
[plan] latent_reencode step=640 interval=32 blend=0.05
[plan] step=640 node=N29386 type=observe q_pred_context=0.634590 sequence=900.703759
[plan] step=641 node=N2697 type=observe q_pred_context=1.188666 sequence=901.892425
[plan] step=642 node=N3554 type=observe q_pred_context=0.619147 sequence=902.511573
[plan] step=643 node=N8122 type=observe q_pred_context=0.598459 sequence=903.110032
[plan] step=644 node=N7259 type=observe q_pred_context=0.689098 sequence=903.799129
[plan] step=645 node=N19246 type=observe q_pred_context=0.787885 sequence=904.587014
[plan] step=646 node=N12300 type=observe q_pred_context=0.800130 sequence=905.387144
[plan] step=647 node=N18437 type=observe q_pred_context=0.808713 sequence=906.195857
[plan] step=648 node=N18673 type=observe q_pred_context=1.255516 sequence=907.451374
[plan] step=649 node=N12553 type=observe q_pred_context=1.559089 sequence=909.010462
[plan] step=650 node=N3527 type=observe q_pred_context=0.616669 sequence=909.627131
[plan] step=651 node=N7243 type=observe q_pred_context=1.196451 sequence=910.823582
[plan] step=652 node=N12303 type=observe q_pred_context=1.308573 sequence=912.132156
[plan] step=653 node=N19251 type=observe q_pred_context=1.258404 sequence=913.390559
[plan] step=654 node=N3332 type=observe q_pred_context=0.675255 sequence=914.065814
[plan] step=655 node=N8130 type=observe q_pred_context=0.723459 sequence=914.789274
[plan] step=656 node=N18449 type=observe q_pred_context=0.879324 sequence=915.668598
[plan] step=657 node=N18739 type=observe q_pred_context=0.689586 sequence=916.358184
[plan] step=658 node=N12519 type=observe q_pred_context=0.805109 sequence=917.163293
[plan] step=659 node=N12223 type=observe q_pred_context=1.105560 sequence=918.268853
[plan] step=660 node=N19250 type=observe q_pred_context=1.274875 sequence=919.543728
[plan] step=661 node=N7179 type=observe q_pred_context=1.245003 sequence=920.788732
[plan] step=662 node=N18371 type=observe q_pred_context=1.098917 sequence=921.887649
[plan] step=663 node=N3470 type=observe q_pred_context=0.608171 sequence=922.495820
[plan] step=664 node=N12562 type=observe q_pred_context=1.152399 sequence=923.648219
[plan] step=665 node=N7163 type=observe q_pred_context=1.125121 sequence=924.773339
[plan] step=666 node=N3371 type=observe q_pred_context=0.605972 sequence=925.379312
[plan] step=667 node=N14035 type=observe q_pred_context=0.990620 sequence=926.369932
[plan] step=668 node=N14037 type=observe q_pred_context=1.108453 sequence=927.478384
[plan] step=669 node=N9599 type=observe q_pred_context=0.731769 sequence=928.210154
[plan] step=670 node=N31236 type=control0 q_pred_context=0.584606 sequence=928.794760
[plan] step=671 node=N17825 type=control0 q_pred_context=0.582329 sequence=929.377088
[plan] latent_reencode step=672 interval=32 blend=0.05
[plan] step=672 node=N31234 type=control0 q_pred_context=0.677760 sequence=930.054848
[plan] step=673 node=N27507 type=control0 q_pred_context=1.807571 sequence=931.862420
[plan] step=674 node=N29423 type=control0 q_pred_context=5.038363 sequence=936.900783
[plan] step=675 node=N29679 type=control0 q_pred_context=0.875551 sequence=937.776334
[plan] step=676 node=N31207 type=control0 q_pred_context=1.459429 sequence=939.235763
[plan] step=677 node=N29422 type=control0 q_pred_context=3.528611 sequence=942.764374
[plan] step=678 node=N2146 type=control0 q_pred_context=1.758330 sequence=944.522704
[plan] step=679 node=N26798 type=control0 q_pred_context=1.631124 sequence=946.153828
[plan] step=680 node=N29681 type=control0 q_pred_context=0.924903 sequence=947.078731
[plan] step=681 node=N29458 type=control0 q_pred_context=2.195384 sequence=949.274115
[plan] step=682 node=N1990 type=control1 q_pred_context=4.350046 sequence=953.624160
[plan] step=683 node=N13930 type=control1 q_pred_context=1.009122 sequence=954.633282
[plan] step=684 node=N13788 type=control1 q_pred_context=2.785252 sequence=957.418534
[plan] step=685 node=N2023 type=control1 q_pred_context=4.460545 sequence=961.879080
[plan] step=686 node=N31219 type=control0 q_pred_context=0.677734 sequence=962.556814
[plan] step=687 node=N31221 type=control0 q_pred_context=0.739823 sequence=963.296637
[plan] step=688 node=N16818 type=control1 q_pred_context=1.094697 sequence=964.391335
[plan] step=689 node=N31217 type=control0 q_pred_context=0.790445 sequence=965.181779
[plan] step=690 node=N27496 type=control0 q_pred_context=0.855624 sequence=966.037403
[plan] step=691 node=N27498 type=control0 q_pred_context=0.877129 sequence=966.914532
[plan] step=692 node=N13979 type=observe q_pred_context=0.706584 sequence=967.621116
[plan] step=693 node=N9578 type=observe q_pred_context=1.427831 sequence=969.048947
[plan] step=694 node=N27494 type=control0 q_pred_context=0.612045 sequence=969.660991
[plan] step=695 node=N27501 type=control0 q_pred_context=0.632150 sequence=970.293141
[plan] step=696 node=N27503 type=control0 q_pred_context=0.558293 sequence=970.851435
[plan] step=697 node=N26641 type=control0 q_pred_context=1.069345 sequence=971.920780
[plan] step=698 node=N8142 type=observe q_pred_context=0.688746 sequence=972.609526
[plan] step=699 node=N19277 type=observe q_pred_context=1.157176 sequence=973.766703
[plan] step=700 node=N9582 type=observe q_pred_context=1.000122 sequence=974.766824
[plan] step=701 node=N18422 type=observe q_pred_context=0.778915 sequence=975.545739
[plan] step=702 node=N12622 type=observe q_pred_context=0.279856 sequence=975.825595
[plan] step=703 node=N19328 type=observe q_pred_context=0.709574 sequence=976.535169
[plan] latent_reencode step=704 interval=32 blend=0.05
[plan] step=704 node=N2256 type=observe q_pred_context=1.131156 sequence=977.666325
[plan] step=705 node=N26648 type=control0 q_pred_context=0.500228 sequence=978.166553
[plan] step=706 node=N18305 type=observe q_pred_context=0.818023 sequence=978.984576
[plan] step=707 node=N3325 type=observe q_pred_context=0.961767 sequence=979.946342
[plan] step=708 node=N31223 type=control0 q_pred_context=0.914911 sequence=980.861254
[plan] step=709 node=N2695 type=observe q_pred_context=1.482900 sequence=982.344153
[plan] step=710 node=N26643 type=control0 q_pred_context=1.361672 sequence=983.705825
[plan] step=711 node=N31213 type=control0 q_pred_context=0.725492 sequence=984.431317
[plan] step=712 node=N27504 type=control0 q_pred_context=0.787204 sequence=985.218521
[plan] step=713 node=N27500 type=control0 q_pred_context=0.790707 sequence=986.009228
[plan] step=714 node=N8140 type=observe q_pred_context=0.821692 sequence=986.830920
[plan] step=715 node=N12618 type=observe q_pred_context=0.848375 sequence=987.679295
[plan] step=716 node=N19245 type=observe q_pred_context=0.701012 sequence=988.380307
[plan] step=717 node=N7446 type=observe q_pred_context=0.711040 sequence=989.091348
[plan] step=718 node=N18420 type=observe q_pred_context=1.039525 sequence=990.130872
[plan] step=719 node=N3506 type=observe q_pred_context=0.720845 sequence=990.851717
[plan] step=720 node=N12587 type=observe q_pred_context=2.291077 sequence=993.142794
[plan] step=721 node=N2082 type=control1 q_pred_context=0.617059 sequence=993.759853
[plan] step=722 node=N1989 type=control1 q_pred_context=2.446048 sequence=996.205901
[plan] step=723 node=N14880 type=control1 q_pred_context=1.311943 sequence=997.517843
[plan] step=724 node=N1992 type=observe q_pred_context=5.107985 sequence=1002.625828
[plan] step=725 node=N13921 type=control1 q_pred_context=0.737153 sequence=1003.362981
[plan] step=726 node=N18906 type=control1 q_pred_context=2.021397 sequence=1005.384378
[plan] step=727 node=N27593 type=control0 q_pred_context=1.544292 sequence=1006.928669
[plan] step=728 node=N13889 type=control1 q_pred_context=1.068260 sequence=1007.996930
[plan] step=729 node=N30920 type=control0 q_pred_context=1.186618 sequence=1009.183548
[plan] step=730 node=N27792 type=control0 q_pred_context=1.258357 sequence=1010.441905
[plan] step=731 node=N7716 type=control1 q_pred_context=2.214920 sequence=1012.656826
[plan] step=732 node=N27506 type=control0 q_pred_context=0.750634 sequence=1013.407459
[plan] step=733 node=N6796 type=control0 q_pred_context=1.151573 sequence=1014.559032
[plan] step=734 node=N31248 type=control0 q_pred_context=0.937781 sequence=1015.496813
[plan] step=735 node=N13791 type=control1 q_pred_context=2.385010 sequence=1017.881824
[plan] latent_reencode step=736 interval=32 blend=0.05
[plan] step=736 node=N29124 type=control0 q_pred_context=0.919013 sequence=1018.800836
[plan] step=737 node=N29040 type=control0 q_pred_context=2.081569 sequence=1020.882405
[plan] step=738 node=N8123 type=observe q_pred_context=0.756275 sequence=1021.638680
[plan] step=739 node=N19241 type=observe q_pred_context=0.651788 sequence=1022.290468
[plan] step=740 node=N18419 type=observe q_pred_context=0.614925 sequence=1022.905393
[plan] step=741 node=N12652 type=observe q_pred_context=0.420702 sequence=1023.326094
[plan] step=742 node=N19248 type=observe q_pred_context=0.626931 sequence=1023.953025
[plan] step=743 node=N31053 type=control0 q_pred_context=0.798593 sequence=1024.751619
[plan] step=744 node=N7261 type=observe q_pred_context=0.496820 sequence=1025.248438
[plan] step=745 node=N7213 type=observe q_pred_context=0.650029 sequence=1025.898467
[plan] step=746 node=N7940 type=observe q_pred_context=0.609014 sequence=1026.507481
[plan] step=747 node=N3422 type=observe q_pred_context=2.729761 sequence=1029.237242
[plan] step=748 node=N27607 type=control1 q_pred_context=0.514163 sequence=1029.751405
[plan] step=749 node=N29527 type=control0 q_pred_context=1.366220 sequence=1031.117626
[plan] step=750 node=N13459 type=control0 q_pred_context=2.136109 sequence=1033.253735
[plan] step=751 node=N13789 type=control1 q_pred_context=3.571443 sequence=1036.825178
[plan] step=752 node=N26800 type=control0 q_pred_context=2.957528 sequence=1039.782706
[plan] step=753 node=N27595 type=control0 q_pred_context=2.435848 sequence=1042.218553
[plan] step=754 node=N16014 type=control1 q_pred_context=1.492268 sequence=1043.710821
[plan] step=755 node=N28915 type=control0 q_pred_context=1.127757 sequence=1044.838578
[plan] step=756 node=N26684 type=control0 q_pred_context=1.257097 sequence=1046.095675
[plan] step=757 node=N8125 type=observe q_pred_context=0.717559 sequence=1046.813234
[plan] step=758 node=N18356 type=observe q_pred_context=0.887102 sequence=1047.700336
[plan] step=759 node=N19254 type=observe q_pred_context=0.732168 sequence=1048.432504
[plan] step=760 node=N12516 type=observe q_pred_context=0.441939 sequence=1048.874443
[plan] step=761 node=N3545 type=observe q_pred_context=0.530130 sequence=1049.404573
[plan] step=762 node=N18402 type=observe q_pred_context=0.799944 sequence=1050.204517
[plan] step=763 node=N29683 type=control0 q_pred_context=0.707954 sequence=1050.912470
[plan] step=764 node=N31250 type=control0 q_pred_context=1.467428 sequence=1052.379898
[plan] step=765 node=N27492 type=control0 q_pred_context=1.384795 sequence=1053.764694
[plan] step=766 node=N26639 type=control0 q_pred_context=2.709951 sequence=1056.474645
[plan] step=767 node=N26651 type=control0 q_pred_context=1.023164 sequence=1057.497809
[plan] latent_reencode step=768 interval=32 blend=0.05
[plan] step=768 node=N29457 type=control0 q_pred_context=1.592027 sequence=1059.089836
[plan] step=769 node=N29685 type=control0 q_pred_context=1.471205 sequence=1060.561041
[plan] step=770 node=N28847 type=control0 q_pred_context=1.862161 sequence=1062.423201
[plan] step=771 node=N26691 type=control0 q_pred_context=1.169249 sequence=1063.592450
[plan] step=772 node=N5124 type=control0 q_pred_context=1.467008 sequence=1065.059458
[plan] step=773 node=N31121 type=control0 q_pred_context=0.943817 sequence=1066.003275
[plan] step=774 node=N31225 type=control0 q_pred_context=1.273639 sequence=1067.276914
[plan] step=775 node=N22392 type=control0 q_pred_context=1.398298 sequence=1068.675212
[plan] step=776 node=N22477 type=control0 q_pred_context=1.309458 sequence=1069.984671
[plan] step=777 node=N22385 type=control0 q_pred_context=1.121651 sequence=1071.106322
[plan] step=778 node=N22388 type=control0 q_pred_context=1.066882 sequence=1072.173204
[plan] step=779 node=N29687 type=control0 q_pred_context=0.834996 sequence=1073.008200
[plan] step=780 node=N26261 type=control0 q_pred_context=1.481683 sequence=1074.489883
[plan] step=781 node=N27599 type=control0 q_pred_context=0.863071 sequence=1075.352954
[plan] step=782 node=N26678 type=control0 q_pred_context=1.144070 sequence=1076.497024
[plan] step=783 node=N26275 type=control0 q_pred_context=1.081316 sequence=1077.578340
[plan] step=784 node=N26266 type=control0 q_pred_context=1.012955 sequence=1078.591295
[plan] step=785 node=N26175 type=control0 q_pred_context=0.988827 sequence=1079.580122
[plan] step=786 node=N29427 type=control0 q_pred_context=0.980130 sequence=1080.560252
[plan] step=787 node=N27601 type=control0 q_pred_context=0.980813 sequence=1081.541065
[plan] step=788 node=N27490 type=control0 q_pred_context=0.951614 sequence=1082.492680
[plan] step=789 node=N27894 type=control0 q_pred_context=1.194844 sequence=1083.687524
[plan] step=790 node=N26011 type=control0 q_pred_context=0.887826 sequence=1084.575350
[plan] step=791 node=N26060 type=control0 q_pred_context=0.934527 sequence=1085.509877
[plan] step=792 node=N28849 type=control0 q_pred_context=1.300471 sequence=1086.810348
[plan] step=793 node=N28807 type=control0 q_pred_context=1.214133 sequence=1088.024481
[plan] step=794 node=N26057 type=control0 q_pred_context=0.863155 sequence=1088.887636
[plan] step=795 node=N16435 type=control0 q_pred_context=0.910726 sequence=1089.798362
[plan] step=796 node=N14772 type=control0 q_pred_context=0.930721 sequence=1090.729083
[plan] step=797 node=N7717 type=control1 q_pred_context=1.419942 sequence=1092.149025
[plan] step=798 node=N7722 type=control1 q_pred_context=1.604723 sequence=1093.753748
[plan] step=799 node=N26650 type=control0 q_pred_context=1.289935 sequence=1095.043683
[plan] latent_reencode step=800 interval=32 blend=0.05
[plan] step=800 node=N16685 type=control0 q_pred_context=0.915591 sequence=1095.959273
[plan] step=801 node=N16517 type=control0 q_pred_context=0.874526 sequence=1096.833799
[plan] step=802 node=N16527 type=control0 q_pred_context=0.857557 sequence=1097.691356
[plan] step=803 node=N16700 type=control0 q_pred_context=0.853517 sequence=1098.544873
[plan] step=804 node=N16690 type=control0 q_pred_context=0.850556 sequence=1099.395429
[plan] step=805 node=N16465 type=control0 q_pred_context=0.832291 sequence=1100.227721
[plan] step=806 node=N16460 type=control0 q_pred_context=1.389396 sequence=1101.617116
[plan] step=807 node=N16695 type=control0 q_pred_context=1.383113 sequence=1103.000229
[plan] step=808 node=N16680 type=control0 q_pred_context=1.388717 sequence=1104.388947
[plan] step=809 node=N16665 type=control0 q_pred_context=1.389383 sequence=1105.778330
[plan] step=810 node=N16512 type=control0 q_pred_context=1.409076 sequence=1107.187406
[plan] step=811 node=N16440 type=control0 q_pred_context=1.416125 sequence=1108.603531
[plan] step=812 node=N16675 type=control0 q_pred_context=1.354693 sequence=1109.958224
[plan] step=813 node=N16492 type=control0 q_pred_context=1.470050 sequence=1111.428274
[plan] step=814 node=N16522 type=control0 q_pred_context=1.470713 sequence=1112.898987
[plan] step=815 node=N16450 type=control0 q_pred_context=1.457549 sequence=1114.356536
[plan] step=816 node=N16497 type=control0 q_pred_context=1.583220 sequence=1115.939756
[plan] step=817 node=N16445 type=control0 q_pred_context=1.555837 sequence=1117.495593
[plan] step=818 node=N16470 type=control0 q_pred_context=1.530790 sequence=1119.026383
[plan] step=819 node=N16455 type=control0 q_pred_context=1.510588 sequence=1120.536971
[plan] step=820 node=N16507 type=control0 q_pred_context=1.494925 sequence=1122.031896
[plan] step=821 node=N16737 type=control0 q_pred_context=1.487258 sequence=1123.519154
[plan] step=822 node=N16670 type=control0 q_pred_context=1.495711 sequence=1125.014864
[plan] step=823 node=N16747 type=control0 q_pred_context=1.560503 sequence=1126.575368
[plan] step=824 node=N16752 type=control0 q_pred_context=1.553649 sequence=1128.129017
[plan] step=825 node=N16742 type=control0 q_pred_context=1.543552 sequence=1129.672568
[plan] step=826 node=N16722 type=control0 q_pred_context=1.535940 sequence=1131.208508
[plan] step=827 node=N16732 type=control0 q_pred_context=1.531176 sequence=1132.739684
[plan] step=828 node=N16757 type=control0 q_pred_context=1.507356 sequence=1134.247040
[plan] step=829 node=N16727 type=control0 q_pred_context=1.410044 sequence=1135.657083
[plan] step=830 node=N26693 type=control0 q_pred_context=1.652924 sequence=1137.310008
[plan] step=831 node=N16502 type=control0 q_pred_context=1.101394 sequence=1138.411402
[plan] latent_reencode step=832 interval=32 blend=0.05
[plan] step=832 node=N13904 type=control1 q_pred_context=1.178594 sequence=1139.589995
[plan] step=833 node=N9605 type=observe q_pred_context=1.437854 sequence=1141.027849
[plan] step=834 node=N16245 type=control1 q_pred_context=1.552405 sequence=1142.580254
[plan] step=835 node=N27791 type=control0 q_pred_context=1.027301 sequence=1143.607555
[plan] step=836 node=N14777 type=control0 q_pred_context=1.185347 sequence=1144.792902
[plan] step=837 node=N16575 type=control0 q_pred_context=1.264518 sequence=1146.057420
[plan] step=838 node=N16550 type=control0 q_pred_context=1.123060 sequence=1147.180480
[plan] step=839 node=N9591 type=observe q_pred_context=1.019321 sequence=1148.199801
[plan] step=840 node=N14787 type=control0 q_pred_context=1.165395 sequence=1149.365195
[plan] step=841 node=N2013 type=control1 q_pred_context=0.794490 sequence=1150.159685
[plan] step=842 node=N8134 type=observe q_pred_context=0.992299 sequence=1151.151984
[plan] step=843 node=N19253 type=observe q_pred_context=0.840608 sequence=1151.992592
[plan] step=844 node=N6002 type=observe q_pred_context=1.003484 sequence=1152.996077
[plan] step=845 node=N12552 type=observe q_pred_context=0.928249 sequence=1153.924326
[plan] step=846 node=N3574 type=observe q_pred_context=0.789466 sequence=1154.713792
[plan] step=847 node=N19249 type=observe q_pred_context=0.858127 sequence=1155.571919
[plan] step=848 node=N5882 type=observe q_pred_context=0.966899 sequence=1156.538817
[plan] step=849 node=N18319 type=observe q_pred_context=0.869609 sequence=1157.408426
[plan] step=850 node=N5930 type=observe q_pred_context=1.235075 sequence=1158.643501
[plan] step=851 node=N12628 type=observe q_pred_context=0.853154 sequence=1159.496655
[plan] step=852 node=N19837 type=observe q_pred_context=1.033485 sequence=1160.530140
[plan] step=853 node=N3415 type=observe q_pred_context=0.845219 sequence=1161.375359
[plan] step=854 node=N18368 type=observe q_pred_context=1.053363 sequence=1162.428722
[plan] step=855 node=N19244 type=observe q_pred_context=1.009555 sequence=1163.438277
[plan] step=856 node=N16580 type=control0 q_pred_context=0.885955 sequence=1164.324233
[plan] step=857 node=N16585 type=control0 q_pred_context=0.905246 sequence=1165.229478
[plan] step=858 node=N16570 type=control0 q_pred_context=0.915047 sequence=1166.144526
[plan] step=859 node=N16555 type=control0 q_pred_context=0.915492 sequence=1167.060017
[plan] step=860 node=N16560 type=control0 q_pred_context=0.905427 sequence=1167.965444
[plan] step=861 node=N16565 type=control0 q_pred_context=0.908081 sequence=1168.873524
[plan] step=862 node=N16637 type=control0 q_pred_context=0.895773 sequence=1169.769297
[plan] step=863 node=N16632 type=control0 q_pred_context=0.891171 sequence=1170.660468
[plan] latent_reencode step=864 interval=32 blend=0.05
[plan] step=864 node=N16622 type=control0 q_pred_context=0.868222 sequence=1171.528690
[plan] step=865 node=N16612 type=control0 q_pred_context=0.920093 sequence=1172.448782
[plan] step=866 node=N16627 type=control0 q_pred_context=0.871837 sequence=1173.320619
[plan] step=867 node=N16642 type=control0 q_pred_context=0.854822 sequence=1174.175442
[plan] step=868 node=N16617 type=control0 q_pred_context=0.836435 sequence=1175.011876
[plan] step=869 node=N16607 type=control0 q_pred_context=0.833125 sequence=1175.845002
[plan] step=870 node=N16815 type=control0 q_pred_context=0.806524 sequence=1176.651526
[plan] step=871 node=N16780 type=control0 q_pred_context=0.805251 sequence=1177.456777
[plan] step=872 node=N16785 type=control0 q_pred_context=0.798013 sequence=1178.254790
[plan] step=873 node=N16790 type=control0 q_pred_context=0.792512 sequence=1179.047301
[plan] step=874 node=N16795 type=control0 q_pred_context=0.796568 sequence=1179.843870
[plan] step=875 node=N14791 type=control0 q_pred_context=1.111065 sequence=1180.954935
[plan] step=876 node=N28050 type=observe q_pred_context=0.736818 sequence=1181.691753
[plan] step=877 node=N12663 type=observe q_pred_context=1.202596 sequence=1182.894349
[plan] step=878 node=N3298 type=observe q_pred_context=1.235909 sequence=1184.130258
[plan] step=879 node=N18390 type=observe q_pred_context=1.632296 sequence=1185.762554
[plan] step=880 node=N19280 type=observe q_pred_context=1.476193 sequence=1187.238747
[plan] step=881 node=N31209 type=control0 q_pred_context=0.837796 sequence=1188.076542
[plan] step=882 node=N16810 type=control0 q_pred_context=1.076381 sequence=1189.152923
[plan] step=883 node=N14780 type=control0 q_pred_context=1.147846 sequence=1190.300769
[plan] step=884 node=N16800 type=control0 q_pred_context=1.175847 sequence=1191.476615
[plan] step=885 node=N2692 type=observe q_pred_context=1.091848 sequence=1192.568463
[plan] step=886 node=N2694 type=observe q_pred_context=1.128564 sequence=1193.697027
[plan] step=887 node=N16805 type=control0 q_pred_context=1.094346 sequence=1194.791373
[plan] step=888 node=N31244 type=control0 q_pred_context=0.884198 sequence=1195.675571
[plan] step=889 node=N25711 type=observe q_pred_context=1.427349 sequence=1197.102920
[plan] step=890 node=N12665 type=observe q_pred_context=1.247050 sequence=1198.349970
[plan] step=891 node=N11675 type=control0 q_pred_context=1.109877 sequence=1199.459847
[plan] step=892 node=N3445 type=observe q_pred_context=0.998859 sequence=1200.458706
[plan] step=893 node=N29689 type=control0 q_pred_context=0.851830 sequence=1201.310536
[plan] step=894 node=N20381 type=control0 q_pred_context=1.054887 sequence=1202.365423
[plan] step=895 node=N7945 type=observe q_pred_context=1.044542 sequence=1203.409965
[plan] latent_reencode step=896 interval=32 blend=0.05
[plan] step=896 node=N18407 type=observe q_pred_context=1.271523 sequence=1204.681488
[plan] step=897 node=N19275 type=observe q_pred_context=0.919291 sequence=1205.600779
[plan] step=898 node=N19836 type=observe q_pred_context=0.941915 sequence=1206.542695
[plan] step=899 node=N8144 type=observe q_pred_context=0.853384 sequence=1207.396079
[plan] step=900 node=N16847 type=control0 q_pred_context=0.806698 sequence=1208.202777
[plan] step=901 node=N16842 type=control0 q_pred_context=0.839632 sequence=1209.042409
[plan] step=902 node=N16837 type=control0 q_pred_context=0.825029 sequence=1209.867438
[plan] step=903 node=N28047 type=observe q_pred_context=0.805253 sequence=1210.672692
[plan] step=904 node=N16852 type=control0 q_pred_context=0.817461 sequence=1211.490152
[plan] step=905 node=N11683 type=control0 q_pred_context=0.883647 sequence=1212.373799
[plan] step=906 node=N3408 type=observe q_pred_context=0.870871 sequence=1213.244670
[plan] step=907 node=N12560 type=observe q_pred_context=1.012827 sequence=1214.257497
[plan] step=908 node=N7939 type=observe q_pred_context=0.887667 sequence=1215.145164
[plan] step=909 node=N18434 type=observe q_pred_context=0.938554 sequence=1216.083718
[plan] step=910 node=N19274 type=observe q_pred_context=1.027300 sequence=1217.111018
[plan] step=911 node=N16866 type=control0 q_pred_context=0.838035 sequence=1217.949053
[plan] step=912 node=N3486 type=observe q_pred_context=0.850502 sequence=1218.799554
[plan] step=913 node=N2248 type=observe q_pred_context=0.844023 sequence=1219.643577
[plan] step=914 node=N12522 type=observe q_pred_context=1.034588 sequence=1220.678165
[plan] step=915 node=N8127 type=observe q_pred_context=0.859986 sequence=1221.538151
[plan] step=916 node=N18373 type=observe q_pred_context=1.063648 sequence=1222.601800
[plan] step=917 node=N19267 type=observe q_pred_context=1.006555 sequence=1223.608354
[plan] step=918 node=N3478 type=observe q_pred_context=0.827098 sequence=1224.435453
[plan] step=919 node=N12556 type=observe q_pred_context=1.003476 sequence=1225.438929
[plan] step=920 node=N25244 type=observe q_pred_context=0.988180 sequence=1226.427109
[plan] step=921 node=N18385 type=observe q_pred_context=0.958406 sequence=1227.385514
[plan] step=922 node=N19272 type=observe q_pred_context=1.090187 sequence=1228.475702
[plan] step=923 node=N16856 type=control0 q_pred_context=0.849834 sequence=1229.325536
[plan] step=924 node=N3458 type=observe q_pred_context=0.944003 sequence=1230.269539
[plan] step=925 node=N12595 type=observe q_pred_context=1.151882 sequence=1231.421421
[plan] step=926 node=N18439 type=observe q_pred_context=1.151431 sequence=1232.572852
[plan] step=927 node=N19271 type=observe q_pred_context=1.001287 sequence=1233.574139
[plan] latent_reencode step=928 interval=32 blend=0.05
[plan] step=928 node=N16871 type=control0 q_pred_context=0.970444 sequence=1234.544583
[plan] step=929 node=N16861 type=control0 q_pred_context=0.967882 sequence=1235.512465
[plan] step=930 node=N3496 type=observe q_pred_context=0.881579 sequence=1236.394044
[plan] step=931 node=N19855 type=observe q_pred_context=0.998351 sequence=1237.392394
[plan] step=932 node=N12597 type=observe q_pred_context=1.096239 sequence=1238.488634
[plan] step=933 node=N19269 type=observe q_pred_context=0.903856 sequence=1239.392490
[plan] step=934 node=N16130 type=control1 q_pred_context=0.747667 sequence=1240.140157
[plan] step=935 node=N18451 type=observe q_pred_context=0.962537 sequence=1241.102694
[plan] step=936 node=N3401 type=observe q_pred_context=0.739706 sequence=1241.842401
[plan] step=937 node=N7924 type=observe q_pred_context=0.799650 sequence=1242.642050
[plan] step=938 node=N12594 type=observe q_pred_context=1.036342 sequence=1243.678392
[plan] step=939 node=N7927 type=observe q_pred_context=0.625422 sequence=1244.303814
[plan] step=940 node=N26646 type=control0 q_pred_context=0.560211 sequence=1244.864025
[plan] step=941 node=N8126 type=observe q_pred_context=0.621451 sequence=1245.485476
[plan] step=942 node=N19268 type=observe q_pred_context=0.962212 sequence=1246.447688
[plan] step=943 node=N18307 type=observe q_pred_context=1.030897 sequence=1247.478585
[plan] step=944 node=N3829 type=observe q_pred_context=0.650120 sequence=1248.128704
[plan] step=945 node=N3831 type=observe q_pred_context=0.601383 sequence=1248.730087
[plan] step=946 node=N25733 type=observe q_pred_context=0.803854 sequence=1249.533941
[plan] step=947 node=N3821 type=observe q_pred_context=0.664272 sequence=1250.198214
[plan] step=948 node=N5318 type=observe q_pred_context=1.024255 sequence=1251.222469
[plan] step=949 node=N3817 type=observe q_pred_context=0.630568 sequence=1251.853037
[plan] step=950 node=N8136 type=observe q_pred_context=0.637511 sequence=1252.490548
[plan] step=951 node=N12590 type=observe q_pred_context=1.095086 sequence=1253.585634
[plan] step=952 node=N19265 type=observe q_pred_context=0.728674 sequence=1254.314308
[plan] step=953 node=N12586 type=observe q_pred_context=0.940994 sequence=1255.255302
[plan] step=954 node=N19263 type=observe q_pred_context=0.698508 sequence=1255.953810
[plan] step=955 node=N3845 type=observe q_pred_context=0.654044 sequence=1256.607855
[plan] step=956 node=N28052 type=observe q_pred_context=0.660641 sequence=1257.268496
[plan] step=957 node=N5606 type=observe q_pred_context=1.077274 sequence=1258.345770
[plan] step=958 node=N19260 type=observe q_pred_context=0.713080 sequence=1259.058849
[plan] step=959 node=N5990 type=observe q_pred_context=0.902488 sequence=1259.961338
[plan] latent_reencode step=960 interval=32 blend=0.05
[plan] step=960 node=N19262 type=observe q_pred_context=0.695854 sequence=1260.657192
[plan] step=961 node=N5918 type=observe q_pred_context=0.896351 sequence=1261.553543
[plan] step=962 node=N28048 type=observe q_pred_context=0.594772 sequence=1262.148315
[plan] step=963 node=N19259 type=observe q_pred_context=0.727785 sequence=1262.876100
[plan] step=964 node=N5630 type=observe q_pred_context=0.886148 sequence=1263.762248
[plan] step=965 node=N7944 type=observe q_pred_context=0.574012 sequence=1264.336260
[plan] step=966 node=N2246 type=observe q_pred_context=0.651506 sequence=1264.987766
[plan] step=967 node=N19258 type=observe q_pred_context=0.715334 sequence=1265.703101
[plan] step=968 node=N5678 type=observe q_pred_context=0.887594 sequence=1266.590695
[plan] step=969 node=N19256 type=observe q_pred_context=0.691571 sequence=1267.282266
[plan] step=970 node=N5989 type=observe q_pred_context=0.856947 sequence=1268.139213
[plan] step=971 node=N19325 type=observe q_pred_context=0.678538 sequence=1268.817751
[plan] step=972 node=N5605 type=observe q_pred_context=0.754458 sequence=1269.572210
[plan] step=973 node=N5917 type=observe q_pred_context=0.672059 sequence=1270.244269
[plan] step=974 node=N26645 type=control0 q_pred_context=0.555271 sequence=1270.799540
[plan] step=975 node=N19329 type=observe q_pred_context=0.785019 sequence=1271.584559
[plan] step=976 node=N5677 type=observe q_pred_context=0.947318 sequence=1272.531877
[plan] step=977 node=N5629 type=observe q_pred_context=0.703934 sequence=1273.235810
[plan] step=978 node=N14794 type=control0 q_pred_context=0.610880 sequence=1273.846691
[plan] step=979 node=N27896 type=control0 q_pred_context=1.129054 sequence=1274.975745
[plan] step=980 node=N27862 type=control0 q_pred_context=1.093378 sequence=1276.069123
[plan] step=981 node=N19335 type=observe q_pred_context=0.882799 sequence=1276.951922
[plan] step=982 node=N5726 type=observe q_pred_context=0.901951 sequence=1277.853873
[plan] step=983 node=N29529 type=control0 q_pred_context=0.873816 sequence=1278.727689
[plan] step=984 node=N19332 type=observe q_pred_context=0.997538 sequence=1279.725227
[plan] step=985 node=N5870 type=observe q_pred_context=0.919137 sequence=1280.644364
[plan] step=986 node=N5725 type=observe q_pred_context=0.985335 sequence=1281.629699
[plan] step=987 node=N27488 type=control0 q_pred_context=0.788457 sequence=1282.418155
[plan] step=988 node=N19338 type=observe q_pred_context=1.047714 sequence=1283.465869
[plan] step=989 node=N5869 type=observe q_pred_context=0.942790 sequence=1284.408659
[plan] step=990 node=N11679 type=control0 q_pred_context=0.911179 sequence=1285.319839
[plan] step=991 node=N19337 type=observe q_pred_context=0.984981 sequence=1286.304820
[plan] latent_reencode step=992 interval=32 blend=0.05
[plan] step=992 node=N27790 type=control0 q_pred_context=0.904415 sequence=1287.209235
[plan] step=993 node=N19333 type=observe q_pred_context=0.985862 sequence=1288.195097
[plan] step=994 node=N7604 type=observe q_pred_context=0.621055 sequence=1288.816152
saved=autoresearch/loop-260718-0223/blended_reencode_round7/blend005/b17_C/plans/iscas99__b17__greedy__cumulative__q_pred_context__bw1__d1__c48__g1p0__candhard_fault_cluster__div0p0__s0.csv
