[plan] torch_deterministic=true
[plan] candidate_allowlist=autoresearch/original-netlist-recovery-260712/exact_itc99/b15_C/exact_candidate_nodes.txt nodes=7918
[plan] latent_norm_clip_ratio=4 latent_norm_limit=30.875631
[plan] step=1 node=N677 type=control1 q_pred_context=4.858065 sequence=4.858065
[plan] step=2 node=N2155 type=observe q_pred_context=3.253097 sequence=8.111161
[plan] step=3 node=N502 type=control1 q_pred_context=2.192107 sequence=10.303268
[plan] step=4 node=N762 type=control1 q_pred_context=1.446094 sequence=11.749362
[plan] step=5 node=N4520 type=control0 q_pred_context=1.337016 sequence=13.086378
[plan] step=6 node=N3644 type=control0 q_pred_context=1.301060 sequence=14.387438
[plan] step=7 node=N3756 type=control0 q_pred_context=1.029454 sequence=15.416892
[plan] step=8 node=N557 type=control1 q_pred_context=1.154307 sequence=16.571199
[plan] step=9 node=N3742 type=control0 q_pred_context=1.120175 sequence=17.691374
[plan] step=10 node=N508 type=control1 q_pred_context=1.529615 sequence=19.220989
[plan] step=11 node=N5143 type=observe q_pred_context=1.278934 sequence=20.499923
[plan] step=12 node=N580 type=control1 q_pred_context=1.893662 sequence=22.393585
[plan] step=13 node=N564 type=control1 q_pred_context=2.231073 sequence=24.624658
[plan] step=14 node=N2082 type=observe q_pred_context=1.879125 sequence=26.503783
[plan] step=15 node=N496 type=control1 q_pred_context=3.853201 sequence=30.356984
[plan] step=16 node=N7511 type=control1 q_pred_context=2.229999 sequence=32.586983
[plan] step=17 node=N1564 type=control1 q_pred_context=2.479360 sequence=35.066343
[plan] step=18 node=N5203 type=control1 q_pred_context=2.422129 sequence=37.488472
[plan] step=19 node=N2101 type=observe q_pred_context=2.703988 sequence=40.192460
[plan] step=20 node=N1853 type=observe q_pred_context=2.797246 sequence=42.989706
[plan] step=21 node=N4649 type=control0 q_pred_context=3.837282 sequence=46.826988
[plan] step=22 node=N1860 type=observe q_pred_context=5.148465 sequence=51.975453
[plan] step=23 node=N4635 type=control0 q_pred_context=3.980257 sequence=55.955710
[plan] step=24 node=N1372 type=observe q_pred_context=1.975209 sequence=57.930919
[plan] step=25 node=N1532 type=observe q_pred_context=2.398152 sequence=60.329071
[plan] step=26 node=N582 type=control1 q_pred_context=1.466166 sequence=61.795238
[plan] step=27 node=N4656 type=control0 q_pred_context=3.317284 sequence=65.112521
[plan] step=28 node=N576 type=observe q_pred_context=2.202370 sequence=67.314891
[plan] step=29 node=N766 type=control1 q_pred_context=1.179577 sequence=68.494468
[plan] step=30 node=N5723 type=control0 q_pred_context=1.225606 sequence=69.720074
[plan] step=31 node=N893 type=observe q_pred_context=0.959602 sequence=70.679676
[plan] step=32 node=N583 type=control1 q_pred_context=1.235739 sequence=71.915415
[plan] step=33 node=N4663 type=control0 q_pred_context=3.306880 sequence=75.222295
[plan] step=34 node=N7411 type=control1 q_pred_context=1.180750 sequence=76.403044
[plan] step=35 node=N7413 type=control1 q_pred_context=2.613031 sequence=79.016075
[plan] step=36 node=N4670 type=control0 q_pred_context=4.489341 sequence=83.505416
[plan] step=37 node=N713 type=observe q_pred_context=2.931851 sequence=86.437267
[plan] step=38 node=N3701 type=control0 q_pred_context=1.056521 sequence=87.493788
[plan] step=39 node=N4677 type=control0 q_pred_context=2.964721 sequence=90.458508
[plan] step=40 node=N6537 type=observe q_pred_context=3.978381 sequence=94.436889
[plan] step=41 node=N8470 type=observe q_pred_context=3.665985 sequence=98.102875
[plan] step=42 node=N4684 type=control0 q_pred_context=2.748078 sequence=100.850953
[plan] step=43 node=N724 type=observe q_pred_context=2.634599 sequence=103.485553
[plan] step=44 node=N2044 type=observe q_pred_context=0.586661 sequence=104.072213
[plan] step=45 node=N2042 type=observe q_pred_context=1.610088 sequence=105.682301
[plan] step=46 node=N4691 type=control0 q_pred_context=2.982684 sequence=108.664986
[plan] step=47 node=N7889 type=control1 q_pred_context=0.551395 sequence=109.216380
[plan] step=48 node=N7890 type=control1 q_pred_context=0.704435 sequence=109.920815
[plan] step=49 node=N4698 type=control0 q_pred_context=1.659581 sequence=111.580396
[plan] step=50 node=N3911 type=control0 q_pred_context=0.724946 sequence=112.305342
[plan] step=51 node=N7887 type=control1 q_pred_context=0.889515 sequence=113.194857
[plan] step=52 node=N3904 type=control0 q_pred_context=0.845787 sequence=114.040644
[plan] step=53 node=N4712 type=control0 q_pred_context=1.173303 sequence=115.213947
[plan] step=54 node=N4705 type=control0 q_pred_context=1.107587 sequence=116.321534
[plan] step=55 node=N4716 type=control0 q_pred_context=1.179966 sequence=117.501500
[plan] step=56 node=N3897 type=control0 q_pred_context=0.912111 sequence=118.413611
[plan] step=57 node=N3862 type=control0 q_pred_context=0.950368 sequence=119.363980
[plan] step=58 node=N3855 type=control0 q_pred_context=1.131356 sequence=120.495336
[plan] step=59 node=N3848 type=control0 q_pred_context=1.097036 sequence=121.592372
[plan] step=60 node=N3827 type=control0 q_pred_context=1.155421 sequence=122.747793
[plan] step=61 node=N3820 type=control0 q_pred_context=1.235463 sequence=123.983256
[plan] step=62 node=N3813 type=control0 q_pred_context=1.338307 sequence=125.321563
[plan] step=63 node=N3799 type=control0 q_pred_context=1.355497 sequence=126.677060
[plan] step=64 node=N3889 type=control0 q_pred_context=1.370566 sequence=128.047626
[plan] step=65 node=N3882 type=control0 q_pred_context=1.285495 sequence=129.333121
[plan] step=66 node=N3805 type=control0 q_pred_context=1.255310 sequence=130.588430
[plan] step=67 node=N4606 type=control0 q_pred_context=1.223928 sequence=131.812358
[plan] step=68 node=N2350 type=control0 q_pred_context=1.104992 sequence=132.917350
[plan] step=69 node=N7506 type=observe q_pred_context=1.917291 sequence=134.834641
[plan] step=70 node=N3722 type=control0 q_pred_context=1.413330 sequence=136.247971
[plan] step=71 node=N4585 type=control0 q_pred_context=1.364366 sequence=137.612337
[plan] step=72 node=N1539 type=control0 q_pred_context=1.273778 sequence=138.886115
[plan] step=73 node=N7722 type=control0 q_pred_context=1.235081 sequence=140.121197
[plan] step=74 node=N4578 type=control0 q_pred_context=1.416122 sequence=141.537318
[plan] step=75 node=N7471 type=control0 q_pred_context=1.427521 sequence=142.964840
[plan] step=76 node=N7724 type=control0 q_pred_context=1.189615 sequence=144.154455
[plan] step=77 node=N519 type=control1 q_pred_context=1.557113 sequence=145.711568
[plan] step=78 node=N504 type=control1 q_pred_context=1.394504 sequence=147.106072
[plan] step=79 node=N5234 type=observe q_pred_context=0.987558 sequence=148.093630
[plan] step=80 node=N516 type=control1 q_pred_context=1.777759 sequence=149.871389
[plan] step=81 node=N513 type=control1 q_pred_context=1.298074 sequence=151.169463
[plan] step=82 node=N2083 type=observe q_pred_context=1.042027 sequence=152.211490
[plan] step=83 node=N520 type=control1 q_pred_context=1.191028 sequence=153.402518
[plan] step=84 node=N899 type=observe q_pred_context=0.837723 sequence=154.240241
[plan] step=85 node=N3903 type=control0 q_pred_context=0.702572 sequence=154.942813
[plan] step=86 node=N704 type=observe q_pred_context=3.334400 sequence=158.277212
[plan] step=87 node=N7723 type=control0 q_pred_context=1.007322 sequence=159.284534
[plan] step=88 node=N556 type=control1 q_pred_context=1.483374 sequence=160.767908
[plan] step=89 node=N7725 type=control0 q_pred_context=0.931796 sequence=161.699704
[plan] step=90 node=N555 type=control1 q_pred_context=1.475631 sequence=163.175335
[plan] step=91 node=N7888 type=control1 q_pred_context=0.788180 sequence=163.963515
[plan] step=92 node=N7886 type=control1 q_pred_context=0.929192 sequence=164.892707
[plan] step=93 node=N507 type=control1 q_pred_context=1.289358 sequence=166.182065
[plan] step=94 node=N3792 type=control0 q_pred_context=1.131036 sequence=167.313101
[plan] step=95 node=N7884 type=control1 q_pred_context=0.882906 sequence=168.196007
[plan] step=96 node=N7885 type=control1 q_pred_context=1.269662 sequence=169.465669
[plan] step=97 node=N7882 type=control1 q_pred_context=1.092631 sequence=170.558300
[plan] step=98 node=N7883 type=control1 q_pred_context=1.189056 sequence=171.747356
[plan] step=99 node=N7408 type=control0 q_pred_context=1.454591 sequence=173.201947
[plan] step=100 node=N7541 type=control0 q_pred_context=1.382608 sequence=174.584555
[plan] step=101 node=N7590 type=control1 q_pred_context=1.662605 sequence=176.247160
[plan] step=102 node=N3785 type=control0 q_pred_context=1.594029 sequence=177.841188
[plan] step=103 node=N2106 type=observe q_pred_context=2.482743 sequence=180.323931
[plan] step=104 node=N3896 type=control0 q_pred_context=1.496647 sequence=181.820578
[plan] step=105 node=N4564 type=control0 q_pred_context=1.672024 sequence=183.492602
[plan] step=106 node=N4557 type=control0 q_pred_context=1.725786 sequence=185.218388
[plan] step=107 node=N7846 type=control0 q_pred_context=1.766967 sequence=186.985354
[plan] step=108 node=N3681 type=control0 q_pred_context=1.334055 sequence=188.319410
[plan] step=109 node=N7847 type=control0 q_pred_context=1.450366 sequence=189.769775
[plan] step=110 node=N634 type=control1 q_pred_context=1.492143 sequence=191.261918
[plan] step=111 node=N510 type=control1 q_pred_context=2.599255 sequence=193.861172
[plan] step=112 node=N614 type=control1 q_pred_context=2.574090 sequence=196.435263
[plan] step=113 node=N610 type=control1 q_pred_context=2.321450 sequence=198.756712
[plan] step=114 node=N620 type=control1 q_pred_context=2.346500 sequence=201.103212
[plan] step=115 node=N7588 type=control1 q_pred_context=2.120374 sequence=203.223586
[plan] step=116 node=N7370 type=control1 q_pred_context=1.972073 sequence=205.195659
[plan] step=117 node=N638 type=control1 q_pred_context=4.746768 sequence=209.942427
[plan] step=118 node=N3180 type=control1 q_pred_context=4.348480 sequence=214.290907
[plan] step=119 node=N3410 type=control1 q_pred_context=1.988038 sequence=216.278945
[plan] step=120 node=N7518 type=observe q_pred_context=1.287929 sequence=217.566874
[plan] step=121 node=N2580 type=control1 q_pred_context=1.674311 sequence=219.241185
[plan] step=122 node=N7424 type=control1 q_pred_context=1.215701 sequence=220.456886
[plan] step=123 node=N2040 type=observe q_pred_context=1.511223 sequence=221.968109
[plan] step=124 node=N7537 type=observe q_pred_context=1.013173 sequence=222.981282
[plan] step=125 node=N7535 type=observe q_pred_context=0.992515 sequence=223.973796
[plan] step=126 node=N7624 type=observe q_pred_context=0.987038 sequence=224.960835
[plan] step=127 node=N7532 type=observe q_pred_context=1.686666 sequence=226.647501
[plan] step=128 node=N7534 type=observe q_pred_context=1.662059 sequence=228.309560
[plan] step=129 node=N785 type=observe q_pred_context=1.332891 sequence=229.642452
[plan] step=130 node=N7465 type=observe q_pred_context=1.676389 sequence=231.318840
[plan] step=131 node=N645 type=control1 q_pred_context=1.511629 sequence=232.830469
[plan] step=132 node=N616 type=control1 q_pred_context=2.376513 sequence=235.206982
[plan] step=133 node=N636 type=control1 q_pred_context=2.173112 sequence=237.380094
[plan] step=134 node=N6948 type=observe q_pred_context=1.927682 sequence=239.307776
[plan] step=135 node=N7853 type=control0 q_pred_context=1.415649 sequence=240.723425
[plan] step=136 node=N3295 type=control1 q_pred_context=1.435082 sequence=242.158508
[plan] step=137 node=N7854 type=control0 q_pred_context=0.901329 sequence=243.059837
[plan] step=138 node=N7852 type=control0 q_pred_context=1.220185 sequence=244.280022
[plan] step=139 node=N642 type=control1 q_pred_context=0.901541 sequence=245.181563
[plan] step=140 node=N1552 type=observe q_pred_context=0.728126 sequence=245.909689
[plan] step=141 node=N2153 type=observe q_pred_context=1.489089 sequence=247.398778
[plan] step=142 node=N7401 type=observe q_pred_context=1.485127 sequence=248.883905
[plan] step=143 node=N649 type=control1 q_pred_context=1.826655 sequence=250.710560
[plan] step=144 node=N630 type=control1 q_pred_context=1.744744 sequence=252.455304
[plan] step=145 node=N7872 type=control1 q_pred_context=1.005623 sequence=253.460928
[plan] step=146 node=N3525 type=control1 q_pred_context=1.871418 sequence=255.332345
[plan] step=147 node=N1607 type=control1 q_pred_context=1.941057 sequence=257.273403
[plan] step=148 node=N647 type=control1 q_pred_context=1.686796 sequence=258.960199
[plan] step=149 node=N1586 type=control1 q_pred_context=3.209522 sequence=262.169721
[plan] step=150 node=N2102 type=observe q_pred_context=2.254987 sequence=264.424708
[plan] step=151 node=N7613 type=observe q_pred_context=1.777844 sequence=266.202552
[plan] step=152 node=N7482 type=observe q_pred_context=2.324977 sequence=268.527529
[plan] step=153 node=N1411 type=control0 q_pred_context=1.365266 sequence=269.892795
[plan] step=154 node=N7820 type=control0 q_pred_context=1.698092 sequence=271.590887
[plan] step=155 node=N7736 type=control0 q_pred_context=1.536935 sequence=273.127822
[plan] step=156 node=N7726 type=control0 q_pred_context=1.239756 sequence=274.367578
[plan] step=157 node=N5617 type=observe q_pred_context=1.416529 sequence=275.784107
[plan] step=158 node=N694 type=observe q_pred_context=2.158137 sequence=277.942243
[plan] step=159 node=N7421 type=control1 q_pred_context=1.060062 sequence=279.002306
[plan] step=160 node=N2652 type=control1 q_pred_context=1.459702 sequence=280.462007
[plan] step=161 node=N2721 type=control1 q_pred_context=1.283328 sequence=281.745335
[plan] step=162 node=N2894 type=control1 q_pred_context=1.334295 sequence=283.079631
[plan] step=163 node=N2952 type=control1 q_pred_context=1.460002 sequence=284.539633
[plan] step=164 node=N2779 type=control1 q_pred_context=1.739770 sequence=286.279403
[plan] step=165 node=N771 type=observe q_pred_context=1.054715 sequence=287.334118
[plan] step=166 node=N578 type=observe q_pred_context=1.139575 sequence=288.473694
[plan] step=167 node=N7442 type=control0 q_pred_context=1.510937 sequence=289.984631
[plan] step=168 node=N2837 type=control1 q_pred_context=1.216560 sequence=291.201191
[plan] step=169 node=N6534 type=observe q_pred_context=0.994492 sequence=292.195683
[plan] step=170 node=N3009 type=control1 q_pred_context=1.248823 sequence=293.444506
[plan] step=171 node=N7453 type=observe q_pred_context=1.164200 sequence=294.608707
[plan] step=172 node=N7500 type=observe q_pred_context=1.117446 sequence=295.726153
[plan] step=173 node=N5873 type=observe q_pred_context=1.099655 sequence=296.825808
[plan] step=174 node=N3067 type=control1 q_pred_context=1.234564 sequence=298.060371
[plan] step=175 node=N5740 type=observe q_pred_context=0.670750 sequence=298.731122
[plan] step=176 node=N4489 type=observe q_pred_context=0.579420 sequence=299.310541
[plan] step=177 node=N2157 type=observe q_pred_context=1.097623 sequence=300.408164
[plan] step=178 node=N8790 type=control1 q_pred_context=1.482892 sequence=301.891056
[plan] step=179 node=N7402 type=observe q_pred_context=1.681450 sequence=303.572506
[plan] step=180 node=N723 type=observe q_pred_context=1.714556 sequence=305.287062
[plan] step=181 node=N8240 type=control1 q_pred_context=1.177355 sequence=306.464417
[plan] step=182 node=N2149 type=observe q_pred_context=1.477430 sequence=307.941847
[plan] step=183 node=N8789 type=control1 q_pred_context=1.444210 sequence=309.386058
[plan] step=184 node=N8239 type=control1 q_pred_context=1.152613 sequence=310.538671
[plan] step=185 node=N7626 type=observe q_pred_context=0.885637 sequence=311.424308
[plan] step=186 node=N7385 type=observe q_pred_context=1.185193 sequence=312.609500
[plan] step=187 node=N8607 type=control1 q_pred_context=1.462069 sequence=314.071569
[plan] step=188 node=N5356 type=observe q_pred_context=1.069736 sequence=315.141305
[plan] step=189 node=N5879 type=observe q_pred_context=0.811636 sequence=315.952941
[plan] step=190 node=N5867 type=observe q_pred_context=1.361324 sequence=317.314265
[plan] step=191 node=N5627 type=observe q_pred_context=1.876777 sequence=319.191042
[plan] step=192 node=N4529 type=observe q_pred_context=1.603609 sequence=320.794651
[plan] step=193 node=N714 type=observe q_pred_context=1.634018 sequence=322.428670
[plan] step=194 node=N7589 type=control1 q_pred_context=2.005162 sequence=324.433831
[plan] step=195 node=N7855 type=control0 q_pred_context=1.147126 sequence=325.580957
[plan] step=196 node=N6673 type=observe q_pred_context=1.662745 sequence=327.243702
[plan] step=197 node=N722 type=observe q_pred_context=1.690630 sequence=328.934333
[plan] step=198 node=N712 type=observe q_pred_context=1.692104 sequence=330.626437
[plan] step=199 node=N725 type=observe q_pred_context=1.797226 sequence=332.423663
[plan] step=200 node=N715 type=observe q_pred_context=1.930321 sequence=334.353984
[plan] step=201 node=N652 type=control1 q_pred_context=1.588703 sequence=335.942687
[plan] step=202 node=N8238 type=control1 q_pred_context=2.150207 sequence=338.092894
[plan] step=203 node=N8606 type=control1 q_pred_context=2.214923 sequence=340.307816
[plan] step=204 node=N1949 type=observe q_pred_context=0.352153 sequence=340.659969
[plan] step=205 node=N7405 type=observe q_pred_context=0.834337 sequence=341.494306
[plan] step=206 node=N6667 type=observe q_pred_context=1.180502 sequence=342.674808
[plan] step=207 node=N5877 type=observe q_pred_context=1.002982 sequence=343.677790
[plan] step=208 node=N4521 type=observe q_pred_context=0.638515 sequence=344.316304
[plan] step=209 node=N5473 type=observe q_pred_context=1.294355 sequence=345.610660
[plan] step=210 node=N7436 type=observe q_pred_context=0.843977 sequence=346.454637
[plan] step=211 node=N703 type=observe q_pred_context=1.384867 sequence=347.839504
[plan] step=212 node=N7550 type=observe q_pred_context=0.790308 sequence=348.629811
[plan] step=213 node=N6677 type=observe q_pred_context=0.145739 sequence=348.775550
[plan] step=214 node=N5725 type=observe q_pred_context=0.755012 sequence=349.530562
[plan] step=215 node=N8237 type=control1 q_pred_context=1.469263 sequence=350.999825
[plan] step=216 node=N8605 type=control1 q_pred_context=1.555412 sequence=352.555238
[plan] step=217 node=N706 type=observe q_pred_context=6.084228 sequence=358.639466
[plan] step=218 node=N902 type=control1 q_pred_context=6.574215 sequence=365.213681
[plan] step=219 node=N8236 type=control1 q_pred_context=6.718104 sequence=371.931785
[plan] step=220 node=N515 type=control1 q_pred_context=6.768442 sequence=378.700227
[plan] step=221 node=N719 type=observe q_pred_context=6.341073 sequence=385.041301
[plan] step=222 node=N705 type=observe q_pred_context=6.810211 sequence=391.851512
[plan] step=223 node=N734 type=observe q_pred_context=6.793167 sequence=398.644679
[plan] step=224 node=N679 type=observe q_pred_context=6.507476 sequence=405.152155
[plan] step=225 node=N4497 type=observe q_pred_context=4.763413 sequence=409.915568
[plan] step=226 node=N5456 type=observe q_pred_context=1.862760 sequence=411.778327
[plan] step=227 node=N7439 type=observe q_pred_context=5.975414 sequence=417.753741
[plan] step=228 node=N4460 type=control0 q_pred_context=1.619112 sequence=419.372854
[plan] step=229 node=N5439 type=observe q_pred_context=3.391622 sequence=422.764476
[plan] step=230 node=N2151 type=observe q_pred_context=6.063584 sequence=428.828060
[plan] step=231 node=N6581 type=observe q_pred_context=6.405762 sequence=435.233822
[plan] step=232 node=N5202 type=observe q_pred_context=3.297928 sequence=438.531750
[plan] step=233 node=N5422 type=observe q_pred_context=2.948246 sequence=441.479996
[plan] step=234 node=N1874 type=observe q_pred_context=5.765342 sequence=447.245339
[plan] step=235 node=N7512 type=observe q_pred_context=5.981984 sequence=453.227323
[plan] step=236 node=N7383 type=observe q_pred_context=6.642006 sequence=459.869329
[plan] step=237 node=N4505 type=observe q_pred_context=1.129722 sequence=460.999051
[plan] step=238 node=N5390 type=observe q_pred_context=0.917909 sequence=461.916960
[plan] step=239 node=N5334 type=observe q_pred_context=1.048351 sequence=462.965311
[plan] step=240 node=N6660 type=observe q_pred_context=0.834044 sequence=463.799355
[plan] step=241 node=N5373 type=observe q_pred_context=0.598306 sequence=464.397662
[plan] step=242 node=N699 type=observe q_pred_context=1.107423 sequence=465.505085
[plan] step=243 node=N7380 type=observe q_pred_context=1.217422 sequence=466.722506
[plan] step=244 node=N2159 type=observe q_pred_context=1.777833 sequence=468.500339
[plan] step=245 node=N1598 type=observe q_pred_context=0.867568 sequence=469.367907
[plan] step=246 node=N4513 type=observe q_pred_context=0.698150 sequence=470.066057
[plan] step=247 node=N6658 type=observe q_pred_context=0.681578 sequence=470.747635
[plan] step=248 node=N1351 type=observe q_pred_context=0.933923 sequence=471.681558
[plan] step=249 node=N4367 type=control0 q_pred_context=0.482582 sequence=472.164139
[plan] step=250 node=N686 type=observe q_pred_context=1.052459 sequence=473.216598
[plan] step=251 node=N1688 type=observe q_pred_context=0.110682 sequence=473.327280
[plan] step=252 node=N8235 type=control1 q_pred_context=1.026821 sequence=474.354100
[plan] step=253 node=N729 type=observe q_pred_context=1.805973 sequence=476.160073
[plan] step=254 node=N6688 type=observe q_pred_context=0.837816 sequence=476.997889
[plan] step=255 node=N6685 type=observe q_pred_context=0.628919 sequence=477.626808
[plan] step=256 node=N535 type=observe q_pred_context=1.410984 sequence=479.037792
[plan] step=257 node=N684 type=observe q_pred_context=1.326651 sequence=480.364443
[plan] step=258 node=N1854 type=observe q_pred_context=0.530882 sequence=480.895326
[plan] step=259 node=N2181 type=observe q_pred_context=0.500322 sequence=481.395648
[plan] step=260 node=N7381 type=observe q_pred_context=0.714887 sequence=482.110535
[plan] step=261 node=N8234 type=control1 q_pred_context=1.215841 sequence=483.326376
[plan] step=262 node=N4532 type=control0 q_pred_context=1.070252 sequence=484.396628
[plan] step=263 node=N756 type=observe q_pred_context=6.134444 sequence=490.531072
[plan] step=264 node=N4537 type=observe q_pred_context=4.975750 sequence=495.506822
[plan] step=265 node=N4442 type=control0 q_pred_context=6.338435 sequence=501.845257
[plan] step=266 node=N4469 type=control0 q_pred_context=6.706984 sequence=508.552241
[plan] step=267 node=N4421 type=control0 q_pred_context=6.784224 sequence=515.336465
[plan] step=268 node=N7720 type=control0 q_pred_context=6.661916 sequence=521.998380
[plan] step=269 node=N4436 type=control0 q_pred_context=6.778727 sequence=528.777108
[plan] step=270 node=N8783 type=control1 q_pred_context=6.734767 sequence=535.511875
[plan] step=271 node=N8233 type=control1 q_pred_context=5.834924 sequence=541.346799
[plan] step=272 node=N689 type=observe q_pred_context=4.241211 sequence=545.588010
[plan] step=273 node=N2243 type=observe q_pred_context=4.415065 sequence=550.003075
[plan] step=274 node=N898 type=observe q_pred_context=3.274127 sequence=553.277202
[plan] step=275 node=N2008 type=observe q_pred_context=0.325051 sequence=553.602253
[plan] step=276 node=N7433 type=observe q_pred_context=2.208814 sequence=555.811068
[plan] step=277 node=N763 type=observe q_pred_context=0.447981 sequence=556.259048
[plan] step=278 node=N695 type=observe q_pred_context=3.006690 sequence=559.265738
saved=autoresearch/loop-260718-0223/relative_gate_b15_round18/iqr_m0p02/b15_C/plans/iscas99__b15_1__greedy__cumulative__q_pred_context__bw1__d1__c64__g1p0__candhard_fault_cluster__div0p0__s0.csv
