__tpi_op_367___aig_not_36049 /1 undetected
__tpi_op_365___aig_not_36095 /1 undetected
__tpi_op_363___aig_not_36072 /1 undetected
test_en->__tpi_cp_390_new_n17000 /0 undetected
test_en->__tpi_cp_342___aig_and_41207 /0 undetected
__tpi_not_test_en->__tpi_cp_43___aig_not_41206 /1 undetected
test_en->__tpi_cp_343___buf_split_25254 /0 undetected
__tpi_not_test_en->__tpi_cp_231___aig_not_40887 /1 undetected
test_en->__tpi_cp_328_new_n16870 /0 undetected
test_en->__tpi_cp_35___aig_and_40885 /0 undetected
__tpi_not_test_en->__tpi_cp_280___aig_not_40884 /1 undetected
__tpi_not_test_en->__tpi_cp_266___buf_split_25057 /1 undetected
__tpi_not_test_en->__tpi_cp_239___aig_not_40886 /1 undetected
test_en->__tpi_cp_318_new_n16869 /0 undetected
test_en->__tpi_cp_74___aig_and_40882 /0 undetected
test_en->__tpi_cp_319_new_n16868 /0 undetected
test_en->__tpi_cp_246___aig_and_40880 /0 undetected
__tpi_not_test_en->__tpi_cp_54___buf_split_25054 /1 undetected
test_en->__tpi_cp_356_new_n16860 /0 undetected
test_en->__tpi_cp_139___aig_and_40859 /0 undetected
test_en->__tpi_cp_350_new_n16859 /0 undetected
__tpi_not_test_en->__tpi_cp_55___aig_not_40858 /1 undetected
test_en->__tpi_cp_353___buf_split_25042 /0 undetected
test_en->__tpi_cp_270___aig_not_40860 /0 undetected
__tpi_not_test_en->__tpi_cp_275___buf_split_25043 /1 undetected
test_en->__tpi_cp_271___aig_not_39511 /0 undetected
__tpi_not_test_en->__tpi_cp_276___buf_split_24235 /1 undetected
test_en->__tpi_cp_367_new_n16322 /0 undetected
test_en->__tpi_cp_147___aig_and_39507 /0 undetected
__tpi_not_test_en->__tpi_cp_48___aig_not_39506 /1 undetected
test_en->__tpi_cp_332___buf_split_24233 /0 undetected
__tpi_not_test_en->__tpi_cp_71_new_n16183 /1 undetected
__tpi_not_test_en->__tpi_cp_289___aig_not_39162 /1 undetected
test_en->__tpi_cp_82___aig_and_39160 /0 undetected
__tpi_not_test_en->__tpi_cp_158___aig_not_39158 /1 undetected
__tpi_not_test_en->__tpi_cp_288___aig_not_39161 /1 undetected
test_en->__tpi_cp_149_new_n16181 /0 undetected
__tpi_not_test_en->__tpi_cp_228_new_n16320 /1 undetected
__tpi_not_test_en->__tpi_cp_30___aig_and_39503 /1 undetected
__tpi_not_test_en->__tpi_cp_269___aig_not_39502 /1 undetected
test_en->__tpi_cp_352___buf_split_24230 /0 undetected
__tpi_not_test_en->__tpi_cp_236___aig_not_39501 /1 undetected
test_en->__tpi_cp_335___buf_split_24229 /0 undetected
test_en->__tpi_cp_264_new_n16319 /0 undetected
test_en->__tpi_cp_60___aig_and_39500 /0 undetected
__tpi_not_test_en->__tpi_cp_267___buf_split_24228 /1 undetected
__tpi_not_test_en->__tpi_cp_42___aig_not_40897 /1 undetected
test_en->__tpi_cp_327___buf_split_25063 /0 undetected
__tpi_not_test_en->__tpi_cp_230_new_n16318 /1 undetected
__tpi_not_test_en->__tpi_cp_272___aig_not_39497 /1 undetected
test_en->__tpi_cp_354_new_n16317 /0 undetected
test_en->__tpi_cp_138___aig_and_39495 /0 undetected
__tpi_not_test_en->__tpi_cp_33___aig_not_39494 /1 undetected
test_en->__tpi_cp_293___buf_split_24225 /0 undetected
__tpi_not_test_en->__tpi_cp_189___aig_not_39496 /1 undetected
test_en->__tpi_cp_320___buf_split_24226 /0 undetected
__tpi_not_test_en->__tpi_cp_46___aig_not_40856 /1 undetected
test_en->__tpi_cp_336___buf_split_25040 /0 undetected
test_en->__tpi_cp_256_new_n16874 /0 undetected
test_en->__tpi_cp_38___aig_and_40895 /0 undetected
test_en->__tpi_cp_334_new_n16873 /0 undetected
test_en->__tpi_cp_242___aig_and_40893 /0 undetected
__tpi_not_test_en->__tpi_cp_65___aig_not_40891 /1 undetected
__tpi_not_test_en->__tpi_cp_274___buf_split_25059 /1 undetected
__tpi_not_test_en->__tpi_cp_49___aig_not_39194 /1 undetected
test_en->__tpi_cp_329___buf_split_24039 /0 undetected
test_en->__tpi_cp_255_new_n16206 /0 undetected
test_en->__tpi_cp_45___aig_and_39222 /0 undetected
__tpi_not_test_en->__tpi_cp_261___aig_not_39221 /1 undetected
__tpi_not_test_en->__tpi_cp_278___buf_split_24055 /1 undetected
__tpi_not_test_en->__tpi_cp_188___aig_not_37879 /1 undetected
test_en->__tpi_cp_257_new_n16193 /0 undetected
test_en->__tpi_cp_132___aig_and_39188 /0 undetected
__tpi_not_test_en->__tpi_cp_281___aig_not_39187 /1 undetected
__tpi_not_test_en->__tpi_cp_59_new_n16192 /1 undetected
__tpi_not_test_en->__tpi_cp_265___aig_not_39185 /1 undetected
test_en->__tpi_cp_381_new_n16191 /0 undetected
test_en->__tpi_cp_44___aig_and_39183 /0 undetected
__tpi_not_test_en->__tpi_cp_273___aig_not_39184 /1 undetected
test_en->__tpi_cp_383_new_n16190 /0 undetected
test_en->__tpi_cp_58___aig_and_39180 /0 undetected
__tpi_not_test_en->__tpi_cp_150___aig_not_39179 /1 undetected
__tpi_not_test_en->__tpi_cp_268_new_n16205 /1 undetected
test_en->__tpi_cp_142___aig_and_39219 /0 undetected
__tpi_not_test_en->__tpi_cp_62___aig_not_39217 /1 undetected
test_en->__tpi_cp_321___buf_split_24052 /0 undetected
__tpi_not_test_en->__tpi_cp_56___aig_not_37870 /1 undetected
test_en->__tpi_cp_348___buf_split_23243 /0 undetected
__tpi_not_test_en->__tpi_cp_64___aig_not_39156 /1 undetected
test_en->__tpi_cp_382___buf_split_24019 /0 undetected
test_en->__tpi_cp_254_new_n16202 /0 undetected
test_en->__tpi_cp_37___aig_and_39211 /0 undetected
__tpi_not_test_en->__tpi_cp_279_new_n16201 /1 undetected
__tpi_not_test_en->__tpi_cp_53___aig_and_39209 /1 undetected
test_en->__tpi_cp_291_new_n15666 /0 undetected
test_en->__tpi_cp_63___aig_and_37868 /0 undetected
__tpi_not_test_en->__tpi_cp_78_new_n15662 /1 undetected
__tpi_not_test_en->__tpi_cp_312___buf_split_23064 /1 undetected
__tpi_not_test_en->__tpi_cp_300_new_n15014 /1 undetected
__tpi_not_test_en->__tpi_cp_4___buf_split_22260 /1 undetected
__tpi_not_test_en->__tpi_cp_304___aig_not_36253 /1 undetected
__tpi_not_test_en->__tpi_cp_311___buf_split_22259 /1 undetected
__tpi_not_test_en->__tpi_cp_306_new_n15010 /1 undetected
__tpi_not_test_en->__tpi_cp_303___aig_and_36245 /1 undetected
__tpi_not_test_en->__tpi_cp_36___aig_not_36244 /1 undetected
__tpi_not_test_en->__tpi_cp_297___buf_split_22254 /1 undetected
__tpi_not_test_en->__tpi_cp_199_new_n15009 /1 undetected
__tpi_not_test_en->__tpi_cp_208___aig_not_36243 /1 undetected
test_en->__tpi_cp_214___buf_split_22253 /0 undetected
__tpi_not_test_en->__tpi_cp_27___aig_not_36241 /1 undetected
__tpi_not_test_en->__tpi_cp_295___buf_split_22251 /1 undetected
__tpi_not_test_en->__tpi_cp_210_new_n15005 /1 undetected
__tpi_not_test_en->__tpi_cp_213___aig_not_36232 /1 undetected
__tpi_not_test_en->__tpi_cp_294___buf_split_22246 /1 undetected
test_en->__tpi_cp_243_new_n15004 /0 undetected
__tpi_not_test_en->__tpi_cp_23___aig_not_36231 /1 undetected
test_en->__tpi_cp_251___buf_split_22245 /0 undetected
__tpi_not_test_en->__tpi_cp_72_new_n15018 /1 undetected
__tpi_not_test_en->__tpi_cp_217___buf_split_22244 /1 undetected
__tpi_not_test_en->__tpi_cp_219_new_n15003 /1 undetected
__tpi_not_test_en->__tpi_cp_135___aig_not_36229 /1 undetected
__tpi_not_test_en->__tpi_cp_283___buf_split_22243 /1 undetected
__tpi_not_test_en->__tpi_cp_282_new_n15000 /1 undetected
__tpi_not_test_en->__tpi_cp_296___aig_and_36264 /1 undetected
__tpi_not_test_en->__tpi_cp_299___aig_not_36262 /1 undetected
__tpi_not_test_en->__tpi_cp_200_new_n15008 /1 undetected
__tpi_not_test_en->__tpi_cp_207___aig_and_36228 /1 undetected
__tpi_not_test_en->__tpi_cp_238___aig_not_36227 /1 undetected
__tpi_not_test_en->__tpi_cp_22___aig_not_36226 /1 undetected
test_en->__tpi_cp_250___buf_split_22242 /0 undetected
__tpi_not_test_en->__tpi_cp_39___aig_not_36057 /1 undetected
__tpi_not_test_en->__tpi_cp_298___aig_and_36252 /1 undetected
__tpi_not_test_en->__tpi_cp_301___aig_not_36250 /1 undetected
test_en->__tpi_cp_109___buf_split_22258 /0 undetected
__tpi_not_test_en->__tpi_cp_11___aig_and_36240 /1 undetected
__tpi_not_test_en->__tpi_cp_215___aig_not_36238 /1 undetected
test_en->__tpi_cp_259___buf_split_22250 /0 undetected
test_en->__tpi_cp_237_new_n14961 /0 undetected
test_en->__tpi_cp_235___aig_not_36126 /0 undetected
__tpi_not_test_en->__tpi_cp_204___buf_split_22176 /1 undetected
__tpi_not_test_en->__tpi_cp_206_new_n14960 /1 undetected
test_en->__tpi_cp_12_new_n14952 /0 undetected
__tpi_not_test_en->__tpi_cp_168___aig_not_36080 /1 undetected
__tpi_not_test_en->__tpi_cp_201___aig_not_36103 /1 undetected
__tpi_not_test_en->__tpi_cp_57_new_n14951 /1 undetected
__tpi_not_test_en->__tpi_cp_169___aig_not_36044 /1 undetected
test_en->__tpi_cp_98___aig_and_36042 /0 undetected
__tpi_not_test_en->__tpi_cp_187_new_n14372 /1 undetected
__tpi_not_test_en->__tpi_cp_17___aig_and_36124 /1 undetected
__tpi_not_test_en->__tpi_cp_222___aig_not_36123 /1 undetected
test_en->__tpi_cp_252___buf_split_22174 /0 undetected
__tpi_not_test_en->__tpi_cp_193_new_n14939 /1 undetected
__tpi_not_test_en->__tpi_cp_391_new_n14947 /1 undetected
__aig_not_36086 /1 undetected
test_en->__tpi_cp_203___aig_and_36085 /0 undetected
__tpi_not_test_en->__tpi_cp_145___aig_not_36222 /1 undetected
test_en->__tpi_cp_241___buf_split_22239 /0 undetected
__tpi_not_test_en->__tpi_cp_308_quotient_19_ /1 undetected
__tpi_not_test_en->__tpi_cp_106___aig_and_36037 /1 undetected
__aig_and_35154->__aig_and_35155 /1 undetected
__tpi_not_test_en->__tpi_cp_309___aig_not_35151 /1 undetected
__tpi_not_test_en->__tpi_cp_314___aig_not_35146 /1 undetected
__tpi_cp_314___aig_not_35146 /1 undetected
__aig_not_35146 /1 undetected
__tpi_not_test_en->__tpi_cp_175___aig_not_36067 /1 undetected
test_en->__tpi_cp_110___aig_and_36065 /0 undetected
__tpi_not_test_en->__tpi_cp_3_new_n14935 /1 undetected
test_en->__tpi_cp_137___aig_and_36060 /0 undetected
test_en->__tpi_cp_21_new_n14959 /0 undetected
test_en->__tpi_cp_225___aig_and_36121 /0 undetected
__tpi_not_test_en->__tpi_cp_155___aig_not_36120 /1 undetected
__tpi_not_test_en->__tpi_cp_307___aig_not_35153 /1 undetected
__tpi_cp_307___aig_not_35153 /1 undetected
__aig_not_35153 /1 undetected
__buf_split_21627 /1 undetected
__tpi_not_test_en->__tpi_cp_24___aig_not_35152 /1 undetected
__tpi_cp_24___aig_not_35152 /1 undetected
__aig_not_35152 /1 undetected
__tpi_not_test_en->__tpi_cp_313___aig_not_35148 /1 undetected
__tpi_cp_313___aig_not_35148 /1 undetected
__aig_not_35148 /1 undetected
__tpi_not_test_en->__tpi_cp_186_new_n14371 /1 undetected
test_en->__tpi_cp_111___aig_and_34644 /0 undetected
test_en->__tpi_cp_112___aig_and_34635 /0 undetected
__tpi_not_test_en->__tpi_cp_190___aig_not_34633 /1 undetected
__tpi_not_test_en->__tpi_cp_310_new_n14578 /1 undetected
test_en->__tpi_cp_174_new_n14576 /0 undetected
__tpi_not_test_en->__tpi_cp_8___aig_not_35138 /1 undetected
test_en->__tpi_cp_183___buf_split_21617 /0 undetected
test_en->__tpi_cp_198_new_n14575 /0 undetected
__tpi_not_test_en->__tpi_cp_205___aig_not_35140 /1 undetected
test_en->__tpi_cp_172_new_n14573 /0 undetected
__tpi_not_test_en->__tpi_cp_173___aig_not_35142 /1 undetected
__tpi_not_test_en->__tpi_cp_316_new_n14375 /1 undetected
test_en->__tpi_cp_123___aig_and_34632 /0 undetected
__tpi_not_test_en->__tpi_cp_28___buf_split_21282 /1 undetected
test_en->__tpi_cp_176___aig_and_34651 /0 undetected
test_en->__tpi_cp_227_new_n14373 /0 undetected
test_en->__tpi_cp_19___aig_and_34649 /0 undetected
__tpi_not_test_en->__tpi_cp_126___aig_not_34648 /1 undetected
__tpi_not_test_en->__tpi_cp_10___aig_not_34650 /1 undetected
__tpi_not_test_en->__tpi_cp_209___aig_not_34652 /1 undetected
test_en->__tpi_cp_191_new_n14305 /0 undetected
__aig_not_36118 /1 undetected
__aig_not_36095->__aig_and_36096 /1 undetected
__aig_not_36072->__aig_and_36073 /1 undetected
__aig_not_36049->__aig_and_36050 /1 undetected
__aig_not_36095 /1 undetected
__aig_not_36072 /1 undetected
__aig_not_36049 /1 undetected
__tpi_not_test_en->__tpi_cp_365_new_n14370 /1 undetected
test_en->__tpi_cp_124___aig_and_34639 /0 undetected
__tpi_not_test_en->__tpi_cp_7___aig_not_34638 /1 undetected
__tpi_not_test_en->__tpi_cp_113___aig_not_34640 /1 undetected
__tpi_cp_302_new_n14580 /0 undetected
__tpi_not_test_en->__tpi_cp_216_new_n14365 /1 undetected
__tpi_not_test_en->__tpi_cp_41___aig_not_35131 /1 undetected
__tpi_not_test_en->__tpi_cp_197___buf_split_21611 /1 undetected
__tpi_not_test_en->__tpi_cp_284___aig_not_35130 /1 undetected
__aig_and_35145 /0 undetected
__tpi_not_test_en->__tpi_cp_171___aig_not_35144 /1 undetected
__tpi_cp_171___aig_not_35144 /1 undetected
__aig_not_35144 /1 undetected
__tpi_not_test_en->__tpi_cp_18___aig_not_34482 /1 undetected
__tpi_not_test_en->__tpi_cp_263___buf_split_21188 /1 undetected
test_en->__tpi_cp_202_new_n14323 /0 undetected
test_en->__tpi_cp_141___aig_and_34529 /0 undetected
test_en->__tpi_cp_182___aig_and_34506 /0 undetected
__tpi_not_test_en->__tpi_cp_315_new_n14572 /1 undetected
test_en->__tpi_cp_127___aig_and_34480 /0 undetected
__tpi_not_test_en->__tpi_cp_218___aig_not_34479 /1 undetected
__tpi_not_test_en->__tpi_cp_31___aig_not_34478 /1 undetected
test_en->__tpi_cp_337_new_n14574 /0 undetected
test_en->__tpi_cp_292___aig_and_35134 /0 undetected
__tpi_not_test_en->__tpi_cp_51___aig_not_35133 /1 undetected
test_en->__tpi_cp_249___buf_split_21612 /0 undetected
__tpi_not_test_en->__tpi_cp_129___aig_not_35135 /1 undetected
test_en->__tpi_cp_244___buf_split_21614 /0 undetected
__tpi_not_test_en->__tpi_cp_366___aig_and_35129 /1 undetected
__tpi_not_test_en->__tpi_cp_6___aig_not_35128 /1 undetected
test_en->__tpi_cp_121___buf_split_21609 /0 undetected
__tpi_not_test_en->__tpi_cp_185___aig_not_35127 /1 undetected
test_en->__tpi_cp_211___buf_split_21608 /0 undetected
__tpi_not_test_en->__tpi_cp_170___aig_not_35102 /1 undetected
test_en->__tpi_cp_184___buf_split_21596 /0 undetected
__tpi_not_test_en->__tpi_cp_5___aig_not_35101 /1 undetected
test_en->__tpi_cp_212___buf_split_21595 /0 undetected
test_en->__tpi_cp_128___aig_and_34503 /0 undetected
__tpi_not_test_en->__tpi_cp_134___aig_not_34524 /1 undetected
test_en->__tpi_cp_247_new_n14301 /0 undetected
test_en->__tpi_cp_96___aig_and_34472 /0 undetected
test_en->__tpi_cp_245_new_n14569 /0 undetected
test_en->__tpi_cp_29___aig_and_35121 /0 undetected
test_en->__tpi_cp_333___buf_split_21594 /0 undetected
__tpi_not_test_en->__tpi_cp_157___aig_not_35099 /1 undetected
__tpi_not_test_en->__tpi_cp_66___aig_not_35096 /1 undetected
test_en->__tpi_cp_355___buf_split_21592 /0 undetected
__tpi_not_test_en->__tpi_cp_151___aig_not_36220 /1 undetected
test_en->__tpi_cp_338___buf_split_22238 /0 undetected
test_en->__tpi_cp_349_new_n14999 /0 undetected
__tpi_not_test_en->__tpi_cp_286___aig_not_36219 /1 undetected
test_en->__tpi_cp_339___buf_split_22237 /0 undetected
test_en->__tpi_cp_351_new_n14970 /0 undetected
__tpi_not_test_en->__tpi_cp_68___aig_not_33607 /1 undetected
__buf_split_20693->__aig_and_33604 /1 undetected
__buf_split_20694->__aig_and_33604 /1 undetected
__tpi_not_test_en->__tpi_cp_234___aig_not_33606 /1 undetected
test_en->__tpi_cp_52___aig_and_33603 /0 undetected
__tpi_not_test_en->__tpi_cp_136___aig_not_33602 /1 undetected
__tpi_cp_136___aig_not_33602 /1 undetected
__aig_not_33602 /1 undetected
__tpi_not_test_en->__tpi_cp_221___aig_not_33605 /1 undetected
test_en->__tpi_cp_40___aig_and_33601 /0 undetected
__aig_not_33600->__aig_and_33601 /1 undetected
test_en->__tpi_cp_347_new_n14321 /0 undetected
new_n302->__tpi_cp_119_new_n302 /0 undetected
test_en->__tpi_cp_119_new_n302 /0 undetected
new_n288->__tpi_cp_156_new_n288 /0 undetected
test_en->__tpi_cp_156_new_n288 /0 undetected
__tpi_not_test_en->__tpi_cp_69___aig_not_34522 /1 undetected
test_en->__tpi_cp_346___buf_split_21210 /0 undetected
test_en->__tpi_cp_253_new_n14303 /0 undetected
test_en->__tpi_cp_131___aig_and_34477 /0 undetected
test_en->__tpi_cp_229_new_n14571 /0 undetected
__tpi_not_test_en->__tpi_cp_95___aig_not_35125 /1 undetected
test_en->__tpi_cp_13___aig_and_35137 /0 undetected
test_en->__tpi_cp_233___buf_split_21616 /0 undetected
test_en->__tpi_cp_341_new_n597 /0 undetected
test_en->__tpi_cp_232___buf_split_21615 /0 undetected
test_en->__tpi_cp_331_new_n595 /0 undetected
__tpi_not_test_en->__tpi_cp_194___buf_split_79 /1 undetected
test_en->__tpi_cp_317_new_n301 /0 undetected
__tpi_not_test_en->__tpi_cp_9___buf_split_78 /1 undetected
test_en->__tpi_cp_325_new_n298 /0 undetected
__tpi_not_test_en->__tpi_cp_115___buf_split_55 /1 undetected
test_en->__tpi_cp_277_new_n287 /0 undetected
__tpi_not_test_en->__tpi_cp_195___buf_split_54 /1 undetected
test_en->__tpi_cp_323_new_n280 /0 undetected
test_en->__tpi_cp_226_new_n13972 /0 undetected
__tpi_not_test_en->__tpi_cp_165___aig_not_33631 /1 undetected
__tpi_not_test_en->__tpi_cp_160___aig_not_36149 /1 undetected
__tpi_not_test_en->__tpi_cp_364___buf_split_22189 /1 undetected
test_en->__tpi_cp_386_new_n14969 /0 undetected
test_en->__tpi_cp_369___buf_split_22236 /0 undetected
test_en->__tpi_cp_377_new_n14998 /0 undetected
__tpi_not_test_en->__tpi_cp_162___aig_not_36217 /1 undetected
test_en->__tpi_cp_73___aig_and_33595 /0 undetected
__tpi_not_test_en->__tpi_cp_94___aig_not_33596 /1 undetected
test_en->__tpi_cp_262___aig_and_650 /0 undetected
test_en->__tpi_cp_260___aig_and_648 /0 undetected
test_en->__tpi_cp_368_new_n14557 /0 undetected
test_en->__tpi_cp_363_new_n13706 /0 undetected
test_en->__tpi_cp_362_new_n13697 /0 undetected
test_en->__tpi_cp_75___aig_and_94 /0 undetected
test_en->__tpi_cp_372_new_n299 /0 undetected
test_en->__tpi_cp_324___aig_and_87 /0 undetected
test_en->__tpi_cp_371_new_n296 /0 undetected
test_en->__tpi_cp_92___aig_and_83 /0 undetected
test_en->__tpi_cp_326___aig_and_64 /0 undetected
test_en->__tpi_cp_322___aig_and_49 /0 undetected
test_en->__tpi_cp_370_new_n278 /0 undetected
test_en->__tpi_cp_90___aig_and_45 /0 undetected
__tpi_not_test_en->__tpi_cp_164___aig_not_35089 /1 undetected
__tpi_not_test_en->__tpi_cp_167___aig_not_33627 /1 undetected
__tpi_not_test_en->__tpi_cp_105___aig_not_33598 /1 undetected
__tpi_not_test_en->__tpi_cp_166___aig_not_32989 /1 undetected
__tpi_not_test_en->__tpi_cp_161___aig_not_32966 /1 undetected
test_en->__tpi_cp_375_new_n418 /0 undetected
test_en->__tpi_cp_373_new_n400 /0 undetected
test_en->__tpi_cp_376_new_n594 /0 undetected
test_en->__tpi_cp_374_new_n403 /0 undetected
test_en->__tpi_cp_387_new_n14995 /0 undetected
test_en->__tpi_cp_384_new_n300 /0 undetected
test_en->__tpi_cp_388_new_n297 /0 undetected
test_en->__tpi_cp_385_new_n286 /0 undetected
test_en->__tpi_cp_380_new_n283 /0 undetected
test_en->__tpi_cp_379_new_n279 /0 undetected
