__aig_not_7167 /1 undetected
__aig_not_7165 /1 undetected
__aig_not_7163 /1 undetected
__tpi_not_test_en->__tpi_cp_21___aig_not_7161 /1 undetected
__tpi_cp_21___aig_not_7161 /1 undetected
__aig_not_7161 /1 undetected
__aig_not_7159 /1 undetected
__buf_split_4124 /1 undetected
__buf_split_4125 /1 undetected
__buf_split_4126 /1 undetected
__buf_split_4127 /1 undetected
test_en->__tpi_cp_11___aig_and_7148 /0 undetected
__tpi_not_test_en->__tpi_cp_12___aig_not_7145 /1 undetected
__aig_not_7141 /1 undetected
test_en->__tpi_cp_3_new_n3827 /0 undetected
new_n3827 /0 undetected
__aig_not_7139 /1 undetected
__tpi_not_test_en->__tpi_cp_0___aig_not_7137 /1 undetected
__tpi_cp_0___aig_not_7137 /1 undetected
__aig_not_7137 /1 undetected
__tpi_not_test_en->__tpi_cp_1___aig_not_7135 /1 undetected
__tpi_cp_1___aig_not_7135 /1 undetected
__aig_not_7135 /1 undetected
__aig_not_7133 /1 undetected
test_en->__tpi_cp_6_new_n3823 /0 undetected
new_n3823 /0 undetected
__tpi_not_test_en->__tpi_cp_26___aig_not_7131 /1 undetected
__tpi_cp_26___aig_not_7131 /1 undetected
__aig_not_7131 /1 undetected
test_en->__tpi_cp_8_new_n3822 /0 undetected
new_n3822 /0 undetected
__aig_not_7129 /1 undetected
__tpi_not_test_en->__tpi_cp_25___aig_not_7127 /1 undetected
__tpi_cp_25___aig_not_7127 /1 undetected
__aig_not_7127 /1 undetected
__aig_not_7125 /1 undetected
__buf_split_4107 /1 undetected
__buf_split_4108 /1 undetected
__buf_split_4109 /1 undetected
new_n815->__tpi_cp_23_new_n815 /0 undetected
test_en->__tpi_cp_23_new_n815 /0 undetected
__buf_split_4110 /1 undetected
test_en->__tpi_cp_20___buf_split_4111 /0 undetected
__tpi_cp_20___buf_split_4111 /1 undetected
__buf_split_4111 /0 undetected
__buf_split_4112 /1 undetected
new_n827->__tpi_cp_16_new_n827 /0 undetected
test_en->__tpi_cp_16_new_n827 /0 undetected
__buf_split_4113 /1 undetected
new_n831->__tpi_cp_24_new_n831 /0 undetected
test_en->__tpi_cp_24_new_n831 /0 undetected
test_en->__tpi_cp_13_new_n839 /0 undetected
test_en->__tpi_cp_9___buf_split_4117 /0 undetected
test_en->__tpi_cp_4_new_n847 /0 undetected
test_en->__tpi_cp_17___buf_split_4118 /0 undetected
test_en->__tpi_cp_2_new_n851 /0 undetected
test_en->__tpi_cp_19_new_n850 /0 undetected
