[onpolicy-r7/subckt_0304] [plan] torch_deterministic=true
[onpolicy-r7/subckt_0304] [plan] latent_norm_clip_ratio=4 latent_norm_limit=30.461708
[onpolicy-r7/subckt_0304] [plan] step=1 node=new_n654_ type=observe q_typed_reliable_context=3.002007 sequence=3.002007
[onpolicy-r7/subckt_0304] [plan] step=2 node=new_n2688_ type=observe q_typed_reliable_context=3.964653 sequence=6.966660
[onpolicy-r7/subckt_0304] [plan] step=3 node=new_n1024_ type=observe q_typed_reliable_context=4.217838 sequence=11.184499
[onpolicy-r7/subckt_0304] [plan] step=4 node=__buf_split_382 type=control0 q_typed_reliable_context=2.393537 sequence=13.578035
[onpolicy-r7/subckt_0304] [plan] step=5 node=__buf_split_200 type=control0 q_typed_reliable_context=1.745046 sequence=15.323081
[onpolicy-r7/subckt_0304] [plan] step=6 node=new_n283_ type=control1 q_typed_reliable_context=2.182524 sequence=17.505605
[onpolicy-r7/subckt_0304] [plan] step=7 node=new_n541_ type=control1 q_typed_reliable_context=1.846042 sequence=19.351648
[onpolicy-r7/subckt_0304] [plan] step=8 node=new_n855_ type=control1 q_typed_reliable_context=1.973352 sequence=21.325000
[onpolicy-r7/subckt_0304] [plan] step=9 node=new_n2826_ type=control1 q_typed_reliable_context=1.807218 sequence=23.132217
[onpolicy-r7/subckt_0304] [plan] step=10 node=new_n1216_ type=control1 q_typed_reliable_context=1.920328 sequence=25.052545
[onpolicy-r7/subckt_0304] [plan] step=11 node=new_n564_ type=control0 q_typed_reliable_context=1.612546 sequence=26.665092
[onpolicy-r7/subckt_0304] [plan] step=12 node=v26.10 type=control0 q_typed_reliable_context=1.738298 sequence=28.403390
[onpolicy-r7/subckt_0304] [plan] step=13 node=new_n571_ type=observe q_typed_reliable_context=1.629435 sequence=30.032825
[onpolicy-r7/subckt_0304] [plan] step=14 node=new_n639_ type=observe q_typed_reliable_context=2.826675 sequence=32.859500
[onpolicy-r7/subckt_0304] [plan] step=15 node=__buf_split_403 type=control0 q_typed_reliable_context=3.711074 sequence=36.570574
[onpolicy-r7/subckt_0304] [plan] step=16 node=__buf_split_383 type=control0 q_typed_reliable_context=3.038357 sequence=39.608931
[onpolicy-r7/subckt_0304] [plan] step=17 node=new_n2680_ type=observe q_typed_reliable_context=3.385413 sequence=42.994344
[onpolicy-r7/subckt_0304] [plan] step=18 node=new_n854_ type=control0 q_typed_reliable_context=6.703776 sequence=49.698120
[onpolicy-r7/subckt_0304] [plan] step=19 node=__buf_split_201 type=control0 q_typed_reliable_context=7.379368 sequence=57.077488
[onpolicy-r7/subckt_0304] [plan] step=20 node=v26.3 type=control0 q_typed_reliable_context=6.527289 sequence=63.604777
[onpolicy-r7/subckt_0304] [plan] step=21 node=__buf_split_402 type=control0 q_typed_reliable_context=7.202681 sequence=70.807458
[onpolicy-r7/subckt_0304] [plan] step=22 node=v26.2 type=control0 q_typed_reliable_context=7.150461 sequence=77.957918
[onpolicy-r7/subckt_0304] [plan] step=23 node=new_n2791_ type=control0 q_typed_reliable_context=5.853950 sequence=83.811868
[onpolicy-r7/subckt_0304] [plan] step=24 node=new_n573_ type=control1 q_typed_reliable_context=7.359636 sequence=91.171504
[onpolicy-r7/subckt_0304] [plan] step=25 node=new_n1012_ type=observe q_typed_reliable_context=4.694813 sequence=95.866318
[onpolicy-r7/subckt_0304] [plan] step=26 node=new_n563_ type=control1 q_typed_reliable_context=7.744057 sequence=103.610375
[onpolicy-r7/subckt_0304] [plan] step=27 node=new_n1215_ type=control0 q_typed_reliable_context=5.148540 sequence=108.758915
[onpolicy-r7/subckt_0304] [plan] step=28 node=new_n1062_ type=observe q_typed_reliable_context=2.984613 sequence=111.743528
[onpolicy-r7/subckt_0304] [plan] step=29 node=__buf_split_404 type=control0 q_typed_reliable_context=2.431242 sequence=114.174770
[onpolicy-r7/subckt_0304] [plan] step=30 node=new_n1014_ type=observe q_typed_reliable_context=5.019727 sequence=119.194497
[onpolicy-r7/subckt_0304] [plan] step=31 node=new_n641_ type=observe q_typed_reliable_context=3.380594 sequence=122.575090
[onpolicy-r7/subckt_0304] [plan] step=32 node=new_n2682_ type=observe q_typed_reliable_context=3.184217 sequence=125.759307
[onpolicy-r7/subckt_0304] [plan] step=33 node=new_n697_ type=observe q_typed_reliable_context=2.464291 sequence=128.223598
[onpolicy-r7/subckt_0304] [plan] step=34 node=new_n1026_ type=observe q_typed_reliable_context=2.106341 sequence=130.329938
[onpolicy-r7/subckt_0304] [plan] step=35 node=new_n2690_ type=observe q_typed_reliable_context=1.961701 sequence=132.291639
[onpolicy-r7/subckt_0304] [plan] step=36 node=new_n2700_ type=observe q_typed_reliable_context=1.796654 sequence=134.088293
[onpolicy-r7/subckt_0304] [plan] step=37 node=new_n2717_ type=observe q_typed_reliable_context=1.327725 sequence=135.416018
[onpolicy-r7/subckt_0304] [plan] step=38 node=new_n2779_ type=observe q_typed_reliable_context=1.037924 sequence=136.453942
[onpolicy-r7/subckt_0304] [plan] step=39 node=new_n656_ type=observe q_typed_reliable_context=1.263501 sequence=137.717442
[onpolicy-r7/subckt_0304] [plan] step=40 node=new_n2698_ type=observe q_typed_reliable_context=1.022557 sequence=138.739999
[onpolicy-r7/subckt_0304] [plan] step=41 node=new_n1064_ type=observe q_typed_reliable_context=1.341270 sequence=140.081269
[onpolicy-r7/subckt_0304] [plan] step=42 node=new_n1080_ type=observe q_typed_reliable_context=1.129177 sequence=141.210446
[onpolicy-r7/subckt_0304] [plan] step=43 node=new_n1175_ type=observe q_typed_reliable_context=1.148345 sequence=142.358791
[onpolicy-r7/subckt_0304] [plan] step=44 node=new_n699_ type=observe q_typed_reliable_context=1.103162 sequence=143.461953
[onpolicy-r7/subckt_0304] [plan] step=45 node=new_n700_ type=observe q_typed_reliable_context=1.287507 sequence=144.749460
[onpolicy-r7/subckt_0304] [plan] step=46 node=new_n732_ type=observe q_typed_reliable_context=1.169958 sequence=145.919418
[onpolicy-r7/subckt_0304] [plan] step=47 node=new_n730_ type=observe q_typed_reliable_context=1.750212 sequence=147.669631
[onpolicy-r7/subckt_0304] [plan] step=48 node=new_n1082_ type=observe q_typed_reliable_context=1.113107 sequence=148.782738
[onpolicy-r7/subckt_0304] [plan] step=49 node=new_n801_ type=observe q_typed_reliable_context=1.421092 sequence=150.203830
[onpolicy-r7/subckt_0304] [plan] step=50 node=new_n698_ type=observe q_typed_reliable_context=1.093849 sequence=151.297679
[onpolicy-r7/subckt_0304] [plan] step=51 node=new_n2719_ type=observe q_typed_reliable_context=1.152029 sequence=152.449708
[onpolicy-r7/subckt_0304] [plan] step=52 node=new_n2701_ type=observe q_typed_reliable_context=1.256989 sequence=153.706697
[onpolicy-r7/subckt_0304] [plan] step=53 node=new_n1065_ type=observe q_typed_reliable_context=1.303716 sequence=155.010413
[onpolicy-r7/subckt_0304] [plan] step=54 node=new_n2699_ type=observe q_typed_reliable_context=1.096272 sequence=156.106685
[onpolicy-r7/subckt_0304] [plan] step=55 node=new_n657_ type=observe q_typed_reliable_context=1.275714 sequence=157.382400
[onpolicy-r7/subckt_0304] [plan] step=56 node=new_n1063_ type=observe q_typed_reliable_context=1.346045 sequence=158.728444
[onpolicy-r7/subckt_0304] [plan] step=57 node=new_n2691_ type=observe q_typed_reliable_context=1.472800 sequence=160.201244
[onpolicy-r7/subckt_0304] [plan] step=58 node=new_n2681_ type=observe q_typed_reliable_context=1.734935 sequence=161.936180
[onpolicy-r7/subckt_0304] [plan] step=59 node=new_n2683_ type=observe q_typed_reliable_context=4.074237 sequence=166.010417
[onpolicy-r7/subckt_0304] [plan] step=60 node=new_n2689_ type=observe q_typed_reliable_context=5.397866 sequence=171.408283
[onpolicy-r7/subckt_0304] [plan] step=61 node=new_n568_ type=observe q_typed_reliable_context=4.766331 sequence=176.174614
[onpolicy-r7/subckt_0304] [plan] step=62 node=new_n570_ type=observe q_typed_reliable_context=3.858576 sequence=180.033190
[onpolicy-r7/subckt_0304] [plan] step=63 node=new_n640_ type=observe q_typed_reliable_context=3.519295 sequence=183.552486
[onpolicy-r7/subckt_0304] [plan] step=64 node=new_n572_ type=observe q_typed_reliable_context=3.779524 sequence=187.332010
[onpolicy-r7/subckt_0304] [plan] step=65 node=new_n1027_ type=observe q_typed_reliable_context=4.920846 sequence=192.252856
[onpolicy-r7/subckt_0304] [plan] step=66 node=new_n642_ type=observe q_typed_reliable_context=5.150036 sequence=197.402892
[onpolicy-r7/subckt_0304] [plan] step=67 node=new_n655_ type=observe q_typed_reliable_context=5.284639 sequence=202.687531
[onpolicy-r7/subckt_0304] [plan] step=68 node=new_n1015_ type=observe q_typed_reliable_context=5.806844 sequence=208.494375
[onpolicy-r7/subckt_0304] [plan] step=69 node=new_n1025_ type=observe q_typed_reliable_context=6.096370 sequence=214.590745
[onpolicy-r7/subckt_0304] [plan] step=70 node=new_n1013_ type=observe q_typed_reliable_context=5.842034 sequence=220.432779
[onpolicy-r7/subckt_0304] [plan] step=71 node=new_n566_ type=observe q_typed_reliable_context=5.555853 sequence=225.988632
[onpolicy-r7/subckt_0304] [plan] step=72 node=new_n567_ type=observe q_typed_reliable_context=6.945477 sequence=232.934109
[onpolicy-r7/subckt_0304] [plan] step=73 node=new_n569_ type=observe q_typed_reliable_context=4.192769 sequence=237.126879
[onpolicy-r7/subckt_0304] [plan] step=74 node=__buf_split_716 type=observe q_typed_reliable_context=5.452687 sequence=242.579566
[onpolicy-r7/subckt_0304] [plan] step=75 node=new_n565_ type=observe q_typed_reliable_context=3.598951 sequence=246.178517
[onpolicy-r7/subckt_0304] [plan] step=76 node=__buf_split_453 type=observe q_typed_reliable_context=3.104480 sequence=249.282996
[onpolicy-r7/subckt_0304] [plan] step=77 node=__buf_split_1764 type=observe q_typed_reliable_context=2.962079 sequence=252.245075
[onpolicy-r7/subckt_0304] [plan] step=78 node=new_n1214_ type=observe q_typed_reliable_context=1.211622 sequence=253.456697
[onpolicy-r7/subckt_0304] [plan] step=79 node=new_n852_ type=observe q_typed_reliable_context=1.774344 sequence=255.231041
[onpolicy-r7/subckt_0304] [plan] step=80 node=new_n2789_ type=observe q_typed_reliable_context=1.641892 sequence=256.872933
[onpolicy-r7/subckt_0304] [plan] step=81 node=new_n1213_ type=observe q_typed_reliable_context=2.347182 sequence=259.220115
[onpolicy-r7/subckt_0304] [plan] step=82 node=new_n803_ type=observe q_typed_reliable_context=4.745870 sequence=263.965985
[onpolicy-r7/subckt_0304] [plan] step=83 node=new_n1177_ type=observe q_typed_reliable_context=6.737361 sequence=270.703345
[onpolicy-r7/subckt_0304] [plan] step=84 node=new_n2781_ type=observe q_typed_reliable_context=6.271345 sequence=276.974690
[onpolicy-r7/subckt_0304] [plan] step=85 node=new_n2790_ type=observe q_typed_reliable_context=6.855441 sequence=283.830131
[onpolicy-r7/subckt_0304] [plan] step=86 node=new_n853_ type=observe q_typed_reliable_context=5.287467 sequence=289.117598
[onpolicy-r7/subckt_0304] [plan] step=87 node=new_n851_ type=observe q_typed_reliable_context=5.006961 sequence=294.124559
[onpolicy-r7/subckt_0304] [plan] step=88 node=new_n2788_ type=observe q_typed_reliable_context=3.131724 sequence=297.256284
[onpolicy-r7/subckt_0304] [plan] step=89 node=new_n1212_ type=observe q_typed_reliable_context=6.208610 sequence=303.464893
[onpolicy-r7/subckt_0304] [plan] step=90 node=new_n802_ type=observe q_typed_reliable_context=5.865200 sequence=309.330093
[onpolicy-r7/subckt_0304] [plan] step=91 node=new_n2780_ type=observe q_typed_reliable_context=5.913711 sequence=315.243804
[onpolicy-r7/subckt_0304] [plan] step=92 node=new_n1079_ type=observe q_typed_reliable_context=6.441411 sequence=321.685215
[onpolicy-r7/subckt_0304] [plan] step=93 node=new_n1176_ type=observe q_typed_reliable_context=6.213004 sequence=327.898220
[onpolicy-r7/subckt_0304] [plan] step=94 node=new_n2716_ type=observe q_typed_reliable_context=2.622710 sequence=330.520930
[onpolicy-r7/subckt_0304] [plan] step=95 node=new_n2718_ type=observe q_typed_reliable_context=2.021186 sequence=332.542116
[onpolicy-r7/subckt_0304] [plan] step=96 node=new_n2778_ type=observe q_typed_reliable_context=0.538898 sequence=333.081013
[onpolicy-r7/subckt_0304] [plan] step=97 node=new_n731_ type=observe q_typed_reliable_context=1.050115 sequence=334.131128
[onpolicy-r7/subckt_0304] [plan] step=98 node=new_n800_ type=observe q_typed_reliable_context=1.211148 sequence=335.342276
[onpolicy-r7/subckt_0304] [plan] step=99 node=new_n1081_ type=observe q_typed_reliable_context=1.828999 sequence=337.171275
[onpolicy-r7/subckt_0304] [plan] step=100 node=new_n729_ type=observe q_typed_reliable_context=0.718333 sequence=337.889607
[onpolicy-r7/subckt_0304] [plan] step=101 node=new_n1174_ type=observe q_typed_reliable_context=2.515000 sequence=340.404607
[onpolicy-r7/subckt_0304] [plan] step=102 node=new_n574_ type=control1 q_typed_reliable_context=0.000000 sequence=340.404607
[onpolicy-r7/subckt_0304] saved=autoresearch/loop-260720-0945/model_training_round7/long_onpolicy_plans/subckt_0304.csv
