[onpolicy-r7/subckt_0295] [plan] torch_deterministic=true
[onpolicy-r7/subckt_0295] [plan] latent_norm_clip_ratio=4 latent_norm_limit=30.699110
[onpolicy-r7/subckt_0295] [plan] step=1 node=__buf_split_73 type=control1 q_typed_reliable_context=7.144453 sequence=7.144453
[onpolicy-r7/subckt_0295] [plan] step=2 node=__aig_and_190 type=observe q_typed_reliable_context=2.908475 sequence=10.052928
[onpolicy-r7/subckt_0295] [plan] step=3 node=__buf_split_270 type=control0 q_typed_reliable_context=3.607142 sequence=13.660070
[onpolicy-r7/subckt_0295] [plan] step=4 node=__buf_split_149 type=control0 q_typed_reliable_context=4.400897 sequence=18.060967
[onpolicy-r7/subckt_0295] [plan] step=5 node=159 type=control0 q_typed_reliable_context=2.925267 sequence=20.986234
[onpolicy-r7/subckt_0295] [plan] step=6 node=428 type=control0 q_typed_reliable_context=3.827195 sequence=24.813429
[onpolicy-r7/subckt_0295] [plan] step=7 node=154 type=control0 q_typed_reliable_context=4.267378 sequence=29.080807
[onpolicy-r7/subckt_0295] [plan] step=8 node=__aig_not_335 type=control0 q_typed_reliable_context=2.138048 sequence=31.218855
[onpolicy-r7/subckt_0295] [plan] step=9 node=422 type=control0 q_typed_reliable_context=2.565345 sequence=33.784200
[onpolicy-r7/subckt_0295] [plan] step=10 node=__buf_split_204 type=observe q_typed_reliable_context=1.903300 sequence=35.687500
[onpolicy-r7/subckt_0295] [plan] step=11 node=__aig_and_327 type=observe q_typed_reliable_context=2.984625 sequence=38.672126
[onpolicy-r7/subckt_0295] [plan] step=12 node=370 type=control0 q_typed_reliable_context=2.749668 sequence=41.421793
[onpolicy-r7/subckt_0295] [plan] step=13 node=__buf_split_265 type=control0 q_typed_reliable_context=7.210595 sequence=48.632388
[onpolicy-r7/subckt_0295] [plan] step=14 node=__aig_not_118 type=control0 q_typed_reliable_context=1.438593 sequence=50.070981
[onpolicy-r7/subckt_0295] [plan] step=15 node=__aig_and_324 type=observe q_typed_reliable_context=1.303108 sequence=51.374089
[onpolicy-r7/subckt_0295] [plan] step=16 node=380 type=control0 q_typed_reliable_context=3.233355 sequence=54.607444
[onpolicy-r7/subckt_0295] [plan] step=17 node=__aig_and_300 type=observe q_typed_reliable_context=1.702151 sequence=56.309595
[onpolicy-r7/subckt_0295] [plan] step=18 node=__aig_and_319 type=observe q_typed_reliable_context=1.837985 sequence=58.147580
[onpolicy-r7/subckt_0295] [plan] step=19 node=__aig_and_352 type=control1 q_typed_reliable_context=1.538849 sequence=59.686429
[onpolicy-r7/subckt_0295] [plan] step=20 node=__aig_and_355 type=control1 q_typed_reliable_context=1.848966 sequence=61.535395
[onpolicy-r7/subckt_0295] [plan] step=21 node=__aig_and_299 type=observe q_typed_reliable_context=1.127122 sequence=62.662517
[onpolicy-r7/subckt_0295] [plan] step=22 node=__aig_and_316 type=observe q_typed_reliable_context=1.185517 sequence=63.848034
[onpolicy-r7/subckt_0295] [plan] step=23 node=__aig_and_4 type=observe q_typed_reliable_context=1.728139 sequence=65.576173
[onpolicy-r7/subckt_0295] [plan] step=24 node=__aig_and_295 type=observe q_typed_reliable_context=1.664710 sequence=67.240883
[onpolicy-r7/subckt_0295] [plan] step=25 node=__buf_split_217 type=control0 q_typed_reliable_context=0.979805 sequence=68.220688
[onpolicy-r7/subckt_0295] [plan] step=26 node=127 type=control0 q_typed_reliable_context=1.794290 sequence=70.014978
[onpolicy-r7/subckt_0295] [plan] step=27 node=131 type=control0 q_typed_reliable_context=1.447402 sequence=71.462380
[onpolicy-r7/subckt_0295] [plan] step=28 node=__aig_and_288 type=control1 q_typed_reliable_context=1.171942 sequence=72.634322
[onpolicy-r7/subckt_0295] [plan] step=29 node=135 type=control0 q_typed_reliable_context=1.063151 sequence=73.697472
[onpolicy-r7/subckt_0295] [plan] step=30 node=__buf_split_70 type=control0 q_typed_reliable_context=1.116497 sequence=74.813969
[onpolicy-r7/subckt_0295] [plan] step=31 node=__aig_and_20 type=observe q_typed_reliable_context=1.286759 sequence=76.100728
[onpolicy-r7/subckt_0295] [plan] step=32 node=__aig_not_126 type=control0 q_typed_reliable_context=1.073586 sequence=77.174315
[onpolicy-r7/subckt_0295] [plan] step=33 node=__aig_and_173 type=control1 q_typed_reliable_context=1.038820 sequence=78.213135
[onpolicy-r7/subckt_0295] [plan] step=34 node=__aig_and_175 type=control1 q_typed_reliable_context=1.057912 sequence=79.271046
[onpolicy-r7/subckt_0295] [plan] step=35 node=119 type=control0 q_typed_reliable_context=0.828786 sequence=80.099833
[onpolicy-r7/subckt_0295] [plan] step=36 node=__aig_not_152 type=control0 q_typed_reliable_context=0.737413 sequence=80.837246
[onpolicy-r7/subckt_0295] [plan] step=37 node=__aig_not_134 type=control0 q_typed_reliable_context=0.947038 sequence=81.784284
[onpolicy-r7/subckt_0295] [plan] step=38 node=__aig_and_141 type=control1 q_typed_reliable_context=1.352003 sequence=83.136287
[onpolicy-r7/subckt_0295] [plan] step=39 node=151 type=control0 q_typed_reliable_context=1.321212 sequence=84.457499
[onpolicy-r7/subckt_0295] [plan] step=40 node=__aig_and_174 type=control1 q_typed_reliable_context=1.105159 sequence=85.562658
[onpolicy-r7/subckt_0295] [plan] step=41 node=__aig_and_159 type=control1 q_typed_reliable_context=1.099898 sequence=86.662556
[onpolicy-r7/subckt_0295] [plan] step=42 node=123 type=control0 q_typed_reliable_context=1.310978 sequence=87.973534
[onpolicy-r7/subckt_0295] [plan] step=43 node=243 type=control0 q_typed_reliable_context=1.749123 sequence=89.722657
[onpolicy-r7/subckt_0295] [plan] step=44 node=251 type=control0 q_typed_reliable_context=2.029805 sequence=91.752461
[onpolicy-r7/subckt_0295] [plan] step=45 node=227 type=control0 q_typed_reliable_context=1.863821 sequence=93.616283
[onpolicy-r7/subckt_0295] [plan] step=46 node=__buf_split_245 type=observe q_typed_reliable_context=1.228173 sequence=94.844456
[onpolicy-r7/subckt_0295] [plan] step=47 node=147 type=control0 q_typed_reliable_context=1.524325 sequence=96.368781
[onpolicy-r7/subckt_0295] [plan] step=48 node=__aig_not_77 type=control0 q_typed_reliable_context=1.272594 sequence=97.641375
[onpolicy-r7/subckt_0295] [plan] step=49 node=__aig_not_53 type=control0 q_typed_reliable_context=1.228313 sequence=98.869688
[onpolicy-r7/subckt_0295] [plan] step=50 node=__aig_not_61 type=control0 q_typed_reliable_context=1.457697 sequence=100.327385
[onpolicy-r7/subckt_0295] [plan] step=51 node=224 type=control0 q_typed_reliable_context=2.242029 sequence=102.569414
[onpolicy-r7/subckt_0295] [plan] step=52 node=__aig_not_69 type=control0 q_typed_reliable_context=1.142489 sequence=103.711903
[onpolicy-r7/subckt_0295] [plan] step=53 node=__aig_not_112 type=control0 q_typed_reliable_context=1.279931 sequence=104.991834
[onpolicy-r7/subckt_0295] [plan] step=54 node=__aig_and_296 type=observe q_typed_reliable_context=1.084144 sequence=106.075978
[onpolicy-r7/subckt_0295] [plan] step=55 node=__buf_split_255 type=observe q_typed_reliable_context=0.976019 sequence=107.051996
[onpolicy-r7/subckt_0295] [plan] step=56 node=__aig_and_12 type=control1 q_typed_reliable_context=1.043696 sequence=108.095692
[onpolicy-r7/subckt_0295] [plan] step=57 node=143 type=control0 q_typed_reliable_context=1.183538 sequence=109.279230
[onpolicy-r7/subckt_0295] [plan] step=58 node=__buf_split_260 type=observe q_typed_reliable_context=1.111442 sequence=110.390672
[onpolicy-r7/subckt_0295] [plan] step=59 node=139 type=control0 q_typed_reliable_context=0.866365 sequence=111.257037
[onpolicy-r7/subckt_0295] [plan] step=60 node=__buf_split_247 type=observe q_typed_reliable_context=0.972467 sequence=112.229504
[onpolicy-r7/subckt_0295] [plan] step=61 node=421 type=control1 q_typed_reliable_context=1.194166 sequence=113.423670
[onpolicy-r7/subckt_0295] [plan] step=62 node=416 type=control1 q_typed_reliable_context=1.542962 sequence=114.966632
[onpolicy-r7/subckt_0295] [plan] step=63 node=__aig_and_343 type=control1 q_typed_reliable_context=1.595260 sequence=116.561892
[onpolicy-r7/subckt_0295] [plan] step=64 node=__buf_split_52 type=observe q_typed_reliable_context=1.354734 sequence=117.916626
[onpolicy-r7/subckt_0295] [plan] step=65 node=__buf_split_60 type=observe q_typed_reliable_context=1.666151 sequence=119.582777
[onpolicy-r7/subckt_0295] [plan] step=66 node=__buf_split_56 type=observe q_typed_reliable_context=1.653730 sequence=121.236507
[onpolicy-r7/subckt_0295] [plan] step=67 node=357 type=control1 q_typed_reliable_context=1.667470 sequence=122.903977
[onpolicy-r7/subckt_0295] [plan] step=68 node=__buf_split_40 type=observe q_typed_reliable_context=1.272311 sequence=124.176289
[onpolicy-r7/subckt_0295] [plan] step=69 node=__buf_split_44 type=observe q_typed_reliable_context=1.729921 sequence=125.906209
[onpolicy-r7/subckt_0295] [plan] step=70 node=__buf_split_65 type=observe q_typed_reliable_context=2.004108 sequence=127.910317
[onpolicy-r7/subckt_0295] [plan] step=71 node=__buf_split_36 type=observe q_typed_reliable_context=1.984198 sequence=129.894516
[onpolicy-r7/subckt_0295] [plan] step=72 node=__buf_split_48 type=observe q_typed_reliable_context=2.009078 sequence=131.903593
[onpolicy-r7/subckt_0295] [plan] step=73 node=__buf_split_17 type=observe q_typed_reliable_context=1.822183 sequence=133.725776
[onpolicy-r7/subckt_0295] [plan] step=74 node=__buf_split_9 type=observe q_typed_reliable_context=1.511322 sequence=135.237098
[onpolicy-r7/subckt_0295] [plan] step=75 node=__aig_and_349 type=control1 q_typed_reliable_context=3.072177 sequence=138.309275
[onpolicy-r7/subckt_0295] [plan] step=76 node=__aig_and_330 type=control1 q_typed_reliable_context=2.040015 sequence=140.349289
[onpolicy-r7/subckt_0295] [plan] step=77 node=__buf_split_15 type=observe q_typed_reliable_context=3.618516 sequence=143.967805
[onpolicy-r7/subckt_0295] [plan] step=78 node=__buf_split_11 type=observe q_typed_reliable_context=3.358612 sequence=147.326418
[onpolicy-r7/subckt_0295] [plan] step=79 node=373 type=observe q_typed_reliable_context=3.384766 sequence=150.711184
[onpolicy-r7/subckt_0295] [plan] step=80 node=__aig_not_114 type=observe q_typed_reliable_context=3.438480 sequence=154.149664
[onpolicy-r7/subckt_0295] [plan] step=81 node=247 type=control1 q_typed_reliable_context=3.019451 sequence=157.169115
[onpolicy-r7/subckt_0295] [plan] step=82 node=372 type=observe q_typed_reliable_context=2.790802 sequence=159.959917
[onpolicy-r7/subckt_0295] [plan] step=83 node=__aig_not_97 type=observe q_typed_reliable_context=2.954592 sequence=162.914508
[onpolicy-r7/subckt_0295] [plan] step=84 node=__buf_split_155 type=observe q_typed_reliable_context=2.700814 sequence=165.615323
[onpolicy-r7/subckt_0295] [plan] step=85 node=__buf_split_109 type=observe q_typed_reliable_context=2.060925 sequence=167.676247
[onpolicy-r7/subckt_0295] [plan] step=86 node=__aig_and_301 type=observe q_typed_reliable_context=2.379245 sequence=170.055492
[onpolicy-r7/subckt_0295] [plan] step=87 node=__aig_not_105 type=observe q_typed_reliable_context=2.901686 sequence=172.957178
[onpolicy-r7/subckt_0295] [plan] step=88 node=__aig_not_89 type=observe q_typed_reliable_context=2.766846 sequence=175.724024
[onpolicy-r7/subckt_0295] [plan] step=89 node=__aig_and_15 type=observe q_typed_reliable_context=1.736819 sequence=177.460843
[onpolicy-r7/subckt_0295] [plan] step=90 node=__aig_not_130 type=observe q_typed_reliable_context=3.994543 sequence=181.455387
[onpolicy-r7/subckt_0295] [plan] step=91 node=__aig_not_122 type=observe q_typed_reliable_context=2.126594 sequence=183.581981
[onpolicy-r7/subckt_0295] [plan] step=92 node=__aig_and_284 type=observe q_typed_reliable_context=2.185081 sequence=185.767062
[onpolicy-r7/subckt_0295] [plan] step=93 node=__aig_not_106 type=observe q_typed_reliable_context=2.052483 sequence=187.819545
[onpolicy-r7/subckt_0295] [plan] step=94 node=__aig_and_124 type=control1 q_typed_reliable_context=3.436773 sequence=191.256319
[onpolicy-r7/subckt_0295] [plan] step=95 node=431 type=control0 q_typed_reliable_context=3.213905 sequence=194.470224
[onpolicy-r7/subckt_0295] [plan] step=96 node=432 type=control0 q_typed_reliable_context=2.861800 sequence=197.332024
[onpolicy-r7/subckt_0295] [plan] step=97 node=239 type=control1 q_typed_reliable_context=3.738113 sequence=201.070137
[onpolicy-r7/subckt_0295] [plan] step=98 node=__buf_split_249 type=observe q_typed_reliable_context=2.948965 sequence=204.019102
[onpolicy-r7/subckt_0295] [plan] step=99 node=__buf_split_257 type=observe q_typed_reliable_context=1.931336 sequence=205.950438
[onpolicy-r7/subckt_0295] [plan] step=100 node=__aig_and_150 type=control1 q_typed_reliable_context=6.520773 sequence=212.471211
[onpolicy-r7/subckt_0295] [plan] step=101 node=273 type=control0 q_typed_reliable_context=3.968637 sequence=216.439848
[onpolicy-r7/subckt_0295] [plan] step=102 node=__buf_split_45 type=observe q_typed_reliable_context=3.494780 sequence=219.934628
[onpolicy-r7/subckt_0295] [plan] step=103 node=__aig_and_132 type=control1 q_typed_reliable_context=5.024314 sequence=224.958943
[onpolicy-r7/subckt_0295] [plan] step=104 node=270 type=control0 q_typed_reliable_context=2.814129 sequence=227.773071
[onpolicy-r7/subckt_0295] [plan] step=105 node=267 type=control0 q_typed_reliable_context=2.807521 sequence=230.580592
[onpolicy-r7/subckt_0295] [plan] step=106 node=309 type=control0 q_typed_reliable_context=4.079886 sequence=234.660478
[onpolicy-r7/subckt_0295] [plan] step=107 node=__aig_and_92 type=control1 q_typed_reliable_context=5.449818 sequence=240.110296
[onpolicy-r7/subckt_0295] [plan] step=108 node=__buf_split_53 type=observe q_typed_reliable_context=5.354607 sequence=245.464903
[onpolicy-r7/subckt_0295] [plan] step=109 node=__buf_split_49 type=observe q_typed_reliable_context=3.579881 sequence=249.044784
[onpolicy-r7/subckt_0295] [plan] step=110 node=__buf_split_41 type=observe q_typed_reliable_context=2.465586 sequence=251.510371
[onpolicy-r7/subckt_0295] [plan] step=111 node=__aig_and_287 type=observe q_typed_reliable_context=3.750091 sequence=255.260462
[onpolicy-r7/subckt_0295] [plan] step=112 node=__buf_split_37 type=observe q_typed_reliable_context=3.702699 sequence=258.963161
[onpolicy-r7/subckt_0295] [plan] step=113 node=__buf_split_271 type=observe q_typed_reliable_context=4.025248 sequence=262.988409
[onpolicy-r7/subckt_0295] [plan] step=114 node=__buf_split_77 type=observe q_typed_reliable_context=3.319077 sequence=266.307486
[onpolicy-r7/subckt_0295] [plan] step=115 node=__buf_split_81 type=observe q_typed_reliable_context=3.661309 sequence=269.968795
[onpolicy-r7/subckt_0295] [plan] step=116 node=__aig_and_311 type=observe q_typed_reliable_context=5.058690 sequence=275.027485
[onpolicy-r7/subckt_0295] [plan] step=117 node=__buf_split_7 type=observe q_typed_reliable_context=3.935884 sequence=278.963370
[onpolicy-r7/subckt_0295] [plan] step=118 node=415 type=observe q_typed_reliable_context=3.922446 sequence=282.885815
[onpolicy-r7/subckt_0295] [plan] step=119 node=__buf_split_31 type=observe q_typed_reliable_context=3.234477 sequence=286.120293
[onpolicy-r7/subckt_0295] [plan] step=120 node=__buf_split_27 type=observe q_typed_reliable_context=3.728478 sequence=289.848771
[onpolicy-r7/subckt_0295] [plan] step=121 node=__aig_not_113 type=observe q_typed_reliable_context=4.526830 sequence=294.375600
[onpolicy-r7/subckt_0295] [plan] step=122 node=__aig_not_121 type=observe q_typed_reliable_context=4.493398 sequence=298.868998
[onpolicy-r7/subckt_0295] [plan] step=123 node=__aig_not_129 type=observe q_typed_reliable_context=2.874177 sequence=301.743175
[onpolicy-r7/subckt_0295] [plan] step=124 node=__aig_not_138 type=observe q_typed_reliable_context=2.867716 sequence=304.610891
[onpolicy-r7/subckt_0295] [plan] step=125 node=__aig_not_156 type=observe q_typed_reliable_context=3.431316 sequence=308.042207
[onpolicy-r7/subckt_0295] [plan] step=126 node=__aig_not_147 type=observe q_typed_reliable_context=3.497846 sequence=311.540053
[onpolicy-r7/subckt_0295] [plan] step=127 node=__buf_split_134 type=observe q_typed_reliable_context=3.216474 sequence=314.756527
[onpolicy-r7/subckt_0295] [plan] step=128 node=__buf_split_135 type=observe q_typed_reliable_context=3.031892 sequence=317.788420
[onpolicy-r7/subckt_0295] saved=autoresearch/loop-260720-0945/model_training_round7/long_onpolicy_plans/subckt_0295.csv
