[onpolicy-r7/subckt_0375] [plan] torch_deterministic=true
[onpolicy-r7/subckt_0375] [plan] latent_norm_clip_ratio=4 latent_norm_limit=30.609129
[onpolicy-r7/subckt_0375] [plan] step=1 node=__buf_split_384 type=control1 q_typed_reliable_context=5.290558 sequence=5.290558
[onpolicy-r7/subckt_0375] [plan] step=2 node=new_n30440_ type=observe q_typed_reliable_context=5.241658 sequence=10.532215
[onpolicy-r7/subckt_0375] [plan] step=3 node=__buf_split_375 type=control1 q_typed_reliable_context=4.186237 sequence=14.718452
[onpolicy-r7/subckt_0375] [plan] step=4 node=__buf_split_26100 type=observe q_typed_reliable_context=4.940892 sequence=19.659344
[onpolicy-r7/subckt_0375] [plan] step=5 node=__buf_split_25700 type=control1 q_typed_reliable_context=4.985209 sequence=24.644552
[onpolicy-r7/subckt_0375] [plan] step=6 node=__buf_split_24710 type=control0 q_typed_reliable_context=3.672811 sequence=28.317363
[onpolicy-r7/subckt_0375] [plan] step=7 node=__buf_split_23849 type=control0 q_typed_reliable_context=2.741485 sequence=31.058848
[onpolicy-r7/subckt_0375] [plan] step=8 node=__buf_split_28250 type=control1 q_typed_reliable_context=1.785987 sequence=32.844835
[onpolicy-r7/subckt_0375] [plan] step=9 node=new_n33286_ type=control1 q_typed_reliable_context=1.855693 sequence=34.700528
[onpolicy-r7/subckt_0375] [plan] step=10 node=new_n33302_ type=control1 q_typed_reliable_context=2.000021 sequence=36.700549
[onpolicy-r7/subckt_0375] [plan] step=11 node=new_n33304_ type=control1 q_typed_reliable_context=2.000807 sequence=38.701357
[onpolicy-r7/subckt_0375] [plan] step=12 node=new_n27832_ type=control1 q_typed_reliable_context=1.128612 sequence=39.829969
[onpolicy-r7/subckt_0375] [plan] step=13 node=new_n29633_ type=control0 q_typed_reliable_context=1.626791 sequence=41.456760
[onpolicy-r7/subckt_0375] [plan] step=14 node=new_n33614_ type=control0 q_typed_reliable_context=1.461358 sequence=42.918119
[onpolicy-r7/subckt_0375] [plan] step=15 node=new_n33313_ type=control1 q_typed_reliable_context=1.006753 sequence=43.924871
[onpolicy-r7/subckt_0375] [plan] step=16 node=new_n30446_ type=control1 q_typed_reliable_context=1.237829 sequence=45.162700
[onpolicy-r7/subckt_0375] [plan] step=17 node=new_n29858_ type=control0 q_typed_reliable_context=1.238365 sequence=46.401065
[onpolicy-r7/subckt_0375] [plan] step=18 node=new_n548_ type=control0 q_typed_reliable_context=1.078367 sequence=47.479433
[onpolicy-r7/subckt_0375] [plan] step=19 node=new_n29627_ type=control0 q_typed_reliable_context=1.179697 sequence=48.659130
[onpolicy-r7/subckt_0375] [plan] step=20 node=new_n30201_ type=control0 q_typed_reliable_context=1.281759 sequence=49.940889
[onpolicy-r7/subckt_0375] [plan] step=21 node=new_n29854_ type=control0 q_typed_reliable_context=1.408616 sequence=51.349505
[onpolicy-r7/subckt_0375] [plan] step=22 node=new_n29630_ type=control0 q_typed_reliable_context=1.287396 sequence=52.636901
[onpolicy-r7/subckt_0375] [plan] step=23 node=new_n555_ type=control0 q_typed_reliable_context=1.556370 sequence=54.193271
[onpolicy-r7/subckt_0375] [plan] step=24 node=new_n30703_ type=control0 q_typed_reliable_context=1.072145 sequence=55.265416
[onpolicy-r7/subckt_0375] [plan] step=25 node=__buf_split_27181 type=observe q_typed_reliable_context=1.298572 sequence=56.563988
[onpolicy-r7/subckt_0375] [plan] step=26 node=new_n550_ type=control0 q_typed_reliable_context=1.256513 sequence=57.820501
[onpolicy-r7/subckt_0375] [plan] step=27 node=new_n30196_ type=control0 q_typed_reliable_context=1.388026 sequence=59.208527
[onpolicy-r7/subckt_0375] [plan] step=28 node=new_n31706_ type=observe q_typed_reliable_context=1.411254 sequence=60.619781
[onpolicy-r7/subckt_0375] [plan] step=29 node=__buf_split_27184 type=control0 q_typed_reliable_context=1.377493 sequence=61.997274
[onpolicy-r7/subckt_0375] [plan] step=30 node=new_n33308_ type=control1 q_typed_reliable_context=1.510662 sequence=63.507936
[onpolicy-r7/subckt_0375] [plan] step=31 node=new_n30206_ type=control0 q_typed_reliable_context=1.236454 sequence=64.744390
[onpolicy-r7/subckt_0375] [plan] step=32 node=new_n29634_ type=control0 q_typed_reliable_context=1.962009 sequence=66.706400
[onpolicy-r7/subckt_0375] [plan] step=33 node=new_n29009_ type=control1 q_typed_reliable_context=1.527163 sequence=68.233562
[onpolicy-r7/subckt_0375] [plan] step=34 node=__buf_split_25877 type=observe q_typed_reliable_context=1.040290 sequence=69.273852
[onpolicy-r7/subckt_0375] [plan] step=35 node=__buf_split_25342 type=control1 q_typed_reliable_context=1.972946 sequence=71.246799
[onpolicy-r7/subckt_0375] [plan] step=36 node=__buf_split_26935 type=observe q_typed_reliable_context=1.240970 sequence=72.487769
[onpolicy-r7/subckt_0375] [plan] step=37 node=new_n29845_ type=control1 q_typed_reliable_context=1.755777 sequence=74.243546
[onpolicy-r7/subckt_0375] [plan] step=38 node=new_n29040_ type=control1 q_typed_reliable_context=1.208193 sequence=75.451739
[onpolicy-r7/subckt_0375] [plan] step=39 node=new_n31700_ type=observe q_typed_reliable_context=1.072095 sequence=76.523835
[onpolicy-r7/subckt_0375] [plan] step=40 node=new_n556_ type=control1 q_typed_reliable_context=1.753996 sequence=78.277831
[onpolicy-r7/subckt_0375] [plan] step=41 node=__buf_split_25875 type=control1 q_typed_reliable_context=1.068903 sequence=79.346734
[onpolicy-r7/subckt_0375] [plan] step=42 node=new_n29014_ type=control1 q_typed_reliable_context=1.611903 sequence=80.958636
[onpolicy-r7/subckt_0375] [plan] step=43 node=__buf_split_127 type=control0 q_typed_reliable_context=1.207735 sequence=82.166372
[onpolicy-r7/subckt_0375] [plan] step=44 node=__buf_split_113 type=control0 q_typed_reliable_context=1.276560 sequence=83.442932
[onpolicy-r7/subckt_0375] [plan] step=45 node=new_n28984_ type=control1 q_typed_reliable_context=1.952567 sequence=85.395499
[onpolicy-r7/subckt_0375] [plan] step=46 node=new_n331_ type=control0 q_typed_reliable_context=1.253188 sequence=86.648687
[onpolicy-r7/subckt_0375] [plan] step=47 node=new_n29620_ type=control0 q_typed_reliable_context=1.129053 sequence=87.777739
[onpolicy-r7/subckt_0375] [plan] step=48 node=new_n30436_ type=observe q_typed_reliable_context=2.290336 sequence=90.068075
[onpolicy-r7/subckt_0375] [plan] step=49 node=new_n29056_ type=control1 q_typed_reliable_context=2.404690 sequence=92.472765
[onpolicy-r7/subckt_0375] [plan] step=50 node=new_n30194_ type=control1 q_typed_reliable_context=2.156715 sequence=94.629481
[onpolicy-r7/subckt_0375] [plan] step=51 node=new_n30438_ type=observe q_typed_reliable_context=2.756454 sequence=97.385935
[onpolicy-r7/subckt_0375] [plan] step=52 node=new_n30437_ type=observe q_typed_reliable_context=1.560320 sequence=98.946255
[onpolicy-r7/subckt_0375] [plan] step=53 node=new_n33306_ type=control0 q_typed_reliable_context=1.619292 sequence=100.565547
[onpolicy-r7/subckt_0375] [plan] step=54 node=new_n30441_ type=observe q_typed_reliable_context=2.164940 sequence=102.730487
[onpolicy-r7/subckt_0375] [plan] step=55 node=__buf_split_25878 type=observe q_typed_reliable_context=2.035143 sequence=104.765630
[onpolicy-r7/subckt_0375] [plan] step=56 node=new_n33613_ type=control1 q_typed_reliable_context=3.029429 sequence=107.795059
[onpolicy-r7/subckt_0375] [plan] step=57 node=new_n31981_ type=observe q_typed_reliable_context=1.452746 sequence=109.247805
[onpolicy-r7/subckt_0375] [plan] step=58 node=new_n31984_ type=observe q_typed_reliable_context=1.808928 sequence=111.056733
[onpolicy-r7/subckt_0375] [plan] step=59 node=new_n30439_ type=observe q_typed_reliable_context=2.206739 sequence=113.263471
[onpolicy-r7/subckt_0375] [plan] step=60 node=new_n33287_ type=control0 q_typed_reliable_context=2.270634 sequence=115.534106
[onpolicy-r7/subckt_0375] [plan] step=61 node=__buf_split_28268 type=control0 q_typed_reliable_context=1.764233 sequence=117.298339
[onpolicy-r7/subckt_0375] [plan] step=62 node=new_n553_ type=control0 q_typed_reliable_context=3.578909 sequence=120.877248
[onpolicy-r7/subckt_0375] [plan] step=63 node=__buf_split_25344 type=control0 q_typed_reliable_context=1.129856 sequence=122.007104
[onpolicy-r7/subckt_0375] [plan] step=64 node=new_n30445_ type=observe q_typed_reliable_context=1.180513 sequence=123.187618
[onpolicy-r7/subckt_0375] [plan] step=65 node=new_n329_ type=control0 q_typed_reliable_context=1.492023 sequence=124.679640
[onpolicy-r7/subckt_0375] [plan] step=66 node=new_n30203_ type=control1 q_typed_reliable_context=3.040397 sequence=127.720037
[onpolicy-r7/subckt_0375] [plan] step=67 node=new_n29012_ type=control0 q_typed_reliable_context=3.295391 sequence=131.015428
[onpolicy-r7/subckt_0375] [plan] step=68 node=new_n29649_ type=control0 q_typed_reliable_context=1.589563 sequence=132.604991
[onpolicy-r7/subckt_0375] [plan] step=69 node=new_n370_ type=control0 q_typed_reliable_context=0.943321 sequence=133.548312
[onpolicy-r7/subckt_0375] [plan] step=70 node=new_n30435_ type=observe q_typed_reliable_context=3.880992 sequence=137.429304
[onpolicy-r7/subckt_0375] [plan] step=71 node=new_n29623_ type=control0 q_typed_reliable_context=1.163629 sequence=138.592933
[onpolicy-r7/subckt_0375] [plan] step=72 node=new_n31985_ type=control1 q_typed_reliable_context=1.923053 sequence=140.515986
[onpolicy-r7/subckt_0375] [plan] step=73 node=new_n29008_ type=control0 q_typed_reliable_context=2.283370 sequence=142.799355
[onpolicy-r7/subckt_0375] [plan] step=74 node=new_n28985_ type=control0 q_typed_reliable_context=1.152597 sequence=143.951953
[onpolicy-r7/subckt_0375] [plan] step=75 node=new_n29038_ type=control0 q_typed_reliable_context=1.736825 sequence=145.688778
[onpolicy-r7/subckt_0375] [plan] step=76 node=new_n368_ type=control0 q_typed_reliable_context=1.123138 sequence=146.811916
[onpolicy-r7/subckt_0375] [plan] step=77 node=new_n33305_ type=control0 q_typed_reliable_context=1.683820 sequence=148.495735
[onpolicy-r7/subckt_0375] [plan] step=78 node=new_n380_ type=control0 q_typed_reliable_context=1.267668 sequence=149.763403
[onpolicy-r7/subckt_0375] [plan] step=79 node=new_n31709_ type=control0 q_typed_reliable_context=1.454240 sequence=151.217643
[onpolicy-r7/subckt_0375] [plan] step=80 node=__buf_split_28260 type=observe q_typed_reliable_context=1.607272 sequence=152.824916
[onpolicy-r7/subckt_0375] [plan] step=81 node=new_n33312_ type=control0 q_typed_reliable_context=1.679023 sequence=154.503939
[onpolicy-r7/subckt_0375] [plan] step=82 node=new_n33301_ type=observe q_typed_reliable_context=1.575511 sequence=156.079450
[onpolicy-r7/subckt_0375] [plan] step=83 node=new_n379_ type=control0 q_typed_reliable_context=1.633702 sequence=157.713152
[onpolicy-r7/subckt_0375] [plan] step=84 node=new_n31987_ type=control0 q_typed_reliable_context=1.426280 sequence=159.139432
[onpolicy-r7/subckt_0375] [plan] step=85 node=new_n30702_ type=observe q_typed_reliable_context=1.525637 sequence=160.665069
[onpolicy-r7/subckt_0375] [plan] step=86 node=new_n376_ type=control0 q_typed_reliable_context=1.712512 sequence=162.377581
[onpolicy-r7/subckt_0375] [plan] step=87 node=__buf_split_27183 type=observe q_typed_reliable_context=1.214791 sequence=163.592373
[onpolicy-r7/subckt_0375] [plan] step=88 node=new_n375_ type=control0 q_typed_reliable_context=1.269458 sequence=164.861830
[onpolicy-r7/subckt_0375] [plan] step=89 node=new_n29632_ type=control1 q_typed_reliable_context=1.406224 sequence=166.268054
[onpolicy-r7/subckt_0375] [plan] step=90 node=__buf_split_27180 type=observe q_typed_reliable_context=1.176597 sequence=167.444651
[onpolicy-r7/subckt_0375] [plan] step=91 node=new_n29857_ type=control1 q_typed_reliable_context=3.131905 sequence=170.576556
[onpolicy-r7/subckt_0375] [plan] step=92 node=new_n29855_ type=control1 q_typed_reliable_context=2.397353 sequence=172.973910
[onpolicy-r7/subckt_0375] [plan] step=93 node=new_n30199_ type=control1 q_typed_reliable_context=4.023858 sequence=176.997768
[onpolicy-r7/subckt_0375] [plan] step=94 node=new_n547_ type=control1 q_typed_reliable_context=3.277614 sequence=180.275382
[onpolicy-r7/subckt_0375] [plan] step=95 node=new_n29629_ type=control1 q_typed_reliable_context=1.327237 sequence=181.602619
[onpolicy-r7/subckt_0375] [plan] step=96 node=new_n31994_ type=control1 q_typed_reliable_context=1.924788 sequence=183.527407
[onpolicy-r7/subckt_0375] [plan] step=97 node=new_n30442_ type=observe q_typed_reliable_context=1.210755 sequence=184.738162
[onpolicy-r7/subckt_0375] [plan] step=98 node=__buf_split_29092 type=control0 q_typed_reliable_context=2.666241 sequence=187.404403
[onpolicy-r7/subckt_0375] [plan] step=99 node=__buf_split_25880 type=observe q_typed_reliable_context=2.281935 sequence=189.686338
[onpolicy-r7/subckt_0375] [plan] step=100 node=new_n31694_ type=observe q_typed_reliable_context=1.634283 sequence=191.320621
[onpolicy-r7/subckt_0375] [plan] step=101 node=new_n31696_ type=observe q_typed_reliable_context=1.892602 sequence=193.213223
[onpolicy-r7/subckt_0375] [plan] step=102 node=__buf_split_27179 type=observe q_typed_reliable_context=2.644042 sequence=195.857265
[onpolicy-r7/subckt_0375] [plan] step=103 node=new_n31982_ type=observe q_typed_reliable_context=3.024685 sequence=198.881950
[onpolicy-r7/subckt_0375] [plan] step=104 node=__buf_split_26942 type=observe q_typed_reliable_context=2.265154 sequence=201.147104
[onpolicy-r7/subckt_0375] [plan] step=105 node=__buf_split_28264 type=observe q_typed_reliable_context=2.394524 sequence=203.541628
[onpolicy-r7/subckt_0375] [plan] step=106 node=__buf_split_26945 type=observe q_typed_reliable_context=2.319110 sequence=205.860738
[onpolicy-r7/subckt_0375] [plan] step=107 node=__buf_split_25150 type=observe q_typed_reliable_context=1.572174 sequence=207.432912
[onpolicy-r7/subckt_0375] [plan] step=108 node=new_n28241_ type=observe q_typed_reliable_context=1.615532 sequence=209.048444
[onpolicy-r7/subckt_0375] [plan] step=109 node=__buf_split_25149 type=observe q_typed_reliable_context=2.225446 sequence=211.273890
[onpolicy-r7/subckt_0375] [plan] step=110 node=__buf_split_24024 type=observe q_typed_reliable_context=2.717674 sequence=213.991564
[onpolicy-r7/subckt_0375] [plan] step=111 node=__buf_split_25147 type=observe q_typed_reliable_context=2.831651 sequence=216.823214
[onpolicy-r7/subckt_0375] [plan] step=112 node=__buf_split_25148 type=observe q_typed_reliable_context=2.257895 sequence=219.081109
[onpolicy-r7/subckt_0375] [plan] step=113 node=new_n30701_ type=observe q_typed_reliable_context=2.154652 sequence=221.235761
[onpolicy-r7/subckt_0375] [plan] step=114 node=new_n29621_ type=control1 q_typed_reliable_context=1.658605 sequence=222.894366
[onpolicy-r7/subckt_0375] [plan] step=115 node=__buf_split_28270 type=control0 q_typed_reliable_context=1.516519 sequence=224.410885
[onpolicy-r7/subckt_0375] [plan] step=116 node=new_n31695_ type=observe q_typed_reliable_context=2.087441 sequence=226.498327
[onpolicy-r7/subckt_0375] [plan] step=117 node=new_n31983_ type=observe q_typed_reliable_context=1.962974 sequence=228.461300
[onpolicy-r7/subckt_0375] [plan] step=118 node=new_n31707_ type=observe q_typed_reliable_context=1.644253 sequence=230.105553
[onpolicy-r7/subckt_0375] [plan] step=119 node=new_n31702_ type=observe q_typed_reliable_context=1.304881 sequence=231.410434
[onpolicy-r7/subckt_0375] [plan] step=120 node=new_n31701_ type=observe q_typed_reliable_context=0.975431 sequence=232.385866
[onpolicy-r7/subckt_0375] [plan] step=121 node=new_n559_ type=control1 q_typed_reliable_context=6.295147 sequence=238.681013
[onpolicy-r7/subckt_0375] [plan] step=122 node=new_n31699_ type=observe q_typed_reliable_context=1.400425 sequence=240.081438
[onpolicy-r7/subckt_0375] [plan] step=123 node=quotient[15] type=control1 q_typed_reliable_context=4.106642 sequence=244.188080
[onpolicy-r7/subckt_0375] [plan] step=124 node=new_n558_ type=control1 q_typed_reliable_context=2.103344 sequence=246.291424
[onpolicy-r7/subckt_0375] [plan] step=125 node=__buf_split_118 type=control0 q_typed_reliable_context=0.892992 sequence=247.184417
[onpolicy-r7/subckt_0375] [plan] step=126 node=__buf_split_117 type=control0 q_typed_reliable_context=1.043933 sequence=248.228350
[onpolicy-r7/subckt_0375] [plan] step=127 node=new_n33288_ type=control1 q_typed_reliable_context=4.420349 sequence=252.648699
[onpolicy-r7/subckt_0375] [plan] step=128 node=new_n31988_ type=control0 q_typed_reliable_context=1.613240 sequence=254.261939
[onpolicy-r7/subckt_0375] saved=autoresearch/loop-260720-0945/model_training_round7/long_onpolicy_plans/subckt_0375.csv
