[onpolicy-r7/subckt_0266] [plan] torch_deterministic=true
[onpolicy-r7/subckt_0266] [plan] latent_norm_clip_ratio=4 latent_norm_limit=30.518511
[onpolicy-r7/subckt_0266] [plan] step=1 node=new_n28915 type=observe q_typed_reliable_context=4.778083 sequence=4.778083
[onpolicy-r7/subckt_0266] [plan] step=2 node=new_n15297 type=observe q_typed_reliable_context=6.139869 sequence=10.917953
[onpolicy-r7/subckt_0266] [plan] step=3 node=new_n15299 type=observe q_typed_reliable_context=7.359516 sequence=18.277469
[onpolicy-r7/subckt_0266] [plan] step=4 node=__buf_split_39847 type=observe q_typed_reliable_context=6.586960 sequence=24.864429
[onpolicy-r7/subckt_0266] [plan] step=5 node=__buf_split_39851 type=observe q_typed_reliable_context=6.560491 sequence=31.424920
[onpolicy-r7/subckt_0266] [plan] step=6 node=__buf_split_20818 type=observe q_typed_reliable_context=5.144456 sequence=36.569376
[onpolicy-r7/subckt_0266] [plan] step=7 node=__aig_and_31990 type=control1 q_typed_reliable_context=2.029167 sequence=38.598543
[onpolicy-r7/subckt_0266] [plan] step=8 node=new_n29146 type=observe q_typed_reliable_context=2.428132 sequence=41.026675
[onpolicy-r7/subckt_0266] [plan] step=9 node=__aig_and_62955 type=control0 q_typed_reliable_context=1.678521 sequence=42.705196
[onpolicy-r7/subckt_0266] [plan] step=10 node=__aig_not_62966 type=control0 q_typed_reliable_context=1.814622 sequence=44.519819
[onpolicy-r7/subckt_0266] [plan] step=11 node=__aig_and_34071 type=control0 q_typed_reliable_context=1.164999 sequence=45.684818
[onpolicy-r7/subckt_0266] [plan] step=12 node=new_n29620 type=control1 q_typed_reliable_context=1.170012 sequence=46.854829
[onpolicy-r7/subckt_0266] [plan] step=13 node=__aig_and_62965 type=control1 q_typed_reliable_context=1.169246 sequence=48.024075
[onpolicy-r7/subckt_0266] [plan] step=14 node=__aig_and_32115 type=observe q_typed_reliable_context=1.012359 sequence=49.036434
[onpolicy-r7/subckt_0266] [plan] step=15 node=__aig_and_34003 type=control0 q_typed_reliable_context=1.087273 sequence=50.123707
[onpolicy-r7/subckt_0266] [plan] step=16 node=__aig_and_62884 type=observe q_typed_reliable_context=1.376711 sequence=51.500418
[onpolicy-r7/subckt_0266] [plan] step=17 node=__buf_split_40826 type=control0 q_typed_reliable_context=2.320310 sequence=53.820728
[onpolicy-r7/subckt_0266] [plan] step=18 node=__aig_not_62928 type=control0 q_typed_reliable_context=1.404319 sequence=55.225047
[onpolicy-r7/subckt_0266] [plan] step=19 node=new_n15285 type=control0 q_typed_reliable_context=1.764095 sequence=56.989142
[onpolicy-r7/subckt_0266] [plan] step=20 node=__aig_and_62427 type=observe q_typed_reliable_context=1.817904 sequence=58.807046
[onpolicy-r7/subckt_0266] [plan] step=21 node=new_n16183 type=control0 q_typed_reliable_context=2.589311 sequence=61.396357
[onpolicy-r7/subckt_0266] [plan] step=22 node=__aig_not_62513 type=control0 q_typed_reliable_context=3.163752 sequence=64.560110
[onpolicy-r7/subckt_0266] [plan] step=23 node=new_n29194 type=control0 q_typed_reliable_context=1.632590 sequence=66.192699
[onpolicy-r7/subckt_0266] [plan] step=24 node=__aig_not_62510 type=control0 q_typed_reliable_context=2.570915 sequence=68.763614
[onpolicy-r7/subckt_0266] [plan] step=25 node=__aig_not_62957 type=control0 q_typed_reliable_context=1.888115 sequence=70.651728
[onpolicy-r7/subckt_0266] [plan] step=26 node=__aig_and_62482 type=control0 q_typed_reliable_context=2.023667 sequence=72.675395
[onpolicy-r7/subckt_0266] [plan] step=27 node=__aig_not_62484 type=control0 q_typed_reliable_context=1.792519 sequence=74.467914
[onpolicy-r7/subckt_0266] [plan] step=28 node=__aig_not_62805 type=control0 q_typed_reliable_context=1.546017 sequence=76.013931
[onpolicy-r7/subckt_0266] [plan] step=29 node=__aig_and_62953 type=control1 q_typed_reliable_context=1.526924 sequence=77.540855
[onpolicy-r7/subckt_0266] [plan] step=30 node=__aig_not_62560 type=control0 q_typed_reliable_context=1.732003 sequence=79.272859
[onpolicy-r7/subckt_0266] [plan] step=31 node=__aig_not_34401 type=control0 q_typed_reliable_context=1.699008 sequence=80.971867
[onpolicy-r7/subckt_0266] [plan] step=32 node=__aig_not_34073 type=control0 q_typed_reliable_context=2.246419 sequence=83.218285
[onpolicy-r7/subckt_0266] [plan] step=33 node=__aig_not_34102 type=control0 q_typed_reliable_context=2.409660 sequence=85.627946
[onpolicy-r7/subckt_0266] [plan] step=34 node=__aig_and_63449 type=control0 q_typed_reliable_context=1.992173 sequence=87.620119
[onpolicy-r7/subckt_0266] [plan] step=35 node=__aig_not_1447 type=control0 q_typed_reliable_context=1.730589 sequence=89.350708
[onpolicy-r7/subckt_0266] [plan] step=36 node=__aig_not_62963 type=control0 q_typed_reliable_context=1.349341 sequence=90.700049
[onpolicy-r7/subckt_0266] [plan] step=37 node=__aig_not_61980 type=control0 q_typed_reliable_context=1.259668 sequence=91.959717
[onpolicy-r7/subckt_0266] [plan] step=38 node=__aig_not_34045 type=control0 q_typed_reliable_context=0.985442 sequence=92.945158
[onpolicy-r7/subckt_0266] [plan] step=39 node=__aig_and_32881 type=control0 q_typed_reliable_context=0.998563 sequence=93.943722
[onpolicy-r7/subckt_0266] [plan] step=40 node=__aig_and_33693 type=control0 q_typed_reliable_context=0.997941 sequence=94.941663
[onpolicy-r7/subckt_0266] [plan] step=41 node=__aig_not_33703 type=control0 q_typed_reliable_context=1.068878 sequence=96.010541
[onpolicy-r7/subckt_0266] [plan] step=42 node=__aig_not_62455 type=control0 q_typed_reliable_context=0.966581 sequence=96.977122
[onpolicy-r7/subckt_0266] [plan] step=43 node=__aig_not_33688 type=control0 q_typed_reliable_context=0.867662 sequence=97.844784
[onpolicy-r7/subckt_0266] [plan] step=44 node=__aig_not_33682 type=control0 q_typed_reliable_context=0.862732 sequence=98.707516
[onpolicy-r7/subckt_0266] [plan] step=45 node=__aig_not_34099 type=control0 q_typed_reliable_context=0.828893 sequence=99.536409
[onpolicy-r7/subckt_0266] [plan] step=46 node=__aig_not_62056 type=control0 q_typed_reliable_context=0.845851 sequence=100.382260
[onpolicy-r7/subckt_0266] [plan] step=47 node=__aig_not_62526 type=control0 q_typed_reliable_context=0.913840 sequence=101.296100
[onpolicy-r7/subckt_0266] [plan] step=48 node=__aig_and_62376 type=control0 q_typed_reliable_context=0.970834 sequence=102.266934
[onpolicy-r7/subckt_0266] [plan] step=49 node=__aig_and_33687 type=control0 q_typed_reliable_context=0.977809 sequence=103.244742
[onpolicy-r7/subckt_0266] [plan] step=50 node=__aig_not_34005 type=control0 q_typed_reliable_context=0.840794 sequence=104.085537
[onpolicy-r7/subckt_0266] [plan] step=51 node=__aig_and_62887 type=control0 q_typed_reliable_context=0.976430 sequence=105.061966
[onpolicy-r7/subckt_0266] [plan] step=52 node=__aig_not_63004 type=control0 q_typed_reliable_context=0.834645 sequence=105.896611
[onpolicy-r7/subckt_0266] [plan] step=53 node=__aig_not_62558 type=control0 q_typed_reliable_context=0.832088 sequence=106.728699
[onpolicy-r7/subckt_0266] [plan] step=54 node=__aig_not_62923 type=control0 q_typed_reliable_context=0.906675 sequence=107.635374
[onpolicy-r7/subckt_0266] [plan] step=55 node=__aig_and_62042 type=control0 q_typed_reliable_context=1.078594 sequence=108.713967
[onpolicy-r7/subckt_0266] [plan] step=56 node=__aig_and_34413 type=control0 q_typed_reliable_context=1.128453 sequence=109.842420
[onpolicy-r7/subckt_0266] [plan] step=57 node=__aig_not_62053 type=control0 q_typed_reliable_context=0.930631 sequence=110.773051
[onpolicy-r7/subckt_0266] [plan] step=58 node=__aig_and_62922 type=control0 q_typed_reliable_context=1.099411 sequence=111.872462
[onpolicy-r7/subckt_0266] [plan] step=59 node=__aig_not_28836 type=control0 q_typed_reliable_context=0.913409 sequence=112.785871
[onpolicy-r7/subckt_0266] [plan] step=60 node=__aig_and_62524 type=control0 q_typed_reliable_context=1.113347 sequence=113.899217
[onpolicy-r7/subckt_0266] [plan] step=61 node=__aig_not_63431 type=control0 q_typed_reliable_context=0.964808 sequence=114.864026
[onpolicy-r7/subckt_0266] [plan] step=62 node=__aig_not_34777 type=control0 q_typed_reliable_context=0.955731 sequence=115.819756
[onpolicy-r7/subckt_0266] [plan] step=63 node=__aig_not_34467 type=control0 q_typed_reliable_context=0.972951 sequence=116.792707
[onpolicy-r7/subckt_0266] [plan] step=64 node=__aig_not_63428 type=control0 q_typed_reliable_context=1.077340 sequence=117.870047
[onpolicy-r7/subckt_0266] [plan] step=65 node=__aig_and_62008 type=control0 q_typed_reliable_context=1.150549 sequence=119.020596
[onpolicy-r7/subckt_0266] [plan] step=66 node=__aig_and_63366 type=control0 q_typed_reliable_context=1.059257 sequence=120.079853
[onpolicy-r7/subckt_0266] [plan] step=67 node=__aig_and_63373 type=control0 q_typed_reliable_context=1.171303 sequence=121.251156
[onpolicy-r7/subckt_0266] [plan] step=68 node=__aig_not_63825 type=control0 q_typed_reliable_context=0.941146 sequence=122.192302
[onpolicy-r7/subckt_0266] [plan] step=69 node=__aig_and_62894 type=control0 q_typed_reliable_context=1.038072 sequence=123.230374
[onpolicy-r7/subckt_0266] [plan] step=70 node=__aig_not_32921 type=control0 q_typed_reliable_context=0.945018 sequence=124.175392
[onpolicy-r7/subckt_0266] [plan] step=71 node=__aig_not_62037 type=control0 q_typed_reliable_context=0.899531 sequence=125.074923
[onpolicy-r7/subckt_0266] [plan] step=72 node=__aig_and_33697 type=control0 q_typed_reliable_context=1.082489 sequence=126.157412
[onpolicy-r7/subckt_0266] [plan] step=73 node=__aig_not_32853 type=control0 q_typed_reliable_context=1.005298 sequence=127.162711
[onpolicy-r7/subckt_0266] [plan] step=74 node=__aig_not_32876 type=control0 q_typed_reliable_context=0.920522 sequence=128.083232
[onpolicy-r7/subckt_0266] [plan] step=75 node=__aig_not_62448 type=control0 q_typed_reliable_context=0.875446 sequence=128.958678
[onpolicy-r7/subckt_0266] [plan] step=76 node=__buf_split_40178 type=control0 q_typed_reliable_context=0.915241 sequence=129.873919
[onpolicy-r7/subckt_0266] [plan] step=77 node=__aig_not_61965 type=control0 q_typed_reliable_context=0.938575 sequence=130.812494
[onpolicy-r7/subckt_0266] [plan] step=78 node=__aig_not_34443 type=control0 q_typed_reliable_context=0.988416 sequence=131.800910
[onpolicy-r7/subckt_0266] [plan] step=79 node=__aig_not_63403 type=control0 q_typed_reliable_context=0.996586 sequence=132.797496
[onpolicy-r7/subckt_0266] [plan] step=80 node=__buf_split_22440 type=control0 q_typed_reliable_context=0.926778 sequence=133.724274
[onpolicy-r7/subckt_0266] [plan] step=81 node=__buf_split_21962 type=control0 q_typed_reliable_context=1.041558 sequence=134.765832
[onpolicy-r7/subckt_0266] [plan] step=82 node=__aig_not_62044 type=control0 q_typed_reliable_context=1.063349 sequence=135.829180
[onpolicy-r7/subckt_0266] [plan] step=83 node=__aig_not_32165 type=control0 q_typed_reliable_context=0.982636 sequence=136.811816
[onpolicy-r7/subckt_0266] [plan] step=84 node=__buf_split_41106 type=control0 q_typed_reliable_context=0.935966 sequence=137.747782
[onpolicy-r7/subckt_0266] [plan] step=85 node=__aig_not_33742 type=control0 q_typed_reliable_context=1.069368 sequence=138.817150
[onpolicy-r7/subckt_0266] [plan] step=86 node=__aig_not_32137 type=control0 q_typed_reliable_context=1.326068 sequence=140.143218
[onpolicy-r7/subckt_0266] [plan] step=87 node=__buf_split_41100 type=control0 q_typed_reliable_context=1.254623 sequence=141.397841
[onpolicy-r7/subckt_0266] [plan] step=88 node=__aig_not_32173 type=control0 q_typed_reliable_context=1.301486 sequence=142.699326
[onpolicy-r7/subckt_0266] [plan] step=89 node=__aig_not_63829 type=control0 q_typed_reliable_context=1.317517 sequence=144.016843
[onpolicy-r7/subckt_0266] [plan] step=90 node=__aig_not_32162 type=control0 q_typed_reliable_context=1.325583 sequence=145.342426
[onpolicy-r7/subckt_0266] [plan] step=91 node=__aig_not_64107 type=control0 q_typed_reliable_context=1.357227 sequence=146.699653
[onpolicy-r7/subckt_0266] [plan] step=92 node=__aig_not_34106 type=control0 q_typed_reliable_context=1.322657 sequence=148.022310
[onpolicy-r7/subckt_0266] [plan] step=93 node=__aig_not_34368 type=control0 q_typed_reliable_context=1.187202 sequence=149.209512
[onpolicy-r7/subckt_0266] [plan] step=94 node=__aig_not_64201 type=control0 q_typed_reliable_context=1.192160 sequence=150.401672
[onpolicy-r7/subckt_0266] [plan] step=95 node=__aig_not_32119 type=control0 q_typed_reliable_context=1.337991 sequence=151.739663
[onpolicy-r7/subckt_0266] [plan] step=96 node=__buf_split_79 type=control0 q_typed_reliable_context=1.398964 sequence=153.138626
[onpolicy-r7/subckt_0266] [plan] step=97 node=__aig_not_20 type=control0 q_typed_reliable_context=1.699449 sequence=154.838075
[onpolicy-r7/subckt_0266] [plan] step=98 node=__aig_not_72 type=control0 q_typed_reliable_context=1.610178 sequence=156.448253
[onpolicy-r7/subckt_0266] [plan] step=99 node=__aig_not_81 type=control0 q_typed_reliable_context=1.531140 sequence=157.979393
[onpolicy-r7/subckt_0266] [plan] step=100 node=__aig_not_31 type=control0 q_typed_reliable_context=1.459459 sequence=159.438852
[onpolicy-r7/subckt_0266] [plan] step=101 node=__aig_not_41 type=control0 q_typed_reliable_context=1.449668 sequence=160.888520
[onpolicy-r7/subckt_0266] [plan] step=102 node=__aig_not_49 type=control0 q_typed_reliable_context=1.424204 sequence=162.312725
[onpolicy-r7/subckt_0266] [plan] step=103 node=__aig_not_54 type=control0 q_typed_reliable_context=1.409068 sequence=163.721792
[onpolicy-r7/subckt_0266] [plan] step=104 node=__buf_split_177 type=control0 q_typed_reliable_context=1.353333 sequence=165.075126
[onpolicy-r7/subckt_0266] [plan] step=105 node=__aig_not_63906 type=control0 q_typed_reliable_context=1.404798 sequence=166.479924
[onpolicy-r7/subckt_0266] [plan] step=106 node=__aig_not_32208 type=control0 q_typed_reliable_context=1.414763 sequence=167.894687
[onpolicy-r7/subckt_0266] [plan] step=107 node=__aig_not_63441 type=control0 q_typed_reliable_context=1.422582 sequence=169.317269
[onpolicy-r7/subckt_0266] [plan] step=108 node=__buf_split_21959 type=control0 q_typed_reliable_context=1.366829 sequence=170.684098
[onpolicy-r7/subckt_0266] [plan] step=109 node=__aig_not_63435 type=control0 q_typed_reliable_context=1.757333 sequence=172.441431
[onpolicy-r7/subckt_0266] [plan] step=110 node=__aig_not_34781 type=control0 q_typed_reliable_context=1.654101 sequence=174.095532
[onpolicy-r7/subckt_0266] [plan] step=111 node=__aig_not_32204 type=control0 q_typed_reliable_context=1.648752 sequence=175.744283
[onpolicy-r7/subckt_0266] [plan] step=112 node=__aig_not_32159 type=control0 q_typed_reliable_context=1.604125 sequence=177.348408
[onpolicy-r7/subckt_0266] [plan] step=113 node=__aig_not_62519 type=control0 q_typed_reliable_context=1.858310 sequence=179.206718
[onpolicy-r7/subckt_0266] [plan] step=114 node=__aig_not_32849 type=control0 q_typed_reliable_context=1.830175 sequence=181.036893
[onpolicy-r7/subckt_0266] [plan] step=115 node=__buf_split_22178 type=control0 q_typed_reliable_context=1.627147 sequence=182.664040
[onpolicy-r7/subckt_0266] [plan] step=116 node=__aig_not_34783 type=control0 q_typed_reliable_context=1.746112 sequence=184.410152
[onpolicy-r7/subckt_0266] [plan] step=117 node=__aig_not_63437 type=control0 q_typed_reliable_context=1.576782 sequence=185.986934
[onpolicy-r7/subckt_0266] [plan] step=118 node=__aig_not_33698 type=control0 q_typed_reliable_context=1.438736 sequence=187.425670
[onpolicy-r7/subckt_0266] [plan] step=119 node=__aig_not_34471 type=control0 q_typed_reliable_context=1.876975 sequence=189.302645
[onpolicy-r7/subckt_0266] [plan] step=120 node=__aig_not_63866 type=control0 q_typed_reliable_context=1.660413 sequence=190.963058
[onpolicy-r7/subckt_0266] [plan] step=121 node=__aig_not_32177 type=control0 q_typed_reliable_context=1.419563 sequence=192.382621
[onpolicy-r7/subckt_0266] [plan] step=122 node=__aig_not_32916 type=control0 q_typed_reliable_context=1.289584 sequence=193.672205
[onpolicy-r7/subckt_0266] [plan] step=123 node=__buf_split_40203 type=control0 q_typed_reliable_context=1.690931 sequence=195.363136
[onpolicy-r7/subckt_0266] [plan] step=124 node=__aig_not_34478 type=control0 q_typed_reliable_context=2.066825 sequence=197.429961
[onpolicy-r7/subckt_0266] [plan] step=125 node=__aig_not_63872 type=control0 q_typed_reliable_context=2.014229 sequence=199.444190
[onpolicy-r7/subckt_0266] [plan] step=126 node=__aig_not_63369 type=control0 q_typed_reliable_context=1.620170 sequence=201.064360
[onpolicy-r7/subckt_0266] [plan] step=127 node=__aig_not_34474 type=control0 q_typed_reliable_context=2.214061 sequence=203.278421
[onpolicy-r7/subckt_0266] [plan] step=128 node=__aig_not_63870 type=control0 q_typed_reliable_context=2.215843 sequence=205.494264
[onpolicy-r7/subckt_0266] saved=autoresearch/loop-260720-0945/model_training_round7/long_onpolicy_plans/subckt_0266.csv
