[onpolicy-r7/subckt_0279] [plan] torch_deterministic=true
[onpolicy-r7/subckt_0279] [plan] latent_norm_clip_ratio=4 latent_norm_limit=30.522606
[onpolicy-r7/subckt_0279] [plan] step=1 node=new_n50721_ type=control1 q_typed_reliable_context=4.281589 sequence=4.281589
[onpolicy-r7/subckt_0279] [plan] step=2 node=new_n48648_ type=observe q_typed_reliable_context=8.014072 sequence=12.295661
[onpolicy-r7/subckt_0279] [plan] step=3 node=new_n48578_ type=observe q_typed_reliable_context=4.433103 sequence=16.728764
[onpolicy-r7/subckt_0279] [plan] step=4 node=new_n47891_ type=control1 q_typed_reliable_context=3.350726 sequence=20.079490
[onpolicy-r7/subckt_0279] [plan] step=5 node=new_n47870_ type=control0 q_typed_reliable_context=2.476731 sequence=22.556220
[onpolicy-r7/subckt_0279] [plan] step=6 node=new_n47885_ type=control0 q_typed_reliable_context=1.839790 sequence=24.396011
[onpolicy-r7/subckt_0279] [plan] step=7 node=new_n48582_ type=control0 q_typed_reliable_context=1.883160 sequence=26.279171
[onpolicy-r7/subckt_0279] [plan] step=8 node=new_n47866_ type=control0 q_typed_reliable_context=1.795238 sequence=28.074409
[onpolicy-r7/subckt_0279] [plan] step=9 node=__buf_split_15402 type=control0 q_typed_reliable_context=2.136726 sequence=30.211135
[onpolicy-r7/subckt_0279] [plan] step=10 node=__buf_split_5 type=control0 q_typed_reliable_context=1.917675 sequence=32.128810
[onpolicy-r7/subckt_0279] [plan] step=11 node=new_n48564_ type=control1 q_typed_reliable_context=1.781845 sequence=33.910655
[onpolicy-r7/subckt_0279] [plan] step=12 node=new_n48728_ type=control1 q_typed_reliable_context=1.792629 sequence=35.703284
[onpolicy-r7/subckt_0279] [plan] step=13 node=__buf_split_35 type=control0 q_typed_reliable_context=1.733858 sequence=37.437143
[onpolicy-r7/subckt_0279] [plan] step=14 node=__buf_split_23 type=control0 q_typed_reliable_context=2.058553 sequence=39.495695
[onpolicy-r7/subckt_0279] [plan] step=15 node=__buf_split_32 type=control0 q_typed_reliable_context=2.253238 sequence=41.748934
[onpolicy-r7/subckt_0279] [plan] step=16 node=__buf_split_25 type=control0 q_typed_reliable_context=2.657952 sequence=44.406886
[onpolicy-r7/subckt_0279] [plan] step=17 node=__buf_split_29 type=control0 q_typed_reliable_context=3.674064 sequence=48.080950
[onpolicy-r7/subckt_0279] [plan] step=18 node=__buf_split_212 type=control0 q_typed_reliable_context=4.201483 sequence=52.282433
[onpolicy-r7/subckt_0279] [plan] step=19 node=__buf_split_211 type=control0 q_typed_reliable_context=5.013833 sequence=57.296266
[onpolicy-r7/subckt_0279] [plan] step=20 node=__buf_split_15424 type=control0 q_typed_reliable_context=4.269604 sequence=61.565870
[onpolicy-r7/subckt_0279] [plan] step=21 node=__buf_split_13997 type=control0 q_typed_reliable_context=5.247629 sequence=66.813499
[onpolicy-r7/subckt_0279] [plan] step=22 node=__buf_split_775 type=control0 q_typed_reliable_context=6.037409 sequence=72.850908
[onpolicy-r7/subckt_0279] [plan] step=23 node=__buf_split_38 type=control0 q_typed_reliable_context=5.551937 sequence=78.402845
[onpolicy-r7/subckt_0279] [plan] step=24 node=new_n48732_ type=control0 q_typed_reliable_context=5.259562 sequence=83.662407
[onpolicy-r7/subckt_0279] [plan] step=25 node=__buf_split_13505 type=control0 q_typed_reliable_context=5.728332 sequence=89.390739
[onpolicy-r7/subckt_0279] [plan] step=26 node=__buf_split_15426 type=control0 q_typed_reliable_context=3.462107 sequence=92.852846
[onpolicy-r7/subckt_0279] [plan] step=27 node=new_n47887_ type=control0 q_typed_reliable_context=5.341541 sequence=98.194388
[onpolicy-r7/subckt_0279] [plan] step=28 node=new_n48566_ type=control0 q_typed_reliable_context=3.041076 sequence=101.235463
[onpolicy-r7/subckt_0279] [plan] step=29 node=new_n116662_ type=control0 q_typed_reliable_context=3.363095 sequence=104.598559
[onpolicy-r7/subckt_0279] [plan] step=30 node=new_n50732_ type=control0 q_typed_reliable_context=2.351092 sequence=106.949651
[onpolicy-r7/subckt_0279] [plan] step=31 node=__buf_split_13502 type=control0 q_typed_reliable_context=2.176695 sequence=109.126346
[onpolicy-r7/subckt_0279] [plan] step=32 node=new_n47872_ type=control0 q_typed_reliable_context=2.656439 sequence=111.782785
[onpolicy-r7/subckt_0279] [plan] step=33 node=__buf_split_13513 type=control0 q_typed_reliable_context=2.328340 sequence=114.111125
[onpolicy-r7/subckt_0279] [plan] step=34 node=__buf_split_13485 type=control0 q_typed_reliable_context=2.705432 sequence=116.816556
[onpolicy-r7/subckt_0279] [plan] step=35 node=new_n47894_ type=control0 q_typed_reliable_context=4.391197 sequence=121.207754
[onpolicy-r7/subckt_0279] [plan] step=36 node=new_n22195_ type=control0 q_typed_reliable_context=4.907225 sequence=126.114979
[onpolicy-r7/subckt_0279] [plan] step=37 node=__buf_split_8 type=control0 q_typed_reliable_context=4.313574 sequence=130.428553
[onpolicy-r7/subckt_0279] [plan] step=38 node=new_n48668_ type=control0 q_typed_reliable_context=6.321644 sequence=136.750197
[onpolicy-r7/subckt_0279] [plan] step=39 node=new_n48571_ type=control0 q_typed_reliable_context=6.189445 sequence=142.939642
[onpolicy-r7/subckt_0279] [plan] step=40 node=__buf_split_31 type=control0 q_typed_reliable_context=4.557977 sequence=147.497619
[onpolicy-r7/subckt_0279] [plan] step=41 node=__buf_split_28 type=control0 q_typed_reliable_context=4.853535 sequence=152.351154
[onpolicy-r7/subckt_0279] [plan] step=42 node=__buf_split_41 type=control0 q_typed_reliable_context=6.210860 sequence=158.562014
[onpolicy-r7/subckt_0279] [plan] step=43 node=new_n48686_ type=control0 q_typed_reliable_context=6.014701 sequence=164.576716
[onpolicy-r7/subckt_0279] [plan] step=44 node=new_n48702_ type=control0 q_typed_reliable_context=6.098219 sequence=170.674935
[onpolicy-r7/subckt_0279] [plan] step=45 node=new_n48725_ type=control0 q_typed_reliable_context=6.162807 sequence=176.837742
[onpolicy-r7/subckt_0279] [plan] step=46 node=new_n48714_ type=control0 q_typed_reliable_context=6.993493 sequence=183.831235
[onpolicy-r7/subckt_0279] [plan] step=47 node=new_n48611_ type=control0 q_typed_reliable_context=6.393572 sequence=190.224807
[onpolicy-r7/subckt_0279] [plan] step=48 node=new_n48634_ type=control0 q_typed_reliable_context=6.318704 sequence=196.543511
[onpolicy-r7/subckt_0279] [plan] step=49 node=new_n48640_ type=control0 q_typed_reliable_context=5.875689 sequence=202.419199
[onpolicy-r7/subckt_0279] [plan] step=50 node=__buf_split_15396 type=control0 q_typed_reliable_context=8.463400 sequence=210.882599
[onpolicy-r7/subckt_0279] [plan] step=51 node=__buf_split_1 type=control0 q_typed_reliable_context=2.344207 sequence=213.226806
[onpolicy-r7/subckt_0279] [plan] step=52 node=__buf_split_59 type=control0 q_typed_reliable_context=3.951695 sequence=217.178501
[onpolicy-r7/subckt_0279] [plan] step=53 node=__buf_split_6 type=control0 q_typed_reliable_context=1.940952 sequence=219.119453
[onpolicy-r7/subckt_0279] [plan] step=54 node=new_n48654_ type=control0 q_typed_reliable_context=4.859526 sequence=223.978979
[onpolicy-r7/subckt_0279] [plan] step=55 node=__buf_split_34 type=control0 q_typed_reliable_context=1.384347 sequence=225.363326
[onpolicy-r7/subckt_0279] [plan] step=56 node=__buf_split_37 type=control0 q_typed_reliable_context=2.285893 sequence=227.649220
[onpolicy-r7/subckt_0279] [plan] step=57 node=new_n48616_ type=control0 q_typed_reliable_context=2.193521 sequence=229.842740
[onpolicy-r7/subckt_0279] [plan] step=58 node=new_n48621_ type=control0 q_typed_reliable_context=1.979837 sequence=231.822578
[onpolicy-r7/subckt_0279] [plan] step=59 node=new_n48672_ type=control0 q_typed_reliable_context=2.121948 sequence=233.944525
[onpolicy-r7/subckt_0279] [plan] step=60 node=new_n48677_ type=control0 q_typed_reliable_context=2.246808 sequence=236.191333
[onpolicy-r7/subckt_0279] [plan] step=61 node=__buf_split_43 type=control0 q_typed_reliable_context=2.351304 sequence=238.542637
[onpolicy-r7/subckt_0279] [plan] step=62 node=__buf_split_15400 type=control0 q_typed_reliable_context=4.411907 sequence=242.954544
[onpolicy-r7/subckt_0279] [plan] step=63 node=__buf_split_40 type=control0 q_typed_reliable_context=1.859611 sequence=244.814155
[onpolicy-r7/subckt_0279] [plan] step=64 node=__buf_split_22217 type=control0 q_typed_reliable_context=3.385360 sequence=248.199515
[onpolicy-r7/subckt_0279] [plan] step=65 node=new_n48716_ type=control0 q_typed_reliable_context=1.947524 sequence=250.147039
[onpolicy-r7/subckt_0279] [plan] step=66 node=new_n48593_ type=control0 q_typed_reliable_context=1.366611 sequence=251.513650
[onpolicy-r7/subckt_0279] [plan] step=67 node=__buf_split_15429 type=control0 q_typed_reliable_context=2.424738 sequence=253.938388
[onpolicy-r7/subckt_0279] [plan] step=68 node=new_n22285_ type=control0 q_typed_reliable_context=1.555873 sequence=255.494261
[onpolicy-r7/subckt_0279] [plan] step=69 node=new_n22174_ type=control0 q_typed_reliable_context=2.057250 sequence=257.551511
[onpolicy-r7/subckt_0279] [plan] step=70 node=new_n48598_ type=control0 q_typed_reliable_context=2.485145 sequence=260.036656
[onpolicy-r7/subckt_0279] [plan] step=71 node=__buf_split_15412 type=control0 q_typed_reliable_context=2.709772 sequence=262.746428
[onpolicy-r7/subckt_0279] [plan] step=72 node=new_n48588_ type=control0 q_typed_reliable_context=1.930791 sequence=264.677219
[onpolicy-r7/subckt_0279] [plan] step=73 node=new_n22170_ type=control0 q_typed_reliable_context=1.492482 sequence=266.169701
[onpolicy-r7/subckt_0279] [plan] step=74 node=new_n47892_ type=control0 q_typed_reliable_context=1.780258 sequence=267.949960
[onpolicy-r7/subckt_0279] [plan] step=75 node=new_n22321_ type=control0 q_typed_reliable_context=1.815559 sequence=269.765519
[onpolicy-r7/subckt_0279] [plan] step=76 node=new_n50744_ type=control0 q_typed_reliable_context=1.716594 sequence=271.482113
[onpolicy-r7/subckt_0279] [plan] step=77 node=new_n22319_ type=control0 q_typed_reliable_context=1.540006 sequence=273.022119
[onpolicy-r7/subckt_0279] [plan] step=78 node=new_n22322_ type=control0 q_typed_reliable_context=1.422828 sequence=274.444947
[onpolicy-r7/subckt_0279] [plan] step=79 node=new_n22106_ type=control0 q_typed_reliable_context=0.887961 sequence=275.332909
[onpolicy-r7/subckt_0279] [plan] step=80 node=__buf_split_61352 type=control1 q_typed_reliable_context=0.691534 sequence=276.024443
[onpolicy-r7/subckt_0279] [plan] step=81 node=new_n48708_ type=control0 q_typed_reliable_context=1.463857 sequence=277.488300
[onpolicy-r7/subckt_0279] [plan] step=82 node=new_n48696_ type=control0 q_typed_reliable_context=1.308547 sequence=278.796847
[onpolicy-r7/subckt_0279] [plan] step=83 node=new_n48719_ type=control0 q_typed_reliable_context=1.189860 sequence=279.986707
[onpolicy-r7/subckt_0279] [plan] step=84 node=new_n48628_ type=control0 q_typed_reliable_context=1.079993 sequence=281.066700
[onpolicy-r7/subckt_0279] [plan] step=85 node=new_n48644_ type=control0 q_typed_reliable_context=0.964000 sequence=282.030700
[onpolicy-r7/subckt_0279] [plan] step=86 node=new_n22320_ type=control0 q_typed_reliable_context=0.915763 sequence=282.946463
[onpolicy-r7/subckt_0279] [plan] step=87 node=new_n48605_ type=control0 q_typed_reliable_context=0.999632 sequence=283.946095
[onpolicy-r7/subckt_0279] [plan] step=88 node=new_n48656_ type=control0 q_typed_reliable_context=1.022874 sequence=284.968969
[onpolicy-r7/subckt_0279] [plan] step=89 node=__buf_split_13985 type=control0 q_typed_reliable_context=0.791713 sequence=285.760681
[onpolicy-r7/subckt_0279] [plan] step=90 node=__buf_split_774 type=control0 q_typed_reliable_context=0.741372 sequence=286.502054
[onpolicy-r7/subckt_0279] [plan] step=91 node=new_n22173_ type=control0 q_typed_reliable_context=1.086331 sequence=287.588384
[onpolicy-r7/subckt_0279] [plan] step=92 node=new_n74965_ type=control0 q_typed_reliable_context=1.161220 sequence=288.749604
[onpolicy-r7/subckt_0279] [plan] step=93 node=new_n22899_ type=control0 q_typed_reliable_context=1.251235 sequence=290.000839
[onpolicy-r7/subckt_0279] [plan] step=94 node=__buf_split_209 type=control0 q_typed_reliable_context=1.197482 sequence=291.198321
[onpolicy-r7/subckt_0279] [plan] step=95 node=__buf_split_7 type=control0 q_typed_reliable_context=1.041000 sequence=292.239321
[onpolicy-r7/subckt_0279] [plan] step=96 node=__buf_split_13511 type=control0 q_typed_reliable_context=1.248161 sequence=293.487482
[onpolicy-r7/subckt_0279] [plan] step=97 node=__buf_split_13518 type=control0 q_typed_reliable_context=1.067537 sequence=294.555018
[onpolicy-r7/subckt_0279] [plan] step=98 node=__buf_split_210 type=control0 q_typed_reliable_context=1.234663 sequence=295.789682
[onpolicy-r7/subckt_0279] [plan] step=99 node=__buf_split_13996 type=control0 q_typed_reliable_context=1.193917 sequence=296.983599
[onpolicy-r7/subckt_0279] [plan] step=100 node=__buf_split_13510 type=control0 q_typed_reliable_context=1.120851 sequence=298.104449
[onpolicy-r7/subckt_0279] [plan] step=101 node=new_n50739_ type=control1 q_typed_reliable_context=0.796505 sequence=298.900954
[onpolicy-r7/subckt_0279] [plan] step=102 node=new_n50727_ type=control1 q_typed_reliable_context=0.772364 sequence=299.673318
[onpolicy-r7/subckt_0279] [plan] step=103 node=new_n47884_ type=control0 q_typed_reliable_context=1.135256 sequence=300.808575
[onpolicy-r7/subckt_0279] [plan] step=104 node=new_n48576_ type=control0 q_typed_reliable_context=0.637673 sequence=301.446248
[onpolicy-r7/subckt_0279] [plan] step=105 node=__buf_split_13999 type=control1 q_typed_reliable_context=1.032237 sequence=302.478484
[onpolicy-r7/subckt_0279] [plan] step=106 node=__buf_split_15422 type=control1 q_typed_reliable_context=1.080694 sequence=303.559178
[onpolicy-r7/subckt_0279] [plan] step=107 node=new_n47863_ type=control0 q_typed_reliable_context=0.938475 sequence=304.497654
[onpolicy-r7/subckt_0279] [plan] step=108 node=__buf_split_15410 type=control1 q_typed_reliable_context=0.971615 sequence=305.469269
[onpolicy-r7/subckt_0279] [plan] step=109 node=new_n47862_ type=control0 q_typed_reliable_context=0.863986 sequence=306.333255
[onpolicy-r7/subckt_0279] [plan] step=110 node=new_n48570_ type=control0 q_typed_reliable_context=1.719396 sequence=308.052651
[onpolicy-r7/subckt_0279] [plan] step=111 node=__buf_split_13493 type=control0 q_typed_reliable_context=1.148683 sequence=309.201334
[onpolicy-r7/subckt_0279] [plan] step=112 node=new_n47877_ type=control0 q_typed_reliable_context=0.756035 sequence=309.957369
[onpolicy-r7/subckt_0279] [plan] step=113 node=new_n48569_ type=control0 q_typed_reliable_context=1.181025 sequence=311.138394
[onpolicy-r7/subckt_0279] [plan] step=114 node=new_n47883_ type=control0 q_typed_reliable_context=1.596397 sequence=312.734791
[onpolicy-r7/subckt_0279] [plan] step=115 node=__buf_split_15425 type=control0 q_typed_reliable_context=1.426881 sequence=314.161671
[onpolicy-r7/subckt_0279] [plan] step=116 node=new_n47878_ type=control0 q_typed_reliable_context=0.605521 sequence=314.767192
[onpolicy-r7/subckt_0279] [plan] step=117 node=new_n22102_ type=control0 q_typed_reliable_context=1.129928 sequence=315.897120
[onpolicy-r7/subckt_0279] [plan] step=118 node=__buf_split_13516 type=control0 q_typed_reliable_context=1.613200 sequence=317.510320
[onpolicy-r7/subckt_0279] [plan] step=119 node=__buf_split_13517 type=control0 q_typed_reliable_context=1.479284 sequence=318.989604
[onpolicy-r7/subckt_0279] [plan] step=120 node=__buf_split_13501 type=control0 q_typed_reliable_context=1.493178 sequence=320.482781
[onpolicy-r7/subckt_0279] [plan] step=121 node=new_n47880_ type=control0 q_typed_reliable_context=0.844704 sequence=321.327485
[onpolicy-r7/subckt_0279] [plan] step=122 node=__buf_split_13508 type=control0 q_typed_reliable_context=1.851032 sequence=323.178517
[onpolicy-r7/subckt_0279] [plan] step=123 node=__buf_split_13509 type=control0 q_typed_reliable_context=1.627534 sequence=324.806051
[onpolicy-r7/subckt_0279] [plan] step=124 node=new_n47881_ type=control0 q_typed_reliable_context=1.301497 sequence=326.107548
[onpolicy-r7/subckt_0279] [plan] step=125 node=__buf_split_13495 type=control0 q_typed_reliable_context=1.790526 sequence=327.898073
[onpolicy-r7/subckt_0279] [plan] step=126 node=__buf_split_13496 type=control0 q_typed_reliable_context=1.619967 sequence=329.518040
[onpolicy-r7/subckt_0279] [plan] step=127 node=__buf_split_13497 type=control0 q_typed_reliable_context=1.413122 sequence=330.931162
[onpolicy-r7/subckt_0279] [plan] step=128 node=__buf_split_13498 type=control0 q_typed_reliable_context=1.270838 sequence=332.202001
[onpolicy-r7/subckt_0279] saved=autoresearch/loop-260720-0945/model_training_round7/long_onpolicy_plans/subckt_0279.csv
