[onpolicy-r7/subckt_0038] [plan] torch_deterministic=true
[onpolicy-r7/subckt_0038] [plan] latent_norm_clip_ratio=4 latent_norm_limit=30.611401
[onpolicy-r7/subckt_0038] [plan] step=1 node=new_n50721_ type=control1 q_typed_reliable_context=4.558081 sequence=4.558081
[onpolicy-r7/subckt_0038] [plan] step=2 node=new_n47890_ type=control1 q_typed_reliable_context=5.789188 sequence=10.347268
[onpolicy-r7/subckt_0038] [plan] step=3 node=new_n48575_ type=observe q_typed_reliable_context=5.908289 sequence=16.255558
[onpolicy-r7/subckt_0038] [plan] step=4 node=new_n50732_ type=control0 q_typed_reliable_context=4.774922 sequence=21.030480
[onpolicy-r7/subckt_0038] [plan] step=5 node=new_n47871_ type=control0 q_typed_reliable_context=6.703872 sequence=27.734351
[onpolicy-r7/subckt_0038] [plan] step=6 node=new_n47885_ type=control0 q_typed_reliable_context=6.671604 sequence=34.405956
[onpolicy-r7/subckt_0038] [plan] step=7 node=new_n47870_ type=control0 q_typed_reliable_context=7.422127 sequence=41.828082
[onpolicy-r7/subckt_0038] [plan] step=8 node=new_n48578_ type=control1 q_typed_reliable_context=7.263967 sequence=49.092050
[onpolicy-r7/subckt_0038] [plan] step=9 node=__buf_split_8 type=control0 q_typed_reliable_context=7.083823 sequence=56.175872
[onpolicy-r7/subckt_0038] [plan] step=10 node=__buf_split_28 type=control0 q_typed_reliable_context=7.050889 sequence=63.226761
[onpolicy-r7/subckt_0038] [plan] step=11 node=__buf_split_15402 type=control0 q_typed_reliable_context=4.549826 sequence=67.776587
[onpolicy-r7/subckt_0038] [plan] step=12 node=__buf_split_31822 type=control0 q_typed_reliable_context=3.475914 sequence=71.252501
[onpolicy-r7/subckt_0038] [plan] step=13 node=new_n50744_ type=control0 q_typed_reliable_context=4.143139 sequence=75.395639
[onpolicy-r7/subckt_0038] [plan] step=14 node=new_n47867_ type=control1 q_typed_reliable_context=5.369013 sequence=80.764652
[onpolicy-r7/subckt_0038] [plan] step=15 node=__buf_split_71 type=control0 q_typed_reliable_context=6.874941 sequence=87.639593
[onpolicy-r7/subckt_0038] [plan] step=16 node=__buf_split_69 type=control0 q_typed_reliable_context=4.690749 sequence=92.330342
[onpolicy-r7/subckt_0038] [plan] step=17 node=__buf_split_70 type=control0 q_typed_reliable_context=6.179355 sequence=98.509697
[onpolicy-r7/subckt_0038] [plan] step=18 node=__buf_split_5 type=control0 q_typed_reliable_context=6.938719 sequence=105.448416
[onpolicy-r7/subckt_0038] [plan] step=19 node=__buf_split_63 type=control0 q_typed_reliable_context=8.674843 sequence=114.123259
[onpolicy-r7/subckt_0038] [plan] step=20 node=__buf_split_13999 type=control1 q_typed_reliable_context=8.247376 sequence=122.370635
[onpolicy-r7/subckt_0038] [plan] step=21 node=__buf_split_22223 type=control0 q_typed_reliable_context=7.082268 sequence=129.452903
[onpolicy-r7/subckt_0038] [plan] step=22 node=__buf_split_78 type=control0 q_typed_reliable_context=5.400592 sequence=134.853495
[onpolicy-r7/subckt_0038] [plan] step=23 node=__buf_split_211 type=control0 q_typed_reliable_context=6.526525 sequence=141.380021
[onpolicy-r7/subckt_0038] [plan] step=24 node=__buf_split_23 type=control0 q_typed_reliable_context=3.305873 sequence=144.685894
[onpolicy-r7/subckt_0038] [plan] step=25 node=__buf_split_7 type=control0 q_typed_reliable_context=5.226578 sequence=149.912472
[onpolicy-r7/subckt_0038] [plan] step=26 node=__buf_split_212 type=control0 q_typed_reliable_context=5.071372 sequence=154.983844
[onpolicy-r7/subckt_0038] [plan] step=27 node=__buf_split_38 type=control0 q_typed_reliable_context=4.978117 sequence=159.961961
[onpolicy-r7/subckt_0038] [plan] step=28 node=__buf_split_74 type=control0 q_typed_reliable_context=5.099620 sequence=165.061581
[onpolicy-r7/subckt_0038] [plan] step=29 node=__buf_split_41 type=control0 q_typed_reliable_context=5.130950 sequence=170.192530
[onpolicy-r7/subckt_0038] [plan] step=30 node=new_n48732_ type=control0 q_typed_reliable_context=7.143449 sequence=177.335979
[onpolicy-r7/subckt_0038] [plan] step=31 node=new_n22899_ type=control0 q_typed_reliable_context=5.325585 sequence=182.661564
[onpolicy-r7/subckt_0038] [plan] step=32 node=new_n48566_ type=control0 q_typed_reliable_context=8.037275 sequence=190.698838
[onpolicy-r7/subckt_0038] [plan] step=33 node=__buf_split_32 type=control0 q_typed_reliable_context=5.373796 sequence=196.072635
[onpolicy-r7/subckt_0038] [plan] step=34 node=__buf_split_35 type=control0 q_typed_reliable_context=2.799446 sequence=198.872080
[onpolicy-r7/subckt_0038] [plan] step=35 node=new_n22195_ type=control0 q_typed_reliable_context=4.719927 sequence=203.592007
[onpolicy-r7/subckt_0038] [plan] step=36 node=__buf_split_25 type=control0 q_typed_reliable_context=5.331699 sequence=208.923706
[onpolicy-r7/subckt_0038] [plan] step=37 node=__buf_split_29 type=control0 q_typed_reliable_context=4.625557 sequence=213.549263
[onpolicy-r7/subckt_0038] [plan] step=38 node=__buf_split_34500 type=control0 q_typed_reliable_context=6.739390 sequence=220.288652
[onpolicy-r7/subckt_0038] [plan] step=39 node=__buf_split_83 type=control0 q_typed_reliable_context=6.759797 sequence=227.048450
[onpolicy-r7/subckt_0038] [plan] step=40 node=new_n47892_ type=control0 q_typed_reliable_context=5.943032 sequence=232.991481
[onpolicy-r7/subckt_0038] [plan] step=41 node=__buf_split_13516 type=control0 q_typed_reliable_context=6.675162 sequence=239.666644
[onpolicy-r7/subckt_0038] [plan] step=42 node=__buf_split_15426 type=control0 q_typed_reliable_context=7.514800 sequence=247.181444
[onpolicy-r7/subckt_0038] [plan] step=43 node=__buf_split_79 type=control0 q_typed_reliable_context=5.773932 sequence=252.955376
[onpolicy-r7/subckt_0038] [plan] step=44 node=new_n89427_ type=control0 q_typed_reliable_context=5.864414 sequence=258.819790
[onpolicy-r7/subckt_0038] [plan] step=45 node=__buf_split_13495 type=control0 q_typed_reliable_context=2.504805 sequence=261.324595
[onpolicy-r7/subckt_0038] [plan] step=46 node=__buf_split_13504 type=control0 q_typed_reliable_context=6.612930 sequence=267.937525
[onpolicy-r7/subckt_0038] [plan] step=47 node=__buf_split_81 type=control0 q_typed_reliable_context=4.536444 sequence=272.473970
[onpolicy-r7/subckt_0038] [plan] step=48 node=new_n22149_ type=control0 q_typed_reliable_context=5.075809 sequence=277.549779
[onpolicy-r7/subckt_0038] [plan] step=49 node=__buf_split_60 type=control0 q_typed_reliable_context=4.733759 sequence=282.283538
[onpolicy-r7/subckt_0038] [plan] step=50 node=__buf_split_73 type=control0 q_typed_reliable_context=5.140158 sequence=287.423696
[onpolicy-r7/subckt_0038] [plan] step=51 node=new_n22153_ type=control0 q_typed_reliable_context=2.669160 sequence=290.092856
[onpolicy-r7/subckt_0038] [plan] step=52 node=new_n47894_ type=control0 q_typed_reliable_context=5.180877 sequence=295.273733
[onpolicy-r7/subckt_0038] [plan] step=53 node=new_n22152_ type=control0 q_typed_reliable_context=2.947431 sequence=298.221164
[onpolicy-r7/subckt_0038] [plan] step=54 node=__buf_split_77 type=control0 q_typed_reliable_context=3.131967 sequence=301.353130
[onpolicy-r7/subckt_0038] [plan] step=55 node=new_n22897_ type=control0 q_typed_reliable_context=1.557420 sequence=302.910550
[onpolicy-r7/subckt_0038] [plan] step=56 node=__buf_split_67 type=control0 q_typed_reliable_context=3.545593 sequence=306.456143
[onpolicy-r7/subckt_0038] [plan] step=57 node=new_n22103_ type=control0 q_typed_reliable_context=1.196664 sequence=307.652807
[onpolicy-r7/subckt_0038] [plan] step=58 node=__buf_split_65 type=control0 q_typed_reliable_context=5.217484 sequence=312.870291
[onpolicy-r7/subckt_0038] [plan] step=59 node=__buf_split_66 type=control0 q_typed_reliable_context=4.191450 sequence=317.061742
[onpolicy-r7/subckt_0038] [plan] step=60 node=new_n22140_ type=control0 q_typed_reliable_context=1.635186 sequence=318.696927
[onpolicy-r7/subckt_0038] [plan] step=61 node=new_n48663_ type=observe q_typed_reliable_context=1.021823 sequence=319.718751
[onpolicy-r7/subckt_0038] [plan] step=62 node=__buf_split_14062 type=control0 q_typed_reliable_context=3.603913 sequence=323.322663
[onpolicy-r7/subckt_0038] [plan] step=63 node=new_n48641_ type=observe q_typed_reliable_context=0.754115 sequence=324.076778
[onpolicy-r7/subckt_0038] [plan] step=64 node=__buf_split_42111 type=control1 q_typed_reliable_context=1.270881 sequence=325.347659
[onpolicy-r7/subckt_0038] [plan] step=65 node=new_n48671_ type=observe q_typed_reliable_context=0.844689 sequence=326.192347
[onpolicy-r7/subckt_0038] [plan] step=66 node=new_n50739_ type=control1 q_typed_reliable_context=1.205863 sequence=327.398210
[onpolicy-r7/subckt_0038] [plan] step=67 node=new_n48646_ type=control0 q_typed_reliable_context=1.382837 sequence=328.781048
[onpolicy-r7/subckt_0038] [plan] step=68 node=new_n48715_ type=control0 q_typed_reliable_context=1.295650 sequence=330.076698
[onpolicy-r7/subckt_0038] [plan] step=69 node=new_n48623_ type=control0 q_typed_reliable_context=1.535882 sequence=331.612580
[onpolicy-r7/subckt_0038] [plan] step=70 node=__buf_split_15396 type=control0 q_typed_reliable_context=3.974768 sequence=335.587348
[onpolicy-r7/subckt_0038] [plan] step=71 node=__buf_split_62 type=control0 q_typed_reliable_context=2.092124 sequence=337.679472
[onpolicy-r7/subckt_0038] [plan] step=72 node=__buf_split_59 type=control0 q_typed_reliable_context=2.218436 sequence=339.897908
[onpolicy-r7/subckt_0038] [plan] step=73 node=new_n48662_ type=control0 q_typed_reliable_context=2.931683 sequence=342.829591
[onpolicy-r7/subckt_0038] [plan] step=74 node=new_n48683_ type=control0 q_typed_reliable_context=6.922360 sequence=349.751951
[onpolicy-r7/subckt_0038] [plan] step=75 node=new_n48699_ type=control0 q_typed_reliable_context=3.396842 sequence=353.148793
[onpolicy-r7/subckt_0038] [plan] step=76 node=new_n48722_ type=control0 q_typed_reliable_context=2.776496 sequence=355.925289
[onpolicy-r7/subckt_0038] [plan] step=77 node=new_n48717_ type=control0 q_typed_reliable_context=2.227967 sequence=358.153256
[onpolicy-r7/subckt_0038] [plan] step=78 node=new_n48610_ type=control0 q_typed_reliable_context=2.261748 sequence=360.415004
[onpolicy-r7/subckt_0038] [plan] step=79 node=new_n48605_ type=control0 q_typed_reliable_context=2.482828 sequence=362.897832
[onpolicy-r7/subckt_0038] [plan] step=80 node=new_n48678_ type=control0 q_typed_reliable_context=2.578607 sequence=365.476438
[onpolicy-r7/subckt_0038] [plan] step=81 node=new_n48626_ type=control0 q_typed_reliable_context=2.888792 sequence=368.365230
[onpolicy-r7/subckt_0038] [plan] step=82 node=__buf_split_37 type=control0 q_typed_reliable_context=3.090326 sequence=371.455556
[onpolicy-r7/subckt_0038] [plan] step=83 node=__buf_split_1 type=control0 q_typed_reliable_context=2.700013 sequence=374.155569
[onpolicy-r7/subckt_0038] [plan] step=84 node=new_n48633_ type=control0 q_typed_reliable_context=2.249474 sequence=376.405043
[onpolicy-r7/subckt_0038] [plan] step=85 node=__buf_split_15400 type=control0 q_typed_reliable_context=1.780549 sequence=378.185592
[onpolicy-r7/subckt_0038] [plan] step=86 node=new_n48690_ type=control0 q_typed_reliable_context=1.443603 sequence=379.629194
[onpolicy-r7/subckt_0038] [plan] step=87 node=__buf_split_774 type=control0 q_typed_reliable_context=2.209669 sequence=381.838864
[onpolicy-r7/subckt_0038] [plan] step=88 node=__buf_split_14005 type=control0 q_typed_reliable_context=1.092392 sequence=382.931256
[onpolicy-r7/subckt_0038] [plan] step=89 node=__buf_split_15429 type=control0 q_typed_reliable_context=1.004487 sequence=383.935743
[onpolicy-r7/subckt_0038] [plan] step=90 node=new_n22112_ type=control0 q_typed_reliable_context=2.992251 sequence=386.927994
[onpolicy-r7/subckt_0038] [plan] step=91 node=new_n22285_ type=control0 q_typed_reliable_context=2.953425 sequence=389.881419
[onpolicy-r7/subckt_0038] [plan] step=92 node=new_n22185_ type=control0 q_typed_reliable_context=1.328681 sequence=391.210101
[onpolicy-r7/subckt_0038] [plan] step=93 node=new_n22896_ type=control0 q_typed_reliable_context=1.000745 sequence=392.210846
[onpolicy-r7/subckt_0038] [plan] step=94 node=__buf_split_64 type=control0 q_typed_reliable_context=1.015507 sequence=393.226353
[onpolicy-r7/subckt_0038] [plan] step=95 node=new_n48582_ type=control0 q_typed_reliable_context=1.226429 sequence=394.452782
[onpolicy-r7/subckt_0038] [plan] step=96 node=new_n47866_ type=control0 q_typed_reliable_context=0.895731 sequence=395.348513
[onpolicy-r7/subckt_0038] [plan] step=97 node=__buf_split_44 type=control0 q_typed_reliable_context=1.053071 sequence=396.401584
[onpolicy-r7/subckt_0038] [plan] step=98 node=new_n48594_ type=control0 q_typed_reliable_context=0.772814 sequence=397.174398
[onpolicy-r7/subckt_0038] [plan] step=99 node=__buf_split_22224 type=control0 q_typed_reliable_context=0.817208 sequence=397.991607
[onpolicy-r7/subckt_0038] [plan] step=100 node=__buf_split_31821 type=control0 q_typed_reliable_context=0.713421 sequence=398.705027
[onpolicy-r7/subckt_0038] [plan] step=101 node=__buf_split_34499 type=control0 q_typed_reliable_context=0.687991 sequence=399.393018
[onpolicy-r7/subckt_0038] [plan] step=102 node=new_n48718_ type=observe q_typed_reliable_context=0.681094 sequence=400.074112
[onpolicy-r7/subckt_0038] [plan] step=103 node=new_n48705_ type=observe q_typed_reliable_context=0.721026 sequence=400.795139
[onpolicy-r7/subckt_0038] [plan] step=104 node=new_n22320_ type=control0 q_typed_reliable_context=0.758568 sequence=401.553706
[onpolicy-r7/subckt_0038] [plan] step=105 node=__buf_split_75 type=control0 q_typed_reliable_context=0.770505 sequence=402.324212
[onpolicy-r7/subckt_0038] [plan] step=106 node=new_n48669_ type=observe q_typed_reliable_context=0.729811 sequence=403.054023
[onpolicy-r7/subckt_0038] [plan] step=107 node=__buf_split_210 type=control0 q_typed_reliable_context=0.834956 sequence=403.888979
[onpolicy-r7/subckt_0038] [plan] step=108 node=__buf_split_85 type=control0 q_typed_reliable_context=0.767898 sequence=404.656877
[onpolicy-r7/subckt_0038] [plan] step=109 node=new_n48696_ type=control0 q_typed_reliable_context=0.682228 sequence=405.339105
[onpolicy-r7/subckt_0038] [plan] step=110 node=new_n48656_ type=control0 q_typed_reliable_context=0.973792 sequence=406.312897
[onpolicy-r7/subckt_0038] [plan] step=111 node=new_n22321_ type=control0 q_typed_reliable_context=0.795167 sequence=407.108064
[onpolicy-r7/subckt_0038] [plan] step=112 node=__buf_split_6 type=control0 q_typed_reliable_context=0.770965 sequence=407.879029
[onpolicy-r7/subckt_0038] [plan] step=113 node=new_n22319_ type=control0 q_typed_reliable_context=0.773345 sequence=408.652374
[onpolicy-r7/subckt_0038] [plan] step=114 node=__buf_split_209 type=control0 q_typed_reliable_context=1.224218 sequence=409.876592
[onpolicy-r7/subckt_0038] [plan] step=115 node=new_n22322_ type=control0 q_typed_reliable_context=0.895509 sequence=410.772100
[onpolicy-r7/subckt_0038] [plan] step=116 node=__buf_split_775 type=control0 q_typed_reliable_context=0.954718 sequence=411.726818
[onpolicy-r7/subckt_0038] [plan] step=117 node=new_n48602_ type=observe q_typed_reliable_context=0.858555 sequence=412.585373
[onpolicy-r7/subckt_0038] [plan] step=118 node=new_n48665_ type=observe q_typed_reliable_context=0.896471 sequence=413.481845
[onpolicy-r7/subckt_0038] [plan] step=119 node=new_n50727_ type=control1 q_typed_reliable_context=1.009975 sequence=414.491819
[onpolicy-r7/subckt_0038] [plan] step=120 node=new_n47884_ type=control0 q_typed_reliable_context=2.222248 sequence=416.714067
[onpolicy-r7/subckt_0038] [plan] step=121 node=new_n48595_ type=observe q_typed_reliable_context=0.879516 sequence=417.593583
[onpolicy-r7/subckt_0038] [plan] step=122 node=new_n48597_ type=observe q_typed_reliable_context=0.946026 sequence=418.539609
[onpolicy-r7/subckt_0038] [plan] step=123 node=__buf_split_13993 type=control1 q_typed_reliable_context=1.141870 sequence=419.681479
[onpolicy-r7/subckt_0038] [plan] step=124 node=__buf_split_15410 type=control1 q_typed_reliable_context=1.210906 sequence=420.892385
[onpolicy-r7/subckt_0038] [plan] step=125 node=new_n47876_ type=control0 q_typed_reliable_context=1.079175 sequence=421.971560
[onpolicy-r7/subckt_0038] [plan] step=126 node=new_n47861_ type=control0 q_typed_reliable_context=0.763582 sequence=422.735142
[onpolicy-r7/subckt_0038] [plan] step=127 node=__buf_split_14009 type=observe q_typed_reliable_context=0.872485 sequence=423.607627
[onpolicy-r7/subckt_0038] [plan] step=128 node=new_n48636_ type=observe q_typed_reliable_context=0.972577 sequence=424.580203
[onpolicy-r7/subckt_0038] saved=autoresearch/loop-260720-0945/model_training_round7/long_onpolicy_plans/subckt_0038.csv
