__tpi_not_test_en->__tpi_cp_2___aig_not_62966 /1 undetected
__tpi_not_test_en->__tpi_cp_20___aig_not_34401 /1 undetected
__tpi_not_test_en->__tpi_cp_6___aig_and_34003 /1 undetected
__tpi_not_test_en->__tpi_cp_23___aig_and_63449 /1 undetected
__tpi_not_test_en->__tpi_cp_7___buf_split_40826 /1 undetected
__tpi_not_test_en->__tpi_cp_25___aig_not_62963 /1 undetected
__tpi_not_test_en->__tpi_cp_14___aig_not_62957 /1 undetected
__tpi_not_test_en->__tpi_cp_1___aig_and_62955 /1 undetected
__tpi_not_test_en->__tpi_cp_36___aig_not_62526 /1 undetected
__tpi_not_test_en->__tpi_cp_34___aig_not_34099 /1 undetected
__tpi_not_test_en->__tpi_cp_11___aig_not_62513 /1 undetected
test_en->__tpi_cp_18___aig_and_62953 /0 undetected
__tpi_not_test_en->__tpi_cp_21___aig_not_34073 /1 undetected
__tpi_not_test_en->__tpi_cp_3___aig_and_34071 /1 undetected
__tpi_not_test_en->__tpi_cp_8___aig_not_62928 /1 undetected
__tpi_not_test_en->__tpi_cp_13___aig_not_62510 /1 undetected
__tpi_not_test_en->__tpi_cp_16___aig_not_62484 /1 undetected
__tpi_not_test_en->__tpi_cp_15___aig_and_62482 /1 undetected
__tpi_not_test_en->__tpi_cp_29___aig_and_33693 /1 undetected
__tpi_not_test_en->__tpi_cp_27___aig_not_34045 /1 undetected
__tpi_not_test_en->__tpi_cp_17___aig_not_62805 /1 undetected
__tpi_not_test_en->__tpi_cp_32___aig_not_33688 /1 undetected
__tpi_not_test_en->__tpi_cp_31___aig_not_62455 /1 undetected
__tpi_not_test_en->__tpi_cp_28___aig_and_32881 /1 undetected
__tpi_not_test_en->__tpi_cp_37___aig_and_62376 /1 undetected
__aig_not_61944 /1 undetected
__aig_and_31990 /0 undetected
__aig_not_31981 /1 undetected
__aig_not_31983 /1 undetected
__aig_not_31985 /1 undetected
__aig_not_31987 /1 undetected
__aig_not_31989 /1 undetected
__aig_not_61930 /1 undetected
__buf_split_39848 /1 undetected
__aig_not_61925 /1 undetected
__aig_not_31979 /1 undetected
__tpi_not_test_en->__tpi_cp_9_new_n15285 /1 undetected
new_n15285 /1 undetected
__buf_split_20795 /1 undetected
__buf_split_20794 /1 undetected
