[plan] torch_deterministic=true
[plan] candidate_allowlist=autoresearch/original-netlist-recovery-260712/exact_itc99/b15_C/exact_candidate_nodes.txt nodes=7918
[plan] latent_norm_clip_ratio=4 latent_norm_limit=30.875631
[plan] step=1 node=N677 type=control1 q_typed_reliable_context=4.858065 sequence=4.858065
[plan] step=2 node=N2155 type=observe q_typed_reliable_context=3.256086 sequence=8.114151
[plan] step=3 node=N502 type=control1 q_typed_reliable_context=2.192107 sequence=10.306258
[plan] step=4 node=N762 type=control1 q_typed_reliable_context=1.446094 sequence=11.752351
[plan] step=5 node=N3742 type=control0 q_typed_reliable_context=0.902113 sequence=12.654465
[plan] step=6 node=N3644 type=control0 q_typed_reliable_context=1.489064 sequence=14.143529
[plan] step=7 node=N557 type=control1 q_typed_reliable_context=0.910940 sequence=15.054469
[plan] step=8 node=N3756 type=control0 q_typed_reliable_context=1.097941 sequence=16.152410
[plan] step=9 node=N564 type=control1 q_typed_reliable_context=1.369938 sequence=17.522348
[plan] step=10 node=N2336 type=control1 q_typed_reliable_context=1.557724 sequence=19.080072
[plan] step=11 node=N5143 type=observe q_typed_reliable_context=1.325577 sequence=20.405649
[plan] step=12 node=N7511 type=control1 q_typed_reliable_context=1.450593 sequence=21.856242
[plan] step=13 node=N580 type=control1 q_typed_reliable_context=1.255322 sequence=23.111564
[plan] step=14 node=N2082 type=observe q_typed_reliable_context=1.398669 sequence=24.510233
[plan] step=15 node=N737 type=control1 q_typed_reliable_context=3.600376 sequence=28.110609
[plan] step=16 node=N3722 type=control0 q_typed_reliable_context=0.947282 sequence=29.057891
[plan] step=17 node=N496 type=control1 q_typed_reliable_context=1.745042 sequence=30.802933
[plan] step=18 node=N5723 type=control0 q_typed_reliable_context=1.392575 sequence=32.195508
[plan] step=19 node=N5203 type=control1 q_typed_reliable_context=1.998558 sequence=34.194066
[plan] step=20 node=N2153 type=observe q_typed_reliable_context=2.156696 sequence=36.350762
[plan] step=21 node=N1853 type=observe q_typed_reliable_context=2.699753 sequence=39.050516
[plan] step=22 node=N2101 type=observe q_typed_reliable_context=2.333152 sequence=41.383668
[plan] step=23 node=N1860 type=observe q_typed_reliable_context=1.946108 sequence=43.329776
[plan] step=24 node=N1372 type=observe q_typed_reliable_context=1.822187 sequence=45.151963
[plan] step=25 node=N582 type=control1 q_typed_reliable_context=1.720757 sequence=46.872720
[plan] step=26 node=N1532 type=observe q_typed_reliable_context=1.806583 sequence=48.679303
[plan] step=27 node=N766 type=control1 q_typed_reliable_context=0.815822 sequence=49.495125
[plan] step=28 node=N7516 type=observe q_typed_reliable_context=0.854653 sequence=50.349778
[plan] step=29 node=N4684 type=control0 q_typed_reliable_context=2.985684 sequence=53.335462
[plan] step=30 node=N1437 type=control1 q_typed_reliable_context=0.324663 sequence=53.660125
[plan] step=31 node=N583 type=control1 q_typed_reliable_context=1.472114 sequence=55.132239
[plan] step=32 node=N4670 type=control0 q_typed_reliable_context=2.807885 sequence=57.940124
[plan] step=33 node=N7411 type=control1 q_typed_reliable_context=0.746173 sequence=58.686297
[plan] step=34 node=N7413 type=control1 q_typed_reliable_context=0.978288 sequence=59.664585
[plan] step=35 node=N4663 type=control0 q_typed_reliable_context=1.831797 sequence=61.496381
[plan] step=36 node=N4656 type=control0 q_typed_reliable_context=2.134395 sequence=63.630777
[plan] step=37 node=N4649 type=control0 q_typed_reliable_context=1.615212 sequence=65.245989
[plan] step=38 node=N7881 type=control1 q_typed_reliable_context=0.712285 sequence=65.958274
[plan] step=39 node=N7882 type=control1 q_typed_reliable_context=0.829745 sequence=66.788019
[plan] step=40 node=N7883 type=control1 q_typed_reliable_context=0.600771 sequence=67.388790
[plan] step=41 node=N7884 type=control1 q_typed_reliable_context=0.496956 sequence=67.885746
[plan] step=42 node=N704 type=observe q_typed_reliable_context=1.458803 sequence=69.344550
[plan] step=43 node=N6537 type=observe q_typed_reliable_context=3.684462 sequence=73.029012
[plan] step=44 node=N4691 type=control0 q_typed_reliable_context=5.738039 sequence=78.767051
[plan] step=45 node=N724 type=observe q_typed_reliable_context=3.062793 sequence=81.829844
[plan] step=46 node=N4677 type=control0 q_typed_reliable_context=1.937010 sequence=83.766855
[plan] step=47 node=N4698 type=control0 q_typed_reliable_context=1.140037 sequence=84.906891
[plan] step=48 node=N4635 type=control0 q_typed_reliable_context=1.496891 sequence=86.403783
[plan] step=49 node=N8470 type=observe q_typed_reliable_context=1.668291 sequence=88.072074
[plan] step=50 node=N4705 type=control0 q_typed_reliable_context=1.264237 sequence=89.336310
[plan] step=51 node=N3911 type=control0 q_typed_reliable_context=0.943601 sequence=90.279911
[plan] step=52 node=N3904 type=control0 q_typed_reliable_context=0.943710 sequence=91.223621
[plan] step=53 node=N3897 type=control0 q_typed_reliable_context=0.963250 sequence=92.186871
[plan] step=54 node=N3813 type=control0 q_typed_reliable_context=0.908506 sequence=93.095377
[plan] step=55 node=N3862 type=control0 q_typed_reliable_context=0.927474 sequence=94.022851
[plan] step=56 node=N3855 type=control0 q_typed_reliable_context=0.949850 sequence=94.972701
[plan] step=57 node=N3848 type=control0 q_typed_reliable_context=0.958238 sequence=95.930939
[plan] step=58 node=N3701 type=control0 q_typed_reliable_context=0.965543 sequence=96.896482
[plan] step=59 node=N3889 type=control0 q_typed_reliable_context=0.891318 sequence=97.787800
[plan] step=60 node=N2083 type=observe q_typed_reliable_context=0.991181 sequence=98.778981
[plan] step=61 node=N3882 type=control0 q_typed_reliable_context=1.103320 sequence=99.882300
[plan] step=62 node=N5603 type=control0 q_typed_reliable_context=1.067807 sequence=100.950107
[plan] step=63 node=N7506 type=observe q_typed_reliable_context=1.681801 sequence=102.631908
[plan] step=64 node=N3805 type=control0 q_typed_reliable_context=0.889268 sequence=103.521176
[plan] step=65 node=N4712 type=control0 q_typed_reliable_context=0.926532 sequence=104.447708
[plan] step=66 node=N4716 type=control0 q_typed_reliable_context=1.019788 sequence=105.467496
[plan] step=67 node=N2044 type=observe q_typed_reliable_context=0.934919 sequence=106.402415
[plan] step=68 node=N519 type=control1 q_typed_reliable_context=0.907611 sequence=107.310026
[plan] step=69 node=N2042 type=observe q_typed_reliable_context=0.850279 sequence=108.160304
[plan] step=70 node=N504 type=control1 q_typed_reliable_context=1.354879 sequence=109.515183
[plan] step=71 node=N7471 type=control0 q_typed_reliable_context=0.821677 sequence=110.336860
[plan] step=72 node=N513 type=control1 q_typed_reliable_context=1.386812 sequence=111.723673
[plan] step=73 node=N5234 type=observe q_typed_reliable_context=1.187988 sequence=112.911661
[plan] step=74 node=N4606 type=control0 q_typed_reliable_context=1.244326 sequence=114.155987
[plan] step=75 node=N7722 type=control0 q_typed_reliable_context=1.249019 sequence=115.405007
[plan] step=76 node=N4578 type=control0 q_typed_reliable_context=1.289973 sequence=116.694979
[plan] step=77 node=N7724 type=control0 q_typed_reliable_context=1.307219 sequence=118.002198
[plan] step=78 node=N1539 type=control0 q_typed_reliable_context=1.214066 sequence=119.216264
[plan] step=79 node=N899 type=observe q_typed_reliable_context=1.051372 sequence=120.267637
[plan] step=80 node=N7370 type=control1 q_typed_reliable_context=0.801228 sequence=121.068865
[plan] step=81 node=N516 type=control1 q_typed_reliable_context=2.304054 sequence=123.372918
[plan] step=82 node=N7875 type=control1 q_typed_reliable_context=0.966548 sequence=124.339466
[plan] step=83 node=N520 type=control1 q_typed_reliable_context=1.551247 sequence=125.890713
[plan] step=84 node=N7891 type=control1 q_typed_reliable_context=1.233234 sequence=127.123947
[plan] step=85 node=N7885 type=control1 q_typed_reliable_context=1.305239 sequence=128.429186
[plan] step=86 node=N7886 type=control1 q_typed_reliable_context=1.511806 sequence=129.940993
[plan] step=87 node=N7887 type=control1 q_typed_reliable_context=1.368059 sequence=131.309052
[plan] step=88 node=N7888 type=control1 q_typed_reliable_context=0.827568 sequence=132.136620
[plan] step=89 node=N7889 type=control1 q_typed_reliable_context=0.764596 sequence=132.901216
[plan] step=90 node=N7890 type=control1 q_typed_reliable_context=0.923774 sequence=133.824990
[plan] step=91 node=N507 type=control1 q_typed_reliable_context=1.102828 sequence=134.927818
[plan] step=92 node=N7723 type=control0 q_typed_reliable_context=1.055847 sequence=135.983665
[plan] step=93 node=N3785 type=control0 q_typed_reliable_context=1.000564 sequence=136.984229
[plan] step=94 node=N7820 type=control0 q_typed_reliable_context=2.472043 sequence=139.456272
[plan] step=95 node=N4557 type=control0 q_typed_reliable_context=1.571745 sequence=141.028017
[plan] step=96 node=N7408 type=control0 q_typed_reliable_context=1.397358 sequence=142.425375
[plan] step=97 node=N713 type=observe q_typed_reliable_context=1.823021 sequence=144.248396
[plan] step=98 node=N3820 type=control0 q_typed_reliable_context=0.996594 sequence=145.244990
[plan] step=99 node=N7541 type=control0 q_typed_reliable_context=1.609835 sequence=146.854825
[plan] step=100 node=N7725 type=control0 q_typed_reliable_context=1.425670 sequence=148.280495
[plan] step=101 node=N556 type=control1 q_typed_reliable_context=1.527196 sequence=149.807692
[plan] step=102 node=N7846 type=control0 q_typed_reliable_context=1.483820 sequence=151.291511
[plan] step=103 node=N510 type=control1 q_typed_reliable_context=1.694965 sequence=152.986477
[plan] step=104 node=N610 type=control1 q_typed_reliable_context=1.201115 sequence=154.187591
[plan] step=105 node=N3682 type=control0 q_typed_reliable_context=1.578266 sequence=155.765857
[plan] step=106 node=N620 type=control1 q_typed_reliable_context=1.372191 sequence=157.138048
[plan] step=107 node=N3827 type=control0 q_typed_reliable_context=1.635956 sequence=158.774004
[plan] step=108 node=N614 type=control1 q_typed_reliable_context=1.766650 sequence=160.540654
[plan] step=109 node=N3799 type=control0 q_typed_reliable_context=2.299569 sequence=162.840223
[plan] step=110 node=N634 type=control1 q_typed_reliable_context=2.156037 sequence=164.996260
[plan] step=111 node=N3792 type=control0 q_typed_reliable_context=2.008980 sequence=167.005240
[plan] step=112 node=N638 type=control1 q_typed_reliable_context=1.994093 sequence=168.999333
[plan] step=113 node=N4585 type=control0 q_typed_reliable_context=1.996551 sequence=170.995885
[plan] step=114 node=N723 type=observe q_typed_reliable_context=3.114312 sequence=174.110197
[plan] step=115 node=N7590 type=control1 q_typed_reliable_context=1.966962 sequence=176.077159
[plan] step=116 node=N4564 type=control0 q_typed_reliable_context=2.538205 sequence=178.615364
[plan] step=117 node=N4520 type=control0 q_typed_reliable_context=3.117622 sequence=181.732985
[plan] step=118 node=N7852 type=control0 q_typed_reliable_context=3.024746 sequence=184.757731
[plan] step=119 node=N3903 type=control0 q_typed_reliable_context=1.818260 sequence=186.575991
[plan] step=120 node=N3896 type=control0 q_typed_reliable_context=1.892445 sequence=188.468436
[plan] step=121 node=N7853 type=control0 q_typed_reliable_context=2.097417 sequence=190.565853
[plan] step=122 node=N7847 type=control0 q_typed_reliable_context=2.109605 sequence=192.675458
[plan] step=123 node=N7721 type=control0 q_typed_reliable_context=2.468819 sequence=195.144277
[plan] step=124 node=N7588 type=control1 q_typed_reliable_context=2.376783 sequence=197.521059
[plan] step=125 node=N555 type=control1 q_typed_reliable_context=2.191956 sequence=199.713015
[plan] step=126 node=N645 type=control1 q_typed_reliable_context=2.527979 sequence=202.240995
[plan] step=127 node=N616 type=control1 q_typed_reliable_context=2.697771 sequence=204.938766
[plan] step=128 node=N2040 type=observe q_typed_reliable_context=3.133036 sequence=208.071802
[plan] step=129 node=N7537 type=observe q_typed_reliable_context=1.470632 sequence=209.542434
[plan] step=130 node=N7532 type=observe q_typed_reliable_context=1.613527 sequence=211.155961
[plan] step=131 node=N636 type=control1 q_typed_reliable_context=1.724141 sequence=212.880101
[plan] step=132 node=N7535 type=observe q_typed_reliable_context=1.929139 sequence=214.809240
[plan] step=133 node=N7534 type=observe q_typed_reliable_context=1.902104 sequence=216.711343
[plan] step=134 node=N3295 type=control1 q_typed_reliable_context=1.570551 sequence=218.281895
[plan] step=135 node=N630 type=control1 q_typed_reliable_context=2.534930 sequence=220.816825
[plan] step=136 node=N7518 type=observe q_typed_reliable_context=2.082932 sequence=222.899757
[plan] step=137 node=N785 type=observe q_typed_reliable_context=1.689275 sequence=224.589032
[plan] step=138 node=N2580 type=control1 q_typed_reliable_context=1.074653 sequence=225.663684
[plan] step=139 node=N3467 type=control1 q_typed_reliable_context=1.140553 sequence=226.804237
[plan] step=140 node=N649 type=control1 q_typed_reliable_context=0.947036 sequence=227.751273
[plan] step=141 node=N7424 type=control1 q_typed_reliable_context=1.249869 sequence=229.001142
[plan] step=142 node=N642 type=control1 q_typed_reliable_context=1.591709 sequence=230.592851
[plan] step=143 node=N1552 type=observe q_typed_reliable_context=1.036722 sequence=231.629573
[plan] step=144 node=N5867 type=observe q_typed_reliable_context=1.238154 sequence=232.867727
[plan] step=145 node=N2157 type=observe q_typed_reliable_context=2.918432 sequence=235.786159
[plan] step=146 node=N647 type=control1 q_typed_reliable_context=5.857350 sequence=241.643509
[plan] step=147 node=N1586 type=control1 q_typed_reliable_context=5.975382 sequence=247.618891
[plan] step=148 node=N7402 type=observe q_typed_reliable_context=6.380259 sequence=253.999150
[plan] step=149 node=N7627 type=observe q_typed_reliable_context=6.005011 sequence=260.004161
[plan] step=150 node=N1607 type=control1 q_typed_reliable_context=2.685509 sequence=262.689670
[plan] step=151 node=N7680 type=observe q_typed_reliable_context=5.961758 sequence=268.651428
[plan] step=152 node=N7624 type=observe q_typed_reliable_context=5.456239 sequence=274.107667
[plan] step=153 node=N7465 type=observe q_typed_reliable_context=1.221501 sequence=275.329168
[plan] step=154 node=N5627 type=observe q_typed_reliable_context=3.006492 sequence=278.335660
[plan] step=155 node=N6948 type=observe q_typed_reliable_context=3.170589 sequence=281.506249
[plan] step=156 node=N725 type=observe q_typed_reliable_context=2.460718 sequence=283.966967
[plan] step=157 node=N5617 type=observe q_typed_reliable_context=3.863095 sequence=287.830062
[plan] step=158 node=N3525 type=control1 q_typed_reliable_context=1.500115 sequence=289.330177
[plan] step=159 node=N2149 type=observe q_typed_reliable_context=2.002952 sequence=291.333129
[plan] step=160 node=N2102 type=observe q_typed_reliable_context=1.363677 sequence=292.696806
[plan] step=161 node=N4529 type=observe q_typed_reliable_context=1.634320 sequence=294.331127
[plan] step=162 node=N7385 type=observe q_typed_reliable_context=3.166024 sequence=297.497150
[plan] step=163 node=N6531 type=observe q_typed_reliable_context=4.780895 sequence=302.278045
[plan] step=164 node=N712 type=observe q_typed_reliable_context=1.852809 sequence=304.130854
[plan] step=165 node=N7614 type=observe q_typed_reliable_context=4.723006 sequence=308.853860
[plan] step=166 node=N722 type=observe q_typed_reliable_context=3.843302 sequence=312.697162
[plan] step=167 node=N5877 type=observe q_typed_reliable_context=4.746065 sequence=317.443227
[plan] step=168 node=N714 type=observe q_typed_reliable_context=3.179977 sequence=320.623204
[plan] step=169 node=N5740 type=observe q_typed_reliable_context=4.639998 sequence=325.263202
[plan] step=170 node=N7436 type=observe q_typed_reliable_context=4.792263 sequence=330.055466
[plan] step=171 node=N694 type=observe q_typed_reliable_context=2.239662 sequence=332.295128
[plan] step=172 node=N7681 type=observe q_typed_reliable_context=5.250187 sequence=337.545315
[plan] step=173 node=N4521 type=observe q_typed_reliable_context=4.604535 sequence=342.149850
[plan] step=174 node=N3410 type=control1 q_typed_reliable_context=1.176594 sequence=343.326443
[plan] step=175 node=N3180 type=control1 q_typed_reliable_context=2.325595 sequence=345.652039
[plan] step=176 node=N2652 type=control1 q_typed_reliable_context=0.944145 sequence=346.596184
[plan] step=177 node=N2721 type=control1 q_typed_reliable_context=1.477873 sequence=348.074057
[plan] step=178 node=N2952 type=control1 q_typed_reliable_context=1.096254 sequence=349.170310
[plan] step=179 node=N578 type=observe q_typed_reliable_context=0.679618 sequence=349.849928
[plan] step=180 node=N2837 type=control1 q_typed_reliable_context=0.791061 sequence=350.640989
[plan] step=181 node=N7453 type=observe q_typed_reliable_context=0.817259 sequence=351.458249
[plan] step=182 node=N7500 type=observe q_typed_reliable_context=0.684847 sequence=352.143096
[plan] step=183 node=N2894 type=control1 q_typed_reliable_context=0.276082 sequence=352.419177
[plan] step=184 node=N1951 type=observe q_typed_reliable_context=0.890945 sequence=353.310122
[plan] step=185 node=N2779 type=control1 q_typed_reliable_context=0.576039 sequence=353.886161
[plan] step=186 node=N6674 type=observe q_typed_reliable_context=1.708736 sequence=355.594897
[plan] step=187 node=N5873 type=observe q_typed_reliable_context=2.205845 sequence=357.800742
[plan] step=188 node=N5356 type=observe q_typed_reliable_context=1.794928 sequence=359.595669
[plan] step=189 node=N679 type=observe q_typed_reliable_context=1.537700 sequence=361.133369
[plan] step=190 node=N3009 type=control1 q_typed_reliable_context=1.760296 sequence=362.893665
[plan] step=191 node=N7855 type=control0 q_typed_reliable_context=1.217210 sequence=364.110875
[plan] step=192 node=N8790 type=control1 q_typed_reliable_context=2.212985 sequence=366.323860
[plan] step=193 node=N7401 type=observe q_typed_reliable_context=1.178117 sequence=367.501977
[plan] step=194 node=N2106 type=observe q_typed_reliable_context=1.134023 sequence=368.636000
[plan] step=195 node=N715 type=observe q_typed_reliable_context=1.598938 sequence=370.234938
[plan] step=196 node=N8240 type=control1 q_typed_reliable_context=2.152893 sequence=372.387831
[plan] step=197 node=N8789 type=control1 q_typed_reliable_context=2.124934 sequence=374.512765
[plan] step=198 node=N8239 type=control1 q_typed_reliable_context=1.997165 sequence=376.509931
[plan] step=199 node=N7542 type=control0 q_typed_reliable_context=1.761220 sequence=378.271151
[plan] step=200 node=N8607 type=control1 q_typed_reliable_context=3.072339 sequence=381.343490
[plan] step=201 node=N3067 type=control1 q_typed_reliable_context=1.906770 sequence=383.250260
[plan] step=202 node=N8238 type=control1 q_typed_reliable_context=2.406459 sequence=385.656719
[plan] step=203 node=N8606 type=control1 q_typed_reliable_context=2.497811 sequence=388.154530
[plan] step=204 node=N8237 type=control1 q_typed_reliable_context=2.085243 sequence=390.239773
[plan] step=205 node=N902 type=control1 q_typed_reliable_context=2.318721 sequence=392.558493
[plan] step=206 node=N652 type=control1 q_typed_reliable_context=1.667203 sequence=394.225697
[plan] step=207 node=N8605 type=control1 q_typed_reliable_context=2.185527 sequence=396.411223
[plan] step=208 node=N7405 type=observe q_typed_reliable_context=1.619039 sequence=398.030262
[plan] step=209 node=N5473 type=observe q_typed_reliable_context=1.317636 sequence=399.347898
[plan] step=210 node=N8236 type=control1 q_typed_reliable_context=3.616694 sequence=402.964593
[plan] step=211 node=N515 type=control1 q_typed_reliable_context=5.488428 sequence=408.453020
[plan] step=212 node=N5879 type=observe q_typed_reliable_context=4.219093 sequence=412.672113
[plan] step=213 node=N7442 type=control0 q_typed_reliable_context=1.537037 sequence=414.209150
[plan] step=214 node=N2181 type=observe q_typed_reliable_context=1.578888 sequence=415.788038
[plan] step=215 node=N6573 type=observe q_typed_reliable_context=3.006793 sequence=418.794831
[plan] step=216 node=N703 type=observe q_typed_reliable_context=2.249507 sequence=421.044339
[plan] step=217 node=N6581 type=observe q_typed_reliable_context=3.969770 sequence=425.014108
[plan] step=218 node=N7550 type=observe q_typed_reliable_context=6.402737 sequence=431.416846
[plan] step=219 node=N5725 type=observe q_typed_reliable_context=4.129612 sequence=435.546457
[plan] step=220 node=N4551 type=observe q_typed_reliable_context=2.598794 sequence=438.145251
[plan] step=221 node=N706 type=observe q_typed_reliable_context=2.613229 sequence=440.758480
[plan] step=222 node=N719 type=observe q_typed_reliable_context=6.566173 sequence=447.324653
[plan] step=223 node=N705 type=observe q_typed_reliable_context=6.457438 sequence=453.782091
[plan] step=224 node=N4460 type=control0 q_typed_reliable_context=5.420857 sequence=459.202948
[plan] step=225 node=N5456 type=observe q_typed_reliable_context=5.979156 sequence=465.182105
[plan] step=226 node=N6656 type=observe q_typed_reliable_context=6.312541 sequence=471.494646
[plan] step=227 node=N4513 type=observe q_typed_reliable_context=4.866609 sequence=476.361255
[plan] step=228 node=N7439 type=observe q_typed_reliable_context=3.472599 sequence=479.833854
[plan] step=229 node=N4421 type=control0 q_typed_reliable_context=2.007069 sequence=481.840922
[plan] step=230 node=N734 type=observe q_typed_reliable_context=6.564470 sequence=488.405392
[plan] step=231 node=N5202 type=observe q_typed_reliable_context=6.057132 sequence=494.462524
[plan] step=232 node=N5439 type=observe q_typed_reliable_context=6.250843 sequence=500.713368
[plan] step=233 node=N6660 type=observe q_typed_reliable_context=6.113984 sequence=506.827352
[plan] step=234 node=N5334 type=observe q_typed_reliable_context=5.199352 sequence=512.026704
[plan] step=235 node=N1874 type=observe q_typed_reliable_context=5.586712 sequence=517.613416
[plan] step=236 node=N5422 type=observe q_typed_reliable_context=3.679148 sequence=521.292564
[plan] step=237 node=N699 type=observe q_typed_reliable_context=5.411459 sequence=526.704024
[plan] step=238 node=N7383 type=observe q_typed_reliable_context=5.977358 sequence=532.681381
[plan] step=239 node=N8235 type=control1 q_typed_reliable_context=4.138873 sequence=536.820254
[plan] step=240 node=N4497 type=observe q_typed_reliable_context=3.125643 sequence=539.945897
[plan] step=241 node=N5390 type=observe q_typed_reliable_context=2.484942 sequence=542.430839
[plan] step=242 node=N4367 type=control0 q_typed_reliable_context=5.127159 sequence=547.557999
[plan] step=243 node=N4532 type=control0 q_typed_reliable_context=4.481021 sequence=552.039020
[plan] step=244 node=N6678 type=observe q_typed_reliable_context=3.212466 sequence=555.251485
[plan] step=245 node=N708 type=observe q_typed_reliable_context=5.195929 sequence=560.447415
[plan] step=246 node=N5373 type=observe q_typed_reliable_context=5.390793 sequence=565.838208
[plan] step=247 node=N6932 type=observe q_typed_reliable_context=5.639702 sequence=571.477910
[plan] step=248 node=N4442 type=control0 q_typed_reliable_context=2.212703 sequence=573.690613
[plan] step=249 node=N4359 type=control0 q_typed_reliable_context=3.650113 sequence=577.340726
[plan] step=250 node=N4469 type=control0 q_typed_reliable_context=3.082489 sequence=580.423215
[plan] step=251 node=N7720 type=control0 q_typed_reliable_context=2.750339 sequence=583.173554
[plan] step=252 node=N8234 type=control1 q_typed_reliable_context=5.611202 sequence=588.784756
[plan] step=253 node=N2151 type=observe q_typed_reliable_context=6.205269 sequence=594.990025
[plan] step=254 node=N6593 type=control1 q_typed_reliable_context=1.031517 sequence=596.021542
[plan] step=255 node=N8783 type=control1 q_typed_reliable_context=1.150264 sequence=597.171806
[plan] step=256 node=N8233 type=control1 q_typed_reliable_context=5.366574 sequence=602.538380
[plan] step=257 node=N765 type=observe q_typed_reliable_context=3.582261 sequence=606.120641
[plan] step=258 node=N2159 type=observe q_typed_reliable_context=6.339656 sequence=612.460297
[plan] step=259 node=N4505 type=observe q_typed_reliable_context=1.343318 sequence=613.803615
[plan] step=260 node=N1351 type=observe q_typed_reliable_context=3.891583 sequence=617.695198
[plan] step=261 node=N7381 type=observe q_typed_reliable_context=5.363595 sequence=623.058794
[plan] step=262 node=N7380 type=observe q_typed_reliable_context=3.728667 sequence=626.787460
[plan] step=263 node=N8608 type=control1 q_typed_reliable_context=3.049909 sequence=629.837370
[plan] step=264 node=N686 type=observe q_typed_reliable_context=2.892586 sequence=632.729956
[plan] step=265 node=N6682 type=observe q_typed_reliable_context=1.274614 sequence=634.004569
[plan] step=266 node=N729 type=observe q_typed_reliable_context=5.511633 sequence=639.516203
[plan] step=267 node=N1598 type=observe q_typed_reliable_context=5.284046 sequence=644.800248
[plan] step=268 node=N6741 type=control1 q_typed_reliable_context=5.184838 sequence=649.985086
[plan] step=269 node=N2358 type=control1 q_typed_reliable_context=6.323399 sequence=656.308486
[plan] step=270 node=N539 type=observe q_typed_reliable_context=2.687229 sequence=658.995714
[plan] step=271 node=N6743 type=control1 q_typed_reliable_context=5.624913 sequence=664.620627
[plan] step=272 node=N1854 type=observe q_typed_reliable_context=2.614684 sequence=667.235311
[plan] step=273 node=N4436 type=control0 q_typed_reliable_context=5.864948 sequence=673.100259
[plan] step=274 node=N7512 type=observe q_typed_reliable_context=0.562280 sequence=673.662539
[plan] step=275 node=N6688 type=observe q_typed_reliable_context=0.976369 sequence=674.638908
[plan] step=276 node=N1688 type=observe q_typed_reliable_context=6.058581 sequence=680.697489
[plan] step=277 node=N684 type=observe q_typed_reliable_context=5.993839 sequence=686.691328
[plan] step=278 node=N4489 type=observe q_typed_reliable_context=6.326224 sequence=693.017552
saved=autoresearch/loop-260720-0945/model_training_round10/b15_selection/return_dual_lr2e4/epoch_006/alpha_0p10_decay_64/plans/iscas99__b15_1__greedy__cumulative__q_typed_reliable_context__bw1__d1__c64__g1p0__candhard_fault_cluster__div0p0__s0.csv
