__tpi_op_0_new_n48575_ /0 undetected
new_n114695_ /1 undetected
__buf_split_59969 /1 undetected
new_n114690_->new_n114690__PO /0 undetected
new_n50753_->new_n50753__PO /0 undetected
new_n50740_->new_n50740__PO /0 undetected
new_n50723_->new_n50723__PO /0 undetected
new_n50722_->new_n50722__PO /0 undetected
new_n48732_->new_n48732__PO /1 undetected
new_n48731_->new_n48731__PO /0 undetected
new_n114690_ /0 undetected
test_en->__tpi_cp_94___buf_split_59964 /0 undetected
__buf_split_59964 /0 undetected
new_n50753_ /0 undetected
new_n22113_->__tpi_cp_74_new_n22113_ /1 undetected
__tpi_not_test_en->__tpi_cp_73___buf_split_15429 /1 undetected
__buf_split_15427->new_n50748_ /1 undetected
__tpi_not_test_en->__tpi_cp_9___buf_split_15424 /1 undetected
__tpi_not_test_en->__tpi_cp_83_new_n50744_ /1 undetected
__buf_split_15425 /1 undetected
new_n47894_->__tpi_cp_55_new_n47894_ /1 undetected
__tpi_not_test_en->__tpi_cp_55_new_n47894_ /1 undetected
__tpi_not_test_en->__tpi_cp_31___buf_split_15426 /1 undetected
__tpi_cp_31___buf_split_15426 /1 undetected
__buf_split_15426 /1 undetected
new_n50734_ /1 undetected
__tpi_not_test_en->__tpi_cp_2_new_n50732_ /1 undetected
__tpi_cp_2_new_n50732_ /1 undetected
new_n50732_ /1 undetected
test_en->__tpi_cp_129_new_n50731_ /0 undetected
new_n50731_ /0 undetected
new_n50730_ /1 undetected
__buf_split_15408->new_n50729_ /1 undetected
__buf_split_15409 /1 undetected
new_n50727_->__tpi_cp_114_new_n50727_ /0 undetected
test_en->__tpi_cp_114_new_n50727_ /0 undetected
__buf_split_15410 /1 undetected
new_n48732_->__tpi_cp_32_new_n48732_ /1 undetected
new_n48732_ /1 undetected
__buf_split_14093->new_n48731_ /1 undetected
new_n48731_ /0 undetected
new_n48728_->new_n48729_ /1 undetected
new_n48729_ /1 undetected
new_n48681_ /1 undetected
test_en->__tpi_cp_139_new_n48680_ /0 undetected
__tpi_cp_139_new_n48680_ /1 undetected
new_n48680_ /0 undetected
new_n48679_ /1 undetected
new_n48678_ /1 undetected
new_n48677_ /1 undetected
__tpi_not_test_en->__tpi_cp_91_new_n48675_ /1 undetected
__tpi_cp_91_new_n48675_ /1 undetected
new_n48675_ /1 undetected
new_n48673_ /1 undetected
__tpi_not_test_en->__tpi_cp_70_new_n48672_ /1 undetected
__tpi_cp_70_new_n48672_ /1 undetected
new_n48672_ /1 undetected
new_n48670_ /1 undetected
new_n48668_ /1 undetected
new_n48667_ /1 undetected
new_n48666_ /1 undetected
__tpi_not_test_en->__tpi_cp_97_new_n48664_ /1 undetected
__tpi_cp_97_new_n48664_ /1 undetected
new_n48664_ /1 undetected
__tpi_not_test_en->__tpi_cp_63_new_n48662_ /1 undetected
__tpi_cp_63_new_n48662_ /1 undetected
new_n48662_ /1 undetected
__buf_split_14048->new_n48661_ /1 undetected
__buf_split_14049 /1 undetected
__tpi_not_test_en->__tpi_cp_58___buf_split_14062 /1 undetected
__tpi_cp_58___buf_split_14062 /1 undetected
__buf_split_14062 /1 undetected
test_en->__tpi_cp_99_new_n48649_ /0 undetected
__tpi_cp_99_new_n48649_ /1 undetected
new_n48648_->new_n48649_ /1 undetected
new_n48649_ /0 undetected
new_n48601_ /1 undetected
new_n48600_ /1 undetected
__tpi_not_test_en->__tpi_cp_69_new_n48599_ /1 undetected
__tpi_cp_69_new_n48599_ /1 undetected
new_n48599_ /1 undetected
new_n48598_ /1 undetected
new_n48596_ /1 undetected
new_n48594_ /1 undetected
new_n48593_ /1 undetected
new_n48591_ /1 undetected
new_n48589_ /1 undetected
new_n48588_ /1 undetected
__tpi_not_test_en->__tpi_cp_72___buf_split_14005 /1 undetected
__tpi_cp_72___buf_split_14005 /1 undetected
__buf_split_14005 /1 undetected
test_en->__tpi_cp_135___buf_split_14001 /0 undetected
__tpi_not_test_en->__tpi_cp_78_new_n47892_ /1 undetected
__tpi_cp_78_new_n47892_ /1 undetected
new_n47892_ /1 undetected
__tpi_not_test_en->__tpi_cp_126_new_n48576_ /1 undetected
__tpi_cp_126_new_n48576_ /1 undetected
new_n48576_ /1 undetected
__tpi_not_test_en->__tpi_cp_143_new_n48570_ /1 undetected
__tpi_not_test_en->__tpi_cp_127_new_n48569_ /1 undetected
__buf_split_13986 /1 undetected
__buf_split_13985 /1 undetected
__tpi_not_test_en->__tpi_cp_27_new_n48566_ /1 undetected
__tpi_cp_27_new_n48566_ /1 undetected
new_n48566_ /1 undetected
new_n50740_->__tpi_cp_115_new_n50740_ /0 undetected
new_n50723_ /0 undetected
__tpi_not_test_en->__tpi_cp_81___buf_split_15400 /1 undetected
__tpi_cp_81___buf_split_15400 /1 undetected
__buf_split_15400 /1 undetected
new_n47891_ /0 undetected
__buf_split_13520 /1 undetected
__buf_split_13519 /1 undetected
__buf_split_13521 /1 undetected
new_n48575_ /0 undetected
__buf_split_13992 /1 undetected
__tpi_not_test_en->__tpi_cp_77_new_n48582_ /1 undetected
new_n50740_ /0 undetected
new_n50738_ /1 undetected
new_n50737_ /1 undetected
__buf_split_15414->new_n50736_ /1 undetected
new_n50736_ /1 undetected
__buf_split_15415 /1 undetected
__buf_split_15416 /1 undetected
__buf_split_15417 /1 undetected
__buf_split_15418 /1 undetected
new_n50722_ /0 undetected
test_en->__tpi_cp_0_new_n50721_ /0 undetected
new_n50721_ /0 undetected
new_n50720_ /1 undetected
new_n50719_ /1 undetected
new_n50718_ /1 undetected
__buf_split_15395 /1 undetected
__buf_split_15394 /1 undetected
__tpi_not_test_en->__tpi_cp_87___buf_split_15396 /1 undetected
__tpi_cp_87___buf_split_15396 /1 undetected
__buf_split_15396 /1 undetected
__buf_split_15397 /1 undetected
__buf_split_15398 /1 undetected
new_n48565_ /0 undetected
test_en->__tpi_cp_7_new_n48564_ /0 undetected
new_n48564_ /0 undetected
__buf_split_13980 /1 undetected
__buf_split_13981 /1 undetected
__buf_split_13982 /1 undetected
__buf_split_13983 /1 undetected
new_n48571_ /1 undetected
__buf_split_13988 /1 undetected
__buf_split_13987 /1 undetected
__buf_split_13990 /1 undetected
test_en->__tpi_cp_132_new_n47873_ /0 undetected
__tpi_not_test_en->__tpi_cp_117___buf_split_13493 /1 undetected
test_en->__tpi_cp_138_new_n48726_ /0 undetected
__tpi_not_test_en->__tpi_cp_68_new_n48722_ /1 undetected
__tpi_not_test_en->__tpi_cp_66_new_n48717_ /1 undetected
__tpi_not_test_en->__tpi_cp_98_new_n48711_ /1 undetected
__tpi_not_test_en->__tpi_cp_61_new_n48709_ /1 undetected
__tpi_not_test_en->__tpi_cp_67_new_n48699_ /1 undetected
__tpi_not_test_en->__tpi_cp_65_new_n48694_ /1 undetected
test_en->__tpi_cp_137_new_n48692_ /0 undetected
__tpi_not_test_en->__tpi_cp_108_new_n48688_ /1 undetected
__tpi_not_test_en->__tpi_cp_60_new_n48686_ /1 undetected
new_n47889_ /1 undetected
new_n47889_ /0 undetected
__tpi_not_test_en->__tpi_cp_112_new_n47888_ /1 undetected
__tpi_cp_112_new_n47888_ /1 undetected
new_n47888_ /1 undetected
__buf_split_13517 /1 undetected
new_n47887_->__tpi_cp_136_new_n47887_ /0 undetected
test_en->__tpi_cp_136_new_n47887_ /0 undetected
__buf_split_13516 /1 undetected
__buf_split_13518 /1 undetected
test_en->__tpi_cp_8_new_n47867_ /0 undetected
__tpi_not_test_en->__tpi_cp_120_new_n47866_ /1 undetected
__tpi_not_test_en->__tpi_cp_118_new_n47865_ /1 undetected
__tpi_not_test_en->__tpi_cp_123_new_n47864_ /1 undetected
__tpi_not_test_en->__tpi_cp_125_new_n47863_ /1 undetected
__tpi_not_test_en->__tpi_cp_119_new_n47862_ /1 undetected
__tpi_not_test_en->__tpi_cp_59___buf_split_13485 /1 undetected
__tpi_not_test_en->__tpi_cp_113_new_n47861_ /1 undetected
test_en->__tpi_cp_101_new_n76290_ /0 undetected
__tpi_not_test_en->__tpi_cp_89_new_n48642_ /1 undetected
__tpi_not_test_en->__tpi_cp_80_new_n48639_ /1 undetected
__tpi_not_test_en->__tpi_cp_64_new_n48634_ /1 undetected
__tpi_not_test_en->__tpi_cp_96_new_n48628_ /1 undetected
__tpi_not_test_en->__tpi_cp_95_new_n48621_ /1 undetected
__tpi_not_test_en->__tpi_cp_62_new_n48617_ /1 undetected
__tpi_not_test_en->__tpi_cp_82_new_n48610_ /1 undetected
__tpi_not_test_en->__tpi_cp_85_new_n48605_ /1 undetected
__tpi_not_test_en->__tpi_cp_3_new_n47885_ /1 undetected
__tpi_cp_3_new_n47885_ /1 undetected
__tpi_cp_3_new_n47885_ /0 undetected
new_n47885_ /1 undetected
__buf_split_13511 /1 undetected
new_n47884_->__tpi_cp_122_new_n47884_ /1 undetected
__tpi_not_test_en->__tpi_cp_122_new_n47884_ /1 undetected
__buf_split_13510 /1 undetected
new_n47883_->__tpi_cp_121_new_n47883_ /1 undetected
__tpi_not_test_en->__tpi_cp_121_new_n47883_ /1 undetected
new_n47882_ /1 undetected
new_n47882_ /0 undetected
__tpi_not_test_en->__tpi_cp_124_new_n47881_ /1 undetected
__tpi_cp_124_new_n47881_ /1 undetected
new_n47881_ /1 undetected
__buf_split_13504 /1 undetected
__buf_split_13503 /1 undetected
__buf_split_13505 /1 undetected
test_en->__tpi_cp_116_new_n75118_ /0 undetected
__tpi_not_test_en->__tpi_cp_88_new_n22322_ /1 undetected
__tpi_not_test_en->__tpi_cp_84_new_n22321_ /1 undetected
__tpi_not_test_en->__tpi_cp_10___buf_split_13997 /1 undetected
__tpi_not_test_en->__tpi_cp_93___buf_split_13996 /1 undetected
__tpi_not_test_en->__tpi_cp_134_new_n47878_ /1 undetected
__tpi_cp_134_new_n47878_ /1 undetected
new_n47878_ /1 undetected
__tpi_not_test_en->__tpi_cp_109_new_n47877_ /1 undetected
__tpi_cp_109_new_n47877_ /1 undetected
new_n47877_ /1 undetected
__buf_split_13498 /1 undetected
__buf_split_13497 /1 undetected
__tpi_not_test_en->__tpi_cp_30_new_n47876_ /1 undetected
__tpi_cp_30_new_n47876_ /1 undetected
new_n47876_ /1 undetected
__buf_split_13496 /1 undetected
__buf_split_13495 /1 undetected
__tpi_not_test_en->__tpi_cp_100_new_n48658_ /1 undetected
__tpi_not_test_en->__tpi_cp_12___buf_split_60 /1 undetected
__tpi_not_test_en->__tpi_cp_106___buf_split_14045 /1 undetected
__tpi_not_test_en->__tpi_cp_102_new_n48653_ /1 undetected
__tpi_not_test_en->__tpi_cp_13___buf_split_63 /1 undetected
__tpi_not_test_en->__tpi_cp_107___buf_split_14042 /1 undetected
__tpi_not_test_en->__tpi_cp_110_new_n22320_ /1 undetected
__tpi_not_test_en->__tpi_cp_111___buf_split_210 /1 undetected
__tpi_not_test_en->__tpi_cp_4___buf_split_15402 /1 undetected
__tpi_not_test_en->__tpi_cp_86_new_n22319_ /1 undetected
__tpi_not_test_en->__tpi_cp_5_new_n47870_ /1 undetected
__tpi_not_test_en->__tpi_cp_130_new_n47869_ /1 undetected
__tpi_not_test_en->__tpi_cp_128_new_n47868_ /1 undetected
__tpi_not_test_en->__tpi_cp_133_new_n47871_ /1 undetected
__tpi_not_test_en->__tpi_cp_141_new_n22895_ /1 undetected
__tpi_not_test_en->__tpi_cp_140_new_n22894_ /1 undetected
__tpi_not_test_en->__tpi_cp_54_new_n47886_ /1 undetected
__tpi_cp_54_new_n47886_ /1 undetected
__tpi_cp_54_new_n47886_ /0 undetected
new_n47886_ /1 undetected
__buf_split_13513 /1 undetected
__buf_split_13512 /1 undetected
__tpi_not_test_en->__tpi_cp_104___buf_split_15412 /1 undetected
new_n47879_ /1 undetected
__buf_split_13500 /1 undetected
__buf_split_13499 /1 undetected
test_en->__tpi_cp_144_new_n22104_ /0 undetected
__tpi_not_test_en->__tpi_cp_37_new_n22897_ /1 undetected
__tpi_not_test_en->__tpi_cp_92___buf_split_772 /1 undetected
