[plan] candidate_allowlist=autoresearch/original-netlist-recovery-260712/exact_itc99/b15_C/exact_candidate_nodes.txt nodes=7918
[plan] latent_norm_clip_ratio=4 latent_norm_limit=30.875631
[plan] step=1 node=N762 type=control1 guarded_reward_context=1.429215 sequence=1.429215
[plan] step=2 node=N5143 type=observe guarded_reward_context=1.131393 sequence=2.560609
[plan] step=3 node=N5046 type=observe guarded_reward_context=1.374806 sequence=3.935414
[plan] step=4 node=N661 type=control0 guarded_reward_context=1.669696 sequence=5.605110
[plan] step=5 node=N2336 type=control1 guarded_reward_context=1.955602 sequence=7.560713
[plan] step=6 node=N864 type=observe guarded_reward_context=1.232243 sequence=8.792956
[plan] step=7 node=N893 type=control1 guarded_reward_context=1.918387 sequence=10.711343
[plan] step=8 node=N2078 type=observe guarded_reward_context=2.762448 sequence=13.473791
[plan] step=9 node=N3605 type=observe guarded_reward_context=1.070681 sequence=14.544473
[plan] step=10 node=N4520 type=control0 guarded_reward_context=1.191894 sequence=15.736367
[plan] step=11 node=N2008 type=observe guarded_reward_context=1.851359 sequence=17.587726
[plan] step=12 node=N557 type=control1 guarded_reward_context=3.250451 sequence=20.838177
[plan] step=13 node=N3644 type=control0 guarded_reward_context=4.267508 sequence=25.105685
[plan] step=14 node=N721 type=control1 guarded_reward_context=6.435945 sequence=31.541630
[plan] step=15 node=N1532 type=observe guarded_reward_context=5.733204 sequence=37.274834
[plan] step=16 node=N2083 type=observe guarded_reward_context=4.768372 sequence=42.043206
[plan] step=17 node=N1853 type=observe guarded_reward_context=6.401972 sequence=48.445178
[plan] step=18 node=N1599 type=observe guarded_reward_context=4.734390 sequence=53.179568
[plan] step=19 node=N704 type=observe guarded_reward_context=7.051802 sequence=60.231369
[plan] step=20 node=N1879 type=observe guarded_reward_context=1.398573 sequence=61.629942
[plan] step=21 node=N1437 type=control1 guarded_reward_context=1.344706 sequence=62.974648
[plan] step=22 node=N564 type=control1 guarded_reward_context=1.289267 sequence=64.263915
[plan] step=23 node=N4578 type=control0 guarded_reward_context=0.727812 sequence=64.991727
[plan] step=24 node=N583 type=control1 guarded_reward_context=7.800000 sequence=72.791727
[plan] step=25 node=N7488 type=control1 guarded_reward_context=0.829894 sequence=73.621621
[plan] step=26 node=N5723 type=control0 guarded_reward_context=0.866047 sequence=74.487667
[plan] step=27 node=N3742 type=control0 guarded_reward_context=0.779545 sequence=75.267212
[plan] step=28 node=N3903 type=control0 guarded_reward_context=0.816068 sequence=76.083280
[plan] step=29 node=N496 type=control1 guarded_reward_context=6.430406 sequence=82.513686
[plan] step=30 node=N2042 type=observe guarded_reward_context=3.119010 sequence=85.632696
[plan] step=31 node=N3911 type=control0 guarded_reward_context=0.768666 sequence=86.401362
[plan] step=32 node=N5234 type=observe guarded_reward_context=2.706460 sequence=89.107822
[plan] step=33 node=N7526 type=control1 guarded_reward_context=2.741252 sequence=91.849074
[plan] step=34 node=N6538 type=observe guarded_reward_context=1.186029 sequence=93.035103
[plan] step=35 node=N766 type=control1 guarded_reward_context=2.666909 sequence=95.702012
[plan] step=36 node=N7890 type=control1 guarded_reward_context=5.696868 sequence=101.398880
[plan] step=37 node=N2066 type=observe guarded_reward_context=0.986849 sequence=102.385729
[plan] step=38 node=N7891 type=control1 guarded_reward_context=2.375101 sequence=104.760830
[plan] step=39 node=N7889 type=control1 guarded_reward_context=6.085203 sequence=110.846033
[plan] step=40 node=N4670 type=control0 guarded_reward_context=2.110029 sequence=112.956062
[plan] step=41 node=N580 type=control1 guarded_reward_context=1.561789 sequence=114.517851
[plan] step=42 node=N582 type=control1 guarded_reward_context=1.106295 sequence=115.624146
[plan] step=43 node=N502 type=control1 guarded_reward_context=0.932543 sequence=116.556688
[plan] step=44 node=N3701 type=control0 guarded_reward_context=0.622113 sequence=117.178802
[plan] step=45 node=N7887 type=control1 guarded_reward_context=6.277621 sequence=123.456423
[plan] step=46 node=N3840 type=control0 guarded_reward_context=0.619508 sequence=124.075932
[plan] step=47 node=N4712 type=control0 guarded_reward_context=4.541377 sequence=128.617309
[plan] step=48 node=N4585 type=control0 guarded_reward_context=1.171726 sequence=129.789035
[plan] step=49 node=N7888 type=control1 guarded_reward_context=1.305212 sequence=131.094248
[plan] step=50 node=N866 type=observe guarded_reward_context=0.940167 sequence=132.034414
[plan] step=51 node=N2080 type=observe guarded_reward_context=1.363786 sequence=133.398200
[plan] step=52 node=N7886 type=control1 guarded_reward_context=3.522380 sequence=136.920580
[plan] step=53 node=N2314 type=control1 guarded_reward_context=0.744235 sequence=137.664816
[plan] step=54 node=N7884 type=control1 guarded_reward_context=4.062280 sequence=141.727096
[plan] step=55 node=N7885 type=control1 guarded_reward_context=2.222223 sequence=143.949319
[plan] step=56 node=N7881 type=control1 guarded_reward_context=4.731256 sequence=148.680575
[plan] step=57 node=N7882 type=control1 guarded_reward_context=6.790160 sequence=155.470734
[plan] step=58 node=N7883 type=control1 guarded_reward_context=6.026179 sequence=161.496913
[plan] step=59 node=N5605 type=control1 guarded_reward_context=2.933768 sequence=164.430681
[plan] step=60 node=N2157 type=observe guarded_reward_context=2.016135 sequence=166.446816
[plan] step=61 node=N3820 type=control0 guarded_reward_context=0.693522 sequence=167.140338
[plan] step=62 node=N3862 type=control0 guarded_reward_context=0.877188 sequence=168.017526
[plan] step=63 node=N2101 type=observe guarded_reward_context=1.103594 sequence=169.121120
[plan] step=64 node=N3855 type=control0 guarded_reward_context=0.885098 sequence=170.006218
[plan] step=65 node=N4698 type=control0 guarded_reward_context=0.749830 sequence=170.756048
[plan] step=66 node=N3848 type=control0 guarded_reward_context=0.798061 sequence=171.554110
[plan] step=67 node=N2062 type=observe guarded_reward_context=0.582133 sequence=172.136243
[plan] step=68 node=N4684 type=control0 guarded_reward_context=0.765793 sequence=172.902036
[plan] step=69 node=N2058 type=observe guarded_reward_context=0.930532 sequence=173.832568
[plan] step=70 node=N2149 type=observe guarded_reward_context=1.242387 sequence=175.074955
[plan] step=71 node=N2102 type=observe guarded_reward_context=1.258589 sequence=176.333544
[plan] step=72 node=N2054 type=observe guarded_reward_context=2.064267 sequence=178.397811
[plan] step=73 node=N2052 type=observe guarded_reward_context=1.115347 sequence=179.513159
[plan] step=74 node=N2050 type=observe guarded_reward_context=1.017579 sequence=180.530738
[plan] step=75 node=N2046 type=observe guarded_reward_context=0.816787 sequence=181.347525
[plan] step=76 node=N3827 type=control0 guarded_reward_context=0.745227 sequence=182.092752
[plan] step=77 node=N4716 type=control0 guarded_reward_context=1.196178 sequence=183.288929
[plan] step=78 node=N3904 type=control0 guarded_reward_context=0.716730 sequence=184.005659
[plan] step=79 node=N7875 type=control1 guarded_reward_context=1.021899 sequence=185.027558
[plan] step=80 node=N3805 type=control0 guarded_reward_context=0.677506 sequence=185.705064
[plan] step=81 node=N3897 type=control0 guarded_reward_context=0.673923 sequence=186.378987
[plan] step=82 node=N513 type=control1 guarded_reward_context=0.914034 sequence=187.293021
[plan] step=83 node=N3841 type=control0 guarded_reward_context=0.690986 sequence=187.984007
[plan] step=84 node=N3813 type=control0 guarded_reward_context=0.700520 sequence=188.684527
[plan] step=85 node=N3681 type=control0 guarded_reward_context=1.842320 sequence=190.526847
[plan] step=86 node=N3799 type=control0 guarded_reward_context=0.720738 sequence=191.247585
[plan] step=87 node=N504 type=control1 guarded_reward_context=0.712335 sequence=191.959920
[plan] step=88 node=N3889 type=control0 guarded_reward_context=0.695525 sequence=192.655445
[plan] step=89 node=N3882 type=control0 guarded_reward_context=0.730665 sequence=193.386110
[plan] step=90 node=N3792 type=control0 guarded_reward_context=0.785705 sequence=194.171815
[plan] step=91 node=N519 type=control1 guarded_reward_context=0.919205 sequence=195.091020
[plan] step=92 node=N7820 type=control0 guarded_reward_context=2.556161 sequence=197.647181
[plan] step=93 node=N7724 type=control0 guarded_reward_context=0.818242 sequence=198.465423
[plan] step=94 node=N7725 type=control0 guarded_reward_context=3.677812 sequence=202.143235
[plan] step=95 node=N7846 type=control0 guarded_reward_context=4.251552 sequence=206.394787
[plan] step=96 node=N7721 type=control0 guarded_reward_context=4.242122 sequence=210.636909
[plan] step=97 node=N7722 type=control0 guarded_reward_context=0.701540 sequence=211.338449
[plan] step=98 node=N7421 type=control1 guarded_reward_context=1.490952 sequence=212.829401
[plan] step=99 node=N4606 type=control0 guarded_reward_context=1.176095 sequence=214.005497
[plan] step=100 node=N7413 type=control1 guarded_reward_context=1.180707 sequence=215.186204
[plan] step=101 node=N3785 type=control0 guarded_reward_context=1.660331 sequence=216.846535
[plan] step=102 node=N3756 type=control0 guarded_reward_context=1.890588 sequence=218.737123
[plan] step=103 node=N3722 type=control0 guarded_reward_context=1.548014 sequence=220.285138
[plan] step=104 node=N4564 type=control0 guarded_reward_context=1.646517 sequence=221.931654
[plan] step=105 node=N7541 type=control0 guarded_reward_context=1.642771 sequence=223.574426
[plan] step=106 node=N4557 type=control0 guarded_reward_context=1.814904 sequence=225.389329
[plan] step=107 node=N7408 type=control0 guarded_reward_context=1.595733 sequence=226.985062
[plan] step=108 node=N7471 type=control0 guarded_reward_context=1.545540 sequence=228.530603
[plan] step=109 node=N7723 type=control0 guarded_reward_context=1.540783 sequence=230.071386
[plan] step=110 node=N8025 type=control0 guarded_reward_context=1.446514 sequence=231.517900
[plan] step=111 node=N8023 type=control0 guarded_reward_context=1.432596 sequence=232.950496
[plan] step=112 node=N8027 type=control0 guarded_reward_context=1.666291 sequence=234.616787
[plan] step=113 node=N8036 type=control0 guarded_reward_context=1.283911 sequence=235.900699
[plan] step=114 node=N8021 type=control0 guarded_reward_context=1.138708 sequence=237.039407
[plan] step=115 node=N7411 type=control1 guarded_reward_context=1.554594 sequence=238.594001
[plan] step=116 node=N8044 type=control0 guarded_reward_context=1.415841 sequence=240.009842
[plan] step=117 node=N8019 type=control0 guarded_reward_context=1.479649 sequence=241.489490
[plan] step=118 node=N3124 type=control1 guarded_reward_context=2.044722 sequence=243.534212
[plan] step=119 node=N8017 type=control0 guarded_reward_context=1.660151 sequence=245.194363
[plan] step=120 node=N8038 type=control0 guarded_reward_context=2.116513 sequence=247.310876
[plan] step=121 node=N8046 type=control0 guarded_reward_context=1.667329 sequence=248.978205
[plan] step=122 node=N7442 type=control0 guarded_reward_context=1.583918 sequence=250.562123
[plan] step=123 node=N8003 type=control0 guarded_reward_context=0.685816 sequence=251.247939
[plan] step=124 node=N7441 type=control0 guarded_reward_context=1.245645 sequence=252.493584
[plan] step=125 node=N8040 type=control0 guarded_reward_context=1.434542 sequence=253.928126
[plan] step=126 node=N8015 type=control0 guarded_reward_context=4.252941 sequence=258.181067
[plan] step=127 node=N7473 type=control0 guarded_reward_context=1.762924 sequence=259.943991
[plan] step=128 node=N3180 type=control1 guarded_reward_context=1.339341 sequence=261.283332
[plan] step=129 node=N7870 type=control1 guarded_reward_context=2.828856 sequence=264.112188
[plan] step=130 node=N7696 type=control0 guarded_reward_context=1.537936 sequence=265.650124
[plan] step=131 node=N7694 type=control0 guarded_reward_context=1.249139 sequence=266.899263
[plan] step=132 node=N8052 type=control0 guarded_reward_context=1.334299 sequence=268.233563
[plan] step=133 node=N8013 type=control0 guarded_reward_context=1.119757 sequence=269.353320
[plan] step=134 node=N7542 type=control0 guarded_reward_context=1.290535 sequence=270.643854
[plan] step=135 node=N8011 type=control0 guarded_reward_context=2.539227 sequence=273.183081
[plan] step=136 node=N7472 type=control0 guarded_reward_context=2.504507 sequence=275.687588
[plan] step=137 node=N578 type=observe guarded_reward_context=2.224649 sequence=277.912237
[plan] step=138 node=N7700 type=control0 guarded_reward_context=1.927931 sequence=279.840168
[plan] step=139 node=N8009 type=control0 guarded_reward_context=1.844226 sequence=281.684394
[plan] step=140 node=N8005 type=control0 guarded_reward_context=2.949883 sequence=284.634277
[plan] step=141 node=N7925 type=control0 guarded_reward_context=3.005840 sequence=287.640117
[plan] step=142 node=N7698 type=control0 guarded_reward_context=3.248627 sequence=290.888744
[plan] step=143 node=N7445 type=control0 guarded_reward_context=2.859690 sequence=293.748435
[plan] step=144 node=N6955 type=control0 guarded_reward_context=2.054908 sequence=295.803343
[plan] step=145 node=N7847 type=control0 guarded_reward_context=2.425323 sequence=298.228666
[plan] step=146 node=N7852 type=control0 guarded_reward_context=3.227368 sequence=301.456033
[plan] step=147 node=N5894 type=control0 guarded_reward_context=1.671164 sequence=303.127197
[plan] step=148 node=N4421 type=control0 guarded_reward_context=1.990529 sequence=305.117726
[plan] step=149 node=N4469 type=control0 guarded_reward_context=1.728603 sequence=306.846329
[plan] step=150 node=N4460 type=control0 guarded_reward_context=1.495919 sequence=308.342248
[plan] step=151 node=N4442 type=control0 guarded_reward_context=1.693388 sequence=310.035636
[plan] step=152 node=N4436 type=control0 guarded_reward_context=2.309056 sequence=312.344692
[plan] step=153 node=N4532 type=control0 guarded_reward_context=2.187593 sequence=314.532284
[plan] step=154 node=N4367 type=control0 guarded_reward_context=1.924220 sequence=316.456505
[plan] step=155 node=N4359 type=control0 guarded_reward_context=1.482017 sequence=317.938522
[plan] step=156 node=N6947 type=control0 guarded_reward_context=1.940567 sequence=319.879089
[plan] step=157 node=N5725 type=control0 guarded_reward_context=2.290914 sequence=322.170003
[plan] step=158 node=N4391 type=control0 guarded_reward_context=2.823865 sequence=324.993868
[plan] step=159 node=N2348 type=control0 guarded_reward_context=3.589946 sequence=328.583814
[plan] step=160 node=N4614 type=control0 guarded_reward_context=1.460986 sequence=330.044800
[plan] step=161 node=N4338 type=control0 guarded_reward_context=2.598450 sequence=332.643251
[plan] step=162 node=N5727 type=control0 guarded_reward_context=3.199572 sequence=335.842822
[plan] step=163 node=N4385 type=control0 guarded_reward_context=3.074515 sequence=338.917338
[plan] step=164 node=N8283 type=control0 guarded_reward_context=2.309823 sequence=341.227161
[plan] step=165 node=N3224 type=control0 guarded_reward_context=1.718384 sequence=342.945545
[plan] step=166 node=N3402 type=control0 guarded_reward_context=2.939169 sequence=345.884714
[plan] step=167 node=N3167 type=control0 guarded_reward_context=2.596181 sequence=348.480895
[plan] step=168 node=N3152 type=control0 guarded_reward_context=2.675107 sequence=351.156002
[plan] step=169 node=N3177 type=control0 guarded_reward_context=2.832496 sequence=353.988497
[plan] step=170 node=N3147 type=control0 guarded_reward_context=2.582047 sequence=356.570544
[plan] step=171 node=N3172 type=control0 guarded_reward_context=2.383288 sequence=358.953833
[plan] step=172 node=N3229 type=control0 guarded_reward_context=2.353219 sequence=361.307052
[plan] step=173 node=N3142 type=control0 guarded_reward_context=2.525228 sequence=363.832279
[plan] step=174 node=N3199 type=control0 guarded_reward_context=2.595568 sequence=366.427848
[plan] step=175 node=N3157 type=control0 guarded_reward_context=2.846360 sequence=369.274208
[plan] step=176 node=N3204 type=control0 guarded_reward_context=2.607406 sequence=371.881614
[plan] step=177 node=N3219 type=control0 guarded_reward_context=3.064975 sequence=374.946589
[plan] step=178 node=N3162 type=control0 guarded_reward_context=3.470922 sequence=378.417510
[plan] step=179 node=N632 type=control1 guarded_reward_context=0.902448 sequence=379.319958
[plan] step=180 node=N7626 type=observe guarded_reward_context=1.220118 sequence=380.540076
[plan] step=181 node=N5821 type=control0 guarded_reward_context=0.910526 sequence=381.450602
[plan] step=182 node=N3209 type=control0 guarded_reward_context=1.112332 sequence=382.562934
[plan] step=183 node=N1688 type=observe guarded_reward_context=0.850962 sequence=383.413895
[plan] step=184 node=N3234 type=control0 guarded_reward_context=1.512870 sequence=384.926766
[plan] step=185 node=N3377 type=control0 guarded_reward_context=1.353723 sequence=386.280489
[plan] step=186 node=N3382 type=control0 guarded_reward_context=1.686759 sequence=387.967248
[plan] step=187 node=N3214 type=control0 guarded_reward_context=2.218689 sequence=390.185937
[plan] step=188 node=N3387 type=control0 guarded_reward_context=1.824933 sequence=392.010870
[plan] step=189 node=N3392 type=control0 guarded_reward_context=1.801011 sequence=393.811880
[plan] step=190 node=N3397 type=control0 guarded_reward_context=1.668791 sequence=395.480671
[plan] step=191 node=N3407 type=control0 guarded_reward_context=1.616344 sequence=397.097015
[plan] step=192 node=N3372 type=control0 guarded_reward_context=1.815386 sequence=398.912401
[plan] step=193 node=N6871 type=control0 guarded_reward_context=1.677862 sequence=400.590263
[plan] step=194 node=N3464 type=control0 guarded_reward_context=1.623655 sequence=402.213918
[plan] step=195 node=N3459 type=control0 guarded_reward_context=1.576817 sequence=403.790735
[plan] step=196 node=N4628 type=observe guarded_reward_context=1.599513 sequence=405.390247
[plan] step=197 node=N3410 type=control1 guarded_reward_context=0.805685 sequence=406.195932
[plan] step=198 node=N3454 type=control0 guarded_reward_context=1.954425 sequence=408.150357
[plan] step=199 node=N1372 type=observe guarded_reward_context=1.486529 sequence=409.636886
[plan] step=200 node=N3449 type=control0 guarded_reward_context=1.660019 sequence=411.296905
[plan] step=201 node=N3444 type=control0 guarded_reward_context=1.255114 sequence=412.552020
[plan] step=202 node=N3439 type=control0 guarded_reward_context=3.114801 sequence=415.666821
[plan] step=203 node=N3434 type=control0 guarded_reward_context=1.906354 sequence=417.573175
[plan] step=204 node=N3429 type=control0 guarded_reward_context=2.308133 sequence=419.881309
[plan] step=205 node=N7704 type=control0 guarded_reward_context=2.600317 sequence=422.481625
[plan] step=206 node=N1552 type=observe guarded_reward_context=2.748635 sequence=425.230260
[plan] step=207 node=N3292 type=control0 guarded_reward_context=1.569378 sequence=426.799638
[plan] step=208 node=N3257 type=control0 guarded_reward_context=2.935174 sequence=429.734812
[plan] step=209 node=N7855 type=control0 guarded_reward_context=1.150639 sequence=430.885451
[plan] step=210 node=N3267 type=control0 guarded_reward_context=2.688459 sequence=433.573910
[plan] step=211 node=N3277 type=control0 guarded_reward_context=2.261362 sequence=435.835272
[plan] step=212 node=N3272 type=control0 guarded_reward_context=1.408319 sequence=437.243591
[plan] step=213 node=N3282 type=control0 guarded_reward_context=2.511583 sequence=439.755174
[plan] step=214 node=N3287 type=control0 guarded_reward_context=3.280821 sequence=443.035994
[plan] step=215 node=N3262 type=control0 guarded_reward_context=3.281943 sequence=446.317937
[plan] step=216 node=N3314 type=control0 guarded_reward_context=2.440755 sequence=448.758692
[plan] step=217 node=N3319 type=control0 guarded_reward_context=2.199487 sequence=450.958179
[plan] step=218 node=N3324 type=control0 guarded_reward_context=2.040761 sequence=452.998941
[plan] step=219 node=N3329 type=control0 guarded_reward_context=1.613781 sequence=454.612722
[plan] step=220 node=N3334 type=control0 guarded_reward_context=1.597494 sequence=456.210215
[plan] step=221 node=N3339 type=control0 guarded_reward_context=1.551928 sequence=457.762144
[plan] step=222 node=N871 type=observe guarded_reward_context=1.369880 sequence=459.132023
[plan] step=223 node=N3344 type=control0 guarded_reward_context=1.868716 sequence=461.000740
[plan] step=224 node=N3349 type=control0 guarded_reward_context=3.204975 sequence=464.205715
[plan] step=225 node=N765 type=observe guarded_reward_context=2.343628 sequence=466.549342
[plan] step=226 node=N1598 type=observe guarded_reward_context=5.095904 sequence=471.645246
[plan] step=227 node=N1493 type=control0 guarded_reward_context=0.837971 sequence=472.483217
[plan] step=228 node=N3522 type=control0 guarded_reward_context=4.320999 sequence=476.804217
[plan] step=229 node=N3517 type=control0 guarded_reward_context=4.961487 sequence=481.765704
[plan] step=230 node=N5300 type=observe guarded_reward_context=5.252552 sequence=487.018256
[plan] step=231 node=N3512 type=control0 guarded_reward_context=0.756299 sequence=487.774555
[plan] step=232 node=N3507 type=control0 guarded_reward_context=1.474766 sequence=489.249321
[plan] step=233 node=N3502 type=control0 guarded_reward_context=3.543075 sequence=492.792396
[plan] step=234 node=N3497 type=control0 guarded_reward_context=2.836572 sequence=495.628968
[plan] step=235 node=N3492 type=control0 guarded_reward_context=2.773953 sequence=498.402921
[plan] step=236 node=N5473 type=observe guarded_reward_context=1.656015 sequence=500.058936
[plan] step=237 node=N3487 type=control0 guarded_reward_context=2.884458 sequence=502.943394
[plan] step=238 node=N5738 type=observe guarded_reward_context=1.211087 sequence=504.154481
[plan] step=239 node=N510 type=control1 guarded_reward_context=2.187968 sequence=506.342449
[plan] step=240 node=N7679 type=observe guarded_reward_context=2.001846 sequence=508.344294
[plan] step=241 node=N1500 type=control0 guarded_reward_context=1.630211 sequence=509.974505
[plan] step=242 node=N3578 type=control0 guarded_reward_context=4.955955 sequence=514.930460
[plan] step=243 node=N3573 type=control0 guarded_reward_context=2.415768 sequence=517.346228
[plan] step=244 node=N3568 type=control0 guarded_reward_context=3.421287 sequence=520.767515
[plan] step=245 node=N3563 type=control0 guarded_reward_context=2.891296 sequence=523.658811
[plan] step=246 node=N3559 type=control0 guarded_reward_context=2.564766 sequence=526.223577
[plan] step=247 node=N3554 type=control0 guarded_reward_context=2.956280 sequence=529.179857
[plan] step=248 node=N3549 type=control0 guarded_reward_context=2.600854 sequence=531.780711
[plan] step=249 node=N3544 type=control0 guarded_reward_context=2.136211 sequence=533.916922
[plan] step=250 node=N1486 type=control0 guarded_reward_context=0.991930 sequence=534.908851
[plan] step=251 node=N1504 type=control0 guarded_reward_context=3.490559 sequence=538.399410
[plan] step=252 node=N7853 type=control0 guarded_reward_context=5.152535 sequence=543.551945
[plan] step=253 node=N6652 type=control0 guarded_reward_context=3.275085 sequence=546.827030
[plan] step=254 node=N7544 type=control0 guarded_reward_context=5.183205 sequence=552.010235
[plan] step=255 node=N4904 type=control0 guarded_reward_context=2.889444 sequence=554.899679
[plan] step=256 node=N615 type=control0 guarded_reward_context=3.396644 sequence=558.296323
[plan] step=257 node=N7446 type=control0 guarded_reward_context=4.190430 sequence=562.486753
[plan] step=258 node=N6932 type=control0 guarded_reward_context=2.022957 sequence=564.509710
[plan] step=259 node=N635 type=control0 guarded_reward_context=1.052657 sequence=565.562367
[plan] step=260 node=N2003 type=control0 guarded_reward_context=0.866889 sequence=566.429256
[plan] step=261 node=N2697 type=control0 guarded_reward_context=0.718856 sequence=567.148112
[plan] step=262 node=N2687 type=control0 guarded_reward_context=0.993852 sequence=568.141964
[plan] step=263 node=N2692 type=control0 guarded_reward_context=1.224559 sequence=569.366522
[plan] step=264 node=N2682 type=control0 guarded_reward_context=1.295179 sequence=570.661701
[plan] step=265 node=N2717 type=control0 guarded_reward_context=1.305335 sequence=571.967036
[plan] step=266 node=N2702 type=control0 guarded_reward_context=1.518853 sequence=573.485889
[plan] step=267 node=N2712 type=control0 guarded_reward_context=1.736063 sequence=575.221952
[plan] step=268 node=N2707 type=control0 guarded_reward_context=2.547918 sequence=577.769870
[plan] step=269 node=N5740 type=observe guarded_reward_context=0.240931 sequence=578.010801
[plan] step=270 node=N7453 type=control1 guarded_reward_context=1.105553 sequence=579.116353
[plan] step=271 node=N613 type=control0 guarded_reward_context=0.695708 sequence=579.812062
[plan] step=272 node=N3295 type=control1 guarded_reward_context=0.547319 sequence=580.359380
[plan] step=273 node=N622 type=control0 guarded_reward_context=0.717273 sequence=581.076653
[plan] step=274 node=N3715 type=control0 guarded_reward_context=0.679125 sequence=581.755779
[plan] step=275 node=N1396 type=control0 guarded_reward_context=0.657695 sequence=582.413474
[plan] step=276 node=N6858 type=control0 guarded_reward_context=0.703314 sequence=583.116788
[plan] step=277 node=N556 type=control1 guarded_reward_context=0.633585 sequence=583.750372
[plan] step=278 node=N628 type=control1 guarded_reward_context=0.669493 sequence=584.419865
saved=autoresearch/loop-260718-0223/real_label_calibration_round14/b15/rank__guarded_reward_context/b15_C/plans/iscas99__b15_1__greedy__cumulative__guarded_reward_context__bw1__d1__c48__g1p0__candhard_fault_cluster__div0p0__s0.csv
