__tpi_not_test_en->__tpi_cp_125___aig_not_25385 /1 undetected
__tpi_not_test_en->__tpi_cp_38___aig_not_24155 /1 undetected
__tpi_not_test_en->__tpi_cp_51___aig_not_23017 /1 undetected
__tpi_not_test_en->__tpi_cp_62___buf_split_13463 /1 undetected
__tpi_not_test_en->__tpi_cp_111___aig_not_22985 /1 undetected
test_en->__tpi_cp_147_new_n10488 /0 undetected
__tpi_not_test_en->__tpi_cp_43___aig_and_24170 /1 undetected
__tpi_not_test_en->__tpi_cp_31___aig_not_24171 /1 undetected
test_en->__tpi_cp_130___aig_and_24163 /0 undetected
__tpi_not_test_en->__tpi_cp_110___aig_not_23007 /1 undetected
__tpi_not_test_en->__tpi_cp_41_new_n11001 /1 undetected
test_en->__tpi_cp_26___aig_and_25368 /0 undetected
test_en->__tpi_cp_32___aig_and_25361 /0 undetected
__tpi_not_test_en->__tpi_cp_116___aig_not_22991 /1 undetected
__tpi_not_test_en->__tpi_cp_37___aig_not_24177 /1 undetected
__tpi_not_test_en->__tpi_cp_50___aig_and_21844 /1 undetected
__tpi_not_test_en->__tpi_cp_44___aig_not_22999 /1 undetected
test_en->__tpi_cp_136___aig_and_22997 /0 undetected
__tpi_not_test_en->__tpi_cp_39___aig_and_22996 /1 undetected
test_en->__tpi_cp_137___aig_and_22983 /0 undetected
__tpi_not_test_en->__tpi_cp_59___aig_not_22981 /1 undetected
__tpi_not_test_en->__tpi_cp_124___aig_not_21865 /1 undetected
test_en->__tpi_cp_24___aig_and_24153 /0 undetected
__tpi_not_test_en->__tpi_cp_57___aig_not_22989 /1 undetected
__tpi_not_test_en->__tpi_cp_48___aig_not_21863 /1 undetected
__tpi_not_test_en->__tpi_cp_88___aig_not_24144 /1 undetected
test_en->__tpi_cp_30___aig_and_24135 /0 undetected
__tpi_not_test_en->__tpi_cp_49___aig_not_21840 /1 undetected
__tpi_not_test_en->__tpi_cp_114___aig_not_22971 /1 undetected
__tpi_not_test_en->__tpi_cp_47___aig_not_12717 /1 undetected
__tpi_not_test_en->__tpi_cp_77_new_n5584 /1 undetected
__aig_not_12743 /1 undetected
__tpi_not_test_en->__tpi_cp_71_new_n5608 /1 undetected
__tpi_not_test_en->__tpi_cp_14___aig_not_12745 /1 undetected
test_en->__tpi_cp_119_new_n5582 /0 undetected
__tpi_not_test_en->__tpi_cp_16___aig_not_12684 /1 undetected
__tpi_not_test_en->__tpi_cp_13___aig_not_12662 /1 undetected
test_en->__tpi_cp_118___aig_and_12661 /0 undetected
__tpi_not_test_en->__tpi_cp_112___aig_not_12667 /1 undetected
__tpi_not_test_en->__tpi_cp_93___aig_not_12702 /1 undetected
test_en->__tpi_cp_101_new_n5587 /0 undetected
__tpi_not_test_en->__tpi_cp_5___aig_and_12683 /1 undetected
__tpi_not_test_en->__tpi_cp_21___aig_not_12657 /1 undetected
test_en->__tpi_cp_89___aig_and_12728 /0 undetected
__tpi_not_test_en->__tpi_cp_100___aig_not_12700 /1 undetected
__tpi_not_test_en->__tpi_cp_18___aig_not_12679 /1 undetected
test_en->__tpi_cp_154___aig_and_12647 /0 undetected
__tpi_not_test_en->__tpi_cp_11___aig_not_12648 /1 undetected
test_en->__tpi_cp_120___aig_and_12640 /0 undetected
__tpi_not_test_en->__tpi_cp_15___aig_not_12692 /1 undetected
__buf_split_7031 /1 undetected
test_en->__tpi_cp_141___buf_split_7030 /0 undetected
__aig_not_11916 /1 undetected
__buf_split_7029 /1 undetected
__aig_not_11913 /1 undetected
__tpi_not_test_en->__tpi_cp_7_new_n5604 /1 undetected
__tpi_not_test_en->__tpi_cp_87___aig_not_12736 /1 undetected
__tpi_not_test_en->__tpi_cp_82___aig_not_11883 /1 undetected
__tpi_not_test_en->__tpi_cp_9_new_n5238 /1 undetected
__tpi_not_test_en->__tpi_cp_109_new_n5254 /1 undetected
__tpi_not_test_en->__tpi_cp_76_new_n5592 /1 undetected
__tpi_not_test_en->__tpi_cp_152_new_n5243 /1 undetected
__tpi_not_test_en->__tpi_cp_95___aig_not_11885 /1 undetected
__tpi_not_test_en->__tpi_cp_96___aig_and_11855 /1 undetected
__tpi_not_test_en->__tpi_cp_17___aig_not_12696 /1 undetected
__tpi_not_test_en->__tpi_cp_4___aig_not_11851 /1 undetected
__tpi_not_test_en->__tpi_cp_107___aig_not_12690 /1 undetected
__tpi_not_test_en->__tpi_cp_106___aig_not_11828 /1 undetected
test_en->__tpi_cp_128___aig_and_27 /0 undetected
__aig_not_26 /1 undetected
__buf_split_18->__aig_and_23 /1 undetected
__buf_split_19->__aig_and_23 /1 undetected
__aig_not_21->__aig_and_22 /1 undetected
__aig_not_19->__aig_and_20 /1 undetected
__tpi_not_test_en->__tpi_cp_29___aig_not_11904 /1 undetected
__tpi_not_test_en->__tpi_cp_105___aig_not_11906 /1 undetected
__tpi_not_test_en->__tpi_cp_19___aig_not_11893 /1 undetected
__tpi_not_test_en->__tpi_cp_102___aig_not_11895 /1 undetected
__tpi_not_test_en->__tpi_cp_99___aig_and_11870 /1 undetected
__tpi_not_test_en->__tpi_cp_117___aig_not_16 /1 undetected
__buf_split_10 /1 undetected
__tpi_not_test_en->__tpi_cp_121___buf_split_6539 /1 undetected
__tpi_not_test_en->__tpi_cp_103___aig_and_11867 /1 undetected
test_en->__tpi_cp_61___aig_and_11818 /0 undetected
__tpi_not_test_en->__tpi_cp_69___aig_not_11819 /1 undetected
__tpi_not_test_en->__tpi_cp_126___aig_not_12634 /1 undetected
__tpi_not_test_en->__tpi_cp_8___aig_not_8 /1 undetected
__buf_split_5->__aig_and_5 /1 undetected
__buf_split_6->__aig_and_5 /1 undetected
__tpi_not_test_en->__tpi_cp_148___aig_not_7 /1 undetected
test_en->__tpi_cp_122___aig_and_4 /0 undetected
__tpi_not_test_en->__tpi_cp_56___aig_not_3 /1 undetected
__tpi_cp_56___aig_not_3 /1 undetected
__aig_not_3 /1 undetected
__tpi_not_test_en->__tpi_cp_10___aig_and_2 /1 undetected
__aig_not_1 /1 undetected
test_en->__tpi_cp_135___buf_split_2 /0 undetected
__tpi_not_test_en->__tpi_cp_73___aig_not_11047 /1 undetected
test_en->__tpi_cp_60___aig_and_11080 /0 undetected
__tpi_not_test_en->__tpi_cp_67___aig_not_11037 /1 undetected
__tpi_not_test_en->__tpi_cp_133___aig_not_11113 /1 undetected
