[plan] candidate_allowlist=autoresearch/original-netlist-recovery-260712/exact_itc99/b15_C/exact_candidate_nodes.txt nodes=7918
[plan] step=1 node=N672 type=control1 reward_pred=0.374172 sequence=0.374172
[plan] step=2 node=N2155 type=observe reward_pred=0.437517 sequence=0.811689
[plan] step=3 node=N502 type=control1 reward_pred=0.376224 sequence=1.187913
[plan] step=4 node=N2082 type=observe reward_pred=0.345482 sequence=1.533395
[plan] step=5 node=N893 type=control1 reward_pred=0.302594 sequence=1.835989
[plan] step=6 node=N5143 type=observe reward_pred=0.278958 sequence=2.114947
[plan] step=7 node=N3644 type=control0 reward_pred=0.269657 sequence=2.384604
[plan] step=8 node=N864 type=observe reward_pred=0.220824 sequence=2.605428
[plan] step=9 node=N866 type=observe reward_pred=0.214047 sequence=2.719475
[plan] step=10 node=N1437 type=control1 reward_pred=0.138267 sequence=2.857741
[plan] step=11 node=N3756 type=control0 reward_pred=0.143881 sequence=3.001623
[plan] step=12 node=N2336 type=control1 reward_pred=0.206361 sequence=3.207984
[plan] step=13 node=N766 type=control1 reward_pred=0.084754 sequence=3.292738
[plan] step=14 node=N7592 type=control1 reward_pred=0.089783 sequence=3.382521
[plan] step=15 node=N580 type=control1 reward_pred=0.101723 sequence=3.484244
[plan] step=16 node=N737 type=control1 reward_pred=0.108155 sequence=3.592398
[plan] step=17 node=N564 type=control1 reward_pred=0.117896 sequence=3.710294
[plan] step=18 node=N5605 type=control1 reward_pred=0.101810 sequence=3.812104
[plan] step=19 node=N557 type=control1 reward_pred=0.092492 sequence=3.904596
[plan] step=20 node=N2083 type=observe reward_pred=0.069796 sequence=3.974393
[plan] step=21 node=N1564 type=control1 reward_pred=0.069911 sequence=4.044304
[plan] step=22 node=N3605 type=observe reward_pred=0.045941 sequence=4.090244
[plan] step=23 node=N5723 type=control0 reward_pred=0.039384 sequence=4.129628
[plan] step=24 node=N721 type=control1 reward_pred=0.077544 sequence=4.207172
[plan] step=25 node=N3742 type=control0 reward_pred=0.038407 sequence=4.245579
[plan] step=26 node=N583 type=control1 reward_pred=0.070720 sequence=4.316300
[plan] step=27 node=N3722 type=control0 reward_pred=0.032851 sequence=4.349151
[plan] step=28 node=N5234 type=observe reward_pred=0.046762 sequence=4.395913
[plan] step=29 node=N3903 type=control0 reward_pred=0.028733 sequence=4.424646
[plan] step=30 node=N5867 type=observe reward_pred=0.025179 sequence=4.449825
[plan] step=31 node=N7587 type=control1 reward_pred=0.008497 sequence=4.458322
[plan] step=32 node=N6538 type=observe reward_pred=-0.013137 sequence=4.445185
[plan] step=33 node=N3827 type=control0 reward_pred=-0.030808 sequence=4.414377
[plan] step=34 node=N3841 type=control0 reward_pred=-0.037657 sequence=4.376719
[plan] step=35 node=N3862 type=control0 reward_pred=-0.042551 sequence=4.334169
[plan] step=36 node=N3889 type=control0 reward_pred=-0.047760 sequence=4.286409
[plan] step=37 node=N3805 type=control0 reward_pred=-0.053202 sequence=4.233206
[plan] step=38 node=N3882 type=control0 reward_pred=-0.059019 sequence=4.174187
[plan] step=39 node=N3911 type=control0 reward_pred=0.015959 sequence=4.190146
[plan] step=40 node=N3785 type=control0 reward_pred=0.053479 sequence=4.243625
[plan] step=41 node=N3813 type=control0 reward_pred=0.051903 sequence=4.295528
[plan] step=42 node=N3820 type=control0 reward_pred=0.050537 sequence=4.346065
[plan] step=43 node=N3792 type=control0 reward_pred=0.049598 sequence=4.395663
[plan] step=44 node=N3799 type=control0 reward_pred=0.048890 sequence=4.444553
[plan] step=45 node=N3848 type=control0 reward_pred=0.048304 sequence=4.492857
[plan] step=46 node=N3855 type=control0 reward_pred=0.047889 sequence=4.540746
[plan] step=47 node=N3701 type=control0 reward_pred=0.047350 sequence=4.588095
[plan] step=48 node=N7890 type=control1 reward_pred=0.044240 sequence=4.632335
[plan] step=49 node=N7411 type=control1 reward_pred=0.033860 sequence=4.666195
[plan] step=50 node=N7876 type=control1 reward_pred=0.036792 sequence=4.702987
[plan] step=51 node=N2068 type=observe reward_pred=0.034702 sequence=4.637689
[plan] step=52 node=N4557 type=control0 reward_pred=0.038370 sequence=4.551059
[plan] step=53 node=N2050 type=observe reward_pred=0.033420 sequence=4.484478
[plan] step=54 node=N582 type=control1 reward_pred=0.035551 sequence=4.420029
[plan] step=55 node=N7421 type=control1 reward_pred=0.015454 sequence=4.435483
[plan] step=56 node=N7511 type=control1 reward_pred=-0.016635 sequence=4.418849
[plan] step=57 node=N7872 type=control1 reward_pred=-0.070296 sequence=4.348552
[plan] step=58 node=N2046 type=observe reward_pred=-0.003902 sequence=4.244651
[plan] step=59 node=N704 type=observe reward_pred=-0.055720 sequence=4.188931
[plan] step=60 node=N2101 type=observe reward_pred=-0.042554 sequence=4.146377
[plan] step=61 node=N8042 type=control0 reward_pred=-0.048323 sequence=4.098055
[plan] step=62 node=N5876 type=observe reward_pred=0.008580 sequence=4.106635
[plan] step=63 node=N8048 type=control0 reward_pred=-0.032022 sequence=4.074613
[plan] step=64 node=N8050 type=control0 reward_pred=-0.035462 sequence=4.039151
[plan] step=65 node=N1539 type=control0 reward_pred=-0.036462 sequence=4.002689
[plan] step=66 node=N7891 type=control1 reward_pred=-0.046165 sequence=3.956524
[plan] step=67 node=N713 type=observe reward_pred=-0.043917 sequence=3.812607
[plan] step=68 node=N7854 type=control0 reward_pred=-0.041283 sequence=3.671324
[plan] step=69 node=N7413 type=control1 reward_pred=-0.063591 sequence=3.507732
[plan] step=70 node=N7471 type=control0 reward_pred=-0.053377 sequence=3.329356
[plan] step=71 node=N7724 type=control0 reward_pred=-0.051110 sequence=3.153246
[plan] step=72 node=N1598 type=observe reward_pred=-0.204088 sequence=2.949157
[plan] step=73 node=N7590 type=control1 reward_pred=-0.113968 sequence=2.835189
[plan] step=74 node=N3897 type=control0 reward_pred=-0.103075 sequence=2.732114
[plan] step=75 node=N1987 type=observe reward_pred=-0.117915 sequence=2.614199
[plan] step=76 node=N7880 type=control1 reward_pred=-0.106538 sequence=2.507661
[plan] step=77 node=N7881 type=control1 reward_pred=-0.102662 sequence=2.404999
[plan] step=78 node=N7889 type=control1 reward_pred=-0.112322 sequence=2.292677
[plan] step=79 node=N7888 type=control1 reward_pred=-0.112528 sequence=2.180149
[plan] step=80 node=N7882 type=control1 reward_pred=-0.112294 sequence=2.067855
[plan] step=81 node=N7887 type=control1 reward_pred=-0.113576 sequence=1.954280
[plan] step=82 node=N7886 type=control1 reward_pred=-0.114101 sequence=1.840178
[plan] step=83 node=N7883 type=control1 reward_pred=-0.113394 sequence=1.726785
[plan] step=84 node=N7885 type=control1 reward_pred=-0.114787 sequence=1.611998
[plan] step=85 node=N7884 type=control1 reward_pred=-0.112528 sequence=1.499470
[plan] step=86 node=N2106 type=observe reward_pred=-0.114514 sequence=1.384956
[plan] step=87 node=N1533 type=control1 reward_pred=0.081631 sequence=1.466587
[plan] step=88 node=N2064 type=observe reward_pred=0.082665 sequence=1.449252
[plan] step=89 node=N7588 type=control1 reward_pred=0.080884 sequence=1.530136
[plan] step=90 node=N2580 type=control1 reward_pred=0.110286 sequence=1.640422
[plan] step=91 node=N1372 type=observe reward_pred=0.101680 sequence=1.742102
[plan] step=92 node=N2066 type=observe reward_pred=0.099376 sequence=1.741477
[plan] step=93 node=N1532 type=observe reward_pred=0.097455 sequence=1.838932
[plan] step=94 node=N2058 type=observe reward_pred=0.096467 sequence=1.835399
[plan] step=95 node=N4716 type=control0 reward_pred=0.103909 sequence=1.839308
[plan] step=96 node=N2062 type=observe reward_pred=0.092819 sequence=1.832126
[plan] step=97 node=N2054 type=observe reward_pred=0.088519 sequence=1.820645
[plan] step=98 node=N632 type=control1 reward_pred=0.089681 sequence=1.910326
[plan] step=99 node=N2052 type=observe reward_pred=0.084991 sequence=1.895316
[plan] step=100 node=N2056 type=observe reward_pred=0.082303 sequence=1.877620
[plan] step=101 node=N519 type=control1 reward_pred=0.106141 sequence=1.983760
[plan] step=102 node=N7870 type=control1 reward_pred=0.081007 sequence=2.064768
[plan] step=103 node=N3124 type=control1 reward_pred=0.080570 sequence=2.145337
[plan] step=104 node=N858 type=observe reward_pred=0.096215 sequence=2.141552
[plan] step=105 node=N2060 type=observe reward_pred=0.086062 sequence=2.127614
[plan] step=106 node=N3681 type=control0 reward_pred=0.094080 sequence=2.096694
[plan] step=107 node=N614 type=control1 reward_pred=-0.062738 sequence=2.033956
[plan] step=108 node=N578 type=observe reward_pred=-0.056840 sequence=1.977116
[plan] step=109 node=N5874 type=observe reward_pred=-0.047230 sequence=1.929886
[plan] step=110 node=N7454 type=observe reward_pred=-0.029861 sequence=1.900025
[plan] step=111 node=N2157 type=observe reward_pred=-0.008356 sequence=1.891668
[plan] step=112 node=N2102 type=observe reward_pred=-0.007820 sequence=1.883848
[plan] step=113 node=N516 type=control1 reward_pred=-0.038874 sequence=1.844975
[plan] step=114 node=N7679 type=observe reward_pred=-0.046842 sequence=1.798132
[plan] step=115 node=N7852 type=control0 reward_pred=-0.049567 sequence=1.748565
[plan] step=116 node=N3180 type=control1 reward_pred=-0.053278 sequence=1.695286
[plan] step=117 node=N868 type=observe reward_pred=-0.049050 sequence=1.546236
[plan] step=118 node=N2153 type=observe reward_pred=-0.032582 sequence=1.413655
[plan] step=119 node=N5356 type=observe reward_pred=-0.040678 sequence=1.372976
[plan] step=120 node=N6678 type=observe reward_pred=-0.065125 sequence=1.307851
[plan] step=121 node=N5878 type=observe reward_pred=-0.042534 sequence=1.265317
[plan] step=122 node=N7871 type=control1 reward_pred=-0.044667 sequence=1.220650
[plan] step=123 node=N694 type=observe reward_pred=-0.045419 sequence=1.075231
[plan] step=124 node=N870 type=observe reward_pred=-0.051982 sequence=0.923248
[plan] step=125 node=N7626 type=observe reward_pred=-0.162871 sequence=0.760377
[plan] step=126 node=N5473 type=observe reward_pred=-0.163151 sequence=0.597226
[plan] step=127 node=N2149 type=observe reward_pred=-0.127030 sequence=0.470197
[plan] step=128 node=N7370 type=control1 reward_pred=-0.165321 sequence=0.304876
[plan] step=129 node=N3352 type=control1 reward_pred=-0.196401 sequence=0.108475
[plan] step=130 node=N3410 type=control1 reward_pred=-0.193315 sequence=-0.084840
[plan] step=131 node=N638 type=control1 reward_pred=-0.152460 sequence=-0.237300
[plan] step=132 node=N620 type=control1 reward_pred=-0.138477 sequence=-0.475778
[plan] step=133 node=N610 type=control1 reward_pred=-0.129066 sequence=-0.704844
[plan] step=134 node=N7424 type=control1 reward_pred=-0.125325 sequence=-0.830169
[plan] step=135 node=N3237 type=control1 reward_pred=-0.183743 sequence=-1.013912
[plan] step=136 node=N7877 type=control1 reward_pred=-0.135031 sequence=-1.148943
[plan] step=137 node=N634 type=control1 reward_pred=-0.117806 sequence=-1.366749
[plan] step=138 node=N7594 type=control1 reward_pred=-0.108518 sequence=-1.475267
[plan] step=139 node=N7423 type=control1 reward_pred=-0.096594 sequence=-1.571862
[plan] step=140 node=N7892 type=control1 reward_pred=-0.085902 sequence=-1.657764
[plan] step=141 node=N7856 type=control1 reward_pred=-0.076391 sequence=-1.734155
[plan] step=142 node=N6675 type=observe reward_pred=-0.097783 sequence=-1.831938
[plan] step=143 node=N645 type=control1 reward_pred=-0.091729 sequence=-2.023667
[plan] step=144 node=N616 type=control1 reward_pred=-0.079365 sequence=-2.203032
[plan] step=145 node=N636 type=control1 reward_pred=-0.068617 sequence=-2.371649
[plan] step=146 node=N1879 type=observe reward_pred=-0.087444 sequence=-2.559093
[plan] step=147 node=N867 type=observe reward_pred=-0.096325 sequence=-2.755418
[plan] step=148 node=N5439 type=observe reward_pred=-0.114158 sequence=-2.869576
[plan] step=149 node=N869 type=observe reward_pred=-0.102718 sequence=-3.072294
[plan] step=150 node=N712 type=observe reward_pred=-0.108756 sequence=-3.281050
[plan] step=151 node=N7613 type=observe reward_pred=-0.118962 sequence=-3.400012
[plan] step=152 node=N5456 type=observe reward_pred=-0.123914 sequence=-3.523926
[plan] step=153 node=N3295 type=control1 reward_pred=-0.150917 sequence=-3.674843
[plan] step=154 node=N714 type=observe reward_pred=-0.118785 sequence=-3.893628
[plan] step=155 node=N6677 type=observe reward_pred=-0.139996 sequence=-4.033624
[plan] step=156 node=N5422 type=observe reward_pred=-0.132826 sequence=-4.166450
[plan] step=157 node=N715 type=observe reward_pred=-0.116136 sequence=-4.382586
[plan] step=158 node=N5390 type=observe reward_pred=-0.128835 sequence=-4.511421
[plan] step=159 node=N1853 type=observe reward_pred=-0.115283 sequence=-4.726704
[plan] step=160 node=N703 type=observe reward_pred=-0.114412 sequence=-4.941116
[plan] step=161 node=N3467 type=control1 reward_pred=-0.134812 sequence=-5.075928
[plan] step=162 node=N5373 type=observe reward_pred=-0.130710 sequence=-5.206638
[plan] step=163 node=N630 type=control1 reward_pred=-0.108355 sequence=-5.414993
[plan] step=164 node=N642 type=control1 reward_pred=-0.101121 sequence=-5.616114
[plan] step=165 node=N2151 type=observe reward_pred=-0.042664 sequence=-5.758778
[plan] step=166 node=N6682 type=observe reward_pred=-0.100767 sequence=-5.859544
[plan] step=167 node=N679 type=observe reward_pred=-0.111232 sequence=-6.070776
[plan] step=168 node=N734 type=observe reward_pred=-0.115639 sequence=-6.286416
[plan] step=169 node=N705 type=observe reward_pred=-0.117715 sequence=-6.504130
[plan] step=170 node=N719 type=observe reward_pred=-0.119358 sequence=-6.723489
[plan] step=171 node=N871 type=observe reward_pred=-0.122737 sequence=-6.946226
[plan] step=172 node=N6668 type=observe reward_pred=-0.002528 sequence=-6.948754
[plan] step=173 node=N699 type=observe reward_pred=-0.024028 sequence=-7.072782
[plan] step=174 node=N7436 type=observe reward_pred=-0.027085 sequence=-7.199867
[plan] step=175 node=N729 type=observe reward_pred=-0.027283 sequence=-7.327150
[plan] step=176 node=N706 type=observe reward_pred=-0.029621 sequence=-7.456772
[plan] step=177 node=N6685 type=observe reward_pred=-0.043700 sequence=-7.600471
[plan] step=178 node=N2159 type=observe reward_pred=-0.031913 sequence=-7.732384
[plan] step=179 node=N2243 type=observe reward_pred=-0.033347 sequence=-7.865731
[plan] step=180 node=N7722 type=control0 reward_pred=-0.033744 sequence=-8.024474
[plan] step=181 node=N3525 type=control1 reward_pred=-0.160610 sequence=-8.185084
[plan] step=182 node=N649 type=control1 reward_pred=-0.126546 sequence=-8.411630
[plan] step=183 node=N1607 type=control1 reward_pred=-0.151790 sequence=-8.563420
[plan] step=184 node=N647 type=control1 reward_pred=-0.122036 sequence=-8.785456
[plan] step=185 node=N1586 type=control1 reward_pred=-0.110510 sequence=-8.995966
[plan] step=186 node=N2044 type=observe reward_pred=-0.126615 sequence=-9.222581
[plan] step=187 node=N689 type=observe reward_pred=-0.106349 sequence=-9.428931
[plan] step=188 node=N2259 type=observe reward_pred=-0.111805 sequence=-9.640736
[plan] step=189 node=N6660 type=observe reward_pred=-0.131536 sequence=-9.772271
[plan] step=190 node=N4621 type=observe reward_pred=-0.071086 sequence=-9.968357
[plan] step=191 node=N5094 type=observe reward_pred=-0.107343 sequence=-10.075700
[plan] step=192 node=N2040 type=observe reward_pred=-0.073294 sequence=-10.248995
[plan] step=193 node=N2271 type=observe reward_pred=-0.058779 sequence=-10.407773
[plan] step=194 node=N5160 type=observe reward_pred=-0.114065 sequence=-10.521838
[plan] step=195 node=N2072 type=observe reward_pred=-0.075784 sequence=-10.697622
[plan] step=196 node=N2251 type=observe reward_pred=-0.059867 sequence=-10.857489
[plan] step=197 node=N6656 type=observe reward_pred=-0.077405 sequence=-10.934895
[plan] step=198 node=N5735 type=observe reward_pred=-0.065392 sequence=-11.000287
[plan] step=199 node=N2263 type=observe reward_pred=-0.059514 sequence=-11.159801
[plan] step=200 node=N5111 type=observe reward_pred=-0.122943 sequence=-11.282743
[plan] step=201 node=N7393 type=observe reward_pred=-0.074718 sequence=-11.357461
[plan] step=202 node=N684 type=observe reward_pred=-0.060590 sequence=-11.518051
[plan] step=203 node=N1352 type=observe reward_pred=-0.075583 sequence=-11.593634
[plan] step=204 node=N2247 type=observe reward_pred=-0.063267 sequence=-11.756901
[plan] step=205 node=N6537 type=observe reward_pred=-0.079295 sequence=-11.836196
[plan] step=206 node=N6659 type=observe reward_pred=-0.081693 sequence=-11.917888
[plan] step=207 node=N695 type=observe reward_pred=-0.064239 sequence=-12.082127
[plan] step=208 node=N697 type=observe reward_pred=-0.062412 sequence=-12.244539
[plan] step=209 node=N7391 type=observe reward_pred=-0.077341 sequence=-12.321880
[plan] step=210 node=N2255 type=observe reward_pred=-0.062537 sequence=-12.384418
[plan] step=211 node=N6657 type=observe reward_pred=-0.078997 sequence=-12.463414
[plan] step=212 node=N732 type=observe reward_pred=-0.062187 sequence=-12.625602
[plan] step=213 node=N8052 type=control0 reward_pred=-0.072736 sequence=-12.698338
[plan] step=214 node=N520 type=control1 reward_pred=-0.043757 sequence=-12.842095
[plan] step=215 node=N2330 type=control1 reward_pred=-0.046199 sequence=-12.888294
[plan] step=216 node=N2652 type=control1 reward_pred=-0.041258 sequence=-12.929552
[plan] step=217 node=N2721 type=control1 reward_pred=-0.036385 sequence=-12.965937
[plan] step=218 node=N2894 type=control1 reward_pred=-0.031843 sequence=-12.997780
[plan] step=219 node=N2952 type=control1 reward_pred=-0.028022 sequence=-13.025803
[plan] step=220 node=N2779 type=control1 reward_pred=-0.024944 sequence=-13.050746
[plan] step=221 node=N623 type=control1 reward_pred=-0.045890 sequence=-13.096636
[plan] step=222 node=N2837 type=control1 reward_pred=-0.037221 sequence=-13.133858
[plan] step=223 node=N3009 type=control1 reward_pred=-0.021966 sequence=-13.155824
[plan] step=224 node=N7698 type=control0 reward_pred=-0.035164 sequence=-13.190988
[plan] step=225 node=N3067 type=control1 reward_pred=-0.021702 sequence=-13.212690
[plan] step=226 node=N680 type=observe reward_pred=-0.023518 sequence=-13.336209
[plan] step=227 node=N2267 type=observe reward_pred=-0.028598 sequence=-13.464807
[plan] step=228 node=N2218 type=observe reward_pred=-0.031383 sequence=-13.596190
[plan] step=229 node=N4900 type=observe reward_pred=-0.034126 sequence=-13.730316
[plan] step=230 node=N556 type=control1 reward_pred=-0.038889 sequence=-13.869205
[plan] step=231 node=N686 type=observe reward_pred=-0.043524 sequence=-14.012729
[plan] step=232 node=N1351 type=observe reward_pred=-0.045608 sequence=-14.158337
[plan] step=233 node=N2185 type=observe reward_pred=-0.037498 sequence=-14.295835
[plan] step=234 node=N555 type=control1 reward_pred=-0.043121 sequence=-14.438956
[plan] step=235 node=N717 type=observe reward_pred=-0.037426 sequence=-14.576382
[plan] step=236 node=N3904 type=control0 reward_pred=-0.047760 sequence=-14.724142
[plan] step=237 node=N7414 type=control1 reward_pred=-0.051225 sequence=-14.875366
[plan] step=238 node=N626 type=control1 reward_pred=-0.058147 sequence=-15.033513
[plan] step=239 node=N6680 type=observe reward_pred=-0.090588 sequence=-15.124101
[plan] step=240 node=N8790 type=control1 reward_pred=-0.161914 sequence=-15.286015
[plan] step=241 node=N8789 type=control1 reward_pred=-0.173360 sequence=-15.459375
[plan] step=242 node=N7514 type=control1 reward_pred=-0.150940 sequence=-15.610315
[plan] step=243 node=N652 type=control1 reward_pred=-0.137930 sequence=-15.748245
[plan] step=244 node=N8240 type=control1 reward_pred=-0.169010 sequence=-15.917255
[plan] step=245 node=N8239 type=control1 reward_pred=-0.174615 sequence=-16.091871
[plan] step=246 node=N8238 type=control1 reward_pred=-0.183199 sequence=-16.275069
[plan] step=247 node=N8237 type=control1 reward_pred=-0.193186 sequence=-16.468255
[plan] step=248 node=N8236 type=control1 reward_pred=-0.203504 sequence=-16.671759
[plan] step=249 node=N515 type=control1 reward_pred=-0.167063 sequence=-16.838822
[plan] step=250 node=N6736 type=control1 reward_pred=-0.171069 sequence=-17.009891
[plan] step=251 node=N8607 type=control1 reward_pred=-0.205144 sequence=-17.215035
[plan] step=252 node=N6730 type=control1 reward_pred=-0.182856 sequence=-17.397890
[plan] step=253 node=N8606 type=control1 reward_pred=-0.209870 sequence=-17.607760
[plan] step=254 node=N8235 type=control1 reward_pred=-0.219312 sequence=-17.827073
[plan] step=255 node=N8234 type=control1 reward_pred=-0.228524 sequence=-18.055596
[plan] step=256 node=N5728 type=control1 reward_pred=-0.173158 sequence=-18.228755
[plan] step=257 node=N8605 type=control1 reward_pred=-0.221275 sequence=-18.450030
[plan] step=258 node=N8233 type=control1 reward_pred=-0.234623 sequence=-18.684653
[plan] step=259 node=N6743 type=control1 reward_pred=-0.181461 sequence=-18.866114
[plan] step=260 node=N7425 type=observe reward_pred=-0.135513 sequence=-19.101627
[plan] step=261 node=N8608 type=control1 reward_pred=-0.223361 sequence=-19.324988
[plan] step=262 node=N6741 type=control1 reward_pred=-0.177008 sequence=-19.501997
[plan] step=263 node=N2358 type=control1 reward_pred=-0.200623 sequence=-19.702620
[plan] step=264 node=N8783 type=control1 reward_pred=-0.236259 sequence=-19.938878
[plan] step=265 node=N6594 type=control1 reward_pred=-0.176674 sequence=-20.115552
[plan] step=266 node=N2226 type=observe reward_pred=-0.164650 sequence=-20.380203
[plan] step=267 node=N5726 type=control1 reward_pred=-0.156976 sequence=-20.637179
[plan] step=268 node=N771 type=observe reward_pred=-0.152175 sequence=-20.889354
[plan] step=269 node=N7422 type=observe reward_pred=-0.136046 sequence=-21.125400
[plan] step=270 node=N6562 type=observe reward_pred=-0.122614 sequence=-21.348014
[plan] step=271 node=N2014 type=observe reward_pred=-0.053747 sequence=-21.501761
[plan] step=272 node=N6658 type=observe reward_pred=-0.049384 sequence=-21.651145
[plan] step=273 node=N1348 type=observe reward_pred=-0.050466 sequence=-21.701611
[plan] step=274 node=N2201 type=observe reward_pred=-0.054846 sequence=-21.856457
[plan] step=275 node=N1347 type=observe reward_pred=-0.063017 sequence=-21.919474
[plan] step=276 node=N735 type=observe reward_pred=-0.057935 sequence=-22.077409
[plan] step=277 node=N733 type=observe reward_pred=-0.060069 sequence=-22.237478
[plan] step=278 node=N2209 type=observe reward_pred=-0.029494 sequence=-22.366971
saved=autoresearch/loop-260718-0223/dyn_diversity_b15_round12/d4_p0p50/b15_C/plans/iscas99__b15_1__greedy__cumulative__reward_pred__bw1__d1__c48__g1p0__candhard_fault_cluster__div0p5__s0.csv
