[plan] torch_deterministic=true
[plan] candidate_allowlist=autoresearch/original-netlist-recovery-260712/exact_itc99/b15_C/exact_candidate_nodes.txt nodes=7918
[plan] latent_norm_clip_ratio=4 latent_norm_limit=30.875631
[plan] step=1 node=N677 type=control1 q_typed_reliable_context=5.195585 sequence=5.195585
[plan] step=2 node=N2155 type=observe q_typed_reliable_context=4.636675 sequence=9.832260
[plan] step=3 node=N502 type=control1 q_typed_reliable_context=1.993262 sequence=11.825522
[plan] step=4 node=N762 type=control1 q_typed_reliable_context=1.719893 sequence=13.545415
[plan] step=5 node=N3756 type=control0 q_typed_reliable_context=1.497338 sequence=15.042752
[plan] step=6 node=N3644 type=control0 q_typed_reliable_context=1.328298 sequence=16.371051
[plan] step=7 node=N5143 type=observe q_typed_reliable_context=1.162675 sequence=17.533726
[plan] step=8 node=N3742 type=control0 q_typed_reliable_context=1.261498 sequence=18.795224
[plan] step=9 node=N508 type=control1 q_typed_reliable_context=1.365688 sequence=20.160912
[plan] step=10 node=N557 type=control1 q_typed_reliable_context=1.341790 sequence=21.502702
[plan] step=11 node=N564 type=control1 q_typed_reliable_context=0.920821 sequence=22.423523
[plan] step=12 node=N5234 type=observe q_typed_reliable_context=0.989710 sequence=23.413233
[plan] step=13 node=N5866 type=observe q_typed_reliable_context=3.419548 sequence=26.832781
[plan] step=14 node=N580 type=control1 q_typed_reliable_context=2.646149 sequence=29.478929
[plan] step=15 node=N2082 type=observe q_typed_reliable_context=2.094111 sequence=31.573040
[plan] step=16 node=N2314 type=control1 q_typed_reliable_context=2.359856 sequence=33.932896
[plan] step=17 node=N737 type=control1 q_typed_reliable_context=3.143010 sequence=37.075906
[plan] step=18 node=N5203 type=control1 q_typed_reliable_context=2.941044 sequence=40.016950
[plan] step=19 node=N2153 type=observe q_typed_reliable_context=2.814987 sequence=42.831937
[plan] step=20 node=N1853 type=observe q_typed_reliable_context=6.445669 sequence=49.277606
[plan] step=21 node=N1372 type=observe q_typed_reliable_context=5.240934 sequence=54.518540
[plan] step=22 node=N496 type=control1 q_typed_reliable_context=7.492589 sequence=62.011129
[plan] step=23 node=N724 type=observe q_typed_reliable_context=5.543467 sequence=67.554595
[plan] step=24 node=N1860 type=observe q_typed_reliable_context=7.129547 sequence=74.684143
[plan] step=25 node=N582 type=control1 q_typed_reliable_context=7.992893 sequence=82.677036
[plan] step=26 node=N5723 type=control0 q_typed_reliable_context=4.636813 sequence=87.313849
[plan] step=27 node=N7516 type=observe q_typed_reliable_context=6.390000 sequence=93.703849
[plan] step=28 node=N766 type=control1 q_typed_reliable_context=8.026975 sequence=101.730824
[plan] step=29 node=N7511 type=control1 q_typed_reliable_context=4.250239 sequence=105.981063
[plan] step=30 node=N2040 type=observe q_typed_reliable_context=3.311810 sequence=109.292873
[plan] step=31 node=N4635 type=control0 q_typed_reliable_context=6.390000 sequence=115.682873
[plan] step=32 node=N2044 type=observe q_typed_reliable_context=4.837026 sequence=120.519899
[plan] step=33 node=N578 type=observe q_typed_reliable_context=7.382683 sequence=127.902582
[plan] step=34 node=N583 type=control1 q_typed_reliable_context=7.616331 sequence=135.518913
[plan] step=35 node=N2042 type=observe q_typed_reliable_context=4.421128 sequence=139.940041
[plan] step=36 node=N1532 type=observe q_typed_reliable_context=4.855722 sequence=144.795764
[plan] step=37 node=N7411 type=control1 q_typed_reliable_context=4.905000 sequence=149.700764
[plan] step=38 node=N4649 type=control0 q_typed_reliable_context=8.700000 sequence=158.400764
[plan] step=39 node=N7891 type=control1 q_typed_reliable_context=0.991931 sequence=159.392695
[plan] step=40 node=N3701 type=control0 q_typed_reliable_context=0.909206 sequence=160.301901
[plan] step=41 node=N7882 type=control1 q_typed_reliable_context=0.928914 sequence=161.230814
[plan] step=42 node=N7883 type=control1 q_typed_reliable_context=1.873950 sequence=163.104764
[plan] step=43 node=N4656 type=control0 q_typed_reliable_context=5.798262 sequence=168.903026
[plan] step=44 node=N3911 type=control0 q_typed_reliable_context=0.850256 sequence=169.753282
[plan] step=45 node=N7884 type=control1 q_typed_reliable_context=1.270123 sequence=171.023405
[plan] step=46 node=N7885 type=control1 q_typed_reliable_context=1.001997 sequence=172.025402
[plan] step=47 node=N3904 type=control0 q_typed_reliable_context=0.848649 sequence=172.874050
[plan] step=48 node=N4663 type=control0 q_typed_reliable_context=3.589362 sequence=176.463413
[plan] step=49 node=N713 type=observe q_typed_reliable_context=3.153179 sequence=179.616591
[plan] step=50 node=N4670 type=control0 q_typed_reliable_context=4.604671 sequence=184.221263
[plan] step=51 node=N2101 type=observe q_typed_reliable_context=4.910309 sequence=189.131572
[plan] step=52 node=N3897 type=control0 q_typed_reliable_context=0.819325 sequence=189.950897
[plan] step=53 node=N4684 type=control0 q_typed_reliable_context=4.532002 sequence=194.482899
[plan] step=54 node=N4677 type=control0 q_typed_reliable_context=3.706068 sequence=198.188967
[plan] step=55 node=N704 type=observe q_typed_reliable_context=2.713751 sequence=200.902718
[plan] step=56 node=N3862 type=control0 q_typed_reliable_context=0.849778 sequence=201.752496
[plan] step=57 node=N4691 type=control0 q_typed_reliable_context=2.832677 sequence=204.585173
[plan] step=58 node=N4698 type=control0 q_typed_reliable_context=2.779812 sequence=207.364985
[plan] step=59 node=N3855 type=control0 q_typed_reliable_context=1.087062 sequence=208.452048
[plan] step=60 node=N4705 type=control0 q_typed_reliable_context=2.921788 sequence=211.373836
[plan] step=61 node=N3848 type=control0 q_typed_reliable_context=1.069834 sequence=212.443670
[plan] step=62 node=N4712 type=control0 q_typed_reliable_context=2.503447 sequence=214.947116
[plan] step=63 node=N4716 type=control0 q_typed_reliable_context=2.325258 sequence=217.272375
[plan] step=64 node=N3827 type=control0 q_typed_reliable_context=1.061057 sequence=218.333432
[plan] step=65 node=N7471 type=control0 q_typed_reliable_context=1.476530 sequence=219.809962
[plan] step=66 node=N3889 type=control0 q_typed_reliable_context=1.056951 sequence=220.866913
[plan] step=67 node=N2102 type=observe q_typed_reliable_context=1.068810 sequence=221.935723
[plan] step=68 node=N1437 type=observe q_typed_reliable_context=1.723558 sequence=223.659281
[plan] step=69 node=N3882 type=control0 q_typed_reliable_context=1.791721 sequence=225.451002
[plan] step=70 node=N3820 type=control0 q_typed_reliable_context=1.783542 sequence=227.234544
[plan] step=71 node=N3813 type=control0 q_typed_reliable_context=1.767772 sequence=229.002316
[plan] step=72 node=N3805 type=control0 q_typed_reliable_context=1.740028 sequence=230.742344
[plan] step=73 node=N3799 type=control0 q_typed_reliable_context=1.830523 sequence=232.572866
[plan] step=74 node=N2340 type=observe q_typed_reliable_context=2.746282 sequence=235.319148
[plan] step=75 node=N7587 type=control1 q_typed_reliable_context=2.524297 sequence=237.843445
[plan] step=76 node=N7923 type=control0 q_typed_reliable_context=1.834327 sequence=239.677771
[plan] step=77 node=N7724 type=control0 q_typed_reliable_context=2.425136 sequence=242.102907
[plan] step=78 node=N519 type=control1 q_typed_reliable_context=3.424726 sequence=245.527633
[plan] step=79 node=N7370 type=control1 q_typed_reliable_context=3.520610 sequence=249.048242
[plan] step=80 node=N3841 type=control0 q_typed_reliable_context=2.703030 sequence=251.751272
[plan] step=81 node=N513 type=control1 q_typed_reliable_context=4.606557 sequence=256.357830
[plan] step=82 node=N4585 type=control0 q_typed_reliable_context=2.877278 sequence=259.235107
[plan] step=83 node=N7722 type=control0 q_typed_reliable_context=2.201821 sequence=261.436928
[plan] step=84 node=N504 type=control1 q_typed_reliable_context=4.482135 sequence=265.919063
[plan] step=85 node=N7875 type=control1 q_typed_reliable_context=2.319069 sequence=268.238132
[plan] step=86 node=N3681 type=control0 q_typed_reliable_context=5.065846 sequence=273.303978
[plan] step=87 node=N2580 type=control1 q_typed_reliable_context=3.429069 sequence=276.733047
[plan] step=88 node=N520 type=control1 q_typed_reliable_context=5.512960 sequence=282.246007
[plan] step=89 node=N4564 type=control0 q_typed_reliable_context=2.171877 sequence=284.417884
[plan] step=90 node=N4520 type=control0 q_typed_reliable_context=2.238001 sequence=286.655884
[plan] step=91 node=N3903 type=control0 q_typed_reliable_context=2.206554 sequence=288.862438
[plan] step=92 node=N7723 type=control0 q_typed_reliable_context=2.741411 sequence=291.603849
[plan] step=93 node=N516 type=control1 q_typed_reliable_context=5.359666 sequence=296.963515
[plan] step=94 node=N7725 type=control0 q_typed_reliable_context=2.557921 sequence=299.521436
[plan] step=95 node=N1533 type=control1 q_typed_reliable_context=3.316673 sequence=302.838108
[plan] step=96 node=N7614 type=observe q_typed_reliable_context=2.714677 sequence=305.552786
[plan] step=97 node=N694 type=observe q_typed_reliable_context=3.213704 sequence=308.766490
[plan] step=98 node=N555 type=control1 q_typed_reliable_context=3.601840 sequence=312.368330
[plan] step=99 node=N7402 type=observe q_typed_reliable_context=3.609672 sequence=315.978002
[plan] step=100 node=N556 type=control1 q_typed_reliable_context=3.221314 sequence=319.199316
[plan] step=101 node=N2106 type=observe q_typed_reliable_context=2.576395 sequence=321.775711
[plan] step=102 node=N4606 type=control0 q_typed_reliable_context=2.664438 sequence=324.440149
[plan] step=103 node=N4578 type=control0 q_typed_reliable_context=2.787753 sequence=327.227902
[plan] step=104 node=N4557 type=control0 q_typed_reliable_context=2.518318 sequence=329.746220
[plan] step=105 node=N3896 type=control0 q_typed_reliable_context=2.487072 sequence=332.233292
[plan] step=106 node=N7846 type=control0 q_typed_reliable_context=5.641742 sequence=337.875034
[plan] step=107 node=N3792 type=control0 q_typed_reliable_context=2.342116 sequence=340.217150
[plan] step=108 node=N3785 type=control0 q_typed_reliable_context=3.090073 sequence=343.307223
[plan] step=109 node=N3722 type=control0 q_typed_reliable_context=3.040121 sequence=346.347344
[plan] step=110 node=N7541 type=control0 q_typed_reliable_context=2.909015 sequence=349.256359
[plan] step=111 node=N7408 type=control0 q_typed_reliable_context=2.798777 sequence=352.055136
[plan] step=112 node=N7679 type=observe q_typed_reliable_context=1.938949 sequence=353.994085
[plan] step=113 node=N7847 type=control0 q_typed_reliable_context=1.651147 sequence=355.645232
[plan] step=114 node=N8003 type=control0 q_typed_reliable_context=2.609231 sequence=358.254463
[plan] step=115 node=N8005 type=control0 q_typed_reliable_context=2.533724 sequence=360.788187
[plan] step=116 node=N7735 type=control0 q_typed_reliable_context=2.302349 sequence=363.090536
[plan] step=117 node=N7734 type=control0 q_typed_reliable_context=1.865007 sequence=364.955543
[plan] step=118 node=N614 type=control1 q_typed_reliable_context=2.828198 sequence=367.783741
[plan] step=119 node=N3124 type=control1 q_typed_reliable_context=3.166477 sequence=370.950219
[plan] step=120 node=N634 type=control1 q_typed_reliable_context=3.302294 sequence=374.252513
[plan] step=121 node=N3180 type=control1 q_typed_reliable_context=2.978801 sequence=377.231314
[plan] step=122 node=N3352 type=control1 q_typed_reliable_context=3.146879 sequence=380.378193
[plan] step=123 node=N7733 type=control0 q_typed_reliable_context=2.361747 sequence=382.739940
[plan] step=124 node=N610 type=control1 q_typed_reliable_context=3.023031 sequence=385.762971
[plan] step=125 node=N620 type=control1 q_typed_reliable_context=3.931641 sequence=389.694611
[plan] step=126 node=N3410 type=control1 q_typed_reliable_context=3.742212 sequence=393.436823
[plan] step=127 node=N638 type=control1 q_typed_reliable_context=4.347365 sequence=397.784188
[plan] step=128 node=N7732 type=control0 q_typed_reliable_context=2.998434 sequence=400.782622
[plan] step=129 node=N7424 type=control1 q_typed_reliable_context=4.155822 sequence=404.938443
[plan] step=130 node=N7731 type=control0 q_typed_reliable_context=5.069920 sequence=410.008364
[plan] step=131 node=N7877 type=control1 q_typed_reliable_context=3.807206 sequence=413.815570
[plan] step=132 node=N2157 type=observe q_typed_reliable_context=6.395081 sequence=420.210651
[plan] step=133 node=N7879 type=control1 q_typed_reliable_context=6.268242 sequence=426.478894
[plan] step=134 node=N645 type=control1 q_typed_reliable_context=6.185265 sequence=432.664158
[plan] step=135 node=N7820 type=control0 q_typed_reliable_context=5.075210 sequence=437.739368
[plan] step=136 node=N7881 type=control1 q_typed_reliable_context=5.584927 sequence=443.324295
[plan] step=137 node=N616 type=control1 q_typed_reliable_context=5.739872 sequence=449.064167
[plan] step=138 node=N636 type=control1 q_typed_reliable_context=6.822362 sequence=455.886529
[plan] step=139 node=N7421 type=control1 q_typed_reliable_context=4.084081 sequence=459.970610
[plan] step=140 node=N7590 type=control1 q_typed_reliable_context=3.632952 sequence=463.603562
[plan] step=141 node=N7588 type=control1 q_typed_reliable_context=2.191167 sequence=465.794729
[plan] step=142 node=N630 type=control1 q_typed_reliable_context=2.909862 sequence=468.704591
[plan] step=143 node=N7872 type=control1 q_typed_reliable_context=1.805142 sequence=470.509732
[plan] step=144 node=N642 type=control1 q_typed_reliable_context=2.610698 sequence=473.120430
[plan] step=145 node=N649 type=control1 q_typed_reliable_context=1.857673 sequence=474.978103
[plan] step=146 node=N3467 type=control1 q_typed_reliable_context=1.903495 sequence=476.881598
[plan] step=147 node=N3525 type=control1 q_typed_reliable_context=2.111589 sequence=478.993187
[plan] step=148 node=N1607 type=control1 q_typed_reliable_context=4.427085 sequence=483.420273
[plan] step=149 node=N647 type=control1 q_typed_reliable_context=4.841475 sequence=488.261748
[plan] step=150 node=N6531 type=observe q_typed_reliable_context=5.417622 sequence=493.679369
[plan] step=151 node=N1586 type=control1 q_typed_reliable_context=7.300976 sequence=500.980346
[plan] step=152 node=N5356 type=observe q_typed_reliable_context=4.352737 sequence=505.333083
[plan] step=153 node=N3295 type=control1 q_typed_reliable_context=6.484427 sequence=511.817510
[plan] step=154 node=N7385 type=observe q_typed_reliable_context=6.491972 sequence=518.309482
[plan] step=155 node=N2149 type=observe q_typed_reliable_context=7.127950 sequence=525.437432
[plan] step=156 node=N5603 type=observe q_typed_reliable_context=7.189479 sequence=532.626912
[plan] step=157 node=N7627 type=observe q_typed_reliable_context=6.708945 sequence=539.335856
[plan] step=158 node=N1411 type=control0 q_typed_reliable_context=3.521270 sequence=542.857126
[plan] step=159 node=N5740 type=observe q_typed_reliable_context=2.948251 sequence=545.805377
[plan] step=160 node=N5878 type=observe q_typed_reliable_context=3.217453 sequence=549.022830
[plan] step=161 node=N714 type=observe q_typed_reliable_context=5.807991 sequence=554.830821
[plan] step=162 node=N5876 type=observe q_typed_reliable_context=3.420224 sequence=558.251044
[plan] step=163 node=N2652 type=control1 q_typed_reliable_context=3.442502 sequence=561.693546
[plan] step=164 node=N6538 type=observe q_typed_reliable_context=4.984576 sequence=566.678122
[plan] step=165 node=N7436 type=observe q_typed_reliable_context=5.581164 sequence=572.259286
[plan] step=166 node=N723 type=observe q_typed_reliable_context=2.869996 sequence=575.129282
[plan] step=167 node=N7441 type=control0 q_typed_reliable_context=3.140510 sequence=578.269793
[plan] step=168 node=N2721 type=control1 q_typed_reliable_context=1.970036 sequence=580.239829
[plan] step=169 node=N2894 type=control1 q_typed_reliable_context=1.138413 sequence=581.378242
[plan] step=170 node=N2952 type=control1 q_typed_reliable_context=1.227300 sequence=582.605542
[plan] step=171 node=N7442 type=control0 q_typed_reliable_context=1.279330 sequence=583.884872
[plan] step=172 node=N2779 type=control1 q_typed_reliable_context=1.380085 sequence=585.264957
[plan] step=173 node=N7696 type=control0 q_typed_reliable_context=1.256912 sequence=586.521870
[plan] step=174 node=N6685 type=observe q_typed_reliable_context=0.743141 sequence=587.265011
[plan] step=175 node=N706 type=observe q_typed_reliable_context=2.091689 sequence=589.356700
[plan] step=176 node=N722 type=observe q_typed_reliable_context=1.979020 sequence=591.335720
[plan] step=177 node=N5874 type=observe q_typed_reliable_context=2.000396 sequence=593.336116
[plan] step=178 node=N8052 type=control0 q_typed_reliable_context=2.597473 sequence=595.933589
[plan] step=179 node=N7401 type=observe q_typed_reliable_context=6.499984 sequence=602.433573
[plan] step=180 node=N712 type=observe q_typed_reliable_context=1.767567 sequence=604.201139
[plan] step=181 node=N5473 type=observe q_typed_reliable_context=3.137610 sequence=607.338749
[plan] step=182 node=N715 type=observe q_typed_reliable_context=4.871431 sequence=612.210180
[plan] step=183 node=N771 type=observe q_typed_reliable_context=1.793672 sequence=614.003852
[plan] step=184 node=N6674 type=observe q_typed_reliable_context=5.818149 sequence=619.822001
[plan] step=185 node=N725 type=observe q_typed_reliable_context=6.997202 sequence=626.819203
[plan] step=186 node=N703 type=observe q_typed_reliable_context=1.130023 sequence=627.949226
[plan] step=187 node=N7855 type=control0 q_typed_reliable_context=3.221205 sequence=631.170431
[plan] step=188 node=N5422 type=observe q_typed_reliable_context=5.892604 sequence=637.063035
[plan] step=189 node=N705 type=observe q_typed_reliable_context=5.721591 sequence=642.784626
[plan] step=190 node=N7542 type=control0 q_typed_reliable_context=5.865179 sequence=648.649805
[plan] step=191 node=N2837 type=control1 q_typed_reliable_context=3.743064 sequence=652.392868
[plan] step=192 node=N3009 type=control1 q_typed_reliable_context=1.335146 sequence=653.728015
[plan] step=193 node=N7405 type=observe q_typed_reliable_context=0.945334 sequence=654.673348
[plan] step=194 node=N3067 type=control1 q_typed_reliable_context=1.809324 sequence=656.482673
[plan] step=195 node=N679 type=observe q_typed_reliable_context=2.127470 sequence=658.610143
[plan] step=196 node=N8790 type=control1 q_typed_reliable_context=3.174252 sequence=661.784395
[plan] step=197 node=N5456 type=observe q_typed_reliable_context=1.549865 sequence=663.334260
[plan] step=198 node=N8240 type=control1 q_typed_reliable_context=2.600541 sequence=665.934801
[plan] step=199 node=N7454 type=observe q_typed_reliable_context=0.886650 sequence=666.821452
[plan] step=200 node=N8789 type=control1 q_typed_reliable_context=1.745980 sequence=668.567432
[plan] step=201 node=N8607 type=control1 q_typed_reliable_context=2.473806 sequence=671.041238
[plan] step=202 node=N8239 type=control1 q_typed_reliable_context=2.651996 sequence=673.693234
[plan] step=203 node=N6581 type=observe q_typed_reliable_context=2.838493 sequence=676.531727
[plan] step=204 node=N5439 type=observe q_typed_reliable_context=1.164779 sequence=677.696506
[plan] step=205 node=N7439 type=observe q_typed_reliable_context=2.007407 sequence=679.703913
[plan] step=206 node=N5202 type=observe q_typed_reliable_context=1.835420 sequence=681.539333
[plan] step=207 node=N5390 type=observe q_typed_reliable_context=6.054069 sequence=687.593402
[plan] step=208 node=N2151 type=observe q_typed_reliable_context=7.349149 sequence=694.942551
[plan] step=209 node=N6660 type=observe q_typed_reliable_context=2.426358 sequence=697.368909
[plan] step=210 node=N5373 type=observe q_typed_reliable_context=2.854358 sequence=700.223268
[plan] step=211 node=N5334 type=observe q_typed_reliable_context=6.046103 sequence=706.269371
[plan] step=212 node=N1598 type=observe q_typed_reliable_context=3.488777 sequence=709.758148
[plan] step=213 node=N7380 type=observe q_typed_reliable_context=6.588949 sequence=716.347097
[plan] step=214 node=N719 type=observe q_typed_reliable_context=5.866674 sequence=722.213772
[plan] step=215 node=N699 type=observe q_typed_reliable_context=5.841020 sequence=728.054792
[plan] step=216 node=N6658 type=observe q_typed_reliable_context=1.426464 sequence=729.481255
[plan] step=217 node=N734 type=observe q_typed_reliable_context=1.364926 sequence=730.846181
[plan] step=218 node=N708 type=observe q_typed_reliable_context=3.910945 sequence=734.757126
[plan] step=219 node=N1987 type=observe q_typed_reliable_context=1.447204 sequence=736.204330
[plan] step=220 node=N4460 type=control0 q_typed_reliable_context=3.827553 sequence=740.031884
[plan] step=221 node=N1351 type=observe q_typed_reliable_context=6.330572 sequence=746.362456
[plan] step=222 node=N2159 type=observe q_typed_reliable_context=1.305078 sequence=747.667533
[plan] step=223 node=N7381 type=observe q_typed_reliable_context=2.028274 sequence=749.695808
[plan] step=224 node=N652 type=control1 q_typed_reliable_context=2.169773 sequence=751.865581
[plan] step=225 node=N8238 type=control1 q_typed_reliable_context=2.136984 sequence=754.002564
[plan] step=226 node=N8606 type=control1 q_typed_reliable_context=2.318356 sequence=756.320920
[plan] step=227 node=N6656 type=observe q_typed_reliable_context=1.883981 sequence=758.204901
[plan] step=228 node=N686 type=observe q_typed_reliable_context=1.704148 sequence=759.909049
[plan] step=229 node=N6678 type=observe q_typed_reliable_context=0.681858 sequence=760.590908
[plan] step=230 node=N689 type=observe q_typed_reliable_context=2.648745 sequence=763.239653
[plan] step=231 node=N8237 type=control1 q_typed_reliable_context=3.183806 sequence=766.423459
[plan] step=232 node=N902 type=control1 q_typed_reliable_context=3.333230 sequence=769.756689
[plan] step=233 node=N8605 type=control1 q_typed_reliable_context=2.705248 sequence=772.461938
[plan] step=234 node=N8236 type=control1 q_typed_reliable_context=2.782485 sequence=775.244423
[plan] step=235 node=N515 type=control1 q_typed_reliable_context=2.491492 sequence=777.735914
[plan] step=236 node=N729 type=observe q_typed_reliable_context=1.867228 sequence=779.603142
[plan] step=237 node=N684 type=observe q_typed_reliable_context=2.762032 sequence=782.365174
[plan] step=238 node=N2243 type=observe q_typed_reliable_context=1.039787 sequence=783.404961
[plan] step=239 node=N7444 type=observe q_typed_reliable_context=0.763254 sequence=784.168215
[plan] step=240 node=N5094 type=observe q_typed_reliable_context=3.823297 sequence=787.991512
[plan] step=241 node=N2271 type=observe q_typed_reliable_context=6.412787 sequence=794.404300
[plan] step=242 node=N7433 type=observe q_typed_reliable_context=5.123101 sequence=799.527401
[plan] step=243 node=N4421 type=control0 q_typed_reliable_context=5.737404 sequence=805.264804
[plan] step=244 node=N6532 type=observe q_typed_reliable_context=6.353589 sequence=811.618393
[plan] step=245 node=N5160 type=observe q_typed_reliable_context=5.974188 sequence=817.592581
[plan] step=246 node=N2267 type=observe q_typed_reliable_context=5.392628 sequence=822.985210
[plan] step=247 node=N5111 type=observe q_typed_reliable_context=5.511937 sequence=828.497147
[plan] step=248 node=N2259 type=observe q_typed_reliable_context=5.203846 sequence=833.700993
[plan] step=249 node=N5735 type=observe q_typed_reliable_context=3.672277 sequence=837.373270
[plan] step=250 node=N4359 type=control0 q_typed_reliable_context=1.996834 sequence=839.370104
[plan] step=251 node=N763 type=observe q_typed_reliable_context=3.084600 sequence=842.454705
[plan] step=252 node=N2263 type=observe q_typed_reliable_context=5.975284 sequence=848.429988
[plan] step=253 node=N6537 type=observe q_typed_reliable_context=6.414352 sequence=854.844340
[plan] step=254 node=N695 type=observe q_typed_reliable_context=1.753131 sequence=856.597471
[plan] step=255 node=N2247 type=observe q_typed_reliable_context=5.283731 sequence=861.881202
[plan] step=256 node=N697 type=observe q_typed_reliable_context=4.417702 sequence=866.298904
[plan] step=257 node=N4900 type=observe q_typed_reliable_context=1.609701 sequence=867.908605
[plan] step=258 node=N4367 type=control0 q_typed_reliable_context=1.278137 sequence=869.186742
[plan] step=259 node=N4532 type=control0 q_typed_reliable_context=6.709832 sequence=875.896574
[plan] step=260 node=N4442 type=control0 q_typed_reliable_context=6.444937 sequence=882.341511
[plan] step=261 node=N5726 type=control1 q_typed_reliable_context=6.724499 sequence=889.066010
[plan] step=262 node=N6956 type=control0 q_typed_reliable_context=2.659983 sequence=891.725993
[plan] step=263 node=N4469 type=control0 q_typed_reliable_context=3.749179 sequence=895.475171
[plan] step=264 node=N7720 type=control0 q_typed_reliable_context=5.818355 sequence=901.293526
[plan] step=265 node=N8235 type=control1 q_typed_reliable_context=6.848693 sequence=908.142219
[plan] step=266 node=N4436 type=control0 q_typed_reliable_context=2.335788 sequence=910.478006
[plan] step=267 node=N4338 type=control0 q_typed_reliable_context=2.416158 sequence=912.894164
[plan] step=268 node=N6680 type=observe q_typed_reliable_context=6.190278 sequence=919.084442
[plan] step=269 node=N1352 type=observe q_typed_reliable_context=6.316188 sequence=925.400630
[plan] step=270 node=N2251 type=observe q_typed_reliable_context=5.053581 sequence=930.454211
[plan] step=271 node=N680 type=observe q_typed_reliable_context=4.868185 sequence=935.322397
[plan] step=272 node=N696 type=observe q_typed_reliable_context=3.373519 sequence=938.695915
[plan] step=273 node=N5665 type=control0 q_typed_reliable_context=0.848447 sequence=939.544362
[plan] step=274 node=N5671 type=control0 q_typed_reliable_context=2.156342 sequence=941.700704
[plan] step=275 node=N765 type=observe q_typed_reliable_context=3.539992 sequence=945.240696
[plan] step=276 node=N2218 type=observe q_typed_reliable_context=5.933307 sequence=951.174003
[plan] step=277 node=N2255 type=observe q_typed_reliable_context=5.885039 sequence=957.059042
[plan] step=278 node=N7452 type=observe q_typed_reliable_context=1.801489 sequence=958.860531
saved=autoresearch/loop-260720-0945/model_training_round5/b15_selection/reliable_stage2/prefix_cql_sa/epoch_012/a0p40_h1_c2/plans/iscas99__b15_1__greedy__cumulative__q_typed_reliable_context__bw1__d1__c48__g1p0__candhard_fault_cluster__div0p0__s0.csv
