[onpolicy-r9/subckt_0288] [plan] torch_deterministic=true
[onpolicy-r9/subckt_0288] [plan] latent_norm_clip_ratio=4 latent_norm_limit=30.638250
[onpolicy-r9/subckt_0288] [plan] step=1 node=__buf_split_523 type=control0 q_typed_reliable_context=6.244114 sequence=6.244114
[onpolicy-r9/subckt_0288] [plan] step=2 node=__aig_and_851 type=observe q_typed_reliable_context=3.669479 sequence=9.913593
[onpolicy-r9/subckt_0288] [plan] step=3 node=__aig_and_763 type=observe q_typed_reliable_context=4.438947 sequence=14.352540
[onpolicy-r9/subckt_0288] [plan] step=4 node=__aig_and_388 type=observe q_typed_reliable_context=3.271720 sequence=17.624260
[onpolicy-r9/subckt_0288] [plan] step=5 node=GT_122_U8 type=observe q_typed_reliable_context=3.001483 sequence=20.625743
[onpolicy-r9/subckt_0288] [plan] step=6 node=__aig_and_189 type=observe q_typed_reliable_context=2.327430 sequence=22.953173
[onpolicy-r9/subckt_0288] [plan] step=7 node=__aig_and_368 type=observe q_typed_reliable_context=1.500750 sequence=24.453922
[onpolicy-r9/subckt_0288] [plan] step=8 node=__aig_and_381 type=observe q_typed_reliable_context=1.444503 sequence=25.898425
[onpolicy-r9/subckt_0288] [plan] step=9 node=SUB_110_U33 type=control0 q_typed_reliable_context=1.662439 sequence=27.560864
[onpolicy-r9/subckt_0288] [plan] step=10 node=SUB_110_U32 type=control0 q_typed_reliable_context=2.158393 sequence=29.719256
[onpolicy-r9/subckt_0288] [plan] step=11 node=SUB_110_U25 type=control0 q_typed_reliable_context=1.616161 sequence=31.335417
[onpolicy-r9/subckt_0288] [plan] step=12 node=__buf_split_265 type=control0 q_typed_reliable_context=1.518893 sequence=32.854311
[onpolicy-r9/subckt_0288] [plan] step=13 node=GT_118_U6 type=control0 q_typed_reliable_context=1.444466 sequence=34.298777
[onpolicy-r9/subckt_0288] [plan] step=14 node=U756 type=control0 q_typed_reliable_context=2.088790 sequence=36.387568
[onpolicy-r9/subckt_0288] [plan] step=15 node=SUB_110_U26 type=control0 q_typed_reliable_context=1.668515 sequence=38.056083
[onpolicy-r9/subckt_0288] [plan] step=16 node=__buf_split_118 type=control0 q_typed_reliable_context=2.036584 sequence=40.092667
[onpolicy-r9/subckt_0288] [plan] step=17 node=U751 type=control0 q_typed_reliable_context=1.923708 sequence=42.016375
[onpolicy-r9/subckt_0288] [plan] step=18 node=U634 type=control0 q_typed_reliable_context=1.502852 sequence=43.519227
[onpolicy-r9/subckt_0288] [plan] step=19 node=__buf_split_815 type=control0 q_typed_reliable_context=1.834612 sequence=45.353839
[onpolicy-r9/subckt_0288] [plan] step=20 node=U620 type=control1 q_typed_reliable_context=1.282061 sequence=46.635900
[onpolicy-r9/subckt_0288] [plan] step=21 node=__aig_and_603 type=observe q_typed_reliable_context=1.770687 sequence=48.406587
[onpolicy-r9/subckt_0288] [plan] step=22 node=SUB_103_U8 type=control0 q_typed_reliable_context=1.506938 sequence=49.913525
[onpolicy-r9/subckt_0288] [plan] step=23 node=SUB_110_U16 type=control0 q_typed_reliable_context=1.410604 sequence=51.324129
[onpolicy-r9/subckt_0288] [plan] step=24 node=SUB_110_U30 type=control0 q_typed_reliable_context=1.623379 sequence=52.947508
[onpolicy-r9/subckt_0288] [plan] step=25 node=U911 type=control0 q_typed_reliable_context=3.010662 sequence=55.958170
[onpolicy-r9/subckt_0288] [plan] step=26 node=__aig_not_1211 type=control0 q_typed_reliable_context=1.445864 sequence=57.404034
[onpolicy-r9/subckt_0288] [plan] step=27 node=__aig_and_82 type=control0 q_typed_reliable_context=1.413519 sequence=58.817553
[onpolicy-r9/subckt_0288] [plan] step=28 node=U878 type=control0 q_typed_reliable_context=1.390954 sequence=60.208507
[onpolicy-r9/subckt_0288] [plan] step=29 node=U918 type=control0 q_typed_reliable_context=1.414912 sequence=61.623419
[onpolicy-r9/subckt_0288] [plan] step=30 node=__aig_not_1215 type=control0 q_typed_reliable_context=1.944540 sequence=63.567959
[onpolicy-r9/subckt_0288] [plan] step=31 node=U1005 type=control0 q_typed_reliable_context=1.614988 sequence=65.182947
[onpolicy-r9/subckt_0288] [plan] step=32 node=__aig_and_620 type=observe q_typed_reliable_context=1.371134 sequence=66.554081
[onpolicy-r9/subckt_0288] [plan] step=33 node=U920 type=control0 q_typed_reliable_context=1.515679 sequence=68.069760
[onpolicy-r9/subckt_0288] [plan] step=34 node=SUB_110_U28 type=control0 q_typed_reliable_context=2.517499 sequence=70.587258
[onpolicy-r9/subckt_0288] [plan] step=35 node=U1009 type=control0 q_typed_reliable_context=1.275424 sequence=71.862682
[onpolicy-r9/subckt_0288] [plan] step=36 node=__aig_and_482 type=control1 q_typed_reliable_context=1.813428 sequence=73.676110
[onpolicy-r9/subckt_0288] [plan] step=37 node=__aig_and_384 type=observe q_typed_reliable_context=4.381509 sequence=78.057619
[onpolicy-r9/subckt_0288] [plan] step=38 node=__aig_and_359 type=observe q_typed_reliable_context=1.979282 sequence=80.036901
[onpolicy-r9/subckt_0288] [plan] step=39 node=U914 type=control0 q_typed_reliable_context=1.507933 sequence=81.544834
[onpolicy-r9/subckt_0288] [plan] step=40 node=SUB_103_U10 type=control0 q_typed_reliable_context=2.415167 sequence=83.960002
[onpolicy-r9/subckt_0288] [plan] step=41 node=U636 type=control0 q_typed_reliable_context=2.004985 sequence=85.964986
[onpolicy-r9/subckt_0288] [plan] step=42 node=__aig_and_1002 type=observe q_typed_reliable_context=1.773810 sequence=87.738796
[onpolicy-r9/subckt_0288] [plan] step=43 node=U1012 type=control0 q_typed_reliable_context=2.826357 sequence=90.565153
[onpolicy-r9/subckt_0288] [plan] step=44 node=U755 type=control0 q_typed_reliable_context=1.819819 sequence=92.384972
[onpolicy-r9/subckt_0288] [plan] step=45 node=__aig_and_531 type=observe q_typed_reliable_context=2.005533 sequence=94.390505
[onpolicy-r9/subckt_0288] [plan] step=46 node=GT_181_U6 type=control0 q_typed_reliable_context=1.864333 sequence=96.254838
[onpolicy-r9/subckt_0288] [plan] step=47 node=__aig_not_840 type=control0 q_typed_reliable_context=1.445670 sequence=97.700508
[onpolicy-r9/subckt_0288] [plan] step=48 node=U757 type=control0 q_typed_reliable_context=1.471255 sequence=99.171763
[onpolicy-r9/subckt_0288] [plan] step=49 node=__aig_and_188 type=observe q_typed_reliable_context=3.264661 sequence=102.436424
[onpolicy-r9/subckt_0288] [plan] step=50 node=U715 type=control0 q_typed_reliable_context=1.613981 sequence=104.050405
[onpolicy-r9/subckt_0288] [plan] step=51 node=U775 type=control0 q_typed_reliable_context=1.831263 sequence=105.881668
[onpolicy-r9/subckt_0288] [plan] step=52 node=__aig_and_635 type=observe q_typed_reliable_context=2.152715 sequence=108.034383
[onpolicy-r9/subckt_0288] [plan] step=53 node=U753 type=control0 q_typed_reliable_context=1.808491 sequence=109.842875
[onpolicy-r9/subckt_0288] [plan] step=54 node=U773 type=control0 q_typed_reliable_context=2.385179 sequence=112.228053
[onpolicy-r9/subckt_0288] [plan] step=55 node=U716 type=control0 q_typed_reliable_context=2.044639 sequence=114.272693
[onpolicy-r9/subckt_0288] [plan] step=56 node=__aig_and_638 type=control1 q_typed_reliable_context=2.198533 sequence=116.471226
[onpolicy-r9/subckt_0288] [plan] step=57 node=__aig_and_54 type=control0 q_typed_reliable_context=1.769367 sequence=118.240593
[onpolicy-r9/subckt_0288] [plan] step=58 node=__aig_and_704 type=control1 q_typed_reliable_context=1.989904 sequence=120.230496
[onpolicy-r9/subckt_0288] [plan] step=59 node=__aig_and_640 type=observe q_typed_reliable_context=2.090194 sequence=122.320691
[onpolicy-r9/subckt_0288] [plan] step=60 node=__aig_and_639 type=observe q_typed_reliable_context=2.506379 sequence=124.827069
[onpolicy-r9/subckt_0288] [plan] step=61 node=__aig_and_632 type=observe q_typed_reliable_context=2.110168 sequence=126.937237
[onpolicy-r9/subckt_0288] [plan] step=62 node=__buf_split_794 type=observe q_typed_reliable_context=2.045952 sequence=128.983189
[onpolicy-r9/subckt_0288] [plan] step=63 node=__aig_and_84 type=control0 q_typed_reliable_context=1.994719 sequence=130.977908
[onpolicy-r9/subckt_0288] [plan] step=64 node=__buf_split_789 type=observe q_typed_reliable_context=2.538620 sequence=133.516529
[onpolicy-r9/subckt_0288] [plan] step=65 node=__aig_not_151 type=control0 q_typed_reliable_context=2.387953 sequence=135.904482
[onpolicy-r9/subckt_0288] [plan] step=66 node=__buf_split_624 type=control0 q_typed_reliable_context=3.031464 sequence=138.935946
[onpolicy-r9/subckt_0288] [plan] step=67 node=__buf_split_790 type=observe q_typed_reliable_context=1.713224 sequence=140.649170
[onpolicy-r9/subckt_0288] [plan] step=68 node=__aig_and_628 type=observe q_typed_reliable_context=3.179955 sequence=143.829125
[onpolicy-r9/subckt_0288] [plan] step=69 node=SUB_110_U7 type=control0 q_typed_reliable_context=1.714997 sequence=145.544123
[onpolicy-r9/subckt_0288] [plan] step=70 node=__aig_not_1227 type=control0 q_typed_reliable_context=1.393996 sequence=146.938119
[onpolicy-r9/subckt_0288] [plan] step=71 node=__buf_split_793 type=observe q_typed_reliable_context=1.478949 sequence=148.417068
[onpolicy-r9/subckt_0288] [plan] step=72 node=SUB_110_U19 type=control0 q_typed_reliable_context=2.211067 sequence=150.628135
[onpolicy-r9/subckt_0288] [plan] step=73 node=U777 type=control0 q_typed_reliable_context=2.275365 sequence=152.903499
[onpolicy-r9/subckt_0288] [plan] step=74 node=__buf_split_820 type=observe q_typed_reliable_context=1.289723 sequence=154.193223
[onpolicy-r9/subckt_0288] [plan] step=75 node=__aig_and_190 type=observe q_typed_reliable_context=4.761639 sequence=158.954861
[onpolicy-r9/subckt_0288] [plan] step=76 node=U726 type=control1 q_typed_reliable_context=1.776961 sequence=160.731822
[onpolicy-r9/subckt_0288] [plan] step=77 node=__aig_not_1213 type=control0 q_typed_reliable_context=1.607652 sequence=162.339474
[onpolicy-r9/subckt_0288] [plan] step=78 node=__aig_not_518 type=control1 q_typed_reliable_context=1.134579 sequence=163.474053
[onpolicy-r9/subckt_0288] [plan] step=79 node=__aig_and_42 type=control1 q_typed_reliable_context=1.391662 sequence=164.865715
[onpolicy-r9/subckt_0288] [plan] step=80 node=__aig_and_378 type=control1 q_typed_reliable_context=1.205653 sequence=166.071368
[onpolicy-r9/subckt_0288] [plan] step=81 node=__buf_split_803 type=observe q_typed_reliable_context=2.836036 sequence=168.907404
[onpolicy-r9/subckt_0288] [plan] step=82 node=__buf_split_614 type=observe q_typed_reliable_context=2.513784 sequence=171.421188
[onpolicy-r9/subckt_0288] [plan] step=83 node=__aig_and_975 type=observe q_typed_reliable_context=2.090998 sequence=173.512186
[onpolicy-r9/subckt_0288] [plan] step=84 node=SUB_110_U34 type=control0 q_typed_reliable_context=1.916019 sequence=175.428205
[onpolicy-r9/subckt_0288] [plan] step=85 node=__aig_and_187 type=observe q_typed_reliable_context=1.972156 sequence=177.400361
[onpolicy-r9/subckt_0288] [plan] step=86 node=__aig_and_1212 type=control1 q_typed_reliable_context=1.043266 sequence=178.443627
[onpolicy-r9/subckt_0288] [plan] step=87 node=__aig_and_483 type=control1 q_typed_reliable_context=1.654172 sequence=180.097799
[onpolicy-r9/subckt_0288] [plan] step=88 node=__aig_and_1140 type=observe q_typed_reliable_context=1.364359 sequence=181.462159
[onpolicy-r9/subckt_0288] [plan] step=89 node=U653 type=control1 q_typed_reliable_context=1.171197 sequence=182.633356
[onpolicy-r9/subckt_0288] [plan] step=90 node=__aig_and_609 type=observe q_typed_reliable_context=1.736889 sequence=184.370245
[onpolicy-r9/subckt_0288] [plan] step=91 node=__aig_and_366 type=control1 q_typed_reliable_context=1.831313 sequence=186.201558
[onpolicy-r9/subckt_0288] [plan] step=92 node=__aig_and_767 type=observe q_typed_reliable_context=1.522834 sequence=187.724392
[onpolicy-r9/subckt_0288] [plan] step=93 node=__buf_split_456 type=observe q_typed_reliable_context=1.247881 sequence=188.972273
[onpolicy-r9/subckt_0288] [plan] step=94 node=__aig_and_996 type=observe q_typed_reliable_context=1.857055 sequence=190.829328
[onpolicy-r9/subckt_0288] [plan] step=95 node=__aig_and_669 type=observe q_typed_reliable_context=1.687990 sequence=192.517318
[onpolicy-r9/subckt_0288] [plan] step=96 node=__aig_and_752 type=observe q_typed_reliable_context=1.605095 sequence=194.122412
[onpolicy-r9/subckt_0288] [plan] step=97 node=__aig_and_848 type=control1 q_typed_reliable_context=1.579300 sequence=195.701713
[onpolicy-r9/subckt_0288] [plan] step=98 node=__aig_and_516 type=observe q_typed_reliable_context=1.826108 sequence=197.527821
[onpolicy-r9/subckt_0288] [plan] step=99 node=__aig_and_710 type=control1 q_typed_reliable_context=1.692360 sequence=199.220181
[onpolicy-r9/subckt_0288] [plan] step=100 node=__aig_and_1241 type=observe q_typed_reliable_context=1.762631 sequence=200.982812
[onpolicy-r9/subckt_0288] [plan] step=101 node=__aig_and_513 type=control1 q_typed_reliable_context=1.843287 sequence=202.826099
[onpolicy-r9/subckt_0288] [plan] step=102 node=__aig_and_370 type=control1 q_typed_reliable_context=2.535700 sequence=205.361798
[onpolicy-r9/subckt_0288] [plan] step=103 node=__aig_and_362 type=control1 q_typed_reliable_context=1.747825 sequence=207.109623
[onpolicy-r9/subckt_0288] [plan] step=104 node=__aig_and_538 type=observe q_typed_reliable_context=1.743957 sequence=208.853580
[onpolicy-r9/subckt_0288] [plan] step=105 node=U707 type=control0 q_typed_reliable_context=1.360521 sequence=210.214101
[onpolicy-r9/subckt_0288] [plan] step=106 node=__aig_and_968 type=observe q_typed_reliable_context=2.145105 sequence=212.359207
[onpolicy-r9/subckt_0288] [plan] step=107 node=U874 type=control0 q_typed_reliable_context=2.290561 sequence=214.649767
[onpolicy-r9/subckt_0288] [plan] step=108 node=__aig_and_596 type=observe q_typed_reliable_context=1.631923 sequence=216.281691
[onpolicy-r9/subckt_0288] [plan] step=109 node=__aig_and_700 type=control1 q_typed_reliable_context=1.725594 sequence=218.007285
[onpolicy-r9/subckt_0288] [plan] step=110 node=__aig_and_707 type=control1 q_typed_reliable_context=1.559699 sequence=219.566983
[onpolicy-r9/subckt_0288] [plan] step=111 node=__aig_and_614 type=observe q_typed_reliable_context=1.881899 sequence=221.448882
[onpolicy-r9/subckt_0288] [plan] step=112 node=__aig_and_1009 type=observe q_typed_reliable_context=1.748414 sequence=223.197296
[onpolicy-r9/subckt_0288] [plan] step=113 node=__aig_and_525 type=observe q_typed_reliable_context=1.684547 sequence=224.881843
[onpolicy-r9/subckt_0288] [plan] step=114 node=__aig_and_1147 type=observe q_typed_reliable_context=1.873447 sequence=226.755291
[onpolicy-r9/subckt_0288] [plan] step=115 node=GT_108_U9 type=control0 q_typed_reliable_context=1.655983 sequence=228.411274
[onpolicy-r9/subckt_0288] [plan] step=116 node=U909 type=control0 q_typed_reliable_context=1.663204 sequence=230.074478
[onpolicy-r9/subckt_0288] [plan] step=117 node=SUB_110_U31 type=control0 q_typed_reliable_context=1.702636 sequence=231.777115
[onpolicy-r9/subckt_0288] [plan] step=118 node=__aig_and_624 type=control1 q_typed_reliable_context=1.448221 sequence=233.225336
[onpolicy-r9/subckt_0288] [plan] step=119 node=__buf_split_202 type=control0 q_typed_reliable_context=1.531312 sequence=234.756648
[onpolicy-r9/subckt_0288] [plan] step=120 node=U921 type=observe q_typed_reliable_context=1.574964 sequence=236.331612
[onpolicy-r9/subckt_0288] [plan] step=121 node=__aig_not_845 type=observe q_typed_reliable_context=1.541427 sequence=237.873039
[onpolicy-r9/subckt_0288] [plan] step=122 node=__aig_not_1233 type=observe q_typed_reliable_context=1.940064 sequence=239.813103
[onpolicy-r9/subckt_0288] [plan] step=123 node=__buf_split_72 type=observe q_typed_reliable_context=1.927580 sequence=241.740683
[onpolicy-r9/subckt_0288] [plan] step=124 node=__aig_not_375 type=observe q_typed_reliable_context=2.002900 sequence=243.743583
[onpolicy-r9/subckt_0288] [plan] step=125 node=__buf_split_479 type=observe q_typed_reliable_context=1.930872 sequence=245.674456
[onpolicy-r9/subckt_0288] [plan] step=126 node=__buf_split_797 type=observe q_typed_reliable_context=1.811099 sequence=247.485555
[onpolicy-r9/subckt_0288] [plan] step=127 node=__aig_and_637 type=observe q_typed_reliable_context=2.256349 sequence=249.741904
[onpolicy-r9/subckt_0288] [plan] step=128 node=__aig_and_1222 type=observe q_typed_reliable_context=2.451860 sequence=252.193764
[onpolicy-r9/subckt_0288] [plan] step=129 node=__buf_split_805 type=observe q_typed_reliable_context=1.718154 sequence=253.911918
[onpolicy-r9/subckt_0288] [plan] step=130 node=__buf_split_114 type=control0 q_typed_reliable_context=4.476006 sequence=258.387924
[onpolicy-r9/subckt_0288] [plan] step=131 node=SUB_110_U18 type=control0 q_typed_reliable_context=1.020951 sequence=259.408875
[onpolicy-r9/subckt_0288] [plan] step=132 node=__aig_and_83 type=control1 q_typed_reliable_context=2.194251 sequence=261.603126
[onpolicy-r9/subckt_0288] [plan] step=133 node=GT_108_U6 type=control0 q_typed_reliable_context=1.303965 sequence=262.907091
[onpolicy-r9/subckt_0288] [plan] step=134 node=__buf_split_201 type=control0 q_typed_reliable_context=1.651611 sequence=264.558702
[onpolicy-r9/subckt_0288] [plan] step=135 node=__aig_and_306 type=control1 q_typed_reliable_context=1.692216 sequence=266.250918
[onpolicy-r9/subckt_0288] [plan] step=136 node=SUB_110_U9 type=control0 q_typed_reliable_context=1.961520 sequence=268.212439
[onpolicy-r9/subckt_0288] [plan] step=137 node=__aig_and_695 type=control1 q_typed_reliable_context=2.718942 sequence=270.931380
[onpolicy-r9/subckt_0288] [plan] step=138 node=U752 type=control0 q_typed_reliable_context=3.639027 sequence=274.570407
[onpolicy-r9/subckt_0288] [plan] step=139 node=U754 type=control0 q_typed_reliable_context=3.211476 sequence=277.781884
[onpolicy-r9/subckt_0288] [plan] step=140 node=__aig_not_1210 type=control0 q_typed_reliable_context=4.321603 sequence=282.103487
[onpolicy-r9/subckt_0288] [plan] step=141 node=__aig_and_181 type=control0 q_typed_reliable_context=2.935443 sequence=285.038929
[onpolicy-r9/subckt_0288] [plan] step=142 node=__buf_split_787 type=control0 q_typed_reliable_context=5.125637 sequence=290.164566
[onpolicy-r9/subckt_0288] [plan] step=143 node=__buf_split_786 type=control0 q_typed_reliable_context=2.370866 sequence=292.535432
[onpolicy-r9/subckt_0288] [plan] step=144 node=SUB_110_U13 type=control0 q_typed_reliable_context=3.744851 sequence=296.280284
[onpolicy-r9/subckt_0288] [plan] step=145 node=__buf_split_1279 type=observe q_typed_reliable_context=3.184183 sequence=299.464466
[onpolicy-r9/subckt_0288] [plan] step=146 node=__aig_and_743 type=observe q_typed_reliable_context=3.108940 sequence=302.573407
[onpolicy-r9/subckt_0288] [plan] step=147 node=__buf_split_464 type=observe q_typed_reliable_context=4.786372 sequence=307.359779
[onpolicy-r9/subckt_0288] [plan] step=148 node=__buf_split_141 type=observe q_typed_reliable_context=4.597283 sequence=311.957061
[onpolicy-r9/subckt_0288] [plan] step=149 node=SUB_110_U27 type=observe q_typed_reliable_context=2.213557 sequence=314.170618
[onpolicy-r9/subckt_0288] [plan] step=150 node=SUB_110_U17 type=observe q_typed_reliable_context=1.818683 sequence=315.989301
[onpolicy-r9/subckt_0288] [plan] step=151 node=__buf_split_760 type=observe q_typed_reliable_context=1.902313 sequence=317.891614
[onpolicy-r9/subckt_0288] [plan] step=152 node=__aig_and_1223 type=control1 q_typed_reliable_context=2.725354 sequence=320.616968
[onpolicy-r9/subckt_0288] [plan] step=153 node=__aig_and_630 type=control1 q_typed_reliable_context=3.657249 sequence=324.274217
[onpolicy-r9/subckt_0288] [plan] step=154 node=__aig_and_696 type=control1 q_typed_reliable_context=2.828388 sequence=327.102605
[onpolicy-r9/subckt_0288] [plan] step=155 node=U875 type=control0 q_typed_reliable_context=4.786274 sequence=331.888879
[onpolicy-r9/subckt_0288] [plan] step=156 node=__aig_and_839 type=control1 q_typed_reliable_context=4.821122 sequence=336.710001
[onpolicy-r9/subckt_0288] [plan] step=157 node=__buf_split_812 type=control0 q_typed_reliable_context=5.277146 sequence=341.987146
[onpolicy-r9/subckt_0288] [plan] step=158 node=__aig_and_369 type=control1 q_typed_reliable_context=2.977342 sequence=344.964488
[onpolicy-r9/subckt_0288] [plan] step=159 node=__aig_and_206 type=control1 q_typed_reliable_context=2.301493 sequence=347.265981
[onpolicy-r9/subckt_0288] [plan] step=160 node=__aig_and_178 type=control1 q_typed_reliable_context=2.936422 sequence=350.202402
[onpolicy-r9/subckt_0288] [plan] step=161 node=__aig_and_372 type=control1 q_typed_reliable_context=3.092645 sequence=353.295048
[onpolicy-r9/subckt_0288] [plan] step=162 node=__buf_split_625 type=observe q_typed_reliable_context=3.422183 sequence=356.717231
[onpolicy-r9/subckt_0288] [plan] step=163 node=__buf_split_627 type=observe q_typed_reliable_context=1.774211 sequence=358.491441
[onpolicy-r9/subckt_0288] [plan] step=164 node=__aig_not_52 type=observe q_typed_reliable_context=1.226528 sequence=359.717970
[onpolicy-r9/subckt_0288] [plan] step=165 node=__buf_split_59 type=observe q_typed_reliable_context=1.838696 sequence=361.556666
[onpolicy-r9/subckt_0288] [plan] step=166 node=__aig_and_1134 type=observe q_typed_reliable_context=3.836867 sequence=365.393532
[onpolicy-r9/subckt_0288] [plan] step=167 node=GT_114_U10 type=observe q_typed_reliable_context=2.122682 sequence=367.516215
[onpolicy-r9/subckt_0288] [plan] step=168 node=__buf_split_743 type=observe q_typed_reliable_context=1.603997 sequence=369.120211
[onpolicy-r9/subckt_0288] [plan] step=169 node=__aig_and_964 type=observe q_typed_reliable_context=1.192943 sequence=370.313154
[onpolicy-r9/subckt_0288] [plan] step=170 node=__aig_and_1226 type=control1 q_typed_reliable_context=2.191114 sequence=372.504268
[onpolicy-r9/subckt_0288] [plan] step=171 node=__aig_and_486 type=control1 q_typed_reliable_context=1.406728 sequence=373.910996
[onpolicy-r9/subckt_0288] [plan] step=172 node=SUB_103_U17 type=observe q_typed_reliable_context=1.870940 sequence=375.781936
[onpolicy-r9/subckt_0288] [plan] step=173 node=__aig_not_382 type=observe q_typed_reliable_context=2.349663 sequence=378.131599
[onpolicy-r9/subckt_0288] [plan] step=174 node=U647 type=observe q_typed_reliable_context=2.752408 sequence=380.884007
[onpolicy-r9/subckt_0288] [plan] step=175 node=__aig_not_383 type=observe q_typed_reliable_context=1.999970 sequence=382.883977
[onpolicy-r9/subckt_0288] [plan] step=176 node=__buf_split_619 type=observe q_typed_reliable_context=1.670997 sequence=384.554974
[onpolicy-r9/subckt_0288] [plan] step=177 node=__aig_not_357 type=observe q_typed_reliable_context=1.961604 sequence=386.516578
[onpolicy-r9/subckt_0288] [plan] step=178 node=__aig_not_358 type=observe q_typed_reliable_context=1.899883 sequence=388.416460
[onpolicy-r9/subckt_0288] [plan] step=179 node=U718 type=observe q_typed_reliable_context=1.783229 sequence=390.199690
[onpolicy-r9/subckt_0288] [plan] step=180 node=__aig_not_376 type=observe q_typed_reliable_context=1.565650 sequence=391.765340
[onpolicy-r9/subckt_0288] [plan] step=181 node=__buf_split_744 type=observe q_typed_reliable_context=1.581015 sequence=393.346355
[onpolicy-r9/subckt_0288] [plan] step=182 node=U788 type=observe q_typed_reliable_context=1.761454 sequence=395.107809
[onpolicy-r9/subckt_0288] [plan] step=183 node=U779 type=observe q_typed_reliable_context=1.516356 sequence=396.624164
[onpolicy-r9/subckt_0288] [plan] step=184 node=__buf_split_476 type=observe q_typed_reliable_context=2.216396 sequence=398.840560
[onpolicy-r9/subckt_0288] [plan] step=185 node=__buf_split_462 type=observe q_typed_reliable_context=3.317140 sequence=402.157701
[onpolicy-r9/subckt_0288] [plan] step=186 node=__buf_split_465 type=observe q_typed_reliable_context=4.178983 sequence=406.336684
[onpolicy-r9/subckt_0288] [plan] step=187 node=__buf_split_448 type=observe q_typed_reliable_context=4.115818 sequence=410.452502
[onpolicy-r9/subckt_0288] [plan] step=188 node=__buf_split_451 type=observe q_typed_reliable_context=4.151752 sequence=414.604254
[onpolicy-r9/subckt_0288] [plan] step=189 node=__buf_split_457 type=observe q_typed_reliable_context=3.072570 sequence=417.676824
[onpolicy-r9/subckt_0288] [plan] step=190 node=__aig_and_184 type=control1 q_typed_reliable_context=3.456754 sequence=421.133579
[onpolicy-r9/subckt_0288] [plan] step=191 node=__aig_and_183 type=control0 q_typed_reliable_context=1.399908 sequence=422.533487
[onpolicy-r9/subckt_0288] [plan] step=192 node=__buf_split_478 type=observe q_typed_reliable_context=1.696627 sequence=424.230114
[onpolicy-r9/subckt_0288] [plan] step=193 node=SUB_110_U10 type=observe q_typed_reliable_context=1.237134 sequence=425.467247
[onpolicy-r9/subckt_0288] [plan] step=194 node=__aig_and_698 type=control1 q_typed_reliable_context=0.924486 sequence=426.391733
[onpolicy-r9/subckt_0288] [plan] step=195 node=U1016 type=observe q_typed_reliable_context=1.023741 sequence=427.415474
[onpolicy-r9/subckt_0288] [plan] step=196 node=U913 type=observe q_typed_reliable_context=1.216109 sequence=428.631583
[onpolicy-r9/subckt_0288] [plan] step=197 node=__buf_split_813 type=observe q_typed_reliable_context=1.367824 sequence=429.999407
[onpolicy-r9/subckt_0288] [plan] step=198 node=__aig_and_636 type=observe q_typed_reliable_context=1.269735 sequence=431.269142
[onpolicy-r9/subckt_0288] [plan] step=199 node=__aig_and_85 type=control1 q_typed_reliable_context=1.932255 sequence=433.201397
[onpolicy-r9/subckt_0288] [plan] step=200 node=__aig_and_699 type=observe q_typed_reliable_context=2.082163 sequence=435.283560
[onpolicy-r9/subckt_0288] [plan] step=201 node=SUB_110_U15 type=observe q_typed_reliable_context=2.252389 sequence=437.535949
[onpolicy-r9/subckt_0288] [plan] step=202 node=SUB_110_U12 type=observe q_typed_reliable_context=2.174639 sequence=439.710588
[onpolicy-r9/subckt_0288] [plan] step=203 node=__buf_split_792 type=observe q_typed_reliable_context=1.702011 sequence=441.412599
[onpolicy-r9/subckt_0288] [plan] step=204 node=__buf_split_804 type=observe q_typed_reliable_context=1.675038 sequence=443.087637
[onpolicy-r9/subckt_0288] [plan] step=205 node=__aig_and_177 type=control1 q_typed_reliable_context=1.109190 sequence=444.196828
[onpolicy-r9/subckt_0288] [plan] step=206 node=__aig_and_180 type=control1 q_typed_reliable_context=1.424356 sequence=445.621184
[onpolicy-r9/subckt_0288] [plan] step=207 node=SUB_103_U14 type=observe q_typed_reliable_context=2.029571 sequence=447.650755
[onpolicy-r9/subckt_0288] [plan] step=208 node=__aig_and_363 type=control1 q_typed_reliable_context=3.345875 sequence=450.996630
[onpolicy-r9/subckt_0288] [plan] step=209 node=U750 type=control0 q_typed_reliable_context=2.292964 sequence=453.289593
[onpolicy-r9/subckt_0288] [plan] step=210 node=__aig_and_179 type=control1 q_typed_reliable_context=1.341449 sequence=454.631042
[onpolicy-r9/subckt_0288] [plan] step=211 node=__aig_and_484 type=control1 q_typed_reliable_context=1.415236 sequence=456.046278
[onpolicy-r9/subckt_0288] [plan] step=212 node=__aig_and_385 type=control1 q_typed_reliable_context=1.999200 sequence=458.045478
[onpolicy-r9/subckt_0288] [plan] step=213 node=__aig_and_55 type=control1 q_typed_reliable_context=1.786050 sequence=459.831528
[onpolicy-r9/subckt_0288] [plan] step=214 node=__aig_not_53 type=observe q_typed_reliable_context=0.844392 sequence=460.675921
[onpolicy-r9/subckt_0288] [plan] step=215 node=__buf_split_808 type=observe q_typed_reliable_context=1.282153 sequence=461.958074
[onpolicy-r9/subckt_0288] [plan] step=216 node=__buf_split_761 type=observe q_typed_reliable_context=1.499367 sequence=463.457441
[onpolicy-r9/subckt_0288] [plan] step=217 node=__buf_split_806 type=observe q_typed_reliable_context=1.540452 sequence=464.997893
[onpolicy-r9/subckt_0288] [plan] step=218 node=__buf_split_807 type=observe q_typed_reliable_context=1.605638 sequence=466.603531
[onpolicy-r9/subckt_0288] [plan] step=219 node=__buf_split_818 type=observe q_typed_reliable_context=0.889580 sequence=467.493111
[onpolicy-r9/subckt_0288] [plan] step=220 node=__aig_and_706 type=observe q_typed_reliable_context=1.377188 sequence=468.870299
[onpolicy-r9/subckt_0288] [plan] step=221 node=__buf_split_817 type=observe q_typed_reliable_context=3.610642 sequence=472.480941
[onpolicy-r9/subckt_0288] [plan] step=222 node=SUB_110_U11 type=control0 q_typed_reliable_context=1.638989 sequence=474.119930
[onpolicy-r9/subckt_0288] [plan] step=223 node=__aig_and_307 type=control1 q_typed_reliable_context=2.127489 sequence=476.247419
[onpolicy-r9/subckt_0288] [plan] step=224 node=GT_122_U9 type=observe q_typed_reliable_context=1.043380 sequence=477.290799
[onpolicy-r9/subckt_0288] [plan] step=225 node=__aig_not_377 type=observe q_typed_reliable_context=1.258684 sequence=478.549483
[onpolicy-r9/subckt_0288] [plan] step=226 node=__aig_and_478 type=observe q_typed_reliable_context=1.868499 sequence=480.417982
[onpolicy-r9/subckt_0288] [plan] step=227 node=__aig_not_1137 type=observe q_typed_reliable_context=1.489490 sequence=481.907472
[onpolicy-r9/subckt_0288] [plan] step=228 node=__aig_and_631 type=observe q_typed_reliable_context=1.567209 sequence=483.474680
[onpolicy-r9/subckt_0288] [plan] step=229 node=__buf_split_753 type=observe q_typed_reliable_context=1.843277 sequence=485.317958
[onpolicy-r9/subckt_0288] [plan] step=230 node=__buf_split_758 type=observe q_typed_reliable_context=1.473619 sequence=486.791576
[onpolicy-r9/subckt_0288] [plan] step=231 node=__aig_not_693 type=observe q_typed_reliable_context=1.769729 sequence=488.561306
[onpolicy-r9/subckt_0288] [plan] step=232 node=__aig_not_694 type=observe q_typed_reliable_context=1.907523 sequence=490.468828
[onpolicy-r9/subckt_0288] [plan] step=233 node=__aig_and_701 type=control1 q_typed_reliable_context=2.140122 sequence=492.608950
[onpolicy-r9/subckt_0288] [plan] step=234 node=GT_181_U8 type=observe q_typed_reliable_context=1.412345 sequence=494.021295
[onpolicy-r9/subckt_0288] [plan] step=235 node=__buf_split_757 type=observe q_typed_reliable_context=1.820766 sequence=495.842062
[onpolicy-r9/subckt_0288] [plan] step=236 node=__buf_split_791 type=observe q_typed_reliable_context=1.536045 sequence=497.378106
[onpolicy-r9/subckt_0288] [plan] step=237 node=__buf_split_1272 type=observe q_typed_reliable_context=1.195667 sequence=498.573774
[onpolicy-r9/subckt_0288] [plan] step=238 node=__buf_split_1273 type=observe q_typed_reliable_context=1.382591 sequence=499.956365
[onpolicy-r9/subckt_0288] [plan] step=239 node=__buf_split_1274 type=observe q_typed_reliable_context=1.546697 sequence=501.503062
[onpolicy-r9/subckt_0288] [plan] step=240 node=__aig_not_602 type=observe q_typed_reliable_context=1.386296 sequence=502.889359
[onpolicy-r9/subckt_0288] [plan] step=241 node=__buf_split_755 type=observe q_typed_reliable_context=1.157767 sequence=504.047125
[onpolicy-r9/subckt_0288] [plan] step=242 node=__aig_not_967 type=observe q_typed_reliable_context=1.151955 sequence=505.199080
[onpolicy-r9/subckt_0288] [plan] step=243 node=__buf_split_756 type=observe q_typed_reliable_context=1.299572 sequence=506.498652
[onpolicy-r9/subckt_0288] [plan] step=244 node=U781 type=observe q_typed_reliable_context=1.352611 sequence=507.851263
[onpolicy-r9/subckt_0288] [plan] step=245 node=__buf_split_809 type=observe q_typed_reliable_context=1.255585 sequence=509.106848
[onpolicy-r9/subckt_0288] [plan] step=246 node=__aig_not_1219 type=observe q_typed_reliable_context=1.836090 sequence=510.942938
[onpolicy-r9/subckt_0288] [plan] step=247 node=__aig_not_1220 type=observe q_typed_reliable_context=1.693958 sequence=512.636896
[onpolicy-r9/subckt_0288] [plan] step=248 node=__aig_not_1221 type=observe q_typed_reliable_context=1.559696 sequence=514.196593
[onpolicy-r9/subckt_0288] [plan] step=249 node=__aig_and_102 type=control1 q_typed_reliable_context=2.302703 sequence=516.499296
[onpolicy-r9/subckt_0288] [plan] step=250 node=__buf_split_446 type=observe q_typed_reliable_context=2.312225 sequence=518.811521
[onpolicy-r9/subckt_0288] [plan] step=251 node=__buf_split_621 type=observe q_typed_reliable_context=1.440260 sequence=520.251781
[onpolicy-r9/subckt_0288] [plan] step=252 node=__aig_not_633 type=observe q_typed_reliable_context=1.171871 sequence=521.423652
[onpolicy-r9/subckt_0288] [plan] step=253 node=__aig_not_634 type=observe q_typed_reliable_context=1.097366 sequence=522.521018
[onpolicy-r9/subckt_0288] [plan] step=254 node=__buf_split_615 type=observe q_typed_reliable_context=1.268726 sequence=523.789743
[onpolicy-r9/subckt_0288] [plan] step=255 node=SUB_103_U20 type=observe q_typed_reliable_context=1.349980 sequence=525.139724
[onpolicy-r9/subckt_0288] [plan] step=256 node=__buf_split_799 type=observe q_typed_reliable_context=1.375432 sequence=526.515155
[onpolicy-r9/subckt_0288] saved=autoresearch/loop-260720-0945/model_training_round9/late_onpolicy_plans/subckt_0288.csv
