[plan] torch_deterministic=true
[plan] candidate_allowlist=autoresearch/original-netlist-recovery-260712/exact_itc99/b15_C/exact_candidate_nodes.txt nodes=7918
[plan] latent_norm_clip_ratio=4 latent_norm_limit=30.875631
[plan] step=1 node=N677 type=control1 q_pred_context=4.858065 sequence=4.858065
[plan] step=2 node=N2155 type=observe q_pred_context=3.253097 sequence=8.111161
[plan] step=3 node=N502 type=control1 q_pred_context=2.192107 sequence=10.303268
[plan] step=4 node=N762 type=control1 q_pred_context=1.446094 sequence=11.749362
[plan] step=5 node=N3742 type=control0 q_pred_context=0.865053 sequence=12.614415
[plan] step=6 node=N3644 type=control0 q_pred_context=1.489064 sequence=14.103480
[plan] step=7 node=N557 type=control1 q_pred_context=0.910940 sequence=15.014420
[plan] step=8 node=N3756 type=control0 q_pred_context=1.097941 sequence=16.112361
[plan] step=9 node=N508 type=control1 q_pred_context=1.312298 sequence=17.424659
[plan] step=10 node=N564 type=control1 q_pred_context=1.268916 sequence=18.693575
[plan] step=11 node=N5143 type=observe q_pred_context=1.225107 sequence=19.918681
[plan] step=12 node=N7511 type=control1 q_pred_context=1.542201 sequence=21.460883
[plan] step=13 node=N580 type=control1 q_pred_context=1.398406 sequence=22.859289
[plan] step=14 node=N2082 type=observe q_pred_context=1.027646 sequence=23.886935
[plan] step=15 node=N737 type=control1 q_pred_context=2.792261 sequence=26.679196
[plan] step=16 node=N496 type=control1 q_pred_context=2.388633 sequence=29.067829
[plan] step=17 node=N5723 type=control0 q_pred_context=1.061652 sequence=30.129481
[plan] step=18 node=N5203 type=control1 q_pred_context=4.262534 sequence=34.392014
[plan] step=19 node=N2153 type=observe q_pred_context=1.484739 sequence=35.876753
[plan] step=20 node=N1853 type=observe q_pred_context=3.571243 sequence=39.447996
[plan] step=21 node=N2101 type=observe q_pred_context=2.972249 sequence=42.420245
[plan] step=22 node=N1860 type=observe q_pred_context=2.015385 sequence=44.435630
[plan] step=23 node=N582 type=control1 q_pred_context=2.089173 sequence=46.524803
[plan] step=24 node=N1372 type=observe q_pred_context=1.525240 sequence=48.050043
[plan] step=25 node=N1532 type=observe q_pred_context=1.788881 sequence=49.838924
[plan] step=26 node=N766 type=control1 q_pred_context=1.752675 sequence=51.591599
[plan] step=27 node=N7516 type=observe q_pred_context=0.858877 sequence=52.450475
[plan] step=28 node=N576 type=observe q_pred_context=1.689956 sequence=54.140431
[plan] step=29 node=N583 type=control1 q_pred_context=1.429903 sequence=55.570334
[plan] step=30 node=N5234 type=observe q_pred_context=0.251857 sequence=55.822191
[plan] step=31 node=N4698 type=control0 q_pred_context=2.343294 sequence=58.165485
[plan] step=32 node=N7411 type=control1 q_pred_context=0.301571 sequence=58.467056
[plan] step=33 node=N7413 type=control1 q_pred_context=0.449727 sequence=58.916783
[plan] step=34 node=N4691 type=control0 q_pred_context=1.765055 sequence=60.681838
[plan] step=35 node=N7891 type=control1 q_pred_context=0.254145 sequence=60.935983
[plan] step=36 node=N4684 type=control0 q_pred_context=2.424872 sequence=63.360855
[plan] step=37 node=N4670 type=control0 q_pred_context=2.826810 sequence=66.187665
[plan] step=38 node=N4656 type=control0 q_pred_context=2.540288 sequence=68.727953
[plan] step=39 node=N4649 type=control0 q_pred_context=2.738663 sequence=71.466616
[plan] step=40 node=N713 type=observe q_pred_context=2.944248 sequence=74.410865
[plan] step=41 node=N4663 type=control0 q_pred_context=3.016073 sequence=77.426938
[plan] step=42 node=N6537 type=observe q_pred_context=6.519156 sequence=83.946094
[plan] step=43 node=N8470 type=observe q_pred_context=4.237399 sequence=88.183492
[plan] step=44 node=N4635 type=control0 q_pred_context=6.217946 sequence=94.401438
[plan] step=45 node=N724 type=observe q_pred_context=3.354012 sequence=97.755450
[plan] step=46 node=N4677 type=control0 q_pred_context=3.337458 sequence=101.092909
[plan] step=47 node=N7889 type=control1 q_pred_context=0.531098 sequence=101.624007
[plan] step=48 node=N7887 type=control1 q_pred_context=0.550155 sequence=102.174162
[plan] step=49 node=N7888 type=control1 q_pred_context=0.809631 sequence=102.983793
[plan] step=50 node=N4705 type=control0 q_pred_context=1.892087 sequence=104.875880
[plan] step=51 node=N7885 type=control1 q_pred_context=0.537819 sequence=105.413699
[plan] step=52 node=N3701 type=control0 q_pred_context=0.830779 sequence=106.244478
[plan] step=53 node=N4712 type=control0 q_pred_context=0.956054 sequence=107.200533
[plan] step=54 node=N3911 type=control0 q_pred_context=0.828501 sequence=108.029034
[plan] step=55 node=N3904 type=control0 q_pred_context=0.831632 sequence=108.860666
[plan] step=56 node=N3897 type=control0 q_pred_context=0.843955 sequence=109.704621
[plan] step=57 node=N3862 type=control0 q_pred_context=0.906526 sequence=110.611147
[plan] step=58 node=N3855 type=control0 q_pred_context=1.019087 sequence=111.630234
[plan] step=59 node=N3848 type=control0 q_pred_context=0.995326 sequence=112.625560
[plan] step=60 node=N3827 type=control0 q_pred_context=1.075938 sequence=113.701499
[plan] step=61 node=N3820 type=control0 q_pred_context=1.056701 sequence=114.758200
[plan] step=62 node=N3813 type=control0 q_pred_context=1.114025 sequence=115.872224
[plan] step=63 node=N3799 type=control0 q_pred_context=1.150042 sequence=117.022267
[plan] step=64 node=N3792 type=control0 q_pred_context=1.111022 sequence=118.133288
[plan] step=65 node=N4606 type=control0 q_pred_context=1.117786 sequence=119.251074
[plan] step=66 node=N4585 type=control0 q_pred_context=1.107867 sequence=120.358941
[plan] step=67 node=N4578 type=control0 q_pred_context=0.985552 sequence=121.344493
[plan] step=68 node=N2083 type=observe q_pred_context=1.178631 sequence=122.523124
[plan] step=69 node=N7506 type=observe q_pred_context=1.554203 sequence=124.077327
[plan] step=70 node=N4564 type=control0 q_pred_context=1.137754 sequence=125.215081
[plan] step=71 node=N4716 type=control0 q_pred_context=1.059242 sequence=126.274323
[plan] step=72 node=N2350 type=control0 q_pred_context=1.135330 sequence=127.409653
[plan] step=73 node=N7724 type=control0 q_pred_context=1.009284 sequence=128.418938
[plan] step=74 node=N519 type=control1 q_pred_context=1.123501 sequence=129.542439
[plan] step=75 node=N504 type=control1 q_pred_context=1.075772 sequence=130.618211
[plan] step=76 node=N2044 type=observe q_pred_context=1.073729 sequence=131.691940
[plan] step=77 node=N520 type=control1 q_pred_context=1.234897 sequence=132.926837
[plan] step=78 node=N7854 type=control0 q_pred_context=1.078401 sequence=134.005238
[plan] step=79 node=N2042 type=observe q_pred_context=0.877564 sequence=134.882802
[plan] step=80 node=N516 type=control1 q_pred_context=2.461592 sequence=137.344395
[plan] step=81 node=N899 type=observe q_pred_context=0.933692 sequence=138.278087
[plan] step=82 node=N513 type=control1 q_pred_context=2.085850 sequence=140.363937
[plan] step=83 node=N1539 type=control0 q_pred_context=0.839363 sequence=141.203300
[plan] step=84 node=N7721 type=control0 q_pred_context=1.253257 sequence=142.456557
[plan] step=85 node=N556 type=control1 q_pred_context=1.842695 sequence=144.299252
[plan] step=86 node=N7471 type=control0 q_pred_context=0.914211 sequence=145.213462
[plan] step=87 node=N7722 type=control0 q_pred_context=1.181334 sequence=146.394796
[plan] step=88 node=N555 type=control1 q_pred_context=1.762442 sequence=148.157239
[plan] step=89 node=N507 type=control1 q_pred_context=1.493349 sequence=149.650588
[plan] step=90 node=N7723 type=control0 q_pred_context=1.040478 sequence=150.691066
[plan] step=91 node=N7725 type=control0 q_pred_context=1.413661 sequence=152.104727
[plan] step=92 node=N7890 type=control1 q_pred_context=1.155178 sequence=153.259905
[plan] step=93 node=N7886 type=control1 q_pred_context=1.187214 sequence=154.447119
[plan] step=94 node=N3785 type=control0 q_pred_context=1.127602 sequence=155.574721
[plan] step=95 node=N704 type=observe q_pred_context=3.767270 sequence=159.341991
[plan] step=96 node=N7883 type=control1 q_pred_context=0.944709 sequence=160.286700
[plan] step=97 node=N7884 type=control1 q_pred_context=0.954991 sequence=161.241691
[plan] step=98 node=N7846 type=control0 q_pred_context=1.938733 sequence=163.180424
[plan] step=99 node=N7408 type=control0 q_pred_context=2.590554 sequence=165.770978
[plan] step=100 node=N7541 type=control0 q_pred_context=2.080555 sequence=167.851533
[plan] step=101 node=N7847 type=control0 q_pred_context=2.348477 sequence=170.200010
[plan] step=102 node=N7882 type=control1 q_pred_context=1.508665 sequence=171.708675
[plan] step=103 node=N3722 type=control0 q_pred_context=0.767445 sequence=172.476120
[plan] step=104 node=N4557 type=control0 q_pred_context=1.253165 sequence=173.729285
[plan] step=105 node=N4520 type=control0 q_pred_context=1.702102 sequence=175.431387
[plan] step=106 node=N614 type=control1 q_pred_context=1.714164 sequence=177.145550
[plan] step=107 node=N3903 type=control0 q_pred_context=1.828919 sequence=178.974469
[plan] step=108 node=N634 type=control1 q_pred_context=1.859041 sequence=180.833510
[plan] step=109 node=N610 type=control1 q_pred_context=2.499717 sequence=183.333227
[plan] step=110 node=N510 type=control1 q_pred_context=2.139429 sequence=185.472656
[plan] step=111 node=N638 type=control1 q_pred_context=1.700138 sequence=187.172794
[plan] step=112 node=N3682 type=control0 q_pred_context=1.909889 sequence=189.082683
[plan] step=113 node=N1411 type=control0 q_pred_context=1.689762 sequence=190.772445
[plan] step=114 node=N3896 type=control0 q_pred_context=2.328063 sequence=193.100507
[plan] step=115 node=N3889 type=control0 q_pred_context=1.782025 sequence=194.882532
[plan] step=116 node=N7726 type=control0 q_pred_context=1.393585 sequence=196.276117
[plan] step=117 node=N3882 type=control0 q_pred_context=1.570686 sequence=197.846803
[plan] step=118 node=N7820 type=control0 q_pred_context=1.753796 sequence=199.600599
[plan] step=119 node=N7870 type=control1 q_pred_context=1.546365 sequence=201.146965
[plan] step=120 node=N7370 type=control1 q_pred_context=1.582384 sequence=202.729349
[plan] step=121 node=N3805 type=control0 q_pred_context=2.448586 sequence=205.177935
[plan] step=122 node=N620 type=control1 q_pred_context=3.028647 sequence=208.206582
[plan] step=123 node=N7518 type=observe q_pred_context=1.779352 sequence=209.985933
[plan] step=124 node=N723 type=observe q_pred_context=2.211016 sequence=212.196950
[plan] step=125 node=N645 type=control1 q_pred_context=1.913174 sequence=214.110124
[plan] step=126 node=N616 type=control1 q_pred_context=2.539016 sequence=216.649140
[plan] step=127 node=N7588 type=control1 q_pred_context=2.000767 sequence=218.649907
[plan] step=128 node=N7852 type=control0 q_pred_context=1.963417 sequence=220.613324
[plan] step=129 node=N2040 type=observe q_pred_context=1.920239 sequence=222.533563
[plan] step=130 node=N7853 type=control0 q_pred_context=1.882894 sequence=224.416458
[plan] step=131 node=N7535 type=observe q_pred_context=1.560546 sequence=225.977004
[plan] step=132 node=N7537 type=observe q_pred_context=1.618584 sequence=227.595588
[plan] step=133 node=N7534 type=observe q_pred_context=1.808288 sequence=229.403875
[plan] step=134 node=N7532 type=observe q_pred_context=1.991005 sequence=231.394881
[plan] step=135 node=N3295 type=control1 q_pred_context=1.928841 sequence=233.323721
[plan] step=136 node=N785 type=observe q_pred_context=2.725412 sequence=236.049133
[plan] step=137 node=N636 type=control1 q_pred_context=1.952678 sequence=238.001811
[plan] step=138 node=N3410 type=control1 q_pred_context=3.554960 sequence=241.556771
[plan] step=139 node=N3180 type=control1 q_pred_context=3.772271 sequence=245.329042
[plan] step=140 node=N630 type=control1 q_pred_context=4.143460 sequence=249.472502
[plan] step=141 node=N642 type=control1 q_pred_context=3.466430 sequence=252.938932
[plan] step=142 node=N649 type=control1 q_pred_context=1.207397 sequence=254.146329
[plan] step=143 node=N7453 type=observe q_pred_context=1.077277 sequence=255.223606
[plan] step=144 node=N7424 type=control1 q_pred_context=0.981311 sequence=256.204917
[plan] step=145 node=N1552 type=observe q_pred_context=0.596315 sequence=256.801232
[plan] step=146 node=N5867 type=observe q_pred_context=0.687195 sequence=257.488427
[plan] step=147 node=N2157 type=observe q_pred_context=2.980356 sequence=260.468782
[plan] step=148 node=N1586 type=control1 q_pred_context=5.948461 sequence=266.417244
[plan] step=149 node=N647 type=control1 q_pred_context=6.262886 sequence=272.680129
[plan] step=150 node=N3525 type=control1 q_pred_context=6.163186 sequence=278.843315
[plan] step=151 node=N1607 type=control1 q_pred_context=2.424445 sequence=281.267761
[plan] step=152 node=N3467 type=control1 q_pred_context=6.338503 sequence=287.606264
[plan] step=153 node=N7500 type=observe q_pred_context=2.912987 sequence=290.519251
[plan] step=154 node=N578 type=observe q_pred_context=3.112157 sequence=293.631408
[plan] step=155 node=N7401 type=observe q_pred_context=3.083945 sequence=296.715352
[plan] step=156 node=N2721 type=control1 q_pred_context=2.307652 sequence=299.023005
[plan] step=157 node=N2894 type=control1 q_pred_context=1.867803 sequence=300.890808
[plan] step=158 node=N2952 type=control1 q_pred_context=1.754194 sequence=302.645002
[plan] step=159 node=N2779 type=control1 q_pred_context=1.862873 sequence=304.507876
[plan] step=160 node=N2652 type=control1 q_pred_context=1.798403 sequence=306.306279
[plan] step=161 node=N2106 type=observe q_pred_context=1.419447 sequence=307.725726
[plan] step=162 node=N6534 type=observe q_pred_context=1.444608 sequence=309.170334
[plan] step=163 node=N2149 type=observe q_pred_context=2.423718 sequence=311.594052
[plan] step=164 node=N7628 type=observe q_pred_context=1.714965 sequence=313.309017
[plan] step=165 node=N7442 type=control0 q_pred_context=3.007474 sequence=316.316491
[plan] step=166 node=N2102 type=observe q_pred_context=1.905079 sequence=318.221570
[plan] step=167 node=N4529 type=observe q_pred_context=1.609597 sequence=319.831167
[plan] step=168 node=N7681 type=observe q_pred_context=2.813359 sequence=322.644526
[plan] step=169 node=N7385 type=observe q_pred_context=2.629193 sequence=325.273719
[plan] step=170 node=N7465 type=observe q_pred_context=1.677784 sequence=326.951503
[plan] step=171 node=N694 type=observe q_pred_context=1.269388 sequence=328.220891
[plan] step=172 node=N771 type=observe q_pred_context=0.614781 sequence=328.835672
[plan] step=173 node=N5356 type=observe q_pred_context=1.369753 sequence=330.205425
[plan] step=174 node=N1598 type=observe q_pred_context=0.154547 sequence=330.359972
[plan] step=175 node=N7473 type=control0 q_pred_context=1.870163 sequence=332.230136
[plan] step=176 node=N7680 type=observe q_pred_context=0.731004 sequence=332.961140
[plan] step=177 node=N2580 type=control1 q_pred_context=0.322435 sequence=333.283575
[plan] step=178 node=N5738 type=observe q_pred_context=1.182428 sequence=334.466003
[plan] step=179 node=N5627 type=observe q_pred_context=1.418514 sequence=335.884517
[plan] step=180 node=N7873 type=control1 q_pred_context=0.649399 sequence=336.533915
[plan] step=181 node=N8790 type=control1 q_pred_context=2.207340 sequence=338.741255
[plan] step=182 node=N5617 type=observe q_pred_context=2.026113 sequence=340.767368
[plan] step=183 node=N8240 type=control1 q_pred_context=1.311257 sequence=342.078625
[plan] step=184 node=N5740 type=observe q_pred_context=1.273852 sequence=343.352477
[plan] step=185 node=N2837 type=control1 q_pred_context=0.905303 sequence=344.257780
[plan] step=186 node=N3009 type=control1 q_pred_context=0.938545 sequence=345.196324
[plan] step=187 node=N8789 type=control1 q_pred_context=1.276743 sequence=346.473068
[plan] step=188 node=N5877 type=observe q_pred_context=0.732708 sequence=347.205776
[plan] step=189 node=N8607 type=control1 q_pred_context=2.016698 sequence=349.222474
[plan] step=190 node=N8239 type=control1 q_pred_context=1.570049 sequence=350.792523
[plan] step=191 node=N652 type=control1 q_pred_context=1.335991 sequence=352.128515
[plan] step=192 node=N8238 type=control1 q_pred_context=1.507232 sequence=353.635747
[plan] step=193 node=N8606 type=control1 q_pred_context=1.594113 sequence=355.229859
[plan] step=194 node=N3067 type=control1 q_pred_context=1.102303 sequence=356.332162
[plan] step=195 node=N6533 type=observe q_pred_context=0.413453 sequence=356.745615
[plan] step=196 node=N8237 type=control1 q_pred_context=1.312100 sequence=358.057715
[plan] step=197 node=N902 type=control1 q_pred_context=1.492291 sequence=359.550007
[plan] step=198 node=N8605 type=control1 q_pred_context=1.582687 sequence=361.132694
[plan] step=199 node=N7542 type=control0 q_pred_context=1.660870 sequence=362.793564
[plan] step=200 node=N515 type=control1 q_pred_context=1.869100 sequence=364.662664
[plan] step=201 node=N8236 type=control1 q_pred_context=2.132273 sequence=366.794937
[plan] step=202 node=N714 type=observe q_pred_context=1.797969 sequence=368.592906
[plan] step=203 node=N7551 type=observe q_pred_context=1.333939 sequence=369.926845
[plan] step=204 node=N5873 type=observe q_pred_context=1.247203 sequence=371.174048
[plan] step=205 node=N4489 type=observe q_pred_context=1.594152 sequence=372.768200
[plan] step=206 node=N722 type=observe q_pred_context=2.721095 sequence=375.489294
[plan] step=207 node=N712 type=observe q_pred_context=3.450454 sequence=378.939748
[plan] step=208 node=N7624 type=observe q_pred_context=2.141705 sequence=381.081453
[plan] step=209 node=N7436 type=observe q_pred_context=0.701888 sequence=381.783341
[plan] step=210 node=N725 type=observe q_pred_context=1.408354 sequence=383.191696
[plan] step=211 node=N715 type=observe q_pred_context=1.977688 sequence=385.169384
[plan] step=212 node=N6673 type=observe q_pred_context=3.196526 sequence=388.365910
[plan] step=213 node=N4521 type=observe q_pred_context=2.227975 sequence=390.593884
[plan] step=214 node=N4460 type=control0 q_pred_context=1.325135 sequence=391.919019
[plan] step=215 node=N7439 type=observe q_pred_context=2.607080 sequence=394.526099
[plan] step=216 node=N5473 type=observe q_pred_context=1.660479 sequence=396.186578
[plan] step=217 node=N706 type=observe q_pred_context=5.299442 sequence=401.486020
[plan] step=218 node=N5879 type=observe q_pred_context=5.622406 sequence=407.108426
[plan] step=219 node=N5456 type=observe q_pred_context=1.834923 sequence=408.943349
[plan] step=220 node=N679 type=observe q_pred_context=5.786033 sequence=414.729382
[plan] step=221 node=N6685 type=observe q_pred_context=3.462964 sequence=418.192346
[plan] step=222 node=N5725 type=observe q_pred_context=4.605752 sequence=422.798098
[plan] step=223 node=N8235 type=control1 q_pred_context=3.118709 sequence=425.916807
[plan] step=224 node=N705 type=observe q_pred_context=6.431474 sequence=432.348281
[plan] step=225 node=N2181 type=observe q_pred_context=3.773466 sequence=436.121748
[plan] step=226 node=N5422 type=observe q_pred_context=4.748385 sequence=440.870133
[plan] step=227 node=N7432 type=observe q_pred_context=5.691597 sequence=446.561729
[plan] step=228 node=N703 type=observe q_pred_context=3.714790 sequence=450.276519
[plan] step=229 node=N5439 type=observe q_pred_context=3.981009 sequence=454.257528
[plan] step=230 node=N4497 type=observe q_pred_context=6.096595 sequence=460.354123
[plan] step=231 node=N7380 type=observe q_pred_context=2.967625 sequence=463.321748
[plan] step=232 node=N2151 type=observe q_pred_context=6.336054 sequence=469.657802
[plan] step=233 node=N8234 type=control1 q_pred_context=5.808250 sequence=475.466051
[plan] step=234 node=N4421 type=control0 q_pred_context=4.203022 sequence=479.669074
[plan] step=235 node=N5390 type=observe q_pred_context=6.127208 sequence=485.796281
[plan] step=236 node=N6593 type=control1 q_pred_context=6.164617 sequence=491.960898
[plan] step=237 node=N6581 type=observe q_pred_context=2.741107 sequence=494.702005
[plan] step=238 node=N8783 type=control1 q_pred_context=2.821392 sequence=497.523397
[plan] step=239 node=N5373 type=observe q_pred_context=1.329917 sequence=498.853314
[plan] step=240 node=N5202 type=observe q_pred_context=3.251936 sequence=502.105251
[plan] step=241 node=N1874 type=observe q_pred_context=4.482443 sequence=506.587693
[plan] step=242 node=N4513 type=observe q_pred_context=2.447796 sequence=509.035489
[plan] step=243 node=N5334 type=observe q_pred_context=4.519066 sequence=513.554555
[plan] step=244 node=N734 type=observe q_pred_context=6.776741 sequence=520.331296
[plan] step=245 node=N6660 type=observe q_pred_context=6.634851 sequence=526.966147
[plan] step=246 node=N7381 type=observe q_pred_context=2.585063 sequence=529.551210
[plan] step=247 node=N5283 type=observe q_pred_context=0.819431 sequence=530.370641
[plan] step=248 node=N8233 type=control1 q_pred_context=2.958912 sequence=533.329553
[plan] step=249 node=N8608 type=control1 q_pred_context=3.321712 sequence=536.651264
[plan] step=250 node=N719 type=observe q_pred_context=2.857418 sequence=539.508683
[plan] step=251 node=N699 type=observe q_pred_context=4.360221 sequence=543.868904
[plan] step=252 node=N4505 type=observe q_pred_context=2.630320 sequence=546.499223
[plan] step=253 node=N4367 type=control0 q_pred_context=2.509653 sequence=549.008877
[plan] step=254 node=N4532 type=control0 q_pred_context=3.994184 sequence=553.003061
[plan] step=255 node=N6678 type=observe q_pred_context=4.176971 sequence=557.180033
[plan] step=256 node=N1351 type=observe q_pred_context=6.603731 sequence=563.783764
[plan] step=257 node=N2159 type=observe q_pred_context=5.989609 sequence=569.773373
[plan] step=258 node=N7422 type=observe q_pred_context=2.586335 sequence=572.359708
[plan] step=259 node=N708 type=observe q_pred_context=4.772643 sequence=577.132351
[plan] step=260 node=N6741 type=control1 q_pred_context=6.201538 sequence=583.333889
[plan] step=261 node=N765 type=observe q_pred_context=2.986981 sequence=586.320870
[plan] step=262 node=N729 type=observe q_pred_context=5.135047 sequence=591.455917
[plan] step=263 node=N2358 type=control1 q_pred_context=5.968042 sequence=597.423959
[plan] step=264 node=N4544 type=observe q_pred_context=0.963351 sequence=598.387310
[plan] step=265 node=N4442 type=control0 q_pred_context=4.131905 sequence=602.519215
[plan] step=266 node=N686 type=observe q_pred_context=6.780966 sequence=609.300181
[plan] step=267 node=N4359 type=control0 q_pred_context=3.159615 sequence=612.459796
[plan] step=268 node=N6743 type=control1 q_pred_context=6.237405 sequence=618.697201
[plan] step=269 node=N533 type=observe q_pred_context=2.228679 sequence=620.925880
[plan] step=270 node=N1951 type=observe q_pred_context=6.334110 sequence=627.259990
[plan] step=271 node=N2243 type=observe q_pred_context=6.474965 sequence=633.734955
[plan] step=272 node=N6677 type=observe q_pred_context=0.562893 sequence=634.297848
[plan] step=273 node=N4469 type=control0 q_pred_context=4.418106 sequence=638.715953
[plan] step=274 node=N684 type=observe q_pred_context=6.361822 sequence=645.077775
[plan] step=275 node=N543 type=observe q_pred_context=5.314180 sequence=650.391955
[plan] step=276 node=N4338 type=control0 q_pred_context=4.750304 sequence=655.142259
[plan] step=277 node=N4436 type=control0 q_pred_context=5.843098 sequence=660.985357
[plan] step=278 node=N5665 type=control0 q_pred_context=5.346652 sequence=666.332009
saved=autoresearch/loop-260718-0223/relative_gate_b15_round18/range_m0p002/b15_C/plans/iscas99__b15_1__greedy__cumulative__q_pred_context__bw1__d1__c64__g1p0__candhard_fault_cluster__div0p0__s0.csv
