__tpi_op_2_new_n48575_ /0 undetected
__tpi_not_test_en->__tpi_cp_44_new_n83301_ /1 undetected
new_n83301_ /1 undetected
test_en->__tpi_cp_3_new_n83300_ /0 undetected
new_n83300_ /0 undetected
__buf_split_37790 /1 undetected
new_n61176_->new_n61176__PO /0 undetected
new_n50740_->new_n50740__PO /0 undetected
new_n50723_->new_n50723__PO /0 undetected
new_n50722_->new_n50722__PO /0 undetected
__buf_split_37778 /1 undetected
new_n83283_->__tpi_cp_17_new_n83283_ /0 undetected
new_n61176_->__tpi_cp_2_new_n61176_ /0 undetected
new_n61176_ /0 undetected
__tpi_not_test_en->__tpi_cp_48___buf_split_22303 /1 undetected
__buf_split_22303 /1 undetected
new_n22108_->__tpi_cp_121_new_n22108_ /1 undetected
__tpi_not_test_en->__tpi_cp_121_new_n22108_ /1 undetected
new_n50751_->__tpi_cp_6_new_n50751_ /0 undetected
__tpi_not_test_en->__tpi_cp_59___buf_split_15429 /1 undetected
__tpi_not_test_en->__tpi_cp_33_new_n50745_ /1 undetected
__tpi_not_test_en->__tpi_cp_123___buf_split_15424 /1 undetected
__tpi_not_test_en->__tpi_cp_116___buf_split_15425 /1 undetected
__tpi_not_test_en->__tpi_cp_57___buf_split_15426 /1 undetected
__tpi_cp_57___buf_split_15426 /1 undetected
__buf_split_15426 /1 undetected
new_n50741_->__tpi_cp_43_new_n50741_ /1 undetected
__tpi_not_test_en->__tpi_cp_43_new_n50741_ /1 undetected
__tpi_not_test_en->__tpi_cp_38___buf_split_15427 /1 undetected
__tpi_not_test_en->__tpi_cp_81_new_n48732_ /1 undetected
new_n50734_ /1 undetected
__tpi_not_test_en->__tpi_cp_9_new_n50732_ /1 undetected
__tpi_cp_9_new_n50732_ /1 undetected
new_n50732_ /1 undetected
__tpi_not_test_en->__tpi_cp_78_new_n50730_ /1 undetected
__tpi_cp_78_new_n50730_ /1 undetected
new_n50730_ /1 undetected
__tpi_not_test_en->__tpi_cp_102_new_n50729_ /1 undetected
new_n50729_ /1 undetected
__buf_split_15409 /1 undetected
new_n50727_->__tpi_cp_35_new_n50727_ /1 undetected
__tpi_not_test_en->__tpi_cp_35_new_n50727_ /1 undetected
__buf_split_15408 /1 undetected
new_n22285_->__tpi_cp_76_new_n22285_ /1 undetected
__tpi_not_test_en->__tpi_cp_76_new_n22285_ /1 undetected
__buf_split_15410 /1 undetected
new_n48576_ /1 undetected
__tpi_not_test_en->__tpi_cp_24_new_n48568_ /1 undetected
__buf_split_13986 /1 undetected
__tpi_not_test_en->__tpi_cp_89___buf_split_13985 /1 undetected
__tpi_cp_89___buf_split_13985 /1 undetected
__buf_split_13985 /1 undetected
test_en->__tpi_cp_23_new_n47879_ /0 undetected
__tpi_not_test_en->__tpi_cp_56_new_n48566_ /1 undetected
__tpi_cp_56_new_n48566_ /1 undetected
new_n48566_ /1 undetected
new_n50740_->__tpi_cp_4_new_n50740_ /0 undetected
new_n50723_ /0 undetected
__tpi_not_test_en->__tpi_cp_58___buf_split_15400 /1 undetected
__tpi_cp_58___buf_split_15400 /1 undetected
__buf_split_15400 /1 undetected
new_n48575_ /0 undetected
new_n50740_ /0 undetected
__tpi_not_test_en->__tpi_cp_45_new_n50738_ /1 undetected
__tpi_cp_45_new_n50738_ /1 undetected
new_n50738_ /1 undetected
new_n50737_ /1 undetected
__buf_split_15417 /1 undetected
new_n50722_ /0 undetected
test_en->__tpi_cp_0_new_n50721_ /0 undetected
new_n50721_ /0 undetected
new_n50720_ /1 undetected
__tpi_not_test_en->__tpi_cp_112_new_n50719_ /1 undetected
__tpi_cp_112_new_n50719_ /1 undetected
new_n50719_ /1 undetected
__tpi_not_test_en->__tpi_cp_26_new_n50718_ /1 undetected
__tpi_cp_26_new_n50718_ /1 undetected
new_n50718_ /1 undetected
__buf_split_15395 /1 undetected
__buf_split_15394 /1 undetected
__tpi_not_test_en->__tpi_cp_115___buf_split_15396 /1 undetected
__tpi_cp_115___buf_split_15396 /1 undetected
__buf_split_15396 /1 undetected
__tpi_not_test_en->__tpi_cp_93___buf_split_15397 /1 undetected
__tpi_cp_93___buf_split_15397 /1 undetected
__buf_split_15397 /1 undetected
__buf_split_15398 /1 undetected
__tpi_not_test_en->__tpi_cp_70_new_n48571_ /1 undetected
__tpi_not_test_en->__tpi_cp_96___buf_split_13988 /1 undetected
__tpi_not_test_en->__tpi_cp_30_new_n22897_ /1 undetected
__tpi_not_test_en->__tpi_cp_95___buf_split_13987 /1 undetected
__tpi_not_test_en->__tpi_cp_31_new_n22896_ /1 undetected
__tpi_not_test_en->__tpi_cp_88___buf_split_13989 /1 undetected
test_en->__tpi_cp_18_new_n47871_ /0 undetected
__tpi_not_test_en->__tpi_cp_25_new_n48562_ /1 undetected
__tpi_not_test_en->__tpi_cp_94___buf_split_13980 /1 undetected
__tpi_not_test_en->__tpi_cp_107___buf_split_13979 /1 undetected
__tpi_not_test_en->__tpi_cp_91___buf_split_13981 /1 undetected
__tpi_not_test_en->__tpi_cp_104_new_n47880_ /1 undetected
__tpi_not_test_en->__tpi_cp_42___buf_split_13983 /1 undetected
test_en->__tpi_cp_8_new_n47889_ /0 undetected
__tpi_not_test_en->__tpi_cp_110_new_n47881_ /1 undetected
__tpi_not_test_en->__tpi_cp_5_new_n47866_ /1 undetected
__tpi_not_test_en->__tpi_cp_55_new_n47865_ /1 undetected
__tpi_not_test_en->__tpi_cp_86___buf_split_13489 /1 undetected
__tpi_not_test_en->__tpi_cp_122_new_n22141_ /1 undetected
__tpi_not_test_en->__tpi_cp_80___buf_split_13488 /1 undetected
__tpi_not_test_en->__tpi_cp_105_new_n22138_ /1 undetected
__tpi_not_test_en->__tpi_cp_54_new_n47864_ /1 undetected
__tpi_not_test_en->__tpi_cp_79___buf_split_13487 /1 undetected
__tpi_not_test_en->__tpi_cp_113_new_n22133_ /1 undetected
__tpi_not_test_en->__tpi_cp_87___buf_split_13486 /1 undetected
__tpi_not_test_en->__tpi_cp_53_new_n47862_ /1 undetected
__tpi_not_test_en->__tpi_cp_66___buf_split_13485 /1 undetected
__tpi_not_test_en->__tpi_cp_21_new_n22153_ /1 undetected
__tpi_not_test_en->__tpi_cp_65___buf_split_13484 /1 undetected
__tpi_not_test_en->__tpi_cp_20_new_n22150_ /1 undetected
__tpi_not_test_en->__tpi_cp_52_new_n47861_ /1 undetected
__tpi_not_test_en->__tpi_cp_64___buf_split_13483 /1 undetected
__tpi_not_test_en->__tpi_cp_19_new_n22147_ /1 undetected
__tpi_not_test_en->__tpi_cp_85___buf_split_13482 /1 undetected
__tpi_not_test_en->__tpi_cp_22_new_n22144_ /1 undetected
__tpi_not_test_en->__tpi_cp_124_new_n47878_ /1 undetected
__tpi_not_test_en->__tpi_cp_73_new_n47877_ /1 undetected
__tpi_not_test_en->__tpi_cp_74___buf_split_13498 /1 undetected
__tpi_not_test_en->__tpi_cp_10_new_n22152_ /1 undetected
__tpi_not_test_en->__tpi_cp_103___buf_split_13497 /1 undetected
__tpi_not_test_en->__tpi_cp_11_new_n22149_ /1 undetected
__tpi_not_test_en->__tpi_cp_92___buf_split_13496 /1 undetected
__tpi_not_test_en->__tpi_cp_12_new_n22146_ /1 undetected
__tpi_not_test_en->__tpi_cp_100___buf_split_13495 /1 undetected
__tpi_not_test_en->__tpi_cp_14_new_n22143_ /1 undetected
test_en->__tpi_cp_46_new_n50735_ /0 undetected
__tpi_not_test_en->__tpi_cp_7_new_n47870_ /1 undetected
__tpi_not_test_en->__tpi_cp_34_new_n78655_ /1 undetected
__tpi_not_test_en->__tpi_cp_82_new_n47888_ /1 undetected
__tpi_not_test_en->__tpi_cp_109___buf_split_13517 /1 undetected
__tpi_not_test_en->__tpi_cp_40_new_n47887_ /1 undetected
__tpi_not_test_en->__tpi_cp_108___buf_split_13516 /1 undetected
__tpi_not_test_en->__tpi_cp_41_new_n47886_ /1 undetected
__tpi_not_test_en->__tpi_cp_90___buf_split_13518 /1 undetected
__tpi_not_test_en->__tpi_cp_119___buf_split_13500 /1 undetected
__tpi_not_test_en->__tpi_cp_118___buf_split_13499 /1 undetected
__tpi_not_test_en->__tpi_cp_49_new_n22137_ /1 undetected
__tpi_not_test_en->__tpi_cp_62_new_n47869_ /1 undetected
__tpi_not_test_en->__tpi_cp_77_new_n22893_ /1 undetected
__tpi_not_test_en->__tpi_cp_101___buf_split_769 /1 undetected
__tpi_not_test_en->__tpi_cp_75_new_n22892_ /1 undetected
__tpi_not_test_en->__tpi_cp_99___buf_split_768 /1 undetected
__tpi_not_test_en->__tpi_cp_63_new_n47868_ /1 undetected
__tpi_not_test_en->__tpi_cp_72_new_n22891_ /1 undetected
__tpi_not_test_en->__tpi_cp_98___buf_split_767 /1 undetected
__tpi_not_test_en->__tpi_cp_71_new_n22890_ /1 undetected
__tpi_not_test_en->__tpi_cp_97___buf_split_766 /1 undetected
__tpi_not_test_en->__tpi_cp_51___buf_split_32021 /1 undetected
__tpi_not_test_en->__tpi_cp_120_new_n22106_ /1 undetected
__tpi_not_test_en->__tpi_cp_83_new_n22103_ /1 undetected
__tpi_not_test_en->__tpi_cp_50___buf_split_15412 /1 undetected
__tpi_not_test_en->__tpi_cp_68_new_n48681_ /1 undetected
__tpi_not_test_en->__tpi_cp_111_new_n48648_ /1 undetected
__tpi_not_test_en->__tpi_cp_36___buf_split_14093 /1 undetected
__tpi_not_test_en->__tpi_cp_106_new_n22140_ /1 undetected
__tpi_not_test_en->__tpi_cp_47_new_n22895_ /1 undetected
__tpi_not_test_en->__tpi_cp_114_new_n22894_ /1 undetected
__tpi_not_test_en->__tpi_cp_67___buf_split_13511 /1 undetected
__tpi_not_test_en->__tpi_cp_84___buf_split_13510 /1 undetected
__tpi_not_test_en->__tpi_cp_60___buf_split_13502 /1 undetected
__tpi_not_test_en->__tpi_cp_117___buf_split_13501 /1 undetected
