[plan] torch_deterministic=true
[plan] candidate_allowlist=autoresearch/original-netlist-recovery-260712/exact_itc99/b15_C/exact_candidate_nodes.txt nodes=7918
[plan] latent_norm_clip_ratio=4 latent_norm_limit=30.875631
[plan] step=1 node=N677 type=control1 q_typed_reliable_context=4.858065 sequence=4.858065
[plan] step=2 node=N2155 type=observe q_typed_reliable_context=3.267011 sequence=8.125076
[plan] step=3 node=N502 type=control1 q_typed_reliable_context=2.192107 sequence=10.317183
[plan] step=4 node=N762 type=control1 q_typed_reliable_context=1.446094 sequence=11.763276
[plan] step=5 node=N3742 type=control0 q_typed_reliable_context=0.929541 sequence=12.692818
[plan] step=6 node=N3644 type=control0 q_typed_reliable_context=1.489064 sequence=14.181882
[plan] step=7 node=N557 type=control1 q_typed_reliable_context=0.910940 sequence=15.092822
[plan] step=8 node=N3756 type=control0 q_typed_reliable_context=1.097941 sequence=16.190763
[plan] step=9 node=N564 type=control1 q_typed_reliable_context=1.334620 sequence=17.525383
[plan] step=10 node=N2336 type=control1 q_typed_reliable_context=1.557724 sequence=19.083107
[plan] step=11 node=N5143 type=observe q_typed_reliable_context=1.325577 sequence=20.408684
[plan] step=12 node=N7511 type=control1 q_typed_reliable_context=1.450593 sequence=21.859278
[plan] step=13 node=N580 type=control1 q_typed_reliable_context=1.255322 sequence=23.114599
[plan] step=14 node=N2082 type=observe q_typed_reliable_context=1.398669 sequence=24.513268
[plan] step=15 node=N737 type=control1 q_typed_reliable_context=3.600376 sequence=28.113644
[plan] step=16 node=N3722 type=control0 q_typed_reliable_context=0.942313 sequence=29.055957
[plan] step=17 node=N496 type=control1 q_typed_reliable_context=1.745042 sequence=30.800999
[plan] step=18 node=N5723 type=control0 q_typed_reliable_context=1.392575 sequence=32.193575
[plan] step=19 node=N5203 type=control1 q_typed_reliable_context=1.998558 sequence=34.192132
[plan] step=20 node=N2153 type=observe q_typed_reliable_context=2.156696 sequence=36.348829
[plan] step=21 node=N1853 type=observe q_typed_reliable_context=2.699753 sequence=39.048582
[plan] step=22 node=N2101 type=observe q_typed_reliable_context=2.287403 sequence=41.335984
[plan] step=23 node=N4656 type=control0 q_typed_reliable_context=2.865532 sequence=44.201517
[plan] step=24 node=N1860 type=observe q_typed_reliable_context=2.524433 sequence=46.725950
[plan] step=25 node=N1372 type=observe q_typed_reliable_context=1.809229 sequence=48.535179
[plan] step=26 node=N1532 type=observe q_typed_reliable_context=1.525321 sequence=50.060500
[plan] step=27 node=N582 type=control1 q_typed_reliable_context=1.339536 sequence=51.400037
[plan] step=28 node=N766 type=control1 q_typed_reliable_context=0.722613 sequence=52.122650
[plan] step=29 node=N1437 type=control1 q_typed_reliable_context=0.837137 sequence=52.959787
[plan] step=30 node=N583 type=control1 q_typed_reliable_context=0.936163 sequence=53.895950
[plan] step=31 node=N893 type=observe q_typed_reliable_context=0.812246 sequence=54.708196
[plan] step=32 node=N4684 type=control0 q_typed_reliable_context=3.295865 sequence=58.004061
[plan] step=33 node=N7411 type=control1 q_typed_reliable_context=0.654658 sequence=58.658719
[plan] step=34 node=N7413 type=control1 q_typed_reliable_context=0.358449 sequence=59.017168
[plan] step=35 node=N4677 type=control0 q_typed_reliable_context=2.065111 sequence=61.082279
[plan] step=36 node=N4663 type=control0 q_typed_reliable_context=3.006069 sequence=64.088348
[plan] step=37 node=N4649 type=control0 q_typed_reliable_context=1.717735 sequence=65.806083
[plan] step=38 node=N4635 type=control0 q_typed_reliable_context=1.562555 sequence=67.368638
[plan] step=39 node=N6537 type=observe q_typed_reliable_context=2.624901 sequence=69.993539
[plan] step=40 node=N704 type=observe q_typed_reliable_context=2.048143 sequence=72.041682
[plan] step=41 node=N8470 type=observe q_typed_reliable_context=2.030129 sequence=74.071812
[plan] step=42 node=N4691 type=control0 q_typed_reliable_context=1.697250 sequence=75.769062
[plan] step=43 node=N4670 type=control0 q_typed_reliable_context=1.719811 sequence=77.488873
[plan] step=44 node=N724 type=observe q_typed_reliable_context=1.335591 sequence=78.824464
[plan] step=45 node=N7881 type=control1 q_typed_reliable_context=0.658028 sequence=79.482492
[plan] step=46 node=N7882 type=control1 q_typed_reliable_context=0.741907 sequence=80.224399
[plan] step=47 node=N7883 type=control1 q_typed_reliable_context=0.745991 sequence=80.970390
[plan] step=48 node=N7884 type=control1 q_typed_reliable_context=0.782185 sequence=81.752575
[plan] step=49 node=N4698 type=control0 q_typed_reliable_context=1.792501 sequence=83.545076
[plan] step=50 node=N4705 type=control0 q_typed_reliable_context=1.633302 sequence=85.178378
[plan] step=51 node=N3911 type=control0 q_typed_reliable_context=0.941195 sequence=86.119573
[plan] step=52 node=N3904 type=control0 q_typed_reliable_context=0.946891 sequence=87.066465
[plan] step=53 node=N4712 type=control0 q_typed_reliable_context=0.998028 sequence=88.064493
[plan] step=54 node=N3897 type=control0 q_typed_reliable_context=0.945372 sequence=89.009864
[plan] step=55 node=N3848 type=control0 q_typed_reliable_context=0.978582 sequence=89.988446
[plan] step=56 node=N3862 type=control0 q_typed_reliable_context=0.994038 sequence=90.982484
[plan] step=57 node=N3855 type=control0 q_typed_reliable_context=0.965153 sequence=91.947638
[plan] step=58 node=N3827 type=control0 q_typed_reliable_context=0.913439 sequence=92.861076
[plan] step=59 node=N3820 type=control0 q_typed_reliable_context=0.903333 sequence=93.764409
[plan] step=60 node=N3813 type=control0 q_typed_reliable_context=0.957667 sequence=94.722076
[plan] step=61 node=N3799 type=control0 q_typed_reliable_context=1.299227 sequence=96.021303
[plan] step=62 node=N3889 type=control0 q_typed_reliable_context=1.273791 sequence=97.295094
[plan] step=63 node=N3882 type=control0 q_typed_reliable_context=1.132601 sequence=98.427695
[plan] step=64 node=N5603 type=control0 q_typed_reliable_context=1.097614 sequence=99.525309
[plan] step=65 node=N7506 type=observe q_typed_reliable_context=1.884415 sequence=101.409723
[plan] step=66 node=N3805 type=control0 q_typed_reliable_context=0.925093 sequence=102.334816
[plan] step=67 node=N2083 type=observe q_typed_reliable_context=0.924276 sequence=103.259092
[plan] step=68 node=N4606 type=control0 q_typed_reliable_context=0.969964 sequence=104.229056
[plan] step=69 node=N4716 type=control0 q_typed_reliable_context=1.134693 sequence=105.363749
[plan] step=70 node=N2044 type=observe q_typed_reliable_context=1.077261 sequence=106.441010
[plan] step=71 node=N519 type=control1 q_typed_reliable_context=0.927489 sequence=107.368499
[plan] step=72 node=N2042 type=observe q_typed_reliable_context=0.947711 sequence=108.316211
[plan] step=73 node=N504 type=control1 q_typed_reliable_context=1.133271 sequence=109.449482
[plan] step=74 node=N7722 type=control0 q_typed_reliable_context=1.812909 sequence=111.262391
[plan] step=75 node=N4578 type=control0 q_typed_reliable_context=1.242353 sequence=112.504744
[plan] step=76 node=N899 type=observe q_typed_reliable_context=1.805075 sequence=114.309818
[plan] step=77 node=N513 type=control1 q_typed_reliable_context=1.309619 sequence=115.619438
[plan] step=78 node=N1539 type=control0 q_typed_reliable_context=1.255500 sequence=116.874938
[plan] step=79 node=N516 type=control1 q_typed_reliable_context=1.764366 sequence=118.639304
[plan] step=80 node=N7724 type=control0 q_typed_reliable_context=1.083153 sequence=119.722457
[plan] step=81 node=N7471 type=control0 q_typed_reliable_context=1.151709 sequence=120.874166
[plan] step=82 node=N520 type=control1 q_typed_reliable_context=1.737711 sequence=122.611877
[plan] step=83 node=N5234 type=observe q_typed_reliable_context=1.064811 sequence=123.676688
[plan] step=84 node=N7875 type=control1 q_typed_reliable_context=0.958544 sequence=124.635232
[plan] step=85 node=N4520 type=control0 q_typed_reliable_context=0.775034 sequence=125.410266
[plan] step=86 node=N7820 type=control0 q_typed_reliable_context=1.234823 sequence=126.645089
[plan] step=87 node=N555 type=control1 q_typed_reliable_context=1.583228 sequence=128.228317
[plan] step=88 node=N7885 type=control1 q_typed_reliable_context=1.579670 sequence=129.807987
[plan] step=89 node=N7886 type=control1 q_typed_reliable_context=2.093165 sequence=131.901153
[plan] step=90 node=N7887 type=control1 q_typed_reliable_context=1.757867 sequence=133.659020
[plan] step=91 node=N7888 type=control1 q_typed_reliable_context=2.706808 sequence=136.365828
[plan] step=92 node=N7889 type=control1 q_typed_reliable_context=1.040689 sequence=137.406516
[plan] step=93 node=N7890 type=control1 q_typed_reliable_context=1.057556 sequence=138.464072
[plan] step=94 node=N7891 type=control1 q_typed_reliable_context=1.195781 sequence=139.659853
[plan] step=95 node=N7723 type=control0 q_typed_reliable_context=1.135109 sequence=140.794963
[plan] step=96 node=N507 type=control1 q_typed_reliable_context=0.877255 sequence=141.672218
[plan] step=97 node=N713 type=observe q_typed_reliable_context=3.457895 sequence=145.130113
[plan] step=98 node=N3701 type=control0 q_typed_reliable_context=1.770609 sequence=146.900722
[plan] step=99 node=N7541 type=control0 q_typed_reliable_context=2.672594 sequence=149.573317
[plan] step=100 node=N3792 type=control0 q_typed_reliable_context=2.105735 sequence=151.679052
[plan] step=101 node=N7408 type=control0 q_typed_reliable_context=2.042240 sequence=153.721292
[plan] step=102 node=N3785 type=control0 q_typed_reliable_context=1.394175 sequence=155.115466
[plan] step=103 node=N7725 type=control0 q_typed_reliable_context=1.474455 sequence=156.589922
[plan] step=104 node=N510 type=control1 q_typed_reliable_context=1.636023 sequence=158.225944
[plan] step=105 node=N7846 type=control0 q_typed_reliable_context=1.169847 sequence=159.395792
[plan] step=106 node=N556 type=control1 q_typed_reliable_context=1.862655 sequence=161.258447
[plan] step=107 node=N610 type=control1 q_typed_reliable_context=1.315781 sequence=162.574227
[plan] step=108 node=N3682 type=control0 q_typed_reliable_context=2.399336 sequence=164.973564
[plan] step=109 node=N620 type=control1 q_typed_reliable_context=2.421793 sequence=167.395357
[plan] step=110 node=N4557 type=control0 q_typed_reliable_context=2.118423 sequence=169.513780
[plan] step=111 node=N614 type=control1 q_typed_reliable_context=1.760870 sequence=171.274649
[plan] step=112 node=N4585 type=control0 q_typed_reliable_context=2.021824 sequence=173.296473
[plan] step=113 node=N634 type=control1 q_typed_reliable_context=1.742605 sequence=175.039079
[plan] step=114 node=N722 type=observe q_typed_reliable_context=3.909202 sequence=178.948280
[plan] step=115 node=N4564 type=control0 q_typed_reliable_context=2.074786 sequence=181.023066
[plan] step=116 node=N638 type=control1 q_typed_reliable_context=2.202390 sequence=183.225456
[plan] step=117 node=N3903 type=control0 q_typed_reliable_context=4.809808 sequence=188.035264
[plan] step=118 node=N3896 type=control0 q_typed_reliable_context=3.475977 sequence=191.511241
[plan] step=119 node=N7852 type=control0 q_typed_reliable_context=4.056504 sequence=195.567745
[plan] step=120 node=N7370 type=control1 q_typed_reliable_context=1.341158 sequence=196.908903
[plan] step=121 node=N7872 type=control1 q_typed_reliable_context=3.935012 sequence=200.843915
[plan] step=122 node=N2580 type=control1 q_typed_reliable_context=2.372232 sequence=203.216147
[plan] step=123 node=N7853 type=control0 q_typed_reliable_context=2.359332 sequence=205.575479
[plan] step=124 node=N7847 type=control0 q_typed_reliable_context=1.650653 sequence=207.226132
[plan] step=125 node=N645 type=control1 q_typed_reliable_context=1.708034 sequence=208.934165
[plan] step=126 node=N616 type=control1 q_typed_reliable_context=2.479206 sequence=211.413371
[plan] step=127 node=N636 type=control1 q_typed_reliable_context=4.127160 sequence=215.540531
[plan] step=128 node=N7518 type=observe q_typed_reliable_context=3.184599 sequence=218.725130
[plan] step=129 node=N2040 type=observe q_typed_reliable_context=1.697224 sequence=220.422354
[plan] step=130 node=N7537 type=observe q_typed_reliable_context=1.915635 sequence=222.337989
[plan] step=131 node=N7535 type=observe q_typed_reliable_context=1.904689 sequence=224.242678
[plan] step=132 node=N7534 type=observe q_typed_reliable_context=1.820560 sequence=226.063239
[plan] step=133 node=N7532 type=observe q_typed_reliable_context=1.673819 sequence=227.737058
[plan] step=134 node=N3410 type=control1 q_typed_reliable_context=1.880392 sequence=229.617450
[plan] step=135 node=N785 type=observe q_typed_reliable_context=1.892919 sequence=231.510369
[plan] step=136 node=N7424 type=control1 q_typed_reliable_context=1.438699 sequence=232.949068
[plan] step=137 node=N1552 type=observe q_typed_reliable_context=0.791475 sequence=233.740543
[plan] step=138 node=N630 type=control1 q_typed_reliable_context=2.536834 sequence=236.277377
[plan] step=139 node=N642 type=control1 q_typed_reliable_context=4.891635 sequence=241.169012
[plan] step=140 node=N649 type=control1 q_typed_reliable_context=4.266843 sequence=245.435855
[plan] step=141 node=N3180 type=control1 q_typed_reliable_context=2.360735 sequence=247.796591
[plan] step=142 node=N5867 type=observe q_typed_reliable_context=1.829006 sequence=249.625596
[plan] step=143 node=N2157 type=observe q_typed_reliable_context=3.857587 sequence=253.483183
[plan] step=144 node=N3295 type=control1 q_typed_reliable_context=2.649629 sequence=256.132812
[plan] step=145 node=N3525 type=control1 q_typed_reliable_context=3.379072 sequence=259.511884
[plan] step=146 node=N3467 type=control1 q_typed_reliable_context=2.922457 sequence=262.434341
[plan] step=147 node=N7454 type=observe q_typed_reliable_context=2.963961 sequence=265.398302
[plan] step=148 node=N1586 type=control1 q_typed_reliable_context=2.677602 sequence=268.075904
[plan] step=149 node=N1607 type=control1 q_typed_reliable_context=2.221735 sequence=270.297639
[plan] step=150 node=N647 type=control1 q_typed_reliable_context=5.486272 sequence=275.783912
[plan] step=151 node=N2102 type=observe q_typed_reliable_context=4.076571 sequence=279.860483
[plan] step=152 node=N7402 type=observe q_typed_reliable_context=3.774618 sequence=283.635101
[plan] step=153 node=N7482 type=observe q_typed_reliable_context=4.231843 sequence=287.866944
[plan] step=154 node=N694 type=observe q_typed_reliable_context=3.996490 sequence=291.863435
[plan] step=155 node=N2652 type=control1 q_typed_reliable_context=3.664722 sequence=295.528156
[plan] step=156 node=N2721 type=control1 q_typed_reliable_context=3.355421 sequence=298.883577
[plan] step=157 node=N7442 type=control0 q_typed_reliable_context=3.975988 sequence=302.859566
[plan] step=158 node=N2894 type=control1 q_typed_reliable_context=3.429504 sequence=306.289070
[plan] step=159 node=N6674 type=observe q_typed_reliable_context=2.705995 sequence=308.995065
[plan] step=160 node=N4529 type=observe q_typed_reliable_context=1.903022 sequence=310.898088
[plan] step=161 node=N5617 type=observe q_typed_reliable_context=2.745625 sequence=313.643713
[plan] step=162 node=N7624 type=observe q_typed_reliable_context=2.222938 sequence=315.866651
[plan] step=163 node=N7465 type=observe q_typed_reliable_context=2.656694 sequence=318.523345
[plan] step=164 node=N6948 type=observe q_typed_reliable_context=2.392722 sequence=320.916068
[plan] step=165 node=N5627 type=observe q_typed_reliable_context=2.293449 sequence=323.209517
[plan] step=166 node=N2106 type=observe q_typed_reliable_context=1.430916 sequence=324.640433
[plan] step=167 node=N7473 type=control0 q_typed_reliable_context=2.593010 sequence=327.233443
[plan] step=168 node=N2149 type=observe q_typed_reliable_context=5.309584 sequence=332.543027
[plan] step=169 node=N7385 type=observe q_typed_reliable_context=4.676769 sequence=337.219795
[plan] step=170 node=N723 type=observe q_typed_reliable_context=2.006048 sequence=339.225844
[plan] step=171 node=N712 type=observe q_typed_reliable_context=3.387368 sequence=342.613211
[plan] step=172 node=N5877 type=observe q_typed_reliable_context=2.500287 sequence=345.113498
[plan] step=173 node=N7613 type=observe q_typed_reliable_context=2.388300 sequence=347.501798
[plan] step=174 node=N5740 type=observe q_typed_reliable_context=2.462557 sequence=349.964355
[plan] step=175 node=N7436 type=observe q_typed_reliable_context=4.458368 sequence=354.422723
[plan] step=176 node=N4521 type=observe q_typed_reliable_context=3.219873 sequence=357.642596
[plan] step=177 node=N6531 type=observe q_typed_reliable_context=2.424749 sequence=360.067345
[plan] step=178 node=N703 type=observe q_typed_reliable_context=4.718970 sequence=364.786316
[plan] step=179 node=N7626 type=observe q_typed_reliable_context=4.729457 sequence=369.515772
[plan] step=180 node=N5873 type=observe q_typed_reliable_context=2.419855 sequence=371.935627
[plan] step=181 node=N725 type=observe q_typed_reliable_context=5.452278 sequence=377.387905
[plan] step=182 node=N714 type=observe q_typed_reliable_context=4.700842 sequence=382.088747
[plan] step=183 node=N5356 type=observe q_typed_reliable_context=3.477910 sequence=385.566657
[plan] step=184 node=N7855 type=control0 q_typed_reliable_context=1.916134 sequence=387.482791
[plan] step=185 node=N715 type=observe q_typed_reliable_context=2.847299 sequence=390.330090
[plan] step=186 node=N7542 type=control0 q_typed_reliable_context=1.704979 sequence=392.035069
[plan] step=187 node=N2952 type=control1 q_typed_reliable_context=1.434208 sequence=393.469277
[plan] step=188 node=N2837 type=control1 q_typed_reliable_context=1.161580 sequence=394.630857
[plan] step=189 node=N3067 type=control1 q_typed_reliable_context=1.151780 sequence=395.782637
[plan] step=190 node=N8790 type=control1 q_typed_reliable_context=1.644769 sequence=397.427406
[plan] step=191 node=N8240 type=control1 q_typed_reliable_context=1.575781 sequence=399.003187
[plan] step=192 node=N3009 type=control1 q_typed_reliable_context=1.428846 sequence=400.432033
[plan] step=193 node=N8789 type=control1 q_typed_reliable_context=1.420607 sequence=401.852640
[plan] step=194 node=N8239 type=control1 q_typed_reliable_context=1.579151 sequence=403.431792
[plan] step=195 node=N7401 type=observe q_typed_reliable_context=0.755609 sequence=404.187401
[plan] step=196 node=N8607 type=control1 q_typed_reliable_context=1.344963 sequence=405.532363
[plan] step=197 node=N7453 type=observe q_typed_reliable_context=0.841038 sequence=406.373401
[plan] step=198 node=N578 type=observe q_typed_reliable_context=1.096597 sequence=407.469999
[plan] step=199 node=N2779 type=control1 q_typed_reliable_context=1.131042 sequence=408.601040
[plan] step=200 node=N6685 type=observe q_typed_reliable_context=0.681675 sequence=409.282715
[plan] step=201 node=N5473 type=observe q_typed_reliable_context=2.021582 sequence=411.304297
[plan] step=202 node=N705 type=observe q_typed_reliable_context=6.178964 sequence=417.483261
[plan] step=203 node=N2181 type=observe q_typed_reliable_context=3.712270 sequence=421.195531
[plan] step=204 node=N4505 type=observe q_typed_reliable_context=3.323177 sequence=424.518709
[plan] step=205 node=N5456 type=observe q_typed_reliable_context=5.243051 sequence=429.761760
[plan] step=206 node=N706 type=observe q_typed_reliable_context=6.503696 sequence=436.265457
[plan] step=207 node=N6573 type=observe q_typed_reliable_context=5.214536 sequence=441.479993
[plan] step=208 node=N652 type=control1 q_typed_reliable_context=3.871574 sequence=445.351567
[plan] step=209 node=N8238 type=control1 q_typed_reliable_context=6.057481 sequence=451.409049
[plan] step=210 node=N5879 type=observe q_typed_reliable_context=4.258785 sequence=455.667834
[plan] step=211 node=N5725 type=observe q_typed_reliable_context=4.700729 sequence=460.368562
[plan] step=212 node=N7439 type=observe q_typed_reliable_context=2.612645 sequence=462.981207
[plan] step=213 node=N679 type=observe q_typed_reliable_context=2.610826 sequence=465.592033
[plan] step=214 node=N5439 type=observe q_typed_reliable_context=4.387569 sequence=469.979602
[plan] step=215 node=N6581 type=observe q_typed_reliable_context=6.437337 sequence=476.416939
[plan] step=216 node=N5422 type=observe q_typed_reliable_context=5.049324 sequence=481.466262
[plan] step=217 node=N8606 type=control1 q_typed_reliable_context=5.811893 sequence=487.278156
[plan] step=218 node=N8237 type=control1 q_typed_reliable_context=5.865545 sequence=493.143700
[plan] step=219 node=N7405 type=observe q_typed_reliable_context=3.302641 sequence=496.446341
[plan] step=220 node=N4497 type=observe q_typed_reliable_context=3.701603 sequence=500.147944
[plan] step=221 node=N7550 type=observe q_typed_reliable_context=3.640850 sequence=503.788795
[plan] step=222 node=N902 type=control1 q_typed_reliable_context=6.305661 sequence=510.094455
[plan] step=223 node=N8605 type=control1 q_typed_reliable_context=5.690536 sequence=515.784991
[plan] step=224 node=N2151 type=observe q_typed_reliable_context=5.677132 sequence=521.462123
[plan] step=225 node=N5390 type=observe q_typed_reliable_context=5.821240 sequence=527.283363
[plan] step=226 node=N5334 type=observe q_typed_reliable_context=5.344901 sequence=532.628265
[plan] step=227 node=N6660 type=observe q_typed_reliable_context=5.737491 sequence=538.365755
[plan] step=228 node=N5373 type=observe q_typed_reliable_context=2.054110 sequence=540.419865
[plan] step=229 node=N1874 type=observe q_typed_reliable_context=5.835560 sequence=546.255425
[plan] step=230 node=N5202 type=observe q_typed_reliable_context=3.090911 sequence=549.346336
[plan] step=231 node=N8236 type=control1 q_typed_reliable_context=4.327164 sequence=553.673499
[plan] step=232 node=N7383 type=observe q_typed_reliable_context=2.404713 sequence=556.078212
[plan] step=233 node=N515 type=control1 q_typed_reliable_context=3.512027 sequence=559.590239
[plan] step=234 node=N4513 type=observe q_typed_reliable_context=3.665833 sequence=563.256072
[plan] step=235 node=N719 type=observe q_typed_reliable_context=6.388455 sequence=569.644527
[plan] step=236 node=N699 type=observe q_typed_reliable_context=6.179825 sequence=575.824352
[plan] step=237 node=N4460 type=control0 q_typed_reliable_context=4.507413 sequence=580.331765
[plan] step=238 node=N6682 type=observe q_typed_reliable_context=5.961862 sequence=586.293628
[plan] step=239 node=N708 type=observe q_typed_reliable_context=5.546958 sequence=591.840586
[plan] step=240 node=N734 type=observe q_typed_reliable_context=5.550476 sequence=597.391061
[plan] step=241 node=N2159 type=observe q_typed_reliable_context=6.001434 sequence=603.392495
[plan] step=242 node=N6932 type=observe q_typed_reliable_context=2.117305 sequence=605.509800
[plan] step=243 node=N7380 type=observe q_typed_reliable_context=4.555376 sequence=610.065177
[plan] step=244 node=N4421 type=control0 q_typed_reliable_context=3.585447 sequence=613.650624
[plan] step=245 node=N4489 type=observe q_typed_reliable_context=6.197183 sequence=619.847807
[plan] step=246 node=N6658 type=observe q_typed_reliable_context=6.074529 sequence=625.922336
[plan] step=247 node=N1351 type=observe q_typed_reliable_context=2.297920 sequence=628.220256
[plan] step=248 node=N765 type=observe q_typed_reliable_context=1.759221 sequence=629.979477
[plan] step=249 node=N686 type=observe q_typed_reliable_context=5.023258 sequence=635.002735
[plan] step=250 node=N729 type=observe q_typed_reliable_context=4.831654 sequence=639.834389
[plan] step=251 node=N7381 type=observe q_typed_reliable_context=4.964816 sequence=644.799204
[plan] step=252 node=N1951 type=observe q_typed_reliable_context=0.964403 sequence=645.763608
[plan] step=253 node=N684 type=observe q_typed_reliable_context=5.666492 sequence=651.430100
[plan] step=254 node=N1598 type=observe q_typed_reliable_context=4.080000 sequence=655.510100
[plan] step=255 node=N7472 type=control0 q_typed_reliable_context=5.665182 sequence=661.175282
[plan] step=256 node=N8235 type=control1 q_typed_reliable_context=6.339935 sequence=667.515216
[plan] step=257 node=N1688 type=observe q_typed_reliable_context=1.735027 sequence=669.250243
[plan] step=258 node=N4532 type=control0 q_typed_reliable_context=5.538782 sequence=674.789025
[plan] step=259 node=N541 type=observe q_typed_reliable_context=5.875973 sequence=680.664997
[plan] step=260 node=N6688 type=observe q_typed_reliable_context=5.521338 sequence=686.186335
[plan] step=261 node=N6538 type=observe q_typed_reliable_context=6.292365 sequence=692.478700
[plan] step=262 node=N8234 type=control1 q_typed_reliable_context=6.487763 sequence=698.966464
[plan] step=263 node=N6678 type=observe q_typed_reliable_context=1.272223 sequence=700.238686
[plan] step=264 node=N4537 type=observe q_typed_reliable_context=5.829889 sequence=706.068575
[plan] step=265 node=N689 type=observe q_typed_reliable_context=6.135780 sequence=712.204355
[plan] step=266 node=N898 type=observe q_typed_reliable_context=0.916815 sequence=713.121171
[plan] step=267 node=N545 type=observe q_typed_reliable_context=3.440979 sequence=716.562149
[plan] step=268 node=N2243 type=observe q_typed_reliable_context=6.513913 sequence=723.076062
[plan] step=269 node=N8783 type=control1 q_typed_reliable_context=0.867860 sequence=723.943922
[plan] step=270 node=N8233 type=control1 q_typed_reliable_context=4.743288 sequence=728.687210
[plan] step=271 node=N7433 type=observe q_typed_reliable_context=2.542782 sequence=731.229993
[plan] step=272 node=N695 type=observe q_typed_reliable_context=2.742258 sequence=733.972251
[plan] step=273 node=N7802 type=observe q_typed_reliable_context=3.458530 sequence=737.430780
[plan] step=274 node=N7463 type=observe q_typed_reliable_context=1.912542 sequence=739.343323
[plan] step=275 node=N2271 type=observe q_typed_reliable_context=6.662253 sequence=746.005576
[plan] step=276 node=N4544 type=observe q_typed_reliable_context=5.375683 sequence=751.381259
[plan] step=277 node=N696 type=observe q_typed_reliable_context=3.351062 sequence=754.732321
[plan] step=278 node=N2259 type=observe q_typed_reliable_context=5.084415 sequence=759.816736
saved=autoresearch/loop-260720-0945/model_training_round7/b15_selection/cone_long_rank/best_final_horizon/q_typed_reliable_context/alpha_0p20_weight_0p75/plans/iscas99__b15_1__greedy__cumulative__q_typed_reliable_context__bw1__d1__c64__g1p0__candhard_fault_cluster__div0p0__s0.csv
