[plan] torch_deterministic=true
[plan] candidate_allowlist=autoresearch/original-netlist-recovery-260712/exact_itc99/b15_C/exact_candidate_nodes.txt nodes=7918
[plan] latent_norm_clip_ratio=4 latent_norm_limit=30.875631
[plan] step=1 node=N677 type=control1 q_typed_residual_context=5.219128 sequence=5.219128
[plan] step=2 node=N2155 type=observe q_typed_residual_context=4.668158 sequence=9.887286
[plan] step=3 node=N502 type=control1 q_typed_residual_context=1.985443 sequence=11.872729
[plan] step=4 node=N762 type=control1 q_typed_residual_context=1.681292 sequence=13.554021
[plan] step=5 node=N3644 type=control0 q_typed_residual_context=1.218028 sequence=14.772049
[plan] step=6 node=N3756 type=control0 q_typed_residual_context=1.109533 sequence=15.881583
[plan] step=7 node=N557 type=control1 q_typed_residual_context=0.977934 sequence=16.859517
[plan] step=8 node=N5143 type=observe q_typed_residual_context=1.062146 sequence=17.921663
[plan] step=9 node=N507 type=control1 q_typed_residual_context=0.941069 sequence=18.862732
[plan] step=10 node=N3742 type=control0 q_typed_residual_context=1.154103 sequence=20.016835
[plan] step=11 node=N564 type=control1 q_typed_residual_context=2.290324 sequence=22.307159
[plan] step=12 node=N5203 type=control1 q_typed_residual_context=1.576182 sequence=23.883340
[plan] step=13 node=N5866 type=observe q_typed_residual_context=3.265034 sequence=27.148374
[plan] step=14 node=N580 type=control1 q_typed_residual_context=3.083145 sequence=30.231520
[plan] step=15 node=N737 type=control1 q_typed_residual_context=2.752461 sequence=32.983981
[plan] step=16 node=N1853 type=observe q_typed_residual_context=1.837193 sequence=34.821174
[plan] step=17 node=N2082 type=observe q_typed_residual_context=4.719300 sequence=39.540475
[plan] step=18 node=N2153 type=observe q_typed_residual_context=4.615613 sequence=44.156087
[plan] step=19 node=N2101 type=observe q_typed_residual_context=5.286066 sequence=49.442153
[plan] step=20 node=N1860 type=observe q_typed_residual_context=4.806442 sequence=54.248595
[plan] step=21 node=N1372 type=observe q_typed_residual_context=4.186365 sequence=58.434960
[plan] step=22 node=N496 type=control1 q_typed_residual_context=6.740177 sequence=65.175138
[plan] step=23 node=N5723 type=control0 q_typed_residual_context=6.108024 sequence=71.283162
[plan] step=24 node=N582 type=control1 q_typed_residual_context=5.966673 sequence=77.249835
[plan] step=25 node=N7516 type=observe q_typed_residual_context=5.703158 sequence=82.952993
[plan] step=26 node=N766 type=control1 q_typed_residual_context=6.907074 sequence=89.860067
[plan] step=27 node=N5234 type=observe q_typed_residual_context=5.503304 sequence=95.363370
[plan] step=28 node=N1437 type=control1 q_typed_residual_context=4.383210 sequence=99.746580
[plan] step=29 node=N583 type=control1 q_typed_residual_context=4.354280 sequence=104.100860
[plan] step=30 node=N7411 type=control1 q_typed_residual_context=4.385641 sequence=108.486501
[plan] step=31 node=N4635 type=control0 q_typed_residual_context=7.833281 sequence=116.319782
[plan] step=32 node=N7511 type=control1 q_typed_residual_context=2.909826 sequence=119.229608
[plan] step=33 node=N2042 type=observe q_typed_residual_context=6.136535 sequence=125.366144
[plan] step=34 node=N7413 type=control1 q_typed_residual_context=4.742650 sequence=130.108794
[plan] step=35 node=N2044 type=observe q_typed_residual_context=6.236943 sequence=136.345737
[plan] step=36 node=N2040 type=observe q_typed_residual_context=5.906220 sequence=142.251957
[plan] step=37 node=N1532 type=observe q_typed_residual_context=4.131591 sequence=146.383549
[plan] step=38 node=N4649 type=control0 q_typed_residual_context=6.368330 sequence=152.751879
[plan] step=39 node=N3701 type=control0 q_typed_residual_context=0.891526 sequence=153.643405
[plan] step=40 node=N7881 type=control1 q_typed_residual_context=1.179904 sequence=154.823309
[plan] step=41 node=N7891 type=control1 q_typed_residual_context=1.635608 sequence=156.458918
[plan] step=42 node=N7882 type=control1 q_typed_residual_context=2.033673 sequence=158.492590
[plan] step=43 node=N4585 type=control0 q_typed_residual_context=0.820288 sequence=159.312878
[plan] step=44 node=N7883 type=control1 q_typed_residual_context=0.983607 sequence=160.296485
[plan] step=45 node=N7884 type=control1 q_typed_residual_context=1.066088 sequence=161.362573
[plan] step=46 node=N7885 type=control1 q_typed_residual_context=0.956273 sequence=162.318846
[plan] step=47 node=N4656 type=control0 q_typed_residual_context=1.583863 sequence=163.902709
[plan] step=48 node=N3903 type=control0 q_typed_residual_context=0.889375 sequence=164.792084
[plan] step=49 node=N4663 type=control0 q_typed_residual_context=1.190585 sequence=165.982669
[plan] step=50 node=N713 type=observe q_typed_residual_context=1.411320 sequence=167.393989
[plan] step=51 node=N724 type=observe q_typed_residual_context=1.442938 sequence=168.836927
[plan] step=52 node=N4670 type=control0 q_typed_residual_context=1.378301 sequence=170.215228
[plan] step=53 node=N704 type=observe q_typed_residual_context=1.321477 sequence=171.536705
[plan] step=54 node=N4677 type=control0 q_typed_residual_context=1.181189 sequence=172.717894
[plan] step=55 node=N3896 type=control0 q_typed_residual_context=0.997933 sequence=173.715827
[plan] step=56 node=N4684 type=control0 q_typed_residual_context=1.204937 sequence=174.920764
[plan] step=57 node=N3889 type=control0 q_typed_residual_context=1.146222 sequence=176.066986
[plan] step=58 node=N3882 type=control0 q_typed_residual_context=1.239316 sequence=177.306301
[plan] step=59 node=N3805 type=control0 q_typed_residual_context=1.207721 sequence=178.514023
[plan] step=60 node=N4578 type=control0 q_typed_residual_context=1.199595 sequence=179.713618
[plan] step=61 node=N4606 type=control0 q_typed_residual_context=1.288106 sequence=181.001724
[plan] step=62 node=N4705 type=control0 q_typed_residual_context=1.221746 sequence=182.223469
[plan] step=63 node=N4564 type=control0 q_typed_residual_context=1.119892 sequence=183.343362
[plan] step=64 node=N4716 type=control0 q_typed_residual_context=1.045669 sequence=184.389031
[plan] step=65 node=N4712 type=control0 q_typed_residual_context=1.135094 sequence=185.524125
[plan] step=66 node=N4698 type=control0 q_typed_residual_context=1.254479 sequence=186.778604
[plan] step=67 node=N4691 type=control0 q_typed_residual_context=1.292114 sequence=188.070718
[plan] step=68 node=N722 type=observe q_typed_residual_context=2.755259 sequence=190.825977
[plan] step=69 node=N4557 type=control0 q_typed_residual_context=2.185494 sequence=193.011471
[plan] step=70 node=N7471 type=control0 q_typed_residual_context=1.780458 sequence=194.791929
[plan] step=71 node=N3722 type=control0 q_typed_residual_context=1.803232 sequence=196.595161
[plan] step=72 node=N1539 type=control0 q_typed_residual_context=2.420765 sequence=199.015925
[plan] step=73 node=N3911 type=control0 q_typed_residual_context=1.955781 sequence=200.971706
[plan] step=74 node=N7724 type=control0 q_typed_residual_context=2.658153 sequence=203.629859
[plan] step=75 node=N7854 type=control0 q_typed_residual_context=2.965269 sequence=206.595128
[plan] step=76 node=N3862 type=control0 q_typed_residual_context=1.580756 sequence=208.175884
[plan] step=77 node=N7886 type=control1 q_typed_residual_context=1.347107 sequence=209.522991
[plan] step=78 node=N7887 type=control1 q_typed_residual_context=1.985998 sequence=211.508989
[plan] step=79 node=N7888 type=control1 q_typed_residual_context=2.047679 sequence=213.556668
[plan] step=80 node=N7889 type=control1 q_typed_residual_context=2.093516 sequence=215.650183
[plan] step=81 node=N7890 type=control1 q_typed_residual_context=1.952025 sequence=217.602208
[plan] step=82 node=N3897 type=control0 q_typed_residual_context=1.873562 sequence=219.475771
[plan] step=83 node=N3904 type=control0 q_typed_residual_context=1.691899 sequence=221.167669
[plan] step=84 node=N7722 type=control0 q_typed_residual_context=2.256627 sequence=223.424297
[plan] step=85 node=N519 type=control1 q_typed_residual_context=1.655221 sequence=225.079517
[plan] step=86 node=N7370 type=control1 q_typed_residual_context=1.140215 sequence=226.219732
[plan] step=87 node=N504 type=control1 q_typed_residual_context=1.486309 sequence=227.706041
[plan] step=88 node=N516 type=control1 q_typed_residual_context=1.010964 sequence=228.717005
[plan] step=89 node=N513 type=control1 q_typed_residual_context=0.938832 sequence=229.655837
[plan] step=90 node=N3855 type=control0 q_typed_residual_context=1.631067 sequence=231.286903
[plan] step=91 node=N7543 type=control0 q_typed_residual_context=2.835638 sequence=234.122542
[plan] step=92 node=N1533 type=control1 q_typed_residual_context=1.500103 sequence=235.622645
[plan] step=93 node=N5603 type=observe q_typed_residual_context=1.838743 sequence=237.461388
[plan] step=94 node=N7721 type=control0 q_typed_residual_context=4.854101 sequence=242.315489
[plan] step=95 node=N3848 type=control0 q_typed_residual_context=1.482149 sequence=243.797638
[plan] step=96 node=N7820 type=control0 q_typed_residual_context=1.504877 sequence=245.302515
[plan] step=97 node=N7723 type=control0 q_typed_residual_context=2.431679 sequence=247.734194
[plan] step=98 node=N7725 type=control0 q_typed_residual_context=2.054768 sequence=249.788961
[plan] step=99 node=N7588 type=control1 q_typed_residual_context=1.265026 sequence=251.053987
[plan] step=100 node=N7590 type=control1 q_typed_residual_context=1.941658 sequence=252.995645
[plan] step=101 node=N3841 type=control0 q_typed_residual_context=1.921345 sequence=254.916990
[plan] step=102 node=N7846 type=control0 q_typed_residual_context=2.928806 sequence=257.845796
[plan] step=103 node=N7408 type=control0 q_typed_residual_context=2.018999 sequence=259.864795
[plan] step=104 node=N7852 type=control0 q_typed_residual_context=2.358691 sequence=262.223487
[plan] step=105 node=N7847 type=control0 q_typed_residual_context=5.426520 sequence=267.650006
[plan] step=106 node=N7853 type=control0 q_typed_residual_context=2.808519 sequence=270.458525
[plan] step=107 node=N578 type=observe q_typed_residual_context=1.954154 sequence=272.412680
[plan] step=108 node=N7541 type=control0 q_typed_residual_context=1.191254 sequence=273.603934
[plan] step=109 node=N5876 type=observe q_typed_residual_context=0.873756 sequence=274.477689
[plan] step=110 node=N634 type=control1 q_typed_residual_context=1.323585 sequence=275.801275
[plan] step=111 node=N3827 type=control0 q_typed_residual_context=1.836552 sequence=277.637826
[plan] step=112 node=N7627 type=observe q_typed_residual_context=2.142945 sequence=279.780771
[plan] step=113 node=N2157 type=observe q_typed_residual_context=3.048967 sequence=282.829738
[plan] step=114 node=N3820 type=control0 q_typed_residual_context=1.865677 sequence=284.695415
[plan] step=115 node=N7402 type=observe q_typed_residual_context=1.663651 sequence=286.359065
[plan] step=116 node=N7679 type=observe q_typed_residual_context=1.762789 sequence=288.121855
[plan] step=117 node=N3813 type=control0 q_typed_residual_context=2.245649 sequence=290.367504
[plan] step=118 node=N556 type=control1 q_typed_residual_context=2.212353 sequence=292.579857
[plan] step=119 node=N555 type=control1 q_typed_residual_context=2.043686 sequence=294.623543
[plan] step=120 node=N520 type=control1 q_typed_residual_context=2.172529 sequence=296.796072
[plan] step=121 node=N614 type=control1 q_typed_residual_context=2.288616 sequence=299.084688
[plan] step=122 node=N2083 type=observe q_typed_residual_context=1.543135 sequence=300.627824
[plan] step=123 node=N3799 type=control0 q_typed_residual_context=1.513164 sequence=302.140988
[plan] step=124 node=N5356 type=observe q_typed_residual_context=1.187554 sequence=303.328542
[plan] step=125 node=N694 type=observe q_typed_residual_context=2.506031 sequence=305.834573
[plan] step=126 node=N638 type=control1 q_typed_residual_context=1.715624 sequence=307.550198
[plan] step=127 node=N620 type=control1 q_typed_residual_context=2.647347 sequence=310.197545
[plan] step=128 node=N610 type=control1 q_typed_residual_context=4.010279 sequence=314.207824
[plan] step=129 node=N645 type=control1 q_typed_residual_context=5.293724 sequence=319.501548
[plan] step=130 node=N3792 type=control0 q_typed_residual_context=5.665301 sequence=325.166849
[plan] step=131 node=N3785 type=control0 q_typed_residual_context=2.361023 sequence=327.527873
[plan] step=132 node=N6674 type=observe q_typed_residual_context=2.208049 sequence=329.735921
[plan] step=133 node=N4520 type=control0 q_typed_residual_context=1.591960 sequence=331.327881
[plan] step=134 node=N616 type=control1 q_typed_residual_context=1.968958 sequence=333.296839
[plan] step=135 node=N2106 type=observe q_typed_residual_context=1.569364 sequence=334.866203
[plan] step=136 node=N636 type=control1 q_typed_residual_context=1.425340 sequence=336.291543
[plan] step=137 node=N7401 type=observe q_typed_residual_context=1.433428 sequence=337.724971
[plan] step=138 node=N2149 type=observe q_typed_residual_context=1.807991 sequence=339.532962
[plan] step=139 node=N3681 type=control0 q_typed_residual_context=1.482510 sequence=341.015472
[plan] step=140 node=N5878 type=observe q_typed_residual_context=1.897363 sequence=342.912835
[plan] step=141 node=N7614 type=observe q_typed_residual_context=1.345686 sequence=344.258521
[plan] step=142 node=N7421 type=control1 q_typed_residual_context=1.835091 sequence=346.093613
[plan] step=143 node=N1411 type=control0 q_typed_residual_context=1.204998 sequence=347.298611
[plan] step=144 node=N2102 type=observe q_typed_residual_context=1.023308 sequence=348.321919
[plan] step=145 node=N712 type=observe q_typed_residual_context=1.652223 sequence=349.974142
[plan] step=146 node=N7424 type=control1 q_typed_residual_context=1.216088 sequence=351.190230
[plan] step=147 node=N3295 type=control1 q_typed_residual_context=0.839864 sequence=352.030094
[plan] step=148 node=N630 type=control1 q_typed_residual_context=0.956205 sequence=352.986298
[plan] step=149 node=N642 type=control1 q_typed_residual_context=1.167629 sequence=354.153927
[plan] step=150 node=N649 type=control1 q_typed_residual_context=1.182691 sequence=355.336618
[plan] step=151 node=N5874 type=observe q_typed_residual_context=0.994236 sequence=356.330854
[plan] step=152 node=N3525 type=control1 q_typed_residual_context=0.949428 sequence=357.280282
[plan] step=153 node=N3410 type=control1 q_typed_residual_context=0.852123 sequence=358.132405
[plan] step=154 node=N7385 type=observe q_typed_residual_context=0.759804 sequence=358.892209
[plan] step=155 node=N1607 type=control1 q_typed_residual_context=1.006511 sequence=359.898720
[plan] step=156 node=N3180 type=control1 q_typed_residual_context=0.955124 sequence=360.853844
[plan] step=157 node=N647 type=control1 q_typed_residual_context=1.238880 sequence=362.092724
[plan] step=158 node=N6534 type=observe q_typed_residual_context=0.743883 sequence=362.836607
[plan] step=159 node=N1586 type=control1 q_typed_residual_context=1.468175 sequence=364.304782
[plan] step=160 node=N723 type=observe q_typed_residual_context=1.045000 sequence=365.349782
[plan] step=161 node=N714 type=observe q_typed_residual_context=1.212547 sequence=366.562330
[plan] step=162 node=N725 type=observe q_typed_residual_context=1.409921 sequence=367.972251
[plan] step=163 node=N715 type=observe q_typed_residual_context=1.579181 sequence=369.551432
[plan] step=164 node=N7436 type=observe q_typed_residual_context=1.173783 sequence=370.725215
[plan] step=165 node=N5740 type=observe q_typed_residual_context=2.395172 sequence=373.120388
[plan] step=166 node=N3467 type=control1 q_typed_residual_context=2.432260 sequence=375.552648
[plan] step=167 node=N2652 type=control1 q_typed_residual_context=1.047171 sequence=376.599818
[plan] step=168 node=N7454 type=observe q_typed_residual_context=1.316221 sequence=377.916039
[plan] step=169 node=N703 type=observe q_typed_residual_context=1.179809 sequence=379.095848
[plan] step=170 node=N2721 type=control1 q_typed_residual_context=1.138529 sequence=380.234377
[plan] step=171 node=N6678 type=observe q_typed_residual_context=0.312604 sequence=380.546981
[plan] step=172 node=N5473 type=observe q_typed_residual_context=1.502629 sequence=382.049610
[plan] step=173 node=N705 type=observe q_typed_residual_context=2.240932 sequence=384.290542
[plan] step=174 node=N2894 type=control1 q_typed_residual_context=2.163931 sequence=386.454473
[plan] step=175 node=N2952 type=control1 q_typed_residual_context=1.695616 sequence=388.150089
[plan] step=176 node=N1987 type=observe q_typed_residual_context=1.128538 sequence=389.278628
[plan] step=177 node=N2580 type=control1 q_typed_residual_context=1.181957 sequence=390.460584
[plan] step=178 node=N5422 type=observe q_typed_residual_context=1.073164 sequence=391.533749
[plan] step=179 node=N2779 type=control1 q_typed_residual_context=1.640141 sequence=393.173889
[plan] step=180 node=N706 type=observe q_typed_residual_context=1.943824 sequence=395.117713
[plan] step=181 node=N7405 type=observe q_typed_residual_context=1.736032 sequence=396.853745
[plan] step=182 node=N7414 type=control1 q_typed_residual_context=1.259542 sequence=398.113287
[plan] step=183 node=N6685 type=observe q_typed_residual_context=0.566327 sequence=398.679614
[plan] step=184 node=N679 type=observe q_typed_residual_context=6.132010 sequence=404.811624
[plan] step=185 node=N5456 type=observe q_typed_residual_context=6.993096 sequence=411.804721
[plan] step=186 node=N5439 type=observe q_typed_residual_context=6.352293 sequence=418.157014
[plan] step=187 node=N1879 type=observe q_typed_residual_context=6.202815 sequence=424.359829
[plan] step=188 node=N7873 type=control1 q_typed_residual_context=3.117658 sequence=427.477487
[plan] step=189 node=N2151 type=observe q_typed_residual_context=6.302240 sequence=433.779726
[plan] step=190 node=N7439 type=observe q_typed_residual_context=2.388485 sequence=436.168211
[plan] step=191 node=N6682 type=observe q_typed_residual_context=1.824626 sequence=437.992837
[plan] step=192 node=N5390 type=observe q_typed_residual_context=3.707178 sequence=441.700015
[plan] step=193 node=N5334 type=observe q_typed_residual_context=4.466351 sequence=446.166366
[plan] step=194 node=N5373 type=observe q_typed_residual_context=7.025738 sequence=453.192104
[plan] step=195 node=N5202 type=observe q_typed_residual_context=7.270442 sequence=460.462547
[plan] step=196 node=N7382 type=observe q_typed_residual_context=0.674993 sequence=461.137539
[plan] step=197 node=N765 type=observe q_typed_residual_context=6.449543 sequence=467.587083
[plan] step=198 node=N719 type=observe q_typed_residual_context=4.796233 sequence=472.383316
[plan] step=199 node=N699 type=observe q_typed_residual_context=7.182113 sequence=479.565429
[plan] step=200 node=N734 type=observe q_typed_residual_context=1.612914 sequence=481.178343
[plan] step=201 node=N764 type=observe q_typed_residual_context=5.958884 sequence=487.137227
[plan] step=202 node=N708 type=observe q_typed_residual_context=4.646573 sequence=491.783800
[plan] step=203 node=N7383 type=observe q_typed_residual_context=1.000761 sequence=492.784561
[plan] step=204 node=N771 type=observe q_typed_residual_context=6.128699 sequence=498.913261
[plan] step=205 node=N1351 type=observe q_typed_residual_context=5.388495 sequence=504.301755
[plan] step=206 node=N684 type=observe q_typed_residual_context=1.511758 sequence=505.813513
[plan] step=207 node=N7380 type=observe q_typed_residual_context=6.031856 sequence=511.845368
[plan] step=208 node=N686 type=observe q_typed_residual_context=5.185222 sequence=517.030591
[plan] step=209 node=N6677 type=observe q_typed_residual_context=3.152790 sequence=520.183381
[plan] step=210 node=N729 type=observe q_typed_residual_context=4.812239 sequence=524.995620
[plan] step=211 node=N689 type=observe q_typed_residual_context=1.415871 sequence=526.411491
[plan] step=212 node=N5735 type=observe q_typed_residual_context=6.265346 sequence=532.676836
[plan] step=213 node=N763 type=observe q_typed_residual_context=6.012560 sequence=538.689396
[plan] step=214 node=N2271 type=observe q_typed_residual_context=4.482712 sequence=543.172108
[plan] step=215 node=N5094 type=observe q_typed_residual_context=1.101577 sequence=544.273685
[plan] step=216 node=N7433 type=observe q_typed_residual_context=6.442745 sequence=550.716430
[plan] step=217 node=N2072 type=observe q_typed_residual_context=6.083769 sequence=556.800199
[plan] step=218 node=N2267 type=observe q_typed_residual_context=4.644000 sequence=561.444199
[plan] step=219 node=N695 type=observe q_typed_residual_context=6.052877 sequence=567.497076
[plan] step=220 node=N6581 type=observe q_typed_residual_context=6.371203 sequence=573.868279
[plan] step=221 node=N2263 type=observe q_typed_residual_context=5.350867 sequence=579.219146
[plan] step=222 node=N696 type=observe q_typed_residual_context=4.343260 sequence=583.562406
[plan] step=223 node=N2259 type=observe q_typed_residual_context=2.674533 sequence=586.236940
[plan] step=224 node=N7447 type=observe q_typed_residual_context=2.556735 sequence=588.793675
[plan] step=225 node=N697 type=observe q_typed_residual_context=5.086535 sequence=593.880210
[plan] step=226 node=N2243 type=observe q_typed_residual_context=5.650894 sequence=599.531104
[plan] step=227 node=N6660 type=observe q_typed_residual_context=3.542491 sequence=603.073594
[plan] step=228 node=N5111 type=observe q_typed_residual_context=5.684734 sequence=608.758328
[plan] step=229 node=N7443 type=observe q_typed_residual_context=4.150356 sequence=612.908684
[plan] step=230 node=N5160 type=observe q_typed_residual_context=5.296924 sequence=618.205608
[plan] step=231 node=N2251 type=observe q_typed_residual_context=4.341305 sequence=622.546913
[plan] step=232 node=N2159 type=observe q_typed_residual_context=1.520705 sequence=624.067618
[plan] step=233 node=N6656 type=observe q_typed_residual_context=1.169902 sequence=625.237520
[plan] step=234 node=N2247 type=observe q_typed_residual_context=3.092303 sequence=628.329823
[plan] step=235 node=N7444 type=observe q_typed_residual_context=4.161711 sequence=632.491534
[plan] step=236 node=N1352 type=observe q_typed_residual_context=3.422518 sequence=635.914052
[plan] step=237 node=N6658 type=observe q_typed_residual_context=5.831142 sequence=641.745195
[plan] step=238 node=N680 type=observe q_typed_residual_context=3.244965 sequence=644.990160
[plan] step=239 node=N732 type=observe q_typed_residual_context=3.779018 sequence=648.769177
[plan] step=240 node=N2216 type=observe q_typed_residual_context=3.726897 sequence=652.496075
[plan] step=241 node=N2218 type=observe q_typed_residual_context=3.688307 sequence=656.184382
[plan] step=242 node=N2255 type=observe q_typed_residual_context=3.965735 sequence=660.150117
[plan] step=243 node=N7452 type=observe q_typed_residual_context=3.328732 sequence=663.478849
[plan] step=244 node=N4900 type=observe q_typed_residual_context=6.234733 sequence=669.713581
[plan] step=245 node=N6537 type=observe q_typed_residual_context=1.737062 sequence=671.450643
[plan] step=246 node=N2185 type=observe q_typed_residual_context=4.163357 sequence=675.614000
[plan] step=247 node=N3009 type=control1 q_typed_residual_context=1.077544 sequence=676.691544
[plan] step=248 node=N8790 type=control1 q_typed_residual_context=3.818428 sequence=680.509972
[plan] step=249 node=N717 type=observe q_typed_residual_context=3.185052 sequence=683.695024
[plan] step=250 node=N8240 type=control1 q_typed_residual_context=3.087054 sequence=686.782078
[plan] step=251 node=N6680 type=observe q_typed_residual_context=0.981276 sequence=687.763354
[plan] step=252 node=N2203 type=observe q_typed_residual_context=3.776314 sequence=691.539668
[plan] step=253 node=N8789 type=control1 q_typed_residual_context=5.986005 sequence=697.525673
[plan] step=254 node=N735 type=observe q_typed_residual_context=6.005473 sequence=703.531146
[plan] step=255 node=N2205 type=observe q_typed_residual_context=5.992479 sequence=709.523625
[plan] step=256 node=N7440 type=observe q_typed_residual_context=5.821122 sequence=715.344747
[plan] step=257 node=N7542 type=control0 q_typed_residual_context=0.966870 sequence=716.311617
[plan] step=258 node=N8607 type=control1 q_typed_residual_context=5.793602 sequence=722.105219
[plan] step=259 node=N8239 type=control1 q_typed_residual_context=5.409339 sequence=727.514558
[plan] step=260 node=N3067 type=control1 q_typed_residual_context=0.494677 sequence=728.009235
[plan] step=261 node=N652 type=control1 q_typed_residual_context=6.105794 sequence=734.115029
[plan] step=262 node=N8238 type=control1 q_typed_residual_context=6.689019 sequence=740.804048
[plan] step=263 node=N8606 type=control1 q_typed_residual_context=5.016015 sequence=745.820063
[plan] step=264 node=N8237 type=control1 q_typed_residual_context=3.992395 sequence=749.812458
[plan] step=265 node=N902 type=control1 q_typed_residual_context=4.494351 sequence=754.306809
[plan] step=266 node=N1599 type=observe q_typed_residual_context=5.360590 sequence=759.667399
[plan] step=267 node=N8605 type=control1 q_typed_residual_context=4.037141 sequence=763.704539
[plan] step=268 node=N2201 type=observe q_typed_residual_context=5.940491 sequence=769.645031
[plan] step=269 node=N8236 type=control1 q_typed_residual_context=7.251453 sequence=776.896484
[plan] step=270 node=N733 type=observe q_typed_residual_context=6.594413 sequence=783.490897
[plan] step=271 node=N515 type=control1 q_typed_residual_context=7.069458 sequence=790.560354
[plan] step=272 node=N2226 type=observe q_typed_residual_context=6.610191 sequence=797.170545
[plan] step=273 node=N6562 type=observe q_typed_residual_context=6.649572 sequence=803.820117
[plan] step=274 node=N1598 type=observe q_typed_residual_context=0.317796 sequence=804.137912
[plan] step=275 node=N2212 type=observe q_typed_residual_context=4.001778 sequence=808.139691
[plan] step=276 node=N7425 type=observe q_typed_residual_context=5.870954 sequence=814.010645
[plan] step=277 node=N1348 type=observe q_typed_residual_context=6.289201 sequence=820.299845
[plan] step=278 node=N8470 type=observe q_typed_residual_context=4.773993 sequence=825.073838
saved=autoresearch/loop-260720-0945/model_training_round6_type_balanced/b15_selection/type_balanced_rank/epoch_008/q_typed_residual_context/alpha_0p10_weight_0p75/plans/iscas99__b15_1__greedy__cumulative__q_typed_residual_context__bw1__d1__c48__g1p0__candhard_fault_cluster__div0p0__s0.csv
