[plan] candidate_allowlist=autoresearch/original-netlist-recovery-260712/exact_itc99/b15_C/exact_candidate_nodes.txt nodes=7918
[plan] step=1 node=N677 type=control1 q_pred=0.712999 sequence=0.712999
[plan] step=2 node=N2155 type=observe q_pred=1.202359 sequence=1.915359
[plan] step=3 node=N762 type=control1 q_pred=0.848384 sequence=2.763743
[plan] step=4 node=N502 type=control1 q_pred=0.726559 sequence=3.490302
[plan] step=5 node=N893 type=control1 q_pred=0.741387 sequence=4.231689
[plan] step=6 node=N2082 type=observe q_pred=0.694538 sequence=4.926227
[plan] step=7 node=N2336 type=control1 q_pred=0.594361 sequence=5.520589
[plan] step=8 node=N564 type=control1 q_pred=0.578676 sequence=6.099265
[plan] step=9 node=N4520 type=control0 q_pred=0.432184 sequence=6.531448
[plan] step=10 node=N2328 type=control1 q_pred=0.329432 sequence=6.860880
[plan] step=11 node=N2314 type=control1 q_pred=0.378546 sequence=7.239426
[plan] step=12 node=N870 type=observe q_pred=0.515021 sequence=7.754447
[plan] step=13 node=N866 type=observe q_pred=0.468553 sequence=8.223000
[plan] step=14 node=N557 type=control1 q_pred=0.455839 sequence=8.678839
[plan] step=15 node=N1437 type=control1 q_pred=0.382693 sequence=9.061532
[plan] step=16 node=N704 type=observe q_pred=0.480444 sequence=9.541976
[plan] step=17 node=N724 type=observe q_pred=0.449863 sequence=9.991839
[plan] step=18 node=N1853 type=observe q_pred=0.420440 sequence=10.412279
[plan] step=19 node=N580 type=control1 q_pred=0.302071 sequence=10.714350
[plan] step=20 node=N7874 type=control1 q_pred=0.202645 sequence=10.916995
[plan] step=21 node=N7872 type=control1 q_pred=0.215697 sequence=11.132692
[plan] step=22 node=N889 type=observe q_pred=0.147450 sequence=11.280142
[plan] step=23 node=N7488 type=control1 q_pred=0.062387 sequence=11.342529
[plan] step=24 node=N1879 type=observe q_pred=0.058548 sequence=11.401078
[plan] step=25 node=N583 type=control1 q_pred=0.073350 sequence=11.474427
[plan] step=26 node=N766 type=control1 q_pred=0.069143 sequence=11.543570
[plan] step=27 node=N3644 type=control0 q_pred=0.059626 sequence=11.603196
[plan] step=28 node=N1860 type=observe q_pred=0.176625 sequence=11.779822
[plan] step=29 node=N7411 type=control1 q_pred=0.078170 sequence=11.857992
[plan] step=30 node=N865 type=observe q_pred=0.057022 sequence=11.915014
[plan] step=31 node=N496 type=control1 q_pred=0.018016 sequence=11.933030
[plan] step=32 node=N7413 type=control1 q_pred=0.033154 sequence=11.966184
[plan] step=33 node=N7421 type=control1 q_pred=0.025350 sequence=11.991534
[plan] step=34 node=N5605 type=control1 q_pred=-0.010310 sequence=11.981224
[plan] step=35 node=N7526 type=control1 q_pred=-0.012018 sequence=11.969206
[plan] step=36 node=N7878 type=control1 q_pred=-0.040094 sequence=11.929112
[plan] step=37 node=N582 type=control1 q_pred=-0.045627 sequence=11.883485
[plan] step=38 node=N7876 type=control1 q_pred=-0.066395 sequence=11.817090
[plan] step=39 node=N7890 type=control1 q_pred=-0.098435 sequence=11.718654
[plan] step=40 node=N7891 type=control1 q_pred=-0.087847 sequence=11.630807
[plan] step=41 node=N5867 type=observe q_pred=-0.090273 sequence=11.540534
[plan] step=42 node=N2044 type=observe q_pred=-0.084417 sequence=11.456117
[plan] step=43 node=N2042 type=observe q_pred=-0.100206 sequence=11.355910
[plan] step=44 node=N7880 type=control1 q_pred=-0.103004 sequence=11.252906
[plan] step=45 node=N7590 type=control1 q_pred=-0.056973 sequence=11.195934
[plan] step=46 node=N6669 type=control1 q_pred=-0.054640 sequence=11.141293
[plan] step=47 node=N519 type=control1 q_pred=0.005949 sequence=11.147243
[plan] step=48 node=N7370 type=control1 q_pred=-0.008319 sequence=11.138923
[plan] step=49 node=N7881 type=control1 q_pred=-0.065898 sequence=11.073025
[plan] step=50 node=N7882 type=control1 q_pred=-0.071243 sequence=11.001782
[plan] step=51 node=N7875 type=control1 q_pred=0.069750 sequence=11.071532
[plan] step=52 node=N504 type=control1 q_pred=-0.021885 sequence=11.049646
[plan] step=53 node=N7883 type=control1 q_pred=-0.037288 sequence=11.012359
[plan] step=54 node=N520 type=control1 q_pred=-0.005748 sequence=11.006611
[plan] step=55 node=N516 type=control1 q_pred=-0.013486 sequence=10.993124
[plan] step=56 node=N7588 type=control1 q_pred=0.022757 sequence=11.015881
[plan] step=57 node=N7884 type=control1 q_pred=0.000946 sequence=11.016828
[plan] step=58 node=N7885 type=control1 q_pred=-0.000332 sequence=11.016496
[plan] step=59 node=N7886 type=control1 q_pred=0.003099 sequence=11.019595
[plan] step=60 node=N556 type=control1 q_pred=0.017617 sequence=11.037212
[plan] step=61 node=N7887 type=control1 q_pred=0.013457 sequence=11.050669
[plan] step=62 node=N7888 type=control1 q_pred=0.013099 sequence=11.063768
[plan] step=63 node=N7889 type=control1 q_pred=0.008021 sequence=11.071789
[plan] step=64 node=N3124 type=control1 q_pred=0.009143 sequence=11.080932
[plan] step=65 node=N614 type=control1 q_pred=0.175000 sequence=11.255932
[plan] step=66 node=N634 type=control1 q_pred=0.240000 sequence=11.495932
[plan] step=67 node=N7453 type=control1 q_pred=0.091337 sequence=11.587269
[plan] step=68 node=N7871 type=control1 q_pred=0.209427 sequence=11.796696
[plan] step=69 node=N7870 type=control1 q_pred=0.080327 sequence=11.877023
[plan] step=70 node=N610 type=control1 q_pred=0.242028 sequence=12.119051
[plan] step=71 node=N507 type=control1 q_pred=0.093555 sequence=12.212606
[plan] step=72 node=N620 type=control1 q_pred=0.243152 sequence=12.455757
[plan] step=73 node=N1533 type=control1 q_pred=0.104476 sequence=12.560233
[plan] step=74 node=N638 type=control1 q_pred=0.265718 sequence=12.825951
[plan] step=75 node=N626 type=control1 q_pred=0.116775 sequence=12.942726
[plan] step=76 node=N3237 type=control1 q_pred=0.076727 sequence=13.019453
[plan] step=77 node=N7877 type=control1 q_pred=0.198430 sequence=13.217883
[plan] step=78 node=N7879 type=control1 q_pred=0.235355 sequence=13.453238
[plan] step=79 node=N513 type=control1 q_pred=0.128496 sequence=13.581733
[plan] step=80 node=N7594 type=control1 q_pred=0.193667 sequence=13.775401
[plan] step=81 node=N3352 type=control1 q_pred=0.108292 sequence=13.883692
[plan] step=82 node=N7892 type=control1 q_pred=0.273680 sequence=14.157372
[plan] step=83 node=N7856 type=control1 q_pred=0.308759 sequence=14.466131
[plan] step=84 node=N616 type=control1 q_pred=0.332189 sequence=14.798320
[plan] step=85 node=N636 type=control1 q_pred=0.348314 sequence=15.146634
[plan] step=86 node=N624 type=control1 q_pred=0.196532 sequence=15.343166
[plan] step=87 node=N645 type=control1 q_pred=0.128198 sequence=15.471364
[plan] step=88 node=N3467 type=control1 q_pred=0.106628 sequence=15.577992
[plan] step=89 node=N630 type=control1 q_pred=0.275501 sequence=15.853494
[plan] step=90 node=N642 type=control1 q_pred=0.315975 sequence=16.169469
[plan] step=91 node=N649 type=control1 q_pred=0.340589 sequence=16.510058
[plan] step=92 node=N3180 type=control1 q_pred=0.178241 sequence=16.688299
[plan] step=93 node=N3410 type=control1 q_pred=0.146147 sequence=16.834446
[plan] step=94 node=N2580 type=control1 q_pred=0.141854 sequence=16.976300
[plan] step=95 node=N647 type=control1 q_pred=0.276640 sequence=17.252940
[plan] step=96 node=N1607 type=control1 q_pred=0.176105 sequence=17.429045
[plan] step=97 node=N3295 type=control1 q_pred=0.109201 sequence=17.538245
[plan] step=98 node=N3525 type=control1 q_pred=0.103369 sequence=17.641615
[plan] step=99 node=N2054 type=observe q_pred=0.203250 sequence=17.844865
[plan] step=100 node=N2652 type=control1 q_pred=0.273068 sequence=18.117933
[plan] step=101 node=N628 type=control1 q_pred=0.288197 sequence=18.406130
[plan] step=102 node=N2721 type=control1 q_pred=0.304132 sequence=18.710262
[plan] step=103 node=N2894 type=control1 q_pred=0.334691 sequence=19.044953
[plan] step=104 node=N2952 type=control1 q_pred=0.361914 sequence=19.406868
[plan] step=105 node=N2779 type=control1 q_pred=0.381773 sequence=19.788641
[plan] step=106 node=N7414 type=control1 q_pred=0.380107 sequence=20.168749
[plan] step=107 node=N7873 type=control1 q_pred=0.479060 sequence=20.647809
[plan] step=108 node=N7500 type=control1 q_pred=0.378254 sequence=21.026064
[plan] step=109 node=N2837 type=control1 q_pred=0.334726 sequence=21.360790
[plan] step=110 node=N7589 type=control1 q_pred=0.446324 sequence=21.807114
[plan] step=111 node=N3009 type=control1 q_pred=0.363078 sequence=22.170192
[plan] step=112 node=N3067 type=control1 q_pred=0.368568 sequence=22.538760
[plan] step=113 node=N8240 type=control1 q_pred=0.308980 sequence=22.847740
[plan] step=114 node=N8790 type=control1 q_pred=0.334345 sequence=23.182085
[plan] step=115 node=N8789 type=control1 q_pred=0.288190 sequence=23.470275
[plan] step=116 node=N623 type=control1 q_pred=0.219820 sequence=23.690095
[plan] step=117 node=N652 type=control1 q_pred=0.378902 sequence=24.068997
[plan] step=118 node=N608 type=control1 q_pred=0.211457 sequence=24.280454
[plan] step=119 node=N640 type=control1 q_pred=0.157068 sequence=24.437522
[plan] step=120 node=N8241 type=control1 q_pred=0.162695 sequence=24.600217
[plan] step=121 node=N632 type=control1 q_pred=0.112456 sequence=24.712673
[plan] step=122 node=N3904 type=control0 q_pred=0.074238 sequence=24.786911
[plan] step=123 node=N4670 type=control0 q_pred=0.066159 sequence=24.853070
[plan] step=124 node=N902 type=control1 q_pred=0.055226 sequence=24.908296
[plan] step=125 node=N8239 type=control1 q_pred=0.050948 sequence=24.959244
[plan] step=126 node=N8238 type=control1 q_pred=0.077880 sequence=25.037124
[plan] step=127 node=N8237 type=control1 q_pred=0.096265 sequence=25.133389
[plan] step=128 node=N7790 type=control1 q_pred=0.101289 sequence=25.234678
[plan] step=129 node=N4635 type=control0 q_pred=0.162736 sequence=25.397413
[plan] step=130 node=N4649 type=control0 q_pred=0.174544 sequence=25.571958
[plan] step=131 node=N713 type=observe q_pred=0.255534 sequence=25.827492
[plan] step=132 node=N2101 type=observe q_pred=0.434261 sequence=26.261753
[plan] step=133 node=N5876 type=observe q_pred=0.217178 sequence=26.478932
[plan] step=134 node=N4656 type=control0 q_pred=0.167016 sequence=26.645947
[plan] step=135 node=N2153 type=observe q_pred=0.200182 sequence=26.846129
[plan] step=136 node=N4705 type=control0 q_pred=0.176104 sequence=27.022233
[plan] step=137 node=N2106 type=observe q_pred=0.200390 sequence=27.222623
[plan] step=138 node=N4698 type=control0 q_pred=0.149463 sequence=27.372086
[plan] step=139 node=N867 type=observe q_pred=0.173580 sequence=27.545666
[plan] step=140 node=N2072 type=observe q_pred=0.209764 sequence=27.755430
[plan] step=141 node=N7796 type=control1 q_pred=0.262506 sequence=28.017936
[plan] step=142 node=N7793 type=control1 q_pred=0.274375 sequence=28.292312
[plan] step=143 node=N7747 type=control1 q_pred=0.281429 sequence=28.573740
[plan] step=144 node=N7794 type=control1 q_pred=0.285500 sequence=28.859240
[plan] step=145 node=N515 type=control1 q_pred=0.397952 sequence=29.257192
[plan] step=146 node=N6736 type=control1 q_pred=0.322711 sequence=29.579903
[plan] step=147 node=N2040 type=observe q_pred=0.293279 sequence=29.873182
[plan] step=148 node=N7613 type=observe q_pred=0.307643 sequence=30.180824
[plan] step=149 node=N6730 type=control1 q_pred=0.181734 sequence=30.362559
[plan] step=150 node=N7471 type=control0 q_pred=0.174478 sequence=30.537036
[plan] step=151 node=N578 type=observe q_pred=0.102174 sequence=30.639211
[plan] step=152 node=N8607 type=control1 q_pred=0.010544 sequence=30.649755
[plan] step=153 node=N4716 type=control0 q_pred=0.111819 sequence=30.761574
[plan] step=154 node=N4677 type=control0 q_pred=0.147137 sequence=30.908711
[plan] step=155 node=N4691 type=control0 q_pred=0.154362 sequence=31.063073
[plan] step=156 node=N4684 type=control0 q_pred=0.159736 sequence=31.222810
[plan] step=157 node=N3681 type=control0 q_pred=0.161118 sequence=31.383928
[plan] step=158 node=N8606 type=control1 q_pred=0.138156 sequence=31.522084
[plan] step=159 node=N6734 type=control1 q_pred=0.150844 sequence=31.672928
[plan] step=160 node=N8605 type=control1 q_pred=0.138053 sequence=31.810981
[plan] step=161 node=N8234 type=control1 q_pred=0.142064 sequence=31.953045
[plan] step=162 node=N8783 type=control1 q_pred=0.145539 sequence=32.098584
[plan] step=163 node=N8233 type=control1 q_pred=0.152944 sequence=32.251528
[plan] step=164 node=N6743 type=control1 q_pred=0.169735 sequence=32.421263
[plan] step=165 node=N6593 type=control1 q_pred=0.211531 sequence=32.632794
[plan] step=166 node=N8236 type=control1 q_pred=0.171458 sequence=32.804252
[plan] step=167 node=N6741 type=control1 q_pred=0.179691 sequence=32.983944
[plan] step=168 node=N6594 type=control1 q_pred=0.175150 sequence=33.159093
[plan] step=169 node=N6739 type=control1 q_pred=0.166517 sequence=33.325610
[plan] step=170 node=N8235 type=control1 q_pred=0.158909 sequence=33.484519
[plan] step=171 node=N8608 type=control1 q_pred=0.163787 sequence=33.648306
[plan] step=172 node=N6729 type=control1 q_pred=0.165383 sequence=33.813689
[plan] step=173 node=N2332 type=control1 q_pred=0.176258 sequence=33.989947
[plan] step=174 node=N6728 type=control1 q_pred=0.132885 sequence=34.122832
[plan] step=175 node=N6731 type=control1 q_pred=0.121772 sequence=34.244603
[plan] step=176 node=N3855 type=control0 q_pred=0.117996 sequence=34.362599
[plan] step=177 node=N694 type=observe q_pred=0.209490 sequence=34.572089
[plan] step=178 node=N3882 type=control0 q_pred=0.130483 sequence=34.702571
[plan] step=179 node=N3889 type=control0 q_pred=0.118850 sequence=34.821421
[plan] step=180 node=N3903 type=control0 q_pred=0.114161 sequence=34.935583
[plan] step=181 node=N4606 type=control0 q_pred=0.111978 sequence=35.047561
[plan] step=182 node=N7679 type=observe q_pred=0.091057 sequence=35.138618
[plan] step=183 node=N7408 type=control0 q_pred=0.139247 sequence=35.277865
[plan] step=184 node=N5723 type=control0 q_pred=0.113150 sequence=35.391015
[plan] step=185 node=N3805 type=control0 q_pred=0.112593 sequence=35.503608
[plan] step=186 node=N5740 type=observe q_pred=0.089940 sequence=35.593548
[plan] step=187 node=N869 type=observe q_pred=0.112367 sequence=35.705915
[plan] step=188 node=N6534 type=observe q_pred=0.318821 sequence=36.024736
[plan] step=189 node=N2157 type=observe q_pred=0.388893 sequence=36.413629
[plan] step=190 node=N2102 type=observe q_pred=0.217523 sequence=36.631152
[plan] step=191 node=N5874 type=observe q_pred=0.431593 sequence=37.062744
[plan] step=192 node=N864 type=observe q_pred=0.315200 sequence=37.377944
[plan] step=193 node=N2149 type=observe q_pred=0.734146 sequence=38.112091
[plan] step=194 node=N6592 type=control1 q_pred=0.354394 sequence=38.466485
[plan] step=195 node=N6816 type=control1 q_pred=0.320563 sequence=38.787048
[plan] step=196 node=N6735 type=control1 q_pred=0.313415 sequence=39.100463
[plan] step=197 node=N6589 type=control1 q_pred=0.314715 sequence=39.415178
[plan] step=198 node=N6740 type=control1 q_pred=0.313733 sequence=39.728911
[plan] step=199 node=N6588 type=control1 q_pred=0.313865 sequence=40.042776
[plan] step=200 node=N6595 type=control1 q_pred=0.313788 sequence=40.356564
[plan] step=201 node=N6733 type=control1 q_pred=0.313510 sequence=40.670074
[plan] step=202 node=N2276 type=control1 q_pred=0.307851 sequence=40.977925
[plan] step=203 node=N2358 type=control1 q_pred=0.310162 sequence=41.288086
[plan] step=204 node=N2331 type=control1 q_pred=0.268534 sequence=41.556621
[plan] step=205 node=N7626 type=observe q_pred=0.290414 sequence=41.847034
[plan] step=206 node=N2068 type=observe q_pred=0.116830 sequence=41.963865
[plan] step=207 node=N8021 type=control0 q_pred=0.095938 sequence=42.059803
[plan] step=208 node=N8232 type=control1 q_pred=-0.073536 sequence=41.986267
[plan] step=209 node=N6148 type=control1 q_pred=0.121604 sequence=42.107870
[plan] step=210 node=N6149 type=control1 q_pred=0.162482 sequence=42.270352
[plan] step=211 node=N6147 type=control1 q_pred=0.189261 sequence=42.459612
[plan] step=212 node=N3840 type=control0 q_pred=0.190217 sequence=42.649829
[plan] step=213 node=N3756 type=control0 q_pred=0.181785 sequence=42.831615
[plan] step=214 node=N3799 type=control0 q_pred=0.176850 sequence=43.008465
[plan] step=215 node=N5620 type=control1 q_pred=0.155393 sequence=43.163858
[plan] step=216 node=N6146 type=control1 q_pred=0.179147 sequence=43.343005
[plan] step=217 node=N6145 type=control1 q_pred=0.204461 sequence=43.547466
[plan] step=218 node=N3848 type=control0 q_pred=0.196735 sequence=43.744201
[plan] step=219 node=N8782 type=control1 q_pred=0.178654 sequence=43.922855
[plan] step=220 node=N863 type=control1 q_pred=0.202816 sequence=44.125670
[plan] step=221 node=N3841 type=control0 q_pred=0.201763 sequence=44.327434
[plan] step=222 node=N725 type=observe q_pred=0.284562 sequence=44.611996
[plan] step=223 node=N6533 type=observe q_pred=0.261849 sequence=44.873845
[plan] step=224 node=N868 type=observe q_pred=0.215961 sequence=45.089806
[plan] step=225 node=N714 type=observe q_pred=0.246282 sequence=45.336088
[plan] step=226 node=N5878 type=observe q_pred=0.478790 sequence=45.814878
[plan] step=227 node=N5473 type=observe q_pred=0.396828 sequence=46.211706
[plan] step=228 node=N715 type=observe q_pred=0.204601 sequence=46.416307
[plan] step=229 node=N8781 type=control1 q_pred=0.128053 sequence=46.544360
[plan] step=230 node=N7869 type=control1 q_pred=0.168239 sequence=46.712600
[plan] step=231 node=N3862 type=control0 q_pred=0.169283 sequence=46.881883
[plan] step=232 node=N855 type=observe q_pred=0.176649 sequence=47.058532
[plan] step=233 node=N723 type=observe q_pred=0.230674 sequence=47.289206
[plan] step=234 node=N712 type=observe q_pred=0.235683 sequence=47.524890
[plan] step=235 node=N871 type=observe q_pred=0.161802 sequence=47.686692
[plan] step=236 node=N6677 type=observe q_pred=0.210195 sequence=47.896886
[plan] step=237 node=N2333 type=control1 q_pred=0.407906 sequence=48.304792
[plan] step=238 node=N722 type=observe q_pred=0.526050 sequence=48.830842
[plan] step=239 node=N705 type=observe q_pred=0.560455 sequence=49.391298
[plan] step=240 node=N5422 type=observe q_pred=0.169976 sequence=49.561274
[plan] step=241 node=N706 type=observe q_pred=0.247057 sequence=49.808331
[plan] step=242 node=N861 type=observe q_pred=0.166191 sequence=49.974522
[plan] step=243 node=N8788 type=control1 q_pred=0.103002 sequence=50.077523
[plan] step=244 node=N5439 type=observe q_pred=0.141500 sequence=50.219023
[plan] step=245 node=N514 type=control1 q_pred=0.155568 sequence=50.374591
[plan] step=246 node=N2628 type=control1 q_pred=0.138247 sequence=50.512837
[plan] step=247 node=N8791 type=control1 q_pred=0.143004 sequence=50.655841
[plan] step=248 node=N3820 type=control0 q_pred=0.152572 sequence=50.808413
[plan] step=249 node=N703 type=observe q_pred=0.229994 sequence=51.038408
[plan] step=250 node=N3911 type=control0 q_pred=0.145484 sequence=51.183892
[plan] step=251 node=N3792 type=control0 q_pred=0.130567 sequence=51.314459
[plan] step=252 node=N3813 type=control0 q_pred=0.122991 sequence=51.437450
[plan] step=253 node=N7506 type=control1 q_pred=0.095523 sequence=51.532973
[plan] step=254 node=N6742 type=control1 q_pred=0.084146 sequence=51.617119
[plan] step=255 node=N8604 type=control1 q_pred=0.073830 sequence=51.690950
[plan] step=256 node=N3827 type=control0 q_pred=0.111773 sequence=51.802723
[plan] step=257 node=N7441 type=control0 q_pred=0.124881 sequence=51.927604
[plan] step=258 node=N6598 type=control1 q_pred=0.110937 sequence=52.038541
[plan] step=259 node=N8229 type=control1 q_pred=0.103456 sequence=52.141997
[plan] step=260 node=N6416 type=control1 q_pred=0.164225 sequence=52.306222
[plan] step=261 node=N3785 type=control0 q_pred=0.170151 sequence=52.476373
[plan] step=262 node=N3722 type=control0 q_pred=0.168933 sequence=52.645306
[plan] step=263 node=N6599 type=control1 q_pred=0.133366 sequence=52.778672
[plan] step=264 node=N1858 type=control1 q_pred=0.173338 sequence=52.952010
[plan] step=265 node=N8784 type=control1 q_pred=0.148655 sequence=53.100665
[plan] step=266 node=N775 type=control1 q_pred=0.189102 sequence=53.289767
[plan] step=267 node=N4585 type=control0 q_pred=0.198346 sequence=53.488112
[plan] step=268 node=N857 type=observe q_pred=0.223786 sequence=53.711899
[plan] step=269 node=N3701 type=control0 q_pred=0.182149 sequence=53.894048
[plan] step=270 node=N4557 type=control0 q_pred=0.174618 sequence=54.068666
[plan] step=271 node=N3742 type=control0 q_pred=0.132638 sequence=54.201304
[plan] step=272 node=N4359 type=control0 q_pred=0.135943 sequence=54.337247
[plan] step=273 node=N4367 type=control0 q_pred=0.141441 sequence=54.478688
[plan] step=274 node=N4564 type=control0 q_pred=0.148571 sequence=54.627259
[plan] step=275 node=N6682 type=observe q_pred=0.291021 sequence=54.918280
[plan] step=276 node=N679 type=observe q_pred=0.349545 sequence=55.267826
[plan] step=277 node=N719 type=observe q_pred=0.364997 sequence=55.632822
[plan] step=278 node=N856 type=observe q_pred=0.262387 sequence=55.895209
saved=autoresearch/loop-260718-0223/structural_rollout_round9/b15_head_selection/h32_weak__q_pred/b15_C/plans/iscas99__b15_1__greedy__cumulative__q_pred__bw1__d1__c48__g1p0__candhard_fault_cluster__div0p0__s0.csv
