[rank-probe] epfl__random_control__i2c__i2c heuristic_recall_pool 1/96 node=N363 type=observe reused=0
[rank-probe] epfl__random_control__i2c__i2c heuristic_recall_pool 2/96 node=N330 type=control1 reused=0
[rank-probe] epfl__random_control__i2c__i2c heuristic_recall_pool 3/96 node=N330 type=control0 reused=0
[rank-probe] epfl__random_control__i2c__i2c heuristic_recall_pool 4/96 node=N362 type=observe reused=0
[rank-probe] epfl__random_control__i2c__i2c heuristic_recall_pool 5/96 node=N364 type=observe reused=0
[rank-probe] epfl__random_control__i2c__i2c heuristic_recall_pool 6/96 node=N639 type=observe reused=0
[rank-probe] epfl__random_control__i2c__i2c heuristic_recall_pool 7/96 node=N152 type=control0 reused=0
[rank-probe] epfl__random_control__i2c__i2c heuristic_recall_pool 8/96 node=N152 type=control1 reused=0
[rank-probe] epfl__random_control__i2c__i2c heuristic_recall_pool 9/96 node=N334 type=control1 reused=0
[rank-probe] epfl__random_control__i2c__i2c heuristic_recall_pool 10/96 node=N373 type=observe reused=0
[rank-probe] epfl__random_control__i2c__i2c heuristic_recall_pool 11/96 node=N638 type=observe reused=0
[rank-probe] epfl__random_control__i2c__i2c heuristic_recall_pool 12/96 node=N565 type=observe reused=0
[rank-probe] epfl__random_control__i2c__i2c heuristic_recall_pool 13/96 node=N626 type=observe reused=0
[rank-probe] epfl__random_control__i2c__i2c heuristic_recall_pool 14/96 node=N140 type=control0 reused=0
[rank-probe] epfl__random_control__i2c__i2c heuristic_recall_pool 15/96 node=N586 type=observe reused=0
[rank-probe] epfl__random_control__i2c__i2c heuristic_recall_pool 16/96 node=N140 type=control1 reused=0
[rank-probe] epfl__random_control__i2c__i2c heuristic_recall_pool 17/96 node=N635 type=observe reused=0
[rank-probe] epfl__random_control__i2c__i2c heuristic_recall_pool 18/96 node=N301 type=control1 reused=0
[rank-probe] epfl__random_control__i2c__i2c heuristic_recall_pool 19/96 node=N157 type=control0 reused=0
[rank-probe] epfl__random_control__i2c__i2c heuristic_recall_pool 20/96 node=N334 type=control0 reused=0
[rank-probe] epfl__random_control__i2c__i2c heuristic_recall_pool 21/96 node=N157 type=control1 reused=0
[rank-probe] epfl__random_control__i2c__i2c heuristic_recall_pool 22/96 node=N588 type=observe reused=0
[rank-probe] epfl__random_control__i2c__i2c heuristic_recall_pool 23/96 node=N301 type=control0 reused=0
[rank-probe] epfl__random_control__i2c__i2c heuristic_recall_pool 24/96 node=N641 type=observe reused=0
[rank-probe] epfl__random_control__i2c__i2c heuristic_recall_pool 25/96 node=N534 type=control1 reused=0
[rank-probe] epfl__random_control__i2c__i2c heuristic_recall_pool 26/96 node=N2429 type=control0 reused=0
[rank-probe] epfl__random_control__i2c__i2c heuristic_recall_pool 27/96 node=N2461 type=control0 reused=0
[rank-probe] epfl__random_control__i2c__i2c heuristic_recall_pool 28/96 node=N550 type=observe reused=0
[rank-probe] epfl__random_control__i2c__i2c heuristic_recall_pool 29/96 node=N2429 type=control1 reused=0
[rank-probe] epfl__random_control__i2c__i2c heuristic_recall_pool 30/96 node=N2461 type=control1 reused=0
[rank-probe] epfl__random_control__i2c__i2c heuristic_recall_pool 31/96 node=N338 type=control1 reused=0
[rank-probe] epfl__random_control__i2c__i2c heuristic_recall_pool 32/96 node=N552 type=observe reused=0
[rank-probe] epfl__random_control__i2c__i2c heuristic_recall_pool 33/96 node=N406 type=observe reused=0
[rank-probe] epfl__random_control__i2c__i2c heuristic_recall_pool 34/96 node=N634 type=observe reused=0
[rank-probe] epfl__random_control__i2c__i2c heuristic_recall_pool 35/96 node=N338 type=control0 reused=0
[rank-probe] epfl__random_control__i2c__i2c heuristic_recall_pool 36/96 node=N558 type=observe reused=0
[rank-probe] epfl__random_control__i2c__i2c heuristic_recall_pool 37/96 node=N640 type=observe reused=0
[rank-probe] epfl__random_control__i2c__i2c heuristic_recall_pool 38/96 node=N557 type=observe reused=0
[rank-probe] epfl__random_control__i2c__i2c heuristic_recall_pool 39/96 node=N548 type=observe reused=0
[rank-probe] epfl__random_control__i2c__i2c heuristic_recall_pool 40/96 node=N625 type=observe reused=0
[rank-probe] epfl__random_control__i2c__i2c heuristic_recall_pool 41/96 node=N520 type=control1 reused=0
[rank-probe] epfl__random_control__i2c__i2c heuristic_recall_pool 42/96 node=N146 type=control0 reused=0
[rank-probe] epfl__random_control__i2c__i2c heuristic_recall_pool 43/96 node=N1038 type=observe reused=0
[rank-probe] epfl__random_control__i2c__i2c heuristic_recall_pool 44/96 node=N545 type=observe reused=0
[rank-probe] epfl__random_control__i2c__i2c heuristic_recall_pool 45/96 node=N606 type=observe reused=0
[rank-probe] epfl__random_control__i2c__i2c heuristic_recall_pool 46/96 node=N3021 type=observe reused=0
[rank-probe] epfl__random_control__i2c__i2c heuristic_recall_pool 47/96 node=N3020 type=observe reused=0
[rank-probe] epfl__random_control__i2c__i2c heuristic_recall_pool 48/96 node=N146 type=control1 reused=0
[rank-probe] epfl__random_control__i2c__i2c heuristic_recall_pool 49/96 node=N282 type=observe reused=0
[rank-probe] epfl__random_control__i2c__i2c heuristic_recall_pool 50/96 node=N486 type=observe reused=0
[rank-probe] epfl__random_control__i2c__i2c heuristic_recall_pool 51/96 node=N498 type=observe reused=0
[rank-probe] epfl__random_control__i2c__i2c heuristic_recall_pool 52/96 node=N1946 type=observe reused=0
[rank-probe] epfl__random_control__i2c__i2c heuristic_recall_pool 53/96 node=N1950 type=observe reused=0
[rank-probe] epfl__random_control__i2c__i2c heuristic_recall_pool 54/96 node=N499 type=observe reused=0
[rank-probe] epfl__random_control__i2c__i2c heuristic_recall_pool 55/96 node=N287 type=observe reused=0
[rank-probe] epfl__random_control__i2c__i2c heuristic_recall_pool 56/96 node=N332 type=observe reused=0
[rank-probe] epfl__random_control__i2c__i2c heuristic_recall_pool 57/96 node=N285 type=observe reused=0
[rank-probe] epfl__random_control__i2c__i2c heuristic_recall_pool 58/96 node=N1942 type=observe reused=0
[rank-probe] epfl__random_control__i2c__i2c heuristic_recall_pool 59/96 node=N1953 type=observe reused=0
[rank-probe] epfl__random_control__i2c__i2c heuristic_recall_pool 60/96 node=N476 type=observe reused=0
[rank-probe] epfl__random_control__i2c__i2c heuristic_recall_pool 61/96 node=N289 type=observe reused=0
[rank-probe] epfl__random_control__i2c__i2c heuristic_recall_pool 62/96 node=N655 type=observe reused=0
[rank-probe] epfl__random_control__i2c__i2c heuristic_recall_pool 63/96 node=N288 type=observe reused=0
[rank-probe] epfl__random_control__i2c__i2c heuristic_recall_pool 64/96 node=N274 type=observe reused=0
[rank-probe] epfl__random_control__i2c__i2c heuristic_recall_pool 65/96 node=N2087 type=observe reused=0
[rank-probe] epfl__random_control__i2c__i2c heuristic_recall_pool 66/96 node=N688 type=observe reused=0
[rank-probe] epfl__random_control__i2c__i2c heuristic_recall_pool 67/96 node=N283 type=observe reused=0
[rank-probe] epfl__random_control__i2c__i2c heuristic_recall_pool 68/96 node=N488 type=observe reused=0
[rank-probe] epfl__random_control__i2c__i2c heuristic_recall_pool 69/96 node=N579 type=control0 reused=0
[rank-probe] epfl__random_control__i2c__i2c heuristic_recall_pool 70/96 node=N494 type=control0 reused=0
[rank-probe] epfl__random_control__i2c__i2c heuristic_recall_pool 71/96 node=N640 type=control0 reused=0
[rank-probe] epfl__random_control__i2c__i2c heuristic_recall_pool 72/96 node=N502 type=control0 reused=0
[rank-probe] epfl__random_control__i2c__i2c heuristic_recall_pool 73/96 node=N478 type=control1 reused=0
[rank-probe] epfl__random_control__i2c__i2c heuristic_recall_pool 74/96 node=N492 type=control1 reused=0
[rank-probe] epfl__random_control__i2c__i2c heuristic_recall_pool 75/96 node=N480 type=control0 reused=0
[rank-probe] epfl__random_control__i2c__i2c heuristic_recall_pool 76/96 node=N559 type=control0 reused=0
[rank-probe] epfl__random_control__i2c__i2c heuristic_recall_pool 77/96 node=N567 type=control0 reused=0
[rank-probe] epfl__random_control__i2c__i2c heuristic_recall_pool 78/96 node=N514 type=control0 reused=0
[rank-probe] epfl__random_control__i2c__i2c heuristic_recall_pool 79/96 node=N649 type=control0 reused=0
[rank-probe] epfl__random_control__i2c__i2c heuristic_recall_pool 80/96 node=N587 type=control0 reused=0
[rank-probe] epfl__random_control__i2c__i2c heuristic_recall_pool 81/96 node=N694 type=control0 reused=0
[rank-probe] epfl__random_control__i2c__i2c heuristic_recall_pool 82/96 node=N322 type=control0 reused=0
[rank-probe] epfl__random_control__i2c__i2c heuristic_recall_pool 83/96 node=N312 type=control0 reused=0
[rank-probe] epfl__random_control__i2c__i2c heuristic_recall_pool 84/96 node=N610 type=control0 reused=0
[rank-probe] epfl__random_control__i2c__i2c heuristic_recall_pool 85/96 node=N1258 type=control0 reused=0
[rank-probe] epfl__random_control__i2c__i2c heuristic_recall_pool 86/96 node=N658 type=control0 reused=0
[rank-probe] epfl__random_control__i2c__i2c heuristic_recall_pool 87/96 node=N1243 type=control1 reused=0
[rank-probe] epfl__random_control__i2c__i2c heuristic_recall_pool 88/96 node=N681 type=control0 reused=0
[rank-probe] epfl__random_control__i2c__i2c heuristic_recall_pool 89/96 node=N1145 type=control0 reused=0
[rank-probe] epfl__random_control__i2c__i2c heuristic_recall_pool 90/96 node=N277 type=observe reused=0
[rank-probe] epfl__random_control__i2c__i2c heuristic_recall_pool 91/96 node=N551 type=control0 reused=0
[rank-probe] epfl__random_control__i2c__i2c heuristic_recall_pool 92/96 node=N725 type=control1 reused=0
[rank-probe] epfl__random_control__i2c__i2c heuristic_recall_pool 93/96 node=N279 type=observe reused=0
[rank-probe] epfl__random_control__i2c__i2c heuristic_recall_pool 94/96 node=N528 type=control0 reused=0
[rank-probe] epfl__random_control__i2c__i2c heuristic_recall_pool 95/96 node=N1179 type=control1 reused=0
[rank-probe] epfl__random_control__i2c__i2c heuristic_recall_pool 96/96 node=N276 type=observe reused=0
{
  "activation_priors": null,
  "backend": "atalanta-bist",
  "benchmarks": [
    "epfl__random_control__i2c__i2c"
  ],
  "candidate_strategies": [
    "heuristic_recall_pool"
  ],
  "checkpoint": "runs/rollout_loss_A_reward_only/epoch_009.pt",
  "generated_at": "2026-07-03T14:29:21",
  "max_candidates": 96,
  "oracle_top_m": 5,
  "outputs": {
    "oracle_actions": "autoresearch/exact-rank-table2-hybrid-k96-realfault-300k-260703-142737/epfl__random_control__i2c__i2c/oracle_actions.tsv",
    "oracle_groups": "autoresearch/exact-rank-table2-hybrid-k96-realfault-300k-260703-142737/epfl__random_control__i2c__i2c/oracle_groups.tsv",
    "prediction_metrics": "autoresearch/exact-rank-table2-hybrid-k96-realfault-300k-260703-142737/epfl__random_control__i2c__i2c/prediction_metrics.tsv",
    "rank_metrics": "autoresearch/exact-rank-table2-hybrid-k96-realfault-300k-260703-142737/epfl__random_control__i2c__i2c/rank_metrics.tsv",
    "reward_accuracy": "autoresearch/exact-rank-table2-hybrid-k96-realfault-300k-260703-142737/epfl__random_control__i2c__i2c/reward_accuracy.tsv",
    "state_summary": "autoresearch/exact-rank-table2-hybrid-k96-realfault-300k-260703-142737/epfl__random_control__i2c__i2c/state_summary.tsv"
  },
  "patterns": 300000,
  "real_fault_priors": "autoresearch/eval8-real-priors-budget5-v1/real_fault_priors.csv",
  "records": {
    "evaluated_oracle_actions": 96,
    "oracle_actions": 96,
    "oracle_groups": 1,
    "prediction_metrics": 1,
    "rank_metrics": 6,
    "reused_oracle_actions": 0,
    "state_summary": 1
  },
  "reward_accuracy": null,
  "score_fields": [
    "reward_pred"
  ],
  "script": "scripts/measure_world_model_precision.py",
  "top_ks": [
    1,
    8,
    16,
    32,
    48,
    96
  ]
}
