[rank-probe] iscas99__b20 heuristic_recall_pool 1/96 node=N826 type=observe reused=0
[rank-probe] iscas99__b20 heuristic_recall_pool 2/96 node=N1248 type=control0 reused=0
[rank-probe] iscas99__b20 heuristic_recall_pool 3/96 node=N1248 type=control1 reused=0
[rank-probe] iscas99__b20 heuristic_recall_pool 4/96 node=N41471 type=observe reused=0
[rank-probe] iscas99__b20 heuristic_recall_pool 5/96 node=N20903 type=observe reused=0
[rank-probe] iscas99__b20 heuristic_recall_pool 6/96 node=N41472 type=observe reused=0
[rank-probe] iscas99__b20 heuristic_recall_pool 7/96 node=N41470 type=observe reused=0
[rank-probe] iscas99__b20 heuristic_recall_pool 8/96 node=N23524 type=observe reused=0
[rank-probe] iscas99__b20 heuristic_recall_pool 9/96 node=N20911 type=observe reused=0
[rank-probe] iscas99__b20 heuristic_recall_pool 10/96 node=N20904 type=observe reused=0
[rank-probe] iscas99__b20 heuristic_recall_pool 11/96 node=N1670 type=observe reused=0
[rank-probe] iscas99__b20 heuristic_recall_pool 12/96 node=N24373 type=observe reused=0
[rank-probe] iscas99__b20 heuristic_recall_pool 13/96 node=N857 type=observe reused=0
[rank-probe] iscas99__b20 heuristic_recall_pool 14/96 node=N23532 type=control0 reused=0
[rank-probe] iscas99__b20 heuristic_recall_pool 15/96 node=N23532 type=control1 reused=0
[rank-probe] iscas99__b20 heuristic_recall_pool 16/96 node=N1240 type=observe reused=0
[rank-probe] iscas99__b20 heuristic_recall_pool 17/96 node=N3302 type=control0 reused=0
[rank-probe] iscas99__b20 heuristic_recall_pool 18/96 node=N3302 type=control1 reused=0
[rank-probe] iscas99__b20 heuristic_recall_pool 19/96 node=N1435 type=observe reused=0
[rank-probe] iscas99__b20 heuristic_recall_pool 20/96 node=N1440 type=observe reused=0
[rank-probe] iscas99__b20 heuristic_recall_pool 21/96 node=N20910 type=observe reused=0
[rank-probe] iscas99__b20 heuristic_recall_pool 22/96 node=N1763 type=control1 reused=0
[rank-probe] iscas99__b20 heuristic_recall_pool 23/96 node=N2533 type=observe reused=0
[rank-probe] iscas99__b20 heuristic_recall_pool 24/96 node=N12535 type=observe reused=0
[rank-probe] iscas99__b20 heuristic_recall_pool 25/96 node=N20905 type=observe reused=0
[rank-probe] iscas99__b20 heuristic_recall_pool 26/96 node=N42224 type=observe reused=0
[rank-probe] iscas99__b20 heuristic_recall_pool 27/96 node=N42225 type=observe reused=0
[rank-probe] iscas99__b20 heuristic_recall_pool 28/96 node=N1761 type=observe reused=0
[rank-probe] iscas99__b20 heuristic_recall_pool 29/96 node=N1763 type=control0 reused=0
[rank-probe] iscas99__b20 heuristic_recall_pool 30/96 node=N12531 type=observe reused=0
[rank-probe] iscas99__b20 heuristic_recall_pool 31/96 node=N44361 type=observe reused=0
[rank-probe] iscas99__b20 heuristic_recall_pool 32/96 node=N3486 type=control0 reused=0
[rank-probe] iscas99__b20 heuristic_recall_pool 33/96 node=N31921 type=observe reused=0
[rank-probe] iscas99__b20 heuristic_recall_pool 34/96 node=N44358 type=observe reused=0
[rank-probe] iscas99__b20 heuristic_recall_pool 35/96 node=N44362 type=observe reused=0
[rank-probe] iscas99__b20 heuristic_recall_pool 36/96 node=N44363 type=observe reused=0
[rank-probe] iscas99__b20 heuristic_recall_pool 37/96 node=N44365 type=observe reused=0
[rank-probe] iscas99__b20 heuristic_recall_pool 38/96 node=N44367 type=observe reused=0
[rank-probe] iscas99__b20 heuristic_recall_pool 39/96 node=N44370 type=observe reused=0
[rank-probe] iscas99__b20 heuristic_recall_pool 40/96 node=N44373 type=observe reused=0
[rank-probe] iscas99__b20 heuristic_recall_pool 41/96 node=N44374 type=observe reused=0
[rank-probe] iscas99__b20 heuristic_recall_pool 42/96 node=N44375 type=observe reused=0
[rank-probe] iscas99__b20 heuristic_recall_pool 43/96 node=N44377 type=observe reused=0
[rank-probe] iscas99__b20 heuristic_recall_pool 44/96 node=N44380 type=observe reused=0
[rank-probe] iscas99__b20 heuristic_recall_pool 45/96 node=N44382 type=observe reused=0
[rank-probe] iscas99__b20 heuristic_recall_pool 46/96 node=N44384 type=observe reused=0
[rank-probe] iscas99__b20 heuristic_recall_pool 47/96 node=N44386 type=observe reused=0
[rank-probe] iscas99__b20 heuristic_recall_pool 48/96 node=N44388 type=observe reused=0
[rank-probe] iscas99__b20 heuristic_recall_pool 49/96 node=N26030 type=observe reused=0
[rank-probe] iscas99__b20 heuristic_recall_pool 50/96 node=N22862 type=observe reused=0
[rank-probe] iscas99__b20 heuristic_recall_pool 51/96 node=N22763 type=observe reused=0
[rank-probe] iscas99__b20 heuristic_recall_pool 52/96 node=N22868 type=observe reused=0
[rank-probe] iscas99__b20 heuristic_recall_pool 53/96 node=N31804 type=observe reused=0
[rank-probe] iscas99__b20 heuristic_recall_pool 54/96 node=N33373 type=observe reused=0
[rank-probe] iscas99__b20 heuristic_recall_pool 55/96 node=N22525 type=observe reused=0
[rank-probe] iscas99__b20 heuristic_recall_pool 56/96 node=N33386 type=observe reused=0
[rank-probe] iscas99__b20 heuristic_recall_pool 57/96 node=N22523 type=observe reused=0
[rank-probe] iscas99__b20 heuristic_recall_pool 58/96 node=N31818 type=observe reused=0
[rank-probe] iscas99__b20 heuristic_recall_pool 59/96 node=N31900 type=observe reused=0
[rank-probe] iscas99__b20 heuristic_recall_pool 60/96 node=N33387 type=observe reused=0
[rank-probe] iscas99__b20 heuristic_recall_pool 61/96 node=N22582 type=observe reused=0
[rank-probe] iscas99__b20 heuristic_recall_pool 62/96 node=N22765 type=observe reused=0
[rank-probe] iscas99__b20 heuristic_recall_pool 63/96 node=N31822 type=observe reused=0
[rank-probe] iscas99__b20 heuristic_recall_pool 64/96 node=N30822 type=observe reused=0
[rank-probe] iscas99__b20 heuristic_recall_pool 65/96 node=N30846 type=observe reused=0
[rank-probe] iscas99__b20 heuristic_recall_pool 66/96 node=N22488 type=observe reused=0
[rank-probe] iscas99__b20 heuristic_recall_pool 67/96 node=N31839 type=observe reused=0
[rank-probe] iscas99__b20 heuristic_recall_pool 68/96 node=N11008 type=observe reused=0
[rank-probe] iscas99__b20 heuristic_recall_pool 69/96 node=N16706 type=observe reused=0
[rank-probe] iscas99__b20 heuristic_recall_pool 70/96 node=N9057 type=observe reused=0
[rank-probe] iscas99__b20 heuristic_recall_pool 71/96 node=N12932 type=observe reused=0
[rank-probe] iscas99__b20 heuristic_recall_pool 72/96 node=N13432 type=observe reused=0
[rank-probe] iscas99__b20 heuristic_recall_pool 73/96 node=N19994 type=observe reused=0
[rank-probe] iscas99__b20 heuristic_recall_pool 74/96 node=N17085 type=observe reused=0
[rank-probe] iscas99__b20 heuristic_recall_pool 75/96 node=N17588 type=observe reused=0
[rank-probe] iscas99__b20 heuristic_recall_pool 76/96 node=N18089 type=observe reused=0
[rank-probe] iscas99__b20 heuristic_recall_pool 77/96 node=N16705 type=observe reused=0
[rank-probe] iscas99__b20 heuristic_recall_pool 78/96 node=N13932 type=observe reused=0
[rank-probe] iscas99__b20 heuristic_recall_pool 79/96 node=N5049 type=observe reused=0
[rank-probe] iscas99__b20 heuristic_recall_pool 80/96 node=N1911 type=observe reused=0
[rank-probe] iscas99__b20 heuristic_recall_pool 81/96 node=N12251 type=observe reused=0
[rank-probe] iscas99__b20 heuristic_recall_pool 82/96 node=N20905 type=control1 reused=0
[rank-probe] iscas99__b20 heuristic_recall_pool 83/96 node=N21784 type=control1 reused=0
[rank-probe] iscas99__b20 heuristic_recall_pool 84/96 node=N20903 type=control1 reused=0
[rank-probe] iscas99__b20 heuristic_recall_pool 85/96 node=N20904 type=control1 reused=0
[rank-probe] iscas99__b20 heuristic_recall_pool 86/96 node=N21782 type=control1 reused=0
[rank-probe] iscas99__b20 heuristic_recall_pool 87/96 node=N21783 type=control1 reused=0
[rank-probe] iscas99__b20 heuristic_recall_pool 88/96 node=N8651 type=control0 reused=0
[rank-probe] iscas99__b20 heuristic_recall_pool 89/96 node=N8652 type=control0 reused=0
[rank-probe] iscas99__b20 heuristic_recall_pool 90/96 node=N8653 type=control0 reused=0
[rank-probe] iscas99__b20 heuristic_recall_pool 91/96 node=N8674 type=control0 reused=0
[rank-probe] iscas99__b20 heuristic_recall_pool 92/96 node=N8748 type=control0 reused=0
[rank-probe] iscas99__b20 heuristic_recall_pool 93/96 node=N8750 type=control0 reused=0
[rank-probe] iscas99__b20 heuristic_recall_pool 94/96 node=N8752 type=control0 reused=0
[rank-probe] iscas99__b20 heuristic_recall_pool 95/96 node=N8754 type=control0 reused=0
[rank-probe] iscas99__b20 heuristic_recall_pool 96/96 node=N3980 type=control0 reused=0
{
  "activation_priors": null,
  "backend": "atalanta-bist",
  "benchmarks": [
    "iscas99__b20"
  ],
  "candidate_strategies": [
    "heuristic_recall_pool"
  ],
  "checkpoint": "runs/rollout_loss_A_reward_only/epoch_009.pt",
  "generated_at": "2026-07-03T14:53:03",
  "max_candidates": 96,
  "oracle_top_m": 5,
  "outputs": {
    "oracle_actions": "autoresearch/exact-rank-table2-hybrid-k96-realfault-300k-260703-142737/iscas99__b20/oracle_actions.tsv",
    "oracle_groups": "autoresearch/exact-rank-table2-hybrid-k96-realfault-300k-260703-142737/iscas99__b20/oracle_groups.tsv",
    "prediction_metrics": "autoresearch/exact-rank-table2-hybrid-k96-realfault-300k-260703-142737/iscas99__b20/prediction_metrics.tsv",
    "rank_metrics": "autoresearch/exact-rank-table2-hybrid-k96-realfault-300k-260703-142737/iscas99__b20/rank_metrics.tsv",
    "reward_accuracy": "autoresearch/exact-rank-table2-hybrid-k96-realfault-300k-260703-142737/iscas99__b20/reward_accuracy.tsv",
    "state_summary": "autoresearch/exact-rank-table2-hybrid-k96-realfault-300k-260703-142737/iscas99__b20/state_summary.tsv"
  },
  "patterns": 300000,
  "real_fault_priors": "autoresearch/eval8-real-priors-budget5-v1/real_fault_priors.csv",
  "records": {
    "evaluated_oracle_actions": 96,
    "oracle_actions": 96,
    "oracle_groups": 1,
    "prediction_metrics": 1,
    "rank_metrics": 6,
    "reused_oracle_actions": 0,
    "state_summary": 1
  },
  "reward_accuracy": null,
  "score_fields": [
    "reward_pred"
  ],
  "script": "scripts/measure_world_model_precision.py",
  "top_ks": [
    1,
    8,
    16,
    32,
    48,
    96
  ]
}
