[rank-probe] iscas99__b17 heuristic_recall_pool 1/96 node=N33257 type=observe reused=0
[rank-probe] iscas99__b17 heuristic_recall_pool 2/96 node=N33256 type=observe reused=0
[rank-probe] iscas99__b17 heuristic_recall_pool 3/96 node=N33258 type=observe reused=0
[rank-probe] iscas99__b17 heuristic_recall_pool 4/96 node=N3778 type=observe reused=0
[rank-probe] iscas99__b17 heuristic_recall_pool 5/96 node=N2891 type=observe reused=0
[rank-probe] iscas99__b17 heuristic_recall_pool 6/96 node=N1985 type=observe reused=0
[rank-probe] iscas99__b17 heuristic_recall_pool 7/96 node=N1984 type=observe reused=0
[rank-probe] iscas99__b17 heuristic_recall_pool 8/96 node=N75321 type=observe reused=0
[rank-probe] iscas99__b17 heuristic_recall_pool 9/96 node=N75323 type=observe reused=0
[rank-probe] iscas99__b17 heuristic_recall_pool 10/96 node=N75322 type=observe reused=0
[rank-probe] iscas99__b17 heuristic_recall_pool 11/96 node=N43091 type=observe reused=0
[rank-probe] iscas99__b17 heuristic_recall_pool 12/96 node=N75324 type=observe reused=0
[rank-probe] iscas99__b17 heuristic_recall_pool 13/96 node=N75320 type=observe reused=0
[rank-probe] iscas99__b17 heuristic_recall_pool 14/96 node=N43101 type=observe reused=0
[rank-probe] iscas99__b17 heuristic_recall_pool 15/96 node=N43090 type=observe reused=0
[rank-probe] iscas99__b17 heuristic_recall_pool 16/96 node=N32401 type=observe reused=0
[rank-probe] iscas99__b17 heuristic_recall_pool 17/96 node=N43102 type=observe reused=0
[rank-probe] iscas99__b17 heuristic_recall_pool 18/96 node=N43100 type=observe reused=0
[rank-probe] iscas99__b17 heuristic_recall_pool 19/96 node=N9778 type=control0 reused=0
[rank-probe] iscas99__b17 heuristic_recall_pool 20/96 node=N43104 type=observe reused=0
[rank-probe] iscas99__b17 heuristic_recall_pool 21/96 node=N3338 type=observe reused=0
[rank-probe] iscas99__b17 heuristic_recall_pool 22/96 node=N71674 type=observe reused=0
[rank-probe] iscas99__b17 heuristic_recall_pool 23/96 node=N71676 type=observe reused=0
[rank-probe] iscas99__b17 heuristic_recall_pool 24/96 node=N71675 type=observe reused=0
[rank-probe] iscas99__b17 heuristic_recall_pool 25/96 node=N71677 type=observe reused=0
[rank-probe] iscas99__b17 heuristic_recall_pool 26/96 node=N71642 type=observe reused=0
[rank-probe] iscas99__b17 heuristic_recall_pool 27/96 node=N71643 type=observe reused=0
[rank-probe] iscas99__b17 heuristic_recall_pool 28/96 node=N71644 type=observe reused=0
[rank-probe] iscas99__b17 heuristic_recall_pool 29/96 node=N71645 type=observe reused=0
[rank-probe] iscas99__b17 heuristic_recall_pool 30/96 node=N71678 type=observe reused=0
[rank-probe] iscas99__b17 heuristic_recall_pool 31/96 node=N71672 type=observe reused=0
[rank-probe] iscas99__b17 heuristic_recall_pool 32/96 node=N71640 type=observe reused=0
[rank-probe] iscas99__b17 heuristic_recall_pool 33/96 node=N71646 type=observe reused=0
[rank-probe] iscas99__b17 heuristic_recall_pool 34/96 node=N71673 type=observe reused=0
[rank-probe] iscas99__b17 heuristic_recall_pool 35/96 node=N71641 type=observe reused=0
[rank-probe] iscas99__b17 heuristic_recall_pool 36/96 node=N71671 type=observe reused=0
[rank-probe] iscas99__b17 heuristic_recall_pool 37/96 node=N71639 type=observe reused=0
[rank-probe] iscas99__b17 heuristic_recall_pool 38/96 node=N71682 type=observe reused=0
[rank-probe] iscas99__b17 heuristic_recall_pool 39/96 node=N71698 type=observe reused=0
[rank-probe] iscas99__b17 heuristic_recall_pool 40/96 node=N71689 type=observe reused=0
[rank-probe] iscas99__b17 heuristic_recall_pool 41/96 node=N71695 type=observe reused=0
[rank-probe] iscas99__b17 heuristic_recall_pool 42/96 node=N71680 type=observe reused=0
[rank-probe] iscas99__b17 heuristic_recall_pool 43/96 node=N71690 type=observe reused=0
[rank-probe] iscas99__b17 heuristic_recall_pool 44/96 node=N71696 type=observe reused=0
[rank-probe] iscas99__b17 heuristic_recall_pool 45/96 node=N71683 type=observe reused=0
[rank-probe] iscas99__b17 heuristic_recall_pool 46/96 node=N71685 type=observe reused=0
[rank-probe] iscas99__b17 heuristic_recall_pool 47/96 node=N71687 type=observe reused=0
[rank-probe] iscas99__b17 heuristic_recall_pool 48/96 node=N71691 type=observe reused=0
[rank-probe] iscas99__b17 heuristic_recall_pool 49/96 node=N60321 type=observe reused=0
[rank-probe] iscas99__b17 heuristic_recall_pool 50/96 node=N60318 type=observe reused=0
[rank-probe] iscas99__b17 heuristic_recall_pool 51/96 node=N60315 type=observe reused=0
[rank-probe] iscas99__b17 heuristic_recall_pool 52/96 node=N60267 type=observe reused=0
[rank-probe] iscas99__b17 heuristic_recall_pool 53/96 node=N60282 type=observe reused=0
[rank-probe] iscas99__b17 heuristic_recall_pool 54/96 node=N60351 type=observe reused=0
[rank-probe] iscas99__b17 heuristic_recall_pool 55/96 node=N60225 type=observe reused=0
[rank-probe] iscas99__b17 heuristic_recall_pool 56/96 node=N60252 type=observe reused=0
[rank-probe] iscas99__b17 heuristic_recall_pool 57/96 node=N60237 type=observe reused=0
[rank-probe] iscas99__b17 heuristic_recall_pool 58/96 node=N60246 type=observe reused=0
[rank-probe] iscas99__b17 heuristic_recall_pool 59/96 node=N60291 type=observe reused=0
[rank-probe] iscas99__b17 heuristic_recall_pool 60/96 node=N60321 type=control1 reused=0
[rank-probe] iscas99__b17 heuristic_recall_pool 61/96 node=N38517 type=observe reused=0
[rank-probe] iscas99__b17 heuristic_recall_pool 62/96 node=N60219 type=observe reused=0
[rank-probe] iscas99__b17 heuristic_recall_pool 63/96 node=N27608 type=observe reused=0
[rank-probe] iscas99__b17 heuristic_recall_pool 64/96 node=N60261 type=observe reused=0
[rank-probe] iscas99__b17 heuristic_recall_pool 65/96 node=N60264 type=observe reused=0
[rank-probe] iscas99__b17 heuristic_recall_pool 66/96 node=N56109 type=observe reused=0
[rank-probe] iscas99__b17 heuristic_recall_pool 67/96 node=N56108 type=observe reused=0
[rank-probe] iscas99__b17 heuristic_recall_pool 68/96 node=N29439 type=observe reused=0
[rank-probe] iscas99__b17 heuristic_recall_pool 69/96 node=N7936 type=observe reused=0
[rank-probe] iscas99__b17 heuristic_recall_pool 70/96 node=N7937 type=observe reused=0
[rank-probe] iscas99__b17 heuristic_recall_pool 71/96 node=N7935 type=observe reused=0
[rank-probe] iscas99__b17 heuristic_recall_pool 72/96 node=N7934 type=observe reused=0
[rank-probe] iscas99__b17 heuristic_recall_pool 73/96 node=N7933 type=observe reused=0
[rank-probe] iscas99__b17 heuristic_recall_pool 74/96 node=N7932 type=observe reused=0
[rank-probe] iscas99__b17 heuristic_recall_pool 75/96 node=N7931 type=observe reused=0
[rank-probe] iscas99__b17 heuristic_recall_pool 76/96 node=N28198 type=observe reused=0
[rank-probe] iscas99__b17 heuristic_recall_pool 77/96 node=N28174 type=observe reused=0
[rank-probe] iscas99__b17 heuristic_recall_pool 78/96 node=N24962 type=observe reused=0
[rank-probe] iscas99__b17 heuristic_recall_pool 79/96 node=N28153 type=observe reused=0
[rank-probe] iscas99__b17 heuristic_recall_pool 80/96 node=N28160 type=observe reused=0
[rank-probe] iscas99__b17 heuristic_recall_pool 81/96 node=N28167 type=observe reused=0
[rank-probe] iscas99__b17 heuristic_recall_pool 82/96 node=N27363 type=control1 reused=0
[rank-probe] iscas99__b17 heuristic_recall_pool 83/96 node=N26503 type=control1 reused=0
[rank-probe] iscas99__b17 heuristic_recall_pool 84/96 node=N26504 type=control1 reused=0
[rank-probe] iscas99__b17 heuristic_recall_pool 85/96 node=N26505 type=control1 reused=0
[rank-probe] iscas99__b17 heuristic_recall_pool 86/96 node=N26506 type=control1 reused=0
[rank-probe] iscas99__b17 heuristic_recall_pool 87/96 node=N26509 type=control1 reused=0
[rank-probe] iscas99__b17 heuristic_recall_pool 88/96 node=N26510 type=control1 reused=0
[rank-probe] iscas99__b17 heuristic_recall_pool 89/96 node=N26511 type=control1 reused=0
[rank-probe] iscas99__b17 heuristic_recall_pool 90/96 node=N26512 type=control1 reused=0
[rank-probe] iscas99__b17 heuristic_recall_pool 91/96 node=N26513 type=control1 reused=0
[rank-probe] iscas99__b17 heuristic_recall_pool 92/96 node=N29495 type=control1 reused=0
[rank-probe] iscas99__b17 heuristic_recall_pool 93/96 node=N27560 type=control0 reused=0
[rank-probe] iscas99__b17 heuristic_recall_pool 94/96 node=N27562 type=control0 reused=0
[rank-probe] iscas99__b17 heuristic_recall_pool 95/96 node=N27564 type=control0 reused=0
[rank-probe] iscas99__b17 heuristic_recall_pool 96/96 node=N27566 type=control0 reused=0
{
  "activation_priors": null,
  "backend": "atalanta-bist",
  "benchmarks": [
    "iscas99__b17"
  ],
  "candidate_strategies": [
    "heuristic_recall_pool"
  ],
  "checkpoint": "runs/rollout_loss_A_reward_only/epoch_009.pt",
  "generated_at": "2026-07-03T17:26:23",
  "max_candidates": 96,
  "oracle_top_m": 5,
  "outputs": {
    "oracle_actions": "autoresearch/exact-rank-table2-hybrid-k96-realfault-300k-260703-142737/iscas99__b17/oracle_actions.tsv",
    "oracle_groups": "autoresearch/exact-rank-table2-hybrid-k96-realfault-300k-260703-142737/iscas99__b17/oracle_groups.tsv",
    "prediction_metrics": "autoresearch/exact-rank-table2-hybrid-k96-realfault-300k-260703-142737/iscas99__b17/prediction_metrics.tsv",
    "rank_metrics": "autoresearch/exact-rank-table2-hybrid-k96-realfault-300k-260703-142737/iscas99__b17/rank_metrics.tsv",
    "reward_accuracy": "autoresearch/exact-rank-table2-hybrid-k96-realfault-300k-260703-142737/iscas99__b17/reward_accuracy.tsv",
    "state_summary": "autoresearch/exact-rank-table2-hybrid-k96-realfault-300k-260703-142737/iscas99__b17/state_summary.tsv"
  },
  "patterns": 300000,
  "real_fault_priors": "autoresearch/eval8-real-priors-budget5-v1/real_fault_priors.csv",
  "records": {
    "evaluated_oracle_actions": 96,
    "oracle_actions": 96,
    "oracle_groups": 1,
    "prediction_metrics": 1,
    "rank_metrics": 6,
    "reused_oracle_actions": 0,
    "state_summary": 1
  },
  "reward_accuracy": null,
  "score_fields": [
    "reward_pred"
  ],
  "script": "scripts/measure_world_model_precision.py",
  "top_ks": [
    1,
    8,
    16,
    32,
    48,
    96
  ]
}
