[plan] candidate_allowlist=autoresearch/original-netlist-recovery-260712/exact_itc99/b15_C/exact_candidate_nodes.txt nodes=7918
[plan] latent_norm_clip_ratio=4 latent_norm_limit=30.875631
[plan] step=1 node=N677 type=control1 q_pred_context=5.195577 sequence=5.195577
[plan] step=2 node=N2155 type=observe q_pred_context=4.636669 sequence=9.832246
[plan] step=3 node=N502 type=control1 q_pred_context=1.993179 sequence=11.825425
[plan] step=4 node=N762 type=control1 q_pred_context=1.659069 sequence=13.484494
[plan] step=5 node=N3644 type=control0 q_pred_context=1.214862 sequence=14.699356
[plan] step=6 node=N3756 type=control0 q_pred_context=1.059228 sequence=15.758584
[plan] step=7 node=N557 type=control1 q_pred_context=0.980828 sequence=16.739412
[plan] step=8 node=N5143 type=observe q_pred_context=1.023724 sequence=17.763136
[plan] step=9 node=N507 type=control1 q_pred_context=0.945974 sequence=18.709110
[plan] step=10 node=N3742 type=control0 q_pred_context=1.124553 sequence=19.833663
[plan] step=11 node=N564 type=control1 q_pred_context=2.290889 sequence=22.124553
[plan] step=12 node=N5203 type=control1 q_pred_context=1.603826 sequence=23.728379
[plan] step=13 node=N5866 type=observe q_pred_context=3.265039 sequence=26.993418
[plan] step=14 node=N580 type=control1 q_pred_context=3.127525 sequence=30.120943
[plan] step=15 node=N737 type=control1 q_pred_context=2.794165 sequence=32.915108
[plan] step=16 node=N1853 type=observe q_pred_context=1.799779 sequence=34.714887
[plan] step=17 node=N2082 type=observe q_pred_context=4.690357 sequence=39.405244
[plan] step=18 node=N2153 type=observe q_pred_context=4.580999 sequence=43.986243
[plan] step=19 node=N2101 type=observe q_pred_context=5.275461 sequence=49.261704
[plan] step=20 node=N1860 type=observe q_pred_context=4.776201 sequence=54.037905
[plan] step=21 node=N1372 type=observe q_pred_context=4.157914 sequence=58.195818
[plan] step=22 node=N496 type=control1 q_pred_context=6.767043 sequence=64.962861
[plan] step=23 node=N5723 type=control0 q_pred_context=6.126668 sequence=71.089529
[plan] step=24 node=N582 type=control1 q_pred_context=5.990863 sequence=77.080392
[plan] step=25 node=N7516 type=observe q_pred_context=5.699031 sequence=82.779423
[plan] step=26 node=N766 type=control1 q_pred_context=6.928008 sequence=89.707431
[plan] step=27 node=N5234 type=observe q_pred_context=5.484579 sequence=95.192009
[plan] step=28 node=N1437 type=control1 q_pred_context=4.401696 sequence=99.593705
[plan] step=29 node=N583 type=control1 q_pred_context=4.371657 sequence=103.965362
[plan] step=30 node=N2042 type=observe q_pred_context=3.283320 sequence=107.248682
[plan] step=31 node=N4670 type=control0 q_pred_context=6.390000 sequence=113.638682
[plan] step=32 node=N7511 type=control1 q_pred_context=3.420000 sequence=117.058682
[plan] step=33 node=N7411 type=control1 q_pred_context=3.420000 sequence=120.478682
[plan] step=34 node=N2044 type=observe q_pred_context=6.113583 sequence=126.592264
[plan] step=35 node=N2040 type=observe q_pred_context=4.722667 sequence=131.314931
[plan] step=36 node=N7413 type=control1 q_pred_context=5.057638 sequence=136.372569
[plan] step=37 node=N1532 type=observe q_pred_context=3.530310 sequence=139.902879
[plan] step=38 node=N4635 type=control0 q_pred_context=8.539307 sequence=148.442186
[plan] step=39 node=N7890 type=control1 q_pred_context=4.366145 sequence=152.808331
[plan] step=40 node=N2314 type=control1 q_pred_context=2.080476 sequence=154.888807
[plan] step=41 node=N7888 type=control1 q_pred_context=6.498869 sequence=161.387676
[plan] step=42 node=N7887 type=control1 q_pred_context=6.355163 sequence=167.742840
[plan] step=43 node=N7889 type=control1 q_pred_context=7.208082 sequence=174.950922
[plan] step=44 node=N7891 type=control1 q_pred_context=5.812383 sequence=180.763305
[plan] step=45 node=N7886 type=control1 q_pred_context=5.561069 sequence=186.324374
[plan] step=46 node=N7884 type=control1 q_pred_context=5.483753 sequence=191.808127
[plan] step=47 node=N7885 type=control1 q_pred_context=5.479629 sequence=197.287756
[plan] step=48 node=N7882 type=control1 q_pred_context=4.776901 sequence=202.064657
[plan] step=49 node=N7883 type=control1 q_pred_context=3.956105 sequence=206.020762
[plan] step=50 node=N7881 type=control1 q_pred_context=1.472610 sequence=207.493373
[plan] step=51 node=N3722 type=control0 q_pred_context=0.885376 sequence=208.378749
[plan] step=52 node=N4712 type=control0 q_pred_context=2.147775 sequence=210.526524
[plan] step=53 node=N3903 type=control0 q_pred_context=0.871876 sequence=211.398399
[plan] step=54 node=N4649 type=control0 q_pred_context=1.148468 sequence=212.546868
[plan] step=55 node=N713 type=observe q_pred_context=1.719962 sequence=214.266830
[plan] step=56 node=N724 type=observe q_pred_context=1.783295 sequence=216.050125
[plan] step=57 node=N4705 type=control0 q_pred_context=1.272138 sequence=217.322263
[plan] step=58 node=N704 type=observe q_pred_context=1.738993 sequence=219.061256
[plan] step=59 node=N4656 type=control0 q_pred_context=1.289431 sequence=220.350687
[plan] step=60 node=N3889 type=control0 q_pred_context=0.904721 sequence=221.255408
[plan] step=61 node=N4698 type=control0 q_pred_context=1.026040 sequence=222.281447
[plan] step=62 node=N3882 type=control0 q_pred_context=0.929067 sequence=223.210514
[plan] step=63 node=N3840 type=control0 q_pred_context=0.983754 sequence=224.194269
[plan] step=64 node=N3805 type=control0 q_pred_context=0.930479 sequence=225.124748
[plan] step=65 node=N4606 type=control0 q_pred_context=1.018308 sequence=226.143055
[plan] step=66 node=N4585 type=control0 q_pred_context=1.051540 sequence=227.194595
[plan] step=67 node=N4691 type=control0 q_pred_context=0.977580 sequence=228.172175
[plan] step=68 node=N4684 type=control0 q_pred_context=1.193696 sequence=229.365871
[plan] step=69 node=N4716 type=control0 q_pred_context=1.095397 sequence=230.461268
[plan] step=70 node=N4677 type=control0 q_pred_context=1.263928 sequence=231.725196
[plan] step=71 node=N4663 type=control0 q_pred_context=1.364919 sequence=233.090115
[plan] step=72 node=N725 type=observe q_pred_context=3.359942 sequence=236.450057
[plan] step=73 node=N519 type=control1 q_pred_context=1.810662 sequence=238.260719
[plan] step=74 node=N4564 type=control0 q_pred_context=1.373959 sequence=239.634678
[plan] step=75 node=N7471 type=control0 q_pred_context=1.768729 sequence=241.403407
[plan] step=76 node=N4578 type=control0 q_pred_context=1.722556 sequence=243.125963
[plan] step=77 node=N2083 type=observe q_pred_context=1.106072 sequence=244.232034
[plan] step=78 node=N513 type=control1 q_pred_context=1.977796 sequence=246.209830
[plan] step=79 node=N504 type=control1 q_pred_context=1.888314 sequence=248.098144
[plan] step=80 node=N7543 type=control0 q_pred_context=1.985645 sequence=250.083789
[plan] step=81 node=N520 type=control1 q_pred_context=2.461401 sequence=252.545190
[plan] step=82 node=N516 type=control1 q_pred_context=2.343885 sequence=254.889075
[plan] step=83 node=N7724 type=control0 q_pred_context=3.136449 sequence=258.025524
[plan] step=84 node=N7854 type=control0 q_pred_context=2.695479 sequence=260.721003
[plan] step=85 node=N4557 type=control0 q_pred_context=1.868462 sequence=262.589465
[plan] step=86 node=N3701 type=control0 q_pred_context=2.388062 sequence=264.977527
[plan] step=87 node=N7722 type=control0 q_pred_context=5.041578 sequence=270.019105
[plan] step=88 node=N7872 type=control1 q_pred_context=2.113518 sequence=272.132623
[plan] step=89 node=N7370 type=control1 q_pred_context=3.561459 sequence=275.694082
[plan] step=90 node=N556 type=control1 q_pred_context=3.217406 sequence=278.911488
[plan] step=91 node=N555 type=control1 q_pred_context=3.342846 sequence=282.254334
[plan] step=92 node=N3911 type=control0 q_pred_context=2.591825 sequence=284.846158
[plan] step=93 node=N3799 type=control0 q_pred_context=4.046303 sequence=288.892461
[plan] step=94 node=N3792 type=control0 q_pred_context=5.558604 sequence=294.451065
[plan] step=95 node=N3904 type=control0 q_pred_context=5.946855 sequence=300.397920
[plan] step=96 node=N1533 type=control1 q_pred_context=8.013520 sequence=308.411440
[plan] step=97 node=N3785 type=control0 q_pred_context=3.513978 sequence=311.925418
[plan] step=98 node=N3897 type=control0 q_pred_context=3.234806 sequence=315.160224
[plan] step=99 node=N7723 type=control0 q_pred_context=4.625257 sequence=319.785480
[plan] step=100 node=N3827 type=control0 q_pred_context=2.857055 sequence=322.642536
[plan] step=101 node=N7408 type=control0 q_pred_context=4.237836 sequence=326.880371
[plan] step=102 node=N7725 type=control0 q_pred_context=3.263397 sequence=330.143768
[plan] step=103 node=N3862 type=control0 q_pred_context=3.244630 sequence=333.388398
[plan] step=104 node=N3855 type=control0 q_pred_context=3.084456 sequence=336.472853
[plan] step=105 node=N614 type=control1 q_pred_context=3.250792 sequence=339.723645
[plan] step=106 node=N3848 type=control0 q_pred_context=3.993541 sequence=343.717187
[plan] step=107 node=N7541 type=control0 q_pred_context=4.541619 sequence=348.258806
[plan] step=108 node=N7590 type=control1 q_pred_context=3.245670 sequence=351.504476
[plan] step=109 node=N3841 type=control0 q_pred_context=4.395456 sequence=355.899932
[plan] step=110 node=N634 type=control1 q_pred_context=4.670222 sequence=360.570154
[plan] step=111 node=N3820 type=control0 q_pred_context=4.451233 sequence=365.021387
[plan] step=112 node=N610 type=control1 q_pred_context=4.339118 sequence=369.360506
[plan] step=113 node=N3813 type=control0 q_pred_context=4.048772 sequence=373.409278
[plan] step=114 node=N620 type=control1 q_pred_context=4.048683 sequence=377.457961
[plan] step=115 node=N4520 type=control0 q_pred_context=4.240961 sequence=381.698922
[plan] step=116 node=N3681 type=control0 q_pred_context=3.894393 sequence=385.593315
[plan] step=117 node=N3410 type=control1 q_pred_context=3.502280 sequence=389.095595
[plan] step=118 node=N638 type=control1 q_pred_context=3.213090 sequence=392.308685
[plan] step=119 node=N3180 type=control1 q_pred_context=3.735514 sequence=396.044199
[plan] step=120 node=N1411 type=control0 q_pred_context=4.580138 sequence=400.624338
[plan] step=121 node=N7588 type=control1 q_pred_context=2.633756 sequence=403.258094
[plan] step=122 node=N7820 type=control0 q_pred_context=3.010809 sequence=406.268903
[plan] step=123 node=N7870 type=control1 q_pred_context=1.593694 sequence=407.862597
[plan] step=124 node=N578 type=observe q_pred_context=1.452506 sequence=409.315103
[plan] step=125 node=N7454 type=observe q_pred_context=1.556066 sequence=410.871170
[plan] step=126 node=N2157 type=observe q_pred_context=4.073414 sequence=414.944583
[plan] step=127 node=N7401 type=observe q_pred_context=3.145490 sequence=418.090073
[plan] step=128 node=N7879 type=control1 q_pred_context=2.554772 sequence=420.644845
[plan] step=129 node=N645 type=control1 q_pred_context=1.397226 sequence=422.042071
[plan] step=130 node=N2102 type=observe q_pred_context=1.700830 sequence=423.742901
[plan] step=131 node=N5603 type=observe q_pred_context=1.497135 sequence=425.240036
[plan] step=132 node=N7892 type=control1 q_pred_context=3.976551 sequence=429.216587
[plan] step=133 node=N2580 type=control1 q_pred_context=5.793938 sequence=435.010524
[plan] step=134 node=N616 type=control1 q_pred_context=3.559988 sequence=438.570513
[plan] step=135 node=N636 type=control1 q_pred_context=4.171944 sequence=442.742457
[plan] step=136 node=N7856 type=control1 q_pred_context=2.916895 sequence=445.659352
[plan] step=137 node=N5878 type=observe q_pred_context=1.122335 sequence=446.781687
[plan] step=138 node=N694 type=observe q_pred_context=5.921914 sequence=452.703602
[plan] step=139 node=N7877 type=control1 q_pred_context=3.106497 sequence=455.810099
[plan] step=140 node=N8036 type=control0 q_pred_context=2.093935 sequence=457.904034
[plan] step=141 node=N7679 type=observe q_pred_context=1.229923 sequence=459.133958
[plan] step=142 node=N3295 type=control1 q_pred_context=1.322171 sequence=460.456129
[plan] step=143 node=N2106 type=observe q_pred_context=1.595136 sequence=462.051265
[plan] step=144 node=N630 type=control1 q_pred_context=1.515313 sequence=463.566578
[plan] step=145 node=N642 type=control1 q_pred_context=1.401964 sequence=464.968542
[plan] step=146 node=N6531 type=observe q_pred_context=2.386221 sequence=467.354763
[plan] step=147 node=N7442 type=control0 q_pred_context=1.337348 sequence=468.692111
[plan] step=148 node=N649 type=control1 q_pred_context=1.220476 sequence=469.912586
[plan] step=149 node=N3525 type=control1 q_pred_context=0.874203 sequence=470.786790
[plan] step=150 node=N5876 type=observe q_pred_context=2.202825 sequence=472.989615
[plan] step=151 node=N7424 type=control1 q_pred_context=1.856767 sequence=474.846382
[plan] step=152 node=N1607 type=control1 q_pred_context=1.387669 sequence=476.234051
[plan] step=153 node=N647 type=control1 q_pred_context=1.214358 sequence=477.448409
[plan] step=154 node=N5738 type=observe q_pred_context=1.047724 sequence=478.496132
[plan] step=155 node=N7385 type=observe q_pred_context=1.803551 sequence=480.299683
[plan] step=156 node=N5356 type=observe q_pred_context=1.550723 sequence=481.850406
[plan] step=157 node=N3467 type=control1 q_pred_context=1.373751 sequence=483.224157
[plan] step=158 node=N6533 type=observe q_pred_context=0.822898 sequence=484.047055
[plan] step=159 node=N2149 type=observe q_pred_context=2.007992 sequence=486.055047
[plan] step=160 node=N5740 type=observe q_pred_context=1.496029 sequence=487.551076
[plan] step=161 node=N7405 type=observe q_pred_context=1.484549 sequence=489.035625
[plan] step=162 node=N715 type=observe q_pred_context=1.630904 sequence=490.666530
[plan] step=163 node=N1586 type=control1 q_pred_context=2.303814 sequence=492.970344
[plan] step=164 node=N5473 type=observe q_pred_context=1.632975 sequence=494.603319
[plan] step=165 node=N771 type=observe q_pred_context=0.803163 sequence=495.406482
[plan] step=166 node=N714 type=observe q_pred_context=2.051088 sequence=497.457570
[plan] step=167 node=N1598 type=observe q_pred_context=0.761192 sequence=498.218762
[plan] step=168 node=N723 type=observe q_pred_context=1.515368 sequence=499.734130
[plan] step=169 node=N712 type=observe q_pred_context=1.724811 sequence=501.458942
[plan] step=170 node=N2652 type=control1 q_pred_context=1.506598 sequence=502.965539
[plan] step=171 node=N7614 type=observe q_pred_context=1.003807 sequence=503.969346
[plan] step=172 node=N2721 type=control1 q_pred_context=1.438838 sequence=505.408184
[plan] step=173 node=N1879 type=observe q_pred_context=5.092883 sequence=510.501067
[plan] step=174 node=N5874 type=observe q_pred_context=5.478451 sequence=515.979518
[plan] step=175 node=N7627 type=observe q_pred_context=2.063662 sequence=518.043180
[plan] step=176 node=N6673 type=observe q_pred_context=2.758674 sequence=520.801854
[plan] step=177 node=N7436 type=observe q_pred_context=4.305699 sequence=525.107552
[plan] step=178 node=N722 type=observe q_pred_context=1.776555 sequence=526.884107
[plan] step=179 node=N706 type=observe q_pred_context=4.248771 sequence=531.132878
[plan] step=180 node=N705 type=observe q_pred_context=6.084699 sequence=537.217577
[plan] step=181 node=N2894 type=control1 q_pred_context=6.779709 sequence=543.997286
[plan] step=182 node=N2952 type=control1 q_pred_context=1.641727 sequence=545.639014
[plan] step=183 node=N2779 type=control1 q_pred_context=1.196086 sequence=546.835100
[plan] step=184 node=N5422 type=observe q_pred_context=0.858958 sequence=547.694057
[plan] step=185 node=N7439 type=observe q_pred_context=4.228123 sequence=551.922180
[plan] step=186 node=N703 type=observe q_pred_context=4.326364 sequence=556.248544
[plan] step=187 node=N5456 type=observe q_pred_context=5.953086 sequence=562.201630
[plan] step=188 node=N1599 type=observe q_pred_context=4.403592 sequence=566.605222
[plan] step=189 node=N6668 type=observe q_pred_context=5.849064 sequence=572.454286
[plan] step=190 node=N679 type=observe q_pred_context=1.816291 sequence=574.270577
[plan] step=191 node=N5439 type=observe q_pred_context=4.891206 sequence=579.161783
[plan] step=192 node=N7404 type=observe q_pred_context=5.444677 sequence=584.606460
[plan] step=193 node=N5390 type=observe q_pred_context=2.187294 sequence=586.793753
[plan] step=194 node=N1987 type=observe q_pred_context=3.001094 sequence=589.794848
[plan] step=195 node=N5334 type=observe q_pred_context=5.871236 sequence=595.666084
[plan] step=196 node=N6660 type=observe q_pred_context=6.047387 sequence=601.713471
[plan] step=197 node=N5373 type=observe q_pred_context=4.129241 sequence=605.842712
[plan] step=198 node=N5283 type=observe q_pred_context=5.953616 sequence=611.796327
[plan] step=199 node=N7380 type=observe q_pred_context=5.502977 sequence=617.299304
[plan] step=200 node=N1688 type=observe q_pred_context=3.628409 sequence=620.927713
[plan] step=201 node=N719 type=observe q_pred_context=6.374132 sequence=627.301845
[plan] step=202 node=N708 type=observe q_pred_context=6.469911 sequence=633.771756
[plan] step=203 node=N6656 type=observe q_pred_context=4.320221 sequence=638.091977
[plan] step=204 node=N734 type=observe q_pred_context=2.484075 sequence=640.576052
[plan] step=205 node=N2151 type=observe q_pred_context=1.326804 sequence=641.902856
[plan] step=206 node=N699 type=observe q_pred_context=2.462138 sequence=644.364994
[plan] step=207 node=N6658 type=observe q_pred_context=2.014362 sequence=646.379356
[plan] step=208 node=N7381 type=observe q_pred_context=2.226177 sequence=648.605533
[plan] step=209 node=N2837 type=control1 q_pred_context=1.809353 sequence=650.414886
[plan] step=210 node=N1351 type=observe q_pred_context=1.474772 sequence=651.889658
[plan] step=211 node=N3009 type=control1 q_pred_context=2.038701 sequence=653.928359
[plan] step=212 node=N2159 type=observe q_pred_context=1.110046 sequence=655.038405
[plan] step=213 node=N729 type=observe q_pred_context=2.090010 sequence=657.128415
[plan] step=214 node=N686 type=observe q_pred_context=3.204947 sequence=660.333362
[plan] step=215 node=N2072 type=observe q_pred_context=1.474376 sequence=661.807739
[plan] step=216 node=N689 type=observe q_pred_context=5.359642 sequence=667.167380
[plan] step=217 node=N7855 type=control0 q_pred_context=2.952707 sequence=670.120088
[plan] step=218 node=N3067 type=control1 q_pred_context=4.752070 sequence=674.872158
[plan] step=219 node=N6678 type=observe q_pred_context=1.020830 sequence=675.892988
[plan] step=220 node=N2271 type=observe q_pred_context=4.056569 sequence=679.949556
[plan] step=221 node=N684 type=observe q_pred_context=5.560404 sequence=685.509961
[plan] step=222 node=N7444 type=observe q_pred_context=1.931617 sequence=687.441578
[plan] step=223 node=N7542 type=control0 q_pred_context=2.326211 sequence=689.767789
[plan] step=224 node=N4460 type=control0 q_pred_context=7.249248 sequence=697.017037
[plan] step=225 node=N2259 type=observe q_pred_context=7.014438 sequence=704.031475
[plan] step=226 node=N5735 type=observe q_pred_context=6.953618 sequence=710.985092
[plan] step=227 node=N6682 type=observe q_pred_context=2.409464 sequence=713.394556
[plan] step=228 node=N2243 type=observe q_pred_context=6.043558 sequence=719.438114
[plan] step=229 node=N5094 type=observe q_pred_context=1.328354 sequence=720.766468
[plan] step=230 node=N7391 type=observe q_pred_context=4.136131 sequence=724.902599
[plan] step=231 node=N2267 type=observe q_pred_context=4.614990 sequence=729.517589
[plan] step=232 node=N6537 type=observe q_pred_context=6.634577 sequence=736.152166
[plan] step=233 node=N5160 type=observe q_pred_context=1.583801 sequence=737.735967
[plan] step=234 node=N5111 type=observe q_pred_context=3.954798 sequence=741.690765
[plan] step=235 node=N6680 type=observe q_pred_context=5.277550 sequence=746.968316
[plan] step=236 node=N2263 type=observe q_pred_context=5.460101 sequence=752.428417
[plan] step=237 node=N2251 type=observe q_pred_context=5.624222 sequence=758.052639
[plan] step=238 node=N696 type=observe q_pred_context=5.909536 sequence=763.962174
[plan] step=239 node=N4900 type=observe q_pred_context=1.504568 sequence=765.466742
[plan] step=240 node=N764 type=observe q_pred_context=0.804006 sequence=766.270748
[plan] step=241 node=N2247 type=observe q_pred_context=6.044550 sequence=772.315299
[plan] step=242 node=N680 type=observe q_pred_context=6.221427 sequence=778.536726
[plan] step=243 node=N695 type=observe q_pred_context=5.878089 sequence=784.414815
[plan] step=244 node=N7440 type=observe q_pred_context=4.683097 sequence=789.097912
[plan] step=245 node=N4421 type=control0 q_pred_context=1.344121 sequence=790.442033
[plan] step=246 node=N7452 type=observe q_pred_context=4.037811 sequence=794.479844
[plan] step=247 node=N1352 type=observe q_pred_context=6.173644 sequence=800.653488
[plan] step=248 node=N697 type=observe q_pred_context=4.266980 sequence=804.920468
[plan] step=249 node=N6684 type=observe q_pred_context=0.897167 sequence=805.817635
[plan] step=250 node=N2255 type=observe q_pred_context=5.954019 sequence=811.771654
[plan] step=251 node=N6657 type=observe q_pred_context=5.833397 sequence=817.605050
[plan] step=252 node=N2218 type=observe q_pred_context=6.195888 sequence=823.800938
[plan] step=253 node=N717 type=observe q_pred_context=6.150250 sequence=829.951188
[plan] step=254 node=N2183 type=observe q_pred_context=5.812059 sequence=835.763247
[plan] step=255 node=N6659 type=observe q_pred_context=3.483477 sequence=839.246724
[plan] step=256 node=N752 type=observe q_pred_context=5.700735 sequence=844.947459
[plan] step=257 node=N4367 type=control0 q_pred_context=5.253126 sequence=850.200585
[plan] step=258 node=N2216 type=observe q_pred_context=6.039670 sequence=856.240255
[plan] step=259 node=N753 type=observe q_pred_context=6.060101 sequence=862.300356
[plan] step=260 node=N2185 type=observe q_pred_context=6.119961 sequence=868.420317
[plan] step=261 node=N1348 type=observe q_pred_context=6.485353 sequence=874.905669
[plan] step=262 node=N2203 type=observe q_pred_context=4.884429 sequence=879.790098
[plan] step=263 node=N1347 type=observe q_pred_context=4.679613 sequence=884.469711
[plan] step=264 node=N2205 type=observe q_pred_context=3.330105 sequence=887.799816
[plan] step=265 node=N2201 type=observe q_pred_context=4.591181 sequence=892.390997
[plan] step=266 node=N4758 type=observe q_pred_context=1.745091 sequence=894.136089
[plan] step=267 node=N2226 type=observe q_pred_context=4.716246 sequence=898.852335
[plan] step=268 node=N4766 type=observe q_pred_context=4.531048 sequence=903.383383
[plan] step=269 node=N2214 type=observe q_pred_context=5.603879 sequence=908.987262
[plan] step=270 node=N8470 type=observe q_pred_context=6.761014 sequence=915.748276
[plan] step=271 node=N2220 type=observe q_pred_context=5.299162 sequence=921.047438
[plan] step=272 node=N758 type=observe q_pred_context=1.795850 sequence=922.843288
[plan] step=273 node=N4774 type=observe q_pred_context=5.574130 sequence=928.417419
[plan] step=274 node=N2222 type=observe q_pred_context=6.305086 sequence=934.722504
[plan] step=275 node=N4790 type=observe q_pred_context=6.263272 sequence=940.985776
[plan] step=276 node=N4798 type=observe q_pred_context=5.899832 sequence=946.885608
[plan] step=277 node=N756 type=observe q_pred_context=5.688480 sequence=952.574088
[plan] step=278 node=N2209 type=observe q_pred_context=6.339527 sequence=958.913615
saved=autoresearch/loop-260718-0223/quantized_repeats_b15_round13/q0p0001_p0p0_d4__r1/b15_C/plans/iscas99__b15_1__greedy__cumulative__q_pred_context__bw1__d1__c48__g1p0__candhard_fault_cluster__div0p0__s0.csv
