[plan] torch_deterministic=true
[plan] candidate_allowlist=autoresearch/original-netlist-recovery-260712/exact_itc99/b15_C/exact_candidate_nodes.txt nodes=7918
[plan] latent_norm_clip_ratio=4 latent_norm_limit=30.875631
[plan] step=1 node=N677 type=control1 q_typed_residual_context=5.211244 sequence=5.211244
[plan] step=2 node=N2155 type=observe q_typed_residual_context=4.735897 sequence=9.947140
[plan] step=3 node=N502 type=control1 q_typed_residual_context=2.065607 sequence=12.012748
[plan] step=4 node=N762 type=control1 q_typed_residual_context=1.817576 sequence=13.830324
[plan] step=5 node=N3756 type=control0 q_typed_residual_context=1.206204 sequence=15.036528
[plan] step=6 node=N3644 type=control0 q_typed_residual_context=1.313967 sequence=16.350495
[plan] step=7 node=N3722 type=control0 q_typed_residual_context=0.888939 sequence=17.239434
[plan] step=8 node=N557 type=control1 q_typed_residual_context=1.202743 sequence=18.442178
[plan] step=9 node=N5143 type=observe q_typed_residual_context=1.295357 sequence=19.737535
[plan] step=10 node=N508 type=control1 q_typed_residual_context=1.419503 sequence=21.157038
[plan] step=11 node=N564 type=control1 q_typed_residual_context=1.160570 sequence=22.317608
[plan] step=12 node=N5203 type=control1 q_typed_residual_context=1.109892 sequence=23.427500
[plan] step=13 node=N5866 type=observe q_typed_residual_context=4.087545 sequence=27.515045
[plan] step=14 node=N580 type=control1 q_typed_residual_context=2.475848 sequence=29.990894
[plan] step=15 node=N737 type=control1 q_typed_residual_context=3.331032 sequence=33.321926
[plan] step=16 node=N1853 type=observe q_typed_residual_context=2.309741 sequence=35.631667
[plan] step=17 node=N1372 type=observe q_typed_residual_context=5.161048 sequence=40.792715
[plan] step=18 node=N2153 type=observe q_typed_residual_context=8.004874 sequence=48.797589
[plan] step=19 node=N2101 type=observe q_typed_residual_context=7.608997 sequence=56.406585
[plan] step=20 node=N1860 type=observe q_typed_residual_context=8.665626 sequence=65.072211
[plan] step=21 node=N1532 type=observe q_typed_residual_context=6.366931 sequence=71.439142
[plan] step=22 node=N2082 type=observe q_typed_residual_context=6.390989 sequence=77.830131
[plan] step=23 node=N496 type=control1 q_typed_residual_context=6.474660 sequence=84.304791
[plan] step=24 node=N5723 type=control0 q_typed_residual_context=2.643035 sequence=86.947827
[plan] step=25 node=N582 type=control1 q_typed_residual_context=6.827929 sequence=93.775756
[plan] step=26 node=N7516 type=observe q_typed_residual_context=6.287217 sequence=100.062973
[plan] step=27 node=N766 type=control1 q_typed_residual_context=7.201348 sequence=107.264321
[plan] step=28 node=N1437 type=control1 q_typed_residual_context=3.822728 sequence=111.087049
[plan] step=29 node=N583 type=control1 q_typed_residual_context=5.767296 sequence=116.854345
[plan] step=30 node=N7411 type=control1 q_typed_residual_context=3.499727 sequence=120.354072
[plan] step=31 node=N4635 type=control0 q_typed_residual_context=6.926251 sequence=127.280323
[plan] step=32 node=N7511 type=control1 q_typed_residual_context=2.909120 sequence=130.189443
[plan] step=33 node=N2042 type=observe q_typed_residual_context=5.477880 sequence=135.667323
[plan] step=34 node=N2044 type=observe q_typed_residual_context=1.268253 sequence=136.935576
[plan] step=35 node=N2040 type=observe q_typed_residual_context=1.111901 sequence=138.047478
[plan] step=36 node=N5234 type=observe q_typed_residual_context=1.735568 sequence=139.783045
[plan] step=37 node=N4649 type=control0 q_typed_residual_context=6.465484 sequence=146.248529
[plan] step=38 node=N7413 type=control1 q_typed_residual_context=0.899915 sequence=147.148444
[plan] step=39 node=N3701 type=control0 q_typed_residual_context=0.859145 sequence=148.007589
[plan] step=40 node=N3911 type=control0 q_typed_residual_context=0.852536 sequence=148.860125
[plan] step=41 node=N3904 type=control0 q_typed_residual_context=0.852127 sequence=149.712252
[plan] step=42 node=N4656 type=control0 q_typed_residual_context=3.875776 sequence=153.588028
[plan] step=43 node=N3896 type=control0 q_typed_residual_context=0.879286 sequence=154.467314
[plan] step=44 node=N4663 type=control0 q_typed_residual_context=2.913890 sequence=157.381204
[plan] step=45 node=N713 type=observe q_typed_residual_context=1.793558 sequence=159.174763
[plan] step=46 node=N4670 type=control0 q_typed_residual_context=3.038939 sequence=162.213702
[plan] step=47 node=N724 type=observe q_typed_residual_context=2.925999 sequence=165.139701
[plan] step=48 node=N704 type=observe q_typed_residual_context=2.805409 sequence=167.945109
[plan] step=49 node=N4585 type=control0 q_typed_residual_context=0.924310 sequence=168.869419
[plan] step=50 node=N4677 type=control0 q_typed_residual_context=2.770587 sequence=171.640006
[plan] step=51 node=N4684 type=control0 q_typed_residual_context=2.017063 sequence=173.657069
[plan] step=52 node=N3862 type=control0 q_typed_residual_context=0.926098 sequence=174.583167
[plan] step=53 node=N7885 type=control1 q_typed_residual_context=1.322311 sequence=175.905478
[plan] step=54 node=N4691 type=control0 q_typed_residual_context=1.451252 sequence=177.356730
[plan] step=55 node=N3855 type=control0 q_typed_residual_context=0.999717 sequence=178.356447
[plan] step=56 node=N4698 type=control0 q_typed_residual_context=1.338660 sequence=179.695107
[plan] step=57 node=N3848 type=control0 q_typed_residual_context=0.992111 sequence=180.687218
[plan] step=58 node=N4705 type=control0 q_typed_residual_context=1.211115 sequence=181.898333
[plan] step=59 node=N4712 type=control0 q_typed_residual_context=1.245371 sequence=183.143704
[plan] step=60 node=N3827 type=control0 q_typed_residual_context=1.087059 sequence=184.230764
[plan] step=61 node=N4716 type=control0 q_typed_residual_context=1.225312 sequence=185.456076
[plan] step=62 node=N3820 type=control0 q_typed_residual_context=1.073488 sequence=186.529564
[plan] step=63 node=N3813 type=control0 q_typed_residual_context=1.084768 sequence=187.614332
[plan] step=64 node=N3799 type=control0 q_typed_residual_context=1.113344 sequence=188.727676
[plan] step=65 node=N3792 type=control0 q_typed_residual_context=1.147500 sequence=189.875175
[plan] step=66 node=N3785 type=control0 q_typed_residual_context=1.708787 sequence=191.583962
[plan] step=67 node=N3889 type=control0 q_typed_residual_context=1.822327 sequence=193.406289
[plan] step=68 node=N3882 type=control0 q_typed_residual_context=1.802887 sequence=195.209176
[plan] step=69 node=N3742 type=control0 q_typed_residual_context=1.885326 sequence=197.094503
[plan] step=70 node=N3805 type=control0 q_typed_residual_context=2.015857 sequence=199.110359
[plan] step=71 node=N7471 type=control0 q_typed_residual_context=2.205768 sequence=201.316127
[plan] step=72 node=N722 type=observe q_typed_residual_context=2.682684 sequence=203.998811
[plan] step=73 node=N1539 type=control0 q_typed_residual_context=3.705832 sequence=207.704643
[plan] step=74 node=N7724 type=control0 q_typed_residual_context=2.580889 sequence=210.285533
[plan] step=75 node=N4578 type=control0 q_typed_residual_context=1.993024 sequence=212.278557
[plan] step=76 node=N7854 type=control0 q_typed_residual_context=4.215511 sequence=216.494068
[plan] step=77 node=N3897 type=control0 q_typed_residual_context=3.588975 sequence=220.083043
[plan] step=78 node=N4564 type=control0 q_typed_residual_context=4.031664 sequence=224.114707
[plan] step=79 node=N4557 type=control0 q_typed_residual_context=3.878193 sequence=227.992900
[plan] step=80 node=N3903 type=control0 q_typed_residual_context=3.380027 sequence=231.372927
[plan] step=81 node=N7721 type=control0 q_typed_residual_context=4.868231 sequence=236.241157
[plan] step=82 node=N4606 type=control0 q_typed_residual_context=4.042847 sequence=240.284004
[plan] step=83 node=N4520 type=control0 q_typed_residual_context=2.249685 sequence=242.533690
[plan] step=84 node=N7723 type=control0 q_typed_residual_context=2.249636 sequence=244.783325
[plan] step=85 node=N7725 type=control0 q_typed_residual_context=2.333874 sequence=247.117199
[plan] step=86 node=N519 type=control1 q_typed_residual_context=2.904843 sequence=250.022042
[plan] step=87 node=N3840 type=control0 q_typed_residual_context=2.588595 sequence=252.610637
[plan] step=88 node=N7722 type=control0 q_typed_residual_context=3.546257 sequence=256.156894
[plan] step=89 node=N513 type=control1 q_typed_residual_context=2.872333 sequence=259.029227
[plan] step=90 node=N7881 type=control1 q_typed_residual_context=4.178647 sequence=263.207874
[plan] step=91 node=N7882 type=control1 q_typed_residual_context=4.497179 sequence=267.705053
[plan] step=92 node=N504 type=control1 q_typed_residual_context=4.555326 sequence=272.260379
[plan] step=93 node=N7587 type=control1 q_typed_residual_context=4.658836 sequence=276.919215
[plan] step=94 node=N516 type=control1 q_typed_residual_context=4.136727 sequence=281.055942
[plan] step=95 node=N7883 type=control1 q_typed_residual_context=3.399683 sequence=284.455625
[plan] step=96 node=N3681 type=control0 q_typed_residual_context=4.346521 sequence=288.802146
[plan] step=97 node=N7846 type=control0 q_typed_residual_context=3.773902 sequence=292.576048
[plan] step=98 node=N7408 type=control0 q_typed_residual_context=2.308301 sequence=294.884349
[plan] step=99 node=N7541 type=control0 q_typed_residual_context=3.041830 sequence=297.926180
[plan] step=100 node=N7847 type=control0 q_typed_residual_context=4.423478 sequence=302.349658
[plan] step=101 node=N7852 type=control0 q_typed_residual_context=4.162645 sequence=306.512303
[plan] step=102 node=N7853 type=control0 q_typed_residual_context=4.563067 sequence=311.075370
[plan] step=103 node=N1533 type=control1 q_typed_residual_context=2.334918 sequence=313.410288
[plan] step=104 node=N8003 type=control0 q_typed_residual_context=5.540049 sequence=318.950337
[plan] step=105 node=N7888 type=control1 q_typed_residual_context=3.042513 sequence=321.992850
[plan] step=106 node=N7889 type=control1 q_typed_residual_context=3.385208 sequence=325.378057
[plan] step=107 node=N7890 type=control1 q_typed_residual_context=3.464219 sequence=328.842277
[plan] step=108 node=N8005 type=control0 q_typed_residual_context=3.378767 sequence=332.221043
[plan] step=109 node=N7891 type=control1 q_typed_residual_context=3.108478 sequence=335.329521
[plan] step=110 node=N7884 type=control1 q_typed_residual_context=2.744325 sequence=338.073847
[plan] step=111 node=N7887 type=control1 q_typed_residual_context=3.165382 sequence=341.239228
[plan] step=112 node=N578 type=observe q_typed_residual_context=3.436774 sequence=344.676002
[plan] step=113 node=N556 type=control1 q_typed_residual_context=2.380595 sequence=347.056597
[plan] step=114 node=N7886 type=control1 q_typed_residual_context=5.306754 sequence=352.363351
[plan] step=115 node=N5603 type=observe q_typed_residual_context=4.115181 sequence=356.478532
[plan] step=116 node=N555 type=control1 q_typed_residual_context=1.916029 sequence=358.394560
[plan] step=117 node=N520 type=control1 q_typed_residual_context=3.879011 sequence=362.273571
[plan] step=118 node=N634 type=control1 q_typed_residual_context=5.876696 sequence=368.150267
[plan] step=119 node=N614 type=control1 q_typed_residual_context=5.043900 sequence=373.194167
[plan] step=120 node=N7588 type=control1 q_typed_residual_context=3.907724 sequence=377.101891
[plan] step=121 node=N2580 type=control1 q_typed_residual_context=5.890691 sequence=382.992582
[plan] step=122 node=N3180 type=control1 q_typed_residual_context=6.138779 sequence=389.131361
[plan] step=123 node=N620 type=control1 q_typed_residual_context=2.787332 sequence=391.918694
[plan] step=124 node=N610 type=control1 q_typed_residual_context=5.854795 sequence=397.773488
[plan] step=125 node=N2083 type=observe q_typed_residual_context=1.508791 sequence=399.282279
[plan] step=126 node=N694 type=observe q_typed_residual_context=1.927660 sequence=401.209939
[plan] step=127 node=N7401 type=observe q_typed_residual_context=1.669303 sequence=402.879242
[plan] step=128 node=N638 type=control1 q_typed_residual_context=1.761168 sequence=404.640410
[plan] step=129 node=N7370 type=control1 q_typed_residual_context=2.674481 sequence=407.314891
[plan] step=130 node=N2102 type=observe q_typed_residual_context=1.410936 sequence=408.725827
[plan] step=131 node=N5876 type=observe q_typed_residual_context=2.762019 sequence=411.487845
[plan] step=132 node=N7871 type=control1 q_typed_residual_context=1.328495 sequence=412.816340
[plan] step=133 node=N7679 type=observe q_typed_residual_context=1.557425 sequence=414.373765
[plan] step=134 node=N7627 type=observe q_typed_residual_context=2.080763 sequence=416.454528
[plan] step=135 node=N2157 type=observe q_typed_residual_context=3.287271 sequence=419.741799
[plan] step=136 node=N1411 type=control0 q_typed_residual_context=2.017792 sequence=421.759591
[plan] step=137 node=N8040 type=control0 q_typed_residual_context=1.748813 sequence=423.508404
[plan] step=138 node=N645 type=control1 q_typed_residual_context=2.228736 sequence=425.737140
[plan] step=139 node=N2106 type=observe q_typed_residual_context=2.576472 sequence=428.313612
[plan] step=140 node=N8044 type=control0 q_typed_residual_context=3.842209 sequence=432.155820
[plan] step=141 node=N616 type=control1 q_typed_residual_context=5.717569 sequence=437.873389
[plan] step=142 node=N3410 type=control1 q_typed_residual_context=5.665382 sequence=443.538771
[plan] step=143 node=N636 type=control1 q_typed_residual_context=2.043917 sequence=445.582689
[plan] step=144 node=N3237 type=control1 q_typed_residual_context=1.660826 sequence=447.243515
[plan] step=145 node=N3295 type=control1 q_typed_residual_context=1.226465 sequence=448.469980
[plan] step=146 node=N3467 type=control1 q_typed_residual_context=1.212230 sequence=449.682211
[plan] step=147 node=N6531 type=observe q_typed_residual_context=0.998301 sequence=450.680512
[plan] step=148 node=N630 type=control1 q_typed_residual_context=1.171719 sequence=451.852231
[plan] step=149 node=N7402 type=observe q_typed_residual_context=1.184299 sequence=453.036529
[plan] step=150 node=N2149 type=observe q_typed_residual_context=1.717422 sequence=454.753952
[plan] step=151 node=N642 type=control1 q_typed_residual_context=1.382622 sequence=456.136574
[plan] step=152 node=N7614 type=observe q_typed_residual_context=1.497829 sequence=457.634403
[plan] step=153 node=N649 type=control1 q_typed_residual_context=1.581432 sequence=459.215834
[plan] step=154 node=N3525 type=control1 q_typed_residual_context=1.505150 sequence=460.720985
[plan] step=155 node=N5356 type=observe q_typed_residual_context=1.212246 sequence=461.933230
[plan] step=156 node=N7424 type=control1 q_typed_residual_context=1.018469 sequence=462.951699
[plan] step=157 node=N5878 type=observe q_typed_residual_context=0.965202 sequence=463.916901
[plan] step=158 node=N1607 type=control1 q_typed_residual_context=1.664365 sequence=465.581266
[plan] step=159 node=N647 type=control1 q_typed_residual_context=1.607347 sequence=467.188613
[plan] step=160 node=N712 type=observe q_typed_residual_context=2.294247 sequence=469.482860
[plan] step=161 node=N1586 type=control1 q_typed_residual_context=1.810124 sequence=471.292983
[plan] step=162 node=N6533 type=observe q_typed_residual_context=1.147010 sequence=472.439993
[plan] step=163 node=N7385 type=observe q_typed_residual_context=1.234904 sequence=473.674897
[plan] step=164 node=N723 type=observe q_typed_residual_context=1.477581 sequence=475.152479
[plan] step=165 node=N714 type=observe q_typed_residual_context=1.795870 sequence=476.948348
[plan] step=166 node=N7441 type=control0 q_typed_residual_context=1.580010 sequence=478.528358
[plan] step=167 node=N725 type=observe q_typed_residual_context=2.272814 sequence=480.801172
[plan] step=168 node=N715 type=observe q_typed_residual_context=1.853909 sequence=482.655082
[plan] step=169 node=N7442 type=control0 q_typed_residual_context=1.530546 sequence=484.185628
[plan] step=170 node=N5874 type=observe q_typed_residual_context=1.196743 sequence=485.382371
[plan] step=171 node=N7696 type=control0 q_typed_residual_context=1.828105 sequence=487.210475
[plan] step=172 node=N7473 type=control0 q_typed_residual_context=2.760076 sequence=489.970551
[plan] step=173 node=N8052 type=control0 q_typed_residual_context=1.918363 sequence=491.888914
[plan] step=174 node=N7436 type=observe q_typed_residual_context=1.139776 sequence=493.028690
[plan] step=175 node=N5740 type=observe q_typed_residual_context=0.901552 sequence=493.930242
[plan] step=176 node=N703 type=observe q_typed_residual_context=1.852541 sequence=495.782783
[plan] step=177 node=N2652 type=control1 q_typed_residual_context=1.419187 sequence=497.201970
[plan] step=178 node=N7454 type=observe q_typed_residual_context=0.686137 sequence=497.888107
[plan] step=179 node=N2721 type=control1 q_typed_residual_context=0.933194 sequence=498.821300
[plan] step=180 node=N763 type=observe q_typed_residual_context=0.677688 sequence=499.498988
[plan] step=181 node=N2894 type=control1 q_typed_residual_context=0.917231 sequence=500.416219
[plan] step=182 node=N2952 type=control1 q_typed_residual_context=0.697883 sequence=501.114102
[plan] step=183 node=N5473 type=observe q_typed_residual_context=0.783296 sequence=501.897397
[plan] step=184 node=N706 type=observe q_typed_residual_context=0.790346 sequence=502.687744
[plan] step=185 node=N2779 type=control1 q_typed_residual_context=0.920319 sequence=503.608063
[plan] step=186 node=N5456 type=observe q_typed_residual_context=0.953050 sequence=504.561113
[plan] step=187 node=N679 type=observe q_typed_residual_context=1.305659 sequence=505.866772
[plan] step=188 node=N7414 type=control1 q_typed_residual_context=0.819112 sequence=506.685884
[plan] step=189 node=N7855 type=control0 q_typed_residual_context=0.809846 sequence=507.495730
[plan] step=190 node=N2837 type=control1 q_typed_residual_context=1.855227 sequence=509.350957
[plan] step=191 node=N7542 type=control0 q_typed_residual_context=1.009896 sequence=510.360853
[plan] step=192 node=N3009 type=control1 q_typed_residual_context=0.717095 sequence=511.077948
[plan] step=193 node=N7405 type=observe q_typed_residual_context=1.274528 sequence=512.352476
[plan] step=194 node=N759 type=observe q_typed_residual_context=1.777018 sequence=514.129494
[plan] step=195 node=N705 type=observe q_typed_residual_context=5.183718 sequence=519.313212
[plan] step=196 node=N5439 type=observe q_typed_residual_context=6.821053 sequence=526.134266
[plan] step=197 node=N3067 type=control1 q_typed_residual_context=6.506437 sequence=532.640703
[plan] step=198 node=N5422 type=observe q_typed_residual_context=4.348617 sequence=536.989320
[plan] step=199 node=N2151 type=observe q_typed_residual_context=6.917393 sequence=543.906713
[plan] step=200 node=N8790 type=control1 q_typed_residual_context=3.644837 sequence=547.551551
[plan] step=201 node=N7439 type=observe q_typed_residual_context=6.901119 sequence=554.452670
[plan] step=202 node=N8240 type=control1 q_typed_residual_context=3.937065 sequence=558.389735
[plan] step=203 node=N8789 type=control1 q_typed_residual_context=6.919965 sequence=565.309700
[plan] step=204 node=N8239 type=control1 q_typed_residual_context=6.715045 sequence=572.024745
[plan] step=205 node=N6673 type=observe q_typed_residual_context=6.634730 sequence=578.659475
[plan] step=206 node=N8607 type=control1 q_typed_residual_context=7.009630 sequence=585.669105
[plan] step=207 node=N5202 type=observe q_typed_residual_context=7.080291 sequence=592.749396
[plan] step=208 node=N719 type=observe q_typed_residual_context=6.058638 sequence=598.808033
[plan] step=209 node=N5373 type=observe q_typed_residual_context=6.417510 sequence=605.225543
[plan] step=210 node=N5334 type=observe q_typed_residual_context=6.105995 sequence=611.331538
[plan] step=211 node=N2072 type=observe q_typed_residual_context=4.410473 sequence=615.742010
[plan] step=212 node=N7380 type=observe q_typed_residual_context=2.642512 sequence=618.384522
[plan] step=213 node=N1879 type=observe q_typed_residual_context=5.301995 sequence=623.686518
[plan] step=214 node=N5390 type=observe q_typed_residual_context=3.814059 sequence=627.500576
[plan] step=215 node=N771 type=observe q_typed_residual_context=0.456869 sequence=627.957445
[plan] step=216 node=N6581 type=observe q_typed_residual_context=3.847295 sequence=631.804740
[plan] step=217 node=N708 type=observe q_typed_residual_context=5.588580 sequence=637.393320
[plan] step=218 node=N699 type=observe q_typed_residual_context=4.374768 sequence=641.768088
[plan] step=219 node=N1351 type=observe q_typed_residual_context=6.689819 sequence=648.457907
[plan] step=220 node=N734 type=observe q_typed_residual_context=4.595788 sequence=653.053696
[plan] step=221 node=N6660 type=observe q_typed_residual_context=5.267651 sequence=658.321346
[plan] step=222 node=N689 type=observe q_typed_residual_context=4.544190 sequence=662.865536
[plan] step=223 node=N2159 type=observe q_typed_residual_context=2.285913 sequence=665.151449
[plan] step=224 node=N4460 type=control0 q_typed_residual_context=1.418549 sequence=666.569999
[plan] step=225 node=N7433 type=observe q_typed_residual_context=3.345103 sequence=669.915102
[plan] step=226 node=N729 type=observe q_typed_residual_context=5.125828 sequence=675.040930
[plan] step=227 node=N6658 type=observe q_typed_residual_context=5.988060 sequence=681.028990
[plan] step=228 node=N684 type=observe q_typed_residual_context=2.849664 sequence=683.878654
[plan] step=229 node=N7447 type=observe q_typed_residual_context=5.482997 sequence=689.361651
[plan] step=230 node=N686 type=observe q_typed_residual_context=3.358166 sequence=692.719817
[plan] step=231 node=N2243 type=observe q_typed_residual_context=5.718588 sequence=698.438405
[plan] step=232 node=N5735 type=observe q_typed_residual_context=4.908673 sequence=703.347078
[plan] step=233 node=N6656 type=observe q_typed_residual_context=3.939871 sequence=707.286949
[plan] step=234 node=N652 type=control1 q_typed_residual_context=3.921400 sequence=711.208350
[plan] step=235 node=N2271 type=observe q_typed_residual_context=3.831444 sequence=715.039794
[plan] step=236 node=N8238 type=control1 q_typed_residual_context=3.760480 sequence=718.800274
[plan] step=237 node=N6678 type=observe q_typed_residual_context=0.434635 sequence=719.234909
[plan] step=238 node=N5111 type=observe q_typed_residual_context=2.510732 sequence=721.745640
[plan] step=239 node=N8606 type=control1 q_typed_residual_context=6.907843 sequence=728.653483
[plan] step=240 node=N8237 type=control1 q_typed_residual_context=6.615871 sequence=735.269354
[plan] step=241 node=N2259 type=observe q_typed_residual_context=6.833591 sequence=742.102944
[plan] step=242 node=N5160 type=observe q_typed_residual_context=7.114969 sequence=749.217913
[plan] step=243 node=N7444 type=observe q_typed_residual_context=6.139822 sequence=755.357735
[plan] step=244 node=N5094 type=observe q_typed_residual_context=2.717189 sequence=758.074924
[plan] step=245 node=N2267 type=observe q_typed_residual_context=6.074486 sequence=764.149411
[plan] step=246 node=N2263 type=observe q_typed_residual_context=6.893561 sequence=771.042972
[plan] step=247 node=N695 type=observe q_typed_residual_context=6.952489 sequence=777.995461
[plan] step=248 node=N6537 type=observe q_typed_residual_context=5.301068 sequence=783.296529
[plan] step=249 node=N4421 type=control0 q_typed_residual_context=1.695224 sequence=784.991752
[plan] step=250 node=N902 type=control1 q_typed_residual_context=5.519743 sequence=790.511495
[plan] step=251 node=N4359 type=control0 q_typed_residual_context=3.758391 sequence=794.269886
[plan] step=252 node=N8605 type=control1 q_typed_residual_context=6.563655 sequence=800.833541
[plan] step=253 node=N4367 type=control0 q_typed_residual_context=5.398551 sequence=806.232092
[plan] step=254 node=N8236 type=control1 q_typed_residual_context=7.112173 sequence=813.344265
[plan] step=255 node=N4532 type=control0 q_typed_residual_context=7.053606 sequence=820.397870
[plan] step=256 node=N515 type=control1 q_typed_residual_context=5.425928 sequence=825.823798
[plan] step=257 node=N4442 type=control0 q_typed_residual_context=7.090858 sequence=832.914657
[plan] step=258 node=N765 type=observe q_typed_residual_context=3.087755 sequence=836.002412
[plan] step=259 node=N2251 type=observe q_typed_residual_context=4.131561 sequence=840.133974
[plan] step=260 node=N696 type=observe q_typed_residual_context=4.145522 sequence=844.279495
[plan] step=261 node=N4900 type=observe q_typed_residual_context=4.515299 sequence=848.794794
[plan] step=262 node=N697 type=observe q_typed_residual_context=5.510186 sequence=854.304980
[plan] step=263 node=N1352 type=observe q_typed_residual_context=5.753730 sequence=860.058710
[plan] step=264 node=N2247 type=observe q_typed_residual_context=3.594554 sequence=863.653264
[plan] step=265 node=N6736 type=control1 q_typed_residual_context=1.847213 sequence=865.500477
[plan] step=266 node=N6956 type=control0 q_typed_residual_context=1.836104 sequence=867.336581
[plan] step=267 node=N5726 type=control1 q_typed_residual_context=2.231450 sequence=869.568031
[plan] step=268 node=N4469 type=control0 q_typed_residual_context=0.242629 sequence=869.810660
[plan] step=269 node=N7720 type=control0 q_typed_residual_context=6.255721 sequence=876.066381
[plan] step=270 node=N8235 type=control1 q_typed_residual_context=7.185762 sequence=883.252142
[plan] step=271 node=N6657 type=observe q_typed_residual_context=1.995658 sequence=885.247800
[plan] step=272 node=N680 type=observe q_typed_residual_context=3.519692 sequence=888.767492
[plan] step=273 node=N7425 type=observe q_typed_residual_context=4.215661 sequence=892.983153
[plan] step=274 node=N732 type=observe q_typed_residual_context=2.961228 sequence=895.944380
[plan] step=275 node=N7452 type=observe q_typed_residual_context=3.280455 sequence=899.224835
[plan] step=276 node=N4436 type=control0 q_typed_residual_context=6.440901 sequence=905.665736
[plan] step=277 node=N2216 type=observe q_typed_residual_context=6.525080 sequence=912.190817
[plan] step=278 node=N5665 type=control0 q_typed_residual_context=6.059630 sequence=918.250447
saved=autoresearch/loop-260720-0945/model_training_round3/b15_selection/long32_return/decay_128/plans/iscas99__b15_1__greedy__cumulative__q_typed_residual_context__bw1__d1__c48__g1p0__candhard_fault_cluster__div0p0__s0.csv
