[plan] candidate_allowlist=autoresearch/original-netlist-recovery-260712/exact_itc99/b15_C/exact_candidate_nodes.txt nodes=7918
[plan] step=1 node=N672 type=control1 reward_pred=0.374172 sequence=0.374172
[plan] step=2 node=N2155 type=observe reward_pred=0.437517 sequence=0.811689
[plan] step=3 node=N502 type=control1 reward_pred=0.376224 sequence=1.187913
[plan] step=4 node=N2082 type=observe reward_pred=0.345482 sequence=1.533395
[plan] step=5 node=N893 type=control1 reward_pred=0.302594 sequence=1.835989
[plan] step=6 node=N5143 type=observe reward_pred=0.278958 sequence=2.114947
[plan] step=7 node=N3644 type=control0 reward_pred=0.269657 sequence=2.384604
[plan] step=8 node=N864 type=observe reward_pred=0.220824 sequence=2.605428
[plan] step=9 node=N866 type=observe reward_pred=0.214047 sequence=2.819475
[plan] step=10 node=N1437 type=control1 reward_pred=0.138267 sequence=2.957741
[plan] step=11 node=N3756 type=control0 reward_pred=0.143881 sequence=3.101623
[plan] step=12 node=N2336 type=control1 reward_pred=0.206361 sequence=3.307983
[plan] step=13 node=N766 type=control1 reward_pred=0.084754 sequence=3.392738
[plan] step=14 node=N7592 type=control1 reward_pred=0.089783 sequence=3.482521
[plan] step=15 node=N580 type=control1 reward_pred=0.101723 sequence=3.584244
[plan] step=16 node=N737 type=control1 reward_pred=0.108154 sequence=3.692398
[plan] step=17 node=N564 type=control1 reward_pred=0.117896 sequence=3.810294
[plan] step=18 node=N2314 type=control1 reward_pred=0.103750 sequence=3.914044
[plan] step=19 node=N5605 type=control1 reward_pred=0.099951 sequence=4.013995
[plan] step=20 node=N557 type=control1 reward_pred=0.092110 sequence=4.106105
[plan] step=21 node=N1564 type=control1 reward_pred=0.079165 sequence=4.185270
[plan] step=22 node=N1853 type=observe reward_pred=0.072927 sequence=4.258198
[plan] step=23 node=N721 type=control1 reward_pred=0.080148 sequence=4.338346
[plan] step=24 node=N1879 type=observe reward_pred=0.059731 sequence=4.398077
[plan] step=25 node=N2083 type=observe reward_pred=0.044646 sequence=4.442723
[plan] step=26 node=N1860 type=observe reward_pred=0.044991 sequence=4.487714
[plan] step=27 node=N865 type=observe reward_pred=0.043985 sequence=4.531699
[plan] step=28 node=N4628 type=observe reward_pred=0.026711 sequence=4.558411
[plan] step=29 node=N583 type=control1 reward_pred=0.051382 sequence=4.609793
[plan] step=30 node=N4621 type=observe reward_pred=0.032543 sequence=4.642336
[plan] step=31 node=N496 type=control1 reward_pred=0.021002 sequence=4.663338
[plan] step=32 node=N5723 type=control0 reward_pred=0.006754 sequence=4.670092
[plan] step=33 node=N4670 type=control0 reward_pred=0.031815 sequence=4.701907
[plan] step=34 node=N5867 type=observe reward_pred=-0.002317 sequence=4.699590
[plan] step=35 node=N7587 type=control1 reward_pred=-0.018913 sequence=4.680676
[plan] step=36 node=N6538 type=observe reward_pred=-0.042865 sequence=4.637812
[plan] step=37 node=N582 type=control1 reward_pred=-0.054512 sequence=4.583299
[plan] step=38 node=N3742 type=control0 reward_pred=-0.067623 sequence=4.515676
[plan] step=39 node=N4635 type=control0 reward_pred=-0.039573 sequence=4.476103
[plan] step=40 node=N2072 type=observe reward_pred=-0.070791 sequence=4.405312
[plan] step=41 node=N713 type=observe reward_pred=-0.064149 sequence=4.341163
[plan] step=42 node=N2101 type=observe reward_pred=-0.063180 sequence=4.277983
[plan] step=43 node=N4712 type=control0 reward_pred=-0.071129 sequence=4.206854
[plan] step=44 node=N704 type=observe reward_pred=-0.090222 sequence=4.116632
[plan] step=45 node=N7411 type=control1 reward_pred=-0.018513 sequence=4.098119
[plan] step=46 node=N4606 type=control0 reward_pred=-0.012953 sequence=4.085166
[plan] step=47 node=N7421 type=control1 reward_pred=-0.029799 sequence=4.055367
[plan] step=48 node=N4649 type=control0 reward_pred=-0.015944 sequence=4.039423
[plan] step=49 node=N3722 type=control0 reward_pred=-0.025268 sequence=4.014155
[plan] step=50 node=N7413 type=control1 reward_pred=-0.036210 sequence=3.977946
[plan] step=51 node=N2062 type=observe reward_pred=-0.057079 sequence=3.920867
[plan] step=52 node=N2054 type=observe reward_pred=0.098642 sequence=4.019509
[plan] step=53 node=N2106 type=observe reward_pred=0.097422 sequence=4.116931
[plan] step=54 node=N4656 type=control0 reward_pred=0.109729 sequence=4.226660
[plan] step=55 node=N7878 type=control1 reward_pred=0.098737 sequence=4.325397
[plan] step=56 node=N1532 type=observe reward_pred=0.095260 sequence=4.420657
[plan] step=57 node=N7889 type=control1 reward_pred=0.098291 sequence=4.518949
[plan] step=58 node=N1372 type=observe reward_pred=0.096461 sequence=4.615409
[plan] step=59 node=N2058 type=observe reward_pred=0.097021 sequence=4.712431
[plan] step=60 node=N4705 type=control0 reward_pred=0.106074 sequence=4.818505
[plan] step=61 node=N2060 type=observe reward_pred=0.094499 sequence=4.913004
[plan] step=62 node=N7876 type=control1 reward_pred=0.090184 sequence=5.003187
[plan] step=63 node=N2064 type=observe reward_pred=0.088143 sequence=5.091331
[plan] step=64 node=N4578 type=control0 reward_pred=0.090538 sequence=5.181869
[plan] step=65 node=N4716 type=control0 reward_pred=-0.016087 sequence=5.165782
[plan] step=66 node=N858 type=observe reward_pred=-0.061188 sequence=5.104594
[plan] step=67 node=N5876 type=observe reward_pred=-0.029605 sequence=5.074989
[plan] step=68 node=N2153 type=observe reward_pred=-0.039272 sequence=5.035718
[plan] step=69 node=N7454 type=observe reward_pred=-0.015623 sequence=5.020095
[plan] step=70 node=N2102 type=observe reward_pred=-0.009597 sequence=5.010497
[plan] step=71 node=N7679 type=observe reward_pred=-0.037680 sequence=4.972818
[plan] step=72 node=N871 type=observe reward_pred=-0.038984 sequence=4.933833
[plan] step=73 node=N2157 type=observe reward_pred=-0.014051 sequence=4.919783
[plan] step=74 node=N6674 type=observe reward_pred=-0.032757 sequence=4.887025
[plan] step=75 node=N5874 type=observe reward_pred=0.008085 sequence=4.895110
[plan] step=76 node=N5356 type=observe reward_pred=-0.016423 sequence=4.878687
[plan] step=77 node=N868 type=observe reward_pred=-0.022749 sequence=4.855938
[plan] step=78 node=N2149 type=observe reward_pred=0.002453 sequence=4.858392
[plan] step=79 node=N7626 type=observe reward_pred=-0.020205 sequence=4.838187
[plan] step=80 node=N7471 type=control0 reward_pred=-0.039363 sequence=4.798824
[plan] step=81 node=N4614 type=observe reward_pred=-0.150443 sequence=4.648381
[plan] step=82 node=N5473 type=observe reward_pred=-0.138338 sequence=4.510043
[plan] step=83 node=N694 type=observe reward_pred=-0.129178 sequence=4.380865
[plan] step=84 node=N1598 type=observe reward_pred=-0.136422 sequence=4.244443
[plan] step=85 node=N771 type=observe reward_pred=-0.086887 sequence=4.157555
[plan] step=86 node=N870 type=observe reward_pred=-0.076992 sequence=4.080563
[plan] step=87 node=N3911 type=control0 reward_pred=-0.080241 sequence=4.000322
[plan] step=88 node=N3904 type=control0 reward_pred=-0.082469 sequence=3.917853
[plan] step=89 node=N5878 type=observe reward_pred=-0.008170 sequence=3.909684
[plan] step=90 node=N7854 type=control0 reward_pred=-0.019536 sequence=3.890148
[plan] step=91 node=N578 type=observe reward_pred=-0.052305 sequence=3.837843
[plan] step=92 node=N5422 type=observe reward_pred=-0.038989 sequence=3.798854
[plan] step=93 node=N867 type=observe reward_pred=-0.035091 sequence=3.763764
[plan] step=94 node=N4564 type=control0 reward_pred=-0.034741 sequence=3.729023
[plan] step=95 node=N7722 type=control0 reward_pred=-0.030346 sequence=3.698677
[plan] step=96 node=N519 type=control1 reward_pred=-0.123027 sequence=3.575651
[plan] step=97 node=N714 type=observe reward_pred=-0.128013 sequence=3.447637
[plan] step=98 node=N6668 type=observe reward_pred=-0.053098 sequence=3.394539
[plan] step=99 node=N869 type=observe reward_pred=-0.042640 sequence=3.351899
[plan] step=100 node=N715 type=observe reward_pred=-0.042628 sequence=3.309271
[plan] step=101 node=N719 type=observe reward_pred=-0.042968 sequence=3.266303
[plan] step=102 node=N5390 type=observe reward_pred=-0.037293 sequence=3.229010
[plan] step=103 node=N705 type=observe reward_pred=-0.040775 sequence=3.188235
[plan] step=104 node=N6682 type=observe reward_pred=-0.040859 sequence=3.147376
[plan] step=105 node=N5439 type=observe reward_pred=-0.039305 sequence=3.108071
[plan] step=106 node=N703 type=observe reward_pred=-0.039064 sequence=3.069006
[plan] step=107 node=N7370 type=control1 reward_pred=-0.115674 sequence=2.953332
[plan] step=108 node=N861 type=observe reward_pred=-0.114450 sequence=2.838883
[plan] step=109 node=N706 type=observe reward_pred=-0.112378 sequence=2.726504
[plan] step=110 node=N734 type=observe reward_pred=-0.115339 sequence=2.611166
[plan] step=111 node=N856 type=observe reward_pred=-0.121595 sequence=2.489571
[plan] step=112 node=N712 type=observe reward_pred=-0.114933 sequence=2.374638
[plan] step=113 node=N6660 type=observe reward_pred=-0.128216 sequence=2.246422
[plan] step=114 node=N679 type=observe reward_pred=-0.106464 sequence=2.139958
[plan] step=115 node=N729 type=observe reward_pred=-0.106356 sequence=2.033601
[plan] step=116 node=N2008 type=observe reward_pred=-0.122696 sequence=1.910905
[plan] step=117 node=N2151 type=observe reward_pred=-0.039875 sequence=1.871030
[plan] step=118 node=N6658 type=observe reward_pred=-0.070522 sequence=1.800508
[plan] step=119 node=N2243 type=observe reward_pred=-0.066412 sequence=1.734096
[plan] step=120 node=N1351 type=observe reward_pred=-0.073702 sequence=1.660394
[plan] step=121 node=N699 type=observe reward_pred=-0.061975 sequence=1.598419
[plan] step=122 node=N2159 type=observe reward_pred=-0.031751 sequence=1.566667
[plan] step=123 node=N6656 type=observe reward_pred=-0.079024 sequence=1.487643
[plan] step=124 node=N2259 type=observe reward_pred=-0.062221 sequence=1.425422
[plan] step=125 node=N6678 type=observe reward_pred=-0.072907 sequence=1.352515
[plan] step=126 node=N689 type=observe reward_pred=-0.039246 sequence=1.313269
[plan] step=127 node=N2267 type=observe reward_pred=-0.037718 sequence=1.275551
[plan] step=128 node=N684 type=observe reward_pred=-0.036432 sequence=1.239119
[plan] step=129 node=N2263 type=observe reward_pred=-0.036257 sequence=1.202862
[plan] step=130 node=N5735 type=observe reward_pred=-0.038681 sequence=1.164181
[plan] step=131 node=N2271 type=observe reward_pred=-0.035507 sequence=1.128674
[plan] step=132 node=N3681 type=control0 reward_pred=-0.037811 sequence=1.090863
[plan] step=133 node=N7590 type=control1 reward_pred=-0.044067 sequence=1.046796
[plan] step=134 node=N7526 type=control1 reward_pred=-0.046345 sequence=1.000451
[plan] step=135 node=N7721 type=control0 reward_pred=-0.039415 sequence=0.961036
[plan] step=136 node=N2580 type=control1 reward_pred=-0.043905 sequence=0.917131
[plan] step=137 node=N3903 type=control0 reward_pred=-0.045444 sequence=0.871687
[plan] step=138 node=N516 type=control1 reward_pred=-0.020027 sequence=0.851659
[plan] step=139 node=N7820 type=control0 reward_pred=-0.121667 sequence=0.729992
[plan] step=140 node=N7437 type=observe reward_pred=-0.137950 sequence=0.592042
[plan] step=141 node=N5094 type=observe reward_pred=-0.126894 sequence=0.465148
[plan] step=142 node=N2247 type=observe reward_pred=-0.122047 sequence=0.343101
[plan] step=143 node=N520 type=control1 reward_pred=-0.131629 sequence=0.211472
[plan] step=144 node=N6657 type=observe reward_pred=-0.133599 sequence=0.077872
[plan] step=145 node=N5160 type=observe reward_pred=-0.122010 sequence=-0.044138
[plan] step=146 node=N2251 type=observe reward_pred=-0.117481 sequence=-0.161619
[plan] step=147 node=N5111 type=observe reward_pred=-0.128398 sequence=-0.290017
[plan] step=148 node=N1987 type=observe reward_pred=-0.133641 sequence=-0.423658
[plan] step=149 node=N6659 type=observe reward_pred=-0.083975 sequence=-0.507632
[plan] step=150 node=N7736 type=control0 reward_pred=-0.079664 sequence=-0.587296
[plan] step=151 node=N1688 type=observe reward_pred=-0.086184 sequence=-0.673480
[plan] step=152 node=N697 type=observe reward_pred=-0.068741 sequence=-0.742221
[plan] step=153 node=N732 type=observe reward_pred=-0.066748 sequence=-0.808969
[plan] step=154 node=N6685 type=observe reward_pred=-0.078226 sequence=-0.887195
[plan] step=155 node=N6677 type=observe reward_pred=-0.080865 sequence=-0.968060
[plan] step=156 node=N3785 type=control0 reward_pred=-0.083320 sequence=-1.051380
[plan] step=157 node=N7588 type=control1 reward_pred=-0.047444 sequence=-1.098824
[plan] step=158 node=N695 type=observe reward_pred=-0.043213 sequence=-1.142037
[plan] step=159 node=N2255 type=observe reward_pred=-0.042626 sequence=-1.184662
[plan] step=160 node=N555 type=control1 reward_pred=-0.048220 sequence=-1.232883
[plan] step=161 node=N1533 type=control1 reward_pred=-0.049773 sequence=-1.282655
[plan] step=162 node=N7727 type=control0 reward_pred=-0.049012 sequence=-1.331668
[plan] step=163 node=N7870 type=control1 reward_pred=-0.041787 sequence=-1.373455
[plan] step=164 node=N7725 type=control0 reward_pred=-0.047581 sequence=-1.421036
[plan] step=165 node=N4557 type=control0 reward_pred=-0.047981 sequence=-1.469017
[plan] step=166 node=N7732 type=control0 reward_pred=-0.046779 sequence=-1.515796
[plan] step=167 node=N614 type=control1 reward_pred=-0.142568 sequence=-1.658363
[plan] step=168 node=N634 type=control1 reward_pred=-0.130428 sequence=-1.788792
[plan] step=169 node=N7422 type=observe reward_pred=-0.138530 sequence=-1.927322
[plan] step=170 node=N680 type=observe reward_pred=-0.123689 sequence=-2.051010
[plan] step=171 node=N733 type=observe reward_pred=-0.124088 sequence=-2.175099
[plan] step=172 node=N2218 type=observe reward_pred=-0.125789 sequence=-2.300888
[plan] step=173 node=N717 type=observe reward_pred=-0.037421 sequence=-2.338308
[plan] step=174 node=N3124 type=control1 reward_pred=-0.044967 sequence=-2.383275
[plan] step=175 node=N7733 type=control0 reward_pred=-0.045715 sequence=-2.428990
[plan] step=176 node=N610 type=control1 reward_pred=-0.126202 sequence=-2.555193
[plan] step=177 node=N620 type=control1 reward_pred=-0.115881 sequence=-2.671074
[plan] step=178 node=N2185 type=observe reward_pred=-0.118145 sequence=-2.789219
[plan] step=179 node=N735 type=observe reward_pred=-0.120514 sequence=-2.909732
[plan] step=180 node=N7391 type=observe reward_pred=-0.135008 sequence=-3.044740
[plan] step=181 node=N2205 type=observe reward_pred=-0.116170 sequence=-3.160910
[plan] step=182 node=N7452 type=observe reward_pred=-0.112271 sequence=-3.273181
[plan] step=183 node=N7438 type=observe reward_pred=-0.075523 sequence=-3.348703
[plan] step=184 node=N6537 type=observe reward_pred=-0.078564 sequence=-3.427267
[plan] step=185 node=N8465 type=observe reward_pred=-0.064262 sequence=-3.491530
[plan] step=186 node=N2226 type=observe reward_pred=-0.040727 sequence=-3.532257
[plan] step=187 node=N2201 type=observe reward_pred=-0.039717 sequence=-3.571974
[plan] step=188 node=N2214 type=observe reward_pred=-0.038345 sequence=-3.610319
[plan] step=189 node=N556 type=control1 reward_pred=-0.035035 sequence=-3.645355
[plan] step=190 node=N3352 type=control1 reward_pred=-0.039115 sequence=-3.684470
[plan] step=191 node=N3180 type=control1 reward_pred=-0.042137 sequence=-3.726606
[plan] step=192 node=N3410 type=control1 reward_pred=-0.036229 sequence=-3.762836
[plan] step=193 node=N638 type=control1 reward_pred=-0.021290 sequence=-3.784126
[plan] step=194 node=N3237 type=control1 reward_pred=-0.029661 sequence=-3.813787
[plan] step=195 node=N4900 type=observe reward_pred=-0.030693 sequence=-3.844481
[plan] step=196 node=N1348 type=observe reward_pred=-0.033884 sequence=-3.878365
[plan] step=197 node=N2222 type=observe reward_pred=-0.030820 sequence=-3.909185
[plan] step=198 node=N1347 type=observe reward_pred=-0.034253 sequence=-3.943437
[plan] step=199 node=N7735 type=control0 reward_pred=-0.040947 sequence=-3.984385
[plan] step=200 node=N7730 type=control0 reward_pred=-0.044397 sequence=-4.028782
[plan] step=201 node=N7728 type=control0 reward_pred=-0.046674 sequence=-4.075455
[plan] step=202 node=N7846 type=control0 reward_pred=-0.035200 sequence=-4.110655
[plan] step=203 node=N7726 type=control0 reward_pred=-0.046615 sequence=-4.157270
[plan] step=204 node=N645 type=control1 reward_pred=-0.147852 sequence=-4.305122
[plan] step=205 node=N7423 type=control1 reward_pred=-0.139618 sequence=-4.444740
[plan] step=206 node=N616 type=control1 reward_pred=-0.125155 sequence=-4.569896
[plan] step=207 node=N636 type=control1 reward_pred=-0.115492 sequence=-4.685387
[plan] step=208 node=N7877 type=control1 reward_pred=-0.111054 sequence=-4.796441
[plan] step=209 node=N7879 type=control1 reward_pred=-0.100597 sequence=-4.897038
[plan] step=210 node=N7594 type=control1 reward_pred=-0.091329 sequence=-4.988367
[plan] step=211 node=N7892 type=control1 reward_pred=-0.082561 sequence=-5.070928
[plan] step=212 node=N630 type=control1 reward_pred=-0.072067 sequence=-5.142995
[plan] step=213 node=N642 type=control1 reward_pred=-0.066832 sequence=-5.209826
[plan] step=214 node=N649 type=control1 reward_pred=-0.061800 sequence=-5.271626
[plan] step=215 node=N7424 type=control1 reward_pred=-0.059726 sequence=-5.331352
[plan] step=216 node=N7731 type=control0 reward_pred=-0.077415 sequence=-5.408767
[plan] step=217 node=N7729 type=control0 reward_pred=-0.089821 sequence=-5.498589
[plan] step=218 node=N647 type=control1 reward_pred=-0.081242 sequence=-5.579830
[plan] step=219 node=N4758 type=observe reward_pred=-0.096704 sequence=-5.676535
[plan] step=220 node=N2209 type=observe reward_pred=-0.099654 sequence=-5.776189
[plan] step=221 node=N1586 type=control1 reward_pred=-0.109499 sequence=-5.885688
[plan] step=222 node=N6562 type=observe reward_pred=-0.113059 sequence=-5.998748
[plan] step=223 node=N2014 type=observe reward_pred=-0.112377 sequence=-6.111125
[plan] step=224 node=N4754 type=observe reward_pred=-0.103103 sequence=-6.214228
[plan] step=225 node=N6684 type=observe reward_pred=-0.111807 sequence=-6.326035
[plan] step=226 node=N685 type=observe reward_pred=-0.094067 sequence=-6.420102
[plan] step=227 node=N7446 type=observe reward_pred=-0.108695 sequence=-6.528797
[plan] step=228 node=N730 type=observe reward_pred=-0.092969 sequence=-6.621766
[plan] step=229 node=N4766 type=observe reward_pred=-0.109458 sequence=-6.731224
[plan] step=230 node=N6680 type=observe reward_pred=-0.118354 sequence=-6.849578
[plan] step=231 node=N6679 type=observe reward_pred=-0.073482 sequence=-6.923060
[plan] step=232 node=N690 type=observe reward_pred=-0.058862 sequence=-6.981922
[plan] step=233 node=N8021 type=control0 reward_pred=-0.070634 sequence=-7.052557
[plan] step=234 node=N7442 type=observe reward_pred=-0.075415 sequence=-7.127971
[plan] step=235 node=N4774 type=observe reward_pred=-0.065548 sequence=-7.193520
[plan] step=236 node=N687 type=observe reward_pred=-0.059763 sequence=-7.253283
[plan] step=237 node=N8023 type=control0 reward_pred=-0.072394 sequence=-7.325677
[plan] step=238 node=N8019 type=control0 reward_pred=-0.075743 sequence=-7.401420
[plan] step=239 node=N6561 type=observe reward_pred=-0.078952 sequence=-7.480372
[plan] step=240 node=N728 type=observe reward_pred=-0.064644 sequence=-7.545016
[plan] step=241 node=N3467 type=control1 reward_pred=-0.067704 sequence=-7.612720
[plan] step=242 node=N4798 type=observe reward_pred=-0.037899 sequence=-7.650619
[plan] step=243 node=N8470 type=observe reward_pred=-0.034184 sequence=-7.684803
[plan] step=244 node=N5034 type=observe reward_pred=-0.029580 sequence=-7.714383
[plan] step=245 node=N3525 type=control1 reward_pred=-0.036270 sequence=-7.750653
[plan] step=246 node=N2652 type=control1 reward_pred=-0.033570 sequence=-7.784223
[plan] step=247 node=N2721 type=control1 reward_pred=-0.030290 sequence=-7.814513
[plan] step=248 node=N3295 type=control1 reward_pred=-0.027038 sequence=-7.841552
[plan] step=249 node=N2952 type=control1 reward_pred=-0.023947 sequence=-7.865498
[plan] step=250 node=N2779 type=control1 reward_pred=-0.021235 sequence=-7.886733
[plan] step=251 node=N2894 type=control1 reward_pred=-0.019073 sequence=-7.905806
[plan] step=252 node=N7873 type=control1 reward_pred=-0.009476 sequence=-7.915282
[plan] step=253 node=N2837 type=control1 reward_pred=-0.017252 sequence=-7.932534
[plan] step=254 node=N4790 type=observe reward_pred=-0.018459 sequence=-7.950993
[plan] step=255 node=N727 type=observe reward_pred=-0.018973 sequence=-7.969966
[plan] step=256 node=N6571 type=observe reward_pred=-0.032789 sequence=-8.002755
[plan] step=257 node=N2175 type=observe reward_pred=0.016905 sequence=-7.985850
[plan] step=258 node=N4821 type=observe reward_pred=-0.013316 sequence=-7.999166
[plan] step=259 node=N4829 type=observe reward_pred=-0.018395 sequence=-8.017560
[plan] step=260 node=N2171 type=observe reward_pred=0.037586 sequence=-7.979974
[plan] step=261 node=N2163 type=observe reward_pred=0.078929 sequence=-7.901045
[plan] step=262 node=N4762 type=observe reward_pred=0.010987 sequence=-7.890057
[plan] step=263 node=N6564 type=observe reward_pred=-0.123610 sequence=-8.013667
[plan] step=264 node=N6566 type=observe reward_pred=-0.120469 sequence=-8.134136
[plan] step=265 node=N6568 type=observe reward_pred=-0.114673 sequence=-8.248810
[plan] step=266 node=N2167 type=observe reward_pred=-0.027302 sequence=-8.276111
[plan] step=267 node=N7371 type=observe reward_pred=-0.064552 sequence=-8.340663
[plan] step=268 node=N696 type=observe reward_pred=-0.072975 sequence=-8.413638
[plan] step=269 node=N4813 type=observe reward_pred=-0.061473 sequence=-8.475111
[plan] step=270 node=N7613 type=observe reward_pred=-0.067950 sequence=-8.543061
[plan] step=271 node=N701 type=observe reward_pred=-0.058186 sequence=-8.601246
[plan] step=272 node=N1346 type=observe reward_pred=-0.020872 sequence=-8.622118
[plan] step=273 node=N2179 type=observe reward_pred=-0.010412 sequence=-8.632530
[plan] step=274 node=N4805 type=observe reward_pred=-0.020497 sequence=-8.653028
[plan] step=275 node=N4853 type=observe reward_pred=-0.020498 sequence=-8.673526
[plan] step=276 node=N7518 type=observe reward_pred=0.005430 sequence=-8.668096
[plan] step=277 node=N4861 type=observe reward_pred=-0.011401 sequence=-8.679497
[plan] step=278 node=N8113 type=observe reward_pred=-0.008382 sequence=-8.687879
saved=autoresearch/loop-260718-0223/round10_winner_five/b15_C/plans/iscas99__b15_1__greedy__cumulative__reward_pred__bw1__d1__c48__g1p0__candhard_fault_cluster__div0p0__s0.csv
