__aig_not_11983 /1 undetected
__aig_not_11981 /1 undetected
__aig_not_11979 /1 undetected
__aig_not_11977 /1 undetected
__aig_not_11975 /1 undetected
__aig_not_11973 /1 undetected
__aig_not_11971 /1 undetected
__aig_not_11969 /1 undetected
__aig_not_11967 /1 undetected
__buf_split_6556 /1 undetected
__buf_split_6557 /1 undetected
__buf_split_6558 /1 undetected
__buf_split_6559 /1 undetected
__buf_split_6560 /1 undetected
__buf_split_6561 /1 undetected
__buf_split_6562 /1 undetected
__buf_split_6563 /1 undetected
__buf_split_6564 /1 undetected
__tpi_not_test_en->__tpi_cp_6___aig_and_11958 /1 undetected
__tpi_not_test_en->__tpi_cp_7___aig_not_11945 /1 undetected
__aig_not_11943 /1 undetected
__tpi_not_test_en /1 undetected
