[plan] candidate_allowlist=autoresearch/original-netlist-recovery-260712/exact_itc99/b15_C/exact_candidate_nodes.txt nodes=7918
[plan] latent_norm_clip_ratio=4 latent_norm_limit=30.875631
[plan] step=1 node=N677 type=control1 q_pred_context=5.195570 sequence=5.195570
[plan] step=2 node=N2155 type=observe q_pred_context=4.636663 sequence=9.832234
[plan] step=3 node=N502 type=control1 q_pred_context=1.993253 sequence=11.825487
[plan] step=4 node=N762 type=control1 q_pred_context=1.659084 sequence=13.484571
[plan] step=5 node=N3644 type=control0 q_pred_context=1.214867 sequence=14.699437
[plan] step=6 node=N3756 type=control0 q_pred_context=1.059223 sequence=15.758660
[plan] step=7 node=N557 type=control1 q_pred_context=0.980830 sequence=16.739490
[plan] step=8 node=N5143 type=observe q_pred_context=1.023713 sequence=17.763204
[plan] step=9 node=N507 type=control1 q_pred_context=0.945986 sequence=18.575857
[plan] step=10 node=N3742 type=control0 q_pred_context=1.124552 sequence=19.586123
[plan] step=11 node=N564 type=control1 q_pred_context=2.290918 sequence=21.877041
[plan] step=12 node=N5203 type=control1 q_pred_context=1.603813 sequence=23.366568
[plan] step=13 node=N5866 type=observe q_pred_context=3.265036 sequence=26.631604
[plan] step=14 node=N580 type=control1 q_pred_context=3.127516 sequence=29.659121
[plan] step=15 node=N737 type=control1 q_pred_context=2.794120 sequence=32.453241
[plan] step=16 node=N1853 type=observe q_pred_context=1.799761 sequence=34.093002
[plan] step=17 node=N2082 type=observe q_pred_context=4.690320 sequence=38.683322
[plan] step=18 node=N2153 type=observe q_pred_context=4.581062 sequence=43.104384
[plan] step=19 node=N2101 type=observe q_pred_context=5.275424 sequence=48.290919
[plan] step=20 node=N1860 type=observe q_pred_context=4.776168 sequence=53.067087
[plan] step=21 node=N1372 type=observe q_pred_context=4.157834 sequence=57.224921
[plan] step=22 node=N496 type=control1 q_pred_context=6.767108 sequence=63.832029
[plan] step=23 node=N5723 type=control0 q_pred_context=6.126641 sequence=69.858671
[plan] step=24 node=N7516 type=observe q_pred_context=5.930108 sequence=75.788779
[plan] step=25 node=N582 type=control1 q_pred_context=4.179883 sequence=79.808662
[plan] step=26 node=N766 type=control1 q_pred_context=6.878420 sequence=86.527082
[plan] step=27 node=N5234 type=observe q_pred_context=4.286223 sequence=90.613305
[plan] step=28 node=N1437 type=control1 q_pred_context=4.510940 sequence=95.035355
[plan] step=29 node=N583 type=control1 q_pred_context=4.869899 sequence=99.790968
[plan] step=30 node=N2042 type=observe q_pred_context=5.207015 sequence=104.897983
[plan] step=31 node=N4670 type=control0 q_pred_context=6.390000 sequence=111.187983
[plan] step=32 node=N7511 type=control1 q_pred_context=3.420000 sequence=114.607983
[plan] step=33 node=N2044 type=observe q_pred_context=3.493577 sequence=117.941560
[plan] step=34 node=N7411 type=control1 q_pred_context=5.342407 sequence=123.169681
[plan] step=35 node=N2040 type=observe q_pred_context=5.919966 sequence=128.929647
[plan] step=36 node=N7413 type=control1 q_pred_context=5.479795 sequence=134.276109
[plan] step=37 node=N1532 type=observe q_pred_context=3.688820 sequence=137.850644
[plan] step=38 node=N4635 type=control0 q_pred_context=8.370000 sequence=146.106358
[plan] step=39 node=N7890 type=control1 q_pred_context=5.054578 sequence=151.160936
[plan] step=40 node=N7889 type=control1 q_pred_context=4.975340 sequence=156.002942
[plan] step=41 node=N7888 type=control1 q_pred_context=5.052346 sequence=160.921955
[plan] step=42 node=N7891 type=control1 q_pred_context=3.611023 sequence=164.399645
[plan] step=43 node=N7887 type=control1 q_pred_context=4.318417 sequence=168.584728
[plan] step=44 node=N7886 type=control1 q_pred_context=3.812768 sequence=172.264163
[plan] step=45 node=N7885 type=control1 q_pred_context=3.898440 sequence=176.029269
[plan] step=46 node=N7884 type=control1 q_pred_context=2.650648 sequence=178.546584
[plan] step=47 node=N7883 type=control1 q_pred_context=1.262269 sequence=179.675520
[plan] step=48 node=N3882 type=control0 q_pred_context=0.754490 sequence=180.315725
[plan] step=49 node=N4712 type=control0 q_pred_context=2.178791 sequence=182.380230
[plan] step=50 node=N4606 type=control0 q_pred_context=0.855612 sequence=183.035843
[plan] step=51 node=N7882 type=control1 q_pred_context=0.871252 sequence=183.773762
[plan] step=52 node=N3903 type=control0 q_pred_context=0.897573 sequence=184.557049
[plan] step=53 node=N4649 type=control0 q_pred_context=1.325861 sequence=185.768624
[plan] step=54 node=N704 type=observe q_pred_context=1.556803 sequence=187.236538
[plan] step=55 node=N724 type=observe q_pred_context=2.415036 sequence=189.491574
[plan] step=56 node=N713 type=observe q_pred_context=1.418108 sequence=190.749682
[plan] step=57 node=N4705 type=control0 q_pred_context=1.301493 sequence=191.936890
[plan] step=58 node=N4656 type=control0 q_pred_context=1.259599 sequence=193.082203
[plan] step=59 node=N3889 type=control0 q_pred_context=1.014871 sequence=193.982789
[plan] step=60 node=N4698 type=control0 q_pred_context=1.124748 sequence=194.993251
[plan] step=61 node=N3840 type=control0 q_pred_context=1.204957 sequence=196.083922
[plan] step=62 node=N3805 type=control0 q_pred_context=1.230285 sequence=197.199922
[plan] step=63 node=N3911 type=control0 q_pred_context=1.218623 sequence=198.218544
[plan] step=64 node=N4585 type=control0 q_pred_context=1.221398 sequence=199.239943
[plan] step=65 node=N4557 type=control0 q_pred_context=1.379862 sequence=200.419805
[plan] step=66 node=N4578 type=control0 q_pred_context=1.365800 sequence=201.585605
[plan] step=67 node=N4564 type=control0 q_pred_context=1.406078 sequence=202.791683
[plan] step=68 node=N3722 type=control0 q_pred_context=1.204978 sequence=203.796661
[plan] step=69 node=N4691 type=control0 q_pred_context=0.946376 sequence=204.628751
[plan] step=70 node=N4684 type=control0 q_pred_context=0.953527 sequence=205.467993
[plan] step=71 node=N4677 type=control0 q_pred_context=0.996707 sequence=206.350414
[plan] step=72 node=N4663 type=control0 q_pred_context=1.272092 sequence=207.508221
[plan] step=73 node=N725 type=observe q_pred_context=2.301171 sequence=209.649391
[plan] step=74 node=N4716 type=control0 q_pred_context=2.391776 sequence=211.907834
[plan] step=75 node=N7543 type=control0 q_pred_context=2.327701 sequence=214.135535
[plan] step=76 node=N519 type=control1 q_pred_context=1.704720 sequence=215.840254
[plan] step=77 node=N7724 type=control0 q_pred_context=1.767636 sequence=217.519001
[plan] step=78 node=N7854 type=control0 q_pred_context=2.966625 sequence=220.396737
[plan] step=79 node=N1539 type=control0 q_pred_context=2.464343 sequence=222.746794
[plan] step=80 node=N7471 type=control0 q_pred_context=1.230005 sequence=223.776799
[plan] step=81 node=N516 type=control1 q_pred_context=1.333809 sequence=225.010608
[plan] step=82 node=N504 type=control1 q_pred_context=1.240410 sequence=226.091019
[plan] step=83 node=N7881 type=control1 q_pred_context=1.090904 sequence=227.048589
[plan] step=84 node=N2083 type=observe q_pred_context=1.427911 sequence=228.362215
[plan] step=85 node=N513 type=control1 q_pred_context=1.911847 sequence=230.114062
[plan] step=86 node=N7370 type=control1 q_pred_context=1.336215 sequence=231.335991
[plan] step=87 node=N555 type=control1 q_pred_context=1.163119 sequence=232.339110
[plan] step=88 node=N3701 type=control0 q_pred_context=1.322936 sequence=233.462046
[plan] step=89 node=N7722 type=control0 q_pred_context=2.102100 sequence=235.430813
[plan] step=90 node=N3896 type=control0 q_pred_context=2.476805 sequence=237.793332
[plan] step=91 node=N3681 type=control0 q_pred_context=3.482302 sequence=241.175634
[plan] step=92 node=N7721 type=control0 q_pred_context=2.436999 sequence=243.479300
[plan] step=93 node=N7870 type=control1 q_pred_context=3.030285 sequence=246.309585
[plan] step=94 node=N3862 type=control0 q_pred_context=3.036159 sequence=249.145744
[plan] step=95 node=N4520 type=control0 q_pred_context=3.710192 sequence=252.655936
[plan] step=96 node=N7723 type=control0 q_pred_context=3.261685 sequence=255.784288
[plan] step=97 node=N7725 type=control0 q_pred_context=3.296816 sequence=258.947770
[plan] step=98 node=N556 type=control1 q_pred_context=3.963380 sequence=262.751150
[plan] step=99 node=N1533 type=control1 q_pred_context=3.289842 sequence=265.840993
[plan] step=100 node=N3792 type=control0 q_pred_context=6.391175 sequence=272.032167
[plan] step=101 node=N7588 type=control1 q_pred_context=2.600533 sequence=274.543812
[plan] step=102 node=N634 type=control1 q_pred_context=2.562172 sequence=277.105984
[plan] step=103 node=N3904 type=control0 q_pred_context=4.621473 sequence=281.527457
[plan] step=104 node=N7408 type=control0 q_pred_context=4.699249 sequence=286.026706
[plan] step=105 node=N3855 type=control0 q_pred_context=4.994466 sequence=290.821172
[plan] step=106 node=N3848 type=control0 q_pred_context=4.480783 sequence=295.101955
[plan] step=107 node=N3799 type=control0 q_pred_context=4.439571 sequence=299.341525
[plan] step=108 node=N7541 type=control0 q_pred_context=5.129708 sequence=304.337900
[plan] step=109 node=N3841 type=control0 q_pred_context=2.993885 sequence=307.131785
[plan] step=110 node=N3180 type=control1 q_pred_context=2.564269 sequence=309.696054
[plan] step=111 node=N610 type=control1 q_pred_context=2.330769 sequence=311.937935
[plan] step=112 node=N520 type=control1 q_pred_context=3.752843 sequence=315.530777
[plan] step=113 node=N3410 type=control1 q_pred_context=5.169930 sequence=320.611818
[plan] step=114 node=N620 type=control1 q_pred_context=5.145805 sequence=325.597623
[plan] step=115 node=N3827 type=control0 q_pred_context=4.843929 sequence=330.241552
[plan] step=116 node=N638 type=control1 q_pred_context=6.919211 sequence=337.000762
[plan] step=117 node=N3820 type=control0 q_pred_context=5.098940 sequence=341.899702
[plan] step=118 node=N7590 type=control1 q_pred_context=4.370623 sequence=346.070325
[plan] step=119 node=N614 type=control1 q_pred_context=2.948968 sequence=348.859293
[plan] step=120 node=N3813 type=control0 q_pred_context=2.774495 sequence=351.433788
[plan] step=121 node=N7820 type=control0 q_pred_context=6.093966 sequence=357.327754
[plan] step=122 node=N3785 type=control0 q_pred_context=3.530509 sequence=360.658264
[plan] step=123 node=N1411 type=control0 q_pred_context=3.347240 sequence=363.805503
[plan] step=124 node=N7421 type=control1 q_pred_context=2.058928 sequence=365.731098
[plan] step=125 node=N645 type=control1 q_pred_context=2.795634 sequence=368.366732
[plan] step=126 node=N578 type=observe q_pred_context=1.629311 sequence=369.862710
[plan] step=127 node=N7879 type=control1 q_pred_context=1.353630 sequence=371.116340
[plan] step=128 node=N7454 type=observe q_pred_context=1.523129 sequence=372.550580
[plan] step=129 node=N2157 type=observe q_pred_context=3.184322 sequence=375.646014
[plan] step=130 node=N7856 type=control1 q_pred_context=2.598882 sequence=378.111563
[plan] step=131 node=N7401 type=observe q_pred_context=1.311961 sequence=379.263524
[plan] step=132 node=N616 type=control1 q_pred_context=1.408247 sequence=380.511770
[plan] step=133 node=N636 type=control1 q_pred_context=1.845621 sequence=382.197392
[plan] step=134 node=N2102 type=observe q_pred_context=1.823687 sequence=383.861078
[plan] step=135 node=N5876 type=observe q_pred_context=1.255737 sequence=385.002529
[plan] step=136 node=N7877 type=control1 q_pred_context=2.066242 sequence=386.968771
[plan] step=137 node=N3295 type=control1 q_pred_context=2.350344 sequence=389.230226
[plan] step=138 node=N7679 type=observe q_pred_context=1.043427 sequence=390.140320
[plan] step=139 node=N7892 type=control1 q_pred_context=1.958740 sequence=391.965727
[plan] step=140 node=N630 type=control1 q_pred_context=1.624702 sequence=393.430429
[plan] step=141 node=N642 type=control1 q_pred_context=2.352303 sequence=395.622732
[plan] step=142 node=N694 type=observe q_pred_context=3.980623 sequence=399.443355
[plan] step=143 node=N649 type=control1 q_pred_context=1.803239 sequence=401.086594
[plan] step=144 node=N3525 type=control1 q_pred_context=2.513361 sequence=403.511065
[plan] step=145 node=N5603 type=observe q_pred_context=1.796526 sequence=405.107591
[plan] step=146 node=N7424 type=control1 q_pred_context=2.230624 sequence=407.223929
[plan] step=147 node=N2106 type=observe q_pred_context=1.577769 sequence=408.641698
[plan] step=148 node=N6531 type=observe q_pred_context=1.849374 sequence=410.491072
[plan] step=149 node=N1607 type=control1 q_pred_context=1.040410 sequence=411.431482
[plan] step=150 node=N7385 type=observe q_pred_context=3.171265 sequence=414.402748
[plan] step=151 node=N2149 type=observe q_pred_context=1.277312 sequence=415.565774
[plan] step=152 node=N1987 type=observe q_pred_context=0.512350 sequence=415.963838
[plan] step=153 node=N5874 type=observe q_pred_context=1.079147 sequence=416.928699
[plan] step=154 node=N5740 type=observe q_pred_context=1.307094 sequence=418.035792
[plan] step=155 node=N7627 type=observe q_pred_context=2.057802 sequence=419.960261
[plan] step=156 node=N647 type=control1 q_pred_context=2.434094 sequence=422.234354
[plan] step=157 node=N1586 type=control1 q_pred_context=2.360081 sequence=424.434435
[plan] step=158 node=N5738 type=observe q_pred_context=2.030681 sequence=426.265117
[plan] step=159 node=N5878 type=observe q_pred_context=2.446460 sequence=428.597291
[plan] step=160 node=N7442 type=control0 q_pred_context=4.244402 sequence=432.641693
[plan] step=161 node=N6533 type=observe q_pred_context=0.773807 sequence=433.301214
[plan] step=162 node=N723 type=observe q_pred_context=1.664281 sequence=434.805495
[plan] step=163 node=N714 type=observe q_pred_context=1.951110 sequence=436.596604
[plan] step=164 node=N5473 type=observe q_pred_context=1.533250 sequence=437.929855
[plan] step=165 node=N7614 type=observe q_pred_context=1.697124 sequence=439.493645
[plan] step=166 node=N7436 type=observe q_pred_context=1.796858 sequence=441.130503
[plan] step=167 node=N712 type=observe q_pred_context=2.198281 sequence=443.168784
[plan] step=168 node=N722 type=observe q_pred_context=2.297104 sequence=445.305888
[plan] step=169 node=N715 type=observe q_pred_context=2.038460 sequence=447.184348
[plan] step=170 node=N3467 type=control1 q_pred_context=0.776077 sequence=447.871536
[plan] step=171 node=N2652 type=control1 q_pred_context=0.977744 sequence=448.760392
[plan] step=172 node=N2721 type=control1 q_pred_context=1.044261 sequence=449.715764
[plan] step=173 node=N2894 type=control1 q_pred_context=1.320182 sequence=450.947057
[plan] step=174 node=N2952 type=control1 q_pred_context=1.294671 sequence=452.152839
[plan] step=175 node=N2779 type=control1 q_pred_context=1.390472 sequence=453.454422
[plan] step=176 node=N7405 type=observe q_pred_context=1.253882 sequence=454.508304
[plan] step=177 node=N6685 type=observe q_pred_context=2.859689 sequence=457.253708
[plan] step=178 node=N5356 type=observe q_pred_context=3.216666 sequence=460.270374
[plan] step=179 node=N706 type=observe q_pred_context=6.824174 sequence=466.934547
[plan] step=180 node=N5456 type=observe q_pred_context=6.239017 sequence=472.973565
[plan] step=181 node=N703 type=observe q_pred_context=5.205677 sequence=478.019242
[plan] step=182 node=N6678 type=observe q_pred_context=1.511394 sequence=479.416350
[plan] step=183 node=N5422 type=observe q_pred_context=5.603056 sequence=484.819406
[plan] step=184 node=N7439 type=observe q_pred_context=5.346111 sequence=490.005517
[plan] step=185 node=N679 type=observe q_pred_context=5.344272 sequence=495.189789
[plan] step=186 node=N5439 type=observe q_pred_context=6.441154 sequence=501.430943
[plan] step=187 node=N705 type=observe q_pred_context=5.111933 sequence=506.382876
[plan] step=188 node=N6682 type=observe q_pred_context=3.036039 sequence=509.285582
[plan] step=189 node=N7404 type=observe q_pred_context=6.523071 sequence=515.648653
[plan] step=190 node=N5390 type=observe q_pred_context=4.682444 sequence=520.131097
[plan] step=191 node=N2580 type=control1 q_pred_context=4.455157 sequence=524.471968
[plan] step=192 node=N7873 type=control1 q_pred_context=5.728169 sequence=530.100137
[plan] step=193 node=N2072 type=observe q_pred_context=1.800054 sequence=531.740191
[plan] step=194 node=N1598 type=observe q_pred_context=3.875125 sequence=535.455316
[plan] step=195 node=N5334 type=observe q_pred_context=6.992350 sequence=542.247666
[plan] step=196 node=N5373 type=observe q_pred_context=5.767785 sequence=547.815451
[plan] step=197 node=N6673 type=observe q_pred_context=1.841139 sequence=549.496590
[plan] step=198 node=N1879 type=observe q_pred_context=6.011361 sequence=555.347951
[plan] step=199 node=N708 type=observe q_pred_context=4.762126 sequence=559.995791
[plan] step=200 node=N7542 type=control0 q_pred_context=1.064162 sequence=560.859953
[plan] step=201 node=N7380 type=observe q_pred_context=0.676855 sequence=561.376808
[plan] step=202 node=N1599 type=observe q_pred_context=6.170200 sequence=567.387008
[plan] step=203 node=N719 type=observe q_pred_context=6.953485 sequence=574.180493
[plan] step=204 node=N699 type=observe q_pred_context=6.530573 sequence=580.551067
[plan] step=205 node=N752 type=observe q_pred_context=0.544489 sequence=580.935556
[plan] step=206 node=N1351 type=observe q_pred_context=7.356925 sequence=588.132481
[plan] step=207 node=N686 type=observe q_pred_context=6.347787 sequence=594.320268
[plan] step=208 node=N734 type=observe q_pred_context=1.051812 sequence=595.212080
[plan] step=209 node=N758 type=observe q_pred_context=5.653227 sequence=600.705307
[plan] step=210 node=N689 type=observe q_pred_context=5.720287 sequence=606.265594
[plan] step=211 node=N7381 type=observe q_pred_context=6.454607 sequence=612.560200
[plan] step=212 node=N684 type=observe q_pred_context=1.292817 sequence=613.693018
[plan] step=213 node=N729 type=observe q_pred_context=5.335374 sequence=618.868391
[plan] step=214 node=N5094 type=observe q_pred_context=5.313924 sequence=624.068029
[plan] step=215 node=N771 type=observe q_pred_context=5.576684 sequence=629.484713
[plan] step=216 node=N5735 type=observe q_pred_context=3.205390 sequence=632.575818
[plan] step=217 node=N2271 type=observe q_pred_context=1.667259 sequence=634.083076
[plan] step=218 node=N6581 type=observe q_pred_context=5.730000 sequence=639.679743
[plan] step=219 node=N7444 type=observe q_pred_context=5.940273 sequence=645.460016
[plan] step=220 node=N5160 type=observe q_pred_context=6.362507 sequence=651.708237
[plan] step=221 node=N2243 type=observe q_pred_context=6.515873 sequence=658.064109
[plan] step=222 node=N697 type=observe q_pred_context=5.786469 sequence=663.690579
[plan] step=223 node=N6660 type=observe q_pred_context=6.006644 sequence=669.563889
[plan] step=224 node=N2267 type=observe q_pred_context=5.831634 sequence=675.235523
[plan] step=225 node=N696 type=observe q_pred_context=5.777098 sequence=680.852621
[plan] step=226 node=N7391 type=observe q_pred_context=5.686138 sequence=686.378759
[plan] step=227 node=N2259 type=observe q_pred_context=5.929865 sequence=692.148624
[plan] step=228 node=N4460 type=control0 q_pred_context=5.482188 sequence=697.430812
[plan] step=229 node=N5111 type=observe q_pred_context=3.467504 sequence=700.784031
[plan] step=230 node=N2263 type=observe q_pred_context=5.909374 sequence=706.533405
[plan] step=231 node=N5283 type=observe q_pred_context=3.995616 sequence=710.329021
[plan] step=232 node=N8790 type=control1 q_pred_context=6.111184 sequence=716.340205
[plan] step=233 node=N6656 type=observe q_pred_context=5.466770 sequence=721.673641
[plan] step=234 node=N8240 type=control1 q_pred_context=3.942662 sequence=725.516304
[plan] step=235 node=N2251 type=observe q_pred_context=4.767905 sequence=730.124209
[plan] step=236 node=N695 type=observe q_pred_context=5.565678 sequence=735.529887
[plan] step=237 node=N8789 type=control1 q_pred_context=4.555096 sequence=739.951649
[plan] step=238 node=N7440 type=observe q_pred_context=4.752383 sequence=744.504032
[plan] step=239 node=N8239 type=control1 q_pred_context=5.856043 sequence=750.226742
[plan] step=240 node=N2247 type=observe q_pred_context=5.396299 sequence=755.463042
[plan] step=241 node=N4900 type=observe q_pred_context=2.294172 sequence=757.597213
[plan] step=242 node=N8607 type=control1 q_pred_context=5.851485 sequence=763.348698
[plan] step=243 node=N680 type=observe q_pred_context=5.662967 sequence=768.851665
[plan] step=244 node=N4359 type=control0 q_pred_context=3.107351 sequence=771.759016
[plan] step=245 node=N4421 type=control0 q_pred_context=3.846828 sequence=775.405844
[plan] step=246 node=N6537 type=observe q_pred_context=6.096784 sequence=781.388342
[plan] step=247 node=N2159 type=observe q_pred_context=0.920412 sequence=782.148754
[plan] step=248 node=N7452 type=observe q_pred_context=2.149724 sequence=784.138477
[plan] step=249 node=N2151 type=observe q_pred_context=2.623550 sequence=786.602027
[plan] step=250 node=N6658 type=observe q_pred_context=1.104420 sequence=787.546447
[plan] step=251 node=N2255 type=observe q_pred_context=1.290476 sequence=788.676923
[plan] step=252 node=N732 type=observe q_pred_context=5.265947 sequence=793.782870
[plan] step=253 node=N1352 type=observe q_pred_context=2.700387 sequence=796.368972
[plan] step=254 node=N4367 type=control0 q_pred_context=3.457118 sequence=799.626090
[plan] step=255 node=N2216 type=observe q_pred_context=5.509235 sequence=804.975325
[plan] step=256 node=N4532 type=control0 q_pred_context=1.926248 sequence=806.701573
[plan] step=257 node=N4442 type=control0 q_pred_context=2.555124 sequence=809.056698
[plan] step=258 node=N6680 type=observe q_pred_context=4.190298 sequence=813.146996
[plan] step=259 node=N2218 type=observe q_pred_context=3.980618 sequence=816.967613
[plan] step=260 node=N717 type=observe q_pred_context=5.797429 sequence=822.605042
[plan] step=261 node=N2185 type=observe q_pred_context=5.730000 sequence=828.175042
[plan] step=262 node=N733 type=observe q_pred_context=5.702874 sequence=833.717916
[plan] step=263 node=N2183 type=observe q_pred_context=5.275089 sequence=838.833005
[plan] step=264 node=N6562 type=observe q_pred_context=4.207856 sequence=842.880861
[plan] step=265 node=N2203 type=observe q_pred_context=5.136948 sequence=847.857809
[plan] step=266 node=N735 type=observe q_pred_context=5.186095 sequence=852.883904
[plan] step=267 node=N2205 type=observe q_pred_context=5.171613 sequence=857.895516
[plan] step=268 node=N2201 type=observe q_pred_context=5.276055 sequence=863.011571
[plan] step=269 node=N2226 type=observe q_pred_context=5.373665 sequence=868.225237
[plan] step=270 node=N4469 type=control0 q_pred_context=2.432090 sequence=870.457326
[plan] step=271 node=N1348 type=observe q_pred_context=5.928193 sequence=876.271234
[plan] step=272 node=N7694 type=control0 q_pred_context=0.066205 sequence=876.177439
[plan] step=273 node=N4436 type=control0 q_pred_context=1.973981 sequence=877.951419
[plan] step=274 node=N4338 type=control0 q_pred_context=3.895461 sequence=881.646880
[plan] step=275 node=N5715 type=control0 q_pred_context=6.247268 sequence=887.779863
[plan] step=276 node=N652 type=control1 q_pred_context=6.969561 sequence=894.635138
[plan] step=277 node=N5665 type=control0 q_pred_context=3.843604 sequence=898.364456
[plan] step=278 node=N5671 type=control0 q_pred_context=5.500261 sequence=903.750432
saved=autoresearch/loop-260718-0223/quantized_repeats_b15_round13/q0p0001_p0p8_d8__r2/b15_C/plans/iscas99__b15_1__greedy__cumulative__q_pred_context__bw1__d1__c48__g1p0__candhard_fault_cluster__div0p8__s0.csv
