__tpi_op_5___aig_and_368 /0 undetected
GT_118_U6->GT_118_U6_PO /0 undetected
U707->U707_PO /1 undetected
__tpi_not_test_en->__tpi_cp_23_U920 /1 undetected
test_en->__tpi_cp_63___aig_and_370 /0 undetected
__buf_split_462->__aig_and_369 /1 undetected
__aig_and_369 /0 undetected
__tpi_not_test_en->__tpi_cp_20_U918 /1 undetected
test_en->__tpi_cp_59___aig_and_366 /0 undetected
U916 /1 undetected
test_en->__tpi_cp_107___aig_and_363 /0 undetected
__aig_and_363 /0 undetected
__buf_split_455 /1 undetected
U611->U611_PO /1 undetected
__tpi_not_test_en->__tpi_cp_27_U914 /1 undetected
test_en->__tpi_cp_64___aig_and_362 /0 undetected
U913->__aig_and_361 /1 undetected
__aig_not_375->__aig_and_379 /1 undetected
__aig_and_379 /1 undetected
test_en->__tpi_cp_54___aig_and_378 /0 undetected
__tpi_cp_54___aig_and_378 /1 undetected
__aig_not_376->__aig_and_378 /1 undetected
__aig_not_377->__aig_and_378 /1 undetected
__aig_not_374 /1 undetected
__aig_and_368 /0 undetected
test_en->__tpi_cp_111___aig_and_385 /0 undetected
__tpi_not_test_en->__tpi_cp_16_U911 /1 undetected
test_en->__tpi_cp_12_U620 /0 undetected
__tpi_not_test_en->__tpi_cp_70_U909 /1 undetected
test_en->__tpi_cp_112___aig_and_55 /0 undetected
__tpi_not_test_en->__tpi_cp_41___aig_and_54 /1 undetected
__tpi_not_test_en->__tpi_cp_39_U716 /1 undetected
__tpi_not_test_en->__tpi_cp_0___buf_split_523 /1 undetected
__buf_split_228 /1 undetected
U878->__tpi_cp_19_U878 /1 undetected
__tpi_not_test_en->__tpi_cp_19_U878 /1 undetected
__buf_split_119 /1 undetected
test_en->__tpi_cp_50_U726 /0 undetected
__buf_split_118 /1 undetected
U611 /1 undetected
__aig_not_41 /1 undetected
__tpi_not_test_en->__tpi_cp_5_GT_118_U6 /1 undetected
__aig_not_40 /1 undetected
__tpi_not_test_en->__tpi_cp_33___aig_not_840 /1 undetected
__aig_not_840 /1 undetected
test_en->__tpi_cp_93___aig_and_839 /0 undetected
__aig_and_839 /0 undetected
__tpi_not_test_en->__tpi_cp_47___aig_not_1227 /1 undetected
__aig_not_1227 /1 undetected
test_en->__tpi_cp_99___aig_and_1226 /0 undetected
__aig_and_1226 /0 undetected
GT_118_U6 /0 undetected
test_en->__tpi_cp_52___aig_not_518 /0 undetected
__aig_not_518 /0 undetected
__aig_not_843 /1 undetected
__aig_not_842 /1 undetected
__aig_not_1229 /1 undetected
__aig_not_1228 /1 undetected
__aig_not_515 /1 undetected
__aig_not_514 /1 undetected
test_en->__tpi_cp_62___aig_and_513 /0 undetected
__aig_and_513 /0 undetected
__aig_not_512 /1 undetected
__aig_not_511 /1 undetected
__aig_not_1233->__aig_and_1237 /1 undetected
__aig_not_1234 /1 undetected
__aig_not_1232 /1 undetected
test_en->__tpi_cp_60___aig_and_848 /0 undetected
__tpi_not_test_en->__tpi_cp_18___aig_and_82 /1 undetected
__tpi_not_test_en->__tpi_cp_66_U874 /1 undetected
__tpi_cp_66_U874 /1 undetected
U874 /1 undetected
test_en->__tpi_cp_79___aig_and_306 /0 undetected
__aig_and_306 /0 undetected
__tpi_not_test_en->__tpi_cp_88_SUB_110_U13 /1 undetected
__tpi_cp_88_SUB_110_U13 /1 undetected
SUB_110_U13 /1 undetected
SUB_110_U27->__aig_and_697 /1 undetected
__tpi_not_test_en->__tpi_cp_24_SUB_110_U28 /1 undetected
__tpi_cp_24_SUB_110_U28 /1 undetected
SUB_110_U28 /1 undetected
__buf_split_810 /1 undetected
SUB_110_U24 /1 undetected
__tpi_not_test_en->__tpi_cp_74___buf_split_114 /1 undetected
__tpi_not_test_en->__tpi_cp_29_U636 /1 undetected
__tpi_not_test_en->__tpi_cp_10_U634 /1 undetected
test_en->__tpi_cp_104___aig_and_85 /0 undetected
U877 /1 undetected
__tpi_not_test_en->__tpi_cp_48_SUB_110_U19 /1 undetected
__tpi_cp_48_SUB_110_U19 /1 undetected
SUB_110_U19 /1 undetected
__tpi_not_test_en->__tpi_cp_1_SUB_110_U33 /1 undetected
__tpi_cp_1_SUB_110_U33 /1 undetected
SUB_110_U33 /1 undetected
test_en->__tpi_cp_61___aig_and_710 /0 undetected
__buf_split_818->__aig_and_710 /1 undetected
__aig_and_710 /0 undetected
__buf_split_819 /1 undetected
__tpi_not_test_en->__tpi_cp_55_SUB_110_U34 /1 undetected
__tpi_cp_55_SUB_110_U34 /1 undetected
SUB_110_U34 /1 undetected
__buf_split_820->__aig_and_711 /1 undetected
SUB_110_U21 /1 undetected
U876 /1 undetected
__buf_split_393 /1 undetected
SUB_110_U14 /1 undetected
test_en->__tpi_cp_103___aig_and_698 /0 undetected
__aig_and_698 /0 undetected
__tpi_not_test_en->__tpi_cp_71_SUB_110_U31 /1 undetected
__tpi_cp_71_SUB_110_U31 /1 undetected
SUB_110_U31 /1 undetected
__tpi_not_test_en->__tpi_cp_11___buf_split_815 /1 undetected
__tpi_cp_11___buf_split_815 /1 undetected
__buf_split_815 /1 undetected
__buf_split_814 /1 undetected
__tpi_not_test_en->__tpi_cp_2_SUB_110_U32 /1 undetected
__tpi_cp_2_SUB_110_U32 /1 undetected
SUB_110_U32 /1 undetected
__buf_split_817->__aig_and_709 /1 undetected
__buf_split_816 /1 undetected
__tpi_not_test_en->__tpi_cp_92_U875 /1 undetected
__tpi_cp_92_U875 /1 undetected
U875 /1 undetected
test_en->__tpi_cp_114___aig_and_307 /0 undetected
SUB_110_U17->__aig_and_307 /1 undetected
__aig_and_307 /0 undetected
__tpi_not_test_en->__tpi_cp_37_U753 /1 undetected
__tpi_not_test_en->__tpi_cp_34_U757 /1 undetected
__tpi_not_test_en->__tpi_cp_31_U755 /1 undetected
__tpi_not_test_en->__tpi_cp_9_U751 /1 undetected
test_en->__tpi_cp_101___aig_and_184 /0 undetected
__buf_split_635 /1 undetected
U1019 /1 undetected
__buf_split_637 /1 undetected
__buf_split_636 /1 undetected
test_en->__tpi_cp_57___aig_and_483 /0 undetected
__buf_split_629 /1 undetected
U1015 /1 undetected
test_en->__tpi_cp_110___aig_and_484 /0 undetected
__aig_and_484 /0 undetected
__tpi_not_test_en->__tpi_cp_46_SUB_110_U7 /1 undetected
__tpi_cp_46_SUB_110_U7 /1 undetected
SUB_110_U7 /1 undetected
__tpi_not_test_en->__tpi_cp_86___buf_split_787 /1 undetected
__buf_split_787 /1 undetected
test_en->__tpi_cp_106___aig_and_180 /0 undetected
__buf_split_623 /1 undetected
U1011 /1 undetected
__tpi_not_test_en->__tpi_cp_45___buf_split_624 /1 undetected
SUB_110_U6 /1 undetected
__tpi_not_test_en->__tpi_cp_7_SUB_110_U26 /1 undetected
__tpi_cp_7_SUB_110_U26 /1 undetected
SUB_110_U26 /1 undetected
__buf_split_806->__aig_and_703 /1 undetected
__buf_split_807->__aig_and_703 /1 undetected
__tpi_not_test_en->__tpi_cp_87___buf_split_786 /1 undetected
__tpi_cp_87___buf_split_786 /1 undetected
__buf_split_786 /1 undetected
test_en->__tpi_cp_97___aig_and_178 /0 undetected
__buf_split_617 /1 undetected
U1007 /1 undetected
SUB_110_U8 /1 undetected
__tpi_not_test_en->__tpi_cp_3_SUB_110_U25 /1 undetected
__tpi_cp_3_SUB_110_U25 /1 undetected
SUB_110_U25 /1 undetected
__buf_split_804->__aig_and_702 /1 undetected
__buf_split_805->__aig_and_702 /1 undetected
__buf_split_788 /1 undetected
__tpi_not_test_en->__tpi_cp_4___buf_split_265 /1 undetected
__tpi_cp_4___buf_split_265 /1 undetected
__buf_split_265 /1 undetected
U707->__tpi_cp_65_U707 /1 undetected
__tpi_not_test_en->__tpi_cp_65_U707 /1 undetected
__tpi_cp_65_U707 /1 undetected
__buf_split_808->__aig_and_704 /1 undetected
__buf_split_809 /1 undetected
__tpi_not_test_en->__tpi_cp_15_SUB_110_U30 /1 undetected
SUB_110_U30 /1 undetected
test_en->__tpi_cp_68___aig_and_707 /0 undetected
__aig_and_707 /0 undetected
U707 /1 undetected
__tpi_not_test_en->__tpi_cp_78___buf_split_201 /1 undetected
__tpi_not_test_en->__tpi_cp_77_GT_108_U6 /1 undetected
__tpi_cp_77_GT_108_U6 /0 undetected
__tpi_not_test_en->__tpi_cp_94___buf_split_812 /1 undetected
__tpi_not_test_en->__tpi_cp_51___aig_not_1213 /1 undetected
__aig_not_1213 /1 undetected
test_en->__tpi_cp_56___aig_and_1212 /0 undetected
__aig_and_1212 /0 undetected
__tpi_not_test_en->__tpi_cp_17___aig_not_1211 /1 undetected
__aig_not_1216 /1 undetected
__tpi_not_test_en->__tpi_cp_21___aig_not_1215 /1 undetected
__tpi_cp_21___aig_not_1215 /1 undetected
__aig_not_1215 /1 undetected
__aig_and_1214 /1 undetected
__tpi_not_test_en->__tpi_cp_69_GT_108_U9 /1 undetected
__tpi_cp_69_GT_108_U9 /1 undetected
GT_108_U9 /1 undetected
test_en->__tpi_cp_89___aig_and_1223 /0 undetected
__aig_and_1222->__aig_and_1223 /1 undetected
__aig_and_1223 /0 undetected
__aig_not_1219 /1 undetected
__buf_split_1269 /1 undetected
__buf_split_1270 /1 undetected
__tpi_not_test_en->__tpi_cp_84___aig_not_1210 /1 undetected
__tpi_not_test_en->__tpi_cp_14_SUB_110_U16 /1 undetected
test_en->__tpi_cp_67___aig_and_700 /0 undetected
__buf_split_797->__aig_and_700 /1 undetected
__tpi_not_test_en->__tpi_cp_113_SUB_110_U11 /1 undetected
test_en->__tpi_cp_91___aig_and_696 /0 undetected
__buf_split_792->__aig_and_696 /1 undetected
__tpi_not_test_en->__tpi_cp_75_SUB_110_U18 /1 undetected
test_en->__tpi_cp_115___aig_and_701 /0 undetected
__tpi_not_test_en->__tpi_cp_80_SUB_110_U9 /1 undetected
test_en->__tpi_cp_81___aig_and_695 /0 undetected
__tpi_not_test_en->__tpi_cp_108_U750 /1 undetected
test_en->__tpi_cp_105___aig_and_177 /0 undetected
__tpi_not_test_en->__tpi_cp_22_U1005 /1 undetected
__tpi_not_test_en->__tpi_cp_82_U752 /1 undetected
test_en->__tpi_cp_109___aig_and_179 /0 undetected
__tpi_not_test_en->__tpi_cp_25_U1009 /1 undetected
__tpi_not_test_en->__tpi_cp_13_SUB_103_U8 /1 undetected
test_en->__tpi_cp_72___aig_and_624 /0 undetected
__tpi_not_test_en->__tpi_cp_85___aig_and_181 /1 undetected
__tpi_not_test_en->__tpi_cp_30_U1012 /1 undetected
test_en->__tpi_cp_26___aig_and_482 /0 undetected
__tpi_not_test_en->__tpi_cp_6_U756 /1 undetected
__tpi_not_test_en->__tpi_cp_102___aig_and_183 /1 undetected
__tpi_not_test_en->__tpi_cp_116_U1017 /1 undetected
test_en->__tpi_cp_100___aig_and_486 /0 undetected
__tpi_not_test_en->__tpi_cp_28_SUB_103_U10 /1 undetected
test_en->__tpi_cp_90___aig_and_630 /0 undetected
