[plan] torch_deterministic=true
[plan] candidate_allowlist=autoresearch/original-netlist-recovery-260712/exact_itc99/b15_C/exact_candidate_nodes.txt nodes=7918
[plan] latent_norm_clip_ratio=4 latent_norm_limit=30.875631
[plan] step=1 node=N677 type=control1 q_typed_reliable_context=4.858065 sequence=4.858065
[plan] step=2 node=N2155 type=observe q_typed_reliable_context=3.267011 sequence=8.125076
[plan] step=3 node=N502 type=control1 q_typed_reliable_context=2.192107 sequence=10.317183
[plan] step=4 node=N762 type=control1 q_typed_reliable_context=1.446094 sequence=11.763276
[plan] step=5 node=N3742 type=control0 q_typed_reliable_context=0.929541 sequence=12.692818
[plan] step=6 node=N3644 type=control0 q_typed_reliable_context=1.489064 sequence=14.181882
[plan] step=7 node=N557 type=control1 q_typed_reliable_context=0.910940 sequence=15.092822
[plan] step=8 node=N3756 type=control0 q_typed_reliable_context=1.097941 sequence=16.190763
[plan] step=9 node=N564 type=control1 q_typed_reliable_context=1.334620 sequence=17.525383
[plan] step=10 node=N2336 type=control1 q_typed_reliable_context=1.557724 sequence=19.083107
[plan] step=11 node=N5143 type=observe q_typed_reliable_context=1.325577 sequence=20.408684
[plan] step=12 node=N7511 type=control1 q_typed_reliable_context=1.450593 sequence=21.859278
[plan] step=13 node=N580 type=control1 q_typed_reliable_context=1.255322 sequence=23.114599
[plan] step=14 node=N2082 type=observe q_typed_reliable_context=1.398669 sequence=24.513268
[plan] step=15 node=N737 type=control1 q_typed_reliable_context=3.600376 sequence=28.113644
[plan] step=16 node=N3722 type=control0 q_typed_reliable_context=0.942313 sequence=29.055957
[plan] step=17 node=N496 type=control1 q_typed_reliable_context=1.745042 sequence=30.800999
[plan] step=18 node=N5723 type=control0 q_typed_reliable_context=1.392575 sequence=32.193575
[plan] step=19 node=N5203 type=control1 q_typed_reliable_context=1.998558 sequence=34.192132
[plan] step=20 node=N2153 type=observe q_typed_reliable_context=2.156696 sequence=36.348829
[plan] step=21 node=N1853 type=observe q_typed_reliable_context=2.699753 sequence=39.048582
[plan] step=22 node=N2101 type=observe q_typed_reliable_context=2.287403 sequence=41.335984
[plan] step=23 node=N4656 type=control0 q_typed_reliable_context=2.865532 sequence=44.201517
[plan] step=24 node=N1860 type=observe q_typed_reliable_context=2.524433 sequence=46.725950
[plan] step=25 node=N1372 type=observe q_typed_reliable_context=1.809229 sequence=48.535179
[plan] step=26 node=N1532 type=observe q_typed_reliable_context=1.525321 sequence=50.060500
[plan] step=27 node=N582 type=control1 q_typed_reliable_context=1.339536 sequence=51.400037
[plan] step=28 node=N766 type=control1 q_typed_reliable_context=0.722613 sequence=52.122650
[plan] step=29 node=N1437 type=control1 q_typed_reliable_context=0.837137 sequence=52.959787
[plan] step=30 node=N583 type=control1 q_typed_reliable_context=0.936163 sequence=53.895950
[plan] step=31 node=N893 type=observe q_typed_reliable_context=0.812246 sequence=54.708196
[plan] latent_reencode step=32 interval=32 blend=0.25
[plan] step=32 node=N4684 type=control0 q_typed_reliable_context=3.295865 sequence=58.004061
[plan] step=33 node=N4670 type=control0 q_typed_reliable_context=2.152576 sequence=60.156637
[plan] step=34 node=N7411 type=control1 q_typed_reliable_context=0.785752 sequence=60.942389
[plan] step=35 node=N5234 type=observe q_typed_reliable_context=1.003578 sequence=61.945968
[plan] step=36 node=N4677 type=control0 q_typed_reliable_context=2.306870 sequence=64.252837
[plan] step=37 node=N4663 type=control0 q_typed_reliable_context=2.891133 sequence=67.143970
[plan] step=38 node=N4635 type=control0 q_typed_reliable_context=3.021718 sequence=70.165689
[plan] step=39 node=N6537 type=observe q_typed_reliable_context=4.388372 sequence=74.554061
[plan] step=40 node=N704 type=observe q_typed_reliable_context=6.601109 sequence=81.155170
[plan] step=41 node=N7891 type=control1 q_typed_reliable_context=0.511962 sequence=81.667132
[plan] step=42 node=N4691 type=control0 q_typed_reliable_context=1.942823 sequence=83.609955
[plan] step=43 node=N7413 type=control1 q_typed_reliable_context=0.459903 sequence=84.069858
[plan] step=44 node=N8470 type=observe q_typed_reliable_context=1.508772 sequence=85.578630
[plan] step=45 node=N4649 type=control0 q_typed_reliable_context=1.667459 sequence=87.246090
[plan] step=46 node=N4698 type=control0 q_typed_reliable_context=1.476162 sequence=88.722252
[plan] step=47 node=N724 type=observe q_typed_reliable_context=1.528506 sequence=90.250758
[plan] step=48 node=N7889 type=control1 q_typed_reliable_context=0.554171 sequence=90.804929
[plan] step=49 node=N4705 type=control0 q_typed_reliable_context=1.694415 sequence=92.499344
[plan] step=50 node=N7887 type=control1 q_typed_reliable_context=0.643260 sequence=93.142604
[plan] step=51 node=N7885 type=control1 q_typed_reliable_context=0.680061 sequence=93.822665
[plan] step=52 node=N3903 type=control0 q_typed_reliable_context=0.900403 sequence=94.723068
[plan] step=53 node=N4712 type=control0 q_typed_reliable_context=1.223494 sequence=95.946562
[plan] step=54 node=N4716 type=control0 q_typed_reliable_context=1.101978 sequence=97.048540
[plan] step=55 node=N4585 type=control0 q_typed_reliable_context=0.906881 sequence=97.955421
[plan] step=56 node=N4578 type=control0 q_typed_reliable_context=0.837550 sequence=98.792971
[plan] step=57 node=N4564 type=control0 q_typed_reliable_context=0.824499 sequence=99.617470
[plan] step=58 node=N4557 type=control0 q_typed_reliable_context=0.870181 sequence=100.487651
[plan] step=59 node=N7506 type=observe q_typed_reliable_context=1.105120 sequence=101.592771
[plan] step=60 node=N3896 type=control0 q_typed_reliable_context=0.970421 sequence=102.563193
[plan] step=61 node=N3889 type=control0 q_typed_reliable_context=0.878622 sequence=103.441815
[plan] step=62 node=N3882 type=control0 q_typed_reliable_context=0.887098 sequence=104.328913
[plan] step=63 node=N3805 type=control0 q_typed_reliable_context=0.953320 sequence=105.282233
[plan] latent_reencode step=64 interval=32 blend=0.25
[plan] step=64 node=N4606 type=control0 q_typed_reliable_context=0.944590 sequence=106.226823
[plan] step=65 node=N2350 type=control0 q_typed_reliable_context=1.042663 sequence=107.269486
[plan] step=66 node=N519 type=control1 q_typed_reliable_context=1.199772 sequence=108.469258
[plan] step=67 node=N3911 type=control0 q_typed_reliable_context=0.947980 sequence=109.417238
[plan] step=68 node=N3904 type=control0 q_typed_reliable_context=0.950092 sequence=110.367330
[plan] step=69 node=N7722 type=control0 q_typed_reliable_context=1.384946 sequence=111.752277
[plan] step=70 node=N3701 type=control0 q_typed_reliable_context=1.098333 sequence=112.850609
[plan] step=71 node=N7724 type=control0 q_typed_reliable_context=1.020112 sequence=113.870721
[plan] step=72 node=N3897 type=control0 q_typed_reliable_context=1.131733 sequence=115.002455
[plan] step=73 node=N1539 type=control0 q_typed_reliable_context=1.296974 sequence=116.299429
[plan] step=74 node=N7471 type=control0 q_typed_reliable_context=1.237570 sequence=117.536999
[plan] step=75 node=N504 type=control1 q_typed_reliable_context=1.540714 sequence=119.077713
[plan] step=76 node=N516 type=control1 q_typed_reliable_context=1.243962 sequence=120.321675
[plan] step=77 node=N3862 type=control0 q_typed_reliable_context=1.044214 sequence=121.365890
[plan] step=78 node=N899 type=observe q_typed_reliable_context=1.130570 sequence=122.496459
[plan] step=79 node=N3855 type=control0 q_typed_reliable_context=1.098123 sequence=123.594582
[plan] step=80 node=N2083 type=observe q_typed_reliable_context=1.253547 sequence=124.848129
[plan] step=81 node=N4520 type=control0 q_typed_reliable_context=0.875742 sequence=125.723872
[plan] step=82 node=N7725 type=control0 q_typed_reliable_context=1.470722 sequence=127.194594
[plan] step=83 node=N7723 type=control0 q_typed_reliable_context=1.327684 sequence=128.522278
[plan] step=84 node=N513 type=control1 q_typed_reliable_context=1.620066 sequence=130.142344
[plan] step=85 node=N555 type=control1 q_typed_reliable_context=1.464833 sequence=131.607177
[plan] step=86 node=N2044 type=observe q_typed_reliable_context=1.542982 sequence=133.150159
[plan] step=87 node=N7854 type=control0 q_typed_reliable_context=1.270183 sequence=134.420343
[plan] step=88 node=N520 type=control1 q_typed_reliable_context=1.667422 sequence=136.087764
[plan] step=89 node=N2042 type=observe q_typed_reliable_context=1.019360 sequence=137.107124
[plan] step=90 node=N556 type=control1 q_typed_reliable_context=2.042288 sequence=139.149413
[plan] step=91 node=N7721 type=control0 q_typed_reliable_context=0.705200 sequence=139.854612
[plan] step=92 node=N507 type=control1 q_typed_reliable_context=2.261863 sequence=142.116475
[plan] step=93 node=N3848 type=control0 q_typed_reliable_context=0.920138 sequence=143.036613
[plan] step=94 node=N7890 type=control1 q_typed_reliable_context=1.277817 sequence=144.314430
[plan] step=95 node=N7884 type=control1 q_typed_reliable_context=1.013856 sequence=145.328286
[plan] latent_reencode step=96 interval=32 blend=0.25
[plan] step=96 node=N7408 type=control0 q_typed_reliable_context=1.010433 sequence=146.338719
[plan] step=97 node=N7370 type=control1 q_typed_reliable_context=1.343968 sequence=147.682687
[plan] step=98 node=N3682 type=control0 q_typed_reliable_context=1.566078 sequence=149.248765
[plan] step=99 node=N3827 type=control0 q_typed_reliable_context=1.435635 sequence=150.684400
[plan] step=100 node=N3820 type=control0 q_typed_reliable_context=1.386816 sequence=152.071216
[plan] step=101 node=N7541 type=control0 q_typed_reliable_context=1.454989 sequence=153.526205
[plan] step=102 node=N7590 type=control1 q_typed_reliable_context=1.695314 sequence=155.221518
[plan] step=103 node=N510 type=control1 q_typed_reliable_context=1.673505 sequence=156.895023
[plan] step=104 node=N694 type=observe q_typed_reliable_context=2.823009 sequence=159.718032
[plan] step=105 node=N3813 type=control0 q_typed_reliable_context=1.592267 sequence=161.310299
[plan] step=106 node=N3799 type=control0 q_typed_reliable_context=1.618639 sequence=162.928938
[plan] step=107 node=N7727 type=control0 q_typed_reliable_context=1.201704 sequence=164.130642
[plan] step=108 node=N7726 type=control0 q_typed_reliable_context=1.288710 sequence=165.419353
[plan] step=109 node=N3792 type=control0 q_typed_reliable_context=1.470845 sequence=166.890198
[plan] step=110 node=N7731 type=control0 q_typed_reliable_context=1.275598 sequence=168.165796
[plan] step=111 node=N7846 type=control0 q_typed_reliable_context=1.500626 sequence=169.666422
[plan] step=112 node=N3785 type=control0 q_typed_reliable_context=1.477218 sequence=171.143640
[plan] step=113 node=N722 type=observe q_typed_reliable_context=2.299866 sequence=173.443506
[plan] step=114 node=N713 type=observe q_typed_reliable_context=2.408838 sequence=175.852344
[plan] step=115 node=N7852 type=control0 q_typed_reliable_context=2.940807 sequence=178.793151
[plan] step=116 node=N7883 type=control1 q_typed_reliable_context=3.755364 sequence=182.548515
[plan] step=117 node=N7853 type=control0 q_typed_reliable_context=4.564808 sequence=187.113323
[plan] step=118 node=N3124 type=control1 q_typed_reliable_context=3.734140 sequence=190.847462
[plan] step=119 node=N7888 type=control1 q_typed_reliable_context=3.841564 sequence=194.689026
[plan] step=120 node=N7820 type=control0 q_typed_reliable_context=3.245971 sequence=197.934997
[plan] step=121 node=N3352 type=control1 q_typed_reliable_context=2.291051 sequence=200.226048
[plan] step=122 node=N7847 type=control0 q_typed_reliable_context=2.805412 sequence=203.031460
[plan] step=123 node=N3410 type=control1 q_typed_reliable_context=2.222990 sequence=205.254450
[plan] step=124 node=N7518 type=observe q_typed_reliable_context=3.439023 sequence=208.693473
[plan] step=125 node=N7534 type=observe q_typed_reliable_context=3.281662 sequence=211.975136
[plan] step=126 node=N7535 type=observe q_typed_reliable_context=2.452996 sequence=214.428131
[plan] step=127 node=N3180 type=control1 q_typed_reliable_context=2.328665 sequence=216.756796
[plan] latent_reencode step=128 interval=32 blend=0.25
[plan] step=128 node=N7537 type=observe q_typed_reliable_context=5.819054 sequence=222.575850
[plan] step=129 node=N7424 type=control1 q_typed_reliable_context=2.400433 sequence=224.976283
[plan] step=130 node=N645 type=control1 q_typed_reliable_context=1.760661 sequence=226.736945
[plan] step=131 node=N7465 type=observe q_typed_reliable_context=0.879494 sequence=227.616438
[plan] step=132 node=N634 type=control1 q_typed_reliable_context=1.344745 sequence=228.961183
[plan] step=133 node=N636 type=control1 q_typed_reliable_context=1.939437 sequence=230.900620
[plan] step=134 node=N3295 type=control1 q_typed_reliable_context=3.359349 sequence=234.259969
[plan] step=135 node=N785 type=observe q_typed_reliable_context=2.135031 sequence=236.395000
[plan] step=136 node=N2040 type=observe q_typed_reliable_context=5.633532 sequence=242.028532
[plan] step=137 node=N7453 type=observe q_typed_reliable_context=5.579538 sequence=247.608070
[plan] step=138 node=N7500 type=observe q_typed_reliable_context=1.190026 sequence=248.798096
[plan] step=139 node=N7532 type=observe q_typed_reliable_context=3.001745 sequence=251.799841
[plan] step=140 node=N630 type=control1 q_typed_reliable_context=1.075949 sequence=252.875789
[plan] step=141 node=N649 type=control1 q_typed_reliable_context=3.315870 sequence=256.191659
[plan] step=142 node=N642 type=control1 q_typed_reliable_context=2.450617 sequence=258.642276
[plan] step=143 node=N3525 type=control1 q_typed_reliable_context=2.711618 sequence=261.353894
[plan] step=144 node=N614 type=control1 q_typed_reliable_context=2.498291 sequence=263.852185
[plan] step=145 node=N1607 type=control1 q_typed_reliable_context=2.407477 sequence=266.259662
[plan] step=146 node=N647 type=control1 q_typed_reliable_context=2.301481 sequence=268.561144
[plan] step=147 node=N1586 type=control1 q_typed_reliable_context=3.290216 sequence=271.851359
[plan] step=148 node=N616 type=control1 q_typed_reliable_context=1.753636 sequence=273.604995
[plan] step=149 node=N3467 type=control1 q_typed_reliable_context=1.760360 sequence=275.365354
[plan] step=150 node=N2580 type=control1 q_typed_reliable_context=3.650633 sequence=279.015987
[plan] step=151 node=N2652 type=control1 q_typed_reliable_context=1.003178 sequence=280.019165
[plan] step=152 node=N2721 type=control1 q_typed_reliable_context=5.210127 sequence=285.229292
[plan] step=153 node=N2894 type=control1 q_typed_reliable_context=7.010135 sequence=292.239427
[plan] step=154 node=N610 type=control1 q_typed_reliable_context=1.039956 sequence=293.279383
[plan] step=155 node=N638 type=control1 q_typed_reliable_context=0.892169 sequence=294.171553
[plan] step=156 node=N578 type=observe q_typed_reliable_context=0.887178 sequence=295.058731
[plan] step=157 node=N2952 type=control1 q_typed_reliable_context=6.079250 sequence=301.137980
[plan] step=158 node=N2779 type=control1 q_typed_reliable_context=6.500277 sequence=307.638257
[plan] step=159 node=N620 type=control1 q_typed_reliable_context=5.853896 sequence=313.492153
[plan] latent_reencode step=160 interval=32 blend=0.25
[plan] step=160 node=N7624 type=observe q_typed_reliable_context=1.999270 sequence=315.491424
[plan] step=161 node=N5867 type=observe q_typed_reliable_context=1.051053 sequence=316.542477
[plan] step=162 node=N5877 type=observe q_typed_reliable_context=4.463719 sequence=321.006196
[plan] step=163 node=N5627 type=observe q_typed_reliable_context=1.964131 sequence=322.970327
[plan] step=164 node=N7613 type=observe q_typed_reliable_context=1.378312 sequence=324.348639
[plan] step=165 node=N6948 type=observe q_typed_reliable_context=1.209367 sequence=325.558006
[plan] step=166 node=N1552 type=observe q_typed_reliable_context=0.747470 sequence=326.305477
[plan] step=167 node=N6538 type=observe q_typed_reliable_context=0.481296 sequence=326.786773
[plan] step=168 node=N7402 type=observe q_typed_reliable_context=1.432644 sequence=328.219417
[plan] step=169 node=N7442 type=control0 q_typed_reliable_context=0.658483 sequence=328.877901
[plan] step=170 node=N7679 type=observe q_typed_reliable_context=1.258634 sequence=330.136535
[plan] step=171 node=N2837 type=control1 q_typed_reliable_context=1.307494 sequence=331.444029
[plan] step=172 node=N725 type=observe q_typed_reliable_context=1.760816 sequence=333.204845
[plan] step=173 node=N3009 type=control1 q_typed_reliable_context=1.191206 sequence=334.396051
[plan] step=174 node=N5617 type=observe q_typed_reliable_context=1.402705 sequence=335.798756
[plan] step=175 node=N2157 type=observe q_typed_reliable_context=1.663441 sequence=337.462198
[plan] step=176 node=N4521 type=observe q_typed_reliable_context=1.213582 sequence=338.675779
[plan] step=177 node=N7589 type=control1 q_typed_reliable_context=1.325553 sequence=340.001333
[plan] step=178 node=N3067 type=control1 q_typed_reliable_context=1.100451 sequence=341.101783
[plan] step=179 node=N8790 type=control1 q_typed_reliable_context=1.443254 sequence=342.545037
[plan] step=180 node=N8240 type=control1 q_typed_reliable_context=1.519690 sequence=344.064728
[plan] step=181 node=N8789 type=control1 q_typed_reliable_context=1.620805 sequence=345.685533
[plan] step=182 node=N8239 type=control1 q_typed_reliable_context=1.617236 sequence=347.302769
[plan] step=183 node=N8607 type=control1 q_typed_reliable_context=1.638354 sequence=348.941123
[plan] step=184 node=N7512 type=control1 q_typed_reliable_context=0.669202 sequence=349.610325
[plan] step=185 node=N652 type=control1 q_typed_reliable_context=1.462655 sequence=351.072980
[plan] step=186 node=N8238 type=control1 q_typed_reliable_context=1.673099 sequence=352.746079
[plan] step=187 node=N8606 type=control1 q_typed_reliable_context=1.874351 sequence=354.620430
[plan] step=188 node=N8237 type=control1 q_typed_reliable_context=1.794872 sequence=356.415301
[plan] step=189 node=N902 type=control1 q_typed_reliable_context=1.155468 sequence=357.570769
[plan] step=190 node=N8605 type=control1 q_typed_reliable_context=1.443475 sequence=359.014244
[plan] step=191 node=N8236 type=control1 q_typed_reliable_context=0.860843 sequence=359.875087
[plan] latent_reencode step=192 interval=32 blend=0.25
[plan] step=192 node=N2106 type=observe q_typed_reliable_context=1.044719 sequence=360.919806
[plan] step=193 node=N515 type=control1 q_typed_reliable_context=2.094578 sequence=363.014384
[plan] step=194 node=N8003 type=control0 q_typed_reliable_context=1.384340 sequence=364.398724
[plan] step=195 node=N5726 type=control1 q_typed_reliable_context=1.381473 sequence=365.780197
[plan] step=196 node=N6673 type=observe q_typed_reliable_context=2.102321 sequence=367.882517
[plan] step=197 node=N6688 type=observe q_typed_reliable_context=0.852951 sequence=368.735468
[plan] step=198 node=N7385 type=observe q_typed_reliable_context=2.338474 sequence=371.073942
[plan] step=199 node=N679 type=observe q_typed_reliable_context=1.931150 sequence=373.005092
[plan] step=200 node=N5473 type=observe q_typed_reliable_context=1.372887 sequence=374.377979
[plan] step=201 node=N7855 type=control0 q_typed_reliable_context=0.834527 sequence=375.212506
[plan] step=202 node=N712 type=observe q_typed_reliable_context=1.306686 sequence=376.519191
[plan] step=203 node=N2102 type=observe q_typed_reliable_context=0.853693 sequence=377.372884
[plan] step=204 node=N7628 type=observe q_typed_reliable_context=0.934472 sequence=378.307356
[plan] step=205 node=N7401 type=observe q_typed_reliable_context=0.993929 sequence=379.301284
[plan] step=206 node=N8235 type=control1 q_typed_reliable_context=1.973049 sequence=381.274333
[plan] step=207 node=N6677 type=observe q_typed_reliable_context=0.698419 sequence=381.972752
[plan] step=208 node=N2149 type=observe q_typed_reliable_context=1.740206 sequence=383.712958
[plan] step=209 node=N7681 type=observe q_typed_reliable_context=1.010037 sequence=384.722995
[plan] step=210 node=N8234 type=control1 q_typed_reliable_context=1.640624 sequence=386.363619
[plan] step=211 node=N6593 type=control1 q_typed_reliable_context=1.754752 sequence=388.118371
[plan] step=212 node=N8783 type=control1 q_typed_reliable_context=1.359177 sequence=389.477548
[plan] step=213 node=N5740 type=observe q_typed_reliable_context=1.158053 sequence=390.635601
[plan] step=214 node=N8233 type=control1 q_typed_reliable_context=1.593916 sequence=392.229517
[plan] step=215 node=N4529 type=observe q_typed_reliable_context=1.849758 sequence=394.079276
[plan] step=216 node=N714 type=observe q_typed_reliable_context=1.755551 sequence=395.834827
[plan] step=217 node=N723 type=observe q_typed_reliable_context=1.232853 sequence=397.067680
[plan] step=218 node=N703 type=observe q_typed_reliable_context=1.702064 sequence=398.769744
[plan] step=219 node=N4460 type=control0 q_typed_reliable_context=1.758217 sequence=400.527961
[plan] step=220 node=N5873 type=observe q_typed_reliable_context=1.703357 sequence=402.231318
[plan] step=221 node=N7472 type=control0 q_typed_reliable_context=0.952790 sequence=403.184108
[plan] step=222 node=N7405 type=observe q_typed_reliable_context=0.898935 sequence=404.083042
[plan] step=223 node=N4421 type=control0 q_typed_reliable_context=1.508294 sequence=405.591336
[plan] latent_reencode step=224 interval=32 blend=0.25
[plan] step=224 node=N5356 type=observe q_typed_reliable_context=2.378535 sequence=407.969871
[plan] step=225 node=N4359 type=control0 q_typed_reliable_context=3.894298 sequence=411.864169
[plan] step=226 node=N6581 type=observe q_typed_reliable_context=1.281220 sequence=413.145389
[plan] step=227 node=N4367 type=control0 q_typed_reliable_context=2.346779 sequence=415.492168
[plan] step=228 node=N705 type=observe q_typed_reliable_context=4.768171 sequence=420.260339
[plan] step=229 node=N771 type=observe q_typed_reliable_context=0.906000 sequence=421.166339
[plan] step=230 node=N8608 type=control1 q_typed_reliable_context=4.100920 sequence=425.267259
[plan] step=231 node=N4532 type=control0 q_typed_reliable_context=4.408561 sequence=429.675820
[plan] step=232 node=N4489 type=observe q_typed_reliable_context=3.024338 sequence=432.700158
[plan] step=233 node=N715 type=observe q_typed_reliable_context=2.402933 sequence=435.103091
[plan] step=234 node=N5456 type=observe q_typed_reliable_context=1.290245 sequence=436.393336
[plan] step=235 node=N6678 type=observe q_typed_reliable_context=0.714885 sequence=437.108221
[plan] step=236 node=N4442 type=control0 q_typed_reliable_context=1.510694 sequence=438.618915
[plan] step=237 node=N764 type=observe q_typed_reliable_context=0.189349 sequence=438.808264
[plan] step=238 node=N7387 type=observe q_typed_reliable_context=5.640691 sequence=444.448954
[plan] step=239 node=N5879 type=observe q_typed_reliable_context=5.313817 sequence=449.762771
[plan] step=240 node=N5422 type=observe q_typed_reliable_context=1.633109 sequence=451.395880
[plan] step=241 node=N706 type=observe q_typed_reliable_context=4.210290 sequence=455.606170
[plan] step=242 node=N5439 type=observe q_typed_reliable_context=2.841407 sequence=458.447577
[plan] step=243 node=N4497 type=observe q_typed_reliable_context=3.505599 sequence=461.953176
[plan] step=244 node=N699 type=observe q_typed_reliable_context=1.900388 sequence=463.853564
[plan] step=245 node=N7439 type=observe q_typed_reliable_context=1.864137 sequence=465.717701
[plan] step=246 node=N5390 type=observe q_typed_reliable_context=1.267744 sequence=466.985444
[plan] step=247 node=N4469 type=control0 q_typed_reliable_context=3.409133 sequence=470.394577
[plan] step=248 node=N708 type=observe q_typed_reliable_context=6.070915 sequence=476.465493
[plan] step=249 node=N5373 type=observe q_typed_reliable_context=4.157415 sequence=480.622908
[plan] step=250 node=N7437 type=observe q_typed_reliable_context=4.036757 sequence=484.659664
[plan] step=251 node=N1874 type=observe q_typed_reliable_context=1.564079 sequence=486.223744
[plan] step=252 node=N5202 type=observe q_typed_reliable_context=4.219829 sequence=490.443573
[plan] step=253 node=N4505 type=observe q_typed_reliable_context=6.028894 sequence=496.472467
[plan] step=254 node=N719 type=observe q_typed_reliable_context=1.979447 sequence=498.451914
[plan] step=255 node=N7720 type=control0 q_typed_reliable_context=2.765071 sequence=501.216985
[plan] latent_reencode step=256 interval=32 blend=0.25
[plan] step=256 node=N6743 type=control1 q_typed_reliable_context=2.916874 sequence=504.133859
[plan] step=257 node=N6741 type=control1 q_typed_reliable_context=1.632233 sequence=505.766092
[plan] step=258 node=N2358 type=control1 q_typed_reliable_context=1.266168 sequence=507.032260
[plan] step=259 node=N6685 type=observe q_typed_reliable_context=0.418100 sequence=507.450360
[plan] step=260 node=N2151 type=observe q_typed_reliable_context=0.506216 sequence=507.956576
[plan] step=261 node=N5334 type=observe q_typed_reliable_context=0.924760 sequence=508.881335
[plan] step=262 node=N734 type=observe q_typed_reliable_context=3.340080 sequence=512.221416
[plan] step=263 node=N6682 type=observe q_typed_reliable_context=1.988263 sequence=514.209679
[plan] step=264 node=N6932 type=observe q_typed_reliable_context=4.683850 sequence=518.893529
[plan] step=265 node=N4436 type=control0 q_typed_reliable_context=3.182307 sequence=522.075836
[plan] step=266 node=N7383 type=observe q_typed_reliable_context=6.920458 sequence=528.996294
[plan] step=267 node=N5665 type=control0 q_typed_reliable_context=4.649811 sequence=533.646106
[plan] step=268 node=N5671 type=control0 q_typed_reliable_context=4.605041 sequence=538.251147
[plan] step=269 node=N5715 type=control0 q_typed_reliable_context=4.544284 sequence=542.795431
[plan] step=270 node=N4391 type=control0 q_typed_reliable_context=3.715357 sequence=546.510788
[plan] step=271 node=N6947 type=control0 q_typed_reliable_context=5.655054 sequence=552.165842
[plan] step=272 node=N2276 type=control1 q_typed_reliable_context=5.933007 sequence=558.098849
[plan] step=273 node=N686 type=observe q_typed_reliable_context=2.537825 sequence=560.636674
[plan] step=274 node=N1351 type=observe q_typed_reliable_context=1.373257 sequence=562.009932
[plan] step=275 node=N4879 type=control0 q_typed_reliable_context=1.458202 sequence=563.468134
[plan] step=276 node=N6728 type=control1 q_typed_reliable_context=0.986578 sequence=564.454712
[plan] step=277 node=N4513 type=observe q_typed_reliable_context=2.404294 sequence=566.859006
[plan] step=278 node=N684 type=observe q_typed_reliable_context=2.955410 sequence=569.814416
saved=autoresearch/loop-260720-0945/model_training_round7/b15_selection/latent_reencode/interval_32/blend_0p25/plans/iscas99__b15_1__greedy__cumulative__q_typed_reliable_context__bw1__d1__c64__g1p0__candhard_fault_cluster__div0p0__s0.csv
