[plan] torch_deterministic=true
[plan] candidate_allowlist=autoresearch/original-netlist-recovery-260712/exact_itc99/b15_C/exact_candidate_nodes.txt nodes=7918
[plan] latent_norm_clip_ratio=4 latent_norm_limit=30.875631
[plan] step=1 node=N677 type=control1 q_typed_reliable_context=4.858065 sequence=4.858065
[plan] step=2 node=N2155 type=observe q_typed_reliable_context=3.253097 sequence=8.111161
[plan] step=3 node=N502 type=control1 q_typed_reliable_context=2.192107 sequence=10.303268
[plan] step=4 node=N762 type=control1 q_typed_reliable_context=1.446094 sequence=11.749362
[plan] step=5 node=N3742 type=control0 q_typed_reliable_context=0.902213 sequence=12.651575
[plan] step=6 node=N3644 type=control0 q_typed_reliable_context=1.489064 sequence=14.140639
[plan] step=7 node=N557 type=control1 q_typed_reliable_context=0.910940 sequence=15.051579
[plan] step=8 node=N3756 type=control0 q_typed_reliable_context=1.097941 sequence=16.149520
[plan] step=9 node=N564 type=control1 q_typed_reliable_context=1.319342 sequence=17.468862
[plan] step=10 node=N2336 type=control1 q_typed_reliable_context=1.557724 sequence=19.026586
[plan] step=11 node=N5143 type=observe q_typed_reliable_context=1.325577 sequence=20.352163
[plan] step=12 node=N7511 type=control1 q_typed_reliable_context=1.450593 sequence=21.802757
[plan] step=13 node=N580 type=control1 q_typed_reliable_context=1.255322 sequence=23.058078
[plan] step=14 node=N2082 type=observe q_typed_reliable_context=1.398669 sequence=24.456747
[plan] step=15 node=N737 type=control1 q_typed_reliable_context=3.600376 sequence=28.057123
[plan] step=16 node=N3722 type=control0 q_typed_reliable_context=0.900626 sequence=28.957749
[plan] step=17 node=N496 type=control1 q_typed_reliable_context=1.745042 sequence=30.702791
[plan] step=18 node=N5723 type=control0 q_typed_reliable_context=1.392575 sequence=32.095367
[plan] step=19 node=N5203 type=control1 q_typed_reliable_context=1.998558 sequence=34.093924
[plan] step=20 node=N2153 type=observe q_typed_reliable_context=2.156696 sequence=36.250621
[plan] step=21 node=N1853 type=observe q_typed_reliable_context=2.699753 sequence=38.950374
[plan] step=22 node=N2101 type=observe q_typed_reliable_context=2.265672 sequence=41.216046
[plan] step=23 node=N582 type=control1 q_typed_reliable_context=1.897632 sequence=43.113678
[plan] step=24 node=N1860 type=observe q_typed_reliable_context=1.794634 sequence=44.908312
[plan] step=25 node=N1372 type=observe q_typed_reliable_context=0.970035 sequence=45.878347
[plan] step=26 node=N1532 type=observe q_typed_reliable_context=1.340951 sequence=47.219298
[plan] step=27 node=N766 type=control1 q_typed_reliable_context=0.806221 sequence=48.025519
[plan] step=28 node=N583 type=control1 q_typed_reliable_context=0.264638 sequence=48.290157
[plan] step=29 node=N7516 type=observe q_typed_reliable_context=0.462251 sequence=48.752408
[plan] step=30 node=N1437 type=control1 q_typed_reliable_context=0.684833 sequence=49.437241
[plan] step=31 node=N5234 type=observe q_typed_reliable_context=0.330892 sequence=49.768133
[plan] step=32 node=N4691 type=control0 q_typed_reliable_context=1.722383 sequence=51.490516
[plan] step=33 node=N4677 type=control0 q_typed_reliable_context=1.784169 sequence=53.274685
[plan] step=34 node=N7411 type=control1 q_typed_reliable_context=0.365048 sequence=53.639733
[plan] step=35 node=N7891 type=control1 q_typed_reliable_context=0.389065 sequence=54.028798
[plan] step=36 node=N4670 type=control0 q_typed_reliable_context=3.130001 sequence=57.158799
[plan] step=37 node=N7413 type=control1 q_typed_reliable_context=0.334077 sequence=57.492876
[plan] step=38 node=N4663 type=control0 q_typed_reliable_context=1.699156 sequence=59.192033
[plan] step=39 node=N4656 type=control0 q_typed_reliable_context=1.182228 sequence=60.374261
[plan] step=40 node=N713 type=observe q_typed_reliable_context=1.629844 sequence=62.004105
[plan] step=41 node=N4684 type=control0 q_typed_reliable_context=2.008161 sequence=64.012266
[plan] step=42 node=N6537 type=observe q_typed_reliable_context=3.778154 sequence=67.790420
[plan] step=43 node=N8470 type=observe q_typed_reliable_context=3.450337 sequence=71.240757
[plan] step=44 node=N4649 type=control0 q_typed_reliable_context=2.051898 sequence=73.292656
[plan] step=45 node=N4635 type=control0 q_typed_reliable_context=1.585236 sequence=74.877891
[plan] step=46 node=N4698 type=control0 q_typed_reliable_context=1.633692 sequence=76.511583
[plan] step=47 node=N7881 type=control1 q_typed_reliable_context=0.698461 sequence=77.210044
[plan] step=48 node=N7882 type=control1 q_typed_reliable_context=0.739293 sequence=77.949337
[plan] step=49 node=N7883 type=control1 q_typed_reliable_context=0.685036 sequence=78.634373
[plan] step=50 node=N724 type=observe q_typed_reliable_context=2.102052 sequence=80.736425
[plan] step=51 node=N4705 type=control0 q_typed_reliable_context=1.476409 sequence=82.212833
[plan] step=52 node=N3911 type=control0 q_typed_reliable_context=0.915468 sequence=83.128301
[plan] step=53 node=N3904 type=control0 q_typed_reliable_context=0.945739 sequence=84.074040
[plan] step=54 node=N4716 type=control0 q_typed_reliable_context=1.012009 sequence=85.086049
[plan] step=55 node=N4712 type=control0 q_typed_reliable_context=0.972547 sequence=86.058595
[plan] step=56 node=N3897 type=control0 q_typed_reliable_context=0.930293 sequence=86.988888
[plan] step=57 node=N3862 type=control0 q_typed_reliable_context=0.963579 sequence=87.952467
[plan] step=58 node=N3855 type=control0 q_typed_reliable_context=0.947974 sequence=88.900441
[plan] step=59 node=N3848 type=control0 q_typed_reliable_context=0.928876 sequence=89.829317
[plan] step=60 node=N3827 type=control0 q_typed_reliable_context=1.129351 sequence=90.958668
[plan] step=61 node=N3820 type=control0 q_typed_reliable_context=1.203048 sequence=92.161716
[plan] step=62 node=N3889 type=control0 q_typed_reliable_context=1.150360 sequence=93.312076
[plan] step=63 node=N3882 type=control0 q_typed_reliable_context=1.091057 sequence=94.403133
[plan] step=64 node=N3805 type=control0 q_typed_reliable_context=1.005242 sequence=95.408375
[plan] step=65 node=N5603 type=control0 q_typed_reliable_context=1.040433 sequence=96.448808
[plan] step=66 node=N7506 type=observe q_typed_reliable_context=1.806652 sequence=98.255460
[plan] step=67 node=N4606 type=control0 q_typed_reliable_context=0.938240 sequence=99.193699
[plan] step=68 node=N2083 type=observe q_typed_reliable_context=0.977938 sequence=100.171638
[plan] step=69 node=N4585 type=control0 q_typed_reliable_context=0.975698 sequence=101.147336
[plan] step=70 node=N7722 type=control0 q_typed_reliable_context=1.627569 sequence=102.774905
[plan] step=71 node=N4578 type=control0 q_typed_reliable_context=1.240307 sequence=104.015212
[plan] step=72 node=N7471 type=control0 q_typed_reliable_context=1.575842 sequence=105.591054
[plan] step=73 node=N7724 type=control0 q_typed_reliable_context=1.220143 sequence=106.811197
[plan] step=74 node=N1539 type=control0 q_typed_reliable_context=0.970564 sequence=107.781760
[plan] step=75 node=N519 type=control1 q_typed_reliable_context=1.359164 sequence=109.140924
[plan] step=76 node=N516 type=control1 q_typed_reliable_context=1.269961 sequence=110.410885
[plan] step=77 node=N899 type=observe q_typed_reliable_context=1.280356 sequence=111.691241
[plan] step=78 node=N504 type=control1 q_typed_reliable_context=1.325764 sequence=113.017005
[plan] step=79 node=N2044 type=observe q_typed_reliable_context=1.249133 sequence=114.266138
[plan] step=80 node=N513 type=control1 q_typed_reliable_context=1.604946 sequence=115.871085
[plan] step=81 node=N2042 type=observe q_typed_reliable_context=1.188962 sequence=117.060047
[plan] step=82 node=N520 type=control1 q_typed_reliable_context=1.997985 sequence=119.058032
[plan] step=83 node=N7590 type=control1 q_typed_reliable_context=0.707753 sequence=119.765785
[plan] step=84 node=N7875 type=control1 q_typed_reliable_context=0.895282 sequence=120.661067
[plan] step=85 node=N555 type=control1 q_typed_reliable_context=1.123924 sequence=121.784992
[plan] step=86 node=N556 type=control1 q_typed_reliable_context=1.050983 sequence=122.835975
[plan] step=87 node=N7884 type=control1 q_typed_reliable_context=1.017336 sequence=123.853312
[plan] step=88 node=N7885 type=control1 q_typed_reliable_context=0.932277 sequence=124.785589
[plan] step=89 node=N7886 type=control1 q_typed_reliable_context=0.961506 sequence=125.747095
[plan] step=90 node=N7887 type=control1 q_typed_reliable_context=0.825046 sequence=126.572141
[plan] step=91 node=N7888 type=control1 q_typed_reliable_context=0.879847 sequence=127.451988
[plan] step=92 node=N7889 type=control1 q_typed_reliable_context=1.017102 sequence=128.469090
[plan] step=93 node=N7890 type=control1 q_typed_reliable_context=1.026904 sequence=129.495994
[plan] step=94 node=N7537 type=observe q_typed_reliable_context=0.588247 sequence=130.084242
[plan] step=95 node=N704 type=observe q_typed_reliable_context=1.755727 sequence=131.839969
[plan] step=96 node=N507 type=control1 q_typed_reliable_context=0.952467 sequence=132.792435
[plan] step=97 node=N7723 type=control0 q_typed_reliable_context=1.098834 sequence=133.891270
[plan] step=98 node=N3701 type=control0 q_typed_reliable_context=3.848992 sequence=137.740262
[plan] step=99 node=N7725 type=control0 q_typed_reliable_context=3.608322 sequence=141.348585
[plan] step=100 node=N7408 type=control0 q_typed_reliable_context=4.382654 sequence=145.731238
[plan] step=101 node=N7588 type=control1 q_typed_reliable_context=3.259671 sequence=148.990909
[plan] step=102 node=N510 type=control1 q_typed_reliable_context=1.879277 sequence=150.870186
[plan] step=103 node=N7541 type=control0 q_typed_reliable_context=1.592477 sequence=152.462663
[plan] step=104 node=N3682 type=control0 q_typed_reliable_context=1.554485 sequence=154.017148
[plan] step=105 node=N7820 type=control0 q_typed_reliable_context=1.263351 sequence=155.280499
[plan] step=106 node=N4557 type=control0 q_typed_reliable_context=1.464121 sequence=156.744619
[plan] step=107 node=N2106 type=observe q_typed_reliable_context=2.476451 sequence=159.221071
[plan] step=108 node=N620 type=control1 q_typed_reliable_context=1.916625 sequence=161.137695
[plan] step=109 node=N614 type=control1 q_typed_reliable_context=1.351871 sequence=162.489567
[plan] step=110 node=N610 type=control1 q_typed_reliable_context=1.285428 sequence=163.774995
[plan] step=111 node=N3813 type=control0 q_typed_reliable_context=1.445706 sequence=165.220701
[plan] step=112 node=N638 type=control1 q_typed_reliable_context=1.719081 sequence=166.939782
[plan] step=113 node=N634 type=control1 q_typed_reliable_context=1.850260 sequence=168.790043
[plan] step=114 node=N3799 type=control0 q_typed_reliable_context=1.767994 sequence=170.558036
[plan] step=115 node=N7370 type=control1 q_typed_reliable_context=1.984264 sequence=172.542300
[plan] step=116 node=N3792 type=control0 q_typed_reliable_context=2.208135 sequence=174.750435
[plan] step=117 node=N2040 type=observe q_typed_reliable_context=2.875677 sequence=177.626112
[plan] step=118 node=N3785 type=control0 q_typed_reliable_context=1.399570 sequence=179.025682
[plan] step=119 node=N4564 type=control0 q_typed_reliable_context=1.427629 sequence=180.453310
[plan] step=120 node=N7852 type=control0 q_typed_reliable_context=1.014137 sequence=181.467447
[plan] step=121 node=N7872 type=control1 q_typed_reliable_context=0.645446 sequence=182.112893
[plan] step=122 node=N4520 type=control0 q_typed_reliable_context=0.941957 sequence=183.054850
[plan] step=123 node=N7847 type=control0 q_typed_reliable_context=0.904195 sequence=183.959046
[plan] step=124 node=N1552 type=observe q_typed_reliable_context=1.034396 sequence=184.993442
[plan] step=125 node=N3903 type=control0 q_typed_reliable_context=1.049995 sequence=186.043437
[plan] step=126 node=N7853 type=control0 q_typed_reliable_context=1.957514 sequence=188.000951
[plan] step=127 node=N7518 type=observe q_typed_reliable_context=1.141662 sequence=189.142613
[plan] step=128 node=N3896 type=control0 q_typed_reliable_context=1.625628 sequence=190.768242
[plan] step=129 node=N7421 type=control1 q_typed_reliable_context=1.038630 sequence=191.806872
[plan] step=130 node=N785 type=observe q_typed_reliable_context=0.704988 sequence=192.511859
[plan] step=131 node=N771 type=observe q_typed_reliable_context=0.607875 sequence=193.119734
[plan] step=132 node=N7535 type=observe q_typed_reliable_context=1.486666 sequence=194.606400
[plan] step=133 node=N7534 type=observe q_typed_reliable_context=1.461762 sequence=196.068162
[plan] step=134 node=N7532 type=observe q_typed_reliable_context=1.172764 sequence=197.240927
[plan] step=135 node=N7627 type=observe q_typed_reliable_context=0.489145 sequence=197.730072
[plan] step=136 node=N694 type=observe q_typed_reliable_context=1.260199 sequence=198.990271
[plan] step=137 node=N7385 type=observe q_typed_reliable_context=1.314790 sequence=200.305062
[plan] step=138 node=N2102 type=observe q_typed_reliable_context=1.373789 sequence=201.678851
[plan] step=139 node=N7500 type=observe q_typed_reliable_context=0.797890 sequence=202.476741
[plan] step=140 node=N645 type=control1 q_typed_reliable_context=1.154141 sequence=203.630882
[plan] step=141 node=N616 type=control1 q_typed_reliable_context=0.863874 sequence=204.494756
[plan] step=142 node=N7680 type=observe q_typed_reliable_context=1.036079 sequence=205.530834
[plan] step=143 node=N636 type=control1 q_typed_reliable_context=1.386391 sequence=206.917225
[plan] step=144 node=N630 type=control1 q_typed_reliable_context=1.124584 sequence=208.041809
[plan] step=145 node=N642 type=control1 q_typed_reliable_context=1.524539 sequence=209.566349
[plan] step=146 node=N7465 type=observe q_typed_reliable_context=1.299852 sequence=210.866201
[plan] step=147 node=N649 type=control1 q_typed_reliable_context=1.031482 sequence=211.897682
[plan] step=148 node=N7624 type=observe q_typed_reliable_context=1.703634 sequence=213.601316
[plan] step=149 node=N7441 type=control0 q_typed_reliable_context=1.141206 sequence=214.742522
[plan] step=150 node=N2157 type=observe q_typed_reliable_context=2.279673 sequence=217.022196
[plan] step=151 node=N6948 type=observe q_typed_reliable_context=1.578779 sequence=218.600975
[plan] step=152 node=N5867 type=observe q_typed_reliable_context=1.405760 sequence=220.006735
[plan] step=153 node=N5627 type=observe q_typed_reliable_context=0.901116 sequence=220.907851
[plan] step=154 node=N6538 type=observe q_typed_reliable_context=0.455704 sequence=221.363556
[plan] step=155 node=N5617 type=observe q_typed_reliable_context=1.419249 sequence=222.782805
[plan] step=156 node=N4521 type=observe q_typed_reliable_context=1.569150 sequence=224.351955
[plan] step=157 node=N2580 type=control1 q_typed_reliable_context=0.413265 sequence=224.765220
[plan] step=158 node=N722 type=observe q_typed_reliable_context=1.251509 sequence=226.016729
[plan] step=159 node=N7846 type=control0 q_typed_reliable_context=0.407464 sequence=226.424193
[plan] step=160 node=N1586 type=control1 q_typed_reliable_context=1.905511 sequence=228.329704
[plan] step=161 node=N7402 type=observe q_typed_reliable_context=2.309488 sequence=230.639192
[plan] step=162 node=N7453 type=observe q_typed_reliable_context=1.405864 sequence=232.045056
[plan] step=163 node=N6531 type=observe q_typed_reliable_context=0.842302 sequence=232.887357
[plan] step=164 node=N2149 type=observe q_typed_reliable_context=2.192706 sequence=235.080064
[plan] step=165 node=N5877 type=observe q_typed_reliable_context=1.601917 sequence=236.681980
[plan] step=166 node=N7614 type=observe q_typed_reliable_context=2.910042 sequence=239.592022
[plan] step=167 node=N5356 type=observe q_typed_reliable_context=3.012904 sequence=242.604926
[plan] step=168 node=N712 type=observe q_typed_reliable_context=3.316729 sequence=245.921655
[plan] step=169 node=N3467 type=control1 q_typed_reliable_context=2.050198 sequence=247.971853
[plan] step=170 node=N7401 type=observe q_typed_reliable_context=1.097166 sequence=249.069018
[plan] step=171 node=N5740 type=observe q_typed_reliable_context=0.825704 sequence=249.894723
[plan] step=172 node=N578 type=observe q_typed_reliable_context=5.488747 sequence=255.383470
[plan] step=173 node=N7681 type=observe q_typed_reliable_context=1.893488 sequence=257.276958
[plan] step=174 node=N4529 type=observe q_typed_reliable_context=4.945575 sequence=262.222533
[plan] step=175 node=N714 type=observe q_typed_reliable_context=3.910323 sequence=266.132856
[plan] step=176 node=N6673 type=observe q_typed_reliable_context=3.926950 sequence=270.059806
[plan] step=177 node=N5873 type=observe q_typed_reliable_context=4.155861 sequence=274.215667
[plan] step=178 node=N5473 type=observe q_typed_reliable_context=1.818148 sequence=276.033815
[plan] step=179 node=N715 type=observe q_typed_reliable_context=2.310654 sequence=278.344469
[plan] step=180 node=N7405 type=observe q_typed_reliable_context=1.539303 sequence=279.883772
[plan] step=181 node=N1607 type=control1 q_typed_reliable_context=1.894813 sequence=281.778585
[plan] step=182 node=N723 type=observe q_typed_reliable_context=2.342178 sequence=284.120763
[plan] step=183 node=N703 type=observe q_typed_reliable_context=4.434164 sequence=288.554928
[plan] step=184 node=N647 type=control1 q_typed_reliable_context=5.560702 sequence=294.115630
[plan] step=185 node=N2181 type=observe q_typed_reliable_context=2.755015 sequence=296.870645
[plan] step=186 node=N5879 type=observe q_typed_reliable_context=2.173171 sequence=299.043816
[plan] step=187 node=N725 type=observe q_typed_reliable_context=2.716586 sequence=301.760402
[plan] step=188 node=N2894 type=control1 q_typed_reliable_context=2.632630 sequence=304.393032
[plan] step=189 node=N6581 type=observe q_typed_reliable_context=3.742842 sequence=308.135874
[plan] step=190 node=N7436 type=observe q_typed_reliable_context=5.990028 sequence=314.125902
[plan] step=191 node=N5725 type=observe q_typed_reliable_context=2.129786 sequence=316.255689
[plan] step=192 node=N679 type=observe q_typed_reliable_context=2.362360 sequence=318.618049
[plan] step=193 node=N7550 type=observe q_typed_reliable_context=3.897396 sequence=322.515445
[plan] step=194 node=N4537 type=observe q_typed_reliable_context=4.640153 sequence=327.155598
[plan] step=195 node=N705 type=observe q_typed_reliable_context=3.805799 sequence=330.961397
[plan] step=196 node=N2779 type=control1 q_typed_reliable_context=4.234129 sequence=335.195526
[plan] step=197 node=N2652 type=control1 q_typed_reliable_context=3.706505 sequence=338.902031
[plan] step=198 node=N7855 type=control0 q_typed_reliable_context=0.926812 sequence=339.828843
[plan] step=199 node=N5456 type=observe q_typed_reliable_context=3.304715 sequence=343.133558
[plan] step=200 node=N706 type=observe q_typed_reliable_context=5.548657 sequence=348.682216
[plan] step=201 node=N5422 type=observe q_typed_reliable_context=5.154660 sequence=353.836875
[plan] step=202 node=N6660 type=observe q_typed_reliable_context=5.458645 sequence=359.295521
[plan] step=203 node=N5439 type=observe q_typed_reliable_context=5.717090 sequence=365.012611
[plan] step=204 node=N758 type=observe q_typed_reliable_context=6.547685 sequence=371.560296
[plan] step=205 node=N2151 type=observe q_typed_reliable_context=5.452116 sequence=377.012412
[plan] step=206 node=N4513 type=observe q_typed_reliable_context=3.629317 sequence=380.641729
[plan] step=207 node=N7404 type=observe q_typed_reliable_context=1.751237 sequence=382.392966
[plan] step=208 node=N6688 type=observe q_typed_reliable_context=6.438346 sequence=388.831312
[plan] step=209 node=N1874 type=observe q_typed_reliable_context=4.615949 sequence=393.447261
[plan] step=210 node=N7542 type=control0 q_typed_reliable_context=6.889453 sequence=400.336715
[plan] step=211 node=N5334 type=observe q_typed_reliable_context=1.766273 sequence=402.102987
[plan] step=212 node=N7445 type=control0 q_typed_reliable_context=7.043872 sequence=409.146859
[plan] step=213 node=N719 type=observe q_typed_reliable_context=6.897486 sequence=416.044346
[plan] step=214 node=N3009 type=control1 q_typed_reliable_context=6.171967 sequence=422.216312
[plan] step=215 node=N7439 type=observe q_typed_reliable_context=3.052761 sequence=425.269074
[plan] step=216 node=N734 type=observe q_typed_reliable_context=4.870824 sequence=430.139898
[plan] step=217 node=N699 type=observe q_typed_reliable_context=6.682436 sequence=436.822334
[plan] step=218 node=N4497 type=observe q_typed_reliable_context=4.541761 sequence=441.364095
[plan] step=219 node=N5390 type=observe q_typed_reliable_context=3.260115 sequence=444.624210
[plan] step=220 node=N708 type=observe q_typed_reliable_context=4.913421 sequence=449.537631
[plan] step=221 node=N6932 type=observe q_typed_reliable_context=5.827970 sequence=455.365602
[plan] step=222 node=N6682 type=observe q_typed_reliable_context=1.079121 sequence=456.444722
[plan] step=223 node=N5373 type=observe q_typed_reliable_context=2.547659 sequence=458.992381
[plan] step=224 node=N8790 type=control1 q_typed_reliable_context=2.982027 sequence=461.974408
[plan] step=225 node=N2159 type=observe q_typed_reliable_context=4.546221 sequence=466.520628
[plan] step=226 node=N7382 type=observe q_typed_reliable_context=5.838155 sequence=472.358783
[plan] step=227 node=N8240 type=control1 q_typed_reliable_context=5.979143 sequence=478.337926
[plan] step=228 node=N4460 type=control0 q_typed_reliable_context=5.312099 sequence=483.650026
[plan] step=229 node=N4505 type=observe q_typed_reliable_context=5.730000 sequence=489.380026
[plan] step=230 node=N8789 type=control1 q_typed_reliable_context=6.375121 sequence=495.755147
[plan] step=231 node=N6658 type=observe q_typed_reliable_context=6.663593 sequence=502.418739
[plan] step=232 node=N1351 type=observe q_typed_reliable_context=3.981402 sequence=506.400141
[plan] step=233 node=N686 type=observe q_typed_reliable_context=5.181700 sequence=511.581841
[plan] step=234 node=N1951 type=observe q_typed_reliable_context=3.844163 sequence=515.426004
[plan] step=235 node=N4421 type=control0 q_typed_reliable_context=4.565151 sequence=519.991154
[plan] step=236 node=N8239 type=control1 q_typed_reliable_context=6.712326 sequence=526.703480
[plan] step=237 node=N4367 type=control0 q_typed_reliable_context=5.402996 sequence=532.106476
[plan] step=238 node=N8607 type=control1 q_typed_reliable_context=6.004875 sequence=538.111351
[plan] step=239 node=N6678 type=observe q_typed_reliable_context=5.697632 sequence=543.808983
[plan] step=240 node=N4359 type=control0 q_typed_reliable_context=3.784653 sequence=547.593636
[plan] step=241 node=N4532 type=control0 q_typed_reliable_context=3.738747 sequence=551.332383
[plan] step=242 node=N4442 type=control0 q_typed_reliable_context=4.232621 sequence=555.565004
[plan] step=243 node=N1854 type=observe q_typed_reliable_context=3.420897 sequence=558.985901
[plan] step=244 node=N1688 type=observe q_typed_reliable_context=3.251249 sequence=562.237150
[plan] step=245 node=N541 type=observe q_typed_reliable_context=4.226915 sequence=566.464066
[plan] step=246 node=N543 type=observe q_typed_reliable_context=4.834872 sequence=571.298938
[plan] step=247 node=N765 type=observe q_typed_reliable_context=5.183706 sequence=576.482644
[plan] step=248 node=N7380 type=observe q_typed_reliable_context=3.831474 sequence=580.314118
[plan] step=249 node=N684 type=observe q_typed_reliable_context=4.762326 sequence=585.076444
[plan] step=250 node=N729 type=observe q_typed_reliable_context=6.444932 sequence=591.521376
[plan] step=251 node=N898 type=observe q_typed_reliable_context=4.366991 sequence=595.888366
[plan] step=252 node=N689 type=observe q_typed_reliable_context=4.269054 sequence=600.157421
[plan] step=253 node=N4489 type=observe q_typed_reliable_context=2.141939 sequence=602.299360
[plan] step=254 node=N695 type=observe q_typed_reliable_context=5.271405 sequence=607.570765
[plan] step=255 node=N2243 type=observe q_typed_reliable_context=5.186519 sequence=612.757284
[plan] step=256 node=N7802 type=observe q_typed_reliable_context=3.752397 sequence=616.509681
[plan] step=257 node=N7463 type=observe q_typed_reliable_context=4.841712 sequence=621.351393
[plan] step=258 node=N4469 type=control0 q_typed_reliable_context=4.926898 sequence=626.278291
[plan] step=259 node=N7720 type=control0 q_typed_reliable_context=4.190571 sequence=630.468863
[plan] step=260 node=N7381 type=observe q_typed_reliable_context=4.828564 sequence=635.297426
[plan] step=261 node=N652 type=control1 q_typed_reliable_context=5.316366 sequence=640.613792
[plan] step=262 node=N8606 type=control1 q_typed_reliable_context=5.890156 sequence=646.503949
[plan] step=263 node=N8238 type=control1 q_typed_reliable_context=6.174014 sequence=652.677962
[plan] step=264 node=N8237 type=control1 q_typed_reliable_context=6.712502 sequence=659.390464
[plan] step=265 node=N8605 type=control1 q_typed_reliable_context=7.046753 sequence=666.437217
[plan] step=266 node=N4436 type=control0 q_typed_reliable_context=4.261752 sequence=670.698969
[plan] step=267 node=N8236 type=control1 q_typed_reliable_context=7.014226 sequence=677.713195
[plan] step=268 node=N902 type=control1 q_typed_reliable_context=6.968357 sequence=684.681552
[plan] step=269 node=N4338 type=control0 q_typed_reliable_context=5.795778 sequence=690.477330
[plan] step=270 node=N515 type=control1 q_typed_reliable_context=5.730000 sequence=696.207330
[plan] step=271 node=N5665 type=control0 q_typed_reliable_context=6.523779 sequence=702.731109
[plan] step=272 node=N5671 type=control0 q_typed_reliable_context=5.730000 sequence=708.461109
[plan] step=273 node=N756 type=observe q_typed_reliable_context=2.288305 sequence=710.749413
[plan] step=274 node=N697 type=observe q_typed_reliable_context=4.209899 sequence=714.959313
[plan] step=275 node=N2271 type=observe q_typed_reliable_context=5.516786 sequence=720.476098
[plan] step=276 node=N5000 type=observe q_typed_reliable_context=6.661719 sequence=727.137818
[plan] step=277 node=N4551 type=observe q_typed_reliable_context=5.730000 sequence=732.867818
[plan] step=278 node=N696 type=observe q_typed_reliable_context=6.515361 sequence=739.383179
saved=autoresearch/loop-260720-0945/model_training_round7/b15_selection/cone_long_rank/best_final_horizon/q_typed_reliable_context/alpha_0p10_weight_1p00/plans/iscas99__b15_1__greedy__cumulative__q_typed_reliable_context__bw1__d1__c64__g1p0__candhard_fault_cluster__div0p0__s0.csv
