[plan] candidate_allowlist=autoresearch/original-netlist-recovery-260712/exact_itc99/b15_C/exact_candidate_nodes.txt nodes=7918
[plan] latent_norm_clip_ratio=4 latent_norm_limit=30.875631
[plan] step=1 node=N677 type=control1 q_pred_context=5.195570 sequence=5.195570
[plan] step=2 node=N2155 type=observe q_pred_context=4.636675 sequence=9.832244
[plan] step=3 node=N502 type=control1 q_pred_context=1.993208 sequence=11.825452
[plan] step=4 node=N762 type=control1 q_pred_context=1.659078 sequence=13.484530
[plan] step=5 node=N3644 type=control0 q_pred_context=1.214911 sequence=14.699441
[plan] step=6 node=N3756 type=control0 q_pred_context=1.059229 sequence=15.758670
[plan] step=7 node=N557 type=control1 q_pred_context=0.980846 sequence=16.739516
[plan] step=8 node=N5143 type=observe q_pred_context=1.023722 sequence=17.763238
[plan] step=9 node=N507 type=control1 q_pred_context=0.945973 sequence=18.709212
[plan] step=10 node=N3742 type=control0 q_pred_context=1.124536 sequence=19.833748
[plan] step=11 node=N564 type=control1 q_pred_context=2.290942 sequence=22.124690
[plan] step=12 node=N5203 type=control1 q_pred_context=1.603840 sequence=23.728530
[plan] step=13 node=N5866 type=observe q_pred_context=3.265037 sequence=26.993567
[plan] step=14 node=N580 type=control1 q_pred_context=3.127519 sequence=30.121086
[plan] step=15 node=N737 type=control1 q_pred_context=2.794161 sequence=32.915248
[plan] step=16 node=N1853 type=observe q_pred_context=1.799797 sequence=34.715044
[plan] step=17 node=N2082 type=observe q_pred_context=4.690318 sequence=39.405362
[plan] step=18 node=N2153 type=observe q_pred_context=4.580996 sequence=43.986358
[plan] step=19 node=N2101 type=observe q_pred_context=5.275478 sequence=49.261836
[plan] step=20 node=N1860 type=observe q_pred_context=4.776225 sequence=54.038062
[plan] step=21 node=N1372 type=observe q_pred_context=4.157674 sequence=58.195735
[plan] step=22 node=N496 type=control1 q_pred_context=6.767130 sequence=64.962866
[plan] step=23 node=N5723 type=control0 q_pred_context=6.126616 sequence=71.089482
[plan] step=24 node=N582 type=control1 q_pred_context=5.990957 sequence=77.080439
[plan] step=25 node=N7516 type=observe q_pred_context=5.699029 sequence=82.779468
[plan] step=26 node=N766 type=control1 q_pred_context=6.928036 sequence=89.707504
[plan] step=27 node=N5234 type=observe q_pred_context=5.484072 sequence=95.191576
[plan] step=28 node=N1437 type=control1 q_pred_context=4.401757 sequence=99.593333
[plan] step=29 node=N583 type=control1 q_pred_context=4.371657 sequence=103.964990
[plan] step=30 node=N2042 type=observe q_pred_context=3.283366 sequence=107.248356
[plan] step=31 node=N4670 type=control0 q_pred_context=6.390000 sequence=113.638356
[plan] step=32 node=N7511 type=control1 q_pred_context=3.420000 sequence=117.058356
[plan] step=33 node=N7411 type=control1 q_pred_context=3.420000 sequence=120.478356
[plan] step=34 node=N2044 type=observe q_pred_context=6.113612 sequence=126.591968
[plan] step=35 node=N2040 type=observe q_pred_context=4.722639 sequence=131.314607
[plan] step=36 node=N7413 type=control1 q_pred_context=5.057602 sequence=136.372210
[plan] step=37 node=N1532 type=observe q_pred_context=3.530299 sequence=139.902509
[plan] step=38 node=N4635 type=control0 q_pred_context=8.539242 sequence=148.441751
[plan] step=39 node=N7890 type=control1 q_pred_context=4.366223 sequence=152.807973
[plan] step=40 node=N2314 type=control1 q_pred_context=2.080469 sequence=154.888443
[plan] step=41 node=N7888 type=control1 q_pred_context=6.498938 sequence=161.387381
[plan] step=42 node=N7887 type=control1 q_pred_context=6.355824 sequence=167.743204
[plan] step=43 node=N7889 type=control1 q_pred_context=7.208262 sequence=174.951466
[plan] step=44 node=N7891 type=control1 q_pred_context=5.812610 sequence=180.764077
[plan] step=45 node=N7886 type=control1 q_pred_context=5.561113 sequence=186.325190
[plan] step=46 node=N7884 type=control1 q_pred_context=5.483711 sequence=191.808900
[plan] step=47 node=N7885 type=control1 q_pred_context=5.479423 sequence=197.288324
[plan] step=48 node=N7882 type=control1 q_pred_context=4.776922 sequence=202.065245
[plan] step=49 node=N7883 type=control1 q_pred_context=3.956166 sequence=206.021411
[plan] step=50 node=N7881 type=control1 q_pred_context=1.472688 sequence=207.494099
[plan] step=51 node=N3722 type=control0 q_pred_context=0.885439 sequence=208.379537
[plan] step=52 node=N4712 type=control0 q_pred_context=2.147775 sequence=210.527312
[plan] step=53 node=N3903 type=control0 q_pred_context=0.871860 sequence=211.399172
[plan] step=54 node=N4649 type=control0 q_pred_context=1.148471 sequence=212.547643
[plan] step=55 node=N713 type=observe q_pred_context=1.719923 sequence=214.267566
[plan] step=56 node=N724 type=observe q_pred_context=1.783350 sequence=216.050915
[plan] step=57 node=N4705 type=control0 q_pred_context=1.272188 sequence=217.323103
[plan] step=58 node=N704 type=observe q_pred_context=1.738762 sequence=219.061865
[plan] step=59 node=N4656 type=control0 q_pred_context=1.289404 sequence=220.351269
[plan] step=60 node=N3889 type=control0 q_pred_context=0.904689 sequence=221.255959
[plan] step=61 node=N4698 type=control0 q_pred_context=1.026044 sequence=222.282003
[plan] step=62 node=N3882 type=control0 q_pred_context=0.929075 sequence=223.211078
[plan] step=63 node=N3840 type=control0 q_pred_context=0.983751 sequence=224.194829
[plan] step=64 node=N3805 type=control0 q_pred_context=0.930474 sequence=225.125303
[plan] step=65 node=N4606 type=control0 q_pred_context=1.018305 sequence=226.143608
[plan] step=66 node=N4585 type=control0 q_pred_context=1.051541 sequence=227.195149
[plan] step=67 node=N4691 type=control0 q_pred_context=0.977565 sequence=228.172714
[plan] step=68 node=N4684 type=control0 q_pred_context=1.193698 sequence=229.366412
[plan] step=69 node=N4716 type=control0 q_pred_context=1.095404 sequence=230.461816
[plan] step=70 node=N4677 type=control0 q_pred_context=1.263938 sequence=231.725754
[plan] step=71 node=N4663 type=control0 q_pred_context=1.364927 sequence=233.090681
[plan] step=72 node=N725 type=observe q_pred_context=3.359864 sequence=236.450545
[plan] step=73 node=N519 type=control1 q_pred_context=1.810662 sequence=238.261206
[plan] step=74 node=N4557 type=control0 q_pred_context=1.373960 sequence=239.635166
[plan] step=75 node=N7471 type=control0 q_pred_context=1.803520 sequence=241.438687
[plan] step=76 node=N4578 type=control0 q_pred_context=1.722509 sequence=243.161195
[plan] step=77 node=N2083 type=observe q_pred_context=1.827210 sequence=244.988406
[plan] step=78 node=N513 type=control1 q_pred_context=2.073341 sequence=247.061747
[plan] step=79 node=N504 type=control1 q_pred_context=1.888105 sequence=248.949852
[plan] step=80 node=N7543 type=control0 q_pred_context=1.985590 sequence=250.935442
[plan] step=81 node=N520 type=control1 q_pred_context=2.462479 sequence=253.397921
[plan] step=82 node=N516 type=control1 q_pred_context=2.343498 sequence=255.741419
[plan] step=83 node=N7724 type=control0 q_pred_context=3.127639 sequence=258.869058
[plan] step=84 node=N7854 type=control0 q_pred_context=2.652025 sequence=261.521083
[plan] step=85 node=N4564 type=control0 q_pred_context=1.868527 sequence=263.389610
[plan] step=86 node=N3701 type=control0 q_pred_context=1.534220 sequence=264.923830
[plan] step=87 node=N7722 type=control0 q_pred_context=5.038835 sequence=269.962665
[plan] step=88 node=N7872 type=control1 q_pred_context=2.114638 sequence=272.077302
[plan] step=89 node=N7370 type=control1 q_pred_context=3.393920 sequence=275.471222
[plan] step=90 node=N556 type=control1 q_pred_context=3.180918 sequence=278.652140
[plan] step=91 node=N555 type=control1 q_pred_context=3.498068 sequence=282.150207
[plan] step=92 node=N3911 type=control0 q_pred_context=2.597570 sequence=284.747777
[plan] step=93 node=N3799 type=control0 q_pred_context=4.069293 sequence=288.817070
[plan] step=94 node=N3792 type=control0 q_pred_context=5.562440 sequence=294.379510
[plan] step=95 node=N3904 type=control0 q_pred_context=5.946391 sequence=300.325902
[plan] step=96 node=N1533 type=control1 q_pred_context=8.014783 sequence=308.340685
[plan] step=97 node=N3785 type=control0 q_pred_context=3.511277 sequence=311.851962
[plan] step=98 node=N3897 type=control0 q_pred_context=3.229460 sequence=315.081421
[plan] step=99 node=N7723 type=control0 q_pred_context=4.650356 sequence=319.731777
[plan] step=100 node=N3827 type=control0 q_pred_context=2.845591 sequence=322.577368
[plan] step=101 node=N7408 type=control0 q_pred_context=4.278040 sequence=326.855408
[plan] step=102 node=N7725 type=control0 q_pred_context=3.269129 sequence=330.124537
[plan] step=103 node=N3862 type=control0 q_pred_context=3.255113 sequence=333.379650
[plan] step=104 node=N3855 type=control0 q_pred_context=3.113054 sequence=336.492704
[plan] step=105 node=N614 type=control1 q_pred_context=3.213579 sequence=339.706283
[plan] step=106 node=N3848 type=control0 q_pred_context=4.068895 sequence=343.775177
[plan] step=107 node=N7541 type=control0 q_pred_context=4.610928 sequence=348.386105
[plan] step=108 node=N7590 type=control1 q_pred_context=3.273627 sequence=351.659732
[plan] step=109 node=N3841 type=control0 q_pred_context=4.369179 sequence=356.028911
[plan] step=110 node=N634 type=control1 q_pred_context=4.633619 sequence=360.662530
[plan] step=111 node=N3820 type=control0 q_pred_context=4.502516 sequence=365.165046
[plan] step=112 node=N610 type=control1 q_pred_context=4.323249 sequence=369.488295
[plan] step=113 node=N3813 type=control0 q_pred_context=4.059961 sequence=373.548256
[plan] step=114 node=N620 type=control1 q_pred_context=4.043020 sequence=377.591277
[plan] step=115 node=N4520 type=control0 q_pred_context=4.633094 sequence=382.224371
[plan] step=116 node=N3681 type=control0 q_pred_context=4.023737 sequence=386.248108
[plan] step=117 node=N3410 type=control1 q_pred_context=3.468550 sequence=389.716657
[plan] step=118 node=N638 type=control1 q_pred_context=3.400652 sequence=393.117310
[plan] step=119 node=N3180 type=control1 q_pred_context=3.815809 sequence=396.933118
[plan] step=120 node=N1411 type=control0 q_pred_context=4.641439 sequence=401.574557
[plan] step=121 node=N7588 type=control1 q_pred_context=2.671280 sequence=404.245837
[plan] step=122 node=N7820 type=control0 q_pred_context=2.982435 sequence=407.228272
[plan] step=123 node=N7870 type=control1 q_pred_context=1.617468 sequence=408.845740
[plan] step=124 node=N578 type=observe q_pred_context=2.026978 sequence=410.872718
[plan] step=125 node=N7454 type=observe q_pred_context=1.995397 sequence=412.868115
[plan] step=126 node=N2157 type=observe q_pred_context=3.996735 sequence=416.864850
[plan] step=127 node=N7401 type=observe q_pred_context=3.165461 sequence=420.030311
[plan] step=128 node=N7879 type=control1 q_pred_context=2.546340 sequence=422.576651
[plan] step=129 node=N645 type=control1 q_pred_context=1.415941 sequence=423.992592
[plan] step=130 node=N2102 type=observe q_pred_context=1.736707 sequence=425.729299
[plan] step=131 node=N5603 type=observe q_pred_context=1.516546 sequence=427.245845
[plan] step=132 node=N7892 type=control1 q_pred_context=4.059020 sequence=431.304865
[plan] step=133 node=N2580 type=control1 q_pred_context=5.794823 sequence=437.099688
[plan] step=134 node=N616 type=control1 q_pred_context=3.813252 sequence=440.912940
[plan] step=135 node=N636 type=control1 q_pred_context=4.437690 sequence=445.350630
[plan] step=136 node=N7856 type=control1 q_pred_context=2.591969 sequence=447.942599
[plan] step=137 node=N5878 type=observe q_pred_context=1.194882 sequence=449.137481
[plan] step=138 node=N694 type=observe q_pred_context=5.922550 sequence=455.060031
[plan] step=139 node=N7877 type=control1 q_pred_context=3.045192 sequence=458.105222
[plan] step=140 node=N6533 type=observe q_pred_context=2.610927 sequence=460.716150
[plan] step=141 node=N2106 type=observe q_pred_context=2.226496 sequence=462.942645
[plan] step=142 node=N7385 type=observe q_pred_context=1.468671 sequence=464.411316
[plan] step=143 node=N7424 type=control1 q_pred_context=0.706338 sequence=465.117654
[plan] step=144 node=N2149 type=observe q_pred_context=2.252101 sequence=467.369755
[plan] step=145 node=N7694 type=control0 q_pred_context=1.669574 sequence=469.039329
[plan] step=146 node=N7442 type=control0 q_pred_context=0.819194 sequence=469.858523
[plan] step=147 node=N7614 type=observe q_pred_context=1.979003 sequence=471.837526
[plan] step=148 node=N630 type=control1 q_pred_context=5.846366 sequence=477.683892
[plan] step=149 node=N642 type=control1 q_pred_context=5.843911 sequence=483.527802
[plan] step=150 node=N649 type=control1 q_pred_context=4.762728 sequence=488.290530
[plan] step=151 node=N5876 type=observe q_pred_context=2.426337 sequence=490.716867
[plan] step=152 node=N723 type=observe q_pred_context=4.773987 sequence=495.490854
[plan] step=153 node=N715 type=observe q_pred_context=3.366110 sequence=498.856964
[plan] step=154 node=N5874 type=observe q_pred_context=3.179056 sequence=502.036020
[plan] step=155 node=N7679 type=observe q_pred_context=1.286205 sequence=503.322224
[plan] step=156 node=N7402 type=observe q_pred_context=1.740007 sequence=505.062231
[plan] step=157 node=N6531 type=observe q_pred_context=1.644194 sequence=506.706425
[plan] step=158 node=N5740 type=observe q_pred_context=1.278366 sequence=507.984791
[plan] step=159 node=N714 type=observe q_pred_context=2.061165 sequence=510.045956
[plan] step=160 node=N722 type=observe q_pred_context=1.984991 sequence=512.030948
[plan] step=161 node=N705 type=observe q_pred_context=1.975850 sequence=514.006797
[plan] step=162 node=N7405 type=observe q_pred_context=1.039011 sequence=515.045808
[plan] step=163 node=N3525 type=control1 q_pred_context=0.997220 sequence=516.043028
[plan] step=164 node=N1607 type=control1 q_pred_context=1.225135 sequence=517.268163
[plan] step=165 node=N647 type=control1 q_pred_context=1.677239 sequence=518.945402
[plan] step=166 node=N1586 type=control1 q_pred_context=2.120220 sequence=521.065622
[plan] step=167 node=N3295 type=control1 q_pred_context=1.435890 sequence=522.501513
[plan] step=168 node=N3467 type=control1 q_pred_context=1.433640 sequence=523.935153
[plan] step=169 node=N5356 type=observe q_pred_context=1.183383 sequence=525.118536
[plan] step=170 node=N2652 type=control1 q_pred_context=1.105350 sequence=526.223887
[plan] step=171 node=N712 type=observe q_pred_context=1.028137 sequence=527.252023
[plan] step=172 node=N2721 type=control1 q_pred_context=1.402494 sequence=528.654518
[plan] step=173 node=N7627 type=observe q_pred_context=1.049729 sequence=529.704247
[plan] step=174 node=N7421 type=control1 q_pred_context=6.602609 sequence=536.306856
[plan] step=175 node=N2894 type=control1 q_pred_context=3.444236 sequence=539.751092
[plan] step=176 node=N2952 type=control1 q_pred_context=1.268883 sequence=541.019975
[plan] step=177 node=N2779 type=control1 q_pred_context=1.129678 sequence=542.149653
[plan] step=178 node=N1879 type=observe q_pred_context=0.508709 sequence=542.658361
[plan] step=179 node=N7414 type=control1 q_pred_context=0.470367 sequence=543.128728
[plan] step=180 node=N6678 type=observe q_pred_context=0.726761 sequence=543.855489
[plan] step=181 node=N5473 type=observe q_pred_context=1.261392 sequence=545.116881
[plan] step=182 node=N706 type=observe q_pred_context=5.302693 sequence=550.419574
[plan] step=183 node=N7436 type=observe q_pred_context=3.868584 sequence=554.288159
[plan] step=184 node=N5422 type=observe q_pred_context=4.654770 sequence=558.942929
[plan] step=185 node=N679 type=observe q_pred_context=5.737649 sequence=564.680577
[plan] step=186 node=N7855 type=control0 q_pred_context=3.106087 sequence=567.786664
[plan] step=187 node=N2837 type=control1 q_pred_context=3.107659 sequence=570.894323
[plan] step=188 node=N7542 type=control0 q_pred_context=1.567361 sequence=572.461684
[plan] step=189 node=N3067 type=control1 q_pred_context=7.075833 sequence=579.537517
[plan] step=190 node=N6673 type=observe q_pred_context=3.006363 sequence=582.543880
[plan] step=191 node=N703 type=observe q_pred_context=4.353950 sequence=586.897830
[plan] step=192 node=N3009 type=control1 q_pred_context=2.176569 sequence=589.074399
[plan] step=193 node=N8790 type=control1 q_pred_context=1.442811 sequence=590.517210
[plan] step=194 node=N8240 type=control1 q_pred_context=1.707347 sequence=592.224557
[plan] step=195 node=N8789 type=control1 q_pred_context=1.929614 sequence=594.154171
[plan] step=196 node=N8239 type=control1 q_pred_context=2.156581 sequence=596.310752
[plan] step=197 node=N8607 type=control1 q_pred_context=2.321331 sequence=598.632083
[plan] step=198 node=N5456 type=observe q_pred_context=2.023030 sequence=600.655113
[plan] step=199 node=N5390 type=observe q_pred_context=3.794263 sequence=604.449376
[plan] step=200 node=N2072 type=observe q_pred_context=6.244076 sequence=610.693452
[plan] step=201 node=N7439 type=observe q_pred_context=5.980732 sequence=616.674185
[plan] step=202 node=N5334 type=observe q_pred_context=2.012457 sequence=618.686642
[plan] step=203 node=N5439 type=observe q_pred_context=5.317756 sequence=624.004398
[plan] step=204 node=N1599 type=observe q_pred_context=3.564730 sequence=627.569128
[plan] step=205 node=N1598 type=observe q_pred_context=3.397700 sequence=630.966828
[plan] step=206 node=N1987 type=observe q_pred_context=2.561764 sequence=633.528592
[plan] step=207 node=N5202 type=observe q_pred_context=3.546172 sequence=637.074764
[plan] step=208 node=N6660 type=observe q_pred_context=6.557819 sequence=643.632583
[plan] step=209 node=N719 type=observe q_pred_context=5.703276 sequence=649.335859
[plan] step=210 node=N699 type=observe q_pred_context=5.244237 sequence=654.580096
[plan] step=211 node=N7383 type=observe q_pred_context=2.961937 sequence=657.542033
[plan] step=212 node=N652 type=control1 q_pred_context=1.966749 sequence=659.508782
[plan] step=213 node=N5373 type=observe q_pred_context=0.981512 sequence=660.490294
[plan] step=214 node=N8238 type=control1 q_pred_context=1.534571 sequence=662.024866
[plan] step=215 node=N6581 type=observe q_pred_context=2.795663 sequence=664.820529
[plan] step=216 node=N708 type=observe q_pred_context=2.878568 sequence=667.699097
[plan] step=217 node=N734 type=observe q_pred_context=4.017637 sequence=671.716734
[plan] step=218 node=N8606 type=control1 q_pred_context=2.371654 sequence=674.088388
[plan] step=219 node=N8237 type=control1 q_pred_context=2.436750 sequence=676.525138
[plan] step=220 node=N902 type=control1 q_pred_context=3.654058 sequence=680.179196
[plan] step=221 node=N4460 type=control0 q_pred_context=0.747087 sequence=680.926283
[plan] step=222 node=N8605 type=control1 q_pred_context=6.695990 sequence=687.622274
[plan] step=223 node=N7380 type=observe q_pred_context=5.895057 sequence=693.517330
[plan] step=224 node=N8236 type=control1 q_pred_context=2.473044 sequence=695.990374
[plan] step=225 node=N4421 type=control0 q_pred_context=1.866281 sequence=697.856655
[plan] step=226 node=N686 type=observe q_pred_context=6.806996 sequence=704.663651
[plan] step=227 node=N515 type=control1 q_pred_context=4.702095 sequence=709.365747
[plan] step=228 node=N6682 type=observe q_pred_context=0.940395 sequence=710.306141
[plan] step=229 node=N1351 type=observe q_pred_context=6.289249 sequence=716.595390
[plan] step=230 node=N689 type=observe q_pred_context=4.296664 sequence=720.892054
[plan] step=231 node=N684 type=observe q_pred_context=4.874728 sequence=725.766782
[plan] step=232 node=N729 type=observe q_pred_context=3.827038 sequence=729.593820
[plan] step=233 node=N6658 type=observe q_pred_context=1.318770 sequence=730.912590
[plan] step=234 node=N5094 type=observe q_pred_context=1.449650 sequence=732.362240
[plan] step=235 node=N7433 type=observe q_pred_context=3.232608 sequence=735.594848
[plan] step=236 node=N2151 type=observe q_pred_context=1.370285 sequence=736.965134
[plan] step=237 node=N2243 type=observe q_pred_context=0.951865 sequence=737.916999
[plan] step=238 node=N764 type=observe q_pred_context=0.149169 sequence=738.066168
[plan] step=239 node=N2159 type=observe q_pred_context=2.921185 sequence=740.987353
[plan] step=240 node=N2271 type=observe q_pred_context=2.981420 sequence=743.968774
[plan] step=241 node=N7447 type=observe q_pred_context=3.677686 sequence=747.646459
[plan] step=242 node=N4359 type=control0 q_pred_context=2.242339 sequence=749.888799
[plan] step=243 node=N5111 type=observe q_pred_context=5.382775 sequence=755.271573
[plan] step=244 node=N2259 type=observe q_pred_context=6.634572 sequence=761.906146
[plan] step=245 node=N6656 type=observe q_pred_context=5.611456 sequence=767.517602
[plan] step=246 node=N697 type=observe q_pred_context=2.149695 sequence=769.667297
[plan] step=247 node=N2267 type=observe q_pred_context=4.190970 sequence=773.858267
[plan] step=248 node=N696 type=observe q_pred_context=3.157054 sequence=777.015321
[plan] step=249 node=N5735 type=observe q_pred_context=0.972164 sequence=777.987485
[plan] step=250 node=N2263 type=observe q_pred_context=3.046707 sequence=781.034192
[plan] step=251 node=N7444 type=observe q_pred_context=1.670016 sequence=782.704208
[plan] step=252 node=N4367 type=control0 q_pred_context=2.550325 sequence=785.254533
[plan] step=253 node=N2251 type=observe q_pred_context=6.189538 sequence=791.444071
[plan] step=254 node=N6537 type=observe q_pred_context=6.956464 sequence=798.400535
[plan] step=255 node=N695 type=observe q_pred_context=3.952011 sequence=802.352546
[plan] step=256 node=N5160 type=observe q_pred_context=5.365618 sequence=807.718164
[plan] step=257 node=N1688 type=observe q_pred_context=2.261178 sequence=809.979342
[plan] step=258 node=N6736 type=control1 q_pred_context=5.484100 sequence=815.463441
[plan] step=259 node=N4442 type=control0 q_pred_context=4.391552 sequence=819.854993
[plan] step=260 node=N6657 type=observe q_pred_context=5.885596 sequence=825.740588
[plan] step=261 node=N1352 type=observe q_pred_context=5.280791 sequence=831.021380
[plan] step=262 node=N2247 type=observe q_pred_context=4.544177 sequence=835.565556
[plan] step=263 node=N7440 type=observe q_pred_context=2.658543 sequence=838.224099
[plan] step=264 node=N680 type=observe q_pred_context=3.371777 sequence=841.595876
[plan] step=265 node=N7452 type=observe q_pred_context=6.707923 sequence=848.303799
[plan] step=266 node=N4532 type=control0 q_pred_context=2.116969 sequence=850.420768
[plan] step=267 node=N4469 type=control0 q_pred_context=5.933184 sequence=856.353952
[plan] step=268 node=N6730 type=control1 q_pred_context=5.994457 sequence=862.348409
[plan] step=269 node=N765 type=observe q_pred_context=5.659970 sequence=868.008378
[plan] step=270 node=N732 type=observe q_pred_context=5.454334 sequence=873.462712
[plan] step=271 node=N2218 type=observe q_pred_context=5.466235 sequence=878.928947
[plan] step=272 node=N4900 type=observe q_pred_context=2.432957 sequence=881.361904
[plan] step=273 node=N2216 type=observe q_pred_context=5.580427 sequence=886.942331
[plan] step=274 node=N2255 type=observe q_pred_context=6.011281 sequence=892.953612
[plan] step=275 node=N8235 type=control1 q_pred_context=3.598683 sequence=896.552295
[plan] step=276 node=N6562 type=observe q_pred_context=2.673891 sequence=899.226186
[plan] step=277 node=N2185 type=observe q_pred_context=3.194863 sequence=902.421050
[plan] step=278 node=N717 type=observe q_pred_context=6.035012 sequence=908.456062
saved=autoresearch/loop-260718-0223/quantized_repeats_b15_round13/q0p0001_p0p0_d4__r2/b15_C/plans/iscas99__b15_1__greedy__cumulative__q_pred_context__bw1__d1__c48__g1p0__candhard_fault_cluster__div0p0__s0.csv
