[plan] candidate_allowlist=autoresearch/original-netlist-recovery-260712/exact_itc99/b22_C/exact_candidate_nodes.txt nodes=28412
[plan] latent_norm_clip_ratio=1 latent_norm_limit=7.738278
[plan] step=1 node=N1180 type=control1 q_pred_context=2.694418 sequence=2.694418
[plan] step=2 node=N2076 type=observe q_pred_context=1.623390 sequence=4.317808
[plan] step=3 node=N2075 type=observe q_pred_context=2.826247 sequence=7.144055
[plan] step=4 node=N3076 type=control0 q_pred_context=1.174554 sequence=8.318609
[plan] step=5 node=N2077 type=observe q_pred_context=1.665176 sequence=9.983785
[plan] step=6 node=N3815 type=control0 q_pred_context=1.252777 sequence=11.236562
[plan] step=7 node=N2078 type=observe q_pred_context=3.191214 sequence=14.427777
[plan] step=8 node=N1758 type=observe q_pred_context=1.062899 sequence=15.490675
[plan] step=9 node=N2079 type=observe q_pred_context=3.586438 sequence=19.077114
[plan] step=10 node=N2099 type=observe q_pred_context=1.892252 sequence=20.969365
[plan] step=11 node=N3861 type=control0 q_pred_context=1.002469 sequence=21.971834
[plan] step=12 node=N3865 type=control0 q_pred_context=0.975366 sequence=22.947200
[plan] step=13 node=N2081 type=observe q_pred_context=1.099013 sequence=24.046213
[plan] step=14 node=N2092 type=observe q_pred_context=1.413514 sequence=25.459727
[plan] step=15 node=N1993 type=control1 q_pred_context=1.103276 sequence=26.563003
[plan] step=16 node=N1253 type=observe q_pred_context=1.578145 sequence=28.141149
[plan] step=17 node=N1252 type=observe q_pred_context=2.734052 sequence=30.875201
[plan] step=18 node=N5214 type=control1 q_pred_context=1.065257 sequence=31.940458
[plan] step=19 node=N2104 type=control1 q_pred_context=1.539345 sequence=33.479803
[plan] step=20 node=N6279 type=control0 q_pred_context=1.113305 sequence=34.593108
[plan] step=21 node=N6885 type=control0 q_pred_context=0.985406 sequence=35.578514
[plan] step=22 node=N2103 type=control1 q_pred_context=1.275474 sequence=36.853988
[plan] step=23 node=N3909 type=control0 q_pred_context=1.098310 sequence=37.952298
[plan] step=24 node=N3893 type=control0 q_pred_context=0.716447 sequence=38.668745
[plan] step=25 node=N3885 type=control0 q_pred_context=0.753735 sequence=39.422480
[plan] step=26 node=N3881 type=control0 q_pred_context=0.802985 sequence=40.225465
[plan] step=27 node=N3901 type=control0 q_pred_context=1.372544 sequence=41.598009
[plan] step=28 node=N3905 type=control0 q_pred_context=2.121966 sequence=43.719974
[plan] step=29 node=N7064 type=control0 q_pred_context=2.545220 sequence=46.265194
[plan] step=30 node=N5251 type=observe q_pred_context=1.242096 sequence=47.507290
[plan] step=31 node=N3889 type=control0 q_pred_context=1.539781 sequence=49.047071
[plan] step=32 node=N6272 type=control0 q_pred_context=1.958187 sequence=51.005258
[plan] step=33 node=N3068 type=control0 q_pred_context=1.401922 sequence=52.407180
[plan] step=34 node=N5343 type=control0 q_pred_context=0.413855 sequence=52.821035
[plan] step=35 node=N3289 type=control0 q_pred_context=1.233562 sequence=54.054597
[plan] step=36 node=N6907 type=control0 q_pred_context=0.583578 sequence=54.638175
[plan] step=37 node=N4542 type=observe q_pred_context=0.611474 sequence=55.249649
[plan] step=38 node=N4545 type=control1 q_pred_context=0.527543 sequence=55.777192
[plan] step=39 node=N7010 type=control0 q_pred_context=0.652930 sequence=56.430122
[plan] step=40 node=N4544 type=observe q_pred_context=1.015759 sequence=57.445881
[plan] step=41 node=N7028 type=control0 q_pred_context=1.434082 sequence=58.879963
[plan] step=42 node=N7025 type=control0 q_pred_context=2.233655 sequence=61.113618
[plan] step=43 node=N6887 type=control0 q_pred_context=1.144978 sequence=62.258596
[plan] step=44 node=N7022 type=control0 q_pred_context=2.831747 sequence=65.090343
[plan] step=45 node=N7046 type=control0 q_pred_context=2.863020 sequence=67.953363
[plan] step=46 node=N5501 type=control1 q_pred_context=1.915273 sequence=69.868636
[plan] step=47 node=N7040 type=control0 q_pred_context=3.991295 sequence=73.859932
[plan] step=48 node=N7034 type=control0 q_pred_context=4.093221 sequence=77.953153
[plan] step=49 node=N2297 type=control1 q_pred_context=2.384540 sequence=80.337692
[plan] step=50 node=N6964 type=control0 q_pred_context=3.177301 sequence=83.514993
[plan] step=51 node=N7031 type=control0 q_pred_context=3.708249 sequence=87.223242
[plan] step=52 node=N6967 type=control0 q_pred_context=3.610008 sequence=90.833250
[plan] step=53 node=N7037 type=control0 q_pred_context=3.806299 sequence=94.639550
[plan] step=54 node=N7043 type=control0 q_pred_context=2.576703 sequence=97.216252
[plan] step=55 node=N7049 type=control0 q_pred_context=1.624251 sequence=98.840503
[plan] step=56 node=N1988 type=control1 q_pred_context=1.026164 sequence=99.866667
[plan] step=57 node=N6970 type=control0 q_pred_context=1.080989 sequence=100.947656
[plan] step=58 node=N6973 type=control0 q_pred_context=1.117469 sequence=102.065125
[plan] step=59 node=N13007 type=control1 q_pred_context=0.948310 sequence=103.013435
[plan] step=60 node=N19315 type=control1 q_pred_context=0.976455 sequence=103.989890
[plan] step=61 node=N6977 type=observe q_pred_context=0.920158 sequence=104.910048
[plan] step=62 node=N4525 type=control0 q_pred_context=2.223499 sequence=107.133547
[plan] step=63 node=N3715 type=control0 q_pred_context=1.221328 sequence=108.354876
[plan] step=64 node=N3819 type=control0 q_pred_context=1.373107 sequence=109.727983
[plan] step=65 node=N3857 type=control0 q_pred_context=1.468743 sequence=111.196726
[plan] step=66 node=N3853 type=control0 q_pred_context=1.371732 sequence=112.568458
[plan] step=67 node=N6979 type=control0 q_pred_context=1.548980 sequence=114.117438
[plan] step=68 node=N7119 type=control0 q_pred_context=1.493267 sequence=115.610705
[plan] step=69 node=N7123 type=control0 q_pred_context=1.616965 sequence=117.227670
[plan] step=70 node=N3718 type=control0 q_pred_context=1.704216 sequence=118.931886
[plan] step=71 node=N3849 type=control0 q_pred_context=1.832864 sequence=120.764749
[plan] step=72 node=N3976 type=control0 q_pred_context=1.889369 sequence=122.654119
[plan] step=73 node=N12848 type=control0 q_pred_context=1.846284 sequence=124.500403
[plan] step=74 node=N1572 type=control0 q_pred_context=2.834594 sequence=127.334996
[plan] step=75 node=N3739 type=control0 q_pred_context=2.550063 sequence=129.885060
[plan] step=76 node=N3980 type=control0 q_pred_context=2.398362 sequence=132.283421
[plan] step=77 node=N12847 type=control0 q_pred_context=2.631035 sequence=134.914456
[plan] step=78 node=N3736 type=control0 q_pred_context=2.721348 sequence=137.635805
[plan] step=79 node=N3822 type=control0 q_pred_context=2.249761 sequence=139.885566
[plan] step=80 node=N7019 type=control0 q_pred_context=2.021779 sequence=141.907345
[plan] step=81 node=N3938 type=control0 q_pred_context=1.945242 sequence=143.852587
[plan] step=82 node=N19253 type=control0 q_pred_context=2.050875 sequence=145.903462
[plan] step=83 node=N1592 type=control0 q_pred_context=2.671048 sequence=148.574510
[plan] step=84 node=N19254 type=control0 q_pred_context=2.489081 sequence=151.063591
[plan] step=85 node=N19255 type=control0 q_pred_context=2.315356 sequence=153.378947
[plan] step=86 node=N19252 type=control0 q_pred_context=2.118126 sequence=155.497073
[plan] step=87 node=N19276 type=control0 q_pred_context=2.355535 sequence=157.852607
[plan] step=88 node=N12965 type=control0 q_pred_context=2.034777 sequence=159.887385
[plan] step=89 node=N12942 type=control0 q_pred_context=1.881311 sequence=161.768696
[plan] step=90 node=N8431 type=control0 q_pred_context=1.730220 sequence=163.498916
[plan] step=91 node=N19360 type=control0 q_pred_context=1.701804 sequence=165.200721
[plan] step=92 node=N18387 type=control1 q_pred_context=1.183424 sequence=166.384145
[plan] step=93 node=N12944 type=control0 q_pred_context=2.067951 sequence=168.452096
[plan] step=94 node=N19356 type=control0 q_pred_context=3.427594 sequence=171.879690
[plan] step=95 node=N19358 type=control0 q_pred_context=1.667306 sequence=173.546996
[plan] step=96 node=N13045 type=control0 q_pred_context=1.674482 sequence=175.221479
[plan] step=97 node=N18514 type=control0 q_pred_context=1.416446 sequence=176.637925
[plan] step=98 node=N13041 type=control0 q_pred_context=1.461698 sequence=178.099623
[plan] step=99 node=N1181 type=control1 q_pred_context=1.998896 sequence=180.098519
[plan] step=100 node=N3877 type=control0 q_pred_context=2.108935 sequence=182.207454
[plan] step=101 node=N19350 type=control0 q_pred_context=0.998215 sequence=183.205669
[plan] step=102 node=N19352 type=control0 q_pred_context=1.004475 sequence=184.210144
[plan] step=103 node=N5216 type=control1 q_pred_context=0.831941 sequence=185.042085
[plan] step=104 node=N13039 type=control0 q_pred_context=1.684254 sequence=186.726340
[plan] step=105 node=N13005 type=control1 q_pred_context=1.968396 sequence=188.694736
[plan] step=106 node=N19354 type=control0 q_pred_context=2.431289 sequence=191.126025
[plan] step=107 node=N5000 type=control1 q_pred_context=1.716524 sequence=192.842549
[plan] step=108 node=N19364 type=control0 q_pred_context=2.923348 sequence=195.765897
[plan] step=109 node=N19313 type=control1 q_pred_context=2.022012 sequence=197.787909
[plan] step=110 node=N13043 type=control0 q_pred_context=2.047144 sequence=199.835052
[plan] step=111 node=N8330 type=control1 q_pred_context=0.707009 sequence=200.542061
[plan] step=112 node=N24124 type=control1 q_pred_context=3.594600 sequence=204.136662
[plan] step=113 node=N5220 type=control1 q_pred_context=1.921615 sequence=206.058277
[plan] step=114 node=N8333 type=control1 q_pred_context=1.283644 sequence=207.341921
[plan] step=115 node=N8331 type=control1 q_pred_context=1.726609 sequence=209.068529
[plan] step=116 node=N19314 type=control1 q_pred_context=5.185455 sequence=214.253985
[plan] step=117 node=N13004 type=control1 q_pred_context=1.036491 sequence=215.290476
[plan] step=118 node=N7159 type=observe q_pred_context=0.229749 sequence=215.520224
[plan] step=119 node=N7255 type=observe q_pred_context=0.914008 sequence=216.434233
[plan] step=120 node=N5868 type=observe q_pred_context=1.130042 sequence=217.564275
[plan] step=121 node=N13003 type=control1 q_pred_context=1.063396 sequence=218.627670
[plan] step=122 node=N7145 type=observe q_pred_context=0.881072 sequence=219.508742
[plan] step=123 node=N5540 type=observe q_pred_context=1.023048 sequence=220.531790
[plan] step=124 node=N19310 type=control1 q_pred_context=1.089032 sequence=221.620823
[plan] step=125 node=N5559 type=observe q_pred_context=0.910136 sequence=222.530958
[plan] step=126 node=N7208 type=observe q_pred_context=0.936667 sequence=223.467625
[plan] step=127 node=N18522 type=control1 q_pred_context=1.092442 sequence=224.560067
[plan] step=128 node=N5564 type=observe q_pred_context=1.036141 sequence=225.596208
[plan] step=129 node=N5811 type=observe q_pred_context=0.946196 sequence=226.542404
[plan] step=130 node=N21464 type=control1 q_pred_context=0.838252 sequence=227.380656
[plan] step=131 node=N7194 type=observe q_pred_context=0.961747 sequence=228.342404
[plan] step=132 node=N5602 type=observe q_pred_context=0.934700 sequence=229.277103
[plan] step=133 node=N5640 type=observe q_pred_context=0.946140 sequence=230.223244
[plan] step=134 node=N4453 type=control1 q_pred_context=1.002938 sequence=231.226182
[plan] step=135 node=N7598 type=control1 q_pred_context=1.121833 sequence=232.348015
[plan] step=136 node=N5925 type=observe q_pred_context=0.845457 sequence=233.193472
[plan] step=137 node=N5659 type=observe q_pred_context=0.842947 sequence=234.036419
[plan] step=138 node=N6039 type=observe q_pred_context=1.008589 sequence=235.045008
[plan] step=139 node=N5944 type=observe q_pred_context=1.125964 sequence=236.170971
[plan] step=140 node=N13002 type=control1 q_pred_context=0.881315 sequence=237.052286
[plan] step=141 node=N5735 type=observe q_pred_context=0.923845 sequence=237.976131
[plan] step=142 node=N5963 type=observe q_pred_context=0.909060 sequence=238.885191
[plan] step=143 node=N7014 type=observe q_pred_context=0.842430 sequence=239.727621
[plan] step=144 node=N2032 type=control1 q_pred_context=0.783010 sequence=240.510631
[plan] step=145 node=N5697 type=observe q_pred_context=1.431224 sequence=241.941855
[plan] step=146 node=N5678 type=observe q_pred_context=1.410724 sequence=243.352580
[plan] step=147 node=N1256 type=observe q_pred_context=1.237186 sequence=244.589766
[plan] step=148 node=N1254 type=observe q_pred_context=1.248062 sequence=245.837829
[plan] step=149 node=N1257 type=observe q_pred_context=1.236819 sequence=247.074648
[plan] step=150 node=N1255 type=observe q_pred_context=1.315248 sequence=248.389896
[plan] step=151 node=N1267 type=observe q_pred_context=1.048594 sequence=249.438490
[plan] step=152 node=N12999 type=control1 q_pred_context=0.936276 sequence=250.374766
[plan] step=153 node=N3832 type=observe q_pred_context=1.364828 sequence=251.739594
[plan] step=154 node=N19301 type=control1 q_pred_context=1.057426 sequence=252.797020
[plan] step=155 node=N6115 type=observe q_pred_context=1.568646 sequence=254.365665
[plan] step=156 node=N12990 type=control1 q_pred_context=1.033698 sequence=255.399363
[plan] step=157 node=N6058 type=observe q_pred_context=1.644168 sequence=257.043531
[plan] step=158 node=N5280 type=observe q_pred_context=1.393327 sequence=258.436858
[plan] step=159 node=N4527 type=control1 q_pred_context=0.979867 sequence=259.416725
[plan] step=160 node=N4526 type=control1 q_pred_context=1.782402 sequence=261.199127
[plan] step=161 node=N6095 type=observe q_pred_context=1.247233 sequence=262.446360
[plan] step=162 node=N7027 type=control1 q_pred_context=1.724980 sequence=264.171340
[plan] step=163 node=N4538 type=observe q_pred_context=1.244609 sequence=265.415949
[plan] step=164 node=N4543 type=observe q_pred_context=1.187262 sequence=266.603211
[plan] step=165 node=N7030 type=control1 q_pred_context=1.497581 sequence=268.100791
[plan] step=166 node=N4539 type=observe q_pred_context=1.088936 sequence=269.189727
[plan] step=167 node=N6980 type=observe q_pred_context=1.863044 sequence=271.052771
[plan] step=168 node=N3836 type=observe q_pred_context=0.814743 sequence=271.867514
[plan] step=169 node=N3860 type=observe q_pred_context=1.050357 sequence=272.917871
[plan] step=170 node=N19312 type=control1 q_pred_context=0.949980 sequence=273.867851
[plan] step=171 node=N3844 type=observe q_pred_context=0.947711 sequence=274.815562
[plan] step=172 node=N3852 type=observe q_pred_context=0.873075 sequence=275.688637
[plan] step=173 node=N2071 type=observe q_pred_context=1.069039 sequence=276.757676
[plan] step=174 node=N14429 type=observe q_pred_context=0.902535 sequence=277.660210
[plan] step=175 node=N3856 type=observe q_pred_context=0.837193 sequence=278.497404
[plan] step=176 node=N7017 type=observe q_pred_context=1.824967 sequence=280.322370
[plan] step=177 node=N7008 type=observe q_pred_context=0.738187 sequence=281.060557
[plan] step=178 node=N6999 type=observe q_pred_context=0.621668 sequence=281.682226
[plan] step=179 node=N1260 type=observe q_pred_context=0.873005 sequence=282.555231
[plan] step=180 node=N4536 type=observe q_pred_context=0.779219 sequence=283.334450
[plan] step=181 node=N4534 type=observe q_pred_context=0.902752 sequence=284.237202
[plan] step=182 node=N4530 type=observe q_pred_context=1.134312 sequence=285.371514
[plan] step=183 node=N4535 type=observe q_pred_context=0.743182 sequence=286.114697
[plan] step=184 node=N3848 type=observe q_pred_context=1.437904 sequence=287.552601
[plan] step=185 node=N6993 type=observe q_pred_context=1.079844 sequence=288.632445
[plan] step=186 node=N3911 type=observe q_pred_context=2.062518 sequence=290.694963
[plan] step=187 node=N15003 type=control1 q_pred_context=0.743673 sequence=291.438636
[plan] step=188 node=N15007 type=control1 q_pred_context=1.934598 sequence=293.373233
[plan] step=189 node=N15002 type=control1 q_pred_context=1.826913 sequence=295.200146
[plan] step=190 node=N7595 type=control1 q_pred_context=1.296830 sequence=296.496976
[plan] step=191 node=N4531 type=observe q_pred_context=0.750864 sequence=297.247840
[plan] step=192 node=N7599 type=control1 q_pred_context=1.318011 sequence=298.565851
[plan] step=193 node=N4533 type=observe q_pred_context=0.894594 sequence=299.460445
[plan] step=194 node=N15004 type=control1 q_pred_context=1.106112 sequence=300.566557
[plan] step=195 node=N15006 type=control1 q_pred_context=1.155268 sequence=301.721825
[plan] step=196 node=N8334 type=control1 q_pred_context=1.354415 sequence=303.076240
[plan] step=197 node=N5498 type=control0 q_pred_context=3.217474 sequence=306.293714
[plan] step=198 node=N10497 type=control0 q_pred_context=5.932175 sequence=312.225890
[plan] step=199 node=N13047 type=control0 q_pred_context=3.087286 sequence=315.313176
[plan] step=200 node=N7574 type=control0 q_pred_context=2.383121 sequence=317.696297
[plan] step=201 node=N3864 type=observe q_pred_context=1.396296 sequence=319.092592
[plan] step=202 node=N15005 type=control1 q_pred_context=0.993222 sequence=320.085815
[plan] step=203 node=N2295 type=control0 q_pred_context=2.136766 sequence=322.222581
[plan] step=204 node=N19366 type=control0 q_pred_context=4.984725 sequence=327.207305
[plan] step=205 node=N13049 type=control0 q_pred_context=3.082895 sequence=330.290201
[plan] step=206 node=N3868 type=observe q_pred_context=1.477791 sequence=331.767991
[plan] step=207 node=N21458 type=control1 q_pred_context=1.134397 sequence=332.902389
[plan] step=208 node=N26396 type=control1 q_pred_context=1.030153 sequence=333.932542
[plan] step=209 node=N14436 type=observe q_pred_context=2.287017 sequence=336.219559
[plan] step=210 node=N14449 type=observe q_pred_context=4.678314 sequence=340.897873
[plan] step=211 node=N3899 type=control1 q_pred_context=5.365798 sequence=346.263671
[plan] step=212 node=N3873 type=control0 q_pred_context=1.377556 sequence=347.641227
[plan] step=213 node=N14443 type=observe q_pred_context=2.340548 sequence=349.981775
[plan] step=214 node=N4532 type=observe q_pred_context=1.199270 sequence=351.181045
[plan] step=215 node=N1259 type=observe q_pred_context=1.631608 sequence=352.812653
[plan] step=216 node=N4537 type=observe q_pred_context=1.411193 sequence=354.223846
[plan] step=217 node=N1985 type=observe q_pred_context=2.598839 sequence=356.822685
[plan] step=218 node=N14356 type=observe q_pred_context=2.739137 sequence=359.561822
[plan] step=219 node=N4461 type=control1 q_pred_context=4.148322 sequence=363.710144
[plan] step=220 node=N14333 type=control1 q_pred_context=1.880862 sequence=365.591006
[plan] step=221 node=N13010 type=control0 q_pred_context=0.595626 sequence=366.186633
[plan] step=222 node=N18594 type=control0 q_pred_context=1.684622 sequence=367.871254
[plan] step=223 node=N14357 type=observe q_pred_context=2.559863 sequence=370.431117
[plan] step=224 node=N4463 type=control1 q_pred_context=2.527108 sequence=372.958225
[plan] step=225 node=N2073 type=observe q_pred_context=3.477740 sequence=376.435966
[plan] step=226 node=N13053 type=control0 q_pred_context=1.453547 sequence=377.889513
[plan] step=227 node=N5266 type=observe q_pred_context=1.169236 sequence=379.058749
[plan] step=228 node=N14352 type=observe q_pred_context=1.484024 sequence=380.542773
[plan] step=229 node=N8324 type=control1 q_pred_context=5.291730 sequence=385.834502
[plan] step=230 node=N1751 type=observe q_pred_context=1.065852 sequence=386.900354
[plan] step=231 node=N24133 type=control1 q_pred_context=1.759664 sequence=388.660019
[plan] step=232 node=N26415 type=control1 q_pred_context=1.759323 sequence=390.419342
[plan] step=233 node=N6001 type=observe q_pred_context=1.369558 sequence=391.788900
[plan] step=234 node=N15109 type=control1 q_pred_context=1.559675 sequence=393.348575
[plan] step=235 node=N2919 type=observe q_pred_context=3.565754 sequence=396.914328
[plan] step=236 node=N5906 type=observe q_pred_context=0.509899 sequence=397.424228
[plan] step=237 node=N15087 type=control1 q_pred_context=0.785738 sequence=398.209966
[plan] step=238 node=N15099 type=control1 q_pred_context=0.580813 sequence=398.790778
[plan] step=239 node=N19311 type=control1 q_pred_context=0.977806 sequence=399.768584
[plan] step=240 node=N18580 type=control0 q_pred_context=1.277447 sequence=401.046031
[plan] step=241 node=N13055 type=control0 q_pred_context=1.028083 sequence=402.074114
[plan] step=242 node=N1520 type=control0 q_pred_context=4.836944 sequence=406.911058
[plan] step=243 node=N3282 type=observe q_pred_context=2.818722 sequence=409.729780
[plan] step=244 node=N1172 type=control0 q_pred_context=0.820101 sequence=410.549881
[plan] step=245 node=N4998 type=observe q_pred_context=0.984872 sequence=411.534752
[plan] step=246 node=N2035 type=observe q_pred_context=1.720320 sequence=413.255072
[plan] step=247 node=N18591 type=control0 q_pred_context=1.263380 sequence=414.518452
[plan] step=248 node=N26397 type=control1 q_pred_context=1.434635 sequence=415.953087
[plan] step=249 node=N19368 type=control0 q_pred_context=3.011073 sequence=418.964160
[plan] step=250 node=N14365 type=observe q_pred_context=3.395981 sequence=422.360141
[plan] step=251 node=N14353 type=observe q_pred_context=2.857965 sequence=425.218106
[plan] step=252 node=N5277 type=observe q_pred_context=3.308538 sequence=428.526644
[plan] step=253 node=N14345 type=observe q_pred_context=2.457702 sequence=430.984346
[plan] step=254 node=N14344 type=observe q_pred_context=2.408626 sequence=433.392972
[plan] step=255 node=N14349 type=observe q_pred_context=1.968055 sequence=435.361026
[plan] step=256 node=N14492 type=observe q_pred_context=2.206339 sequence=437.567365
[plan] step=257 node=N13000 type=control1 q_pred_context=1.503472 sequence=439.070837
[plan] step=258 node=N13001 type=control1 q_pred_context=3.082224 sequence=442.153061
[plan] step=259 node=N14454 type=observe q_pred_context=3.762294 sequence=445.915355
[plan] step=260 node=N2059 type=observe q_pred_context=1.088340 sequence=447.003695
[plan] step=261 node=N6020 type=observe q_pred_context=1.109825 sequence=448.113520
[plan] step=262 node=N4994 type=observe q_pred_context=1.504743 sequence=449.618263
[plan] step=263 node=N7215 type=observe q_pred_context=1.270885 sequence=450.889148
[plan] step=264 node=N5254 type=observe q_pred_context=1.146688 sequence=452.035836
[plan] step=265 node=N2033 type=observe q_pred_context=1.789056 sequence=453.824893
[plan] step=266 node=N18518 type=control0 q_pred_context=0.965361 sequence=454.790253
[plan] step=267 node=N7002 type=observe q_pred_context=1.263841 sequence=456.054094
[plan] step=268 node=N18572 type=control0 q_pred_context=1.582736 sequence=457.636830
[plan] step=269 node=N18571 type=control0 q_pred_context=2.037654 sequence=459.674485
[plan] step=270 node=N24123 type=control1 q_pred_context=1.632173 sequence=461.306658
[plan] step=271 node=N2152 type=control0 q_pred_context=1.210154 sequence=462.516811
[plan] step=272 node=N1515 type=control0 q_pred_context=1.937323 sequence=464.454134
[plan] step=273 node=N18582 type=control0 q_pred_context=1.720043 sequence=466.174177
[plan] step=274 node=N19245 type=control0 q_pred_context=2.810076 sequence=468.984253
[plan] step=275 node=N4429 type=observe q_pred_context=1.520059 sequence=470.504312
[plan] step=276 node=N15101 type=control1 q_pred_context=0.608087 sequence=471.112399
[plan] step=277 node=N26417 type=control1 q_pred_context=1.555543 sequence=472.667942
[plan] step=278 node=N2168 type=observe q_pred_context=1.710760 sequence=474.378702
[plan] step=279 node=N14460 type=observe q_pred_context=1.151564 sequence=475.530266
[plan] step=280 node=N3840 type=observe q_pred_context=0.711874 sequence=476.242140
[plan] step=281 node=N14467 type=observe q_pred_context=1.404654 sequence=477.646795
[plan] step=282 node=N7243 type=observe q_pred_context=0.707954 sequence=478.354748
[plan] step=283 node=N2037 type=observe q_pred_context=1.685024 sequence=480.039773
[plan] step=284 node=N6077 type=observe q_pred_context=1.535324 sequence=481.575097
[plan] step=285 node=N5279 type=observe q_pred_context=1.583216 sequence=483.158313
[plan] step=286 node=N2039 type=observe q_pred_context=1.813268 sequence=484.971581
[plan] step=287 node=N5982 type=observe q_pred_context=1.431675 sequence=486.403256
[plan] step=288 node=N4991 type=observe q_pred_context=1.576210 sequence=487.979466
[plan] step=289 node=N5276 type=observe q_pred_context=1.610295 sequence=489.589761
[plan] step=290 node=N26404 type=control1 q_pred_context=1.262079 sequence=490.851840
[plan] step=291 node=N5792 type=observe q_pred_context=1.244437 sequence=492.096277
[plan] step=292 node=N4354 type=observe q_pred_context=0.851187 sequence=492.947464
[plan] step=293 node=N2043 type=observe q_pred_context=5.259730 sequence=498.207194
[plan] step=294 node=N15096 type=control1 q_pred_context=1.108731 sequence=499.315925
[plan] step=295 node=N3535 type=observe q_pred_context=1.159514 sequence=500.475439
[plan] step=296 node=N2041 type=observe q_pred_context=2.052303 sequence=502.527741
[plan] step=297 node=N15098 type=control1 q_pred_context=1.028615 sequence=503.556356
[plan] step=298 node=N26403 type=control1 q_pred_context=0.990330 sequence=504.546686
[plan] step=299 node=N15097 type=control1 q_pred_context=0.781428 sequence=505.328114
[plan] step=300 node=N5273 type=observe q_pred_context=0.948967 sequence=506.277081
[plan] step=301 node=N5830 type=observe q_pred_context=1.040113 sequence=507.317194
[plan] step=302 node=N5515 type=observe q_pred_context=1.001301 sequence=508.318495
[plan] step=303 node=N18390 type=control0 q_pred_context=0.810530 sequence=509.129025
[plan] step=304 node=N4393 type=observe q_pred_context=0.939624 sequence=510.068649
[plan] step=305 node=N2047 type=observe q_pred_context=1.281304 sequence=511.349953
[plan] step=306 node=N7480 type=observe q_pred_context=1.524941 sequence=512.874894
[plan] step=307 node=N5274 type=observe q_pred_context=1.341389 sequence=514.216283
[plan] step=308 node=N7005 type=observe q_pred_context=1.124969 sequence=515.341252
[plan] step=309 node=N6996 type=observe q_pred_context=1.319703 sequence=516.660955
[plan] step=310 node=N15095 type=control1 q_pred_context=0.878734 sequence=517.539689
[plan] step=311 node=N24119 type=control1 q_pred_context=1.028382 sequence=518.568071
[plan] step=312 node=N13057 type=control0 q_pred_context=1.270726 sequence=519.838798
[plan] step=313 node=N7504 type=observe q_pred_context=1.518239 sequence=521.357037
[plan] step=314 node=N3427 type=observe q_pred_context=2.083261 sequence=523.440298
[plan] step=315 node=N15083 type=control1 q_pred_context=1.281459 sequence=524.721756
[plan] step=316 node=N15081 type=control1 q_pred_context=1.074374 sequence=525.796130
[plan] step=317 node=N6990 type=observe q_pred_context=0.703733 sequence=526.499863
[plan] step=318 node=N12998 type=control1 q_pred_context=0.720599 sequence=527.220461
[plan] step=319 node=N21350 type=control1 q_pred_context=1.002762 sequence=528.223224
[plan] step=320 node=N15100 type=control1 q_pred_context=0.894262 sequence=529.117485
[plan] step=321 node=N15093 type=control1 q_pred_context=0.962428 sequence=530.079913
[plan] step=322 node=N8477 type=control1 q_pred_context=1.044478 sequence=531.124392
[plan] step=323 node=N19244 type=control0 q_pred_context=1.106075 sequence=532.230466
[plan] step=324 node=N4384 type=observe q_pred_context=1.544162 sequence=533.774628
[plan] step=325 node=N7573 type=observe q_pred_context=1.676261 sequence=535.450889
[plan] step=326 node=N5522 type=observe q_pred_context=1.742017 sequence=537.192906
[plan] step=327 node=N15090 type=control1 q_pred_context=0.804032 sequence=537.996938
[plan] step=328 node=N5271 type=observe q_pred_context=0.961235 sequence=538.958173
[plan] step=329 node=N4351 type=observe q_pred_context=0.951583 sequence=539.909756
[plan] step=330 node=N3418 type=observe q_pred_context=0.921605 sequence=540.831361
[plan] step=331 node=N2066 type=observe q_pred_context=0.946076 sequence=541.777437
[plan] step=332 node=N7537 type=observe q_pred_context=1.049809 sequence=542.827246
[plan] step=333 node=N5532 type=observe q_pred_context=1.151825 sequence=543.979071
[plan] step=334 node=N5268 type=observe q_pred_context=1.348970 sequence=545.328041
[plan] step=335 node=N2068 type=observe q_pred_context=1.240409 sequence=546.568450
[plan] step=336 node=N4348 type=observe q_pred_context=0.998541 sequence=547.566991
[plan] step=337 node=N3391 type=observe q_pred_context=1.364595 sequence=548.931586
[plan] step=338 node=N5270 type=observe q_pred_context=1.022352 sequence=549.953938
[plan] step=339 node=N5511 type=observe q_pred_context=1.235347 sequence=551.189285
[plan] step=340 node=N2064 type=observe q_pred_context=1.101601 sequence=552.290886
[plan] step=341 node=N4363 type=observe q_pred_context=0.940598 sequence=553.231483
[plan] step=342 node=N5269 type=observe q_pred_context=1.240176 sequence=554.471660
[plan] step=343 node=N2070 type=observe q_pred_context=1.444636 sequence=555.916296
[plan] step=344 node=N14380 type=observe q_pred_context=1.183387 sequence=557.099683
[plan] step=345 node=N1517 type=control0 q_pred_context=1.115564 sequence=558.215247
[plan] step=346 node=N8476 type=control1 q_pred_context=1.169583 sequence=559.384829
[plan] step=347 node=N7531 type=observe q_pred_context=1.066848 sequence=560.451678
[plan] step=348 node=N14381 type=observe q_pred_context=1.082082 sequence=561.533760
[plan] step=349 node=N1364 type=observe q_pred_context=0.948211 sequence=562.481971
[plan] step=350 node=N3499 type=observe q_pred_context=1.300016 sequence=563.781987
[plan] step=351 node=N5525 type=observe q_pred_context=1.084794 sequence=564.866780
[plan] step=352 node=N2063 type=observe q_pred_context=1.086057 sequence=565.952837
[plan] step=353 node=N5248 type=observe q_pred_context=0.988998 sequence=566.941835
[plan] step=354 node=N4399 type=observe q_pred_context=0.952436 sequence=567.894272
[plan] step=355 node=N14341 type=observe q_pred_context=1.045544 sequence=568.939816
[plan] step=356 node=N3347 type=observe q_pred_context=1.279804 sequence=570.219620
[plan] step=357 node=N2065 type=observe q_pred_context=1.174464 sequence=571.394084
[plan] step=358 node=N5250 type=observe q_pred_context=1.044709 sequence=572.438793
[plan] step=359 node=N4402 type=observe q_pred_context=0.937567 sequence=573.376360
[plan] step=360 node=N2069 type=observe q_pred_context=1.483924 sequence=574.860285
[plan] step=361 node=N15089 type=control1 q_pred_context=0.826877 sequence=575.687162
[plan] step=362 node=N3517 type=observe q_pred_context=1.601189 sequence=577.288351
[plan] step=363 node=N5246 type=observe q_pred_context=1.024880 sequence=578.313230
[plan] step=364 node=N4390 type=observe q_pred_context=0.897938 sequence=579.211168
[plan] step=365 node=N2067 type=observe q_pred_context=1.202817 sequence=580.413985
[plan] step=366 node=N5249 type=observe q_pred_context=1.298718 sequence=581.712703
[plan] step=367 node=N3329 type=observe q_pred_context=1.568258 sequence=583.280961
[plan] step=368 node=N2030 type=observe q_pred_context=1.250277 sequence=584.531238
[plan] step=369 node=N4378 type=observe q_pred_context=0.911579 sequence=585.442817
[plan] step=370 node=N5247 type=observe q_pred_context=1.254078 sequence=586.696895
[plan] step=371 node=N5508 type=observe q_pred_context=1.254157 sequence=587.951053
[plan] step=372 node=N2056 type=observe q_pred_context=1.158168 sequence=589.109221
[plan] step=373 node=N3294 type=observe q_pred_context=1.436377 sequence=590.545598
[plan] step=374 node=N5523 type=observe q_pred_context=0.917330 sequence=591.462928
[plan] step=375 node=N4369 type=observe q_pred_context=0.844408 sequence=592.307336
[plan] step=376 node=N2062 type=observe q_pred_context=0.927632 sequence=593.234968
[plan] step=377 node=N7475 type=control0 q_pred_context=1.132842 sequence=594.367810
[plan] step=378 node=N5242 type=observe q_pred_context=1.222410 sequence=595.590220
[plan] step=379 node=N3436 type=observe q_pred_context=1.400847 sequence=596.991067
[plan] step=380 node=N2057 type=observe q_pred_context=0.832194 sequence=597.823261
[plan] step=381 node=N4381 type=observe q_pred_context=0.733981 sequence=598.557242
[plan] step=382 node=N1991 type=observe q_pred_context=0.861381 sequence=599.418624
[plan] step=383 node=N3553 type=observe q_pred_context=1.292953 sequence=600.711577
[plan] step=384 node=N5245 type=observe q_pred_context=1.375279 sequence=602.086856
[plan] step=385 node=N2061 type=observe q_pred_context=1.121493 sequence=603.208349
[plan] step=386 node=N4405 type=observe q_pred_context=1.081527 sequence=604.289877
[plan] step=387 node=N3320 type=observe q_pred_context=1.283465 sequence=605.573341
[plan] step=388 node=N14360 type=observe q_pred_context=0.907339 sequence=606.480680
[plan] step=389 node=N6938 type=observe q_pred_context=0.754466 sequence=607.235146
[plan] step=390 node=N1996 type=observe q_pred_context=0.804075 sequence=608.039220
[plan] step=391 node=N3400 type=observe q_pred_context=1.255008 sequence=609.294228
[plan] step=392 node=N6921 type=observe q_pred_context=0.959441 sequence=610.253669
[plan] step=393 node=N14410 type=observe q_pred_context=1.346247 sequence=611.599916
[plan] step=394 node=N14498 type=observe q_pred_context=1.359174 sequence=612.959090
[plan] step=395 node=N4422 type=observe q_pred_context=1.383786 sequence=614.342876
[plan] step=396 node=N14412 type=observe q_pred_context=0.901173 sequence=615.244048
[plan] step=397 node=N3481 type=observe q_pred_context=1.302855 sequence=616.546903
[plan] step=398 node=N6948 type=observe q_pred_context=0.769461 sequence=617.316364
[plan] step=399 node=N4366 type=observe q_pred_context=0.882593 sequence=618.198957
[plan] step=400 node=N6914 type=observe q_pred_context=0.987720 sequence=619.186677
[plan] step=401 node=N3508 type=observe q_pred_context=2.282183 sequence=621.468860
[plan] step=402 node=N4345 type=observe q_pred_context=1.069476 sequence=622.538336
[plan] step=403 node=N6911 type=observe q_pred_context=0.915623 sequence=623.453959
[plan] step=404 node=N3338 type=observe q_pred_context=1.913036 sequence=625.366995
[plan] step=405 node=N1173 type=control1 q_pred_context=1.506541 sequence=626.873536
[plan] step=406 node=N5391 type=control1 q_pred_context=1.412755 sequence=628.286290
[plan] step=407 node=N14411 type=observe q_pred_context=1.783675 sequence=630.069966
[plan] step=408 node=N4425 type=observe q_pred_context=1.423338 sequence=631.493304
[plan] step=409 node=N21468 type=control1 q_pred_context=1.138014 sequence=632.631317
[plan] step=410 node=N4456 type=control1 q_pred_context=1.843873 sequence=634.475191
[plan] step=411 node=N3454 type=observe q_pred_context=1.309999 sequence=635.785189
[plan] step=412 node=N14413 type=observe q_pred_context=1.022419 sequence=636.807608
[plan] step=413 node=N1171 type=control1 q_pred_context=1.123834 sequence=637.931442
[plan] step=414 node=N4562 type=observe q_pred_context=0.962439 sequence=638.893881
[plan] step=415 node=N5390 type=control1 q_pred_context=1.048625 sequence=639.942507
[plan] step=416 node=N14409 type=observe q_pred_context=0.859539 sequence=640.802046
[plan] step=417 node=N2109 type=observe q_pred_context=0.792672 sequence=641.594717
[plan] step=418 node=N4396 type=observe q_pred_context=1.090974 sequence=642.685692
[plan] step=419 node=N2108 type=observe q_pred_context=0.832619 sequence=643.518311
[plan] step=420 node=N4337 type=observe q_pred_context=1.297827 sequence=644.816137
[plan] step=421 node=N4475 type=observe q_pred_context=0.757451 sequence=645.573588
[plan] step=422 node=N4387 type=observe q_pred_context=0.685269 sequence=646.258858
[plan] step=423 node=N3365 type=observe q_pred_context=1.264209 sequence=647.523067
[plan] step=424 node=N14406 type=observe q_pred_context=0.625635 sequence=648.148701
[plan] step=425 node=N4418 type=observe q_pred_context=0.741836 sequence=648.890538
[plan] step=426 node=N18498 type=observe q_pred_context=0.837127 sequence=649.727665
[plan] step=427 node=N4375 type=observe q_pred_context=0.766122 sequence=650.493787
[plan] step=428 node=N6917 type=observe q_pred_context=0.977829 sequence=651.471616
[plan] step=429 node=N3472 type=observe q_pred_context=1.214948 sequence=652.686564
[plan] step=430 node=N4340 type=observe q_pred_context=0.723017 sequence=653.409581
[plan] step=431 node=N3526 type=observe q_pred_context=1.235636 sequence=654.645217
[plan] step=432 node=N3751 type=observe q_pred_context=1.306982 sequence=655.952199
[plan] step=433 node=N18588 type=control0 q_pred_context=0.517305 sequence=656.469504
[plan] step=434 node=N4333 type=observe q_pred_context=0.678647 sequence=657.148151
[plan] step=435 node=N3445 type=observe q_pred_context=0.996211 sequence=658.144362
[plan] step=436 node=N3742 type=observe q_pred_context=1.261435 sequence=659.405797
[plan] step=437 node=N9543 type=control0 q_pred_context=0.879166 sequence=660.284963
[plan] step=438 node=N6985 type=control0 q_pred_context=0.932334 sequence=661.217296
[plan] step=439 node=N26411 type=control1 q_pred_context=1.218005 sequence=662.435301
[plan] step=440 node=N4414 type=observe q_pred_context=1.456878 sequence=663.892180
[plan] step=441 node=N3490 type=observe q_pred_context=3.827524 sequence=667.719704
[plan] step=442 node=N3744 type=observe q_pred_context=0.970637 sequence=668.690340
[plan] step=443 node=N4409 type=observe q_pred_context=1.020379 sequence=669.710720
[plan] step=444 node=N3544 type=observe q_pred_context=1.630679 sequence=671.341399
[plan] step=445 node=N6919 type=observe q_pred_context=0.909183 sequence=672.250581
[plan] step=446 node=N4523 type=observe q_pred_context=2.052542 sequence=674.303123
[plan] step=447 node=N18408 type=observe q_pred_context=1.098814 sequence=675.401937
[plan] step=448 node=N2570 type=observe q_pred_context=1.312331 sequence=676.714268
[plan] step=449 node=N3409 type=observe q_pred_context=1.928550 sequence=678.642818
[plan] step=450 node=N14470 type=observe q_pred_context=2.433337 sequence=681.076155
[plan] step=451 node=N21472 type=control1 q_pred_context=0.412872 sequence=681.489027
[plan] step=452 node=N1183 type=control1 q_pred_context=1.372545 sequence=682.861572
[plan] step=453 node=N6976 type=control0 q_pred_context=2.779461 sequence=685.641033
[plan] step=454 node=N7051 type=control0 q_pred_context=1.525793 sequence=687.166826
[plan] step=455 node=N12933 type=control0 q_pred_context=0.896867 sequence=688.063692
[plan] step=456 node=N4457 type=control1 q_pred_context=1.774982 sequence=689.838674
[plan] step=457 node=N18407 type=observe q_pred_context=1.813029 sequence=691.651703
[plan] step=458 node=N6916 type=observe q_pred_context=0.562595 sequence=692.214298
[plan] step=459 node=N18587 type=control0 q_pred_context=0.533980 sequence=692.748278
[plan] step=460 node=N14440 type=observe q_pred_context=0.820062 sequence=693.568341
[plan] step=461 node=N1576 type=control0 q_pred_context=0.587123 sequence=694.155464
[plan] step=462 node=N2855 type=observe q_pred_context=0.450592 sequence=694.606056
[plan] step=463 node=N3309 type=observe q_pred_context=0.679412 sequence=695.285468
[plan] step=464 node=N4411 type=observe q_pred_context=0.580315 sequence=695.865783
[plan] step=465 node=N3463 type=observe q_pred_context=0.822403 sequence=696.688186
[plan] step=466 node=N2892 type=observe q_pred_context=0.583351 sequence=697.271537
[plan] step=467 node=N3356 type=observe q_pred_context=0.836606 sequence=698.108143
[plan] step=468 node=N18415 type=observe q_pred_context=0.547277 sequence=698.655419
[plan] step=469 node=N14342 type=observe q_pred_context=0.589920 sequence=699.245340
[plan] step=470 node=N14358 type=observe q_pred_context=0.783894 sequence=700.029234
[plan] step=471 node=N4107 type=observe q_pred_context=0.757831 sequence=700.787064
[plan] step=472 node=N3374 type=observe q_pred_context=2.393408 sequence=703.180472
[plan] step=473 node=N4427 type=observe q_pred_context=0.647612 sequence=703.828084
[plan] step=474 node=N14351 type=observe q_pred_context=1.388006 sequence=705.216090
[plan] step=475 node=N4831 type=observe q_pred_context=2.684566 sequence=707.900657
[plan] step=476 node=N13035 type=control0 q_pred_context=0.813338 sequence=708.713995
[plan] step=477 node=N19321 type=control0 q_pred_context=0.129853 sequence=708.843848
[plan] step=478 node=N19238 type=control0 q_pred_context=0.813151 sequence=709.656999
[plan] step=479 node=N26475 type=control0 q_pred_context=1.608747 sequence=711.265746
[plan] step=480 node=N18512 type=observe q_pred_context=1.551697 sequence=712.817443
[plan] step=481 node=N24130 type=control1 q_pred_context=1.168960 sequence=713.986403
[plan] step=482 node=N2741 type=observe q_pred_context=2.037148 sequence=716.023551
[plan] step=483 node=N14346 type=observe q_pred_context=1.383823 sequence=717.407374
[plan] step=484 node=N2301 type=observe q_pred_context=0.832710 sequence=718.240084
[plan] step=485 node=N2760 type=observe q_pred_context=1.238027 sequence=719.478111
[plan] step=486 node=N21470 type=control1 q_pred_context=0.667347 sequence=720.145458
[plan] step=487 node=N19346 type=control0 q_pred_context=0.612853 sequence=720.758312
[plan] step=488 node=N18459 type=observe q_pred_context=0.605498 sequence=721.363810
[plan] step=489 node=N4546 type=observe q_pred_context=0.291925 sequence=721.655735
[plan] step=490 node=N19333 type=control0 q_pred_context=0.125789 sequence=721.781524
[plan] step=491 node=N3485 type=control0 q_pred_context=1.455171 sequence=723.236695
[plan] step=492 node=N19329 type=control0 q_pred_context=0.148710 sequence=723.385405
[plan] step=493 node=N13032 type=control0 q_pred_context=0.361512 sequence=723.746917
[plan] step=494 node=N6838 type=control0 q_pred_context=0.971451 sequence=724.718368
[plan] step=495 node=N3548 type=control0 q_pred_context=1.592147 sequence=726.310515
[plan] step=496 node=N3360 type=control0 q_pred_context=1.617583 sequence=727.928098
[plan] step=497 node=N3530 type=control0 q_pred_context=2.500540 sequence=730.428637
[plan] step=498 node=N2326 type=observe q_pred_context=1.612686 sequence=732.041323
[plan] step=499 node=N3521 type=control0 q_pred_context=1.432402 sequence=733.473725
[plan] step=500 node=N3342 type=control0 q_pred_context=1.152528 sequence=734.626253
[plan] step=501 node=N7591 type=control1 q_pred_context=2.613784 sequence=737.240037
[plan] step=502 node=N3431 type=control0 q_pred_context=1.499641 sequence=738.739678
[plan] step=503 node=N1184 type=control1 q_pred_context=3.322958 sequence=742.062636
[plan] step=504 node=N6847 type=control0 q_pred_context=1.772122 sequence=743.834758
[plan] step=505 node=N6659 type=control0 q_pred_context=3.215054 sequence=747.049812
[plan] step=506 node=N6793 type=control0 q_pred_context=4.092623 sequence=751.142435
[plan] step=507 node=N7611 type=control1 q_pred_context=2.911422 sequence=754.053857
[plan] step=508 node=N7610 type=control1 q_pred_context=4.640840 sequence=758.694698
[plan] step=509 node=N7597 type=control1 q_pred_context=5.122809 sequence=763.817507
[plan] step=510 node=N2798 type=observe q_pred_context=2.898706 sequence=766.716213
[plan] step=511 node=N2314 type=observe q_pred_context=5.508551 sequence=772.224764
[plan] step=512 node=N26462 type=control0 q_pred_context=0.664654 sequence=772.889418
[plan] step=513 node=N7592 type=control1 q_pred_context=4.474006 sequence=777.363424
[plan] step=514 node=N28154 type=control1 q_pred_context=2.615922 sequence=779.979345
[plan] step=515 node=N21483 type=control1 q_pred_context=4.947628 sequence=784.926973
[plan] step=516 node=N2779 type=observe q_pred_context=3.935465 sequence=788.862439
[plan] step=517 node=N3404 type=control0 q_pred_context=3.955892 sequence=792.818330
[plan] step=518 node=N21485 type=control1 q_pred_context=5.708147 sequence=798.526477
[plan] step=519 node=N21461 type=control1 q_pred_context=5.190780 sequence=803.717257
[plan] step=520 node=N28772 type=control1 q_pred_context=3.965444 sequence=807.682701
[plan] step=521 node=N15348 type=control0 q_pred_context=2.686517 sequence=810.369218
[plan] step=522 node=N24207 type=control0 q_pred_context=5.315472 sequence=815.684690
[plan] step=523 node=N25481 type=control1 q_pred_context=5.428707 sequence=821.113397
[plan] step=524 node=N9572 type=control0 q_pred_context=3.247074 sequence=824.360471
[plan] step=525 node=N6614 type=control0 q_pred_context=5.503411 sequence=829.863882
[plan] step=526 node=N24454 type=control1 q_pred_context=4.610957 sequence=834.474839
[plan] step=527 node=N6784 type=control0 q_pred_context=2.570660 sequence=837.045499
[plan] step=528 node=N6623 type=control0 q_pred_context=5.327595 sequence=842.373094
[plan] step=529 node=N6757 type=control0 q_pred_context=3.874373 sequence=846.247467
[plan] step=530 node=N6632 type=control0 q_pred_context=5.711609 sequence=851.959077
[plan] step=531 node=N9310 type=control0 q_pred_context=2.046187 sequence=854.005264
[plan] step=532 node=N6650 type=control0 q_pred_context=6.151231 sequence=860.156495
[plan] step=533 node=N6739 type=control0 q_pred_context=5.727752 sequence=865.884246
[plan] step=534 node=N6802 type=control0 q_pred_context=1.661847 sequence=867.546093
[plan] step=535 node=N18505 type=observe q_pred_context=0.620236 sequence=868.166330
[plan] step=536 node=N2323 type=observe q_pred_context=1.253531 sequence=869.419861
[plan] step=537 node=N14487 type=observe q_pred_context=1.317616 sequence=870.737477
[plan] step=538 node=N15282 type=control1 q_pred_context=1.155766 sequence=871.893244
[plan] step=539 node=N6694 type=control0 q_pred_context=2.098522 sequence=873.991765
[plan] step=540 node=N6601 type=control0 q_pred_context=1.437592 sequence=875.429357
[plan] step=541 node=N6820 type=control0 q_pred_context=3.411333 sequence=878.840691
[plan] step=542 node=N2836 type=observe q_pred_context=3.068149 sequence=881.908840
[plan] step=543 node=N2308 type=observe q_pred_context=4.515251 sequence=886.424091
[plan] step=544 node=N9311 type=control0 q_pred_context=1.274049 sequence=887.698140
[plan] step=545 node=N15296 type=control1 q_pred_context=1.947461 sequence=889.645601
[plan] step=546 node=N25961 type=control1 q_pred_context=1.902345 sequence=891.547946
[plan] step=547 node=N4459 type=control1 q_pred_context=6.217668 sequence=897.765614
[plan] step=548 node=N6748 type=control0 q_pred_context=5.460828 sequence=903.226442
[plan] step=549 node=N1185 type=control1 q_pred_context=5.240804 sequence=908.467246
[plan] step=550 node=N6677 type=control0 q_pred_context=4.506604 sequence=912.973850
[plan] step=551 node=N6712 type=control0 q_pred_context=4.801674 sequence=917.775523
[plan] step=552 node=N6829 type=control0 q_pred_context=2.717122 sequence=920.492645
[plan] step=553 node=N3476 type=control0 q_pred_context=4.741376 sequence=925.234021
[plan] step=554 node=N3936 type=control0 q_pred_context=4.930805 sequence=930.164826
[plan] step=555 node=N9804 type=control0 q_pred_context=4.925725 sequence=935.090551
[plan] step=556 node=N15394 type=control0 q_pred_context=5.145454 sequence=940.236005
[plan] step=557 node=N6856 type=control0 q_pred_context=3.347216 sequence=943.583221
[plan] step=558 node=N6721 type=control0 q_pred_context=1.911986 sequence=945.495207
[plan] step=559 node=N6668 type=control0 q_pred_context=4.050281 sequence=949.545488
[plan] step=560 node=N9795 type=control0 q_pred_context=3.020321 sequence=952.565809
[plan] step=561 node=N6703 type=control0 q_pred_context=0.764309 sequence=953.330118
[plan] step=562 node=N15415 type=control0 q_pred_context=2.774562 sequence=956.104680
[plan] step=563 node=N9608 type=control0 q_pred_context=1.585909 sequence=957.690589
[plan] step=564 node=N9581 type=control0 q_pred_context=2.367889 sequence=960.058478
[plan] step=565 node=N15252 type=control1 q_pred_context=1.127062 sequence=961.185540
[plan] step=566 node=N15268 type=control1 q_pred_context=3.081067 sequence=964.266607
[plan] step=567 node=N9714 type=control0 q_pred_context=5.449881 sequence=969.716489
[plan] step=568 node=N21463 type=control1 q_pred_context=4.053843 sequence=973.770331
[plan] step=569 node=N23994 type=control1 q_pred_context=1.275935 sequence=975.046266
[plan] step=570 node=N6730 type=control0 q_pred_context=4.231874 sequence=979.278141
[plan] step=571 node=N6811 type=control0 q_pred_context=4.695222 sequence=983.973363
[plan] step=572 node=N9759 type=control0 q_pred_context=2.429354 sequence=986.402717
[plan] step=573 node=N6766 type=control0 q_pred_context=1.664438 sequence=988.067154
[plan] step=574 node=N9696 type=control0 q_pred_context=1.526860 sequence=989.594014
[plan] step=575 node=N9626 type=control0 q_pred_context=1.566350 sequence=991.160364
[plan] step=576 node=N9678 type=control0 q_pred_context=1.694077 sequence=992.854441
[plan] step=577 node=N9813 type=control0 q_pred_context=0.817982 sequence=993.672423
[plan] step=578 node=N15200 type=control1 q_pred_context=1.708070 sequence=995.380493
[plan] step=579 node=N19343 type=control0 q_pred_context=5.324451 sequence=1000.704945
[plan] step=580 node=N14523 type=control0 q_pred_context=3.642222 sequence=1004.347166
[plan] step=581 node=N6641 type=control0 q_pred_context=3.383692 sequence=1007.730858
[plan] step=582 node=N24210 type=control0 q_pred_context=0.640879 sequence=1008.371737
[plan] step=583 node=N12321 type=control0 q_pred_context=5.441647 sequence=1013.813385
[plan] step=584 node=N9768 type=control0 q_pred_context=4.221042 sequence=1018.034427
[plan] step=585 node=N15347 type=control0 q_pred_context=5.227853 sequence=1023.262280
[plan] step=586 node=N9750 type=control0 q_pred_context=1.720471 sequence=1024.982751
[plan] step=587 node=N9635 type=control0 q_pred_context=1.639859 sequence=1026.622610
[plan] step=588 node=N9617 type=control0 q_pred_context=1.655708 sequence=1028.278318
[plan] step=589 node=N26494 type=control0 q_pred_context=1.714543 sequence=1029.992860
[plan] step=590 node=N9599 type=control0 q_pred_context=3.112815 sequence=1033.105675
[plan] step=591 node=N9741 type=control0 q_pred_context=2.907662 sequence=1036.013337
[plan] step=592 node=N9705 type=control0 q_pred_context=0.911691 sequence=1036.925028
[plan] step=593 node=N7593 type=control1 q_pred_context=2.574077 sequence=1039.499105
[plan] step=594 node=N9669 type=control0 q_pred_context=0.721811 sequence=1040.220915
[plan] step=595 node=N9660 type=control0 q_pred_context=2.081105 sequence=1042.302020
[plan] step=596 node=N21714 type=control0 q_pred_context=0.641217 sequence=1042.943237
[plan] step=597 node=N9590 type=control0 q_pred_context=3.233850 sequence=1046.177087
[plan] step=598 node=N12323 type=control0 q_pred_context=3.093304 sequence=1049.270391
[plan] step=599 node=N9723 type=control0 q_pred_context=0.915530 sequence=1050.185921
[plan] step=600 node=N9559 type=control0 q_pred_context=2.395636 sequence=1052.581557
[plan] step=601 node=N9651 type=control0 q_pred_context=1.900398 sequence=1054.481956
[plan] step=602 node=N6775 type=control0 q_pred_context=1.263874 sequence=1055.745830
[plan] step=603 node=N9777 type=control0 q_pred_context=4.028967 sequence=1059.774797
[plan] step=604 node=N9687 type=control0 q_pred_context=5.122447 sequence=1064.897244
[plan] step=605 node=N3387 type=control0 q_pred_context=5.184636 sequence=1070.081880
[plan] step=606 node=N14511 type=control0 q_pred_context=2.099547 sequence=1072.181427
[plan] step=607 node=N18575 type=control0 q_pred_context=3.034345 sequence=1075.215772
[plan] step=608 node=N21723 type=control0 q_pred_context=4.380616 sequence=1079.596389
[plan] step=609 node=N12325 type=control0 q_pred_context=5.552891 sequence=1085.149279
[plan] step=610 node=N9786 type=control0 q_pred_context=1.027216 sequence=1086.176496
[plan] step=611 node=N15343 type=control0 q_pred_context=2.847297 sequence=1089.023792
[plan] step=612 node=N12892 type=control0 q_pred_context=1.731619 sequence=1090.755412
[plan] step=613 node=N6686 type=control0 q_pred_context=3.967185 sequence=1094.722597
[plan] step=614 node=N21866 type=control0 q_pred_context=1.134301 sequence=1095.856898
[plan] step=615 node=N9732 type=control0 q_pred_context=2.799605 sequence=1098.656503
[plan] step=616 node=N21715 type=control0 q_pred_context=2.466026 sequence=1101.122528
[plan] step=617 node=N21709 type=control0 q_pred_context=1.887150 sequence=1103.009678
[plan] step=618 node=N12319 type=control0 q_pred_context=1.137543 sequence=1104.147220
[plan] step=619 node=N15510 type=control0 q_pred_context=2.136607 sequence=1106.283828
[plan] step=620 node=N21763 type=control0 q_pred_context=1.941512 sequence=1108.225339
[plan] step=621 node=N21933 type=control0 q_pred_context=1.872287 sequence=1110.097626
[plan] step=622 node=N26330 type=control0 q_pred_context=1.043434 sequence=1111.141060
[plan] step=623 node=N21940 type=control0 q_pred_context=2.117112 sequence=1113.258172
[plan] step=624 node=N15254 type=control0 q_pred_context=1.765985 sequence=1115.024156
[plan] step=625 node=N15275 type=control0 q_pred_context=1.640262 sequence=1116.664418
[plan] step=626 node=N15245 type=control0 q_pred_context=1.927438 sequence=1118.591855
[plan] step=627 node=N15280 type=control0 q_pred_context=0.640855 sequence=1119.232711
[plan] step=628 node=N15267 type=control0 q_pred_context=3.641704 sequence=1122.874415
[plan] step=629 node=N13024 type=control0 q_pred_context=0.640829 sequence=1123.515244
[plan] step=630 node=N21770 type=control0 q_pred_context=5.237298 sequence=1128.752542
[plan] step=631 node=N15215 type=control0 q_pred_context=4.671250 sequence=1133.423792
[plan] step=632 node=N26400 type=control0 q_pred_context=2.506658 sequence=1135.930450
[plan] step=633 node=N12329 type=control0 q_pred_context=2.316129 sequence=1138.246579
[plan] step=634 node=N9643 type=control0 q_pred_context=3.481120 sequence=1141.727699
[plan] step=635 node=N3694 type=control0 q_pred_context=1.597789 sequence=1143.325488
[plan] step=636 node=N4431 type=control0 q_pred_context=1.762593 sequence=1145.088080
[plan] step=637 node=N15344 type=control0 q_pred_context=1.525805 sequence=1146.613886
[plan] step=638 node=N12890 type=control0 q_pred_context=5.286610 sequence=1151.900495
[plan] step=639 node=N28455 type=control0 q_pred_context=5.395386 sequence=1157.295881
[plan] step=640 node=N28627 type=control0 q_pred_context=3.765241 sequence=1161.061123
[plan] step=641 node=N24161 type=control0 q_pred_context=1.337488 sequence=1162.398611
[plan] step=642 node=N28634 type=control0 q_pred_context=2.019953 sequence=1164.418563
[plan] step=643 node=N24152 type=control0 q_pred_context=4.031113 sequence=1168.449676
[plan] step=644 node=N4331 type=control0 q_pred_context=1.190486 sequence=1169.640162
[plan] step=645 node=N10503 type=control0 q_pred_context=1.152493 sequence=1170.792655
[plan] step=646 node=N26523 type=control0 q_pred_context=1.618571 sequence=1172.411226
[plan] step=647 node=N28462 type=control0 q_pred_context=2.891923 sequence=1175.303149
[plan] step=648 node=N15422 type=control0 q_pred_context=1.950096 sequence=1177.253245
[plan] step=649 node=N24125 type=control1 q_pred_context=1.236878 sequence=1178.490123
[plan] step=650 node=N26408 type=control1 q_pred_context=1.946558 sequence=1180.436680
[plan] step=651 node=N24317 type=control1 q_pred_context=0.950220 sequence=1181.386900
[plan] step=652 node=N21478 type=control1 q_pred_context=2.429219 sequence=1183.816120
[plan] step=653 node=N21481 type=control1 q_pred_context=2.627641 sequence=1186.443760
[plan] step=654 node=N15295 type=control0 q_pred_context=0.772967 sequence=1187.216727
[plan] step=655 node=N15199 type=control0 q_pred_context=2.315193 sequence=1189.531920
[plan] step=656 node=N15407 type=control0 q_pred_context=3.192958 sequence=1192.724878
[plan] step=657 node=N26478 type=control0 q_pred_context=2.719635 sequence=1195.444513
[plan] step=658 node=N18323 type=control1 q_pred_context=0.893610 sequence=1196.338122
[plan] step=659 node=N12295 type=control1 q_pred_context=3.062421 sequence=1199.400543
[plan] step=660 node=N12294 type=control1 q_pred_context=3.030473 sequence=1202.431016
[plan] step=661 node=N8621 type=control1 q_pred_context=2.716382 sequence=1205.147398
[plan] step=662 node=N20852 type=control1 q_pred_context=3.417486 sequence=1208.564884
[plan] step=663 node=N20351 type=control1 q_pred_context=1.677904 sequence=1210.242788
[plan] step=664 node=N21973 type=control1 q_pred_context=1.438635 sequence=1211.681423
[plan] step=665 node=N19851 type=control1 q_pred_context=0.965450 sequence=1212.646873
[plan] step=666 node=N20851 type=control1 q_pred_context=0.938350 sequence=1213.585222
[plan] step=667 node=N20858 type=control1 q_pred_context=1.445305 sequence=1215.030527
[plan] step=668 node=N20850 type=control1 q_pred_context=1.080906 sequence=1216.111434
[plan] step=669 node=N12698 type=control1 q_pred_context=0.937152 sequence=1217.048586
[plan] step=670 node=N18225 type=control1 q_pred_context=0.875148 sequence=1217.923734
[plan] step=671 node=N18235 type=control1 q_pred_context=0.883413 sequence=1218.807147
[plan] step=672 node=N20349 type=control1 q_pred_context=0.879179 sequence=1219.686326
[plan] step=673 node=N20357 type=control1 q_pred_context=0.927213 sequence=1220.613538
[plan] step=674 node=N20350 type=control1 q_pred_context=0.691380 sequence=1221.304919
[plan] step=675 node=N4358 type=observe q_pred_context=1.086692 sequence=1222.391611
[plan] step=676 node=N23991 type=control1 q_pred_context=0.721795 sequence=1223.113406
[plan] step=677 node=N20857 type=control1 q_pred_context=1.589655 sequence=1224.703061
[plan] step=678 node=N20356 type=control1 q_pred_context=0.955147 sequence=1225.658208
[plan] step=679 node=N15582 type=control0 q_pred_context=0.753762 sequence=1226.411969
[plan] step=680 node=N21972 type=control1 q_pred_context=1.475158 sequence=1227.887127
[plan] step=681 node=N21979 type=control1 q_pred_context=1.596961 sequence=1229.484089
[plan] step=682 node=N21971 type=control1 q_pred_context=1.145766 sequence=1230.629855
[plan] step=683 node=N21978 type=control1 q_pred_context=1.133337 sequence=1231.763191
[plan] step=684 node=N12331 type=control0 q_pred_context=1.015238 sequence=1232.778429
[plan] step=685 node=N15201 type=control0 q_pred_context=0.737448 sequence=1233.515877
[plan] step=686 node=N10400 type=control0 q_pred_context=1.086348 sequence=1234.602225
[plan] step=687 node=N26458 type=control0 q_pred_context=0.777070 sequence=1235.379295
[plan] step=688 node=N19850 type=control1 q_pred_context=2.069131 sequence=1237.448426
[plan] step=689 node=N19849 type=control1 q_pred_context=1.716467 sequence=1239.164893
[plan] step=690 node=N19857 type=control1 q_pred_context=1.504159 sequence=1240.669051
[plan] step=691 node=N24222 type=control0 q_pred_context=1.538105 sequence=1242.207156
[plan] step=692 node=N19856 type=control1 q_pred_context=1.510134 sequence=1243.717290
[plan] step=693 node=N24186 type=control0 q_pred_context=1.180308 sequence=1244.897597
[plan] step=694 node=N5048 type=control0 q_pred_context=1.372182 sequence=1246.269779
[plan] step=695 node=N12293 type=control1 q_pred_context=1.098560 sequence=1247.368339
[plan] step=696 node=N18126 type=control1 q_pred_context=1.392047 sequence=1248.760387
[plan] step=697 node=N5068 type=control0 q_pred_context=1.844919 sequence=1250.605305
[plan] step=698 node=N5028 type=control0 q_pred_context=1.253023 sequence=1251.858328
[plan] step=699 node=N15177 type=control1 q_pred_context=3.213543 sequence=1255.071871
[plan] step=700 node=N29442 type=control1 q_pred_context=1.481882 sequence=1256.553754
[plan] step=701 node=N29436 type=control1 q_pred_context=1.187819 sequence=1257.741573
[plan] step=702 node=N27042 type=control1 q_pred_context=0.855776 sequence=1258.597349
[plan] step=703 node=N9640 type=control0 q_pred_context=0.884310 sequence=1259.481659
[plan] step=704 node=N26533 type=control1 q_pred_context=1.870448 sequence=1261.352108
[plan] step=705 node=N26333 type=control0 q_pred_context=0.856561 sequence=1262.208668
[plan] step=706 node=N26539 type=control1 q_pred_context=1.201545 sequence=1263.410214
[plan] step=707 node=N27036 type=control1 q_pred_context=0.913411 sequence=1264.323625
[plan] step=708 node=N9185 type=control1 q_pred_context=0.743483 sequence=1265.067108
[plan] step=709 node=N27543 type=control1 q_pred_context=2.169293 sequence=1267.236401
[plan] step=710 node=N27537 type=control1 q_pred_context=1.244341 sequence=1268.480743
[plan] step=711 node=N26455 type=control0 q_pred_context=0.725560 sequence=1269.206303
[plan] step=712 node=N29435 type=control1 q_pred_context=1.754536 sequence=1270.960838
[plan] step=713 node=N29434 type=control1 q_pred_context=1.511949 sequence=1272.472787
[plan] step=714 node=N27035 type=control1 q_pred_context=1.045895 sequence=1273.518682
[plan] step=715 node=N15516 type=control0 q_pred_context=0.674572 sequence=1274.193255
[plan] step=716 node=N27034 type=control1 q_pred_context=1.823581 sequence=1276.016836
[plan] step=717 node=N26532 type=control1 q_pred_context=1.458361 sequence=1277.475197
[plan] step=718 node=N26531 type=control1 q_pred_context=1.030119 sequence=1278.505316
[plan] step=719 node=N28552 type=control0 q_pred_context=0.920356 sequence=1279.425672
[plan] step=720 node=N21919 type=control0 q_pred_context=1.706896 sequence=1281.132568
[plan] step=721 node=N27535 type=control1 q_pred_context=1.422399 sequence=1282.554967
[plan] step=722 node=N24025 type=control0 q_pred_context=1.144014 sequence=1283.698981
[plan] step=723 node=N27536 type=control1 q_pred_context=1.662784 sequence=1285.361765
[plan] step=724 node=N1806 type=control0 q_pred_context=0.883238 sequence=1286.245003
[plan] step=725 node=N1826 type=control0 q_pred_context=0.836997 sequence=1287.082000
[plan] step=726 node=N19237 type=control0 q_pred_context=1.001278 sequence=1288.083278
[plan] step=727 node=N1786 type=control0 q_pred_context=0.961641 sequence=1289.044919
[plan] step=728 node=N24027 type=control0 q_pred_context=5.264152 sequence=1294.309071
[plan] step=729 node=N24016 type=control0 q_pred_context=2.693221 sequence=1297.002292
[plan] step=730 node=N10124 type=control0 q_pred_context=2.441986 sequence=1299.444278
[plan] step=731 node=N10184 type=control0 q_pred_context=2.575456 sequence=1302.019734
[plan] step=732 node=N24313 type=control1 q_pred_context=1.748017 sequence=1303.767751
[plan] step=733 node=N13066 type=control1 q_pred_context=5.329030 sequence=1309.096781
[plan] step=734 node=N13065 type=control1 q_pred_context=0.966035 sequence=1310.062816
[plan] step=735 node=N16539 type=control1 q_pred_context=1.016171 sequence=1311.078987
[plan] step=736 node=N15490 type=control0 q_pred_context=0.762054 sequence=1311.841041
[plan] step=737 node=N16538 type=control1 q_pred_context=1.959547 sequence=1313.800588
[plan] step=738 node=N10131 type=control0 q_pred_context=1.186463 sequence=1314.987052
[plan] step=739 node=N13073 type=control1 q_pred_context=2.071901 sequence=1317.058953
[plan] step=740 node=N16546 type=control1 q_pred_context=1.216891 sequence=1318.275844
[plan] step=741 node=N10138 type=control0 q_pred_context=0.982313 sequence=1319.258157
[plan] step=742 node=N10145 type=control0 q_pred_context=1.181791 sequence=1320.439948
[plan] step=743 node=N17037 type=control1 q_pred_context=2.047780 sequence=1322.487728
[plan] step=744 node=N17036 type=control1 q_pred_context=1.190179 sequence=1323.677906
[plan] step=745 node=N17044 type=control1 q_pred_context=1.005932 sequence=1324.683839
[plan] step=746 node=N10152 type=control0 q_pred_context=0.943445 sequence=1325.627284
[plan] step=747 node=N10159 type=control0 q_pred_context=1.097799 sequence=1326.725082
[plan] step=748 node=N29441 type=control1 q_pred_context=1.898365 sequence=1328.623448
[plan] step=749 node=N26538 type=control1 q_pred_context=1.141363 sequence=1329.764811
[plan] step=750 node=N10166 type=control0 q_pred_context=0.982958 sequence=1330.747769
[plan] step=751 node=N27041 type=control1 q_pred_context=1.183149 sequence=1331.930918
[plan] step=752 node=N10173 type=control0 q_pred_context=1.009200 sequence=1332.940118
[plan] step=753 node=N10196 type=control0 q_pred_context=1.191120 sequence=1334.131238
[plan] step=754 node=N27542 type=control1 q_pred_context=1.955231 sequence=1336.086468
[plan] step=755 node=N10194 type=control0 q_pred_context=1.119513 sequence=1337.205981
[plan] step=756 node=N10178 type=control0 q_pred_context=1.307106 sequence=1338.513087
[plan] step=757 node=N17534 type=control1 q_pred_context=2.091788 sequence=1340.604875
[plan] step=758 node=N10180 type=control0 q_pred_context=1.135050 sequence=1341.739925
[plan] step=759 node=N10192 type=control0 q_pred_context=1.388448 sequence=1343.128373
[plan] step=760 node=N17535 type=control1 q_pred_context=2.294219 sequence=1345.422592
[plan] step=761 node=N17542 type=control1 q_pred_context=1.244672 sequence=1346.667264
[plan] step=762 node=N10190 type=control0 q_pred_context=0.996089 sequence=1347.663352
[plan] step=763 node=N10188 type=control0 q_pred_context=1.242888 sequence=1348.906240
[plan] step=764 node=N28148 type=control1 q_pred_context=2.017065 sequence=1350.923305
[plan] step=765 node=N10186 type=control0 q_pred_context=1.125263 sequence=1352.048568
[plan] step=766 node=N10110 type=control0 q_pred_context=1.397426 sequence=1353.445994
[plan] step=767 node=N28155 type=control1 q_pred_context=1.575236 sequence=1355.021229
[plan] step=768 node=N10061 type=control0 q_pred_context=1.173090 sequence=1356.194319
[plan] step=769 node=N18245 type=control1 q_pred_context=1.486545 sequence=1357.680864
[plan] step=770 node=N10068 type=control0 q_pred_context=1.093168 sequence=1358.774032
[plan] step=771 node=N10182 type=control0 q_pred_context=1.351818 sequence=1360.125850
[plan] step=772 node=N12718 type=control1 q_pred_context=1.595439 sequence=1361.721289
[plan] step=773 node=N10054 type=control0 q_pred_context=1.148279 sequence=1362.869568
[plan] step=774 node=N10047 type=control0 q_pred_context=1.439068 sequence=1364.308636
[plan] step=775 node=N13067 type=control1 q_pred_context=1.729566 sequence=1366.038202
[plan] step=776 node=N10075 type=control0 q_pred_context=1.184657 sequence=1367.222859
[plan] step=777 node=N16540 type=control1 q_pred_context=1.616644 sequence=1368.839503
[plan] step=778 node=N10117 type=control0 q_pred_context=1.076313 sequence=1369.915816
[plan] step=779 node=N10089 type=control0 q_pred_context=1.372299 sequence=1371.288115
[plan] step=780 node=N10082 type=control0 q_pred_context=1.500881 sequence=1372.788996
[plan] step=781 node=N10096 type=control0 q_pred_context=1.621529 sequence=1374.410526
[plan] step=782 node=N10103 type=control0 q_pred_context=1.631825 sequence=1376.042351
[plan] step=783 node=N15050 type=control1 q_pred_context=2.193563 sequence=1378.235914
[plan] step=784 node=N2319 type=observe q_pred_context=3.661464 sequence=1381.897378
[plan] step=785 node=N12292 type=control1 q_pred_context=5.302005 sequence=1387.199383
[plan] step=786 node=N15137 type=control1 q_pred_context=1.304140 sequence=1388.503523
[plan] step=787 node=N17038 type=control1 q_pred_context=2.598860 sequence=1391.102384
[plan] step=788 node=N13072 type=control1 q_pred_context=1.158697 sequence=1392.261080
[plan] step=789 node=N13016 type=control0 q_pred_context=0.820942 sequence=1393.082022
[plan] step=790 node=N9172 type=control0 q_pred_context=1.549825 sequence=1394.631847
[plan] step=791 node=N15048 type=control1 q_pred_context=1.371694 sequence=1396.003541
[plan] step=792 node=N16545 type=control1 q_pred_context=2.788690 sequence=1398.792231
[plan] step=793 node=N13014 type=control0 q_pred_context=0.845108 sequence=1399.637339
[plan] step=794 node=N9155 type=control0 q_pred_context=1.716622 sequence=1401.353961
[plan] step=795 node=N10198 type=control0 q_pred_context=1.738918 sequence=1403.092879
[plan] step=796 node=N15168 type=control1 q_pred_context=1.552672 sequence=1404.645551
[plan] step=797 node=N17043 type=control1 q_pred_context=2.409572 sequence=1407.055123
[plan] step=798 node=N17536 type=control1 q_pred_context=1.189938 sequence=1408.245061
[plan] step=799 node=N17541 type=control1 q_pred_context=0.973726 sequence=1409.218786
[plan] step=800 node=N21893 type=control0 q_pred_context=0.807409 sequence=1410.026195
[plan] step=801 node=N10200 type=control0 q_pred_context=1.570525 sequence=1411.596720
[plan] step=802 node=N10202 type=control0 q_pred_context=1.529749 sequence=1413.126469
[plan] step=803 node=N10248 type=control0 q_pred_context=1.493635 sequence=1414.620105
[plan] step=804 node=N10256 type=control0 q_pred_context=1.455517 sequence=1416.075621
[plan] step=805 node=N10208 type=control0 q_pred_context=1.424481 sequence=1417.500103
[plan] step=806 node=N10246 type=control0 q_pred_context=1.410075 sequence=1418.910177
[plan] step=807 node=N10244 type=control0 q_pred_context=1.413014 sequence=1420.323191
[plan] step=808 node=N10206 type=control0 q_pred_context=1.484281 sequence=1421.807472
[plan] step=809 node=N10242 type=control0 q_pred_context=1.497118 sequence=1423.304590
[plan] step=810 node=N10240 type=control0 q_pred_context=1.566545 sequence=1424.871135
[plan] step=811 node=N15049 type=control1 q_pred_context=5.275784 sequence=1430.146919
[plan] step=812 node=N15023 type=control1 q_pred_context=1.256601 sequence=1431.403520
[plan] step=813 node=N4462 type=control1 q_pred_context=1.351363 sequence=1432.754883
[plan] step=814 node=N1189 type=control1 q_pred_context=1.532169 sequence=1434.287052
[plan] step=815 node=N10260 type=control0 q_pred_context=1.381454 sequence=1435.668505
[plan] step=816 node=N10210 type=control0 q_pred_context=1.385769 sequence=1437.054275
[plan] step=817 node=N10258 type=control0 q_pred_context=1.385679 sequence=1438.439954
[plan] step=818 node=N10250 type=control0 q_pred_context=1.565511 sequence=1440.005465
[plan] step=819 node=N10212 type=control0 q_pred_context=1.550668 sequence=1441.556133
[plan] step=820 node=N10262 type=control0 q_pred_context=2.618978 sequence=1444.175111
[plan] step=821 node=N10238 type=control0 q_pred_context=2.688530 sequence=1446.863640
[plan] step=822 node=N10214 type=control0 q_pred_context=2.788342 sequence=1449.651983
[plan] step=823 node=N10216 type=control0 q_pred_context=2.867399 sequence=1452.519382
[plan] step=824 node=N10226 type=control0 q_pred_context=2.916311 sequence=1455.435693
[plan] step=825 node=N10236 type=control0 q_pred_context=2.987471 sequence=1458.423164
[plan] step=826 node=N10252 type=control0 q_pred_context=3.114326 sequence=1461.537490
[plan] step=827 node=N10234 type=control0 q_pred_context=3.214893 sequence=1464.752383
[plan] step=828 node=N10232 type=control0 q_pred_context=3.334985 sequence=1468.087368
[plan] step=829 node=N10230 type=control0 q_pred_context=3.399781 sequence=1471.487149
[plan] step=830 node=N21482 type=control1 q_pred_context=4.942335 sequence=1476.429484
[plan] step=831 node=N10228 type=control0 q_pred_context=1.630882 sequence=1478.060366
[plan] step=832 node=N10218 type=control0 q_pred_context=1.630094 sequence=1479.690460
[plan] step=833 node=N10224 type=control0 q_pred_context=1.349273 sequence=1481.039732
[plan] step=834 node=N10254 type=control0 q_pred_context=1.260965 sequence=1482.300697
[plan] step=835 node=N10222 type=control0 q_pred_context=1.259990 sequence=1483.560687
[plan] step=836 node=N10220 type=control0 q_pred_context=1.246364 sequence=1484.807051
[plan] step=837 node=N10264 type=control0 q_pred_context=1.232538 sequence=1486.039589
[plan] step=838 node=N10268 type=control0 q_pred_context=1.080480 sequence=1487.120069
[plan] step=839 node=N10266 type=control0 q_pred_context=1.075035 sequence=1488.195104
[plan] step=840 node=N3384 type=control0 q_pred_context=1.066491 sequence=1489.261595
[plan] step=841 node=N24198 type=control1 q_pred_context=0.351707 sequence=1489.613302
[plan] step=842 node=N15022 type=control1 q_pred_context=0.923815 sequence=1490.537118
[plan] step=843 node=N21480 type=control1 q_pred_context=2.920191 sequence=1493.457308
[plan] step=844 node=N13028 type=control0 q_pred_context=0.885266 sequence=1494.342575
[plan] step=845 node=N6683 type=control0 q_pred_context=0.852446 sequence=1495.195020
[plan] step=846 node=N28613 type=control0 q_pred_context=1.841913 sequence=1497.036934
[plan] step=847 node=N21498 type=control0 q_pred_context=0.727205 sequence=1497.764139
[plan] step=848 node=N12927 type=control0 q_pred_context=0.709294 sequence=1498.473433
[plan] step=849 node=N21484 type=control1 q_pred_context=0.880985 sequence=1499.354418
[plan] step=850 node=N21460 type=control1 q_pred_context=2.324245 sequence=1501.678662
[plan] step=851 node=N7279 type=control0 q_pred_context=2.624389 sequence=1504.303051
[plan] step=852 node=N7281 type=control0 q_pred_context=1.106503 sequence=1505.409554
[plan] step=853 node=N18475 type=observe q_pred_context=0.465345 sequence=1505.874898
[plan] step=854 node=N2328 type=observe q_pred_context=1.105165 sequence=1506.980064
[plan] step=855 node=N8199 type=control0 q_pred_context=0.719477 sequence=1507.699541
[plan] step=856 node=N5096 type=control0 q_pred_context=0.643868 sequence=1508.343408
[plan] step=857 node=N18125 type=control1 q_pred_context=0.609650 sequence=1508.953058
[plan] step=858 node=N2303 type=observe q_pred_context=0.994100 sequence=1509.947158
[plan] step=859 node=N18422 type=observe q_pred_context=0.694780 sequence=1510.641938
[plan] step=860 node=N2324 type=observe q_pred_context=1.344204 sequence=1511.986142
[plan] step=861 node=N14419 type=observe q_pred_context=0.624266 sequence=1512.610408
[plan] step=862 node=N2305 type=observe q_pred_context=1.117707 sequence=1513.728115
[plan] step=863 node=N18450 type=observe q_pred_context=0.816077 sequence=1514.544192
[plan] step=864 node=N18508 type=observe q_pred_context=0.607059 sequence=1515.151251
[plan] step=865 node=N18559 type=observe q_pred_context=1.228535 sequence=1516.379786
[plan] step=866 node=N14383 type=observe q_pred_context=0.977153 sequence=1517.356939
[plan] step=867 node=N9134 type=control0 q_pred_context=0.649896 sequence=1518.006835
[plan] step=868 node=N12327 type=control0 q_pred_context=0.612990 sequence=1518.619824
[plan] step=869 node=N3299 type=observe q_pred_context=1.185269 sequence=1519.805094
[plan] step=870 node=N18526 type=observe q_pred_context=1.006776 sequence=1520.811870
[plan] step=871 node=N5025 type=control0 q_pred_context=0.863616 sequence=1521.675486
[plan] step=872 node=N5045 type=control0 q_pred_context=0.747311 sequence=1522.422798
[plan] step=873 node=N5033 type=control0 q_pred_context=0.711166 sequence=1523.133963
[plan] step=874 node=N5064 type=control0 q_pred_context=0.701453 sequence=1523.835416
[plan] step=875 node=N7277 type=control0 q_pred_context=0.548066 sequence=1524.383483
[plan] step=876 node=N18492 type=observe q_pred_context=0.551250 sequence=1524.934732
[plan] step=877 node=N3382 type=observe q_pred_context=1.125986 sequence=1526.060719
[plan] step=878 node=N14382 type=observe q_pred_context=1.015771 sequence=1527.076490
[plan] step=879 node=N7345 type=control0 q_pred_context=0.622624 sequence=1527.699114
[plan] step=880 node=N6182 type=control0 q_pred_context=0.567143 sequence=1528.266257
[plan] step=881 node=N18470 type=observe q_pred_context=0.530846 sequence=1528.797102
[plan] step=882 node=N3920 type=observe q_pred_context=1.123313 sequence=1529.920416
[plan] step=883 node=N18437 type=observe q_pred_context=0.919411 sequence=1530.839827
[plan] step=884 node=N7343 type=control0 q_pred_context=0.538318 sequence=1531.378144
[plan] step=885 node=N18502 type=observe q_pred_context=0.529322 sequence=1531.907467
[plan] step=886 node=N18446 type=observe q_pred_context=0.855483 sequence=1532.762950
[plan] step=887 node=N7257 type=control0 q_pred_context=0.572492 sequence=1533.335442
[plan] step=888 node=N18460 type=observe q_pred_context=0.534076 sequence=1533.869518
[plan] step=889 node=N18441 type=observe q_pred_context=0.669012 sequence=1534.538531
[plan] step=890 node=N7054 type=observe q_pred_context=0.776401 sequence=1535.314931
[plan] step=891 node=N21859 type=control0 q_pred_context=0.526395 sequence=1535.841326
[plan] step=892 node=N18542 type=observe q_pred_context=1.136425 sequence=1536.977751
[plan] step=893 node=N18321 type=control1 q_pred_context=3.465520 sequence=1540.443271
[plan] step=894 node=N7252 type=control0 q_pred_context=0.662300 sequence=1541.105571
[plan] step=895 node=N7259 type=control0 q_pred_context=5.212516 sequence=1546.318087
[plan] step=896 node=N25962 type=control1 q_pred_context=5.742311 sequence=1552.060397
[plan] step=897 node=N4136 type=control0 q_pred_context=1.780854 sequence=1553.841251
[plan] step=898 node=N20853 type=control1 q_pred_context=1.595983 sequence=1555.437235
[plan] step=899 node=N7245 type=control0 q_pred_context=1.081106 sequence=1556.518341
[plan] step=900 node=N7238 type=control0 q_pred_context=0.982304 sequence=1557.500645
[plan] step=901 node=N20352 type=control1 q_pred_context=1.440224 sequence=1558.940869
[plan] step=902 node=N7263 type=control0 q_pred_context=1.096311 sequence=1560.037180
[plan] step=903 node=N7265 type=control0 q_pred_context=0.975300 sequence=1561.012480
[plan] step=904 node=N21974 type=control1 q_pred_context=1.408712 sequence=1562.421191
[plan] step=905 node=N7261 type=control0 q_pred_context=1.099650 sequence=1563.520841
[plan] step=906 node=N19852 type=control1 q_pred_context=1.365744 sequence=1564.886586
[plan] step=907 node=N7275 type=control0 q_pred_context=1.207797 sequence=1566.094383
[plan] step=908 node=N7273 type=control0 q_pred_context=0.944100 sequence=1567.038483
[plan] step=909 node=N15161 type=control1 q_pred_context=0.963334 sequence=1568.001817
[plan] step=910 node=N4138 type=control0 q_pred_context=0.884550 sequence=1568.886367
[plan] step=911 node=N7267 type=control0 q_pred_context=0.880713 sequence=1569.767080
[plan] step=912 node=N7269 type=control0 q_pred_context=0.888908 sequence=1570.655988
[plan] step=913 node=N20854 type=control1 q_pred_context=1.433753 sequence=1572.089741
[plan] step=914 node=N7168 type=control0 q_pred_context=1.123068 sequence=1573.212809
[plan] step=915 node=N20353 type=control1 q_pred_context=1.476193 sequence=1574.689002
saved=autoresearch/loop-260718-0223/bottleneck_round2/clip1/b22_C/plans/iscas99__b22__greedy__cumulative__q_pred_context__bw1__d1__c48__g1p0__candhard_fault_cluster__div0p0__s0.csv
