[plan] candidate_allowlist=autoresearch/original-netlist-recovery-260712/exact_itc99/b15_C/exact_candidate_nodes.txt nodes=7918
[plan] latent_norm_clip_ratio=4 latent_norm_limit=30.875631
[plan] step=1 node=N677 type=control1 reward_pred=0.378044 sequence=0.378044
[plan] step=2 node=N2155 type=observe reward_pred=0.549073 sequence=0.927117
[plan] step=3 node=N502 type=control1 reward_pred=0.533122 sequence=1.460239
[plan] step=4 node=N2082 type=observe reward_pred=0.531320 sequence=1.991559
[plan] step=5 node=N893 type=control1 reward_pred=0.554455 sequence=2.546014
[plan] step=6 node=N5143 type=observe reward_pred=0.586992 sequence=3.133006
[plan] step=7 node=N5203 type=control1 reward_pred=0.622798 sequence=3.755804
[plan] step=8 node=N762 type=control1 reward_pred=0.652191 sequence=4.407995
[plan] step=9 node=N7510 type=control1 reward_pred=0.614670 sequence=5.022665
[plan] step=10 node=N1437 type=control1 reward_pred=0.554351 sequence=5.577016
[plan] step=11 node=N493 type=control1 reward_pred=0.660783 sequence=6.237800
[plan] step=12 node=N557 type=control1 reward_pred=0.692795 sequence=6.930594
[plan] step=13 node=N5605 type=control1 reward_pred=0.660562 sequence=7.591156
[plan] step=14 node=N564 type=control1 reward_pred=0.701815 sequence=8.292971
[plan] step=15 node=N737 type=control1 reward_pred=0.721761 sequence=9.014732
[plan] step=16 node=N580 type=control1 reward_pred=0.743468 sequence=9.758200
[plan] step=17 node=N1521 type=control1 reward_pred=0.798321 sequence=10.556520
[plan] step=18 node=N3756 type=control0 reward_pred=0.815100 sequence=11.371620
[plan] step=19 node=N2153 type=observe reward_pred=1.194533 sequence=12.566154
[plan] step=20 node=N5234 type=observe reward_pred=1.026405 sequence=13.592558
[plan] step=21 node=N2328 type=control1 reward_pred=0.974640 sequence=14.567198
[plan] step=22 node=N3903 type=control0 reward_pred=0.971659 sequence=15.538858
[plan] step=23 node=N583 type=control1 reward_pred=1.004248 sequence=16.543105
[plan] step=24 node=N3889 type=control0 reward_pred=0.992903 sequence=17.536008
[plan] step=25 node=N766 type=control1 reward_pred=1.009543 sequence=18.545551
[plan] step=26 node=N3882 type=control0 reward_pred=1.008156 sequence=19.553707
[plan] step=27 node=N7872 type=control1 reward_pred=1.069133 sequence=20.622840
[plan] step=28 node=N7874 type=control1 reward_pred=1.216742 sequence=21.839582
[plan] step=29 node=N7876 type=control1 reward_pred=1.231267 sequence=23.070849
[plan] step=30 node=N7878 type=control1 reward_pred=1.234988 sequence=24.305837
[plan] step=31 node=N3840 type=control0 reward_pred=1.202554 sequence=25.508391
[plan] step=32 node=N2314 type=control1 reward_pred=1.215937 sequence=26.724328
[plan] step=33 node=N7421 type=control1 reward_pred=1.210519 sequence=27.934847
[plan] step=34 node=N3805 type=control0 reward_pred=1.208101 sequence=29.142948
[plan] step=35 node=N7891 type=control1 reward_pred=1.258523 sequence=30.401470
[plan] step=36 node=N7890 type=control1 reward_pred=1.312198 sequence=31.713669
[plan] step=37 node=N7889 type=control1 reward_pred=1.309437 sequence=33.023106
[plan] step=38 node=N7888 type=control1 reward_pred=1.293484 sequence=34.316590
[plan] step=39 node=N7887 type=control1 reward_pred=1.297173 sequence=35.613763
[plan] step=40 node=N7886 type=control1 reward_pred=1.309578 sequence=36.923341
[plan] step=41 node=N7885 type=control1 reward_pred=1.402315 sequence=38.325656
[plan] step=42 node=N7884 type=control1 reward_pred=1.418807 sequence=39.744463
[plan] step=43 node=N7883 type=control1 reward_pred=1.436482 sequence=41.180945
[plan] step=44 node=N7882 type=control1 reward_pred=1.454475 sequence=42.635421
[plan] step=45 node=N7881 type=control1 reward_pred=1.471882 sequence=44.107302
[plan] step=46 node=N7880 type=control1 reward_pred=1.486434 sequence=45.593736
[plan] step=47 node=N3911 type=control0 reward_pred=1.423566 sequence=47.017302
[plan] step=48 node=N7488 type=control1 reward_pred=1.320406 sequence=48.337708
[plan] step=49 node=N519 type=control1 reward_pred=1.249979 sequence=49.587687
[plan] step=50 node=N504 type=control1 reward_pred=1.322016 sequence=50.909703
[plan] step=51 node=N7411 type=control1 reward_pred=1.260311 sequence=52.170014
[plan] step=52 node=N2580 type=control1 reward_pred=1.240195 sequence=53.410209
[plan] step=53 node=N7413 type=control1 reward_pred=1.278791 sequence=54.688999
[plan] step=54 node=N7590 type=control1 reward_pred=1.246264 sequence=55.935264
[plan] step=55 node=N7588 type=control1 reward_pred=1.372766 sequence=57.308030
[plan] step=56 node=N3701 type=control0 reward_pred=1.271771 sequence=58.579801
[plan] step=57 node=N3644 type=control0 reward_pred=1.249154 sequence=59.828955
[plan] step=58 node=N516 type=control1 reward_pred=1.240191 sequence=61.069146
[plan] step=59 node=N555 type=control1 reward_pred=1.202961 sequence=62.272107
[plan] step=60 node=N4606 type=control0 reward_pred=0.964572 sequence=63.236679
[plan] step=61 node=N7370 type=control1 reward_pred=0.911096 sequence=64.147775
[plan] step=62 node=N556 type=control1 reward_pred=0.893832 sequence=65.041606
[plan] step=63 node=N582 type=control1 reward_pred=0.887879 sequence=65.929485
[plan] step=64 node=N3124 type=control1 reward_pred=0.921575 sequence=66.851061
[plan] step=65 node=N614 type=control1 reward_pred=0.945570 sequence=67.796630
[plan] step=66 node=N634 type=control1 reward_pred=0.975129 sequence=68.771759
[plan] step=67 node=N4564 type=control0 reward_pred=0.964021 sequence=69.735780
[plan] step=68 node=N520 type=control1 reward_pred=0.962852 sequence=70.698632
[plan] step=69 node=N2064 type=observe reward_pred=0.960604 sequence=71.659236
[plan] step=70 node=N2062 type=observe reward_pred=0.976654 sequence=72.635891
[plan] step=71 node=N2060 type=observe reward_pred=1.017977 sequence=73.653868
[plan] step=72 node=N2066 type=observe reward_pred=1.088285 sequence=74.742153
[plan] step=73 node=N2054 type=observe reward_pred=1.205390 sequence=75.947543
[plan] step=74 node=N2052 type=observe reward_pred=1.548228 sequence=77.495771
[plan] step=75 node=N2058 type=observe reward_pred=1.899956 sequence=79.395727
[plan] step=76 node=N2050 type=observe reward_pred=2.487315 sequence=81.883043
[plan] step=77 node=N2046 type=observe reward_pred=5.527096 sequence=87.410139
[plan] step=78 node=N1853 type=observe reward_pred=5.232415 sequence=92.642554
[plan] step=79 node=N2068 type=observe reward_pred=5.679174 sequence=98.321729
[plan] step=80 node=N5723 type=control0 reward_pred=5.354423 sequence=103.676151
[plan] step=81 node=N2056 type=observe reward_pred=5.877692 sequence=109.553843
[plan] step=82 node=N7923 type=control0 reward_pred=5.714329 sequence=115.268172
[plan] step=83 node=N8050 type=control0 reward_pred=5.904667 sequence=121.172840
[plan] step=84 node=N8048 type=control0 reward_pred=6.253198 sequence=127.426037
[plan] step=85 node=N7854 type=control0 reward_pred=6.232351 sequence=133.658388
[plan] step=86 node=N3722 type=control0 reward_pred=6.313518 sequence=139.971906
[plan] step=87 node=N3904 type=control0 reward_pred=6.418103 sequence=146.390008
[plan] step=88 node=N3897 type=control0 reward_pred=6.561939 sequence=152.951947
[plan] step=89 node=N4520 type=control0 reward_pred=7.016038 sequence=159.967985
[plan] step=90 node=N3862 type=control0 reward_pred=7.232077 sequence=167.200062
[plan] step=91 node=N3855 type=control0 reward_pred=7.448379 sequence=174.648441
[plan] step=92 node=N3848 type=control0 reward_pred=7.680817 sequence=182.329258
[plan] step=93 node=N3841 type=control0 reward_pred=7.975703 sequence=190.304961
[plan] step=94 node=N3827 type=control0 reward_pred=8.341384 sequence=198.646345
[plan] step=95 node=N3820 type=control0 reward_pred=8.683230 sequence=207.329575
[plan] step=96 node=N3813 type=control0 reward_pred=9.017821 sequence=216.347396
[plan] step=97 node=N3799 type=control0 reward_pred=9.269325 sequence=225.616722
[plan] step=98 node=N2157 type=observe reward_pred=9.550796 sequence=235.167517
[plan] step=99 node=N2101 type=observe reward_pred=9.826730 sequence=244.994247
[plan] step=100 node=N3792 type=control0 reward_pred=10.079434 sequence=255.073681
[plan] step=101 node=N3785 type=control0 reward_pred=10.388654 sequence=265.462335
[plan] step=102 node=N7408 type=control0 reward_pred=10.837287 sequence=276.299622
[plan] step=103 node=N5874 type=observe reward_pred=11.017550 sequence=287.317172
[plan] step=104 node=N4585 type=control0 reward_pred=11.316434 sequence=298.633605
[plan] step=105 node=N2149 type=observe reward_pred=11.538286 sequence=310.171892
[plan] step=106 node=N7541 type=control0 reward_pred=12.045907 sequence=322.217799
[plan] step=107 node=N2106 type=observe reward_pred=12.204016 sequence=334.421814
[plan] step=108 node=N4578 type=control0 reward_pred=12.027640 sequence=346.449455
[plan] step=109 node=N4557 type=control0 reward_pred=11.708447 sequence=358.157902
[plan] step=110 node=N2044 type=observe reward_pred=11.253788 sequence=369.411690
[plan] step=111 node=N3742 type=control0 reward_pred=10.927808 sequence=380.339498
[plan] step=112 node=N2042 type=observe reward_pred=10.498631 sequence=390.838130
[plan] step=113 node=N2040 type=observe reward_pred=10.073094 sequence=400.911224
[plan] step=114 node=N578 type=observe reward_pred=10.255763 sequence=411.166987
[plan] step=115 node=N713 type=observe reward_pred=9.698058 sequence=420.865045
[plan] step=116 node=N8011 type=control0 reward_pred=9.376421 sequence=430.241466
[plan] step=117 node=N3681 type=control0 reward_pred=9.032370 sequence=439.273836
[plan] step=118 node=N510 type=control1 reward_pred=9.046981 sequence=448.320817
[plan] step=119 node=N1860 type=observe reward_pred=8.881038 sequence=457.201854
[plan] step=120 node=N1879 type=observe reward_pred=8.759911 sequence=465.961765
[plan] step=121 node=N2083 type=observe reward_pred=8.763651 sequence=474.725416
[plan] step=122 node=N724 type=observe reward_pred=8.683698 sequence=483.409113
[plan] step=123 node=N1599 type=observe reward_pred=8.639760 sequence=492.048873
[plan] step=124 node=N2008 type=observe reward_pred=8.580087 sequence=500.628960
[plan] step=125 node=N4716 type=control0 reward_pred=8.524432 sequence=509.153392
[plan] step=126 node=N5866 type=observe reward_pred=8.465312 sequence=517.618704
[plan] step=127 node=N638 type=control1 reward_pred=8.712045 sequence=526.330749
[plan] step=128 node=N620 type=control1 reward_pred=8.825957 sequence=535.156706
[plan] step=129 node=N496 type=control1 reward_pred=8.858218 sequence=544.014925
[plan] step=130 node=N7846 type=control0 reward_pred=8.943967 sequence=552.958891
[plan] step=131 node=N7454 type=observe reward_pred=9.156993 sequence=562.115884
[plan] step=132 node=N1411 type=control0 reward_pred=9.246193 sequence=571.362077
[plan] step=133 node=N7405 type=observe reward_pred=9.506255 sequence=580.868332
[plan] step=134 node=N704 type=observe reward_pred=9.640693 sequence=590.509025
[plan] step=135 node=N6533 type=observe reward_pred=9.713183 sequence=600.222208
[plan] step=136 node=N610 type=control1 reward_pred=9.872725 sequence=610.094934
[plan] step=137 node=N2102 type=observe reward_pred=9.799163 sequence=619.894097
[plan] step=138 node=N7402 type=observe reward_pred=9.717532 sequence=629.611629
[plan] step=139 node=N694 type=observe reward_pred=10.188379 sequence=639.800008
[plan] step=140 node=N7513 type=control1 reward_pred=9.708225 sequence=649.508234
[plan] step=141 node=N645 type=control1 reward_pred=9.896310 sequence=659.404543
[plan] step=142 node=N7852 type=control0 reward_pred=9.491748 sequence=668.896291
[plan] step=143 node=N616 type=control1 reward_pred=9.563547 sequence=678.459838
[plan] step=144 node=N7847 type=control0 reward_pred=9.775528 sequence=688.235366
[plan] step=145 node=N7853 type=control0 reward_pred=9.636552 sequence=697.871918
[plan] step=146 node=N640 type=control1 reward_pred=9.387630 sequence=707.259548
[plan] step=147 node=N7820 type=control0 reward_pred=9.483252 sequence=716.742799
[plan] step=148 node=N632 type=control1 reward_pred=9.209260 sequence=725.952059
[plan] step=149 node=N6669 type=control1 reward_pred=8.820308 sequence=734.772367
[plan] step=150 node=N3467 type=control1 reward_pred=8.424726 sequence=743.197093
[plan] step=151 node=N3410 type=control1 reward_pred=8.184643 sequence=751.381735
[plan] step=152 node=N3180 type=control1 reward_pred=8.047528 sequence=759.429264
[plan] step=153 node=N7870 type=control1 reward_pred=7.969515 sequence=767.398779
[plan] step=154 node=N3352 type=control1 reward_pred=7.766551 sequence=775.165330
[plan] step=155 node=N649 type=control1 reward_pred=7.548578 sequence=782.713908
[plan] step=156 node=N3525 type=control1 reward_pred=7.358700 sequence=790.072608
[plan] step=157 node=N1586 type=control1 reward_pred=7.226408 sequence=797.299016
[plan] step=158 node=N3295 type=control1 reward_pred=7.124154 sequence=804.423170
[plan] step=159 node=N3237 type=control1 reward_pred=7.010223 sequence=811.433393
[plan] step=160 node=N2652 type=control1 reward_pred=6.882271 sequence=818.315664
[plan] step=161 node=N2721 type=control1 reward_pred=6.750312 sequence=825.065977
[plan] step=162 node=N2894 type=control1 reward_pred=6.444318 sequence=831.510295
[plan] step=163 node=N623 type=control1 reward_pred=5.891566 sequence=837.401861
[plan] step=164 node=N2952 type=control1 reward_pred=5.920769 sequence=843.322630
[plan] step=165 node=N2779 type=control1 reward_pred=5.985641 sequence=849.308270
[plan] step=166 node=N7424 type=control1 reward_pred=4.745706 sequence=854.053977
[plan] step=167 node=N608 type=control1 reward_pred=4.743397 sequence=858.797374
[plan] step=168 node=N2837 type=control1 reward_pred=5.572640 sequence=864.370014
[plan] step=169 node=N3009 type=control1 reward_pred=5.750613 sequence=870.120627
[plan] step=170 node=N8036 type=control0 reward_pred=6.162938 sequence=876.283565
[plan] step=171 node=N7442 type=control0 reward_pred=7.120836 sequence=883.404400
[plan] step=172 node=N7441 type=control0 reward_pred=7.976874 sequence=891.381274
[plan] step=173 node=N7694 type=control0 reward_pred=8.214645 sequence=899.595920
[plan] step=174 node=N1598 type=observe reward_pred=8.431254 sequence=908.027174
[plan] step=175 node=N8027 type=control0 reward_pred=8.488194 sequence=916.515368
[plan] step=176 node=N765 type=observe reward_pred=8.764597 sequence=925.279965
[plan] step=177 node=N725 type=observe reward_pred=9.875970 sequence=935.155935
[plan] step=178 node=N715 type=observe reward_pred=11.078815 sequence=946.234750
[plan] step=179 node=N7401 type=observe reward_pred=11.042623 sequence=957.277372
[plan] step=180 node=N626 type=control1 reward_pred=10.705058 sequence=967.982430
[plan] step=181 node=N647 type=control1 reward_pred=10.655246 sequence=978.637676
[plan] step=182 node=N642 type=control1 reward_pred=10.686293 sequence=989.323969
[plan] step=183 node=N636 type=control1 reward_pred=10.656075 sequence=999.980044
[plan] step=184 node=N630 type=control1 reward_pred=10.525277 sequence=1010.505322
[plan] step=185 node=N764 type=observe reward_pred=10.118979 sequence=1020.624300
[plan] step=186 node=N723 type=observe reward_pred=10.306685 sequence=1030.930985
[plan] step=187 node=N1607 type=control1 reward_pred=10.161096 sequence=1041.092081
[plan] step=188 node=N628 type=control1 reward_pred=9.863046 sequence=1050.955127
[plan] step=189 node=N624 type=control1 reward_pred=9.549154 sequence=1060.504281
[plan] step=190 node=N652 type=control1 reward_pred=9.485120 sequence=1069.989401
[plan] step=191 node=N2072 type=observe reward_pred=9.198936 sequence=1079.188337
[plan] step=192 node=N763 type=observe reward_pred=9.078405 sequence=1088.266743
[plan] step=193 node=N2151 type=observe reward_pred=9.315784 sequence=1097.582526
[plan] step=194 node=N7855 type=control0 reward_pred=9.010037 sequence=1106.592564
[plan] step=195 node=N8052 type=control0 reward_pred=8.950215 sequence=1115.542779
[plan] step=196 node=N7542 type=control0 reward_pred=8.768527 sequence=1124.311306
[plan] step=197 node=N7698 type=control0 reward_pred=8.764191 sequence=1133.075497
[plan] step=198 node=N8025 type=control0 reward_pred=8.557252 sequence=1141.632749
[plan] step=199 node=N7925 type=control0 reward_pred=8.457753 sequence=1150.090502
[plan] step=200 node=N7414 type=control1 reward_pred=8.156816 sequence=1158.247317
[plan] step=201 node=N7514 type=control1 reward_pred=7.908116 sequence=1166.155433
[plan] step=202 node=N3067 type=control1 reward_pred=7.346726 sequence=1173.502159
[plan] step=203 node=N5876 type=observe reward_pred=6.970993 sequence=1180.473152
[plan] step=204 node=N8023 type=control0 reward_pred=6.471874 sequence=1186.945026
[plan] step=205 node=N8038 type=control0 reward_pred=6.942196 sequence=1193.887222
[plan] step=206 node=N8021 type=control0 reward_pred=7.118242 sequence=1201.005464
[plan] step=207 node=N8019 type=control0 reward_pred=7.175563 sequence=1208.181027
[plan] step=208 node=N8017 type=control0 reward_pred=6.849541 sequence=1215.030568
[plan] step=209 node=N515 type=control1 reward_pred=7.055644 sequence=1222.086212
[plan] step=210 node=N7526 type=control0 reward_pred=6.849122 sequence=1228.935333
[plan] step=211 node=N7700 type=control0 reward_pred=7.685928 sequence=1236.621261
[plan] step=212 node=N8046 type=control0 reward_pred=7.089392 sequence=1243.710653
[plan] step=213 node=N8044 type=control0 reward_pred=7.215222 sequence=1250.925875
[plan] step=214 node=N8040 type=control0 reward_pred=7.297328 sequence=1258.223203
[plan] step=215 node=N8015 type=control0 reward_pred=7.395010 sequence=1265.618213
[plan] step=216 node=N4532 type=control0 reward_pred=7.519532 sequence=1273.137744
[plan] step=217 node=N8013 type=control0 reward_pred=7.620642 sequence=1280.758387
[plan] step=218 node=N8005 type=control0 reward_pred=7.720618 sequence=1288.479004
[plan] step=219 node=N8003 type=control0 reward_pred=7.820510 sequence=1296.299514
[plan] step=220 node=N4469 type=control0 reward_pred=7.888510 sequence=1304.188025
[plan] step=221 node=N4460 type=control0 reward_pred=7.942517 sequence=1312.130541
[plan] step=222 node=N8009 type=control0 reward_pred=7.990675 sequence=1320.121217
[plan] step=223 node=N4879 type=control0 reward_pred=8.786944 sequence=1328.908161
[plan] step=224 node=N6956 type=control0 reward_pred=8.214610 sequence=1337.122771
[plan] step=225 node=N7696 type=control0 reward_pred=8.115658 sequence=1345.238429
[plan] step=226 node=N4442 type=control0 reward_pred=8.161891 sequence=1353.400320
[plan] step=227 node=N4436 type=control0 reward_pred=8.215171 sequence=1361.615491
[plan] step=228 node=N4421 type=control0 reward_pred=8.238961 sequence=1369.854452
[plan] step=229 node=N5727 type=control0 reward_pred=8.250995 sequence=1378.105447
[plan] step=230 node=N4391 type=control0 reward_pred=8.272679 sequence=1386.378126
[plan] step=231 node=N4358 type=control0 reward_pred=8.292272 sequence=1394.670398
[plan] step=232 node=N4338 type=control0 reward_pred=8.338164 sequence=1403.008562
[plan] step=233 node=N4367 type=control0 reward_pred=8.402703 sequence=1411.411265
[plan] step=234 node=N5725 type=control0 reward_pred=8.554257 sequence=1419.965523
[plan] step=235 node=N3402 type=control0 reward_pred=8.783122 sequence=1428.748645
[plan] step=236 node=N3229 type=control0 reward_pred=9.028777 sequence=1437.777422
[plan] step=237 node=N3224 type=control0 reward_pred=9.226853 sequence=1447.004275
[plan] step=238 node=N4385 type=control0 reward_pred=9.418393 sequence=1456.422668
[plan] step=239 node=N3204 type=control0 reward_pred=9.576346 sequence=1465.999015
[plan] step=240 node=N3219 type=control0 reward_pred=9.679997 sequence=1475.679012
[plan] step=241 node=N3199 type=control0 reward_pred=9.745259 sequence=1485.424272
[plan] step=242 node=N3372 type=control0 reward_pred=9.890439 sequence=1495.314711
[plan] step=243 node=N3209 type=control0 reward_pred=10.041883 sequence=1505.356594
[plan] step=244 node=N3234 type=control0 reward_pred=10.154317 sequence=1515.510911
[plan] step=245 node=N3377 type=control0 reward_pred=10.199492 sequence=1525.710403
[plan] step=246 node=N2348 type=control0 reward_pred=10.293824 sequence=1536.004228
[plan] step=247 node=N3382 type=control0 reward_pred=10.413724 sequence=1546.417952
[plan] step=248 node=N3387 type=control0 reward_pred=10.474023 sequence=1556.891974
[plan] step=249 node=N3214 type=control0 reward_pred=10.502955 sequence=1567.394930
[plan] step=250 node=N3392 type=control0 reward_pred=10.481153 sequence=1577.876082
[plan] step=251 node=N3397 type=control0 reward_pred=10.410206 sequence=1588.286288
[plan] step=252 node=N6947 type=control0 reward_pred=9.890663 sequence=1598.176951
[plan] step=253 node=N5715 type=control0 reward_pred=9.523393 sequence=1607.700344
[plan] step=254 node=N5671 type=control0 reward_pred=9.212319 sequence=1616.912663
[plan] step=255 node=N5665 type=control0 reward_pred=8.920557 sequence=1625.833220
[plan] step=256 node=N902 type=control1 reward_pred=8.482656 sequence=1634.315876
[plan] step=257 node=N7679 type=observe reward_pred=7.724713 sequence=1642.040589
[plan] step=258 node=N6730 type=control1 reward_pred=7.553264 sequence=1649.593853
[plan] step=259 node=N5356 type=observe reward_pred=7.153354 sequence=1656.747207
[plan] step=260 node=N5740 type=observe reward_pred=7.273804 sequence=1664.021011
[plan] step=261 node=N754 type=observe reward_pred=7.604294 sequence=1671.625306
[plan] step=262 node=N7385 type=observe reward_pred=7.548700 sequence=1679.174006
[plan] step=263 node=N1532 type=observe reward_pred=7.675173 sequence=1686.849179
[plan] step=264 node=N5334 type=observe reward_pred=7.865037 sequence=1694.714216
[plan] step=265 node=N5202 type=observe reward_pred=8.492745 sequence=1703.206961
[plan] step=266 node=N5456 type=observe reward_pred=9.132132 sequence=1712.339093
[plan] step=267 node=N3157 type=control0 reward_pred=9.436157 sequence=1721.775250
[plan] step=268 node=N759 type=observe reward_pred=9.161273 sequence=1730.936523
[plan] step=269 node=N5871 type=observe reward_pred=9.853836 sequence=1740.790359
[plan] step=270 node=N5439 type=observe reward_pred=10.529286 sequence=1751.319645
[plan] step=271 node=N3444 type=control0 reward_pred=10.677187 sequence=1761.996832
[plan] step=272 node=N6871 type=control0 reward_pred=10.849523 sequence=1772.846355
[plan] step=273 node=N5878 type=observe reward_pred=9.896852 sequence=1782.743207
[plan] step=274 node=N6593 type=control1 reward_pred=10.019611 sequence=1792.762819
[plan] step=275 node=N5160 type=observe reward_pred=9.179162 sequence=1801.941981
[plan] step=276 node=N7437 type=observe reward_pred=9.871602 sequence=1811.813583
[plan] step=277 node=N3449 type=control0 reward_pred=10.248070 sequence=1822.061653
[plan] step=278 node=N3162 type=control0 reward_pred=10.639884 sequence=1832.701537
saved=autoresearch/loop-260718-0223/real_label_calibration_round14/b15/rank__reward_pred/b15_C/plans/iscas99__b15_1__greedy__cumulative__reward_pred__bw1__d1__c48__g1p0__candhard_fault_cluster__div0p0__s0.csv
