new_n21605_ /1 undetected
new_n21603_ /1 undetected
__tpi_not_test_en->__tpi_cp_56_new_n21599_ /1 undetected
__tpi_cp_56_new_n21599_ /1 undetected
new_n21599_ /1 undetected
__buf_split_10688 /1 undetected
__buf_split_10690 /1 undetected
new_n16286_ /1 undetected
new_n16277_ /1 undetected
new_n16284_ /1 undetected
new_n16282_ /1 undetected
__tpi_not_test_en->__tpi_cp_38_new_n16280_ /1 undetected
__tpi_cp_38_new_n16280_ /1 undetected
new_n16280_ /1 undetected
new_n16278_ /1 undetected
__buf_split_7035 /1 undetected
__buf_split_7034 /1 undetected
__buf_split_7036 /1 undetected
__buf_split_7037 /1 undetected
test_en->__tpi_cp_17_new_n14969_ /0 undetected
__tpi_not_test_en->__tpi_cp_57_new_n14965_ /1 undetected
__tpi_not_test_en->__tpi_cp_15_new_n14959_ /1 undetected
__tpi_not_test_en->__tpi_cp_34_new_n14866_ /1 undetected
test_en->__tpi_cp_71___buf_split_6047 /0 undetected
__tpi_not_test_en->__tpi_cp_62_new_n14862_ /1 undetected
test_en->__tpi_cp_35_new_n14861_ /0 undetected
__tpi_not_test_en->__tpi_cp_21_new_n14857_ /1 undetected
__tpi_not_test_en->__tpi_cp_20_new_n14787_ /1 undetected
__tpi_not_test_en->__tpi_cp_28_new_n14777_ /1 undetected
test_en->__tpi_cp_52_new_n14774_ /0 undetected
test_en->__tpi_cp_47_new_n14769_ /0 undetected
__tpi_not_test_en->__tpi_cp_27_new_n14720_ /1 undetected
__tpi_not_test_en->__tpi_cp_29_new_n14706_ /1 undetected
__tpi_not_test_en->__tpi_cp_19_new_n14559_ /1 undetected
test_en->__tpi_cp_54_new_n14556_ /0 undetected
test_en->__tpi_cp_48_new_n14542_ /0 undetected
__tpi_not_test_en->__tpi_cp_25_new_n14526_ /1 undetected
test_en->__tpi_cp_40_new_n14522_ /0 undetected
test_en->__tpi_cp_22_new_n14405_ /0 undetected
__tpi_not_test_en->__tpi_cp_24_new_n14394_ /1 undetected
__tpi_not_test_en->__tpi_cp_2_new_n21592_ /1 undetected
__tpi_not_test_en->__tpi_cp_55___buf_split_10683 /1 undetected
new_n21588_ /1 undetected
new_n21586_ /1 undetected
new_n21585_ /1 undetected
new_n21583_ /1 undetected
new_n21580_ /1 undetected
__tpi_not_test_en->__tpi_cp_53_new_n21579_ /1 undetected
__tpi_cp_53_new_n21579_ /1 undetected
new_n21579_ /1 undetected
new_n21577_ /1 undetected
new_n21574_ /1 undetected
test_en->__tpi_cp_1_new_n21572_ /0 undetected
__tpi_not_test_en->__tpi_cp_42_new_n21569_ /1 undetected
__tpi_cp_42_new_n21569_ /1 undetected
new_n21569_ /1 undetected
__tpi_not_test_en->__tpi_cp_12_new_n21564_ /1 undetected
new_n21557_ /1 undetected
__tpi_not_test_en->__tpi_cp_51_new_n21556_ /1 undetected
__tpi_cp_51_new_n21556_ /1 undetected
new_n21556_ /1 undetected
new_n21553_ /1 undetected
new_n21551_ /1 undetected
new_n21550_ /1 undetected
__tpi_not_test_en->__tpi_cp_39_new_n21548_ /1 undetected
__tpi_cp_39_new_n21548_ /1 undetected
new_n21548_ /1 undetected
__tpi_not_test_en->__tpi_cp_50_new_n21543_ /1 undetected
__tpi_cp_50_new_n21543_ /1 undetected
new_n21543_ /1 undetected
__tpi_not_test_en->__tpi_cp_32_new_n21535_ /1 undetected
__tpi_not_test_en->__tpi_cp_4_new_n21532_ /1 undetected
__buf_split_10635 /1 undetected
__tpi_not_test_en->__tpi_cp_5_new_n16272_ /1 undetected
new_n16270_ /1 undetected
new_n16257_ /1 undetected
new_n16254_ /1 undetected
new_n16249_ /1 undetected
new_n16247_ /1 undetected
__tpi_not_test_en->__tpi_cp_3_new_n16245_ /1 undetected
__buf_split_7010 /1 undetected
__buf_split_7006 /1 undetected
__tpi_not_test_en->__tpi_cp_30_new_n16237_ /1 undetected
__tpi_cp_30_new_n16237_ /1 undetected
new_n16237_ /1 undetected
new_n16236_ /1 undetected
new_n16233_ /1 undetected
new_n16230_ /1 undetected
new_n16228_ /1 undetected
__tpi_not_test_en->__tpi_cp_0_new_n16225_ /1 undetected
new_n16221_ /1 undetected
__buf_split_6989 /1 undetected
__buf_split_6985 /1 undetected
__buf_split_6981 /1 undetected
__buf_split_6977 /1 undetected
new_n16276_ /0 undetected
__buf_split_7031 /1 undetected
__tpi_not_test_en->__tpi_cp_49_new_n16204_ /1 undetected
test_en->__tpi_cp_26_new_n14888_ /0 undetected
__tpi_not_test_en->__tpi_cp_36_new_n16192_ /1 undetected
test_en->__tpi_cp_45_new_n14780_ /0 undetected
test_en->__tpi_cp_11_new_n14148_ /0 undetected
__tpi_not_test_en->__tpi_cp_61_new_n14141_ /1 undetected
__tpi_not_test_en->__tpi_cp_59_new_n14517_ /1 undetected
test_en->__tpi_cp_16_new_n14516_ /0 undetected
__tpi_not_test_en->__tpi_cp_18_new_n13630_ /1 undetected
__tpi_not_test_en->__tpi_cp_41_new_n13612_ /1 undetected
__tpi_not_test_en->__tpi_cp_66___buf_split_5047 /1 undetected
__tpi_not_test_en->__tpi_cp_65_new_n13604_ /1 undetected
test_en->__tpi_cp_7_new_n13603_ /0 undetected
__tpi_not_test_en->__tpi_cp_70_new_n13602_ /1 undetected
__tpi_not_test_en->__tpi_cp_46_new_n13598_ /1 undetected
__tpi_not_test_en->__tpi_cp_6_new_n13596_ /1 undetected
__tpi_not_test_en->__tpi_cp_31_new_n13590_ /1 undetected
__tpi_not_test_en->__tpi_cp_10_new_n13622_ /1 undetected
test_en->__tpi_cp_58_new_n5363_ /0 undetected
