[round9/train/h16_strong] [train] excluded_eval_benchmarks=b15_C,b17_C,b20_C,b21_C,b22_C,epfl__arithmetic__max__max,epfl__random_control__i2c__i2c,i2c,iscas99__b15_1,iscas99__b17,iscas99__b20,iscas99__b21,iscas99__b22,max,mem_ctrl,openabcd__mem_ctrl_orig,subckt_0001 removed_rows=0 remaining_rows=15360
[round9/train/h16_strong] [train] disabling pattern loss
[round9/train/h16_strong] [train] oracle skipped forbidden rows path=autoresearch/oracle-balanced-negative-rich-260629-wide/balanced_train_oracle_actions.tsv rows=36 benchmarks=subckt_0001:36
[round9/train/h16_strong] [train] q_oracle enabled groups=178 score_field=q_pred lambda_q_value=0.08 lambda_q_rank=0.38 lambda_candidate=0.18 lambda_ndcg_rank=0.0 lambda_conservative_q=0.0 lambda_context_rank=0.25 pairwise_mode=best_vs_hard_topk forbidden_benchmarks=20
[round9/train/h16_strong] [train] rows=15360 train_rows=13056 val_rows=2304 train_samples=1960 val_samples=392 rollout_training=True feature_dim=38 relation_dim=12 cache_samples=False sample_cache_max_entries=unlimited
[round9/train/h16_strong] [train] initialized checkpoint=runs/planner_aligned_q_rank_v5_context_safe/best_final_horizon.pt strict=True
[round9/train/h16_strong] [train-progress] epoch=1 [------------------------] 1/1960   0.1% loss=0.46019 jepa=0.46019 hard=0.30823 hard_red=0.02118 oracle=0.00000 rank=0.00000 value=0.00000 cand=0.00000 ndcg=0.00000 cql=0.00000 ctx=0.00000 pairs=0.0
[round9/train/h16_strong] [train-progress] epoch=1 [------------------------] 25/1960   1.3% loss=0.32932 jepa=0.32932 hard=0.12998 hard_red=0.00300 oracle=0.00000 rank=0.00000 value=0.00000 cand=0.00000 ndcg=0.00000 cql=0.00000 ctx=0.00000 pairs=0.0
[round9/train/h16_strong] [train-progress] epoch=1 [------------------------] 50/1960   2.6% loss=0.33800 jepa=0.33800 hard=0.13545 hard_red=0.00396 oracle=0.00000 rank=0.00000 value=0.00000 cand=0.00000 ndcg=0.00000 cql=0.00000 ctx=0.00000 pairs=0.0
[round9/train/h16_strong] [train-progress] epoch=1 [------------------------] 75/1960   3.8% loss=0.32738 jepa=0.32738 hard=0.13286 hard_red=0.00335 oracle=0.00000 rank=0.00000 value=0.00000 cand=0.00000 ndcg=0.00000 cql=0.00000 ctx=0.00000 pairs=0.0
[round9/train/h16_strong] [train-progress] epoch=1 [#-----------------------] 100/1960   5.1% loss=0.32527 jepa=0.32527 hard=0.13013 hard_red=0.00342 oracle=0.00000 rank=0.00000 value=0.00000 cand=0.00000 ndcg=0.00000 cql=0.00000 ctx=0.00000 pairs=0.0
[round9/train/h16_strong] [train] epoch=1 horizon=4 train_loss=0.324830 val_loss=0.226342 train_steps=120
[round9/train/h16_strong] [train-progress] epoch=2 [------------------------] 1/1960   0.1% loss=0.34035 jepa=0.34035 hard=0.10784 hard_red=0.00066 oracle=0.25656 rank=0.10310 value=0.11189 cand=2.52300 ndcg=0.00000 cql=0.00000 ctx=0.04342 pairs=220.0
[round9/train/h16_strong] [train-progress] epoch=2 [------------------------] 25/1960   1.3% loss=0.38872 jepa=0.38872 hard=0.13043 hard_red=0.00357 oracle=0.24194 rank=0.07331 value=0.20674 cand=2.37291 ndcg=0.00000 cql=0.00000 ctx=0.04947 pairs=285.3
[round9/train/h16_strong] [train-progress] epoch=2 [------------------------] 50/1960   2.6% loss=0.36643 jepa=0.36643 hard=0.12007 hard_red=0.00280 oracle=0.23954 rank=0.06695 value=0.20169 cand=2.36452 ndcg=0.00000 cql=0.00000 ctx=0.04758 pairs=298.7
[round9/train/h16_strong] [train-progress] epoch=2 [------------------------] 75/1960   3.8% loss=0.36967 jepa=0.36967 hard=0.12084 hard_red=0.00289 oracle=0.24087 rank=0.06566 value=0.18942 cand=2.38894 ndcg=0.00000 cql=0.00000 ctx=0.04651 pairs=301.8
[round9/train/h16_strong] [train-progress] epoch=2 [#-----------------------] 100/1960   5.1% loss=0.36313 jepa=0.36313 hard=0.11714 hard_red=0.00260 oracle=0.23984 rank=0.06433 value=0.19207 cand=2.37915 ndcg=0.00000 cql=0.00000 ctx=0.04649 pairs=304.2
[round9/train/h16_strong] [train] epoch=2 horizon=8 train_loss=0.364202 val_loss=0.248605 train_steps=120
[round9/train/h16_strong] [train-progress] epoch=3 [------------------------] 1/1960   0.1% loss=0.27511 jepa=0.27511 hard=0.08539 hard_red=0.00009 oracle=0.46540 rank=0.05845 value=0.36035 cand=2.19292 ndcg=0.00000 cql=0.00000 ctx=0.07852 pairs=379.0
[round9/train/h16_strong] [train-progress] epoch=3 [------------------------] 25/1960   1.3% loss=0.33216 jepa=0.33216 hard=0.10916 hard_red=0.00064 oracle=0.47254 rank=0.05481 value=0.18758 cand=2.36604 ndcg=0.00000 cql=0.00000 ctx=0.04328 pairs=302.8
[round9/train/h16_strong] [train-progress] epoch=3 [------------------------] 50/1960   2.6% loss=0.33400 jepa=0.33400 hard=0.11044 hard_red=0.00068 oracle=0.46626 rank=0.05668 value=0.18821 cand=2.32469 ndcg=0.00000 cql=0.00000 ctx=0.04487 pairs=312.5
[round9/train/h16_strong] [train-progress] epoch=3 [------------------------] 75/1960   3.8% loss=0.35655 jepa=0.35655 hard=0.11468 hard_red=0.00089 oracle=0.47282 rank=0.05635 value=0.18385 cand=2.36527 ndcg=0.00000 cql=0.00000 ctx=0.04381 pairs=313.6
[round9/train/h16_strong] [train-progress] epoch=3 [#-----------------------] 100/1960   5.1% loss=0.36040 jepa=0.36040 hard=0.11368 hard_red=0.00121 oracle=0.47219 rank=0.05741 value=0.18127 cand=2.36191 ndcg=0.00000 cql=0.00000 ctx=0.04292 pairs=314.5
[round9/train/h16_strong] [train] epoch=3 horizon=12 train_loss=0.359357 val_loss=0.270122 train_steps=120
[round9/train/h16_strong] [train-progress] epoch=4 [------------------------] 1/1960   0.1% loss=0.32255 jepa=0.32255 hard=0.08561 hard_red=0.00006 oracle=0.42864 rank=0.04057 value=0.30661 cand=2.07992 ndcg=0.00000 cql=0.00000 ctx=0.05725 pairs=339.0
[round9/train/h16_strong] [train-progress] epoch=4 [------------------------] 25/1960   1.3% loss=0.36323 jepa=0.36323 hard=0.10202 hard_red=0.00118 oracle=0.47435 rank=0.06084 value=0.18695 cand=2.35878 ndcg=0.00000 cql=0.00000 ctx=0.04676 pairs=325.0
[round9/train/h16_strong] [train-progress] epoch=4 [------------------------] 50/1960   2.6% loss=0.35933 jepa=0.35933 hard=0.10461 hard_red=0.00108 oracle=0.47797 rank=0.05960 value=0.17077 cand=2.39302 ndcg=0.00000 cql=0.00000 ctx=0.04369 pairs=326.5
[round9/train/h16_strong] [train-progress] epoch=4 [------------------------] 75/1960   3.8% loss=0.36396 jepa=0.36396 hard=0.10687 hard_red=0.00150 oracle=0.48285 rank=0.06079 value=0.17211 cand=2.41574 ndcg=0.00000 cql=0.00000 ctx=0.04457 pairs=323.0
[round9/train/h16_strong] [train-progress] epoch=4 [#-----------------------] 100/1960   5.1% loss=0.36240 jepa=0.36240 hard=0.10865 hard_red=0.00149 oracle=0.47311 rank=0.05883 value=0.17291 cand=2.36837 ndcg=0.00000 cql=0.00000 ctx=0.04246 pairs=317.6
[round9/train/h16_strong] [train] epoch=4 horizon=16 train_loss=0.361468 val_loss=0.283359 train_steps=120
