__tpi_not_test_en->__tpi_cp_11___aig_not_12013 /1 undetected
__tpi_not_test_en->__tpi_cp_10___aig_not_12009 /1 undetected
__tpi_not_test_en->__tpi_cp_9___aig_not_12005 /1 undetected
__tpi_not_test_en->__tpi_cp_7___aig_not_12001 /1 undetected
test_en->__tpi_cp_24_new_n1252 /0 undetected
__tpi_not_test_en->__tpi_cp_13___buf_split_6553 /1 undetected
test_en->__tpi_cp_27_new_n1244 /0 undetected
test_en->__tpi_cp_28_new_n1236 /0 undetected
__tpi_not_test_en->__tpi_cp_12___aig_not_11945 /1 undetected
__aig_not_11943 /1 undetected
__tpi_not_test_en->__tpi_cp_6___aig_and_11942 /1 undetected
test_en->__tpi_cp_26_new_n543 /0 undetected
test_en->__tpi_cp_29_new_n1220 /0 undetected
test_en->__tpi_cp_25_new_n1228 /0 undetected
__tpi_not_test_en->__tpi_cp_20___aig_not_1888 /1 undetected
test_en->__tpi_cp_40___aig_not_1960 /0 undetected
test_en->__tpi_cp_38_new_n1247 /0 undetected
__tpi_not_test_en->__tpi_cp_22___aig_not_1924 /1 undetected
__tpi_not_test_en->__tpi_cp_21___aig_not_1906 /1 undetected
test_en->__tpi_cp_5___aig_and_1875 /0 undetected
__tpi_not_test_en->__tpi_cp_37___aig_not_1876 /1 undetected
test_en->__tpi_cp_19___aig_not_1883 /0 undetected
__tpi_not_test_en->__tpi_cp_41___buf_split_1358 /1 undetected
