[plan] torch_deterministic=true
[plan] candidate_allowlist=autoresearch/original-netlist-recovery-260712/exact_itc99/b17_C/exact_candidate_nodes.txt nodes=29334
[plan] latent_norm_clip_ratio=4 latent_norm_limit=30.925308
[plan] step=1 node=N2219 type=control1 q_typed_reliable_context=2.474693 sequence=2.474693
[plan] step=2 node=N14033 type=control1 q_typed_reliable_context=2.703735 sequence=5.178428
[plan] step=3 node=N5319 type=control0 q_typed_reliable_context=1.144848 sequence=6.323276
[plan] step=4 node=N6992 type=control0 q_typed_reliable_context=1.573171 sequence=7.896448
[plan] step=5 node=N6780 type=control0 q_typed_reliable_context=1.593117 sequence=9.489565
[plan] step=6 node=N2849 type=control0 q_typed_reliable_context=2.273970 sequence=11.763535
[plan] step=7 node=N13662 type=control0 q_typed_reliable_context=2.261206 sequence=14.024741
[plan] step=8 node=N16937 type=control0 q_typed_reliable_context=1.713222 sequence=15.737964
[plan] step=9 node=N12071 type=control0 q_typed_reliable_context=2.137820 sequence=17.875784
[plan] step=10 node=N11983 type=control0 q_typed_reliable_context=2.165328 sequence=20.041112
[plan] step=11 node=N7781 type=observe q_typed_reliable_context=2.660836 sequence=22.701948
[plan] step=12 node=N18172 type=control0 q_typed_reliable_context=1.465718 sequence=24.167666
[plan] step=13 node=N12015 type=control0 q_typed_reliable_context=2.558688 sequence=26.726354
[plan] step=14 node=N12055 type=control0 q_typed_reliable_context=2.485314 sequence=29.211668
[plan] step=15 node=N11975 type=control0 q_typed_reliable_context=2.666612 sequence=31.878279
[plan] step=16 node=N8089 type=observe q_typed_reliable_context=2.039436 sequence=33.917715
[plan] step=17 node=N12039 type=control0 q_typed_reliable_context=2.436249 sequence=36.353963
[plan] step=18 node=N13624 type=control0 q_typed_reliable_context=2.657469 sequence=39.011432
[plan] step=19 node=N19193 type=control0 q_typed_reliable_context=2.613062 sequence=41.624494
[plan] step=20 node=N19195 type=control0 q_typed_reliable_context=2.969891 sequence=44.594386
[plan] step=21 node=N12630 type=control0 q_typed_reliable_context=2.951117 sequence=47.545503
[plan] step=22 node=N7680 type=control0 q_typed_reliable_context=2.726763 sequence=50.272266
[plan] step=23 node=N7682 type=control0 q_typed_reliable_context=2.414112 sequence=52.686378
[plan] step=24 node=N13626 type=control0 q_typed_reliable_context=2.096852 sequence=54.783230
[plan] step=25 node=N11952 type=control0 q_typed_reliable_context=1.905642 sequence=56.688873
[plan] step=26 node=N18340 type=control0 q_typed_reliable_context=2.022517 sequence=58.711390
[plan] step=27 node=N18879 type=control0 q_typed_reliable_context=2.003102 sequence=60.714491
[plan] step=28 node=N4256 type=control0 q_typed_reliable_context=1.854741 sequence=62.569232
[plan] step=29 node=N18771 type=control0 q_typed_reliable_context=1.658449 sequence=64.227681
[plan] step=30 node=N12782 type=control0 q_typed_reliable_context=1.485219 sequence=65.712900
[plan] step=31 node=N12791 type=control0 q_typed_reliable_context=1.266462 sequence=66.979362
[plan] step=32 node=N12824 type=control0 q_typed_reliable_context=1.250234 sequence=68.229596
[plan] step=33 node=N12866 type=control0 q_typed_reliable_context=1.210989 sequence=69.440585
[plan] step=34 node=N12863 type=control0 q_typed_reliable_context=1.175653 sequence=70.616237
[plan] step=35 node=N12794 type=control0 q_typed_reliable_context=1.257154 sequence=71.873392
[plan] step=36 node=N12797 type=control0 q_typed_reliable_context=1.250806 sequence=73.124197
[plan] step=37 node=N12803 type=control0 q_typed_reliable_context=1.361391 sequence=74.485588
[plan] step=38 node=N12806 type=control0 q_typed_reliable_context=1.491795 sequence=75.977382
[plan] step=39 node=N2201 type=control1 q_typed_reliable_context=1.449516 sequence=77.426899
[plan] step=40 node=N12809 type=control0 q_typed_reliable_context=1.766691 sequence=79.193590
[plan] step=41 node=N12812 type=control0 q_typed_reliable_context=2.369910 sequence=81.563499
[plan] step=42 node=N12821 type=control0 q_typed_reliable_context=2.178964 sequence=83.742463
[plan] step=43 node=N12830 type=control0 q_typed_reliable_context=1.918024 sequence=85.660487
[plan] step=44 node=N12836 type=control0 q_typed_reliable_context=1.160436 sequence=86.820923
[plan] step=45 node=N12765 type=control0 q_typed_reliable_context=1.604683 sequence=88.425607
[plan] step=46 node=N12769 type=control0 q_typed_reliable_context=1.752331 sequence=90.177938
[plan] step=47 node=N19315 type=observe q_typed_reliable_context=1.386677 sequence=91.564615
[plan] step=48 node=N12847 type=control0 q_typed_reliable_context=1.102056 sequence=92.666671
[plan] step=49 node=N6796 type=control0 q_typed_reliable_context=1.158445 sequence=93.825116
[plan] step=50 node=N9508 type=control1 q_typed_reliable_context=1.190113 sequence=95.015229
[plan] step=51 node=N6868 type=control0 q_typed_reliable_context=3.110196 sequence=98.125425
[plan] step=52 node=N6892 type=control0 q_typed_reliable_context=2.696341 sequence=100.821766
[plan] step=53 node=N11923 type=control0 q_typed_reliable_context=2.234901 sequence=103.056667
[plan] step=54 node=N11941 type=control0 q_typed_reliable_context=1.983130 sequence=105.039796
[plan] step=55 node=N3774 type=observe q_typed_reliable_context=1.966803 sequence=107.006599
[plan] step=56 node=N16901 type=control0 q_typed_reliable_context=3.406120 sequence=110.412719
[plan] step=57 node=N18004 type=control0 q_typed_reliable_context=2.722209 sequence=113.134928
[plan] step=58 node=N15365 type=control1 q_typed_reliable_context=1.968067 sequence=115.102995
[plan] step=59 node=N19160 type=control0 q_typed_reliable_context=2.685136 sequence=117.788131
[plan] step=60 node=N14731 type=control1 q_typed_reliable_context=1.449267 sequence=119.237398
[plan] step=61 node=N19206 type=control0 q_typed_reliable_context=1.268910 sequence=120.506308
[plan] step=62 node=N19172 type=control0 q_typed_reliable_context=1.278160 sequence=121.784468
[plan] step=63 node=N13988 type=observe q_typed_reliable_context=3.596646 sequence=125.381114
[plan] step=64 node=N13984 type=observe q_typed_reliable_context=2.542611 sequence=127.923725
[plan] step=65 node=N29355 type=control1 q_typed_reliable_context=1.425208 sequence=129.348932
[plan] step=66 node=N19170 type=control0 q_typed_reliable_context=2.138835 sequence=131.487767
[plan] step=67 node=N19222 type=control0 q_typed_reliable_context=2.607915 sequence=134.095682
[plan] step=68 node=N19232 type=control0 q_typed_reliable_context=1.702709 sequence=135.798391
[plan] step=69 node=N26514 type=control1 q_typed_reliable_context=0.779670 sequence=136.578061
[plan] step=70 node=N19512 type=observe q_typed_reliable_context=1.359868 sequence=137.937929
[plan] step=71 node=N26516 type=control1 q_typed_reliable_context=0.769760 sequence=138.707689
[plan] step=72 node=N14004 type=observe q_typed_reliable_context=2.065373 sequence=140.773062
[plan] step=73 node=N13455 type=control0 q_typed_reliable_context=1.238778 sequence=142.011840
[plan] step=74 node=N18176 type=control0 q_typed_reliable_context=1.221406 sequence=143.233245
[plan] step=75 node=N19477 type=control0 q_typed_reliable_context=1.602363 sequence=144.835608
[plan] step=76 node=N3971 type=control1 q_typed_reliable_context=1.369739 sequence=146.205347
[plan] step=77 node=N19476 type=control0 q_typed_reliable_context=2.208812 sequence=148.414159
[plan] step=78 node=N19474 type=control0 q_typed_reliable_context=2.447928 sequence=150.862088
[plan] step=79 node=N18272 type=control0 q_typed_reliable_context=1.625161 sequence=152.487249
[plan] step=80 node=N8879 type=control0 q_typed_reliable_context=2.091374 sequence=154.578623
[plan] step=81 node=N19471 type=control0 q_typed_reliable_context=2.212449 sequence=156.791072
[plan] step=82 node=N19468 type=control0 q_typed_reliable_context=1.756695 sequence=158.547767
[plan] step=83 node=N6988 type=control0 q_typed_reliable_context=1.265476 sequence=159.813242
[plan] step=84 node=N19462 type=control0 q_typed_reliable_context=0.909548 sequence=160.722790
[plan] step=85 node=N18233 type=control0 q_typed_reliable_context=1.316497 sequence=162.039287
[plan] step=86 node=N4557 type=control0 q_typed_reliable_context=1.197924 sequence=163.237211
[plan] step=87 node=N4505 type=control0 q_typed_reliable_context=1.509261 sequence=164.746472
[plan] step=88 node=N4609 type=control0 q_typed_reliable_context=1.317929 sequence=166.064401
[plan] step=89 node=N4660 type=control0 q_typed_reliable_context=1.287938 sequence=167.352339
[plan] step=90 node=N4761 type=control0 q_typed_reliable_context=1.305004 sequence=168.657343
[plan] step=91 node=N4709 type=control0 q_typed_reliable_context=1.542674 sequence=170.200017
[plan] step=92 node=N18188 type=control0 q_typed_reliable_context=1.587939 sequence=171.787956
[plan] step=93 node=N4813 type=control0 q_typed_reliable_context=1.567336 sequence=173.355292
[plan] step=94 node=N19459 type=control0 q_typed_reliable_context=1.936837 sequence=175.292129
[plan] step=95 node=N4350 type=control0 q_typed_reliable_context=2.042433 sequence=177.334562
[plan] step=96 node=N4298 type=control0 q_typed_reliable_context=1.365679 sequence=178.700241
[plan] step=97 node=N4402 type=control0 q_typed_reliable_context=1.425092 sequence=180.125333
[plan] step=98 node=N4453 type=control0 q_typed_reliable_context=1.325034 sequence=181.450367
[plan] step=99 node=N19455 type=control0 q_typed_reliable_context=1.606767 sequence=183.057134
[plan] step=100 node=N19453 type=control0 q_typed_reliable_context=1.388983 sequence=184.446117
[plan] step=101 node=N7021 type=control0 q_typed_reliable_context=1.252297 sequence=185.698414
[plan] step=102 node=N19464 type=control0 q_typed_reliable_context=1.377206 sequence=187.075620
[plan] step=103 node=N7064 type=control0 q_typed_reliable_context=1.370326 sequence=188.445946
[plan] step=104 node=N7112 type=control0 q_typed_reliable_context=1.395250 sequence=189.841195
[plan] step=105 node=N7032 type=control0 q_typed_reliable_context=1.594961 sequence=191.436156
[plan] step=106 node=N18711 type=control0 q_typed_reliable_context=1.695377 sequence=193.131534
[plan] step=107 node=N7280 type=control0 q_typed_reliable_context=2.256710 sequence=195.388244
[plan] step=108 node=N7344 type=control0 q_typed_reliable_context=2.253290 sequence=197.641533
[plan] step=109 node=N7376 type=control0 q_typed_reliable_context=2.259569 sequence=199.901102
[plan] step=110 node=N7123 type=control0 q_typed_reliable_context=1.978774 sequence=201.879877
[plan] step=111 node=N12330 type=control0 q_typed_reliable_context=2.171527 sequence=204.051404
[plan] step=112 node=N7277 type=control0 q_typed_reliable_context=1.791323 sequence=205.842726
[plan] step=113 node=N12392 type=control0 q_typed_reliable_context=1.711727 sequence=207.554453
[plan] step=114 node=N12424 type=control0 q_typed_reliable_context=1.539799 sequence=209.094253
[plan] step=115 node=N12344 type=control0 q_typed_reliable_context=1.523538 sequence=210.617791
[plan] step=116 node=N7049 type=control0 q_typed_reliable_context=1.562721 sequence=212.180512
[plan] step=117 node=N18114 type=control0 q_typed_reliable_context=3.713274 sequence=215.893786
[plan] step=118 node=N7292 type=control0 q_typed_reliable_context=4.191240 sequence=220.085026
[plan] step=119 node=N7324 type=control0 q_typed_reliable_context=4.652094 sequence=224.737120
[plan] step=120 node=N26511 type=control1 q_typed_reliable_context=3.165309 sequence=227.902429
[plan] step=121 node=N26506 type=control1 q_typed_reliable_context=2.691211 sequence=230.593641
[plan] step=122 node=N26512 type=control1 q_typed_reliable_context=2.217522 sequence=232.811163
[plan] step=123 node=N27355 type=control1 q_typed_reliable_context=2.225639 sequence=235.036801
[plan] step=124 node=N26503 type=control1 q_typed_reliable_context=2.405748 sequence=237.442549
[plan] step=125 node=N27356 type=control1 q_typed_reliable_context=1.931918 sequence=239.374467
[plan] step=126 node=N27366 type=control1 q_typed_reliable_context=1.703262 sequence=241.077729
[plan] step=127 node=N29495 type=control1 q_typed_reliable_context=3.347151 sequence=244.424879
[plan] step=128 node=N12208 type=control0 q_typed_reliable_context=1.583417 sequence=246.008296
[plan] step=129 node=N18750 type=control0 q_typed_reliable_context=1.962785 sequence=247.971081
[plan] step=130 node=N18699 type=control0 q_typed_reliable_context=1.922232 sequence=249.893313
[plan] step=131 node=N18063 type=control0 q_typed_reliable_context=1.973768 sequence=251.867081
[plan] step=132 node=N12385 type=control0 q_typed_reliable_context=1.878350 sequence=253.745432
[plan] step=133 node=N12401 type=control0 q_typed_reliable_context=1.859129 sequence=255.604561
[plan] step=134 node=N12404 type=control0 q_typed_reliable_context=2.071521 sequence=257.676082
[plan] step=135 node=N12417 type=control0 q_typed_reliable_context=1.659146 sequence=259.335228
[plan] step=136 node=N12433 type=control0 q_typed_reliable_context=1.866395 sequence=261.201622
[plan] step=137 node=N12448 type=control0 q_typed_reliable_context=2.181111 sequence=263.382734
[plan] step=138 node=N12464 type=control0 q_typed_reliable_context=1.980658 sequence=265.363392
[plan] step=139 node=N12369 type=control0 q_typed_reliable_context=2.761003 sequence=268.124395
[plan] step=140 node=N12611 type=control0 q_typed_reliable_context=2.760395 sequence=270.884790
[plan] step=141 node=N12351 type=control0 q_typed_reliable_context=3.117164 sequence=274.001955
[plan] step=142 node=N12569 type=control0 q_typed_reliable_context=3.245651 sequence=277.247606
[plan] step=143 node=N27349 type=control1 q_typed_reliable_context=2.157706 sequence=279.405312
[plan] step=144 node=N27351 type=control1 q_typed_reliable_context=1.664817 sequence=281.070129
[plan] step=145 node=N14047 type=control1 q_typed_reliable_context=1.683695 sequence=282.753824
[plan] step=146 node=N27357 type=control1 q_typed_reliable_context=2.430800 sequence=285.184624
[plan] step=147 node=N27361 type=control1 q_typed_reliable_context=2.232241 sequence=287.416865
[plan] step=148 node=N27359 type=control1 q_typed_reliable_context=2.064326 sequence=289.481190
[plan] step=149 node=N7645 type=control0 q_typed_reliable_context=2.973182 sequence=292.454372
[plan] step=150 node=N26517 type=control1 q_typed_reliable_context=1.560521 sequence=294.014893
[plan] step=151 node=N7643 type=control0 q_typed_reliable_context=1.732843 sequence=295.747736
[plan] step=152 node=N18765 type=control0 q_typed_reliable_context=1.009980 sequence=296.757717
[plan] step=153 node=N19511 type=observe q_typed_reliable_context=1.543750 sequence=298.301467
[plan] step=154 node=N13615 type=control0 q_typed_reliable_context=1.541076 sequence=299.842543
[plan] step=155 node=N7067 type=control0 q_typed_reliable_context=2.612448 sequence=302.454991
[plan] step=156 node=N7083 type=control0 q_typed_reliable_context=3.247326 sequence=305.702317
[plan] step=157 node=N7115 type=control0 q_typed_reliable_context=2.733784 sequence=308.436100
[plan] step=158 node=N7131 type=control0 q_typed_reliable_context=2.641799 sequence=311.077899
[plan] step=159 node=N12570 type=control0 q_typed_reliable_context=2.628688 sequence=313.706587
[plan] step=160 node=N12604 type=control0 q_typed_reliable_context=2.737709 sequence=316.444296
[plan] step=161 node=N12706 type=control0 q_typed_reliable_context=2.876062 sequence=319.320359
[plan] step=162 node=N12740 type=control0 q_typed_reliable_context=3.040807 sequence=322.361165
[plan] step=163 node=N13613 type=control0 q_typed_reliable_context=1.027278 sequence=323.388443
[plan] step=164 node=N18563 type=observe q_typed_reliable_context=0.630849 sequence=324.019292
[plan] step=165 node=N29398 type=control1 q_typed_reliable_context=1.084714 sequence=325.104006
[plan] step=166 node=N18548 type=observe q_typed_reliable_context=0.837285 sequence=325.941291
[plan] step=167 node=N18037 type=control0 q_typed_reliable_context=0.683370 sequence=326.624660
[plan] step=168 node=N18085 type=control0 q_typed_reliable_context=0.450998 sequence=327.075659
[plan] step=169 node=N7310 type=control0 q_typed_reliable_context=3.730608 sequence=330.806267
[plan] step=170 node=N12739 type=control0 q_typed_reliable_context=0.453690 sequence=331.259957
[plan] step=171 node=N12674 type=control0 q_typed_reliable_context=0.481539 sequence=331.741496
[plan] step=172 node=N12323 type=observe q_typed_reliable_context=0.582758 sequence=332.324254
[plan] step=173 node=N18128 type=control0 q_typed_reliable_context=0.961921 sequence=333.286175
[plan] step=174 node=N18097 type=control0 q_typed_reliable_context=0.568912 sequence=333.855088
[plan] step=175 node=N18314 type=control0 q_typed_reliable_context=1.245501 sequence=335.100589
[plan] step=176 node=N18414 type=control0 q_typed_reliable_context=1.231365 sequence=336.331954
[plan] step=177 node=N7177 type=control0 q_typed_reliable_context=2.142442 sequence=338.474396
[plan] step=178 node=N7225 type=control0 q_typed_reliable_context=1.965524 sequence=340.439920
[plan] step=179 node=N7268 type=control0 q_typed_reliable_context=3.067647 sequence=343.507567
[plan] step=180 node=N29406 type=control1 q_typed_reliable_context=3.030449 sequence=346.538016
[plan] step=181 node=N12671 type=control0 q_typed_reliable_context=2.860132 sequence=349.398148
[plan] step=182 node=N12232 type=control0 q_typed_reliable_context=1.160552 sequence=350.558700
[plan] step=183 node=N12248 type=control0 q_typed_reliable_context=3.269149 sequence=353.827849
[plan] step=184 node=N12280 type=control0 q_typed_reliable_context=3.023084 sequence=356.850933
[plan] step=185 node=N12312 type=control0 q_typed_reliable_context=1.846026 sequence=358.696959
[plan] step=186 node=N12328 type=control0 q_typed_reliable_context=1.433248 sequence=360.130208
[plan] step=187 node=N7151 type=control0 q_typed_reliable_context=1.335884 sequence=361.466092
[plan] step=188 node=N7199 type=control0 q_typed_reliable_context=1.841214 sequence=363.307306
[plan] step=189 node=N7218 type=control0 q_typed_reliable_context=2.357195 sequence=365.664501
[plan] step=190 node=N7222 type=control0 q_typed_reliable_context=2.871268 sequence=368.535769
[plan] step=191 node=N12216 type=control0 q_typed_reliable_context=2.109095 sequence=370.644864
[plan] step=192 node=N12294 type=control0 q_typed_reliable_context=2.100372 sequence=372.745235
[plan] step=193 node=N7162 type=control0 q_typed_reliable_context=2.114111 sequence=374.859346
[plan] step=194 node=N7210 type=control0 q_typed_reliable_context=2.197017 sequence=377.056363
[plan] step=195 node=N7274 type=control0 q_typed_reliable_context=2.467992 sequence=379.524355
[plan] step=196 node=N12262 type=control0 q_typed_reliable_context=2.852686 sequence=382.377041
[plan] step=197 node=N19450 type=control0 q_typed_reliable_context=0.842920 sequence=383.219961
[plan] step=198 node=N7639 type=observe q_typed_reliable_context=0.843693 sequence=384.063654
[plan] step=199 node=N19242 type=observe q_typed_reliable_context=0.679714 sequence=384.743368
[plan] step=200 node=N18874 type=control0 q_typed_reliable_context=0.758148 sequence=385.501517
[plan] step=201 node=N7671 type=control0 q_typed_reliable_context=0.939391 sequence=386.440908
[plan] step=202 node=N18624 type=observe q_typed_reliable_context=0.848166 sequence=387.289074
[plan] step=203 node=N18590 type=observe q_typed_reliable_context=0.718356 sequence=388.007430
[plan] step=204 node=N18577 type=observe q_typed_reliable_context=0.718311 sequence=388.725741
[plan] step=205 node=N18541 type=observe q_typed_reliable_context=0.718325 sequence=389.444066
[plan] step=206 node=N13605 type=observe q_typed_reliable_context=0.681351 sequence=390.125418
[plan] step=207 node=N18557 type=observe q_typed_reliable_context=0.797261 sequence=390.922679
[plan] step=208 node=N18614 type=observe q_typed_reliable_context=0.723833 sequence=391.646512
[plan] step=209 node=N13595 type=observe q_typed_reliable_context=0.551409 sequence=392.197921
[plan] step=210 node=N13611 type=observe q_typed_reliable_context=0.551417 sequence=392.749337
[plan] step=211 node=N13591 type=observe q_typed_reliable_context=0.514363 sequence=393.263700
[plan] step=212 node=N13563 type=observe q_typed_reliable_context=0.514504 sequence=393.778205
[plan] step=213 node=N2192 type=control1 q_typed_reliable_context=1.068406 sequence=394.846610
[plan] step=214 node=N10160 type=control1 q_typed_reliable_context=1.516253 sequence=396.362863
[plan] step=215 node=N27365 type=control1 q_typed_reliable_context=1.995882 sequence=398.358745
[plan] step=216 node=N18447 type=control0 q_typed_reliable_context=0.937944 sequence=399.296688
[plan] step=217 node=N7669 type=control0 q_typed_reliable_context=0.892778 sequence=400.189466
[plan] step=218 node=N13609 type=observe q_typed_reliable_context=0.514409 sequence=400.703875
[plan] step=219 node=N18511 type=observe q_typed_reliable_context=0.551021 sequence=401.254896
[plan] step=220 node=N13534 type=observe q_typed_reliable_context=0.681248 sequence=401.936144
[plan] step=221 node=N18524 type=observe q_typed_reliable_context=0.552608 sequence=402.488752
[plan] step=222 node=N29575 type=control1 q_typed_reliable_context=1.066313 sequence=403.555065
[plan] step=223 node=N13607 type=observe q_typed_reliable_context=0.681672 sequence=404.236738
[plan] step=224 node=N31072 type=control1 q_typed_reliable_context=0.949347 sequence=405.186085
[plan] step=225 node=N13596 type=observe q_typed_reliable_context=0.681224 sequence=405.867308
[plan] step=226 node=N2041 type=control1 q_typed_reliable_context=1.026784 sequence=406.894093
[plan] step=227 node=N13589 type=observe q_typed_reliable_context=0.810893 sequence=407.704986
[plan] step=228 node=N7729 type=control1 q_typed_reliable_context=1.844779 sequence=409.549765
[plan] step=229 node=N13583 type=observe q_typed_reliable_context=0.810898 sequence=410.360663
[plan] step=230 node=N13800 type=control1 q_typed_reliable_context=0.957827 sequence=411.318490
[plan] step=231 node=N13573 type=observe q_typed_reliable_context=0.681545 sequence=412.000035
[plan] step=232 node=N2030 type=control1 q_typed_reliable_context=0.952808 sequence=412.952843
[plan] step=233 node=N8776 type=observe q_typed_reliable_context=0.681289 sequence=413.634133
[plan] step=234 node=N13208 type=observe q_typed_reliable_context=0.867379 sequence=414.501511
[plan] step=235 node=N13794 type=control1 q_typed_reliable_context=0.956610 sequence=415.458121
[plan] step=236 node=N2037 type=control1 q_typed_reliable_context=0.777406 sequence=416.235528
[plan] step=237 node=N22040 type=control1 q_typed_reliable_context=1.062841 sequence=417.298369
[plan] step=238 node=N7673 type=control0 q_typed_reliable_context=0.740014 sequence=418.038382
[plan] step=239 node=N14834 type=control0 q_typed_reliable_context=1.304649 sequence=419.343031
[plan] step=240 node=N8825 type=observe q_typed_reliable_context=0.681298 sequence=420.024329
[plan] step=241 node=N13187 type=observe q_typed_reliable_context=0.806568 sequence=420.830897
[plan] step=242 node=N8820 type=observe q_typed_reliable_context=0.754957 sequence=421.585854
[plan] step=243 node=N8778 type=observe q_typed_reliable_context=0.749424 sequence=422.335278
[plan] step=244 node=N13210 type=observe q_typed_reliable_context=0.819509 sequence=423.154787
[plan] step=245 node=N8824 type=observe q_typed_reliable_context=0.738006 sequence=423.892792
[plan] step=246 node=N8823 type=observe q_typed_reliable_context=0.718325 sequence=424.611118
[plan] step=247 node=N8833 type=observe q_typed_reliable_context=0.718332 sequence=425.329450
[plan] step=248 node=N8836 type=observe q_typed_reliable_context=0.718330 sequence=426.047780
[plan] step=249 node=N13617 type=control0 q_typed_reliable_context=0.194896 sequence=426.242676
[plan] step=250 node=N27560 type=control0 q_typed_reliable_context=1.123796 sequence=427.366472
[plan] step=251 node=N27566 type=control0 q_typed_reliable_context=1.302667 sequence=428.669139
[plan] step=252 node=N27570 type=control0 q_typed_reliable_context=1.454290 sequence=430.123428
[plan] step=253 node=N27572 type=control0 q_typed_reliable_context=1.502447 sequence=431.625876
[plan] step=254 node=N27568 type=control0 q_typed_reliable_context=2.137792 sequence=433.763668
[plan] step=255 node=N27562 type=control0 q_typed_reliable_context=1.976549 sequence=435.740216
[plan] step=256 node=N2898 type=control0 q_typed_reliable_context=0.689053 sequence=436.429269
[plan] step=257 node=N8821 type=observe q_typed_reliable_context=0.677274 sequence=437.106543
[plan] step=258 node=N7712 type=control1 q_typed_reliable_context=1.139845 sequence=438.246388
[plan] step=259 node=N8811 type=observe q_typed_reliable_context=0.681259 sequence=438.927647
[plan] step=260 node=N8812 type=observe q_typed_reliable_context=0.718332 sequence=439.645979
[plan] step=261 node=N8810 type=observe q_typed_reliable_context=0.718322 sequence=440.364301
[plan] step=262 node=N8809 type=observe q_typed_reliable_context=0.718324 sequence=441.082625
[plan] step=263 node=N8808 type=observe q_typed_reliable_context=0.718326 sequence=441.800951
[plan] step=264 node=N8774 type=observe q_typed_reliable_context=0.761655 sequence=442.562606
[plan] step=265 node=N28737 type=control0 q_typed_reliable_context=0.287169 sequence=442.849774
[plan] step=266 node=N8764 type=observe q_typed_reliable_context=0.728115 sequence=443.577890
[plan] step=267 node=N19478 type=observe q_typed_reliable_context=0.720921 sequence=444.298810
[plan] step=268 node=N19475 type=observe q_typed_reliable_context=0.703877 sequence=445.002687
[plan] step=269 node=N20280 type=control0 q_typed_reliable_context=0.268109 sequence=445.270796
[plan] step=270 node=N26507 type=control1 q_typed_reliable_context=0.840278 sequence=446.111074
[plan] step=271 node=N19473 type=observe q_typed_reliable_context=0.739870 sequence=446.850943
[plan] step=272 node=N19472 type=observe q_typed_reliable_context=0.736354 sequence=447.587298
[plan] step=273 node=N19470 type=observe q_typed_reliable_context=0.731266 sequence=448.318563
[plan] step=274 node=N19469 type=observe q_typed_reliable_context=0.677338 sequence=448.995902
[plan] step=275 node=N3964 type=control0 q_typed_reliable_context=0.292219 sequence=449.288121
[plan] step=276 node=N19466 type=observe q_typed_reliable_context=0.701311 sequence=449.989432
[plan] step=277 node=N13785 type=control1 q_typed_reliable_context=0.885371 sequence=450.874803
[plan] step=278 node=N13581 type=observe q_typed_reliable_context=0.676860 sequence=451.551663
[plan] step=279 node=N19467 type=observe q_typed_reliable_context=0.689572 sequence=452.241235
[plan] step=280 node=N7727 type=control1 q_typed_reliable_context=0.816149 sequence=453.057384
[plan] step=281 node=N8611 type=control0 q_typed_reliable_context=0.712313 sequence=453.769696
[plan] step=282 node=N19465 type=observe q_typed_reliable_context=0.687429 sequence=454.457125
[plan] step=283 node=N13801 type=control1 q_typed_reliable_context=0.718426 sequence=455.175552
[plan] step=284 node=N19441 type=observe q_typed_reliable_context=0.891191 sequence=456.066743
[plan] step=285 node=N19463 type=observe q_typed_reliable_context=0.843774 sequence=456.910517
[plan] step=286 node=N2078 type=control1 q_typed_reliable_context=0.807649 sequence=457.718166
[plan] step=287 node=N2036 type=control1 q_typed_reliable_context=0.787508 sequence=458.505673
[plan] step=288 node=N7411 type=observe q_typed_reliable_context=0.735672 sequence=459.241345
[plan] step=289 node=N19461 type=observe q_typed_reliable_context=0.709203 sequence=459.950549
[plan] step=290 node=N19460 type=observe q_typed_reliable_context=0.718338 sequence=460.668886
[plan] step=291 node=N19458 type=observe q_typed_reliable_context=0.718336 sequence=461.387223
[plan] step=292 node=N19457 type=observe q_typed_reliable_context=0.718336 sequence=462.105558
[plan] step=293 node=N19456 type=observe q_typed_reliable_context=0.718335 sequence=462.823893
[plan] step=294 node=N19454 type=observe q_typed_reliable_context=0.716061 sequence=463.539954
[plan] step=295 node=N19451 type=observe q_typed_reliable_context=0.713695 sequence=464.253649
[plan] step=296 node=N19452 type=observe q_typed_reliable_context=0.717375 sequence=464.971024
[plan] step=297 node=N19448 type=observe q_typed_reliable_context=0.640080 sequence=465.611104
[plan] step=298 node=N19449 type=observe q_typed_reliable_context=0.675271 sequence=466.286375
[plan] step=299 node=N24568 type=control0 q_typed_reliable_context=0.571987 sequence=466.858362
[plan] step=300 node=N7726 type=control1 q_typed_reliable_context=0.930507 sequence=467.788868
[plan] step=301 node=N13552 type=observe q_typed_reliable_context=0.714849 sequence=468.503717
[plan] step=302 node=N19447 type=observe q_typed_reliable_context=0.713635 sequence=469.217352
[plan] step=303 node=N19446 type=observe q_typed_reliable_context=0.714045 sequence=469.931397
[plan] step=304 node=N19436 type=observe q_typed_reliable_context=0.713348 sequence=470.644745
[plan] step=305 node=N13921 type=control1 q_typed_reliable_context=0.711586 sequence=471.356331
[plan] step=306 node=N18802 type=observe q_typed_reliable_context=0.708034 sequence=472.064365
[plan] step=307 node=N18799 type=observe q_typed_reliable_context=0.703935 sequence=472.768301
[plan] step=308 node=N18492 type=observe q_typed_reliable_context=0.700355 sequence=473.468656
[plan] step=309 node=N13545 type=observe q_typed_reliable_context=0.695503 sequence=474.164158
[plan] step=310 node=N18796 type=observe q_typed_reliable_context=0.693675 sequence=474.857834
[plan] step=311 node=N18792 type=observe q_typed_reliable_context=0.691692 sequence=475.549525
[plan] step=312 node=N13559 type=observe q_typed_reliable_context=0.689315 sequence=476.238841
[plan] step=313 node=N13548 type=observe q_typed_reliable_context=0.698968 sequence=476.937809
[plan] step=314 node=N13543 type=observe q_typed_reliable_context=0.697624 sequence=477.635433
[plan] step=315 node=N13532 type=observe q_typed_reliable_context=0.722781 sequence=478.358214
[plan] step=316 node=N30921 type=control0 q_typed_reliable_context=0.295102 sequence=478.653316
[plan] step=317 node=N7766 type=control1 q_typed_reliable_context=0.718217 sequence=479.371534
[plan] step=318 node=N13531 type=observe q_typed_reliable_context=0.704540 sequence=480.076074
[plan] step=319 node=N13757 type=observe q_typed_reliable_context=0.710140 sequence=480.786214
[plan] step=320 node=N13693 type=observe q_typed_reliable_context=0.714763 sequence=481.500977
[plan] step=321 node=N2076 type=control1 q_typed_reliable_context=0.718398 sequence=482.219375
[plan] step=322 node=N13695 type=observe q_typed_reliable_context=0.703554 sequence=482.922929
[plan] step=323 node=N13697 type=observe q_typed_reliable_context=0.706761 sequence=483.629690
[plan] step=324 node=N13511 type=observe q_typed_reliable_context=0.703267 sequence=484.332957
[plan] step=325 node=N13836 type=control1 q_typed_reliable_context=0.453087 sequence=484.786045
[plan] step=326 node=N13731 type=observe q_typed_reliable_context=0.702021 sequence=485.488066
[plan] step=327 node=N13699 type=observe q_typed_reliable_context=0.715598 sequence=486.203664
[plan] step=328 node=N13733 type=observe q_typed_reliable_context=0.713821 sequence=486.917485
[plan] step=329 node=N13735 type=observe q_typed_reliable_context=0.713890 sequence=487.631375
[plan] step=330 node=N13737 type=observe q_typed_reliable_context=0.712225 sequence=488.343600
[plan] step=331 node=N13739 type=observe q_typed_reliable_context=0.706690 sequence=489.050290
[plan] step=332 node=N13741 type=observe q_typed_reliable_context=0.699219 sequence=489.749509
[plan] step=333 node=N13506 type=observe q_typed_reliable_context=0.700691 sequence=490.450199
[plan] step=334 node=N13500 type=observe q_typed_reliable_context=0.690849 sequence=491.141048
[plan] step=335 node=N13499 type=observe q_typed_reliable_context=0.678543 sequence=491.819591
[plan] step=336 node=N13497 type=observe q_typed_reliable_context=0.669246 sequence=492.488837
[plan] step=337 node=N30922 type=control0 q_typed_reliable_context=0.300123 sequence=492.788960
[plan] step=338 node=N2029 type=control1 q_typed_reliable_context=0.788759 sequence=493.577719
[plan] step=339 node=N13749 type=observe q_typed_reliable_context=0.680692 sequence=494.258411
[plan] step=340 node=N13495 type=observe q_typed_reliable_context=0.716999 sequence=494.975410
[plan] step=341 node=N13488 type=observe q_typed_reliable_context=0.728664 sequence=495.704074
[plan] step=342 node=N2074 type=control1 q_typed_reliable_context=0.747043 sequence=496.451118
[plan] step=343 node=N30934 type=control0 q_typed_reliable_context=0.683008 sequence=497.134126
[plan] step=344 node=N1986 type=control1 q_typed_reliable_context=0.728316 sequence=497.862442
[plan] step=345 node=N30924 type=control0 q_typed_reliable_context=0.770175 sequence=498.632617
[plan] step=346 node=N13703 type=observe q_typed_reliable_context=1.024044 sequence=499.656661
[plan] step=347 node=N30925 type=control0 q_typed_reliable_context=0.963245 sequence=500.619907
[plan] step=348 node=N30926 type=control0 q_typed_reliable_context=0.745453 sequence=501.365360
[plan] step=349 node=N13701 type=observe q_typed_reliable_context=0.919726 sequence=502.285086
[plan] step=350 node=N30927 type=control0 q_typed_reliable_context=1.045354 sequence=503.330439
[plan] step=351 node=N30928 type=control0 q_typed_reliable_context=0.964543 sequence=504.294982
[plan] step=352 node=N30929 type=control0 q_typed_reliable_context=0.883674 sequence=505.178656
[plan] step=353 node=N1987 type=control1 q_typed_reliable_context=1.073886 sequence=506.252542
[plan] step=354 node=N27364 type=control1 q_typed_reliable_context=1.266904 sequence=507.519446
[plan] step=355 node=N7711 type=control1 q_typed_reliable_context=1.410245 sequence=508.929691
[plan] step=356 node=N30930 type=control0 q_typed_reliable_context=0.902647 sequence=509.832337
[plan] step=357 node=N30931 type=control0 q_typed_reliable_context=0.825875 sequence=510.658213
[plan] step=358 node=N7690 type=control1 q_typed_reliable_context=0.884149 sequence=511.542361
[plan] step=359 node=N30932 type=control0 q_typed_reliable_context=0.792789 sequence=512.335150
[plan] step=360 node=N13747 type=observe q_typed_reliable_context=0.784537 sequence=513.119687
[plan] step=361 node=N30933 type=control0 q_typed_reliable_context=0.803742 sequence=513.923429
[plan] step=362 node=N19358 type=control1 q_typed_reliable_context=1.156470 sequence=515.079899
[plan] step=363 node=N31044 type=control0 q_typed_reliable_context=0.902077 sequence=515.981977
[plan] step=364 node=N13745 type=observe q_typed_reliable_context=0.718560 sequence=516.700537
[plan] step=365 node=N7721 type=control1 q_typed_reliable_context=0.845527 sequence=517.546063
[plan] step=366 node=N7521 type=observe q_typed_reliable_context=0.900209 sequence=518.446272
[plan] step=367 node=N29390 type=control0 q_typed_reliable_context=0.776133 sequence=519.222405
[plan] step=368 node=N13797 type=control1 q_typed_reliable_context=0.838201 sequence=520.060606
[plan] step=369 node=N7469 type=observe q_typed_reliable_context=0.796507 sequence=520.857113
[plan] step=370 node=N7765 type=control1 q_typed_reliable_context=0.748347 sequence=521.605461
[plan] step=371 node=N7507 type=observe q_typed_reliable_context=0.788944 sequence=522.394405
[plan] step=372 node=N2025 type=control1 q_typed_reliable_context=0.661067 sequence=523.055472
[plan] step=373 node=N7455 type=observe q_typed_reliable_context=0.788697 sequence=523.844169
[plan] step=374 node=N7759 type=control1 q_typed_reliable_context=0.754466 sequence=524.598636
[plan] step=375 node=N13837 type=control1 q_typed_reliable_context=0.764473 sequence=525.363108
[plan] step=376 node=N13743 type=observe q_typed_reliable_context=0.758230 sequence=526.121339
[plan] step=377 node=N13729 type=observe q_typed_reliable_context=0.804428 sequence=526.925767
[plan] step=378 node=N13727 type=observe q_typed_reliable_context=0.772943 sequence=527.698710
[plan] step=379 node=N13725 type=observe q_typed_reliable_context=0.764310 sequence=528.463019
[plan] step=380 node=N9041 type=observe q_typed_reliable_context=1.145780 sequence=529.608800
[plan] step=381 node=N7692 type=observe q_typed_reliable_context=2.304518 sequence=531.913317
[plan] step=382 node=N13723 type=observe q_typed_reliable_context=0.682948 sequence=532.596266
[plan] step=383 node=N29498 type=control1 q_typed_reliable_context=0.848531 sequence=533.444797
[plan] step=384 node=N2891 type=observe q_typed_reliable_context=0.816683 sequence=534.261480
[plan] step=385 node=N3957 type=observe q_typed_reliable_context=1.000095 sequence=535.261574
[plan] step=386 node=N7718 type=control1 q_typed_reliable_context=1.122352 sequence=536.383927
[plan] step=387 node=N7725 type=control1 q_typed_reliable_context=1.195155 sequence=537.579082
[plan] step=388 node=N13721 type=observe q_typed_reliable_context=1.074840 sequence=538.653921
[plan] step=389 node=N1982 type=observe q_typed_reliable_context=1.825901 sequence=540.479822
[plan] step=390 node=N13719 type=observe q_typed_reliable_context=1.792971 sequence=542.272793
[plan] step=391 node=N13717 type=observe q_typed_reliable_context=2.027965 sequence=544.300758
[plan] step=392 node=N13715 type=observe q_typed_reliable_context=2.028656 sequence=546.329414
[plan] step=393 node=N13713 type=observe q_typed_reliable_context=2.022909 sequence=548.352323
[plan] step=394 node=N13711 type=observe q_typed_reliable_context=2.073785 sequence=550.426108
[plan] step=395 node=N13709 type=observe q_typed_reliable_context=1.973249 sequence=552.399357
[plan] step=396 node=N13707 type=observe q_typed_reliable_context=1.782276 sequence=554.181633
[plan] step=397 node=N13705 type=observe q_typed_reliable_context=1.845501 sequence=556.027134
[plan] step=398 node=N13066 type=observe q_typed_reliable_context=1.894872 sequence=557.922006
[plan] step=399 node=N13064 type=observe q_typed_reliable_context=1.835612 sequence=559.757618
[plan] step=400 node=N13062 type=observe q_typed_reliable_context=1.866002 sequence=561.623620
[plan] step=401 node=N13060 type=observe q_typed_reliable_context=1.667843 sequence=563.291463
[plan] step=402 node=N12421 type=observe q_typed_reliable_context=1.176846 sequence=564.468309
[plan] step=403 node=N12615 type=observe q_typed_reliable_context=1.261819 sequence=565.730129
[plan] step=404 node=N14009 type=observe q_typed_reliable_context=1.602151 sequence=567.332280
[plan] step=405 node=N7285 type=observe q_typed_reliable_context=1.082962 sequence=568.415242
[plan] step=406 node=N12307 type=observe q_typed_reliable_context=1.090672 sequence=569.505914
[plan] step=407 node=N12335 type=observe q_typed_reliable_context=0.993049 sequence=570.498963
[plan] step=408 node=N18620 type=observe q_typed_reliable_context=0.977832 sequence=571.476795
[plan] step=409 node=N7633 type=observe q_typed_reliable_context=1.086477 sequence=572.563272
[plan] step=410 node=N18718 type=observe q_typed_reliable_context=1.062801 sequence=573.626073
[plan] step=411 node=N18514 type=observe q_typed_reliable_context=1.002757 sequence=574.628830
[plan] step=412 node=N18329 type=observe q_typed_reliable_context=1.036486 sequence=575.665316
[plan] step=413 node=N2038 type=control1 q_typed_reliable_context=1.140389 sequence=576.805705
[plan] step=414 node=N12637 type=observe q_typed_reliable_context=1.189068 sequence=577.994773
[plan] step=415 node=N12641 type=observe q_typed_reliable_context=1.092129 sequence=579.086902
[plan] step=416 node=N27564 type=control0 q_typed_reliable_context=1.499826 sequence=580.586728
[plan] step=417 node=N27574 type=control0 q_typed_reliable_context=1.884443 sequence=582.471171
[plan] step=418 node=N27576 type=control0 q_typed_reliable_context=1.936907 sequence=584.408078
[plan] step=419 node=N27585 type=control0 q_typed_reliable_context=2.212098 sequence=586.620176
[plan] step=420 node=N27589 type=control0 q_typed_reliable_context=1.859066 sequence=588.479242
[plan] step=421 node=N18034 type=observe q_typed_reliable_context=1.105731 sequence=589.584973
[plan] step=422 node=N9505 type=observe q_typed_reliable_context=1.107925 sequence=590.692898
[plan] step=423 node=N13907 type=control1 q_typed_reliable_context=0.927633 sequence=591.620531
[plan] step=424 node=N18788 type=observe q_typed_reliable_context=0.998394 sequence=592.618925
[plan] step=425 node=N9513 type=observe q_typed_reliable_context=1.083047 sequence=593.701971
[plan] step=426 node=N5882 type=observe q_typed_reliable_context=1.122841 sequence=594.824812
[plan] step=427 node=N5906 type=observe q_typed_reliable_context=0.950918 sequence=595.775730
[plan] step=428 node=N5930 type=observe q_typed_reliable_context=0.867644 sequence=596.643373
[plan] step=429 node=N5954 type=observe q_typed_reliable_context=0.831139 sequence=597.474512
[plan] step=430 node=N5978 type=observe q_typed_reliable_context=0.797002 sequence=598.271514
[plan] step=431 node=N26792 type=control0 q_typed_reliable_context=1.365702 sequence=599.637217
[plan] step=432 node=N6002 type=observe q_typed_reliable_context=0.887426 sequence=600.524643
[plan] step=433 node=N26771 type=control0 q_typed_reliable_context=1.422048 sequence=601.946691
[plan] step=434 node=N13919 type=control1 q_typed_reliable_context=1.031254 sequence=602.977946
[plan] step=435 node=N14901 type=control1 q_typed_reliable_context=1.384841 sequence=604.362787
[plan] step=436 node=N13901 type=control1 q_typed_reliable_context=0.965356 sequence=605.328143
[plan] step=437 node=N26773 type=control0 q_typed_reliable_context=1.539706 sequence=606.867849
[plan] step=438 node=N7445 type=observe q_typed_reliable_context=0.988053 sequence=607.855902
[plan] step=439 node=N26775 type=control0 q_typed_reliable_context=1.483417 sequence=609.339319
[plan] step=440 node=N12607 type=observe q_typed_reliable_context=0.895470 sequence=610.234789
[plan] step=441 node=N13516 type=observe q_typed_reliable_context=0.827406 sequence=611.062194
[plan] step=442 node=N13528 type=observe q_typed_reliable_context=0.997598 sequence=612.059792
[plan] step=443 node=N29409 type=control1 q_typed_reliable_context=0.900366 sequence=612.960159
[plan] step=444 node=N26782 type=control0 q_typed_reliable_context=1.396253 sequence=614.356412
[plan] step=445 node=N26784 type=control0 q_typed_reliable_context=1.767570 sequence=616.123982
[plan] step=446 node=N26786 type=control0 q_typed_reliable_context=2.993372 sequence=619.117354
[plan] step=447 node=N7270 type=observe q_typed_reliable_context=0.842806 sequence=619.960160
[plan] step=448 node=N26788 type=control0 q_typed_reliable_context=1.825537 sequence=621.785697
[plan] step=449 node=N18532 type=observe q_typed_reliable_context=0.927390 sequence=622.713087
[plan] step=450 node=N31090 type=control1 q_typed_reliable_context=0.855383 sequence=623.568470
[plan] step=451 node=N26794 type=control0 q_typed_reliable_context=1.511572 sequence=625.080042
[plan] step=452 node=N26790 type=control0 q_typed_reliable_context=1.752513 sequence=626.832556
[plan] step=453 node=N26796 type=control0 q_typed_reliable_context=1.651140 sequence=628.483696
[plan] step=454 node=N27551 type=control0 q_typed_reliable_context=1.542366 sequence=630.026062
[plan] step=455 node=N5858 type=observe q_typed_reliable_context=0.835745 sequence=630.861806
[plan] step=456 node=N29408 type=control1 q_typed_reliable_context=0.957506 sequence=631.819313
[plan] step=457 node=N15376 type=observe q_typed_reliable_context=0.947379 sequence=632.766692
[plan] step=458 node=N13911 type=control1 q_typed_reliable_context=0.781863 sequence=633.548555
[plan] step=459 node=N26654 type=control0 q_typed_reliable_context=2.387440 sequence=635.935996
[plan] step=460 node=N12465 type=observe q_typed_reliable_context=0.894906 sequence=636.830902
[plan] step=461 node=N19443 type=observe q_typed_reliable_context=1.062353 sequence=637.893254
[plan] step=462 node=N9514 type=observe q_typed_reliable_context=1.020558 sequence=638.913813
[plan] step=463 node=N12447 type=observe q_typed_reliable_context=0.801881 sequence=639.715693
[plan] step=464 node=N12399 type=observe q_typed_reliable_context=0.761491 sequence=640.477184
[plan] step=465 node=N12368 type=observe q_typed_reliable_context=0.772570 sequence=641.249754
[plan] step=466 node=N12325 type=observe q_typed_reliable_context=0.808830 sequence=642.058584
[plan] step=467 node=N12309 type=observe q_typed_reliable_context=0.827182 sequence=642.885765
[plan] step=468 node=N19439 type=observe q_typed_reliable_context=0.902461 sequence=643.788227
[plan] step=469 node=N31077 type=control1 q_typed_reliable_context=0.751868 sequence=644.540095
[plan] step=470 node=N1990 type=control1 q_typed_reliable_context=1.239184 sequence=645.779278
[plan] step=471 node=N13930 type=control1 q_typed_reliable_context=0.878778 sequence=646.658057
[plan] step=472 node=N15372 type=observe q_typed_reliable_context=1.044095 sequence=647.702151
[plan] step=473 node=N8903 type=observe q_typed_reliable_context=0.984674 sequence=648.686826
[plan] step=474 node=N8144 type=observe q_typed_reliable_context=0.963291 sequence=649.650117
[plan] step=475 node=N13788 type=control1 q_typed_reliable_context=1.376550 sequence=651.026667
[plan] step=476 node=N19162 type=observe q_typed_reliable_context=0.934992 sequence=651.961659
[plan] step=477 node=N5157 type=observe q_typed_reliable_context=0.727407 sequence=652.689066
[plan] step=478 node=N3776 type=observe q_typed_reliable_context=0.851817 sequence=653.540883
[plan] step=479 node=N2023 type=control1 q_typed_reliable_context=1.215319 sequence=654.756202
[plan] step=480 node=N3880 type=observe q_typed_reliable_context=1.199088 sequence=655.955290
[plan] step=481 node=N13076 type=observe q_typed_reliable_context=0.668748 sequence=656.624038
[plan] step=482 node=N31075 type=control1 q_typed_reliable_context=0.689861 sequence=657.313899
[plan] step=483 node=N31073 type=control1 q_typed_reliable_context=0.707209 sequence=658.021109
[plan] step=484 node=N29579 type=control1 q_typed_reliable_context=0.731019 sequence=658.752127
[plan] step=485 node=N20546 type=control1 q_typed_reliable_context=0.741799 sequence=659.493926
[plan] step=486 node=N14880 type=control1 q_typed_reliable_context=1.139330 sequence=660.633257
[plan] step=487 node=N1989 type=control1 q_typed_reliable_context=1.363482 sequence=661.996739
[plan] step=488 node=N18364 type=observe q_typed_reliable_context=0.794279 sequence=662.791018
[plan] step=489 node=N19835 type=observe q_typed_reliable_context=0.764014 sequence=663.555031
[plan] step=490 node=N18877 type=observe q_typed_reliable_context=0.800023 sequence=664.355054
[plan] step=491 node=N12709 type=observe q_typed_reliable_context=0.693887 sequence=665.048941
[plan] step=492 node=N12293 type=observe q_typed_reliable_context=0.703601 sequence=665.752542
[plan] step=493 node=N19231 type=observe q_typed_reliable_context=0.691645 sequence=666.444186
[plan] step=494 node=N19314 type=observe q_typed_reliable_context=0.939543 sequence=667.383729
[plan] step=495 node=N19221 type=observe q_typed_reliable_context=0.720041 sequence=668.103770
[plan] step=496 node=N12453 type=observe q_typed_reliable_context=0.701116 sequence=668.804886
[plan] step=497 node=N9610 type=observe q_typed_reliable_context=0.787551 sequence=669.592437
[plan] step=498 node=N12581 type=observe q_typed_reliable_context=0.829913 sequence=670.422350
[plan] step=499 node=N7537 type=observe q_typed_reliable_context=0.742452 sequence=671.164801
[plan] step=500 node=N12291 type=observe q_typed_reliable_context=0.718671 sequence=671.883473
[plan] step=501 node=N7333 type=observe q_typed_reliable_context=0.706460 sequence=672.589933
[plan] step=502 node=N19878 type=observe q_typed_reliable_context=0.698594 sequence=673.288527
[plan] step=503 node=N16818 type=control1 q_typed_reliable_context=0.751295 sequence=674.039822
[plan] step=504 node=N13889 type=control1 q_typed_reliable_context=0.841227 sequence=674.881049
[plan] step=505 node=N30923 type=control0 q_typed_reliable_context=0.714807 sequence=675.595856
[plan] step=506 node=N7716 type=control1 q_typed_reliable_context=0.980637 sequence=676.576494
[plan] step=507 node=N13904 type=control1 q_typed_reliable_context=1.204708 sequence=677.781202
[plan] step=508 node=N13791 type=control1 q_typed_reliable_context=1.409607 sequence=679.190809
[plan] step=509 node=N12332 type=observe q_typed_reliable_context=0.692842 sequence=679.883651
[plan] step=510 node=N2696 type=observe q_typed_reliable_context=0.985425 sequence=680.869076
[plan] step=511 node=N18537 type=observe q_typed_reliable_context=0.816242 sequence=681.685318
[plan] step=512 node=N18645 type=observe q_typed_reliable_context=0.711454 sequence=682.396772
[plan] step=513 node=N7925 type=observe q_typed_reliable_context=0.898605 sequence=683.295377
[plan] step=514 node=N13913 type=control1 q_typed_reliable_context=0.717436 sequence=684.012812
[plan] step=515 node=N2247 type=observe q_typed_reliable_context=1.017134 sequence=685.029947
[plan] step=516 node=N7636 type=observe q_typed_reliable_context=0.953465 sequence=685.983411
[plan] step=517 node=N16588 type=control1 q_typed_reliable_context=0.861995 sequence=686.845406
[plan] step=518 node=N12463 type=observe q_typed_reliable_context=0.793565 sequence=687.638971
[plan] step=519 node=N12277 type=observe q_typed_reliable_context=0.804358 sequence=688.443329
[plan] step=520 node=N19864 type=observe q_typed_reliable_context=0.774378 sequence=689.217707
[plan] step=521 node=N2698 type=observe q_typed_reliable_context=0.758067 sequence=689.975773
[plan] step=522 node=N19442 type=observe q_typed_reliable_context=0.932733 sequence=690.908506
[plan] step=523 node=N12229 type=observe q_typed_reliable_context=0.550809 sequence=691.459315
[plan] step=524 node=N12214 type=observe q_typed_reliable_context=0.594110 sequence=692.053425
[plan] step=525 node=N26769 type=control0 q_typed_reliable_context=0.483116 sequence=692.536540
[plan] step=526 node=N27509 type=control0 q_typed_reliable_context=0.578961 sequence=693.115501
[plan] step=527 node=N13789 type=control1 q_typed_reliable_context=1.139371 sequence=694.254873
[plan] step=528 node=N14037 type=observe q_typed_reliable_context=0.646079 sequence=694.900951
[plan] step=529 node=N7929 type=observe q_typed_reliable_context=0.878605 sequence=695.779556
[plan] step=530 node=N3810 type=observe q_typed_reliable_context=0.602032 sequence=696.381588
[plan] step=531 node=N3429 type=observe q_typed_reliable_context=0.383588 sequence=696.765175
[plan] step=532 node=N3437 type=observe q_typed_reliable_context=0.463206 sequence=697.228381
[plan] step=533 node=N18906 type=control1 q_typed_reliable_context=0.493074 sequence=697.721455
[plan] step=534 node=N16014 type=control1 q_typed_reliable_context=0.644874 sequence=698.366329
[plan] step=535 node=N3323 type=observe q_typed_reliable_context=0.595592 sequence=698.961921
[plan] step=536 node=N14149 type=observe q_typed_reliable_context=0.409974 sequence=699.371895
[plan] step=537 node=N2256 type=observe q_typed_reliable_context=0.903641 sequence=700.275536
[plan] step=538 node=N9605 type=observe q_typed_reliable_context=1.006809 sequence=701.282344
[plan] step=539 node=N19440 type=observe q_typed_reliable_context=0.750059 sequence=702.032403
[plan] step=540 node=N9509 type=observe q_typed_reliable_context=0.807638 sequence=702.840041
[plan] step=541 node=N15374 type=observe q_typed_reliable_context=0.712148 sequence=703.552189
[plan] step=542 node=N19837 type=observe q_typed_reliable_context=1.059902 sequence=704.612092
[plan] step=543 node=N13153 type=observe q_typed_reliable_context=0.769826 sequence=705.381918
[plan] step=544 node=N13152 type=observe q_typed_reliable_context=0.757254 sequence=706.139171
[plan] step=545 node=N13151 type=observe q_typed_reliable_context=0.836157 sequence=706.975328
[plan] step=546 node=N7924 type=observe q_typed_reliable_context=0.822155 sequence=707.797484
[plan] step=547 node=N3829 type=observe q_typed_reliable_context=0.749514 sequence=708.546998
[plan] step=548 node=N3831 type=observe q_typed_reliable_context=0.929845 sequence=709.476843
[plan] step=549 node=N13149 type=observe q_typed_reliable_context=0.968938 sequence=710.445780
[plan] step=550 node=N9712 type=observe q_typed_reliable_context=0.894853 sequence=711.340633
[plan] step=551 node=N2693 type=observe q_typed_reliable_context=0.890719 sequence=712.231352
[plan] step=552 node=N3845 type=observe q_typed_reliable_context=0.946469 sequence=713.177821
[plan] step=553 node=N3821 type=observe q_typed_reliable_context=0.967648 sequence=714.145469
[plan] step=554 node=N3817 type=observe q_typed_reliable_context=0.983986 sequence=715.129455
[plan] step=555 node=N7944 type=observe q_typed_reliable_context=0.902512 sequence=716.031967
[plan] step=556 node=N3765 type=observe q_typed_reliable_context=0.623503 sequence=716.655470
[plan] step=557 node=N12341 type=observe q_typed_reliable_context=0.896372 sequence=717.551842
[plan] step=558 node=N19316 type=observe q_typed_reliable_context=0.977133 sequence=718.528975
[plan] step=559 node=N7548 type=observe q_typed_reliable_context=0.845958 sequence=719.374933
[plan] step=560 node=N19165 type=observe q_typed_reliable_context=0.841144 sequence=720.216077
[plan] step=561 node=N7512 type=observe q_typed_reliable_context=0.778320 sequence=720.994397
[plan] step=562 node=N12547 type=observe q_typed_reliable_context=0.999346 sequence=721.993743
[plan] step=563 node=N9645 type=observe q_typed_reliable_context=1.106476 sequence=723.100219
[plan] step=564 node=N7301 type=observe q_typed_reliable_context=0.804279 sequence=723.904497
[plan] step=565 node=N12275 type=observe q_typed_reliable_context=0.680945 sequence=724.585442
[plan] step=566 node=N12268 type=observe q_typed_reliable_context=0.685902 sequence=725.271344
[plan] step=567 node=N18488 type=observe q_typed_reliable_context=0.746777 sequence=726.018121
[plan] step=568 node=N18691 type=observe q_typed_reliable_context=0.947296 sequence=726.965417
[plan] step=569 node=N25713 type=observe q_typed_reliable_context=0.965439 sequence=727.930855
[plan] step=570 node=N13426 type=observe q_typed_reliable_context=0.800784 sequence=728.731639
[plan] step=571 node=N27250 type=observe q_typed_reliable_context=0.996216 sequence=729.727855
[plan] step=572 node=N3856 type=observe q_typed_reliable_context=0.643936 sequence=730.371791
[plan] step=573 node=N7717 type=control1 q_typed_reliable_context=0.645231 sequence=731.017022
[plan] step=574 node=N7722 type=control1 q_typed_reliable_context=1.077836 sequence=732.094859
[plan] step=575 node=N14035 type=observe q_typed_reliable_context=0.712767 sequence=732.807625
[plan] step=576 node=N9511 type=observe q_typed_reliable_context=1.064717 sequence=733.872343
[plan] step=577 node=N25756 type=observe q_typed_reliable_context=0.903074 sequence=734.775417
[plan] step=578 node=N19317 type=observe q_typed_reliable_context=1.042417 sequence=735.817834
[plan] step=579 node=N3854 type=observe q_typed_reliable_context=0.686230 sequence=736.504064
[plan] step=580 node=N12357 type=observe q_typed_reliable_context=0.926847 sequence=737.430910
[plan] step=581 node=N3386 type=observe q_typed_reliable_context=0.640911 sequence=738.071821
[plan] step=582 node=N15368 type=observe q_typed_reliable_context=0.739121 sequence=738.810942
[plan] step=583 node=N7528 type=observe q_typed_reliable_context=0.716132 sequence=739.527074
[plan] step=584 node=N12259 type=observe q_typed_reliable_context=0.715141 sequence=740.242216
[plan] step=585 node=N12255 type=observe q_typed_reliable_context=0.716275 sequence=740.958491
[plan] step=586 node=N18641 type=observe q_typed_reliable_context=0.870540 sequence=741.829031
[plan] step=587 node=N25742 type=observe q_typed_reliable_context=1.059310 sequence=742.888341
[plan] step=588 node=N9608 type=observe q_typed_reliable_context=0.802303 sequence=743.690644
[plan] step=589 node=N3319 type=observe q_typed_reliable_context=0.600403 sequence=744.291047
[plan] step=590 node=N12649 type=observe q_typed_reliable_context=0.983482 sequence=745.274529
[plan] step=591 node=N18586 type=observe q_typed_reliable_context=0.995988 sequence=746.270517
[plan] step=592 node=N2870 type=observe q_typed_reliable_context=0.996035 sequence=747.266552
[plan] step=593 node=N14666 type=observe q_typed_reliable_context=0.982896 sequence=748.249447
[plan] step=594 node=N14143 type=observe q_typed_reliable_context=0.775063 sequence=749.024511
[plan] step=595 node=N7932 type=observe q_typed_reliable_context=1.068706 sequence=750.093216
[plan] step=596 node=N19836 type=observe q_typed_reliable_context=0.971838 sequence=751.065055
[plan] step=597 node=N19318 type=observe q_typed_reliable_context=0.925084 sequence=751.990139
[plan] step=598 node=N7945 type=observe q_typed_reliable_context=0.941048 sequence=752.931187
[plan] step=599 node=N25244 type=observe q_typed_reliable_context=0.920784 sequence=753.851970
[plan] step=600 node=N12405 type=observe q_typed_reliable_context=0.939424 sequence=754.791394
[plan] step=601 node=N15565 type=observe q_typed_reliable_context=1.432471 sequence=756.223865
[plan] step=602 node=N7464 type=observe q_typed_reliable_context=0.867846 sequence=757.091711
[plan] step=603 node=N12211 type=observe q_typed_reliable_context=0.912979 sequence=758.004690
[plan] step=604 node=N7365 type=observe q_typed_reliable_context=0.922709 sequence=758.927399
[plan] step=605 node=N12223 type=observe q_typed_reliable_context=0.919860 sequence=759.847259
[plan] step=606 node=N18724 type=observe q_typed_reliable_context=0.926426 sequence=760.773685
[plan] step=607 node=N12717 type=observe q_typed_reliable_context=1.164620 sequence=761.938305
[plan] step=608 node=N16245 type=control1 q_typed_reliable_context=0.788178 sequence=762.726483
[plan] step=609 node=N14045 type=observe q_typed_reliable_context=0.746293 sequence=763.472775
[plan] step=610 node=N10955 type=observe q_typed_reliable_context=0.915919 sequence=764.388694
[plan] step=611 node=N27284 type=observe q_typed_reliable_context=0.927872 sequence=765.316567
[plan] step=612 node=N3379 type=observe q_typed_reliable_context=0.741569 sequence=766.058135
[plan] step=613 node=N18337 type=observe q_typed_reliable_context=0.827538 sequence=766.885673
[plan] step=614 node=N19324 type=observe q_typed_reliable_context=0.718305 sequence=767.603978
[plan] step=615 node=N19834 type=observe q_typed_reliable_context=0.988576 sequence=768.592554
[plan] step=616 node=N12389 type=observe q_typed_reliable_context=0.938150 sequence=769.530704
[plan] step=617 node=N12660 type=observe q_typed_reliable_context=1.225491 sequence=770.756195
[plan] step=618 node=N14041 type=observe q_typed_reliable_context=0.723910 sequence=771.480104
[plan] step=619 node=N3318 type=observe q_typed_reliable_context=0.800278 sequence=772.280382
[plan] step=620 node=N7432 type=observe q_typed_reliable_context=1.160052 sequence=773.440433
[plan] step=621 node=N9729 type=observe q_typed_reliable_context=0.426049 sequence=773.866483
[plan] step=622 node=N3793 type=observe q_typed_reliable_context=0.410294 sequence=774.276777
[plan] step=623 node=N7992 type=observe q_typed_reliable_context=0.282539 sequence=774.559315
[plan] step=624 node=N12227 type=observe q_typed_reliable_context=1.583585 sequence=776.142900
[plan] step=625 node=N8083 type=observe q_typed_reliable_context=0.164719 sequence=776.307620
[plan] step=626 node=N15369 type=observe q_typed_reliable_context=1.550574 sequence=777.858194
[plan] step=627 node=N3794 type=observe q_typed_reliable_context=0.274786 sequence=778.132980
[plan] step=628 node=N7349 type=observe q_typed_reliable_context=0.685669 sequence=778.818649
[plan] step=629 node=N12220 type=observe q_typed_reliable_context=0.877215 sequence=779.695864
[plan] step=630 node=N14137 type=observe q_typed_reliable_context=0.478684 sequence=780.174548
[plan] step=631 node=N25715 type=observe q_typed_reliable_context=0.980318 sequence=781.154866
[plan] step=632 node=N18695 type=observe q_typed_reliable_context=0.918424 sequence=782.073290
[plan] step=633 node=N12751 type=observe q_typed_reliable_context=0.986732 sequence=783.060023
[plan] step=634 node=N18325 type=observe q_typed_reliable_context=1.000575 sequence=784.060597
[plan] step=635 node=N19323 type=observe q_typed_reliable_context=0.701102 sequence=784.761699
[plan] step=636 node=N12632 type=observe q_typed_reliable_context=1.065172 sequence=785.826871
[plan] step=637 node=N7496 type=observe q_typed_reliable_context=0.733629 sequence=786.560500
[plan] step=638 node=N7397 type=observe q_typed_reliable_context=0.720756 sequence=787.281255
[plan] step=639 node=N12437 type=observe q_typed_reliable_context=0.720644 sequence=788.001899
[plan] step=640 node=N12252 type=observe q_typed_reliable_context=1.092592 sequence=789.094491
[plan] step=641 node=N12243 type=observe q_typed_reliable_context=1.084062 sequence=790.178553
[plan] step=642 node=N3805 type=observe q_typed_reliable_context=0.683617 sequence=790.862170
[plan] step=643 node=N18658 type=observe q_typed_reliable_context=1.080892 sequence=791.943062
[plan] step=644 node=N3798 type=observe q_typed_reliable_context=0.688771 sequence=792.631833
[plan] step=645 node=N14042 type=observe q_typed_reliable_context=0.670702 sequence=793.302535
[plan] step=646 node=N8121 type=observe q_typed_reliable_context=0.671724 sequence=793.974259
[plan] step=647 node=N12683 type=observe q_typed_reliable_context=1.407493 sequence=795.381752
[plan] step=648 node=N19319 type=observe q_typed_reliable_context=1.340409 sequence=796.722161
[plan] step=649 node=N29501 type=observe q_typed_reliable_context=1.456129 sequence=798.178290
[plan] step=650 node=N3371 type=observe q_typed_reliable_context=0.682056 sequence=798.860346
[plan] step=651 node=N12373 type=observe q_typed_reliable_context=1.398375 sequence=800.258721
[plan] step=652 node=N25224 type=observe q_typed_reliable_context=0.723480 sequence=800.982201
[plan] step=653 node=N25712 type=observe q_typed_reliable_context=1.261490 sequence=802.243691
[plan] step=654 node=N18354 type=observe q_typed_reliable_context=1.313347 sequence=803.557038
[plan] step=655 node=N7448 type=observe q_typed_reliable_context=1.378314 sequence=804.935352
[plan] step=656 node=N14036 type=observe q_typed_reliable_context=0.681454 sequence=805.616806
[plan] step=657 node=N14140 type=observe q_typed_reliable_context=0.625246 sequence=806.242052
[plan] step=658 node=N12625 type=observe q_typed_reliable_context=0.718975 sequence=806.961027
[plan] step=659 node=N7381 type=observe q_typed_reliable_context=0.719520 sequence=807.680547
[plan] step=660 node=N12319 type=observe q_typed_reliable_context=0.726167 sequence=808.406714
[plan] step=661 node=N19322 type=observe q_typed_reliable_context=0.931679 sequence=809.338393
[plan] step=662 node=N7480 type=observe q_typed_reliable_context=1.258348 sequence=810.596741
[plan] step=663 node=N25714 type=observe q_typed_reliable_context=1.306991 sequence=811.903732
[plan] step=664 node=N18741 type=observe q_typed_reliable_context=1.217249 sequence=813.120981
[plan] step=665 node=N12289 type=observe q_typed_reliable_context=1.215479 sequence=814.336460
[plan] step=666 node=N26464 type=observe q_typed_reliable_context=1.258092 sequence=815.594552
[plan] step=667 node=N18366 type=observe q_typed_reliable_context=1.229704 sequence=816.824256
[plan] step=668 node=N3363 type=observe q_typed_reliable_context=0.660269 sequence=817.484525
[plan] step=669 node=N13979 type=observe q_typed_reliable_context=0.657194 sequence=818.141719
[plan] step=670 node=N8133 type=observe q_typed_reliable_context=0.754673 sequence=818.896392
[plan] step=671 node=N12502 type=observe q_typed_reliable_context=1.196430 sequence=820.092822
[plan] step=672 node=N22049 type=observe q_typed_reliable_context=0.751454 sequence=820.844275
[plan] step=673 node=N12316 type=observe q_typed_reliable_context=0.718337 sequence=821.562612
[plan] step=674 node=N24576 type=observe q_typed_reliable_context=1.018158 sequence=822.580770
[plan] step=675 node=N9220 type=observe q_typed_reliable_context=0.440996 sequence=823.021766
[plan] step=676 node=N14038 type=observe q_typed_reliable_context=1.078528 sequence=824.100293
[plan] step=677 node=N15506 type=observe q_typed_reliable_context=1.821615 sequence=825.921908
[plan] step=678 node=N9218 type=observe q_typed_reliable_context=0.620283 sequence=826.542191
[plan] step=679 node=N15501 type=observe q_typed_reliable_context=1.977020 sequence=828.519211
[plan] step=680 node=N18675 type=observe q_typed_reliable_context=1.080538 sequence=829.599749
[plan] step=681 node=N19320 type=observe q_typed_reliable_context=1.304768 sequence=830.904517
[plan] step=682 node=N15518 type=observe q_typed_reliable_context=0.944347 sequence=831.848864
[plan] step=683 node=N12339 type=observe q_typed_reliable_context=0.801212 sequence=832.650076
[plan] step=684 node=N31071 type=control1 q_typed_reliable_context=1.219649 sequence=833.869725
[plan] step=685 node=N3293 type=observe q_typed_reliable_context=0.720999 sequence=834.590725
[plan] step=686 node=N12257 type=observe q_typed_reliable_context=1.096913 sequence=835.687638
[plan] step=687 node=N14142 type=observe q_typed_reliable_context=0.917823 sequence=836.605462
[plan] step=688 node=N18417 type=observe q_typed_reliable_context=1.237696 sequence=837.843157
[plan] step=689 node=N29574 type=control1 q_typed_reliable_context=0.820002 sequence=838.663159
[plan] step=690 node=N7259 type=observe q_typed_reliable_context=0.681250 sequence=839.344409
[plan] step=691 node=N12519 type=observe q_typed_reliable_context=1.082834 sequence=840.427243
[plan] step=692 node=N12355 type=observe q_typed_reliable_context=0.742746 sequence=841.169989
[plan] step=693 node=N12303 type=observe q_typed_reliable_context=0.726789 sequence=841.896777
[plan] step=694 node=N19321 type=observe q_typed_reliable_context=1.342449 sequence=843.239227
[plan] step=695 node=N3355 type=observe q_typed_reliable_context=1.353266 sequence=844.592493
[plan] step=696 node=N15510 type=observe q_typed_reliable_context=3.107354 sequence=847.699847
[plan] step=697 node=N27607 type=control1 q_typed_reliable_context=1.255856 sequence=848.955703
[plan] step=698 node=N8004 type=observe q_typed_reliable_context=4.580153 sequence=853.535856
[plan] step=699 node=N2013 type=control1 q_typed_reliable_context=2.085612 sequence=855.621468
[plan] step=700 node=N2082 type=control1 q_typed_reliable_context=0.858592 sequence=856.480060
[plan] step=701 node=N8122 type=observe q_typed_reliable_context=0.811793 sequence=857.291853
[plan] step=702 node=N7179 type=observe q_typed_reliable_context=0.625922 sequence=857.917775
[plan] step=703 node=N12273 type=observe q_typed_reliable_context=0.657667 sequence=858.575442
[plan] step=704 node=N12284 type=observe q_typed_reliable_context=0.702556 sequence=859.277998
[plan] step=705 node=N18405 type=observe q_typed_reliable_context=0.777348 sequence=860.055346
[plan] step=706 node=N6026 type=observe q_typed_reliable_context=1.778311 sequence=861.833657
[plan] step=707 node=N12513 type=observe q_typed_reliable_context=1.780648 sequence=863.614306
[plan] step=708 node=N12387 type=observe q_typed_reliable_context=1.124271 sequence=864.738577
[plan] step=709 node=N9624 type=observe q_typed_reliable_context=0.633770 sequence=865.372347
[plan] step=710 node=N3347 type=observe q_typed_reliable_context=0.548371 sequence=865.920718
[plan] step=711 node=N14141 type=observe q_typed_reliable_context=0.471575 sequence=866.392292
[plan] step=712 node=N7243 type=observe q_typed_reliable_context=0.739345 sequence=867.131637
[plan] step=713 node=N12300 type=observe q_typed_reliable_context=0.967521 sequence=868.099159
[plan] step=714 node=N18420 type=observe q_typed_reliable_context=1.142221 sequence=869.241380
[plan] step=715 node=N12209 type=observe q_typed_reliable_context=1.143856 sequence=870.385236
[plan] step=716 node=N19326 type=observe q_typed_reliable_context=2.707782 sequence=873.093017
[plan] step=717 node=N3332 type=observe q_typed_reliable_context=4.641717 sequence=877.734734
[plan] step=718 node=N8041 type=control1 q_typed_reliable_context=3.655587 sequence=881.390321
[plan] step=719 node=N8141 type=observe q_typed_reliable_context=0.811052 sequence=882.201373
[plan] step=720 node=N12587 type=observe q_typed_reliable_context=0.755918 sequence=882.957291
[plan] step=721 node=N15514 type=observe q_typed_reliable_context=0.832548 sequence=883.789838
[plan] step=722 node=N7147 type=observe q_typed_reliable_context=0.803772 sequence=884.593610
[plan] step=723 node=N12451 type=observe q_typed_reliable_context=0.786894 sequence=885.380504
[plan] step=724 node=N12287 type=observe q_typed_reliable_context=0.774838 sequence=886.155341
[plan] step=725 node=N18388 type=observe q_typed_reliable_context=0.814629 sequence=886.969970
[plan] step=726 node=N12403 type=observe q_typed_reliable_context=0.941470 sequence=887.911440
[plan] step=727 node=N12504 type=observe q_typed_reliable_context=1.609386 sequence=889.520827
[plan] step=728 node=N14139 type=observe q_typed_reliable_context=1.072224 sequence=890.593051
[plan] step=729 node=N25232 type=observe q_typed_reliable_context=5.688172 sequence=896.281223
[plan] step=730 node=N3325 type=observe q_typed_reliable_context=4.882293 sequence=901.163516
[plan] step=731 node=N8140 type=observe q_typed_reliable_context=0.773966 sequence=901.937482
[plan] step=732 node=N19244 type=observe q_typed_reliable_context=0.823266 sequence=902.760749
[plan] step=733 node=N7227 type=observe q_typed_reliable_context=0.835110 sequence=903.595859
[plan] step=734 node=N18437 type=observe q_typed_reliable_context=0.748762 sequence=904.344620
[plan] step=735 node=N15493 type=observe q_typed_reliable_context=1.201918 sequence=905.546538
[plan] step=736 node=N12371 type=observe q_typed_reliable_context=0.880886 sequence=906.427424
[plan] step=737 node=N12524 type=observe q_typed_reliable_context=1.232137 sequence=907.659561
[plan] step=738 node=N12271 type=observe q_typed_reliable_context=0.972456 sequence=908.632017
[plan] step=739 node=N7195 type=observe q_typed_reliable_context=0.779047 sequence=909.411064
[plan] step=740 node=N12239 type=observe q_typed_reliable_context=0.795781 sequence=910.206845
[plan] step=741 node=N13206 type=observe q_typed_reliable_context=0.942209 sequence=911.149055
[plan] step=742 node=N2695 type=observe q_typed_reliable_context=1.168174 sequence=912.317228
[plan] step=743 node=N19246 type=observe q_typed_reliable_context=1.201037 sequence=913.518266
[plan] step=744 node=N14138 type=observe q_typed_reliable_context=3.116623 sequence=916.634889
[plan] step=745 node=N18449 type=observe q_typed_reliable_context=1.250026 sequence=917.884914
[plan] step=746 node=N13185 type=observe q_typed_reliable_context=4.468221 sequence=922.353135
[plan] step=747 node=N31244 type=control0 q_typed_reliable_context=0.843186 sequence=923.196322
[plan] step=748 node=N16130 type=control1 q_typed_reliable_context=5.716676 sequence=928.912997
[plan] step=749 node=N27507 type=control0 q_typed_reliable_context=5.680724 sequence=934.593721
[plan] step=750 node=N29418 type=control0 q_typed_reliable_context=5.498633 sequence=940.092354
[plan] step=751 node=N31240 type=control0 q_typed_reliable_context=0.548592 sequence=940.640946
[plan] step=752 node=N29422 type=control0 q_typed_reliable_context=5.596336 sequence=946.237282
[plan] step=753 node=N29423 type=control0 q_typed_reliable_context=5.325955 sequence=951.563237
[plan] step=754 node=N2146 type=control0 q_typed_reliable_context=3.307433 sequence=954.870671
[plan] step=755 node=N31248 type=control0 q_typed_reliable_context=0.684802 sequence=955.555472
[plan] step=756 node=N26798 type=control0 q_typed_reliable_context=5.648063 sequence=961.203535
[plan] step=757 node=N8142 type=observe q_typed_reliable_context=0.810932 sequence=962.014467
[plan] step=758 node=N12562 type=observe q_typed_reliable_context=0.963504 sequence=962.977971
[plan] step=759 node=N3496 type=observe q_typed_reliable_context=0.618584 sequence=963.596555
[plan] step=760 node=N9525 type=observe q_typed_reliable_context=0.730782 sequence=964.327337
[plan] step=761 node=N19241 type=observe q_typed_reliable_context=0.892084 sequence=965.219421
[plan] step=762 node=N12236 type=observe q_typed_reliable_context=0.719711 sequence=965.939132
[plan] step=763 node=N15477 type=observe q_typed_reliable_context=1.337943 sequence=967.277075
[plan] step=764 node=N22042 type=observe q_typed_reliable_context=1.322035 sequence=968.599110
[plan] step=765 node=N12168 type=observe q_typed_reliable_context=1.703315 sequence=970.302424
[plan] step=766 node=N18432 type=observe q_typed_reliable_context=0.711135 sequence=971.013560
[plan] step=767 node=N7211 type=observe q_typed_reliable_context=0.725394 sequence=971.738954
[plan] step=768 node=N3470 type=observe q_typed_reliable_context=0.630918 sequence=972.369872
[plan] step=769 node=N12553 type=observe q_typed_reliable_context=0.650678 sequence=973.020550
[plan] step=770 node=N7163 type=observe q_typed_reliable_context=1.647822 sequence=974.668371
[plan] step=771 node=N29386 type=observe q_typed_reliable_context=2.015330 sequence=976.683701
[plan] step=772 node=N8139 type=observe q_typed_reliable_context=0.505225 sequence=977.188926
[plan] step=773 node=N19262 type=observe q_typed_reliable_context=0.694056 sequence=977.882983
[plan] step=774 node=N18356 type=observe q_typed_reliable_context=0.621921 sequence=978.504904
[plan] step=775 node=N3458 type=observe q_typed_reliable_context=0.663596 sequence=979.168500
[plan] step=776 node=N12652 type=observe q_typed_reliable_context=0.721776 sequence=979.890276
[plan] step=777 node=N19249 type=observe q_typed_reliable_context=0.712635 sequence=980.602910
[plan] step=778 node=N2694 type=observe q_typed_reliable_context=0.710076 sequence=981.312987
[plan] step=779 node=N29681 type=control0 q_typed_reliable_context=0.652929 sequence=981.965915
[plan] step=780 node=N7993 type=observe q_typed_reliable_context=0.741819 sequence=982.707734
[plan] step=781 node=N26642 type=control0 q_typed_reliable_context=2.381480 sequence=985.089215
[plan] step=782 node=N26644 type=control0 q_typed_reliable_context=5.705807 sequence=990.795022
[plan] step=783 node=N26646 type=control0 q_typed_reliable_context=0.852661 sequence=991.647683
[plan] step=784 node=N26648 type=control0 q_typed_reliable_context=0.763055 sequence=992.410738
[plan] step=785 node=N26650 type=control0 q_typed_reliable_context=0.567392 sequence=992.978130
[plan] step=786 node=N31236 type=control0 q_typed_reliable_context=1.661544 sequence=994.639674
[plan] step=787 node=N26652 type=control0 q_typed_reliable_context=2.818320 sequence=997.457993
[plan] step=788 node=N17825 type=control0 q_typed_reliable_context=1.100780 sequence=998.558773
[plan] step=789 node=N31234 type=control0 q_typed_reliable_context=1.237082 sequence=999.795855
[plan] step=790 node=N31225 type=control0 q_typed_reliable_context=0.949535 sequence=1000.745390
[plan] step=791 node=N12143 type=control0 q_typed_reliable_context=0.678561 sequence=1001.423951
[plan] step=792 node=N8137 type=observe q_typed_reliable_context=0.697289 sequence=1002.121240
[plan] step=793 node=N18371 type=observe q_typed_reliable_context=0.998907 sequence=1003.120147
[plan] step=794 node=N14146 type=observe q_typed_reliable_context=1.388546 sequence=1004.508693
[plan] step=795 node=N3486 type=observe q_typed_reliable_context=1.009747 sequence=1005.518440
[plan] step=796 node=N7446 type=observe q_typed_reliable_context=0.309735 sequence=1005.828175
[plan] step=797 node=N14145 type=observe q_typed_reliable_context=0.555242 sequence=1006.383416
[plan] step=798 node=N12665 type=observe q_typed_reliable_context=0.657442 sequence=1007.040859
[plan] step=799 node=N12135 type=control0 q_typed_reliable_context=0.324918 sequence=1007.365777
[plan] step=800 node=N15573 type=observe q_typed_reliable_context=1.597330 sequence=1008.963107
[plan] step=801 node=N31223 type=control0 q_typed_reliable_context=0.384091 sequence=1009.347199
[plan] step=802 node=N19245 type=observe q_typed_reliable_context=1.075403 sequence=1010.422602
[plan] step=803 node=N3478 type=observe q_typed_reliable_context=0.461114 sequence=1010.883716
[plan] step=804 node=N18305 type=observe q_typed_reliable_context=0.298194 sequence=1011.181910
[plan] step=805 node=N12528 type=observe q_typed_reliable_context=0.616235 sequence=1011.798145
[plan] step=806 node=N12119 type=control0 q_typed_reliable_context=0.395146 sequence=1012.193291
[plan] step=807 node=N15555 type=observe q_typed_reliable_context=0.730942 sequence=1012.924233
[plan] step=808 node=N27593 type=control0 q_typed_reliable_context=1.616831 sequence=1014.541064
[plan] step=809 node=N2692 type=observe q_typed_reliable_context=1.222437 sequence=1015.763501
[plan] step=810 node=N27502 type=control0 q_typed_reliable_context=0.571426 sequence=1016.334926
[plan] step=811 node=N26640 type=control0 q_typed_reliable_context=2.105362 sequence=1018.440288
[plan] step=812 node=N29124 type=control0 q_typed_reliable_context=0.745103 sequence=1019.185391
[plan] step=813 node=N27792 type=control0 q_typed_reliable_context=1.344104 sequence=1020.529494
[plan] step=814 node=N3930 type=control1 q_typed_reliable_context=1.934545 sequence=1022.464039
[plan] step=815 node=N13459 type=control0 q_typed_reliable_context=1.328402 sequence=1023.792441
[plan] step=816 node=N16360 type=control1 q_typed_reliable_context=2.082597 sequence=1025.875038
[plan] step=817 node=N26800 type=control0 q_typed_reliable_context=4.820412 sequence=1030.695450
[plan] step=818 node=N27595 type=control0 q_typed_reliable_context=5.448316 sequence=1036.143766
[plan] step=819 node=N29040 type=control0 q_typed_reliable_context=1.972659 sequence=1038.116426
[plan] step=820 node=N27504 type=control0 q_typed_reliable_context=0.653356 sequence=1038.769781
[plan] step=821 node=N28915 type=control0 q_typed_reliable_context=1.429512 sequence=1040.199294
[plan] step=822 node=N26684 type=control0 q_typed_reliable_context=4.494592 sequence=1044.693886
[plan] step=823 node=N8138 type=observe q_typed_reliable_context=0.811043 sequence=1045.504928
[plan] step=824 node=N19268 type=observe q_typed_reliable_context=0.718328 sequence=1046.223257
[plan] step=825 node=N7261 type=observe q_typed_reliable_context=0.692273 sequence=1046.915530
[plan] step=826 node=N18368 type=observe q_typed_reliable_context=0.929820 sequence=1047.845350
[plan] step=827 node=N5486 type=observe q_typed_reliable_context=0.845464 sequence=1048.690814
[plan] step=828 node=N12663 type=observe q_typed_reliable_context=1.003000 sequence=1049.693815
[plan] step=829 node=N19248 type=observe q_typed_reliable_context=0.728369 sequence=1050.422184
[plan] step=830 node=N5738 type=observe q_typed_reliable_context=0.755966 sequence=1051.178150
[plan] step=831 node=N5690 type=observe q_typed_reliable_context=0.776605 sequence=1051.954755
[plan] step=832 node=N3383 type=observe q_typed_reliable_context=0.617510 sequence=1052.572265
[plan] step=833 node=N7990 type=observe q_typed_reliable_context=1.159131 sequence=1053.731395
[plan] step=834 node=N3375 type=observe q_typed_reliable_context=1.233538 sequence=1054.964934
[plan] step=835 node=N3367 type=observe q_typed_reliable_context=1.068340 sequence=1056.033273
[plan] step=836 node=N7213 type=observe q_typed_reliable_context=1.368922 sequence=1057.402195
[plan] step=837 node=N7997 type=observe q_typed_reliable_context=0.497560 sequence=1057.899755
[plan] step=838 node=N3359 type=observe q_typed_reliable_context=0.936546 sequence=1058.836301
[plan] step=839 node=N3422 type=observe q_typed_reliable_context=0.988725 sequence=1059.825026
[plan] step=840 node=N8135 type=observe q_typed_reliable_context=0.812745 sequence=1060.637772
[plan] step=841 node=N18419 type=observe q_typed_reliable_context=1.551145 sequence=1062.188916
[plan] step=842 node=N3351 type=observe q_typed_reliable_context=0.970202 sequence=1063.159118
[plan] step=843 node=N31221 type=control0 q_typed_reliable_context=1.564197 sequence=1064.723315
[plan] step=844 node=N12616 type=observe q_typed_reliable_context=0.667150 sequence=1065.390465
[plan] step=845 node=N2262 type=observe q_typed_reliable_context=1.368831 sequence=1066.759296
[plan] step=846 node=N31219 type=control0 q_typed_reliable_context=0.931510 sequence=1067.690806
[plan] step=847 node=N19250 type=observe q_typed_reliable_context=1.493729 sequence=1069.184536
[plan] step=848 node=N12111 type=control0 q_typed_reliable_context=0.864965 sequence=1070.049501
[plan] step=849 node=N12618 type=observe q_typed_reliable_context=1.598681 sequence=1071.648182
[plan] step=850 node=N12103 type=control0 q_typed_reliable_context=0.690146 sequence=1072.338328
[plan] step=851 node=N18649 type=observe q_typed_reliable_context=1.137453 sequence=1073.475781
[plan] step=852 node=N3445 type=observe q_typed_reliable_context=1.101075 sequence=1074.576856
[plan] step=853 node=N18434 type=observe q_typed_reliable_context=0.812804 sequence=1075.389659
[plan] step=854 node=N3343 type=observe q_typed_reliable_context=0.763634 sequence=1076.153293
[plan] step=855 node=N21846 type=observe q_typed_reliable_context=0.787603 sequence=1076.940896
[plan] step=856 node=N12095 type=control0 q_typed_reliable_context=0.670604 sequence=1077.611501
[plan] step=857 node=N25261 type=observe q_typed_reliable_context=0.969363 sequence=1078.580864
[plan] step=858 node=N27499 type=control0 q_typed_reliable_context=0.522092 sequence=1079.102957
[plan] step=859 node=N26639 type=control0 q_typed_reliable_context=1.257770 sequence=1080.360727
[plan] step=860 node=N8003 type=observe q_typed_reliable_context=0.506599 sequence=1080.867325
[plan] step=861 node=N28847 type=control0 q_typed_reliable_context=1.086774 sequence=1081.954100
[plan] step=862 node=N29457 type=control0 q_typed_reliable_context=0.676946 sequence=1082.631045
[plan] step=863 node=N29685 type=control0 q_typed_reliable_context=0.574636 sequence=1083.205681
[plan] step=864 node=N5124 type=control0 q_typed_reliable_context=1.281606 sequence=1084.487286
[plan] step=865 node=N22390 type=control0 q_typed_reliable_context=0.966697 sequence=1085.453983
[plan] step=866 node=N22477 type=control0 q_typed_reliable_context=0.982168 sequence=1086.436151
[plan] step=867 node=N22482 type=control0 q_typed_reliable_context=0.909862 sequence=1087.346013
[plan] step=868 node=N22385 type=control0 q_typed_reliable_context=0.927440 sequence=1088.273453
[plan] step=869 node=N7994 type=observe q_typed_reliable_context=0.583416 sequence=1088.856869
[plan] step=870 node=N27599 type=control0 q_typed_reliable_context=1.343877 sequence=1090.200746
[plan] step=871 node=N26261 type=control0 q_typed_reliable_context=0.741089 sequence=1090.941835
[plan] step=872 node=N26691 type=control0 q_typed_reliable_context=0.810199 sequence=1091.752034
[plan] step=873 node=N26678 type=control0 q_typed_reliable_context=0.773572 sequence=1092.525606
[plan] step=874 node=N26275 type=control0 q_typed_reliable_context=0.759495 sequence=1093.285101
[plan] step=875 node=N26266 type=control0 q_typed_reliable_context=0.752282 sequence=1094.037383
[plan] step=876 node=N29427 type=control0 q_typed_reliable_context=0.753536 sequence=1094.790919
[plan] step=877 node=N26175 type=control0 q_typed_reliable_context=0.753855 sequence=1095.544773
[plan] step=878 node=N27601 type=control0 q_typed_reliable_context=1.623576 sequence=1097.168350
[plan] step=879 node=N26057 type=control0 q_typed_reliable_context=0.906560 sequence=1098.074910
[plan] step=880 node=N27894 type=control0 q_typed_reliable_context=2.032598 sequence=1100.107508
[plan] step=881 node=N26011 type=control0 q_typed_reliable_context=0.875781 sequence=1100.983290
[plan] step=882 node=N26060 type=control0 q_typed_reliable_context=1.087592 sequence=1102.070882
[plan] step=883 node=N27257 type=control0 q_typed_reliable_context=1.030738 sequence=1103.101619
[plan] step=884 node=N28849 type=control0 q_typed_reliable_context=2.078464 sequence=1105.180084
[plan] step=885 node=N28807 type=control0 q_typed_reliable_context=2.327593 sequence=1107.507677
[plan] step=886 node=N14772 type=control0 q_typed_reliable_context=1.706484 sequence=1109.214161
[plan] step=887 node=N16440 type=control0 q_typed_reliable_context=0.891292 sequence=1110.105453
[plan] step=888 node=N16445 type=control0 q_typed_reliable_context=0.766532 sequence=1110.871985
[plan] step=889 node=N27501 type=control0 q_typed_reliable_context=0.705249 sequence=1111.577234
[plan] step=890 node=N16435 type=control0 q_typed_reliable_context=0.684854 sequence=1112.262087
[plan] step=891 node=N16450 type=control0 q_typed_reliable_context=0.685722 sequence=1112.947809
[plan] step=892 node=N16455 type=control0 q_typed_reliable_context=0.695121 sequence=1113.642931
[plan] step=893 node=N29439 type=observe q_typed_reliable_context=0.666110 sequence=1114.309041
[plan] step=894 node=N8136 type=observe q_typed_reliable_context=0.653668 sequence=1114.962708
[plan] step=895 node=N19251 type=observe q_typed_reliable_context=1.067025 sequence=1116.029733
[plan] step=896 node=N12552 type=observe q_typed_reliable_context=1.307761 sequence=1117.337494
[plan] step=897 node=N29365 type=observe q_typed_reliable_context=0.929760 sequence=1118.267254
[plan] step=898 node=N18407 type=observe q_typed_reliable_context=0.718897 sequence=1118.986151
[plan] step=899 node=N3298 type=observe q_typed_reliable_context=0.573113 sequence=1119.559264
[plan] step=900 node=N19258 type=observe q_typed_reliable_context=0.698098 sequence=1120.257362
[plan] step=901 node=N12622 type=observe q_typed_reliable_context=1.106173 sequence=1121.363535
[plan] step=902 node=N8132 type=observe q_typed_reliable_context=0.514478 sequence=1121.878013
[plan] step=903 node=N18422 type=observe q_typed_reliable_context=0.978926 sequence=1122.856939
[plan] step=904 node=N3401 type=observe q_typed_reliable_context=0.771772 sequence=1123.628711
[plan] step=905 node=N19256 type=observe q_typed_reliable_context=0.527312 sequence=1124.156024
[plan] step=906 node=N12628 type=observe q_typed_reliable_context=0.832962 sequence=1124.988985
[plan] step=907 node=N19841 type=observe q_typed_reliable_context=0.716787 sequence=1125.705772
[plan] step=908 node=N3806 type=observe q_typed_reliable_context=0.620202 sequence=1126.325974
[plan] step=909 node=N3415 type=observe q_typed_reliable_context=0.676063 sequence=1127.002037
[plan] step=910 node=N3808 type=observe q_typed_reliable_context=0.635389 sequence=1127.637426
[plan] step=911 node=N8130 type=observe q_typed_reliable_context=0.809046 sequence=1128.446472
[plan] step=912 node=N18385 type=observe q_typed_reliable_context=0.991695 sequence=1129.438167
[plan] step=913 node=N19259 type=observe q_typed_reliable_context=0.764398 sequence=1130.202565
[plan] step=914 node=N27303 type=observe q_typed_reliable_context=0.813268 sequence=1131.015833
[plan] step=915 node=N12516 type=observe q_typed_reliable_context=0.911960 sequence=1131.927793
[plan] step=916 node=N7933 type=observe q_typed_reliable_context=0.667864 sequence=1132.595657
[plan] step=917 node=N5485 type=observe q_typed_reliable_context=0.666248 sequence=1133.261904
[plan] step=918 node=N18390 type=observe q_typed_reliable_context=0.590604 sequence=1133.852508
[plan] step=919 node=N19254 type=observe q_typed_reliable_context=0.523072 sequence=1134.375580
[plan] step=920 node=N7939 type=observe q_typed_reliable_context=0.742092 sequence=1135.117672
[plan] step=921 node=N8947 type=observe q_typed_reliable_context=0.590917 sequence=1135.708589
[plan] step=922 node=N3408 type=observe q_typed_reliable_context=0.685118 sequence=1136.393706
[plan] step=923 node=N19840 type=observe q_typed_reliable_context=0.782634 sequence=1137.176340
[plan] step=924 node=N25326 type=observe q_typed_reliable_context=0.844334 sequence=1138.020674
[plan] step=925 node=N12522 type=observe q_typed_reliable_context=0.976220 sequence=1138.996894
[plan] step=926 node=N8129 type=observe q_typed_reliable_context=0.514806 sequence=1139.511700
[plan] step=927 node=N18439 type=observe q_typed_reliable_context=0.869408 sequence=1140.381108
[plan] step=928 node=N19253 type=observe q_typed_reliable_context=0.532101 sequence=1140.913209
[plan] step=929 node=N12560 type=observe q_typed_reliable_context=0.726880 sequence=1141.640089
[plan] step=930 node=N8001 type=observe q_typed_reliable_context=1.123892 sequence=1142.763981
[plan] step=931 node=N2248 type=observe q_typed_reliable_context=1.182946 sequence=1143.946927
[plan] step=932 node=N29612 type=observe q_typed_reliable_context=1.652154 sequence=1145.599081
[plan] step=933 node=N5318 type=observe q_typed_reliable_context=0.845560 sequence=1146.444641
[plan] step=934 node=N3335 type=observe q_typed_reliable_context=0.625001 sequence=1147.069642
[plan] step=935 node=N29599 type=observe q_typed_reliable_context=4.034835 sequence=1151.104477
[plan] step=936 node=N8128 type=observe q_typed_reliable_context=0.782180 sequence=1151.886657
[plan] step=937 node=N18373 type=observe q_typed_reliable_context=0.519215 sequence=1152.405872
[plan] step=938 node=N19263 type=observe q_typed_reliable_context=0.553252 sequence=1152.959123
[plan] step=939 node=N12595 type=observe q_typed_reliable_context=0.604634 sequence=1153.563757
[plan] step=940 node=N18402 type=observe q_typed_reliable_context=0.698288 sequence=1154.262045
[plan] step=941 node=N19869 type=observe q_typed_reliable_context=0.579714 sequence=1154.841759
[plan] step=942 node=N26475 type=observe q_typed_reliable_context=0.558098 sequence=1155.399857
[plan] step=943 node=N19265 type=observe q_typed_reliable_context=0.546453 sequence=1155.946310
[plan] step=944 node=N5966 type=observe q_typed_reliable_context=0.570557 sequence=1156.516866
[plan] step=945 node=N8125 type=observe q_typed_reliable_context=0.516997 sequence=1157.033864
[plan] step=946 node=N12556 type=observe q_typed_reliable_context=0.750498 sequence=1157.784361
[plan] step=947 node=N18451 type=observe q_typed_reliable_context=0.638168 sequence=1158.422529
[plan] step=948 node=N26462 type=observe q_typed_reliable_context=0.542970 sequence=1158.965499
[plan] step=949 node=N19574 type=observe q_typed_reliable_context=0.522190 sequence=1159.487689
[plan] step=950 node=N19267 type=observe q_typed_reliable_context=0.642015 sequence=1160.129703
[plan] step=951 node=N5894 type=observe q_typed_reliable_context=0.792257 sequence=1160.921961
[plan] step=952 node=N26453 type=observe q_typed_reliable_context=0.570062 sequence=1161.492023
[plan] step=953 node=N19855 type=observe q_typed_reliable_context=0.541494 sequence=1162.033517
[plan] step=954 node=N1879 type=observe q_typed_reliable_context=0.528017 sequence=1162.561534
[plan] step=955 node=N1881 type=observe q_typed_reliable_context=0.522812 sequence=1163.084346
[plan] step=956 node=N1883 type=observe q_typed_reliable_context=0.535645 sequence=1163.619991
[plan] step=957 node=N29687 type=control0 q_typed_reliable_context=0.564809 sequence=1164.184801
[plan] step=958 node=N31217 type=control0 q_typed_reliable_context=0.731365 sequence=1164.916165
[plan] step=959 node=N1885 type=observe q_typed_reliable_context=1.328640 sequence=1166.244805
[plan] step=960 node=N1887 type=observe q_typed_reliable_context=1.203094 sequence=1167.447899
[plan] step=961 node=N1889 type=observe q_typed_reliable_context=0.558663 sequence=1168.006562
[plan] step=962 node=N1875 type=observe q_typed_reliable_context=1.134389 sequence=1169.140951
[plan] step=963 node=N12584 type=observe q_typed_reliable_context=1.554502 sequence=1170.695453
[plan] step=964 node=N19260 type=observe q_typed_reliable_context=1.026818 sequence=1171.722271
[plan] step=965 node=N16460 type=control0 q_typed_reliable_context=0.823388 sequence=1172.545660
[plan] step=966 node=N16497 type=control0 q_typed_reliable_context=0.692552 sequence=1173.238212
[plan] step=967 node=N16470 type=control0 q_typed_reliable_context=0.771612 sequence=1174.009824
[plan] step=968 node=N8131 type=observe q_typed_reliable_context=0.758501 sequence=1174.768325
[plan] step=969 node=N18319 type=observe q_typed_reliable_context=1.716407 sequence=1176.484732
[plan] step=970 node=N5606 type=observe q_typed_reliable_context=0.895104 sequence=1177.379836
[plan] step=971 node=N12590 type=observe q_typed_reliable_context=1.068869 sequence=1178.448704
[plan] step=972 node=N19269 type=observe q_typed_reliable_context=1.008879 sequence=1179.457583
[plan] step=973 node=N5846 type=observe q_typed_reliable_context=0.875628 sequence=1180.333211
[plan] step=974 node=N1859 type=observe q_typed_reliable_context=0.774556 sequence=1181.107768
[plan] step=975 node=N1861 type=observe q_typed_reliable_context=1.148193 sequence=1182.255961
[plan] step=976 node=N1909 type=observe q_typed_reliable_context=1.194584 sequence=1183.450545
[plan] step=977 node=N1911 type=observe q_typed_reliable_context=0.730070 sequence=1184.180615
[plan] step=978 node=N1913 type=observe q_typed_reliable_context=0.741866 sequence=1184.922481
[plan] step=979 node=N16465 type=control0 q_typed_reliable_context=0.396533 sequence=1185.319014
[plan] step=980 node=N1915 type=observe q_typed_reliable_context=1.167303 sequence=1186.486317
[plan] step=981 node=N1917 type=observe q_typed_reliable_context=1.075104 sequence=1187.561421
[plan] step=982 node=N1919 type=observe q_typed_reliable_context=0.712453 sequence=1188.273875
[plan] step=983 node=N15480 type=observe q_typed_reliable_context=0.791087 sequence=1189.064961
[plan] step=984 node=N18307 type=observe q_typed_reliable_context=0.857555 sequence=1189.922516
[plan] step=985 node=N8124 type=observe q_typed_reliable_context=0.524205 sequence=1190.446722
[plan] step=986 node=N25733 type=observe q_typed_reliable_context=0.732467 sequence=1191.179189
[plan] step=987 node=N12594 type=observe q_typed_reliable_context=0.855339 sequence=1192.034527
[plan] step=988 node=N19871 type=observe q_typed_reliable_context=1.262999 sequence=1193.297527
[plan] step=989 node=N8091 type=observe q_typed_reliable_context=0.870698 sequence=1194.168225
[plan] step=990 node=N19272 type=observe q_typed_reliable_context=0.910133 sequence=1195.078358
[plan] step=991 node=N5990 type=observe q_typed_reliable_context=0.708621 sequence=1195.786979
[plan] step=992 node=N1873 type=observe q_typed_reliable_context=0.742958 sequence=1196.529936
[plan] step=993 node=N12597 type=observe q_typed_reliable_context=0.852040 sequence=1197.381977
[plan] step=994 node=N19274 type=observe q_typed_reliable_context=0.543424 sequence=1197.925401
saved=autoresearch/loop-260720-0945/typed_winner_round7_five/b17_C/plans/iscas99__b17__greedy__cumulative__q_typed_reliable_context__bw1__d1__c64__g1p0__candhard_fault_cluster__div0p0__s0.csv
