__tpi_op_53___buf_split_13522 /0 undetected
__tpi_op_0_new_n48575_ /0 undetected
new_n89427_ /1 undetected
__buf_split_42120->new_n89426_ /1 undetected
new_n61068_->new_n61068__PO /0 undetected
new_n50741_->new_n50741__PO /1 undetected
new_n50740_->new_n50740__PO /0 undetected
new_n50723_->new_n50723__PO /0 undetected
new_n50722_->new_n50722__PO /0 undetected
new_n48732_->new_n48732__PO /1 undetected
new_n48731_->new_n48731__PO /0 undetected
new_n47894_->new_n47894__PO /1 undetected
new_n47893_->new_n47893__PO /0 undetected
__buf_split_42112 /1 undetected
__buf_split_42111 /0 undetected
new_n61068_ /0 undetected
new_n22112_->__tpi_cp_85_new_n22112_ /1 undetected
__buf_split_15427->new_n50748_ /1 undetected
__tpi_not_test_en->__tpi_cp_11_new_n50744_ /1 undetected
__buf_split_15425 /1 undetected
new_n47894_->__tpi_cp_56_new_n47894_ /1 undetected
__tpi_not_test_en->__tpi_cp_56_new_n47894_ /1 undetected
__tpi_not_test_en->__tpi_cp_40___buf_split_15426 /1 undetected
__tpi_cp_40___buf_split_15426 /1 undetected
__buf_split_15426 /1 undetected
new_n50734_ /1 undetected
__tpi_not_test_en->__tpi_cp_2_new_n50732_ /1 undetected
__tpi_cp_2_new_n50732_ /1 undetected
new_n50732_ /1 undetected
new_n50730_ /1 undetected
test_en->__tpi_cp_92_new_n50729_ /0 undetected
__buf_split_15408->new_n50729_ /1 undetected
new_n50729_ /0 undetected
__buf_split_15409 /1 undetected
__buf_split_15410 /1 undetected
new_n48732_->__tpi_cp_28_new_n48732_ /1 undetected
new_n48732_ /1 undetected
__buf_split_14093->new_n48731_ /1 undetected
new_n48731_ /0 undetected
new_n48728_->new_n48729_ /1 undetected
new_n48729_ /1 undetected
new_n48681_ /1 undetected
new_n48680_ /1 undetected
new_n48679_ /1 undetected
__tpi_not_test_en->__tpi_cp_69_new_n48678_ /1 undetected
__tpi_cp_69_new_n48678_ /1 undetected
new_n48678_ /1 undetected
new_n48677_ /1 undetected
new_n48675_ /1 undetected
new_n48673_ /1 undetected
new_n48672_ /1 undetected
new_n48670_ /1 undetected
new_n48668_ /1 undetected
new_n48667_ /1 undetected
new_n48666_ /1 undetected
new_n48664_ /1 undetected
__tpi_not_test_en->__tpi_cp_66_new_n48662_ /1 undetected
__tpi_cp_66_new_n48662_ /1 undetected
new_n48662_ /1 undetected
__buf_split_14048->new_n48661_ /1 undetected
__buf_split_14049 /1 undetected
__tpi_not_test_en->__tpi_cp_59___buf_split_14062 /1 undetected
__tpi_cp_59___buf_split_14062 /1 undetected
__buf_split_14062 /1 undetected
test_en->__tpi_cp_99_new_n48649_ /0 undetected
__tpi_cp_99_new_n48649_ /1 undetected
new_n48648_->new_n48649_ /1 undetected
new_n48649_ /0 undetected
new_n48601_ /1 undetected
new_n48600_ /1 undetected
new_n48599_ /1 undetected
new_n48598_ /1 undetected
new_n48596_ /1 undetected
__tpi_not_test_en->__tpi_cp_79_new_n48594_ /1 undetected
__tpi_cp_79_new_n48594_ /1 undetected
new_n48594_ /1 undetected
new_n48593_ /1 undetected
new_n48591_ /1 undetected
__buf_split_14006->new_n48590_ /1 undetected
__buf_split_14007 /1 undetected
new_n22195_->__tpi_cp_34_new_n22195_ /1 undetected
__tpi_not_test_en->__tpi_cp_34_new_n22195_ /1 undetected
new_n48589_ /1 undetected
new_n48588_ /1 undetected
__buf_split_14004->new_n48587_ /1 undetected
__buf_split_14003 /1 undetected
__tpi_not_test_en->__tpi_cp_86___buf_split_14005 /1 undetected
__tpi_cp_86___buf_split_14005 /1 undetected
__buf_split_14005 /1 undetected
__tpi_not_test_en->__tpi_cp_38_new_n47892_ /1 undetected
__tpi_cp_38_new_n47892_ /1 undetected
new_n47892_ /1 undetected
new_n48576_ /1 undetected
new_n47894_ /1 undetected
new_n50741_ /1 undetected
new_n50723_ /0 undetected
__tpi_not_test_en->__tpi_cp_80___buf_split_15400 /1 undetected
__tpi_cp_80___buf_split_15400 /1 undetected
__buf_split_15400 /1 undetected
new_n48566_ /1 undetected
new_n47893_ /0 undetected
__buf_split_13523 /1 undetected
new_n48575_ /0 undetected
test_en->__tpi_cp_111___buf_split_13993 /0 undetected
__buf_split_13993 /0 undetected
__buf_split_13522 /0 undetected
new_n50740_ /0 undetected
test_en->__tpi_cp_61_new_n50739_ /0 undetected
new_n50739_ /0 undetected
new_n50738_ /1 undetected
__buf_split_15416->new_n50737_ /1 undetected
new_n50737_ /1 undetected
__buf_split_15414->new_n50736_ /1 undetected
new_n50736_ /1 undetected
__buf_split_15415 /1 undetected
__buf_split_15417 /1 undetected
__buf_split_15418 /1 undetected
new_n50722_ /0 undetected
test_en->__tpi_cp_0_new_n50721_ /0 undetected
new_n50721_ /0 undetected
new_n50720_ /1 undetected
new_n50719_ /1 undetected
new_n50718_ /1 undetected
__buf_split_15395 /1 undetected
__buf_split_15394 /1 undetected
__tpi_not_test_en->__tpi_cp_67___buf_split_15396 /1 undetected
__tpi_cp_67___buf_split_15396 /1 undetected
__buf_split_15396 /1 undetected
__buf_split_15397 /1 undetected
__buf_split_15398 /1 undetected
new_n47891_ /0 undetected
test_en->__tpi_cp_1_new_n47890_ /0 undetected
new_n47890_ /0 undetected
__buf_split_13520 /1 undetected
__buf_split_13519 /1 undetected
__tpi_not_test_en->__tpi_cp_84_new_n48582_ /1 undetected
test_en->__tpi_cp_18___buf_split_13999 /0 undetected
new_n48572_ /1 undetected
new_n48571_ /1 undetected
__buf_split_13988 /1 undetected
__buf_split_13987 /1 undetected
__buf_split_13989 /1 undetected
__buf_split_13990 /1 undetected
new_n48565_ /0 undetected
new_n47875_ /0 undetected
__buf_split_13491 /1 undetected
__buf_split_13492 /1 undetected
__buf_split_13493 /1 undetected
__buf_split_13494 /1 undetected
test_en->__tpi_cp_12_new_n47867_ /0 undetected
__tpi_not_test_en->__tpi_cp_91_new_n47866_ /1 undetected
__tpi_cp_91_new_n47866_ /1 undetected
new_n47866_ /1 undetected
__tpi_not_test_en->__tpi_cp_116_new_n47865_ /1 undetected
__tpi_cp_116_new_n47865_ /1 undetected
new_n47865_ /1 undetected
__buf_split_13489 /1 undetected
__buf_split_13488 /1 undetected
__tpi_not_test_en->__tpi_cp_115_new_n47864_ /1 undetected
__tpi_cp_115_new_n47864_ /1 undetected
new_n47864_ /1 undetected
__buf_split_13487 /1 undetected
__buf_split_13486 /1 undetected
__tpi_not_test_en->__tpi_cp_108_new_n47863_ /1 undetected
__tpi_not_test_en->__tpi_cp_114_new_n47862_ /1 undetected
__buf_split_13485 /1 undetected
__tpi_not_test_en->__tpi_cp_113_new_n47861_ /1 undetected
__tpi_cp_113_new_n47861_ /1 undetected
new_n47861_ /1 undetected
__buf_split_13483 /1 undetected
__buf_split_13482 /1 undetected
__tpi_not_test_en->__tpi_cp_63_new_n48726_ /1 undetected
__tpi_not_test_en->__tpi_cp_74_new_n48713_ /1 undetected
__tpi_not_test_en->__tpi_cp_73_new_n48706_ /1 undetected
__tpi_not_test_en->__tpi_cp_72_new_n48699_ /1 undetected
__tpi_not_test_en->__tpi_cp_71_new_n48694_ /1 undetected
__tpi_not_test_en->__tpi_cp_64_new_n48692_ /1 undetected
__tpi_not_test_en->__tpi_cp_82_new_n48639_ /1 undetected
__tpi_not_test_en->__tpi_cp_78_new_n48633_ /1 undetected
__tpi_not_test_en->__tpi_cp_77_new_n48621_ /1 undetected
__tpi_not_test_en->__tpi_cp_76_new_n48614_ /1 undetected
__tpi_not_test_en->__tpi_cp_65_new_n48612_ /1 undetected
new_n47889_ /0 undetected
__tpi_not_test_en->__tpi_cp_109_new_n47888_ /1 undetected
__tpi_not_test_en->__tpi_cp_39___buf_split_13516 /1 undetected
__tpi_not_test_en->__tpi_cp_4_new_n47885_ /1 undetected
__tpi_cp_4_new_n47885_ /0 undetected
new_n47883_->__tpi_cp_112_new_n47883_ /0 undetected
test_en->__tpi_cp_112_new_n47883_ /0 undetected
__tpi_not_test_en->__tpi_cp_33_new_n22322_ /1 undetected
__tpi_not_test_en->__tpi_cp_94_new_n22321_ /1 undetected
new_n47882_ /1 undetected
new_n47882_ /0 undetected
__tpi_not_test_en->__tpi_cp_55_new_n47881_ /1 undetected
__tpi_cp_55_new_n47881_ /1 undetected
new_n47881_ /1 undetected
__buf_split_13504 /1 undetected
__buf_split_13503 /1 undetected
__buf_split_13505 /1 undetected
__tpi_not_test_en->__tpi_cp_47___buf_split_60 /1 undetected
__tpi_not_test_en->__tpi_cp_17___buf_split_63 /1 undetected
__tpi_not_test_en->__tpi_cp_93_new_n22320_ /1 undetected
__tpi_not_test_en->__tpi_cp_107___buf_split_210 /1 undetected
__tpi_not_test_en->__tpi_cp_9___buf_split_15402 /1 undetected
__tpi_not_test_en->__tpi_cp_97_new_n22319_ /1 undetected
__tpi_not_test_en->__tpi_cp_110_new_n47884_ /1 undetected
__tpi_not_test_en->__tpi_cp_10___buf_split_31822 /1 undetected
__tpi_not_test_en->__tpi_cp_102___buf_split_31821 /1 undetected
__tpi_not_test_en->__tpi_cp_44___buf_split_13495 /1 undetected
__tpi_not_test_en->__tpi_cp_5_new_n47870_ /1 undetected
new_n47886_ /0 undetected
__buf_split_13512 /1 undetected
new_n22153_->__tpi_cp_51_new_n22153_ /1 undetected
__tpi_not_test_en->__tpi_cp_51_new_n22153_ /1 undetected
__tpi_cp_51_new_n22153_ /1 undetected
__tpi_not_test_en->__tpi_cp_3_new_n47871_ /1 undetected
__tpi_not_test_en->__tpi_cp_48_new_n22152_ /1 undetected
__tpi_not_test_en->__tpi_cp_46_new_n22149_ /1 undetected
__tpi_not_test_en->__tpi_cp_45_new_n22897_ /1 undetected
__tpi_cp_45_new_n22897_ /1 undetected
new_n22897_ /1 undetected
__tpi_not_test_en->__tpi_cp_35___buf_split_34500 /1 undetected
__tpi_not_test_en->__tpi_cp_96___buf_split_34499 /1 undetected
__tpi_not_test_en->__tpi_cp_95___buf_split_22224 /1 undetected
__tpi_not_test_en->__tpi_cp_19___buf_split_22223 /1 undetected
__tpi_not_test_en->__tpi_cp_68___buf_split_62 /1 undetected
__tpi_not_test_en->__tpi_cp_70___buf_split_59 /1 undetected
