__tpi_not_test_en->__tpi_cp_16_II1971 /1 undetected
__aig_not_429 /1 undetected
C_19 /1 undetected
__tpi_not_test_en->__tpi_cp_13___buf_split_285 /1 undetected
__tpi_cp_13___buf_split_285 /1 undetected
__buf_split_285 /1 undetected
II1532->II1532_PO /1 undetected
II1528->II1528_PO /1 undetected
test_en->__tpi_cp_3___aig_not_383 /0 undetected
__aig_not_383 /0 undetected
__tpi_not_test_en->__tpi_cp_34___buf_split_365 /1 undetected
__buf_split_365 /1 undetected
II1528->__tpi_cp_39_II1528 /1 undetected
__tpi_not_test_en->__tpi_cp_39_II1528 /1 undetected
__aig_not_382 /1 undetected
__buf_split_364 /1 undetected
II1528 /1 undetected
test_en->__tpi_cp_4_II1533 /0 undetected
II1533 /0 undetected
__tpi_not_test_en->__tpi_cp_33___buf_split_82 /1 undetected
__buf_split_82 /1 undetected
II1532->__tpi_cp_41_II1532 /1 undetected
__tpi_not_test_en->__tpi_cp_41_II1532 /1 undetected
__buf_split_289 /1 undetected
II1532 /1 undetected
II1484 /1 undetected
test_en->__tpi_cp_2_II1219_4 /0 undetected
II1219_4 /0 undetected
__tpi_not_test_en->__tpi_cp_37___buf_split_69 /1 undetected
__buf_split_69 /1 undetected
II1452->__tpi_cp_28_II1452 /1 undetected
__tpi_not_test_en->__tpi_cp_28_II1452 /1 undetected
test_en->__tpi_cp_1___buf_split_283 /0 undetected
__buf_split_283 /0 undetected
__buf_split_74 /1 undetected
test_en->__tpi_cp_5___aig_not_371 /0 undetected
__tpi_not_test_en->__tpi_cp_36___buf_split_360 /1 undetected
__tpi_not_test_en->__tpi_cp_40_II1460 /1 undetected
test_en->__tpi_cp_0_II1465 /0 undetected
__tpi_not_test_en->__tpi_cp_38___buf_split_75 /1 undetected
__tpi_not_test_en->__tpi_cp_35___buf_split_62 /1 undetected
test_en->__tpi_cp_8_II1389 /0 undetected
__tpi_not_test_en->__tpi_cp_32___buf_split_355 /1 undetected
__tpi_not_test_en->__tpi_cp_46_II1392 /1 undetected
__tpi_not_test_en->__tpi_cp_31___buf_split_68 /1 undetected
__tpi_not_test_en->__tpi_cp_43_II1396 /1 undetected
__tpi_not_test_en->__tpi_cp_30___buf_split_55 /1 undetected
__tpi_not_test_en->__tpi_cp_29___aig_not_349 /1 undetected
__tpi_not_test_en->__tpi_cp_7___buf_split_350 /1 undetected
__tpi_not_test_en->__tpi_cp_20___buf_split_349 /1 undetected
__tpi_not_test_en->__tpi_cp_9___buf_split_61 /1 undetected
__tpi_not_test_en->__tpi_cp_47_II1262 /1 undetected
