__tpi_not_test_en->__tpi_cp_14___aig_not_7197 /1 undetected
__tpi_not_test_en->__tpi_cp_12___aig_not_7193 /1 undetected
__tpi_not_test_en->__tpi_cp_9___aig_not_7189 /1 undetected
__tpi_not_test_en->__tpi_cp_10___aig_not_7185 /1 undetected
__tpi_not_test_en->__tpi_cp_11___aig_not_7181 /1 undetected
__aig_not_7171 /1 undetected
__aig_not_7167 /1 undetected
__aig_not_7165 /1 undetected
__aig_not_7163 /1 undetected
__aig_not_7161 /1 undetected
__aig_not_7159 /1 undetected
__aig_not_7157 /1 undetected
__aig_not_7155 /1 undetected
__aig_not_7153 /1 undetected
__aig_not_7151 /1 undetected
__buf_split_4120 /1 undetected
__buf_split_4121 /1 undetected
__buf_split_4122 /1 undetected
__buf_split_4123 /1 undetected
__buf_split_4124 /1 undetected
__buf_split_4125 /1 undetected
__buf_split_4126 /1 undetected
__buf_split_4127 /1 undetected
__buf_split_4128 /1 undetected
__buf_split_4129 /1 undetected
__buf_split_4132 /1 undetected
__tpi_not_test_en->__tpi_cp_20___buf_split_4117 /1 undetected
__tpi_not_test_en->__tpi_cp_6___aig_and_7142 /1 undetected
__tpi_not_test_en->__tpi_cp_15___aig_not_7129 /1 undetected
__tpi_not_test_en->__tpi_cp_19_new_n3820 /1 undetected
__tpi_not_test_en->__tpi_cp_16___buf_split_755 /1 undetected
