[plan] candidate_allowlist=autoresearch/original-netlist-recovery-260712/exact_itc99/b15_C/exact_candidate_nodes.txt nodes=7918
[plan] latent_norm_clip_ratio=4 latent_norm_limit=30.875631
[plan] step=1 node=N677 type=control1 q_pred_context=5.195572 sequence=5.195572
[plan] step=2 node=N2155 type=observe q_pred_context=4.636674 sequence=9.832246
[plan] step=3 node=N502 type=control1 q_pred_context=1.993269 sequence=11.825515
[plan] step=4 node=N762 type=control1 q_pred_context=1.659099 sequence=13.484614
[plan] step=5 node=N3644 type=control0 q_pred_context=1.214879 sequence=14.699493
[plan] step=6 node=N3756 type=control0 q_pred_context=1.059233 sequence=15.758726
[plan] step=7 node=N557 type=control1 q_pred_context=0.980838 sequence=16.739564
[plan] step=8 node=N5143 type=observe q_pred_context=1.023718 sequence=17.763282
[plan] step=9 node=N507 type=control1 q_pred_context=0.945970 sequence=18.575919
[plan] step=10 node=N3742 type=control0 q_pred_context=1.124505 sequence=19.586138
[plan] step=11 node=N564 type=control1 q_pred_context=2.290913 sequence=21.877051
[plan] step=12 node=N5203 type=control1 q_pred_context=1.603788 sequence=23.366553
[plan] step=13 node=N5866 type=observe q_pred_context=3.265041 sequence=26.631594
[plan] step=14 node=N580 type=control1 q_pred_context=3.127517 sequence=29.659111
[plan] step=15 node=N737 type=control1 q_pred_context=2.794154 sequence=32.453265
[plan] step=16 node=N1853 type=observe q_pred_context=1.799777 sequence=34.093042
[plan] step=17 node=N2082 type=observe q_pred_context=4.690242 sequence=38.683284
[plan] step=18 node=N2153 type=observe q_pred_context=4.581045 sequence=43.104329
[plan] step=19 node=N2101 type=observe q_pred_context=5.275446 sequence=48.290886
[plan] step=20 node=N1860 type=observe q_pred_context=4.776213 sequence=53.067099
[plan] step=21 node=N1372 type=observe q_pred_context=4.157704 sequence=57.224803
[plan] step=22 node=N496 type=control1 q_pred_context=6.767068 sequence=63.831871
[plan] step=23 node=N5723 type=control0 q_pred_context=6.126678 sequence=69.858549
[plan] step=24 node=N7516 type=observe q_pred_context=5.930014 sequence=75.788563
[plan] step=25 node=N582 type=control1 q_pred_context=4.179877 sequence=79.808439
[plan] step=26 node=N766 type=control1 q_pred_context=6.878461 sequence=86.526901
[plan] step=27 node=N5234 type=observe q_pred_context=4.286161 sequence=90.613061
[plan] step=28 node=N1437 type=control1 q_pred_context=4.510859 sequence=95.035031
[plan] step=29 node=N583 type=control1 q_pred_context=4.869888 sequence=99.790633
[plan] step=30 node=N2042 type=observe q_pred_context=5.207063 sequence=104.897696
[plan] step=31 node=N4670 type=control0 q_pred_context=6.390000 sequence=111.187696
[plan] step=32 node=N7511 type=control1 q_pred_context=3.420000 sequence=114.607696
[plan] step=33 node=N2044 type=observe q_pred_context=3.493544 sequence=117.941240
[plan] step=34 node=N7411 type=control1 q_pred_context=5.342346 sequence=123.169300
[plan] step=35 node=N2040 type=observe q_pred_context=5.919897 sequence=128.929197
[plan] step=36 node=N7413 type=control1 q_pred_context=5.479924 sequence=134.275788
[plan] step=37 node=N1532 type=observe q_pred_context=3.688826 sequence=137.850329
[plan] step=38 node=N4635 type=control0 q_pred_context=8.370000 sequence=146.106043
[plan] step=39 node=N7890 type=control1 q_pred_context=5.054581 sequence=151.160624
[plan] step=40 node=N7889 type=control1 q_pred_context=4.975255 sequence=156.002546
[plan] step=41 node=N7888 type=control1 q_pred_context=5.052340 sequence=160.921553
[plan] step=42 node=N7891 type=control1 q_pred_context=3.610236 sequence=164.398455
[plan] step=43 node=N7887 type=control1 q_pred_context=4.318221 sequence=168.583343
[plan] step=44 node=N7886 type=control1 q_pred_context=3.812831 sequence=172.262841
[plan] step=45 node=N7885 type=control1 q_pred_context=3.898255 sequence=176.027762
[plan] step=46 node=N7884 type=control1 q_pred_context=2.650926 sequence=178.545356
[plan] step=47 node=N7883 type=control1 q_pred_context=1.262753 sequence=179.674775
[plan] step=48 node=N3903 type=control0 q_pred_context=0.754420 sequence=180.314910
[plan] step=49 node=N4712 type=control0 q_pred_context=0.817081 sequence=181.017705
[plan] step=50 node=N4649 type=control0 q_pred_context=1.402689 sequence=182.306108
[plan] step=51 node=N713 type=observe q_pred_context=1.934567 sequence=184.151786
[plan] step=52 node=N4656 type=control0 q_pred_context=1.831011 sequence=185.868511
[plan] step=53 node=N724 type=observe q_pred_context=2.378162 sequence=188.086673
[plan] step=54 node=N704 type=observe q_pred_context=2.524297 sequence=190.450970
[plan] step=55 node=N7881 type=control1 q_pred_context=0.984601 sequence=191.435571
[plan] step=56 node=N3889 type=control0 q_pred_context=0.895319 sequence=192.216604
[plan] step=57 node=N4705 type=control0 q_pred_context=1.224043 sequence=193.326362
[plan] step=58 node=N3882 type=control0 q_pred_context=0.927702 sequence=194.139778
[plan] step=59 node=N3840 type=control0 q_pred_context=1.141569 sequence=195.167061
[plan] step=60 node=N4698 type=control0 q_pred_context=1.257819 sequence=196.310595
[plan] step=61 node=N3805 type=control0 q_pred_context=1.307459 sequence=197.503768
[plan] step=62 node=N3911 type=control0 q_pred_context=1.285039 sequence=198.588807
[plan] step=63 node=N3862 type=control0 q_pred_context=1.332795 sequence=199.721602
[plan] step=64 node=N3722 type=control0 q_pred_context=1.325170 sequence=200.846772
[plan] step=65 node=N4606 type=control0 q_pred_context=1.433537 sequence=202.080309
[plan] step=66 node=N4585 type=control0 q_pred_context=1.398166 sequence=203.278474
[plan] step=67 node=N4578 type=control0 q_pred_context=1.158909 sequence=204.237384
[plan] step=68 node=N4557 type=control0 q_pred_context=1.051546 sequence=205.088929
[plan] step=69 node=N7471 type=control0 q_pred_context=1.536229 sequence=206.425159
[plan] step=70 node=N4564 type=control0 q_pred_context=1.458112 sequence=207.683270
[plan] step=71 node=N4691 type=control0 q_pred_context=1.056518 sequence=208.625502
[plan] step=72 node=N4684 type=control0 q_pred_context=1.206209 sequence=209.717426
[plan] step=73 node=N4677 type=control0 q_pred_context=1.041439 sequence=210.644579
[plan] step=74 node=N725 type=observe q_pred_context=2.330472 sequence=212.815051
[plan] step=75 node=N4663 type=control0 q_pred_context=2.389135 sequence=215.089900
[plan] step=76 node=N4716 type=control0 q_pred_context=2.900113 sequence=217.856680
[plan] step=77 node=N519 type=control1 q_pred_context=2.537419 sequence=220.394098
[plan] step=78 node=N7724 type=control0 q_pred_context=1.801017 sequence=222.106227
[plan] step=79 node=N7854 type=control0 q_pred_context=3.776338 sequence=225.793676
[plan] step=80 node=N1539 type=control0 q_pred_context=2.686442 sequence=228.365833
[plan] step=81 node=N504 type=control1 q_pred_context=1.643798 sequence=229.909630
[plan] step=82 node=N7882 type=control1 q_pred_context=1.399271 sequence=231.175567
[plan] step=83 node=N3701 type=control0 q_pred_context=1.811638 sequence=232.787205
[plan] step=84 node=N7543 type=control0 q_pred_context=1.603135 sequence=234.276055
[plan] step=85 node=N7722 type=control0 q_pred_context=1.465544 sequence=235.608266
[plan] step=86 node=N516 type=control1 q_pred_context=1.214216 sequence=236.662482
[plan] step=87 node=N513 type=control1 q_pred_context=1.273905 sequence=237.776387
[plan] step=88 node=N555 type=control1 q_pred_context=0.992548 sequence=238.608935
[plan] step=89 node=N2083 type=observe q_pred_context=1.162822 sequence=239.657471
[plan] step=90 node=N556 type=control1 q_pred_context=1.090894 sequence=240.588365
[plan] step=91 node=N3896 type=control0 q_pred_context=1.438015 sequence=241.912094
[plan] step=92 node=N7721 type=control0 q_pred_context=3.468188 sequence=245.246949
[plan] step=93 node=N1411 type=control0 q_pred_context=3.002961 sequence=248.049910
[plan] step=94 node=N578 type=observe q_pred_context=5.658627 sequence=253.575203
[plan] step=95 node=N520 type=control1 q_pred_context=1.886447 sequence=255.301650
[plan] step=96 node=N7588 type=control1 q_pred_context=1.655164 sequence=256.867925
[plan] step=97 node=N7590 type=control1 q_pred_context=1.457540 sequence=258.192132
[plan] step=98 node=N3681 type=control0 q_pred_context=1.686665 sequence=259.778796
[plan] step=99 node=N7723 type=control0 q_pred_context=2.799821 sequence=262.445284
[plan] step=100 node=N7725 type=control0 q_pred_context=3.483591 sequence=265.795542
[plan] step=101 node=N4520 type=control0 q_pred_context=3.594099 sequence=269.189641
[plan] step=102 node=N7408 type=control0 q_pred_context=4.357152 sequence=273.346793
[plan] step=103 node=N7846 type=control0 q_pred_context=3.294970 sequence=276.441763
[plan] step=104 node=N7820 type=control0 q_pred_context=3.873854 sequence=280.201331
[plan] step=105 node=N634 type=control1 q_pred_context=3.370213 sequence=283.571544
[plan] step=106 node=N7870 type=control1 q_pred_context=2.343772 sequence=285.715316
[plan] step=107 node=N7853 type=control0 q_pred_context=2.097069 sequence=287.679051
[plan] step=108 node=N7852 type=control0 q_pred_context=3.385749 sequence=290.931467
[plan] step=109 node=N2580 type=control1 q_pred_context=3.242171 sequence=294.059353
[plan] step=110 node=N7541 type=control0 q_pred_context=6.110644 sequence=299.969996
[plan] step=111 node=N620 type=control1 q_pred_context=5.569116 sequence=305.450223
[plan] step=112 node=N7370 type=control1 q_pred_context=1.990753 sequence=307.326690
[plan] step=113 node=N3904 type=control0 q_pred_context=1.661990 sequence=308.788680
[plan] step=114 node=N3855 type=control0 q_pred_context=1.168044 sequence=309.756724
[plan] step=115 node=N3848 type=control0 q_pred_context=1.512975 sequence=311.069699
[plan] step=116 node=N3841 type=control0 q_pred_context=1.367347 sequence=312.237046
[plan] step=117 node=N5876 type=observe q_pred_context=3.681131 sequence=315.803891
[plan] step=118 node=N510 type=control1 q_pred_context=2.843828 sequence=318.514385
[plan] step=119 node=N694 type=observe q_pred_context=7.495855 sequence=325.850241
[plan] step=120 node=N638 type=control1 q_pred_context=1.646728 sequence=327.336969
[plan] step=121 node=N7627 type=observe q_pred_context=1.342088 sequence=328.545724
[plan] step=122 node=N3792 type=control0 q_pred_context=3.009031 sequence=331.354754
[plan] step=123 node=N7401 type=observe q_pred_context=3.870702 sequence=335.065456
[plan] step=124 node=N7679 type=observe q_pred_context=1.366828 sequence=336.298951
[plan] step=125 node=N3827 type=control0 q_pred_context=2.267417 sequence=338.366368
[plan] step=126 node=N5603 type=observe q_pred_context=1.320125 sequence=339.486493
[plan] step=127 node=N3820 type=control0 q_pred_context=1.361619 sequence=340.648112
[plan] step=128 node=N5356 type=observe q_pred_context=0.980203 sequence=341.428315
[plan] step=129 node=N2157 type=observe q_pred_context=2.673287 sequence=343.987316
[plan] step=130 node=N7421 type=control1 q_pred_context=2.099906 sequence=345.953889
[plan] step=131 node=N614 type=control1 q_pred_context=1.125762 sequence=346.919651
[plan] step=132 node=N645 type=control1 q_pred_context=1.676941 sequence=348.436592
[plan] step=133 node=N6533 type=observe q_pred_context=1.279229 sequence=349.715822
[plan] step=134 node=N5740 type=observe q_pred_context=1.306851 sequence=350.822673
[plan] step=135 node=N7385 type=observe q_pred_context=0.966924 sequence=351.589597
[plan] step=136 node=N2149 type=observe q_pred_context=2.057101 sequence=353.532411
[plan] step=137 node=N636 type=control1 q_pred_context=0.698645 sequence=354.071057
[plan] step=138 node=N5878 type=observe q_pred_context=1.413774 sequence=355.370545
[plan] step=139 node=N7614 type=observe q_pred_context=2.038271 sequence=357.275482
[plan] step=140 node=N616 type=control1 q_pred_context=1.893606 sequence=359.009089
[plan] step=141 node=N610 type=control1 q_pred_context=1.154595 sequence=360.003684
[plan] step=142 node=N723 type=observe q_pred_context=2.547743 sequence=362.391427
[plan] step=143 node=N5738 type=observe q_pred_context=1.039199 sequence=363.230626
[plan] step=144 node=N5874 type=observe q_pred_context=1.261605 sequence=364.377946
[plan] step=145 node=N2102 type=observe q_pred_context=1.348303 sequence=365.566249
[plan] step=146 node=N6531 type=observe q_pred_context=1.235459 sequence=366.687422
[plan] step=147 node=N7436 type=observe q_pred_context=0.945806 sequence=367.473228
[plan] step=148 node=N714 type=observe q_pred_context=2.056229 sequence=369.369458
[plan] step=149 node=N2106 type=observe q_pred_context=1.241572 sequence=370.451030
[plan] step=150 node=N715 type=observe q_pred_context=2.121087 sequence=372.412117
[plan] step=151 node=N3295 type=control1 q_pred_context=1.154355 sequence=373.566472
[plan] step=152 node=N630 type=control1 q_pred_context=1.833160 sequence=375.239632
[plan] step=153 node=N642 type=control1 q_pred_context=1.848116 sequence=376.927747
[plan] step=154 node=N649 type=control1 q_pred_context=2.111781 sequence=378.879528
[plan] step=155 node=N3525 type=control1 q_pred_context=0.767827 sequence=379.558466
[plan] step=156 node=N7892 type=control1 q_pred_context=0.910620 sequence=380.335753
[plan] step=157 node=N1607 type=control1 q_pred_context=2.044637 sequence=382.280390
[plan] step=158 node=N3410 type=control1 q_pred_context=0.715323 sequence=382.906825
[plan] step=159 node=N647 type=control1 q_pred_context=1.035341 sequence=383.782166
[plan] step=160 node=N1586 type=control1 q_pred_context=1.786662 sequence=385.408827
[plan] step=161 node=N7454 type=observe q_pred_context=1.961016 sequence=387.236510
[plan] step=162 node=N3180 type=control1 q_pred_context=0.718045 sequence=387.865667
[plan] step=163 node=N5473 type=observe q_pred_context=1.216376 sequence=388.882043
[plan] step=164 node=N712 type=observe q_pred_context=1.359564 sequence=390.081607
[plan] step=165 node=N3467 type=control1 q_pred_context=1.151910 sequence=391.144628
[plan] step=166 node=N2652 type=control1 q_pred_context=0.975206 sequence=392.030945
[plan] step=167 node=N2721 type=control1 q_pred_context=0.929751 sequence=392.871807
[plan] step=168 node=N3813 type=control0 q_pred_context=1.013435 sequence=393.685242
[plan] step=169 node=N2894 type=control1 q_pred_context=1.052382 sequence=394.648735
[plan] step=170 node=N7405 type=observe q_pred_context=1.160931 sequence=395.609666
[plan] step=171 node=N3799 type=control0 q_pred_context=0.735268 sequence=396.144934
[plan] step=172 node=N6685 type=observe q_pred_context=0.755362 sequence=396.786010
[plan] step=173 node=N722 type=observe q_pred_context=2.447191 sequence=399.073202
[plan] step=174 node=N705 type=observe q_pred_context=2.303334 sequence=401.216535
[plan] step=175 node=N5456 type=observe q_pred_context=2.272659 sequence=403.289195
[plan] step=176 node=N706 type=observe q_pred_context=1.881616 sequence=405.010811
[plan] step=177 node=N2952 type=control1 q_pred_context=1.743640 sequence=406.665562
[plan] step=178 node=N2779 type=control1 q_pred_context=1.187435 sequence=407.764108
[plan] step=179 node=N7424 type=control1 q_pred_context=0.785425 sequence=408.435247
[plan] step=180 node=N7873 type=control1 q_pred_context=0.786550 sequence=409.121798
[plan] step=181 node=N6678 type=observe q_pred_context=2.272720 sequence=411.280231
[plan] step=182 node=N2837 type=control1 q_pred_context=0.956284 sequence=412.147627
[plan] step=183 node=N3009 type=control1 q_pred_context=0.859696 sequence=412.918433
[plan] step=184 node=N7589 type=control1 q_pred_context=1.280931 sequence=414.066031
[plan] step=185 node=N3067 type=control1 q_pred_context=1.336424 sequence=415.313566
[plan] step=186 node=N8790 type=control1 q_pred_context=2.106553 sequence=417.320119
[plan] step=187 node=N7439 type=observe q_pred_context=4.088744 sequence=421.248863
[plan] step=188 node=N8240 type=control1 q_pred_context=2.592608 sequence=423.741471
[plan] step=189 node=N7414 type=control1 q_pred_context=1.776004 sequence=425.317476
[plan] step=190 node=N8789 type=control1 q_pred_context=2.833043 sequence=428.017185
[plan] step=191 node=N703 type=observe q_pred_context=1.658569 sequence=429.515754
[plan] step=192 node=N8239 type=control1 q_pred_context=5.744130 sequence=435.126551
[plan] step=193 node=N5422 type=observe q_pred_context=3.042924 sequence=437.969474
[plan] step=194 node=N679 type=observe q_pred_context=5.829269 sequence=443.638744
[plan] step=195 node=N8607 type=control1 q_pred_context=5.758635 sequence=449.297379
[plan] step=196 node=N5439 type=observe q_pred_context=2.665554 sequence=451.762933
[plan] step=197 node=N3785 type=control0 q_pred_context=4.814766 sequence=456.377699
[plan] step=198 node=N7442 type=control0 q_pred_context=6.982800 sequence=463.160498
[plan] step=199 node=N1987 type=observe q_pred_context=6.036256 sequence=469.082469
[plan] step=200 node=N6673 type=observe q_pred_context=5.842982 sequence=474.765452
[plan] step=201 node=N7404 type=observe q_pred_context=5.898185 sequence=480.503636
[plan] step=202 node=N5390 type=observe q_pred_context=4.056882 sequence=484.360519
[plan] step=203 node=N652 type=control1 q_pred_context=6.850576 sequence=491.096809
[plan] step=204 node=N5334 type=observe q_pred_context=6.900296 sequence=497.797105
[plan] step=205 node=N8238 type=control1 q_pred_context=5.686356 sequence=503.350128
[plan] step=206 node=N5373 type=observe q_pred_context=3.903618 sequence=507.053746
[plan] step=207 node=N8606 type=control1 q_pred_context=6.483587 sequence=513.404000
[plan] step=208 node=N8237 type=control1 q_pred_context=6.918942 sequence=520.189608
[plan] step=209 node=N5283 type=observe q_pred_context=5.073213 sequence=525.062821
[plan] step=210 node=N902 type=control1 q_pred_context=8.352883 sequence=533.255704
[plan] step=211 node=N6682 type=observe q_pred_context=3.387456 sequence=536.509827
[plan] step=212 node=N8605 type=control1 q_pred_context=3.325830 sequence=539.702323
[plan] step=213 node=N7380 type=observe q_pred_context=4.718305 sequence=544.220628
[plan] step=214 node=N2151 type=observe q_pred_context=7.066437 sequence=551.127065
[plan] step=215 node=N719 type=observe q_pred_context=2.045213 sequence=553.012278
[plan] step=216 node=N734 type=observe q_pred_context=6.059033 sequence=558.911311
[plan] step=217 node=N708 type=observe q_pred_context=6.419510 sequence=565.216535
[plan] step=218 node=N6668 type=observe q_pred_context=3.818171 sequence=568.874706
[plan] step=219 node=N699 type=observe q_pred_context=2.316273 sequence=571.030979
[plan] step=220 node=N8236 type=control1 q_pred_context=6.807119 sequence=577.704765
[plan] step=221 node=N1351 type=observe q_pred_context=1.305276 sequence=578.850041
[plan] step=222 node=N1879 type=observe q_pred_context=0.545648 sequence=579.235689
[plan] step=223 node=N515 type=control1 q_pred_context=3.231057 sequence=582.333412
[plan] step=224 node=N2159 type=observe q_pred_context=4.945054 sequence=587.118466
[plan] step=225 node=N7447 type=observe q_pred_context=4.751664 sequence=591.710130
[plan] step=226 node=N729 type=observe q_pred_context=3.024950 sequence=594.575080
[plan] step=227 node=N6660 type=observe q_pred_context=4.609562 sequence=599.051309
[plan] step=228 node=N686 type=observe q_pred_context=5.874962 sequence=604.766272
[plan] step=229 node=N689 type=observe q_pred_context=4.858201 sequence=609.464472
[plan] step=230 node=N2243 type=observe q_pred_context=5.601694 sequence=614.906166
[plan] step=231 node=N684 type=observe q_pred_context=5.927499 sequence=620.673665
[plan] step=232 node=N6736 type=control1 q_pred_context=5.740313 sequence=626.280644
[plan] step=233 node=N5726 type=control1 q_pred_context=1.078902 sequence=627.199547
[plan] step=234 node=N6730 type=control1 q_pred_context=1.523436 sequence=628.589649
[plan] step=235 node=N7444 type=observe q_pred_context=3.711411 sequence=632.141060
[plan] step=236 node=N8235 type=control1 q_pred_context=2.823703 sequence=634.831430
[plan] step=237 node=N6658 type=observe q_pred_context=6.825797 sequence=641.497227
[plan] step=238 node=N6734 type=control1 q_pred_context=1.442627 sequence=642.739855
[plan] step=239 node=N2271 type=observe q_pred_context=5.986139 sequence=648.565994
[plan] step=240 node=N8234 type=control1 q_pred_context=6.604141 sequence=655.036801
[plan] step=241 node=N5735 type=observe q_pred_context=6.885152 sequence=661.807667
[plan] step=242 node=N6593 type=control1 q_pred_context=3.013079 sequence=664.620746
[plan] step=243 node=N2259 type=observe q_pred_context=2.438576 sequence=666.899322
[plan] step=244 node=N8783 type=control1 q_pred_context=7.126754 sequence=673.926076
[plan] step=245 node=N765 type=observe q_pred_context=0.923869 sequence=674.689945
[plan] step=246 node=N8233 type=control1 q_pred_context=2.215291 sequence=676.771903
[plan] step=247 node=N5094 type=observe q_pred_context=6.762306 sequence=683.419923
[plan] step=248 node=N7391 type=observe q_pred_context=5.857113 sequence=689.117036
[plan] step=249 node=N5160 type=observe q_pred_context=2.086759 sequence=691.089510
[plan] step=250 node=N2267 type=observe q_pred_context=5.708869 sequence=696.638379
[plan] step=251 node=N5111 type=observe q_pred_context=5.355280 sequence=701.879373
[plan] step=252 node=N2263 type=observe q_pred_context=5.980600 sequence=707.699973
[plan] step=253 node=N6656 type=observe q_pred_context=7.005277 sequence=714.571917
[plan] step=254 node=N6537 type=observe q_pred_context=4.733538 sequence=719.305456
[plan] step=255 node=N4900 type=observe q_pred_context=1.389974 sequence=720.535429
[plan] step=256 node=N2251 type=observe q_pred_context=5.730000 sequence=726.105429
[plan] step=257 node=N6743 type=control1 q_pred_context=5.896334 sequence=731.887478
[plan] step=258 node=N697 type=observe q_pred_context=6.397674 sequence=738.125152
[plan] step=259 node=N8608 type=control1 q_pred_context=7.095062 sequence=745.086881
[plan] step=260 node=N696 type=observe q_pred_context=2.899312 sequence=747.826193
[plan] step=261 node=N6741 type=control1 q_pred_context=1.425710 sequence=749.137617
[plan] step=262 node=N2247 type=observe q_pred_context=4.002510 sequence=752.980127
[plan] step=263 node=N2358 type=control1 q_pred_context=3.957812 sequence=756.837939
[plan] step=264 node=N695 type=observe q_pred_context=1.794565 sequence=758.472504
[plan] step=265 node=N2072 type=observe q_pred_context=0.975762 sequence=759.288266
[plan] step=266 node=N6594 type=control1 q_pred_context=3.172362 sequence=762.346342
[plan] step=267 node=N4460 type=control0 q_pred_context=7.048702 sequence=769.195044
[plan] step=268 node=N6657 type=observe q_pred_context=4.822588 sequence=773.884299
[plan] step=269 node=N7440 type=observe q_pred_context=6.193467 sequence=779.877765
[plan] step=270 node=N1352 type=observe q_pred_context=5.396339 sequence=785.159819
[plan] step=271 node=N680 type=observe q_pred_context=6.022351 sequence=791.022170
[plan] step=272 node=N7452 type=observe q_pred_context=6.501315 sequence=797.363484
[plan] step=273 node=N732 type=observe q_pred_context=5.993683 sequence=803.197167
[plan] step=274 node=N6659 type=observe q_pred_context=1.176949 sequence=804.274116
[plan] step=275 node=N756 type=observe q_pred_context=4.660749 sequence=808.774865
[plan] step=276 node=N2216 type=observe q_pred_context=5.862556 sequence=814.477421
[plan] step=277 node=N4421 type=control0 q_pred_context=7.052733 sequence=821.330154
[plan] step=278 node=N7425 type=observe q_pred_context=3.308085 sequence=824.504905
saved=autoresearch/loop-260718-0223/quantized_repeats_b15_round13/q0p001_p0p8_d8__r2/b15_C/plans/iscas99__b15_1__greedy__cumulative__q_pred_context__bw1__d1__c48__g1p0__candhard_fault_cluster__div0p8__s0.csv
