test_en->__tpi_cp_7_new_n9466 /0 undetected
test_en->__tpi_cp_27___buf_split_7516 /0 undetected
__tpi_cp_27___buf_split_7516 /1 undetected
test_en->__tpi_cp_21___buf_split_7515 /0 undetected
__tpi_not_test_en->__tpi_cp_10___aig_not_12754 /1 undetected
__aig_not_12750 /1 undetected
__buf_split_7514 /1 undetected
__tpi_not_test_en->__tpi_cp_20___aig_not_12747 /1 undetected
__tpi_cp_20___aig_not_12747 /1 undetected
__aig_not_12747 /1 undetected
test_en->__tpi_cp_29___aig_and_12746 /0 undetected
__aig_not_12743 /1 undetected
test_en->__tpi_cp_22___buf_split_7510 /0 undetected
test_en->__tpi_cp_1_new_n5599 /0 undetected
test_en->__tpi_cp_24_new_n5595 /0 undetected
__tpi_not_test_en->__tpi_cp_26___aig_not_12710 /1 undetected
__tpi_not_test_en->__tpi_cp_28___buf_split_7488 /1 undetected
__tpi_not_test_en->__tpi_cp_15___aig_not_12709 /1 undetected
test_en->__tpi_cp_11_new_n5598 /0 undetected
test_en->__tpi_cp_23_new_n5587 /0 undetected
test_en->__tpi_cp_5_new_n5580 /0 undetected
test_en->__tpi_cp_16___aig_and_12677 /0 undetected
__tpi_not_test_en->__tpi_cp_25___aig_not_12681 /1 undetected
test_en->__tpi_cp_14_new_n5578 /0 undetected
__tpi_not_test_en->__tpi_cp_18___buf_split_7467 /1 undetected
__buf_split_7031 /1 undetected
__aig_not_11916 /1 undetected
__buf_split_7029 /1 undetected
test_en->__tpi_cp_6___buf_split_7027 /0 undetected
__aig_not_11913 /1 undetected
test_en->__tpi_cp_0___buf_split_7025 /0 undetected
__aig_not_26 /1 undetected
__buf_split_19 /1 undetected
__buf_split_18 /1 undetected
__aig_not_21 /1 undetected
__aig_not_19 /1 undetected
__buf_split_10 /1 undetected
__buf_split_6 /1 undetected
__buf_split_5 /1 undetected
__aig_not_3 /1 undetected
__aig_not_1 /1 undetected
