[plan] step=1 node=N24081 type=observe reward_pred=0.065235 sequence=0.065235
[plan] step=2 node=N42299 type=observe reward_pred=0.068306 sequence=0.133541
[plan] step=3 node=__buf_split_217 type=control0 reward_pred=0.046990 sequence=0.180531
[plan] step=4 node=N48467 type=observe reward_pred=0.192226 sequence=0.372757
[plan] step=5 node=__buf_split_217 type=control1 reward_pred=0.218287 sequence=0.591044
[plan] step=6 node=__buf_split_184 type=control1 reward_pred=0.241964 sequence=0.833008
[plan] step=7 node=__buf_split_184 type=control0 reward_pred=0.267485 sequence=1.100492
[plan] step=8 node=N826 type=observe reward_pred=0.303562 sequence=1.404054
[plan] step=9 node=N29757 type=observe reward_pred=0.250373 sequence=1.654428
[plan] step=10 node=N29794 type=observe reward_pred=0.451031 sequence=2.105459
[plan] step=11 node=N29819 type=observe reward_pred=1.565534 sequence=3.670992
[plan] step=12 node=N8840 type=observe reward_pred=3.894027 sequence=7.565020
[plan] step=13 node=N21946 type=observe reward_pred=5.109072 sequence=12.674092
[plan] step=14 node=N21937 type=observe reward_pred=6.503173 sequence=19.177265
[plan] step=15 node=N42301 type=observe reward_pred=8.429086 sequence=27.606351
[plan] step=16 node=N42300 type=observe reward_pred=10.925411 sequence=38.531762
[plan] step=17 node=N48469 type=observe reward_pred=14.119869 sequence=52.651631
[plan] step=18 node=N8815 type=observe reward_pred=17.946327 sequence=70.597958
[plan] step=19 node=N8687 type=observe reward_pred=23.287460 sequence=93.885419
[plan] step=20 node=N8644 type=observe reward_pred=30.382191 sequence=124.267609
[plan] step=21 node=N8682 type=observe reward_pred=39.573410 sequence=163.841019
[plan] step=22 node=N34078 type=observe reward_pred=51.946049 sequence=215.787068
[plan] step=23 node=N8672 type=observe reward_pred=67.001045 sequence=282.788113
[plan] step=24 node=N8662 type=observe reward_pred=86.380661 sequence=369.168774
[plan] step=25 node=N8667 type=observe reward_pred=110.803261 sequence=479.972035
[plan] step=26 node=N8677 type=observe reward_pred=141.380493 sequence=621.352528
[plan] step=27 node=N21039 type=observe reward_pred=179.464737 sequence=800.817265
[plan] step=28 node=N21048 type=observe reward_pred=227.131500 sequence=1027.948766
[plan] step=29 node=N22482 type=observe reward_pred=286.734863 sequence=1314.683629
[plan] step=30 node=N1442 type=observe reward_pred=361.297089 sequence=1675.980717
[plan] step=31 node=N22470 type=observe reward_pred=454.580139 sequence=2130.560857
[plan] step=32 node=N1437 type=observe reward_pred=571.277344 sequence=2701.838200
[plan] step=33 node=N22446 type=observe reward_pred=717.167847 sequence=3419.006047
[plan] step=34 node=N21047 type=observe reward_pred=899.631348 sequence=4318.637395
[plan] step=35 node=N21038 type=observe reward_pred=1127.852539 sequence=5446.489934
[plan] step=36 node=N22458 type=observe reward_pred=1413.220581 sequence=6859.710515
[plan] step=37 node=N21945 type=observe reward_pred=1770.133057 sequence=8629.843571
[plan] step=38 node=N21936 type=observe reward_pred=2216.372314 sequence=10846.215886
[plan] step=39 node=N22420 type=observe reward_pred=2774.436523 sequence=13620.652409
[plan] step=40 node=N22433 type=observe reward_pred=3472.373047 sequence=17093.025456
[plan] step=41 node=N22481 type=observe reward_pred=4345.223633 sequence=21438.249089
[plan] step=42 node=N22469 type=observe reward_pred=5436.798828 sequence=26875.047917
[plan] step=43 node=N1241 type=observe reward_pred=6809.700684 sequence=33684.748601
[plan] step=44 node=N38623 type=observe reward_pred=8518.489258 sequence=42203.237859
[plan] step=45 node=N22445 type=observe reward_pred=10655.705078 sequence=52858.942937
[plan] step=46 node=N38593 type=observe reward_pred=13328.513672 sequence=66187.456609
[plan] step=47 node=N22457 type=observe reward_pred=16671.082031 sequence=82858.538640
[plan] step=48 node=N14782 type=observe reward_pred=20851.199219 sequence=103709.737859
[plan] step=49 node=N1440 type=observe reward_pred=26078.810547 sequence=129788.548405
[plan] step=50 node=N1435 type=observe reward_pred=32616.412109 sequence=162404.960515
[plan] step=51 node=N38608 type=observe reward_pred=40792.253906 sequence=203197.214421
[plan] step=52 node=N38578 type=observe reward_pred=51016.855469 sequence=254214.069890
[plan] step=53 node=N1439 type=observe reward_pred=63803.628906 sequence=318017.698796
[plan] step=54 node=N1434 type=observe reward_pred=79794.617188 sequence=397812.315984
[plan] step=55 node=N4490 type=observe reward_pred=99807.125000 sequence=497619.440984
[plan] step=56 node=N29792 type=observe reward_pred=124825.226562 sequence=622444.667546
[plan] step=57 node=N8745 type=observe reward_pred=156107.343750 sequence=778552.011296
[plan] step=58 node=N8692 type=observe reward_pred=195229.125000 sequence=973781.136296
[plan] step=59 node=__buf_split_19583 type=observe reward_pred=244162.250000 sequence=1217943.386296
[plan] step=60 node=N29800 type=observe reward_pred=305349.000000 sequence=1523292.386296
[plan] step=61 node=N1438 type=observe reward_pred=381868.125000 sequence=1905160.511296
[plan] step=62 node=N1433 type=observe reward_pred=477561.968750 sequence=2382722.480046
[plan] step=63 node=N38533 type=observe reward_pred=597235.312500 sequence=2979957.792546
[plan] step=64 node=N22419 type=observe reward_pred=746897.187500 sequence=3726854.980046
[plan] step=65 node=N22432 type=observe reward_pred=934062.312500 sequence=4660917.292546
[plan] step=66 node=N4689 type=observe reward_pred=1168128.750000 sequence=5829046.042546
[plan] step=67 node=N4690 type=observe reward_pred=1460848.875000 sequence=7289894.917546
[plan] step=68 node=N38524 type=observe reward_pred=1826920.625000 sequence=9116815.542546
[plan] step=69 node=N38563 type=observe reward_pred=2284725.000000 sequence=11401540.542546
[plan] step=70 node=N48468 type=observe reward_pred=2857249.250000 sequence=14258789.792546
[plan] step=71 node=N4687 type=observe reward_pred=3573240.000000 sequence=17832029.792546
[plan] step=72 node=N38515 type=observe reward_pred=4468649.000000 sequence=22300678.792546
[plan] step=73 node=N4684 type=observe reward_pred=5588435.000000 sequence=27889113.792546
[plan] step=74 node=N4685 type=observe reward_pred=6988825.000000 sequence=34877938.792546
[plan] step=75 node=N4692 type=observe reward_pred=8740132.000000 sequence=43618070.792546
[plan] step=76 node=N38548 type=observe reward_pred=10930297.000000 sequence=54548367.792546
[plan] step=77 node=N38449 type=observe reward_pred=13669284.000000 sequence=68217651.792546
[plan] step=78 node=N38458 type=observe reward_pred=17094628.000000 sequence=85312279.792546
[plan] step=79 node=N38491 type=observe reward_pred=21378316.000000 sequence=106690595.792546
[plan] step=80 node=N22605 type=observe reward_pred=26735438.000000 sequence=133426033.792546
[plan] step=81 node=N38467 type=observe reward_pred=33434984.000000 sequence=166861017.792546
[plan] step=82 node=N38500 type=observe reward_pred=41813344.000000 sequence=208674361.792546
[plan] step=83 node=N38482 type=observe reward_pred=52291220.000000 sequence=260965581.792546
[plan] step=84 node=N23208 type=observe reward_pred=65394692.000000 sequence=326360273.792546
[plan] step=85 node=N4683 type=observe reward_pred=81781728.000000 sequence=408142001.792546
[plan] step=86 node=N4688 type=observe reward_pred=102275136.000000 sequence=510417137.792546
[plan] step=87 node=N38638 type=observe reward_pred=127903936.000000 sequence=638321073.792546
[plan] step=88 node=N38443 type=observe reward_pred=159954976.000000 sequence=798276049.792546
[plan] step=89 node=__buf_split_10166 type=observe reward_pred=200037472.000000 sequence=998313521.792546
[plan] step=90 node=N38452 type=observe reward_pred=250164224.000000 sequence=1248477745.792546
[plan] step=91 node=N38461 type=observe reward_pred=312851968.000000 sequence=1561329713.792546
[plan] step=92 node=N38572 type=observe reward_pred=391248480.000000 sequence=1952578193.792546
[plan] step=93 node=N38506 type=observe reward_pred=489290304.000000 sequence=2441868497.792546
[plan] step=94 node=__buf_split_12982 type=observe reward_pred=611899904.000000 sequence=3053768401.792546
[plan] step=95 node=N38581 type=observe reward_pred=765233856.000000 sequence=3819002257.792546
[plan] step=96 node=N38575 type=observe reward_pred=956991168.000000 sequence=4775993425.792546
[plan] step=97 node=N38596 type=observe reward_pred=1196800384.000000 sequence=5972793809.792546
[plan] step=98 node=N38464 type=observe reward_pred=1496702720.000000 sequence=7469496529.792546
[plan] step=99 node=__buf_split_12981 type=observe reward_pred=1871756928.000000 sequence=9341253457.792545
[plan] step=100 node=N4083 type=observe reward_pred=2340793856.000000 sequence=11682047313.792545
[plan] step=101 node=__buf_split_12980 type=observe reward_pred=2927365120.000000 sequence=14609412433.792545
[plan] step=102 node=__buf_split_10167 type=observe reward_pred=3660924160.000000 sequence=18270336593.792545
[plan] step=103 node=N38503 type=observe reward_pred=4578302976.000000 sequence=22848639569.792545
[plan] step=104 node=__buf_split_10165 type=observe reward_pred=5725562880.000000 sequence=28574202449.792545
[plan] step=105 node=N38470 type=observe reward_pred=7160313344.000000 sequence=35734515793.792542
[plan] step=106 node=N38611 type=observe reward_pred=8954593280.000000 sequence=44689109073.792542
[plan] step=107 node=N857 type=observe reward_pred=11198494720.000000 sequence=55887603793.792542
[plan] step=108 node=N38512 type=observe reward_pred=14004689920.000000 sequence=69892293713.792542
[plan] step=109 node=__buf_split_19584 type=observe reward_pred=17514082304.000000 sequence=87406376017.792542
[plan] step=110 node=N26421 type=observe reward_pred=21902880768.000000 sequence=109309256785.792542
[plan] step=111 node=N8163 type=observe reward_pred=27391447040.000000 sequence=136700703825.792542
[plan] step=112 node=N27267 type=observe reward_pred=34255378432.000000 sequence=170956082257.792542
[plan] step=113 node=N24931 type=observe reward_pred=42839310336.000000 sequence=213795392593.792542
[plan] step=114 node=N4112 type=observe reward_pred=53574270976.000000 sequence=267369663569.792542
[plan] step=115 node=N38614 type=observe reward_pred=66999259136.000000 sequence=334368922705.792542
[plan] step=116 node=N39470 type=control0 reward_pred=83788374016.000000 sequence=418157296721.792542
[plan] step=117 node=N39470 type=control1 reward_pred=104784609280.000000 sequence=522941906001.792542
[plan] step=118 node=N14471 type=observe reward_pred=131042246656.000000 sequence=653984152657.792480
[plan] step=119 node=N39437 type=control0 reward_pred=163879682048.000000 sequence=817863834705.792480
[plan] step=120 node=N14400 type=observe reward_pred=204945719296.000000 sequence=1022809554001.792480
[plan] step=121 node=N39437 type=control1 reward_pred=256302481408.000000 sequence=1279112035409.792480
[plan] step=122 node=N38476 type=observe reward_pred=320528449536.000000 sequence=1599640484945.792480
[plan] step=123 node=N38584 type=observe reward_pred=400848519168.000000 sequence=2000489004113.792480
[plan] step=124 node=N38485 type=observe reward_pred=501295841280.000000 sequence=2501784845393.792480
[plan] step=125 node=N38494 type=observe reward_pred=626914099200.000000 sequence=3128698944593.792480
[plan] step=126 node=N38587 type=observe reward_pred=784010248192.000000 sequence=3912709192785.792480
[plan] step=127 node=N38617 type=observe reward_pred=980473085952.000000 sequence=4893182278737.792969
[plan] step=128 node=N38602 type=observe reward_pred=1226166501376.000000 sequence=6119348780113.792969
[plan] step=129 node=N38626 type=observe reward_pred=1533427843072.000000 sequence=7652776623185.792969
[plan] step=130 node=N38509 type=observe reward_pred=1917684023296.000000 sequence=9570460646481.792969
[plan] step=131 node=N38527 type=observe reward_pred=2398229889024.000000 sequence=11968690535505.792969
[plan] step=132 node=N38518 type=observe reward_pred=2999194746880.000000 sequence=14967885282385.792969
[plan] step=133 node=N38536 type=observe reward_pred=3750752419840.000000 sequence=18718637702225.792969
[plan] step=134 node=N38542 type=observe reward_pred=4690640109568.000000 sequence=23409277811793.792969
[plan] step=135 node=N38551 type=observe reward_pred=5866051862528.000000 sequence=29275329674321.792969
[plan] step=136 node=N38557 type=observe reward_pred=7336006516736.000000 sequence=36611336191057.796875
[plan] step=137 node=N38566 type=observe reward_pred=9174312288256.000000 sequence=45785648479313.796875
[plan] step=138 node=N14728 type=observe reward_pred=11473272176640.000000 sequence=57258920655953.796875
[plan] step=139 node=N38446 type=observe reward_pred=14348321816576.000000 sequence=71607242472529.796875
[plan] step=140 node=N38455 type=observe reward_pred=17943819714560.000000 sequence=89551062187089.796875
[plan] step=141 node=N38473 type=observe reward_pred=22440306540544.000000 sequence=111991368727633.796875
[plan] step=142 node=N38479 type=observe reward_pred=28063555387392.000000 sequence=140054924115025.796875
[plan] step=143 node=N38545 type=observe reward_pred=35095893245952.000000 sequence=175150817360977.812500
[plan] step=144 node=N38488 type=observe reward_pred=43890459541504.000000 sequence=219041276902481.812500
[plan] step=145 node=N38497 type=observe reward_pred=54888830599168.000000 sequence=273930107501649.812500
[plan] step=146 node=N38590 type=observe reward_pred=68643249455104.000000 sequence=342573356956753.812500
[plan] step=147 node=N14779 type=observe reward_pred=85844341817344.000000 sequence=428417698774097.812500
[plan] step=148 node=N38632 type=observe reward_pred=107355735851008.000000 sequence=535773434625105.812500
[plan] step=149 node=N38641 type=observe reward_pred=134257657774080.000000 sequence=670031092399185.750000
[plan] step=150 node=N38599 type=observe reward_pred=167900807692288.000000 sequence=837931900091473.750000
[plan] step=151 node=N38620 type=observe reward_pred=209974508650496.000000 sequence=1047906408741969.750000
[plan] step=152 node=N38605 type=observe reward_pred=262591347687424.000000 sequence=1310497756429393.750000
[plan] step=153 node=N38530 type=observe reward_pred=328393266561024.000000 sequence=1638891022990417.750000
[plan] step=154 node=N14784 type=observe reward_pred=410684202418176.000000 sequence=2049575225408593.750000
[plan] step=155 node=N38629 type=observe reward_pred=513596215787520.000000 sequence=2563171441196114.000000
[plan] step=156 node=N38521 type=observe reward_pred=642296521424896.000000 sequence=3205467962621010.000000
[plan] step=157 node=N38539 type=observe reward_pred=803247468052480.000000 sequence=4008715430673490.000000
[plan] step=158 node=N58872 type=observe reward_pred=1004530774835200.000000 sequence=5013246205508690.000000
[plan] step=159 node=N14781 type=observe reward_pred=1256252566929408.000000 sequence=6269498772438098.000000
[plan] step=160 node=N8742 type=observe reward_pred=1571053268631552.000000 sequence=7840552041069650.000000
[plan] step=161 node=N38554 type=observe reward_pred=1964737889828864.000000 sequence=9805289930898514.000000
[plan] step=162 node=N38560 type=observe reward_pred=2457075359678464.000000 sequence=12262365290576978.000000
[plan] step=163 node=N38569 type=observe reward_pred=3072786033541120.000000 sequence=15335151324118098.000000
[plan] step=164 node=N38635 type=observe reward_pred=3842783743836160.000000 sequence=19177935067954256.000000
[plan] step=165 node=N34098 type=observe reward_pred=4805734470516736.000000 sequence=23983669538470992.000000
[plan] step=166 node=N38644 type=observe reward_pred=6009988002611200.000000 sequence=29993657541082192.000000
[plan] step=167 node=N14780 type=observe reward_pred=7516011305631744.000000 sequence=37509668846713936.000000
[plan] step=168 node=N8743 type=observe reward_pred=9399424258146304.000000 sequence=46909093104860240.000000
[plan] step=169 node=N8744 type=observe reward_pred=11754797208174592.000000 sequence=58663890313034832.000000
[plan] step=170 node=N21930 type=observe reward_pred=14700395301437440.000000 sequence=73364285614472272.000000
[plan] step=171 node=__buf_split_21819 type=observe reward_pred=18384117884256256.000000 sequence=91748403498728528.000000
[plan] step=172 node=N14786 type=observe reward_pred=22990927723233280.000000 sequence=114739331221961808.000000
[plan] step=173 node=N4686 type=observe reward_pred=28752153904414720.000000 sequence=143491485126376528.000000
[plan] step=174 node=N4691 type=observe reward_pred=35957064622669824.000000 sequence=179448549749046336.000000
[plan] step=175 node=N21932 type=observe reward_pred=44967431415791616.000000 sequence=224415981164837952.000000
[plan] step=176 node=N21934 type=observe reward_pred=56235656073969664.000000 sequence=280651637238807616.000000
[plan] step=177 node=N21939 type=observe reward_pred=70327568326197248.000000 sequence=350979205565004864.000000
[plan] step=178 node=N21941 type=observe reward_pred=87950742559653888.000000 sequence=438929948124658752.000000
[plan] step=179 node=N21943 type=observe reward_pred=109990015051759616.000000 sequence=548919963176418368.000000
[plan] step=180 node=N21041 type=observe reward_pred=137552082910576640.000000 sequence=686472046086994944.000000
[plan] step=181 node=N1436 type=observe reward_pred=172020793188810752.000000 sequence=858492839275805696.000000
[plan] step=182 node=N1441 type=observe reward_pred=215126940397338624.000000 sequence=1073619779673144320.000000
[plan] step=183 node=N8768 type=observe reward_pred=269034895995568128.000000 sequence=1342654675668712448.000000
[plan] step=184 node=N21032 type=observe reward_pred=336451417092915200.000000 sequence=1679106092761627648.000000
[plan] step=185 node=N21034 type=observe reward_pred=420761796912087040.000000 sequence=2099867889673714688.000000
[plan] step=186 node=N21036 type=observe reward_pred=526198880342114304.000000 sequence=2626066770015828992.000000
[plan] step=187 node=N21043 type=observe reward_pred=658057434346029056.000000 sequence=3284124204361858048.000000
[plan] step=188 node=__buf_split_4147 type=observe reward_pred=822957996391792640.000000 sequence=4107082200753650688.000000
[plan] step=189 node=N21045 type=observe reward_pred=1029180129554726912.000000 sequence=5136262330308377600.000000
[plan] step=190 node=N14789 type=observe reward_pred=1287078965625749504.000000 sequence=6423341295934127104.000000
[plan] step=191 node=__buf_split_3777 type=observe reward_pred=1609604071520468992.000000 sequence=8032945367454596096.000000
[plan] step=192 node=__buf_split_3770 type=observe reward_pred=2012948779614863360.000000 sequence=10045894147069460480.000000
[plan] step=193 node=__buf_split_3769 type=observe reward_pred=2517367056165240832.000000 sequence=12563261203234701312.000000
[plan] step=194 node=N58871 type=observe reward_pred=3148186014078468096.000000 sequence=15711447217313169408.000000
[plan] step=195 node=__buf_split_21818 type=observe reward_pred=3937079009937981440.000000 sequence=19648526227251150848.000000
[plan] step=196 node=__buf_split_3768 type=observe reward_pred=4923659248669294592.000000 sequence=24572185475920445440.000000
[plan] step=197 node=__buf_split_3776 type=observe reward_pred=6157462477882785792.000000 sequence=30729647953803231232.000000
[plan] step=198 node=N14760 type=observe reward_pred=7700439580733865984.000000 sequence=38430087534537097216.000000
[plan] step=199 node=N8811 type=observe reward_pred=9630067094317957120.000000 sequence=48060154628855054336.000000
[plan] step=200 node=N5773 type=observe reward_pred=nan sequence=nan
[plan] step=201 node=N2566 type=observe reward_pred=nan sequence=nan
[plan] step=202 node=N22426 type=observe reward_pred=nan sequence=nan
[plan] step=203 node=N22429 type=observe reward_pred=nan sequence=nan
[plan] step=204 node=N22410 type=observe reward_pred=nan sequence=nan
[plan] step=205 node=N22413 type=observe reward_pred=nan sequence=nan
[plan] step=206 node=N22416 type=observe reward_pred=nan sequence=nan
[plan] step=207 node=N22423 type=observe reward_pred=nan sequence=nan
[plan] step=208 node=N22461 type=observe reward_pred=nan sequence=nan
[plan] step=209 node=N22466 type=observe reward_pred=nan sequence=nan
[plan] step=210 node=N22473 type=observe reward_pred=nan sequence=nan
[plan] step=211 node=N22478 type=observe reward_pred=nan sequence=nan
[plan] step=212 node=N22436 type=observe reward_pred=nan sequence=nan
[plan] step=213 node=N22439 type=observe reward_pred=nan sequence=nan
[plan] step=214 node=N22442 type=observe reward_pred=nan sequence=nan
[plan] step=215 node=N22449 type=observe reward_pred=nan sequence=nan
[plan] step=216 node=N22454 type=observe reward_pred=nan sequence=nan
[plan] step=217 node=N34149 type=observe reward_pred=nan sequence=nan
[plan] step=218 node=N22485 type=observe reward_pred=nan sequence=nan
[plan] step=219 node=N21929 type=observe reward_pred=nan sequence=nan
[plan] step=220 node=N21931 type=observe reward_pred=nan sequence=nan
[plan] step=221 node=N21933 type=observe reward_pred=nan sequence=nan
[plan] step=222 node=N21935 type=observe reward_pred=nan sequence=nan
[plan] step=223 node=N21938 type=observe reward_pred=nan sequence=nan
[plan] step=224 node=N21940 type=observe reward_pred=nan sequence=nan
[plan] step=225 node=N21942 type=observe reward_pred=nan sequence=nan
[plan] step=226 node=N21944 type=observe reward_pred=nan sequence=nan
[plan] step=227 node=N21031 type=observe reward_pred=nan sequence=nan
[plan] step=228 node=N21033 type=observe reward_pred=nan sequence=nan
[plan] step=229 node=N21035 type=observe reward_pred=nan sequence=nan
[plan] step=230 node=N21037 type=observe reward_pred=nan sequence=nan
[plan] step=231 node=N21040 type=observe reward_pred=nan sequence=nan
[plan] step=232 node=N21042 type=observe reward_pred=nan sequence=nan
[plan] step=233 node=N21044 type=observe reward_pred=nan sequence=nan
[plan] step=234 node=N21046 type=observe reward_pred=nan sequence=nan
[plan] step=235 node=N22092 type=control1 reward_pred=nan sequence=nan
[plan] step=236 node=N22093 type=control1 reward_pred=nan sequence=nan
[plan] step=237 node=N21194 type=control1 reward_pred=nan sequence=nan
[plan] step=238 node=N22094 type=control1 reward_pred=nan sequence=nan
[plan] step=239 node=N21195 type=control1 reward_pred=nan sequence=nan
[plan] step=240 node=N1678 type=control1 reward_pred=nan sequence=nan
[plan] step=241 node=N21206 type=control1 reward_pred=nan sequence=nan
[plan] step=242 node=__buf_split_20084 type=observe reward_pred=nan sequence=nan
[plan] step=243 node=__buf_split_20085 type=observe reward_pred=nan sequence=nan
[plan] step=244 node=__buf_split_20087 type=observe reward_pred=nan sequence=nan
[plan] step=245 node=__buf_split_13652 type=observe reward_pred=nan sequence=nan
[plan] step=246 node=__buf_split_11422 type=observe reward_pred=nan sequence=nan
[plan] step=247 node=__buf_split_13653 type=observe reward_pred=nan sequence=nan
[plan] step=248 node=__buf_split_11423 type=observe reward_pred=nan sequence=nan
[plan] step=249 node=N14740 type=observe reward_pred=nan sequence=nan
[plan] step=250 node=__buf_split_20079 type=observe reward_pred=nan sequence=nan
[plan] step=251 node=N8630 type=observe reward_pred=nan sequence=nan
[plan] step=252 node=__buf_split_20106 type=observe reward_pred=nan sequence=nan
[plan] step=253 node=__buf_split_20109 type=observe reward_pred=nan sequence=nan
[plan] step=254 node=__buf_split_20091 type=observe reward_pred=nan sequence=nan
[plan] step=255 node=__buf_split_20112 type=observe reward_pred=nan sequence=nan
[plan] step=256 node=N49273 type=observe reward_pred=nan sequence=nan
[plan] step=257 node=N49274 type=observe reward_pred=nan sequence=nan
[plan] step=258 node=N49276 type=observe reward_pred=nan sequence=nan
[plan] step=259 node=__buf_split_20107 type=observe reward_pred=nan sequence=nan
[plan] step=260 node=__buf_split_20088 type=observe reward_pred=nan sequence=nan
[plan] step=261 node=__buf_split_20110 type=observe reward_pred=nan sequence=nan
[plan] step=262 node=N27224 type=observe reward_pred=nan sequence=nan
[plan] step=263 node=__buf_split_20092 type=observe reward_pred=nan sequence=nan
[plan] step=264 node=__buf_split_20113 type=observe reward_pred=nan sequence=nan
[plan] step=265 node=N22686 type=observe reward_pred=nan sequence=nan
[plan] step=266 node=N14809 type=observe reward_pred=nan sequence=nan
[plan] step=267 node=__buf_split_20089 type=observe reward_pred=nan sequence=nan
[plan] step=268 node=N4945 type=control1 reward_pred=nan sequence=nan
[plan] step=269 node=__buf_split_20098 type=observe reward_pred=nan sequence=nan
[plan] step=270 node=__buf_split_20101 type=observe reward_pred=nan sequence=nan
[plan] step=271 node=__buf_split_20083 type=observe reward_pred=nan sequence=nan
[plan] step=272 node=N40933 type=control0 reward_pred=nan sequence=nan
[plan] step=273 node=N40933 type=control1 reward_pred=nan sequence=nan
[plan] step=274 node=N40961 type=control0 reward_pred=nan sequence=nan
[plan] step=275 node=N40961 type=control1 reward_pred=nan sequence=nan
[plan] step=276 node=N40837 type=control0 reward_pred=nan sequence=nan
[plan] step=277 node=N40837 type=control1 reward_pred=nan sequence=nan
[plan] step=278 node=N40909 type=control0 reward_pred=nan sequence=nan
[plan] step=279 node=N40909 type=control1 reward_pred=nan sequence=nan
[plan] step=280 node=N39469 type=control0 reward_pred=nan sequence=nan
[plan] step=281 node=N39469 type=control1 reward_pred=nan sequence=nan
[plan] step=282 node=N39436 type=control0 reward_pred=nan sequence=nan
[plan] step=283 node=N39436 type=control1 reward_pred=nan sequence=nan
[plan] step=284 node=N40890 type=control0 reward_pred=nan sequence=nan
[plan] step=285 node=N40890 type=control1 reward_pred=nan sequence=nan
[plan] step=286 node=N39572 type=control0 reward_pred=nan sequence=nan
[plan] step=287 node=N39572 type=control1 reward_pred=nan sequence=nan
[plan] step=288 node=N40952 type=control0 reward_pred=nan sequence=nan
[plan] step=289 node=N40952 type=control1 reward_pred=nan sequence=nan
[plan] step=290 node=N39494 type=control0 reward_pred=nan sequence=nan
[plan] step=291 node=N39494 type=control1 reward_pred=nan sequence=nan
[plan] step=292 node=N40862 type=control0 reward_pred=nan sequence=nan
[plan] step=293 node=N40862 type=control1 reward_pred=nan sequence=nan
[plan] step=294 node=N41205 type=control0 reward_pred=nan sequence=nan
[plan] step=295 node=N41205 type=control1 reward_pred=nan sequence=nan
[plan] step=296 node=N39515 type=control0 reward_pred=nan sequence=nan
[plan] step=297 node=N39515 type=control1 reward_pred=nan sequence=nan
[plan] step=298 node=N40918 type=control0 reward_pred=nan sequence=nan
[plan] step=299 node=N40918 type=control1 reward_pred=nan sequence=nan
[plan] step=300 node=N40938 type=control0 reward_pred=nan sequence=nan
[plan] step=301 node=N40938 type=control1 reward_pred=nan sequence=nan
[plan] step=302 node=N41170 type=control0 reward_pred=nan sequence=nan
[plan] step=303 node=N41170 type=control1 reward_pred=nan sequence=nan
[plan] step=304 node=N39446 type=control0 reward_pred=nan sequence=nan
[plan] step=305 node=N39446 type=control1 reward_pred=nan sequence=nan
[plan] step=306 node=N40847 type=control0 reward_pred=nan sequence=nan
[plan] step=307 node=N40847 type=control1 reward_pred=nan sequence=nan
[plan] step=308 node=N40871 type=control0 reward_pred=nan sequence=nan
[plan] step=309 node=N40871 type=control1 reward_pred=nan sequence=nan
[plan] step=310 node=N41166 type=control0 reward_pred=nan sequence=nan
[plan] step=311 node=N41166 type=control1 reward_pred=nan sequence=nan
[plan] step=312 node=N39546 type=control0 reward_pred=nan sequence=nan
[plan] step=313 node=N39546 type=control1 reward_pred=nan sequence=nan
[plan] step=314 node=N40895 type=control0 reward_pred=nan sequence=nan
[plan] step=315 node=N40895 type=control1 reward_pred=nan sequence=nan
[plan] step=316 node=N40112 type=control0 reward_pred=nan sequence=nan
[plan] step=317 node=N40112 type=control1 reward_pred=nan sequence=nan
[plan] step=318 node=N39465 type=control0 reward_pred=nan sequence=nan
[plan] step=319 node=N39465 type=control1 reward_pred=nan sequence=nan
[plan] step=320 node=N39485 type=control0 reward_pred=nan sequence=nan
[plan] step=321 node=N39485 type=control1 reward_pred=nan sequence=nan
[plan] step=322 node=__buf_split_20104 type=observe reward_pred=nan sequence=nan
[plan] step=323 node=N41162 type=control0 reward_pred=nan sequence=nan
[plan] step=324 node=N41162 type=control1 reward_pred=nan sequence=nan
[plan] step=325 node=N39669 type=control0 reward_pred=nan sequence=nan
[plan] step=326 node=N39669 type=control1 reward_pred=nan sequence=nan
[plan] step=327 node=N39688 type=control0 reward_pred=nan sequence=nan
[plan] step=328 node=N39688 type=control1 reward_pred=nan sequence=nan
[plan] step=329 node=N39705 type=control0 reward_pred=nan sequence=nan
[plan] step=330 node=N39705 type=control1 reward_pred=nan sequence=nan
[plan] step=331 node=N39724 type=control0 reward_pred=nan sequence=nan
[plan] step=332 node=N39724 type=control1 reward_pred=nan sequence=nan
[plan] step=333 node=N39742 type=control0 reward_pred=nan sequence=nan
[plan] step=334 node=N39742 type=control1 reward_pred=nan sequence=nan
[plan] step=335 node=N39761 type=control0 reward_pred=nan sequence=nan
[plan] step=336 node=N39761 type=control1 reward_pred=nan sequence=nan
[plan] step=337 node=N39779 type=control0 reward_pred=nan sequence=nan
[plan] step=338 node=N39779 type=control1 reward_pred=nan sequence=nan
[plan] step=339 node=N39797 type=control0 reward_pred=nan sequence=nan
[plan] step=340 node=N39797 type=control1 reward_pred=nan sequence=nan
[plan] step=341 node=N39814 type=control0 reward_pred=nan sequence=nan
[plan] step=342 node=N39814 type=control1 reward_pred=nan sequence=nan
[plan] step=343 node=N39832 type=control0 reward_pred=nan sequence=nan
[plan] step=344 node=N39832 type=control1 reward_pred=nan sequence=nan
[plan] step=345 node=N39850 type=control0 reward_pred=nan sequence=nan
[plan] step=346 node=N39850 type=control1 reward_pred=nan sequence=nan
[plan] step=347 node=N39868 type=control0 reward_pred=nan sequence=nan
[plan] step=348 node=N39868 type=control1 reward_pred=nan sequence=nan
[plan] step=349 node=N39885 type=control0 reward_pred=nan sequence=nan
[plan] step=350 node=N39885 type=control1 reward_pred=nan sequence=nan
[plan] step=351 node=N39904 type=control0 reward_pred=nan sequence=nan
[plan] step=352 node=N39904 type=control1 reward_pred=nan sequence=nan
[plan] step=353 node=N39921 type=control0 reward_pred=nan sequence=nan
[plan] step=354 node=N39921 type=control1 reward_pred=nan sequence=nan
[plan] step=355 node=N39938 type=control0 reward_pred=nan sequence=nan
[plan] step=356 node=N39938 type=control1 reward_pred=nan sequence=nan
[plan] step=357 node=N39954 type=control0 reward_pred=nan sequence=nan
[plan] step=358 node=N39954 type=control1 reward_pred=nan sequence=nan
[plan] step=359 node=N39972 type=control0 reward_pred=nan sequence=nan
[plan] step=360 node=N39972 type=control1 reward_pred=nan sequence=nan
[plan] step=361 node=N39988 type=control0 reward_pred=nan sequence=nan
[plan] step=362 node=N39988 type=control1 reward_pred=nan sequence=nan
[plan] step=363 node=N40004 type=control0 reward_pred=nan sequence=nan
[plan] step=364 node=N40004 type=control1 reward_pred=nan sequence=nan
[plan] step=365 node=N40019 type=control0 reward_pred=nan sequence=nan
[plan] step=366 node=N40019 type=control1 reward_pred=nan sequence=nan
[plan] step=367 node=N40034 type=control0 reward_pred=nan sequence=nan
[plan] step=368 node=N40034 type=control1 reward_pred=nan sequence=nan
[plan] step=369 node=N40047 type=control0 reward_pred=nan sequence=nan
[plan] step=370 node=N40047 type=control1 reward_pred=nan sequence=nan
[plan] step=371 node=N40058 type=control0 reward_pred=nan sequence=nan
[plan] step=372 node=N40058 type=control1 reward_pred=nan sequence=nan
[plan] step=373 node=N40069 type=control0 reward_pred=nan sequence=nan
[plan] step=374 node=N40069 type=control1 reward_pred=nan sequence=nan
[plan] step=375 node=N40080 type=control0 reward_pred=nan sequence=nan
[plan] step=376 node=N40080 type=control1 reward_pred=nan sequence=nan
[plan] step=377 node=N40089 type=control0 reward_pred=nan sequence=nan
[plan] step=378 node=N40089 type=control1 reward_pred=nan sequence=nan
[plan] step=379 node=N40098 type=control0 reward_pred=nan sequence=nan
[plan] step=380 node=N40098 type=control1 reward_pred=nan sequence=nan
[plan] step=381 node=N40104 type=control0 reward_pred=nan sequence=nan
[plan] step=382 node=N40104 type=control1 reward_pred=nan sequence=nan
[plan] step=383 node=N40109 type=control0 reward_pred=nan sequence=nan
[plan] step=384 node=N40109 type=control1 reward_pred=nan sequence=nan
[plan] step=385 node=N39537 type=control0 reward_pred=nan sequence=nan
[plan] step=386 node=N39537 type=control1 reward_pred=nan sequence=nan
[plan] step=387 node=N39562 type=control0 reward_pred=nan sequence=nan
[plan] step=388 node=N39562 type=control1 reward_pred=nan sequence=nan
[plan] step=389 node=N39671 type=control0 reward_pred=nan sequence=nan
[plan] step=390 node=N39671 type=control1 reward_pred=nan sequence=nan
[plan] step=391 node=N39690 type=control0 reward_pred=nan sequence=nan
[plan] step=392 node=N39690 type=control1 reward_pred=nan sequence=nan
[plan] step=393 node=N39707 type=control0 reward_pred=nan sequence=nan
[plan] step=394 node=N39707 type=control1 reward_pred=nan sequence=nan
[plan] step=395 node=N39726 type=control0 reward_pred=nan sequence=nan
[plan] step=396 node=N39726 type=control1 reward_pred=nan sequence=nan
[plan] step=397 node=N39744 type=control0 reward_pred=nan sequence=nan
[plan] step=398 node=N39744 type=control1 reward_pred=nan sequence=nan
[plan] step=399 node=N39763 type=control0 reward_pred=nan sequence=nan
[plan] step=400 node=N39763 type=control1 reward_pred=nan sequence=nan
[plan] step=401 node=N39781 type=control0 reward_pred=nan sequence=nan
[plan] step=402 node=N39781 type=control1 reward_pred=nan sequence=nan
[plan] step=403 node=N39799 type=control0 reward_pred=nan sequence=nan
[plan] step=404 node=N39799 type=control1 reward_pred=nan sequence=nan
[plan] step=405 node=N39816 type=control0 reward_pred=nan sequence=nan
[plan] step=406 node=N39816 type=control1 reward_pred=nan sequence=nan
[plan] step=407 node=N39834 type=control0 reward_pred=nan sequence=nan
[plan] step=408 node=N39834 type=control1 reward_pred=nan sequence=nan
[plan] step=409 node=N39852 type=control0 reward_pred=nan sequence=nan
[plan] step=410 node=N39852 type=control1 reward_pred=nan sequence=nan
[plan] step=411 node=N39870 type=control0 reward_pred=nan sequence=nan
[plan] step=412 node=N39870 type=control1 reward_pred=nan sequence=nan
[plan] step=413 node=N39887 type=control0 reward_pred=nan sequence=nan
[plan] step=414 node=N39887 type=control1 reward_pred=nan sequence=nan
[plan] step=415 node=N39906 type=control0 reward_pred=nan sequence=nan
[plan] step=416 node=N39906 type=control1 reward_pred=nan sequence=nan
[plan] step=417 node=N39923 type=control0 reward_pred=nan sequence=nan
[plan] step=418 node=N39923 type=control1 reward_pred=nan sequence=nan
[plan] step=419 node=N39940 type=control0 reward_pred=nan sequence=nan
[plan] step=420 node=N39940 type=control1 reward_pred=nan sequence=nan
[plan] step=421 node=N39956 type=control0 reward_pred=nan sequence=nan
[plan] step=422 node=N39956 type=control1 reward_pred=nan sequence=nan
[plan] step=423 node=N39974 type=control0 reward_pred=nan sequence=nan
[plan] step=424 node=N39974 type=control1 reward_pred=nan sequence=nan
[plan] step=425 node=N39990 type=control0 reward_pred=nan sequence=nan
[plan] step=426 node=N39990 type=control1 reward_pred=nan sequence=nan
[plan] step=427 node=N40006 type=control0 reward_pred=nan sequence=nan
[plan] step=428 node=N40006 type=control1 reward_pred=nan sequence=nan
[plan] step=429 node=N40021 type=control0 reward_pred=nan sequence=nan
[plan] step=430 node=N40021 type=control1 reward_pred=nan sequence=nan
[plan] step=431 node=N40036 type=control0 reward_pred=nan sequence=nan
[plan] step=432 node=N40036 type=control1 reward_pred=nan sequence=nan
[plan] step=433 node=N40049 type=control0 reward_pred=nan sequence=nan
[plan] step=434 node=N40049 type=control1 reward_pred=nan sequence=nan
[plan] step=435 node=N40060 type=control0 reward_pred=nan sequence=nan
[plan] step=436 node=N40060 type=control1 reward_pred=nan sequence=nan
[plan] step=437 node=N40071 type=control0 reward_pred=nan sequence=nan
[plan] step=438 node=N40071 type=control1 reward_pred=nan sequence=nan
[plan] step=439 node=N40082 type=control0 reward_pred=nan sequence=nan
[plan] step=440 node=N40082 type=control1 reward_pred=nan sequence=nan
[plan] step=441 node=N40091 type=control0 reward_pred=nan sequence=nan
[plan] step=442 node=N40091 type=control1 reward_pred=nan sequence=nan
[plan] step=443 node=N40100 type=control0 reward_pred=nan sequence=nan
[plan] step=444 node=N40100 type=control1 reward_pred=nan sequence=nan
[plan] step=445 node=N39670 type=control0 reward_pred=nan sequence=nan
[plan] step=446 node=N39670 type=control1 reward_pred=nan sequence=nan
[plan] step=447 node=N39689 type=control0 reward_pred=nan sequence=nan
[plan] step=448 node=N39689 type=control1 reward_pred=nan sequence=nan
[plan] step=449 node=N39706 type=control0 reward_pred=nan sequence=nan
[plan] step=450 node=N39706 type=control1 reward_pred=nan sequence=nan
[plan] step=451 node=N39725 type=control0 reward_pred=nan sequence=nan
[plan] step=452 node=N39725 type=control1 reward_pred=nan sequence=nan
[plan] step=453 node=N39743 type=control0 reward_pred=nan sequence=nan
[plan] step=454 node=N39743 type=control1 reward_pred=nan sequence=nan
[plan] step=455 node=N39762 type=control0 reward_pred=nan sequence=nan
[plan] step=456 node=N39762 type=control1 reward_pred=nan sequence=nan
[plan] step=457 node=N39780 type=control0 reward_pred=nan sequence=nan
[plan] step=458 node=N39780 type=control1 reward_pred=nan sequence=nan
[plan] step=459 node=N39798 type=control0 reward_pred=nan sequence=nan
[plan] step=460 node=N39798 type=control1 reward_pred=nan sequence=nan
[plan] step=461 node=N39815 type=control0 reward_pred=nan sequence=nan
[plan] step=462 node=N39815 type=control1 reward_pred=nan sequence=nan
[plan] step=463 node=N39833 type=control0 reward_pred=nan sequence=nan
[plan] step=464 node=N39833 type=control1 reward_pred=nan sequence=nan
[plan] step=465 node=N39851 type=control0 reward_pred=nan sequence=nan
[plan] step=466 node=N39851 type=control1 reward_pred=nan sequence=nan
[plan] step=467 node=N39869 type=control0 reward_pred=nan sequence=nan
[plan] step=468 node=N39869 type=control1 reward_pred=nan sequence=nan
[plan] step=469 node=N39886 type=control0 reward_pred=nan sequence=nan
[plan] step=470 node=N39886 type=control1 reward_pred=nan sequence=nan
[plan] step=471 node=N39905 type=control0 reward_pred=nan sequence=nan
[plan] step=472 node=N39905 type=control1 reward_pred=nan sequence=nan
[plan] step=473 node=N39922 type=control0 reward_pred=nan sequence=nan
[plan] step=474 node=N39922 type=control1 reward_pred=nan sequence=nan
[plan] step=475 node=N39939 type=control0 reward_pred=nan sequence=nan
[plan] step=476 node=N39939 type=control1 reward_pred=nan sequence=nan
[plan] step=477 node=N39955 type=control0 reward_pred=nan sequence=nan
[plan] step=478 node=N39955 type=control1 reward_pred=nan sequence=nan
[plan] step=479 node=N39973 type=control0 reward_pred=nan sequence=nan
[plan] step=480 node=N39973 type=control1 reward_pred=nan sequence=nan
[plan] step=481 node=N39989 type=control0 reward_pred=nan sequence=nan
[plan] step=482 node=N39989 type=control1 reward_pred=nan sequence=nan
[plan] step=483 node=N40005 type=control0 reward_pred=nan sequence=nan
[plan] step=484 node=N40005 type=control1 reward_pred=nan sequence=nan
[plan] step=485 node=N40020 type=control0 reward_pred=nan sequence=nan
[plan] step=486 node=N40020 type=control1 reward_pred=nan sequence=nan
[plan] step=487 node=N40035 type=control0 reward_pred=nan sequence=nan
[plan] step=488 node=N40035 type=control1 reward_pred=nan sequence=nan
[plan] step=489 node=N40048 type=control0 reward_pred=nan sequence=nan
[plan] step=490 node=N40048 type=control1 reward_pred=nan sequence=nan
[plan] step=491 node=N40059 type=control0 reward_pred=nan sequence=nan
[plan] step=492 node=N40059 type=control1 reward_pred=nan sequence=nan
[plan] step=493 node=N40070 type=control0 reward_pred=nan sequence=nan
[plan] step=494 node=N40070 type=control1 reward_pred=nan sequence=nan
[plan] step=495 node=N40081 type=control0 reward_pred=nan sequence=nan
[plan] step=496 node=N40081 type=control1 reward_pred=nan sequence=nan
[plan] step=497 node=N40090 type=control0 reward_pred=nan sequence=nan
[plan] step=498 node=N40090 type=control1 reward_pred=nan sequence=nan
[plan] step=499 node=N40099 type=control0 reward_pred=nan sequence=nan
[plan] step=500 node=N40099 type=control1 reward_pred=nan sequence=nan
[plan] step=501 node=N40105 type=control0 reward_pred=nan sequence=nan
[plan] step=502 node=N40105 type=control1 reward_pred=nan sequence=nan
[plan] step=503 node=N41157 type=control0 reward_pred=nan sequence=nan
[plan] step=504 node=N41157 type=control1 reward_pred=nan sequence=nan
[plan] step=505 node=N41146 type=control0 reward_pred=nan sequence=nan
[plan] step=506 node=N41146 type=control1 reward_pred=nan sequence=nan
[plan] step=507 node=N41152 type=control0 reward_pred=nan sequence=nan
[plan] step=508 node=N41152 type=control1 reward_pred=nan sequence=nan
[plan] step=509 node=N39511 type=control0 reward_pred=nan sequence=nan
[plan] step=510 node=N39511 type=control1 reward_pred=nan sequence=nan
[plan] step=511 node=N41147 type=control0 reward_pred=nan sequence=nan
[plan] step=512 node=N41147 type=control1 reward_pred=nan sequence=nan
[plan] step=513 node=N39853 type=control0 reward_pred=nan sequence=nan
[plan] step=514 node=N39853 type=control1 reward_pred=nan sequence=nan
[plan] step=515 node=N39871 type=control0 reward_pred=nan sequence=nan
[plan] step=516 node=N39871 type=control1 reward_pred=nan sequence=nan
[plan] step=517 node=N39888 type=control0 reward_pred=nan sequence=nan
[plan] step=518 node=N39888 type=control1 reward_pred=nan sequence=nan
[plan] step=519 node=N39907 type=control0 reward_pred=nan sequence=nan
[plan] step=520 node=N39907 type=control1 reward_pred=nan sequence=nan
[plan] step=521 node=N39924 type=control0 reward_pred=nan sequence=nan
[plan] step=522 node=N39924 type=control1 reward_pred=nan sequence=nan
[plan] step=523 node=N39941 type=control0 reward_pred=nan sequence=nan
[plan] step=524 node=N39941 type=control1 reward_pred=nan sequence=nan
[plan] step=525 node=N39957 type=control0 reward_pred=nan sequence=nan
[plan] step=526 node=N39957 type=control1 reward_pred=nan sequence=nan
[plan] step=527 node=N39499 type=control0 reward_pred=nan sequence=nan
[plan] step=528 node=N39499 type=control1 reward_pred=nan sequence=nan
[plan] step=529 node=N40078 type=control0 reward_pred=nan sequence=nan
[plan] step=530 node=N40078 type=control1 reward_pred=nan sequence=nan
[plan] step=531 node=__buf_split_20105 type=observe reward_pred=nan sequence=nan
[plan] step=532 node=N41141 type=control0 reward_pred=nan sequence=nan
[plan] step=533 node=N41141 type=control1 reward_pred=nan sequence=nan
[plan] step=534 node=__buf_split_20108 type=observe reward_pred=nan sequence=nan
[plan] step=535 node=N41136 type=control0 reward_pred=nan sequence=nan
[plan] step=536 node=N41136 type=control1 reward_pred=nan sequence=nan
[plan] step=537 node=N41093 type=control0 reward_pred=nan sequence=nan
[plan] step=538 node=N41093 type=control1 reward_pred=nan sequence=nan
[plan] step=539 node=N41102 type=control0 reward_pred=nan sequence=nan
[plan] step=540 node=N41102 type=control1 reward_pred=nan sequence=nan
[plan] step=541 node=N41110 type=control0 reward_pred=nan sequence=nan
[plan] step=542 node=N41110 type=control1 reward_pred=nan sequence=nan
[plan] step=543 node=N41117 type=control0 reward_pred=nan sequence=nan
[plan] step=544 node=N41117 type=control1 reward_pred=nan sequence=nan
[plan] step=545 node=N41124 type=control0 reward_pred=nan sequence=nan
[plan] step=546 node=N41124 type=control1 reward_pred=nan sequence=nan
[plan] step=547 node=N41130 type=control0 reward_pred=nan sequence=nan
[plan] step=548 node=N41130 type=control1 reward_pred=nan sequence=nan
[plan] step=549 node=N39969 type=control0 reward_pred=nan sequence=nan
[plan] step=550 node=N39969 type=control1 reward_pred=nan sequence=nan
[plan] step=551 node=N39986 type=control0 reward_pred=nan sequence=nan
[plan] step=552 node=N39986 type=control1 reward_pred=nan sequence=nan
[plan] step=553 node=N40002 type=control0 reward_pred=nan sequence=nan
[plan] step=554 node=N40002 type=control1 reward_pred=nan sequence=nan
[plan] step=555 node=N40017 type=control0 reward_pred=nan sequence=nan
[plan] step=556 node=N40017 type=control1 reward_pred=nan sequence=nan
[plan] step=557 node=N40031 type=control0 reward_pred=nan sequence=nan
[plan] step=558 node=N40031 type=control1 reward_pred=nan sequence=nan
[plan] step=559 node=N40045 type=control0 reward_pred=nan sequence=nan
[plan] step=560 node=N40045 type=control1 reward_pred=nan sequence=nan
[plan] step=561 node=__buf_split_20090 type=observe reward_pred=nan sequence=nan
[plan] step=562 node=__buf_split_20111 type=observe reward_pred=nan sequence=nan
[plan] step=563 node=N41123 type=control0 reward_pred=nan sequence=nan
[plan] step=564 node=N41123 type=control1 reward_pred=nan sequence=nan
[plan] step=565 node=N40032 type=control0 reward_pred=nan sequence=nan
[plan] step=566 node=N40032 type=control1 reward_pred=nan sequence=nan
[plan] step=567 node=__buf_split_20097 type=observe reward_pred=nan sequence=nan
[plan] step=568 node=__buf_split_20100 type=observe reward_pred=nan sequence=nan
[plan] step=569 node=N49268 type=observe reward_pred=nan sequence=nan
[plan] step=570 node=N41095 type=control0 reward_pred=nan sequence=nan
[plan] step=571 node=N41095 type=control1 reward_pred=nan sequence=nan
[plan] step=572 node=N41094 type=control0 reward_pred=nan sequence=nan
[plan] step=573 node=N41094 type=control1 reward_pred=nan sequence=nan
[plan] step=574 node=N41103 type=control0 reward_pred=nan sequence=nan
[plan] step=575 node=N41103 type=control1 reward_pred=nan sequence=nan
[plan] step=576 node=N39970 type=control0 reward_pred=nan sequence=nan
[plan] step=577 node=N39970 type=control1 reward_pred=nan sequence=nan
[plan] step=578 node=N41082 type=control0 reward_pred=nan sequence=nan
[plan] step=579 node=N41082 type=control1 reward_pred=nan sequence=nan
[plan] step=580 node=N41088 type=control0 reward_pred=nan sequence=nan
[plan] step=581 node=N41088 type=control1 reward_pred=nan sequence=nan
[plan] step=582 node=N39936 type=control0 reward_pred=nan sequence=nan
[plan] step=583 node=N39936 type=control1 reward_pred=nan sequence=nan
[plan] step=584 node=N41069 type=control0 reward_pred=nan sequence=nan
[plan] step=585 node=N41069 type=control1 reward_pred=nan sequence=nan
[plan] step=586 node=N41076 type=control0 reward_pred=nan sequence=nan
[plan] step=587 node=N41076 type=control1 reward_pred=nan sequence=nan
[plan] step=588 node=N41070 type=control0 reward_pred=nan sequence=nan
[plan] step=589 node=N41070 type=control1 reward_pred=nan sequence=nan
[plan] step=590 node=N39901 type=control0 reward_pred=nan sequence=nan
[plan] step=591 node=N39901 type=control1 reward_pred=nan sequence=nan
[plan] step=592 node=N39919 type=control0 reward_pred=nan sequence=nan
[plan] step=593 node=N39919 type=control1 reward_pred=nan sequence=nan
[plan] step=594 node=N22409 type=observe reward_pred=nan sequence=nan
[plan] step=595 node=N22412 type=observe reward_pred=nan sequence=nan
[plan] step=596 node=N22415 type=observe reward_pred=nan sequence=nan
[plan] step=597 node=N22418 type=observe reward_pred=nan sequence=nan
[plan] step=598 node=N22422 type=observe reward_pred=nan sequence=nan
[plan] step=599 node=N22425 type=observe reward_pred=nan sequence=nan
[plan] step=600 node=N22428 type=observe reward_pred=nan sequence=nan
[plan] step=601 node=N22431 type=observe reward_pred=nan sequence=nan
[plan] step=602 node=N49295 type=observe reward_pred=nan sequence=nan
[plan] step=603 node=N49298 type=observe reward_pred=nan sequence=nan
[plan] step=604 node=N49280 type=observe reward_pred=nan sequence=nan
[plan] step=605 node=N49301 type=observe reward_pred=nan sequence=nan
[plan] step=606 node=N49296 type=observe reward_pred=nan sequence=nan
[plan] step=607 node=N49277 type=observe reward_pred=nan sequence=nan
[plan] step=608 node=N49299 type=observe reward_pred=nan sequence=nan
[plan] step=609 node=N22460 type=observe reward_pred=nan sequence=nan
[plan] step=610 node=N22463 type=observe reward_pred=nan sequence=nan
[plan] step=611 node=N22465 type=observe reward_pred=nan sequence=nan
[plan] step=612 node=N22468 type=observe reward_pred=nan sequence=nan
[plan] step=613 node=N22472 type=observe reward_pred=nan sequence=nan
[plan] step=614 node=N22475 type=observe reward_pred=nan sequence=nan
[plan] step=615 node=N22477 type=observe reward_pred=nan sequence=nan
[plan] step=616 node=N22480 type=observe reward_pred=nan sequence=nan
[plan] step=617 node=__buf_split_20103 type=observe reward_pred=nan sequence=nan
[plan] step=618 node=N49281 type=observe reward_pred=nan sequence=nan
[plan] step=619 node=N49302 type=observe reward_pred=nan sequence=nan
[plan] step=620 node=N4942 type=control1 reward_pred=nan sequence=nan
[plan] step=621 node=N22435 type=observe reward_pred=nan sequence=nan
[plan] step=622 node=N22438 type=observe reward_pred=nan sequence=nan
[plan] step=623 node=N22441 type=observe reward_pred=nan sequence=nan
[plan] step=624 node=N22444 type=observe reward_pred=nan sequence=nan
[plan] step=625 node=N22448 type=observe reward_pred=nan sequence=nan
[plan] step=626 node=N22451 type=observe reward_pred=nan sequence=nan
[plan] step=627 node=N22453 type=observe reward_pred=nan sequence=nan
[plan] step=628 node=N22456 type=observe reward_pred=nan sequence=nan
saved=autoresearch/improve-260704-1035/b21_world_rerank_model_swap/v4_reduction_sign/plans/iscas99__b21__greedy__cumulative__reward_pred__bw1__d1__c96__g1p0__candheuristic_recall_pool__div0p0__s0.csv
