[r21-five-plan/b21_C] [plan] torch_deterministic=true
[r21-five-plan/b21_C] [plan] candidate_allowlist=autoresearch/original-netlist-recovery-260712/exact_itc99/b21_C/exact_candidate_nodes.txt nodes=19520
[r21-five-plan/b21_C] [plan] prefix_plan=autoresearch/loop-260720-0945/typed_winner_round8_five/b21_C/best_plans/iscas99__b21.csv prefix_actions=433 continue_at_step=434
[r21-five-plan/b21_C] [plan] latent_norm_clip_ratio=4 latent_norm_limit=30.923500
[r21-five-plan/b21_C] [plan] prefix_state_mode=replay replayed_actions=433
[r21-five-plan/b21_C] [plan] step=434 node=N8842 type=control0 typed_return_pred=0.596066 sequence=1187.591099
[r21-five-plan/b21_C] [plan] step=435 node=N8840 type=control0 typed_return_pred=0.561351 sequence=1188.152450
[r21-five-plan/b21_C] [plan] step=436 node=N6687 type=observe typed_return_pred=0.557994 sequence=1188.710444
[r21-five-plan/b21_C] [plan] step=437 node=N8825 type=control0 typed_return_pred=0.533978 sequence=1189.244422
[r21-five-plan/b21_C] [plan] step=438 node=N6542 type=observe typed_return_pred=0.568636 sequence=1189.813058
[r21-five-plan/b21_C] [plan] step=439 node=N7201 type=observe typed_return_pred=0.504969 sequence=1190.318027
[r21-five-plan/b21_C] [plan] step=440 node=N7211 type=observe typed_return_pred=0.194309 sequence=1190.512337
[r21-five-plan/b21_C] [plan] step=441 node=N6676 type=observe typed_return_pred=0.162906 sequence=1190.675242
[r21-five-plan/b21_C] [plan] step=442 node=N10333 type=observe typed_return_pred=0.147384 sequence=1190.822627
[r21-five-plan/b21_C] [plan] step=443 node=N6670 type=observe typed_return_pred=0.139873 sequence=1190.962499
[r21-five-plan/b21_C] [plan] step=444 node=N6673 type=observe typed_return_pred=0.115447 sequence=1191.077946
[r21-five-plan/b21_C] [plan] step=445 node=N6682 type=observe typed_return_pred=0.096361 sequence=1191.174307
[r21-five-plan/b21_C] [plan] step=446 node=N8672 type=control1 typed_return_pred=0.139289 sequence=1191.313596
[r21-five-plan/b21_C] [plan] step=447 node=N6802 type=control0 typed_return_pred=0.120986 sequence=1191.434582
[r21-five-plan/b21_C] [plan] step=448 node=N8712 type=control1 typed_return_pred=0.286062 sequence=1191.720644
[r21-five-plan/b21_C] [plan] step=449 node=N7216 type=observe typed_return_pred=0.118015 sequence=1191.838660
[r21-five-plan/b21_C] [plan] step=450 node=N7204 type=observe typed_return_pred=0.103884 sequence=1191.942543
[r21-five-plan/b21_C] [plan] step=451 node=N10330 type=observe typed_return_pred=0.208798 sequence=1192.151341
[r21-five-plan/b21_C] [plan] step=452 node=N6874 type=observe typed_return_pred=0.075055 sequence=1192.226396
[r21-five-plan/b21_C] [plan] step=453 node=N10334 type=observe typed_return_pred=0.198508 sequence=1192.424904
[r21-five-plan/b21_C] [plan] step=454 node=N10332 type=observe typed_return_pred=0.190176 sequence=1192.611080
[r21-five-plan/b21_C] [plan] step=455 node=N10336 type=observe typed_return_pred=0.249145 sequence=1192.860225
[r21-five-plan/b21_C] [plan] step=456 node=N10341 type=observe typed_return_pred=0.272875 sequence=1193.133100
[r21-five-plan/b21_C] [plan] step=457 node=N10335 type=observe typed_return_pred=0.078760 sequence=1193.211860
[r21-five-plan/b21_C] [plan] step=458 node=N10345 type=observe typed_return_pred=0.098229 sequence=1193.310089
[r21-five-plan/b21_C] [plan] step=459 node=N10346 type=observe typed_return_pred=0.109043 sequence=1193.419132
[r21-five-plan/b21_C] [plan] step=460 node=N8297 type=control0 typed_return_pred=0.154614 sequence=1193.573747
[r21-five-plan/b21_C] [plan] step=461 node=N10347 type=observe typed_return_pred=0.202877 sequence=1193.776624
[r21-five-plan/b21_C] [plan] step=462 node=N6806 type=control0 typed_return_pred=0.197202 sequence=1193.973826
[r21-five-plan/b21_C] [plan] step=463 node=N10344 type=observe typed_return_pred=0.227400 sequence=1194.201226
[r21-five-plan/b21_C] [plan] step=464 node=N8293 type=control0 typed_return_pred=0.186240 sequence=1194.387466
[r21-five-plan/b21_C] [plan] step=465 node=N6679 type=observe typed_return_pred=0.233330 sequence=1194.620797
[r21-five-plan/b21_C] [plan] step=466 node=N8295 type=control0 typed_return_pred=0.316936 sequence=1194.937732
[r21-five-plan/b21_C] [plan] step=467 node=N7296 type=observe typed_return_pred=0.449464 sequence=1195.387196
[r21-five-plan/b21_C] [plan] step=468 node=N7244 type=control0 typed_return_pred=0.322290 sequence=1195.704486
[r21-five-plan/b21_C] [plan] step=469 node=N10352 type=observe typed_return_pred=0.478859 sequence=1196.183345
[r21-five-plan/b21_C] [plan] step=470 node=N8833 type=control0 typed_return_pred=0.271875 sequence=1196.455220
[r21-five-plan/b21_C] [plan] step=471 node=N10331 type=observe typed_return_pred=0.397002 sequence=1196.848222
[r21-five-plan/b21_C] [plan] step=472 node=N10410 type=control0 typed_return_pred=0.202167 sequence=1197.050389
[r21-five-plan/b21_C] [plan] step=473 node=N10323 type=observe typed_return_pred=0.279145 sequence=1197.325534
[r21-five-plan/b21_C] [plan] step=474 node=N8196 type=observe typed_return_pred=0.683112 sequence=1198.008646
[r21-five-plan/b21_C] [plan] step=475 node=N8779 type=observe typed_return_pred=0.706948 sequence=1198.715594
[r21-five-plan/b21_C] [plan] step=476 node=N8809 type=control0 typed_return_pred=0.184957 sequence=1198.900551
[r21-five-plan/b21_C] [plan] step=477 node=N6667 type=observe typed_return_pred=0.163093 sequence=1199.063645
[r21-five-plan/b21_C] [plan] step=478 node=N14977 type=observe typed_return_pred=0.219302 sequence=1199.282946
[r21-five-plan/b21_C] [plan] step=479 node=N14975 type=observe typed_return_pred=0.237617 sequence=1199.516564
[r21-five-plan/b21_C] [plan] step=480 node=N12786 type=observe typed_return_pred=0.105994 sequence=1199.622558
[r21-five-plan/b21_C] [plan] step=481 node=N4187 type=observe typed_return_pred=0.085030 sequence=1199.707588
[r21-five-plan/b21_C] [plan] step=482 node=N12778 type=observe typed_return_pred=0.209972 sequence=1199.917560
[r21-five-plan/b21_C] [plan] step=483 node=N7247 type=observe typed_return_pred=0.095469 sequence=1200.008029
[r21-five-plan/b21_C] [plan] step=484 node=N7213 type=observe typed_return_pred=0.093954 sequence=1200.097983
[r21-five-plan/b21_C] [plan] step=485 node=N8662 type=control1 typed_return_pred=0.049609 sequence=1200.147592
[r21-five-plan/b21_C] [plan] step=486 node=N6691 type=observe typed_return_pred=0.026343 sequence=1200.173935
[r21-five-plan/b21_C] [plan] step=487 node=N6601 type=observe typed_return_pred=0.018781 sequence=1200.192716
[r21-five-plan/b21_C] [plan] step=488 node=N6603 type=observe typed_return_pred=-0.002968 sequence=1200.189749
[r21-five-plan/b21_C] [plan] step=489 node=N10320 type=observe typed_return_pred=-0.053799 sequence=1200.131949
[r21-five-plan/b21_C] [plan] step=490 node=N4109 type=observe typed_return_pred=-0.000978 sequence=1200.130971
[r21-five-plan/b21_C] [plan] step=491 node=N12736 type=observe typed_return_pred=0.439133 sequence=1200.570104
[r21-five-plan/b21_C] [plan] step=492 node=N12881 type=observe typed_return_pred=0.030910 sequence=1200.597015
[r21-five-plan/b21_C] [plan] step=493 node=N14654 type=observe typed_return_pred=0.124934 sequence=1200.717948
[r21-five-plan/b21_C] [plan] step=494 node=N3510 type=control0 typed_return_pred=-0.046224 sequence=1200.671724
[r21-five-plan/b21_C] [plan] step=495 node=N6761 type=control0 typed_return_pred=0.041855 sequence=1200.713579
[r21-five-plan/b21_C] [plan] step=496 node=N4189 type=observe typed_return_pred=0.428299 sequence=1201.141878
[r21-five-plan/b21_C] [plan] step=497 node=N11267 type=observe typed_return_pred=0.254427 sequence=1201.396304
[r21-five-plan/b21_C] [plan] step=498 node=N8752 type=control1 typed_return_pred=0.139026 sequence=1201.531331
[r21-five-plan/b21_C] [plan] step=499 node=N5518 type=observe typed_return_pred=0.157010 sequence=1201.684340
[r21-five-plan/b21_C] [plan] step=500 node=N8808 type=control0 typed_return_pred=0.120907 sequence=1201.805247
[r21-five-plan/b21_C] [plan] step=501 node=N12517 type=observe typed_return_pred=0.081458 sequence=1201.886705
[r21-five-plan/b21_C] [plan] step=502 node=N12516 type=observe typed_return_pred=0.096617 sequence=1201.983323
[r21-five-plan/b21_C] [plan] step=503 node=N10360 type=observe typed_return_pred=0.929069 sequence=1202.908392
[r21-five-plan/b21_C] [plan] step=504 node=N7281 type=observe typed_return_pred=1.207912 sequence=1204.116303
[r21-five-plan/b21_C] [plan] step=505 node=N12518 type=observe typed_return_pred=1.201250 sequence=1205.317553
[r21-five-plan/b21_C] [plan] step=506 node=N14523 type=control0 typed_return_pred=1.152610 sequence=1206.470163
[r21-five-plan/b21_C] [plan] step=507 node=N6551 type=observe typed_return_pred=1.192672 sequence=1207.657835
[r21-five-plan/b21_C] [plan] step=508 node=N15011 type=observe typed_return_pred=1.329519 sequence=1208.982354
[r21-five-plan/b21_C] [plan] step=509 node=N6591 type=observe typed_return_pred=1.209006 sequence=1210.191360
[r21-five-plan/b21_C] [plan] step=510 node=N10623 type=observe typed_return_pred=1.493916 sequence=1211.685276
[r21-five-plan/b21_C] [plan] step=511 node=N11693 type=observe typed_return_pred=1.483003 sequence=1213.168279
[r21-five-plan/b21_C] [plan] step=512 node=N9948 type=observe typed_return_pred=1.519194 sequence=1214.687473
[r21-five-plan/b21_C] [plan] step=513 node=N12164 type=observe typed_return_pred=1.529551 sequence=1216.217023
[r21-five-plan/b21_C] [plan] step=514 node=N4654 type=observe typed_return_pred=1.517115 sequence=1217.730138
[r21-five-plan/b21_C] [plan] step=515 node=N4248 type=observe typed_return_pred=1.597116 sequence=1219.327254
[r21-five-plan/b21_C] [plan] step=516 node=N10327 type=observe typed_return_pred=1.423465 sequence=1220.746719
[r21-five-plan/b21_C] [plan] step=517 node=N15973 type=observe typed_return_pred=1.479124 sequence=1222.225844
[r21-five-plan/b21_C] [plan] step=518 node=N18332 type=observe typed_return_pred=1.402042 sequence=1223.627886
[r21-five-plan/b21_C] [plan] step=519 node=N992 type=observe typed_return_pred=1.385396 sequence=1225.009282
[r21-five-plan/b21_C] [plan] step=520 node=N10328 type=observe typed_return_pred=0.519050 sequence=1225.524332
[r21-five-plan/b21_C] [plan] step=521 node=N14515 type=control0 typed_return_pred=1.575749 sequence=1227.100081
[r21-five-plan/b21_C] [plan] step=522 node=N8768 type=observe typed_return_pred=1.516235 sequence=1228.616316
[r21-five-plan/b21_C] [plan] step=523 node=N10355 type=observe typed_return_pred=1.034582 sequence=1229.646897
[r21-five-plan/b21_C] [plan] step=524 node=N1011 type=observe typed_return_pred=1.227260 sequence=1230.870157
[r21-five-plan/b21_C] [plan] step=525 node=N4112 type=observe typed_return_pred=1.191329 sequence=1232.056486
[r21-five-plan/b21_C] [plan] step=526 node=N5328 type=observe typed_return_pred=0.967895 sequence=1233.020382
[r21-five-plan/b21_C] [plan] step=527 node=N5442 type=observe typed_return_pred=0.955674 sequence=1233.972056
[r21-five-plan/b21_C] [plan] step=528 node=N4272 type=observe typed_return_pred=1.215207 sequence=1235.183263
[r21-five-plan/b21_C] [plan] step=529 node=N4267 type=observe typed_return_pred=1.189738 sequence=1236.369001
[r21-five-plan/b21_C] [plan] step=530 node=N3353 type=observe typed_return_pred=0.989239 sequence=1237.358241
[r21-five-plan/b21_C] [plan] step=531 node=N831 type=observe typed_return_pred=0.888454 sequence=1238.246695
[r21-five-plan/b21_C] [plan] step=532 node=N1013 type=observe typed_return_pred=0.207700 sequence=1238.450395
[r21-five-plan/b21_C] [plan] step=533 node=N18340 type=observe typed_return_pred=0.286749 sequence=1238.737145
[r21-five-plan/b21_C] [plan] step=534 node=N1014 type=observe typed_return_pred=0.167095 sequence=1238.900240
[r21-five-plan/b21_C] [plan] step=535 node=N997 type=observe typed_return_pred=0.117284 sequence=1239.013524
[r21-five-plan/b21_C] [plan] step=536 node=N1010 type=observe typed_return_pred=0.115546 sequence=1239.125071
[r21-five-plan/b21_C] [plan] step=537 node=N1713 type=observe typed_return_pred=0.107552 sequence=1239.228623
[r21-five-plan/b21_C] [plan] step=538 node=N11275 type=observe typed_return_pred=0.109349 sequence=1239.333972
[r21-five-plan/b21_C] [plan] step=539 node=N12588 type=observe typed_return_pred=0.476431 sequence=1239.810403
[r21-five-plan/b21_C] [plan] step=540 node=N12592 type=observe typed_return_pred=0.640178 sequence=1240.446581
[r21-five-plan/b21_C] [plan] step=541 node=N1000 type=observe typed_return_pred=0.517992 sequence=1240.960573
[r21-five-plan/b21_C] [plan] step=542 node=N12597 type=observe typed_return_pred=0.487530 sequence=1241.444103
[r21-five-plan/b21_C] [plan] step=543 node=N12596 type=observe typed_return_pred=1.515242 sequence=1242.959345
[r21-five-plan/b21_C] [plan] step=544 node=N12602 type=observe typed_return_pred=1.433458 sequence=1244.388803
[r21-five-plan/b21_C] [plan] step=545 node=N12790 type=observe typed_return_pred=1.543916 sequence=1245.928719
[r21-five-plan/b21_C] [plan] step=546 node=N12584 type=observe typed_return_pred=1.497600 sequence=1247.422319
[r21-five-plan/b21_C] [plan] step=547 node=N12796 type=observe typed_return_pred=1.482154 sequence=1248.900474
[r21-five-plan/b21_C] [plan] step=548 node=N1002 type=observe typed_return_pred=1.415223 sequence=1250.311696
[r21-five-plan/b21_C] [plan] step=549 node=N14517 type=control0 typed_return_pred=1.580645 sequence=1251.892341
[r21-five-plan/b21_C] [plan] step=550 node=N1004 type=observe typed_return_pred=1.403855 sequence=1253.292196
[r21-five-plan/b21_C] [plan] step=551 node=N1012 type=observe typed_return_pred=1.552559 sequence=1254.840755
[r21-five-plan/b21_C] [plan] step=552 node=N991 type=observe typed_return_pred=1.395607 sequence=1256.232362
[r21-five-plan/b21_C] [plan] step=553 node=N1712 type=observe typed_return_pred=0.519108 sequence=1256.747470
[r21-five-plan/b21_C] [plan] step=554 node=N15770 type=observe typed_return_pred=0.650731 sequence=1257.394201
[r21-five-plan/b21_C] [plan] step=555 node=N999 type=observe typed_return_pred=0.533995 sequence=1257.924196
[r21-five-plan/b21_C] [plan] step=556 node=N1711 type=observe typed_return_pred=0.568982 sequence=1258.489177
[r21-five-plan/b21_C] [plan] step=557 node=N995 type=observe typed_return_pred=0.573964 sequence=1259.059142
[r21-five-plan/b21_C] [plan] step=558 node=N998 type=observe typed_return_pred=0.551775 sequence=1259.606917
[r21-five-plan/b21_C] [plan] step=559 node=N990 type=observe typed_return_pred=0.497720 sequence=1260.104637
[r21-five-plan/b21_C] [plan] step=560 node=N9310 type=observe typed_return_pred=0.545180 sequence=1260.649817
[r21-five-plan/b21_C] [plan] step=561 node=N13193 type=observe typed_return_pred=0.416232 sequence=1261.066049
[r21-five-plan/b21_C] [plan] step=562 node=N17322 type=observe typed_return_pred=0.414687 sequence=1261.480737
[r21-five-plan/b21_C] [plan] step=563 node=N17823 type=observe typed_return_pred=0.410446 sequence=1261.891183
[r21-five-plan/b21_C] [plan] step=564 node=N17328 type=observe typed_return_pred=0.390920 sequence=1262.282103
[r21-five-plan/b21_C] [plan] step=565 node=N17829 type=observe typed_return_pred=0.389324 sequence=1262.671427
[r21-five-plan/b21_C] [plan] step=566 node=N993 type=observe typed_return_pred=0.289839 sequence=1262.957266
[r21-five-plan/b21_C] [plan] step=567 node=N14519 type=control0 typed_return_pred=0.295003 sequence=1263.252269
[r21-five-plan/b21_C] [plan] step=568 node=N996 type=observe typed_return_pred=0.287479 sequence=1263.535748
[r21-five-plan/b21_C] [plan] step=569 node=N9316 type=observe typed_return_pred=0.427647 sequence=1263.963395
[r21-five-plan/b21_C] [plan] step=570 node=N13199 type=observe typed_return_pred=0.425084 sequence=1264.388480
[r21-five-plan/b21_C] [plan] step=571 node=N1016 type=observe typed_return_pred=0.339061 sequence=1264.723541
[r21-five-plan/b21_C] [plan] step=572 node=N1710 type=observe typed_return_pred=0.368334 sequence=1265.087875
[r21-five-plan/b21_C] [plan] step=573 node=N1709 type=observe typed_return_pred=0.500913 sequence=1265.584788
[r21-five-plan/b21_C] [plan] step=574 node=N13691 type=observe typed_return_pred=0.700934 sequence=1266.285722
[r21-five-plan/b21_C] [plan] step=575 node=N18929 type=observe typed_return_pred=0.654112 sequence=1266.939834
[r21-five-plan/b21_C] [plan] step=576 node=N13697 type=observe typed_return_pred=0.459660 sequence=1267.399494
[r21-five-plan/b21_C] [plan] step=577 node=N18923 type=observe typed_return_pred=0.469250 sequence=1267.868744
[r21-five-plan/b21_C] [plan] step=578 node=N11093 type=observe typed_return_pred=0.340138 sequence=1268.204882
[r21-five-plan/b21_C] [plan] step=579 node=N994 type=observe typed_return_pred=0.299380 sequence=1268.500262
[r21-five-plan/b21_C] [plan] step=580 node=N15767 type=observe typed_return_pred=0.511863 sequence=1269.007125
[r21-five-plan/b21_C] [plan] step=581 node=N1007 type=observe typed_return_pred=0.484532 sequence=1269.487657
[r21-five-plan/b21_C] [plan] step=582 node=N12627 type=observe typed_return_pred=0.415701 sequence=1269.899358
[r21-five-plan/b21_C] [plan] step=583 node=N1015 type=observe typed_return_pred=0.272895 sequence=1270.168252
[r21-five-plan/b21_C] [plan] step=584 node=N961 type=observe typed_return_pred=0.266264 sequence=1270.430516
[r21-five-plan/b21_C] [plan] step=585 node=N1008 type=observe typed_return_pred=0.256631 sequence=1270.683147
[r21-five-plan/b21_C] [plan] step=586 node=N1009 type=observe typed_return_pred=0.255683 sequence=1270.934830
[r21-five-plan/b21_C] [plan] step=587 node=N10972 type=observe typed_return_pred=0.279351 sequence=1271.210181
[r21-five-plan/b21_C] [plan] step=588 node=N1003 type=observe typed_return_pred=0.273331 sequence=1271.479512
[r21-five-plan/b21_C] [plan] step=589 node=N1005 type=observe typed_return_pred=0.259327 sequence=1271.734840
[r21-five-plan/b21_C] [plan] step=590 node=N1006 type=observe typed_return_pred=0.247291 sequence=1271.978131
[r21-five-plan/b21_C] [plan] step=591 node=N5154 type=control0 typed_return_pred=0.233913 sequence=1272.212043
[r21-five-plan/b21_C] [plan] step=592 node=N10974 type=observe typed_return_pred=0.261109 sequence=1272.469152
[r21-five-plan/b21_C] [plan] step=593 node=N6239 type=control0 typed_return_pred=0.254583 sequence=1272.723735
[r21-five-plan/b21_C] [plan] step=594 node=N1001 type=observe typed_return_pred=0.236348 sequence=1272.956083
[r21-five-plan/b21_C] [plan] step=595 node=N8780 type=control0 typed_return_pred=0.213344 sequence=1273.165427
[r21-five-plan/b21_C] [plan] step=596 node=N11155 type=observe typed_return_pred=0.165620 sequence=1273.327047
[r21-five-plan/b21_C] [plan] step=597 node=N6757 type=control0 typed_return_pred=0.147973 sequence=1273.475020
[r21-five-plan/b21_C] [plan] step=598 node=N4269 type=observe typed_return_pred=0.285295 sequence=1273.756315
[r21-five-plan/b21_C] [plan] step=599 node=N14703 type=observe typed_return_pred=0.239381 sequence=1273.991696
[r21-five-plan/b21_C] [plan] step=600 node=N4180 type=observe typed_return_pred=0.208948 sequence=1274.200644
[r21-five-plan/b21_C] [plan] step=601 node=N11091 type=observe typed_return_pred=0.249264 sequence=1274.445908
[r21-five-plan/b21_C] [plan] step=602 node=N4268 type=observe typed_return_pred=0.154302 sequence=1274.596211
[r21-five-plan/b21_C] [plan] step=603 node=N4262 type=observe typed_return_pred=0.119029 sequence=1274.711239
[r21-five-plan/b21_C] [plan] step=604 node=N4261 type=observe typed_return_pred=0.098291 sequence=1274.805530
[r21-five-plan/b21_C] [plan] step=605 node=N14521 type=control0 typed_return_pred=0.131158 sequence=1274.936689
[r21-five-plan/b21_C] [plan] step=606 node=N4258 type=observe typed_return_pred=0.120336 sequence=1275.053025
[r21-five-plan/b21_C] [plan] step=607 node=N4254 type=observe typed_return_pred=0.079830 sequence=1275.128855
[r21-five-plan/b21_C] [plan] step=608 node=N4266 type=observe typed_return_pred=0.066709 sequence=1275.191565
[r21-five-plan/b21_C] [plan] step=609 node=N4271 type=observe typed_return_pred=0.279623 sequence=1275.467188
[r21-five-plan/b21_C] [plan] step=610 node=N4250 type=observe typed_return_pred=0.396312 sequence=1275.859500
[r21-five-plan/b21_C] [plan] step=611 node=N4255 type=observe typed_return_pred=0.395537 sequence=1276.251037
[r21-five-plan/b21_C] [plan] step=612 node=N11146 type=observe typed_return_pred=0.538372 sequence=1276.785409
[r21-five-plan/b21_C] [plan] step=613 node=N4265 type=observe typed_return_pred=0.449372 sequence=1277.230781
[r21-five-plan/b21_C] [plan] step=614 node=N1017 type=observe typed_return_pred=0.189113 sequence=1277.415894
[r21-five-plan/b21_C] [plan] step=615 node=N18142 type=observe typed_return_pred=0.204989 sequence=1277.620884
[r21-five-plan/b21_C] [plan] step=616 node=N9134 type=observe typed_return_pred=0.207994 sequence=1277.824878
[r21-five-plan/b21_C] [plan] step=617 node=N4969 type=observe typed_return_pred=0.274837 sequence=1278.099714
[r21-five-plan/b21_C] [plan] step=618 node=N13017 type=observe typed_return_pred=0.194621 sequence=1278.290336
[r21-five-plan/b21_C] [plan] step=619 node=N4259 type=observe typed_return_pred=0.093612 sequence=1278.379947
[r21-five-plan/b21_C] [plan] step=620 node=N4249 type=observe typed_return_pred=0.115276 sequence=1278.491223
[r21-five-plan/b21_C] [plan] step=621 node=N10302 type=observe typed_return_pred=0.140622 sequence=1278.631845
[r21-five-plan/b21_C] [plan] step=622 node=N4091 type=observe typed_return_pred=0.210516 sequence=1278.842361
[r21-five-plan/b21_C] [plan] step=623 node=N15010 type=observe typed_return_pred=0.522349 sequence=1279.364710
[r21-five-plan/b21_C] [plan] step=624 node=N4273 type=observe typed_return_pred=0.407808 sequence=1279.768518
[r21-five-plan/b21_C] [plan] step=625 node=N10971 type=observe typed_return_pred=0.392512 sequence=1280.161030
[r21-five-plan/b21_C] [plan] step=626 node=N18145 type=observe typed_return_pred=0.396837 sequence=1280.557867
[r21-five-plan/b21_C] [plan] step=627 node=N13515 type=observe typed_return_pred=0.215097 sequence=1280.768964
[r21-five-plan/b21_C] [plan] step=628 node=N4251 type=observe typed_return_pred=0.135338 sequence=1280.900302
[r21-five-plan/b21_C] saved=autoresearch/loop-260720-0945/typed_winner_round21_horizon_return_five/b21_C/plans/iscas99__b21.csv
