__aig_not_99->__aig_and_101 /1 undetected
test_en->__tpi_cp_43___aig_and_24 /0 undetected
__tpi_not_test_en->__tpi_cp_29_G381 /1 undetected
__tpi_not_test_en->__tpi_cp_19_G375 /1 undetected
__tpi_not_test_en->__tpi_cp_23_G371 /1 undetected
test_en->__tpi_cp_0_G120 /0 undetected
__tpi_not_test_en->__tpi_cp_37_I527 /1 undetected
test_en->__tpi_cp_38_G168 /0 undetected
test_en->__tpi_cp_32___aig_and_18 /0 undetected
__tpi_not_test_en->__tpi_cp_1_G393 /1 undetected
__tpi_not_test_en->__tpi_cp_27_I472 /1 undetected
test_en->__tpi_cp_17_G335 /0 undetected
__tpi_not_test_en->__tpi_cp_8_G213 /1 undetected
test_en->__tpi_cp_35___aig_and_106 /0 undetected
__tpi_not_test_en->__tpi_cp_2_G358 /1 undetected
__tpi_not_test_en->__tpi_cp_36_I449 /1 undetected
test_en->__tpi_cp_34_G88 /0 undetected
test_en->__tpi_cp_39_I390 /0 undetected
__tpi_not_test_en->__tpi_cp_10_I386 /1 undetected
test_en->__tpi_cp_15_G341 /0 undetected
__tpi_not_test_en->__tpi_cp_13_I378 /1 undetected
test_en->__tpi_cp_21_G293 /0 undetected
__tpi_not_test_en->__tpi_cp_33_I341 /1 undetected
test_en->__tpi_cp_11_G87 /0 undetected
__tpi_not_test_en->__tpi_cp_30_I338 /1 undetected
test_en->__tpi_cp_28_G89 /0 undetected
__tpi_not_test_en->__tpi_cp_5_G119 /1 undetected
__tpi_not_test_en->__tpi_cp_3_G115 /1 undetected
__tpi_not_test_en->__tpi_cp_4_G111 /1 undetected
