test_en->__tpi_cp_55_G383 /0 undetected
__tpi_not_test_en->__tpi_cp_29_G381 /1 undetected
test_en->__tpi_cp_57_G377 /0 undetected
__tpi_not_test_en->__tpi_cp_19_G375 /1 undetected
test_en->__tpi_cp_54_G373 /0 undetected
__tpi_not_test_en->__tpi_cp_23_G371 /1 undetected
test_en->__tpi_cp_48_G369 /0 undetected
test_en->__tpi_cp_0_G120 /0 undetected
__tpi_not_test_en->__tpi_cp_51___buf_split_55 /1 undetected
__tpi_not_test_en->__tpi_cp_37_I527 /1 undetected
test_en->__tpi_cp_38_G168 /0 undetected
test_en->__tpi_cp_32___aig_and_18 /0 undetected
__tpi_not_test_en->__tpi_cp_1_G393 /1 undetected
__tpi_not_test_en->__tpi_cp_18_G395 /1 undetected
__tpi_not_test_en->__tpi_cp_46___aig_and_2 /1 undetected
__tpi_not_test_en->__tpi_cp_27_I472 /1 undetected
test_en->__tpi_cp_17_G335 /0 undetected
__tpi_not_test_en->__tpi_cp_8_G213 /1 undetected
__tpi_not_test_en->__tpi_cp_61_G212 /1 undetected
test_en->__tpi_cp_35___aig_and_106 /0 undetected
__tpi_not_test_en->__tpi_cp_2_G358 /1 undetected
test_en->__tpi_cp_64_G357 /0 undetected
__tpi_not_test_en->__tpi_cp_36_I449 /1 undetected
test_en->__tpi_cp_34_G88 /0 undetected
__tpi_not_test_en->__tpi_cp_6_G331 /1 undetected
test_en->__tpi_cp_56___aig_and_7 /0 undetected
__tpi_not_test_en->__tpi_cp_44___aig_and_6 /1 undetected
__tpi_not_test_en->__tpi_cp_42_G396 /1 undetected
test_en->__tpi_cp_45_G303 /0 undetected
__tpi_not_test_en->__tpi_cp_10_I386 /1 undetected
test_en->__tpi_cp_15_G341 /0 undetected
test_en->__tpi_cp_41_G309 /0 undetected
__tpi_not_test_en->__tpi_cp_13_I378 /1 undetected
test_en->__tpi_cp_21_G293 /0 undetected
test_en->__tpi_cp_65_G355 /0 undetected
__tpi_not_test_en->__tpi_cp_33_I341 /1 undetected
test_en->__tpi_cp_11_G87 /0 undetected
__tpi_not_test_en->__tpi_cp_30_I338 /1 undetected
test_en->__tpi_cp_28_G89 /0 undetected
__tpi_not_test_en->__tpi_cp_26_I315 /1 undetected
test_en->__tpi_cp_47_I313 /0 undetected
test_en->__tpi_cp_52_I266 /0 undetected
test_en->__tpi_cp_67_I291 /0 undetected
test_en->__tpi_cp_68_I287 /0 undetected
__tpi_not_test_en->__tpi_cp_5_G119 /1 undetected
__tpi_not_test_en->__tpi_cp_63_G118 /1 undetected
test_en->__tpi_cp_50_G114 /0 undetected
test_en->__tpi_cp_53_G110 /0 undetected
__tpi_not_test_en->__tpi_cp_62_G360 /1 undetected
