[b15-r10-boundary/return_within_lr2e4/e005] [gmean] 2026-07-21T17:27:16 out_dir=autoresearch/loop-260720-0945/model_training_round10/b15_selection/return_within_lr2e4/epoch_005/alpha_0p10_decay_64
[b15-r10-boundary/return_within_lr2e4/e005] [gmean] 2026-07-21T17:27:16 budgets=iscas99__b15_1:278
[b15-r10-boundary/return_within_lr2e4/e005] [gmean] 2026-07-21T17:27:16 variant_start id=greedy__cumulative__q_typed_reliable_context__bw1__d1__c64__g1p0__candhard_fault_cluster__div0p0__s0
[b15-r10-boundary/return_within_lr2e4/e005] [gmean] 2026-07-21T17:27:16 [1/1] plan_start benchmark=iscas99__b15_1 budget=278 planner=greedy score=q_typed_reliable_context
[b15-r10-boundary/return_within_lr2e4/e005] [plan iscas99__b15_1] [plan] torch_deterministic=true
[b15-r10-boundary/return_within_lr2e4/e005] [plan iscas99__b15_1] [plan] candidate_allowlist=autoresearch/original-netlist-recovery-260712/exact_itc99/b15_C/exact_candidate_nodes.txt nodes=7918
[b15-r10-boundary/return_within_lr2e4/e005] [plan iscas99__b15_1] [plan] latent_norm_clip_ratio=4 latent_norm_limit=30.875631
[b15-r10-boundary/return_within_lr2e4/e005] [plan iscas99__b15_1] [plan] step=1 node=N677 type=control1 q_typed_reliable_context=4.858065 sequence=4.858065
[b15-r10-boundary/return_within_lr2e4/e005] [plan iscas99__b15_1] [plan] step=2 node=N2155 type=observe q_typed_reliable_context=3.256829 sequence=8.114894
[b15-r10-boundary/return_within_lr2e4/e005] [plan iscas99__b15_1] [plan] step=3 node=N502 type=control1 q_typed_reliable_context=2.192107 sequence=10.307000
[b15-r10-boundary/return_within_lr2e4/e005] [plan iscas99__b15_1] [plan] step=4 node=N762 type=control1 q_typed_reliable_context=1.446094 sequence=11.753094
[b15-r10-boundary/return_within_lr2e4/e005] [plan iscas99__b15_1] [plan] step=5 node=N3742 type=control0 q_typed_reliable_context=0.895843 sequence=12.648938
[b15-r10-boundary/return_within_lr2e4/e005] [plan iscas99__b15_1] [plan] step=6 node=N3644 type=control0 q_typed_reliable_context=1.489064 sequence=14.138002
[b15-r10-boundary/return_within_lr2e4/e005] [plan iscas99__b15_1] [plan] step=7 node=N557 type=control1 q_typed_reliable_context=0.910940 sequence=15.048942
[b15-r10-boundary/return_within_lr2e4/e005] [plan iscas99__b15_1] [plan] step=8 node=N3756 type=control0 q_typed_reliable_context=1.097941 sequence=16.146883
[b15-r10-boundary/return_within_lr2e4/e005] [plan iscas99__b15_1] [plan] step=9 node=N564 type=control1 q_typed_reliable_context=1.366973 sequence=17.513856
[b15-r10-boundary/return_within_lr2e4/e005] [plan iscas99__b15_1] [plan] step=10 node=N2336 type=control1 q_typed_reliable_context=1.557724 sequence=19.071580
[b15-r10-boundary/return_within_lr2e4/e005] [plan iscas99__b15_1] [plan] step=11 node=N5143 type=observe q_typed_reliable_context=1.325577 sequence=20.397157
[b15-r10-boundary/return_within_lr2e4/e005] [plan iscas99__b15_1] [plan] step=12 node=N7511 type=control1 q_typed_reliable_context=1.450593 sequence=21.847750
[b15-r10-boundary/return_within_lr2e4/e005] [plan iscas99__b15_1] [plan] step=13 node=N580 type=control1 q_typed_reliable_context=1.255322 sequence=23.103072
[b15-r10-boundary/return_within_lr2e4/e005] [plan iscas99__b15_1] [plan] step=14 node=N2082 type=observe q_typed_reliable_context=1.398669 sequence=24.501741
[b15-r10-boundary/return_within_lr2e4/e005] [plan iscas99__b15_1] [plan] step=15 node=N737 type=control1 q_typed_reliable_context=3.600376 sequence=28.102117
[b15-r10-boundary/return_within_lr2e4/e005] [plan iscas99__b15_1] [plan] step=16 node=N3722 type=control0 q_typed_reliable_context=0.947865 sequence=29.049982
[b15-r10-boundary/return_within_lr2e4/e005] [plan iscas99__b15_1] [plan] step=17 node=N496 type=control1 q_typed_reliable_context=1.745042 sequence=30.795024
[b15-r10-boundary/return_within_lr2e4/e005] [plan iscas99__b15_1] [plan] step=18 node=N5723 type=control0 q_typed_reliable_context=1.392575 sequence=32.187599
[b15-r10-boundary/return_within_lr2e4/e005] [plan iscas99__b15_1] [plan] step=19 node=N5203 type=control1 q_typed_reliable_context=1.998558 sequence=34.186157
[b15-r10-boundary/return_within_lr2e4/e005] [plan iscas99__b15_1] [plan] step=20 node=N2153 type=observe q_typed_reliable_context=2.156696 sequence=36.342853
[b15-r10-boundary/return_within_lr2e4/e005] [plan iscas99__b15_1] [plan] step=21 node=N1853 type=observe q_typed_reliable_context=2.699753 sequence=39.042606
[b15-r10-boundary/return_within_lr2e4/e005] [plan iscas99__b15_1] [plan] step=22 node=N2101 type=observe q_typed_reliable_context=2.335735 sequence=41.378341
[b15-r10-boundary/return_within_lr2e4/e005] [plan iscas99__b15_1] [plan] step=23 node=N1860 type=observe q_typed_reliable_context=1.952493 sequence=43.330834
[b15-r10-boundary/return_within_lr2e4/e005] [plan iscas99__b15_1] [plan] step=24 node=N1372 type=observe q_typed_reliable_context=1.827739 sequence=45.158574
[b15-r10-boundary/return_within_lr2e4/e005] [plan iscas99__b15_1] [plan] step=25 node=N582 type=control1 q_typed_reliable_context=1.720757 sequence=46.879331
[b15-r10-boundary/return_within_lr2e4/e005] [plan iscas99__b15_1] [plan] step=26 node=N1532 type=observe q_typed_reliable_context=1.807399 sequence=48.686730
[b15-r10-boundary/return_within_lr2e4/e005] [plan iscas99__b15_1] [plan] step=27 node=N766 type=control1 q_typed_reliable_context=0.807498 sequence=49.494227
[b15-r10-boundary/return_within_lr2e4/e005] [plan iscas99__b15_1] [plan] step=28 node=N7516 type=observe q_typed_reliable_context=0.854676 sequence=50.348903
[b15-r10-boundary/return_within_lr2e4/e005] [plan iscas99__b15_1] [plan] step=29 node=N4684 type=control0 q_typed_reliable_context=2.985953 sequence=53.334856
[b15-r10-boundary/return_within_lr2e4/e005] [plan iscas99__b15_1] [plan] step=30 node=N1437 type=control1 q_typed_reliable_context=0.324663 sequence=53.659519
[b15-r10-boundary/return_within_lr2e4/e005] [plan iscas99__b15_1] [plan] step=31 node=N583 type=control1 q_typed_reliable_context=1.472114 sequence=55.131633
[b15-r10-boundary/return_within_lr2e4/e005] [plan iscas99__b15_1] [plan] step=32 node=N4677 type=control0 q_typed_reliable_context=2.807535 sequence=57.939168
[b15-r10-boundary/return_within_lr2e4/e005] [plan iscas99__b15_1] [plan] step=33 node=N7411 type=control1 q_typed_reliable_context=0.746178 sequence=58.685346
[b15-r10-boundary/return_within_lr2e4/e005] [plan iscas99__b15_1] [plan] step=34 node=N7413 type=control1 q_typed_reliable_context=0.978282 sequence=59.663629
[b15-r10-boundary/return_within_lr2e4/e005] [plan iscas99__b15_1] [plan] step=35 node=N4670 type=control0 q_typed_reliable_context=1.831360 sequence=61.494989
[b15-r10-boundary/return_within_lr2e4/e005] [plan iscas99__b15_1] [plan] step=36 node=N4656 type=control0 q_typed_reliable_context=2.134401 sequence=63.629390
[b15-r10-boundary/return_within_lr2e4/e005] [plan iscas99__b15_1] [plan] step=37 node=N4649 type=control0 q_typed_reliable_context=1.615153 sequence=65.244543
[b15-r10-boundary/return_within_lr2e4/e005] [plan iscas99__b15_1] [plan] step=38 node=N7881 type=control1 q_typed_reliable_context=0.712282 sequence=65.956826
[b15-r10-boundary/return_within_lr2e4/e005] [plan iscas99__b15_1] [plan] step=39 node=N7882 type=control1 q_typed_reliable_context=0.829881 sequence=66.786706
[b15-r10-boundary/return_within_lr2e4/e005] [plan iscas99__b15_1] [plan] step=40 node=N7883 type=control1 q_typed_reliable_context=0.600772 sequence=67.387478
[b15-r10-boundary/return_within_lr2e4/e005] [plan iscas99__b15_1] [plan] step=41 node=N7884 type=control1 q_typed_reliable_context=0.496965 sequence=67.884443
[b15-r10-boundary/return_within_lr2e4/e005] [plan iscas99__b15_1] [plan] step=42 node=N704 type=observe q_typed_reliable_context=1.458814 sequence=69.343257
[b15-r10-boundary/return_within_lr2e4/e005] [plan iscas99__b15_1] [plan] step=43 node=N6537 type=observe q_typed_reliable_context=3.684615 sequence=73.027873
[b15-r10-boundary/return_within_lr2e4/e005] [plan iscas99__b15_1] [plan] step=44 node=N4691 type=control0 q_typed_reliable_context=5.737793 sequence=78.765666
[b15-r10-boundary/return_within_lr2e4/e005] [plan iscas99__b15_1] [plan] step=45 node=N724 type=observe q_typed_reliable_context=3.062804 sequence=81.828470
[b15-r10-boundary/return_within_lr2e4/e005] [plan iscas99__b15_1] [plan] step=46 node=N4663 type=control0 q_typed_reliable_context=1.937052 sequence=83.765522
[b15-r10-boundary/return_within_lr2e4/e005] [plan iscas99__b15_1] [plan] step=47 node=N4698 type=control0 q_typed_reliable_context=1.140052 sequence=84.905573
[b15-r10-boundary/return_within_lr2e4/e005] [plan iscas99__b15_1] [plan] step=48 node=N8470 type=observe q_typed_reliable_context=1.501342 sequence=86.406915
[b15-r10-boundary/return_within_lr2e4/e005] [plan iscas99__b15_1] [plan] step=49 node=N4635 type=control0 q_typed_reliable_context=1.296360 sequence=87.703275
[b15-r10-boundary/return_within_lr2e4/e005] [plan iscas99__b15_1] [plan] step=50 node=N4705 type=control0 q_typed_reliable_context=1.395258 sequence=89.098533
[b15-r10-boundary/return_within_lr2e4/e005] [plan iscas99__b15_1] [plan] step=51 node=N3911 type=control0 q_typed_reliable_context=0.943220 sequence=90.041753
[b15-r10-boundary/return_within_lr2e4/e005] [plan iscas99__b15_1] [plan] step=52 node=N3904 type=control0 q_typed_reliable_context=0.944240 sequence=90.985993
[b15-r10-boundary/return_within_lr2e4/e005] [plan iscas99__b15_1] [plan] step=53 node=N3897 type=control0 q_typed_reliable_context=0.965354 sequence=91.951347
[b15-r10-boundary/return_within_lr2e4/e005] [plan iscas99__b15_1] [plan] step=54 node=N3701 type=control0 q_typed_reliable_context=0.916521 sequence=92.867868
[b15-r10-boundary/return_within_lr2e4/e005] [plan iscas99__b15_1] [plan] step=55 node=N3862 type=control0 q_typed_reliable_context=0.940920 sequence=93.808787
[b15-r10-boundary/return_within_lr2e4/e005] [plan iscas99__b15_1] [plan] step=56 node=N3855 type=control0 q_typed_reliable_context=0.953490 sequence=94.762277
[b15-r10-boundary/return_within_lr2e4/e005] [plan iscas99__b15_1] [plan] step=57 node=N3848 type=control0 q_typed_reliable_context=0.957503 sequence=95.719780
[b15-r10-boundary/return_within_lr2e4/e005] [plan iscas99__b15_1] [plan] step=58 node=N3805 type=control0 q_typed_reliable_context=0.959621 sequence=96.679400
[b15-r10-boundary/return_within_lr2e4/e005] [plan iscas99__b15_1] [plan] step=59 node=N3889 type=control0 q_typed_reliable_context=0.902131 sequence=97.581531
[b15-r10-boundary/return_within_lr2e4/e005] [plan iscas99__b15_1] [plan] step=60 node=N2083 type=observe q_typed_reliable_context=1.004438 sequence=98.585969
[b15-r10-boundary/return_within_lr2e4/e005] [plan iscas99__b15_1] [plan] step=61 node=N3882 type=control0 q_typed_reliable_context=1.114179 sequence=99.700148
[b15-r10-boundary/return_within_lr2e4/e005] [plan iscas99__b15_1] [plan] step=62 node=N5603 type=control0 q_typed_reliable_context=1.065802 sequence=100.765950
[b15-r10-boundary/return_within_lr2e4/e005] [plan iscas99__b15_1] [plan] step=63 node=N7506 type=observe q_typed_reliable_context=1.725394 sequence=102.491344
[b15-r10-boundary/return_within_lr2e4/e005] [plan iscas99__b15_1] [plan] step=64 node=N4606 type=control0 q_typed_reliable_context=0.898714 sequence=103.390058
[b15-r10-boundary/return_within_lr2e4/e005] [plan iscas99__b15_1] [plan] step=65 node=N4712 type=control0 q_typed_reliable_context=0.917927 sequence=104.307985
[b15-r10-boundary/return_within_lr2e4/e005] [plan iscas99__b15_1] [plan] step=66 node=N4716 type=control0 q_typed_reliable_context=1.024028 sequence=105.332012
[b15-r10-boundary/return_within_lr2e4/e005] [plan iscas99__b15_1] [plan] step=67 node=N2044 type=observe q_typed_reliable_context=1.029541 sequence=106.361553
[b15-r10-boundary/return_within_lr2e4/e005] [plan iscas99__b15_1] [plan] step=68 node=N519 type=control1 q_typed_reliable_context=0.967598 sequence=107.329151
[b15-r10-boundary/return_within_lr2e4/e005] [plan iscas99__b15_1] [plan] step=69 node=N2042 type=observe q_typed_reliable_context=0.853352 sequence=108.182504
[b15-r10-boundary/return_within_lr2e4/e005] [plan iscas99__b15_1] [plan] step=70 node=N504 type=control1 q_typed_reliable_context=1.406621 sequence=109.589124
[b15-r10-boundary/return_within_lr2e4/e005] [plan iscas99__b15_1] [plan] step=71 node=N7471 type=control0 q_typed_reliable_context=0.791307 sequence=110.380432
[b15-r10-boundary/return_within_lr2e4/e005] [plan iscas99__b15_1] [plan] step=72 node=N513 type=control1 q_typed_reliable_context=1.245285 sequence=111.625716
[b15-r10-boundary/return_within_lr2e4/e005] [plan iscas99__b15_1] [plan] step=73 node=N7724 type=control0 q_typed_reliable_context=0.756675 sequence=112.382391
[b15-r10-boundary/return_within_lr2e4/e005] [plan iscas99__b15_1] [plan] step=74 node=N520 type=control1 q_typed_reliable_context=1.391537 sequence=113.773928
[b15-r10-boundary/return_within_lr2e4/e005] [plan iscas99__b15_1] [plan] step=75 node=N1539 type=control0 q_typed_reliable_context=0.758523 sequence=114.532451
[b15-r10-boundary/return_within_lr2e4/e005] [plan iscas99__b15_1] [plan] step=76 node=N516 type=control1 q_typed_reliable_context=1.557468 sequence=116.089919
[b15-r10-boundary/return_within_lr2e4/e005] [plan iscas99__b15_1] [plan] step=77 node=N5234 type=observe q_typed_reliable_context=0.770301 sequence=116.860220
[b15-r10-boundary/return_within_lr2e4/e005] [plan iscas99__b15_1] [plan] step=78 node=N7722 type=control0 q_typed_reliable_context=0.843701 sequence=117.703922
[b15-r10-boundary/return_within_lr2e4/e005] [plan iscas99__b15_1] [plan] step=79 node=N4578 type=control0 q_typed_reliable_context=1.272585 sequence=118.976507
[b15-r10-boundary/return_within_lr2e4/e005] [plan iscas99__b15_1] [plan] step=80 node=N899 type=observe q_typed_reliable_context=1.117101 sequence=120.093608
[b15-r10-boundary/return_within_lr2e4/e005] [plan iscas99__b15_1] [plan] step=81 node=N7875 type=control1 q_typed_reliable_context=0.813391 sequence=120.906999
[b15-r10-boundary/return_within_lr2e4/e005] [plan iscas99__b15_1] [plan] step=82 node=N4585 type=control0 q_typed_reliable_context=1.269409 sequence=122.176408
[b15-r10-boundary/return_within_lr2e4/e005] [plan iscas99__b15_1] [plan] step=83 node=N7370 type=control1 q_typed_reliable_context=0.752136 sequence=122.928544
[b15-r10-boundary/return_within_lr2e4/e005] [plan iscas99__b15_1] [plan] step=84 node=N555 type=control1 q_typed_reliable_context=1.527491 sequence=124.456035
[b15-r10-boundary/return_within_lr2e4/e005] [plan iscas99__b15_1] [plan] step=85 node=N7891 type=control1 q_typed_reliable_context=1.320240 sequence=125.776275
[b15-r10-boundary/return_within_lr2e4/e005] [plan iscas99__b15_1] [plan] step=86 node=N7885 type=control1 q_typed_reliable_context=1.515750 sequence=127.292025
[b15-r10-boundary/return_within_lr2e4/e005] [plan iscas99__b15_1] [plan] step=87 node=N7886 type=control1 q_typed_reliable_context=1.689438 sequence=128.981463
[b15-r10-boundary/return_within_lr2e4/e005] [plan iscas99__b15_1] [plan] step=88 node=N7887 type=control1 q_typed_reliable_context=1.671017 sequence=130.652481
[b15-r10-boundary/return_within_lr2e4/e005] [plan iscas99__b15_1] [plan] step=89 node=N7888 type=control1 q_typed_reliable_context=0.992342 sequence=131.644822
[b15-r10-boundary/return_within_lr2e4/e005] [plan iscas99__b15_1] [plan] step=90 node=N7889 type=control1 q_typed_reliable_context=0.991922 sequence=132.636745
[b15-r10-boundary/return_within_lr2e4/e005] [plan iscas99__b15_1] [plan] step=91 node=N7890 type=control1 q_typed_reliable_context=1.112734 sequence=133.749478
[b15-r10-boundary/return_within_lr2e4/e005] [plan iscas99__b15_1] [plan] step=92 node=N507 type=control1 q_typed_reliable_context=1.311988 sequence=135.061466
[b15-r10-boundary/return_within_lr2e4/e005] [plan iscas99__b15_1] [plan] step=93 node=N3785 type=control0 q_typed_reliable_context=1.010836 sequence=136.072302
[b15-r10-boundary/return_within_lr2e4/e005] [plan iscas99__b15_1] [plan] step=94 node=N3827 type=control0 q_typed_reliable_context=2.631300 sequence=138.703602
[b15-r10-boundary/return_within_lr2e4/e005] [plan iscas99__b15_1] [plan] step=95 node=N713 type=observe q_typed_reliable_context=5.386738 sequence=144.090340
[b15-r10-boundary/return_within_lr2e4/e005] [plan iscas99__b15_1] [plan] step=96 node=N3820 type=control0 q_typed_reliable_context=1.424081 sequence=145.514420
[b15-r10-boundary/return_within_lr2e4/e005] [plan iscas99__b15_1] [plan] step=97 node=N7725 type=control0 q_typed_reliable_context=1.217620 sequence=146.732041
[b15-r10-boundary/return_within_lr2e4/e005] [plan iscas99__b15_1] [plan] step=98 node=N7723 type=control0 q_typed_reliable_context=1.466194 sequence=148.198235
[b15-r10-boundary/return_within_lr2e4/e005] [plan iscas99__b15_1] [plan] step=99 node=N7408 type=control0 q_typed_reliable_context=1.527273 sequence=149.725507
[b15-r10-boundary/return_within_lr2e4/e005] [plan iscas99__b15_1] [plan] step=100 node=N7541 type=control0 q_typed_reliable_context=1.386284 sequence=151.111791
[b15-r10-boundary/return_within_lr2e4/e005] [plan iscas99__b15_1] [plan] step=101 node=N7846 type=control0 q_typed_reliable_context=1.331842 sequence=152.443633
[b15-r10-boundary/return_within_lr2e4/e005] [plan iscas99__b15_1] [plan] step=102 node=N556 type=control1 q_typed_reliable_context=1.462482 sequence=153.906115
[b15-r10-boundary/return_within_lr2e4/e005] [plan iscas99__b15_1] [plan] step=103 node=N614 type=control1 q_typed_reliable_context=1.321318 sequence=155.227432
[b15-r10-boundary/return_within_lr2e4/e005] [plan iscas99__b15_1] [plan] step=104 node=N3813 type=control0 q_typed_reliable_context=1.783302 sequence=157.010734
[b15-r10-boundary/return_within_lr2e4/e005] [plan iscas99__b15_1] [plan] step=105 node=N634 type=control1 q_typed_reliable_context=1.444220 sequence=158.454954
[b15-r10-boundary/return_within_lr2e4/e005] [plan iscas99__b15_1] [plan] step=106 node=N3799 type=control0 q_typed_reliable_context=1.443679 sequence=159.898633
[b15-r10-boundary/return_within_lr2e4/e005] [plan iscas99__b15_1] [plan] step=107 node=N610 type=control1 q_typed_reliable_context=1.350894 sequence=161.249527
[b15-r10-boundary/return_within_lr2e4/e005] [plan iscas99__b15_1] [plan] step=108 node=N3792 type=control0 q_typed_reliable_context=1.323320 sequence=162.572847
[b15-r10-boundary/return_within_lr2e4/e005] [plan iscas99__b15_1] [plan] step=109 node=N620 type=control1 q_typed_reliable_context=1.224020 sequence=163.796867
[b15-r10-boundary/return_within_lr2e4/e005] [plan iscas99__b15_1] [plan] step=110 node=N510 type=control1 q_typed_reliable_context=1.716820 sequence=165.513687
[b15-r10-boundary/return_within_lr2e4/e005] [plan iscas99__b15_1] [plan] step=111 node=N638 type=control1 q_typed_reliable_context=1.312546 sequence=166.826234
[b15-r10-boundary/return_within_lr2e4/e005] [plan iscas99__b15_1] [plan] step=112 node=N3682 type=control0 q_typed_reliable_context=1.660051 sequence=168.486285
[b15-r10-boundary/return_within_lr2e4/e005] [plan iscas99__b15_1] [plan] step=113 node=N7852 type=control0 q_typed_reliable_context=1.336571 sequence=169.822856
[b15-r10-boundary/return_within_lr2e4/e005] [plan iscas99__b15_1] [plan] step=114 node=N722 type=observe q_typed_reliable_context=2.392744 sequence=172.215600
[b15-r10-boundary/return_within_lr2e4/e005] [plan iscas99__b15_1] [plan] step=115 node=N4564 type=control0 q_typed_reliable_context=1.972799 sequence=174.188399
[b15-r10-boundary/return_within_lr2e4/e005] [plan iscas99__b15_1] [plan] step=116 node=N7872 type=control1 q_typed_reliable_context=2.152274 sequence=176.340673
[b15-r10-boundary/return_within_lr2e4/e005] [plan iscas99__b15_1] [plan] step=117 node=N4557 type=control0 q_typed_reliable_context=2.926534 sequence=179.267207
[b15-r10-boundary/return_within_lr2e4/e005] [plan iscas99__b15_1] [plan] step=118 node=N4520 type=control0 q_typed_reliable_context=2.978776 sequence=182.245983
[b15-r10-boundary/return_within_lr2e4/e005] [plan iscas99__b15_1] [plan] step=119 node=N7847 type=control0 q_typed_reliable_context=3.026079 sequence=185.272062
[b15-r10-boundary/return_within_lr2e4/e005] [plan iscas99__b15_1] [plan] step=120 node=N3903 type=control0 q_typed_reliable_context=2.353160 sequence=187.625222
[b15-r10-boundary/return_within_lr2e4/e005] [plan iscas99__b15_1] [plan] step=121 node=N7853 type=control0 q_typed_reliable_context=2.391949 sequence=190.017170
[b15-r10-boundary/return_within_lr2e4/e005] [plan iscas99__b15_1] [plan] step=122 node=N7820 type=control0 q_typed_reliable_context=2.535723 sequence=192.552893
[b15-r10-boundary/return_within_lr2e4/e005] [plan iscas99__b15_1] [plan] step=123 node=N3896 type=control0 q_typed_reliable_context=2.362524 sequence=194.915418
[b15-r10-boundary/return_within_lr2e4/e005] [plan iscas99__b15_1] [plan] step=124 node=N7588 type=control1 q_typed_reliable_context=1.516258 sequence=196.431675
[b15-r10-boundary/return_within_lr2e4/e005] [plan iscas99__b15_1] [plan] step=125 node=N645 type=control1 q_typed_reliable_context=1.650562 sequence=198.082237
[b15-r10-boundary/return_within_lr2e4/e005] [plan iscas99__b15_1] [plan] step=126 node=N2040 type=observe q_typed_reliable_context=1.932197 sequence=200.014433
[b15-r10-boundary/return_within_lr2e4/e005] [plan iscas99__b15_1] [plan] step=127 node=N7590 type=control1 q_typed_reliable_context=1.280748 sequence=201.295181
[b15-r10-boundary/return_within_lr2e4/e005] [plan iscas99__b15_1] [plan] step=128 node=N7537 type=observe q_typed_reliable_context=1.544324 sequence=202.839506
[b15-r10-boundary/return_within_lr2e4/e005] [plan iscas99__b15_1] [plan] step=129 node=N7535 type=observe q_typed_reliable_context=1.965615 sequence=204.805121
[b15-r10-boundary/return_within_lr2e4/e005] [plan iscas99__b15_1] [plan] step=130 node=N7534 type=observe q_typed_reliable_context=2.771884 sequence=207.577005
[b15-r10-boundary/return_within_lr2e4/e005] [plan iscas99__b15_1] [plan] step=131 node=N7532 type=observe q_typed_reliable_context=3.783608 sequence=211.360613
[b15-r10-boundary/return_within_lr2e4/e005] [plan iscas99__b15_1] [plan] step=132 node=N3180 type=control1 q_typed_reliable_context=4.607074 sequence=215.967687
[b15-r10-boundary/return_within_lr2e4/e005] [plan iscas99__b15_1] [plan] step=133 node=N7518 type=observe q_typed_reliable_context=3.088076 sequence=219.055762
[b15-r10-boundary/return_within_lr2e4/e005] [plan iscas99__b15_1] [plan] step=134 node=N636 type=control1 q_typed_reliable_context=1.671806 sequence=220.727569
[b15-r10-boundary/return_within_lr2e4/e005] [plan iscas99__b15_1] [plan] step=135 node=N785 type=observe q_typed_reliable_context=2.528720 sequence=223.256289
[b15-r10-boundary/return_within_lr2e4/e005] [plan iscas99__b15_1] [plan] step=136 node=N616 type=control1 q_typed_reliable_context=2.319629 sequence=225.575919
[b15-r10-boundary/return_within_lr2e4/e005] [plan iscas99__b15_1] [plan] step=137 node=N7424 type=control1 q_typed_reliable_context=1.436167 sequence=227.012086
[b15-r10-boundary/return_within_lr2e4/e005] [plan iscas99__b15_1] [plan] step=138 node=N1552 type=observe q_typed_reliable_context=1.004563 sequence=228.016649
[b15-r10-boundary/return_within_lr2e4/e005] [plan iscas99__b15_1] [plan] step=139 node=N5867 type=observe q_typed_reliable_context=1.548003 sequence=229.564652
[b15-r10-boundary/return_within_lr2e4/e005] [plan iscas99__b15_1] [plan] step=140 node=N2157 type=observe q_typed_reliable_context=3.639714 sequence=233.204366
[b15-r10-boundary/return_within_lr2e4/e005] [plan iscas99__b15_1] [plan] step=141 node=N630 type=control1 q_typed_reliable_context=5.788680 sequence=238.993045
[b15-r10-boundary/return_within_lr2e4/e005] [plan iscas99__b15_1] [plan] step=142 node=N649 type=control1 q_typed_reliable_context=5.763968 sequence=244.757014
[b15-r10-boundary/return_within_lr2e4/e005] [plan iscas99__b15_1] [plan] step=143 node=N642 type=control1 q_typed_reliable_context=3.120810 sequence=247.877824
[b15-r10-boundary/return_within_lr2e4/e005] [plan iscas99__b15_1] [plan] step=144 node=N7402 type=observe q_typed_reliable_context=2.680288 sequence=250.558111
[b15-r10-boundary/return_within_lr2e4/e005] [plan iscas99__b15_1] [plan] step=145 node=N7627 type=observe q_typed_reliable_context=1.377704 sequence=251.935815
[b15-r10-boundary/return_within_lr2e4/e005] [plan iscas99__b15_1] [plan] step=146 node=N7680 type=observe q_typed_reliable_context=2.828591 sequence=254.764407
[b15-r10-boundary/return_within_lr2e4/e005] [plan iscas99__b15_1] [plan] step=147 node=N7465 type=observe q_typed_reliable_context=0.849521 sequence=255.613928
[b15-r10-boundary/return_within_lr2e4/e005] [plan iscas99__b15_1] [plan] step=148 node=N5627 type=observe q_typed_reliable_context=2.333426 sequence=257.947355
[b15-r10-boundary/return_within_lr2e4/e005] [plan iscas99__b15_1] [plan] step=149 node=N723 type=observe q_typed_reliable_context=2.701444 sequence=260.648798
[b15-r10-boundary/return_within_lr2e4/e005] [plan iscas99__b15_1] [plan] step=150 node=N7624 type=observe q_typed_reliable_context=2.862734 sequence=263.511532
[b15-r10-boundary/return_within_lr2e4/e005] [plan iscas99__b15_1] [plan] step=151 node=N6948 type=observe q_typed_reliable_context=2.923610 sequence=266.435143
[b15-r10-boundary/return_within_lr2e4/e005] [plan iscas99__b15_1] [plan] step=152 node=N3467 type=control1 q_typed_reliable_context=1.712891 sequence=268.148034
[b15-r10-boundary/return_within_lr2e4/e005] [plan iscas99__b15_1] [plan] step=153 node=N4521 type=observe q_typed_reliable_context=4.153614 sequence=272.301648
[b15-r10-boundary/return_within_lr2e4/e005] [plan iscas99__b15_1] [plan] step=154 node=N2580 type=control1 q_typed_reliable_context=1.735185 sequence=274.036833
[b15-r10-boundary/return_within_lr2e4/e005] [plan iscas99__b15_1] [plan] step=155 node=N2149 type=observe q_typed_reliable_context=2.215137 sequence=276.251970
[b15-r10-boundary/return_within_lr2e4/e005] [plan iscas99__b15_1] [plan] step=156 node=N1586 type=control1 q_typed_reliable_context=2.027214 sequence=278.279184
[b15-r10-boundary/return_within_lr2e4/e005] [plan iscas99__b15_1] [plan] step=157 node=N647 type=control1 q_typed_reliable_context=2.273143 sequence=280.552327
[b15-r10-boundary/return_within_lr2e4/e005] [plan iscas99__b15_1] [plan] step=158 node=N1607 type=control1 q_typed_reliable_context=2.661502 sequence=283.213829
[b15-r10-boundary/return_within_lr2e4/e005] [plan iscas99__b15_1] [plan] step=159 node=N5617 type=observe q_typed_reliable_context=4.693276 sequence=287.907105
[b15-r10-boundary/return_within_lr2e4/e005] [plan iscas99__b15_1] [plan] step=160 node=N2102 type=observe q_typed_reliable_context=1.782976 sequence=289.690081
[b15-r10-boundary/return_within_lr2e4/e005] [plan iscas99__b15_1] [plan] step=161 node=N6531 type=observe q_typed_reliable_context=5.101815 sequence=294.791896
[b15-r10-boundary/return_within_lr2e4/e005] [plan iscas99__b15_1] [plan] step=162 node=N7385 type=observe q_typed_reliable_context=5.305519 sequence=300.097415
[b15-r10-boundary/return_within_lr2e4/e005] [plan iscas99__b15_1] [plan] step=163 node=N714 type=observe q_typed_reliable_context=2.311136 sequence=302.408551
[b15-r10-boundary/return_within_lr2e4/e005] [plan iscas99__b15_1] [plan] step=164 node=N7614 type=observe q_typed_reliable_context=2.556250 sequence=304.964802
[b15-r10-boundary/return_within_lr2e4/e005] [plan iscas99__b15_1] [plan] step=165 node=N725 type=observe q_typed_reliable_context=2.656225 sequence=307.621027
[b15-r10-boundary/return_within_lr2e4/e005] [plan iscas99__b15_1] [plan] step=166 node=N694 type=observe q_typed_reliable_context=3.480706 sequence=311.101733
[b15-r10-boundary/return_within_lr2e4/e005] [plan iscas99__b15_1] [plan] step=167 node=N2106 type=observe q_typed_reliable_context=2.223340 sequence=313.325073
[b15-r10-boundary/return_within_lr2e4/e005] [plan iscas99__b15_1] [plan] step=168 node=N5877 type=observe q_typed_reliable_context=2.915867 sequence=316.240940
[b15-r10-boundary/return_within_lr2e4/e005] [plan iscas99__b15_1] [plan] step=169 node=N3525 type=control1 q_typed_reliable_context=1.629351 sequence=317.870291
[b15-r10-boundary/return_within_lr2e4/e005] [plan iscas99__b15_1] [plan] step=170 node=N7436 type=observe q_typed_reliable_context=4.529701 sequence=322.399992
[b15-r10-boundary/return_within_lr2e4/e005] [plan iscas99__b15_1] [plan] step=171 node=N3295 type=control1 q_typed_reliable_context=1.479550 sequence=323.879542
[b15-r10-boundary/return_within_lr2e4/e005] [plan iscas99__b15_1] [plan] step=172 node=N4529 type=observe q_typed_reliable_context=4.688931 sequence=328.568473
[b15-r10-boundary/return_within_lr2e4/e005] [plan iscas99__b15_1] [plan] step=173 node=N3410 type=control1 q_typed_reliable_context=1.965488 sequence=330.533960
[b15-r10-boundary/return_within_lr2e4/e005] [plan iscas99__b15_1] [plan] step=174 node=N7681 type=observe q_typed_reliable_context=4.431092 sequence=334.965052
[b15-r10-boundary/return_within_lr2e4/e005] [plan iscas99__b15_1] [plan] step=175 node=N2779 type=control1 q_typed_reliable_context=1.768635 sequence=336.733688
[b15-r10-boundary/return_within_lr2e4/e005] [plan iscas99__b15_1] [plan] step=176 node=N2721 type=control1 q_typed_reliable_context=1.743293 sequence=338.476980
[b15-r10-boundary/return_within_lr2e4/e005] [plan iscas99__b15_1] [plan] step=177 node=N7442 type=control0 q_typed_reliable_context=1.385661 sequence=339.862642
[b15-r10-boundary/return_within_lr2e4/e005] [plan iscas99__b15_1] [plan] step=178 node=N6674 type=observe q_typed_reliable_context=2.930202 sequence=342.792844
[b15-r10-boundary/return_within_lr2e4/e005] [plan iscas99__b15_1] [plan] step=179 node=N2652 type=control1 q_typed_reliable_context=1.579331 sequence=344.372175
[b15-r10-boundary/return_within_lr2e4/e005] [plan iscas99__b15_1] [plan] step=180 node=N2894 type=control1 q_typed_reliable_context=1.287544 sequence=345.659718
[b15-r10-boundary/return_within_lr2e4/e005] [plan iscas99__b15_1] [plan] step=181 node=N763 type=observe q_typed_reliable_context=1.051198 sequence=346.710916
[b15-r10-boundary/return_within_lr2e4/e005] [plan iscas99__b15_1] [plan] step=182 node=N706 type=observe q_typed_reliable_context=2.434101 sequence=349.145017
[b15-r10-boundary/return_within_lr2e4/e005] [plan iscas99__b15_1] [plan] step=183 node=N5873 type=observe q_typed_reliable_context=1.296153 sequence=350.441170
[b15-r10-boundary/return_within_lr2e4/e005] [plan iscas99__b15_1] [plan] step=184 node=N5356 type=observe q_typed_reliable_context=1.711264 sequence=352.152434
[b15-r10-boundary/return_within_lr2e4/e005] [plan iscas99__b15_1] [plan] step=185 node=N712 type=observe q_typed_reliable_context=2.081245 sequence=354.233679
[b15-r10-boundary/return_within_lr2e4/e005] [plan iscas99__b15_1] [plan] step=186 node=N2837 type=control1 q_typed_reliable_context=2.022225 sequence=356.255904
[b15-r10-boundary/return_within_lr2e4/e005] [plan iscas99__b15_1] [plan] step=187 node=N3009 type=control1 q_typed_reliable_context=1.554379 sequence=357.810283
[b15-r10-boundary/return_within_lr2e4/e005] [plan iscas99__b15_1] [plan] step=188 node=N7855 type=control0 q_typed_reliable_context=1.098860 sequence=358.909143
[b15-r10-boundary/return_within_lr2e4/e005] [plan iscas99__b15_1] [plan] step=189 node=N3067 type=control1 q_typed_reliable_context=2.048891 sequence=360.958035
[b15-r10-boundary/return_within_lr2e4/e005] [plan iscas99__b15_1] [plan] step=190 node=N7542 type=control0 q_typed_reliable_context=1.485926 sequence=362.443960
[b15-r10-boundary/return_within_lr2e4/e005] [plan iscas99__b15_1] [plan] step=191 node=N8790 type=control1 q_typed_reliable_context=2.152838 sequence=364.596798
[b15-r10-boundary/return_within_lr2e4/e005] [plan iscas99__b15_1] [plan] step=192 node=N8789 type=control1 q_typed_reliable_context=1.308355 sequence=365.905153
[b15-r10-boundary/return_within_lr2e4/e005] [plan iscas99__b15_1] [plan] step=193 node=N8240 type=control1 q_typed_reliable_context=1.155310 sequence=367.060463
[b15-r10-boundary/return_within_lr2e4/e005] [plan iscas99__b15_1] [plan] step=194 node=N8239 type=control1 q_typed_reliable_context=2.334152 sequence=369.394615
[b15-r10-boundary/return_within_lr2e4/e005] [plan iscas99__b15_1] [plan] step=195 node=N6688 type=observe q_typed_reliable_context=1.533398 sequence=370.928014
[b15-r10-boundary/return_within_lr2e4/e005] [plan iscas99__b15_1] [plan] step=196 node=N8607 type=control1 q_typed_reliable_context=6.391156 sequence=377.319170
[b15-r10-boundary/return_within_lr2e4/e005] [plan iscas99__b15_1] [plan] step=197 node=N5740 type=observe q_typed_reliable_context=3.502545 sequence=380.821715
[b15-r10-boundary/return_within_lr2e4/e005] [plan iscas99__b15_1] [plan] step=198 node=N578 type=observe q_typed_reliable_context=4.084932 sequence=384.906647
[b15-r10-boundary/return_within_lr2e4/e005] [plan iscas99__b15_1] [plan] step=199 node=N7453 type=observe q_typed_reliable_context=2.303818 sequence=387.210466
[b15-r10-boundary/return_within_lr2e4/e005] [plan iscas99__b15_1] [plan] step=200 node=N7500 type=observe q_typed_reliable_context=1.662118 sequence=388.872584
[b15-r10-boundary/return_within_lr2e4/e005] [plan iscas99__b15_1] [plan] step=201 node=N7401 type=observe q_typed_reliable_context=1.461056 sequence=390.333640
[b15-r10-boundary/return_within_lr2e4/e005] [plan iscas99__b15_1] [plan] step=202 node=N679 type=observe q_typed_reliable_context=2.177877 sequence=392.511516
[b15-r10-boundary/return_within_lr2e4/e005] [plan iscas99__b15_1] [plan] step=203 node=N5473 type=observe q_typed_reliable_context=4.457058 sequence=396.968575
[b15-r10-boundary/return_within_lr2e4/e005] [plan iscas99__b15_1] [plan] step=204 node=N715 type=observe q_typed_reliable_context=5.882705 sequence=402.851280
[b15-r10-boundary/return_within_lr2e4/e005] [plan iscas99__b15_1] [plan] step=205 node=N7405 type=observe q_typed_reliable_context=4.167744 sequence=407.019024
[b15-r10-boundary/return_within_lr2e4/e005] [plan iscas99__b15_1] [plan] step=206 node=N2952 type=control1 q_typed_reliable_context=1.391018 sequence=408.410042
[b15-r10-boundary/return_within_lr2e4/e005] [plan iscas99__b15_1] [plan] step=207 node=N652 type=control1 q_typed_reliable_context=6.453567 sequence=414.863609
[b15-r10-boundary/return_within_lr2e4/e005] [plan iscas99__b15_1] [plan] step=208 node=N2181 type=observe q_typed_reliable_context=3.944078 sequence=418.807688
[b15-r10-boundary/return_within_lr2e4/e005] [plan iscas99__b15_1] [plan] step=209 node=N7550 type=observe q_typed_reliable_context=6.885729 sequence=425.693417
[b15-r10-boundary/return_within_lr2e4/e005] [plan iscas99__b15_1] [plan] step=210 node=N8238 type=control1 q_typed_reliable_context=6.215562 sequence=431.908979
[b15-r10-boundary/return_within_lr2e4/e005] [plan iscas99__b15_1] [plan] step=211 node=N6573 type=observe q_typed_reliable_context=4.144427 sequence=436.053406
[b15-r10-boundary/return_within_lr2e4/e005] [plan iscas99__b15_1] [plan] step=212 node=N8606 type=control1 q_typed_reliable_context=2.486299 sequence=438.539704
[b15-r10-boundary/return_within_lr2e4/e005] [plan iscas99__b15_1] [plan] step=213 node=N8237 type=control1 q_typed_reliable_context=6.890149 sequence=445.429853
[b15-r10-boundary/return_within_lr2e4/e005] [plan iscas99__b15_1] [plan] step=214 node=N902 type=control1 q_typed_reliable_context=6.961124 sequence=452.390977
[b15-r10-boundary/return_within_lr2e4/e005] [plan iscas99__b15_1] [plan] step=215 node=N8605 type=control1 q_typed_reliable_context=6.574015 sequence=458.964992
[b15-r10-boundary/return_within_lr2e4/e005] [plan iscas99__b15_1] [plan] step=216 node=N4489 type=observe q_typed_reliable_context=6.330068 sequence=465.295060
[b15-r10-boundary/return_within_lr2e4/e005] [plan iscas99__b15_1] [plan] step=217 node=N8236 type=control1 q_typed_reliable_context=5.901589 sequence=471.196649
[b15-r10-boundary/return_within_lr2e4/e005] [plan iscas99__b15_1] [plan] step=218 node=N5456 type=observe q_typed_reliable_context=5.886602 sequence=477.083251
[b15-r10-boundary/return_within_lr2e4/e005] [plan iscas99__b15_1] [plan] step=219 node=N515 type=control1 q_typed_reliable_context=6.512721 sequence=483.595972
[b15-r10-boundary/return_within_lr2e4/e005] [plan iscas99__b15_1] [plan] step=220 node=N703 type=observe q_typed_reliable_context=6.445316 sequence=490.041288
[b15-r10-boundary/return_within_lr2e4/e005] [plan iscas99__b15_1] [plan] step=221 node=N5879 type=observe q_typed_reliable_context=5.840960 sequence=495.882249
[b15-r10-boundary/return_within_lr2e4/e005] [plan iscas99__b15_1] [plan] step=222 node=N5725 type=observe q_typed_reliable_context=1.709154 sequence=497.591403
[b15-r10-boundary/return_within_lr2e4/e005] [plan iscas99__b15_1] [plan] step=223 node=N705 type=observe q_typed_reliable_context=2.033468 sequence=499.624871
[b15-r10-boundary/return_within_lr2e4/e005] [plan iscas99__b15_1] [plan] step=224 node=N5439 type=observe q_typed_reliable_context=2.572393 sequence=502.197264
[b15-r10-boundary/return_within_lr2e4/e005] [plan iscas99__b15_1] [plan] step=225 node=N4460 type=control0 q_typed_reliable_context=4.364827 sequence=506.562091
[b15-r10-boundary/return_within_lr2e4/e005] [plan iscas99__b15_1] [plan] step=226 node=N6581 type=observe q_typed_reliable_context=4.314811 sequence=510.876902
[b15-r10-boundary/return_within_lr2e4/e005] [plan iscas99__b15_1] [plan] step=227 node=N5422 type=observe q_typed_reliable_context=6.003270 sequence=516.880172
[b15-r10-boundary/return_within_lr2e4/e005] [plan iscas99__b15_1] [plan] step=228 node=N2151 type=observe q_typed_reliable_context=6.872758 sequence=523.752929
[b15-r10-boundary/return_within_lr2e4/e005] [plan iscas99__b15_1] [plan] step=229 node=N1951 type=observe q_typed_reliable_context=5.426148 sequence=529.179078
[b15-r10-boundary/return_within_lr2e4/e005] [plan iscas99__b15_1] [plan] step=230 node=N7439 type=observe q_typed_reliable_context=5.189783 sequence=534.368861
[b15-r10-boundary/return_within_lr2e4/e005] [plan iscas99__b15_1] [plan] step=231 node=N4558 type=observe q_typed_reliable_context=2.185520 sequence=536.554380
[b15-r10-boundary/return_within_lr2e4/e005] [plan iscas99__b15_1] [plan] step=232 node=N5390 type=observe q_typed_reliable_context=2.016117 sequence=538.570497
[b15-r10-boundary/return_within_lr2e4/e005] [plan iscas99__b15_1] [plan] step=233 node=N1874 type=observe q_typed_reliable_context=4.649330 sequence=543.219827
[b15-r10-boundary/return_within_lr2e4/e005] [plan iscas99__b15_1] [plan] step=234 node=N5202 type=observe q_typed_reliable_context=5.521300 sequence=548.741127
[b15-r10-boundary/return_within_lr2e4/e005] [plan iscas99__b15_1] [plan] step=235 node=N6660 type=observe q_typed_reliable_context=5.716459 sequence=554.457586
[b15-r10-boundary/return_within_lr2e4/e005] [plan iscas99__b15_1] [plan] step=236 node=N719 type=observe q_typed_reliable_context=5.223004 sequence=559.680590
[b15-r10-boundary/return_within_lr2e4/e005] [plan iscas99__b15_1] [plan] step=237 node=N5334 type=observe q_typed_reliable_context=5.345884 sequence=565.026473
[b15-r10-boundary/return_within_lr2e4/e005] [plan iscas99__b15_1] [plan] step=238 node=N7380 type=observe q_typed_reliable_context=3.715036 sequence=568.741510
[b15-r10-boundary/return_within_lr2e4/e005] [plan iscas99__b15_1] [plan] step=239 node=N4497 type=observe q_typed_reliable_context=2.045070 sequence=570.786579
[b15-r10-boundary/return_within_lr2e4/e005] [plan iscas99__b15_1] [plan] step=240 node=N5373 type=observe q_typed_reliable_context=2.894016 sequence=573.680596
[b15-r10-boundary/return_within_lr2e4/e005] [plan iscas99__b15_1] [plan] step=241 node=N699 type=observe q_typed_reliable_context=5.786869 sequence=579.467464
[b15-r10-boundary/return_within_lr2e4/e005] [plan iscas99__b15_1] [plan] step=242 node=N6658 type=observe q_typed_reliable_context=6.511745 sequence=585.979209
[b15-r10-boundary/return_within_lr2e4/e005] [plan iscas99__b15_1] [plan] step=243 node=N734 type=observe q_typed_reliable_context=2.242833 sequence=588.222042
[b15-r10-boundary/return_within_lr2e4/e005] [plan iscas99__b15_1] [plan] step=244 node=N6932 type=observe q_typed_reliable_context=4.871296 sequence=593.093338
[b15-r10-boundary/return_within_lr2e4/e005] [plan iscas99__b15_1] [plan] step=245 node=N708 type=observe q_typed_reliable_context=4.136827 sequence=597.230165
[b15-r10-boundary/return_within_lr2e4/e005] [plan iscas99__b15_1] [plan] step=246 node=N7383 type=observe q_typed_reliable_context=6.505651 sequence=603.735815
[b15-r10-boundary/return_within_lr2e4/e005] [plan iscas99__b15_1] [plan] step=247 node=N2159 type=observe q_typed_reliable_context=4.148448 sequence=607.884263
[b15-r10-boundary/return_within_lr2e4/e005] [plan iscas99__b15_1] [plan] step=248 node=N4505 type=observe q_typed_reliable_context=2.738455 sequence=610.622719
[b15-r10-boundary/return_within_lr2e4/e005] [plan iscas99__b15_1] [plan] step=249 node=N1351 type=observe q_typed_reliable_context=4.299885 sequence=614.922604
[b15-r10-boundary/return_within_lr2e4/e005] [plan iscas99__b15_1] [plan] step=250 node=N6656 type=observe q_typed_reliable_context=5.249867 sequence=620.172471
[b15-r10-boundary/return_within_lr2e4/e005] [plan iscas99__b15_1] [plan] step=251 node=N4421 type=control0 q_typed_reliable_context=1.589189 sequence=621.761660
[b15-r10-boundary/return_within_lr2e4/e005] [plan iscas99__b15_1] [plan] step=252 node=N1688 type=observe q_typed_reliable_context=5.495160 sequence=627.256820
[b15-r10-boundary/return_within_lr2e4/e005] [plan iscas99__b15_1] [plan] step=253 node=N1598 type=observe q_typed_reliable_context=5.108067 sequence=632.364887
[b15-r10-boundary/return_within_lr2e4/e005] [plan iscas99__b15_1] [plan] step=254 node=N4532 type=control0 q_typed_reliable_context=4.836153 sequence=637.201040
[b15-r10-boundary/return_within_lr2e4/e005] [plan iscas99__b15_1] [plan] step=255 node=N4442 type=control0 q_typed_reliable_context=4.116572 sequence=641.317612
[b15-r10-boundary/return_within_lr2e4/e005] [plan iscas99__b15_1] [plan] step=256 node=N765 type=observe q_typed_reliable_context=5.687832 sequence=647.005444
[b15-r10-boundary/return_within_lr2e4/e005] [plan iscas99__b15_1] [plan] step=257 node=N684 type=observe q_typed_reliable_context=4.729171 sequence=651.734616
[b15-r10-boundary/return_within_lr2e4/e005] [plan iscas99__b15_1] [plan] step=258 node=N729 type=observe q_typed_reliable_context=5.198693 sequence=656.933309
[b15-r10-boundary/return_within_lr2e4/e005] [plan iscas99__b15_1] [plan] step=259 node=N7381 type=observe q_typed_reliable_context=5.635321 sequence=662.568630
[b15-r10-boundary/return_within_lr2e4/e005] [plan iscas99__b15_1] [plan] step=260 node=N8235 type=control1 q_typed_reliable_context=3.189144 sequence=665.757774
[b15-r10-boundary/return_within_lr2e4/e005] [plan iscas99__b15_1] [plan] step=261 node=N7512 type=observe q_typed_reliable_context=0.599567 sequence=666.357340
[b15-r10-boundary/return_within_lr2e4/e005] [plan iscas99__b15_1] [plan] step=262 node=N1854 type=observe q_typed_reliable_context=5.309377 sequence=671.666718
[b15-r10-boundary/return_within_lr2e4/e005] [plan iscas99__b15_1] [plan] step=263 node=N686 type=observe q_typed_reliable_context=5.636892 sequence=677.303610
[b15-r10-boundary/return_within_lr2e4/e005] [plan iscas99__b15_1] [plan] step=264 node=N545 type=observe q_typed_reliable_context=6.068408 sequence=683.372018
[b15-r10-boundary/return_within_lr2e4/e005] [plan iscas99__b15_1] [plan] step=265 node=N4513 type=observe q_typed_reliable_context=1.414674 sequence=684.786692
[b15-r10-boundary/return_within_lr2e4/e005] [plan iscas99__b15_1] [plan] step=266 node=N898 type=observe q_typed_reliable_context=2.776335 sequence=687.563027
[b15-r10-boundary/return_within_lr2e4/e005] [plan iscas99__b15_1] [plan] step=267 node=N543 type=observe q_typed_reliable_context=5.853853 sequence=693.416880
[b15-r10-boundary/return_within_lr2e4/e005] [plan iscas99__b15_1] [plan] step=268 node=N6678 type=observe q_typed_reliable_context=4.366089 sequence=697.782969
[b15-r10-boundary/return_within_lr2e4/e005] [plan iscas99__b15_1] [plan] step=269 node=N689 type=observe q_typed_reliable_context=7.252284 sequence=705.035252
[b15-r10-boundary/return_within_lr2e4/e005] [plan iscas99__b15_1] [plan] step=270 node=N2271 type=observe q_typed_reliable_context=7.064471 sequence=712.099724
[b15-r10-boundary/return_within_lr2e4/e005] [plan iscas99__b15_1] [plan] step=271 node=N8234 type=control1 q_typed_reliable_context=0.937091 sequence=713.036815
[b15-r10-boundary/return_within_lr2e4/e005] [plan iscas99__b15_1] [plan] step=272 node=N541 type=observe q_typed_reliable_context=4.408671 sequence=717.445486
[b15-r10-boundary/return_within_lr2e4/e005] [plan iscas99__b15_1] [plan] step=273 node=N7802 type=observe q_typed_reliable_context=7.806743 sequence=725.252229
[b15-r10-boundary/return_within_lr2e4/e005] [plan iscas99__b15_1] [plan] step=274 node=N6685 type=observe q_typed_reliable_context=0.711847 sequence=725.964076
[b15-r10-boundary/return_within_lr2e4/e005] [plan iscas99__b15_1] [plan] step=275 node=N695 type=observe q_typed_reliable_context=5.707689 sequence=731.671765
[b15-r10-boundary/return_within_lr2e4/e005] [plan iscas99__b15_1] [plan] step=276 node=N2243 type=observe q_typed_reliable_context=1.056544 sequence=732.728308
[b15-r10-boundary/return_within_lr2e4/e005] [plan iscas99__b15_1] [plan] step=277 node=N539 type=observe q_typed_reliable_context=5.401057 sequence=738.129366
[b15-r10-boundary/return_within_lr2e4/e005] [plan iscas99__b15_1] [plan] step=278 node=N7433 type=observe q_typed_reliable_context=7.269618 sequence=745.398984
[b15-r10-boundary/return_within_lr2e4/e005] [plan iscas99__b15_1] saved=autoresearch/loop-260720-0945/model_training_round10/b15_selection/return_within_lr2e4/epoch_005/alpha_0p10_decay_64/plans/iscas99__b15_1__greedy__cumulative__q_typed_reliable_context__bw1__d1__c64__g1p0__candhard_fault_cluster__div0p0__s0.csv
[b15-r10-boundary/return_within_lr2e4/e005] [gmean] 2026-07-21T17:31:37 [1/1] plan_done benchmark=iscas99__b15_1 plan_sec=260.276 plan_csv=autoresearch/loop-260720-0945/model_training_round10/b15_selection/return_within_lr2e4/epoch_005/alpha_0p10_decay_64/plans/iscas99__b15_1__greedy__cumulative__q_typed_reliable_context__bw1__d1__c64__g1p0__candhard_fault_cluster__div0p0__s0.csv
[b15-r10-boundary/return_within_lr2e4/e005] [gmean] 2026-07-21T17:31:37 [1/1] eval_start benchmark=iscas99__b15_1 backend=atalanta-bist patterns=300000
[b15-r10-boundary/return_within_lr2e4/e005] [eval iscas99__b15_1] {
[b15-r10-boundary/return_within_lr2e4/e005] [eval iscas99__b15_1]   "records": 2,
[b15-r10-boundary/return_within_lr2e4/e005] [eval iscas99__b15_1]   "labels_csv": "autoresearch/loop-260720-0945/model_training_round10/b15_selection/return_within_lr2e4/epoch_005/alpha_0p10_decay_64/evals/iscas99__b15_1__greedy__cumulative__q_typed_reliable_context__bw1__d1__c64__g1p0__candhard_fault_cluster__div0p0__s0/labels.csv",
[b15-r10-boundary/return_within_lr2e4/e005] [eval iscas99__b15_1]   "summary_json": "autoresearch/loop-260720-0945/model_training_round10/b15_selection/return_within_lr2e4/epoch_005/alpha_0p10_decay_64/evals/iscas99__b15_1__greedy__cumulative__q_typed_reliable_context__bw1__d1__c64__g1p0__candhard_fault_cluster__div0p0__s0/summary.json"
[b15-r10-boundary/return_within_lr2e4/e005] [eval iscas99__b15_1] }
[b15-r10-boundary/return_within_lr2e4/e005] [gmean] 2026-07-21T17:31:44 [1/1] eval_done benchmark=iscas99__b15_1 delta_tc=0.12707000000000013 plan_sec=260.276 eval_sec=7.439 total_sec=267.724
[b15-r10-boundary/return_within_lr2e4/e005] [gmean] 2026-07-21T17:31:44 variant_done id=greedy__cumulative__q_typed_reliable_context__bw1__d1__c64__g1p0__candhard_fault_cluster__div0p0__s0 status=ok macro=0.12707000000000013 positives=1 negatives=0 elapsed=267.724
