[b15-r10/return_dual_lr5e5/e004] [gmean] 2026-07-21T17:11:15 out_dir=autoresearch/loop-260720-0945/model_training_round10/b15_selection/return_dual_lr5e5/epoch_004/alpha_0p10_decay_64
[b15-r10/return_dual_lr5e5/e004] [gmean] 2026-07-21T17:11:15 budgets=iscas99__b15_1:278
[b15-r10/return_dual_lr5e5/e004] [gmean] 2026-07-21T17:11:15 variant_start id=greedy__cumulative__q_typed_reliable_context__bw1__d1__c64__g1p0__candhard_fault_cluster__div0p0__s0
[b15-r10/return_dual_lr5e5/e004] [gmean] 2026-07-21T17:11:15 [1/1] plan_start benchmark=iscas99__b15_1 budget=278 planner=greedy score=q_typed_reliable_context
[b15-r10/return_dual_lr5e5/e004] [plan iscas99__b15_1] [plan] torch_deterministic=true
[b15-r10/return_dual_lr5e5/e004] [plan iscas99__b15_1] [plan] candidate_allowlist=autoresearch/original-netlist-recovery-260712/exact_itc99/b15_C/exact_candidate_nodes.txt nodes=7918
[b15-r10/return_dual_lr5e5/e004] [plan iscas99__b15_1] [plan] latent_norm_clip_ratio=4 latent_norm_limit=30.875631
[b15-r10/return_dual_lr5e5/e004] [plan iscas99__b15_1] [plan] step=1 node=N677 type=control1 q_typed_reliable_context=4.858065 sequence=4.858065
[b15-r10/return_dual_lr5e5/e004] [plan iscas99__b15_1] [plan] step=2 node=N2155 type=observe q_typed_reliable_context=3.256694 sequence=8.114759
[b15-r10/return_dual_lr5e5/e004] [plan iscas99__b15_1] [plan] step=3 node=N502 type=control1 q_typed_reliable_context=2.192107 sequence=10.306866
[b15-r10/return_dual_lr5e5/e004] [plan iscas99__b15_1] [plan] step=4 node=N762 type=control1 q_typed_reliable_context=1.446094 sequence=11.752960
[b15-r10/return_dual_lr5e5/e004] [plan iscas99__b15_1] [plan] step=5 node=N3742 type=control0 q_typed_reliable_context=0.898500 sequence=12.651459
[b15-r10/return_dual_lr5e5/e004] [plan iscas99__b15_1] [plan] step=6 node=N3644 type=control0 q_typed_reliable_context=1.489064 sequence=14.140523
[b15-r10/return_dual_lr5e5/e004] [plan iscas99__b15_1] [plan] step=7 node=N557 type=control1 q_typed_reliable_context=0.910940 sequence=15.051463
[b15-r10/return_dual_lr5e5/e004] [plan iscas99__b15_1] [plan] step=8 node=N3756 type=control0 q_typed_reliable_context=1.097941 sequence=16.149405
[b15-r10/return_dual_lr5e5/e004] [plan iscas99__b15_1] [plan] step=9 node=N564 type=control1 q_typed_reliable_context=1.365843 sequence=17.515247
[b15-r10/return_dual_lr5e5/e004] [plan iscas99__b15_1] [plan] step=10 node=N2336 type=control1 q_typed_reliable_context=1.557724 sequence=19.072971
[b15-r10/return_dual_lr5e5/e004] [plan iscas99__b15_1] [plan] step=11 node=N5143 type=observe q_typed_reliable_context=1.325577 sequence=20.398548
[b15-r10/return_dual_lr5e5/e004] [plan iscas99__b15_1] [plan] step=12 node=N7511 type=control1 q_typed_reliable_context=1.450593 sequence=21.849141
[b15-r10/return_dual_lr5e5/e004] [plan iscas99__b15_1] [plan] step=13 node=N580 type=control1 q_typed_reliable_context=1.255322 sequence=23.104463
[b15-r10/return_dual_lr5e5/e004] [plan iscas99__b15_1] [plan] step=14 node=N2082 type=observe q_typed_reliable_context=1.398669 sequence=24.503132
[b15-r10/return_dual_lr5e5/e004] [plan iscas99__b15_1] [plan] step=15 node=N737 type=control1 q_typed_reliable_context=3.600376 sequence=28.103508
[b15-r10/return_dual_lr5e5/e004] [plan iscas99__b15_1] [plan] step=16 node=N3722 type=control0 q_typed_reliable_context=0.948209 sequence=29.051717
[b15-r10/return_dual_lr5e5/e004] [plan iscas99__b15_1] [plan] step=17 node=N496 type=control1 q_typed_reliable_context=1.745042 sequence=30.796759
[b15-r10/return_dual_lr5e5/e004] [plan iscas99__b15_1] [plan] step=18 node=N5723 type=control0 q_typed_reliable_context=1.392575 sequence=32.189334
[b15-r10/return_dual_lr5e5/e004] [plan iscas99__b15_1] [plan] step=19 node=N5203 type=control1 q_typed_reliable_context=1.998558 sequence=34.187892
[b15-r10/return_dual_lr5e5/e004] [plan iscas99__b15_1] [plan] step=20 node=N2153 type=observe q_typed_reliable_context=2.156696 sequence=36.344588
[b15-r10/return_dual_lr5e5/e004] [plan iscas99__b15_1] [plan] step=21 node=N1853 type=observe q_typed_reliable_context=2.699753 sequence=39.044341
[b15-r10/return_dual_lr5e5/e004] [plan iscas99__b15_1] [plan] step=22 node=N2101 type=observe q_typed_reliable_context=2.332422 sequence=41.376763
[b15-r10/return_dual_lr5e5/e004] [plan iscas99__b15_1] [plan] step=23 node=N1860 type=observe q_typed_reliable_context=1.945979 sequence=43.322742
[b15-r10/return_dual_lr5e5/e004] [plan iscas99__b15_1] [plan] step=24 node=N1372 type=observe q_typed_reliable_context=1.820451 sequence=45.143193
[b15-r10/return_dual_lr5e5/e004] [plan iscas99__b15_1] [plan] step=25 node=N582 type=control1 q_typed_reliable_context=1.720757 sequence=46.863951
[b15-r10/return_dual_lr5e5/e004] [plan iscas99__b15_1] [plan] step=26 node=N1532 type=observe q_typed_reliable_context=1.805968 sequence=48.669918
[b15-r10/return_dual_lr5e5/e004] [plan iscas99__b15_1] [plan] step=27 node=N766 type=control1 q_typed_reliable_context=0.807016 sequence=49.476935
[b15-r10/return_dual_lr5e5/e004] [plan iscas99__b15_1] [plan] step=28 node=N7516 type=observe q_typed_reliable_context=0.855875 sequence=50.332810
[b15-r10/return_dual_lr5e5/e004] [plan iscas99__b15_1] [plan] step=29 node=N4684 type=control0 q_typed_reliable_context=2.985746 sequence=53.318555
[b15-r10/return_dual_lr5e5/e004] [plan iscas99__b15_1] [plan] step=30 node=N1437 type=control1 q_typed_reliable_context=0.324663 sequence=53.643218
[b15-r10/return_dual_lr5e5/e004] [plan iscas99__b15_1] [plan] step=31 node=N583 type=control1 q_typed_reliable_context=1.472114 sequence=55.115332
[b15-r10/return_dual_lr5e5/e004] [plan iscas99__b15_1] [plan] step=32 node=N4670 type=control0 q_typed_reliable_context=2.807890 sequence=57.923222
[b15-r10/return_dual_lr5e5/e004] [plan iscas99__b15_1] [plan] step=33 node=N7411 type=control1 q_typed_reliable_context=0.746173 sequence=58.669395
[b15-r10/return_dual_lr5e5/e004] [plan iscas99__b15_1] [plan] step=34 node=N7413 type=control1 q_typed_reliable_context=0.978288 sequence=59.647683
[b15-r10/return_dual_lr5e5/e004] [plan iscas99__b15_1] [plan] step=35 node=N4663 type=control0 q_typed_reliable_context=1.831773 sequence=61.479456
[b15-r10/return_dual_lr5e5/e004] [plan iscas99__b15_1] [plan] step=36 node=N4656 type=control0 q_typed_reliable_context=2.134395 sequence=63.613851
[b15-r10/return_dual_lr5e5/e004] [plan iscas99__b15_1] [plan] step=37 node=N4649 type=control0 q_typed_reliable_context=1.615070 sequence=65.228921
[b15-r10/return_dual_lr5e5/e004] [plan iscas99__b15_1] [plan] step=38 node=N7881 type=control1 q_typed_reliable_context=0.712285 sequence=65.941206
[b15-r10/return_dual_lr5e5/e004] [plan iscas99__b15_1] [plan] step=39 node=N7882 type=control1 q_typed_reliable_context=0.829745 sequence=66.770952
[b15-r10/return_dual_lr5e5/e004] [plan iscas99__b15_1] [plan] step=40 node=N7883 type=control1 q_typed_reliable_context=0.600771 sequence=67.371723
[b15-r10/return_dual_lr5e5/e004] [plan iscas99__b15_1] [plan] step=41 node=N7884 type=control1 q_typed_reliable_context=0.496956 sequence=67.868679
[b15-r10/return_dual_lr5e5/e004] [plan iscas99__b15_1] [plan] step=42 node=N704 type=observe q_typed_reliable_context=1.458803 sequence=69.327482
[b15-r10/return_dual_lr5e5/e004] [plan iscas99__b15_1] [plan] step=43 node=N6537 type=observe q_typed_reliable_context=3.684462 sequence=73.011945
[b15-r10/return_dual_lr5e5/e004] [plan iscas99__b15_1] [plan] step=44 node=N4691 type=control0 q_typed_reliable_context=5.738027 sequence=78.749972
[b15-r10/return_dual_lr5e5/e004] [plan iscas99__b15_1] [plan] step=45 node=N724 type=observe q_typed_reliable_context=3.062793 sequence=81.812765
[b15-r10/return_dual_lr5e5/e004] [plan iscas99__b15_1] [plan] step=46 node=N4677 type=control0 q_typed_reliable_context=1.937010 sequence=83.749775
[b15-r10/return_dual_lr5e5/e004] [plan iscas99__b15_1] [plan] step=47 node=N4698 type=control0 q_typed_reliable_context=1.140037 sequence=84.889812
[b15-r10/return_dual_lr5e5/e004] [plan iscas99__b15_1] [plan] step=48 node=N8470 type=observe q_typed_reliable_context=1.498324 sequence=86.388136
[b15-r10/return_dual_lr5e5/e004] [plan iscas99__b15_1] [plan] step=49 node=N4635 type=control0 q_typed_reliable_context=1.295819 sequence=87.683955
[b15-r10/return_dual_lr5e5/e004] [plan iscas99__b15_1] [plan] step=50 node=N4705 type=control0 q_typed_reliable_context=1.395245 sequence=89.079200
[b15-r10/return_dual_lr5e5/e004] [plan iscas99__b15_1] [plan] step=51 node=N3911 type=control0 q_typed_reliable_context=0.943222 sequence=90.022422
[b15-r10/return_dual_lr5e5/e004] [plan iscas99__b15_1] [plan] step=52 node=N3904 type=control0 q_typed_reliable_context=0.944241 sequence=90.966663
[b15-r10/return_dual_lr5e5/e004] [plan iscas99__b15_1] [plan] step=53 node=N3897 type=control0 q_typed_reliable_context=0.964159 sequence=91.930822
[b15-r10/return_dual_lr5e5/e004] [plan iscas99__b15_1] [plan] step=54 node=N3701 type=control0 q_typed_reliable_context=0.916479 sequence=92.847301
[b15-r10/return_dual_lr5e5/e004] [plan iscas99__b15_1] [plan] step=55 node=N3862 type=control0 q_typed_reliable_context=0.940914 sequence=93.788215
[b15-r10/return_dual_lr5e5/e004] [plan iscas99__b15_1] [plan] step=56 node=N3855 type=control0 q_typed_reliable_context=0.953488 sequence=94.741704
[b15-r10/return_dual_lr5e5/e004] [plan iscas99__b15_1] [plan] step=57 node=N3848 type=control0 q_typed_reliable_context=0.957504 sequence=95.699207
[b15-r10/return_dual_lr5e5/e004] [plan iscas99__b15_1] [plan] step=58 node=N3805 type=control0 q_typed_reliable_context=0.959526 sequence=96.658733
[b15-r10/return_dual_lr5e5/e004] [plan iscas99__b15_1] [plan] step=59 node=N3889 type=control0 q_typed_reliable_context=0.902132 sequence=97.560866
[b15-r10/return_dual_lr5e5/e004] [plan iscas99__b15_1] [plan] step=60 node=N2083 type=observe q_typed_reliable_context=1.004439 sequence=98.565304
[b15-r10/return_dual_lr5e5/e004] [plan iscas99__b15_1] [plan] step=61 node=N3882 type=control0 q_typed_reliable_context=1.114180 sequence=99.679484
[b15-r10/return_dual_lr5e5/e004] [plan iscas99__b15_1] [plan] step=62 node=N5603 type=control0 q_typed_reliable_context=1.065801 sequence=100.745285
[b15-r10/return_dual_lr5e5/e004] [plan iscas99__b15_1] [plan] step=63 node=N7506 type=observe q_typed_reliable_context=1.725392 sequence=102.470677
[b15-r10/return_dual_lr5e5/e004] [plan iscas99__b15_1] [plan] step=64 node=N4606 type=control0 q_typed_reliable_context=0.898713 sequence=103.369390
[b15-r10/return_dual_lr5e5/e004] [plan iscas99__b15_1] [plan] step=65 node=N4712 type=control0 q_typed_reliable_context=0.917928 sequence=104.287318
[b15-r10/return_dual_lr5e5/e004] [plan iscas99__b15_1] [plan] step=66 node=N4716 type=control0 q_typed_reliable_context=1.024028 sequence=105.311345
[b15-r10/return_dual_lr5e5/e004] [plan iscas99__b15_1] [plan] step=67 node=N2044 type=observe q_typed_reliable_context=1.029738 sequence=106.341083
[b15-r10/return_dual_lr5e5/e004] [plan iscas99__b15_1] [plan] step=68 node=N519 type=control1 q_typed_reliable_context=0.967599 sequence=107.308683
[b15-r10/return_dual_lr5e5/e004] [plan iscas99__b15_1] [plan] step=69 node=N2042 type=observe q_typed_reliable_context=0.853705 sequence=108.162388
[b15-r10/return_dual_lr5e5/e004] [plan iscas99__b15_1] [plan] step=70 node=N504 type=control1 q_typed_reliable_context=1.406626 sequence=109.569014
[b15-r10/return_dual_lr5e5/e004] [plan iscas99__b15_1] [plan] step=71 node=N7471 type=control0 q_typed_reliable_context=0.791117 sequence=110.360131
[b15-r10/return_dual_lr5e5/e004] [plan iscas99__b15_1] [plan] step=72 node=N513 type=control1 q_typed_reliable_context=1.245284 sequence=111.605415
[b15-r10/return_dual_lr5e5/e004] [plan iscas99__b15_1] [plan] step=73 node=N7724 type=control0 q_typed_reliable_context=0.756676 sequence=112.362091
[b15-r10/return_dual_lr5e5/e004] [plan iscas99__b15_1] [plan] step=74 node=N520 type=control1 q_typed_reliable_context=1.391537 sequence=113.753628
[b15-r10/return_dual_lr5e5/e004] [plan iscas99__b15_1] [plan] step=75 node=N1539 type=control0 q_typed_reliable_context=0.758395 sequence=114.512023
[b15-r10/return_dual_lr5e5/e004] [plan iscas99__b15_1] [plan] step=76 node=N516 type=control1 q_typed_reliable_context=1.557464 sequence=116.069487
[b15-r10/return_dual_lr5e5/e004] [plan iscas99__b15_1] [plan] step=77 node=N5234 type=observe q_typed_reliable_context=0.770214 sequence=116.839701
[b15-r10/return_dual_lr5e5/e004] [plan iscas99__b15_1] [plan] step=78 node=N7722 type=control0 q_typed_reliable_context=0.843700 sequence=117.683401
[b15-r10/return_dual_lr5e5/e004] [plan iscas99__b15_1] [plan] step=79 node=N4578 type=control0 q_typed_reliable_context=1.272582 sequence=118.955983
[b15-r10/return_dual_lr5e5/e004] [plan iscas99__b15_1] [plan] step=80 node=N899 type=observe q_typed_reliable_context=1.117102 sequence=120.073085
[b15-r10/return_dual_lr5e5/e004] [plan iscas99__b15_1] [plan] step=81 node=N7875 type=control1 q_typed_reliable_context=0.813394 sequence=120.886479
[b15-r10/return_dual_lr5e5/e004] [plan iscas99__b15_1] [plan] step=82 node=N4585 type=control0 q_typed_reliable_context=1.269409 sequence=122.155888
[b15-r10/return_dual_lr5e5/e004] [plan iscas99__b15_1] [plan] step=83 node=N7370 type=control1 q_typed_reliable_context=0.752138 sequence=122.908026
[b15-r10/return_dual_lr5e5/e004] [plan iscas99__b15_1] [plan] step=84 node=N555 type=control1 q_typed_reliable_context=1.527494 sequence=124.435520
[b15-r10/return_dual_lr5e5/e004] [plan iscas99__b15_1] [plan] step=85 node=N7891 type=control1 q_typed_reliable_context=1.320239 sequence=125.755759
[b15-r10/return_dual_lr5e5/e004] [plan iscas99__b15_1] [plan] step=86 node=N7885 type=control1 q_typed_reliable_context=1.515749 sequence=127.271508
[b15-r10/return_dual_lr5e5/e004] [plan iscas99__b15_1] [plan] step=87 node=N7886 type=control1 q_typed_reliable_context=1.689438 sequence=128.960946
[b15-r10/return_dual_lr5e5/e004] [plan iscas99__b15_1] [plan] step=88 node=N7887 type=control1 q_typed_reliable_context=1.671019 sequence=130.631965
[b15-r10/return_dual_lr5e5/e004] [plan iscas99__b15_1] [plan] step=89 node=N7888 type=control1 q_typed_reliable_context=0.992342 sequence=131.624307
[b15-r10/return_dual_lr5e5/e004] [plan iscas99__b15_1] [plan] step=90 node=N7889 type=control1 q_typed_reliable_context=0.991923 sequence=132.616230
[b15-r10/return_dual_lr5e5/e004] [plan iscas99__b15_1] [plan] step=91 node=N7890 type=control1 q_typed_reliable_context=1.112731 sequence=133.728962
[b15-r10/return_dual_lr5e5/e004] [plan iscas99__b15_1] [plan] step=92 node=N507 type=control1 q_typed_reliable_context=1.311989 sequence=135.040951
[b15-r10/return_dual_lr5e5/e004] [plan iscas99__b15_1] [plan] step=93 node=N3785 type=control0 q_typed_reliable_context=1.010797 sequence=136.051748
[b15-r10/return_dual_lr5e5/e004] [plan iscas99__b15_1] [plan] step=94 node=N3827 type=control0 q_typed_reliable_context=2.631303 sequence=138.683051
[b15-r10/return_dual_lr5e5/e004] [plan iscas99__b15_1] [plan] step=95 node=N713 type=observe q_typed_reliable_context=5.386739 sequence=144.069790
[b15-r10/return_dual_lr5e5/e004] [plan iscas99__b15_1] [plan] step=96 node=N3820 type=control0 q_typed_reliable_context=1.424080 sequence=145.493870
[b15-r10/return_dual_lr5e5/e004] [plan iscas99__b15_1] [plan] step=97 node=N7725 type=control0 q_typed_reliable_context=1.217618 sequence=146.711488
[b15-r10/return_dual_lr5e5/e004] [plan iscas99__b15_1] [plan] step=98 node=N7723 type=control0 q_typed_reliable_context=1.466191 sequence=148.177679
[b15-r10/return_dual_lr5e5/e004] [plan iscas99__b15_1] [plan] step=99 node=N7408 type=control0 q_typed_reliable_context=1.527273 sequence=149.704952
[b15-r10/return_dual_lr5e5/e004] [plan iscas99__b15_1] [plan] step=100 node=N7541 type=control0 q_typed_reliable_context=1.386282 sequence=151.091233
[b15-r10/return_dual_lr5e5/e004] [plan iscas99__b15_1] [plan] step=101 node=N7846 type=control0 q_typed_reliable_context=1.331841 sequence=152.423075
[b15-r10/return_dual_lr5e5/e004] [plan iscas99__b15_1] [plan] step=102 node=N556 type=control1 q_typed_reliable_context=1.462480 sequence=153.885555
[b15-r10/return_dual_lr5e5/e004] [plan iscas99__b15_1] [plan] step=103 node=N614 type=control1 q_typed_reliable_context=1.321318 sequence=155.206873
[b15-r10/return_dual_lr5e5/e004] [plan iscas99__b15_1] [plan] step=104 node=N3813 type=control0 q_typed_reliable_context=1.783298 sequence=156.990171
[b15-r10/return_dual_lr5e5/e004] [plan iscas99__b15_1] [plan] step=105 node=N634 type=control1 q_typed_reliable_context=1.444218 sequence=158.434389
[b15-r10/return_dual_lr5e5/e004] [plan iscas99__b15_1] [plan] step=106 node=N3799 type=control0 q_typed_reliable_context=1.443681 sequence=159.878070
[b15-r10/return_dual_lr5e5/e004] [plan iscas99__b15_1] [plan] step=107 node=N610 type=control1 q_typed_reliable_context=1.350894 sequence=161.228964
[b15-r10/return_dual_lr5e5/e004] [plan iscas99__b15_1] [plan] step=108 node=N3792 type=control0 q_typed_reliable_context=1.323319 sequence=162.552282
[b15-r10/return_dual_lr5e5/e004] [plan iscas99__b15_1] [plan] step=109 node=N620 type=control1 q_typed_reliable_context=1.224016 sequence=163.776298
[b15-r10/return_dual_lr5e5/e004] [plan iscas99__b15_1] [plan] step=110 node=N510 type=control1 q_typed_reliable_context=1.716818 sequence=165.493116
[b15-r10/return_dual_lr5e5/e004] [plan iscas99__b15_1] [plan] step=111 node=N638 type=control1 q_typed_reliable_context=1.312546 sequence=166.805662
[b15-r10/return_dual_lr5e5/e004] [plan iscas99__b15_1] [plan] step=112 node=N3682 type=control0 q_typed_reliable_context=1.660053 sequence=168.465715
[b15-r10/return_dual_lr5e5/e004] [plan iscas99__b15_1] [plan] step=113 node=N7852 type=control0 q_typed_reliable_context=1.336572 sequence=169.802286
[b15-r10/return_dual_lr5e5/e004] [plan iscas99__b15_1] [plan] step=114 node=N722 type=observe q_typed_reliable_context=2.392744 sequence=172.195030
[b15-r10/return_dual_lr5e5/e004] [plan iscas99__b15_1] [plan] step=115 node=N4564 type=control0 q_typed_reliable_context=1.972797 sequence=174.167827
[b15-r10/return_dual_lr5e5/e004] [plan iscas99__b15_1] [plan] step=116 node=N7872 type=control1 q_typed_reliable_context=2.152274 sequence=176.320101
[b15-r10/return_dual_lr5e5/e004] [plan iscas99__b15_1] [plan] step=117 node=N4557 type=control0 q_typed_reliable_context=2.926533 sequence=179.246634
[b15-r10/return_dual_lr5e5/e004] [plan iscas99__b15_1] [plan] step=118 node=N4520 type=control0 q_typed_reliable_context=2.978783 sequence=182.225417
[b15-r10/return_dual_lr5e5/e004] [plan iscas99__b15_1] [plan] step=119 node=N7847 type=control0 q_typed_reliable_context=3.026080 sequence=185.251497
[b15-r10/return_dual_lr5e5/e004] [plan iscas99__b15_1] [plan] step=120 node=N3903 type=control0 q_typed_reliable_context=2.353161 sequence=187.604658
[b15-r10/return_dual_lr5e5/e004] [plan iscas99__b15_1] [plan] step=121 node=N7853 type=control0 q_typed_reliable_context=2.391950 sequence=189.996608
[b15-r10/return_dual_lr5e5/e004] [plan iscas99__b15_1] [plan] step=122 node=N7820 type=control0 q_typed_reliable_context=2.535725 sequence=192.532333
[b15-r10/return_dual_lr5e5/e004] [plan iscas99__b15_1] [plan] step=123 node=N3896 type=control0 q_typed_reliable_context=2.362523 sequence=194.894856
[b15-r10/return_dual_lr5e5/e004] [plan iscas99__b15_1] [plan] step=124 node=N7588 type=control1 q_typed_reliable_context=1.516259 sequence=196.411115
[b15-r10/return_dual_lr5e5/e004] [plan iscas99__b15_1] [plan] step=125 node=N645 type=control1 q_typed_reliable_context=1.650564 sequence=198.061680
[b15-r10/return_dual_lr5e5/e004] [plan iscas99__b15_1] [plan] step=126 node=N2040 type=observe q_typed_reliable_context=1.932197 sequence=199.993877
[b15-r10/return_dual_lr5e5/e004] [plan iscas99__b15_1] [plan] step=127 node=N7590 type=control1 q_typed_reliable_context=1.280617 sequence=201.274494
[b15-r10/return_dual_lr5e5/e004] [plan iscas99__b15_1] [plan] step=128 node=N7537 type=observe q_typed_reliable_context=1.544327 sequence=202.818821
[b15-r10/return_dual_lr5e5/e004] [plan iscas99__b15_1] [plan] step=129 node=N7535 type=observe q_typed_reliable_context=1.965592 sequence=204.784413
[b15-r10/return_dual_lr5e5/e004] [plan iscas99__b15_1] [plan] step=130 node=N7534 type=observe q_typed_reliable_context=2.771891 sequence=207.556304
[b15-r10/return_dual_lr5e5/e004] [plan iscas99__b15_1] [plan] step=131 node=N7532 type=observe q_typed_reliable_context=3.783625 sequence=211.339929
[b15-r10/return_dual_lr5e5/e004] [plan iscas99__b15_1] [plan] step=132 node=N3180 type=control1 q_typed_reliable_context=4.607083 sequence=215.947011
[b15-r10/return_dual_lr5e5/e004] [plan iscas99__b15_1] [plan] step=133 node=N7518 type=observe q_typed_reliable_context=3.088060 sequence=219.035072
[b15-r10/return_dual_lr5e5/e004] [plan iscas99__b15_1] [plan] step=134 node=N636 type=control1 q_typed_reliable_context=1.671795 sequence=220.706866
[b15-r10/return_dual_lr5e5/e004] [plan iscas99__b15_1] [plan] step=135 node=N785 type=observe q_typed_reliable_context=2.528722 sequence=223.235588
[b15-r10/return_dual_lr5e5/e004] [plan iscas99__b15_1] [plan] step=136 node=N616 type=control1 q_typed_reliable_context=2.319628 sequence=225.555217
[b15-r10/return_dual_lr5e5/e004] [plan iscas99__b15_1] [plan] step=137 node=N7424 type=control1 q_typed_reliable_context=1.436147 sequence=226.991364
[b15-r10/return_dual_lr5e5/e004] [plan iscas99__b15_1] [plan] step=138 node=N1552 type=observe q_typed_reliable_context=1.004579 sequence=227.995943
[b15-r10/return_dual_lr5e5/e004] [plan iscas99__b15_1] [plan] step=139 node=N5867 type=observe q_typed_reliable_context=1.548270 sequence=229.544213
[b15-r10/return_dual_lr5e5/e004] [plan iscas99__b15_1] [plan] step=140 node=N2157 type=observe q_typed_reliable_context=3.639728 sequence=233.183940
[b15-r10/return_dual_lr5e5/e004] [plan iscas99__b15_1] [plan] step=141 node=N630 type=control1 q_typed_reliable_context=5.788590 sequence=238.972530
[b15-r10/return_dual_lr5e5/e004] [plan iscas99__b15_1] [plan] step=142 node=N649 type=control1 q_typed_reliable_context=5.763968 sequence=244.736498
[b15-r10/return_dual_lr5e5/e004] [plan iscas99__b15_1] [plan] step=143 node=N642 type=control1 q_typed_reliable_context=3.120802 sequence=247.857300
[b15-r10/return_dual_lr5e5/e004] [plan iscas99__b15_1] [plan] step=144 node=N7402 type=observe q_typed_reliable_context=2.670873 sequence=250.528173
[b15-r10/return_dual_lr5e5/e004] [plan iscas99__b15_1] [plan] step=145 node=N7679 type=observe q_typed_reliable_context=1.379887 sequence=251.908059
[b15-r10/return_dual_lr5e5/e004] [plan iscas99__b15_1] [plan] step=146 node=N7627 type=observe q_typed_reliable_context=2.827096 sequence=254.735155
[b15-r10/return_dual_lr5e5/e004] [plan iscas99__b15_1] [plan] step=147 node=N7465 type=observe q_typed_reliable_context=0.849318 sequence=255.584473
[b15-r10/return_dual_lr5e5/e004] [plan iscas99__b15_1] [plan] step=148 node=N5627 type=observe q_typed_reliable_context=2.333419 sequence=257.917893
[b15-r10/return_dual_lr5e5/e004] [plan iscas99__b15_1] [plan] step=149 node=N725 type=observe q_typed_reliable_context=2.700030 sequence=260.617922
[b15-r10/return_dual_lr5e5/e004] [plan iscas99__b15_1] [plan] step=150 node=N7624 type=observe q_typed_reliable_context=2.854035 sequence=263.471958
[b15-r10/return_dual_lr5e5/e004] [plan iscas99__b15_1] [plan] step=151 node=N6948 type=observe q_typed_reliable_context=2.923660 sequence=266.395618
[b15-r10/return_dual_lr5e5/e004] [plan iscas99__b15_1] [plan] step=152 node=N3467 type=control1 q_typed_reliable_context=1.712943 sequence=268.108561
[b15-r10/return_dual_lr5e5/e004] [plan iscas99__b15_1] [plan] step=153 node=N5617 type=observe q_typed_reliable_context=4.153623 sequence=272.262184
[b15-r10/return_dual_lr5e5/e004] [plan iscas99__b15_1] [plan] step=154 node=N2580 type=control1 q_typed_reliable_context=1.735247 sequence=273.997431
[b15-r10/return_dual_lr5e5/e004] [plan iscas99__b15_1] [plan] step=155 node=N2149 type=observe q_typed_reliable_context=2.214925 sequence=276.212356
[b15-r10/return_dual_lr5e5/e004] [plan iscas99__b15_1] [plan] step=156 node=N1586 type=control1 q_typed_reliable_context=2.024057 sequence=278.236414
[b15-r10/return_dual_lr5e5/e004] [plan iscas99__b15_1] [plan] step=157 node=N647 type=control1 q_typed_reliable_context=2.272031 sequence=280.508445
[b15-r10/return_dual_lr5e5/e004] [plan iscas99__b15_1] [plan] step=158 node=N1607 type=control1 q_typed_reliable_context=2.671786 sequence=283.180231
[b15-r10/return_dual_lr5e5/e004] [plan iscas99__b15_1] [plan] step=159 node=N4529 type=observe q_typed_reliable_context=4.691798 sequence=287.872029
[b15-r10/return_dual_lr5e5/e004] [plan iscas99__b15_1] [plan] step=160 node=N2102 type=observe q_typed_reliable_context=1.746056 sequence=289.618085
[b15-r10/return_dual_lr5e5/e004] [plan iscas99__b15_1] [plan] step=161 node=N6531 type=observe q_typed_reliable_context=5.157921 sequence=294.776006
[b15-r10/return_dual_lr5e5/e004] [plan iscas99__b15_1] [plan] step=162 node=N7385 type=observe q_typed_reliable_context=5.391046 sequence=300.167052
[b15-r10/return_dual_lr5e5/e004] [plan iscas99__b15_1] [plan] step=163 node=N714 type=observe q_typed_reliable_context=2.311780 sequence=302.478832
[b15-r10/return_dual_lr5e5/e004] [plan iscas99__b15_1] [plan] step=164 node=N7614 type=observe q_typed_reliable_context=2.556330 sequence=305.035161
[b15-r10/return_dual_lr5e5/e004] [plan iscas99__b15_1] [plan] step=165 node=N723 type=observe q_typed_reliable_context=2.699340 sequence=307.734501
[b15-r10/return_dual_lr5e5/e004] [plan iscas99__b15_1] [plan] step=166 node=N694 type=observe q_typed_reliable_context=3.525388 sequence=311.259889
[b15-r10/return_dual_lr5e5/e004] [plan iscas99__b15_1] [plan] step=167 node=N2106 type=observe q_typed_reliable_context=2.229237 sequence=313.489126
[b15-r10/return_dual_lr5e5/e004] [plan iscas99__b15_1] [plan] step=168 node=N5877 type=observe q_typed_reliable_context=2.915244 sequence=316.404371
[b15-r10/return_dual_lr5e5/e004] [plan iscas99__b15_1] [plan] step=169 node=N3525 type=control1 q_typed_reliable_context=1.654217 sequence=318.058588
[b15-r10/return_dual_lr5e5/e004] [plan iscas99__b15_1] [plan] step=170 node=N7436 type=observe q_typed_reliable_context=4.528351 sequence=322.586939
[b15-r10/return_dual_lr5e5/e004] [plan iscas99__b15_1] [plan] step=171 node=N3295 type=control1 q_typed_reliable_context=1.479343 sequence=324.066282
[b15-r10/return_dual_lr5e5/e004] [plan iscas99__b15_1] [plan] step=172 node=N4521 type=observe q_typed_reliable_context=4.691934 sequence=328.758215
[b15-r10/return_dual_lr5e5/e004] [plan iscas99__b15_1] [plan] step=173 node=N3410 type=control1 q_typed_reliable_context=1.966670 sequence=330.724885
[b15-r10/return_dual_lr5e5/e004] [plan iscas99__b15_1] [plan] step=174 node=N7681 type=observe q_typed_reliable_context=4.427681 sequence=335.152566
[b15-r10/return_dual_lr5e5/e004] [plan iscas99__b15_1] [plan] step=175 node=N2779 type=control1 q_typed_reliable_context=1.765620 sequence=336.918186
[b15-r10/return_dual_lr5e5/e004] [plan iscas99__b15_1] [plan] step=176 node=N2721 type=control1 q_typed_reliable_context=1.744769 sequence=338.662955
[b15-r10/return_dual_lr5e5/e004] [plan iscas99__b15_1] [plan] step=177 node=N7442 type=control0 q_typed_reliable_context=1.386790 sequence=340.049746
[b15-r10/return_dual_lr5e5/e004] [plan iscas99__b15_1] [plan] step=178 node=N6674 type=observe q_typed_reliable_context=2.932436 sequence=342.982181
[b15-r10/return_dual_lr5e5/e004] [plan iscas99__b15_1] [plan] step=179 node=N2652 type=control1 q_typed_reliable_context=1.579826 sequence=344.562007
[b15-r10/return_dual_lr5e5/e004] [plan iscas99__b15_1] [plan] step=180 node=N2894 type=control1 q_typed_reliable_context=1.287537 sequence=345.849544
[b15-r10/return_dual_lr5e5/e004] [plan iscas99__b15_1] [plan] step=181 node=N763 type=observe q_typed_reliable_context=1.051563 sequence=346.901107
[b15-r10/return_dual_lr5e5/e004] [plan iscas99__b15_1] [plan] step=182 node=N706 type=observe q_typed_reliable_context=2.434469 sequence=349.335577
[b15-r10/return_dual_lr5e5/e004] [plan iscas99__b15_1] [plan] step=183 node=N5873 type=observe q_typed_reliable_context=1.297583 sequence=350.633159
[b15-r10/return_dual_lr5e5/e004] [plan iscas99__b15_1] [plan] step=184 node=N5356 type=observe q_typed_reliable_context=1.706821 sequence=352.339981
[b15-r10/return_dual_lr5e5/e004] [plan iscas99__b15_1] [plan] step=185 node=N712 type=observe q_typed_reliable_context=2.057188 sequence=354.397169
[b15-r10/return_dual_lr5e5/e004] [plan iscas99__b15_1] [plan] step=186 node=N2837 type=control1 q_typed_reliable_context=2.019449 sequence=356.416618
[b15-r10/return_dual_lr5e5/e004] [plan iscas99__b15_1] [plan] step=187 node=N3009 type=control1 q_typed_reliable_context=1.553334 sequence=357.969952
[b15-r10/return_dual_lr5e5/e004] [plan iscas99__b15_1] [plan] step=188 node=N7855 type=control0 q_typed_reliable_context=1.103798 sequence=359.073750
[b15-r10/return_dual_lr5e5/e004] [plan iscas99__b15_1] [plan] step=189 node=N3067 type=control1 q_typed_reliable_context=2.046811 sequence=361.120562
[b15-r10/return_dual_lr5e5/e004] [plan iscas99__b15_1] [plan] step=190 node=N7542 type=control0 q_typed_reliable_context=1.487071 sequence=362.607632
[b15-r10/return_dual_lr5e5/e004] [plan iscas99__b15_1] [plan] step=191 node=N8790 type=control1 q_typed_reliable_context=2.873418 sequence=365.481050
[b15-r10/return_dual_lr5e5/e004] [plan iscas99__b15_1] [plan] step=192 node=N8789 type=control1 q_typed_reliable_context=1.362415 sequence=366.843465
[b15-r10/return_dual_lr5e5/e004] [plan iscas99__b15_1] [plan] step=193 node=N8240 type=control1 q_typed_reliable_context=1.160550 sequence=368.004015
[b15-r10/return_dual_lr5e5/e004] [plan iscas99__b15_1] [plan] step=194 node=N8239 type=control1 q_typed_reliable_context=2.305683 sequence=370.309697
[b15-r10/return_dual_lr5e5/e004] [plan iscas99__b15_1] [plan] step=195 node=N6688 type=observe q_typed_reliable_context=1.531136 sequence=371.840834
[b15-r10/return_dual_lr5e5/e004] [plan iscas99__b15_1] [plan] step=196 node=N8607 type=control1 q_typed_reliable_context=6.330059 sequence=378.170892
[b15-r10/return_dual_lr5e5/e004] [plan iscas99__b15_1] [plan] step=197 node=N5740 type=observe q_typed_reliable_context=4.138324 sequence=382.309216
[b15-r10/return_dual_lr5e5/e004] [plan iscas99__b15_1] [plan] step=198 node=N578 type=observe q_typed_reliable_context=4.073807 sequence=386.383023
[b15-r10/return_dual_lr5e5/e004] [plan iscas99__b15_1] [plan] step=199 node=N7453 type=observe q_typed_reliable_context=2.304537 sequence=388.687560
[b15-r10/return_dual_lr5e5/e004] [plan iscas99__b15_1] [plan] step=200 node=N7500 type=observe q_typed_reliable_context=1.660630 sequence=390.348190
[b15-r10/return_dual_lr5e5/e004] [plan iscas99__b15_1] [plan] step=201 node=N7401 type=observe q_typed_reliable_context=1.460322 sequence=391.808512
[b15-r10/return_dual_lr5e5/e004] [plan iscas99__b15_1] [plan] step=202 node=N679 type=observe q_typed_reliable_context=2.179108 sequence=393.987620
[b15-r10/return_dual_lr5e5/e004] [plan iscas99__b15_1] [plan] step=203 node=N5473 type=observe q_typed_reliable_context=4.469300 sequence=398.456920
[b15-r10/return_dual_lr5e5/e004] [plan iscas99__b15_1] [plan] step=204 node=N715 type=observe q_typed_reliable_context=5.886084 sequence=404.343005
[b15-r10/return_dual_lr5e5/e004] [plan iscas99__b15_1] [plan] step=205 node=N7405 type=observe q_typed_reliable_context=4.186010 sequence=408.529015
[b15-r10/return_dual_lr5e5/e004] [plan iscas99__b15_1] [plan] step=206 node=N2952 type=control1 q_typed_reliable_context=1.391142 sequence=409.920157
[b15-r10/return_dual_lr5e5/e004] [plan iscas99__b15_1] [plan] step=207 node=N652 type=control1 q_typed_reliable_context=6.447218 sequence=416.367375
[b15-r10/return_dual_lr5e5/e004] [plan iscas99__b15_1] [plan] step=208 node=N2181 type=observe q_typed_reliable_context=3.946653 sequence=420.314028
[b15-r10/return_dual_lr5e5/e004] [plan iscas99__b15_1] [plan] step=209 node=N7550 type=observe q_typed_reliable_context=6.886476 sequence=427.200504
[b15-r10/return_dual_lr5e5/e004] [plan iscas99__b15_1] [plan] step=210 node=N8238 type=control1 q_typed_reliable_context=6.214825 sequence=433.415329
[b15-r10/return_dual_lr5e5/e004] [plan iscas99__b15_1] [plan] step=211 node=N6573 type=observe q_typed_reliable_context=4.143735 sequence=437.559064
[b15-r10/return_dual_lr5e5/e004] [plan iscas99__b15_1] [plan] step=212 node=N8606 type=control1 q_typed_reliable_context=2.482594 sequence=440.041658
[b15-r10/return_dual_lr5e5/e004] [plan iscas99__b15_1] [plan] step=213 node=N8237 type=control1 q_typed_reliable_context=6.889605 sequence=446.931262
[b15-r10/return_dual_lr5e5/e004] [plan iscas99__b15_1] [plan] step=214 node=N902 type=control1 q_typed_reliable_context=6.961123 sequence=453.892386
[b15-r10/return_dual_lr5e5/e004] [plan iscas99__b15_1] [plan] step=215 node=N8605 type=control1 q_typed_reliable_context=6.584387 sequence=460.476772
[b15-r10/return_dual_lr5e5/e004] [plan iscas99__b15_1] [plan] step=216 node=N4489 type=observe q_typed_reliable_context=6.374671 sequence=466.851443
[b15-r10/return_dual_lr5e5/e004] [plan iscas99__b15_1] [plan] step=217 node=N8236 type=control1 q_typed_reliable_context=5.906985 sequence=472.758429
[b15-r10/return_dual_lr5e5/e004] [plan iscas99__b15_1] [plan] step=218 node=N5456 type=observe q_typed_reliable_context=5.893217 sequence=478.651646
[b15-r10/return_dual_lr5e5/e004] [plan iscas99__b15_1] [plan] step=219 node=N515 type=control1 q_typed_reliable_context=6.491289 sequence=485.142935
[b15-r10/return_dual_lr5e5/e004] [plan iscas99__b15_1] [plan] step=220 node=N703 type=observe q_typed_reliable_context=6.472953 sequence=491.615888
[b15-r10/return_dual_lr5e5/e004] [plan iscas99__b15_1] [plan] step=221 node=N5879 type=observe q_typed_reliable_context=5.852365 sequence=497.468253
[b15-r10/return_dual_lr5e5/e004] [plan iscas99__b15_1] [plan] step=222 node=N5725 type=observe q_typed_reliable_context=1.710180 sequence=499.178434
[b15-r10/return_dual_lr5e5/e004] [plan iscas99__b15_1] [plan] step=223 node=N705 type=observe q_typed_reliable_context=2.034301 sequence=501.212735
[b15-r10/return_dual_lr5e5/e004] [plan iscas99__b15_1] [plan] step=224 node=N5439 type=observe q_typed_reliable_context=2.573025 sequence=503.785760
[b15-r10/return_dual_lr5e5/e004] [plan iscas99__b15_1] [plan] step=225 node=N4460 type=control0 q_typed_reliable_context=4.366673 sequence=508.152433
[b15-r10/return_dual_lr5e5/e004] [plan iscas99__b15_1] [plan] step=226 node=N6581 type=observe q_typed_reliable_context=4.316710 sequence=512.469143
[b15-r10/return_dual_lr5e5/e004] [plan iscas99__b15_1] [plan] step=227 node=N5422 type=observe q_typed_reliable_context=6.002988 sequence=518.472131
[b15-r10/return_dual_lr5e5/e004] [plan iscas99__b15_1] [plan] step=228 node=N2151 type=observe q_typed_reliable_context=6.871596 sequence=525.343727
[b15-r10/return_dual_lr5e5/e004] [plan iscas99__b15_1] [plan] step=229 node=N1951 type=observe q_typed_reliable_context=5.425977 sequence=530.769703
[b15-r10/return_dual_lr5e5/e004] [plan iscas99__b15_1] [plan] step=230 node=N7439 type=observe q_typed_reliable_context=5.191166 sequence=535.960869
[b15-r10/return_dual_lr5e5/e004] [plan iscas99__b15_1] [plan] step=231 node=N4558 type=observe q_typed_reliable_context=2.189364 sequence=538.150233
[b15-r10/return_dual_lr5e5/e004] [plan iscas99__b15_1] [plan] step=232 node=N5390 type=observe q_typed_reliable_context=2.016478 sequence=540.166711
[b15-r10/return_dual_lr5e5/e004] [plan iscas99__b15_1] [plan] step=233 node=N1874 type=observe q_typed_reliable_context=4.649172 sequence=544.815884
[b15-r10/return_dual_lr5e5/e004] [plan iscas99__b15_1] [plan] step=234 node=N5202 type=observe q_typed_reliable_context=5.517695 sequence=550.333579
[b15-r10/return_dual_lr5e5/e004] [plan iscas99__b15_1] [plan] step=235 node=N6660 type=observe q_typed_reliable_context=5.715083 sequence=556.048662
[b15-r10/return_dual_lr5e5/e004] [plan iscas99__b15_1] [plan] step=236 node=N719 type=observe q_typed_reliable_context=5.221965 sequence=561.270627
[b15-r10/return_dual_lr5e5/e004] [plan iscas99__b15_1] [plan] step=237 node=N5334 type=observe q_typed_reliable_context=5.344591 sequence=566.615218
[b15-r10/return_dual_lr5e5/e004] [plan iscas99__b15_1] [plan] step=238 node=N7380 type=observe q_typed_reliable_context=3.713733 sequence=570.328951
[b15-r10/return_dual_lr5e5/e004] [plan iscas99__b15_1] [plan] step=239 node=N4497 type=observe q_typed_reliable_context=2.043302 sequence=572.372253
[b15-r10/return_dual_lr5e5/e004] [plan iscas99__b15_1] [plan] step=240 node=N5373 type=observe q_typed_reliable_context=2.891672 sequence=575.263925
[b15-r10/return_dual_lr5e5/e004] [plan iscas99__b15_1] [plan] step=241 node=N699 type=observe q_typed_reliable_context=5.786004 sequence=581.049929
[b15-r10/return_dual_lr5e5/e004] [plan iscas99__b15_1] [plan] step=242 node=N6658 type=observe q_typed_reliable_context=6.511228 sequence=587.561157
[b15-r10/return_dual_lr5e5/e004] [plan iscas99__b15_1] [plan] step=243 node=N734 type=observe q_typed_reliable_context=2.242032 sequence=589.803189
[b15-r10/return_dual_lr5e5/e004] [plan iscas99__b15_1] [plan] step=244 node=N6932 type=observe q_typed_reliable_context=4.871165 sequence=594.674354
[b15-r10/return_dual_lr5e5/e004] [plan iscas99__b15_1] [plan] step=245 node=N708 type=observe q_typed_reliable_context=4.142656 sequence=598.817010
[b15-r10/return_dual_lr5e5/e004] [plan iscas99__b15_1] [plan] step=246 node=N7383 type=observe q_typed_reliable_context=6.505903 sequence=605.322913
[b15-r10/return_dual_lr5e5/e004] [plan iscas99__b15_1] [plan] step=247 node=N2159 type=observe q_typed_reliable_context=4.148889 sequence=609.471802
[b15-r10/return_dual_lr5e5/e004] [plan iscas99__b15_1] [plan] step=248 node=N4505 type=observe q_typed_reliable_context=2.739073 sequence=612.210875
[b15-r10/return_dual_lr5e5/e004] [plan iscas99__b15_1] [plan] step=249 node=N1351 type=observe q_typed_reliable_context=4.304739 sequence=616.515615
[b15-r10/return_dual_lr5e5/e004] [plan iscas99__b15_1] [plan] step=250 node=N6656 type=observe q_typed_reliable_context=5.247044 sequence=621.762659
[b15-r10/return_dual_lr5e5/e004] [plan iscas99__b15_1] [plan] step=251 node=N4421 type=control0 q_typed_reliable_context=1.589381 sequence=623.352040
[b15-r10/return_dual_lr5e5/e004] [plan iscas99__b15_1] [plan] step=252 node=N1598 type=observe q_typed_reliable_context=5.492613 sequence=628.844653
[b15-r10/return_dual_lr5e5/e004] [plan iscas99__b15_1] [plan] step=253 node=N1688 type=observe q_typed_reliable_context=5.109546 sequence=633.954199
[b15-r10/return_dual_lr5e5/e004] [plan iscas99__b15_1] [plan] step=254 node=N4532 type=control0 q_typed_reliable_context=4.835994 sequence=638.790192
[b15-r10/return_dual_lr5e5/e004] [plan iscas99__b15_1] [plan] step=255 node=N4442 type=control0 q_typed_reliable_context=4.119721 sequence=642.909913
[b15-r10/return_dual_lr5e5/e004] [plan iscas99__b15_1] [plan] step=256 node=N765 type=observe q_typed_reliable_context=5.698826 sequence=648.608739
[b15-r10/return_dual_lr5e5/e004] [plan iscas99__b15_1] [plan] step=257 node=N684 type=observe q_typed_reliable_context=4.729738 sequence=653.338478
[b15-r10/return_dual_lr5e5/e004] [plan iscas99__b15_1] [plan] step=258 node=N729 type=observe q_typed_reliable_context=5.193864 sequence=658.532342
[b15-r10/return_dual_lr5e5/e004] [plan iscas99__b15_1] [plan] step=259 node=N7381 type=observe q_typed_reliable_context=5.628204 sequence=664.160546
[b15-r10/return_dual_lr5e5/e004] [plan iscas99__b15_1] [plan] step=260 node=N8235 type=control1 q_typed_reliable_context=3.165427 sequence=667.325973
[b15-r10/return_dual_lr5e5/e004] [plan iscas99__b15_1] [plan] step=261 node=N7512 type=observe q_typed_reliable_context=0.594916 sequence=667.920888
[b15-r10/return_dual_lr5e5/e004] [plan iscas99__b15_1] [plan] step=262 node=N1854 type=observe q_typed_reliable_context=5.280055 sequence=673.200943
[b15-r10/return_dual_lr5e5/e004] [plan iscas99__b15_1] [plan] step=263 node=N686 type=observe q_typed_reliable_context=5.629367 sequence=678.830310
[b15-r10/return_dual_lr5e5/e004] [plan iscas99__b15_1] [plan] step=264 node=N545 type=observe q_typed_reliable_context=6.075727 sequence=684.906037
[b15-r10/return_dual_lr5e5/e004] [plan iscas99__b15_1] [plan] step=265 node=N6678 type=observe q_typed_reliable_context=1.304477 sequence=686.210514
[b15-r10/return_dual_lr5e5/e004] [plan iscas99__b15_1] [plan] step=266 node=N898 type=observe q_typed_reliable_context=7.511420 sequence=693.721934
[b15-r10/return_dual_lr5e5/e004] [plan iscas99__b15_1] [plan] step=267 node=N4513 type=observe q_typed_reliable_context=1.233973 sequence=694.955908
[b15-r10/return_dual_lr5e5/e004] [plan iscas99__b15_1] [plan] step=268 node=N752 type=observe q_typed_reliable_context=0.781664 sequence=695.737571
[b15-r10/return_dual_lr5e5/e004] [plan iscas99__b15_1] [plan] step=269 node=N764 type=observe q_typed_reliable_context=0.563038 sequence=696.300609
[b15-r10/return_dual_lr5e5/e004] [plan iscas99__b15_1] [plan] step=270 node=N696 type=observe q_typed_reliable_context=6.679988 sequence=702.980597
[b15-r10/return_dual_lr5e5/e004] [plan iscas99__b15_1] [plan] step=271 node=N2271 type=observe q_typed_reliable_context=1.223297 sequence=704.203895
[b15-r10/return_dual_lr5e5/e004] [plan iscas99__b15_1] [plan] step=272 node=N7463 type=observe q_typed_reliable_context=6.482141 sequence=710.686035
[b15-r10/return_dual_lr5e5/e004] [plan iscas99__b15_1] [plan] step=273 node=N689 type=observe q_typed_reliable_context=6.170510 sequence=716.856546
[b15-r10/return_dual_lr5e5/e004] [plan iscas99__b15_1] [plan] step=274 node=N543 type=observe q_typed_reliable_context=6.005978 sequence=722.862524
[b15-r10/return_dual_lr5e5/e004] [plan iscas99__b15_1] [plan] step=275 node=N7802 type=observe q_typed_reliable_context=7.862436 sequence=730.724960
[b15-r10/return_dual_lr5e5/e004] [plan iscas99__b15_1] [plan] step=276 node=N2259 type=observe q_typed_reliable_context=0.990369 sequence=731.715329
[b15-r10/return_dual_lr5e5/e004] [plan iscas99__b15_1] [plan] step=277 node=N759 type=observe q_typed_reliable_context=6.556330 sequence=738.271659
[b15-r10/return_dual_lr5e5/e004] [plan iscas99__b15_1] [plan] step=278 node=N4544 type=observe q_typed_reliable_context=1.519556 sequence=739.791215
[b15-r10/return_dual_lr5e5/e004] [plan iscas99__b15_1] saved=autoresearch/loop-260720-0945/model_training_round10/b15_selection/return_dual_lr5e5/epoch_004/alpha_0p10_decay_64/plans/iscas99__b15_1__greedy__cumulative__q_typed_reliable_context__bw1__d1__c64__g1p0__candhard_fault_cluster__div0p0__s0.csv
[b15-r10/return_dual_lr5e5/e004] [gmean] 2026-07-21T17:15:05 [1/1] plan_done benchmark=iscas99__b15_1 plan_sec=229.998 plan_csv=autoresearch/loop-260720-0945/model_training_round10/b15_selection/return_dual_lr5e5/epoch_004/alpha_0p10_decay_64/plans/iscas99__b15_1__greedy__cumulative__q_typed_reliable_context__bw1__d1__c64__g1p0__candhard_fault_cluster__div0p0__s0.csv
[b15-r10/return_dual_lr5e5/e004] [gmean] 2026-07-21T17:15:05 [1/1] eval_start benchmark=iscas99__b15_1 backend=atalanta-bist patterns=300000
[b15-r10/return_dual_lr5e5/e004] [eval iscas99__b15_1] {
[b15-r10/return_dual_lr5e5/e004] [eval iscas99__b15_1]   "records": 2,
[b15-r10/return_dual_lr5e5/e004] [eval iscas99__b15_1]   "labels_csv": "autoresearch/loop-260720-0945/model_training_round10/b15_selection/return_dual_lr5e5/epoch_004/alpha_0p10_decay_64/evals/iscas99__b15_1__greedy__cumulative__q_typed_reliable_context__bw1__d1__c64__g1p0__candhard_fault_cluster__div0p0__s0/labels.csv",
[b15-r10/return_dual_lr5e5/e004] [eval iscas99__b15_1]   "summary_json": "autoresearch/loop-260720-0945/model_training_round10/b15_selection/return_dual_lr5e5/epoch_004/alpha_0p10_decay_64/evals/iscas99__b15_1__greedy__cumulative__q_typed_reliable_context__bw1__d1__c64__g1p0__candhard_fault_cluster__div0p0__s0/summary.json"
[b15-r10/return_dual_lr5e5/e004] [eval iscas99__b15_1] }
[b15-r10/return_dual_lr5e5/e004] [gmean] 2026-07-21T17:15:13 [1/1] eval_done benchmark=iscas99__b15_1 delta_tc=0.12712000000000012 plan_sec=229.998 eval_sec=8.504 total_sec=238.519
[b15-r10/return_dual_lr5e5/e004] [gmean] 2026-07-21T17:15:13 variant_done id=greedy__cumulative__q_typed_reliable_context__bw1__d1__c64__g1p0__candhard_fault_cluster__div0p0__s0 status=ok macro=0.12712000000000012 positives=1 negatives=0 elapsed=238.52
