[b15-r10-boundary/return_dual_lr2e4/e007] [gmean] 2026-07-21T17:35:45 out_dir=autoresearch/loop-260720-0945/model_training_round10/b15_selection/return_dual_lr2e4/epoch_007/alpha_0p10_decay_64
[b15-r10-boundary/return_dual_lr2e4/e007] [gmean] 2026-07-21T17:35:45 budgets=iscas99__b15_1:278
[b15-r10-boundary/return_dual_lr2e4/e007] [gmean] 2026-07-21T17:35:45 variant_start id=greedy__cumulative__q_typed_reliable_context__bw1__d1__c64__g1p0__candhard_fault_cluster__div0p0__s0
[b15-r10-boundary/return_dual_lr2e4/e007] [gmean] 2026-07-21T17:35:45 [1/1] plan_start benchmark=iscas99__b15_1 budget=278 planner=greedy score=q_typed_reliable_context
[b15-r10-boundary/return_dual_lr2e4/e007] [plan iscas99__b15_1] [plan] torch_deterministic=true
[b15-r10-boundary/return_dual_lr2e4/e007] [plan iscas99__b15_1] [plan] candidate_allowlist=autoresearch/original-netlist-recovery-260712/exact_itc99/b15_C/exact_candidate_nodes.txt nodes=7918
[b15-r10-boundary/return_dual_lr2e4/e007] [plan iscas99__b15_1] [plan] latent_norm_clip_ratio=4 latent_norm_limit=30.875631
[b15-r10-boundary/return_dual_lr2e4/e007] [plan iscas99__b15_1] [plan] step=1 node=N677 type=control1 q_typed_reliable_context=4.858065 sequence=4.858065
[b15-r10-boundary/return_dual_lr2e4/e007] [plan iscas99__b15_1] [plan] step=2 node=N2155 type=observe q_typed_reliable_context=3.256217 sequence=8.114282
[b15-r10-boundary/return_dual_lr2e4/e007] [plan iscas99__b15_1] [plan] step=3 node=N502 type=control1 q_typed_reliable_context=2.192107 sequence=10.306389
[b15-r10-boundary/return_dual_lr2e4/e007] [plan iscas99__b15_1] [plan] step=4 node=N762 type=control1 q_typed_reliable_context=1.446094 sequence=11.752483
[b15-r10-boundary/return_dual_lr2e4/e007] [plan iscas99__b15_1] [plan] step=5 node=N3742 type=control0 q_typed_reliable_context=0.901926 sequence=12.654409
[b15-r10-boundary/return_dual_lr2e4/e007] [plan iscas99__b15_1] [plan] step=6 node=N3644 type=control0 q_typed_reliable_context=1.489064 sequence=14.143473
[b15-r10-boundary/return_dual_lr2e4/e007] [plan iscas99__b15_1] [plan] step=7 node=N557 type=control1 q_typed_reliable_context=0.910940 sequence=15.054413
[b15-r10-boundary/return_dual_lr2e4/e007] [plan iscas99__b15_1] [plan] step=8 node=N3756 type=control0 q_typed_reliable_context=1.097941 sequence=16.152354
[b15-r10-boundary/return_dual_lr2e4/e007] [plan iscas99__b15_1] [plan] step=9 node=N564 type=control1 q_typed_reliable_context=1.370942 sequence=17.523296
[b15-r10-boundary/return_dual_lr2e4/e007] [plan iscas99__b15_1] [plan] step=10 node=N2336 type=control1 q_typed_reliable_context=1.557724 sequence=19.081020
[b15-r10-boundary/return_dual_lr2e4/e007] [plan iscas99__b15_1] [plan] step=11 node=N5143 type=observe q_typed_reliable_context=1.325577 sequence=20.406597
[b15-r10-boundary/return_dual_lr2e4/e007] [plan iscas99__b15_1] [plan] step=12 node=N7511 type=control1 q_typed_reliable_context=1.450593 sequence=21.857190
[b15-r10-boundary/return_dual_lr2e4/e007] [plan iscas99__b15_1] [plan] step=13 node=N580 type=control1 q_typed_reliable_context=1.255322 sequence=23.112512
[b15-r10-boundary/return_dual_lr2e4/e007] [plan iscas99__b15_1] [plan] step=14 node=N2082 type=observe q_typed_reliable_context=1.398669 sequence=24.511181
[b15-r10-boundary/return_dual_lr2e4/e007] [plan iscas99__b15_1] [plan] step=15 node=N737 type=control1 q_typed_reliable_context=3.600376 sequence=28.111557
[b15-r10-boundary/return_dual_lr2e4/e007] [plan iscas99__b15_1] [plan] step=16 node=N3722 type=control0 q_typed_reliable_context=0.947415 sequence=29.058972
[b15-r10-boundary/return_dual_lr2e4/e007] [plan iscas99__b15_1] [plan] step=17 node=N496 type=control1 q_typed_reliable_context=1.745042 sequence=30.804015
[b15-r10-boundary/return_dual_lr2e4/e007] [plan iscas99__b15_1] [plan] step=18 node=N5723 type=control0 q_typed_reliable_context=1.392575 sequence=32.196590
[b15-r10-boundary/return_dual_lr2e4/e007] [plan iscas99__b15_1] [plan] step=19 node=N5203 type=control1 q_typed_reliable_context=1.998558 sequence=34.195148
[b15-r10-boundary/return_dual_lr2e4/e007] [plan iscas99__b15_1] [plan] step=20 node=N2153 type=observe q_typed_reliable_context=2.156696 sequence=36.351844
[b15-r10-boundary/return_dual_lr2e4/e007] [plan iscas99__b15_1] [plan] step=21 node=N1853 type=observe q_typed_reliable_context=2.699753 sequence=39.051597
[b15-r10-boundary/return_dual_lr2e4/e007] [plan iscas99__b15_1] [plan] step=22 node=N2101 type=observe q_typed_reliable_context=2.333392 sequence=41.384989
[b15-r10-boundary/return_dual_lr2e4/e007] [plan iscas99__b15_1] [plan] step=23 node=N1860 type=observe q_typed_reliable_context=1.947947 sequence=43.332936
[b15-r10-boundary/return_dual_lr2e4/e007] [plan iscas99__b15_1] [plan] step=24 node=N1372 type=observe q_typed_reliable_context=1.827501 sequence=45.160437
[b15-r10-boundary/return_dual_lr2e4/e007] [plan iscas99__b15_1] [plan] step=25 node=N582 type=control1 q_typed_reliable_context=1.720757 sequence=46.881194
[b15-r10-boundary/return_dual_lr2e4/e007] [plan iscas99__b15_1] [plan] step=26 node=N1532 type=observe q_typed_reliable_context=1.806350 sequence=48.687544
[b15-r10-boundary/return_dual_lr2e4/e007] [plan iscas99__b15_1] [plan] step=27 node=N766 type=control1 q_typed_reliable_context=0.818827 sequence=49.506371
[b15-r10-boundary/return_dual_lr2e4/e007] [plan iscas99__b15_1] [plan] step=28 node=N7516 type=observe q_typed_reliable_context=0.853566 sequence=50.359937
[b15-r10-boundary/return_dual_lr2e4/e007] [plan iscas99__b15_1] [plan] step=29 node=N4684 type=control0 q_typed_reliable_context=2.985652 sequence=53.345589
[b15-r10-boundary/return_dual_lr2e4/e007] [plan iscas99__b15_1] [plan] step=30 node=N1437 type=control1 q_typed_reliable_context=0.324663 sequence=53.670252
[b15-r10-boundary/return_dual_lr2e4/e007] [plan iscas99__b15_1] [plan] step=31 node=N583 type=control1 q_typed_reliable_context=1.472114 sequence=55.142366
[b15-r10-boundary/return_dual_lr2e4/e007] [plan iscas99__b15_1] [plan] step=32 node=N4670 type=control0 q_typed_reliable_context=2.807874 sequence=57.950240
[b15-r10-boundary/return_dual_lr2e4/e007] [plan iscas99__b15_1] [plan] step=33 node=N7411 type=control1 q_typed_reliable_context=0.746173 sequence=58.696413
[b15-r10-boundary/return_dual_lr2e4/e007] [plan iscas99__b15_1] [plan] step=34 node=N7413 type=control1 q_typed_reliable_context=0.978288 sequence=59.674701
[b15-r10-boundary/return_dual_lr2e4/e007] [plan iscas99__b15_1] [plan] step=35 node=N4663 type=control0 q_typed_reliable_context=1.831799 sequence=61.506500
[b15-r10-boundary/return_dual_lr2e4/e007] [plan iscas99__b15_1] [plan] step=36 node=N4656 type=control0 q_typed_reliable_context=2.134395 sequence=63.640895
[b15-r10-boundary/return_dual_lr2e4/e007] [plan iscas99__b15_1] [plan] step=37 node=N4649 type=control0 q_typed_reliable_context=1.615212 sequence=65.256108
[b15-r10-boundary/return_dual_lr2e4/e007] [plan iscas99__b15_1] [plan] step=38 node=N7881 type=control1 q_typed_reliable_context=0.712285 sequence=65.968393
[b15-r10-boundary/return_dual_lr2e4/e007] [plan iscas99__b15_1] [plan] step=39 node=N7882 type=control1 q_typed_reliable_context=0.829745 sequence=66.798138
[b15-r10-boundary/return_dual_lr2e4/e007] [plan iscas99__b15_1] [plan] step=40 node=N7883 type=control1 q_typed_reliable_context=0.600771 sequence=67.398909
[b15-r10-boundary/return_dual_lr2e4/e007] [plan iscas99__b15_1] [plan] step=41 node=N7884 type=control1 q_typed_reliable_context=0.496956 sequence=67.895866
[b15-r10-boundary/return_dual_lr2e4/e007] [plan iscas99__b15_1] [plan] step=42 node=N704 type=observe q_typed_reliable_context=1.458803 sequence=69.354669
[b15-r10-boundary/return_dual_lr2e4/e007] [plan iscas99__b15_1] [plan] step=43 node=N6537 type=observe q_typed_reliable_context=3.684462 sequence=73.039132
[b15-r10-boundary/return_dual_lr2e4/e007] [plan iscas99__b15_1] [plan] step=44 node=N4691 type=control0 q_typed_reliable_context=5.738042 sequence=78.777174
[b15-r10-boundary/return_dual_lr2e4/e007] [plan iscas99__b15_1] [plan] step=45 node=N724 type=observe q_typed_reliable_context=3.062793 sequence=81.839967
[b15-r10-boundary/return_dual_lr2e4/e007] [plan iscas99__b15_1] [plan] step=46 node=N4677 type=control0 q_typed_reliable_context=1.937010 sequence=83.776977
[b15-r10-boundary/return_dual_lr2e4/e007] [plan iscas99__b15_1] [plan] step=47 node=N4698 type=control0 q_typed_reliable_context=1.140037 sequence=84.917014
[b15-r10-boundary/return_dual_lr2e4/e007] [plan iscas99__b15_1] [plan] step=48 node=N4635 type=control0 q_typed_reliable_context=1.496891 sequence=86.413905
[b15-r10-boundary/return_dual_lr2e4/e007] [plan iscas99__b15_1] [plan] step=49 node=N8470 type=observe q_typed_reliable_context=1.668291 sequence=88.082196
[b15-r10-boundary/return_dual_lr2e4/e007] [plan iscas99__b15_1] [plan] step=50 node=N4705 type=control0 q_typed_reliable_context=1.264237 sequence=89.346433
[b15-r10-boundary/return_dual_lr2e4/e007] [plan iscas99__b15_1] [plan] step=51 node=N3911 type=control0 q_typed_reliable_context=0.943601 sequence=90.290033
[b15-r10-boundary/return_dual_lr2e4/e007] [plan iscas99__b15_1] [plan] step=52 node=N3904 type=control0 q_typed_reliable_context=0.943710 sequence=91.233743
[b15-r10-boundary/return_dual_lr2e4/e007] [plan iscas99__b15_1] [plan] step=53 node=N3897 type=control0 q_typed_reliable_context=0.963281 sequence=92.197025
[b15-r10-boundary/return_dual_lr2e4/e007] [plan iscas99__b15_1] [plan] step=54 node=N3813 type=control0 q_typed_reliable_context=0.908503 sequence=93.105527
[b15-r10-boundary/return_dual_lr2e4/e007] [plan iscas99__b15_1] [plan] step=55 node=N3862 type=control0 q_typed_reliable_context=0.927474 sequence=94.033001
[b15-r10-boundary/return_dual_lr2e4/e007] [plan iscas99__b15_1] [plan] step=56 node=N3855 type=control0 q_typed_reliable_context=0.949850 sequence=94.982851
[b15-r10-boundary/return_dual_lr2e4/e007] [plan iscas99__b15_1] [plan] step=57 node=N3848 type=control0 q_typed_reliable_context=0.958238 sequence=95.941089
[b15-r10-boundary/return_dual_lr2e4/e007] [plan iscas99__b15_1] [plan] step=58 node=N3701 type=control0 q_typed_reliable_context=0.965595 sequence=96.906685
[b15-r10-boundary/return_dual_lr2e4/e007] [plan iscas99__b15_1] [plan] step=59 node=N3889 type=control0 q_typed_reliable_context=0.891318 sequence=97.798003
[b15-r10-boundary/return_dual_lr2e4/e007] [plan iscas99__b15_1] [plan] step=60 node=N2083 type=observe q_typed_reliable_context=0.991181 sequence=98.789184
[b15-r10-boundary/return_dual_lr2e4/e007] [plan iscas99__b15_1] [plan] step=61 node=N3882 type=control0 q_typed_reliable_context=1.103320 sequence=99.892503
[b15-r10-boundary/return_dual_lr2e4/e007] [plan iscas99__b15_1] [plan] step=62 node=N5603 type=control0 q_typed_reliable_context=1.067807 sequence=100.960310
[b15-r10-boundary/return_dual_lr2e4/e007] [plan iscas99__b15_1] [plan] step=63 node=N7506 type=observe q_typed_reliable_context=1.681801 sequence=102.642111
[b15-r10-boundary/return_dual_lr2e4/e007] [plan iscas99__b15_1] [plan] step=64 node=N3805 type=control0 q_typed_reliable_context=0.889268 sequence=103.531379
[b15-r10-boundary/return_dual_lr2e4/e007] [plan iscas99__b15_1] [plan] step=65 node=N4712 type=control0 q_typed_reliable_context=0.926532 sequence=104.457911
[b15-r10-boundary/return_dual_lr2e4/e007] [plan iscas99__b15_1] [plan] step=66 node=N4716 type=control0 q_typed_reliable_context=1.019788 sequence=105.477699
[b15-r10-boundary/return_dual_lr2e4/e007] [plan iscas99__b15_1] [plan] step=67 node=N2044 type=observe q_typed_reliable_context=0.935583 sequence=106.413282
[b15-r10-boundary/return_dual_lr2e4/e007] [plan iscas99__b15_1] [plan] step=68 node=N519 type=control1 q_typed_reliable_context=0.907611 sequence=107.320892
[b15-r10-boundary/return_dual_lr2e4/e007] [plan iscas99__b15_1] [plan] step=69 node=N2042 type=observe q_typed_reliable_context=0.850001 sequence=108.170893
[b15-r10-boundary/return_dual_lr2e4/e007] [plan iscas99__b15_1] [plan] step=70 node=N504 type=control1 q_typed_reliable_context=1.354879 sequence=109.525772
[b15-r10-boundary/return_dual_lr2e4/e007] [plan iscas99__b15_1] [plan] step=71 node=N7471 type=control0 q_typed_reliable_context=0.821450 sequence=110.347222
[b15-r10-boundary/return_dual_lr2e4/e007] [plan iscas99__b15_1] [plan] step=72 node=N513 type=control1 q_typed_reliable_context=1.386812 sequence=111.734034
[b15-r10-boundary/return_dual_lr2e4/e007] [plan iscas99__b15_1] [plan] step=73 node=N5234 type=observe q_typed_reliable_context=1.187535 sequence=112.921569
[b15-r10-boundary/return_dual_lr2e4/e007] [plan iscas99__b15_1] [plan] step=74 node=N4606 type=control0 q_typed_reliable_context=1.244326 sequence=114.165896
[b15-r10-boundary/return_dual_lr2e4/e007] [plan iscas99__b15_1] [plan] step=75 node=N7722 type=control0 q_typed_reliable_context=1.249019 sequence=115.414915
[b15-r10-boundary/return_dual_lr2e4/e007] [plan iscas99__b15_1] [plan] step=76 node=N4578 type=control0 q_typed_reliable_context=1.289934 sequence=116.704849
[b15-r10-boundary/return_dual_lr2e4/e007] [plan iscas99__b15_1] [plan] step=77 node=N7724 type=control0 q_typed_reliable_context=1.307219 sequence=118.012068
[b15-r10-boundary/return_dual_lr2e4/e007] [plan iscas99__b15_1] [plan] step=78 node=N1539 type=control0 q_typed_reliable_context=1.214039 sequence=119.226107
[b15-r10-boundary/return_dual_lr2e4/e007] [plan iscas99__b15_1] [plan] step=79 node=N899 type=observe q_typed_reliable_context=1.052060 sequence=120.278167
[b15-r10-boundary/return_dual_lr2e4/e007] [plan iscas99__b15_1] [plan] step=80 node=N7370 type=control1 q_typed_reliable_context=0.801314 sequence=121.079481
[b15-r10-boundary/return_dual_lr2e4/e007] [plan iscas99__b15_1] [plan] step=81 node=N516 type=control1 q_typed_reliable_context=2.304054 sequence=123.383535
[b15-r10-boundary/return_dual_lr2e4/e007] [plan iscas99__b15_1] [plan] step=82 node=N7875 type=control1 q_typed_reliable_context=0.966548 sequence=124.350083
[b15-r10-boundary/return_dual_lr2e4/e007] [plan iscas99__b15_1] [plan] step=83 node=N520 type=control1 q_typed_reliable_context=1.551247 sequence=125.901330
[b15-r10-boundary/return_dual_lr2e4/e007] [plan iscas99__b15_1] [plan] step=84 node=N7891 type=control1 q_typed_reliable_context=1.233234 sequence=127.134564
[b15-r10-boundary/return_dual_lr2e4/e007] [plan iscas99__b15_1] [plan] step=85 node=N7885 type=control1 q_typed_reliable_context=1.305239 sequence=128.439803
[b15-r10-boundary/return_dual_lr2e4/e007] [plan iscas99__b15_1] [plan] step=86 node=N7886 type=control1 q_typed_reliable_context=1.511806 sequence=129.951609
[b15-r10-boundary/return_dual_lr2e4/e007] [plan iscas99__b15_1] [plan] step=87 node=N7887 type=control1 q_typed_reliable_context=1.368059 sequence=131.319669
[b15-r10-boundary/return_dual_lr2e4/e007] [plan iscas99__b15_1] [plan] step=88 node=N7888 type=control1 q_typed_reliable_context=0.827568 sequence=132.147237
[b15-r10-boundary/return_dual_lr2e4/e007] [plan iscas99__b15_1] [plan] step=89 node=N7889 type=control1 q_typed_reliable_context=0.764596 sequence=132.911832
[b15-r10-boundary/return_dual_lr2e4/e007] [plan iscas99__b15_1] [plan] step=90 node=N7890 type=control1 q_typed_reliable_context=0.923774 sequence=133.835606
[b15-r10-boundary/return_dual_lr2e4/e007] [plan iscas99__b15_1] [plan] step=91 node=N507 type=control1 q_typed_reliable_context=1.102828 sequence=134.938435
[b15-r10-boundary/return_dual_lr2e4/e007] [plan iscas99__b15_1] [plan] step=92 node=N7723 type=control0 q_typed_reliable_context=1.055847 sequence=135.994281
[b15-r10-boundary/return_dual_lr2e4/e007] [plan iscas99__b15_1] [plan] step=93 node=N3820 type=control0 q_typed_reliable_context=1.000507 sequence=136.994789
[b15-r10-boundary/return_dual_lr2e4/e007] [plan iscas99__b15_1] [plan] step=94 node=N7820 type=control0 q_typed_reliable_context=2.472045 sequence=139.466834
[b15-r10-boundary/return_dual_lr2e4/e007] [plan iscas99__b15_1] [plan] step=95 node=N4557 type=control0 q_typed_reliable_context=1.571756 sequence=141.038590
[b15-r10-boundary/return_dual_lr2e4/e007] [plan iscas99__b15_1] [plan] step=96 node=N7408 type=control0 q_typed_reliable_context=1.397437 sequence=142.436027
[b15-r10-boundary/return_dual_lr2e4/e007] [plan iscas99__b15_1] [plan] step=97 node=N713 type=observe q_typed_reliable_context=1.823030 sequence=144.259057
[b15-r10-boundary/return_dual_lr2e4/e007] [plan iscas99__b15_1] [plan] step=98 node=N3792 type=control0 q_typed_reliable_context=0.996808 sequence=145.255865
[b15-r10-boundary/return_dual_lr2e4/e007] [plan iscas99__b15_1] [plan] step=99 node=N7541 type=control0 q_typed_reliable_context=1.609852 sequence=146.865717
[b15-r10-boundary/return_dual_lr2e4/e007] [plan iscas99__b15_1] [plan] step=100 node=N7725 type=control0 q_typed_reliable_context=1.425656 sequence=148.291373
[b15-r10-boundary/return_dual_lr2e4/e007] [plan iscas99__b15_1] [plan] step=101 node=N556 type=control1 q_typed_reliable_context=1.527187 sequence=149.818560
[b15-r10-boundary/return_dual_lr2e4/e007] [plan iscas99__b15_1] [plan] step=102 node=N7846 type=control0 q_typed_reliable_context=1.483822 sequence=151.302381
[b15-r10-boundary/return_dual_lr2e4/e007] [plan iscas99__b15_1] [plan] step=103 node=N510 type=control1 q_typed_reliable_context=1.694957 sequence=152.997339
[b15-r10-boundary/return_dual_lr2e4/e007] [plan iscas99__b15_1] [plan] step=104 node=N610 type=control1 q_typed_reliable_context=1.201110 sequence=154.198449
[b15-r10-boundary/return_dual_lr2e4/e007] [plan iscas99__b15_1] [plan] step=105 node=N3682 type=control0 q_typed_reliable_context=1.578263 sequence=155.776712
[b15-r10-boundary/return_dual_lr2e4/e007] [plan iscas99__b15_1] [plan] step=106 node=N620 type=control1 q_typed_reliable_context=1.372189 sequence=157.148902
[b15-r10-boundary/return_dual_lr2e4/e007] [plan iscas99__b15_1] [plan] step=107 node=N3827 type=control0 q_typed_reliable_context=1.635964 sequence=158.784865
[b15-r10-boundary/return_dual_lr2e4/e007] [plan iscas99__b15_1] [plan] step=108 node=N614 type=control1 q_typed_reliable_context=1.766651 sequence=160.551516
[b15-r10-boundary/return_dual_lr2e4/e007] [plan iscas99__b15_1] [plan] step=109 node=N3799 type=control0 q_typed_reliable_context=2.299588 sequence=162.851104
[b15-r10-boundary/return_dual_lr2e4/e007] [plan iscas99__b15_1] [plan] step=110 node=N634 type=control1 q_typed_reliable_context=2.156044 sequence=165.007148
[b15-r10-boundary/return_dual_lr2e4/e007] [plan iscas99__b15_1] [plan] step=111 node=N3785 type=control0 q_typed_reliable_context=2.009015 sequence=167.016163
[b15-r10-boundary/return_dual_lr2e4/e007] [plan iscas99__b15_1] [plan] step=112 node=N638 type=control1 q_typed_reliable_context=1.994130 sequence=169.010293
[b15-r10-boundary/return_dual_lr2e4/e007] [plan iscas99__b15_1] [plan] step=113 node=N4585 type=control0 q_typed_reliable_context=1.996559 sequence=171.006852
[b15-r10-boundary/return_dual_lr2e4/e007] [plan iscas99__b15_1] [plan] step=114 node=N723 type=observe q_typed_reliable_context=3.114315 sequence=174.121167
[b15-r10-boundary/return_dual_lr2e4/e007] [plan iscas99__b15_1] [plan] step=115 node=N7590 type=control1 q_typed_reliable_context=1.966971 sequence=176.088138
[b15-r10-boundary/return_dual_lr2e4/e007] [plan iscas99__b15_1] [plan] step=116 node=N4564 type=control0 q_typed_reliable_context=2.538196 sequence=178.626333
[b15-r10-boundary/return_dual_lr2e4/e007] [plan iscas99__b15_1] [plan] step=117 node=N4520 type=control0 q_typed_reliable_context=3.117605 sequence=181.743938
[b15-r10-boundary/return_dual_lr2e4/e007] [plan iscas99__b15_1] [plan] step=118 node=N7852 type=control0 q_typed_reliable_context=3.024745 sequence=184.768683
[b15-r10-boundary/return_dual_lr2e4/e007] [plan iscas99__b15_1] [plan] step=119 node=N3903 type=control0 q_typed_reliable_context=1.818257 sequence=186.586941
[b15-r10-boundary/return_dual_lr2e4/e007] [plan iscas99__b15_1] [plan] step=120 node=N3896 type=control0 q_typed_reliable_context=1.892443 sequence=188.479384
[b15-r10-boundary/return_dual_lr2e4/e007] [plan iscas99__b15_1] [plan] step=121 node=N7853 type=control0 q_typed_reliable_context=2.097420 sequence=190.576803
[b15-r10-boundary/return_dual_lr2e4/e007] [plan iscas99__b15_1] [plan] step=122 node=N7847 type=control0 q_typed_reliable_context=2.109609 sequence=192.686413
[b15-r10-boundary/return_dual_lr2e4/e007] [plan iscas99__b15_1] [plan] step=123 node=N7721 type=control0 q_typed_reliable_context=2.468812 sequence=195.155225
[b15-r10-boundary/return_dual_lr2e4/e007] [plan iscas99__b15_1] [plan] step=124 node=N7588 type=control1 q_typed_reliable_context=2.376788 sequence=197.532013
[b15-r10-boundary/return_dual_lr2e4/e007] [plan iscas99__b15_1] [plan] step=125 node=N555 type=control1 q_typed_reliable_context=2.191958 sequence=199.723971
[b15-r10-boundary/return_dual_lr2e4/e007] [plan iscas99__b15_1] [plan] step=126 node=N645 type=control1 q_typed_reliable_context=2.527972 sequence=202.251943
[b15-r10-boundary/return_dual_lr2e4/e007] [plan iscas99__b15_1] [plan] step=127 node=N616 type=control1 q_typed_reliable_context=2.697737 sequence=204.949680
[b15-r10-boundary/return_dual_lr2e4/e007] [plan iscas99__b15_1] [plan] step=128 node=N2040 type=observe q_typed_reliable_context=3.133026 sequence=208.082706
[b15-r10-boundary/return_dual_lr2e4/e007] [plan iscas99__b15_1] [plan] step=129 node=N7537 type=observe q_typed_reliable_context=1.470633 sequence=209.553339
[b15-r10-boundary/return_dual_lr2e4/e007] [plan iscas99__b15_1] [plan] step=130 node=N7534 type=observe q_typed_reliable_context=1.613535 sequence=211.166874
[b15-r10-boundary/return_dual_lr2e4/e007] [plan iscas99__b15_1] [plan] step=131 node=N636 type=control1 q_typed_reliable_context=1.724380 sequence=212.891254
[b15-r10-boundary/return_dual_lr2e4/e007] [plan iscas99__b15_1] [plan] step=132 node=N7535 type=observe q_typed_reliable_context=1.929220 sequence=214.820474
[b15-r10-boundary/return_dual_lr2e4/e007] [plan iscas99__b15_1] [plan] step=133 node=N7532 type=observe q_typed_reliable_context=1.901877 sequence=216.722351
[b15-r10-boundary/return_dual_lr2e4/e007] [plan iscas99__b15_1] [plan] step=134 node=N3295 type=control1 q_typed_reliable_context=1.570362 sequence=218.292713
[b15-r10-boundary/return_dual_lr2e4/e007] [plan iscas99__b15_1] [plan] step=135 node=N630 type=control1 q_typed_reliable_context=2.534719 sequence=220.827432
[b15-r10-boundary/return_dual_lr2e4/e007] [plan iscas99__b15_1] [plan] step=136 node=N7518 type=observe q_typed_reliable_context=2.082782 sequence=222.910214
[b15-r10-boundary/return_dual_lr2e4/e007] [plan iscas99__b15_1] [plan] step=137 node=N785 type=observe q_typed_reliable_context=1.689392 sequence=224.599606
[b15-r10-boundary/return_dual_lr2e4/e007] [plan iscas99__b15_1] [plan] step=138 node=N2580 type=control1 q_typed_reliable_context=1.074644 sequence=225.674249
[b15-r10-boundary/return_dual_lr2e4/e007] [plan iscas99__b15_1] [plan] step=139 node=N3467 type=control1 q_typed_reliable_context=1.140530 sequence=226.814779
[b15-r10-boundary/return_dual_lr2e4/e007] [plan iscas99__b15_1] [plan] step=140 node=N649 type=control1 q_typed_reliable_context=0.947030 sequence=227.761809
[b15-r10-boundary/return_dual_lr2e4/e007] [plan iscas99__b15_1] [plan] step=141 node=N7424 type=control1 q_typed_reliable_context=1.249831 sequence=229.011640
[b15-r10-boundary/return_dual_lr2e4/e007] [plan iscas99__b15_1] [plan] step=142 node=N642 type=control1 q_typed_reliable_context=1.591677 sequence=230.603316
[b15-r10-boundary/return_dual_lr2e4/e007] [plan iscas99__b15_1] [plan] step=143 node=N1552 type=observe q_typed_reliable_context=1.036687 sequence=231.640003
[b15-r10-boundary/return_dual_lr2e4/e007] [plan iscas99__b15_1] [plan] step=144 node=N5867 type=observe q_typed_reliable_context=1.238139 sequence=232.878143
[b15-r10-boundary/return_dual_lr2e4/e007] [plan iscas99__b15_1] [plan] step=145 node=N2157 type=observe q_typed_reliable_context=2.918411 sequence=235.796553
[b15-r10-boundary/return_dual_lr2e4/e007] [plan iscas99__b15_1] [plan] step=146 node=N647 type=control1 q_typed_reliable_context=5.857330 sequence=241.653883
[b15-r10-boundary/return_dual_lr2e4/e007] [plan iscas99__b15_1] [plan] step=147 node=N1586 type=control1 q_typed_reliable_context=5.975388 sequence=247.629272
[b15-r10-boundary/return_dual_lr2e4/e007] [plan iscas99__b15_1] [plan] step=148 node=N7402 type=observe q_typed_reliable_context=6.380268 sequence=254.009539
[b15-r10-boundary/return_dual_lr2e4/e007] [plan iscas99__b15_1] [plan] step=149 node=N7627 type=observe q_typed_reliable_context=6.005006 sequence=260.014545
[b15-r10-boundary/return_dual_lr2e4/e007] [plan iscas99__b15_1] [plan] step=150 node=N1607 type=control1 q_typed_reliable_context=2.685534 sequence=262.700080
[b15-r10-boundary/return_dual_lr2e4/e007] [plan iscas99__b15_1] [plan] step=151 node=N7680 type=observe q_typed_reliable_context=5.961762 sequence=268.661842
[b15-r10-boundary/return_dual_lr2e4/e007] [plan iscas99__b15_1] [plan] step=152 node=N7624 type=observe q_typed_reliable_context=5.456152 sequence=274.117994
[b15-r10-boundary/return_dual_lr2e4/e007] [plan iscas99__b15_1] [plan] step=153 node=N5627 type=observe q_typed_reliable_context=1.222152 sequence=275.340146
[b15-r10-boundary/return_dual_lr2e4/e007] [plan iscas99__b15_1] [plan] step=154 node=N7465 type=observe q_typed_reliable_context=2.394558 sequence=277.734704
[b15-r10-boundary/return_dual_lr2e4/e007] [plan iscas99__b15_1] [plan] step=155 node=N6948 type=observe q_typed_reliable_context=3.084740 sequence=280.819443
[b15-r10-boundary/return_dual_lr2e4/e007] [plan iscas99__b15_1] [plan] step=156 node=N725 type=observe q_typed_reliable_context=2.455081 sequence=283.274524
[b15-r10-boundary/return_dual_lr2e4/e007] [plan iscas99__b15_1] [plan] step=157 node=N5617 type=observe q_typed_reliable_context=3.857643 sequence=287.132168
[b15-r10-boundary/return_dual_lr2e4/e007] [plan iscas99__b15_1] [plan] step=158 node=N3525 type=control1 q_typed_reliable_context=1.497881 sequence=288.630048
[b15-r10-boundary/return_dual_lr2e4/e007] [plan iscas99__b15_1] [plan] step=159 node=N2149 type=observe q_typed_reliable_context=1.987622 sequence=290.617671
[b15-r10-boundary/return_dual_lr2e4/e007] [plan iscas99__b15_1] [plan] step=160 node=N2102 type=observe q_typed_reliable_context=1.365511 sequence=291.983182
[b15-r10-boundary/return_dual_lr2e4/e007] [plan iscas99__b15_1] [plan] step=161 node=N4505 type=observe q_typed_reliable_context=1.634526 sequence=293.617708
[b15-r10-boundary/return_dual_lr2e4/e007] [plan iscas99__b15_1] [plan] step=162 node=N7385 type=observe q_typed_reliable_context=3.164101 sequence=296.781808
[b15-r10-boundary/return_dual_lr2e4/e007] [plan iscas99__b15_1] [plan] step=163 node=N6531 type=observe q_typed_reliable_context=4.779670 sequence=301.561478
[b15-r10-boundary/return_dual_lr2e4/e007] [plan iscas99__b15_1] [plan] step=164 node=N714 type=observe q_typed_reliable_context=1.838987 sequence=303.400465
[b15-r10-boundary/return_dual_lr2e4/e007] [plan iscas99__b15_1] [plan] step=165 node=N7614 type=observe q_typed_reliable_context=4.723896 sequence=308.124360
[b15-r10-boundary/return_dual_lr2e4/e007] [plan iscas99__b15_1] [plan] step=166 node=N722 type=observe q_typed_reliable_context=3.845917 sequence=311.970277
[b15-r10-boundary/return_dual_lr2e4/e007] [plan iscas99__b15_1] [plan] step=167 node=N5877 type=observe q_typed_reliable_context=4.746447 sequence=316.716724
[b15-r10-boundary/return_dual_lr2e4/e007] [plan iscas99__b15_1] [plan] step=168 node=N712 type=observe q_typed_reliable_context=3.174368 sequence=319.891092
[b15-r10-boundary/return_dual_lr2e4/e007] [plan iscas99__b15_1] [plan] step=169 node=N5740 type=observe q_typed_reliable_context=4.639939 sequence=324.531032
[b15-r10-boundary/return_dual_lr2e4/e007] [plan iscas99__b15_1] [plan] step=170 node=N7436 type=observe q_typed_reliable_context=4.792315 sequence=329.323347
[b15-r10-boundary/return_dual_lr2e4/e007] [plan iscas99__b15_1] [plan] step=171 node=N694 type=observe q_typed_reliable_context=2.240120 sequence=331.563467
[b15-r10-boundary/return_dual_lr2e4/e007] [plan iscas99__b15_1] [plan] step=172 node=N7681 type=observe q_typed_reliable_context=5.249270 sequence=336.812738
[b15-r10-boundary/return_dual_lr2e4/e007] [plan iscas99__b15_1] [plan] step=173 node=N4521 type=observe q_typed_reliable_context=4.604205 sequence=341.416943
[b15-r10-boundary/return_dual_lr2e4/e007] [plan iscas99__b15_1] [plan] step=174 node=N3410 type=control1 q_typed_reliable_context=1.176125 sequence=342.593068
[b15-r10-boundary/return_dual_lr2e4/e007] [plan iscas99__b15_1] [plan] step=175 node=N3180 type=control1 q_typed_reliable_context=2.326250 sequence=344.919318
[b15-r10-boundary/return_dual_lr2e4/e007] [plan iscas99__b15_1] [plan] step=176 node=N2652 type=control1 q_typed_reliable_context=0.945378 sequence=345.864696
[b15-r10-boundary/return_dual_lr2e4/e007] [plan iscas99__b15_1] [plan] step=177 node=N2721 type=control1 q_typed_reliable_context=1.479291 sequence=347.343987
[b15-r10-boundary/return_dual_lr2e4/e007] [plan iscas99__b15_1] [plan] step=178 node=N2952 type=control1 q_typed_reliable_context=1.096418 sequence=348.440405
[b15-r10-boundary/return_dual_lr2e4/e007] [plan iscas99__b15_1] [plan] step=179 node=N578 type=observe q_typed_reliable_context=0.679188 sequence=349.119592
[b15-r10-boundary/return_dual_lr2e4/e007] [plan iscas99__b15_1] [plan] step=180 node=N2837 type=control1 q_typed_reliable_context=0.790624 sequence=349.910217
[b15-r10-boundary/return_dual_lr2e4/e007] [plan iscas99__b15_1] [plan] step=181 node=N7453 type=observe q_typed_reliable_context=0.825422 sequence=350.735639
[b15-r10-boundary/return_dual_lr2e4/e007] [plan iscas99__b15_1] [plan] step=182 node=N7500 type=observe q_typed_reliable_context=0.684545 sequence=351.420183
[b15-r10-boundary/return_dual_lr2e4/e007] [plan iscas99__b15_1] [plan] step=183 node=N2894 type=control1 q_typed_reliable_context=0.276245 sequence=351.696428
[b15-r10-boundary/return_dual_lr2e4/e007] [plan iscas99__b15_1] [plan] step=184 node=N1951 type=observe q_typed_reliable_context=0.891222 sequence=352.587650
[b15-r10-boundary/return_dual_lr2e4/e007] [plan iscas99__b15_1] [plan] step=185 node=N2779 type=control1 q_typed_reliable_context=0.576405 sequence=353.164055
[b15-r10-boundary/return_dual_lr2e4/e007] [plan iscas99__b15_1] [plan] step=186 node=N6674 type=observe q_typed_reliable_context=1.707733 sequence=354.871788
[b15-r10-boundary/return_dual_lr2e4/e007] [plan iscas99__b15_1] [plan] step=187 node=N5873 type=observe q_typed_reliable_context=2.204682 sequence=357.076470
[b15-r10-boundary/return_dual_lr2e4/e007] [plan iscas99__b15_1] [plan] step=188 node=N5356 type=observe q_typed_reliable_context=1.794992 sequence=358.871462
[b15-r10-boundary/return_dual_lr2e4/e007] [plan iscas99__b15_1] [plan] step=189 node=N679 type=observe q_typed_reliable_context=1.536409 sequence=360.407871
[b15-r10-boundary/return_dual_lr2e4/e007] [plan iscas99__b15_1] [plan] step=190 node=N3009 type=control1 q_typed_reliable_context=1.760221 sequence=362.168092
[b15-r10-boundary/return_dual_lr2e4/e007] [plan iscas99__b15_1] [plan] step=191 node=N7855 type=control0 q_typed_reliable_context=1.217180 sequence=363.385272
[b15-r10-boundary/return_dual_lr2e4/e007] [plan iscas99__b15_1] [plan] step=192 node=N8790 type=control1 q_typed_reliable_context=2.214686 sequence=365.599958
[b15-r10-boundary/return_dual_lr2e4/e007] [plan iscas99__b15_1] [plan] step=193 node=N7401 type=observe q_typed_reliable_context=1.178060 sequence=366.778018
[b15-r10-boundary/return_dual_lr2e4/e007] [plan iscas99__b15_1] [plan] step=194 node=N2106 type=observe q_typed_reliable_context=1.133807 sequence=367.911824
[b15-r10-boundary/return_dual_lr2e4/e007] [plan iscas99__b15_1] [plan] step=195 node=N715 type=observe q_typed_reliable_context=1.598947 sequence=369.510771
[b15-r10-boundary/return_dual_lr2e4/e007] [plan iscas99__b15_1] [plan] step=196 node=N8240 type=control1 q_typed_reliable_context=2.152805 sequence=371.663576
[b15-r10-boundary/return_dual_lr2e4/e007] [plan iscas99__b15_1] [plan] step=197 node=N8789 type=control1 q_typed_reliable_context=2.125256 sequence=373.788832
[b15-r10-boundary/return_dual_lr2e4/e007] [plan iscas99__b15_1] [plan] step=198 node=N8239 type=control1 q_typed_reliable_context=1.996708 sequence=375.785540
[b15-r10-boundary/return_dual_lr2e4/e007] [plan iscas99__b15_1] [plan] step=199 node=N7542 type=control0 q_typed_reliable_context=1.761904 sequence=377.547444
[b15-r10-boundary/return_dual_lr2e4/e007] [plan iscas99__b15_1] [plan] step=200 node=N8607 type=control1 q_typed_reliable_context=3.070436 sequence=380.617880
[b15-r10-boundary/return_dual_lr2e4/e007] [plan iscas99__b15_1] [plan] step=201 node=N3067 type=control1 q_typed_reliable_context=1.905349 sequence=382.523230
[b15-r10-boundary/return_dual_lr2e4/e007] [plan iscas99__b15_1] [plan] step=202 node=N8238 type=control1 q_typed_reliable_context=2.406504 sequence=384.929734
[b15-r10-boundary/return_dual_lr2e4/e007] [plan iscas99__b15_1] [plan] step=203 node=N8606 type=control1 q_typed_reliable_context=2.498641 sequence=387.428375
[b15-r10-boundary/return_dual_lr2e4/e007] [plan iscas99__b15_1] [plan] step=204 node=N8237 type=control1 q_typed_reliable_context=2.086524 sequence=389.514899
[b15-r10-boundary/return_dual_lr2e4/e007] [plan iscas99__b15_1] [plan] step=205 node=N902 type=control1 q_typed_reliable_context=2.321141 sequence=391.836041
[b15-r10-boundary/return_dual_lr2e4/e007] [plan iscas99__b15_1] [plan] step=206 node=N652 type=control1 q_typed_reliable_context=1.667892 sequence=393.503933
[b15-r10-boundary/return_dual_lr2e4/e007] [plan iscas99__b15_1] [plan] step=207 node=N8605 type=control1 q_typed_reliable_context=2.184721 sequence=395.688654
[b15-r10-boundary/return_dual_lr2e4/e007] [plan iscas99__b15_1] [plan] step=208 node=N7405 type=observe q_typed_reliable_context=1.617725 sequence=397.306379
[b15-r10-boundary/return_dual_lr2e4/e007] [plan iscas99__b15_1] [plan] step=209 node=N5473 type=observe q_typed_reliable_context=1.317751 sequence=398.624130
[b15-r10-boundary/return_dual_lr2e4/e007] [plan iscas99__b15_1] [plan] step=210 node=N8236 type=control1 q_typed_reliable_context=3.617393 sequence=402.241523
[b15-r10-boundary/return_dual_lr2e4/e007] [plan iscas99__b15_1] [plan] step=211 node=N515 type=control1 q_typed_reliable_context=5.486426 sequence=407.727949
[b15-r10-boundary/return_dual_lr2e4/e007] [plan iscas99__b15_1] [plan] step=212 node=N5879 type=observe q_typed_reliable_context=4.221086 sequence=411.949035
[b15-r10-boundary/return_dual_lr2e4/e007] [plan iscas99__b15_1] [plan] step=213 node=N7442 type=control0 q_typed_reliable_context=1.537247 sequence=413.486282
[b15-r10-boundary/return_dual_lr2e4/e007] [plan iscas99__b15_1] [plan] step=214 node=N2181 type=observe q_typed_reliable_context=1.581070 sequence=415.067351
[b15-r10-boundary/return_dual_lr2e4/e007] [plan iscas99__b15_1] [plan] step=215 node=N6573 type=observe q_typed_reliable_context=3.008833 sequence=418.076185
[b15-r10-boundary/return_dual_lr2e4/e007] [plan iscas99__b15_1] [plan] step=216 node=N4460 type=control0 q_typed_reliable_context=1.844896 sequence=419.921081
[b15-r10-boundary/return_dual_lr2e4/e007] [plan iscas99__b15_1] [plan] step=217 node=N4529 type=observe q_typed_reliable_context=3.718972 sequence=423.640053
[b15-r10-boundary/return_dual_lr2e4/e007] [plan iscas99__b15_1] [plan] step=218 node=N703 type=observe q_typed_reliable_context=2.662249 sequence=426.302302
[b15-r10-boundary/return_dual_lr2e4/e007] [plan iscas99__b15_1] [plan] step=219 node=N5725 type=observe q_typed_reliable_context=5.478875 sequence=431.781176
[b15-r10-boundary/return_dual_lr2e4/e007] [plan iscas99__b15_1] [plan] step=220 node=N6581 type=observe q_typed_reliable_context=2.837593 sequence=434.618769
[b15-r10-boundary/return_dual_lr2e4/e007] [plan iscas99__b15_1] [plan] step=221 node=N7550 type=observe q_typed_reliable_context=6.614418 sequence=441.233187
[b15-r10-boundary/return_dual_lr2e4/e007] [plan iscas99__b15_1] [plan] step=222 node=N706 type=observe q_typed_reliable_context=5.627563 sequence=446.860750
[b15-r10-boundary/return_dual_lr2e4/e007] [plan iscas99__b15_1] [plan] step=223 node=N719 type=observe q_typed_reliable_context=5.937681 sequence=452.798431
[b15-r10-boundary/return_dual_lr2e4/e007] [plan iscas99__b15_1] [plan] step=224 node=N705 type=observe q_typed_reliable_context=4.479389 sequence=457.277820
[b15-r10-boundary/return_dual_lr2e4/e007] [plan iscas99__b15_1] [plan] step=225 node=N5439 type=observe q_typed_reliable_context=1.869609 sequence=459.147429
[b15-r10-boundary/return_dual_lr2e4/e007] [plan iscas99__b15_1] [plan] step=226 node=N6656 type=observe q_typed_reliable_context=3.095272 sequence=462.242701
[b15-r10-boundary/return_dual_lr2e4/e007] [plan iscas99__b15_1] [plan] step=227 node=N4513 type=observe q_typed_reliable_context=2.321097 sequence=464.563798
[b15-r10-boundary/return_dual_lr2e4/e007] [plan iscas99__b15_1] [plan] step=228 node=N7439 type=observe q_typed_reliable_context=3.788666 sequence=468.352464
[b15-r10-boundary/return_dual_lr2e4/e007] [plan iscas99__b15_1] [plan] step=229 node=N4421 type=control0 q_typed_reliable_context=1.791412 sequence=470.143875
[b15-r10-boundary/return_dual_lr2e4/e007] [plan iscas99__b15_1] [plan] step=230 node=N734 type=observe q_typed_reliable_context=6.284145 sequence=476.428020
[b15-r10-boundary/return_dual_lr2e4/e007] [plan iscas99__b15_1] [plan] step=231 node=N5202 type=observe q_typed_reliable_context=6.317203 sequence=482.745223
[b15-r10-boundary/return_dual_lr2e4/e007] [plan iscas99__b15_1] [plan] step=232 node=N5456 type=observe q_typed_reliable_context=6.558324 sequence=489.303547
[b15-r10-boundary/return_dual_lr2e4/e007] [plan iscas99__b15_1] [plan] step=233 node=N6660 type=observe q_typed_reliable_context=6.194038 sequence=495.497585
[b15-r10-boundary/return_dual_lr2e4/e007] [plan iscas99__b15_1] [plan] step=234 node=N5334 type=observe q_typed_reliable_context=5.219355 sequence=500.716940
[b15-r10-boundary/return_dual_lr2e4/e007] [plan iscas99__b15_1] [plan] step=235 node=N1874 type=observe q_typed_reliable_context=5.621587 sequence=506.338527
[b15-r10-boundary/return_dual_lr2e4/e007] [plan iscas99__b15_1] [plan] step=236 node=N5422 type=observe q_typed_reliable_context=4.807937 sequence=511.146464
[b15-r10-boundary/return_dual_lr2e4/e007] [plan iscas99__b15_1] [plan] step=237 node=N699 type=observe q_typed_reliable_context=5.562379 sequence=516.708843
[b15-r10-boundary/return_dual_lr2e4/e007] [plan iscas99__b15_1] [plan] step=238 node=N7383 type=observe q_typed_reliable_context=5.938533 sequence=522.647376
[b15-r10-boundary/return_dual_lr2e4/e007] [plan iscas99__b15_1] [plan] step=239 node=N8235 type=control1 q_typed_reliable_context=4.440176 sequence=527.087552
[b15-r10-boundary/return_dual_lr2e4/e007] [plan iscas99__b15_1] [plan] step=240 node=N4497 type=observe q_typed_reliable_context=3.245866 sequence=530.333418
[b15-r10-boundary/return_dual_lr2e4/e007] [plan iscas99__b15_1] [plan] step=241 node=N5390 type=observe q_typed_reliable_context=2.178764 sequence=532.512182
[b15-r10-boundary/return_dual_lr2e4/e007] [plan iscas99__b15_1] [plan] step=242 node=N4367 type=control0 q_typed_reliable_context=4.897872 sequence=537.410054
[b15-r10-boundary/return_dual_lr2e4/e007] [plan iscas99__b15_1] [plan] step=243 node=N4532 type=control0 q_typed_reliable_context=4.272796 sequence=541.682850
[b15-r10-boundary/return_dual_lr2e4/e007] [plan iscas99__b15_1] [plan] step=244 node=N4442 type=control0 q_typed_reliable_context=3.043244 sequence=544.726095
[b15-r10-boundary/return_dual_lr2e4/e007] [plan iscas99__b15_1] [plan] step=245 node=N6682 type=observe q_typed_reliable_context=2.690098 sequence=547.416193
[b15-r10-boundary/return_dual_lr2e4/e007] [plan iscas99__b15_1] [plan] step=246 node=N708 type=observe q_typed_reliable_context=5.732327 sequence=553.148520
[b15-r10-boundary/return_dual_lr2e4/e007] [plan iscas99__b15_1] [plan] step=247 node=N5373 type=observe q_typed_reliable_context=5.940906 sequence=559.089426
[b15-r10-boundary/return_dual_lr2e4/e007] [plan iscas99__b15_1] [plan] step=248 node=N6932 type=observe q_typed_reliable_context=5.725595 sequence=564.815021
[b15-r10-boundary/return_dual_lr2e4/e007] [plan iscas99__b15_1] [plan] step=249 node=N4359 type=control0 q_typed_reliable_context=2.320259 sequence=567.135280
[b15-r10-boundary/return_dual_lr2e4/e007] [plan iscas99__b15_1] [plan] step=250 node=N4469 type=control0 q_typed_reliable_context=3.772123 sequence=570.907403
[b15-r10-boundary/return_dual_lr2e4/e007] [plan iscas99__b15_1] [plan] step=251 node=N7720 type=control0 q_typed_reliable_context=3.348930 sequence=574.256333
[b15-r10-boundary/return_dual_lr2e4/e007] [plan iscas99__b15_1] [plan] step=252 node=N8234 type=control1 q_typed_reliable_context=6.184063 sequence=580.440396
[b15-r10-boundary/return_dual_lr2e4/e007] [plan iscas99__b15_1] [plan] step=253 node=N6593 type=control1 q_typed_reliable_context=7.229971 sequence=587.670367
[b15-r10-boundary/return_dual_lr2e4/e007] [plan iscas99__b15_1] [plan] step=254 node=N8783 type=control1 q_typed_reliable_context=4.998315 sequence=592.668682
[b15-r10-boundary/return_dual_lr2e4/e007] [plan iscas99__b15_1] [plan] step=255 node=N8233 type=control1 q_typed_reliable_context=5.624817 sequence=598.293500
[b15-r10-boundary/return_dual_lr2e4/e007] [plan iscas99__b15_1] [plan] step=256 node=N765 type=observe q_typed_reliable_context=5.350149 sequence=603.643648
[b15-r10-boundary/return_dual_lr2e4/e007] [plan iscas99__b15_1] [plan] step=257 node=N686 type=observe q_typed_reliable_context=5.049276 sequence=608.692924
[b15-r10-boundary/return_dual_lr2e4/e007] [plan iscas99__b15_1] [plan] step=258 node=N2151 type=observe q_typed_reliable_context=6.427189 sequence=615.120113
[b15-r10-boundary/return_dual_lr2e4/e007] [plan iscas99__b15_1] [plan] step=259 node=N7380 type=observe q_typed_reliable_context=1.352549 sequence=616.472661
[b15-r10-boundary/return_dual_lr2e4/e007] [plan iscas99__b15_1] [plan] step=260 node=N1351 type=observe q_typed_reliable_context=3.051374 sequence=619.524035
[b15-r10-boundary/return_dual_lr2e4/e007] [plan iscas99__b15_1] [plan] step=261 node=N4537 type=observe q_typed_reliable_context=1.812197 sequence=621.336232
[b15-r10-boundary/return_dual_lr2e4/e007] [plan iscas99__b15_1] [plan] step=262 node=N2159 type=observe q_typed_reliable_context=2.640597 sequence=623.976829
[b15-r10-boundary/return_dual_lr2e4/e007] [plan iscas99__b15_1] [plan] step=263 node=N729 type=observe q_typed_reliable_context=4.329768 sequence=628.306597
[b15-r10-boundary/return_dual_lr2e4/e007] [plan iscas99__b15_1] [plan] step=264 node=N753 type=observe q_typed_reliable_context=4.843784 sequence=633.150382
[b15-r10-boundary/return_dual_lr2e4/e007] [plan iscas99__b15_1] [plan] step=265 node=N7381 type=observe q_typed_reliable_context=5.365103 sequence=638.515485
[b15-r10-boundary/return_dual_lr2e4/e007] [plan iscas99__b15_1] [plan] step=266 node=N8608 type=control1 q_typed_reliable_context=6.001051 sequence=644.516536
[b15-r10-boundary/return_dual_lr2e4/e007] [plan iscas99__b15_1] [plan] step=267 node=N684 type=observe q_typed_reliable_context=5.696701 sequence=650.213237
[b15-r10-boundary/return_dual_lr2e4/e007] [plan iscas99__b15_1] [plan] step=268 node=N1854 type=observe q_typed_reliable_context=5.412899 sequence=655.626136
[b15-r10-boundary/return_dual_lr2e4/e007] [plan iscas99__b15_1] [plan] step=269 node=N4436 type=control0 q_typed_reliable_context=5.692986 sequence=661.319122
[b15-r10-boundary/return_dual_lr2e4/e007] [plan iscas99__b15_1] [plan] step=270 node=N4338 type=control0 q_typed_reliable_context=4.227193 sequence=665.546315
[b15-r10-boundary/return_dual_lr2e4/e007] [plan iscas99__b15_1] [plan] step=271 node=N5665 type=control0 q_typed_reliable_context=4.621639 sequence=670.167954
[b15-r10-boundary/return_dual_lr2e4/e007] [plan iscas99__b15_1] [plan] step=272 node=N5671 type=control0 q_typed_reliable_context=5.828400 sequence=675.996354
[b15-r10-boundary/return_dual_lr2e4/e007] [plan iscas99__b15_1] [plan] step=273 node=N5715 type=control0 q_typed_reliable_context=6.240980 sequence=682.237334
[b15-r10-boundary/return_dual_lr2e4/e007] [plan iscas99__b15_1] [plan] step=274 node=N6743 type=control1 q_typed_reliable_context=6.631697 sequence=688.869032
[b15-r10-boundary/return_dual_lr2e4/e007] [plan iscas99__b15_1] [plan] step=275 node=N763 type=observe q_typed_reliable_context=4.746490 sequence=693.615522
[b15-r10-boundary/return_dual_lr2e4/e007] [plan iscas99__b15_1] [plan] step=276 node=N759 type=observe q_typed_reliable_context=4.005995 sequence=697.621517
[b15-r10-boundary/return_dual_lr2e4/e007] [plan iscas99__b15_1] [plan] step=277 node=N545 type=observe q_typed_reliable_context=5.630254 sequence=703.251771
[b15-r10-boundary/return_dual_lr2e4/e007] [plan iscas99__b15_1] [plan] step=278 node=N4489 type=observe q_typed_reliable_context=0.957052 sequence=704.208822
[b15-r10-boundary/return_dual_lr2e4/e007] [plan iscas99__b15_1] saved=autoresearch/loop-260720-0945/model_training_round10/b15_selection/return_dual_lr2e4/epoch_007/alpha_0p10_decay_64/plans/iscas99__b15_1__greedy__cumulative__q_typed_reliable_context__bw1__d1__c64__g1p0__candhard_fault_cluster__div0p0__s0.csv
[b15-r10-boundary/return_dual_lr2e4/e007] [gmean] 2026-07-21T17:39:32 [1/1] plan_done benchmark=iscas99__b15_1 plan_sec=227.728 plan_csv=autoresearch/loop-260720-0945/model_training_round10/b15_selection/return_dual_lr2e4/epoch_007/alpha_0p10_decay_64/plans/iscas99__b15_1__greedy__cumulative__q_typed_reliable_context__bw1__d1__c64__g1p0__candhard_fault_cluster__div0p0__s0.csv
[b15-r10-boundary/return_dual_lr2e4/e007] [gmean] 2026-07-21T17:39:32 [1/1] eval_start benchmark=iscas99__b15_1 backend=atalanta-bist patterns=300000
[b15-r10-boundary/return_dual_lr2e4/e007] [eval iscas99__b15_1] {
[b15-r10-boundary/return_dual_lr2e4/e007] [eval iscas99__b15_1]   "records": 2,
[b15-r10-boundary/return_dual_lr2e4/e007] [eval iscas99__b15_1]   "labels_csv": "autoresearch/loop-260720-0945/model_training_round10/b15_selection/return_dual_lr2e4/epoch_007/alpha_0p10_decay_64/evals/iscas99__b15_1__greedy__cumulative__q_typed_reliable_context__bw1__d1__c64__g1p0__candhard_fault_cluster__div0p0__s0/labels.csv",
[b15-r10-boundary/return_dual_lr2e4/e007] [eval iscas99__b15_1]   "summary_json": "autoresearch/loop-260720-0945/model_training_round10/b15_selection/return_dual_lr2e4/epoch_007/alpha_0p10_decay_64/evals/iscas99__b15_1__greedy__cumulative__q_typed_reliable_context__bw1__d1__c64__g1p0__candhard_fault_cluster__div0p0__s0/summary.json"
[b15-r10-boundary/return_dual_lr2e4/e007] [eval iscas99__b15_1] }
[b15-r10-boundary/return_dual_lr2e4/e007] [gmean] 2026-07-21T17:39:40 [1/1] eval_done benchmark=iscas99__b15_1 delta_tc=0.12335000000000007 plan_sec=227.728 eval_sec=7.462 total_sec=235.206
[b15-r10-boundary/return_dual_lr2e4/e007] [gmean] 2026-07-21T17:39:40 variant_done id=greedy__cumulative__q_typed_reliable_context__bw1__d1__c64__g1p0__candhard_fault_cluster__div0p0__s0 status=ok macro=0.12335000000000007 positives=1 negatives=0 elapsed=235.207
