[train-r8/moe_joint_within] [train] excluded_eval_benchmarks=b15_C,b17_C,b20_C,b21_C,b22_C,epfl__arithmetic__max__max,epfl__random_control__i2c__i2c,i2c,iscas99__b15_1,iscas99__b17,iscas99__b20,iscas99__b21,iscas99__b22,max,mem_ctrl,openabcd__mem_ctrl_orig,subckt_0001 removed_rows=0 remaining_rows=768
[train-r8/moe_joint_within] [train] disabling pattern loss
[train-r8/moe_joint_within] [train] oracle skipped forbidden rows path=autoresearch/oracle-balanced-negative-rich-260629-wide/balanced_train_oracle_actions.tsv rows=36 benchmarks=subckt_0001:36
[train-r8/moe_joint_within] [train] q_oracle enabled groups=718 score_field=typed_marginal_pred lambda_q_value=0.1 lambda_q_rank=0.5 lambda_same_type_rank=0.8 lambda_candidate=0.1 lambda_ndcg_rank=0.0 lambda_conservative_q=0.0 lambda_context_rank=0.15 lambda_oracle_sa_value=0.0 group_sampling=best_type_balanced pairwise_mode=all forbidden_benchmarks=20
[train-r8/moe_joint_within] [train] rows=768 train_rows=608 val_rows=160 train_samples=19 val_samples=5 rollout_training=True feature_dim=38 relation_dim=12 cache_samples=False sample_cache_max_entries=unlimited
[train-r8/moe_joint_within] [train] initialized checkpoint=autoresearch/loop-260720-0945/model_training_round7/runs/cone_long_rank/best_final_horizon.pt strict=False
[train-r8/moe_joint_within] [train] trainable_modules=typed_utility_only trainable_parameters=51872/278242
[train-r8/moe_joint_within] [train-progress] epoch=1 [#-----------------------] 1/19   5.3% loss=0.05298 jepa=0.22347 hard=0.10819 hard_red=0.00015 typed_m=0.00495 typed_ret=1.00020 typed_sa=0.00000 oracle=0.00000 rank=0.00000 same=0.00000 value=0.00000 cand=0.00000 ndcg=0.00000 cql=0.00000 ctx=0.00000 pairs=0.0
[train-r8/moe_joint_within] [train-progress] epoch=1 [########################] 19/19 100.0% loss=0.62515 jepa=0.35062 hard=0.09845 hard_red=0.00975 typed_m=0.91679 typed_ret=1.50143 typed_sa=0.00000 oracle=0.00000 rank=0.00000 same=0.00000 value=0.00000 cand=0.00000 ndcg=0.00000 cql=0.00000 ctx=0.00000 pairs=0.0
[train-r8/moe_joint_within] [train] epoch=1 horizon=1 train_loss=0.625145 val_loss=0.335964 train_steps=19
[train-r8/moe_joint_within] [train-progress] epoch=2 [#-----------------------] 1/19   5.3% loss=5.96675 jepa=0.67552 hard=0.12348 hard_red=0.07684 typed_m=8.64684 typed_ret=15.57287 typed_sa=0.00000 oracle=0.28570 rank=0.40628 same=0.46563 value=0.63776 cand=1.92915 ndcg=0.00000 cql=0.00000 ctx=0.16517 pairs=340.0
[train-r8/moe_joint_within] [train-progress] epoch=2 [########################] 19/19 100.0% loss=0.71135 jepa=0.40165 hard=0.10291 hard_red=0.02166 typed_m=0.99516 typed_ret=2.28509 typed_sa=0.00000 oracle=0.29746 rank=0.36989 same=0.48996 value=0.51958 cand=2.16139 ndcg=0.00000 cql=0.00000 ctx=0.31579 pairs=296.2
[train-r8/moe_joint_within] [train] epoch=2 horizon=2 train_loss=0.711348 val_loss=0.536741 train_steps=19
[train-r8/moe_joint_within] [train-progress] epoch=3 [#-----------------------] 1/19   5.3% loss=1.14747 jepa=0.37230 hard=0.05877 hard_red=0.12308 typed_m=1.37964 typed_ret=6.39383 typed_sa=0.00000 oracle=0.58987 rank=0.38199 same=0.46018 value=0.45439 cand=2.30834 ndcg=0.00000 cql=0.00000 ctx=0.32934 pairs=369.0
[train-r8/moe_joint_within] [train-progress] epoch=3 [########################] 19/19 100.0% loss=0.98572 jepa=0.44937 hard=0.10497 hard_red=0.03298 typed_m=1.19785 typed_ret=5.34026 typed_sa=0.00000 oracle=0.61187 rank=0.39615 same=0.48528 value=0.47734 cand=2.24451 ndcg=0.00000 cql=0.00000 ctx=0.39554 pairs=276.8
[train-r8/moe_joint_within] [train] epoch=3 horizon=4 train_loss=0.985725 val_loss=0.584652 train_steps=19
[train-r8/moe_joint_within] [train-progress] epoch=4 [#-----------------------] 1/19   5.3% loss=0.45178 jepa=0.70441 hard=0.13337 hard_red=0.00597 typed_m=0.31846 typed_ret=5.21414 typed_sa=0.00000 oracle=0.68360 rank=0.29926 same=0.27990 value=0.40002 cand=2.32776 ndcg=0.00000 cql=0.00000 ctx=0.24848 pairs=367.0
[train-r8/moe_joint_within] [train-progress] epoch=4 [########################] 19/19 100.0% loss=1.28604 jepa=0.54434 hard=0.11140 hard_red=0.03806 typed_m=1.25970 typed_ret=10.60436 typed_sa=0.00000 oracle=0.93821 rank=0.41019 same=0.51248 value=0.45334 cand=2.21583 ndcg=0.00000 cql=0.00000 ctx=0.37473 pairs=287.5
[train-r8/moe_joint_within] [train] epoch=4 horizon=8 train_loss=1.286040 val_loss=0.630044 train_steps=19
[train-r8/moe_joint_within] [train-progress] epoch=5 [#-----------------------] 1/19   5.3% loss=0.26662 jepa=0.39376 hard=0.09269 hard_red=0.00534 typed_m=0.05914 typed_ret=4.62269 typed_sa=0.00000 oracle=0.74163 rank=0.28826 same=0.31888 value=0.43987 cand=2.50831 ndcg=0.00000 cql=0.00000 ctx=0.31716 pairs=388.0
[train-r8/moe_joint_within] [train-progress] epoch=5 [########################] 19/19 100.0% loss=1.74583 jepa=0.59961 hard=0.12237 hard_red=0.03268 typed_m=1.45586 typed_ret=17.44638 typed_sa=0.00000 oracle=0.93039 rank=0.38255 same=0.50902 value=0.42719 cand=2.33883 ndcg=0.00000 cql=0.00000 ctx=0.36867 pairs=265.1
[train-r8/moe_joint_within] [train] epoch=5 horizon=16 train_loss=1.745835 val_loss=0.764493 train_steps=19
[train-r8/moe_joint_within] [train-progress] epoch=6 [#-----------------------] 1/19   5.3% loss=6.26760 jepa=0.90781 hard=0.17281 hard_red=0.05502 typed_m=5.60678 typed_ret=58.07054 typed_sa=0.00000 oracle=0.99406 rank=0.49204 same=0.54982 value=0.46792 cand=2.14518 ndcg=0.00000 cql=0.00000 ctx=0.31250 pairs=311.0
[train-r8/moe_joint_within] [train-progress] epoch=6 [########################] 19/19 100.0% loss=2.70905 jepa=0.67322 hard=0.14580 hard_red=0.02321 typed_m=1.90226 typed_ret=31.35385 typed_sa=0.00000 oracle=0.90230 rank=0.37896 same=0.48818 value=0.51198 cand=2.18901 ndcg=0.00000 cql=0.00000 ctx=0.34783 pairs=265.8
[train-r8/moe_joint_within] [train] epoch=6 horizon=32 train_loss=2.709051 val_loss=2.353301 train_steps=19
[train-r8/moe_joint_within] [train-progress] epoch=7 [#-----------------------] 1/19   5.3% loss=0.20055 jepa=0.48119 hard=0.13808 hard_red=0.03007 typed_m=0.10609 typed_ret=2.73786 typed_sa=0.00000 oracle=0.93661 rank=0.44645 same=0.48291 value=0.67138 cand=2.14368 ndcg=0.00000 cql=0.00000 ctx=0.30366 pairs=329.0
[train-r8/moe_joint_within] [train-progress] epoch=7 [########################] 19/19 100.0% loss=2.66398 jepa=0.69070 hard=0.14746 hard_red=0.02325 typed_m=1.83084 typed_ret=31.30949 typed_sa=0.00000 oracle=0.91623 rank=0.40214 same=0.50048 value=0.35640 cand=2.24120 ndcg=0.00000 cql=0.00000 ctx=0.36676 pairs=265.5
[train-r8/moe_joint_within] [train] epoch=7 horizon=32 train_loss=2.663978 val_loss=2.355990 train_steps=19
[train-r8/moe_joint_within] [train-progress] epoch=8 [#-----------------------] 1/19   5.3% loss=0.19781 jepa=0.50463 hard=0.15216 hard_red=0.02997 typed_m=0.09925 typed_ret=2.76508 typed_sa=0.00000 oracle=0.88158 rank=0.29406 same=0.51527 value=0.26526 cand=2.33886 ndcg=0.00000 cql=0.00000 ctx=0.41278 pairs=302.0
[train-r8/moe_joint_within] [train-progress] epoch=8 [########################] 19/19 100.0% loss=2.67733 jepa=0.68053 hard=0.15014 hard_red=0.02322 typed_m=1.85366 typed_ret=31.30261 typed_sa=0.00000 oracle=0.92962 rank=0.39529 same=0.50963 value=0.52787 cand=2.20021 ndcg=0.00000 cql=0.00000 ctx=0.34307 pairs=285.6
[train-r8/moe_joint_within] [train] epoch=8 horizon=32 train_loss=2.677326 val_loss=2.351468 train_steps=19
[train-r8/moe_joint_within] [train-progress] epoch=9 [#-----------------------] 1/19   5.3% loss=5.17080 jepa=0.82931 hard=0.15475 hard_red=0.03968 typed_m=3.61146 typed_ret=60.07838 typed_sa=0.00000 oracle=1.15794 rank=0.56217 same=0.71138 value=0.16900 cand=2.23173 ndcg=0.00000 cql=0.00000 ctx=0.45114 pairs=175.0
[train-r8/moe_joint_within] [train-progress] epoch=9 [########################] 19/19 100.0% loss=2.71598 jepa=0.67348 hard=0.14627 hard_red=0.02356 typed_m=1.91546 typed_ret=31.33396 typed_sa=0.00000 oracle=0.86706 rank=0.36473 same=0.47107 value=0.34404 cand=2.23507 ndcg=0.00000 cql=0.00000 ctx=0.33286 pairs=290.0
[train-r8/moe_joint_within] [train] epoch=9 horizon=32 train_loss=2.715977 val_loss=2.368469 train_steps=19
[train-r8/moe_joint_within] [train-progress] epoch=10 [#-----------------------] 1/19   5.3% loss=0.55277 jepa=0.53155 hard=0.13729 hard_red=0.02261 typed_m=0.10985 typed_ret=9.73716 typed_sa=0.00000 oracle=0.86463 rank=0.29836 same=0.46278 value=0.18373 cand=2.65677 ndcg=0.00000 cql=0.00000 ctx=0.40787 pairs=334.0
[train-r8/moe_joint_within] [train-progress] epoch=10 [########################] 19/19 100.0% loss=2.70083 jepa=0.68099 hard=0.14943 hard_red=0.02330 typed_m=1.89147 typed_ret=31.31894 typed_sa=0.00000 oracle=0.85499 rank=0.35075 same=0.45522 value=0.44074 cand=2.22671 ndcg=0.00000 cql=0.00000 ctx=0.32463 pairs=285.4
[train-r8/moe_joint_within] [train] epoch=10 horizon=32 train_loss=2.700830 val_loss=2.372588 train_steps=19
