[plan] candidate_allowlist=autoresearch/original-netlist-recovery-260712/exact_itc99/b15_C/exact_candidate_nodes.txt nodes=7918
[plan] step=1 node=N677 type=control1 reward_pred=0.275528 sequence=0.275528
[plan] step=2 node=N2155 type=observe reward_pred=0.328308 sequence=0.603836
[plan] step=3 node=N502 type=control1 reward_pred=0.258959 sequence=0.862795
[plan] step=4 node=N2082 type=observe reward_pred=0.218879 sequence=1.081674
[plan] step=5 node=N893 type=control1 reward_pred=0.197010 sequence=1.278684
[plan] step=6 node=N5234 type=observe reward_pred=0.160110 sequence=1.438794
[plan] step=7 node=N866 type=observe reward_pred=0.083976 sequence=1.522770
[plan] step=8 node=N7592 type=control1 reward_pred=0.004723 sequence=1.527493
[plan] step=9 node=N507 type=control1 reward_pred=0.007274 sequence=1.534767
[plan] step=10 node=N4520 type=control0 reward_pred=0.017162 sequence=1.551929
[plan] step=11 node=N580 type=control1 reward_pred=0.030812 sequence=1.582741
[plan] step=12 node=N5605 type=control1 reward_pred=0.032222 sequence=1.614963
[plan] step=13 node=N2314 type=control1 reward_pred=0.040975 sequence=1.655938
[plan] step=14 node=N557 type=control1 reward_pred=0.039993 sequence=1.695931
[plan] step=15 node=N1853 type=observe reward_pred=0.031127 sequence=1.727058
[plan] step=16 node=N5143 type=observe reward_pred=0.022217 sequence=1.749275
[plan] step=17 node=N5046 type=observe reward_pred=0.025838 sequence=1.775113
[plan] step=18 node=N3644 type=control0 reward_pred=0.030265 sequence=1.805378
[plan] step=19 node=N1879 type=observe reward_pred=0.027493 sequence=1.832871
[plan] step=20 node=N2083 type=observe reward_pred=0.018871 sequence=1.851743
[plan] step=21 node=N724 type=observe reward_pred=0.012382 sequence=1.864125
[plan] step=22 node=N4621 type=observe reward_pred=-0.009503 sequence=1.854622
[plan] step=23 node=N4866 type=control1 reward_pred=-0.010073 sequence=1.844549
[plan] step=24 node=N1860 type=observe reward_pred=0.003105 sequence=1.847654
[plan] step=25 node=N4628 type=observe reward_pred=-0.014046 sequence=1.833608
[plan] step=26 node=N1532 type=observe reward_pred=-0.012927 sequence=1.820681
[plan] step=27 node=N3903 type=control0 reward_pred=-0.018187 sequence=1.802494
[plan] step=28 node=N1437 type=control1 reward_pred=-0.017861 sequence=1.784634
[plan] step=29 node=N3889 type=control0 reward_pred=-0.039854 sequence=1.744779
[plan] step=30 node=N583 type=control1 reward_pred=-0.024413 sequence=1.720366
[plan] step=31 node=N4670 type=control0 reward_pred=-0.035989 sequence=1.684377
[plan] step=32 node=N1987 type=observe reward_pred=-0.043156 sequence=1.641221
[plan] step=33 node=N4635 type=control0 reward_pred=-0.048418 sequence=1.592803
[plan] step=34 node=N3805 type=control0 reward_pred=-0.057175 sequence=1.535628
[plan] step=35 node=N3840 type=control0 reward_pred=-0.060184 sequence=1.475443
[plan] step=36 node=N564 type=control1 reward_pred=-0.060740 sequence=1.414703
[plan] step=37 node=N7411 type=control1 reward_pred=-0.057113 sequence=1.357590
[plan] step=38 node=N7413 type=control1 reward_pred=-0.045867 sequence=1.311723
[plan] step=39 node=N4712 type=control0 reward_pred=-0.065224 sequence=1.246499
[plan] step=40 node=N3882 type=control0 reward_pred=-0.075571 sequence=1.170929
[plan] step=41 node=N3742 type=control0 reward_pred=-0.076242 sequence=1.094687
[plan] step=42 node=N4649 type=control0 reward_pred=-0.063518 sequence=1.031170
[plan] step=43 node=N3722 type=control0 reward_pred=-0.079822 sequence=0.951348
[plan] step=44 node=N713 type=observe reward_pred=-0.072138 sequence=0.879210
[plan] step=45 node=N4656 type=control0 reward_pred=-0.078916 sequence=0.800294
[plan] step=46 node=N2101 type=observe reward_pred=-0.081455 sequence=0.718839
[plan] step=47 node=N5866 type=observe reward_pred=-0.066632 sequence=0.652207
[plan] step=48 node=N4614 type=observe reward_pred=-0.086690 sequence=0.565517
[plan] step=49 node=N4705 type=control0 reward_pred=-0.076783 sequence=0.488734
[plan] step=50 node=N867 type=observe reward_pred=-0.086199 sequence=0.402535
[plan] step=51 node=N704 type=observe reward_pred=-0.075789 sequence=0.326745
[plan] step=52 node=N2102 type=observe reward_pred=-0.078161 sequence=0.248584
[plan] step=53 node=N4698 type=control0 reward_pred=-0.085473 sequence=0.163111
[plan] step=54 node=N6538 type=observe reward_pred=-0.091525 sequence=0.071586
[plan] step=55 node=N4691 type=control0 reward_pred=-0.078344 sequence=-0.006758
[plan] step=56 node=N869 type=observe reward_pred=-0.086152 sequence=-0.092910
[plan] step=57 node=N5876 type=observe reward_pred=-0.059414 sequence=-0.152324
[plan] step=58 node=N7626 type=observe reward_pred=-0.073931 sequence=-0.226255
[plan] step=59 node=N2157 type=observe reward_pred=-0.050108 sequence=-0.276363
[plan] step=60 node=N4684 type=control0 reward_pred=-0.068307 sequence=-0.344670
[plan] step=61 node=N7679 type=observe reward_pred=-0.078982 sequence=-0.423652
[plan] step=62 node=N5740 type=observe reward_pred=-0.078424 sequence=-0.502077
[plan] step=63 node=N868 type=observe reward_pred=-0.077669 sequence=-0.579746
[plan] step=64 node=N2149 type=observe reward_pred=-0.050943 sequence=-0.630688
[plan] step=65 node=N6675 type=observe reward_pred=-0.065782 sequence=-0.696470
[plan] step=66 node=N4677 type=control0 reward_pred=-0.073527 sequence=-0.769997
[plan] step=67 node=N725 type=observe reward_pred=-0.070138 sequence=-0.840135
[plan] step=68 node=N7587 type=control1 reward_pred=-0.015738 sequence=-0.855873
[plan] step=69 node=N5874 type=observe reward_pred=0.006899 sequence=-0.848973
[plan] step=70 node=N4663 type=control0 reward_pred=0.008647 sequence=-0.840326
[plan] step=71 node=N870 type=observe reward_pred=0.008250 sequence=-0.832076
[plan] step=72 node=N4716 type=control0 reward_pred=0.010290 sequence=-0.821786
[plan] step=73 node=N694 type=observe reward_pred=-0.002354 sequence=-0.824140
[plan] step=74 node=N3701 type=control0 reward_pred=-0.010265 sequence=-0.834405
[plan] step=75 node=N7471 type=control0 reward_pred=-0.012919 sequence=-0.847324
[plan] step=76 node=N7878 type=control1 reward_pred=-0.018984 sequence=-0.866308
[plan] step=77 node=N1411 type=control0 reward_pred=-0.000531 sequence=-0.866839
[plan] step=78 node=N7880 type=control1 reward_pred=-0.010961 sequence=-0.877800
[plan] step=79 node=N7881 type=control1 reward_pred=-0.004911 sequence=-0.882711
[plan] step=80 node=N5356 type=observe reward_pred=0.001085 sequence=-0.881625
[plan] step=81 node=N871 type=observe reward_pred=0.010238 sequence=-0.871387
[plan] step=82 node=N7882 type=control1 reward_pred=0.001636 sequence=-0.869751
[plan] step=83 node=N7883 type=control1 reward_pred=0.007041 sequence=-0.862710
[plan] step=84 node=N7614 type=observe reward_pred=0.015242 sequence=-0.847468
[plan] step=85 node=N7884 type=control1 reward_pred=0.010902 sequence=-0.836566
[plan] step=86 node=N7885 type=control1 reward_pred=0.015739 sequence=-0.820828
[plan] step=87 node=N7886 type=control1 reward_pred=0.020528 sequence=-0.800299
[plan] step=88 node=N7887 type=control1 reward_pred=0.024760 sequence=-0.775539
[plan] step=89 node=N7888 type=control1 reward_pred=0.028762 sequence=-0.746778
[plan] step=90 node=N7889 type=control1 reward_pred=0.031331 sequence=-0.715447
[plan] step=91 node=N7890 type=control1 reward_pred=0.032517 sequence=-0.682930
[plan] step=92 node=N7875 type=control1 reward_pred=0.047141 sequence=-0.635789
[plan] step=93 node=N7891 type=control1 reward_pred=0.034665 sequence=-0.601124
[plan] step=94 node=N519 type=control1 reward_pred=0.032453 sequence=-0.568670
[plan] step=95 node=N2580 type=control1 reward_pred=0.028245 sequence=-0.540425
[plan] step=96 node=N7874 type=control1 reward_pred=0.023211 sequence=-0.517214
[plan] step=97 node=N7876 type=control1 reward_pred=0.028550 sequence=-0.488665
[plan] step=98 node=N516 type=control1 reward_pred=0.028590 sequence=-0.460075
[plan] step=99 node=N7872 type=control1 reward_pred=0.020393 sequence=-0.439682
[plan] step=100 node=N2569 type=control1 reward_pred=0.016753 sequence=-0.422929
[plan] step=101 node=N1533 type=control1 reward_pred=0.013801 sequence=-0.409128
[plan] step=102 node=N714 type=observe reward_pred=0.004116 sequence=-0.405012
[plan] step=103 node=N5878 type=observe reward_pred=0.013618 sequence=-0.391394
[plan] step=104 node=N723 type=observe reward_pred=0.000546 sequence=-0.390848
[plan] step=105 node=N715 type=observe reward_pred=-0.005310 sequence=-0.396158
[plan] step=106 node=N7588 type=control1 reward_pred=-0.004539 sequence=-0.400697
[plan] step=107 node=N6682 type=observe reward_pred=-0.007892 sequence=-0.408589
[plan] step=108 node=N5473 type=observe reward_pred=0.002881 sequence=-0.405708
[plan] step=109 node=N860 type=observe reward_pred=0.012180 sequence=-0.393528
[plan] step=110 node=N703 type=observe reward_pred=0.003272 sequence=-0.390256
[plan] step=111 node=N722 type=observe reward_pred=-0.002283 sequence=-0.392540
[plan] step=112 node=N861 type=observe reward_pred=0.006680 sequence=-0.385860
[plan] step=113 node=N705 type=observe reward_pred=0.003097 sequence=-0.382763
[plan] step=114 node=N7526 type=control1 reward_pred=-0.014378 sequence=-0.397141
[plan] step=115 node=N582 type=control1 reward_pred=-0.021165 sequence=-0.418305
[plan] step=116 node=N3124 type=control1 reward_pred=-0.028101 sequence=-0.446406
[plan] step=117 node=N614 type=control1 reward_pred=-0.005076 sequence=-0.451483
[plan] step=118 node=N7870 type=control1 reward_pred=-0.015518 sequence=-0.467000
[plan] step=119 node=N6531 type=observe reward_pred=-0.022954 sequence=-0.489955
[plan] step=120 node=N2072 type=observe reward_pred=-0.031937 sequence=-0.521892
[plan] step=121 node=N7590 type=control1 reward_pred=-0.037504 sequence=-0.559396
[plan] step=122 node=N634 type=control1 reward_pred=-0.013080 sequence=-0.572476
[plan] step=123 node=N3180 type=control1 reward_pred=-0.019205 sequence=-0.591681
[plan] step=124 node=N7871 type=control1 reward_pred=0.004366 sequence=-0.587315
[plan] step=125 node=N3352 type=control1 reward_pred=-0.008146 sequence=-0.595461
[plan] step=126 node=N7421 type=control1 reward_pred=-0.028702 sequence=-0.624163
[plan] step=127 node=N620 type=control1 reward_pred=-0.001384 sequence=-0.625547
[plan] step=128 node=N3410 type=control1 reward_pred=-0.008987 sequence=-0.634534
[plan] step=129 node=N5373 type=observe reward_pred=-0.045379 sequence=-0.679913
[plan] step=130 node=N638 type=control1 reward_pred=-0.041331 sequence=-0.721244
[plan] step=131 node=N610 type=control1 reward_pred=-0.034168 sequence=-0.755413
[plan] step=132 node=N7424 type=control1 reward_pred=-0.028720 sequence=-0.784133
[plan] step=133 node=N857 type=observe reward_pred=-0.025252 sequence=-0.809385
[plan] step=134 node=N679 type=observe reward_pred=-0.027963 sequence=-0.837348
[plan] step=135 node=N859 type=observe reward_pred=-0.025202 sequence=-0.862550
[plan] step=136 node=N706 type=observe reward_pred=-0.029264 sequence=-0.891814
[plan] step=137 node=N719 type=observe reward_pred=-0.036259 sequence=-0.928073
[plan] step=138 node=N712 type=observe reward_pred=-0.040178 sequence=-0.968251
[plan] step=139 node=N6668 type=observe reward_pred=-0.045078 sequence=-1.013329
[plan] step=140 node=N734 type=observe reward_pred=-0.044998 sequence=-1.058327
[plan] step=141 node=N2151 type=observe reward_pred=-0.050226 sequence=-1.108553
[plan] step=142 node=N555 type=control1 reward_pred=-0.062871 sequence=-1.171423
[plan] step=143 node=N7877 type=control1 reward_pred=-0.048912 sequence=-1.220336
[plan] step=144 node=N7879 type=control1 reward_pred=-0.040425 sequence=-1.260760
[plan] step=145 node=N556 type=control1 reward_pred=-0.053497 sequence=-1.314258
[plan] step=146 node=N7594 type=control1 reward_pred=-0.038872 sequence=-1.353130
[plan] step=147 node=N7423 type=control1 reward_pred=-0.032115 sequence=-1.385244
[plan] step=148 node=N7892 type=control1 reward_pred=-0.025990 sequence=-1.411235
[plan] step=149 node=N7856 type=control1 reward_pred=-0.020373 sequence=-1.431608
[plan] step=150 node=N616 type=control1 reward_pred=-0.014720 sequence=-1.446328
[plan] step=151 node=N3681 type=control0 reward_pred=-0.025988 sequence=-1.472316
[plan] step=152 node=N636 type=control1 reward_pred=-0.015447 sequence=-1.487763
[plan] step=153 node=N520 type=control1 reward_pred=-0.033395 sequence=-1.521158
[plan] step=154 node=N1349 type=observe reward_pred=-0.040385 sequence=-1.561544
[plan] step=155 node=N5202 type=observe reward_pred=-0.033952 sequence=-1.595496
[plan] step=156 node=N6660 type=observe reward_pred=-0.035750 sequence=-1.631246
[plan] step=157 node=N729 type=observe reward_pred=-0.027060 sequence=-1.658306
[plan] step=158 node=N699 type=observe reward_pred=-0.026574 sequence=-1.684880
[plan] step=159 node=N708 type=observe reward_pred=-0.027319 sequence=-1.712199
[plan] step=160 node=N7453 type=control1 reward_pred=-0.041728 sequence=-1.753927
[plan] step=161 node=N6656 type=observe reward_pred=-0.053523 sequence=-1.807450
[plan] step=162 node=N2259 type=observe reward_pred=-0.037099 sequence=-1.844549
[plan] step=163 node=N630 type=control1 reward_pred=-0.028784 sequence=-1.873333
[plan] step=164 node=N2159 type=observe reward_pred=-0.028534 sequence=-1.901867
[plan] step=165 node=N642 type=control1 reward_pred=-0.020899 sequence=-1.922766
[plan] step=166 node=N6678 type=observe reward_pred=-0.042781 sequence=-1.965547
[plan] step=167 node=N2271 type=observe reward_pred=-0.031766 sequence=-1.997313
[plan] step=168 node=N649 type=control1 reward_pred=-0.023185 sequence=-2.020498
[plan] step=169 node=N689 type=observe reward_pred=-0.020980 sequence=-2.041478
[plan] step=170 node=N2243 type=observe reward_pred=-0.025774 sequence=-2.067251
[plan] step=171 node=N1351 type=observe reward_pred=-0.051731 sequence=-2.118983
[plan] step=172 node=N686 type=observe reward_pred=-0.037828 sequence=-2.156811
[plan] step=173 node=N7405 type=observe reward_pred=-0.051101 sequence=-2.207912
[plan] step=174 node=N684 type=observe reward_pred=-0.024779 sequence=-2.232690
[plan] step=175 node=N2267 type=observe reward_pred=-0.023772 sequence=-2.256463
[plan] step=176 node=N7370 type=control1 reward_pred=-0.047654 sequence=-2.304116
[plan] step=177 node=N7454 type=observe reward_pred=-0.057282 sequence=-2.361398
[plan] step=178 node=N5735 type=observe reward_pred=-0.043027 sequence=-2.404425
[plan] step=179 node=N6658 type=observe reward_pred=-0.057386 sequence=-2.461811
[plan] step=180 node=N2251 type=observe reward_pred=-0.033389 sequence=-2.495199
[plan] step=181 node=N5160 type=observe reward_pred=-0.035510 sequence=-2.530709
[plan] step=182 node=N2263 type=observe reward_pred=-0.031864 sequence=-2.562573
[plan] step=183 node=N5094 type=observe reward_pred=-0.037908 sequence=-2.600481
[plan] step=184 node=N578 type=observe reward_pred=-0.056679 sequence=-2.657160
[plan] step=185 node=N7436 type=observe reward_pred=-0.060341 sequence=-2.717502
[plan] step=186 node=N645 type=control1 reward_pred=-0.065177 sequence=-2.782678
[plan] step=187 node=N1607 type=control1 reward_pred=-0.062420 sequence=-2.845098
[plan] step=188 node=N647 type=control1 reward_pred=-0.034310 sequence=-2.879408
[plan] step=189 node=N1586 type=control1 reward_pred=-0.047431 sequence=-2.926839
[plan] step=190 node=N3237 type=control1 reward_pred=-0.060703 sequence=-2.987542
[plan] step=191 node=N5111 type=observe reward_pred=-0.054064 sequence=-3.041607
[plan] step=192 node=N3467 type=control1 reward_pred=-0.061656 sequence=-3.103263
[plan] step=193 node=N2247 type=observe reward_pred=-0.045029 sequence=-3.148291
[plan] step=194 node=N2330 type=control1 reward_pred=-0.069876 sequence=-3.218167
[plan] step=195 node=N697 type=observe reward_pred=-0.043439 sequence=-3.261606
[plan] step=196 node=N6685 type=observe reward_pred=-0.071023 sequence=-3.332629
[plan] step=197 node=N732 type=observe reward_pred=-0.048589 sequence=-3.381218
[plan] step=198 node=N7433 type=observe reward_pred=-0.068528 sequence=-3.449746
[plan] step=199 node=N696 type=observe reward_pred=-0.048951 sequence=-3.498697
[plan] step=200 node=N1352 type=observe reward_pred=-0.059124 sequence=-3.557821
[plan] step=201 node=N695 type=observe reward_pred=-0.039669 sequence=-3.597490
[plan] step=202 node=N6537 type=observe reward_pred=-0.059886 sequence=-3.657376
[plan] step=203 node=N7438 type=observe reward_pred=-0.062785 sequence=-3.720161
[plan] step=204 node=N2255 type=observe reward_pred=-0.042405 sequence=-3.762566
[plan] step=205 node=N680 type=observe reward_pred=-0.039411 sequence=-3.801977
[plan] step=206 node=N717 type=observe reward_pred=-0.006878 sequence=-3.808854
[plan] step=207 node=N2218 type=observe reward_pred=-0.006041 sequence=-3.814895
[plan] step=208 node=N733 type=observe reward_pred=-0.005048 sequence=-3.819943
[plan] step=209 node=N1701 type=observe reward_pred=-0.004987 sequence=-3.824930
[plan] step=210 node=N2185 type=observe reward_pred=-0.001926 sequence=-3.826855
[plan] step=211 node=N735 type=observe reward_pred=-0.001597 sequence=-3.828453
[plan] step=212 node=N2205 type=observe reward_pred=-0.001511 sequence=-3.829964
[plan] step=213 node=N4900 type=observe reward_pred=0.008763 sequence=-3.821201
[plan] step=214 node=N7452 type=observe reward_pred=0.007489 sequence=-3.813712
[plan] step=215 node=N2201 type=observe reward_pred=0.003613 sequence=-3.810099
[plan] step=216 node=N2226 type=observe reward_pred=0.001816 sequence=-3.808283
[plan] step=217 node=N640 type=control1 reward_pred=-0.013599 sequence=-3.821882
[plan] step=218 node=N3911 type=control0 reward_pred=-0.017278 sequence=-3.839160
[plan] step=219 node=N3525 type=control1 reward_pred=-0.020057 sequence=-3.859217
[plan] step=220 node=N1348 type=observe reward_pred=-0.069145 sequence=-3.928361
[plan] step=221 node=N2214 type=observe reward_pred=-0.047483 sequence=-3.975845
[plan] step=222 node=N1347 type=observe reward_pred=-0.062406 sequence=-4.038251
[plan] step=223 node=N7371 type=observe reward_pred=-0.066970 sequence=-4.105221
[plan] step=224 node=N2222 type=observe reward_pred=-0.041650 sequence=-4.146872
[plan] step=225 node=N6562 type=observe reward_pred=-0.053712 sequence=-4.200584
[plan] step=226 node=N4758 type=observe reward_pred=-0.028976 sequence=-4.229560
[plan] step=227 node=N2209 type=observe reward_pred=-0.030541 sequence=-4.260101
[plan] step=228 node=N6571 type=observe reward_pred=-0.051224 sequence=-4.311325
[plan] step=229 node=N4766 type=observe reward_pred=-0.027567 sequence=-4.338893
[plan] step=230 node=N3855 type=control0 reward_pred=-0.050160 sequence=-4.389052
[plan] step=231 node=N7446 type=observe reward_pred=-0.057681 sequence=-4.446733
[plan] step=232 node=N685 type=observe reward_pred=-0.039438 sequence=-4.486171
[plan] step=233 node=N730 type=observe reward_pred=-0.038533 sequence=-4.524704
[plan] step=234 node=N6586 type=observe reward_pred=-0.051938 sequence=-4.576642
[plan] step=235 node=N4774 type=observe reward_pred=-0.042967 sequence=-4.619609
[plan] step=236 node=N3813 type=control0 reward_pred=-0.056680 sequence=-4.676289
[plan] step=237 node=N7442 type=observe reward_pred=-0.063156 sequence=-4.739445
[plan] step=238 node=N690 type=observe reward_pred=-0.044041 sequence=-4.783487
[plan] step=239 node=N4790 type=observe reward_pred=-0.051660 sequence=-4.835147
[plan] step=240 node=N3848 type=control0 reward_pred=-0.068165 sequence=-4.903312
[plan] step=241 node=N3799 type=control0 reward_pred=-0.073383 sequence=-4.976695
[plan] step=242 node=N3792 type=control0 reward_pred=-0.076797 sequence=-5.053491
[plan] step=243 node=N2952 type=control1 reward_pred=-0.078567 sequence=-5.132058
[plan] step=244 node=N7414 type=control1 reward_pred=-0.067721 sequence=-5.199780
[plan] step=245 node=N7873 type=control1 reward_pred=-0.054545 sequence=-5.254324
[plan] step=246 node=N2652 type=control1 reward_pred=-0.078118 sequence=-5.332442
[plan] step=247 node=N3009 type=control1 reward_pred=-0.082661 sequence=-5.415103
[plan] step=248 node=N7589 type=control1 reward_pred=-0.012761 sequence=-5.427864
[plan] step=249 node=N2894 type=control1 reward_pred=-0.017874 sequence=-5.445738
[plan] step=250 node=N3067 type=control1 reward_pred=-0.017712 sequence=-5.463451
[plan] step=251 node=N2779 type=control1 reward_pred=-0.017264 sequence=-5.480715
[plan] step=252 node=N2721 type=control1 reward_pred=-0.016413 sequence=-5.497128
[plan] step=253 node=N2837 type=control1 reward_pred=-0.015133 sequence=-5.512261
[plan] step=254 node=N3295 type=control1 reward_pred=-0.013979 sequence=-5.526240
[plan] step=255 node=N4578 type=control0 reward_pred=-0.024502 sequence=-5.550741
[plan] step=256 node=N626 type=control1 reward_pred=-0.026985 sequence=-5.577726
[plan] step=257 node=N652 type=control1 reward_pred=-0.006403 sequence=-5.584129
[plan] step=258 node=N8240 type=control1 reward_pred=-0.075456 sequence=-5.659585
[plan] step=259 node=N8238 type=control1 reward_pred=-0.070868 sequence=-5.730453
[plan] step=260 node=N8239 type=control1 reward_pred=-0.066070 sequence=-5.796523
[plan] step=261 node=N8790 type=control1 reward_pred=-0.056473 sequence=-5.852996
[plan] step=262 node=N8607 type=control1 reward_pred=-0.025558 sequence=-5.878555
[plan] step=263 node=N8606 type=control1 reward_pred=0.003212 sequence=-5.875343
[plan] step=264 node=N8605 type=control1 reward_pred=0.027451 sequence=-5.847892
[plan] step=265 node=N8789 type=control1 reward_pred=0.036666 sequence=-5.811226
[plan] step=266 node=N4557 type=control0 reward_pred=0.028879 sequence=-5.782346
[plan] step=267 node=N3785 type=control0 reward_pred=0.019912 sequence=-5.762435
[plan] step=268 node=N8236 type=control1 reward_pred=0.011098 sequence=-5.751336
[plan] step=269 node=N8237 type=control1 reward_pred=0.023909 sequence=-5.727428
[plan] step=270 node=N3827 type=control0 reward_pred=0.020671 sequence=-5.706757
[plan] step=271 node=N3841 type=control0 reward_pred=0.012879 sequence=-5.693878
[plan] step=272 node=N515 type=control1 reward_pred=0.008241 sequence=-5.685636
[plan] step=273 node=N6955 type=control0 reward_pred=-0.007311 sequence=-5.692947
[plan] step=274 node=N5871 type=observe reward_pred=-0.021200 sequence=-5.714148
[plan] step=275 node=N687 type=observe reward_pred=-0.009808 sequence=-5.723956
[plan] step=276 node=N513 type=control1 reward_pred=-0.023649 sequence=-5.747604
[plan] step=277 node=N8235 type=control1 reward_pred=-0.005628 sequence=-5.753232
[plan] step=278 node=N3862 type=control0 reward_pred=-0.016019 sequence=-5.769251
saved=autoresearch/loop-260718-0223/structural_rollout_round9/b15_head_selection/h32_strong__reward_pred/b15_C/plans/iscas99__b15_1__greedy__cumulative__reward_pred__bw1__d1__c48__g1p0__candhard_fault_cluster__div0p0__s0.csv
