__tpi_not_test_en->__tpi_cp_145_n_5203 /1 undetected
__tpi_not_test_en->__tpi_cp_146_n_5201 /1 undetected
test_en->__tpi_cp_27_n_5136 /0 undetected
__tpi_not_test_en->__tpi_cp_143_n_5103 /1 undetected
__buf_split_1727 /1 undetected
__buf_split_1726 /1 undetected
__buf_split_1717 /1 undetected
__buf_split_1716 /1 undetected
test_en->__tpi_cp_128___aig_and_1199 /0 undetected
test_en->__tpi_cp_130___aig_and_1194 /0 undetected
__tpi_not_test_en->__tpi_cp_117___aig_not_1271 /1 undetected
__tpi_not_test_en->__tpi_cp_147___aig_not_1263 /1 undetected
__tpi_not_test_en->__tpi_cp_52___aig_not_1258 /1 undetected
__tpi_not_test_en->__tpi_cp_116___aig_not_1276 /1 undetected
__tpi_not_test_en->__tpi_cp_34___aig_and_1202 /1 undetected
test_en->__tpi_cp_120___aig_and_1183 /0 undetected
__tpi_not_test_en->__tpi_cp_49___aig_not_1247 /1 undetected
test_en->__tpi_cp_32_n_5030 /0 undetected
__tpi_not_test_en->__tpi_cp_39___aig_not_1233 /1 undetected
test_en->__tpi_cp_108_n_4982 /0 undetected
__tpi_not_test_en->__tpi_cp_40___aig_not_1197 /1 undetected
__tpi_not_test_en->__tpi_cp_43___aig_not_1192 /1 undetected
test_en->__tpi_cp_105_n_4921 /0 undetected
__buf_split_1512 /1 undetected
__buf_split_1511 /1 undetected
test_en->__tpi_cp_44___aig_and_1098 /0 undetected
n_4562->__aig_and_1098 /1 undetected
__tpi_not_test_en->__tpi_cp_13_n_4035 /1 undetected
test_en->__tpi_cp_153_n_3721 /0 undetected
test_en->__tpi_cp_20___aig_and_903 /0 undetected
__tpi_not_test_en->__tpi_cp_67_n_3838 /1 undetected
__tpi_not_test_en->__tpi_cp_75___aig_not_869 /1 undetected
__buf_split_1179 /1 undetected
test_en->__tpi_cp_76_n_3651 /0 undetected
__buf_split_1176 /1 undetected
test_en->__tpi_cp_173___aig_not_888 /0 undetected
test_en->__tpi_cp_17_n_3648 /0 undetected
__tpi_not_test_en->__tpi_cp_1___aig_not_885 /1 undetected
test_en->__tpi_cp_125_n_3645 /0 undetected
test_en->__tpi_cp_85___aig_not_755 /0 undetected
__tpi_not_test_en->__tpi_cp_71___aig_not_753 /1 undetected
test_en->__tpi_cp_158_n_3429 /0 undetected
__buf_split_1075 /1 undetected
test_en->__tpi_cp_19_n_3426 /0 undetected
__tpi_not_test_en->__tpi_cp_0___aig_not_818 /1 undetected
test_en->__tpi_cp_135_n_3423 /0 undetected
__tpi_not_test_en->__tpi_cp_72_n_3573 /1 undetected
__buf_split_1087 /1 undetected
__tpi_not_test_en->__tpi_cp_90___buf_split_1089 /1 undetected
__tpi_not_test_en->__tpi_cp_3___aig_not_826 /1 undetected
test_en->__tpi_cp_111_n_3434 /0 undetected
test_en->__tpi_cp_4_n_3431 /0 undetected
__tpi_not_test_en->__tpi_cp_69_n_3557 /1 undetected
__tpi_not_test_en->__tpi_cp_26___buf_split_881 /1 undetected
test_en->__tpi_cp_93_n_3414 /0 undetected
__buf_split_1060 /1 undetected
test_en->__tpi_cp_66_n_3413 /0 undetected
__buf_split_1057 /1 undetected
test_en->__tpi_cp_18_n_3410 /0 undetected
__tpi_not_test_en->__tpi_cp_2___aig_not_807 /1 undetected
test_en->__tpi_cp_126_n_3407 /0 undetected
__tpi_not_test_en->__tpi_cp_149___buf_split_1175 /1 undetected
__tpi_not_test_en->__tpi_cp_74_n_3419 /1 undetected
__tpi_not_test_en->__tpi_cp_84___aig_not_697 /1 undetected
__tpi_not_test_en->__tpi_cp_16___aig_not_692 /1 undetected
test_en->__tpi_cp_159___buf_split_1064 /0 undetected
test_en->__tpi_cp_132___buf_split_1063 /0 undetected
__tpi_not_test_en->__tpi_cp_162___aig_not_307 /1 undetected
test_en->__tpi_cp_77___aig_and_288 /0 undetected
__tpi_not_test_en->__tpi_cp_163___aig_not_286 /1 undetected
__tpi_not_test_en->__tpi_cp_86_n_3112 /1 undetected
__tpi_not_test_en->__tpi_cp_81_n_3125 /1 undetected
__tpi_not_test_en->__tpi_cp_80_n_3138 /1 undetected
__tpi_not_test_en->__tpi_cp_79_n_3115 /1 undetected
__tpi_not_test_en->__tpi_cp_15___aig_not_302 /1 undetected
test_en->__tpi_cp_136___buf_split_675 /0 undetected
test_en->__tpi_cp_62___aig_not_300 /0 undetected
__tpi_not_test_en->__tpi_cp_14___aig_not_281 /1 undetected
__tpi_not_test_en->__tpi_cp_174___aig_not_280 /1 undetected
__tpi_not_test_en->__tpi_cp_170_n_2677 /1 undetected
__tpi_not_test_en->__tpi_cp_83___aig_not_323 /1 undetected
__tpi_not_test_en->__tpi_cp_23___aig_not_318 /1 undetected
test_en->__tpi_cp_151___buf_split_681 /0 undetected
test_en->__tpi_cp_73___aig_not_316 /0 undetected
__tpi_not_test_en->__tpi_cp_137___buf_split_680 /1 undetected
__tpi_not_test_en->__tpi_cp_98_n_2241 /1 undetected
test_en->__tpi_cp_104___aig_and_230 /0 undetected
__tpi_not_test_en->__tpi_cp_9___aig_not_328 /1 undetected
test_en->__tpi_cp_99_n_2431 /0 undetected
__buf_split_591 /1 undetected
test_en->__tpi_cp_95_n_2430 /0 undetected
__tpi_not_test_en->__tpi_cp_28_n_2240 /1 undetected
test_en->__tpi_cp_107___aig_and_225 /0 undetected
__tpi_not_test_en->__tpi_cp_10___aig_not_312 /1 undetected
test_en->__tpi_cp_96_n_2426 /0 undetected
__buf_split_585 /1 undetected
test_en->__tpi_cp_88_n_2425 /0 undetected
__tpi_not_test_en->__tpi_cp_94_n_2239 /1 undetected
test_en->__tpi_cp_102___aig_and_220 /0 undetected
__tpi_not_test_en->__tpi_cp_11___aig_not_296 /1 undetected
test_en->__tpi_cp_100_n_2421 /0 undetected
__buf_split_579 /1 undetected
test_en->__tpi_cp_48_n_2420 /0 undetected
__tpi_not_test_en->__tpi_cp_101_n_2238 /1 undetected
test_en->__tpi_cp_103___aig_and_215 /0 undetected
__tpi_not_test_en->__tpi_cp_12___aig_not_291 /1 undetected
test_en->__tpi_cp_97_n_2418 /0 undetected
__buf_split_573 /1 undetected
test_en->__tpi_cp_47_n_2417 /0 undetected
__tpi_not_test_en->__tpi_cp_91_n_3119 /1 undetected
__tpi_not_test_en->__tpi_cp_172___aig_and_407 /1 undetected
__tpi_not_test_en->__tpi_cp_118___aig_not_406 /1 undetected
test_en->__tpi_cp_124_n_1790 /0 undetected
test_en->__tpi_cp_36_n_2486 /0 undetected
__tpi_not_test_en->__tpi_cp_164_n_2277 /1 undetected
test_en->__tpi_cp_106___aig_and_161 /0 undetected
__tpi_not_test_en->__tpi_cp_38___aig_not_158 /1 undetected
__tpi_not_test_en->__tpi_cp_92_n_2270 /1 undetected
__tpi_not_test_en->__tpi_cp_119___aig_not_154 /1 undetected
test_en->__tpi_cp_113_n_1788 /0 undetected
test_en->__tpi_cp_35_n_1581 /0 undetected
test_en->__tpi_cp_31___aig_and_166 /0 undetected
__tpi_not_test_en->__tpi_cp_115___aig_not_162 /1 undetected
__tpi_not_test_en->__tpi_cp_6___aig_not_121 /1 undetected
__tpi_not_test_en->__tpi_cp_5___aig_not_117 /1 undetected
__tpi_not_test_en->__tpi_cp_8___aig_not_113 /1 undetected
__tpi_not_test_en->__tpi_cp_7___aig_not_109 /1 undetected
test_en->__tpi_cp_25_n_1884 /0 undetected
__buf_split_384->n_1884 /1 undetected
test_en->__tpi_cp_30_n_1879 /0 undetected
__buf_split_379->n_1879 /1 undetected
test_en->__tpi_cp_21_n_1874 /0 undetected
__buf_split_374->n_1874 /1 undetected
test_en->__tpi_cp_33_n_1869 /0 undetected
__buf_split_369->n_1869 /1 undetected
__tpi_not_test_en->__tpi_cp_168_n_2057 /1 undetected
__tpi_not_test_en->__tpi_cp_169_n_1202 /1 undetected
__tpi_not_test_en->__tpi_cp_148_n_1196 /1 undetected
test_en->__tpi_cp_59_n_793 /0 undetected
__tpi_not_test_en->__tpi_cp_114_n_914 /1 undetected
test_en->__tpi_cp_24___aig_and_13 /0 undetected
test_en->__tpi_cp_29___aig_and_11 /0 undetected
__tpi_not_test_en->__tpi_cp_61___aig_not_14 /1 undetected
__tpi_not_test_en->__tpi_cp_150___aig_not_9 /1 undetected
__tpi_not_test_en->__tpi_cp_160_n_854 /1 undetected
