__tpi_not_test_en->__tpi_cp_25___aig_and_353 /1 undetected
__tpi_not_test_en->__tpi_cp_18_n_429 /1 undetected
test_en->__tpi_cp_12___aig_and_346 /0 undetected
__buf_split_261 /1 undetected
__tpi_not_test_en->__tpi_cp_10___buf_split_270 /1 undetected
__tpi_not_test_en->__tpi_cp_3___buf_split_204 /1 undetected
test_en->__tpi_cp_11___aig_and_191 /0 undetected
__tpi_not_test_en->__tpi_cp_1___aig_and_189 /1 undetected
__tpi_not_test_en->__tpi_cp_2_n_279 /1 undetected
__tpi_not_test_en->__tpi_cp_22_n_270 /1 undetected
__tpi_not_test_en->__tpi_cp_14_n_264 /1 undetected
__tpi_not_test_en->__tpi_cp_0___buf_split_156 /1 undetected
__tpi_not_test_en->__tpi_cp_19___aig_not_161 /1 undetected
test_en->__tpi_cp_8___aig_and_159 /0 undetected
__buf_split_117 /1 undetected
test_en->__tpi_cp_5___aig_not_156 /0 undetected
__buf_split_116 /1 undetected
test_en->__tpi_cp_17___aig_and_150 /0 undetected
__buf_split_111 /1 undetected
test_en->__tpi_cp_4___aig_not_147 /0 undetected
__buf_split_110 /1 undetected
test_en->__tpi_cp_23___aig_and_132 /0 undetected
__buf_split_99 /1 undetected
__tpi_not_test_en->__tpi_cp_9___buf_split_96 /1 undetected
__buf_split_98 /1 undetected
__buf_split_105 /1 undetected
__buf_split_104 /1 undetected
__buf_split_91 /1 undetected
__buf_split_90 /1 undetected
__buf_split_86 /1 undetected
__buf_split_79 /1 undetected
__buf_split_78 /1 undetected
__buf_split_95 /1 undetected
__buf_split_94 /1 undetected
__buf_split_83 /1 undetected
__buf_split_82 /1 undetected
