[onpolicy-r4/subckt_0393] [plan] torch_deterministic=true
[onpolicy-r4/subckt_0393] [plan] latent_norm_clip_ratio=4 latent_norm_limit=30.409229
[onpolicy-r4/subckt_0393] [plan] step=1 node=__buf_split_157 type=control1 q_pred_context=8.067075 sequence=8.067075
[onpolicy-r4/subckt_0393] [plan] step=2 node=__aig_and_225 type=observe q_pred_context=6.749966 sequence=14.817041
[onpolicy-r4/subckt_0393] [plan] step=3 node=__aig_and_182 type=observe q_pred_context=3.746855 sequence=18.563896
[onpolicy-r4/subckt_0393] [plan] step=4 node=370 type=control0 q_pred_context=0.877478 sequence=19.441374
[onpolicy-r4/subckt_0393] [plan] step=5 node=__aig_not_241 type=control0 q_pred_context=0.910556 sequence=20.351931
[onpolicy-r4/subckt_0393] [plan] step=6 node=__aig_and_12 type=control1 q_pred_context=0.912603 sequence=21.264534
[onpolicy-r4/subckt_0393] [plan] step=7 node=__aig_not_232 type=control0 q_pred_context=0.999737 sequence=22.264271
[onpolicy-r4/subckt_0393] [plan] step=8 node=__aig_not_215 type=control0 q_pred_context=1.475611 sequence=23.739883
[onpolicy-r4/subckt_0393] [plan] step=9 node=__aig_not_207 type=control0 q_pred_context=2.873304 sequence=26.613187
[onpolicy-r4/subckt_0393] [plan] step=10 node=__aig_not_199 type=control0 q_pred_context=3.459783 sequence=30.072969
[onpolicy-r4/subckt_0393] [plan] step=11 node=334 type=control0 q_pred_context=2.551808 sequence=32.624778
[onpolicy-r4/subckt_0393] [plan] step=12 node=329 type=control0 q_pred_context=1.048124 sequence=33.672902
[onpolicy-r4/subckt_0393] [plan] step=13 node=336 type=control0 q_pred_context=1.347697 sequence=35.020599
[onpolicy-r4/subckt_0393] [plan] step=14 node=338 type=control0 q_pred_context=1.487611 sequence=36.508210
[onpolicy-r4/subckt_0393] [plan] step=15 node=__aig_and_119 type=observe q_pred_context=4.878895 sequence=41.387105
[onpolicy-r4/subckt_0393] [plan] step=16 node=__buf_split_159 type=control1 q_pred_context=1.315231 sequence=42.702336
[onpolicy-r4/subckt_0393] [plan] step=17 node=__aig_and_290 type=observe q_pred_context=1.115486 sequence=43.817822
[onpolicy-r4/subckt_0393] [plan] step=18 node=340 type=control0 q_pred_context=1.366174 sequence=45.183996
[onpolicy-r4/subckt_0393] [plan] step=19 node=__aig_and_248 type=observe q_pred_context=1.083748 sequence=46.267745
[onpolicy-r4/subckt_0393] [plan] step=20 node=342 type=control0 q_pred_context=1.531306 sequence=47.799050
[onpolicy-r4/subckt_0393] [plan] step=21 node=__buf_split_214 type=control1 q_pred_context=1.305233 sequence=49.104283
[onpolicy-r4/subckt_0393] [plan] step=22 node=__aig_and_266 type=observe q_pred_context=1.682169 sequence=50.786452
[onpolicy-r4/subckt_0393] [plan] step=23 node=347 type=control0 q_pred_context=1.900833 sequence=52.687285
[onpolicy-r4/subckt_0393] [plan] step=24 node=346 type=control0 q_pred_context=1.346810 sequence=54.034096
[onpolicy-r4/subckt_0393] [plan] step=25 node=__aig_and_273 type=observe q_pred_context=1.625734 sequence=55.659829
[onpolicy-r4/subckt_0393] [plan] step=26 node=344 type=control0 q_pred_context=1.515993 sequence=57.175823
[onpolicy-r4/subckt_0393] [plan] step=27 node=__aig_and_257 type=observe q_pred_context=1.238670 sequence=58.414493
[onpolicy-r4/subckt_0393] [plan] step=28 node=357 type=control1 q_pred_context=1.655120 sequence=60.069613
[onpolicy-r4/subckt_0393] [plan] step=29 node=__aig_and_194 type=control1 q_pred_context=1.762718 sequence=61.832331
[onpolicy-r4/subckt_0393] [plan] step=30 node=__aig_and_193 type=control1 q_pred_context=1.092388 sequence=62.924718
[onpolicy-r4/subckt_0393] [plan] step=31 node=__aig_not_250 type=control0 q_pred_context=1.262660 sequence=64.187378
[onpolicy-r4/subckt_0393] [plan] step=32 node=__aig_and_192 type=control1 q_pred_context=1.275984 sequence=65.463362
[onpolicy-r4/subckt_0393] saved=autoresearch/loop-260720-0945/model_training_round4/onpolicy_plans/subckt_0393.csv
