[onpolicy-r4/subckt_0304] [plan] torch_deterministic=true
[onpolicy-r4/subckt_0304] [plan] latent_norm_clip_ratio=4 latent_norm_limit=30.461708
[onpolicy-r4/subckt_0304] [plan] step=1 node=new_n654_ type=observe q_pred_context=4.924749 sequence=4.924749
[onpolicy-r4/subckt_0304] [plan] step=2 node=new_n2688_ type=observe q_pred_context=4.053951 sequence=8.978700
[onpolicy-r4/subckt_0304] [plan] step=3 node=new_n1024_ type=observe q_pred_context=4.226747 sequence=13.205447
[onpolicy-r4/subckt_0304] [plan] step=4 node=__buf_split_383 type=control0 q_pred_context=2.197704 sequence=15.403152
[onpolicy-r4/subckt_0304] [plan] step=5 node=__buf_split_200 type=control0 q_pred_context=2.450328 sequence=17.853480
[onpolicy-r4/subckt_0304] [plan] step=6 node=new_n283_ type=control1 q_pred_context=3.131836 sequence=20.985316
[onpolicy-r4/subckt_0304] [plan] step=7 node=new_n541_ type=control1 q_pred_context=1.794687 sequence=22.780003
[onpolicy-r4/subckt_0304] [plan] step=8 node=new_n855_ type=control1 q_pred_context=1.738204 sequence=24.518207
[onpolicy-r4/subckt_0304] [plan] step=9 node=new_n2826_ type=control1 q_pred_context=1.821545 sequence=26.339751
[onpolicy-r4/subckt_0304] [plan] step=10 node=new_n1216_ type=control1 q_pred_context=1.769511 sequence=28.109262
[onpolicy-r4/subckt_0304] [plan] step=11 node=new_n564_ type=control0 q_pred_context=1.526698 sequence=29.635960
[onpolicy-r4/subckt_0304] [plan] step=12 node=new_n571_ type=observe q_pred_context=1.175585 sequence=30.811545
[onpolicy-r4/subckt_0304] [plan] step=13 node=v26.10 type=control0 q_pred_context=2.088744 sequence=32.900289
[onpolicy-r4/subckt_0304] [plan] step=14 node=__buf_split_201 type=control0 q_pred_context=1.597928 sequence=34.498217
[onpolicy-r4/subckt_0304] [plan] step=15 node=v26.3 type=control0 q_pred_context=2.313051 sequence=36.811268
[onpolicy-r4/subckt_0304] [plan] step=16 node=__buf_split_382 type=control0 q_pred_context=2.736115 sequence=39.547383
[onpolicy-r4/subckt_0304] [plan] step=17 node=new_n639_ type=observe q_pred_context=2.867534 sequence=42.414917
[onpolicy-r4/subckt_0304] [plan] step=18 node=__buf_split_403 type=control0 q_pred_context=7.830926 sequence=50.245843
[onpolicy-r4/subckt_0304] [plan] step=19 node=v26.2 type=control0 q_pred_context=5.415380 sequence=55.661223
[onpolicy-r4/subckt_0304] [plan] step=20 node=__buf_split_402 type=control0 q_pred_context=4.029159 sequence=59.690381
[onpolicy-r4/subckt_0304] [plan] step=21 node=new_n573_ type=control1 q_pred_context=3.558512 sequence=63.248893
[onpolicy-r4/subckt_0304] [plan] step=22 node=new_n2680_ type=observe q_pred_context=3.431385 sequence=66.680279
[onpolicy-r4/subckt_0304] [plan] step=23 node=new_n563_ type=control1 q_pred_context=7.217564 sequence=73.897843
[onpolicy-r4/subckt_0304] [plan] step=24 node=new_n854_ type=control0 q_pred_context=5.875866 sequence=79.773710
[onpolicy-r4/subckt_0304] [plan] step=25 node=new_n1215_ type=control0 q_pred_context=4.169086 sequence=83.942796
[onpolicy-r4/subckt_0304] [plan] step=26 node=new_n2791_ type=control0 q_pred_context=3.591790 sequence=87.534586
[onpolicy-r4/subckt_0304] [plan] step=27 node=new_n1012_ type=observe q_pred_context=3.419566 sequence=90.954152
[onpolicy-r4/subckt_0304] [plan] step=28 node=new_n2698_ type=observe q_pred_context=3.015842 sequence=93.969994
[onpolicy-r4/subckt_0304] [plan] step=29 node=__buf_split_404 type=control0 q_pred_context=2.851481 sequence=96.821475
[onpolicy-r4/subckt_0304] [plan] step=30 node=new_n1062_ type=observe q_pred_context=7.193134 sequence=104.014609
[onpolicy-r4/subckt_0304] [plan] step=31 node=new_n697_ type=observe q_pred_context=2.785553 sequence=106.800161
[onpolicy-r4/subckt_0304] [plan] step=32 node=new_n641_ type=observe q_pred_context=3.383710 sequence=110.183872
[onpolicy-r4/subckt_0304] saved=autoresearch/loop-260720-0945/model_training_round4/onpolicy_plans/subckt_0304.csv
