[onpolicy-r4/subckt_0375] [plan] torch_deterministic=true
[onpolicy-r4/subckt_0375] [plan] latent_norm_clip_ratio=4 latent_norm_limit=30.609129
[onpolicy-r4/subckt_0375] [plan] step=1 node=__buf_split_384 type=control1 q_pred_context=4.130777 sequence=4.130777
[onpolicy-r4/subckt_0375] [plan] step=2 node=new_n30440_ type=observe q_pred_context=4.437760 sequence=8.568538
[onpolicy-r4/subckt_0375] [plan] step=3 node=__buf_split_375 type=control1 q_pred_context=4.646284 sequence=13.214822
[onpolicy-r4/subckt_0375] [plan] step=4 node=__buf_split_26100 type=observe q_pred_context=5.010378 sequence=18.225199
[onpolicy-r4/subckt_0375] [plan] step=5 node=__buf_split_25700 type=control1 q_pred_context=4.633906 sequence=22.859105
[onpolicy-r4/subckt_0375] [plan] step=6 node=__buf_split_24710 type=control0 q_pred_context=4.838737 sequence=27.697842
[onpolicy-r4/subckt_0375] [plan] step=7 node=__buf_split_28249 type=control0 q_pred_context=2.547670 sequence=30.245512
[onpolicy-r4/subckt_0375] [plan] step=8 node=__buf_split_27191 type=control1 q_pred_context=1.950577 sequence=32.196089
[onpolicy-r4/subckt_0375] [plan] step=9 node=__buf_split_23848 type=control0 q_pred_context=1.642309 sequence=33.838398
[onpolicy-r4/subckt_0375] [plan] step=10 node=new_n33302_ type=control1 q_pred_context=2.007026 sequence=35.845424
[onpolicy-r4/subckt_0375] [plan] step=11 node=new_n33304_ type=control1 q_pred_context=1.641844 sequence=37.487268
[onpolicy-r4/subckt_0375] [plan] step=12 node=new_n30206_ type=control0 q_pred_context=1.228939 sequence=38.716206
[onpolicy-r4/subckt_0375] [plan] step=13 node=new_n27832_ type=control1 q_pred_context=1.578257 sequence=40.294464
[onpolicy-r4/subckt_0375] [plan] step=14 node=new_n33614_ type=control0 q_pred_context=1.204013 sequence=41.498477
[onpolicy-r4/subckt_0375] [plan] step=15 node=new_n29002_ type=control1 q_pred_context=1.275877 sequence=42.774354
[onpolicy-r4/subckt_0375] [plan] step=16 node=new_n29633_ type=control0 q_pred_context=1.650711 sequence=44.425065
[onpolicy-r4/subckt_0375] [plan] step=17 node=new_n28037_ type=control1 q_pred_context=1.334004 sequence=45.759069
[onpolicy-r4/subckt_0375] [plan] step=18 node=new_n33313_ type=control1 q_pred_context=1.269733 sequence=47.028802
[onpolicy-r4/subckt_0375] [plan] step=19 node=__buf_split_25696 type=control0 q_pred_context=1.400415 sequence=48.429217
[onpolicy-r4/subckt_0375] [plan] step=20 node=new_n33290_ type=control1 q_pred_context=1.053701 sequence=49.482918
[onpolicy-r4/subckt_0375] [plan] step=21 node=new_n29627_ type=control0 q_pred_context=1.071865 sequence=50.554782
[onpolicy-r4/subckt_0375] [plan] step=22 node=new_n548_ type=control0 q_pred_context=1.207916 sequence=51.762699
[onpolicy-r4/subckt_0375] [plan] step=23 node=new_n30448_ type=control0 q_pred_context=1.227138 sequence=52.989836
[onpolicy-r4/subckt_0375] [plan] step=24 node=new_n29858_ type=control0 q_pred_context=1.298686 sequence=54.288523
[onpolicy-r4/subckt_0375] [plan] step=25 node=new_n29855_ type=control0 q_pred_context=1.147000 sequence=55.435523
[onpolicy-r4/subckt_0375] [plan] step=26 node=new_n29852_ type=control0 q_pred_context=1.366023 sequence=56.801546
[onpolicy-r4/subckt_0375] [plan] step=27 node=new_n555_ type=control0 q_pred_context=1.602581 sequence=58.404127
[onpolicy-r4/subckt_0375] [plan] step=28 node=new_n29650_ type=control0 q_pred_context=1.713500 sequence=60.117627
[onpolicy-r4/subckt_0375] [plan] step=29 node=new_n29630_ type=control0 q_pred_context=1.979130 sequence=62.096757
[onpolicy-r4/subckt_0375] [plan] step=30 node=new_n550_ type=control0 q_pred_context=2.071002 sequence=64.167758
[onpolicy-r4/subckt_0375] [plan] step=31 node=new_n30196_ type=control0 q_pred_context=2.039309 sequence=66.207068
[onpolicy-r4/subckt_0375] [plan] step=32 node=new_n33308_ type=control1 q_pred_context=1.821043 sequence=68.028111
[onpolicy-r4/subckt_0375] saved=autoresearch/loop-260720-0945/model_training_round4/onpolicy_plans/subckt_0375.csv
