[onpolicy-r4/subckt_0374] [plan] torch_deterministic=true
[onpolicy-r4/subckt_0374] [plan] latent_norm_clip_ratio=4 latent_norm_limit=30.676455
[onpolicy-r4/subckt_0374] [plan] step=1 node=__buf_split_214 type=control1 q_pred_context=6.845853 sequence=6.845853
[onpolicy-r4/subckt_0374] [plan] step=2 node=__aig_and_346 type=observe q_pred_context=3.031397 sequence=9.877250
[onpolicy-r4/subckt_0374] [plan] step=3 node=__buf_split_73 type=control1 q_pred_context=3.306182 sequence=13.183432
[onpolicy-r4/subckt_0374] [plan] step=4 node=__buf_split_71 type=control0 q_pred_context=2.806581 sequence=15.990013
[onpolicy-r4/subckt_0374] [plan] step=5 node=__aig_and_300 type=observe q_pred_context=2.744116 sequence=18.734129
[onpolicy-r4/subckt_0374] [plan] step=6 node=425 type=control0 q_pred_context=1.652561 sequence=20.386690
[onpolicy-r4/subckt_0374] [plan] step=7 node=__aig_not_138 type=observe q_pred_context=2.123272 sequence=22.509962
[onpolicy-r4/subckt_0374] [plan] step=8 node=__aig_and_330 type=observe q_pred_context=2.102845 sequence=24.612808
[onpolicy-r4/subckt_0374] [plan] step=9 node=__buf_split_260 type=control0 q_pred_context=1.646093 sequence=26.258901
[onpolicy-r4/subckt_0374] [plan] step=10 node=__buf_split_69 type=control0 q_pred_context=1.969999 sequence=28.228900
[onpolicy-r4/subckt_0374] [plan] step=11 node=__aig_and_298 type=observe q_pred_context=1.658771 sequence=29.887671
[onpolicy-r4/subckt_0374] [plan] step=12 node=__aig_and_297 type=observe q_pred_context=1.402530 sequence=31.290201
[onpolicy-r4/subckt_0374] [plan] step=13 node=__aig_and_286 type=control1 q_pred_context=1.422858 sequence=32.713059
[onpolicy-r4/subckt_0374] [plan] step=14 node=422 type=control0 q_pred_context=1.824396 sequence=34.537455
[onpolicy-r4/subckt_0374] [plan] step=15 node=__aig_and_299 type=observe q_pred_context=1.973106 sequence=36.510562
[onpolicy-r4/subckt_0374] [plan] step=16 node=374 type=control0 q_pred_context=1.772873 sequence=38.283434
[onpolicy-r4/subckt_0374] [plan] step=17 node=__aig_and_13 type=control1 q_pred_context=1.267134 sequence=39.550569
[onpolicy-r4/subckt_0374] [plan] step=18 node=174 type=control0 q_pred_context=1.322182 sequence=40.872751
[onpolicy-r4/subckt_0374] [plan] step=19 node=370 type=control0 q_pred_context=1.321808 sequence=42.194559
[onpolicy-r4/subckt_0374] [plan] step=20 node=__aig_not_58 type=observe q_pred_context=1.363111 sequence=43.557670
[onpolicy-r4/subckt_0374] [plan] step=21 node=__aig_and_249 type=observe q_pred_context=1.834608 sequence=45.392278
[onpolicy-r4/subckt_0374] [plan] step=22 node=__buf_split_259 type=control0 q_pred_context=3.854331 sequence=49.246610
[onpolicy-r4/subckt_0374] [plan] step=23 node=__aig_and_11 type=control1 q_pred_context=1.622389 sequence=50.868999
[onpolicy-r4/subckt_0374] [plan] step=24 node=__buf_split_243 type=control0 q_pred_context=1.287130 sequence=52.156129
[onpolicy-r4/subckt_0374] [plan] step=25 node=__buf_split_249 type=control0 q_pred_context=2.988973 sequence=55.145102
[onpolicy-r4/subckt_0374] [plan] step=26 node=__aig_and_327 type=observe q_pred_context=2.089679 sequence=57.234781
[onpolicy-r4/subckt_0374] [plan] step=27 node=__aig_and_1 type=control1 q_pred_context=1.749562 sequence=58.984343
[onpolicy-r4/subckt_0374] [plan] step=28 node=__buf_split_28 type=control0 q_pred_context=3.139605 sequence=62.123947
[onpolicy-r4/subckt_0374] [plan] step=29 node=150 type=control0 q_pred_context=2.740232 sequence=64.864180
[onpolicy-r4/subckt_0374] [plan] step=30 node=__buf_split_30 type=control0 q_pred_context=2.079894 sequence=66.944073
[onpolicy-r4/subckt_0374] [plan] step=31 node=371 type=observe q_pred_context=1.713086 sequence=68.657159
[onpolicy-r4/subckt_0374] [plan] step=32 node=393 type=control0 q_pred_context=1.324624 sequence=69.981783
[onpolicy-r4/subckt_0374] saved=autoresearch/loop-260720-0945/model_training_round4/onpolicy_plans/subckt_0374.csv
