[onpolicy-r4/subckt_0148] [plan] torch_deterministic=true
[onpolicy-r4/subckt_0148] [plan] latent_norm_clip_ratio=4 latent_norm_limit=30.622229
[onpolicy-r4/subckt_0148] [plan] step=1 node=__aig_and_56399 type=control1 q_pred_context=3.122727 sequence=3.122727
[onpolicy-r4/subckt_0148] [plan] step=2 node=new_n280 type=control1 q_pred_context=5.997154 sequence=9.119882
[onpolicy-r4/subckt_0148] [plan] step=3 node=__buf_split_36878 type=observe q_pred_context=4.795601 sequence=13.915483
[onpolicy-r4/subckt_0148] [plan] step=4 node=new_n24700 type=observe q_pred_context=3.914576 sequence=17.830058
[onpolicy-r4/subckt_0148] [plan] step=5 node=new_n282 type=control1 q_pred_context=4.934851 sequence=22.764909
[onpolicy-r4/subckt_0148] [plan] step=6 node=__aig_and_62125 type=observe q_pred_context=2.569451 sequence=25.334360
[onpolicy-r4/subckt_0148] [plan] step=7 node=__aig_and_58382 type=control0 q_pred_context=2.175417 sequence=27.509777
[onpolicy-r4/subckt_0148] [plan] step=8 node=new_n23090 type=control1 q_pred_context=3.270484 sequence=30.780261
[onpolicy-r4/subckt_0148] [plan] step=9 node=__aig_and_58375 type=control0 q_pred_context=1.936683 sequence=32.716944
[onpolicy-r4/subckt_0148] [plan] step=10 node=__aig_and_56429 type=control0 q_pred_context=1.847576 sequence=34.564520
[onpolicy-r4/subckt_0148] [plan] step=11 node=__aig_not_56383 type=control0 q_pred_context=1.977614 sequence=36.542134
[onpolicy-r4/subckt_0148] [plan] step=12 node=__aig_and_284 type=control1 q_pred_context=2.190025 sequence=38.732159
[onpolicy-r4/subckt_0148] [plan] step=13 node=__aig_not_56392 type=control0 q_pred_context=1.455886 sequence=40.188045
[onpolicy-r4/subckt_0148] [plan] step=14 node=__buf_split_38502 type=observe q_pred_context=2.061433 sequence=42.249478
[onpolicy-r4/subckt_0148] [plan] step=15 node=__aig_not_56430 type=observe q_pred_context=1.353614 sequence=43.603092
[onpolicy-r4/subckt_0148] [plan] step=16 node=__aig_and_56374 type=observe q_pred_context=1.392957 sequence=44.996049
[onpolicy-r4/subckt_0148] [plan] step=17 node=new_n23891 type=observe q_pred_context=1.671455 sequence=46.667504
[onpolicy-r4/subckt_0148] [plan] step=18 node=new_n26231 type=control1 q_pred_context=3.227844 sequence=49.895347
[onpolicy-r4/subckt_0148] [plan] step=19 node=new_n281 type=control0 q_pred_context=2.152006 sequence=52.047353
[onpolicy-r4/subckt_0148] [plan] step=20 node=__aig_not_56357 type=control0 q_pred_context=1.796639 sequence=53.843992
[onpolicy-r4/subckt_0148] [plan] step=21 node=__aig_not_65220 type=control0 q_pred_context=1.866574 sequence=55.710566
[onpolicy-r4/subckt_0148] [plan] step=22 node=__aig_and_45 type=control0 q_pred_context=2.983349 sequence=58.693915
[onpolicy-r4/subckt_0148] [plan] step=23 node=__aig_and_65251 type=control1 q_pred_context=1.600394 sequence=60.294309
[onpolicy-r4/subckt_0148] [plan] step=24 node=__aig_and_63131 type=observe q_pred_context=2.215564 sequence=62.509873
[onpolicy-r4/subckt_0148] [plan] step=25 node=__aig_and_65244 type=control0 q_pred_context=2.363633 sequence=64.873506
[onpolicy-r4/subckt_0148] [plan] step=26 node=__aig_and_65241 type=control1 q_pred_context=2.095348 sequence=66.968854
[onpolicy-r4/subckt_0148] [plan] step=27 node=__buf_split_36872 type=observe q_pred_context=2.618290 sequence=69.587144
[onpolicy-r4/subckt_0148] [plan] step=28 node=__aig_not_56438 type=observe q_pred_context=1.723546 sequence=71.310690
[onpolicy-r4/subckt_0148] [plan] step=29 node=__aig_and_56381 type=control1 q_pred_context=1.471330 sequence=72.782020
[onpolicy-r4/subckt_0148] [plan] step=30 node=__aig_not_56354 type=observe q_pred_context=1.196677 sequence=73.978697
[onpolicy-r4/subckt_0148] [plan] step=31 node=__aig_and_65223 type=control1 q_pred_context=1.240488 sequence=75.219185
[onpolicy-r4/subckt_0148] [plan] step=32 node=__aig_and_61082 type=observe q_pred_context=0.939754 sequence=76.158939
[onpolicy-r4/subckt_0148] saved=autoresearch/loop-260720-0945/model_training_round4/onpolicy_plans/subckt_0148.csv
