[plan] candidate_allowlist=autoresearch/original-netlist-recovery-260712/exact_itc99/b15_C/exact_candidate_nodes.txt nodes=7918
[plan] latent_norm_clip_ratio=4 latent_norm_limit=30.875631
[plan] step=1 node=N677 type=control1 q_pred_context=4.904949 sequence=4.904949
[plan] step=2 node=N2155 type=observe q_pred_context=3.253092 sequence=8.158041
[plan] step=3 node=N502 type=control1 q_pred_context=1.992560 sequence=10.150600
[plan] step=4 node=N762 type=control1 q_pred_context=1.452352 sequence=11.602952
[plan] step=5 node=N4520 type=control0 q_pred_context=1.337007 sequence=12.939959
[plan] step=6 node=N3644 type=control0 q_pred_context=1.301069 sequence=14.241028
[plan] step=7 node=N3756 type=control0 q_pred_context=1.029452 sequence=15.270479
[plan] step=8 node=N557 type=control1 q_pred_context=1.154307 sequence=16.424787
[plan] step=9 node=N3742 type=control0 q_pred_context=1.120172 sequence=17.544958
[plan] step=10 node=N508 type=control1 q_pred_context=1.529617 sequence=19.074575
[plan] step=11 node=N5866 type=observe q_pred_context=3.338888 sequence=22.413463
[plan] step=12 node=N580 type=control1 q_pred_context=2.190825 sequence=24.604288
[plan] step=13 node=N2314 type=control1 q_pred_context=2.048483 sequence=26.652772
[plan] step=14 node=N2082 type=observe q_pred_context=1.387581 sequence=28.040353
[plan] step=15 node=N496 type=control1 q_pred_context=2.240172 sequence=30.280525
[plan] step=16 node=N564 type=control1 q_pred_context=2.231445 sequence=32.511970
[plan] step=17 node=N5203 type=control1 q_pred_context=2.324897 sequence=34.836867
[plan] step=18 node=N1564 type=control1 q_pred_context=2.601131 sequence=37.437998
[plan] step=19 node=N889 type=observe q_pred_context=2.622067 sequence=40.060066
[plan] step=20 node=N1853 type=observe q_pred_context=3.189515 sequence=43.249581
[plan] step=21 node=N4670 type=control0 q_pred_context=3.111570 sequence=46.361150
[plan] step=22 node=N2101 type=observe q_pred_context=2.611516 sequence=48.972666
[plan] step=23 node=N4635 type=control0 q_pred_context=2.910084 sequence=51.882750
[plan] step=24 node=N1860 type=observe q_pred_context=2.417783 sequence=54.300533
[plan] step=25 node=N1372 type=observe q_pred_context=2.264601 sequence=56.565135
[plan] step=26 node=N1532 type=observe q_pred_context=2.233069 sequence=58.798204
[plan] step=27 node=N582 type=control1 q_pred_context=1.267975 sequence=60.066179
[plan] step=28 node=N4712 type=control0 q_pred_context=3.032372 sequence=63.098550
[plan] step=29 node=N7511 type=control1 q_pred_context=2.062904 sequence=65.161454
[plan] step=30 node=N5723 type=control0 q_pred_context=2.214519 sequence=67.375973
[plan] step=31 node=N576 type=observe q_pred_context=2.166787 sequence=69.542760
[plan] step=32 node=N4649 type=control0 q_pred_context=2.954944 sequence=72.497704
[plan] step=33 node=N893 type=observe q_pred_context=1.287403 sequence=73.785107
[plan] step=34 node=N4656 type=control0 q_pred_context=3.113871 sequence=76.898978
[plan] step=35 node=N713 type=observe q_pred_context=4.014054 sequence=80.913032
[plan] step=36 node=N766 type=control1 q_pred_context=0.961809 sequence=81.874842
[plan] step=37 node=N583 type=control1 q_pred_context=1.876478 sequence=83.751319
[plan] step=38 node=N6537 type=observe q_pred_context=3.455294 sequence=87.206614
[plan] step=39 node=N4705 type=control0 q_pred_context=2.033258 sequence=89.239871
[plan] step=40 node=N8470 type=observe q_pred_context=3.096566 sequence=92.336437
[plan] step=41 node=N724 type=observe q_pred_context=2.218810 sequence=94.555247
[plan] step=42 node=N4698 type=control0 q_pred_context=3.184746 sequence=97.739992
[plan] step=43 node=N7413 type=control1 q_pred_context=1.485311 sequence=99.225303
[plan] step=44 node=N3701 type=control0 q_pred_context=0.868849 sequence=100.094152
[plan] step=45 node=N4691 type=control0 q_pred_context=1.934091 sequence=102.028243
[plan] step=46 node=N3911 type=control0 q_pred_context=1.113680 sequence=103.141923
[plan] step=47 node=N3904 type=control0 q_pred_context=1.026208 sequence=104.168131
[plan] step=48 node=N4684 type=control0 q_pred_context=1.921269 sequence=106.089399
[plan] step=49 node=N4677 type=control0 q_pred_context=2.014865 sequence=108.104265
[plan] step=50 node=N2044 type=observe q_pred_context=1.083543 sequence=109.187808
[plan] step=51 node=N4663 type=control0 q_pred_context=2.097460 sequence=111.285267
[plan] step=52 node=N2042 type=observe q_pred_context=1.308025 sequence=112.593292
[plan] step=53 node=N899 type=observe q_pred_context=1.891468 sequence=114.484761
[plan] step=54 node=N4716 type=control0 q_pred_context=2.018860 sequence=116.503621
[plan] step=55 node=N2040 type=observe q_pred_context=1.428620 sequence=117.932241
[plan] step=56 node=N7411 type=control1 q_pred_context=1.410684 sequence=119.342925
[plan] step=57 node=N519 type=control1 q_pred_context=2.902996 sequence=122.245921
[plan] step=58 node=N7506 type=observe q_pred_context=2.041840 sequence=124.287760
[plan] step=59 node=N7471 type=control0 q_pred_context=1.254253 sequence=125.542013
[plan] step=60 node=N7388 type=observe q_pred_context=1.146313 sequence=126.688326
[plan] step=61 node=N7370 type=control1 q_pred_context=1.461847 sequence=128.150173
[plan] step=62 node=N513 type=control1 q_pred_context=2.623217 sequence=130.773390
[plan] step=63 node=N3862 type=control0 q_pred_context=1.481688 sequence=132.255078
[plan] step=64 node=N3855 type=control0 q_pred_context=1.640279 sequence=133.895357
[plan] step=65 node=N504 type=control1 q_pred_context=3.528622 sequence=137.423979
[plan] step=66 node=N3848 type=control0 q_pred_context=1.782156 sequence=139.206135
[plan] step=67 node=N3841 type=control0 q_pred_context=1.858834 sequence=141.064969
[plan] step=68 node=N3827 type=control0 q_pred_context=1.884440 sequence=142.949408
[plan] step=69 node=N3820 type=control0 q_pred_context=2.071072 sequence=145.020480
[plan] step=70 node=N3813 type=control0 q_pred_context=2.192735 sequence=147.213215
[plan] step=71 node=N3799 type=control0 q_pred_context=2.275091 sequence=149.488305
[plan] step=72 node=N3792 type=control0 q_pred_context=2.168023 sequence=151.656329
[plan] step=73 node=N3785 type=control0 q_pred_context=2.095907 sequence=153.752236
[plan] step=74 node=N3722 type=control0 q_pred_context=2.240585 sequence=155.992821
[plan] step=75 node=N3897 type=control0 q_pred_context=2.309247 sequence=158.302068
[plan] step=76 node=N7722 type=control0 q_pred_context=2.574250 sequence=160.876317
[plan] step=77 node=N520 type=control1 q_pred_context=2.843080 sequence=163.719397
[plan] step=78 node=N516 type=control1 q_pred_context=3.932869 sequence=167.652266
[plan] step=79 node=N704 type=observe q_pred_context=2.743837 sequence=170.396103
[plan] step=80 node=N4585 type=control0 q_pred_context=2.057386 sequence=172.453489
[plan] step=81 node=N4557 type=control0 q_pred_context=1.899645 sequence=174.353135
[plan] step=82 node=N4564 type=control0 q_pred_context=2.304226 sequence=176.657361
[plan] step=83 node=N4578 type=control0 q_pred_context=2.198446 sequence=178.855807
[plan] step=84 node=N3903 type=control0 q_pred_context=2.653430 sequence=181.509238
[plan] step=85 node=N3889 type=control0 q_pred_context=2.767455 sequence=184.276693
[plan] step=86 node=N2106 type=observe q_pred_context=3.107592 sequence=187.384285
[plan] step=87 node=N4606 type=control0 q_pred_context=2.161523 sequence=189.545808
[plan] step=88 node=N3882 type=control0 q_pred_context=2.459806 sequence=192.005614
[plan] step=89 node=N3840 type=control0 q_pred_context=3.071051 sequence=195.076665
[plan] step=90 node=N3805 type=control0 q_pred_context=3.215568 sequence=198.292233
[plan] step=91 node=N7725 type=control0 q_pred_context=3.245789 sequence=201.538022
[plan] step=92 node=N7723 type=control0 q_pred_context=3.084136 sequence=204.622158
[plan] step=93 node=N555 type=control1 q_pred_context=3.424352 sequence=208.046510
[plan] step=94 node=N7724 type=control0 q_pred_context=2.476746 sequence=210.523257
[plan] step=95 node=N556 type=control1 q_pred_context=3.812859 sequence=214.336116
[plan] step=96 node=N578 type=observe q_pred_context=3.291695 sequence=217.627811
[plan] step=97 node=N3681 type=control0 q_pred_context=2.371038 sequence=219.998849
[plan] step=98 node=N1533 type=control1 q_pred_context=1.894843 sequence=221.893692
[plan] step=99 node=N2083 type=observe q_pred_context=1.545112 sequence=223.438804
[plan] step=100 node=N3124 type=control1 q_pred_context=2.426427 sequence=225.865231
[plan] step=101 node=N7537 type=observe q_pred_context=2.183425 sequence=228.048656
[plan] step=102 node=N7535 type=observe q_pred_context=1.960501 sequence=230.009157
[plan] step=103 node=N7534 type=observe q_pred_context=3.559512 sequence=233.568669
[plan] step=104 node=N7532 type=observe q_pred_context=2.816791 sequence=236.385460
[plan] step=105 node=N7518 type=observe q_pred_context=1.824901 sequence=238.210361
[plan] step=106 node=N785 type=observe q_pred_context=1.609429 sequence=239.819790
[plan] step=107 node=N634 type=control1 q_pred_context=1.967928 sequence=241.787718
[plan] step=108 node=N614 type=control1 q_pred_context=1.590106 sequence=243.377824
[plan] step=109 node=N3180 type=control1 q_pred_context=1.838728 sequence=245.216552
[plan] step=110 node=N7408 type=control0 q_pred_context=1.320067 sequence=246.536618
[plan] step=111 node=N7735 type=control0 q_pred_context=0.678824 sequence=247.215443
[plan] step=112 node=N2580 type=control1 q_pred_context=0.840945 sequence=248.056388
[plan] step=113 node=N3352 type=control1 q_pred_context=1.002486 sequence=249.058874
[plan] step=114 node=N7734 type=control0 q_pred_context=0.711614 sequence=249.770488
[plan] step=115 node=N620 type=control1 q_pred_context=1.241941 sequence=251.012429
[plan] step=116 node=N7733 type=control0 q_pred_context=0.721963 sequence=251.734392
[plan] step=117 node=N638 type=control1 q_pred_context=1.258509 sequence=252.992901
[plan] step=118 node=N610 type=control1 q_pred_context=1.672783 sequence=254.665684
[plan] step=119 node=N7732 type=control0 q_pred_context=0.942445 sequence=255.608130
[plan] step=120 node=N7424 type=control1 q_pred_context=1.073197 sequence=256.681326
[plan] step=121 node=N3237 type=control1 q_pred_context=0.983760 sequence=257.665086
[plan] step=122 node=N7731 type=control0 q_pred_context=0.851823 sequence=258.516909
[plan] step=123 node=N3410 type=control1 q_pred_context=0.911476 sequence=259.428385
[plan] step=124 node=N7847 type=control0 q_pred_context=0.993004 sequence=260.421389
[plan] step=125 node=N7541 type=control0 q_pred_context=0.983887 sequence=261.405275
[plan] step=126 node=N7736 type=control0 q_pred_context=0.931643 sequence=262.336918
[plan] step=127 node=N645 type=control1 q_pred_context=0.894537 sequence=263.231455
[plan] step=128 node=N5627 type=observe q_pred_context=0.997632 sequence=264.229088
[plan] step=129 node=N5046 type=observe q_pred_context=1.450274 sequence=265.679362
[plan] step=130 node=N616 type=control1 q_pred_context=1.812508 sequence=267.491870
[plan] step=131 node=N7730 type=control0 q_pred_context=1.263452 sequence=268.755321
[plan] step=132 node=N636 type=control1 q_pred_context=1.509206 sequence=270.264527
[plan] step=133 node=N7729 type=control0 q_pred_context=1.219979 sequence=271.484506
[plan] step=134 node=N3295 type=control1 q_pred_context=1.218911 sequence=272.703417
[plan] step=135 node=N7883 type=control1 q_pred_context=0.911430 sequence=273.614847
[plan] step=136 node=N630 type=control1 q_pred_context=1.226603 sequence=274.841449
[plan] step=137 node=N642 type=control1 q_pred_context=0.850273 sequence=275.691723
[plan] step=138 node=N7727 type=control0 q_pred_context=1.290207 sequence=276.981930
[plan] step=139 node=N649 type=control1 q_pred_context=5.549481 sequence=282.531411
[plan] step=140 node=N3525 type=control1 q_pred_context=2.691929 sequence=285.223340
[plan] step=141 node=N5603 type=observe q_pred_context=0.964012 sequence=286.187352
[plan] step=142 node=N7726 type=control0 q_pred_context=1.757046 sequence=287.944398
[plan] step=143 node=N1607 type=control1 q_pred_context=1.850615 sequence=289.795013
[plan] step=144 node=N647 type=control1 q_pred_context=3.145885 sequence=292.940898
[plan] step=145 node=N7721 type=control0 q_pred_context=2.209302 sequence=295.150200
[plan] step=146 node=N1586 type=control1 q_pred_context=1.856293 sequence=297.006494
[plan] step=147 node=N7401 type=observe q_pred_context=1.640484 sequence=298.646977
[plan] step=148 node=N6948 type=observe q_pred_context=1.934328 sequence=300.581306
[plan] step=149 node=N7853 type=control0 q_pred_context=4.014424 sequence=304.595730
[plan] step=150 node=N3467 type=control1 q_pred_context=1.944547 sequence=306.540277
[plan] step=151 node=N7465 type=observe q_pred_context=1.549494 sequence=308.089771
[plan] step=152 node=N2721 type=control1 q_pred_context=2.188408 sequence=310.278179
[plan] step=153 node=N2102 type=observe q_pred_context=1.525368 sequence=311.803547
[plan] step=154 node=N2894 type=control1 q_pred_context=1.928620 sequence=313.732167
[plan] step=155 node=N2952 type=control1 q_pred_context=1.656306 sequence=315.388474
[plan] step=156 node=N2779 type=control1 q_pred_context=1.513054 sequence=316.901528
[plan] step=157 node=N7613 type=observe q_pred_context=1.509006 sequence=318.410533
[plan] step=158 node=N7482 type=observe q_pred_context=1.453541 sequence=319.864074
[plan] step=159 node=N694 type=observe q_pred_context=2.288744 sequence=322.152818
[plan] step=160 node=N2652 type=control1 q_pred_context=1.930206 sequence=324.083024
[plan] step=161 node=N7624 type=observe q_pred_context=2.320139 sequence=326.403164
[plan] step=162 node=N7846 type=control0 q_pred_context=0.778714 sequence=327.181877
[plan] step=163 node=N2837 type=control1 q_pred_context=0.892790 sequence=328.074667
[plan] step=164 node=N3009 type=control1 q_pred_context=1.085984 sequence=329.160651
[plan] step=165 node=N5617 type=observe q_pred_context=1.410634 sequence=330.571284
[plan] step=166 node=N7589 type=control1 q_pred_context=1.202352 sequence=331.773636
[plan] step=167 node=N3067 type=control1 q_pred_context=1.130288 sequence=332.903924
[plan] step=168 node=N5873 type=observe q_pred_context=0.746991 sequence=333.650915
[plan] step=169 node=N8790 type=control1 q_pred_context=1.135550 sequence=334.786465
[plan] step=170 node=N6531 type=observe q_pred_context=0.878181 sequence=335.664646
[plan] step=171 node=N8240 type=control1 q_pred_context=1.340163 sequence=337.004810
[plan] step=172 node=N5356 type=observe q_pred_context=1.620107 sequence=338.624917
[plan] step=173 node=N7385 type=observe q_pred_context=1.173394 sequence=339.798311
[plan] step=174 node=N5738 type=observe q_pred_context=1.177099 sequence=340.975410
[plan] step=175 node=N8789 type=control1 q_pred_context=1.430879 sequence=342.406289
[plan] step=176 node=N7626 type=observe q_pred_context=1.065586 sequence=343.471875
[plan] step=177 node=N8239 type=control1 q_pred_context=1.345986 sequence=344.817861
[plan] step=178 node=N5878 type=observe q_pred_context=1.338470 sequence=346.156331
[plan] step=179 node=N7820 type=control0 q_pred_context=1.419293 sequence=347.575623
[plan] step=180 node=N5876 type=observe q_pred_context=0.723107 sequence=348.298731
[plan] step=181 node=N723 type=observe q_pred_context=1.464264 sequence=349.762995
[plan] step=182 node=N2157 type=observe q_pred_context=1.911435 sequence=351.674430
[plan] step=183 node=N8607 type=control1 q_pred_context=1.816471 sequence=353.490901
[plan] step=184 node=N5874 type=observe q_pred_context=1.961047 sequence=355.451949
[plan] step=185 node=N7852 type=control0 q_pred_context=1.779252 sequence=357.231200
[plan] step=186 node=N7442 type=control0 q_pred_context=1.546424 sequence=358.777625
[plan] step=187 node=N652 type=control1 q_pred_context=1.397205 sequence=360.174830
[plan] step=188 node=N8238 type=control1 q_pred_context=1.738885 sequence=361.913714
[plan] step=189 node=N8606 type=control1 q_pred_context=1.685999 sequence=363.599713
[plan] step=190 node=N7436 type=observe q_pred_context=1.644186 sequence=365.243900
[plan] step=191 node=N725 type=observe q_pred_context=2.429668 sequence=367.673567
[plan] step=192 node=N2149 type=observe q_pred_context=1.710535 sequence=369.384102
[plan] step=193 node=N8237 type=control1 q_pred_context=1.565042 sequence=370.949144
[plan] step=194 node=N902 type=control1 q_pred_context=2.481474 sequence=373.430618
[plan] step=195 node=N8605 type=control1 q_pred_context=1.868394 sequence=375.299012
[plan] step=196 node=N7854 type=control0 q_pred_context=1.331197 sequence=376.630208
[plan] step=197 node=N1411 type=control0 q_pred_context=1.244691 sequence=377.874900
[plan] step=198 node=N8236 type=control1 q_pred_context=1.535696 sequence=379.410596
[plan] step=199 node=N515 type=control1 q_pred_context=2.778955 sequence=382.189551
[plan] step=200 node=N4529 type=observe q_pred_context=1.630162 sequence=383.819714
[plan] step=201 node=N7473 type=control0 q_pred_context=1.273668 sequence=385.093381
[plan] step=202 node=N5726 type=control1 q_pred_context=1.168866 sequence=386.262247
[plan] step=203 node=N8235 type=control1 q_pred_context=1.976166 sequence=388.238413
[plan] step=204 node=N6538 type=observe q_pred_context=0.837239 sequence=389.075653
[plan] step=205 node=N8234 type=control1 q_pred_context=1.580397 sequence=390.656050
[plan] step=206 node=N6593 type=control1 q_pred_context=1.487536 sequence=392.143586
[plan] step=207 node=N8783 type=control1 q_pred_context=1.836157 sequence=393.979743
[plan] step=208 node=N8233 type=control1 q_pred_context=1.811265 sequence=395.791009
[plan] step=209 node=N7453 type=observe q_pred_context=1.111994 sequence=396.903003
[plan] step=210 node=N7500 type=observe q_pred_context=1.041309 sequence=397.944312
[plan] step=211 node=N6673 type=observe q_pred_context=1.524814 sequence=399.469126
[plan] step=212 node=N722 type=observe q_pred_context=1.458054 sequence=400.927180
[plan] step=213 node=N715 type=observe q_pred_context=1.585294 sequence=402.512475
[plan] step=214 node=N7855 type=control0 q_pred_context=1.168608 sequence=403.681083
[plan] step=215 node=N8608 type=control1 q_pred_context=1.682456 sequence=405.363539
[plan] step=216 node=N7405 type=observe q_pred_context=1.041292 sequence=406.404831
[plan] step=217 node=N5740 type=observe q_pred_context=1.148839 sequence=407.553669
[plan] step=218 node=N714 type=observe q_pred_context=2.108261 sequence=409.661930
[plan] step=219 node=N6668 type=observe q_pred_context=1.393564 sequence=411.055494
[plan] step=220 node=N5473 type=observe q_pred_context=1.123050 sequence=412.178545
[plan] step=221 node=N712 type=observe q_pred_context=1.903030 sequence=414.081575
[plan] step=222 node=N6743 type=control1 q_pred_context=0.746003 sequence=414.827578
[plan] step=223 node=N2358 type=control1 q_pred_context=1.335932 sequence=416.163510
[plan] step=224 node=N4521 type=observe q_pred_context=0.983013 sequence=417.146523
[plan] step=225 node=N7550 type=observe q_pred_context=1.719261 sequence=418.865784
[plan] step=226 node=N705 type=observe q_pred_context=1.985739 sequence=420.851523
[plan] step=227 node=N5456 type=observe q_pred_context=1.180382 sequence=422.031904
[plan] step=228 node=N6573 type=observe q_pred_context=0.924938 sequence=422.956843
[plan] step=229 node=N7439 type=observe q_pred_context=1.927894 sequence=424.884737
[plan] step=230 node=N5422 type=observe q_pred_context=1.499168 sequence=426.383905
[plan] step=231 node=N706 type=observe q_pred_context=2.000863 sequence=428.384768
[plan] step=232 node=N6660 type=observe q_pred_context=1.263567 sequence=429.648335
[plan] step=233 node=N703 type=observe q_pred_context=1.782352 sequence=431.430687
[plan] step=234 node=N5390 type=observe q_pred_context=1.012656 sequence=432.443342
[plan] step=235 node=N7472 type=control0 q_pred_context=1.165735 sequence=433.609078
[plan] step=236 node=N628 type=control1 q_pred_context=0.960879 sequence=434.569957
[plan] step=237 node=N626 type=control1 q_pred_context=1.156315 sequence=435.726272
[plan] step=238 node=N624 type=control1 q_pred_context=1.130879 sequence=436.857151
[plan] step=239 node=N2276 type=control1 q_pred_context=1.402744 sequence=438.259895
[plan] step=240 node=N4489 type=observe q_pred_context=0.991940 sequence=439.251835
[plan] step=241 node=N679 type=observe q_pred_context=2.097813 sequence=441.349648
[plan] step=242 node=N7404 type=observe q_pred_context=1.329695 sequence=442.679343
[plan] step=243 node=N6728 type=control1 q_pred_context=1.492222 sequence=444.171565
[plan] step=244 node=N5439 type=observe q_pred_context=1.244515 sequence=445.416080
[plan] step=245 node=N6739 type=control1 q_pred_context=0.719908 sequence=446.135988
[plan] step=246 node=N6658 type=observe q_pred_context=1.738715 sequence=447.874704
[plan] step=247 node=N2151 type=observe q_pred_context=1.065323 sequence=448.940027
[plan] step=248 node=N719 type=observe q_pred_context=1.382300 sequence=450.322327
[plan] step=249 node=N6731 type=control1 q_pred_context=0.837789 sequence=451.160116
[plan] step=250 node=N6730 type=control1 q_pred_context=0.854233 sequence=452.014349
[plan] step=251 node=N2332 type=control1 q_pred_context=0.922115 sequence=452.936465
[plan] step=252 node=N6729 type=control1 q_pred_context=0.937628 sequence=453.874092
[plan] step=253 node=N752 type=observe q_pred_context=1.567969 sequence=455.442062
[plan] step=254 node=N4513 type=observe q_pred_context=1.512985 sequence=456.955046
[plan] step=255 node=N6592 type=control1 q_pred_context=1.804904 sequence=458.759950
[plan] step=256 node=N5373 type=observe q_pred_context=1.602353 sequence=460.362303
[plan] step=257 node=N699 type=observe q_pred_context=0.943672 sequence=461.305976
[plan] step=258 node=N6688 type=observe q_pred_context=1.656667 sequence=462.962642
[plan] step=259 node=N6735 type=control1 q_pred_context=0.743549 sequence=463.706192
[plan] step=260 node=N2181 type=observe q_pred_context=0.715018 sequence=464.421210
[plan] step=261 node=N734 type=observe q_pred_context=1.662578 sequence=466.083788
[plan] step=262 node=N1874 type=observe q_pred_context=1.061187 sequence=467.144975
[plan] step=263 node=N6740 type=control1 q_pred_context=1.383202 sequence=468.528177
[plan] step=264 node=N6736 type=control1 q_pred_context=0.865844 sequence=469.394021
[plan] step=265 node=N8003 type=control0 q_pred_context=0.836297 sequence=470.230318
[plan] step=266 node=N5283 type=observe q_pred_context=1.083473 sequence=471.313791
[plan] step=267 node=N6733 type=control1 q_pred_context=0.856872 sequence=472.170663
[plan] step=268 node=N2072 type=observe q_pred_context=0.727073 sequence=472.897736
[plan] step=269 node=N6952 type=observe q_pred_context=1.774942 sequence=474.672678
[plan] step=270 node=N6961 type=control1 q_pred_context=1.203628 sequence=475.876306
[plan] step=271 node=N7381 type=observe q_pred_context=1.827003 sequence=477.703309
[plan] step=272 node=N6932 type=observe q_pred_context=1.336855 sequence=479.040164
[plan] step=273 node=N2331 type=control1 q_pred_context=1.564261 sequence=480.604425
[plan] step=274 node=N1987 type=observe q_pred_context=0.699593 sequence=481.304018
[plan] step=275 node=N5623 type=control1 q_pred_context=0.915931 sequence=482.219950
[plan] step=276 node=N6685 type=observe q_pred_context=0.670940 sequence=482.890890
[plan] step=277 node=N6588 type=control1 q_pred_context=1.646998 sequence=484.537889
[plan] step=278 node=N6741 type=control1 q_pred_context=0.883572 sequence=485.421460
saved=autoresearch/loop-260718-0223/adaptive_width_b15_round16/b48_m0p20/b15_C/plans/iscas99__b15_1__greedy__cumulative__q_pred_context__bw1__d1__c64__g1p0__candhard_fault_cluster__div0p0__s0.csv
