new_n13958->new_n13958_PO /0 undetected
__tpi_not_test_en->__tpi_cp_24___aig_and_36233 /1 undetected
test_en->__tpi_cp_28_new_n15004 /0 undetected
__tpi_not_test_en->__tpi_cp_23___aig_not_36226 /1 undetected
__tpi_not_test_en->__tpi_cp_11___aig_and_36240 /1 undetected
test_en->__tpi_cp_12_new_n14952 /0 undetected
__tpi_not_test_en->__tpi_cp_17___aig_and_36124 /1 undetected
__aig_not_36059 /1 undetected
__aig_not_35153 /1 undetected
__buf_split_21628 /1 undetected
__buf_split_21627 /1 undetected
__tpi_not_test_en->__tpi_cp_21___aig_not_35152 /1 undetected
__tpi_cp_21___aig_not_35152 /1 undetected
__aig_not_35152 /1 undetected
__aig_not_35148 /1 undetected
__aig_not_35146 /1 undetected
test_en->__tpi_cp_22_new_n14959 /0 undetected
__aig_not_36118 /1 undetected
__aig_not_36120 /1 undetected
__aig_not_36095 /1 undetected
__aig_not_36072 /1 undetected
__aig_not_36049 /1 undetected
__tpi_not_test_en->__tpi_cp_8___aig_not_35138 /1 undetected
test_en->__tpi_cp_19___aig_and_34649 /0 undetected
__aig_and_35145 /0 undetected
__aig_not_35144 /1 undetected
__tpi_not_test_en->__tpi_cp_5___aig_not_35101 /1 undetected
__buf_split_20694 /1 undetected
__buf_split_20693 /1 undetected
__aig_not_33602 /1 undetected
__aig_not_33600 /1 undetected
new_n13958 /0 undetected
