test_en->__tpi_cp_42___aig_not_246 /0 undetected
__tpi_not_test_en->__tpi_cp_60___buf_split_190 /1 undetected
test_en->__tpi_cp_43___aig_not_237 /0 undetected
__tpi_not_test_en->__tpi_cp_61___buf_split_184 /1 undetected
test_en->__tpi_cp_44___aig_not_228 /0 undetected
__tpi_not_test_en->__tpi_cp_64___buf_split_178 /1 undetected
test_en->__tpi_cp_45___aig_not_203 /0 undetected
__tpi_not_test_en->__tpi_cp_65___buf_split_164 /1 undetected
test_en->__tpi_cp_46___aig_not_195 /0 undetected
__tpi_not_test_en->__tpi_cp_63___buf_split_160 /1 undetected
test_en->__tpi_cp_23___buf_split_159 /0 undetected
test_en->__tpi_cp_20___buf_split_214 /0 undetected
__tpi_not_test_en->__tpi_cp_29___buf_split_202 /1 undetected
__tpi_not_test_en->__tpi_cp_59___buf_split_196 /1 undetected
__buf_split_175->__aig_and_222 /1 undetected
__tpi_not_test_en->__tpi_cp_39___buf_split_168 /1 undetected
__buf_split_174->__aig_and_221 /1 undetected
__tpi_not_test_en->__tpi_cp_62_n_309 /1 undetected
test_en->__tpi_cp_0___buf_split_157 /0 undetected
__tpi_not_test_en->__tpi_cp_47_n_319 /1 undetected
test_en->__tpi_cp_66___buf_split_158 /0 undetected
test_en->__tpi_cp_25_n_296 /0 undetected
test_en->__tpi_cp_21___aig_and_194 /0 undetected
test_en->__tpi_cp_19___aig_and_193 /0 undetected
test_en->__tpi_cp_22___aig_and_192 /0 undetected
test_en->__tpi_cp_27_n_270 /0 undetected
__tpi_not_test_en->__tpi_cp_58___buf_split_134 /1 undetected
__tpi_not_test_en->__tpi_cp_40_n_165 /1 undetected
test_en->__tpi_cp_1___aig_and_12 /0 undetected
test_en->__tpi_cp_48___buf_split_26 /0 undetected
test_en->__tpi_cp_49_n_130 /0 undetected
__tpi_not_test_en->__tpi_cp_38___buf_split_7 /1 undetected
__tpi_not_test_en /1 undetected
