II1525->II1525_PO /0 undetected
__tpi_not_test_en->__tpi_cp_17___aig_not_473 /1 undetected
__tpi_not_test_en->__tpi_cp_16_II1971 /1 undetected
__aig_not_429 /1 undetected
C_19 /1 undetected
__tpi_not_test_en->__tpi_cp_63_II1492 /1 undetected
II1492 /1 undetected
__tpi_not_test_en->__tpi_cp_13___buf_split_285 /1 undetected
__tpi_cp_13___buf_split_285 /1 undetected
__buf_split_285 /1 undetected
II1528->II1528_PO /1 undetected
II1525 /0 undetected
test_en->__tpi_cp_3___aig_not_383 /0 undetected
__aig_not_383 /0 undetected
__tpi_not_test_en->__tpi_cp_34___buf_split_365 /1 undetected
__buf_split_365 /1 undetected
II1528->__tpi_cp_39_II1528 /1 undetected
__tpi_not_test_en->__tpi_cp_39_II1528 /1 undetected
__aig_not_382 /1 undetected
__tpi_not_test_en->__tpi_cp_19___buf_split_364 /1 undetected
__buf_split_364 /1 undetected
II1528 /1 undetected
test_en->__tpi_cp_4_II1533 /0 undetected
II1533 /0 undetected
__tpi_not_test_en->__tpi_cp_33___buf_split_82 /1 undetected
__buf_split_82 /1 undetected
II1532->__tpi_cp_41_II1532 /1 undetected
__tpi_not_test_en->__tpi_cp_41_II1532 /1 undetected
__buf_split_289 /1 undetected
__aig_and_137 /0 undetected
__tpi_not_test_en->__tpi_cp_27_II1484 /1 undetected
__tpi_cp_27_II1484 /1 undetected
II1484 /1 undetected
test_en->__tpi_cp_2_II1219_4 /0 undetected
II1219_4 /0 undetected
__tpi_not_test_en->__tpi_cp_37___buf_split_69 /1 undetected
__buf_split_69 /1 undetected
II1452->__tpi_cp_28_II1452 /1 undetected
__tpi_not_test_en->__tpi_cp_28_II1452 /1 undetected
__aig_and_130 /0 undetected
test_en->__tpi_cp_1___buf_split_283 /0 undetected
__buf_split_283 /0 undetected
test_en->__tpi_cp_5___aig_not_371 /0 undetected
__tpi_not_test_en->__tpi_cp_36___buf_split_360 /1 undetected
__tpi_not_test_en->__tpi_cp_40_II1460 /1 undetected
__tpi_not_test_en->__tpi_cp_50___aig_not_370 /1 undetected
__tpi_not_test_en->__tpi_cp_25___buf_split_359 /1 undetected
test_en->__tpi_cp_0_II1465 /0 undetected
__tpi_not_test_en->__tpi_cp_38___buf_split_75 /1 undetected
__tpi_not_test_en->__tpi_cp_53_II1464 /1 undetected
__tpi_not_test_en->__tpi_cp_35___buf_split_62 /1 undetected
__tpi_not_test_en->__tpi_cp_61_II1384 /1 undetected
test_en->__tpi_cp_8_II1389 /0 undetected
__tpi_not_test_en->__tpi_cp_32___buf_split_355 /1 undetected
__tpi_not_test_en->__tpi_cp_46_II1392 /1 undetected
__tpi_not_test_en->__tpi_cp_31___buf_split_68 /1 undetected
__tpi_not_test_en->__tpi_cp_43_II1396 /1 undetected
__tpi_not_test_en->__tpi_cp_11___buf_split_279 /1 undetected
__tpi_not_test_en->__tpi_cp_30___buf_split_55 /1 undetected
__tpi_not_test_en->__tpi_cp_51_II1316 /1 undetected
__tpi_not_test_en->__tpi_cp_15_II1283 /1 undetected
__tpi_not_test_en->__tpi_cp_29___aig_not_349 /1 undetected
__tpi_not_test_en->__tpi_cp_7___buf_split_350 /1 undetected
__tpi_not_test_en->__tpi_cp_62_II1324 /1 undetected
__tpi_not_test_en->__tpi_cp_20___buf_split_349 /1 undetected
__tpi_not_test_en->__tpi_cp_9___buf_split_61 /1 undetected
__tpi_not_test_en->__tpi_cp_57_II1328 /1 undetected
__tpi_not_test_en->__tpi_cp_45___buf_split_50 /1 undetected
__tpi_not_test_en->__tpi_cp_23_II1223 /1 undetected
__tpi_not_test_en->__tpi_cp_48___buf_split_345 /1 undetected
__tpi_not_test_en->__tpi_cp_47_II1262 /1 undetected
__tpi_not_test_en->__tpi_cp_21_II1221 /1 undetected
__tpi_not_test_en->__tpi_cp_52___buf_split_269 /1 undetected
