[b15-round6/cone_toplist_sa/best_final_horizon/q_typed_residual_context/a0.10/d16] [gmean] 2026-07-21T10:09:50 out_dir=autoresearch/loop-260720-0945/model_training_round6/b15_selection/cone_toplist_sa/best_final_horizon/q_typed_residual_context/alpha_0p10_decay_16
[b15-round6/cone_toplist_sa/best_final_horizon/q_typed_residual_context/a0.10/d16] [gmean] 2026-07-21T10:09:50 budgets=iscas99__b15_1:278
[b15-round6/cone_toplist_sa/best_final_horizon/q_typed_residual_context/a0.10/d16] [gmean] 2026-07-21T10:09:50 variant_start id=greedy__cumulative__q_typed_residual_context__bw1__d1__c48__g1p0__candhard_fault_cluster__div0p0__s0
[b15-round6/cone_toplist_sa/best_final_horizon/q_typed_residual_context/a0.10/d16] [gmean] 2026-07-21T10:09:50 [1/1] plan_start benchmark=iscas99__b15_1 budget=278 planner=greedy score=q_typed_residual_context
[b15-round6/cone_toplist_sa/best_final_horizon/q_typed_residual_context/a0.10/d16] [plan iscas99__b15_1] [plan] torch_deterministic=true
[b15-round6/cone_toplist_sa/best_final_horizon/q_typed_residual_context/a0.10/d16] [plan iscas99__b15_1] [plan] candidate_allowlist=autoresearch/original-netlist-recovery-260712/exact_itc99/b15_C/exact_candidate_nodes.txt nodes=7918
[b15-round6/cone_toplist_sa/best_final_horizon/q_typed_residual_context/a0.10/d16] [plan iscas99__b15_1] [plan] latent_norm_clip_ratio=4 latent_norm_limit=30.875631
[b15-round6/cone_toplist_sa/best_final_horizon/q_typed_residual_context/a0.10/d16] [plan iscas99__b15_1] [plan] step=1 node=N677 type=control1 q_typed_residual_context=5.225930 sequence=5.225930
[b15-round6/cone_toplist_sa/best_final_horizon/q_typed_residual_context/a0.10/d16] [plan iscas99__b15_1] [plan] step=2 node=N2155 type=observe q_typed_residual_context=4.695501 sequence=9.921431
[b15-round6/cone_toplist_sa/best_final_horizon/q_typed_residual_context/a0.10/d16] [plan iscas99__b15_1] [plan] step=3 node=N502 type=control1 q_typed_residual_context=2.014185 sequence=11.935616
[b15-round6/cone_toplist_sa/best_final_horizon/q_typed_residual_context/a0.10/d16] [plan iscas99__b15_1] [plan] step=4 node=N762 type=control1 q_typed_residual_context=1.691463 sequence=13.627078
[b15-round6/cone_toplist_sa/best_final_horizon/q_typed_residual_context/a0.10/d16] [plan iscas99__b15_1] [plan] step=5 node=N3644 type=control0 q_typed_residual_context=1.231205 sequence=14.858283
[b15-round6/cone_toplist_sa/best_final_horizon/q_typed_residual_context/a0.10/d16] [plan iscas99__b15_1] [plan] step=6 node=N3756 type=control0 q_typed_residual_context=1.059043 sequence=15.917326
[b15-round6/cone_toplist_sa/best_final_horizon/q_typed_residual_context/a0.10/d16] [plan iscas99__b15_1] [plan] step=7 node=N557 type=control1 q_typed_residual_context=0.977226 sequence=16.894552
[b15-round6/cone_toplist_sa/best_final_horizon/q_typed_residual_context/a0.10/d16] [plan iscas99__b15_1] [plan] step=8 node=N5143 type=observe q_typed_residual_context=1.067203 sequence=17.961755
[b15-round6/cone_toplist_sa/best_final_horizon/q_typed_residual_context/a0.10/d16] [plan iscas99__b15_1] [plan] step=9 node=N507 type=control1 q_typed_residual_context=0.934190 sequence=18.895945
[b15-round6/cone_toplist_sa/best_final_horizon/q_typed_residual_context/a0.10/d16] [plan iscas99__b15_1] [plan] step=10 node=N3742 type=control0 q_typed_residual_context=1.124523 sequence=20.020468
[b15-round6/cone_toplist_sa/best_final_horizon/q_typed_residual_context/a0.10/d16] [plan iscas99__b15_1] [plan] step=11 node=N564 type=control1 q_typed_residual_context=2.291226 sequence=22.311694
[b15-round6/cone_toplist_sa/best_final_horizon/q_typed_residual_context/a0.10/d16] [plan iscas99__b15_1] [plan] step=12 node=N5203 type=control1 q_typed_residual_context=1.588035 sequence=23.899729
[b15-round6/cone_toplist_sa/best_final_horizon/q_typed_residual_context/a0.10/d16] [plan iscas99__b15_1] [plan] step=13 node=N5866 type=observe q_typed_residual_context=3.291162 sequence=27.190891
[b15-round6/cone_toplist_sa/best_final_horizon/q_typed_residual_context/a0.10/d16] [plan iscas99__b15_1] [plan] step=14 node=N580 type=control1 q_typed_residual_context=3.103734 sequence=30.294625
[b15-round6/cone_toplist_sa/best_final_horizon/q_typed_residual_context/a0.10/d16] [plan iscas99__b15_1] [plan] step=15 node=N737 type=control1 q_typed_residual_context=2.761937 sequence=33.056562
[b15-round6/cone_toplist_sa/best_final_horizon/q_typed_residual_context/a0.10/d16] [plan iscas99__b15_1] [plan] step=16 node=N1853 type=observe q_typed_residual_context=1.838948 sequence=34.895510
[b15-round6/cone_toplist_sa/best_final_horizon/q_typed_residual_context/a0.10/d16] [plan iscas99__b15_1] [plan] step=17 node=N2082 type=observe q_typed_residual_context=4.716153 sequence=39.611663
[b15-round6/cone_toplist_sa/best_final_horizon/q_typed_residual_context/a0.10/d16] [plan iscas99__b15_1] [plan] step=18 node=N2153 type=observe q_typed_residual_context=4.608586 sequence=44.220249
[b15-round6/cone_toplist_sa/best_final_horizon/q_typed_residual_context/a0.10/d16] [plan iscas99__b15_1] [plan] step=19 node=N2101 type=observe q_typed_residual_context=5.297749 sequence=49.517999
[b15-round6/cone_toplist_sa/best_final_horizon/q_typed_residual_context/a0.10/d16] [plan iscas99__b15_1] [plan] step=20 node=N1860 type=observe q_typed_residual_context=4.806442 sequence=54.324441
[b15-round6/cone_toplist_sa/best_final_horizon/q_typed_residual_context/a0.10/d16] [plan iscas99__b15_1] [plan] step=21 node=N1372 type=observe q_typed_residual_context=4.186365 sequence=58.510806
[b15-round6/cone_toplist_sa/best_final_horizon/q_typed_residual_context/a0.10/d16] [plan iscas99__b15_1] [plan] step=22 node=N496 type=control1 q_typed_residual_context=6.741979 sequence=65.252785
[b15-round6/cone_toplist_sa/best_final_horizon/q_typed_residual_context/a0.10/d16] [plan iscas99__b15_1] [plan] step=23 node=N5723 type=control0 q_typed_residual_context=6.117309 sequence=71.370094
[b15-round6/cone_toplist_sa/best_final_horizon/q_typed_residual_context/a0.10/d16] [plan iscas99__b15_1] [plan] step=24 node=N582 type=control1 q_typed_residual_context=5.966673 sequence=77.336767
[b15-round6/cone_toplist_sa/best_final_horizon/q_typed_residual_context/a0.10/d16] [plan iscas99__b15_1] [plan] step=25 node=N7516 type=observe q_typed_residual_context=5.721285 sequence=83.058052
[b15-round6/cone_toplist_sa/best_final_horizon/q_typed_residual_context/a0.10/d16] [plan iscas99__b15_1] [plan] step=26 node=N766 type=control1 q_typed_residual_context=6.911480 sequence=89.969532
[b15-round6/cone_toplist_sa/best_final_horizon/q_typed_residual_context/a0.10/d16] [plan iscas99__b15_1] [plan] step=27 node=N5234 type=observe q_typed_residual_context=5.503184 sequence=95.472717
[b15-round6/cone_toplist_sa/best_final_horizon/q_typed_residual_context/a0.10/d16] [plan iscas99__b15_1] [plan] step=28 node=N1437 type=control1 q_typed_residual_context=4.383210 sequence=99.855927
[b15-round6/cone_toplist_sa/best_final_horizon/q_typed_residual_context/a0.10/d16] [plan iscas99__b15_1] [plan] step=29 node=N583 type=control1 q_typed_residual_context=4.354280 sequence=104.210206
[b15-round6/cone_toplist_sa/best_final_horizon/q_typed_residual_context/a0.10/d16] [plan iscas99__b15_1] [plan] step=30 node=N7411 type=control1 q_typed_residual_context=4.394321 sequence=108.604527
[b15-round6/cone_toplist_sa/best_final_horizon/q_typed_residual_context/a0.10/d16] [plan iscas99__b15_1] [plan] step=31 node=N4635 type=control0 q_typed_residual_context=7.832182 sequence=116.436710
[b15-round6/cone_toplist_sa/best_final_horizon/q_typed_residual_context/a0.10/d16] [plan iscas99__b15_1] [plan] step=32 node=N7511 type=control1 q_typed_residual_context=2.909826 sequence=119.346536
[b15-round6/cone_toplist_sa/best_final_horizon/q_typed_residual_context/a0.10/d16] [plan iscas99__b15_1] [plan] step=33 node=N2042 type=observe q_typed_residual_context=6.136535 sequence=125.483071
[b15-round6/cone_toplist_sa/best_final_horizon/q_typed_residual_context/a0.10/d16] [plan iscas99__b15_1] [plan] step=34 node=N7413 type=control1 q_typed_residual_context=4.748379 sequence=130.231451
[b15-round6/cone_toplist_sa/best_final_horizon/q_typed_residual_context/a0.10/d16] [plan iscas99__b15_1] [plan] step=35 node=N2044 type=observe q_typed_residual_context=6.236943 sequence=136.468394
[b15-round6/cone_toplist_sa/best_final_horizon/q_typed_residual_context/a0.10/d16] [plan iscas99__b15_1] [plan] step=36 node=N2040 type=observe q_typed_residual_context=5.906220 sequence=142.374614
[b15-round6/cone_toplist_sa/best_final_horizon/q_typed_residual_context/a0.10/d16] [plan iscas99__b15_1] [plan] step=37 node=N1532 type=observe q_typed_residual_context=4.132885 sequence=146.507499
[b15-round6/cone_toplist_sa/best_final_horizon/q_typed_residual_context/a0.10/d16] [plan iscas99__b15_1] [plan] step=38 node=N4649 type=control0 q_typed_residual_context=6.368353 sequence=152.875851
[b15-round6/cone_toplist_sa/best_final_horizon/q_typed_residual_context/a0.10/d16] [plan iscas99__b15_1] [plan] step=39 node=N3701 type=control0 q_typed_residual_context=0.892451 sequence=153.768302
[b15-round6/cone_toplist_sa/best_final_horizon/q_typed_residual_context/a0.10/d16] [plan iscas99__b15_1] [plan] step=40 node=N7881 type=control1 q_typed_residual_context=1.180934 sequence=154.949236
[b15-round6/cone_toplist_sa/best_final_horizon/q_typed_residual_context/a0.10/d16] [plan iscas99__b15_1] [plan] step=41 node=N7891 type=control1 q_typed_residual_context=1.636885 sequence=156.586120
[b15-round6/cone_toplist_sa/best_final_horizon/q_typed_residual_context/a0.10/d16] [plan iscas99__b15_1] [plan] step=42 node=N7882 type=control1 q_typed_residual_context=2.035677 sequence=158.621797
[b15-round6/cone_toplist_sa/best_final_horizon/q_typed_residual_context/a0.10/d16] [plan iscas99__b15_1] [plan] step=43 node=N4606 type=control0 q_typed_residual_context=0.821988 sequence=159.443786
[b15-round6/cone_toplist_sa/best_final_horizon/q_typed_residual_context/a0.10/d16] [plan iscas99__b15_1] [plan] step=44 node=N7883 type=control1 q_typed_residual_context=0.987463 sequence=160.431248
[b15-round6/cone_toplist_sa/best_final_horizon/q_typed_residual_context/a0.10/d16] [plan iscas99__b15_1] [plan] step=45 node=N7884 type=control1 q_typed_residual_context=1.068072 sequence=161.499321
[b15-round6/cone_toplist_sa/best_final_horizon/q_typed_residual_context/a0.10/d16] [plan iscas99__b15_1] [plan] step=46 node=N7885 type=control1 q_typed_residual_context=0.958585 sequence=162.457906
[b15-round6/cone_toplist_sa/best_final_horizon/q_typed_residual_context/a0.10/d16] [plan iscas99__b15_1] [plan] step=47 node=N4656 type=control0 q_typed_residual_context=1.586876 sequence=164.044782
[b15-round6/cone_toplist_sa/best_final_horizon/q_typed_residual_context/a0.10/d16] [plan iscas99__b15_1] [plan] step=48 node=N3903 type=control0 q_typed_residual_context=0.889484 sequence=164.934266
[b15-round6/cone_toplist_sa/best_final_horizon/q_typed_residual_context/a0.10/d16] [plan iscas99__b15_1] [plan] step=49 node=N4663 type=control0 q_typed_residual_context=1.192797 sequence=166.127062
[b15-round6/cone_toplist_sa/best_final_horizon/q_typed_residual_context/a0.10/d16] [plan iscas99__b15_1] [plan] step=50 node=N713 type=observe q_typed_residual_context=1.412021 sequence=167.539083
[b15-round6/cone_toplist_sa/best_final_horizon/q_typed_residual_context/a0.10/d16] [plan iscas99__b15_1] [plan] step=51 node=N724 type=observe q_typed_residual_context=1.444678 sequence=168.983762
[b15-round6/cone_toplist_sa/best_final_horizon/q_typed_residual_context/a0.10/d16] [plan iscas99__b15_1] [plan] step=52 node=N4670 type=control0 q_typed_residual_context=1.377578 sequence=170.361340
[b15-round6/cone_toplist_sa/best_final_horizon/q_typed_residual_context/a0.10/d16] [plan iscas99__b15_1] [plan] step=53 node=N704 type=observe q_typed_residual_context=1.322011 sequence=171.683350
[b15-round6/cone_toplist_sa/best_final_horizon/q_typed_residual_context/a0.10/d16] [plan iscas99__b15_1] [plan] step=54 node=N4677 type=control0 q_typed_residual_context=1.180142 sequence=172.863492
[b15-round6/cone_toplist_sa/best_final_horizon/q_typed_residual_context/a0.10/d16] [plan iscas99__b15_1] [plan] step=55 node=N3896 type=control0 q_typed_residual_context=0.997799 sequence=173.861291
[b15-round6/cone_toplist_sa/best_final_horizon/q_typed_residual_context/a0.10/d16] [plan iscas99__b15_1] [plan] step=56 node=N4684 type=control0 q_typed_residual_context=1.133165 sequence=174.994457
[b15-round6/cone_toplist_sa/best_final_horizon/q_typed_residual_context/a0.10/d16] [plan iscas99__b15_1] [plan] step=57 node=N3889 type=control0 q_typed_residual_context=1.136961 sequence=176.131418
[b15-round6/cone_toplist_sa/best_final_horizon/q_typed_residual_context/a0.10/d16] [plan iscas99__b15_1] [plan] step=58 node=N3882 type=control0 q_typed_residual_context=1.239466 sequence=177.370884
[b15-round6/cone_toplist_sa/best_final_horizon/q_typed_residual_context/a0.10/d16] [plan iscas99__b15_1] [plan] step=59 node=N3805 type=control0 q_typed_residual_context=1.207759 sequence=178.578642
[b15-round6/cone_toplist_sa/best_final_horizon/q_typed_residual_context/a0.10/d16] [plan iscas99__b15_1] [plan] step=60 node=N4585 type=control0 q_typed_residual_context=1.201448 sequence=179.780091
[b15-round6/cone_toplist_sa/best_final_horizon/q_typed_residual_context/a0.10/d16] [plan iscas99__b15_1] [plan] step=61 node=N4578 type=control0 q_typed_residual_context=1.323026 sequence=181.103117
[b15-round6/cone_toplist_sa/best_final_horizon/q_typed_residual_context/a0.10/d16] [plan iscas99__b15_1] [plan] step=62 node=N4705 type=control0 q_typed_residual_context=1.223615 sequence=182.326732
[b15-round6/cone_toplist_sa/best_final_horizon/q_typed_residual_context/a0.10/d16] [plan iscas99__b15_1] [plan] step=63 node=N4564 type=control0 q_typed_residual_context=1.165529 sequence=183.492262
[b15-round6/cone_toplist_sa/best_final_horizon/q_typed_residual_context/a0.10/d16] [plan iscas99__b15_1] [plan] step=64 node=N4712 type=control0 q_typed_residual_context=1.045506 sequence=184.537768
[b15-round6/cone_toplist_sa/best_final_horizon/q_typed_residual_context/a0.10/d16] [plan iscas99__b15_1] [plan] step=65 node=N4716 type=control0 q_typed_residual_context=1.068889 sequence=185.606657
[b15-round6/cone_toplist_sa/best_final_horizon/q_typed_residual_context/a0.10/d16] [plan iscas99__b15_1] [plan] step=66 node=N4698 type=control0 q_typed_residual_context=1.254651 sequence=186.861309
[b15-round6/cone_toplist_sa/best_final_horizon/q_typed_residual_context/a0.10/d16] [plan iscas99__b15_1] [plan] step=67 node=N4691 type=control0 q_typed_residual_context=1.334854 sequence=188.196163
[b15-round6/cone_toplist_sa/best_final_horizon/q_typed_residual_context/a0.10/d16] [plan iscas99__b15_1] [plan] step=68 node=N722 type=observe q_typed_residual_context=2.823428 sequence=191.019592
[b15-round6/cone_toplist_sa/best_final_horizon/q_typed_residual_context/a0.10/d16] [plan iscas99__b15_1] [plan] step=69 node=N4557 type=control0 q_typed_residual_context=1.982294 sequence=193.001885
[b15-round6/cone_toplist_sa/best_final_horizon/q_typed_residual_context/a0.10/d16] [plan iscas99__b15_1] [plan] step=70 node=N7471 type=control0 q_typed_residual_context=1.888257 sequence=194.890143
[b15-round6/cone_toplist_sa/best_final_horizon/q_typed_residual_context/a0.10/d16] [plan iscas99__b15_1] [plan] step=71 node=N3722 type=control0 q_typed_residual_context=1.884881 sequence=196.775024
[b15-round6/cone_toplist_sa/best_final_horizon/q_typed_residual_context/a0.10/d16] [plan iscas99__b15_1] [plan] step=72 node=N1539 type=control0 q_typed_residual_context=2.435328 sequence=199.210352
[b15-round6/cone_toplist_sa/best_final_horizon/q_typed_residual_context/a0.10/d16] [plan iscas99__b15_1] [plan] step=73 node=N3911 type=control0 q_typed_residual_context=1.954329 sequence=201.164681
[b15-round6/cone_toplist_sa/best_final_horizon/q_typed_residual_context/a0.10/d16] [plan iscas99__b15_1] [plan] step=74 node=N7724 type=control0 q_typed_residual_context=2.648972 sequence=203.813653
[b15-round6/cone_toplist_sa/best_final_horizon/q_typed_residual_context/a0.10/d16] [plan iscas99__b15_1] [plan] step=75 node=N7854 type=control0 q_typed_residual_context=2.973794 sequence=206.787446
[b15-round6/cone_toplist_sa/best_final_horizon/q_typed_residual_context/a0.10/d16] [plan iscas99__b15_1] [plan] step=76 node=N3862 type=control0 q_typed_residual_context=1.576722 sequence=208.364169
[b15-round6/cone_toplist_sa/best_final_horizon/q_typed_residual_context/a0.10/d16] [plan iscas99__b15_1] [plan] step=77 node=N7886 type=control1 q_typed_residual_context=1.334364 sequence=209.698533
[b15-round6/cone_toplist_sa/best_final_horizon/q_typed_residual_context/a0.10/d16] [plan iscas99__b15_1] [plan] step=78 node=N7887 type=control1 q_typed_residual_context=1.968042 sequence=211.666575
[b15-round6/cone_toplist_sa/best_final_horizon/q_typed_residual_context/a0.10/d16] [plan iscas99__b15_1] [plan] step=79 node=N7888 type=control1 q_typed_residual_context=2.085351 sequence=213.751926
[b15-round6/cone_toplist_sa/best_final_horizon/q_typed_residual_context/a0.10/d16] [plan iscas99__b15_1] [plan] step=80 node=N7889 type=control1 q_typed_residual_context=2.088654 sequence=215.840581
[b15-round6/cone_toplist_sa/best_final_horizon/q_typed_residual_context/a0.10/d16] [plan iscas99__b15_1] [plan] step=81 node=N7890 type=control1 q_typed_residual_context=1.961364 sequence=217.801945
[b15-round6/cone_toplist_sa/best_final_horizon/q_typed_residual_context/a0.10/d16] [plan iscas99__b15_1] [plan] step=82 node=N3897 type=control0 q_typed_residual_context=1.854815 sequence=219.656760
[b15-round6/cone_toplist_sa/best_final_horizon/q_typed_residual_context/a0.10/d16] [plan iscas99__b15_1] [plan] step=83 node=N3904 type=control0 q_typed_residual_context=1.711395 sequence=221.368155
[b15-round6/cone_toplist_sa/best_final_horizon/q_typed_residual_context/a0.10/d16] [plan iscas99__b15_1] [plan] step=84 node=N7722 type=control0 q_typed_residual_context=2.280133 sequence=223.648288
[b15-round6/cone_toplist_sa/best_final_horizon/q_typed_residual_context/a0.10/d16] [plan iscas99__b15_1] [plan] step=85 node=N3855 type=control0 q_typed_residual_context=1.674870 sequence=225.323158
[b15-round6/cone_toplist_sa/best_final_horizon/q_typed_residual_context/a0.10/d16] [plan iscas99__b15_1] [plan] step=86 node=N7370 type=control1 q_typed_residual_context=1.533761 sequence=226.856919
[b15-round6/cone_toplist_sa/best_final_horizon/q_typed_residual_context/a0.10/d16] [plan iscas99__b15_1] [plan] step=87 node=N519 type=control1 q_typed_residual_context=1.747058 sequence=228.603977
[b15-round6/cone_toplist_sa/best_final_horizon/q_typed_residual_context/a0.10/d16] [plan iscas99__b15_1] [plan] step=88 node=N504 type=control1 q_typed_residual_context=1.257129 sequence=229.861106
[b15-round6/cone_toplist_sa/best_final_horizon/q_typed_residual_context/a0.10/d16] [plan iscas99__b15_1] [plan] step=89 node=N516 type=control1 q_typed_residual_context=1.370409 sequence=231.231515
[b15-round6/cone_toplist_sa/best_final_horizon/q_typed_residual_context/a0.10/d16] [plan iscas99__b15_1] [plan] step=90 node=N5603 type=observe q_typed_residual_context=2.429997 sequence=233.661512
[b15-round6/cone_toplist_sa/best_final_horizon/q_typed_residual_context/a0.10/d16] [plan iscas99__b15_1] [plan] step=91 node=N7543 type=control0 q_typed_residual_context=1.339021 sequence=235.000533
[b15-round6/cone_toplist_sa/best_final_horizon/q_typed_residual_context/a0.10/d16] [plan iscas99__b15_1] [plan] step=92 node=N7721 type=control0 q_typed_residual_context=1.414242 sequence=236.414774
[b15-round6/cone_toplist_sa/best_final_horizon/q_typed_residual_context/a0.10/d16] [plan iscas99__b15_1] [plan] step=93 node=N7421 type=control1 q_typed_residual_context=1.731606 sequence=238.146380
[b15-round6/cone_toplist_sa/best_final_horizon/q_typed_residual_context/a0.10/d16] [plan iscas99__b15_1] [plan] step=94 node=N2083 type=observe q_typed_residual_context=1.569888 sequence=239.716269
[b15-round6/cone_toplist_sa/best_final_horizon/q_typed_residual_context/a0.10/d16] [plan iscas99__b15_1] [plan] step=95 node=N7590 type=control1 q_typed_residual_context=1.374634 sequence=241.090903
[b15-round6/cone_toplist_sa/best_final_horizon/q_typed_residual_context/a0.10/d16] [plan iscas99__b15_1] [plan] step=96 node=N7588 type=control1 q_typed_residual_context=2.008006 sequence=243.098909
[b15-round6/cone_toplist_sa/best_final_horizon/q_typed_residual_context/a0.10/d16] [plan iscas99__b15_1] [plan] step=97 node=N3848 type=control0 q_typed_residual_context=1.527837 sequence=244.626746
[b15-round6/cone_toplist_sa/best_final_horizon/q_typed_residual_context/a0.10/d16] [plan iscas99__b15_1] [plan] step=98 node=N4520 type=control0 q_typed_residual_context=2.979260 sequence=247.606006
[b15-round6/cone_toplist_sa/best_final_horizon/q_typed_residual_context/a0.10/d16] [plan iscas99__b15_1] [plan] step=99 node=N7723 type=control0 q_typed_residual_context=4.692436 sequence=252.298442
[b15-round6/cone_toplist_sa/best_final_horizon/q_typed_residual_context/a0.10/d16] [plan iscas99__b15_1] [plan] step=100 node=N7725 type=control0 q_typed_residual_context=3.907301 sequence=256.205743
[b15-round6/cone_toplist_sa/best_final_horizon/q_typed_residual_context/a0.10/d16] [plan iscas99__b15_1] [plan] step=101 node=N1411 type=control0 q_typed_residual_context=2.013140 sequence=258.218883
[b15-round6/cone_toplist_sa/best_final_horizon/q_typed_residual_context/a0.10/d16] [plan iscas99__b15_1] [plan] step=102 node=N7846 type=control0 q_typed_residual_context=3.934224 sequence=262.153107
[b15-round6/cone_toplist_sa/best_final_horizon/q_typed_residual_context/a0.10/d16] [plan iscas99__b15_1] [plan] step=103 node=N7408 type=control0 q_typed_residual_context=1.726467 sequence=263.879573
[b15-round6/cone_toplist_sa/best_final_horizon/q_typed_residual_context/a0.10/d16] [plan iscas99__b15_1] [plan] step=104 node=N7541 type=control0 q_typed_residual_context=1.543705 sequence=265.423278
[b15-round6/cone_toplist_sa/best_final_horizon/q_typed_residual_context/a0.10/d16] [plan iscas99__b15_1] [plan] step=105 node=N7847 type=control0 q_typed_residual_context=1.822799 sequence=267.246077
[b15-round6/cone_toplist_sa/best_final_horizon/q_typed_residual_context/a0.10/d16] [plan iscas99__b15_1] [plan] step=106 node=N7852 type=control0 q_typed_residual_context=2.639696 sequence=269.885773
[b15-round6/cone_toplist_sa/best_final_horizon/q_typed_residual_context/a0.10/d16] [plan iscas99__b15_1] [plan] step=107 node=N578 type=observe q_typed_residual_context=1.305198 sequence=271.190971
[b15-round6/cone_toplist_sa/best_final_horizon/q_typed_residual_context/a0.10/d16] [plan iscas99__b15_1] [plan] step=108 node=N7853 type=control0 q_typed_residual_context=3.121618 sequence=274.312589
[b15-round6/cone_toplist_sa/best_final_horizon/q_typed_residual_context/a0.10/d16] [plan iscas99__b15_1] [plan] step=109 node=N3840 type=control0 q_typed_residual_context=1.758735 sequence=276.071324
[b15-round6/cone_toplist_sa/best_final_horizon/q_typed_residual_context/a0.10/d16] [plan iscas99__b15_1] [plan] step=110 node=N7454 type=observe q_typed_residual_context=1.146144 sequence=277.217468
[b15-round6/cone_toplist_sa/best_final_horizon/q_typed_residual_context/a0.10/d16] [plan iscas99__b15_1] [plan] step=111 node=N2157 type=observe q_typed_residual_context=4.652711 sequence=281.870179
[b15-round6/cone_toplist_sa/best_final_horizon/q_typed_residual_context/a0.10/d16] [plan iscas99__b15_1] [plan] step=112 node=N7402 type=observe q_typed_residual_context=2.420817 sequence=284.290996
[b15-round6/cone_toplist_sa/best_final_horizon/q_typed_residual_context/a0.10/d16] [plan iscas99__b15_1] [plan] step=113 node=N3827 type=control0 q_typed_residual_context=3.184550 sequence=287.475546
[b15-round6/cone_toplist_sa/best_final_horizon/q_typed_residual_context/a0.10/d16] [plan iscas99__b15_1] [plan] step=114 node=N2102 type=observe q_typed_residual_context=1.850080 sequence=289.325626
[b15-round6/cone_toplist_sa/best_final_horizon/q_typed_residual_context/a0.10/d16] [plan iscas99__b15_1] [plan] step=115 node=N513 type=control1 q_typed_residual_context=1.285981 sequence=290.611606
[b15-round6/cone_toplist_sa/best_final_horizon/q_typed_residual_context/a0.10/d16] [plan iscas99__b15_1] [plan] step=116 node=N5876 type=observe q_typed_residual_context=1.594783 sequence=292.206389
[b15-round6/cone_toplist_sa/best_final_horizon/q_typed_residual_context/a0.10/d16] [plan iscas99__b15_1] [plan] step=117 node=N3682 type=control0 q_typed_residual_context=1.912230 sequence=294.118619
[b15-round6/cone_toplist_sa/best_final_horizon/q_typed_residual_context/a0.10/d16] [plan iscas99__b15_1] [plan] step=118 node=N510 type=control1 q_typed_residual_context=1.678292 sequence=295.796911
[b15-round6/cone_toplist_sa/best_final_horizon/q_typed_residual_context/a0.10/d16] [plan iscas99__b15_1] [plan] step=119 node=N7679 type=observe q_typed_residual_context=2.118691 sequence=297.915602
[b15-round6/cone_toplist_sa/best_final_horizon/q_typed_residual_context/a0.10/d16] [plan iscas99__b15_1] [plan] step=120 node=N3820 type=control0 q_typed_residual_context=1.715589 sequence=299.631191
[b15-round6/cone_toplist_sa/best_final_horizon/q_typed_residual_context/a0.10/d16] [plan iscas99__b15_1] [plan] step=121 node=N556 type=control1 q_typed_residual_context=1.511895 sequence=301.143086
[b15-round6/cone_toplist_sa/best_final_horizon/q_typed_residual_context/a0.10/d16] [plan iscas99__b15_1] [plan] step=122 node=N555 type=control1 q_typed_residual_context=1.403849 sequence=302.546935
[b15-round6/cone_toplist_sa/best_final_horizon/q_typed_residual_context/a0.10/d16] [plan iscas99__b15_1] [plan] step=123 node=N6674 type=observe q_typed_residual_context=1.902786 sequence=304.449721
[b15-round6/cone_toplist_sa/best_final_horizon/q_typed_residual_context/a0.10/d16] [plan iscas99__b15_1] [plan] step=124 node=N714 type=observe q_typed_residual_context=1.672659 sequence=306.122380
[b15-round6/cone_toplist_sa/best_final_horizon/q_typed_residual_context/a0.10/d16] [plan iscas99__b15_1] [plan] step=125 node=N634 type=control1 q_typed_residual_context=1.369102 sequence=307.491482
[b15-round6/cone_toplist_sa/best_final_horizon/q_typed_residual_context/a0.10/d16] [plan iscas99__b15_1] [plan] step=126 node=N520 type=control1 q_typed_residual_context=1.292555 sequence=308.784037
[b15-round6/cone_toplist_sa/best_final_horizon/q_typed_residual_context/a0.10/d16] [plan iscas99__b15_1] [plan] step=127 node=N638 type=control1 q_typed_residual_context=1.793778 sequence=310.577815
[b15-round6/cone_toplist_sa/best_final_horizon/q_typed_residual_context/a0.10/d16] [plan iscas99__b15_1] [plan] step=128 node=N620 type=control1 q_typed_residual_context=2.502981 sequence=313.080796
[b15-round6/cone_toplist_sa/best_final_horizon/q_typed_residual_context/a0.10/d16] [plan iscas99__b15_1] [plan] step=129 node=N614 type=control1 q_typed_residual_context=2.768447 sequence=315.849243
[b15-round6/cone_toplist_sa/best_final_horizon/q_typed_residual_context/a0.10/d16] [plan iscas99__b15_1] [plan] step=130 node=N610 type=control1 q_typed_residual_context=2.116496 sequence=317.965739
[b15-round6/cone_toplist_sa/best_final_horizon/q_typed_residual_context/a0.10/d16] [plan iscas99__b15_1] [plan] step=131 node=N645 type=control1 q_typed_residual_context=1.734244 sequence=319.699983
[b15-round6/cone_toplist_sa/best_final_horizon/q_typed_residual_context/a0.10/d16] [plan iscas99__b15_1] [plan] step=132 node=N3813 type=control0 q_typed_residual_context=1.233168 sequence=320.933151
[b15-round6/cone_toplist_sa/best_final_horizon/q_typed_residual_context/a0.10/d16] [plan iscas99__b15_1] [plan] step=133 node=N5356 type=observe q_typed_residual_context=1.371698 sequence=322.304849
[b15-round6/cone_toplist_sa/best_final_horizon/q_typed_residual_context/a0.10/d16] [plan iscas99__b15_1] [plan] step=134 node=N616 type=control1 q_typed_residual_context=1.390564 sequence=323.695413
[b15-round6/cone_toplist_sa/best_final_horizon/q_typed_residual_context/a0.10/d16] [plan iscas99__b15_1] [plan] step=135 node=N5874 type=observe q_typed_residual_context=1.420421 sequence=325.115834
[b15-round6/cone_toplist_sa/best_final_horizon/q_typed_residual_context/a0.10/d16] [plan iscas99__b15_1] [plan] step=136 node=N3799 type=control0 q_typed_residual_context=1.827714 sequence=326.943548
[b15-round6/cone_toplist_sa/best_final_horizon/q_typed_residual_context/a0.10/d16] [plan iscas99__b15_1] [plan] step=137 node=N7401 type=observe q_typed_residual_context=1.780366 sequence=328.723914
[b15-round6/cone_toplist_sa/best_final_horizon/q_typed_residual_context/a0.10/d16] [plan iscas99__b15_1] [plan] step=138 node=N2149 type=observe q_typed_residual_context=3.290986 sequence=332.014900
[b15-round6/cone_toplist_sa/best_final_horizon/q_typed_residual_context/a0.10/d16] [plan iscas99__b15_1] [plan] step=139 node=N636 type=control1 q_typed_residual_context=1.810173 sequence=333.825073
[b15-round6/cone_toplist_sa/best_final_horizon/q_typed_residual_context/a0.10/d16] [plan iscas99__b15_1] [plan] step=140 node=N7627 type=observe q_typed_residual_context=1.741118 sequence=335.566192
[b15-round6/cone_toplist_sa/best_final_horizon/q_typed_residual_context/a0.10/d16] [plan iscas99__b15_1] [plan] step=141 node=N3792 type=control0 q_typed_residual_context=2.649501 sequence=338.215692
[b15-round6/cone_toplist_sa/best_final_horizon/q_typed_residual_context/a0.10/d16] [plan iscas99__b15_1] [plan] step=142 node=N7820 type=control0 q_typed_residual_context=2.161739 sequence=340.377431
[b15-round6/cone_toplist_sa/best_final_horizon/q_typed_residual_context/a0.10/d16] [plan iscas99__b15_1] [plan] step=143 node=N5740 type=observe q_typed_residual_context=1.187292 sequence=341.564723
[b15-round6/cone_toplist_sa/best_final_horizon/q_typed_residual_context/a0.10/d16] [plan iscas99__b15_1] [plan] step=144 node=N694 type=observe q_typed_residual_context=2.137211 sequence=343.701934
[b15-round6/cone_toplist_sa/best_final_horizon/q_typed_residual_context/a0.10/d16] [plan iscas99__b15_1] [plan] step=145 node=N3785 type=control0 q_typed_residual_context=1.093750 sequence=344.795683
[b15-round6/cone_toplist_sa/best_final_horizon/q_typed_residual_context/a0.10/d16] [plan iscas99__b15_1] [plan] step=146 node=N2106 type=observe q_typed_residual_context=1.301688 sequence=346.097371
[b15-round6/cone_toplist_sa/best_final_horizon/q_typed_residual_context/a0.10/d16] [plan iscas99__b15_1] [plan] step=147 node=N7385 type=observe q_typed_residual_context=1.129191 sequence=347.226562
[b15-round6/cone_toplist_sa/best_final_horizon/q_typed_residual_context/a0.10/d16] [plan iscas99__b15_1] [plan] step=148 node=N3295 type=control1 q_typed_residual_context=0.894818 sequence=348.121381
[b15-round6/cone_toplist_sa/best_final_horizon/q_typed_residual_context/a0.10/d16] [plan iscas99__b15_1] [plan] step=149 node=N3410 type=control1 q_typed_residual_context=0.862891 sequence=348.984272
[b15-round6/cone_toplist_sa/best_final_horizon/q_typed_residual_context/a0.10/d16] [plan iscas99__b15_1] [plan] step=150 node=N630 type=control1 q_typed_residual_context=0.987652 sequence=349.971923
[b15-round6/cone_toplist_sa/best_final_horizon/q_typed_residual_context/a0.10/d16] [plan iscas99__b15_1] [plan] step=151 node=N642 type=control1 q_typed_residual_context=1.196354 sequence=351.168277
[b15-round6/cone_toplist_sa/best_final_horizon/q_typed_residual_context/a0.10/d16] [plan iscas99__b15_1] [plan] step=152 node=N1987 type=observe q_typed_residual_context=0.836788 sequence=352.005065
[b15-round6/cone_toplist_sa/best_final_horizon/q_typed_residual_context/a0.10/d16] [plan iscas99__b15_1] [plan] step=153 node=N649 type=control1 q_typed_residual_context=1.378511 sequence=353.383575
[b15-round6/cone_toplist_sa/best_final_horizon/q_typed_residual_context/a0.10/d16] [plan iscas99__b15_1] [plan] step=154 node=N6531 type=observe q_typed_residual_context=1.210582 sequence=354.594157
[b15-round6/cone_toplist_sa/best_final_horizon/q_typed_residual_context/a0.10/d16] [plan iscas99__b15_1] [plan] step=155 node=N715 type=observe q_typed_residual_context=1.451408 sequence=356.045566
[b15-round6/cone_toplist_sa/best_final_horizon/q_typed_residual_context/a0.10/d16] [plan iscas99__b15_1] [plan] step=156 node=N723 type=observe q_typed_residual_context=1.652567 sequence=357.698132
[b15-round6/cone_toplist_sa/best_final_horizon/q_typed_residual_context/a0.10/d16] [plan iscas99__b15_1] [plan] step=157 node=N3525 type=control1 q_typed_residual_context=1.025655 sequence=358.723788
[b15-round6/cone_toplist_sa/best_final_horizon/q_typed_residual_context/a0.10/d16] [plan iscas99__b15_1] [plan] step=158 node=N3180 type=control1 q_typed_residual_context=0.920665 sequence=359.644452
[b15-round6/cone_toplist_sa/best_final_horizon/q_typed_residual_context/a0.10/d16] [plan iscas99__b15_1] [plan] step=159 node=N1607 type=control1 q_typed_residual_context=1.046061 sequence=360.690513
[b15-round6/cone_toplist_sa/best_final_horizon/q_typed_residual_context/a0.10/d16] [plan iscas99__b15_1] [plan] step=160 node=N647 type=control1 q_typed_residual_context=0.982140 sequence=361.672654
[b15-round6/cone_toplist_sa/best_final_horizon/q_typed_residual_context/a0.10/d16] [plan iscas99__b15_1] [plan] step=161 node=N5878 type=observe q_typed_residual_context=0.969738 sequence=362.642392
[b15-round6/cone_toplist_sa/best_final_horizon/q_typed_residual_context/a0.10/d16] [plan iscas99__b15_1] [plan] step=162 node=N712 type=observe q_typed_residual_context=2.320808 sequence=364.963200
[b15-round6/cone_toplist_sa/best_final_horizon/q_typed_residual_context/a0.10/d16] [plan iscas99__b15_1] [plan] step=163 node=N1586 type=control1 q_typed_residual_context=3.926935 sequence=368.890135
[b15-round6/cone_toplist_sa/best_final_horizon/q_typed_residual_context/a0.10/d16] [plan iscas99__b15_1] [plan] step=164 node=N3467 type=control1 q_typed_residual_context=1.219290 sequence=370.109425
[b15-round6/cone_toplist_sa/best_final_horizon/q_typed_residual_context/a0.10/d16] [plan iscas99__b15_1] [plan] step=165 node=N7424 type=control1 q_typed_residual_context=0.986116 sequence=371.095541
[b15-round6/cone_toplist_sa/best_final_horizon/q_typed_residual_context/a0.10/d16] [plan iscas99__b15_1] [plan] step=166 node=N2652 type=control1 q_typed_residual_context=0.908212 sequence=372.003753
[b15-round6/cone_toplist_sa/best_final_horizon/q_typed_residual_context/a0.10/d16] [plan iscas99__b15_1] [plan] step=167 node=N7436 type=observe q_typed_residual_context=0.880161 sequence=372.883913
[b15-round6/cone_toplist_sa/best_final_horizon/q_typed_residual_context/a0.10/d16] [plan iscas99__b15_1] [plan] step=168 node=N5473 type=observe q_typed_residual_context=2.573141 sequence=375.457055
[b15-round6/cone_toplist_sa/best_final_horizon/q_typed_residual_context/a0.10/d16] [plan iscas99__b15_1] [plan] step=169 node=N703 type=observe q_typed_residual_context=1.220831 sequence=376.677886
[b15-round6/cone_toplist_sa/best_final_horizon/q_typed_residual_context/a0.10/d16] [plan iscas99__b15_1] [plan] step=170 node=N2721 type=control1 q_typed_residual_context=1.157035 sequence=377.834920
[b15-round6/cone_toplist_sa/best_final_horizon/q_typed_residual_context/a0.10/d16] [plan iscas99__b15_1] [plan] step=171 node=N7614 type=observe q_typed_residual_context=1.750952 sequence=379.585873
[b15-round6/cone_toplist_sa/best_final_horizon/q_typed_residual_context/a0.10/d16] [plan iscas99__b15_1] [plan] step=172 node=N628 type=control1 q_typed_residual_context=0.455984 sequence=380.041857
[b15-round6/cone_toplist_sa/best_final_horizon/q_typed_residual_context/a0.10/d16] [plan iscas99__b15_1] [plan] step=173 node=N2894 type=control1 q_typed_residual_context=0.950214 sequence=380.992071
[b15-round6/cone_toplist_sa/best_final_horizon/q_typed_residual_context/a0.10/d16] [plan iscas99__b15_1] [plan] step=174 node=N2952 type=control1 q_typed_residual_context=0.895771 sequence=381.887842
[b15-round6/cone_toplist_sa/best_final_horizon/q_typed_residual_context/a0.10/d16] [plan iscas99__b15_1] [plan] step=175 node=N2779 type=control1 q_typed_residual_context=0.901146 sequence=382.788989
[b15-round6/cone_toplist_sa/best_final_horizon/q_typed_residual_context/a0.10/d16] [plan iscas99__b15_1] [plan] step=176 node=N6685 type=observe q_typed_residual_context=1.148610 sequence=383.937598
[b15-round6/cone_toplist_sa/best_final_horizon/q_typed_residual_context/a0.10/d16] [plan iscas99__b15_1] [plan] step=177 node=N725 type=observe q_typed_residual_context=1.617408 sequence=385.555006
[b15-round6/cone_toplist_sa/best_final_horizon/q_typed_residual_context/a0.10/d16] [plan iscas99__b15_1] [plan] step=178 node=N705 type=observe q_typed_residual_context=1.709384 sequence=387.264390
[b15-round6/cone_toplist_sa/best_final_horizon/q_typed_residual_context/a0.10/d16] [plan iscas99__b15_1] [plan] step=179 node=N5422 type=observe q_typed_residual_context=1.655659 sequence=388.920049
[b15-round6/cone_toplist_sa/best_final_horizon/q_typed_residual_context/a0.10/d16] [plan iscas99__b15_1] [plan] step=180 node=N706 type=observe q_typed_residual_context=2.579069 sequence=391.499118
[b15-round6/cone_toplist_sa/best_final_horizon/q_typed_residual_context/a0.10/d16] [plan iscas99__b15_1] [plan] step=181 node=N7414 type=control1 q_typed_residual_context=2.303921 sequence=393.803039
[b15-round6/cone_toplist_sa/best_final_horizon/q_typed_residual_context/a0.10/d16] [plan iscas99__b15_1] [plan] step=182 node=N7405 type=observe q_typed_residual_context=1.822360 sequence=395.625399
[b15-round6/cone_toplist_sa/best_final_horizon/q_typed_residual_context/a0.10/d16] [plan iscas99__b15_1] [plan] step=183 node=N7873 type=control1 q_typed_residual_context=1.239248 sequence=396.864647
[b15-round6/cone_toplist_sa/best_final_horizon/q_typed_residual_context/a0.10/d16] [plan iscas99__b15_1] [plan] step=184 node=N2837 type=control1 q_typed_residual_context=1.208890 sequence=398.073537
[b15-round6/cone_toplist_sa/best_final_horizon/q_typed_residual_context/a0.10/d16] [plan iscas99__b15_1] [plan] step=185 node=N3009 type=control1 q_typed_residual_context=1.482839 sequence=399.556376
[b15-round6/cone_toplist_sa/best_final_horizon/q_typed_residual_context/a0.10/d16] [plan iscas99__b15_1] [plan] step=186 node=N6678 type=observe q_typed_residual_context=0.958024 sequence=400.514399
[b15-round6/cone_toplist_sa/best_final_horizon/q_typed_residual_context/a0.10/d16] [plan iscas99__b15_1] [plan] step=187 node=N679 type=observe q_typed_residual_context=2.282851 sequence=402.797250
[b15-round6/cone_toplist_sa/best_final_horizon/q_typed_residual_context/a0.10/d16] [plan iscas99__b15_1] [plan] step=188 node=N5456 type=observe q_typed_residual_context=3.208529 sequence=406.005779
[b15-round6/cone_toplist_sa/best_final_horizon/q_typed_residual_context/a0.10/d16] [plan iscas99__b15_1] [plan] step=189 node=N5439 type=observe q_typed_residual_context=4.471047 sequence=410.476826
[b15-round6/cone_toplist_sa/best_final_horizon/q_typed_residual_context/a0.10/d16] [plan iscas99__b15_1] [plan] step=190 node=N2151 type=observe q_typed_residual_context=1.998140 sequence=412.474966
[b15-round6/cone_toplist_sa/best_final_horizon/q_typed_residual_context/a0.10/d16] [plan iscas99__b15_1] [plan] step=191 node=N7439 type=observe q_typed_residual_context=2.122702 sequence=414.597669
[b15-round6/cone_toplist_sa/best_final_horizon/q_typed_residual_context/a0.10/d16] [plan iscas99__b15_1] [plan] step=192 node=N2580 type=control1 q_typed_residual_context=2.173229 sequence=416.770897
[b15-round6/cone_toplist_sa/best_final_horizon/q_typed_residual_context/a0.10/d16] [plan iscas99__b15_1] [plan] step=193 node=N3067 type=control1 q_typed_residual_context=4.032502 sequence=420.803400
[b15-round6/cone_toplist_sa/best_final_horizon/q_typed_residual_context/a0.10/d16] [plan iscas99__b15_1] [plan] step=194 node=N8790 type=control1 q_typed_residual_context=2.235269 sequence=423.038669
[b15-round6/cone_toplist_sa/best_final_horizon/q_typed_residual_context/a0.10/d16] [plan iscas99__b15_1] [plan] step=195 node=N8240 type=control1 q_typed_residual_context=2.576350 sequence=425.615019
[b15-round6/cone_toplist_sa/best_final_horizon/q_typed_residual_context/a0.10/d16] [plan iscas99__b15_1] [plan] step=196 node=N8789 type=control1 q_typed_residual_context=2.178180 sequence=427.793199
[b15-round6/cone_toplist_sa/best_final_horizon/q_typed_residual_context/a0.10/d16] [plan iscas99__b15_1] [plan] step=197 node=N8239 type=control1 q_typed_residual_context=1.580480 sequence=429.373679
[b15-round6/cone_toplist_sa/best_final_horizon/q_typed_residual_context/a0.10/d16] [plan iscas99__b15_1] [plan] step=198 node=N8607 type=control1 q_typed_residual_context=1.468046 sequence=430.841726
[b15-round6/cone_toplist_sa/best_final_horizon/q_typed_residual_context/a0.10/d16] [plan iscas99__b15_1] [plan] step=199 node=N6682 type=observe q_typed_residual_context=0.597754 sequence=431.439480
[b15-round6/cone_toplist_sa/best_final_horizon/q_typed_residual_context/a0.10/d16] [plan iscas99__b15_1] [plan] step=200 node=N7589 type=control1 q_typed_residual_context=0.983733 sequence=432.423213
[b15-round6/cone_toplist_sa/best_final_horizon/q_typed_residual_context/a0.10/d16] [plan iscas99__b15_1] [plan] step=201 node=N5390 type=observe q_typed_residual_context=6.209363 sequence=438.632577
[b15-round6/cone_toplist_sa/best_final_horizon/q_typed_residual_context/a0.10/d16] [plan iscas99__b15_1] [plan] step=202 node=N652 type=control1 q_typed_residual_context=6.030178 sequence=444.662755
[b15-round6/cone_toplist_sa/best_final_horizon/q_typed_residual_context/a0.10/d16] [plan iscas99__b15_1] [plan] step=203 node=N8238 type=control1 q_typed_residual_context=6.133157 sequence=450.795912
[b15-round6/cone_toplist_sa/best_final_horizon/q_typed_residual_context/a0.10/d16] [plan iscas99__b15_1] [plan] step=204 node=N5202 type=observe q_typed_residual_context=6.967347 sequence=457.763259
[b15-round6/cone_toplist_sa/best_final_horizon/q_typed_residual_context/a0.10/d16] [plan iscas99__b15_1] [plan] step=205 node=N8606 type=control1 q_typed_residual_context=7.019700 sequence=464.782959
[b15-round6/cone_toplist_sa/best_final_horizon/q_typed_residual_context/a0.10/d16] [plan iscas99__b15_1] [plan] step=206 node=N5373 type=observe q_typed_residual_context=6.860057 sequence=471.643016
[b15-round6/cone_toplist_sa/best_final_horizon/q_typed_residual_context/a0.10/d16] [plan iscas99__b15_1] [plan] step=207 node=N8237 type=control1 q_typed_residual_context=6.984437 sequence=478.627453
[b15-round6/cone_toplist_sa/best_final_horizon/q_typed_residual_context/a0.10/d16] [plan iscas99__b15_1] [plan] step=208 node=N902 type=control1 q_typed_residual_context=6.999169 sequence=485.626623
[b15-round6/cone_toplist_sa/best_final_horizon/q_typed_residual_context/a0.10/d16] [plan iscas99__b15_1] [plan] step=209 node=N5334 type=observe q_typed_residual_context=7.158602 sequence=492.785225
[b15-round6/cone_toplist_sa/best_final_horizon/q_typed_residual_context/a0.10/d16] [plan iscas99__b15_1] [plan] step=210 node=N8605 type=control1 q_typed_residual_context=7.125740 sequence=499.910965
[b15-round6/cone_toplist_sa/best_final_horizon/q_typed_residual_context/a0.10/d16] [plan iscas99__b15_1] [plan] step=211 node=N7382 type=observe q_typed_residual_context=7.240783 sequence=507.151748
[b15-round6/cone_toplist_sa/best_final_horizon/q_typed_residual_context/a0.10/d16] [plan iscas99__b15_1] [plan] step=212 node=N6538 type=observe q_typed_residual_context=5.313104 sequence=512.464853
[b15-round6/cone_toplist_sa/best_final_horizon/q_typed_residual_context/a0.10/d16] [plan iscas99__b15_1] [plan] step=213 node=N8236 type=control1 q_typed_residual_context=3.668326 sequence=516.133179
[b15-round6/cone_toplist_sa/best_final_horizon/q_typed_residual_context/a0.10/d16] [plan iscas99__b15_1] [plan] step=214 node=N515 type=control1 q_typed_residual_context=5.530232 sequence=521.663411
[b15-round6/cone_toplist_sa/best_final_horizon/q_typed_residual_context/a0.10/d16] [plan iscas99__b15_1] [plan] step=215 node=N6668 type=observe q_typed_residual_context=4.452476 sequence=526.115887
[b15-round6/cone_toplist_sa/best_final_horizon/q_typed_residual_context/a0.10/d16] [plan iscas99__b15_1] [plan] step=216 node=N719 type=observe q_typed_residual_context=5.555689 sequence=531.671577
[b15-round6/cone_toplist_sa/best_final_horizon/q_typed_residual_context/a0.10/d16] [plan iscas99__b15_1] [plan] step=217 node=N6736 type=control1 q_typed_residual_context=5.863670 sequence=537.535246
[b15-round6/cone_toplist_sa/best_final_horizon/q_typed_residual_context/a0.10/d16] [plan iscas99__b15_1] [plan] step=218 node=N5726 type=control1 q_typed_residual_context=6.745226 sequence=544.280472
[b15-round6/cone_toplist_sa/best_final_horizon/q_typed_residual_context/a0.10/d16] [plan iscas99__b15_1] [plan] step=219 node=N699 type=observe q_typed_residual_context=3.457089 sequence=547.737560
[b15-round6/cone_toplist_sa/best_final_horizon/q_typed_residual_context/a0.10/d16] [plan iscas99__b15_1] [plan] step=220 node=N734 type=observe q_typed_residual_context=6.085234 sequence=553.822795
[b15-round6/cone_toplist_sa/best_final_horizon/q_typed_residual_context/a0.10/d16] [plan iscas99__b15_1] [plan] step=221 node=N708 type=observe q_typed_residual_context=4.185064 sequence=558.007859
[b15-round6/cone_toplist_sa/best_final_horizon/q_typed_residual_context/a0.10/d16] [plan iscas99__b15_1] [plan] step=222 node=N7380 type=observe q_typed_residual_context=2.952843 sequence=560.960702
[b15-round6/cone_toplist_sa/best_final_horizon/q_typed_residual_context/a0.10/d16] [plan iscas99__b15_1] [plan] step=223 node=N2159 type=observe q_typed_residual_context=1.146963 sequence=562.107664
[b15-round6/cone_toplist_sa/best_final_horizon/q_typed_residual_context/a0.10/d16] [plan iscas99__b15_1] [plan] step=224 node=N6660 type=observe q_typed_residual_context=1.420324 sequence=563.527989
[b15-round6/cone_toplist_sa/best_final_horizon/q_typed_residual_context/a0.10/d16] [plan iscas99__b15_1] [plan] step=225 node=N8235 type=control1 q_typed_residual_context=2.224422 sequence=565.752411
[b15-round6/cone_toplist_sa/best_final_horizon/q_typed_residual_context/a0.10/d16] [plan iscas99__b15_1] [plan] step=226 node=N1351 type=observe q_typed_residual_context=1.436269 sequence=567.188680
[b15-round6/cone_toplist_sa/best_final_horizon/q_typed_residual_context/a0.10/d16] [plan iscas99__b15_1] [plan] step=227 node=N6730 type=control1 q_typed_residual_context=1.161099 sequence=568.349779
[b15-round6/cone_toplist_sa/best_final_horizon/q_typed_residual_context/a0.10/d16] [plan iscas99__b15_1] [plan] step=228 node=N7383 type=observe q_typed_residual_context=3.371213 sequence=571.720993
[b15-round6/cone_toplist_sa/best_final_horizon/q_typed_residual_context/a0.10/d16] [plan iscas99__b15_1] [plan] step=229 node=N2072 type=observe q_typed_residual_context=0.898064 sequence=572.619056
[b15-round6/cone_toplist_sa/best_final_horizon/q_typed_residual_context/a0.10/d16] [plan iscas99__b15_1] [plan] step=230 node=N686 type=observe q_typed_residual_context=3.906445 sequence=576.525501
[b15-round6/cone_toplist_sa/best_final_horizon/q_typed_residual_context/a0.10/d16] [plan iscas99__b15_1] [plan] step=231 node=N729 type=observe q_typed_residual_context=5.806045 sequence=582.331547
[b15-round6/cone_toplist_sa/best_final_horizon/q_typed_residual_context/a0.10/d16] [plan iscas99__b15_1] [plan] step=232 node=N6658 type=observe q_typed_residual_context=4.975888 sequence=587.307434
[b15-round6/cone_toplist_sa/best_final_horizon/q_typed_residual_context/a0.10/d16] [plan iscas99__b15_1] [plan] step=233 node=N684 type=observe q_typed_residual_context=3.979092 sequence=591.286527
[b15-round6/cone_toplist_sa/best_final_horizon/q_typed_residual_context/a0.10/d16] [plan iscas99__b15_1] [plan] step=234 node=N689 type=observe q_typed_residual_context=5.971368 sequence=597.257895
[b15-round6/cone_toplist_sa/best_final_horizon/q_typed_residual_context/a0.10/d16] [plan iscas99__b15_1] [plan] step=235 node=N2243 type=observe q_typed_residual_context=6.021457 sequence=603.279352
[b15-round6/cone_toplist_sa/best_final_horizon/q_typed_residual_context/a0.10/d16] [plan iscas99__b15_1] [plan] step=236 node=N8234 type=control1 q_typed_residual_context=5.530496 sequence=608.809847
[b15-round6/cone_toplist_sa/best_final_horizon/q_typed_residual_context/a0.10/d16] [plan iscas99__b15_1] [plan] step=237 node=N5735 type=observe q_typed_residual_context=0.917981 sequence=609.727828
[b15-round6/cone_toplist_sa/best_final_horizon/q_typed_residual_context/a0.10/d16] [plan iscas99__b15_1] [plan] step=238 node=N6593 type=control1 q_typed_residual_context=4.160546 sequence=613.888374
[b15-round6/cone_toplist_sa/best_final_horizon/q_typed_residual_context/a0.10/d16] [plan iscas99__b15_1] [plan] step=239 node=N6656 type=observe q_typed_residual_context=2.263180 sequence=616.151553
[b15-round6/cone_toplist_sa/best_final_horizon/q_typed_residual_context/a0.10/d16] [plan iscas99__b15_1] [plan] step=240 node=N8783 type=control1 q_typed_residual_context=3.035858 sequence=619.187411
[b15-round6/cone_toplist_sa/best_final_horizon/q_typed_residual_context/a0.10/d16] [plan iscas99__b15_1] [plan] step=241 node=N7433 type=observe q_typed_residual_context=1.816813 sequence=621.004224
[b15-round6/cone_toplist_sa/best_final_horizon/q_typed_residual_context/a0.10/d16] [plan iscas99__b15_1] [plan] step=242 node=N8233 type=control1 q_typed_residual_context=2.481090 sequence=623.485314
[b15-round6/cone_toplist_sa/best_final_horizon/q_typed_residual_context/a0.10/d16] [plan iscas99__b15_1] [plan] step=243 node=N2271 type=observe q_typed_residual_context=2.246650 sequence=625.731964
[b15-round6/cone_toplist_sa/best_final_horizon/q_typed_residual_context/a0.10/d16] [plan iscas99__b15_1] [plan] step=244 node=N765 type=observe q_typed_residual_context=0.939354 sequence=626.671318
[b15-round6/cone_toplist_sa/best_final_horizon/q_typed_residual_context/a0.10/d16] [plan iscas99__b15_1] [plan] step=245 node=N5094 type=observe q_typed_residual_context=2.282839 sequence=628.954157
[b15-round6/cone_toplist_sa/best_final_horizon/q_typed_residual_context/a0.10/d16] [plan iscas99__b15_1] [plan] step=246 node=N2259 type=observe q_typed_residual_context=5.730000 sequence=634.684157
[b15-round6/cone_toplist_sa/best_final_horizon/q_typed_residual_context/a0.10/d16] [plan iscas99__b15_1] [plan] step=247 node=N6743 type=control1 q_typed_residual_context=6.939253 sequence=641.623409
[b15-round6/cone_toplist_sa/best_final_horizon/q_typed_residual_context/a0.10/d16] [plan iscas99__b15_1] [plan] step=248 node=N5160 type=observe q_typed_residual_context=6.860780 sequence=648.484190
[b15-round6/cone_toplist_sa/best_final_horizon/q_typed_residual_context/a0.10/d16] [plan iscas99__b15_1] [plan] step=249 node=N7447 type=observe q_typed_residual_context=4.847765 sequence=653.331955
[b15-round6/cone_toplist_sa/best_final_horizon/q_typed_residual_context/a0.10/d16] [plan iscas99__b15_1] [plan] step=250 node=N5111 type=observe q_typed_residual_context=1.638169 sequence=654.970124
[b15-round6/cone_toplist_sa/best_final_horizon/q_typed_residual_context/a0.10/d16] [plan iscas99__b15_1] [plan] step=251 node=N2267 type=observe q_typed_residual_context=6.401397 sequence=661.371521
[b15-round6/cone_toplist_sa/best_final_horizon/q_typed_residual_context/a0.10/d16] [plan iscas99__b15_1] [plan] step=252 node=N2263 type=observe q_typed_residual_context=6.762258 sequence=668.133779
[b15-round6/cone_toplist_sa/best_final_horizon/q_typed_residual_context/a0.10/d16] [plan iscas99__b15_1] [plan] step=253 node=N6537 type=observe q_typed_residual_context=6.375986 sequence=674.509765
[b15-round6/cone_toplist_sa/best_final_horizon/q_typed_residual_context/a0.10/d16] [plan iscas99__b15_1] [plan] step=254 node=N695 type=observe q_typed_residual_context=4.393751 sequence=678.903515
[b15-round6/cone_toplist_sa/best_final_horizon/q_typed_residual_context/a0.10/d16] [plan iscas99__b15_1] [plan] step=255 node=N8608 type=control1 q_typed_residual_context=6.103633 sequence=685.007148
[b15-round6/cone_toplist_sa/best_final_horizon/q_typed_residual_context/a0.10/d16] [plan iscas99__b15_1] [plan] step=256 node=N7443 type=observe q_typed_residual_context=3.152347 sequence=688.159495
[b15-round6/cone_toplist_sa/best_final_horizon/q_typed_residual_context/a0.10/d16] [plan iscas99__b15_1] [plan] step=257 node=N6741 type=control1 q_typed_residual_context=1.785322 sequence=689.944817
[b15-round6/cone_toplist_sa/best_final_horizon/q_typed_residual_context/a0.10/d16] [plan iscas99__b15_1] [plan] step=258 node=N2251 type=observe q_typed_residual_context=6.629559 sequence=696.574376
[b15-round6/cone_toplist_sa/best_final_horizon/q_typed_residual_context/a0.10/d16] [plan iscas99__b15_1] [plan] step=259 node=N2358 type=control1 q_typed_residual_context=7.939139 sequence=704.513515
[b15-round6/cone_toplist_sa/best_final_horizon/q_typed_residual_context/a0.10/d16] [plan iscas99__b15_1] [plan] step=260 node=N696 type=observe q_typed_residual_context=3.231427 sequence=707.744942
[b15-round6/cone_toplist_sa/best_final_horizon/q_typed_residual_context/a0.10/d16] [plan iscas99__b15_1] [plan] step=261 node=N6594 type=control1 q_typed_residual_context=1.154982 sequence=708.899924
[b15-round6/cone_toplist_sa/best_final_horizon/q_typed_residual_context/a0.10/d16] [plan iscas99__b15_1] [plan] step=262 node=N6657 type=observe q_typed_residual_context=0.421467 sequence=709.321391
[b15-round6/cone_toplist_sa/best_final_horizon/q_typed_residual_context/a0.10/d16] [plan iscas99__b15_1] [plan] step=263 node=N1879 type=observe q_typed_residual_context=2.109053 sequence=711.430444
[b15-round6/cone_toplist_sa/best_final_horizon/q_typed_residual_context/a0.10/d16] [plan iscas99__b15_1] [plan] step=264 node=N697 type=observe q_typed_residual_context=6.257654 sequence=717.688099
[b15-round6/cone_toplist_sa/best_final_horizon/q_typed_residual_context/a0.10/d16] [plan iscas99__b15_1] [plan] step=265 node=N2247 type=observe q_typed_residual_context=4.642975 sequence=722.331073
[b15-round6/cone_toplist_sa/best_final_horizon/q_typed_residual_context/a0.10/d16] [plan iscas99__b15_1] [plan] step=266 node=N1598 type=observe q_typed_residual_context=3.921564 sequence=726.252637
[b15-round6/cone_toplist_sa/best_final_horizon/q_typed_residual_context/a0.10/d16] [plan iscas99__b15_1] [plan] step=267 node=N1352 type=observe q_typed_residual_context=4.912017 sequence=731.164655
[b15-round6/cone_toplist_sa/best_final_horizon/q_typed_residual_context/a0.10/d16] [plan iscas99__b15_1] [plan] step=268 node=N7444 type=observe q_typed_residual_context=5.313699 sequence=736.478354
[b15-round6/cone_toplist_sa/best_final_horizon/q_typed_residual_context/a0.10/d16] [plan iscas99__b15_1] [plan] step=269 node=N7452 type=observe q_typed_residual_context=1.199731 sequence=737.678085
[b15-round6/cone_toplist_sa/best_final_horizon/q_typed_residual_context/a0.10/d16] [plan iscas99__b15_1] [plan] step=270 node=N680 type=observe q_typed_residual_context=6.055237 sequence=743.733321
[b15-round6/cone_toplist_sa/best_final_horizon/q_typed_residual_context/a0.10/d16] [plan iscas99__b15_1] [plan] step=271 node=N771 type=observe q_typed_residual_context=3.593962 sequence=747.327283
[b15-round6/cone_toplist_sa/best_final_horizon/q_typed_residual_context/a0.10/d16] [plan iscas99__b15_1] [plan] step=272 node=N754 type=observe q_typed_residual_context=1.287006 sequence=748.614289
[b15-round6/cone_toplist_sa/best_final_horizon/q_typed_residual_context/a0.10/d16] [plan iscas99__b15_1] [plan] step=273 node=N2255 type=observe q_typed_residual_context=4.078588 sequence=752.692877
[b15-round6/cone_toplist_sa/best_final_horizon/q_typed_residual_context/a0.10/d16] [plan iscas99__b15_1] [plan] step=274 node=N4460 type=control0 q_typed_residual_context=8.137152 sequence=760.830028
[b15-round6/cone_toplist_sa/best_final_horizon/q_typed_residual_context/a0.10/d16] [plan iscas99__b15_1] [plan] step=275 node=N2185 type=observe q_typed_residual_context=6.275943 sequence=767.105972
[b15-round6/cone_toplist_sa/best_final_horizon/q_typed_residual_context/a0.10/d16] [plan iscas99__b15_1] [plan] step=276 node=N2216 type=observe q_typed_residual_context=6.077698 sequence=773.183669
[b15-round6/cone_toplist_sa/best_final_horizon/q_typed_residual_context/a0.10/d16] [plan iscas99__b15_1] [plan] step=277 node=N732 type=observe q_typed_residual_context=6.058966 sequence=779.242636
[b15-round6/cone_toplist_sa/best_final_horizon/q_typed_residual_context/a0.10/d16] [plan iscas99__b15_1] [plan] step=278 node=N764 type=observe q_typed_residual_context=2.587534 sequence=781.830169
[b15-round6/cone_toplist_sa/best_final_horizon/q_typed_residual_context/a0.10/d16] [plan iscas99__b15_1] saved=autoresearch/loop-260720-0945/model_training_round6/b15_selection/cone_toplist_sa/best_final_horizon/q_typed_residual_context/alpha_0p10_decay_16/plans/iscas99__b15_1__greedy__cumulative__q_typed_residual_context__bw1__d1__c48__g1p0__candhard_fault_cluster__div0p0__s0.csv
[b15-round6/cone_toplist_sa/best_final_horizon/q_typed_residual_context/a0.10/d16] [gmean] 2026-07-21T10:12:37 [1/1] plan_done benchmark=iscas99__b15_1 plan_sec=167.253 plan_csv=autoresearch/loop-260720-0945/model_training_round6/b15_selection/cone_toplist_sa/best_final_horizon/q_typed_residual_context/alpha_0p10_decay_16/plans/iscas99__b15_1__greedy__cumulative__q_typed_residual_context__bw1__d1__c48__g1p0__candhard_fault_cluster__div0p0__s0.csv
[b15-round6/cone_toplist_sa/best_final_horizon/q_typed_residual_context/a0.10/d16] [gmean] 2026-07-21T10:12:37 [1/1] eval_start benchmark=iscas99__b15_1 backend=atalanta-bist patterns=300000
[b15-round6/cone_toplist_sa/best_final_horizon/q_typed_residual_context/a0.10/d16] [eval iscas99__b15_1] {
[b15-round6/cone_toplist_sa/best_final_horizon/q_typed_residual_context/a0.10/d16] [eval iscas99__b15_1]   "records": 2,
[b15-round6/cone_toplist_sa/best_final_horizon/q_typed_residual_context/a0.10/d16] [eval iscas99__b15_1]   "labels_csv": "autoresearch/loop-260720-0945/model_training_round6/b15_selection/cone_toplist_sa/best_final_horizon/q_typed_residual_context/alpha_0p10_decay_16/evals/iscas99__b15_1__greedy__cumulative__q_typed_residual_context__bw1__d1__c48__g1p0__candhard_fault_cluster__div0p0__s0/labels.csv",
[b15-round6/cone_toplist_sa/best_final_horizon/q_typed_residual_context/a0.10/d16] [eval iscas99__b15_1]   "summary_json": "autoresearch/loop-260720-0945/model_training_round6/b15_selection/cone_toplist_sa/best_final_horizon/q_typed_residual_context/alpha_0p10_decay_16/evals/iscas99__b15_1__greedy__cumulative__q_typed_residual_context__bw1__d1__c48__g1p0__candhard_fault_cluster__div0p0__s0/summary.json"
[b15-round6/cone_toplist_sa/best_final_horizon/q_typed_residual_context/a0.10/d16] [eval iscas99__b15_1] }
[b15-round6/cone_toplist_sa/best_final_horizon/q_typed_residual_context/a0.10/d16] [gmean] 2026-07-21T10:12:43 [1/1] eval_done benchmark=iscas99__b15_1 delta_tc=0.12277000000000005 plan_sec=167.253 eval_sec=6.177 total_sec=173.442
[b15-round6/cone_toplist_sa/best_final_horizon/q_typed_residual_context/a0.10/d16] [gmean] 2026-07-21T10:12:43 variant_done id=greedy__cumulative__q_typed_residual_context__bw1__d1__c48__g1p0__candhard_fault_cluster__div0p0__s0 status=ok macro=0.12277000000000005 positives=1 negatives=0 elapsed=173.443
