[b15-round6/cone_rank/best_final_horizon/q_typed_residual_context/a0.10/d16] [gmean] 2026-07-21T09:54:17 out_dir=autoresearch/loop-260720-0945/model_training_round6/b15_selection/cone_rank/best_final_horizon/q_typed_residual_context/alpha_0p10_decay_16
[b15-round6/cone_rank/best_final_horizon/q_typed_residual_context/a0.10/d16] [gmean] 2026-07-21T09:54:17 budgets=iscas99__b15_1:278
[b15-round6/cone_rank/best_final_horizon/q_typed_residual_context/a0.10/d16] [gmean] 2026-07-21T09:54:17 variant_start id=greedy__cumulative__q_typed_residual_context__bw1__d1__c48__g1p0__candhard_fault_cluster__div0p0__s0
[b15-round6/cone_rank/best_final_horizon/q_typed_residual_context/a0.10/d16] [gmean] 2026-07-21T09:54:17 [1/1] plan_start benchmark=iscas99__b15_1 budget=278 planner=greedy score=q_typed_residual_context
[b15-round6/cone_rank/best_final_horizon/q_typed_residual_context/a0.10/d16] [plan iscas99__b15_1] [plan] torch_deterministic=true
[b15-round6/cone_rank/best_final_horizon/q_typed_residual_context/a0.10/d16] [plan iscas99__b15_1] [plan] candidate_allowlist=autoresearch/original-netlist-recovery-260712/exact_itc99/b15_C/exact_candidate_nodes.txt nodes=7918
[b15-round6/cone_rank/best_final_horizon/q_typed_residual_context/a0.10/d16] [plan iscas99__b15_1] [plan] latent_norm_clip_ratio=4 latent_norm_limit=30.875631
[b15-round6/cone_rank/best_final_horizon/q_typed_residual_context/a0.10/d16] [plan iscas99__b15_1] [plan] step=1 node=N677 type=control1 q_typed_residual_context=5.200796 sequence=5.200796
[b15-round6/cone_rank/best_final_horizon/q_typed_residual_context/a0.10/d16] [plan iscas99__b15_1] [plan] step=2 node=N2155 type=observe q_typed_residual_context=4.710101 sequence=9.910897
[b15-round6/cone_rank/best_final_horizon/q_typed_residual_context/a0.10/d16] [plan iscas99__b15_1] [plan] step=3 node=N502 type=control1 q_typed_residual_context=2.022594 sequence=11.933491
[b15-round6/cone_rank/best_final_horizon/q_typed_residual_context/a0.10/d16] [plan iscas99__b15_1] [plan] step=4 node=N762 type=control1 q_typed_residual_context=1.694444 sequence=13.627935
[b15-round6/cone_rank/best_final_horizon/q_typed_residual_context/a0.10/d16] [plan iscas99__b15_1] [plan] step=5 node=N3644 type=control0 q_typed_residual_context=1.239013 sequence=14.866948
[b15-round6/cone_rank/best_final_horizon/q_typed_residual_context/a0.10/d16] [plan iscas99__b15_1] [plan] step=6 node=N3756 type=control0 q_typed_residual_context=1.058015 sequence=15.924963
[b15-round6/cone_rank/best_final_horizon/q_typed_residual_context/a0.10/d16] [plan iscas99__b15_1] [plan] step=7 node=N557 type=control1 q_typed_residual_context=0.978590 sequence=16.903553
[b15-round6/cone_rank/best_final_horizon/q_typed_residual_context/a0.10/d16] [plan iscas99__b15_1] [plan] step=8 node=N5143 type=observe q_typed_residual_context=1.069345 sequence=17.972899
[b15-round6/cone_rank/best_final_horizon/q_typed_residual_context/a0.10/d16] [plan iscas99__b15_1] [plan] step=9 node=N507 type=control1 q_typed_residual_context=0.948625 sequence=18.921523
[b15-round6/cone_rank/best_final_horizon/q_typed_residual_context/a0.10/d16] [plan iscas99__b15_1] [plan] step=10 node=N3742 type=control0 q_typed_residual_context=1.123974 sequence=20.045497
[b15-round6/cone_rank/best_final_horizon/q_typed_residual_context/a0.10/d16] [plan iscas99__b15_1] [plan] step=11 node=N564 type=control1 q_typed_residual_context=2.290399 sequence=22.335896
[b15-round6/cone_rank/best_final_horizon/q_typed_residual_context/a0.10/d16] [plan iscas99__b15_1] [plan] step=12 node=N5203 type=control1 q_typed_residual_context=1.592086 sequence=23.927982
[b15-round6/cone_rank/best_final_horizon/q_typed_residual_context/a0.10/d16] [plan iscas99__b15_1] [plan] step=13 node=N5866 type=observe q_typed_residual_context=3.291229 sequence=27.219212
[b15-round6/cone_rank/best_final_horizon/q_typed_residual_context/a0.10/d16] [plan iscas99__b15_1] [plan] step=14 node=N580 type=control1 q_typed_residual_context=3.107675 sequence=30.326886
[b15-round6/cone_rank/best_final_horizon/q_typed_residual_context/a0.10/d16] [plan iscas99__b15_1] [plan] step=15 node=N737 type=control1 q_typed_residual_context=2.752461 sequence=33.079348
[b15-round6/cone_rank/best_final_horizon/q_typed_residual_context/a0.10/d16] [plan iscas99__b15_1] [plan] step=16 node=N1853 type=observe q_typed_residual_context=1.838948 sequence=34.918296
[b15-round6/cone_rank/best_final_horizon/q_typed_residual_context/a0.10/d16] [plan iscas99__b15_1] [plan] step=17 node=N2082 type=observe q_typed_residual_context=4.715333 sequence=39.633629
[b15-round6/cone_rank/best_final_horizon/q_typed_residual_context/a0.10/d16] [plan iscas99__b15_1] [plan] step=18 node=N2153 type=observe q_typed_residual_context=4.602689 sequence=44.236317
[b15-round6/cone_rank/best_final_horizon/q_typed_residual_context/a0.10/d16] [plan iscas99__b15_1] [plan] step=19 node=N2101 type=observe q_typed_residual_context=5.292847 sequence=49.529165
[b15-round6/cone_rank/best_final_horizon/q_typed_residual_context/a0.10/d16] [plan iscas99__b15_1] [plan] step=20 node=N1860 type=observe q_typed_residual_context=4.806442 sequence=54.335607
[b15-round6/cone_rank/best_final_horizon/q_typed_residual_context/a0.10/d16] [plan iscas99__b15_1] [plan] step=21 node=N1372 type=observe q_typed_residual_context=4.186365 sequence=58.521972
[b15-round6/cone_rank/best_final_horizon/q_typed_residual_context/a0.10/d16] [plan iscas99__b15_1] [plan] step=22 node=N496 type=control1 q_typed_residual_context=6.745507 sequence=65.267479
[b15-round6/cone_rank/best_final_horizon/q_typed_residual_context/a0.10/d16] [plan iscas99__b15_1] [plan] step=23 node=N5723 type=control0 q_typed_residual_context=6.118319 sequence=71.385798
[b15-round6/cone_rank/best_final_horizon/q_typed_residual_context/a0.10/d16] [plan iscas99__b15_1] [plan] step=24 node=N582 type=control1 q_typed_residual_context=5.966673 sequence=77.352471
[b15-round6/cone_rank/best_final_horizon/q_typed_residual_context/a0.10/d16] [plan iscas99__b15_1] [plan] step=25 node=N7516 type=observe q_typed_residual_context=5.709344 sequence=83.061816
[b15-round6/cone_rank/best_final_horizon/q_typed_residual_context/a0.10/d16] [plan iscas99__b15_1] [plan] step=26 node=N766 type=control1 q_typed_residual_context=6.907074 sequence=89.968890
[b15-round6/cone_rank/best_final_horizon/q_typed_residual_context/a0.10/d16] [plan iscas99__b15_1] [plan] step=27 node=N5234 type=observe q_typed_residual_context=5.496441 sequence=95.465330
[b15-round6/cone_rank/best_final_horizon/q_typed_residual_context/a0.10/d16] [plan iscas99__b15_1] [plan] step=28 node=N1437 type=control1 q_typed_residual_context=4.389430 sequence=99.854761
[b15-round6/cone_rank/best_final_horizon/q_typed_residual_context/a0.10/d16] [plan iscas99__b15_1] [plan] step=29 node=N583 type=control1 q_typed_residual_context=4.354280 sequence=104.209040
[b15-round6/cone_rank/best_final_horizon/q_typed_residual_context/a0.10/d16] [plan iscas99__b15_1] [plan] step=30 node=N7411 type=control1 q_typed_residual_context=4.393997 sequence=108.603037
[b15-round6/cone_rank/best_final_horizon/q_typed_residual_context/a0.10/d16] [plan iscas99__b15_1] [plan] step=31 node=N4635 type=control0 q_typed_residual_context=7.835935 sequence=116.438973
[b15-round6/cone_rank/best_final_horizon/q_typed_residual_context/a0.10/d16] [plan iscas99__b15_1] [plan] step=32 node=N7511 type=control1 q_typed_residual_context=2.914238 sequence=119.353210
[b15-round6/cone_rank/best_final_horizon/q_typed_residual_context/a0.10/d16] [plan iscas99__b15_1] [plan] step=33 node=N2042 type=observe q_typed_residual_context=6.136467 sequence=125.489677
[b15-round6/cone_rank/best_final_horizon/q_typed_residual_context/a0.10/d16] [plan iscas99__b15_1] [plan] step=34 node=N7413 type=control1 q_typed_residual_context=4.747530 sequence=130.237207
[b15-round6/cone_rank/best_final_horizon/q_typed_residual_context/a0.10/d16] [plan iscas99__b15_1] [plan] step=35 node=N2044 type=observe q_typed_residual_context=6.236646 sequence=136.473853
[b15-round6/cone_rank/best_final_horizon/q_typed_residual_context/a0.10/d16] [plan iscas99__b15_1] [plan] step=36 node=N2040 type=observe q_typed_residual_context=5.906220 sequence=142.380073
[b15-round6/cone_rank/best_final_horizon/q_typed_residual_context/a0.10/d16] [plan iscas99__b15_1] [plan] step=37 node=N1532 type=observe q_typed_residual_context=4.134574 sequence=146.514647
[b15-round6/cone_rank/best_final_horizon/q_typed_residual_context/a0.10/d16] [plan iscas99__b15_1] [plan] step=38 node=N4649 type=control0 q_typed_residual_context=6.369510 sequence=152.884156
[b15-round6/cone_rank/best_final_horizon/q_typed_residual_context/a0.10/d16] [plan iscas99__b15_1] [plan] step=39 node=N3701 type=control0 q_typed_residual_context=0.892039 sequence=153.776196
[b15-round6/cone_rank/best_final_horizon/q_typed_residual_context/a0.10/d16] [plan iscas99__b15_1] [plan] step=40 node=N7881 type=control1 q_typed_residual_context=1.178423 sequence=154.954618
[b15-round6/cone_rank/best_final_horizon/q_typed_residual_context/a0.10/d16] [plan iscas99__b15_1] [plan] step=41 node=N7891 type=control1 q_typed_residual_context=1.633059 sequence=156.587677
[b15-round6/cone_rank/best_final_horizon/q_typed_residual_context/a0.10/d16] [plan iscas99__b15_1] [plan] step=42 node=N7882 type=control1 q_typed_residual_context=2.032112 sequence=158.619789
[b15-round6/cone_rank/best_final_horizon/q_typed_residual_context/a0.10/d16] [plan iscas99__b15_1] [plan] step=43 node=N4585 type=control0 q_typed_residual_context=0.820975 sequence=159.440764
[b15-round6/cone_rank/best_final_horizon/q_typed_residual_context/a0.10/d16] [plan iscas99__b15_1] [plan] step=44 node=N7883 type=control1 q_typed_residual_context=0.982253 sequence=160.423017
[b15-round6/cone_rank/best_final_horizon/q_typed_residual_context/a0.10/d16] [plan iscas99__b15_1] [plan] step=45 node=N7884 type=control1 q_typed_residual_context=1.063865 sequence=161.486881
[b15-round6/cone_rank/best_final_horizon/q_typed_residual_context/a0.10/d16] [plan iscas99__b15_1] [plan] step=46 node=N7885 type=control1 q_typed_residual_context=0.954829 sequence=162.441710
[b15-round6/cone_rank/best_final_horizon/q_typed_residual_context/a0.10/d16] [plan iscas99__b15_1] [plan] step=47 node=N4656 type=control0 q_typed_residual_context=1.583863 sequence=164.025573
[b15-round6/cone_rank/best_final_horizon/q_typed_residual_context/a0.10/d16] [plan iscas99__b15_1] [plan] step=48 node=N3903 type=control0 q_typed_residual_context=0.889649 sequence=164.915222
[b15-round6/cone_rank/best_final_horizon/q_typed_residual_context/a0.10/d16] [plan iscas99__b15_1] [plan] step=49 node=N4663 type=control0 q_typed_residual_context=1.190814 sequence=166.106036
[b15-round6/cone_rank/best_final_horizon/q_typed_residual_context/a0.10/d16] [plan iscas99__b15_1] [plan] step=50 node=N713 type=observe q_typed_residual_context=1.411917 sequence=167.517953
[b15-round6/cone_rank/best_final_horizon/q_typed_residual_context/a0.10/d16] [plan iscas99__b15_1] [plan] step=51 node=N724 type=observe q_typed_residual_context=1.445299 sequence=168.963252
[b15-round6/cone_rank/best_final_horizon/q_typed_residual_context/a0.10/d16] [plan iscas99__b15_1] [plan] step=52 node=N4670 type=control0 q_typed_residual_context=1.377600 sequence=170.340852
[b15-round6/cone_rank/best_final_horizon/q_typed_residual_context/a0.10/d16] [plan iscas99__b15_1] [plan] step=53 node=N704 type=observe q_typed_residual_context=1.322915 sequence=171.663767
[b15-round6/cone_rank/best_final_horizon/q_typed_residual_context/a0.10/d16] [plan iscas99__b15_1] [plan] step=54 node=N4677 type=control0 q_typed_residual_context=1.180022 sequence=172.843790
[b15-round6/cone_rank/best_final_horizon/q_typed_residual_context/a0.10/d16] [plan iscas99__b15_1] [plan] step=55 node=N3896 type=control0 q_typed_residual_context=0.997901 sequence=173.841691
[b15-round6/cone_rank/best_final_horizon/q_typed_residual_context/a0.10/d16] [plan iscas99__b15_1] [plan] step=56 node=N4684 type=control0 q_typed_residual_context=1.203954 sequence=175.045645
[b15-round6/cone_rank/best_final_horizon/q_typed_residual_context/a0.10/d16] [plan iscas99__b15_1] [plan] step=57 node=N3889 type=control0 q_typed_residual_context=1.146218 sequence=176.191863
[b15-round6/cone_rank/best_final_horizon/q_typed_residual_context/a0.10/d16] [plan iscas99__b15_1] [plan] step=58 node=N3882 type=control0 q_typed_residual_context=1.239251 sequence=177.431113
[b15-round6/cone_rank/best_final_horizon/q_typed_residual_context/a0.10/d16] [plan iscas99__b15_1] [plan] step=59 node=N3805 type=control0 q_typed_residual_context=1.207859 sequence=178.638973
[b15-round6/cone_rank/best_final_horizon/q_typed_residual_context/a0.10/d16] [plan iscas99__b15_1] [plan] step=60 node=N4578 type=control0 q_typed_residual_context=1.200364 sequence=179.839337
[b15-round6/cone_rank/best_final_horizon/q_typed_residual_context/a0.10/d16] [plan iscas99__b15_1] [plan] step=61 node=N4606 type=control0 q_typed_residual_context=1.288752 sequence=181.128089
[b15-round6/cone_rank/best_final_horizon/q_typed_residual_context/a0.10/d16] [plan iscas99__b15_1] [plan] step=62 node=N4705 type=control0 q_typed_residual_context=1.221749 sequence=182.349838
[b15-round6/cone_rank/best_final_horizon/q_typed_residual_context/a0.10/d16] [plan iscas99__b15_1] [plan] step=63 node=N4564 type=control0 q_typed_residual_context=1.120019 sequence=183.469857
[b15-round6/cone_rank/best_final_horizon/q_typed_residual_context/a0.10/d16] [plan iscas99__b15_1] [plan] step=64 node=N4698 type=control0 q_typed_residual_context=1.045525 sequence=184.515382
[b15-round6/cone_rank/best_final_horizon/q_typed_residual_context/a0.10/d16] [plan iscas99__b15_1] [plan] step=65 node=N4716 type=control0 q_typed_residual_context=1.073783 sequence=185.589165
[b15-round6/cone_rank/best_final_horizon/q_typed_residual_context/a0.10/d16] [plan iscas99__b15_1] [plan] step=66 node=N4712 type=control0 q_typed_residual_context=1.254344 sequence=186.843509
[b15-round6/cone_rank/best_final_horizon/q_typed_residual_context/a0.10/d16] [plan iscas99__b15_1] [plan] step=67 node=N4691 type=control0 q_typed_residual_context=1.292099 sequence=188.135608
[b15-round6/cone_rank/best_final_horizon/q_typed_residual_context/a0.10/d16] [plan iscas99__b15_1] [plan] step=68 node=N722 type=observe q_typed_residual_context=2.755711 sequence=190.891319
[b15-round6/cone_rank/best_final_horizon/q_typed_residual_context/a0.10/d16] [plan iscas99__b15_1] [plan] step=69 node=N4557 type=control0 q_typed_residual_context=2.185077 sequence=193.076396
[b15-round6/cone_rank/best_final_horizon/q_typed_residual_context/a0.10/d16] [plan iscas99__b15_1] [plan] step=70 node=N7471 type=control0 q_typed_residual_context=1.781384 sequence=194.857780
[b15-round6/cone_rank/best_final_horizon/q_typed_residual_context/a0.10/d16] [plan iscas99__b15_1] [plan] step=71 node=N3722 type=control0 q_typed_residual_context=1.803176 sequence=196.660956
[b15-round6/cone_rank/best_final_horizon/q_typed_residual_context/a0.10/d16] [plan iscas99__b15_1] [plan] step=72 node=N1539 type=control0 q_typed_residual_context=2.435883 sequence=199.096839
[b15-round6/cone_rank/best_final_horizon/q_typed_residual_context/a0.10/d16] [plan iscas99__b15_1] [plan] step=73 node=N3911 type=control0 q_typed_residual_context=1.963311 sequence=201.060150
[b15-round6/cone_rank/best_final_horizon/q_typed_residual_context/a0.10/d16] [plan iscas99__b15_1] [plan] step=74 node=N7724 type=control0 q_typed_residual_context=2.657941 sequence=203.718091
[b15-round6/cone_rank/best_final_horizon/q_typed_residual_context/a0.10/d16] [plan iscas99__b15_1] [plan] step=75 node=N7854 type=control0 q_typed_residual_context=2.965231 sequence=206.683322
[b15-round6/cone_rank/best_final_horizon/q_typed_residual_context/a0.10/d16] [plan iscas99__b15_1] [plan] step=76 node=N3862 type=control0 q_typed_residual_context=1.580647 sequence=208.263969
[b15-round6/cone_rank/best_final_horizon/q_typed_residual_context/a0.10/d16] [plan iscas99__b15_1] [plan] step=77 node=N7886 type=control1 q_typed_residual_context=1.347586 sequence=209.611555
[b15-round6/cone_rank/best_final_horizon/q_typed_residual_context/a0.10/d16] [plan iscas99__b15_1] [plan] step=78 node=N7887 type=control1 q_typed_residual_context=1.986631 sequence=211.598186
[b15-round6/cone_rank/best_final_horizon/q_typed_residual_context/a0.10/d16] [plan iscas99__b15_1] [plan] step=79 node=N7888 type=control1 q_typed_residual_context=2.101562 sequence=213.699748
[b15-round6/cone_rank/best_final_horizon/q_typed_residual_context/a0.10/d16] [plan iscas99__b15_1] [plan] step=80 node=N7889 type=control1 q_typed_residual_context=2.107098 sequence=215.806845
[b15-round6/cone_rank/best_final_horizon/q_typed_residual_context/a0.10/d16] [plan iscas99__b15_1] [plan] step=81 node=N7890 type=control1 q_typed_residual_context=1.952198 sequence=217.759043
[b15-round6/cone_rank/best_final_horizon/q_typed_residual_context/a0.10/d16] [plan iscas99__b15_1] [plan] step=82 node=N3897 type=control0 q_typed_residual_context=1.873453 sequence=219.632497
[b15-round6/cone_rank/best_final_horizon/q_typed_residual_context/a0.10/d16] [plan iscas99__b15_1] [plan] step=83 node=N3904 type=control0 q_typed_residual_context=1.692054 sequence=221.324551
[b15-round6/cone_rank/best_final_horizon/q_typed_residual_context/a0.10/d16] [plan iscas99__b15_1] [plan] step=84 node=N7722 type=control0 q_typed_residual_context=2.255923 sequence=223.580474
[b15-round6/cone_rank/best_final_horizon/q_typed_residual_context/a0.10/d16] [plan iscas99__b15_1] [plan] step=85 node=N519 type=control1 q_typed_residual_context=1.676120 sequence=225.256594
[b15-round6/cone_rank/best_final_horizon/q_typed_residual_context/a0.10/d16] [plan iscas99__b15_1] [plan] step=86 node=N7370 type=control1 q_typed_residual_context=1.140164 sequence=226.396758
[b15-round6/cone_rank/best_final_horizon/q_typed_residual_context/a0.10/d16] [plan iscas99__b15_1] [plan] step=87 node=N504 type=control1 q_typed_residual_context=1.486349 sequence=227.883107
[b15-round6/cone_rank/best_final_horizon/q_typed_residual_context/a0.10/d16] [plan iscas99__b15_1] [plan] step=88 node=N516 type=control1 q_typed_residual_context=1.010916 sequence=228.894023
[b15-round6/cone_rank/best_final_horizon/q_typed_residual_context/a0.10/d16] [plan iscas99__b15_1] [plan] step=89 node=N513 type=control1 q_typed_residual_context=0.938889 sequence=229.832912
[b15-round6/cone_rank/best_final_horizon/q_typed_residual_context/a0.10/d16] [plan iscas99__b15_1] [plan] step=90 node=N3855 type=control0 q_typed_residual_context=1.630924 sequence=231.463836
[b15-round6/cone_rank/best_final_horizon/q_typed_residual_context/a0.10/d16] [plan iscas99__b15_1] [plan] step=91 node=N7543 type=control0 q_typed_residual_context=2.834237 sequence=234.298074
[b15-round6/cone_rank/best_final_horizon/q_typed_residual_context/a0.10/d16] [plan iscas99__b15_1] [plan] step=92 node=N1533 type=control1 q_typed_residual_context=1.500140 sequence=235.798213
[b15-round6/cone_rank/best_final_horizon/q_typed_residual_context/a0.10/d16] [plan iscas99__b15_1] [plan] step=93 node=N5603 type=observe q_typed_residual_context=1.834363 sequence=237.632576
[b15-round6/cone_rank/best_final_horizon/q_typed_residual_context/a0.10/d16] [plan iscas99__b15_1] [plan] step=94 node=N7721 type=control0 q_typed_residual_context=4.845343 sequence=242.477920
[b15-round6/cone_rank/best_final_horizon/q_typed_residual_context/a0.10/d16] [plan iscas99__b15_1] [plan] step=95 node=N3848 type=control0 q_typed_residual_context=1.523875 sequence=244.001795
[b15-round6/cone_rank/best_final_horizon/q_typed_residual_context/a0.10/d16] [plan iscas99__b15_1] [plan] step=96 node=N7820 type=control0 q_typed_residual_context=1.505854 sequence=245.507649
[b15-round6/cone_rank/best_final_horizon/q_typed_residual_context/a0.10/d16] [plan iscas99__b15_1] [plan] step=97 node=N7723 type=control0 q_typed_residual_context=2.432617 sequence=247.940265
[b15-round6/cone_rank/best_final_horizon/q_typed_residual_context/a0.10/d16] [plan iscas99__b15_1] [plan] step=98 node=N7588 type=control1 q_typed_residual_context=1.952222 sequence=249.892487
[b15-round6/cone_rank/best_final_horizon/q_typed_residual_context/a0.10/d16] [plan iscas99__b15_1] [plan] step=99 node=N556 type=control1 q_typed_residual_context=1.536765 sequence=251.429252
[b15-round6/cone_rank/best_final_horizon/q_typed_residual_context/a0.10/d16] [plan iscas99__b15_1] [plan] step=100 node=N7590 type=control1 q_typed_residual_context=2.836858 sequence=254.266110
[b15-round6/cone_rank/best_final_horizon/q_typed_residual_context/a0.10/d16] [plan iscas99__b15_1] [plan] step=101 node=N7725 type=control0 q_typed_residual_context=1.928884 sequence=256.194995
[b15-round6/cone_rank/best_final_horizon/q_typed_residual_context/a0.10/d16] [plan iscas99__b15_1] [plan] step=102 node=N7846 type=control0 q_typed_residual_context=2.023571 sequence=258.218566
[b15-round6/cone_rank/best_final_horizon/q_typed_residual_context/a0.10/d16] [plan iscas99__b15_1] [plan] step=103 node=N7408 type=control0 q_typed_residual_context=1.770584 sequence=259.989150
[b15-round6/cone_rank/best_final_horizon/q_typed_residual_context/a0.10/d16] [plan iscas99__b15_1] [plan] step=104 node=N7541 type=control0 q_typed_residual_context=1.452620 sequence=261.441770
[b15-round6/cone_rank/best_final_horizon/q_typed_residual_context/a0.10/d16] [plan iscas99__b15_1] [plan] step=105 node=N7847 type=control0 q_typed_residual_context=1.588921 sequence=263.030691
[b15-round6/cone_rank/best_final_horizon/q_typed_residual_context/a0.10/d16] [plan iscas99__b15_1] [plan] step=106 node=N7852 type=control0 q_typed_residual_context=2.512954 sequence=265.543645
[b15-round6/cone_rank/best_final_horizon/q_typed_residual_context/a0.10/d16] [plan iscas99__b15_1] [plan] step=107 node=N7853 type=control0 q_typed_residual_context=2.188144 sequence=267.731789
[b15-round6/cone_rank/best_final_horizon/q_typed_residual_context/a0.10/d16] [plan iscas99__b15_1] [plan] step=108 node=N578 type=observe q_typed_residual_context=2.003836 sequence=269.735624
[b15-round6/cone_rank/best_final_horizon/q_typed_residual_context/a0.10/d16] [plan iscas99__b15_1] [plan] step=109 node=N3841 type=control0 q_typed_residual_context=1.169230 sequence=270.904855
[b15-round6/cone_rank/best_final_horizon/q_typed_residual_context/a0.10/d16] [plan iscas99__b15_1] [plan] step=110 node=N5876 type=observe q_typed_residual_context=0.740080 sequence=271.644935
[b15-round6/cone_rank/best_final_horizon/q_typed_residual_context/a0.10/d16] [plan iscas99__b15_1] [plan] step=111 node=N4520 type=control0 q_typed_residual_context=1.759624 sequence=273.404559
[b15-round6/cone_rank/best_final_horizon/q_typed_residual_context/a0.10/d16] [plan iscas99__b15_1] [plan] step=112 node=N3827 type=control0 q_typed_residual_context=1.671023 sequence=275.075582
[b15-round6/cone_rank/best_final_horizon/q_typed_residual_context/a0.10/d16] [plan iscas99__b15_1] [plan] step=113 node=N7627 type=observe q_typed_residual_context=1.488968 sequence=276.564550
[b15-round6/cone_rank/best_final_horizon/q_typed_residual_context/a0.10/d16] [plan iscas99__b15_1] [plan] step=114 node=N2157 type=observe q_typed_residual_context=4.055236 sequence=280.619786
[b15-round6/cone_rank/best_final_horizon/q_typed_residual_context/a0.10/d16] [plan iscas99__b15_1] [plan] step=115 node=N3820 type=control0 q_typed_residual_context=1.700859 sequence=282.320645
[b15-round6/cone_rank/best_final_horizon/q_typed_residual_context/a0.10/d16] [plan iscas99__b15_1] [plan] step=116 node=N7402 type=observe q_typed_residual_context=1.915476 sequence=284.236121
[b15-round6/cone_rank/best_final_horizon/q_typed_residual_context/a0.10/d16] [plan iscas99__b15_1] [plan] step=117 node=N555 type=control1 q_typed_residual_context=1.644345 sequence=285.880467
[b15-round6/cone_rank/best_final_horizon/q_typed_residual_context/a0.10/d16] [plan iscas99__b15_1] [plan] step=118 node=N7679 type=observe q_typed_residual_context=1.624301 sequence=287.504768
[b15-round6/cone_rank/best_final_horizon/q_typed_residual_context/a0.10/d16] [plan iscas99__b15_1] [plan] step=119 node=N3813 type=control0 q_typed_residual_context=1.747771 sequence=289.252539
[b15-round6/cone_rank/best_final_horizon/q_typed_residual_context/a0.10/d16] [plan iscas99__b15_1] [plan] step=120 node=N634 type=control1 q_typed_residual_context=1.202225 sequence=290.454764
[b15-round6/cone_rank/best_final_horizon/q_typed_residual_context/a0.10/d16] [plan iscas99__b15_1] [plan] step=121 node=N520 type=control1 q_typed_residual_context=1.069250 sequence=291.524014
[b15-round6/cone_rank/best_final_horizon/q_typed_residual_context/a0.10/d16] [plan iscas99__b15_1] [plan] step=122 node=N638 type=control1 q_typed_residual_context=0.848727 sequence=292.372741
[b15-round6/cone_rank/best_final_horizon/q_typed_residual_context/a0.10/d16] [plan iscas99__b15_1] [plan] step=123 node=N620 type=control1 q_typed_residual_context=0.970249 sequence=293.342990
[b15-round6/cone_rank/best_final_horizon/q_typed_residual_context/a0.10/d16] [plan iscas99__b15_1] [plan] step=124 node=N2083 type=observe q_typed_residual_context=1.415569 sequence=294.758558
[b15-round6/cone_rank/best_final_horizon/q_typed_residual_context/a0.10/d16] [plan iscas99__b15_1] [plan] step=125 node=N614 type=control1 q_typed_residual_context=1.682607 sequence=296.441166
[b15-round6/cone_rank/best_final_horizon/q_typed_residual_context/a0.10/d16] [plan iscas99__b15_1] [plan] step=126 node=N610 type=control1 q_typed_residual_context=1.684139 sequence=298.125305
[b15-round6/cone_rank/best_final_horizon/q_typed_residual_context/a0.10/d16] [plan iscas99__b15_1] [plan] step=127 node=N3799 type=control0 q_typed_residual_context=1.666884 sequence=299.792189
[b15-round6/cone_rank/best_final_horizon/q_typed_residual_context/a0.10/d16] [plan iscas99__b15_1] [plan] step=128 node=N5356 type=observe q_typed_residual_context=1.161663 sequence=300.953851
[b15-round6/cone_rank/best_final_horizon/q_typed_residual_context/a0.10/d16] [plan iscas99__b15_1] [plan] step=129 node=N694 type=observe q_typed_residual_context=2.589369 sequence=303.543221
[b15-round6/cone_rank/best_final_horizon/q_typed_residual_context/a0.10/d16] [plan iscas99__b15_1] [plan] step=130 node=N645 type=control1 q_typed_residual_context=1.762802 sequence=305.306023
[b15-round6/cone_rank/best_final_horizon/q_typed_residual_context/a0.10/d16] [plan iscas99__b15_1] [plan] step=131 node=N3792 type=control0 q_typed_residual_context=1.389078 sequence=306.695102
[b15-round6/cone_rank/best_final_horizon/q_typed_residual_context/a0.10/d16] [plan iscas99__b15_1] [plan] step=132 node=N7421 type=control1 q_typed_residual_context=1.404091 sequence=308.099193
[b15-round6/cone_rank/best_final_horizon/q_typed_residual_context/a0.10/d16] [plan iscas99__b15_1] [plan] step=133 node=N616 type=control1 q_typed_residual_context=1.749045 sequence=309.848238
[b15-round6/cone_rank/best_final_horizon/q_typed_residual_context/a0.10/d16] [plan iscas99__b15_1] [plan] step=134 node=N636 type=control1 q_typed_residual_context=2.150129 sequence=311.998367
[b15-round6/cone_rank/best_final_horizon/q_typed_residual_context/a0.10/d16] [plan iscas99__b15_1] [plan] step=135 node=N6533 type=observe q_typed_residual_context=1.457763 sequence=313.456130
[b15-round6/cone_rank/best_final_horizon/q_typed_residual_context/a0.10/d16] [plan iscas99__b15_1] [plan] step=136 node=N723 type=observe q_typed_residual_context=1.785171 sequence=315.241302
[b15-round6/cone_rank/best_final_horizon/q_typed_residual_context/a0.10/d16] [plan iscas99__b15_1] [plan] step=137 node=N7401 type=observe q_typed_residual_context=0.855340 sequence=316.096642
[b15-round6/cone_rank/best_final_horizon/q_typed_residual_context/a0.10/d16] [plan iscas99__b15_1] [plan] step=138 node=N2149 type=observe q_typed_residual_context=2.270526 sequence=318.367167
[b15-round6/cone_rank/best_final_horizon/q_typed_residual_context/a0.10/d16] [plan iscas99__b15_1] [plan] step=139 node=N2102 type=observe q_typed_residual_context=0.839175 sequence=319.206343
[b15-round6/cone_rank/best_final_horizon/q_typed_residual_context/a0.10/d16] [plan iscas99__b15_1] [plan] step=140 node=N3785 type=control0 q_typed_residual_context=1.190874 sequence=320.397217
[b15-round6/cone_rank/best_final_horizon/q_typed_residual_context/a0.10/d16] [plan iscas99__b15_1] [plan] step=141 node=N7614 type=observe q_typed_residual_context=1.318445 sequence=321.715662
[b15-round6/cone_rank/best_final_horizon/q_typed_residual_context/a0.10/d16] [plan iscas99__b15_1] [plan] step=142 node=N3681 type=control0 q_typed_residual_context=1.698047 sequence=323.413709
[b15-round6/cone_rank/best_final_horizon/q_typed_residual_context/a0.10/d16] [plan iscas99__b15_1] [plan] step=143 node=N712 type=observe q_typed_residual_context=5.181930 sequence=328.595639
[b15-round6/cone_rank/best_final_horizon/q_typed_residual_context/a0.10/d16] [plan iscas99__b15_1] [plan] step=144 node=N5878 type=observe q_typed_residual_context=1.730462 sequence=330.326101
[b15-round6/cone_rank/best_final_horizon/q_typed_residual_context/a0.10/d16] [plan iscas99__b15_1] [plan] step=145 node=N1411 type=control0 q_typed_residual_context=1.782374 sequence=332.108475
[b15-round6/cone_rank/best_final_horizon/q_typed_residual_context/a0.10/d16] [plan iscas99__b15_1] [plan] step=146 node=N2106 type=observe q_typed_residual_context=1.039419 sequence=333.147894
[b15-round6/cone_rank/best_final_horizon/q_typed_residual_context/a0.10/d16] [plan iscas99__b15_1] [plan] step=147 node=N7385 type=observe q_typed_residual_context=1.428452 sequence=334.576346
[b15-round6/cone_rank/best_final_horizon/q_typed_residual_context/a0.10/d16] [plan iscas99__b15_1] [plan] step=148 node=N3295 type=control1 q_typed_residual_context=1.099974 sequence=335.676320
[b15-round6/cone_rank/best_final_horizon/q_typed_residual_context/a0.10/d16] [plan iscas99__b15_1] [plan] step=149 node=N3410 type=control1 q_typed_residual_context=0.885578 sequence=336.561898
[b15-round6/cone_rank/best_final_horizon/q_typed_residual_context/a0.10/d16] [plan iscas99__b15_1] [plan] step=150 node=N630 type=control1 q_typed_residual_context=0.937353 sequence=337.499251
[b15-round6/cone_rank/best_final_horizon/q_typed_residual_context/a0.10/d16] [plan iscas99__b15_1] [plan] step=151 node=N642 type=control1 q_typed_residual_context=1.197946 sequence=338.697197
[b15-round6/cone_rank/best_final_horizon/q_typed_residual_context/a0.10/d16] [plan iscas99__b15_1] [plan] step=152 node=N649 type=control1 q_typed_residual_context=1.206995 sequence=339.904191
[b15-round6/cone_rank/best_final_horizon/q_typed_residual_context/a0.10/d16] [plan iscas99__b15_1] [plan] step=153 node=N5874 type=observe q_typed_residual_context=0.999995 sequence=340.904186
[b15-round6/cone_rank/best_final_horizon/q_typed_residual_context/a0.10/d16] [plan iscas99__b15_1] [plan] step=154 node=N7424 type=control1 q_typed_residual_context=1.014690 sequence=341.918876
[b15-round6/cone_rank/best_final_horizon/q_typed_residual_context/a0.10/d16] [plan iscas99__b15_1] [plan] step=155 node=N3525 type=control1 q_typed_residual_context=0.939767 sequence=342.858643
[b15-round6/cone_rank/best_final_horizon/q_typed_residual_context/a0.10/d16] [plan iscas99__b15_1] [plan] step=156 node=N1607 type=control1 q_typed_residual_context=1.019033 sequence=343.877676
[b15-round6/cone_rank/best_final_horizon/q_typed_residual_context/a0.10/d16] [plan iscas99__b15_1] [plan] step=157 node=N647 type=control1 q_typed_residual_context=1.529951 sequence=345.407627
[b15-round6/cone_rank/best_final_horizon/q_typed_residual_context/a0.10/d16] [plan iscas99__b15_1] [plan] step=158 node=N3180 type=control1 q_typed_residual_context=0.772333 sequence=346.179961
[b15-round6/cone_rank/best_final_horizon/q_typed_residual_context/a0.10/d16] [plan iscas99__b15_1] [plan] step=159 node=N1586 type=control1 q_typed_residual_context=1.042716 sequence=347.222677
[b15-round6/cone_rank/best_final_horizon/q_typed_residual_context/a0.10/d16] [plan iscas99__b15_1] [plan] step=160 node=N3467 type=control1 q_typed_residual_context=0.738270 sequence=347.960947
[b15-round6/cone_rank/best_final_horizon/q_typed_residual_context/a0.10/d16] [plan iscas99__b15_1] [plan] step=161 node=N6531 type=observe q_typed_residual_context=0.768460 sequence=348.729407
[b15-round6/cone_rank/best_final_horizon/q_typed_residual_context/a0.10/d16] [plan iscas99__b15_1] [plan] step=162 node=N715 type=observe q_typed_residual_context=1.217544 sequence=349.946952
[b15-round6/cone_rank/best_final_horizon/q_typed_residual_context/a0.10/d16] [plan iscas99__b15_1] [plan] step=163 node=N725 type=observe q_typed_residual_context=1.709007 sequence=351.655959
[b15-round6/cone_rank/best_final_horizon/q_typed_residual_context/a0.10/d16] [plan iscas99__b15_1] [plan] step=164 node=N7454 type=observe q_typed_residual_context=1.917558 sequence=353.573517
[b15-round6/cone_rank/best_final_horizon/q_typed_residual_context/a0.10/d16] [plan iscas99__b15_1] [plan] step=165 node=N714 type=observe q_typed_residual_context=1.320638 sequence=354.894155
[b15-round6/cone_rank/best_final_horizon/q_typed_residual_context/a0.10/d16] [plan iscas99__b15_1] [plan] step=166 node=N2652 type=control1 q_typed_residual_context=1.269186 sequence=356.163341
[b15-round6/cone_rank/best_final_horizon/q_typed_residual_context/a0.10/d16] [plan iscas99__b15_1] [plan] step=167 node=N5740 type=observe q_typed_residual_context=0.782799 sequence=356.946140
[b15-round6/cone_rank/best_final_horizon/q_typed_residual_context/a0.10/d16] [plan iscas99__b15_1] [plan] step=168 node=N2721 type=control1 q_typed_residual_context=1.134413 sequence=358.080554
[b15-round6/cone_rank/best_final_horizon/q_typed_residual_context/a0.10/d16] [plan iscas99__b15_1] [plan] step=169 node=N7436 type=observe q_typed_residual_context=1.129707 sequence=359.210261
[b15-round6/cone_rank/best_final_horizon/q_typed_residual_context/a0.10/d16] [plan iscas99__b15_1] [plan] step=170 node=N705 type=observe q_typed_residual_context=4.246881 sequence=363.457142
[b15-round6/cone_rank/best_final_horizon/q_typed_residual_context/a0.10/d16] [plan iscas99__b15_1] [plan] step=171 node=N2580 type=control1 q_typed_residual_context=1.606582 sequence=365.063724
[b15-round6/cone_rank/best_final_horizon/q_typed_residual_context/a0.10/d16] [plan iscas99__b15_1] [plan] step=172 node=N2894 type=control1 q_typed_residual_context=1.093142 sequence=366.156866
[b15-round6/cone_rank/best_final_horizon/q_typed_residual_context/a0.10/d16] [plan iscas99__b15_1] [plan] step=173 node=N2952 type=control1 q_typed_residual_context=0.890177 sequence=367.047043
[b15-round6/cone_rank/best_final_horizon/q_typed_residual_context/a0.10/d16] [plan iscas99__b15_1] [plan] step=174 node=N2779 type=control1 q_typed_residual_context=0.870098 sequence=367.917141
[b15-round6/cone_rank/best_final_horizon/q_typed_residual_context/a0.10/d16] [plan iscas99__b15_1] [plan] step=175 node=N6685 type=observe q_typed_residual_context=0.712943 sequence=368.630083
[b15-round6/cone_rank/best_final_horizon/q_typed_residual_context/a0.10/d16] [plan iscas99__b15_1] [plan] step=176 node=N5473 type=observe q_typed_residual_context=1.468200 sequence=370.098283
[b15-round6/cone_rank/best_final_horizon/q_typed_residual_context/a0.10/d16] [plan iscas99__b15_1] [plan] step=177 node=N703 type=observe q_typed_residual_context=2.678714 sequence=372.776997
[b15-round6/cone_rank/best_final_horizon/q_typed_residual_context/a0.10/d16] [plan iscas99__b15_1] [plan] step=178 node=N5422 type=observe q_typed_residual_context=2.284253 sequence=375.061250
[b15-round6/cone_rank/best_final_horizon/q_typed_residual_context/a0.10/d16] [plan iscas99__b15_1] [plan] step=179 node=N706 type=observe q_typed_residual_context=3.259824 sequence=378.321074
[b15-round6/cone_rank/best_final_horizon/q_typed_residual_context/a0.10/d16] [plan iscas99__b15_1] [plan] step=180 node=N7414 type=control1 q_typed_residual_context=2.667639 sequence=380.988713
[b15-round6/cone_rank/best_final_horizon/q_typed_residual_context/a0.10/d16] [plan iscas99__b15_1] [plan] step=181 node=N7405 type=observe q_typed_residual_context=3.140755 sequence=384.129468
[b15-round6/cone_rank/best_final_horizon/q_typed_residual_context/a0.10/d16] [plan iscas99__b15_1] [plan] step=182 node=N771 type=observe q_typed_residual_context=5.789371 sequence=389.918839
[b15-round6/cone_rank/best_final_horizon/q_typed_residual_context/a0.10/d16] [plan iscas99__b15_1] [plan] step=183 node=N7873 type=control1 q_typed_residual_context=3.756137 sequence=393.674976
[b15-round6/cone_rank/best_final_horizon/q_typed_residual_context/a0.10/d16] [plan iscas99__b15_1] [plan] step=184 node=N6682 type=observe q_typed_residual_context=6.791293 sequence=400.466269
[b15-round6/cone_rank/best_final_horizon/q_typed_residual_context/a0.10/d16] [plan iscas99__b15_1] [plan] step=185 node=N679 type=observe q_typed_residual_context=7.119922 sequence=407.586192
[b15-round6/cone_rank/best_final_horizon/q_typed_residual_context/a0.10/d16] [plan iscas99__b15_1] [plan] step=186 node=N5456 type=observe q_typed_residual_context=7.037350 sequence=414.623542
[b15-round6/cone_rank/best_final_horizon/q_typed_residual_context/a0.10/d16] [plan iscas99__b15_1] [plan] step=187 node=N5439 type=observe q_typed_residual_context=6.367591 sequence=420.991133
[b15-round6/cone_rank/best_final_horizon/q_typed_residual_context/a0.10/d16] [plan iscas99__b15_1] [plan] step=188 node=N2837 type=control1 q_typed_residual_context=6.219341 sequence=427.210474
[b15-round6/cone_rank/best_final_horizon/q_typed_residual_context/a0.10/d16] [plan iscas99__b15_1] [plan] step=189 node=N6678 type=observe q_typed_residual_context=0.577276 sequence=427.787750
[b15-round6/cone_rank/best_final_horizon/q_typed_residual_context/a0.10/d16] [plan iscas99__b15_1] [plan] step=190 node=N7439 type=observe q_typed_residual_context=5.140928 sequence=432.928678
[b15-round6/cone_rank/best_final_horizon/q_typed_residual_context/a0.10/d16] [plan iscas99__b15_1] [plan] step=191 node=N2151 type=observe q_typed_residual_context=1.903931 sequence=434.832610
[b15-round6/cone_rank/best_final_horizon/q_typed_residual_context/a0.10/d16] [plan iscas99__b15_1] [plan] step=192 node=N5390 type=observe q_typed_residual_context=4.891310 sequence=439.723919
[b15-round6/cone_rank/best_final_horizon/q_typed_residual_context/a0.10/d16] [plan iscas99__b15_1] [plan] step=193 node=N5202 type=observe q_typed_residual_context=7.140787 sequence=446.864707
[b15-round6/cone_rank/best_final_horizon/q_typed_residual_context/a0.10/d16] [plan iscas99__b15_1] [plan] step=194 node=N5373 type=observe q_typed_residual_context=6.814456 sequence=453.679163
[b15-round6/cone_rank/best_final_horizon/q_typed_residual_context/a0.10/d16] [plan iscas99__b15_1] [plan] step=195 node=N5334 type=observe q_typed_residual_context=1.279168 sequence=454.958332
[b15-round6/cone_rank/best_final_horizon/q_typed_residual_context/a0.10/d16] [plan iscas99__b15_1] [plan] step=196 node=N763 type=observe q_typed_residual_context=6.929817 sequence=461.888148
[b15-round6/cone_rank/best_final_horizon/q_typed_residual_context/a0.10/d16] [plan iscas99__b15_1] [plan] step=197 node=N7382 type=observe q_typed_residual_context=4.017485 sequence=465.905633
[b15-round6/cone_rank/best_final_horizon/q_typed_residual_context/a0.10/d16] [plan iscas99__b15_1] [plan] step=198 node=N719 type=observe q_typed_residual_context=7.131906 sequence=473.037539
[b15-round6/cone_rank/best_final_horizon/q_typed_residual_context/a0.10/d16] [plan iscas99__b15_1] [plan] step=199 node=N699 type=observe q_typed_residual_context=1.811122 sequence=474.848661
[b15-round6/cone_rank/best_final_horizon/q_typed_residual_context/a0.10/d16] [plan iscas99__b15_1] [plan] step=200 node=N765 type=observe q_typed_residual_context=6.259201 sequence=481.107862
[b15-round6/cone_rank/best_final_horizon/q_typed_residual_context/a0.10/d16] [plan iscas99__b15_1] [plan] step=201 node=N734 type=observe q_typed_residual_context=4.403957 sequence=485.511819
[b15-round6/cone_rank/best_final_horizon/q_typed_residual_context/a0.10/d16] [plan iscas99__b15_1] [plan] step=202 node=N708 type=observe q_typed_residual_context=6.124377 sequence=491.636196
[b15-round6/cone_rank/best_final_horizon/q_typed_residual_context/a0.10/d16] [plan iscas99__b15_1] [plan] step=203 node=N7383 type=observe q_typed_residual_context=6.367929 sequence=498.004125
[b15-round6/cone_rank/best_final_horizon/q_typed_residual_context/a0.10/d16] [plan iscas99__b15_1] [plan] step=204 node=N1351 type=observe q_typed_residual_context=5.844475 sequence=503.848600
[b15-round6/cone_rank/best_final_horizon/q_typed_residual_context/a0.10/d16] [plan iscas99__b15_1] [plan] step=205 node=N686 type=observe q_typed_residual_context=4.025490 sequence=507.874090
[b15-round6/cone_rank/best_final_horizon/q_typed_residual_context/a0.10/d16] [plan iscas99__b15_1] [plan] step=206 node=N7380 type=observe q_typed_residual_context=2.449890 sequence=510.323980
[b15-round6/cone_rank/best_final_horizon/q_typed_residual_context/a0.10/d16] [plan iscas99__b15_1] [plan] step=207 node=N6673 type=observe q_typed_residual_context=3.758153 sequence=514.082133
[b15-round6/cone_rank/best_final_horizon/q_typed_residual_context/a0.10/d16] [plan iscas99__b15_1] [plan] step=208 node=N684 type=observe q_typed_residual_context=4.194076 sequence=518.276209
[b15-round6/cone_rank/best_final_horizon/q_typed_residual_context/a0.10/d16] [plan iscas99__b15_1] [plan] step=209 node=N2159 type=observe q_typed_residual_context=0.988662 sequence=519.264871
[b15-round6/cone_rank/best_final_horizon/q_typed_residual_context/a0.10/d16] [plan iscas99__b15_1] [plan] step=210 node=N729 type=observe q_typed_residual_context=2.135792 sequence=521.400663
[b15-round6/cone_rank/best_final_horizon/q_typed_residual_context/a0.10/d16] [plan iscas99__b15_1] [plan] step=211 node=N689 type=observe q_typed_residual_context=5.103381 sequence=526.504044
[b15-round6/cone_rank/best_final_horizon/q_typed_residual_context/a0.10/d16] [plan iscas99__b15_1] [plan] step=212 node=N6668 type=observe q_typed_residual_context=1.614048 sequence=528.118092
[b15-round6/cone_rank/best_final_horizon/q_typed_residual_context/a0.10/d16] [plan iscas99__b15_1] [plan] step=213 node=N2243 type=observe q_typed_residual_context=2.476332 sequence=530.594424
[b15-round6/cone_rank/best_final_horizon/q_typed_residual_context/a0.10/d16] [plan iscas99__b15_1] [plan] step=214 node=N5735 type=observe q_typed_residual_context=3.549935 sequence=534.144358
[b15-round6/cone_rank/best_final_horizon/q_typed_residual_context/a0.10/d16] [plan iscas99__b15_1] [plan] step=215 node=N7433 type=observe q_typed_residual_context=2.634922 sequence=536.779281
[b15-round6/cone_rank/best_final_horizon/q_typed_residual_context/a0.10/d16] [plan iscas99__b15_1] [plan] step=216 node=N2271 type=observe q_typed_residual_context=3.202796 sequence=539.982077
[b15-round6/cone_rank/best_final_horizon/q_typed_residual_context/a0.10/d16] [plan iscas99__b15_1] [plan] step=217 node=N1987 type=observe q_typed_residual_context=0.575829 sequence=540.557906
[b15-round6/cone_rank/best_final_horizon/q_typed_residual_context/a0.10/d16] [plan iscas99__b15_1] [plan] step=218 node=N5094 type=observe q_typed_residual_context=2.760271 sequence=543.318176
[b15-round6/cone_rank/best_final_horizon/q_typed_residual_context/a0.10/d16] [plan iscas99__b15_1] [plan] step=219 node=N6660 type=observe q_typed_residual_context=6.757107 sequence=550.075283
[b15-round6/cone_rank/best_final_horizon/q_typed_residual_context/a0.10/d16] [plan iscas99__b15_1] [plan] step=220 node=N2259 type=observe q_typed_residual_context=5.584252 sequence=555.659535
[b15-round6/cone_rank/best_final_horizon/q_typed_residual_context/a0.10/d16] [plan iscas99__b15_1] [plan] step=221 node=N5160 type=observe q_typed_residual_context=5.964206 sequence=561.623741
[b15-round6/cone_rank/best_final_horizon/q_typed_residual_context/a0.10/d16] [plan iscas99__b15_1] [plan] step=222 node=N7447 type=observe q_typed_residual_context=4.815452 sequence=566.439193
[b15-round6/cone_rank/best_final_horizon/q_typed_residual_context/a0.10/d16] [plan iscas99__b15_1] [plan] step=223 node=N5111 type=observe q_typed_residual_context=2.710090 sequence=569.149283
[b15-round6/cone_rank/best_final_horizon/q_typed_residual_context/a0.10/d16] [plan iscas99__b15_1] [plan] step=224 node=N2267 type=observe q_typed_residual_context=5.730000 sequence=574.879283
[b15-round6/cone_rank/best_final_horizon/q_typed_residual_context/a0.10/d16] [plan iscas99__b15_1] [plan] step=225 node=N2263 type=observe q_typed_residual_context=5.929204 sequence=580.808487
[b15-round6/cone_rank/best_final_horizon/q_typed_residual_context/a0.10/d16] [plan iscas99__b15_1] [plan] step=226 node=N6658 type=observe q_typed_residual_context=7.052504 sequence=587.860990
[b15-round6/cone_rank/best_final_horizon/q_typed_residual_context/a0.10/d16] [plan iscas99__b15_1] [plan] step=227 node=N6537 type=observe q_typed_residual_context=2.076941 sequence=589.937931
[b15-round6/cone_rank/best_final_horizon/q_typed_residual_context/a0.10/d16] [plan iscas99__b15_1] [plan] step=228 node=N695 type=observe q_typed_residual_context=2.990369 sequence=592.928300
[b15-round6/cone_rank/best_final_horizon/q_typed_residual_context/a0.10/d16] [plan iscas99__b15_1] [plan] step=229 node=N7443 type=observe q_typed_residual_context=5.284235 sequence=598.212535
[b15-round6/cone_rank/best_final_horizon/q_typed_residual_context/a0.10/d16] [plan iscas99__b15_1] [plan] step=230 node=N2251 type=observe q_typed_residual_context=2.870923 sequence=601.083458
[b15-round6/cone_rank/best_final_horizon/q_typed_residual_context/a0.10/d16] [plan iscas99__b15_1] [plan] step=231 node=N696 type=observe q_typed_residual_context=6.548246 sequence=607.631704
[b15-round6/cone_rank/best_final_horizon/q_typed_residual_context/a0.10/d16] [plan iscas99__b15_1] [plan] step=232 node=N3067 type=control1 q_typed_residual_context=0.290015 sequence=607.921720
[b15-round6/cone_rank/best_final_horizon/q_typed_residual_context/a0.10/d16] [plan iscas99__b15_1] [plan] step=233 node=N8790 type=control1 q_typed_residual_context=4.572107 sequence=612.493827
[b15-round6/cone_rank/best_final_horizon/q_typed_residual_context/a0.10/d16] [plan iscas99__b15_1] [plan] step=234 node=N8240 type=control1 q_typed_residual_context=3.838589 sequence=616.332416
[b15-round6/cone_rank/best_final_horizon/q_typed_residual_context/a0.10/d16] [plan iscas99__b15_1] [plan] step=235 node=N8789 type=control1 q_typed_residual_context=3.532997 sequence=619.865413
[b15-round6/cone_rank/best_final_horizon/q_typed_residual_context/a0.10/d16] [plan iscas99__b15_1] [plan] step=236 node=N8239 type=control1 q_typed_residual_context=3.785486 sequence=623.650898
[b15-round6/cone_rank/best_final_horizon/q_typed_residual_context/a0.10/d16] [plan iscas99__b15_1] [plan] step=237 node=N6656 type=observe q_typed_residual_context=4.379151 sequence=628.030050
[b15-round6/cone_rank/best_final_horizon/q_typed_residual_context/a0.10/d16] [plan iscas99__b15_1] [plan] step=238 node=N754 type=observe q_typed_residual_context=1.134976 sequence=629.165026
[b15-round6/cone_rank/best_final_horizon/q_typed_residual_context/a0.10/d16] [plan iscas99__b15_1] [plan] step=239 node=N697 type=observe q_typed_residual_context=3.833648 sequence=632.998674
[b15-round6/cone_rank/best_final_horizon/q_typed_residual_context/a0.10/d16] [plan iscas99__b15_1] [plan] step=240 node=N2247 type=observe q_typed_residual_context=5.730000 sequence=638.728674
[b15-round6/cone_rank/best_final_horizon/q_typed_residual_context/a0.10/d16] [plan iscas99__b15_1] [plan] step=241 node=N1352 type=observe q_typed_residual_context=6.607726 sequence=645.336400
[b15-round6/cone_rank/best_final_horizon/q_typed_residual_context/a0.10/d16] [plan iscas99__b15_1] [plan] step=242 node=N8607 type=control1 q_typed_residual_context=4.908585 sequence=650.244984
[b15-round6/cone_rank/best_final_horizon/q_typed_residual_context/a0.10/d16] [plan iscas99__b15_1] [plan] step=243 node=N7444 type=observe q_typed_residual_context=3.495110 sequence=653.740094
[b15-round6/cone_rank/best_final_horizon/q_typed_residual_context/a0.10/d16] [plan iscas99__b15_1] [plan] step=244 node=N680 type=observe q_typed_residual_context=3.946589 sequence=657.686684
[b15-round6/cone_rank/best_final_horizon/q_typed_residual_context/a0.10/d16] [plan iscas99__b15_1] [plan] step=245 node=N7452 type=observe q_typed_residual_context=6.907333 sequence=664.594017
[b15-round6/cone_rank/best_final_horizon/q_typed_residual_context/a0.10/d16] [plan iscas99__b15_1] [plan] step=246 node=N732 type=observe q_typed_residual_context=6.826134 sequence=671.420151
[b15-round6/cone_rank/best_final_horizon/q_typed_residual_context/a0.10/d16] [plan iscas99__b15_1] [plan] step=247 node=N2216 type=observe q_typed_residual_context=6.842307 sequence=678.262458
[b15-round6/cone_rank/best_final_horizon/q_typed_residual_context/a0.10/d16] [plan iscas99__b15_1] [plan] step=248 node=N2218 type=observe q_typed_residual_context=6.471073 sequence=684.733531
[b15-round6/cone_rank/best_final_horizon/q_typed_residual_context/a0.10/d16] [plan iscas99__b15_1] [plan] step=249 node=N2255 type=observe q_typed_residual_context=6.628494 sequence=691.362025
[b15-round6/cone_rank/best_final_horizon/q_typed_residual_context/a0.10/d16] [plan iscas99__b15_1] [plan] step=250 node=N4900 type=observe q_typed_residual_context=6.510091 sequence=697.872116
[b15-round6/cone_rank/best_final_horizon/q_typed_residual_context/a0.10/d16] [plan iscas99__b15_1] [plan] step=251 node=N7696 type=control0 q_typed_residual_context=0.053320 sequence=697.925436
[b15-round6/cone_rank/best_final_horizon/q_typed_residual_context/a0.10/d16] [plan iscas99__b15_1] [plan] step=252 node=N7542 type=control0 q_typed_residual_context=2.105073 sequence=700.030509
[b15-round6/cone_rank/best_final_horizon/q_typed_residual_context/a0.10/d16] [plan iscas99__b15_1] [plan] step=253 node=N652 type=control1 q_typed_residual_context=4.605746 sequence=704.636255
[b15-round6/cone_rank/best_final_horizon/q_typed_residual_context/a0.10/d16] [plan iscas99__b15_1] [plan] step=254 node=N8238 type=control1 q_typed_residual_context=3.530866 sequence=708.167121
[b15-round6/cone_rank/best_final_horizon/q_typed_residual_context/a0.10/d16] [plan iscas99__b15_1] [plan] step=255 node=N8606 type=control1 q_typed_residual_context=2.562454 sequence=710.729576
[b15-round6/cone_rank/best_final_horizon/q_typed_residual_context/a0.10/d16] [plan iscas99__b15_1] [plan] step=256 node=N8237 type=control1 q_typed_residual_context=2.882712 sequence=713.612288
[b15-round6/cone_rank/best_final_horizon/q_typed_residual_context/a0.10/d16] [plan iscas99__b15_1] [plan] step=257 node=N753 type=observe q_typed_residual_context=1.069941 sequence=714.682229
[b15-round6/cone_rank/best_final_horizon/q_typed_residual_context/a0.10/d16] [plan iscas99__b15_1] [plan] step=258 node=N2185 type=observe q_typed_residual_context=3.442413 sequence=718.124642
[b15-round6/cone_rank/best_final_horizon/q_typed_residual_context/a0.10/d16] [plan iscas99__b15_1] [plan] step=259 node=N733 type=observe q_typed_residual_context=5.455503 sequence=723.580145
[b15-round6/cone_rank/best_final_horizon/q_typed_residual_context/a0.10/d16] [plan iscas99__b15_1] [plan] step=260 node=N902 type=control1 q_typed_residual_context=6.844456 sequence=730.424601
[b15-round6/cone_rank/best_final_horizon/q_typed_residual_context/a0.10/d16] [plan iscas99__b15_1] [plan] step=261 node=N8605 type=control1 q_typed_residual_context=6.641796 sequence=737.066397
[b15-round6/cone_rank/best_final_horizon/q_typed_residual_context/a0.10/d16] [plan iscas99__b15_1] [plan] step=262 node=N2203 type=observe q_typed_residual_context=6.011544 sequence=743.077941
[b15-round6/cone_rank/best_final_horizon/q_typed_residual_context/a0.10/d16] [plan iscas99__b15_1] [plan] step=263 node=N735 type=observe q_typed_residual_context=5.996438 sequence=749.074379
[b15-round6/cone_rank/best_final_horizon/q_typed_residual_context/a0.10/d16] [plan iscas99__b15_1] [plan] step=264 node=N2205 type=observe q_typed_residual_context=6.795351 sequence=755.869730
[b15-round6/cone_rank/best_final_horizon/q_typed_residual_context/a0.10/d16] [plan iscas99__b15_1] [plan] step=265 node=N7440 type=observe q_typed_residual_context=5.947907 sequence=761.817636
[b15-round6/cone_rank/best_final_horizon/q_typed_residual_context/a0.10/d16] [plan iscas99__b15_1] [plan] step=266 node=N628 type=control1 q_typed_residual_context=0.566823 sequence=762.384459
[b15-round6/cone_rank/best_final_horizon/q_typed_residual_context/a0.10/d16] [plan iscas99__b15_1] [plan] step=267 node=N8236 type=control1 q_typed_residual_context=4.190812 sequence=766.575271
[b15-round6/cone_rank/best_final_horizon/q_typed_residual_context/a0.10/d16] [plan iscas99__b15_1] [plan] step=268 node=N515 type=control1 q_typed_residual_context=7.291759 sequence=773.867030
[b15-round6/cone_rank/best_final_horizon/q_typed_residual_context/a0.10/d16] [plan iscas99__b15_1] [plan] step=269 node=N6657 type=observe q_typed_residual_context=5.988946 sequence=779.855976
[b15-round6/cone_rank/best_final_horizon/q_typed_residual_context/a0.10/d16] [plan iscas99__b15_1] [plan] step=270 node=N2201 type=observe q_typed_residual_context=3.088423 sequence=782.944400
[b15-round6/cone_rank/best_final_horizon/q_typed_residual_context/a0.10/d16] [plan iscas99__b15_1] [plan] step=271 node=N2226 type=observe q_typed_residual_context=4.201406 sequence=787.145806
[b15-round6/cone_rank/best_final_horizon/q_typed_residual_context/a0.10/d16] [plan iscas99__b15_1] [plan] step=272 node=N717 type=observe q_typed_residual_context=6.032373 sequence=793.178179
[b15-round6/cone_rank/best_final_horizon/q_typed_residual_context/a0.10/d16] [plan iscas99__b15_1] [plan] step=273 node=N1599 type=observe q_typed_residual_context=4.649658 sequence=797.827837
[b15-round6/cone_rank/best_final_horizon/q_typed_residual_context/a0.10/d16] [plan iscas99__b15_1] [plan] step=274 node=N626 type=control1 q_typed_residual_context=0.567994 sequence=798.395831
[b15-round6/cone_rank/best_final_horizon/q_typed_residual_context/a0.10/d16] [plan iscas99__b15_1] [plan] step=275 node=N5726 type=control1 q_typed_residual_context=3.734843 sequence=802.130674
[b15-round6/cone_rank/best_final_horizon/q_typed_residual_context/a0.10/d16] [plan iscas99__b15_1] [plan] step=276 node=N764 type=observe q_typed_residual_context=6.606572 sequence=808.737246
[b15-round6/cone_rank/best_final_horizon/q_typed_residual_context/a0.10/d16] [plan iscas99__b15_1] [plan] step=277 node=N2220 type=observe q_typed_residual_context=5.334021 sequence=814.071267
[b15-round6/cone_rank/best_final_horizon/q_typed_residual_context/a0.10/d16] [plan iscas99__b15_1] [plan] step=278 node=N1348 type=observe q_typed_residual_context=5.769543 sequence=819.840810
[b15-round6/cone_rank/best_final_horizon/q_typed_residual_context/a0.10/d16] [plan iscas99__b15_1] saved=autoresearch/loop-260720-0945/model_training_round6/b15_selection/cone_rank/best_final_horizon/q_typed_residual_context/alpha_0p10_decay_16/plans/iscas99__b15_1__greedy__cumulative__q_typed_residual_context__bw1__d1__c48__g1p0__candhard_fault_cluster__div0p0__s0.csv
[b15-round6/cone_rank/best_final_horizon/q_typed_residual_context/a0.10/d16] [gmean] 2026-07-21T09:57:08 [1/1] plan_done benchmark=iscas99__b15_1 plan_sec=171.33 plan_csv=autoresearch/loop-260720-0945/model_training_round6/b15_selection/cone_rank/best_final_horizon/q_typed_residual_context/alpha_0p10_decay_16/plans/iscas99__b15_1__greedy__cumulative__q_typed_residual_context__bw1__d1__c48__g1p0__candhard_fault_cluster__div0p0__s0.csv
[b15-round6/cone_rank/best_final_horizon/q_typed_residual_context/a0.10/d16] [gmean] 2026-07-21T09:57:08 [1/1] eval_start benchmark=iscas99__b15_1 backend=atalanta-bist patterns=300000
[b15-round6/cone_rank/best_final_horizon/q_typed_residual_context/a0.10/d16] [eval iscas99__b15_1] {
[b15-round6/cone_rank/best_final_horizon/q_typed_residual_context/a0.10/d16] [eval iscas99__b15_1]   "records": 2,
[b15-round6/cone_rank/best_final_horizon/q_typed_residual_context/a0.10/d16] [eval iscas99__b15_1]   "labels_csv": "autoresearch/loop-260720-0945/model_training_round6/b15_selection/cone_rank/best_final_horizon/q_typed_residual_context/alpha_0p10_decay_16/evals/iscas99__b15_1__greedy__cumulative__q_typed_residual_context__bw1__d1__c48__g1p0__candhard_fault_cluster__div0p0__s0/labels.csv",
[b15-round6/cone_rank/best_final_horizon/q_typed_residual_context/a0.10/d16] [eval iscas99__b15_1]   "summary_json": "autoresearch/loop-260720-0945/model_training_round6/b15_selection/cone_rank/best_final_horizon/q_typed_residual_context/alpha_0p10_decay_16/evals/iscas99__b15_1__greedy__cumulative__q_typed_residual_context__bw1__d1__c48__g1p0__candhard_fault_cluster__div0p0__s0/summary.json"
[b15-round6/cone_rank/best_final_horizon/q_typed_residual_context/a0.10/d16] [eval iscas99__b15_1] }
[b15-round6/cone_rank/best_final_horizon/q_typed_residual_context/a0.10/d16] [gmean] 2026-07-21T09:57:15 [1/1] eval_done benchmark=iscas99__b15_1 delta_tc=0.12076000000000009 plan_sec=171.33 eval_sec=6.753 total_sec=178.088
[b15-round6/cone_rank/best_final_horizon/q_typed_residual_context/a0.10/d16] [gmean] 2026-07-21T09:57:15 variant_done id=greedy__cumulative__q_typed_residual_context__bw1__d1__c48__g1p0__candhard_fault_cluster__div0p0__s0 status=ok macro=0.12076000000000009 positives=1 negatives=0 elapsed=178.089
