[plan] torch_deterministic=true
[plan] candidate_allowlist=autoresearch/original-netlist-recovery-260712/exact_itc99/b15_C/exact_candidate_nodes.txt nodes=7918
[plan] latent_norm_clip_ratio=4 latent_norm_limit=30.875631
[plan] step=1 node=N677 type=control1 q_typed_reliable_context=4.858065 sequence=4.858065
[plan] step=2 node=N2155 type=observe q_typed_reliable_context=3.259795 sequence=8.117860
[plan] step=3 node=N502 type=control1 q_typed_reliable_context=2.192107 sequence=10.309967
[plan] step=4 node=N762 type=control1 q_typed_reliable_context=1.446094 sequence=11.756061
[plan] step=5 node=N3742 type=control0 q_typed_reliable_context=0.865053 sequence=12.621114
[plan] step=6 node=N3644 type=control0 q_typed_reliable_context=1.489064 sequence=14.110178
[plan] step=7 node=N557 type=control1 q_typed_reliable_context=0.910940 sequence=15.021118
[plan] step=8 node=N3756 type=control0 q_typed_reliable_context=1.097941 sequence=16.119060
[plan] step=9 node=N564 type=control1 q_typed_reliable_context=1.324025 sequence=17.443084
[plan] step=10 node=N2336 type=control1 q_typed_reliable_context=1.557724 sequence=19.000808
[plan] step=11 node=N5143 type=observe q_typed_reliable_context=1.325577 sequence=20.326385
[plan] step=12 node=N7511 type=control1 q_typed_reliable_context=1.450593 sequence=21.776978
[plan] step=13 node=N580 type=control1 q_typed_reliable_context=1.255322 sequence=23.032300
[plan] step=14 node=N2082 type=observe q_typed_reliable_context=1.398669 sequence=24.430969
[plan] step=15 node=N737 type=control1 q_typed_reliable_context=3.600376 sequence=28.031345
[plan] step=16 node=N3722 type=control0 q_typed_reliable_context=0.898668 sequence=28.930013
[plan] step=17 node=N496 type=control1 q_typed_reliable_context=1.745042 sequence=30.675055
[plan] step=18 node=N5723 type=control0 q_typed_reliable_context=1.392575 sequence=32.067630
[plan] step=19 node=N5203 type=control1 q_typed_reliable_context=1.998558 sequence=34.066188
[plan] step=20 node=N2153 type=observe q_typed_reliable_context=2.156696 sequence=36.222884
[plan] step=21 node=N1853 type=observe q_typed_reliable_context=2.699753 sequence=38.922638
[plan] step=22 node=N2101 type=observe q_typed_reliable_context=2.281079 sequence=41.203717
[plan] step=23 node=N582 type=control1 q_typed_reliable_context=1.905044 sequence=43.108760
[plan] step=24 node=N1860 type=observe q_typed_reliable_context=1.801230 sequence=44.909990
[plan] step=25 node=N1372 type=observe q_typed_reliable_context=0.970035 sequence=45.880025
[plan] step=26 node=N1532 type=observe q_typed_reliable_context=1.350897 sequence=47.230922
[plan] step=27 node=N766 type=control1 q_typed_reliable_context=0.794394 sequence=48.025316
[plan] step=28 node=N583 type=control1 q_typed_reliable_context=0.264638 sequence=48.289953
[plan] step=29 node=N7516 type=observe q_typed_reliable_context=0.486742 sequence=48.776696
[plan] step=30 node=N1437 type=control1 q_typed_reliable_context=0.687361 sequence=49.464057
[plan] step=31 node=N5234 type=observe q_typed_reliable_context=0.339930 sequence=49.803987
[plan] step=32 node=N4691 type=control0 q_typed_reliable_context=1.722740 sequence=51.526727
[plan] step=33 node=N4677 type=control0 q_typed_reliable_context=1.784454 sequence=53.311181
[plan] step=34 node=N7411 type=control1 q_typed_reliable_context=0.365721 sequence=53.676902
[plan] step=35 node=N7891 type=control1 q_typed_reliable_context=0.389065 sequence=54.065966
[plan] step=36 node=N4670 type=control0 q_typed_reliable_context=3.130001 sequence=57.195967
[plan] step=37 node=N7413 type=control1 q_typed_reliable_context=0.334610 sequence=57.530577
[plan] step=38 node=N4663 type=control0 q_typed_reliable_context=1.699156 sequence=59.229734
[plan] step=39 node=N4656 type=control0 q_typed_reliable_context=1.182228 sequence=60.411962
[plan] step=40 node=N713 type=observe q_typed_reliable_context=1.629844 sequence=62.041806
[plan] step=41 node=N4684 type=control0 q_typed_reliable_context=2.008389 sequence=64.050195
[plan] step=42 node=N6537 type=observe q_typed_reliable_context=3.778154 sequence=67.828349
[plan] step=43 node=N8470 type=observe q_typed_reliable_context=3.450337 sequence=71.278687
[plan] step=44 node=N4649 type=control0 q_typed_reliable_context=2.051898 sequence=73.330585
[plan] step=45 node=N4635 type=control0 q_typed_reliable_context=1.585236 sequence=74.915820
[plan] step=46 node=N7881 type=control1 q_typed_reliable_context=0.553966 sequence=75.469787
[plan] step=47 node=N7882 type=control1 q_typed_reliable_context=0.625947 sequence=76.095733
[plan] step=48 node=N7883 type=control1 q_typed_reliable_context=0.605729 sequence=76.701463
[plan] step=49 node=N7884 type=control1 q_typed_reliable_context=0.723500 sequence=77.424963
[plan] step=50 node=N724 type=observe q_typed_reliable_context=2.145655 sequence=79.570618
[plan] step=51 node=N4705 type=control0 q_typed_reliable_context=1.439779 sequence=81.010398
[plan] step=52 node=N4698 type=control0 q_typed_reliable_context=1.247784 sequence=82.258182
[plan] step=53 node=N4712 type=control0 q_typed_reliable_context=1.177031 sequence=83.435213
[plan] step=54 node=N3911 type=control0 q_typed_reliable_context=0.822652 sequence=84.257865
[plan] step=55 node=N4585 type=control0 q_typed_reliable_context=0.819812 sequence=85.077676
[plan] step=56 node=N3904 type=control0 q_typed_reliable_context=0.835291 sequence=85.912967
[plan] step=57 node=N3897 type=control0 q_typed_reliable_context=0.836860 sequence=86.749827
[plan] step=58 node=N3862 type=control0 q_typed_reliable_context=0.859284 sequence=87.609111
[plan] step=59 node=N3855 type=control0 q_typed_reliable_context=0.869105 sequence=88.478217
[plan] step=60 node=N3848 type=control0 q_typed_reliable_context=0.894427 sequence=89.372643
[plan] step=61 node=N3701 type=control0 q_typed_reliable_context=0.916811 sequence=90.289454
[plan] step=62 node=N3889 type=control0 q_typed_reliable_context=1.017542 sequence=91.306996
[plan] step=63 node=N3882 type=control0 q_typed_reliable_context=0.949225 sequence=92.256221
[plan] step=64 node=N5603 type=control0 q_typed_reliable_context=1.037517 sequence=93.293738
[plan] step=65 node=N7506 type=observe q_typed_reliable_context=1.821378 sequence=95.115116
[plan] step=66 node=N3805 type=control0 q_typed_reliable_context=0.908740 sequence=96.023856
[plan] step=67 node=N4716 type=control0 q_typed_reliable_context=0.929809 sequence=96.953665
[plan] step=68 node=N2083 type=observe q_typed_reliable_context=1.049953 sequence=98.003618
[plan] step=69 node=N519 type=control1 q_typed_reliable_context=1.000543 sequence=99.004162
[plan] step=70 node=N2044 type=observe q_typed_reliable_context=0.939684 sequence=99.943846
[plan] step=71 node=N504 type=control1 q_typed_reliable_context=1.127676 sequence=101.071522
[plan] step=72 node=N2042 type=observe q_typed_reliable_context=0.911205 sequence=101.982727
[plan] step=73 node=N513 type=control1 q_typed_reliable_context=1.375483 sequence=103.358210
[plan] step=74 node=N899 type=observe q_typed_reliable_context=1.076365 sequence=104.434575
[plan] step=75 node=N4606 type=control0 q_typed_reliable_context=1.067125 sequence=105.501701
[plan] step=76 node=N7722 type=control0 q_typed_reliable_context=1.031233 sequence=106.532934
[plan] step=77 node=N4578 type=control0 q_typed_reliable_context=1.276301 sequence=107.809234
[plan] step=78 node=N516 type=control1 q_typed_reliable_context=1.691012 sequence=109.500246
[plan] step=79 node=N7471 type=control0 q_typed_reliable_context=1.521376 sequence=111.021622
[plan] step=80 node=N520 type=control1 q_typed_reliable_context=1.284078 sequence=112.305700
[plan] step=81 node=N1539 type=control0 q_typed_reliable_context=1.318156 sequence=113.623856
[plan] step=82 node=N7724 type=control0 q_typed_reliable_context=1.470828 sequence=115.094685
[plan] step=83 node=N7588 type=control1 q_typed_reliable_context=0.819024 sequence=115.913709
[plan] step=84 node=N555 type=control1 q_typed_reliable_context=1.673646 sequence=117.587355
[plan] step=85 node=N556 type=control1 q_typed_reliable_context=1.145737 sequence=118.733092
[plan] step=86 node=N7885 type=control1 q_typed_reliable_context=1.493988 sequence=120.227080
[plan] step=87 node=N7886 type=control1 q_typed_reliable_context=1.541118 sequence=121.768198
[plan] step=88 node=N7887 type=control1 q_typed_reliable_context=1.651595 sequence=123.419793
[plan] step=89 node=N7888 type=control1 q_typed_reliable_context=1.506892 sequence=124.926686
[plan] step=90 node=N7889 type=control1 q_typed_reliable_context=1.088949 sequence=126.015634
[plan] step=91 node=N7890 type=control1 q_typed_reliable_context=1.266007 sequence=127.281641
[plan] step=92 node=N507 type=control1 q_typed_reliable_context=1.177544 sequence=128.459185
[plan] step=93 node=N3827 type=control0 q_typed_reliable_context=1.087297 sequence=129.546483
[plan] step=94 node=N3820 type=control0 q_typed_reliable_context=2.201322 sequence=131.747805
[plan] step=95 node=N704 type=observe q_typed_reliable_context=4.657673 sequence=136.405478
[plan] step=96 node=N3813 type=control0 q_typed_reliable_context=1.418124 sequence=137.823602
[plan] step=97 node=N7723 type=control0 q_typed_reliable_context=1.441215 sequence=139.264818
[plan] step=98 node=N7725 type=control0 q_typed_reliable_context=1.460419 sequence=140.725237
[plan] step=99 node=N7408 type=control0 q_typed_reliable_context=1.574639 sequence=142.299876
[plan] step=100 node=N3799 type=control0 q_typed_reliable_context=1.354971 sequence=143.654847
[plan] step=101 node=N7541 type=control0 q_typed_reliable_context=1.467367 sequence=145.122214
[plan] step=102 node=N7590 type=control1 q_typed_reliable_context=1.345338 sequence=146.467552
[plan] step=103 node=N2106 type=observe q_typed_reliable_context=2.622517 sequence=149.090069
[plan] step=104 node=N510 type=control1 q_typed_reliable_context=2.545273 sequence=151.635342
[plan] step=105 node=N614 type=control1 q_typed_reliable_context=1.722821 sequence=153.358163
[plan] step=106 node=N3792 type=control0 q_typed_reliable_context=2.130238 sequence=155.488401
[plan] step=107 node=N634 type=control1 q_typed_reliable_context=2.196729 sequence=157.685130
[plan] step=108 node=N610 type=control1 q_typed_reliable_context=2.150723 sequence=159.835853
[plan] step=109 node=N3785 type=control0 q_typed_reliable_context=2.225863 sequence=162.061716
[plan] step=110 node=N620 type=control1 q_typed_reliable_context=2.182987 sequence=164.244703
[plan] step=111 node=N4520 type=control0 q_typed_reliable_context=2.484785 sequence=166.729489
[plan] step=112 node=N638 type=control1 q_typed_reliable_context=2.848228 sequence=169.577717
[plan] step=113 node=N4564 type=control0 q_typed_reliable_context=2.724854 sequence=172.302571
[plan] step=114 node=N4557 type=control0 q_typed_reliable_context=2.419875 sequence=174.722446
[plan] step=115 node=N3903 type=control0 q_typed_reliable_context=2.107506 sequence=176.829952
[plan] step=116 node=N7852 type=control0 q_typed_reliable_context=2.478012 sequence=179.307965
[plan] step=117 node=N3896 type=control0 q_typed_reliable_context=2.023443 sequence=181.331408
[plan] step=118 node=N7847 type=control0 q_typed_reliable_context=2.250608 sequence=183.582016
[plan] step=119 node=N7846 type=control0 q_typed_reliable_context=2.261064 sequence=185.843080
[plan] step=120 node=N7370 type=control1 q_typed_reliable_context=2.703267 sequence=188.546347
[plan] step=121 node=N3681 type=control0 q_typed_reliable_context=6.177891 sequence=194.724238
[plan] step=122 node=N7820 type=control0 q_typed_reliable_context=4.648546 sequence=199.372785
[plan] step=123 node=N7854 type=control0 q_typed_reliable_context=1.988280 sequence=201.361064
[plan] step=124 node=N7872 type=control1 q_typed_reliable_context=2.376822 sequence=203.737886
[plan] step=125 node=N7853 type=control0 q_typed_reliable_context=1.657692 sequence=205.395579
[plan] step=126 node=N645 type=control1 q_typed_reliable_context=1.570498 sequence=206.966077
[plan] step=127 node=N2040 type=observe q_typed_reliable_context=1.513354 sequence=208.479431
[plan] step=128 node=N616 type=control1 q_typed_reliable_context=1.691505 sequence=210.170936
[plan] step=129 node=N7518 type=observe q_typed_reliable_context=1.888835 sequence=212.059771
[plan] step=130 node=N7537 type=observe q_typed_reliable_context=1.206537 sequence=213.266308
[plan] step=131 node=N7535 type=observe q_typed_reliable_context=1.369721 sequence=214.636030
[plan] step=132 node=N7534 type=observe q_typed_reliable_context=1.680388 sequence=216.316418
[plan] step=133 node=N7532 type=observe q_typed_reliable_context=0.975715 sequence=217.292133
[plan] step=134 node=N785 type=observe q_typed_reliable_context=0.898918 sequence=218.191051
[plan] step=135 node=N636 type=control1 q_typed_reliable_context=1.257850 sequence=219.448901
[plan] step=136 node=N630 type=control1 q_typed_reliable_context=1.759993 sequence=221.208894
[plan] step=137 node=N1552 type=observe q_typed_reliable_context=0.830629 sequence=222.039524
[plan] step=138 node=N7424 type=control1 q_typed_reliable_context=1.299500 sequence=223.339023
[plan] step=139 node=N5867 type=observe q_typed_reliable_context=1.091376 sequence=224.430400
[plan] step=140 node=N2157 type=observe q_typed_reliable_context=2.775902 sequence=227.206302
[plan] step=141 node=N3180 type=control1 q_typed_reliable_context=5.608471 sequence=232.814772
[plan] step=142 node=N649 type=control1 q_typed_reliable_context=1.664645 sequence=234.479417
[plan] step=143 node=N642 type=control1 q_typed_reliable_context=3.434965 sequence=237.914382
[plan] step=144 node=N5627 type=observe q_typed_reliable_context=5.087644 sequence=243.002026
[plan] step=145 node=N7402 type=observe q_typed_reliable_context=0.864266 sequence=243.866292
[plan] step=146 node=N1607 type=control1 q_typed_reliable_context=0.889844 sequence=244.756136
[plan] step=147 node=N7441 type=control0 q_typed_reliable_context=3.576419 sequence=248.332555
[plan] step=148 node=N647 type=control1 q_typed_reliable_context=5.731078 sequence=254.063632
[plan] step=149 node=N2102 type=observe q_typed_reliable_context=2.201609 sequence=256.265241
[plan] step=150 node=N3295 type=control1 q_typed_reliable_context=0.912066 sequence=257.177307
[plan] step=151 node=N3525 type=control1 q_typed_reliable_context=1.179155 sequence=258.356462
[plan] step=152 node=N3467 type=control1 q_typed_reliable_context=5.317901 sequence=263.674363
[plan] step=153 node=N1586 type=control1 q_typed_reliable_context=1.940872 sequence=265.615235
[plan] step=154 node=N3410 type=control1 q_typed_reliable_context=2.044147 sequence=267.659382
[plan] step=155 node=N2721 type=control1 q_typed_reliable_context=2.015442 sequence=269.674824
[plan] step=156 node=N7482 type=observe q_typed_reliable_context=2.246836 sequence=271.921661
[plan] step=157 node=N578 type=observe q_typed_reliable_context=1.760184 sequence=273.681845
[plan] step=158 node=N7500 type=observe q_typed_reliable_context=1.679427 sequence=275.361272
[plan] step=159 node=N2149 type=observe q_typed_reliable_context=2.906429 sequence=278.267701
[plan] step=160 node=N7453 type=observe q_typed_reliable_context=1.916465 sequence=280.184166
[plan] step=161 node=N7551 type=observe q_typed_reliable_context=2.188979 sequence=282.373145
[plan] step=162 node=N7442 type=control0 q_typed_reliable_context=1.785906 sequence=284.159051
[plan] step=163 node=N7624 type=observe q_typed_reliable_context=1.440146 sequence=285.599197
[plan] step=164 node=N2580 type=control1 q_typed_reliable_context=1.093474 sequence=286.692671
[plan] step=165 node=N2652 type=control1 q_typed_reliable_context=1.235434 sequence=287.928105
[plan] step=166 node=N2952 type=control1 q_typed_reliable_context=1.377848 sequence=289.305953
[plan] step=167 node=N2894 type=control1 q_typed_reliable_context=1.133241 sequence=290.439195
[plan] step=168 node=N6533 type=observe q_typed_reliable_context=1.134443 sequence=291.573637
[plan] step=169 node=N2779 type=control1 q_typed_reliable_context=1.209723 sequence=292.783360
[plan] step=170 node=N722 type=observe q_typed_reliable_context=1.469356 sequence=294.252716
[plan] step=171 node=N694 type=observe q_typed_reliable_context=1.421420 sequence=295.674136
[plan] step=172 node=N2837 type=control1 q_typed_reliable_context=1.621632 sequence=297.295767
[plan] step=173 node=N7401 type=observe q_typed_reliable_context=2.309361 sequence=299.605128
[plan] step=174 node=N3009 type=control1 q_typed_reliable_context=1.316511 sequence=300.921639
[plan] step=175 node=N771 type=observe q_typed_reliable_context=0.696545 sequence=301.618184
[plan] step=176 node=N5356 type=observe q_typed_reliable_context=1.513422 sequence=303.131607
[plan] step=177 node=N6534 type=observe q_typed_reliable_context=1.488700 sequence=304.620307
[plan] step=178 node=N712 type=observe q_typed_reliable_context=2.154717 sequence=306.775023
[plan] step=179 node=N4489 type=observe q_typed_reliable_context=1.465849 sequence=308.240873
[plan] step=180 node=N7385 type=observe q_typed_reliable_context=2.221401 sequence=310.462274
[plan] step=181 node=N723 type=observe q_typed_reliable_context=3.161746 sequence=313.624020
[plan] step=182 node=N7855 type=control0 q_typed_reliable_context=1.906029 sequence=315.530049
[plan] step=183 node=N8790 type=control1 q_typed_reliable_context=1.030106 sequence=316.560155
[plan] step=184 node=N7542 type=control0 q_typed_reliable_context=1.665660 sequence=318.225815
[plan] step=185 node=N3067 type=control1 q_typed_reliable_context=1.185044 sequence=319.410860
[plan] step=186 node=N8789 type=control1 q_typed_reliable_context=1.499742 sequence=320.910601
[plan] step=187 node=N7627 type=observe q_typed_reliable_context=1.255050 sequence=322.165651
[plan] step=188 node=N5617 type=observe q_typed_reliable_context=1.466086 sequence=323.631737
[plan] step=189 node=N7648 type=observe q_typed_reliable_context=1.799623 sequence=325.431360
[plan] step=190 node=N4521 type=observe q_typed_reliable_context=1.738867 sequence=327.170227
[plan] step=191 node=N715 type=observe q_typed_reliable_context=2.364645 sequence=329.534872
[plan] step=192 node=N725 type=observe q_typed_reliable_context=2.418861 sequence=331.953732
[plan] step=193 node=N714 type=observe q_typed_reliable_context=2.316283 sequence=334.270015
[plan] step=194 node=N5873 type=observe q_typed_reliable_context=1.494792 sequence=335.764807
[plan] step=195 node=N8240 type=control1 q_typed_reliable_context=1.656637 sequence=337.421445
[plan] step=196 node=N8607 type=control1 q_typed_reliable_context=1.738114 sequence=339.159558
[plan] step=197 node=N8239 type=control1 q_typed_reliable_context=2.144244 sequence=341.303802
[plan] step=198 node=N652 type=control1 q_typed_reliable_context=1.687604 sequence=342.991407
[plan] step=199 node=N8238 type=control1 q_typed_reliable_context=0.977450 sequence=343.968856
[plan] step=200 node=N5740 type=observe q_typed_reliable_context=0.839108 sequence=344.807964
[plan] step=201 node=N8606 type=control1 q_typed_reliable_context=0.977388 sequence=345.785352
[plan] step=202 node=N703 type=observe q_typed_reliable_context=0.801531 sequence=346.586883
[plan] step=203 node=N8237 type=control1 q_typed_reliable_context=1.552855 sequence=348.139737
[plan] step=204 node=N902 type=control1 q_typed_reliable_context=1.598534 sequence=349.738272
[plan] step=205 node=N7436 type=observe q_typed_reliable_context=1.286949 sequence=351.025220
[plan] step=206 node=N6673 type=observe q_typed_reliable_context=1.557875 sequence=352.583096
[plan] step=207 node=N5879 type=observe q_typed_reliable_context=1.516088 sequence=354.099184
[plan] step=208 node=N5877 type=observe q_typed_reliable_context=1.364202 sequence=355.463386
[plan] step=209 node=N4460 type=control0 q_typed_reliable_context=1.456540 sequence=356.919926
[plan] step=210 node=N4529 type=observe q_typed_reliable_context=2.558908 sequence=359.478834
[plan] step=211 node=N5473 type=observe q_typed_reliable_context=1.395520 sequence=360.874354
[plan] step=212 node=N8605 type=control1 q_typed_reliable_context=3.661888 sequence=364.536242
[plan] step=213 node=N705 type=observe q_typed_reliable_context=6.051258 sequence=370.587500
[plan] step=214 node=N8236 type=control1 q_typed_reliable_context=6.702095 sequence=377.289595
[plan] step=215 node=N515 type=control1 q_typed_reliable_context=6.628617 sequence=383.918212
[plan] step=216 node=N5456 type=observe q_typed_reliable_context=6.583747 sequence=390.501959
[plan] step=217 node=N2181 type=observe q_typed_reliable_context=5.906643 sequence=396.408601
[plan] step=218 node=N679 type=observe q_typed_reliable_context=5.476723 sequence=401.885325
[plan] step=219 node=N5725 type=observe q_typed_reliable_context=5.810749 sequence=407.696073
[plan] step=220 node=N7550 type=observe q_typed_reliable_context=2.611205 sequence=410.307278
[plan] step=221 node=N5422 type=observe q_typed_reliable_context=5.837649 sequence=416.144927
[plan] step=222 node=N7439 type=observe q_typed_reliable_context=5.411380 sequence=421.556307
[plan] step=223 node=N706 type=observe q_typed_reliable_context=3.706066 sequence=425.262373
[plan] step=224 node=N4421 type=control0 q_typed_reliable_context=6.489652 sequence=431.752025
[plan] step=225 node=N4359 type=control0 q_typed_reliable_context=6.201342 sequence=437.953367
[plan] step=226 node=N4367 type=control0 q_typed_reliable_context=5.914192 sequence=443.867560
[plan] step=227 node=N6581 type=observe q_typed_reliable_context=5.969390 sequence=449.836949
[plan] step=228 node=N4497 type=observe q_typed_reliable_context=4.462097 sequence=454.299046
[plan] step=229 node=N4532 type=control0 q_typed_reliable_context=4.075426 sequence=458.374472
[plan] step=230 node=N5439 type=observe q_typed_reliable_context=6.468046 sequence=464.842518
[plan] step=231 node=N2151 type=observe q_typed_reliable_context=5.926374 sequence=470.768892
[plan] step=232 node=N7432 type=observe q_typed_reliable_context=2.796534 sequence=473.565426
[plan] step=233 node=N4442 type=control0 q_typed_reliable_context=5.457458 sequence=479.022884
[plan] step=234 node=N5390 type=observe q_typed_reliable_context=5.947805 sequence=484.970689
[plan] step=235 node=N5202 type=observe q_typed_reliable_context=5.863261 sequence=490.833950
[plan] step=236 node=N6660 type=observe q_typed_reliable_context=6.739380 sequence=497.573330
[plan] step=237 node=N5373 type=observe q_typed_reliable_context=2.726250 sequence=500.299580
[plan] step=238 node=N1874 type=observe q_typed_reliable_context=5.405572 sequence=505.705152
[plan] step=239 node=N5334 type=observe q_typed_reliable_context=1.721909 sequence=507.427061
[plan] step=240 node=N6682 type=observe q_typed_reliable_context=1.871800 sequence=509.298861
[plan] step=241 node=N7380 type=observe q_typed_reliable_context=5.462073 sequence=514.760934
[plan] step=242 node=N4505 type=observe q_typed_reliable_context=3.409190 sequence=518.170124
[plan] step=243 node=N699 type=observe q_typed_reliable_context=4.038421 sequence=522.208545
[plan] step=244 node=N1351 type=observe q_typed_reliable_context=5.544162 sequence=527.752706
[plan] step=245 node=N719 type=observe q_typed_reliable_context=3.819421 sequence=531.572127
[plan] step=246 node=N708 type=observe q_typed_reliable_context=4.421370 sequence=535.993497
[plan] step=247 node=N734 type=observe q_typed_reliable_context=4.111352 sequence=540.104848
[plan] step=248 node=N2159 type=observe q_typed_reliable_context=4.170755 sequence=544.275603
[plan] step=249 node=N1951 type=observe q_typed_reliable_context=0.548571 sequence=544.824175
[plan] step=250 node=N4513 type=observe q_typed_reliable_context=3.630156 sequence=548.454331
[plan] step=251 node=N4469 type=control0 q_typed_reliable_context=2.581230 sequence=551.035561
[plan] step=252 node=N7720 type=control0 q_typed_reliable_context=5.837442 sequence=556.873003
[plan] step=253 node=N8235 type=control1 q_typed_reliable_context=6.005011 sequence=562.878015
[plan] step=254 node=N8234 type=control1 q_typed_reliable_context=6.970333 sequence=569.848348
[plan] step=255 node=N6677 type=observe q_typed_reliable_context=6.416330 sequence=576.264678
[plan] step=256 node=N7381 type=observe q_typed_reliable_context=5.730000 sequence=581.994678
[plan] step=257 node=N686 type=observe q_typed_reliable_context=6.054792 sequence=588.049470
[plan] step=258 node=N729 type=observe q_typed_reliable_context=5.054737 sequence=593.104207
[plan] step=259 node=N684 type=observe q_typed_reliable_context=5.161176 sequence=598.265383
[plan] step=260 node=N6688 type=observe q_typed_reliable_context=1.510558 sequence=599.775941
[plan] step=261 node=N4436 type=control0 q_typed_reliable_context=4.635964 sequence=604.411905
[plan] step=262 node=N764 type=observe q_typed_reliable_context=5.646597 sequence=610.058502
[plan] step=263 node=N7422 type=observe q_typed_reliable_context=5.217708 sequence=615.276211
[plan] step=264 node=N4338 type=control0 q_typed_reliable_context=2.530653 sequence=617.806863
[plan] step=265 node=N8783 type=control1 q_typed_reliable_context=5.381083 sequence=623.187946
[plan] step=266 node=N5665 type=control0 q_typed_reliable_context=6.034907 sequence=629.222853
[plan] step=267 node=N8233 type=control1 q_typed_reliable_context=6.291162 sequence=635.514015
[plan] step=268 node=N7512 type=observe q_typed_reliable_context=5.989200 sequence=641.503215
[plan] step=269 node=N763 type=observe q_typed_reliable_context=5.636738 sequence=647.139953
[plan] step=270 node=N4544 type=observe q_typed_reliable_context=5.675420 sequence=652.815374
[plan] step=271 node=N689 type=observe q_typed_reliable_context=4.234776 sequence=657.050149
[plan] step=272 node=N5671 type=control0 q_typed_reliable_context=6.320205 sequence=663.370354
[plan] step=273 node=N1854 type=observe q_typed_reliable_context=6.216915 sequence=669.587269
[plan] step=274 node=N6743 type=control1 q_typed_reliable_context=5.759464 sequence=675.346733
[plan] step=275 node=N8608 type=control1 q_typed_reliable_context=5.818529 sequence=681.165262
[plan] step=276 node=N2243 type=observe q_typed_reliable_context=5.405539 sequence=686.570801
[plan] step=277 node=N759 type=observe q_typed_reliable_context=4.349793 sequence=690.920594
[plan] step=278 node=N6741 type=control1 q_typed_reliable_context=5.096502 sequence=696.017096
saved=autoresearch/loop-260720-0945/model_training_round6_adaptive/b15_selection/refine_reliable/margin_0p002/plans/iscas99__b15_1__greedy__cumulative__q_typed_reliable_context__bw1__d1__c64__g1p0__candhard_fault_cluster__div0p0__s0.csv
