[plan] candidate_allowlist=autoresearch/original-netlist-recovery-260712/exact_itc99/b22_C/exact_candidate_nodes.txt nodes=28412
[plan] latent_norm_clip_ratio=4 latent_norm_limit=30.953114
[plan] step=1 node=N1180 type=control1 q_pred_context=2.876653 sequence=2.876653
[plan] step=2 node=N2076 type=observe q_pred_context=1.743499 sequence=4.531263
[plan] step=3 node=N2075 type=observe q_pred_context=3.019589 sequence=7.461963
[plan] step=4 node=N3076 type=control0 q_pred_context=1.190404 sequence=8.652367
[plan] step=5 node=N2077 type=observe q_pred_context=1.593544 sequence=10.157022
[plan] step=6 node=N6272 type=control0 q_pred_context=0.924569 sequence=11.081591
[plan] step=7 node=N2078 type=observe q_pred_context=1.833146 sequence=12.825848
[plan] step=8 node=N3861 type=control0 q_pred_context=1.054758 sequence=13.780606
[plan] step=9 node=N5343 type=control0 q_pred_context=1.219612 sequence=15.000218
[plan] step=10 node=N5215 type=control1 q_pred_context=1.016239 sequence=15.902172
[plan] step=11 node=N2079 type=observe q_pred_context=1.464781 sequence=17.266952
[plan] step=12 node=N1992 type=control1 q_pred_context=1.376082 sequence=18.643034
[plan] step=13 node=N2080 type=observe q_pred_context=0.957057 sequence=19.500091
[plan] step=14 node=N6279 type=control0 q_pred_context=1.102157 sequence=20.602248
[plan] step=15 node=N2081 type=observe q_pred_context=1.369971 sequence=21.883330
[plan] step=16 node=N1169 type=observe q_pred_context=1.799082 sequence=23.682412
[plan] step=17 node=N1254 type=observe q_pred_context=3.399636 sequence=27.082048
[plan] step=18 node=N2092 type=observe q_pred_context=1.937431 sequence=28.930590
[plan] step=19 node=N6885 type=control0 q_pred_context=3.954435 sequence=32.885025
[plan] step=20 node=N1253 type=observe q_pred_context=2.815349 sequence=35.700374
[plan] step=21 node=N1252 type=observe q_pred_context=2.094554 sequence=37.706039
[plan] step=22 node=N3857 type=control0 q_pred_context=5.032437 sequence=42.624191
[plan] step=23 node=N3853 type=control0 q_pred_context=1.628742 sequence=44.138647
[plan] step=24 node=N2099 type=observe q_pred_context=1.200348 sequence=45.238995
[plan] step=25 node=N3849 type=control0 q_pred_context=1.149275 sequence=46.273984
[plan] step=26 node=N1257 type=observe q_pred_context=1.038856 sequence=47.312841
[plan] step=27 node=N1255 type=observe q_pred_context=1.180441 sequence=48.404392
[plan] step=28 node=N5280 type=observe q_pred_context=1.488745 sequence=49.793138
[plan] step=29 node=N3289 type=control0 q_pred_context=1.121934 sequence=50.915072
[plan] step=30 node=N3068 type=control0 q_pred_context=1.067035 sequence=51.982107
[plan] step=31 node=N7064 type=control0 q_pred_context=1.996206 sequence=53.889424
[plan] step=32 node=N3889 type=control0 q_pred_context=1.149435 sequence=54.924573
[plan] step=33 node=N2101 type=observe q_pred_context=1.816331 sequence=56.640905
[plan] step=34 node=N2100 type=observe q_pred_context=2.070211 sequence=58.611116
[plan] step=35 node=N3909 type=control0 q_pred_context=1.798990 sequence=60.295820
[plan] step=36 node=N3865 type=control0 q_pred_context=1.478701 sequence=61.660236
[plan] step=37 node=N6907 type=control0 q_pred_context=1.681909 sequence=63.253256
[plan] step=38 node=N7028 type=control0 q_pred_context=2.128114 sequence=65.267084
[plan] step=39 node=N7025 type=control0 q_pred_context=2.334544 sequence=67.487343
[plan] step=40 node=N7022 type=control0 q_pred_context=1.680262 sequence=69.053319
[plan] step=41 node=N7046 type=control0 q_pred_context=2.178208 sequence=71.117242
[plan] step=42 node=N7040 type=control0 q_pred_context=1.660738 sequence=72.663694
[plan] step=43 node=N7034 type=control0 q_pred_context=2.401365 sequence=74.950773
[plan] step=44 node=N6964 type=control0 q_pred_context=1.121718 sequence=75.958205
[plan] step=45 node=N7031 type=control0 q_pred_context=1.866398 sequence=77.710317
[plan] step=46 node=N2104 type=observe q_pred_context=1.150083 sequence=78.760400
[plan] step=47 node=N7037 type=control0 q_pred_context=2.239265 sequence=80.885379
[plan] step=48 node=N7043 type=control0 q_pred_context=2.217038 sequence=82.988131
[plan] step=49 node=N5501 type=control1 q_pred_context=0.921189 sequence=83.909320
[plan] step=50 node=N2297 type=control1 q_pred_context=1.329834 sequence=85.124869
[plan] step=51 node=N4544 type=observe q_pred_context=0.920329 sequence=85.956309
[plan] step=52 node=N8330 type=control1 q_pred_context=2.036158 sequence=87.992466
[plan] step=53 node=N4392 type=control1 q_pred_context=1.175387 sequence=89.167853
[plan] step=54 node=N19315 type=control1 q_pred_context=1.839283 sequence=91.007136
[plan] step=55 node=N19317 type=control1 q_pred_context=1.926852 sequence=92.933988
[plan] step=56 node=N19319 type=control1 q_pred_context=1.854935 sequence=94.788923
[plan] step=57 node=N13007 type=control1 q_pred_context=1.728842 sequence=96.517765
[plan] step=58 node=N13008 type=control1 q_pred_context=2.150727 sequence=98.554206
[plan] step=59 node=N19318 type=control1 q_pred_context=1.784760 sequence=100.224680
[plan] step=60 node=N7054 type=control0 q_pred_context=2.221093 sequence=102.356884
[plan] step=61 node=N13006 type=control1 q_pred_context=2.183800 sequence=104.426399
[plan] step=62 node=N19316 type=control1 q_pred_context=2.108410 sequence=106.401475
[plan] step=63 node=N3913 type=control0 q_pred_context=1.955182 sequence=108.242371
[plan] step=64 node=N6986 type=control0 q_pred_context=3.098227 sequence=111.226312
[plan] step=65 node=N6970 type=control0 q_pred_context=2.654676 sequence=113.766703
[plan] step=66 node=N1181 type=control1 q_pred_context=2.572555 sequence=116.139258
[plan] step=67 node=N13004 type=control1 q_pred_context=2.619624 sequence=118.758882
[plan] step=68 node=N19313 type=control1 q_pred_context=2.526606 sequence=121.285487
[plan] step=69 node=N13005 type=control1 q_pred_context=2.535554 sequence=123.706755
[plan] step=70 node=N19314 type=control1 q_pred_context=1.992613 sequence=125.566035
[plan] step=71 node=N5220 type=control1 q_pred_context=1.520024 sequence=126.971773
[plan] step=72 node=N5214 type=control1 q_pred_context=1.438446 sequence=128.276886
[plan] step=73 node=N13003 type=control1 q_pred_context=1.622413 sequence=129.765966
[plan] step=74 node=N8336 type=control1 q_pred_context=1.335680 sequence=130.941646
[plan] step=75 node=N18387 type=control1 q_pred_context=2.243764 sequence=133.096521
[plan] step=76 node=N19310 type=control1 q_pred_context=1.484851 sequence=134.581372
[plan] step=77 node=N13002 type=control1 q_pred_context=1.573962 sequence=136.022000
[plan] step=78 node=N6967 type=control0 q_pred_context=1.120515 sequence=137.028230
[plan] step=79 node=N4525 type=control0 q_pred_context=6.108308 sequence=143.047649
[plan] step=80 node=N7050 type=control0 q_pred_context=3.504375 sequence=146.437739
[plan] step=81 node=N7011 type=control0 q_pred_context=3.667512 sequence=149.990965
[plan] step=82 node=N12999 type=control1 q_pred_context=1.381750 sequence=151.372715
[plan] step=83 node=N7119 type=control0 q_pred_context=1.520220 sequence=152.692935
[plan] step=84 node=N3980 type=control0 q_pred_context=1.892394 sequence=154.385329
[plan] step=85 node=N3976 type=control0 q_pred_context=2.329238 sequence=156.514567
[plan] step=86 node=N2295 type=control0 q_pred_context=3.065736 sequence=159.580303
[plan] step=87 node=N7123 type=control0 q_pred_context=2.193296 sequence=161.573599
[plan] step=88 node=N5498 type=control0 q_pred_context=4.058350 sequence=165.631949
[plan] step=89 node=N12848 type=control0 q_pred_context=2.437166 sequence=168.069116
[plan] step=90 node=N3715 type=control0 q_pred_context=2.301119 sequence=170.170235
[plan] step=91 node=N3819 type=control0 q_pred_context=3.505494 sequence=173.475729
[plan] step=92 node=N1572 type=control0 q_pred_context=3.755632 sequence=177.131361
[plan] step=93 node=N13009 type=control1 q_pred_context=5.865668 sequence=182.882744
[plan] step=94 node=N9541 type=control1 q_pred_context=4.134000 sequence=186.856744
[plan] step=95 node=N12847 type=control0 q_pred_context=2.224251 sequence=188.966709
[plan] step=96 node=N4540 type=observe q_pred_context=2.328664 sequence=191.206484
[plan] step=97 node=N3877 type=control0 q_pred_context=3.325199 sequence=194.331683
[plan] step=98 node=N8331 type=control1 q_pred_context=2.214644 sequence=196.432042
[plan] step=99 node=N3885 type=control0 q_pred_context=2.732152 sequence=198.964194
[plan] step=100 node=N6973 type=control0 q_pred_context=1.448788 sequence=200.298696
[plan] step=101 node=N7229 type=observe q_pred_context=4.688172 sequence=204.886868
[plan] step=102 node=N7201 type=observe q_pred_context=4.460720 sequence=209.247588
[plan] step=103 node=N7194 type=observe q_pred_context=5.017354 sequence=214.176053
[plan] step=104 node=N7208 type=observe q_pred_context=4.739873 sequence=218.801640
[plan] step=105 node=N7187 type=observe q_pred_context=4.452497 sequence=223.154137
[plan] step=106 node=N7180 type=observe q_pred_context=4.150865 sequence=227.205002
[plan] step=107 node=N7173 type=observe q_pred_context=4.112871 sequence=231.217873
[plan] step=108 node=N7255 type=observe q_pred_context=4.054121 sequence=235.171994
[plan] step=109 node=N7166 type=observe q_pred_context=4.160790 sequence=239.232784
[plan] step=110 node=N6979 type=control0 q_pred_context=4.675793 sequence=243.794291
[plan] step=111 node=N7159 type=observe q_pred_context=4.777825 sequence=248.483228
[plan] step=112 node=N3893 type=control0 q_pred_context=5.142867 sequence=253.426094
[plan] step=113 node=N7152 type=observe q_pred_context=2.679680 sequence=256.005775
[plan] step=114 node=N3881 type=control0 q_pred_context=3.127437 sequence=258.933211
[plan] step=115 node=N13043 type=control0 q_pred_context=3.306493 sequence=262.039704
[plan] step=116 node=N7250 type=observe q_pred_context=3.299723 sequence=265.239428
[plan] step=117 node=N19358 type=control0 q_pred_context=3.624712 sequence=268.664140
[plan] step=118 node=N7145 type=observe q_pred_context=2.256176 sequence=270.820316
[plan] step=119 node=N19356 type=control0 q_pred_context=2.249940 sequence=272.870256
[plan] step=120 node=N19360 type=control0 q_pred_context=2.185390 sequence=274.855646
[plan] step=121 node=N13041 type=control0 q_pred_context=1.664416 sequence=276.320061
[plan] step=122 node=N19350 type=control0 q_pred_context=1.877490 sequence=278.108663
[plan] step=123 node=N19352 type=control0 q_pred_context=1.743845 sequence=279.652508
[plan] step=124 node=N19276 type=control0 q_pred_context=1.706607 sequence=281.199115
[plan] step=125 node=N19354 type=control0 q_pred_context=1.798085 sequence=282.797200
[plan] step=126 node=N18514 type=control0 q_pred_context=1.756427 sequence=284.420293
[plan] step=127 node=N13045 type=control0 q_pred_context=1.904204 sequence=286.124497
[plan] step=128 node=N5559 type=observe q_pred_context=1.569546 sequence=287.605154
[plan] step=129 node=N24124 type=control1 q_pred_context=1.813435 sequence=289.418589
[plan] step=130 node=N19364 type=control0 q_pred_context=1.931283 sequence=291.149872
[plan] step=131 node=N5564 type=observe q_pred_context=1.594366 sequence=292.629952
[plan] step=132 node=N7131 type=observe q_pred_context=1.496440 sequence=294.012106
[plan] step=133 node=N6039 type=observe q_pred_context=1.316577 sequence=295.228683
[plan] step=134 node=N6115 type=observe q_pred_context=1.383939 sequence=296.523734
[plan] step=135 node=N5944 type=observe q_pred_context=1.500500 sequence=297.924234
[plan] step=136 node=N7020 type=observe q_pred_context=1.778957 sequence=299.588905
[plan] step=137 node=N4995 type=control1 q_pred_context=1.944800 sequence=301.400372
[plan] step=138 node=N19301 type=control1 q_pred_context=1.555075 sequence=302.866558
[plan] step=139 node=N2071 type=observe q_pred_context=2.071529 sequence=304.804753
[plan] step=140 node=N18519 type=control1 q_pred_context=1.566009 sequence=306.237429
[plan] step=141 node=N4453 type=control1 q_pred_context=1.834156 sequence=307.957299
[plan] step=142 node=N7598 type=control1 q_pred_context=1.669776 sequence=309.627075
[plan] step=143 node=N12990 type=control1 q_pred_context=1.371495 sequence=310.998569
[plan] step=144 node=N21464 type=control1 q_pred_context=1.044095 sequence=312.042664
[plan] step=145 node=N6058 type=observe q_pred_context=0.940632 sequence=312.894408
[plan] step=146 node=N3832 type=observe q_pred_context=1.205166 sequence=313.999574
[plan] step=147 node=N6095 type=observe q_pred_context=1.505072 sequence=315.404645
[plan] step=148 node=N5963 type=observe q_pred_context=1.784522 sequence=317.074882
[plan] step=149 node=N5925 type=observe q_pred_context=1.917051 sequence=318.858599
[plan] step=150 node=N1592 type=control0 q_pred_context=2.544463 sequence=321.243062
[plan] step=151 node=N1256 type=observe q_pred_context=1.989957 sequence=323.033019
[plan] step=152 node=N19311 type=control1 q_pred_context=1.816794 sequence=324.716479
[plan] step=153 node=N3836 type=observe q_pred_context=1.841283 sequence=326.443477
[plan] step=154 node=N3840 type=observe q_pred_context=5.239309 sequence=331.568500
[plan] step=155 node=N6996 type=observe q_pred_context=2.827515 sequence=334.281729
[plan] step=156 node=N7014 type=observe q_pred_context=2.773279 sequence=336.940722
[plan] step=157 node=N7002 type=observe q_pred_context=5.569803 sequence=342.396240
[plan] step=158 node=N5267 type=observe q_pred_context=5.648461 sequence=347.911367
[plan] step=159 node=N4542 type=observe q_pred_context=3.135622 sequence=350.846990
[plan] step=160 node=N6980 type=observe q_pred_context=3.058336 sequence=353.705326
[plan] step=161 node=N6974 type=observe q_pred_context=2.956717 sequence=356.462043
[plan] step=162 node=N6971 type=observe q_pred_context=2.900806 sequence=359.162849
[plan] step=163 node=N6963 type=control1 q_pred_context=2.845985 sequence=361.808834
[plan] step=164 node=N7008 type=observe q_pred_context=2.072007 sequence=363.747508
[plan] step=165 node=N7005 type=observe q_pred_context=2.199342 sequence=365.813516
[plan] step=166 node=N14429 type=observe q_pred_context=2.601972 sequence=368.255488
[plan] step=167 node=N2073 type=observe q_pred_context=3.210069 sequence=371.332224
[plan] step=168 node=N6993 type=observe q_pred_context=1.930380 sequence=373.129270
[plan] step=169 node=N3718 type=observe q_pred_context=2.089149 sequence=375.018420
[plan] step=170 node=N6990 type=observe q_pred_context=1.708846 sequence=376.593932
[plan] step=171 node=N7017 type=observe q_pred_context=1.889186 sequence=378.283118
[plan] step=172 node=N4533 type=observe q_pred_context=1.392749 sequence=379.475866
[plan] step=173 node=N7574 type=control0 q_pred_context=2.027919 sequence=381.343785
[plan] step=174 node=N1520 type=control0 q_pred_context=2.287710 sequence=383.471495
[plan] step=175 node=N13047 type=control0 q_pred_context=2.206612 sequence=385.478107
[plan] step=176 node=N19366 type=control0 q_pred_context=4.159110 sequence=389.437217
[plan] step=177 node=N6887 type=observe q_pred_context=2.562776 sequence=391.885707
[plan] step=178 node=N4530 type=observe q_pred_context=2.117029 sequence=393.802736
[plan] step=179 node=N4529 type=observe q_pred_context=2.206447 sequence=395.809183
[plan] step=180 node=N4527 type=observe q_pred_context=2.857969 sequence=398.467152
[plan] step=181 node=N4537 type=observe q_pred_context=2.824632 sequence=401.091784
[plan] step=182 node=N4526 type=observe q_pred_context=2.099070 sequence=402.990854
[plan] step=183 node=N4535 type=observe q_pred_context=2.180142 sequence=404.970996
[plan] step=184 node=N4532 type=observe q_pred_context=2.050408 sequence=406.821405
[plan] step=185 node=N4528 type=observe q_pred_context=1.993279 sequence=408.614683
[plan] step=186 node=N15003 type=control1 q_pred_context=2.582397 sequence=411.197080
[plan] step=187 node=N15002 type=control1 q_pred_context=5.566949 sequence=416.649743
[plan] step=188 node=N13049 type=control0 q_pred_context=3.014577 sequence=419.464320
[plan] step=189 node=N1270 type=observe q_pred_context=1.847362 sequence=421.151682
[plan] step=190 node=N3912 type=observe q_pred_context=1.938815 sequence=422.930497
[plan] step=191 node=N7045 type=observe q_pred_context=6.848110 sequence=429.578607
[plan] step=192 node=N7595 type=control1 q_pred_context=6.028086 sequence=435.517804
[plan] step=193 node=N7036 type=observe q_pred_context=8.038036 sequence=443.355840
[plan] step=194 node=N7599 type=control1 q_pred_context=7.982394 sequence=451.178234
[plan] step=195 node=N15007 type=control1 q_pred_context=5.286453 sequence=456.350402
[plan] step=196 node=N2032 type=control1 q_pred_context=4.753534 sequence=461.003935
[plan] step=197 node=N15004 type=control1 q_pred_context=6.432973 sequence=467.322622
[plan] step=198 node=N15005 type=control1 q_pred_context=2.522412 sequence=469.730748
[plan] step=199 node=N21458 type=control1 q_pred_context=4.736937 sequence=474.467686
[plan] step=200 node=N14436 type=observe q_pred_context=3.246205 sequence=477.580557
[plan] step=201 node=N15006 type=control1 q_pred_context=6.726297 sequence=484.192568
[plan] step=202 node=N3873 type=control0 q_pred_context=4.906476 sequence=488.899045
[plan] step=203 node=N14443 type=observe q_pred_context=2.601882 sequence=491.367593
[plan] step=204 node=N14449 type=observe q_pred_context=5.726409 sequence=496.960668
[plan] step=205 node=N13000 type=control1 q_pred_context=4.382379 sequence=501.209714
[plan] step=206 node=N3903 type=control1 q_pred_context=5.941267 sequence=506.950981
[plan] step=207 node=N3907 type=control1 q_pred_context=5.217519 sequence=511.968500
[plan] step=208 node=N3899 type=control1 q_pred_context=2.348926 sequence=514.117426
[plan] step=209 node=N3809 type=control1 q_pred_context=2.705310 sequence=516.622735
[plan] step=210 node=N26396 type=control1 q_pred_context=1.886187 sequence=518.508922
[plan] step=211 node=N24133 type=control1 q_pred_context=1.968569 sequence=520.377491
[plan] step=212 node=N18523 type=control0 q_pred_context=2.213760 sequence=522.431251
[plan] step=213 node=N13053 type=control0 q_pred_context=5.403689 sequence=527.634940
[plan] step=214 node=N2144 type=observe q_pred_context=2.603057 sequence=530.077997
[plan] step=215 node=N14348 type=observe q_pred_context=5.886207 sequence=535.804205
[plan] step=216 node=N4461 type=control1 q_pred_context=4.269043 sequence=539.913248
[plan] step=217 node=N14357 type=observe q_pred_context=2.240963 sequence=542.020877
[plan] step=218 node=N14333 type=control1 q_pred_context=6.593373 sequence=548.514250
[plan] step=219 node=N14492 type=observe q_pred_context=2.595158 sequence=551.109409
[plan] step=220 node=N14356 type=observe q_pred_context=2.605914 sequence=553.581990
[plan] step=221 node=N4463 type=control1 q_pred_context=5.115123 sequence=558.537112
[plan] step=222 node=N2059 type=observe q_pred_context=6.662118 sequence=565.065897
[plan] step=223 node=N1756 type=observe q_pred_context=5.741284 sequence=570.647181
[plan] step=224 node=N5277 type=observe q_pred_context=6.508341 sequence=576.995522
[plan] step=225 node=N24048 type=control1 q_pred_context=4.088640 sequence=581.084163
[plan] step=226 node=N18592 type=control0 q_pred_context=5.991615 sequence=586.915778
[plan] step=227 node=N6020 type=observe q_pred_context=4.381481 sequence=591.163925
[plan] step=228 node=N1987 type=observe q_pred_context=5.992401 sequence=597.067437
[plan] step=229 node=N4999 type=observe q_pred_context=5.598291 sequence=602.505728
[plan] step=230 node=N5906 type=observe q_pred_context=5.994307 sequence=608.366701
[plan] step=231 node=N2033 type=observe q_pred_context=3.422244 sequence=611.655612
[plan] step=232 node=N1752 type=observe q_pred_context=6.586717 sequence=618.082329
[plan] step=233 node=N8326 type=control1 q_pred_context=5.188681 sequence=623.137677
[plan] step=234 node=N26415 type=control1 q_pred_context=4.173099 sequence=627.310776
[plan] step=235 node=N18580 type=control0 q_pred_context=5.496030 sequence=632.646806
[plan] step=236 node=N13055 type=control0 q_pred_context=7.006894 sequence=639.453700
[plan] step=237 node=N1251 type=observe q_pred_context=5.793737 sequence=645.047437
[plan] step=238 node=N14345 type=observe q_pred_context=2.497423 sequence=647.384860
[plan] step=239 node=N14344 type=observe q_pred_context=3.128840 sequence=650.353700
[plan] step=240 node=N1250 type=observe q_pred_context=5.245317 sequence=655.399017
[plan] step=241 node=N14365 type=observe q_pred_context=5.131983 sequence=660.371000
[plan] step=242 node=N14353 type=observe q_pred_context=5.671215 sequence=665.882215
[plan] step=243 node=N14349 type=observe q_pred_context=6.616864 sequence=672.339080
[plan] step=244 node=N14352 type=observe q_pred_context=6.359897 sequence=678.538977
[plan] step=245 node=N15109 type=control1 q_pred_context=6.563161 sequence=685.002138
[plan] step=246 node=N15099 type=control1 q_pred_context=2.570612 sequence=687.458465
[plan] step=247 node=N5279 type=observe q_pred_context=4.790506 sequence=692.088970
[plan] step=248 node=N26404 type=control1 q_pred_context=2.689833 sequence=694.778803
[plan] step=249 node=N15087 type=control1 q_pred_context=1.685228 sequence=696.349745
[plan] step=250 node=N12998 type=control1 q_pred_context=2.671797 sequence=698.861542
[plan] step=251 node=N19309 type=control1 q_pred_context=3.716437 sequence=702.417979
[plan] step=252 node=N3844 type=observe q_pred_context=4.918879 sequence=707.222573
[plan] step=253 node=N26403 type=control1 q_pred_context=1.537825 sequence=708.646112
[plan] step=254 node=N14460 type=observe q_pred_context=1.296089 sequence=709.827915
[plan] step=255 node=N1994 type=observe q_pred_context=2.668138 sequence=712.336054
[plan] step=256 node=N2037 type=observe q_pred_context=5.153972 sequence=717.356693
[plan] step=257 node=N6001 type=observe q_pred_context=5.963689 sequence=723.206096
[plan] step=258 node=N18583 type=control0 q_pred_context=5.410697 sequence=728.456793
[plan] step=259 node=N7215 type=observe q_pred_context=6.206241 sequence=734.563035
[plan] step=260 node=N4994 type=observe q_pred_context=6.469401 sequence=740.832435
[plan] step=261 node=N5276 type=observe q_pred_context=5.751985 sequence=746.424420
[plan] step=262 node=N2035 type=observe q_pred_context=6.464911 sequence=752.755998
[plan] step=263 node=N19368 type=control0 q_pred_context=5.630789 sequence=758.186788
[plan] step=264 node=N3848 type=observe q_pred_context=5.857419 sequence=763.929921
[plan] step=265 node=N18572 type=control0 q_pred_context=1.803653 sequence=765.573574
[plan] step=266 node=N3822 type=observe q_pred_context=3.787279 sequence=769.160854
[plan] step=267 node=N6999 type=observe q_pred_context=3.716563 sequence=772.744083
[plan] step=268 node=N18571 type=control0 q_pred_context=2.300386 sequence=774.884470
[plan] step=269 node=N2152 type=control0 q_pred_context=5.177789 sequence=779.928925
[plan] step=270 node=N3736 type=observe q_pred_context=2.222439 sequence=781.951364
[plan] step=271 node=N5982 type=observe q_pred_context=6.875441 sequence=788.693472
[plan] step=272 node=N2920 type=observe q_pred_context=6.505738 sequence=795.065876
[plan] step=273 node=N7243 type=observe q_pred_context=6.830118 sequence=801.795994
[plan] step=274 node=N2043 type=observe q_pred_context=6.082925 sequence=807.745585
[plan] step=275 node=N15100 type=control1 q_pred_context=5.989489 sequence=813.620789
[plan] step=276 node=N4996 type=observe q_pred_context=5.761942 sequence=819.182731
[plan] step=277 node=N15095 type=control1 q_pred_context=3.770498 sequence=822.838943
[plan] step=278 node=N15097 type=control1 q_pred_context=3.536694 sequence=826.261352
[plan] step=279 node=N18582 type=control0 q_pred_context=4.083045 sequence=830.184397
[plan] step=280 node=N15096 type=control1 q_pred_context=6.683777 sequence=836.753888
[plan] step=281 node=N15101 type=control1 q_pred_context=4.310230 sequence=840.949833
[plan] step=282 node=N26417 type=control1 q_pred_context=4.741031 sequence=845.590864
[plan] step=283 node=N15083 type=control1 q_pred_context=5.051544 sequence=850.528123
[plan] step=284 node=N18390 type=control0 q_pred_context=3.573164 sequence=853.901287
[plan] step=285 node=N13057 type=control0 q_pred_context=6.401179 sequence=860.102465
[plan] step=286 node=N15098 type=control1 q_pred_context=3.121947 sequence=863.110127
[plan] step=287 node=N15081 type=control1 q_pred_context=4.292140 sequence=867.287981
[plan] step=288 node=N15093 type=control1 q_pred_context=5.972541 sequence=873.146237
[plan] step=289 node=N14466 type=observe q_pred_context=3.526792 sequence=876.539695
[plan] step=290 node=N2167 type=control1 q_pred_context=1.204098 sequence=877.743793
[plan] step=291 node=N1173 type=control1 q_pred_context=1.129355 sequence=878.873148
[plan] step=292 node=N24119 type=control1 q_pred_context=1.806892 sequence=880.546706
[plan] step=293 node=N1172 type=control0 q_pred_context=3.897767 sequence=884.284473
[plan] step=294 node=N15090 type=control1 q_pred_context=4.488869 sequence=888.659057
[plan] step=295 node=N15089 type=control1 q_pred_context=4.604240 sequence=893.149011
[plan] step=296 node=N21350 type=control1 q_pred_context=3.788889 sequence=896.777900
[plan] step=297 node=N1515 type=control0 q_pred_context=1.157693 sequence=897.775593
[plan] step=298 node=N19244 type=control0 q_pred_context=1.501731 sequence=899.077324
[plan] step=299 node=N1517 type=control0 q_pred_context=1.858738 sequence=900.776062
[plan] step=300 node=N18577 type=control0 q_pred_context=3.141325 sequence=903.717386
[plan] step=301 node=N8477 type=control1 q_pred_context=3.197622 sequence=906.815008
[plan] step=302 node=N7475 type=control0 q_pred_context=5.923580 sequence=912.578588
[plan] step=303 node=N15086 type=control1 q_pred_context=2.300707 sequence=914.765009
[plan] step=304 node=N19346 type=control0 q_pred_context=5.839679 sequence=920.404689
[plan] step=305 node=N4430 type=observe q_pred_context=5.045356 sequence=925.290045
[plan] step=306 node=N14455 type=observe q_pred_context=1.459263 sequence=926.615975
[plan] step=307 node=N3852 type=observe q_pred_context=1.549578 sequence=928.005553
[plan] step=308 node=N3856 type=observe q_pred_context=2.491228 sequence=930.336781
[plan] step=309 node=N3860 type=observe q_pred_context=2.197822 sequence=932.374603
[plan] step=310 node=N5252 type=observe q_pred_context=2.876931 sequence=935.091535
[plan] step=311 node=N2039 type=observe q_pred_context=1.476589 sequence=936.434790
[plan] step=312 node=N5792 type=observe q_pred_context=2.478194 sequence=938.779651
[plan] step=313 node=N6077 type=observe q_pred_context=1.924346 sequence=940.589711
[plan] step=314 node=N19343 type=control0 q_pred_context=1.720924 sequence=942.110635
[plan] step=315 node=N9543 type=control0 q_pred_context=1.244207 sequence=943.240556
[plan] step=316 node=N5250 type=observe q_pred_context=1.950276 sequence=945.030832
[plan] step=317 node=N2047 type=observe q_pred_context=2.432333 sequence=947.329832
[plan] step=318 node=N2108 type=observe q_pred_context=3.783407 sequence=950.979905
[plan] step=319 node=N2041 type=observe q_pred_context=5.617556 sequence=956.464128
[plan] step=320 node=N7504 type=observe q_pred_context=4.125027 sequence=960.389155
[plan] step=321 node=N1171 type=control1 q_pred_context=0.651892 sequence=960.881047
[plan] step=322 node=N8476 type=control1 q_pred_context=1.952109 sequence=962.733156
[plan] step=323 node=N2168 type=observe q_pred_context=1.105484 sequence=963.705307
[plan] step=324 node=N5254 type=observe q_pred_context=0.677612 sequence=964.249586
[plan] step=325 node=N5830 type=observe q_pred_context=2.284634 sequence=966.400886
[plan] step=326 node=N5515 type=observe q_pred_context=1.628621 sequence=967.829508
[plan] step=327 node=N4402 type=observe q_pred_context=1.507667 sequence=969.248286
[plan] step=328 node=N5249 type=observe q_pred_context=2.395613 sequence=971.483898
[plan] step=329 node=N4408 type=observe q_pred_context=2.843976 sequence=974.227875
[plan] step=330 node=N7573 type=observe q_pred_context=3.458848 sequence=977.526722
[plan] step=331 node=N7480 type=observe q_pred_context=2.569553 sequence=979.896276
[plan] step=332 node=N5530 type=observe q_pred_context=1.861370 sequence=981.557646
[plan] step=333 node=N2066 type=observe q_pred_context=2.467457 sequence=983.891770
[plan] step=334 node=N5247 type=observe q_pred_context=3.468368 sequence=987.200138
[plan] step=335 node=N4363 type=observe q_pred_context=5.176007 sequence=992.276145
[plan] step=336 node=N2109 type=observe q_pred_context=5.178924 sequence=997.321736
[plan] step=337 node=N2065 type=observe q_pred_context=6.406554 sequence=1003.568290
[plan] step=338 node=N7558 type=observe q_pred_context=4.275738 sequence=1007.684029
[plan] step=339 node=N1989 type=observe q_pred_context=0.195585 sequence=1007.719613
[plan] step=340 node=N5526 type=observe q_pred_context=0.342088 sequence=1007.861701
[plan] step=341 node=N5242 type=observe q_pred_context=2.289820 sequence=1010.037235
[plan] step=342 node=N2067 type=observe q_pred_context=2.220242 sequence=1012.097477
[plan] step=343 node=N7531 type=observe q_pred_context=2.371497 sequence=1014.268974
[plan] step=344 node=N3427 type=observe q_pred_context=0.650374 sequence=1014.786015
[plan] step=345 node=N5246 type=observe q_pred_context=2.057865 sequence=1016.683879
[plan] step=346 node=N2068 type=observe q_pred_context=2.410442 sequence=1018.934321
[plan] step=347 node=N1364 type=observe q_pred_context=6.831084 sequence=1025.665405
[plan] step=348 node=N4351 type=observe q_pred_context=5.925379 sequence=1031.476498
[plan] step=349 node=N5510 type=observe q_pred_context=4.275108 sequence=1035.551606
[plan] step=350 node=N2064 type=observe q_pred_context=3.939679 sequence=1039.331285
[plan] step=351 node=N14361 type=observe q_pred_context=6.880736 sequence=1046.052022
[plan] step=352 node=N5248 type=observe q_pred_context=6.536137 sequence=1052.428159
[plan] step=353 node=N14360 type=observe q_pred_context=6.741851 sequence=1059.036677
[plan] step=354 node=N14364 type=observe q_pred_context=6.439824 sequence=1065.316501
[plan] step=355 node=N3553 type=observe q_pred_context=3.096751 sequence=1068.279918
[plan] step=356 node=N2069 type=observe q_pred_context=2.982480 sequence=1071.102398
[plan] step=357 node=N14488 type=observe q_pred_context=5.482502 sequence=1076.424900
[plan] step=358 node=N5507 type=observe q_pred_context=1.995307 sequence=1078.220208
[plan] step=359 node=N4354 type=observe q_pred_context=2.694658 sequence=1080.800580
[plan] step=360 node=N3517 type=observe q_pred_context=3.827861 sequence=1084.495108
[plan] step=361 node=N2030 type=observe q_pred_context=4.027888 sequence=1088.362996
[plan] step=362 node=N4378 type=observe q_pred_context=6.418221 sequence=1094.621218
[plan] step=363 node=N2070 type=observe q_pred_context=6.436788 sequence=1100.898006
[plan] step=364 node=N3535 type=observe q_pred_context=6.049828 sequence=1106.814500
[plan] step=365 node=N6938 type=observe q_pred_context=3.746154 sequence=1110.427321
[plan] step=366 node=N4384 type=observe q_pred_context=6.234309 sequence=1116.528297
[plan] step=367 node=N2063 type=observe q_pred_context=6.048833 sequence=1122.417130
[plan] step=368 node=N6944 type=observe q_pred_context=5.949109 sequence=1128.232905
[plan] step=369 node=N3347 type=observe q_pred_context=5.910031 sequence=1134.009603
[plan] step=370 node=N2061 type=observe q_pred_context=5.141170 sequence=1138.990773
[plan] step=371 node=N4348 type=observe q_pred_context=6.770659 sequence=1145.628099
[plan] step=372 node=N2056 type=observe q_pred_context=6.093202 sequence=1151.561300
[plan] step=373 node=N6947 type=observe q_pred_context=5.982100 sequence=1157.410067
[plan] step=374 node=N3418 type=observe q_pred_context=4.738886 sequence=1162.015619
[plan] step=375 node=N4372 type=observe q_pred_context=6.586915 sequence=1168.469201
[plan] step=376 node=N2062 type=observe q_pred_context=6.109699 sequence=1174.418900
[plan] step=377 node=N6941 type=observe q_pred_context=5.968034 sequence=1180.253601
[plan] step=378 node=N2057 type=observe q_pred_context=6.109595 sequence=1186.203196
[plan] step=379 node=N3499 type=observe q_pred_context=5.867638 sequence=1191.937500
[plan] step=380 node=N4369 type=observe q_pred_context=4.925100 sequence=1196.748314
[plan] step=381 node=N6932 type=observe q_pred_context=4.505972 sequence=1201.120953
[plan] step=382 node=N4396 type=observe q_pred_context=6.063805 sequence=1207.051425
[plan] step=383 node=N5245 type=observe q_pred_context=6.615234 sequence=1213.566659
[plan] step=384 node=N3391 type=observe q_pred_context=5.130481 sequence=1218.563807
[plan] step=385 node=N6926 type=observe q_pred_context=3.408751 sequence=1221.839225
[plan] step=386 node=N4366 type=observe q_pred_context=6.420012 sequence=1228.144951
[plan] step=387 node=N3436 type=observe q_pred_context=5.473556 sequence=1233.485174
[plan] step=388 node=N6914 type=observe q_pred_context=1.785938 sequence=1235.137779
[plan] step=389 node=N4399 type=observe q_pred_context=4.707272 sequence=1239.685051
[plan] step=390 node=N14412 type=observe q_pred_context=5.670422 sequence=1245.222139
[plan] step=391 node=N3320 type=observe q_pred_context=5.313506 sequence=1250.402312
[plan] step=392 node=N6920 type=observe q_pred_context=2.399594 sequence=1252.668572
[plan] step=393 node=N4387 type=observe q_pred_context=6.749156 sequence=1259.284395
[plan] step=394 node=N14410 type=observe q_pred_context=6.797070 sequence=1265.948132
[plan] step=395 node=N14498 type=observe q_pred_context=5.955487 sequence=1271.743619
[plan] step=396 node=N3400 type=observe q_pred_context=4.058040 sequence=1275.668326
[plan] step=397 node=N6922 type=observe q_pred_context=3.670028 sequence=1279.178354
[plan] step=398 node=N4345 type=observe q_pred_context=6.258733 sequence=1285.277087
[plan] step=399 node=N6935 type=observe q_pred_context=6.021417 sequence=1291.165170
[plan] step=400 node=N3329 type=observe q_pred_context=5.883796 sequence=1296.915633
[plan] step=401 node=N4381 type=observe q_pred_context=3.889736 sequence=1300.645369
[plan] step=402 node=N6928 type=observe q_pred_context=6.282610 sequence=1306.767979
[plan] step=403 node=N3481 type=observe q_pred_context=5.965714 sequence=1312.600359
[plan] step=404 node=N4393 type=observe q_pred_context=3.830898 sequence=1316.271257
[plan] step=405 node=N6929 type=observe q_pred_context=6.068201 sequence=1322.206125
[plan] step=406 node=N3508 type=observe q_pred_context=5.911902 sequence=1327.984693
[plan] step=407 node=N4422 type=observe q_pred_context=3.387920 sequence=1331.239280
[plan] step=408 node=N6919 type=observe q_pred_context=6.101201 sequence=1337.226195
[plan] step=409 node=N14471 type=observe q_pred_context=6.116475 sequence=1343.182670
[plan] step=410 node=N3294 type=observe q_pred_context=5.312637 sequence=1348.361973
[plan] step=411 node=N4334 type=observe q_pred_context=3.499037 sequence=1351.727677
[plan] step=412 node=N6946 type=observe q_pred_context=6.048553 sequence=1357.616230
[plan] step=413 node=N4338 type=observe q_pred_context=6.832772 sequence=1364.289002
[plan] step=414 node=N3472 type=observe q_pred_context=3.145732 sequence=1367.301401
[plan] step=415 node=N6949 type=observe q_pred_context=3.428194 sequence=1370.569595
[plan] step=416 node=N3742 type=observe q_pred_context=6.872045 sequence=1377.241640
[plan] step=417 node=N4362 type=observe q_pred_context=5.970597 sequence=1383.052236
[plan] step=418 node=N6916 type=observe q_pred_context=6.128247 sequence=1389.020484
[plan] step=419 node=N3338 type=observe q_pred_context=3.141134 sequence=1392.028285
[plan] step=420 node=N6943 type=observe q_pred_context=3.155216 sequence=1395.023500
[plan] step=421 node=N4343 type=observe q_pred_context=6.365361 sequence=1401.255528
[plan] step=422 node=N3751 type=observe q_pred_context=5.203832 sequence=1406.259360
[plan] step=423 node=N4831 type=observe q_pred_context=2.966637 sequence=1409.065997
[plan] step=424 node=N3544 type=observe q_pred_context=5.148357 sequence=1414.081021
[plan] step=425 node=N6940 type=observe q_pred_context=3.146580 sequence=1417.067601
[plan] step=426 node=N4415 type=observe q_pred_context=6.649774 sequence=1423.584042
[plan] step=427 node=N3445 type=observe q_pred_context=5.447940 sequence=1428.898648
[plan] step=428 node=N14351 type=observe q_pred_context=3.127326 sequence=1431.865974
[plan] step=429 node=N6911 type=observe q_pred_context=6.062800 sequence=1437.795440
[plan] step=430 node=N4412 type=observe q_pred_context=6.099881 sequence=1443.761988
[plan] step=431 node=N18557 type=observe q_pred_context=7.077362 sequence=1450.679350
[plan] step=432 node=N18409 type=observe q_pred_context=6.442927 sequence=1456.962277
[plan] step=433 node=N18424 type=observe q_pred_context=6.415350 sequence=1463.217626
[plan] step=434 node=N4523 type=observe q_pred_context=5.876658 sequence=1468.894284
[plan] step=435 node=N18408 type=observe q_pred_context=6.533827 sequence=1475.268111
[plan] step=436 node=N18410 type=observe q_pred_context=5.902097 sequence=1481.010208
[plan] step=437 node=N3454 type=observe q_pred_context=5.267141 sequence=1486.144016
[plan] step=438 node=N14355 type=observe q_pred_context=3.125388 sequence=1489.109404
[plan] step=439 node=N6937 type=observe q_pred_context=6.454723 sequence=1495.404127
[plan] step=440 node=N4340 type=observe q_pred_context=6.337193 sequence=1501.581320
[plan] step=441 node=N14347 type=observe q_pred_context=6.702709 sequence=1508.124029
[plan] step=442 node=N3526 type=observe q_pred_context=5.208418 sequence=1513.199114
[plan] step=443 node=N6934 type=observe q_pred_context=2.466725 sequence=1515.505839
[plan] step=444 node=N4418 type=observe q_pred_context=6.529794 sequence=1521.875633
[plan] step=445 node=N14346 type=observe q_pred_context=7.028165 sequence=1528.743798
[plan] step=446 node=N6917 type=observe q_pred_context=6.063429 sequence=1534.647227
[plan] step=447 node=N3490 type=observe q_pred_context=4.917468 sequence=1539.431361
[plan] step=448 node=N6931 type=observe q_pred_context=3.269120 sequence=1542.540481
[plan] step=449 node=N4016 type=observe q_pred_context=6.087807 sequence=1548.494955
[plan] step=450 node=N5391 type=control1 q_pred_context=5.957956 sequence=1554.364022
[plan] step=451 node=N21468 type=control1 q_pred_context=6.055532 sequence=1560.419554
[plan] step=452 node=N3356 type=observe q_pred_context=4.675185 sequence=1564.961406
[plan] step=453 node=N14433 type=observe q_pred_context=2.247695 sequence=1567.049101
[plan] step=454 node=N18400 type=observe q_pred_context=6.139144 sequence=1573.028245
[plan] step=455 node=N18403 type=observe q_pred_context=5.632990 sequence=1578.501235
[plan] step=456 node=N2836 type=observe q_pred_context=5.540526 sequence=1583.881760
[plan] step=457 node=N4456 type=control1 q_pred_context=6.176175 sequence=1589.924601
[plan] step=458 node=N3463 type=observe q_pred_context=4.991441 sequence=1594.782710
[plan] step=459 node=N18405 type=observe q_pred_context=4.155170 sequence=1598.777880
[plan] step=460 node=N2589 type=observe q_pred_context=6.081769 sequence=1604.726316
[plan] step=461 node=N3309 type=observe q_pred_context=5.744043 sequence=1610.337025
[plan] step=462 node=N2912 type=observe q_pred_context=3.099504 sequence=1613.276529
[plan] step=463 node=N3374 type=observe q_pred_context=4.963587 sequence=1618.106783
[plan] step=464 node=N2437 type=observe q_pred_context=2.711434 sequence=1620.658216
[plan] step=465 node=N3365 type=observe q_pred_context=4.811763 sequence=1625.336646
[plan] step=466 node=N2817 type=observe q_pred_context=2.132806 sequence=1627.336118
[plan] step=467 node=N14362 type=observe q_pred_context=6.650443 sequence=1633.826562
[plan] step=468 node=N2741 type=observe q_pred_context=6.147786 sequence=1639.814348
[plan] step=469 node=N3409 type=observe q_pred_context=3.657326 sequence=1643.338341
[plan] step=470 node=N2798 type=observe q_pred_context=2.779548 sequence=1645.984555
[plan] step=471 node=N4546 type=observe q_pred_context=5.179152 sequence=1651.049421
[plan] step=472 node=N14366 type=observe q_pred_context=5.357373 sequence=1656.246794
[plan] step=473 node=N3744 type=observe q_pred_context=2.169980 sequence=1658.256774
[plan] step=474 node=N2311 type=observe q_pred_context=1.931339 sequence=1659.988113
[plan] step=475 node=N4358 type=observe q_pred_context=2.699114 sequence=1662.487227
[plan] step=476 node=N2308 type=observe q_pred_context=5.992960 sequence=1668.280187
[plan] step=477 node=N2322 type=observe q_pred_context=4.187403 sequence=1672.267590
[plan] step=478 node=N2319 type=observe q_pred_context=3.719115 sequence=1675.786705
[plan] step=479 node=N2328 type=observe q_pred_context=3.961181 sequence=1679.547885
[plan] step=480 node=N2303 type=observe q_pred_context=4.229851 sequence=1683.577736
[plan] step=481 node=N2305 type=observe q_pred_context=4.493207 sequence=1687.870943
[plan] step=482 node=N5508 type=observe q_pred_context=4.930643 sequence=1692.601586
[plan] step=483 node=N5523 type=observe q_pred_context=5.589892 sequence=1697.991478
[plan] step=484 node=N14383 type=observe q_pred_context=6.186768 sequence=1704.018246
[plan] step=485 node=N2320 type=observe q_pred_context=5.512740 sequence=1709.330986
[plan] step=486 node=N14419 type=observe q_pred_context=1.330292 sequence=1710.501279
[plan] step=487 node=N18459 type=observe q_pred_context=3.844396 sequence=1714.185675
[plan] step=488 node=N18549 type=observe q_pred_context=5.785891 sequence=1719.811566
[plan] step=489 node=N3299 type=observe q_pred_context=3.535295 sequence=1723.213527
[plan] step=490 node=N18528 type=observe q_pred_context=0.801524 sequence=1723.881718
[plan] step=491 node=N5390 type=control1 q_pred_context=0.964040 sequence=1724.756868
[plan] step=492 node=N14411 type=observe q_pred_context=0.590733 sequence=1725.187602
[plan] step=493 node=N18546 type=observe q_pred_context=1.396261 sequence=1726.450529
[plan] step=494 node=N18527 type=observe q_pred_context=2.979437 sequence=1729.269966
[plan] step=495 node=N18555 type=observe q_pred_context=1.154548 sequence=1730.291181
[plan] step=496 node=N7051 type=control0 q_pred_context=0.126727 sequence=1730.217907
[plan] step=497 node=N12933 type=control0 q_pred_context=1.127703 sequence=1731.145610
[plan] step=498 node=N15174 type=control1 q_pred_context=1.397464 sequence=1732.383075
[plan] step=499 node=N18455 type=observe q_pred_context=1.006463 sequence=1733.189538
[plan] step=500 node=N14413 type=observe q_pred_context=0.788598 sequence=1733.818136
[plan] step=501 node=N18475 type=observe q_pred_context=3.851834 sequence=1737.509970
[plan] step=502 node=N18500 type=observe q_pred_context=0.601204 sequence=1737.951174
[plan] step=503 node=N18587 type=control0 q_pred_context=0.907754 sequence=1738.698928
[plan] step=504 node=N1576 type=control0 q_pred_context=1.713246 sequence=1740.252174
[plan] step=505 node=N18508 type=observe q_pred_context=0.717846 sequence=1740.810020
[plan] step=506 node=N3382 type=observe q_pred_context=0.895079 sequence=1741.571766
[plan] step=507 node=N18465 type=observe q_pred_context=5.904314 sequence=1747.316079
[plan] step=508 node=N3920 type=observe q_pred_context=1.012682 sequence=1748.195428
[plan] step=509 node=N18481 type=observe q_pred_context=1.641269 sequence=1749.676697
[plan] step=510 node=N18490 type=observe q_pred_context=5.392922 sequence=1754.909619
[plan] step=511 node=N18484 type=observe q_pred_context=0.911198 sequence=1755.660817
[plan] step=512 node=N18422 type=observe q_pred_context=7.157942 sequence=1762.658759
[plan] step=513 node=N18512 type=observe q_pred_context=0.925907 sequence=1763.424666
[plan] step=514 node=N18559 type=observe q_pred_context=6.744303 sequence=1770.035636
[plan] step=515 node=N18443 type=observe q_pred_context=0.484989 sequence=1770.360625
[plan] step=516 node=N18432 type=observe q_pred_context=1.577776 sequence=1771.778401
[plan] step=517 node=N18510 type=observe q_pred_context=0.683873 sequence=1772.262274
[plan] step=518 node=N1191 type=observe q_pred_context=2.163071 sequence=1774.158679
[plan] step=519 node=N7055 type=observe q_pred_context=1.808359 sequence=1775.700371
[plan] step=520 node=N18502 type=observe q_pred_context=0.662635 sequence=1776.163006
[plan] step=521 node=N18486 type=observe q_pred_context=0.895731 sequence=1776.858737
[plan] step=522 node=N3914 type=observe q_pred_context=1.142107 sequence=1777.734177
[plan] step=523 node=N18457 type=observe q_pred_context=0.674704 sequence=1778.248881
[plan] step=524 node=N18480 type=observe q_pred_context=0.651793 sequence=1778.740674
[plan] step=525 node=N6965 type=observe q_pred_context=1.661606 sequence=1780.135613
[plan] step=526 node=N4479 type=observe q_pred_context=1.112672 sequence=1780.981619
[plan] step=527 node=N3910 type=observe q_pred_context=0.913595 sequence=1781.628547
[plan] step=528 node=N1193 type=observe q_pred_context=2.397823 sequence=1783.759703
[plan] step=529 node=N5253 type=observe q_pred_context=1.029800 sequence=1784.522836
[plan] step=530 node=N1195 type=observe q_pred_context=1.616775 sequence=1785.872944
[plan] step=531 node=N18472 type=observe q_pred_context=0.669236 sequence=1786.342180
[plan] step=532 node=N4475 type=observe q_pred_context=1.256295 sequence=1787.398475
[plan] step=533 node=N18469 type=observe q_pred_context=0.776802 sequence=1788.015277
[plan] step=534 node=N13035 type=control0 q_pred_context=2.634949 sequence=1790.450226
[plan] step=535 node=N13032 type=control0 q_pred_context=1.232318 sequence=1791.482544
[plan] step=536 node=N19238 type=control0 q_pred_context=1.963820 sequence=1793.332078
[plan] step=537 node=N18503 type=observe q_pred_context=1.044531 sequence=1794.216609
[plan] step=538 node=N21472 type=control1 q_pred_context=1.424834 sequence=1795.641442
[plan] step=539 node=N18458 type=observe q_pred_context=1.035737 sequence=1796.517180
[plan] step=540 node=N26475 type=control0 q_pred_context=1.639706 sequence=1798.067997
[plan] step=541 node=N1183 type=control1 q_pred_context=6.436416 sequence=1804.371079
[plan] step=542 node=N4457 type=control1 q_pred_context=6.515793 sequence=1810.726872
[plan] step=543 node=N14388 type=observe q_pred_context=3.321203 sequence=1813.914742
[plan] step=544 node=N14385 type=observe q_pred_context=2.952625 sequence=1816.734033
[plan] step=545 node=N14384 type=observe q_pred_context=2.487359 sequence=1819.088059
[plan] step=546 node=N15115 type=observe q_pred_context=2.214217 sequence=1821.168943
[plan] step=547 node=N5365 type=observe q_pred_context=1.860671 sequence=1822.762947
[plan] step=548 node=N7489 type=observe q_pred_context=1.956217 sequence=1824.319164
[plan] step=549 node=N7513 type=observe q_pred_context=1.760741 sequence=1825.679905
[plan] step=550 node=N24207 type=control0 q_pred_context=1.595483 sequence=1827.275388
[plan] step=551 node=N26462 type=control0 q_pred_context=1.924251 sequence=1829.039639
[plan] step=552 node=N5504 type=observe q_pred_context=3.429479 sequence=1832.202452
[plan] step=553 node=N3485 type=control0 q_pred_context=3.883793 sequence=1835.952911
[plan] step=554 node=N3800 type=observe q_pred_context=3.212995 sequence=1838.965907
[plan] step=555 node=N7537 type=observe q_pred_context=3.472904 sequence=1842.038810
[plan] step=556 node=N3879 type=observe q_pred_context=3.822867 sequence=1845.661678
[plan] step=557 node=N3883 type=observe q_pred_context=2.765580 sequence=1848.227258
[plan] step=558 node=N3817 type=observe q_pred_context=3.133661 sequence=1851.160919
[plan] step=559 node=N3876 type=observe q_pred_context=2.788819 sequence=1853.749738
[plan] step=560 node=N3887 type=observe q_pred_context=3.251605 sequence=1856.801343
[plan] step=561 node=N21470 type=control1 q_pred_context=3.380284 sequence=1860.092738
[plan] step=562 node=N14386 type=observe q_pred_context=6.896284 sequence=1866.855689
[plan] step=563 node=N3891 type=observe q_pred_context=5.582512 sequence=1872.238201
[plan] step=564 node=N3895 type=observe q_pred_context=7.081909 sequence=1879.120110
[plan] step=565 node=N6977 type=observe q_pred_context=3.008495 sequence=1881.861938
[plan] step=566 node=N6838 type=control0 q_pred_context=1.483637 sequence=1883.145576
[plan] step=567 node=N3548 type=control0 q_pred_context=1.322938 sequence=1884.335180
[plan] step=568 node=N3360 type=control0 q_pred_context=1.504279 sequence=1885.706126
[plan] step=569 node=N18416 type=observe q_pred_context=2.077482 sequence=1887.516942
[plan] step=570 node=N3530 type=control0 q_pred_context=5.801071 sequence=1893.184680
[plan] step=571 node=N3521 type=control0 q_pred_context=6.483716 sequence=1899.535062
[plan] step=572 node=N3431 type=control0 q_pred_context=8.190624 sequence=1907.592353
[plan] step=573 node=N6847 type=control0 q_pred_context=7.899353 sequence=1915.291707
[plan] step=574 node=N7591 type=control1 q_pred_context=5.487569 sequence=1920.690386
[plan] step=575 node=N3404 type=control0 q_pred_context=1.739976 sequence=1922.297029
[plan] step=576 node=N1184 type=control1 q_pred_context=4.385565 sequence=1926.522594
[plan] step=577 node=N6659 type=control0 q_pred_context=4.130615 sequence=1930.453209
[plan] step=578 node=N6793 type=control0 q_pred_context=4.412574 sequence=1934.665783
[plan] step=579 node=N7611 type=control1 q_pred_context=3.782296 sequence=1938.448079
[plan] step=580 node=N9311 type=control0 q_pred_context=2.481818 sequence=1940.729897
[plan] step=581 node=N9310 type=control0 q_pred_context=1.476689 sequence=1942.006585
[plan] step=582 node=N7610 type=control1 q_pred_context=7.033512 sequence=1948.880097
[plan] step=583 node=N7597 type=control1 q_pred_context=7.985899 sequence=1956.705996
[plan] step=584 node=N15348 type=control0 q_pred_context=1.348979 sequence=1957.940690
[plan] step=585 node=N9572 type=control0 q_pred_context=2.208380 sequence=1959.949070
[plan] step=586 node=N6614 type=control0 q_pred_context=8.041035 sequence=1967.790105
[plan] step=587 node=N6976 type=observe q_pred_context=1.703073 sequence=1969.293178
[plan] step=588 node=N14523 type=control0 q_pred_context=4.895895 sequence=1973.989073
[plan] step=589 node=N5540 type=observe q_pred_context=7.097572 sequence=1980.819978
[plan] step=590 node=N13010 type=control0 q_pred_context=0.574647 sequence=1981.194625
[plan] step=591 node=N6757 type=control0 q_pred_context=3.201813 sequence=1984.196438
[plan] step=592 node=N6632 type=control0 q_pred_context=6.140974 sequence=1990.137413
[plan] step=593 node=N15517 type=control0 q_pred_context=6.233584 sequence=1996.210996
[plan] step=594 node=N6650 type=control0 q_pred_context=4.939773 sequence=2000.950769
[plan] step=595 node=N6739 type=control0 q_pred_context=6.306996 sequence=2007.057765
[plan] step=596 node=N6802 type=control0 q_pred_context=6.158329 sequence=2013.016094
[plan] step=597 node=N6703 type=control0 q_pred_context=3.425673 sequence=2016.241767
[plan] step=598 node=N6694 type=control0 q_pred_context=3.357251 sequence=2019.399018
[plan] step=599 node=N6601 type=control0 q_pred_context=5.117620 sequence=2024.316638
[plan] step=600 node=N5868 type=observe q_pred_context=2.463791 sequence=2026.513762
[plan] step=601 node=N6820 type=control0 q_pred_context=3.342963 sequence=2029.656725
[plan] step=602 node=N6784 type=control0 q_pred_context=1.246430 sequence=2030.703155
[plan] step=603 node=N18499 type=observe q_pred_context=0.782403 sequence=2031.285558
[plan] step=604 node=N6623 type=control0 q_pred_context=1.309846 sequence=2032.395404
[plan] step=605 node=N1272 type=observe q_pred_context=1.085814 sequence=2033.281218
[plan] step=606 node=N15491 type=control0 q_pred_context=0.813155 sequence=2033.934373
[plan] step=607 node=N7592 type=control1 q_pred_context=4.249621 sequence=2038.023994
[plan] step=608 node=N6748 type=control0 q_pred_context=3.525377 sequence=2041.349371
[plan] step=609 node=N6677 type=control0 q_pred_context=5.003139 sequence=2046.152510
[plan] step=610 node=N6712 type=control0 q_pred_context=5.715091 sequence=2051.667601
[plan] step=611 node=N6829 type=control0 q_pred_context=6.301802 sequence=2057.769403
[plan] step=612 node=N3476 type=control0 q_pred_context=6.264207 sequence=2063.900277
[plan] step=613 node=N6730 type=control0 q_pred_context=5.691060 sequence=2069.391337
[plan] step=614 node=N3936 type=control0 q_pred_context=6.082761 sequence=2075.340765
[plan] step=615 node=N9804 type=control0 q_pred_context=4.733408 sequence=2079.874173
[plan] step=616 node=N18497 type=observe q_pred_context=6.200810 sequence=2085.874983
[plan] step=617 node=N6856 type=control0 q_pred_context=5.979112 sequence=2091.654095
[plan] step=618 node=N6721 type=control0 q_pred_context=7.267962 sequence=2098.722057
[plan] step=619 node=N6668 type=control0 q_pred_context=7.241187 sequence=2105.763244
[plan] step=620 node=N9795 type=control0 q_pred_context=7.205719 sequence=2112.768963
[plan] step=621 node=N18464 type=observe q_pred_context=6.709771 sequence=2119.278735
[plan] step=622 node=N15394 type=control0 q_pred_context=5.353254 sequence=2124.471989
[plan] step=623 node=N28154 type=control1 q_pred_context=4.348125 sequence=2128.820113
[plan] step=624 node=N21483 type=control1 q_pred_context=6.066172 sequence=2134.752952
[plan] step=625 node=N21461 type=control1 q_pred_context=4.816035 sequence=2139.435653
[plan] step=626 node=N28772 type=control1 q_pred_context=5.267128 sequence=2144.702781
[plan] step=627 node=N25481 type=control1 q_pred_context=4.689016 sequence=2149.391797
[plan] step=628 node=N24454 type=control1 q_pred_context=4.584935 sequence=2153.976732
[plan] step=629 node=N21485 type=control1 q_pred_context=4.539454 sequence=2158.356186
[plan] step=630 node=N24210 type=control0 q_pred_context=0.644603 sequence=2158.840790
[plan] step=631 node=N9608 type=control0 q_pred_context=5.211321 sequence=2163.852111
[plan] step=632 node=N9581 type=control0 q_pred_context=6.198828 sequence=2169.850938
[plan] step=633 node=N25961 type=control1 q_pred_context=6.299725 sequence=2176.150663
[plan] step=634 node=N9714 type=control0 q_pred_context=6.266846 sequence=2182.217508
[plan] step=635 node=N6811 type=control0 q_pred_context=6.158524 sequence=2188.176033
[plan] step=636 node=N9759 type=control0 q_pred_context=6.120712 sequence=2194.096745
[plan] step=637 node=N6766 type=control0 q_pred_context=6.048483 sequence=2199.945229
[plan] step=638 node=N9696 type=control0 q_pred_context=5.966446 sequence=2205.711675
[plan] step=639 node=N9626 type=control0 q_pred_context=5.890011 sequence=2211.401686
[plan] step=640 node=N4459 type=control1 q_pred_context=4.163020 sequence=2215.404706
[plan] step=641 node=N1185 type=control1 q_pred_context=4.506381 sequence=2219.751087
[plan] step=642 node=N24125 type=control1 q_pred_context=2.300002 sequence=2221.951089
[plan] step=643 node=N9678 type=control0 q_pred_context=3.933567 sequence=2225.684656
[plan] step=644 node=N9813 type=control0 q_pred_context=2.733691 sequence=2228.218347
[plan] step=645 node=N5754 type=observe q_pred_context=1.603537 sequence=2229.555217
[plan] step=646 node=N5583 type=observe q_pred_context=3.035501 sequence=2232.324051
[plan] step=647 node=N18454 type=observe q_pred_context=6.442173 sequence=2238.606224
[plan] step=648 node=N18491 type=observe q_pred_context=2.139664 sequence=2240.479222
[plan] step=649 node=N15268 type=control1 q_pred_context=5.745627 sequence=2246.064849
[plan] step=650 node=N5811 type=observe q_pred_context=6.675330 sequence=2252.473513
[plan] step=651 node=N5697 type=observe q_pred_context=5.521146 sequence=2257.727992
[plan] step=652 node=N5678 type=observe q_pred_context=3.666949 sequence=2261.128274
[plan] step=653 node=N18482 type=observe q_pred_context=1.204563 sequence=2262.066171
[plan] step=654 node=N5621 type=observe q_pred_context=6.716483 sequence=2268.515987
[plan] step=655 node=N5716 type=observe q_pred_context=2.759972 sequence=2271.009293
[plan] step=656 node=N23994 type=control1 q_pred_context=1.142299 sequence=2272.151592
[plan] step=657 node=N7018 type=observe q_pred_context=3.275208 sequence=2275.226800
[plan] step=658 node=N3813 type=observe q_pred_context=2.912533 sequence=2277.939332
[plan] step=659 node=N14438 type=observe q_pred_context=1.835697 sequence=2279.575030
[plan] step=660 node=N6122 type=observe q_pred_context=1.067914 sequence=2280.482944
[plan] step=661 node=N3805 type=observe q_pred_context=1.193612 sequence=2281.476556
[plan] step=662 node=N4462 type=control1 q_pred_context=1.080317 sequence=2282.396873
[plan] step=663 node=N5735 type=observe q_pred_context=2.739675 sequence=2284.869882
[plan] step=664 node=N15415 type=control0 q_pred_context=0.620571 sequence=2285.330452
[plan] step=665 node=N21714 type=control0 q_pred_context=2.153470 sequence=2287.350590
[plan] step=666 node=N6641 type=control0 q_pred_context=3.094825 sequence=2290.245414
[plan] step=667 node=N21463 type=control1 q_pred_context=3.058564 sequence=2293.170645
[plan] step=668 node=N15295 type=control0 q_pred_context=2.642825 sequence=2295.713470
[plan] step=669 node=N12321 type=control0 q_pred_context=3.038971 sequence=2298.619108
[plan] step=670 node=N9768 type=control0 q_pred_context=1.969196 sequence=2300.388304
[plan] step=671 node=N5640 type=observe q_pred_context=2.494672 sequence=2302.616310
[plan] step=672 node=N3796 type=observe q_pred_context=2.372886 sequence=2304.789196
[plan] step=673 node=N3864 type=observe q_pred_context=2.626249 sequence=2307.215444
[plan] step=674 node=N4391 type=observe q_pred_context=2.054102 sequence=2309.002879
[plan] step=675 node=N15347 type=control0 q_pred_context=2.087628 sequence=2310.930507
[plan] step=676 node=N3868 type=observe q_pred_context=2.909271 sequence=2313.639778
[plan] step=677 node=N9750 type=control0 q_pred_context=2.145635 sequence=2315.585413
[plan] step=678 node=N4552 type=observe q_pred_context=2.764644 sequence=2318.083390
[plan] step=679 node=N9635 type=control0 q_pred_context=2.258918 sequence=2320.142309
[plan] step=680 node=N14473 type=observe q_pred_context=2.861390 sequence=2322.803699
[plan] step=681 node=N9617 type=control0 q_pred_context=2.665865 sequence=2325.269563
[plan] step=682 node=N3916 type=observe q_pred_context=2.547881 sequence=2327.617444
[plan] step=683 node=N5659 type=observe q_pred_context=1.991327 sequence=2329.342104
[plan] step=684 node=N15200 type=control1 q_pred_context=1.977166 sequence=2331.119271
[plan] step=685 node=N18543 type=observe q_pred_context=2.793993 sequence=2333.713263
[plan] step=686 node=N5602 type=observe q_pred_context=3.658901 sequence=2337.105498
[plan] step=687 node=N15456 type=observe q_pred_context=3.014302 sequence=2339.919800
[plan] step=688 node=N14431 type=observe q_pred_context=2.916663 sequence=2342.636463
[plan] step=689 node=N26494 type=control0 q_pred_context=2.580978 sequence=2345.017440
[plan] step=690 node=N9599 type=control0 q_pred_context=4.671802 sequence=2349.489243
[plan] step=691 node=N7138 type=observe q_pred_context=1.930808 sequence=2351.153384
[plan] step=692 node=N7116 type=observe q_pred_context=3.009011 sequence=2353.895728
[plan] step=693 node=N7570 type=observe q_pred_context=3.452556 sequence=2357.188284
[plan] step=694 node=N18380 type=observe q_pred_context=1.963463 sequence=2358.951748
[plan] step=695 node=N14491 type=observe q_pred_context=2.461120 sequence=2361.212868
[plan] step=696 node=N7555 type=observe q_pred_context=1.470600 sequence=2362.483468
[plan] step=697 node=N7525 type=observe q_pred_context=1.328199 sequence=2363.611667
[plan] step=698 node=N18479 type=observe q_pred_context=6.158829 sequence=2369.610496
[plan] step=699 node=N9741 type=control0 q_pred_context=7.886922 sequence=2377.297418
[plan] step=700 node=N1273 type=observe q_pred_context=4.848466 sequence=2381.945884
[plan] step=701 node=N7564 type=observe q_pred_context=6.855786 sequence=2388.601669
[plan] step=702 node=N7561 type=observe q_pred_context=6.475282 sequence=2394.876951
[plan] step=703 node=N7552 type=observe q_pred_context=6.199646 sequence=2400.876596
[plan] step=704 node=N7534 type=observe q_pred_context=3.844577 sequence=2404.521173
[plan] step=705 node=N18526 type=observe q_pred_context=3.711828 sequence=2408.033001
[plan] step=706 node=N18506 type=observe q_pred_context=6.025542 sequence=2413.858544
[plan] step=707 node=N18548 type=observe q_pred_context=4.698669 sequence=2418.357213
[plan] step=708 node=N7522 type=observe q_pred_context=6.463004 sequence=2424.620217
[plan] step=709 node=N18558 type=observe q_pred_context=6.536843 sequence=2430.957060
[plan] step=710 node=N7543 type=observe q_pred_context=5.480056 sequence=2436.237116
[plan] step=711 node=N18547 type=observe q_pred_context=3.863029 sequence=2439.900145
[plan] step=712 node=N18485 type=observe q_pred_context=1.745832 sequence=2441.445977
[plan] step=713 node=N18542 type=observe q_pred_context=6.552778 sequence=2447.798755
[plan] step=714 node=N14501 type=observe q_pred_context=6.404721 sequence=2453.936810
[plan] step=715 node=N18461 type=observe q_pred_context=6.459466 sequence=2460.196275
[plan] step=716 node=N4464 type=observe q_pred_context=4.618814 sequence=2464.548422
[plan] step=717 node=N15074 type=observe q_pred_context=5.176686 sequence=2469.591775
[plan] step=718 node=N26448 type=control0 q_pred_context=6.116683 sequence=2475.575125
[plan] step=719 node=N7593 type=control1 q_pred_context=7.366155 sequence=2482.781280
[plan] step=720 node=N9705 type=control0 q_pred_context=2.326610 sequence=2484.907890
[plan] step=721 node=N5887 type=observe q_pred_context=6.846609 sequence=2491.487833
[plan] step=722 node=N18386 type=observe q_pred_context=2.183842 sequence=2493.471675
[plan] step=723 node=N1189 type=control1 q_pred_context=0.455962 sequence=2493.767637
[plan] step=724 node=N18593 type=observe q_pred_context=3.872908 sequence=2497.440545
[plan] step=725 node=N18544 type=observe q_pred_context=3.478595 sequence=2500.719141
[plan] step=726 node=N9669 type=control0 q_pred_context=1.287247 sequence=2501.806388
[plan] step=727 node=N15051 type=observe q_pred_context=5.573395 sequence=2507.246450
[plan] step=728 node=N9660 type=control0 q_pred_context=2.345507 sequence=2509.391957
[plan] step=729 node=N4468 type=observe q_pred_context=1.833495 sequence=2510.958785
[plan] step=730 node=N15058 type=observe q_pred_context=1.460127 sequence=2512.285578
[plan] step=731 node=N15070 type=observe q_pred_context=1.385446 sequence=2513.537691
[plan] step=732 node=N15060 type=observe q_pred_context=1.470206 sequence=2514.874564
[plan] step=733 node=N15073 type=observe q_pred_context=1.203170 sequence=2515.944400
[plan] step=734 node=N15053 type=observe q_pred_context=0.995579 sequence=2516.806646
[plan] step=735 node=N15067 type=observe q_pred_context=1.850123 sequence=2518.523436
[plan] step=736 node=N15069 type=observe q_pred_context=2.178748 sequence=2520.568851
[plan] step=737 node=N15063 type=observe q_pred_context=1.556326 sequence=2521.991844
[plan] step=738 node=N15075 type=observe q_pred_context=2.046997 sequence=2523.905507
[plan] step=739 node=N4466 type=observe q_pred_context=1.413050 sequence=2525.051890
[plan] step=740 node=N15071 type=observe q_pred_context=4.331728 sequence=2529.250286
[plan] step=741 node=N15052 type=observe q_pred_context=6.006278 sequence=2535.123231
[plan] step=742 node=N9590 type=control0 q_pred_context=7.624075 sequence=2542.547305
[plan] step=743 node=N15061 type=observe q_pred_context=7.391953 sequence=2549.805925
[plan] step=744 node=N15077 type=observe q_pred_context=3.718954 sequence=2553.391546
[plan] step=745 node=N15068 type=observe q_pred_context=1.114808 sequence=2554.373020
[plan] step=746 node=N1271 type=observe q_pred_context=1.714749 sequence=2555.821103
[plan] step=747 node=N15066 type=observe q_pred_context=1.499628 sequence=2557.187398
[plan] step=748 node=N15280 type=control0 q_pred_context=0.738176 sequence=2557.825574
[plan] step=749 node=N12323 type=control0 q_pred_context=4.154461 sequence=2561.846702
[plan] step=750 node=N9723 type=control0 q_pred_context=4.438815 sequence=2566.085517
[plan] step=751 node=N9559 type=control0 q_pred_context=6.847435 sequence=2572.732952
[plan] step=752 node=N9651 type=control0 q_pred_context=4.353016 sequence=2576.885968
[plan] step=753 node=N6775 type=control0 q_pred_context=2.981134 sequence=2579.667102
[plan] step=754 node=N9777 type=control0 q_pred_context=2.677697 sequence=2582.144799
[plan] step=755 node=N9687 type=control0 q_pred_context=3.055691 sequence=2585.000490
[plan] step=756 node=N3387 type=control0 q_pred_context=4.168064 sequence=2589.035220
[plan] step=757 node=N14511 type=control0 q_pred_context=1.950505 sequence=2590.825725
[plan] step=758 node=N18575 type=control0 q_pred_context=1.758975 sequence=2592.424701
[plan] step=759 node=N21723 type=control0 q_pred_context=1.491217 sequence=2593.782584
[plan] step=760 node=N12325 type=control0 q_pred_context=3.208697 sequence=2596.857948
[plan] step=761 node=N9786 type=control0 q_pred_context=1.813512 sequence=2598.471460
[plan] step=762 node=N15343 type=control0 q_pred_context=1.063539 sequence=2599.374999
[plan] step=763 node=N12892 type=control0 q_pred_context=1.257260 sequence=2600.543370
[plan] step=764 node=N6686 type=control0 q_pred_context=5.309643 sequence=2605.653013
[plan] step=765 node=N21866 type=control0 q_pred_context=1.461691 sequence=2606.954703
[plan] step=766 node=N9732 type=control0 q_pred_context=4.924176 sequence=2611.678880
[plan] step=767 node=N21715 type=control0 q_pred_context=2.406672 sequence=2613.885551
[plan] step=768 node=N21709 type=control0 q_pred_context=2.027933 sequence=2615.780151
[plan] step=769 node=N12319 type=control0 q_pred_context=2.257527 sequence=2617.904344
[plan] step=770 node=N4439 type=observe q_pred_context=0.778532 sequence=2618.522876
[plan] step=771 node=N24129 type=control1 q_pred_context=1.033509 sequence=2619.423051
[plan] step=772 node=N24317 type=control1 q_pred_context=2.342595 sequence=2621.565647
[plan] step=773 node=N21478 type=control1 q_pred_context=3.083248 sequence=2624.488895
[plan] step=774 node=N21481 type=control1 q_pred_context=4.972745 sequence=2629.301640
[plan] step=775 node=N26456 type=control1 q_pred_context=2.013581 sequence=2631.200934
[plan] step=776 node=N18323 type=control1 q_pred_context=2.093386 sequence=2633.294321
[plan] step=777 node=N12295 type=control1 q_pred_context=2.651404 sequence=2635.856836
[plan] step=778 node=N12294 type=control1 q_pred_context=3.134216 sequence=2638.857719
[plan] step=779 node=N23991 type=control1 q_pred_context=1.662804 sequence=2640.520523
[plan] step=780 node=N14332 type=observe q_pred_context=3.135082 sequence=2643.495604
[plan] step=781 node=N15059 type=observe q_pred_context=3.783229 sequence=2647.145500
[plan] step=782 node=N18489 type=observe q_pred_context=4.173285 sequence=2651.118785
[plan] step=783 node=N18488 type=observe q_pred_context=2.972849 sequence=2653.824967
[plan] step=784 node=N15076 type=observe q_pred_context=6.072933 sequence=2659.764567
[plan] step=785 node=N15078 type=observe q_pred_context=3.486997 sequence=2663.118230
[plan] step=786 node=N5292 type=observe q_pred_context=1.470980 sequence=2664.189210
[plan] step=787 node=N5290 type=observe q_pred_context=1.425940 sequence=2665.215150
[plan] step=788 node=N5287 type=observe q_pred_context=1.935840 sequence=2666.750990
[plan] step=789 node=N15062 type=observe q_pred_context=6.113539 sequence=2672.731195
[plan] step=790 node=N15055 type=observe q_pred_context=2.816042 sequence=2675.413904
[plan] step=791 node=N15065 type=observe q_pred_context=1.615203 sequence=2676.895774
[plan] step=792 node=N1258 type=observe q_pred_context=2.002857 sequence=2678.631964
[plan] step=793 node=N15064 type=observe q_pred_context=0.960292 sequence=2679.458923
[plan] step=794 node=N15054 type=observe q_pred_context=2.053525 sequence=2681.379114
[plan] step=795 node=N18487 type=observe q_pred_context=0.895704 sequence=2682.074818
[plan] step=796 node=N18501 type=observe q_pred_context=2.611767 sequence=2684.486585
[plan] step=797 node=N1267 type=observe q_pred_context=2.541701 sequence=2686.761619
[plan] step=798 node=N1265 type=observe q_pred_context=3.872014 sequence=2690.366966
[plan] step=799 node=N1269 type=observe q_pred_context=2.415011 sequence=2692.515311
[plan] step=800 node=N1263 type=observe q_pred_context=2.119041 sequence=2694.367685
[plan] step=801 node=N5291 type=observe q_pred_context=1.058204 sequence=2695.025889
[plan] step=802 node=N5283 type=observe q_pred_context=1.655464 sequence=2696.281354
[plan] step=803 node=N5303 type=observe q_pred_context=1.193293 sequence=2697.074647
[plan] step=804 node=N2097 type=observe q_pred_context=3.523363 sequence=2700.198010
[plan] step=805 node=N2096 type=observe q_pred_context=1.457633 sequence=2701.255643
[plan] step=806 node=N4478 type=observe q_pred_context=1.091540 sequence=2702.080516
[plan] step=807 node=N7506 type=observe q_pred_context=2.382978 sequence=2704.196827
[plan] step=808 node=N7509 type=observe q_pred_context=2.448331 sequence=2706.378491
[plan] step=809 node=N7482 type=observe q_pred_context=2.661914 sequence=2708.773739
[plan] step=810 node=N7485 type=observe q_pred_context=2.189503 sequence=2710.696575
[plan] step=811 node=N7497 type=observe q_pred_context=2.543129 sequence=2712.973037
[plan] step=812 node=N7491 type=observe q_pred_context=2.007025 sequence=2714.713396
[plan] step=813 node=N5289 type=observe q_pred_context=1.033940 sequence=2715.347335
[plan] step=814 node=N7494 type=observe q_pred_context=1.948754 sequence=2717.029423
[plan] step=815 node=N6969 type=observe q_pred_context=2.311083 sequence=2719.073839
[plan] step=816 node=N5288 type=observe q_pred_context=1.343307 sequence=2720.017146
[plan] step=817 node=N1266 type=observe q_pred_context=1.882631 sequence=2721.633110
[plan] step=818 node=N2098 type=observe q_pred_context=2.079757 sequence=2723.312866
[plan] step=819 node=N2095 type=observe q_pred_context=1.055441 sequence=2723.968307
[plan] step=820 node=N1264 type=observe q_pred_context=1.644636 sequence=2725.346277
[plan] step=821 node=N1260 type=observe q_pred_context=1.800157 sequence=2726.879768
[plan] step=822 node=N2094 type=observe q_pred_context=1.254720 sequence=2727.734488
[plan] step=823 node=N1268 type=observe q_pred_context=1.603412 sequence=2729.071233
[plan] step=824 node=N14432 type=observe q_pred_context=1.824298 sequence=2730.628865
[plan] step=825 node=N5282 type=observe q_pred_context=1.230161 sequence=2731.459026
[plan] step=826 node=N1279 type=observe q_pred_context=1.974152 sequence=2733.233178
[plan] step=827 node=N18538 type=observe q_pred_context=1.527065 sequence=2734.493576
[plan] step=828 node=N5286 type=observe q_pred_context=1.012002 sequence=2735.105578
[plan] step=829 node=N1262 type=observe q_pred_context=1.676180 sequence=2736.515092
[plan] step=830 node=N15186 type=observe q_pred_context=1.363734 sequence=2737.718826
[plan] step=831 node=N5295 type=observe q_pred_context=1.369681 sequence=2738.688507
[plan] step=832 node=N2046 type=observe q_pred_context=1.214150 sequence=2739.502657
[plan] step=833 node=N15057 type=observe q_pred_context=3.377533 sequence=2742.746856
[plan] step=834 node=N2045 type=observe q_pred_context=1.279035 sequence=2743.625891
[plan] step=835 node=N21583 type=control1 q_pred_context=2.546941 sequence=2746.058547
[plan] step=836 node=N4516 type=observe q_pred_context=2.542998 sequence=2748.401545
[plan] step=837 node=N1278 type=observe q_pred_context=1.918008 sequence=2750.119553
[plan] step=838 node=N4517 type=observe q_pred_context=0.931155 sequence=2750.850708
[plan] step=839 node=N4547 type=observe q_pred_context=1.173422 sequence=2751.824129
[plan] step=840 node=N1246 type=observe q_pred_context=1.156863 sequence=2752.780992
[plan] step=841 node=N5300 type=observe q_pred_context=0.700867 sequence=2753.081859
[plan] step=842 node=N5522 type=observe q_pred_context=2.468002 sequence=2755.349862
[plan] step=843 node=N4545 type=observe q_pred_context=1.891021 sequence=2756.974216
[plan] step=844 node=N4538 type=observe q_pred_context=1.299647 sequence=2758.007196
[plan] step=845 node=N1243 type=observe q_pred_context=0.712860 sequence=2758.520056
[plan] step=846 node=N5301 type=observe q_pred_context=1.406337 sequence=2759.526393
[plan] step=847 node=N1245 type=observe q_pred_context=1.523974 sequence=2760.850368
[plan] step=848 node=N15112 type=observe q_pred_context=2.830694 sequence=2763.414395
[plan] step=849 node=N15110 type=observe q_pred_context=2.385973 sequence=2765.640368
[plan] step=850 node=N4543 type=observe q_pred_context=1.915476 sequence=2767.289177
[plan] step=851 node=N1242 type=observe q_pred_context=5.599595 sequence=2772.622105
[plan] step=852 node=N4541 type=observe q_pred_context=2.612986 sequence=2774.968424
[plan] step=853 node=N7053 type=observe q_pred_context=1.735403 sequence=2776.437160
[plan] step=854 node=N2090 type=observe q_pred_context=1.302786 sequence=2777.339946
[plan] step=855 node=N15167 type=observe q_pred_context=6.047319 sequence=2783.227265
[plan] step=856 node=N6987 type=observe q_pred_context=2.615024 sequence=2785.575622
[plan] step=857 node=N5524 type=observe q_pred_context=2.550691 sequence=2787.926313
[plan] step=858 node=N2091 type=observe q_pred_context=1.421829 sequence=2788.948142
[plan] step=859 node=N15458 type=observe q_pred_context=3.667973 sequence=2792.456115
[plan] step=860 node=N5285 type=observe q_pred_context=1.510685 sequence=2793.566800
[plan] step=861 node=N5296 type=observe q_pred_context=4.319487 sequence=2797.486287
[plan] step=862 node=N5512 type=observe q_pred_context=4.203144 sequence=2801.489431
[plan] step=863 node=N5509 type=observe q_pred_context=6.170126 sequence=2807.459558
[plan] step=864 node=N7547 type=observe q_pred_context=2.862152 sequence=2810.055043
[plan] step=865 node=N7538 type=observe q_pred_context=2.190304 sequence=2811.978681
[plan] step=866 node=N7565 type=observe q_pred_context=2.176439 sequence=2813.888453
[plan] step=867 node=N7544 type=observe q_pred_context=2.602767 sequence=2816.224553
[plan] step=868 node=N18522 type=observe q_pred_context=1.723753 sequence=2817.548306
[plan] step=869 node=N7517 type=observe q_pred_context=3.142622 sequence=2820.424261
[plan] step=870 node=N15111 type=observe q_pred_context=3.122124 sequence=2823.386385
[plan] step=871 node=N15114 type=observe q_pred_context=1.020541 sequence=2824.006926
[plan] step=872 node=N7526 type=observe q_pred_context=2.907944 sequence=2826.648203
[plan] step=873 node=N7514 type=observe q_pred_context=2.274314 sequence=2828.655850
[plan] step=874 node=N15104 type=observe q_pred_context=1.423950 sequence=2829.919800
[plan] step=875 node=N3255 type=observe q_pred_context=2.588659 sequence=2832.375126
[plan] step=876 node=N3235 type=observe q_pred_context=3.034360 sequence=2835.276153
[plan] step=877 node=N5528 type=observe q_pred_context=2.653056 sequence=2837.729209
[plan] step=878 node=N14485 type=observe q_pred_context=2.367062 sequence=2839.696271
[plan] step=879 node=N1244 type=observe q_pred_context=1.542206 sequence=2841.038476
[plan] step=880 node=N14521 type=observe q_pred_context=1.748462 sequence=2842.586938
[plan] step=881 node=N5513 type=observe q_pred_context=1.824465 sequence=2844.211403
[plan] step=882 node=N15103 type=observe q_pred_context=1.420176 sequence=2845.471579
[plan] step=883 node=N4534 type=observe q_pred_context=3.716532 sequence=2848.921445
[plan] step=884 node=N5527 type=observe q_pred_context=3.668310 sequence=2852.389755
[plan] step=885 node=N1259 type=observe q_pred_context=3.521488 sequence=2855.644576
[plan] step=886 node=N3919 type=observe q_pred_context=1.591606 sequence=2856.969515
[plan] step=887 node=N15173 type=observe q_pred_context=1.412474 sequence=2858.181989
[plan] step=888 node=N3807 type=observe q_pred_context=4.045899 sequence=2861.827888
[plan] step=889 node=N3801 type=observe q_pred_context=2.558744 sequence=2864.119965
[plan] step=890 node=N5298 type=observe q_pred_context=3.209088 sequence=2866.929054
[plan] step=891 node=N7049 type=observe q_pred_context=3.629419 sequence=2870.158473
[plan] step=892 node=N7010 type=observe q_pred_context=6.068580 sequence=2875.827053
[plan] step=893 node=N7032 type=observe q_pred_context=2.174473 sequence=2877.734859
[plan] step=894 node=N18467 type=observe q_pred_context=5.225616 sequence=2882.827142
[plan] step=895 node=N3906 type=observe q_pred_context=4.619686 sequence=2887.046827
[plan] step=896 node=N3898 type=observe q_pred_context=6.111977 sequence=2892.758804
[plan] step=897 node=N7023 type=observe q_pred_context=3.933595 sequence=2896.425732
[plan] step=898 node=N18495 type=observe q_pred_context=5.677611 sequence=2901.943343
[plan] step=899 node=N3894 type=observe q_pred_context=5.426148 sequence=2906.969491
[plan] step=900 node=N3886 type=observe q_pred_context=6.090766 sequence=2912.660258
[plan] step=901 node=N5256 type=observe q_pred_context=5.648462 sequence=2918.148719
[plan] step=902 node=N3880 type=observe q_pred_context=6.008810 sequence=2923.890862
[plan] step=903 node=N3818 type=observe q_pred_context=5.872477 sequence=2929.496672
[plan] step=904 node=N3882 type=observe q_pred_context=5.979538 sequence=2935.076211
[plan] step=905 node=N5505 type=observe q_pred_context=6.041721 sequence=2940.917932
[plan] step=906 node=N3871 type=observe q_pred_context=5.845716 sequence=2946.496981
[plan] step=907 node=N14420 type=observe q_pred_context=2.120213 sequence=2948.457194
[plan] step=908 node=N14400 type=observe q_pred_context=5.849229 sequence=2954.106424
[plan] step=909 node=N14402 type=observe q_pred_context=2.873311 sequence=2956.779734
[plan] step=910 node=N18382 type=observe q_pred_context=0.871424 sequence=2957.384492
[plan] step=911 node=N6962 type=observe q_pred_context=3.258429 sequence=2960.442920
[plan] step=912 node=N6966 type=observe q_pred_context=3.392542 sequence=2963.568796
[plan] step=913 node=N18478 type=observe q_pred_context=4.364112 sequence=2967.666241
[plan] step=914 node=N2103 type=observe q_pred_context=3.615191 sequence=2970.881432
[plan] step=915 node=N14520 type=observe q_pred_context=5.765953 sequence=2976.380719
saved=autoresearch/loop-260718-0223/round11_winner_five/b22_C/plans/iscas99__b22__greedy__cumulative__q_pred_context__bw1__d1__c48__g1p0__candhard_fault_cluster__div0p8__s0.csv
