[typed-five-r3/b20_C] [gmean] 2026-07-21T15:00:51 out_dir=autoresearch/loop-260720-0945/typed_winner_round7_five/b20_C
[typed-five-r3/b20_C] [gmean] 2026-07-21T15:00:51 budgets=iscas99__b20:616
[typed-five-r3/b20_C] [gmean] 2026-07-21T15:00:51 variant_start id=greedy__cumulative__q_typed_reliable_context__bw1__d1__c64__g1p0__candhard_fault_cluster__div0p0__s0
[typed-five-r3/b20_C] [gmean] 2026-07-21T15:00:51 [1/1] plan_start benchmark=iscas99__b20 budget=616 planner=greedy score=q_typed_reliable_context
[typed-five-r3/b20_C] [plan iscas99__b20] [plan] torch_deterministic=true
[typed-five-r3/b20_C] [plan iscas99__b20] [plan] candidate_allowlist=autoresearch/original-netlist-recovery-260712/exact_itc99/b20_C/exact_candidate_nodes.txt nodes=19175
[typed-five-r3/b20_C] [plan iscas99__b20] [plan] latent_norm_clip_ratio=4 latent_norm_limit=30.929140
[typed-five-r3/b20_C] [plan iscas99__b20] [plan] step=1 node=N1762 type=control0 q_typed_reliable_context=6.339326 sequence=6.339326
[typed-five-r3/b20_C] [plan iscas99__b20] [plan] step=2 node=N4805 type=control1 q_typed_reliable_context=1.783701 sequence=8.123027
[typed-five-r3/b20_C] [plan iscas99__b20] [plan] step=3 node=N1911 type=control0 q_typed_reliable_context=1.830779 sequence=9.953806
[typed-five-r3/b20_C] [plan iscas99__b20] [plan] step=4 node=N3980 type=control0 q_typed_reliable_context=1.290057 sequence=11.243863
[typed-five-r3/b20_C] [plan iscas99__b20] [plan] step=5 node=N4577 type=observe q_typed_reliable_context=1.824298 sequence=13.068162
[typed-five-r3/b20_C] [plan iscas99__b20] [plan] step=6 node=N3410 type=control0 q_typed_reliable_context=1.844329 sequence=14.912491
[typed-five-r3/b20_C] [plan iscas99__b20] [plan] step=7 node=N5778 type=control0 q_typed_reliable_context=1.756812 sequence=16.669303
[typed-five-r3/b20_C] [plan iscas99__b20] [plan] step=8 node=N2900 type=control0 q_typed_reliable_context=1.260324 sequence=17.929627
[typed-five-r3/b20_C] [plan iscas99__b20] [plan] step=9 node=N4143 type=control0 q_typed_reliable_context=2.127162 sequence=20.056789
[typed-five-r3/b20_C] [plan iscas99__b20] [plan] step=10 node=N4557 type=observe q_typed_reliable_context=1.333253 sequence=21.390042
[typed-five-r3/b20_C] [plan iscas99__b20] [plan] step=11 node=N4561 type=observe q_typed_reliable_context=1.247655 sequence=22.637697
[typed-five-r3/b20_C] [plan iscas99__b20] [plan] step=12 node=N4144 type=observe q_typed_reliable_context=1.311333 sequence=23.949030
[typed-five-r3/b20_C] [plan iscas99__b20] [plan] step=13 node=N4145 type=observe q_typed_reliable_context=2.758950 sequence=26.707980
[typed-five-r3/b20_C] [plan iscas99__b20] [plan] step=14 node=N3995 type=control0 q_typed_reliable_context=1.471897 sequence=28.179877
[typed-five-r3/b20_C] [plan iscas99__b20] [plan] step=15 node=N4175 type=observe q_typed_reliable_context=1.545296 sequence=29.725172
[typed-five-r3/b20_C] [plan iscas99__b20] [plan] step=16 node=N3408 type=control0 q_typed_reliable_context=1.984657 sequence=31.709830
[typed-five-r3/b20_C] [plan iscas99__b20] [plan] step=17 node=N3333 type=control0 q_typed_reliable_context=1.961378 sequence=33.671208
[typed-five-r3/b20_C] [plan iscas99__b20] [plan] step=18 node=N4587 type=observe q_typed_reliable_context=1.434033 sequence=35.105241
[typed-five-r3/b20_C] [plan iscas99__b20] [plan] step=19 node=N4160 type=observe q_typed_reliable_context=1.384340 sequence=36.489581
[typed-five-r3/b20_C] [plan iscas99__b20] [plan] step=20 node=N4161 type=observe q_typed_reliable_context=1.474420 sequence=37.964001
[typed-five-r3/b20_C] [plan iscas99__b20] [plan] step=21 node=N4167 type=observe q_typed_reliable_context=0.915310 sequence=38.879311
[typed-five-r3/b20_C] [plan iscas99__b20] [plan] step=22 node=N4164 type=observe q_typed_reliable_context=1.442741 sequence=40.322052
[typed-five-r3/b20_C] [plan iscas99__b20] [plan] step=23 node=N4165 type=observe q_typed_reliable_context=1.462475 sequence=41.784527
[typed-five-r3/b20_C] [plan iscas99__b20] [plan] step=24 node=N4166 type=observe q_typed_reliable_context=1.450980 sequence=43.235508
[typed-five-r3/b20_C] [plan iscas99__b20] [plan] step=25 node=N4142 type=observe q_typed_reliable_context=0.931644 sequence=44.167151
[typed-five-r3/b20_C] [plan iscas99__b20] [plan] step=26 node=N4162 type=observe q_typed_reliable_context=1.522141 sequence=45.689292
[typed-five-r3/b20_C] [plan iscas99__b20] [plan] step=27 node=N4182 type=observe q_typed_reliable_context=0.932798 sequence=46.622090
[typed-five-r3/b20_C] [plan iscas99__b20] [plan] step=28 node=N7908 type=control1 q_typed_reliable_context=0.901136 sequence=47.523226
[typed-five-r3/b20_C] [plan iscas99__b20] [plan] step=29 node=N826 type=observe q_typed_reliable_context=1.080926 sequence=48.604153
[typed-five-r3/b20_C] [plan iscas99__b20] [plan] step=30 node=N4174 type=observe q_typed_reliable_context=0.941185 sequence=49.545338
[typed-five-r3/b20_C] [plan iscas99__b20] [plan] step=31 node=N4176 type=observe q_typed_reliable_context=1.120065 sequence=50.665403
[typed-five-r3/b20_C] [plan iscas99__b20] [plan] step=32 node=N4177 type=observe q_typed_reliable_context=1.551836 sequence=52.217239
[typed-five-r3/b20_C] [plan iscas99__b20] [plan] step=33 node=N4613 type=control0 q_typed_reliable_context=2.115896 sequence=54.333135
[typed-five-r3/b20_C] [plan iscas99__b20] [plan] step=34 node=N4178 type=observe q_typed_reliable_context=1.345163 sequence=55.678298
[typed-five-r3/b20_C] [plan iscas99__b20] [plan] step=35 node=N4179 type=observe q_typed_reliable_context=1.378156 sequence=57.056455
[typed-five-r3/b20_C] [plan iscas99__b20] [plan] step=36 node=N5784 type=control0 q_typed_reliable_context=1.698024 sequence=58.754478
[typed-five-r3/b20_C] [plan iscas99__b20] [plan] step=37 node=N3997 type=control0 q_typed_reliable_context=1.428505 sequence=60.182983
[typed-five-r3/b20_C] [plan iscas99__b20] [plan] step=38 node=N1909 type=control0 q_typed_reliable_context=1.289820 sequence=61.472803
[typed-five-r3/b20_C] [plan iscas99__b20] [plan] step=39 node=N4801 type=control1 q_typed_reliable_context=1.380315 sequence=62.853118
[typed-five-r3/b20_C] [plan iscas99__b20] [plan] step=40 node=N3486 type=control0 q_typed_reliable_context=1.566899 sequence=64.420017
[typed-five-r3/b20_C] [plan iscas99__b20] [plan] step=41 node=N3484 type=control0 q_typed_reliable_context=1.759538 sequence=66.179555
[typed-five-r3/b20_C] [plan iscas99__b20] [plan] step=42 node=N8557 type=control0 q_typed_reliable_context=0.973278 sequence=67.152833
[typed-five-r3/b20_C] [plan iscas99__b20] [plan] step=43 node=N4147 type=observe q_typed_reliable_context=0.925611 sequence=68.078444
[typed-five-r3/b20_C] [plan iscas99__b20] [plan] step=44 node=N828 type=control0 q_typed_reliable_context=1.399231 sequence=69.477675
[typed-five-r3/b20_C] [plan iscas99__b20] [plan] step=45 node=N2682 type=control0 q_typed_reliable_context=1.443591 sequence=70.921266
[typed-five-r3/b20_C] [plan iscas99__b20] [plan] step=46 node=N4148 type=observe q_typed_reliable_context=0.861402 sequence=71.782669
[typed-five-r3/b20_C] [plan iscas99__b20] [plan] step=47 node=N4146 type=observe q_typed_reliable_context=0.953526 sequence=72.736194
[typed-five-r3/b20_C] [plan iscas99__b20] [plan] step=48 node=N4141 type=observe q_typed_reliable_context=0.975625 sequence=73.711819
[typed-five-r3/b20_C] [plan iscas99__b20] [plan] step=49 node=N4138 type=observe q_typed_reliable_context=0.983053 sequence=74.694872
[typed-five-r3/b20_C] [plan iscas99__b20] [plan] step=50 node=N4180 type=observe q_typed_reliable_context=1.037253 sequence=75.732125
[typed-five-r3/b20_C] [plan iscas99__b20] [plan] step=51 node=N4139 type=observe q_typed_reliable_context=0.958218 sequence=76.690344
[typed-five-r3/b20_C] [plan iscas99__b20] [plan] step=52 node=N4576 type=observe q_typed_reliable_context=0.906572 sequence=77.596916
[typed-five-r3/b20_C] [plan iscas99__b20] [plan] step=53 node=N4173 type=observe q_typed_reliable_context=0.823607 sequence=78.420523
[typed-five-r3/b20_C] [plan iscas99__b20] [plan] step=54 node=N3948 type=control1 q_typed_reliable_context=0.869548 sequence=79.290072
[typed-five-r3/b20_C] [plan iscas99__b20] [plan] step=55 node=N8718 type=control1 q_typed_reliable_context=0.921702 sequence=80.211774
[typed-five-r3/b20_C] [plan iscas99__b20] [plan] step=56 node=N4807 type=control1 q_typed_reliable_context=0.965461 sequence=81.177235
[typed-five-r3/b20_C] [plan iscas99__b20] [plan] step=57 node=N4130 type=control0 q_typed_reliable_context=0.792998 sequence=81.970233
[typed-five-r3/b20_C] [plan iscas99__b20] [plan] step=58 node=N4172 type=observe q_typed_reliable_context=0.718719 sequence=82.688952
[typed-five-r3/b20_C] [plan iscas99__b20] [plan] step=59 node=N830 type=control0 q_typed_reliable_context=0.745100 sequence=83.434052
[typed-five-r3/b20_C] [plan iscas99__b20] [plan] step=60 node=N829 type=control0 q_typed_reliable_context=0.838135 sequence=84.272187
[typed-five-r3/b20_C] [plan iscas99__b20] [plan] step=61 node=N6008 type=control1 q_typed_reliable_context=0.923627 sequence=85.195814
[typed-five-r3/b20_C] [plan iscas99__b20] [plan] step=62 node=N1616 type=control1 q_typed_reliable_context=1.929981 sequence=87.125795
[typed-five-r3/b20_C] [plan iscas99__b20] [plan] step=63 node=N4581 type=observe q_typed_reliable_context=1.031980 sequence=88.157775
[typed-five-r3/b20_C] [plan iscas99__b20] [plan] step=64 node=N4069 type=control1 q_typed_reliable_context=1.182869 sequence=89.340644
[typed-five-r3/b20_C] [plan iscas99__b20] [plan] step=65 node=N4809 type=control1 q_typed_reliable_context=1.224259 sequence=90.564904
[typed-five-r3/b20_C] [plan iscas99__b20] [plan] step=66 node=N4583 type=observe q_typed_reliable_context=1.148804 sequence=91.713708
[typed-five-r3/b20_C] [plan iscas99__b20] [plan] step=67 node=N4136 type=observe q_typed_reliable_context=0.906716 sequence=92.620423
[typed-five-r3/b20_C] [plan iscas99__b20] [plan] step=68 node=N10721 type=control1 q_typed_reliable_context=0.908163 sequence=93.528586
[typed-five-r3/b20_C] [plan iscas99__b20] [plan] step=69 node=N4171 type=observe q_typed_reliable_context=0.917120 sequence=94.445706
[typed-five-r3/b20_C] [plan iscas99__b20] [plan] step=70 node=N4582 type=observe q_typed_reliable_context=1.485833 sequence=95.931539
[typed-five-r3/b20_C] [plan iscas99__b20] [plan] step=71 node=N4135 type=observe q_typed_reliable_context=1.432936 sequence=97.364475
[typed-five-r3/b20_C] [plan iscas99__b20] [plan] step=72 node=N4170 type=observe q_typed_reliable_context=1.427766 sequence=98.792241
[typed-five-r3/b20_C] [plan iscas99__b20] [plan] step=73 node=N4169 type=observe q_typed_reliable_context=1.382743 sequence=100.174984
[typed-five-r3/b20_C] [plan iscas99__b20] [plan] step=74 node=N4183 type=observe q_typed_reliable_context=1.159367 sequence=101.334351
[typed-five-r3/b20_C] [plan iscas99__b20] [plan] step=75 node=N4132 type=observe q_typed_reliable_context=0.993659 sequence=102.328009
[typed-five-r3/b20_C] [plan iscas99__b20] [plan] step=76 node=N4133 type=observe q_typed_reliable_context=0.827873 sequence=103.155883
[typed-five-r3/b20_C] [plan iscas99__b20] [plan] step=77 node=N4585 type=observe q_typed_reliable_context=0.866880 sequence=104.022763
[typed-five-r3/b20_C] [plan iscas99__b20] [plan] step=78 node=N4586 type=observe q_typed_reliable_context=0.682068 sequence=104.704831
[typed-five-r3/b20_C] [plan iscas99__b20] [plan] step=79 node=N4163 type=observe q_typed_reliable_context=0.690523 sequence=105.395353
[typed-five-r3/b20_C] [plan iscas99__b20] [plan] step=80 node=N4168 type=observe q_typed_reliable_context=0.775236 sequence=106.170590
[typed-five-r3/b20_C] [plan iscas99__b20] [plan] step=81 node=N4131 type=observe q_typed_reliable_context=0.691483 sequence=106.862073
[typed-five-r3/b20_C] [plan iscas99__b20] [plan] step=82 node=N4565 type=observe q_typed_reliable_context=0.722508 sequence=107.584581
[typed-five-r3/b20_C] [plan iscas99__b20] [plan] step=83 node=N4580 type=observe q_typed_reliable_context=0.735898 sequence=108.320479
[typed-five-r3/b20_C] [plan iscas99__b20] [plan] step=84 node=N4066 type=control1 q_typed_reliable_context=0.811535 sequence=109.132014
[typed-five-r3/b20_C] [plan iscas99__b20] [plan] step=85 node=N4584 type=observe q_typed_reliable_context=0.771521 sequence=109.903536
[typed-five-r3/b20_C] [plan iscas99__b20] [plan] step=86 node=N1707 type=observe q_typed_reliable_context=1.380789 sequence=111.284325
[typed-five-r3/b20_C] [plan iscas99__b20] [plan] step=87 node=N1705 type=observe q_typed_reliable_context=1.848825 sequence=113.133150
[typed-five-r3/b20_C] [plan iscas99__b20] [plan] step=88 node=N1708 type=observe q_typed_reliable_context=1.553044 sequence=114.686194
[typed-five-r3/b20_C] [plan iscas99__b20] [plan] step=89 node=N1706 type=observe q_typed_reliable_context=1.594549 sequence=116.280743
[typed-five-r3/b20_C] [plan iscas99__b20] [plan] step=90 node=N12512 type=observe q_typed_reliable_context=1.072931 sequence=117.353675
[typed-five-r3/b20_C] [plan iscas99__b20] [plan] step=91 node=N1670 type=observe q_typed_reliable_context=0.865728 sequence=118.219402
[typed-five-r3/b20_C] [plan iscas99__b20] [plan] step=92 node=N14366 type=observe q_typed_reliable_context=1.399496 sequence=119.618898
[typed-five-r3/b20_C] [plan iscas99__b20] [plan] step=93 node=N14365 type=observe q_typed_reliable_context=1.402520 sequence=121.021418
[typed-five-r3/b20_C] [plan iscas99__b20] [plan] step=94 node=N10718 type=control1 q_typed_reliable_context=1.136561 sequence=122.157980
[typed-five-r3/b20_C] [plan iscas99__b20] [plan] step=95 node=N1021 type=observe q_typed_reliable_context=0.800648 sequence=122.958627
[typed-five-r3/b20_C] [plan iscas99__b20] [plan] step=96 node=N14368 type=observe q_typed_reliable_context=0.970613 sequence=123.929240
[typed-five-r3/b20_C] [plan iscas99__b20] [plan] step=97 node=N8758 type=control0 q_typed_reliable_context=0.886889 sequence=124.816129
[typed-five-r3/b20_C] [plan iscas99__b20] [plan] step=98 node=N14369 type=observe q_typed_reliable_context=1.329907 sequence=126.146036
[typed-five-r3/b20_C] [plan iscas99__b20] [plan] step=99 node=N8764 type=control0 q_typed_reliable_context=0.924203 sequence=127.070238
[typed-five-r3/b20_C] [plan iscas99__b20] [plan] step=100 node=N8762 type=control0 q_typed_reliable_context=1.130760 sequence=128.200998
[typed-five-r3/b20_C] [plan iscas99__b20] [plan] step=101 node=N16738 type=observe q_typed_reliable_context=2.022250 sequence=130.223248
[typed-five-r3/b20_C] [plan iscas99__b20] [plan] step=102 node=N4181 type=observe q_typed_reliable_context=1.851638 sequence=132.074886
[typed-five-r3/b20_C] [plan iscas99__b20] [plan] step=103 node=N4560 type=observe q_typed_reliable_context=1.165583 sequence=133.240469
[typed-five-r3/b20_C] [plan iscas99__b20] [plan] step=104 node=N14378 type=observe q_typed_reliable_context=1.581225 sequence=134.821695
[typed-five-r3/b20_C] [plan iscas99__b20] [plan] step=105 node=N4070 type=control1 q_typed_reliable_context=1.559832 sequence=136.381526
[typed-five-r3/b20_C] [plan iscas99__b20] [plan] step=106 node=N4559 type=observe q_typed_reliable_context=1.033752 sequence=137.415278
[typed-five-r3/b20_C] [plan iscas99__b20] [plan] step=107 node=N4134 type=observe q_typed_reliable_context=0.769598 sequence=138.184877
[typed-five-r3/b20_C] [plan iscas99__b20] [plan] step=108 node=N4140 type=observe q_typed_reliable_context=0.789903 sequence=138.974780
[typed-five-r3/b20_C] [plan iscas99__b20] [plan] step=109 node=N4562 type=observe q_typed_reliable_context=0.844197 sequence=139.818977
[typed-five-r3/b20_C] [plan iscas99__b20] [plan] step=110 node=N4621 type=observe q_typed_reliable_context=1.137141 sequence=140.956118
[typed-five-r3/b20_C] [plan iscas99__b20] [plan] step=111 node=N12535 type=observe q_typed_reliable_context=0.641325 sequence=141.597443
[typed-five-r3/b20_C] [plan iscas99__b20] [plan] step=112 node=N16653 type=observe q_typed_reliable_context=0.727352 sequence=142.324795
[typed-five-r3/b20_C] [plan iscas99__b20] [plan] step=113 node=N4810 type=control1 q_typed_reliable_context=1.563111 sequence=143.887906
[typed-five-r3/b20_C] [plan iscas99__b20] [plan] step=114 node=N10723 type=control1 q_typed_reliable_context=1.134284 sequence=145.022190
[typed-five-r3/b20_C] [plan iscas99__b20] [plan] step=115 node=N10722 type=control1 q_typed_reliable_context=1.033569 sequence=146.055759
[typed-five-r3/b20_C] [plan iscas99__b20] [plan] step=116 node=N2690 type=control0 q_typed_reliable_context=1.129160 sequence=147.184919
[typed-five-r3/b20_C] [plan iscas99__b20] [plan] step=117 node=N8648 type=control0 q_typed_reliable_context=0.437199 sequence=147.622119
[typed-five-r3/b20_C] [plan iscas99__b20] [plan] step=118 node=N8710 type=control1 q_typed_reliable_context=1.478026 sequence=149.100145
[typed-five-r3/b20_C] [plan iscas99__b20] [plan] step=119 node=N14346 type=observe q_typed_reliable_context=1.072977 sequence=150.173122
[typed-five-r3/b20_C] [plan iscas99__b20] [plan] step=120 node=N8766 type=control0 q_typed_reliable_context=1.322154 sequence=151.495276
[typed-five-r3/b20_C] [plan iscas99__b20] [plan] step=121 node=N10813 type=control1 q_typed_reliable_context=1.081081 sequence=152.576357
[typed-five-r3/b20_C] [plan iscas99__b20] [plan] step=122 node=N10806 type=control1 q_typed_reliable_context=1.254875 sequence=153.831233
[typed-five-r3/b20_C] [plan iscas99__b20] [plan] step=123 node=N1667 type=observe q_typed_reliable_context=0.988021 sequence=154.819254
[typed-five-r3/b20_C] [plan iscas99__b20] [plan] step=124 node=N905 type=observe q_typed_reliable_context=1.595147 sequence=156.414401
[typed-five-r3/b20_C] [plan iscas99__b20] [plan] step=125 node=N4802 type=observe q_typed_reliable_context=2.801649 sequence=159.216050
[typed-five-r3/b20_C] [plan iscas99__b20] [plan] step=126 node=N1439 type=observe q_typed_reliable_context=0.588253 sequence=159.804303
[typed-five-r3/b20_C] [plan iscas99__b20] [plan] step=127 node=N1696 type=observe q_typed_reliable_context=1.704119 sequence=161.508422
[typed-five-r3/b20_C] [plan iscas99__b20] [plan] step=128 node=N16601 type=control1 q_typed_reliable_context=0.715073 sequence=162.223495
[typed-five-r3/b20_C] [plan iscas99__b20] [plan] step=129 node=N4615 type=observe q_typed_reliable_context=1.362799 sequence=163.586294
[typed-five-r3/b20_C] [plan iscas99__b20] [plan] step=130 node=N16600 type=control1 q_typed_reliable_context=0.989670 sequence=164.575965
[typed-five-r3/b20_C] [plan iscas99__b20] [plan] step=131 node=N10720 type=control1 q_typed_reliable_context=1.270803 sequence=165.846768
[typed-five-r3/b20_C] [plan iscas99__b20] [plan] step=132 node=N8561 type=control1 q_typed_reliable_context=1.017390 sequence=166.864158
[typed-five-r3/b20_C] [plan iscas99__b20] [plan] step=133 node=N1434 type=observe q_typed_reliable_context=1.302332 sequence=168.166489
[typed-five-r3/b20_C] [plan iscas99__b20] [plan] step=134 node=N12547 type=observe q_typed_reliable_context=1.881565 sequence=170.048055
[typed-five-r3/b20_C] [plan iscas99__b20] [plan] step=135 node=N10831 type=observe q_typed_reliable_context=1.727662 sequence=171.775716
[typed-five-r3/b20_C] [plan iscas99__b20] [plan] step=136 node=N1672 type=observe q_typed_reliable_context=1.315305 sequence=173.091022
[typed-five-r3/b20_C] [plan iscas99__b20] [plan] step=137 node=N8707 type=control1 q_typed_reliable_context=2.495260 sequence=175.586282
[typed-five-r3/b20_C] [plan iscas99__b20] [plan] step=138 node=N14444 type=control0 q_typed_reliable_context=2.741901 sequence=178.328183
[typed-five-r3/b20_C] [plan iscas99__b20] [plan] step=139 node=N8744 type=control0 q_typed_reliable_context=1.721525 sequence=180.049708
[typed-five-r3/b20_C] [plan iscas99__b20] [plan] step=140 node=N8653 type=control0 q_typed_reliable_context=0.764321 sequence=180.814029
[typed-five-r3/b20_C] [plan iscas99__b20] [plan] step=141 node=N8652 type=control0 q_typed_reliable_context=0.856292 sequence=181.670321
[typed-five-r3/b20_C] [plan iscas99__b20] [plan] step=142 node=N3108 type=control0 q_typed_reliable_context=1.730160 sequence=183.400480
[typed-five-r3/b20_C] [plan iscas99__b20] [plan] step=143 node=N14468 type=control0 q_typed_reliable_context=1.640572 sequence=185.041052
[typed-five-r3/b20_C] [plan iscas99__b20] [plan] step=144 node=N8642 type=control0 q_typed_reliable_context=2.085437 sequence=187.126489
[typed-five-r3/b20_C] [plan iscas99__b20] [plan] step=145 node=N8650 type=control0 q_typed_reliable_context=1.342550 sequence=188.469039
[typed-five-r3/b20_C] [plan iscas99__b20] [plan] step=146 node=N8649 type=control0 q_typed_reliable_context=1.051102 sequence=189.520141
[typed-five-r3/b20_C] [plan iscas99__b20] [plan] step=147 node=N3072 type=control0 q_typed_reliable_context=2.107008 sequence=191.627149
[typed-five-r3/b20_C] [plan iscas99__b20] [plan] step=148 node=N2965 type=control0 q_typed_reliable_context=2.014377 sequence=193.641526
[typed-five-r3/b20_C] [plan iscas99__b20] [plan] step=149 node=N3117 type=control0 q_typed_reliable_context=2.177902 sequence=195.819427
[typed-five-r3/b20_C] [plan iscas99__b20] [plan] step=150 node=N3054 type=control0 q_typed_reliable_context=1.862977 sequence=197.682404
[typed-five-r3/b20_C] [plan iscas99__b20] [plan] step=151 node=N2938 type=control0 q_typed_reliable_context=1.684710 sequence=199.367114
[typed-five-r3/b20_C] [plan iscas99__b20] [plan] step=152 node=N10796 type=control1 q_typed_reliable_context=1.390993 sequence=200.758107
[typed-five-r3/b20_C] [plan iscas99__b20] [plan] step=153 node=N2947 type=control0 q_typed_reliable_context=2.687703 sequence=203.445811
[typed-five-r3/b20_C] [plan iscas99__b20] [plan] step=154 node=N2916 type=control0 q_typed_reliable_context=1.867123 sequence=205.312933
[typed-five-r3/b20_C] [plan iscas99__b20] [plan] step=155 node=N8637 type=control0 q_typed_reliable_context=1.645303 sequence=206.958236
[typed-five-r3/b20_C] [plan iscas99__b20] [plan] step=156 node=N3135 type=control0 q_typed_reliable_context=2.147474 sequence=209.105710
[typed-five-r3/b20_C] [plan iscas99__b20] [plan] step=157 node=N10719 type=control1 q_typed_reliable_context=1.546527 sequence=210.652237
[typed-five-r3/b20_C] [plan iscas99__b20] [plan] step=158 node=N3009 type=control0 q_typed_reliable_context=2.053283 sequence=212.705520
[typed-five-r3/b20_C] [plan iscas99__b20] [plan] step=159 node=N840 type=control1 q_typed_reliable_context=2.271344 sequence=214.976864
[typed-five-r3/b20_C] [plan iscas99__b20] [plan] step=160 node=N3045 type=control0 q_typed_reliable_context=2.195930 sequence=217.172794
[typed-five-r3/b20_C] [plan iscas99__b20] [plan] step=161 node=N3018 type=control0 q_typed_reliable_context=2.599319 sequence=219.772113
[typed-five-r3/b20_C] [plan iscas99__b20] [plan] step=162 node=N2992 type=control0 q_typed_reliable_context=2.210595 sequence=221.982708
[typed-five-r3/b20_C] [plan iscas99__b20] [plan] step=163 node=N839 type=control1 q_typed_reliable_context=1.784560 sequence=223.767268
[typed-five-r3/b20_C] [plan iscas99__b20] [plan] step=164 node=N8636 type=control0 q_typed_reliable_context=2.172302 sequence=225.939570
[typed-five-r3/b20_C] [plan iscas99__b20] [plan] step=165 node=N16602 type=control1 q_typed_reliable_context=2.100818 sequence=228.040388
[typed-five-r3/b20_C] [plan iscas99__b20] [plan] step=166 node=N8645 type=control0 q_typed_reliable_context=1.869691 sequence=229.910079
[typed-five-r3/b20_C] [plan iscas99__b20] [plan] step=167 node=N3027 type=control0 q_typed_reliable_context=2.078957 sequence=231.989036
[typed-five-r3/b20_C] [plan iscas99__b20] [plan] step=168 node=N10805 type=control1 q_typed_reliable_context=1.958433 sequence=233.947469
[typed-five-r3/b20_C] [plan iscas99__b20] [plan] step=169 node=N3063 type=control0 q_typed_reliable_context=2.087052 sequence=236.034522
[typed-five-r3/b20_C] [plan iscas99__b20] [plan] step=170 node=N8556 type=control0 q_typed_reliable_context=1.841073 sequence=237.875595
[typed-five-r3/b20_C] [plan iscas99__b20] [plan] step=171 node=N3162 type=control0 q_typed_reliable_context=1.524540 sequence=239.400135
[typed-five-r3/b20_C] [plan iscas99__b20] [plan] step=172 node=N4068 type=control1 q_typed_reliable_context=1.445713 sequence=240.845848
[typed-five-r3/b20_C] [plan iscas99__b20] [plan] step=173 node=N6010 type=control0 q_typed_reliable_context=2.716803 sequence=243.562651
[typed-five-r3/b20_C] [plan iscas99__b20] [plan] step=174 node=N8651 type=control0 q_typed_reliable_context=1.802912 sequence=245.365563
[typed-five-r3/b20_C] [plan iscas99__b20] [plan] step=175 node=N14445 type=control0 q_typed_reliable_context=1.235130 sequence=246.600693
[typed-five-r3/b20_C] [plan iscas99__b20] [plan] step=176 node=N16775 type=control0 q_typed_reliable_context=1.290516 sequence=247.891208
[typed-five-r3/b20_C] [plan iscas99__b20] [plan] step=177 node=N2956 type=control0 q_typed_reliable_context=1.810802 sequence=249.702010
[typed-five-r3/b20_C] [plan iscas99__b20] [plan] step=178 node=N8741 type=control0 q_typed_reliable_context=1.043103 sequence=250.745114
[typed-five-r3/b20_C] [plan iscas99__b20] [plan] step=179 node=N8022 type=control0 q_typed_reliable_context=1.509761 sequence=252.254875
[typed-five-r3/b20_C] [plan iscas99__b20] [plan] step=180 node=N6867 type=control0 q_typed_reliable_context=1.231503 sequence=253.486378
[typed-five-r3/b20_C] [plan iscas99__b20] [plan] step=181 node=N16606 type=control0 q_typed_reliable_context=1.878882 sequence=255.365261
[typed-five-r3/b20_C] [plan iscas99__b20] [plan] step=182 node=N8024 type=control0 q_typed_reliable_context=1.586737 sequence=256.951997
[typed-five-r3/b20_C] [plan iscas99__b20] [plan] step=183 node=N12543 type=control1 q_typed_reliable_context=1.377292 sequence=258.329290
[typed-five-r3/b20_C] [plan iscas99__b20] [plan] step=184 node=N4063 type=control1 q_typed_reliable_context=1.795426 sequence=260.124716
[typed-five-r3/b20_C] [plan iscas99__b20] [plan] step=185 node=N5777 type=control0 q_typed_reliable_context=1.134331 sequence=261.259047
[typed-five-r3/b20_C] [plan iscas99__b20] [plan] step=186 node=N6039 type=control0 q_typed_reliable_context=1.162889 sequence=262.421936
[typed-five-r3/b20_C] [plan iscas99__b20] [plan] step=187 node=N8026 type=control0 q_typed_reliable_context=1.796712 sequence=264.218648
[typed-five-r3/b20_C] [plan iscas99__b20] [plan] step=188 node=N11065 type=control0 q_typed_reliable_context=1.229504 sequence=265.448152
[typed-five-r3/b20_C] [plan iscas99__b20] [plan] step=189 node=N16603 type=control1 q_typed_reliable_context=1.804138 sequence=267.252290
[typed-five-r3/b20_C] [plan iscas99__b20] [plan] step=190 node=N18423 type=control1 q_typed_reliable_context=1.824622 sequence=269.076912
[typed-five-r3/b20_C] [plan iscas99__b20] [plan] step=191 node=N3881 type=control0 q_typed_reliable_context=2.255104 sequence=271.332016
[typed-five-r3/b20_C] [plan iscas99__b20] [plan] step=192 node=N841 type=control1 q_typed_reliable_context=2.362524 sequence=273.694541
[typed-five-r3/b20_C] [plan iscas99__b20] [plan] step=193 node=N8028 type=control0 q_typed_reliable_context=2.523767 sequence=276.218308
[typed-five-r3/b20_C] [plan iscas99__b20] [plan] step=194 node=N3090 type=control0 q_typed_reliable_context=1.862492 sequence=278.080800
[typed-five-r3/b20_C] [plan iscas99__b20] [plan] step=195 node=N10146 type=control1 q_typed_reliable_context=1.182392 sequence=279.263192
[typed-five-r3/b20_C] [plan iscas99__b20] [plan] step=196 node=N6271 type=control0 q_typed_reliable_context=1.898786 sequence=281.161978
[typed-five-r3/b20_C] [plan iscas99__b20] [plan] step=197 node=N8729 type=control0 q_typed_reliable_context=1.896788 sequence=283.058766
[typed-five-r3/b20_C] [plan iscas99__b20] [plan] step=198 node=N4064 type=control1 q_typed_reliable_context=3.430802 sequence=286.489569
[typed-five-r3/b20_C] [plan iscas99__b20] [plan] step=199 node=N8752 type=control0 q_typed_reliable_context=2.429928 sequence=288.919497
[typed-five-r3/b20_C] [plan iscas99__b20] [plan] step=200 node=N8723 type=control0 q_typed_reliable_context=2.365481 sequence=291.284978
[typed-five-r3/b20_C] [plan iscas99__b20] [plan] step=201 node=N8737 type=control0 q_typed_reliable_context=2.880817 sequence=294.165796
[typed-five-r3/b20_C] [plan iscas99__b20] [plan] step=202 node=N8030 type=control0 q_typed_reliable_context=4.814911 sequence=298.980706
[typed-five-r3/b20_C] [plan iscas99__b20] [plan] step=203 node=N6262 type=control0 q_typed_reliable_context=4.466216 sequence=303.446922
[typed-five-r3/b20_C] [plan iscas99__b20] [plan] step=204 node=N6075 type=control0 q_typed_reliable_context=3.449490 sequence=306.896413
[typed-five-r3/b20_C] [plan iscas99__b20] [plan] step=205 node=N6048 type=control0 q_typed_reliable_context=2.858098 sequence=309.754510
[typed-five-r3/b20_C] [plan iscas99__b20] [plan] step=206 node=N8733 type=control0 q_typed_reliable_context=2.954678 sequence=312.709188
[typed-five-r3/b20_C] [plan iscas99__b20] [plan] step=207 node=N8731 type=control0 q_typed_reliable_context=2.821773 sequence=315.530961
[typed-five-r3/b20_C] [plan iscas99__b20] [plan] step=208 node=N6163 type=control0 q_typed_reliable_context=3.172945 sequence=318.703906
[typed-five-r3/b20_C] [plan iscas99__b20] [plan] step=209 node=N6181 type=control0 q_typed_reliable_context=3.235779 sequence=321.939685
[typed-five-r3/b20_C] [plan iscas99__b20] [plan] step=210 node=N6226 type=control0 q_typed_reliable_context=3.312194 sequence=325.251879
[typed-five-r3/b20_C] [plan iscas99__b20] [plan] step=211 node=N8750 type=control0 q_typed_reliable_context=3.596768 sequence=328.848647
[typed-five-r3/b20_C] [plan iscas99__b20] [plan] step=212 node=N14471 type=control0 q_typed_reliable_context=3.797981 sequence=332.646628
[typed-five-r3/b20_C] [plan iscas99__b20] [plan] step=213 node=N8719 type=control0 q_typed_reliable_context=3.768472 sequence=336.415099
[typed-five-r3/b20_C] [plan iscas99__b20] [plan] step=214 node=N8756 type=control0 q_typed_reliable_context=3.624802 sequence=340.039902
[typed-five-r3/b20_C] [plan iscas99__b20] [plan] step=215 node=N8727 type=control0 q_typed_reliable_context=3.570282 sequence=343.610184
[typed-five-r3/b20_C] [plan iscas99__b20] [plan] step=216 node=N8754 type=control0 q_typed_reliable_context=3.954224 sequence=347.564408
[typed-five-r3/b20_C] [plan iscas99__b20] [plan] step=217 node=N8725 type=control0 q_typed_reliable_context=4.374894 sequence=351.939302
[typed-five-r3/b20_C] [plan iscas99__b20] [plan] step=218 node=N6280 type=control0 q_typed_reliable_context=3.125382 sequence=355.064684
[typed-five-r3/b20_C] [plan iscas99__b20] [plan] step=219 node=N6235 type=control0 q_typed_reliable_context=2.142058 sequence=357.206742
[typed-five-r3/b20_C] [plan iscas99__b20] [plan] step=220 node=N8020 type=control0 q_typed_reliable_context=3.139174 sequence=360.345916
[typed-five-r3/b20_C] [plan iscas99__b20] [plan] step=221 node=N8032 type=control0 q_typed_reliable_context=3.656315 sequence=364.002230
[typed-five-r3/b20_C] [plan iscas99__b20] [plan] step=222 node=N6217 type=control0 q_typed_reliable_context=2.553921 sequence=366.556151
[typed-five-r3/b20_C] [plan iscas99__b20] [plan] step=223 node=N6145 type=control0 q_typed_reliable_context=1.618087 sequence=368.174238
[typed-five-r3/b20_C] [plan iscas99__b20] [plan] step=224 node=N3528 type=observe q_typed_reliable_context=1.756941 sequence=369.931180
[typed-five-r3/b20_C] [plan iscas99__b20] [plan] step=225 node=N6102 type=control0 q_typed_reliable_context=2.588508 sequence=372.519688
[typed-five-r3/b20_C] [plan iscas99__b20] [plan] step=226 node=N4865 type=control0 q_typed_reliable_context=2.387414 sequence=374.907102
[typed-five-r3/b20_C] [plan iscas99__b20] [plan] step=227 node=N3524 type=observe q_typed_reliable_context=4.052434 sequence=378.959536
[typed-five-r3/b20_C] [plan iscas99__b20] [plan] step=228 node=N1697 type=observe q_typed_reliable_context=5.389500 sequence=384.349036
[typed-five-r3/b20_C] [plan iscas99__b20] [plan] step=229 node=N16593 type=observe q_typed_reliable_context=4.845314 sequence=389.194350
[typed-five-r3/b20_C] [plan iscas99__b20] [plan] step=230 node=N3409 type=observe q_typed_reliable_context=2.084555 sequence=391.278905
[typed-five-r3/b20_C] [plan iscas99__b20] [plan] step=231 node=N3394 type=observe q_typed_reliable_context=3.064665 sequence=394.343570
[typed-five-r3/b20_C] [plan iscas99__b20] [plan] step=232 node=N854 type=observe q_typed_reliable_context=2.409302 sequence=396.752872
[typed-five-r3/b20_C] [plan iscas99__b20] [plan] step=233 node=N14380 type=observe q_typed_reliable_context=3.258875 sequence=400.011746
[typed-five-r3/b20_C] [plan iscas99__b20] [plan] step=234 node=N16672 type=observe q_typed_reliable_context=1.938365 sequence=401.950111
[typed-five-r3/b20_C] [plan iscas99__b20] [plan] step=235 node=N16678 type=observe q_typed_reliable_context=1.668667 sequence=403.618778
[typed-five-r3/b20_C] [plan iscas99__b20] [plan] step=236 node=N16687 type=observe q_typed_reliable_context=1.686452 sequence=405.305230
[typed-five-r3/b20_C] [plan iscas99__b20] [plan] step=237 node=N14314 type=observe q_typed_reliable_context=1.847086 sequence=407.152316
[typed-five-r3/b20_C] [plan iscas99__b20] [plan] step=238 node=N16693 type=observe q_typed_reliable_context=1.939832 sequence=409.092148
[typed-five-r3/b20_C] [plan iscas99__b20] [plan] step=239 node=N16695 type=observe q_typed_reliable_context=2.082217 sequence=411.174365
[typed-five-r3/b20_C] [plan iscas99__b20] [plan] step=240 node=N16750 type=control0 q_typed_reliable_context=2.508796 sequence=413.683160
[typed-five-r3/b20_C] [plan iscas99__b20] [plan] step=241 node=N6066 type=control0 q_typed_reliable_context=2.472552 sequence=416.155712
[typed-five-r3/b20_C] [plan iscas99__b20] [plan] step=242 node=N14316 type=observe q_typed_reliable_context=1.372468 sequence=417.528180
[typed-five-r3/b20_C] [plan iscas99__b20] [plan] step=243 node=N12621 type=observe q_typed_reliable_context=2.776890 sequence=420.305070
[typed-five-r3/b20_C] [plan iscas99__b20] [plan] step=244 node=N12622 type=observe q_typed_reliable_context=2.826451 sequence=423.131521
[typed-five-r3/b20_C] [plan iscas99__b20] [plan] step=245 node=N14373 type=observe q_typed_reliable_context=2.870411 sequence=426.001932
[typed-five-r3/b20_C] [plan iscas99__b20] [plan] step=246 node=N14386 type=observe q_typed_reliable_context=2.728323 sequence=428.730256
[typed-five-r3/b20_C] [plan iscas99__b20] [plan] step=247 node=N16591 type=observe q_typed_reliable_context=2.687023 sequence=431.417279
[typed-five-r3/b20_C] [plan iscas99__b20] [plan] step=248 node=N12620 type=observe q_typed_reliable_context=3.366627 sequence=434.783906
[typed-five-r3/b20_C] [plan iscas99__b20] [plan] step=249 node=N6172 type=control0 q_typed_reliable_context=2.851514 sequence=437.635420
[typed-five-r3/b20_C] [plan iscas99__b20] [plan] step=250 node=N6093 type=control0 q_typed_reliable_context=2.294850 sequence=439.930270
[typed-five-r3/b20_C] [plan iscas99__b20] [plan] step=251 node=N6136 type=control0 q_typed_reliable_context=1.920400 sequence=441.850670
[typed-five-r3/b20_C] [plan iscas99__b20] [plan] step=252 node=N6208 type=control0 q_typed_reliable_context=2.938631 sequence=444.789301
[typed-five-r3/b20_C] [plan iscas99__b20] [plan] step=253 node=N6190 type=control0 q_typed_reliable_context=2.833449 sequence=447.622750
[typed-five-r3/b20_C] [plan iscas99__b20] [plan] step=254 node=N4866 type=control0 q_typed_reliable_context=3.224854 sequence=450.847604
[typed-five-r3/b20_C] [plan iscas99__b20] [plan] step=255 node=N3000 type=control0 q_typed_reliable_context=2.658172 sequence=453.505776
[typed-five-r3/b20_C] [plan iscas99__b20] [plan] step=256 node=N19045 type=control1 q_typed_reliable_context=2.986787 sequence=456.492564
[typed-five-r3/b20_C] [plan iscas99__b20] [plan] step=257 node=N6084 type=control0 q_typed_reliable_context=3.067832 sequence=459.560395
[typed-five-r3/b20_C] [plan iscas99__b20] [plan] step=258 node=N6127 type=control0 q_typed_reliable_context=4.041471 sequence=463.601866
[typed-five-r3/b20_C] [plan iscas99__b20] [plan] step=259 node=N10936 type=control1 q_typed_reliable_context=2.855016 sequence=466.456883
[typed-five-r3/b20_C] [plan iscas99__b20] [plan] step=260 node=N6057 type=control0 q_typed_reliable_context=2.703368 sequence=469.160250
[typed-five-r3/b20_C] [plan iscas99__b20] [plan] step=261 node=N6026 type=control0 q_typed_reliable_context=3.171287 sequence=472.331537
[typed-five-r3/b20_C] [plan iscas99__b20] [plan] step=262 node=N6118 type=control0 q_typed_reliable_context=3.303853 sequence=475.635390
[typed-five-r3/b20_C] [plan iscas99__b20] [plan] step=263 node=N6244 type=control0 q_typed_reliable_context=3.095306 sequence=478.730695
[typed-five-r3/b20_C] [plan iscas99__b20] [plan] step=264 node=N10188 type=control0 q_typed_reliable_context=1.880138 sequence=480.610834
[typed-five-r3/b20_C] [plan iscas99__b20] [plan] step=265 node=N6154 type=control0 q_typed_reliable_context=1.439671 sequence=482.050505
[typed-five-r3/b20_C] [plan iscas99__b20] [plan] step=266 node=N7954 type=control0 q_typed_reliable_context=1.943891 sequence=483.994396
[typed-five-r3/b20_C] [plan iscas99__b20] [plan] step=267 node=N8034 type=control0 q_typed_reliable_context=2.023229 sequence=486.017625
[typed-five-r3/b20_C] [plan iscas99__b20] [plan] step=268 node=N16221 type=control1 q_typed_reliable_context=1.807852 sequence=487.825477
[typed-five-r3/b20_C] [plan iscas99__b20] [plan] step=269 node=N15737 type=control1 q_typed_reliable_context=1.514434 sequence=489.339911
[typed-five-r3/b20_C] [plan iscas99__b20] [plan] step=270 node=N1662 type=observe q_typed_reliable_context=3.070775 sequence=492.410686
[typed-five-r3/b20_C] [plan iscas99__b20] [plan] step=271 node=N1253 type=control1 q_typed_reliable_context=2.260892 sequence=494.671577
[typed-five-r3/b20_C] [plan iscas99__b20] [plan] step=272 node=N16784 type=control0 q_typed_reliable_context=1.687279 sequence=496.358856
[typed-five-r3/b20_C] [plan iscas99__b20] [plan] step=273 node=N6253 type=control0 q_typed_reliable_context=1.581338 sequence=497.940194
[typed-five-r3/b20_C] [plan iscas99__b20] [plan] step=274 node=N10985 type=control1 q_typed_reliable_context=1.462599 sequence=499.402794
[typed-five-r3/b20_C] [plan iscas99__b20] [plan] step=275 node=N11064 type=control0 q_typed_reliable_context=1.862244 sequence=501.265038
[typed-five-r3/b20_C] [plan iscas99__b20] [plan] step=276 node=N8036 type=control0 q_typed_reliable_context=2.239763 sequence=503.504801
[typed-five-r3/b20_C] [plan iscas99__b20] [plan] step=277 node=N19060 type=control1 q_typed_reliable_context=1.876039 sequence=505.380840
[typed-five-r3/b20_C] [plan iscas99__b20] [plan] step=278 node=N11059 type=control0 q_typed_reliable_context=2.023765 sequence=507.404605
[typed-five-r3/b20_C] [plan iscas99__b20] [plan] step=279 node=N10202 type=control0 q_typed_reliable_context=1.396221 sequence=508.800826
[typed-five-r3/b20_C] [plan iscas99__b20] [plan] step=280 node=N11012 type=control0 q_typed_reliable_context=0.985308 sequence=509.786134
[typed-five-r3/b20_C] [plan iscas99__b20] [plan] step=281 node=N12508 type=observe q_typed_reliable_context=1.444638 sequence=511.230773
[typed-five-r3/b20_C] [plan iscas99__b20] [plan] step=282 node=N1699 type=observe q_typed_reliable_context=2.901800 sequence=514.132572
[typed-five-r3/b20_C] [plan iscas99__b20] [plan] step=283 node=N16236 type=control1 q_typed_reliable_context=2.022093 sequence=516.154665
[typed-five-r3/b20_C] [plan iscas99__b20] [plan] step=284 node=N15752 type=control1 q_typed_reliable_context=1.828677 sequence=517.983343
[typed-five-r3/b20_C] [plan iscas99__b20] [plan] step=285 node=N14721 type=control1 q_typed_reliable_context=2.733073 sequence=520.716416
[typed-five-r3/b20_C] [plan iscas99__b20] [plan] step=286 node=N14706 type=control1 q_typed_reliable_context=2.168240 sequence=522.884656
[typed-five-r3/b20_C] [plan iscas99__b20] [plan] step=287 node=N14393 type=control1 q_typed_reliable_context=2.187251 sequence=525.071908
[typed-five-r3/b20_C] [plan iscas99__b20] [plan] step=288 node=N10048 type=control1 q_typed_reliable_context=2.078451 sequence=527.150359
[typed-five-r3/b20_C] [plan iscas99__b20] [plan] step=289 node=N18680 type=control1 q_typed_reliable_context=2.098554 sequence=529.248912
[typed-five-r3/b20_C] [plan iscas99__b20] [plan] step=290 node=N8407 type=control1 q_typed_reliable_context=4.321008 sequence=533.569920
[typed-five-r3/b20_C] [plan iscas99__b20] [plan] step=291 node=N8417 type=control1 q_typed_reliable_context=2.265418 sequence=535.835338
[typed-five-r3/b20_C] [plan iscas99__b20] [plan] step=292 node=N18678 type=control1 q_typed_reliable_context=1.489421 sequence=537.324759
[typed-five-r3/b20_C] [plan iscas99__b20] [plan] step=293 node=N14390 type=control1 q_typed_reliable_context=1.437550 sequence=538.762309
[typed-five-r3/b20_C] [plan iscas99__b20] [plan] step=294 node=N18686 type=control1 q_typed_reliable_context=1.572212 sequence=540.334521
[typed-five-r3/b20_C] [plan iscas99__b20] [plan] step=295 node=N1782 type=observe q_typed_reliable_context=1.438200 sequence=541.772720
[typed-five-r3/b20_C] [plan iscas99__b20] [plan] step=296 node=N10923 type=control1 q_typed_reliable_context=2.826782 sequence=544.599502
[typed-five-r3/b20_C] [plan iscas99__b20] [plan] step=297 node=N19047 type=control1 q_typed_reliable_context=3.369898 sequence=547.969400
[typed-five-r3/b20_C] [plan iscas99__b20] [plan] step=298 node=N15739 type=control1 q_typed_reliable_context=3.221819 sequence=551.191219
[typed-five-r3/b20_C] [plan iscas99__b20] [plan] step=299 node=N14708 type=control1 q_typed_reliable_context=2.982962 sequence=554.174181
[typed-five-r3/b20_C] [plan iscas99__b20] [plan] step=300 node=N1698 type=observe q_typed_reliable_context=4.264441 sequence=558.438622
[typed-five-r3/b20_C] [plan iscas99__b20] [plan] step=301 node=N10141 type=control1 q_typed_reliable_context=1.060933 sequence=559.499555
[typed-five-r3/b20_C] [plan iscas99__b20] [plan] step=302 node=N10777 type=observe q_typed_reliable_context=1.786584 sequence=561.286139
[typed-five-r3/b20_C] [plan iscas99__b20] [plan] step=303 node=N16680 type=observe q_typed_reliable_context=1.131971 sequence=562.418111
[typed-five-r3/b20_C] [plan iscas99__b20] [plan] step=304 node=N14408 type=observe q_typed_reliable_context=1.441539 sequence=563.859650
[typed-five-r3/b20_C] [plan iscas99__b20] [plan] step=305 node=N19710 type=control1 q_typed_reliable_context=1.912912 sequence=565.772562
[typed-five-r3/b20_C] [plan iscas99__b20] [plan] step=306 node=N19709 type=control1 q_typed_reliable_context=3.305315 sequence=569.077877
[typed-five-r3/b20_C] [plan iscas99__b20] [plan] step=307 node=N12504 type=observe q_typed_reliable_context=3.020942 sequence=572.098819
[typed-five-r3/b20_C] [plan iscas99__b20] [plan] step=308 node=N19711 type=control1 q_typed_reliable_context=2.550336 sequence=574.649155
[typed-five-r3/b20_C] [plan iscas99__b20] [plan] step=309 node=N19716 type=control1 q_typed_reliable_context=2.926327 sequence=577.575483
[typed-five-r3/b20_C] [plan iscas99__b20] [plan] step=310 node=N19717 type=control1 q_typed_reliable_context=2.767487 sequence=580.342970
[typed-five-r3/b20_C] [plan iscas99__b20] [plan] step=311 node=N10137 type=control1 q_typed_reliable_context=1.236900 sequence=581.579869
[typed-five-r3/b20_C] [plan iscas99__b20] [plan] step=312 node=N16800 type=control1 q_typed_reliable_context=1.904832 sequence=583.484701
[typed-five-r3/b20_C] [plan iscas99__b20] [plan] step=313 node=N16801 type=control1 q_typed_reliable_context=1.453794 sequence=584.938495
[typed-five-r3/b20_C] [plan iscas99__b20] [plan] step=314 node=N10832 type=control1 q_typed_reliable_context=1.058350 sequence=585.996845
[typed-five-r3/b20_C] [plan iscas99__b20] [plan] step=315 node=N10826 type=control1 q_typed_reliable_context=1.501455 sequence=587.498300
[typed-five-r3/b20_C] [plan iscas99__b20] [plan] step=316 node=N10823 type=control1 q_typed_reliable_context=3.850168 sequence=591.348468
[typed-five-r3/b20_C] [plan iscas99__b20] [plan] step=317 node=N17303 type=control1 q_typed_reliable_context=2.810386 sequence=594.158854
[typed-five-r3/b20_C] [plan iscas99__b20] [plan] step=318 node=N17304 type=control1 q_typed_reliable_context=1.380743 sequence=595.539598
[typed-five-r3/b20_C] [plan iscas99__b20] [plan] step=319 node=N1700 type=observe q_typed_reliable_context=1.836715 sequence=597.376313
[typed-five-r3/b20_C] [plan iscas99__b20] [plan] step=320 node=N6906 type=observe q_typed_reliable_context=2.456514 sequence=599.832826
[typed-five-r3/b20_C] [plan iscas99__b20] [plan] step=321 node=N6945 type=observe q_typed_reliable_context=2.255695 sequence=602.088522
[typed-five-r3/b20_C] [plan iscas99__b20] [plan] step=322 node=N17305 type=control1 q_typed_reliable_context=2.627560 sequence=604.716081
[typed-five-r3/b20_C] [plan iscas99__b20] [plan] step=323 node=N8038 type=control0 q_typed_reliable_context=5.758173 sequence=610.474254
[typed-five-r3/b20_C] [plan iscas99__b20] [plan] step=324 node=N17310 type=control1 q_typed_reliable_context=4.342851 sequence=614.817105
[typed-five-r3/b20_C] [plan iscas99__b20] [plan] step=325 node=N16807 type=control1 q_typed_reliable_context=4.755467 sequence=619.572572
[typed-five-r3/b20_C] [plan iscas99__b20] [plan] step=326 node=N16802 type=control1 q_typed_reliable_context=4.588164 sequence=624.160736
[typed-five-r3/b20_C] [plan iscas99__b20] [plan] step=327 node=N16223 type=control1 q_typed_reliable_context=3.146057 sequence=627.306793
[typed-five-r3/b20_C] [plan iscas99__b20] [plan] step=328 node=N3884 type=observe q_typed_reliable_context=1.492818 sequence=628.799611
[typed-five-r3/b20_C] [plan iscas99__b20] [plan] step=329 node=N1702 type=observe q_typed_reliable_context=2.706246 sequence=631.505857
[typed-five-r3/b20_C] [plan iscas99__b20] [plan] step=330 node=N14434 type=observe q_typed_reliable_context=3.513229 sequence=635.019086
[typed-five-r3/b20_C] [plan iscas99__b20] [plan] step=331 node=N17311 type=control1 q_typed_reliable_context=2.202292 sequence=637.221378
[typed-five-r3/b20_C] [plan iscas99__b20] [plan] step=332 node=N16808 type=control1 q_typed_reliable_context=1.842235 sequence=639.063613
[typed-five-r3/b20_C] [plan iscas99__b20] [plan] step=333 node=N14298 type=observe q_typed_reliable_context=0.593092 sequence=639.656705
[typed-five-r3/b20_C] [plan iscas99__b20] [plan] step=334 node=N17805 type=control1 q_typed_reliable_context=1.593118 sequence=641.249824
[typed-five-r3/b20_C] [plan iscas99__b20] [plan] step=335 node=N17811 type=control1 q_typed_reliable_context=1.980366 sequence=643.230190
[typed-five-r3/b20_C] [plan iscas99__b20] [plan] step=336 node=N17812 type=control1 q_typed_reliable_context=1.640035 sequence=644.870225
[typed-five-r3/b20_C] [plan iscas99__b20] [plan] step=337 node=N17806 type=control1 q_typed_reliable_context=1.960843 sequence=646.831068
[typed-five-r3/b20_C] [plan iscas99__b20] [plan] step=338 node=N14301 type=observe q_typed_reliable_context=1.167460 sequence=647.998528
[typed-five-r3/b20_C] [plan iscas99__b20] [plan] step=339 node=N14299 type=observe q_typed_reliable_context=1.936970 sequence=649.935497
[typed-five-r3/b20_C] [plan iscas99__b20] [plan] step=340 node=N16594 type=observe q_typed_reliable_context=1.549052 sequence=651.484550
[typed-five-r3/b20_C] [plan iscas99__b20] [plan] step=341 node=N4337 type=observe q_typed_reliable_context=1.261709 sequence=652.746258
[typed-five-r3/b20_C] [plan iscas99__b20] [plan] step=342 node=N12531 type=observe q_typed_reliable_context=3.103793 sequence=655.850052
[typed-five-r3/b20_C] [plan iscas99__b20] [plan] step=343 node=N17804 type=control1 q_typed_reliable_context=1.821421 sequence=657.671472
[typed-five-r3/b20_C] [plan iscas99__b20] [plan] step=344 node=N2534 type=observe q_typed_reliable_context=3.162008 sequence=660.833481
[typed-five-r3/b20_C] [plan iscas99__b20] [plan] step=345 node=N13649 type=control1 q_typed_reliable_context=2.358159 sequence=663.191640
[typed-five-r3/b20_C] [plan iscas99__b20] [plan] step=346 node=N13650 type=control1 q_typed_reliable_context=5.396679 sequence=668.588319
[typed-five-r3/b20_C] [plan iscas99__b20] [plan] step=347 node=N13651 type=control1 q_typed_reliable_context=2.312400 sequence=670.900719
[typed-five-r3/b20_C] [plan iscas99__b20] [plan] step=348 node=N13657 type=control1 q_typed_reliable_context=1.288028 sequence=672.188747
[typed-five-r3/b20_C] [plan iscas99__b20] [plan] step=349 node=N8774 type=control1 q_typed_reliable_context=1.133992 sequence=673.322739
[typed-five-r3/b20_C] [plan iscas99__b20] [plan] step=350 node=N8775 type=control1 q_typed_reliable_context=0.897685 sequence=674.220424
[typed-five-r3/b20_C] [plan iscas99__b20] [plan] step=351 node=N18684 type=control1 q_typed_reliable_context=0.912215 sequence=675.132638
[typed-five-r3/b20_C] [plan iscas99__b20] [plan] step=352 node=N8776 type=control1 q_typed_reliable_context=2.216934 sequence=677.349573
[typed-five-r3/b20_C] [plan iscas99__b20] [plan] step=353 node=N12649 type=control1 q_typed_reliable_context=1.203497 sequence=678.553070
[typed-five-r3/b20_C] [plan iscas99__b20] [plan] step=354 node=N10783 type=observe q_typed_reliable_context=0.853593 sequence=679.406662
[typed-five-r3/b20_C] [plan iscas99__b20] [plan] step=355 node=N3934 type=observe q_typed_reliable_context=2.078254 sequence=681.484916
[typed-five-r3/b20_C] [plan iscas99__b20] [plan] step=356 node=N1704 type=observe q_typed_reliable_context=2.950063 sequence=684.434979
[typed-five-r3/b20_C] [plan iscas99__b20] [plan] step=357 node=N12650 type=control1 q_typed_reliable_context=2.983334 sequence=687.418313
[typed-five-r3/b20_C] [plan iscas99__b20] [plan] step=358 node=N12651 type=control1 q_typed_reliable_context=2.137813 sequence=689.556126
[typed-five-r3/b20_C] [plan iscas99__b20] [plan] step=359 node=N8782 type=control1 q_typed_reliable_context=1.837909 sequence=691.394034
[typed-five-r3/b20_C] [plan iscas99__b20] [plan] step=360 node=N12657 type=control1 q_typed_reliable_context=1.868884 sequence=693.262919
[typed-five-r3/b20_C] [plan iscas99__b20] [plan] step=361 node=N13149 type=control1 q_typed_reliable_context=2.034038 sequence=695.296956
[typed-five-r3/b20_C] [plan iscas99__b20] [plan] step=362 node=N13150 type=control1 q_typed_reliable_context=2.109949 sequence=697.406905
[typed-five-r3/b20_C] [plan iscas99__b20] [plan] step=363 node=N13151 type=control1 q_typed_reliable_context=2.095904 sequence=699.502809
[typed-five-r3/b20_C] [plan iscas99__b20] [plan] step=364 node=N13157 type=control1 q_typed_reliable_context=2.067925 sequence=701.570735
[typed-five-r3/b20_C] [plan iscas99__b20] [plan] step=365 node=N14462 type=observe q_typed_reliable_context=0.738904 sequence=702.309639
[typed-five-r3/b20_C] [plan iscas99__b20] [plan] step=366 node=N1724 type=observe q_typed_reliable_context=5.527381 sequence=707.837020
[typed-five-r3/b20_C] [plan iscas99__b20] [plan] step=367 node=N3931 type=observe q_typed_reliable_context=3.218432 sequence=711.055451
[typed-five-r3/b20_C] [plan iscas99__b20] [plan] step=368 node=N1712 type=observe q_typed_reliable_context=2.939978 sequence=713.995429
[typed-five-r3/b20_C] [plan iscas99__b20] [plan] step=369 node=N10791 type=observe q_typed_reliable_context=3.734089 sequence=717.729518
[typed-five-r3/b20_C] [plan iscas99__b20] [plan] step=370 node=N3919 type=observe q_typed_reliable_context=1.896526 sequence=719.626044
[typed-five-r3/b20_C] [plan iscas99__b20] [plan] step=371 node=N1714 type=observe q_typed_reliable_context=2.799203 sequence=722.425247
[typed-five-r3/b20_C] [plan iscas99__b20] [plan] step=372 node=N4338 type=observe q_typed_reliable_context=2.811933 sequence=725.237180
[typed-five-r3/b20_C] [plan iscas99__b20] [plan] step=373 node=N1723 type=observe q_typed_reliable_context=2.589403 sequence=727.826583
[typed-five-r3/b20_C] [plan iscas99__b20] [plan] step=374 node=N1701 type=observe q_typed_reliable_context=5.055785 sequence=732.882368
[typed-five-r3/b20_C] [plan iscas99__b20] [plan] step=375 node=N3928 type=observe q_typed_reliable_context=4.386716 sequence=737.269084
[typed-five-r3/b20_C] [plan iscas99__b20] [plan] step=376 node=N16721 type=observe q_typed_reliable_context=1.687319 sequence=738.956403
[typed-five-r3/b20_C] [plan iscas99__b20] [plan] step=377 node=N12640 type=observe q_typed_reliable_context=1.126702 sequence=740.083105
[typed-five-r3/b20_C] [plan iscas99__b20] [plan] step=378 node=N8004 type=control1 q_typed_reliable_context=0.830684 sequence=740.913788
[typed-five-r3/b20_C] [plan iscas99__b20] [plan] step=379 node=N8003 type=control1 q_typed_reliable_context=0.820875 sequence=741.734663
[typed-five-r3/b20_C] [plan iscas99__b20] [plan] step=380 node=N13656 type=control1 q_typed_reliable_context=1.376589 sequence=743.111252
[typed-five-r3/b20_C] [plan iscas99__b20] [plan] step=381 node=N16230 type=control1 q_typed_reliable_context=2.645111 sequence=745.756363
[typed-five-r3/b20_C] [plan iscas99__b20] [plan] step=382 node=N8781 type=control1 q_typed_reliable_context=2.990969 sequence=748.747332
[typed-five-r3/b20_C] [plan iscas99__b20] [plan] step=383 node=N12656 type=control1 q_typed_reliable_context=2.213100 sequence=750.960432
[typed-five-r3/b20_C] [plan iscas99__b20] [plan] step=384 node=N13156 type=control1 q_typed_reliable_context=1.544401 sequence=752.504832
[typed-five-r3/b20_C] [plan iscas99__b20] [plan] step=385 node=N6199 type=control0 q_typed_reliable_context=1.514415 sequence=754.019248
[typed-five-r3/b20_C] [plan iscas99__b20] [plan] step=386 node=N12626 type=observe q_typed_reliable_context=0.907907 sequence=754.927155
[typed-five-r3/b20_C] [plan iscas99__b20] [plan] step=387 node=N12455 type=observe q_typed_reliable_context=2.099755 sequence=757.026910
[typed-five-r3/b20_C] [plan iscas99__b20] [plan] step=388 node=N12505 type=observe q_typed_reliable_context=1.783567 sequence=758.810477
[typed-five-r3/b20_C] [plan iscas99__b20] [plan] step=389 node=N10763 type=control1 q_typed_reliable_context=0.923640 sequence=759.734117
[typed-five-r3/b20_C] [plan iscas99__b20] [plan] step=390 node=N5081 type=observe q_typed_reliable_context=1.944725 sequence=761.678843
[typed-five-r3/b20_C] [plan iscas99__b20] [plan] step=391 node=N5075 type=observe q_typed_reliable_context=0.949147 sequence=762.627989
[typed-five-r3/b20_C] [plan iscas99__b20] [plan] step=392 node=N1939 type=observe q_typed_reliable_context=0.917573 sequence=763.545562
[typed-five-r3/b20_C] [plan iscas99__b20] [plan] step=393 node=N1703 type=observe q_typed_reliable_context=1.556276 sequence=765.101839
[typed-five-r3/b20_C] [plan iscas99__b20] [plan] step=394 node=N10779 type=observe q_typed_reliable_context=1.887347 sequence=766.989186
[typed-five-r3/b20_C] [plan iscas99__b20] [plan] step=395 node=N3955 type=observe q_typed_reliable_context=3.138797 sequence=770.127983
[typed-five-r3/b20_C] [plan iscas99__b20] [plan] step=396 node=N1713 type=observe q_typed_reliable_context=4.413690 sequence=774.541673
[typed-five-r3/b20_C] [plan iscas99__b20] [plan] step=397 node=N18417 type=control1 q_typed_reliable_context=2.957821 sequence=777.499494
[typed-five-r3/b20_C] [plan iscas99__b20] [plan] step=398 node=N3916 type=observe q_typed_reliable_context=2.529529 sequence=780.029022
[typed-five-r3/b20_C] [plan iscas99__b20] [plan] step=399 node=N1711 type=observe q_typed_reliable_context=3.230431 sequence=783.259453
[typed-five-r3/b20_C] [plan iscas99__b20] [plan] step=400 node=N1936 type=observe q_typed_reliable_context=3.136839 sequence=786.396292
[typed-five-r3/b20_C] [plan iscas99__b20] [plan] step=401 node=N10780 type=observe q_typed_reliable_context=1.587377 sequence=787.983669
[typed-five-r3/b20_C] [plan iscas99__b20] [plan] step=402 node=N1715 type=observe q_typed_reliable_context=2.982365 sequence=790.966034
[typed-five-r3/b20_C] [plan iscas99__b20] [plan] step=403 node=N3922 type=observe q_typed_reliable_context=4.455927 sequence=795.421961
[typed-five-r3/b20_C] [plan iscas99__b20] [plan] step=404 node=N2904 type=observe q_typed_reliable_context=2.624966 sequence=798.046927
[typed-five-r3/b20_C] [plan iscas99__b20] [plan] step=405 node=N3952 type=observe q_typed_reliable_context=1.611943 sequence=799.658871
[typed-five-r3/b20_C] [plan iscas99__b20] [plan] step=406 node=N1716 type=observe q_typed_reliable_context=2.598737 sequence=802.257607
[typed-five-r3/b20_C] [plan iscas99__b20] [plan] step=407 node=N10785 type=observe q_typed_reliable_context=3.250494 sequence=805.508102
[typed-five-r3/b20_C] [plan iscas99__b20] [plan] step=408 node=N1717 type=observe q_typed_reliable_context=4.522270 sequence=810.030372
[typed-five-r3/b20_C] [plan iscas99__b20] [plan] step=409 node=N3937 type=observe q_typed_reliable_context=3.025882 sequence=813.056253
[typed-five-r3/b20_C] [plan iscas99__b20] [plan] step=410 node=N1934 type=observe q_typed_reliable_context=1.813795 sequence=814.870048
[typed-five-r3/b20_C] [plan iscas99__b20] [plan] step=411 node=N1718 type=observe q_typed_reliable_context=1.818450 sequence=816.688498
[typed-five-r3/b20_C] [plan iscas99__b20] [plan] step=412 node=N1926 type=observe q_typed_reliable_context=3.034556 sequence=819.723054
[typed-five-r3/b20_C] [plan iscas99__b20] [plan] step=413 node=N3943 type=observe q_typed_reliable_context=2.265736 sequence=821.988790
[typed-five-r3/b20_C] [plan iscas99__b20] [plan] step=414 node=N10784 type=observe q_typed_reliable_context=4.226082 sequence=826.214871
[typed-five-r3/b20_C] [plan iscas99__b20] [plan] step=415 node=N1719 type=observe q_typed_reliable_context=4.182764 sequence=830.397635
[typed-five-r3/b20_C] [plan iscas99__b20] [plan] step=416 node=N3958 type=observe q_typed_reliable_context=6.680754 sequence=837.078390
[typed-five-r3/b20_C] [plan iscas99__b20] [plan] step=417 node=N2960 type=observe q_typed_reliable_context=3.787328 sequence=840.865718
[typed-five-r3/b20_C] [plan iscas99__b20] [plan] step=418 node=N3949 type=observe q_typed_reliable_context=2.657705 sequence=843.523424
[typed-five-r3/b20_C] [plan iscas99__b20] [plan] step=419 node=N10774 type=observe q_typed_reliable_context=3.488559 sequence=847.011983
[typed-five-r3/b20_C] [plan iscas99__b20] [plan] step=420 node=N3964 type=observe q_typed_reliable_context=4.073449 sequence=851.085431
[typed-five-r3/b20_C] [plan iscas99__b20] [plan] step=421 node=N2942 type=observe q_typed_reliable_context=2.865707 sequence=853.951139
[typed-five-r3/b20_C] [plan iscas99__b20] [plan] step=422 node=N3967 type=observe q_typed_reliable_context=1.956696 sequence=855.907835
[typed-five-r3/b20_C] [plan iscas99__b20] [plan] step=423 node=N2978 type=observe q_typed_reliable_context=1.396352 sequence=857.304187
[typed-five-r3/b20_C] [plan iscas99__b20] [plan] step=424 node=N12537 type=observe q_typed_reliable_context=2.533815 sequence=859.838001
[typed-five-r3/b20_C] [plan iscas99__b20] [plan] step=425 node=N10787 type=observe q_typed_reliable_context=3.482796 sequence=863.320797
[typed-five-r3/b20_C] [plan iscas99__b20] [plan] step=426 node=N3961 type=observe q_typed_reliable_context=3.083017 sequence=866.403814
[typed-five-r3/b20_C] [plan iscas99__b20] [plan] step=427 node=N3004 type=observe q_typed_reliable_context=2.883214 sequence=869.287028
[typed-five-r3/b20_C] [plan iscas99__b20] [plan] step=428 node=N3973 type=observe q_typed_reliable_context=2.305730 sequence=871.592759
[typed-five-r3/b20_C] [plan iscas99__b20] [plan] step=429 node=N12534 type=observe q_typed_reliable_context=3.971082 sequence=875.563841
[typed-five-r3/b20_C] [plan iscas99__b20] [plan] step=430 node=N10765 type=observe q_typed_reliable_context=3.552474 sequence=879.116315
[typed-five-r3/b20_C] [plan iscas99__b20] [plan] step=431 node=N12533 type=observe q_typed_reliable_context=5.201024 sequence=884.317339
[typed-five-r3/b20_C] [plan iscas99__b20] [plan] step=432 node=N3970 type=observe q_typed_reliable_context=3.361206 sequence=887.678545
[typed-five-r3/b20_C] [plan iscas99__b20] [plan] step=433 node=N3031 type=observe q_typed_reliable_context=2.492505 sequence=890.171049
[typed-five-r3/b20_C] [plan iscas99__b20] [plan] step=434 node=N10781 type=observe q_typed_reliable_context=3.078507 sequence=893.249556
[typed-five-r3/b20_C] [plan iscas99__b20] [plan] step=435 node=N14425 type=observe q_typed_reliable_context=5.431932 sequence=898.681488
[typed-five-r3/b20_C] [plan iscas99__b20] [plan] step=436 node=N1933 type=observe q_typed_reliable_context=4.127555 sequence=902.809043
[typed-five-r3/b20_C] [plan iscas99__b20] [plan] step=437 node=N3890 type=observe q_typed_reliable_context=2.267984 sequence=905.077027
[typed-five-r3/b20_C] [plan iscas99__b20] [plan] step=438 node=N961 type=observe q_typed_reliable_context=4.196041 sequence=909.273068
[typed-five-r3/b20_C] [plan iscas99__b20] [plan] step=439 node=N1922 type=observe q_typed_reliable_context=4.354849 sequence=913.627917
[typed-five-r3/b20_C] [plan iscas99__b20] [plan] step=440 node=N3977 type=observe q_typed_reliable_context=2.239068 sequence=915.866984
[typed-five-r3/b20_C] [plan iscas99__b20] [plan] step=441 node=N14424 type=observe q_typed_reliable_context=4.357140 sequence=920.224124
[typed-five-r3/b20_C] [plan iscas99__b20] [plan] step=442 node=N10767 type=observe q_typed_reliable_context=4.640829 sequence=924.864953
[typed-five-r3/b20_C] [plan iscas99__b20] [plan] step=443 node=N1421 type=observe q_typed_reliable_context=3.959862 sequence=928.824815
[typed-five-r3/b20_C] [plan iscas99__b20] [plan] step=444 node=N3887 type=observe q_typed_reliable_context=2.586087 sequence=931.410902
[typed-five-r3/b20_C] [plan iscas99__b20] [plan] step=445 node=N3094 type=observe q_typed_reliable_context=2.618640 sequence=934.029542
[typed-five-r3/b20_C] [plan iscas99__b20] [plan] step=446 node=N10825 type=observe q_typed_reliable_context=2.806002 sequence=936.835543
[typed-five-r3/b20_C] [plan iscas99__b20] [plan] step=447 node=N928 type=observe q_typed_reliable_context=2.276803 sequence=939.112346
[typed-five-r3/b20_C] [plan iscas99__b20] [plan] step=448 node=N3908 type=observe q_typed_reliable_context=2.171783 sequence=941.284129
[typed-five-r3/b20_C] [plan iscas99__b20] [plan] step=449 node=N10782 type=observe q_typed_reliable_context=2.744787 sequence=944.028915
[typed-five-r3/b20_C] [plan iscas99__b20] [plan] step=450 node=N3905 type=observe q_typed_reliable_context=2.245334 sequence=946.274249
[typed-five-r3/b20_C] [plan iscas99__b20] [plan] step=451 node=N1401 type=observe q_typed_reliable_context=2.757290 sequence=949.031540
[typed-five-r3/b20_C] [plan iscas99__b20] [plan] step=452 node=N14426 type=observe q_typed_reliable_context=2.597433 sequence=951.628973
[typed-five-r3/b20_C] [plan iscas99__b20] [plan] step=453 node=N3067 type=observe q_typed_reliable_context=1.417461 sequence=953.046434
[typed-five-r3/b20_C] [plan iscas99__b20] [plan] step=454 node=N14413 type=observe q_typed_reliable_context=1.759713 sequence=954.806147
[typed-five-r3/b20_C] [plan iscas99__b20] [plan] step=455 node=N12520 type=observe q_typed_reliable_context=2.372779 sequence=957.178926
[typed-five-r3/b20_C] [plan iscas99__b20] [plan] step=456 node=N3911 type=observe q_typed_reliable_context=1.955632 sequence=959.134558
[typed-five-r3/b20_C] [plan iscas99__b20] [plan] step=457 node=N3130 type=observe q_typed_reliable_context=1.521457 sequence=960.656015
[typed-five-r3/b20_C] [plan iscas99__b20] [plan] step=458 node=N10773 type=observe q_typed_reliable_context=2.311657 sequence=962.967673
[typed-five-r3/b20_C] [plan iscas99__b20] [plan] step=459 node=N3902 type=observe q_typed_reliable_context=1.933858 sequence=964.901531
[typed-five-r3/b20_C] [plan iscas99__b20] [plan] step=460 node=N924 type=observe q_typed_reliable_context=2.615120 sequence=967.516651
[typed-five-r3/b20_C] [plan iscas99__b20] [plan] step=461 node=N3049 type=observe q_typed_reliable_context=2.086786 sequence=969.603437
[typed-five-r3/b20_C] [plan iscas99__b20] [plan] step=462 node=N1396 type=observe q_typed_reliable_context=2.251269 sequence=971.854707
[typed-five-r3/b20_C] [plan iscas99__b20] [plan] step=463 node=N10786 type=observe q_typed_reliable_context=2.742650 sequence=974.597356
[typed-five-r3/b20_C] [plan iscas99__b20] [plan] step=464 node=N3899 type=observe q_typed_reliable_context=2.164164 sequence=976.761521
[typed-five-r3/b20_C] [plan iscas99__b20] [plan] step=465 node=N16742 type=observe q_typed_reliable_context=1.865920 sequence=978.627441
[typed-five-r3/b20_C] [plan iscas99__b20] [plan] step=466 node=N3040 type=observe q_typed_reliable_context=1.710365 sequence=980.337806
[typed-five-r3/b20_C] [plan iscas99__b20] [plan] step=467 node=N923 type=observe q_typed_reliable_context=2.162468 sequence=982.500274
[typed-five-r3/b20_C] [plan iscas99__b20] [plan] step=468 node=N16748 type=observe q_typed_reliable_context=1.839658 sequence=984.339932
[typed-five-r3/b20_C] [plan iscas99__b20] [plan] step=469 node=N925 type=observe q_typed_reliable_context=2.667452 sequence=987.007384
[typed-five-r3/b20_C] [plan iscas99__b20] [plan] step=470 node=N2933 type=observe q_typed_reliable_context=2.734737 sequence=989.742122
[typed-five-r3/b20_C] [plan iscas99__b20] [plan] step=471 node=N10768 type=observe q_typed_reliable_context=2.084749 sequence=991.826870
[typed-five-r3/b20_C] [plan iscas99__b20] [plan] step=472 node=N926 type=observe q_typed_reliable_context=2.723865 sequence=994.550735
[typed-five-r3/b20_C] [plan iscas99__b20] [plan] step=473 node=N3112 type=observe q_typed_reliable_context=2.189795 sequence=996.740530
[typed-five-r3/b20_C] [plan iscas99__b20] [plan] step=474 node=N5052 type=observe q_typed_reliable_context=1.623612 sequence=998.364142
[typed-five-r3/b20_C] [plan iscas99__b20] [plan] step=475 node=N3896 type=observe q_typed_reliable_context=1.433406 sequence=999.797548
[typed-five-r3/b20_C] [plan iscas99__b20] [plan] step=476 node=N1398 type=observe q_typed_reliable_context=1.936526 sequence=1001.734074
[typed-five-r3/b20_C] [plan iscas99__b20] [plan] step=477 node=N10766 type=observe q_typed_reliable_context=2.229355 sequence=1003.963429
[typed-five-r3/b20_C] [plan iscas99__b20] [plan] step=478 node=N3166 type=observe q_typed_reliable_context=1.800864 sequence=1005.764293
[typed-five-r3/b20_C] [plan iscas99__b20] [plan] step=479 node=N1397 type=observe q_typed_reliable_context=1.940801 sequence=1007.705094
[typed-five-r3/b20_C] [plan iscas99__b20] [plan] step=480 node=N1919 type=observe q_typed_reliable_context=1.904183 sequence=1009.609277
[typed-five-r3/b20_C] [plan iscas99__b20] [plan] step=481 node=N3914 type=observe q_typed_reliable_context=1.474667 sequence=1011.083945
[typed-five-r3/b20_C] [plan iscas99__b20] [plan] step=482 node=N1399 type=observe q_typed_reliable_context=1.806022 sequence=1012.889967
[typed-five-r3/b20_C] [plan iscas99__b20] [plan] step=483 node=N10788 type=observe q_typed_reliable_context=2.018563 sequence=1014.908530
[typed-five-r3/b20_C] [plan iscas99__b20] [plan] step=484 node=N2184 type=observe q_typed_reliable_context=1.777123 sequence=1016.685653
[typed-five-r3/b20_C] [plan iscas99__b20] [plan] step=485 node=N1400 type=observe q_typed_reliable_context=2.684455 sequence=1019.370109
[typed-five-r3/b20_C] [plan iscas99__b20] [plan] step=486 node=N8599 type=control0 q_typed_reliable_context=1.380064 sequence=1020.750172
[typed-five-r3/b20_C] [plan iscas99__b20] [plan] step=487 node=N3148 type=observe q_typed_reliable_context=1.892784 sequence=1022.642956
[typed-five-r3/b20_C] [plan iscas99__b20] [plan] step=488 node=N10859 type=control1 q_typed_reliable_context=1.068092 sequence=1023.711048
[typed-five-r3/b20_C] [plan iscas99__b20] [plan] step=489 node=N1918 type=observe q_typed_reliable_context=1.443668 sequence=1025.154716
[typed-five-r3/b20_C] [plan iscas99__b20] [plan] step=490 node=N2393 type=observe q_typed_reliable_context=1.839963 sequence=1026.994679
[typed-five-r3/b20_C] [plan iscas99__b20] [plan] step=491 node=N1402 type=observe q_typed_reliable_context=2.396687 sequence=1029.391366
[typed-five-r3/b20_C] [plan iscas99__b20] [plan] step=492 node=N10789 type=observe q_typed_reliable_context=2.042604 sequence=1031.433970
[typed-five-r3/b20_C] [plan iscas99__b20] [plan] step=493 node=N1405 type=observe q_typed_reliable_context=2.381783 sequence=1033.815753
[typed-five-r3/b20_C] [plan iscas99__b20] [plan] step=494 node=N2241 type=observe q_typed_reliable_context=1.816187 sequence=1035.631940
[typed-five-r3/b20_C] [plan iscas99__b20] [plan] step=495 node=N1413 type=observe q_typed_reliable_context=2.801377 sequence=1038.433317
[typed-five-r3/b20_C] [plan iscas99__b20] [plan] step=496 node=N3578 type=observe q_typed_reliable_context=2.063439 sequence=1040.496757
[typed-five-r3/b20_C] [plan iscas99__b20] [plan] step=497 node=N8002 type=control1 q_typed_reliable_context=1.093568 sequence=1041.590325
[typed-five-r3/b20_C] [plan iscas99__b20] [plan] step=498 node=N8001 type=control1 q_typed_reliable_context=1.081885 sequence=1042.672211
[typed-five-r3/b20_C] [plan iscas99__b20] [plan] step=499 node=N10144 type=control1 q_typed_reliable_context=1.443851 sequence=1044.116061
[typed-five-r3/b20_C] [plan iscas99__b20] [plan] step=500 node=N833 type=control1 q_typed_reliable_context=2.096241 sequence=1046.212303
[typed-five-r3/b20_C] [plan iscas99__b20] [plan] step=501 node=N3121 type=observe q_typed_reliable_context=2.140723 sequence=1048.353025
[typed-five-r3/b20_C] [plan iscas99__b20] [plan] step=502 node=N10775 type=observe q_typed_reliable_context=1.487199 sequence=1049.840224
[typed-five-r3/b20_C] [plan iscas99__b20] [plan] step=503 node=N12513 type=observe q_typed_reliable_context=1.965335 sequence=1051.805560
[typed-five-r3/b20_C] [plan iscas99__b20] [plan] step=504 node=N1415 type=observe q_typed_reliable_context=2.010323 sequence=1053.815883
[typed-five-r3/b20_C] [plan iscas99__b20] [plan] step=505 node=N10835 type=observe q_typed_reliable_context=2.142590 sequence=1055.958473
[typed-five-r3/b20_C] [plan iscas99__b20] [plan] step=506 node=N3085 type=observe q_typed_reliable_context=1.592502 sequence=1057.550976
[typed-five-r3/b20_C] [plan iscas99__b20] [plan] step=507 node=N1419 type=observe q_typed_reliable_context=1.714910 sequence=1059.265886
[typed-five-r3/b20_C] [plan iscas99__b20] [plan] step=508 node=N10790 type=observe q_typed_reliable_context=2.355103 sequence=1061.620989
[typed-five-r3/b20_C] [plan iscas99__b20] [plan] step=509 node=N11008 type=observe q_typed_reliable_context=2.487446 sequence=1064.108435
[typed-five-r3/b20_C] [plan iscas99__b20] [plan] step=510 node=N16706 type=observe q_typed_reliable_context=2.460326 sequence=1066.568761
[typed-five-r3/b20_C] [plan iscas99__b20] [plan] step=511 node=N1417 type=observe q_typed_reliable_context=3.371828 sequence=1069.940589
[typed-five-r3/b20_C] [plan iscas99__b20] [plan] step=512 node=N16718 type=observe q_typed_reliable_context=1.348013 sequence=1071.288603
[typed-five-r3/b20_C] [plan iscas99__b20] [plan] step=513 node=N3013 type=observe q_typed_reliable_context=1.209686 sequence=1072.498289
[typed-five-r3/b20_C] [plan iscas99__b20] [plan] step=514 node=N1422 type=observe q_typed_reliable_context=1.712571 sequence=1074.210860
[typed-five-r3/b20_C] [plan iscas99__b20] [plan] step=515 node=N10770 type=observe q_typed_reliable_context=2.068476 sequence=1076.279336
[typed-five-r3/b20_C] [plan iscas99__b20] [plan] step=516 node=N2951 type=observe q_typed_reliable_context=1.785503 sequence=1078.064838
[typed-five-r3/b20_C] [plan iscas99__b20] [plan] step=517 node=N1420 type=observe q_typed_reliable_context=1.899231 sequence=1079.964069
[typed-five-r3/b20_C] [plan iscas99__b20] [plan] step=518 node=N2987 type=observe q_typed_reliable_context=1.519065 sequence=1081.483134
[typed-five-r3/b20_C] [plan iscas99__b20] [plan] step=519 node=N1418 type=observe q_typed_reliable_context=1.892076 sequence=1083.375211
[typed-five-r3/b20_C] [plan iscas99__b20] [plan] step=520 node=N10792 type=observe q_typed_reliable_context=6.572155 sequence=1089.947366
[typed-five-r3/b20_C] [plan iscas99__b20] [plan] step=521 node=N1423 type=observe q_typed_reliable_context=3.827786 sequence=1093.775152
[typed-five-r3/b20_C] [plan iscas99__b20] [plan] step=522 node=N2969 type=observe q_typed_reliable_context=1.839336 sequence=1095.614488
[typed-five-r3/b20_C] [plan iscas99__b20] [plan] step=523 node=N1424 type=observe q_typed_reliable_context=4.778816 sequence=1100.393304
[typed-five-r3/b20_C] [plan iscas99__b20] [plan] step=524 node=N16769 type=observe q_typed_reliable_context=5.912375 sequence=1106.305679
[typed-five-r3/b20_C] [plan iscas99__b20] [plan] step=525 node=N10776 type=observe q_typed_reliable_context=4.429043 sequence=1110.734722
[typed-five-r3/b20_C] [plan iscas99__b20] [plan] step=526 node=N14418 type=observe q_typed_reliable_context=3.953221 sequence=1114.687943
[typed-five-r3/b20_C] [plan iscas99__b20] [plan] step=527 node=N14415 type=observe q_typed_reliable_context=4.771659 sequence=1119.459602
[typed-five-r3/b20_C] [plan iscas99__b20] [plan] step=528 node=N2920 type=observe q_typed_reliable_context=3.321318 sequence=1122.780920
[typed-five-r3/b20_C] [plan iscas99__b20] [plan] step=529 node=N1425 type=observe q_typed_reliable_context=2.679175 sequence=1125.460095
[typed-five-r3/b20_C] [plan iscas99__b20] [plan] step=530 node=N3022 type=observe q_typed_reliable_context=5.937451 sequence=1131.397546
[typed-five-r3/b20_C] [plan iscas99__b20] [plan] step=531 node=N1426 type=observe q_typed_reliable_context=4.869231 sequence=1136.266777
[typed-five-r3/b20_C] [plan iscas99__b20] [plan] step=532 node=N16763 type=observe q_typed_reliable_context=5.479352 sequence=1141.746129
[typed-five-r3/b20_C] [plan iscas99__b20] [plan] step=533 node=N12629 type=observe q_typed_reliable_context=2.864248 sequence=1144.610377
[typed-five-r3/b20_C] [plan iscas99__b20] [plan] step=534 node=N10769 type=observe q_typed_reliable_context=3.090336 sequence=1147.700713
[typed-five-r3/b20_C] [plan iscas99__b20] [plan] step=535 node=N14250 type=control1 q_typed_reliable_context=2.945075 sequence=1150.645788
[typed-five-r3/b20_C] [plan iscas99__b20] [plan] step=536 node=N14567 type=control1 q_typed_reliable_context=2.977143 sequence=1153.622931
[typed-five-r3/b20_C] [plan iscas99__b20] [plan] step=537 node=N14247 type=control1 q_typed_reliable_context=2.842557 sequence=1156.465488
[typed-five-r3/b20_C] [plan iscas99__b20] [plan] step=538 node=N10737 type=control1 q_typed_reliable_context=2.479082 sequence=1158.944570
[typed-five-r3/b20_C] [plan iscas99__b20] [plan] step=539 node=N14565 type=control1 q_typed_reliable_context=2.235265 sequence=1161.179835
[typed-five-r3/b20_C] [plan iscas99__b20] [plan] step=540 node=N8000 type=control1 q_typed_reliable_context=2.237933 sequence=1163.417768
[typed-five-r3/b20_C] [plan iscas99__b20] [plan] step=541 node=N10818 type=observe q_typed_reliable_context=1.919848 sequence=1165.337616
[typed-five-r3/b20_C] [plan iscas99__b20] [plan] step=542 node=N1416 type=observe q_typed_reliable_context=3.916332 sequence=1169.253949
[typed-five-r3/b20_C] [plan iscas99__b20] [plan] step=543 node=N3058 type=observe q_typed_reliable_context=2.957441 sequence=1172.211390
[typed-five-r3/b20_C] [plan iscas99__b20] [plan] step=544 node=N1427 type=observe q_typed_reliable_context=3.063930 sequence=1175.275320
[typed-five-r3/b20_C] [plan iscas99__b20] [plan] step=545 node=N14439 type=observe q_typed_reliable_context=1.470236 sequence=1176.745556
[typed-five-r3/b20_C] [plan iscas99__b20] [plan] step=546 node=N10827 type=observe q_typed_reliable_context=0.722585 sequence=1177.468141
[typed-five-r3/b20_C] [plan iscas99__b20] [plan] step=547 node=N6110 type=control0 q_typed_reliable_context=1.402071 sequence=1178.870212
[typed-five-r3/b20_C] [plan iscas99__b20] [plan] step=548 node=N18891 type=control0 q_typed_reliable_context=2.700806 sequence=1181.571018
[typed-five-r3/b20_C] [plan iscas99__b20] [plan] step=549 node=N3481 type=control0 q_typed_reliable_context=6.770406 sequence=1188.341424
[typed-five-r3/b20_C] [plan iscas99__b20] [plan] step=550 node=N10824 type=observe q_typed_reliable_context=4.288705 sequence=1192.630129
[typed-five-r3/b20_C] [plan iscas99__b20] [plan] step=551 node=N6970 type=control0 q_typed_reliable_context=1.756203 sequence=1194.386332
[typed-five-r3/b20_C] [plan iscas99__b20] [plan] step=552 node=N8040 type=control0 q_typed_reliable_context=3.384423 sequence=1197.770755
[typed-five-r3/b20_C] [plan iscas99__b20] [plan] step=553 node=N10817 type=observe q_typed_reliable_context=6.590927 sequence=1204.361681
[typed-five-r3/b20_C] [plan iscas99__b20] [plan] step=554 node=N18905 type=control0 q_typed_reliable_context=1.627681 sequence=1205.989362
[typed-five-r3/b20_C] [plan iscas99__b20] [plan] step=555 node=N10896 type=observe q_typed_reliable_context=2.627737 sequence=1208.617100
[typed-five-r3/b20_C] [plan iscas99__b20] [plan] step=556 node=N10778 type=observe q_typed_reliable_context=3.609664 sequence=1212.226764
[typed-five-r3/b20_C] [plan iscas99__b20] [plan] step=557 node=N3076 type=observe q_typed_reliable_context=6.688837 sequence=1218.915601
[typed-five-r3/b20_C] [plan iscas99__b20] [plan] step=558 node=N10899 type=observe q_typed_reliable_context=2.841424 sequence=1221.757024
[typed-five-r3/b20_C] [plan iscas99__b20] [plan] step=559 node=N919 type=observe q_typed_reliable_context=5.154033 sequence=1226.911058
[typed-five-r3/b20_C] [plan iscas99__b20] [plan] step=560 node=N3103 type=observe q_typed_reliable_context=5.598613 sequence=1232.509670
[typed-five-r3/b20_C] [plan iscas99__b20] [plan] step=561 node=N10842 type=observe q_typed_reliable_context=3.066012 sequence=1235.575683
[typed-five-r3/b20_C] [plan iscas99__b20] [plan] step=562 node=N10840 type=observe q_typed_reliable_context=2.647976 sequence=1238.223658
[typed-five-r3/b20_C] [plan iscas99__b20] [plan] step=563 node=N915 type=observe q_typed_reliable_context=4.568099 sequence=1242.791757
[typed-five-r3/b20_C] [plan iscas99__b20] [plan] step=564 node=N10909 type=observe q_typed_reliable_context=3.659636 sequence=1246.451393
[typed-five-r3/b20_C] [plan iscas99__b20] [plan] step=565 node=N3139 type=observe q_typed_reliable_context=3.907677 sequence=1250.359070
[typed-five-r3/b20_C] [plan iscas99__b20] [plan] step=566 node=N10894 type=observe q_typed_reliable_context=1.880793 sequence=1252.239864
[typed-five-r3/b20_C] [plan iscas99__b20] [plan] step=567 node=N16705 type=observe q_typed_reliable_context=6.615307 sequence=1258.855171
[typed-five-r3/b20_C] [plan iscas99__b20] [plan] step=568 node=N916 type=observe q_typed_reliable_context=3.462636 sequence=1262.317808
[typed-five-r3/b20_C] [plan iscas99__b20] [plan] step=569 node=N10892 type=observe q_typed_reliable_context=0.452820 sequence=1262.770628
[typed-five-r3/b20_C] [plan iscas99__b20] [plan] step=570 node=N845 type=control1 q_typed_reliable_context=2.707173 sequence=1265.477801
[typed-five-r3/b20_C] [plan iscas99__b20] [plan] step=571 node=N12524 type=observe q_typed_reliable_context=1.314360 sequence=1266.792161
[typed-five-r3/b20_C] [plan iscas99__b20] [plan] step=572 node=N3157 type=observe q_typed_reliable_context=3.342767 sequence=1270.134928
[typed-five-r3/b20_C] [plan iscas99__b20] [plan] step=573 node=N16792 type=observe q_typed_reliable_context=4.046378 sequence=1274.181306
[typed-five-r3/b20_C] [plan iscas99__b20] [plan] step=574 node=N917 type=observe q_typed_reliable_context=3.641373 sequence=1277.822679
[typed-five-r3/b20_C] [plan iscas99__b20] [plan] step=575 node=N10772 type=observe q_typed_reliable_context=3.366737 sequence=1281.189417
[typed-five-r3/b20_C] [plan iscas99__b20] [plan] step=576 node=N918 type=observe q_typed_reliable_context=3.419717 sequence=1284.609134
[typed-five-r3/b20_C] [plan iscas99__b20] [plan] step=577 node=N920 type=observe q_typed_reliable_context=3.072855 sequence=1287.681988
[typed-five-r3/b20_C] [plan iscas99__b20] [plan] step=578 node=N3321 type=observe q_typed_reliable_context=3.773017 sequence=1291.455005
[typed-five-r3/b20_C] [plan iscas99__b20] [plan] step=579 node=N2911 type=observe q_typed_reliable_context=4.489249 sequence=1295.944254
[typed-five-r3/b20_C] [plan iscas99__b20] [plan] step=580 node=N921 type=observe q_typed_reliable_context=4.205521 sequence=1300.149775
[typed-five-r3/b20_C] [plan iscas99__b20] [plan] step=581 node=N10890 type=observe q_typed_reliable_context=3.686902 sequence=1303.836677
[typed-five-r3/b20_C] [plan iscas99__b20] [plan] step=582 node=N922 type=observe q_typed_reliable_context=3.488973 sequence=1307.325650
[typed-five-r3/b20_C] [plan iscas99__b20] [plan] step=583 node=N16604 type=observe q_typed_reliable_context=5.641759 sequence=1312.967409
[typed-five-r3/b20_C] [plan iscas99__b20] [plan] step=584 node=N927 type=observe q_typed_reliable_context=5.051891 sequence=1318.019301
[typed-five-r3/b20_C] [plan iscas99__b20] [plan] step=585 node=N948 type=observe q_typed_reliable_context=4.585427 sequence=1322.604727
[typed-five-r3/b20_C] [plan iscas99__b20] [plan] step=586 node=N1414 type=observe q_typed_reliable_context=6.015400 sequence=1328.620127
[typed-five-r3/b20_C] [plan iscas99__b20] [plan] step=587 node=N951 type=observe q_typed_reliable_context=6.030494 sequence=1334.650622
[typed-five-r3/b20_C] [plan iscas99__b20] [plan] step=588 node=N956 type=observe q_typed_reliable_context=5.619720 sequence=1340.270342
[typed-five-r3/b20_C] [plan iscas99__b20] [plan] step=589 node=N2995 type=observe q_typed_reliable_context=5.937835 sequence=1346.208177
[typed-five-r3/b20_C] [plan iscas99__b20] [plan] step=590 node=N11025 type=control1 q_typed_reliable_context=1.051654 sequence=1347.259831
[typed-five-r3/b20_C] [plan iscas99__b20] [plan] step=591 node=N16772 type=control0 q_typed_reliable_context=0.681237 sequence=1347.941068
[typed-five-r3/b20_C] [plan iscas99__b20] [plan] step=592 node=N19147 type=control1 q_typed_reliable_context=1.983977 sequence=1349.925045
[typed-five-r3/b20_C] [plan iscas99__b20] [plan] step=593 node=N15839 type=control1 q_typed_reliable_context=1.194918 sequence=1351.119963
[typed-five-r3/b20_C] [plan iscas99__b20] [plan] step=594 node=N8467 type=control1 q_typed_reliable_context=3.494164 sequence=1354.614127
[typed-five-r3/b20_C] [plan iscas99__b20] [plan] step=595 node=N8457 type=control1 q_typed_reliable_context=5.176147 sequence=1359.790274
[typed-five-r3/b20_C] [plan iscas99__b20] [plan] step=596 node=N11246 type=control0 q_typed_reliable_context=0.719563 sequence=1360.509837
[typed-five-r3/b20_C] [plan iscas99__b20] [plan] step=597 node=N19712 type=control1 q_typed_reliable_context=6.962919 sequence=1367.472755
[typed-five-r3/b20_C] [plan iscas99__b20] [plan] step=598 node=N16803 type=control1 q_typed_reliable_context=3.878159 sequence=1371.350914
[typed-five-r3/b20_C] [plan iscas99__b20] [plan] step=599 node=N17306 type=control1 q_typed_reliable_context=1.809731 sequence=1373.160646
[typed-five-r3/b20_C] [plan iscas99__b20] [plan] step=600 node=N16754 type=control0 q_typed_reliable_context=0.644019 sequence=1373.804665
[typed-five-r3/b20_C] [plan iscas99__b20] [plan] step=601 node=N17807 type=control1 q_typed_reliable_context=2.517065 sequence=1376.321730
[typed-five-r3/b20_C] [plan iscas99__b20] [plan] step=602 node=N10971 type=control0 q_typed_reliable_context=0.974922 sequence=1377.296652
[typed-five-r3/b20_C] [plan iscas99__b20] [plan] step=603 node=N14379 type=observe q_typed_reliable_context=0.896799 sequence=1378.193451
[typed-five-r3/b20_C] [plan iscas99__b20] [plan] step=604 node=N10940 type=control1 q_typed_reliable_context=7.125134 sequence=1385.318585
[typed-five-r3/b20_C] [plan iscas99__b20] [plan] step=605 node=N947 type=observe q_typed_reliable_context=5.198558 sequence=1390.517143
[typed-five-r3/b20_C] [plan iscas99__b20] [plan] step=606 node=N10833 type=observe q_typed_reliable_context=3.324394 sequence=1393.841536
[typed-five-r3/b20_C] [plan iscas99__b20] [plan] step=607 node=N950 type=observe q_typed_reliable_context=7.299310 sequence=1401.140846
[typed-five-r3/b20_C] [plan iscas99__b20] [plan] step=608 node=N3472 type=observe q_typed_reliable_context=2.830807 sequence=1403.971653
[typed-five-r3/b20_C] [plan iscas99__b20] [plan] step=609 node=N3463 type=observe q_typed_reliable_context=6.885256 sequence=1410.856909
[typed-five-r3/b20_C] [plan iscas99__b20] [plan] step=610 node=N952 type=observe q_typed_reliable_context=6.466678 sequence=1417.323587
[typed-five-r3/b20_C] [plan iscas99__b20] [plan] step=611 node=N954 type=observe q_typed_reliable_context=2.721928 sequence=1420.045515
[typed-five-r3/b20_C] [plan iscas99__b20] [plan] step=612 node=N953 type=observe q_typed_reliable_context=2.683252 sequence=1422.728767
[typed-five-r3/b20_C] [plan iscas99__b20] [plan] step=613 node=N12619 type=observe q_typed_reliable_context=2.772054 sequence=1425.500821
[typed-five-r3/b20_C] [plan iscas99__b20] [plan] step=614 node=N955 type=observe q_typed_reliable_context=2.753271 sequence=1428.254093
[typed-five-r3/b20_C] [plan iscas99__b20] [plan] step=615 node=N949 type=observe q_typed_reliable_context=2.893692 sequence=1431.147784
[typed-five-r3/b20_C] [plan iscas99__b20] [plan] step=616 node=N8042 type=control0 q_typed_reliable_context=4.120644 sequence=1435.268428
[typed-five-r3/b20_C] [plan iscas99__b20] saved=autoresearch/loop-260720-0945/typed_winner_round7_five/b20_C/plans/iscas99__b20__greedy__cumulative__q_typed_reliable_context__bw1__d1__c64__g1p0__candhard_fault_cluster__div0p0__s0.csv
[typed-five-r3/b20_C] [gmean] 2026-07-21T15:11:54 [1/1] plan_done benchmark=iscas99__b20 plan_sec=662.165 plan_csv=autoresearch/loop-260720-0945/typed_winner_round7_five/b20_C/plans/iscas99__b20__greedy__cumulative__q_typed_reliable_context__bw1__d1__c64__g1p0__candhard_fault_cluster__div0p0__s0.csv
[typed-five-r3/b20_C] [gmean] 2026-07-21T15:11:54 [1/1] eval_start benchmark=iscas99__b20 backend=atalanta-bist patterns=300000
[typed-five-r3/b20_C] [eval iscas99__b20] {
[typed-five-r3/b20_C] [eval iscas99__b20]   "records": 2,
[typed-five-r3/b20_C] [eval iscas99__b20]   "labels_csv": "autoresearch/loop-260720-0945/typed_winner_round7_five/b20_C/evals/iscas99__b20__greedy__cumulative__q_typed_reliable_context__bw1__d1__c64__g1p0__candhard_fault_cluster__div0p0__s0/labels.csv",
[typed-five-r3/b20_C] [eval iscas99__b20]   "summary_json": "autoresearch/loop-260720-0945/typed_winner_round7_five/b20_C/evals/iscas99__b20__greedy__cumulative__q_typed_reliable_context__bw1__d1__c64__g1p0__candhard_fault_cluster__div0p0__s0/summary.json"
[typed-five-r3/b20_C] [eval iscas99__b20] }
[typed-five-r3/b20_C] [gmean] 2026-07-21T15:12:04 [1/1] eval_done benchmark=iscas99__b20 delta_tc=0.042259999999999964 plan_sec=662.165 eval_sec=10.447 total_sec=672.649
[typed-five-r3/b20_C] [gmean] 2026-07-21T15:12:04 variant_done id=greedy__cumulative__q_typed_reliable_context__bw1__d1__c64__g1p0__candhard_fault_cluster__div0p0__s0 status=ok macro=0.042259999999999964 positives=1 negatives=0 elapsed=672.65
