[r21-b15-plan/qreset__horizon_r8_hybrid__e010] [plan] torch_deterministic=true
[r21-b15-plan/qreset__horizon_r8_hybrid__e010] [plan] candidate_allowlist=autoresearch/original-netlist-recovery-260712/exact_itc99/b15_C/exact_candidate_nodes.txt nodes=7918
[r21-b15-plan/qreset__horizon_r8_hybrid__e010] [plan] prefix_plan=autoresearch/loop-260720-0945/typed_winner_round8_five/b15_C/best_plans/iscas99__b15_1.csv prefix_actions=192 continue_at_step=193
[r21-b15-plan/qreset__horizon_r8_hybrid__e010] [plan] latent_norm_clip_ratio=4 latent_norm_limit=30.875631
[r21-b15-plan/qreset__horizon_r8_hybrid__e010] [plan] prefix_state_mode=replay replayed_actions=192
[r21-b15-plan/qreset__horizon_r8_hybrid__e010] [plan] step=193 node=N6121 type=observe q_typed_reliable_context=1.762414 sequence=368.605007
[r21-b15-plan/qreset__horizon_r8_hybrid__e010] [plan] step=194 node=N902 type=control1 q_typed_reliable_context=1.063340 sequence=369.664347
[r21-b15-plan/qreset__horizon_r8_hybrid__e010] [plan] step=195 node=N7709 type=observe q_typed_reliable_context=2.403969 sequence=372.068316
[r21-b15-plan/qreset__horizon_r8_hybrid__e010] [plan] step=196 node=N2285 type=observe q_typed_reliable_context=1.078825 sequence=373.147141
[r21-b15-plan/qreset__horizon_r8_hybrid__e010] [plan] step=197 node=N2284 type=observe q_typed_reliable_context=2.222901 sequence=375.370042
[r21-b15-plan/qreset__horizon_r8_hybrid__e010] [plan] step=198 node=N2191 type=observe q_typed_reliable_context=1.706258 sequence=377.076301
[r21-b15-plan/qreset__horizon_r8_hybrid__e010] [plan] step=199 node=N2188 type=observe q_typed_reliable_context=1.530165 sequence=378.606466
[r21-b15-plan/qreset__horizon_r8_hybrid__e010] [plan] step=200 node=N5902 type=control0 q_typed_reliable_context=1.377444 sequence=379.983910
[r21-b15-plan/qreset__horizon_r8_hybrid__e010] [plan] step=201 node=N2280 type=observe q_typed_reliable_context=1.941240 sequence=381.921149
[r21-b15-plan/qreset__horizon_r8_hybrid__e010] [plan] step=202 node=N5914 type=observe q_typed_reliable_context=1.196176 sequence=383.117325
[r21-b15-plan/qreset__horizon_r8_hybrid__e010] [plan] step=203 node=N2302 type=control0 q_typed_reliable_context=1.445618 sequence=384.557944
[r21-b15-plan/qreset__horizon_r8_hybrid__e010] [plan] step=204 node=N6161 type=control1 q_typed_reliable_context=0.776201 sequence=385.334145
[r21-b15-plan/qreset__horizon_r8_hybrid__e010] [plan] step=205 node=N6809 type=control0 q_typed_reliable_context=1.679607 sequence=387.013752
[r21-b15-plan/qreset__horizon_r8_hybrid__e010] [plan] step=206 node=N1864 type=control1 q_typed_reliable_context=1.001984 sequence=388.015737
[r21-b15-plan/qreset__horizon_r8_hybrid__e010] [plan] step=207 node=N2287 type=observe q_typed_reliable_context=2.191163 sequence=390.206900
[r21-b15-plan/qreset__horizon_r8_hybrid__e010] [plan] step=208 node=N752 type=control1 q_typed_reliable_context=2.205146 sequence=392.408046
[r21-b15-plan/qreset__horizon_r8_hybrid__e010] [plan] step=209 node=N2234 type=observe q_typed_reliable_context=2.067812 sequence=394.475857
[r21-b15-plan/qreset__horizon_r8_hybrid__e010] [plan] step=210 node=N2288 type=observe q_typed_reliable_context=1.119961 sequence=395.595818
[r21-b15-plan/qreset__horizon_r8_hybrid__e010] [plan] step=211 node=N6847 type=control0 q_typed_reliable_context=1.471672 sequence=397.067491
[r21-b15-plan/qreset__horizon_r8_hybrid__e010] [plan] step=212 node=N753 type=control1 q_typed_reliable_context=1.435744 sequence=398.499235
[r21-b15-plan/qreset__horizon_r8_hybrid__e010] [plan] step=213 node=N1611 type=observe q_typed_reliable_context=2.160547 sequence=400.659782
[r21-b15-plan/qreset__horizon_r8_hybrid__e010] [plan] step=214 node=N6290 type=control0 q_typed_reliable_context=1.875763 sequence=402.535544
[r21-b15-plan/qreset__horizon_r8_hybrid__e010] [plan] step=215 node=N6810 type=control0 q_typed_reliable_context=0.996477 sequence=403.528021
[r21-b15-plan/qreset__horizon_r8_hybrid__e010] [plan] step=216 node=N651 type=control1 q_typed_reliable_context=1.349976 sequence=404.873997
[r21-b15-plan/qreset__horizon_r8_hybrid__e010] [plan] step=217 node=N6815 type=control0 q_typed_reliable_context=1.281095 sequence=406.155092
[r21-b15-plan/qreset__horizon_r8_hybrid__e010] [plan] step=218 node=N903 type=control1 q_typed_reliable_context=1.522874 sequence=407.673966
[r21-b15-plan/qreset__horizon_r8_hybrid__e010] [plan] step=219 node=N6846 type=control0 q_typed_reliable_context=1.382891 sequence=409.056857
[r21-b15-plan/qreset__horizon_r8_hybrid__e010] [plan] step=220 node=N6124 type=observe q_typed_reliable_context=0.792036 sequence=409.848894
[r21-b15-plan/qreset__horizon_r8_hybrid__e010] [plan] step=221 node=N1610 type=observe q_typed_reliable_context=0.964431 sequence=410.813325
[r21-b15-plan/qreset__horizon_r8_hybrid__e010] [plan] step=222 node=N5210 type=observe q_typed_reliable_context=0.964902 sequence=411.774226
[r21-b15-plan/qreset__horizon_r8_hybrid__e010] [plan] step=223 node=N6849 type=control0 q_typed_reliable_context=1.841812 sequence=413.616038
[r21-b15-plan/qreset__horizon_r8_hybrid__e010] [plan] step=224 node=N6814 type=control0 q_typed_reliable_context=2.174269 sequence=415.786308
[r21-b15-plan/qreset__horizon_r8_hybrid__e010] [plan] step=225 node=N844 type=observe q_typed_reliable_context=0.878709 sequence=416.665017
[r21-b15-plan/qreset__horizon_r8_hybrid__e010] [plan] step=226 node=N1874 type=observe q_typed_reliable_context=1.784174 sequence=418.445191
[r21-b15-plan/qreset__horizon_r8_hybrid__e010] [plan] step=227 node=N726 type=observe q_typed_reliable_context=1.514238 sequence=419.959429
[r21-b15-plan/qreset__horizon_r8_hybrid__e010] [plan] step=228 node=N731 type=observe q_typed_reliable_context=1.304079 sequence=421.259508
[r21-b15-plan/qreset__horizon_r8_hybrid__e010] [plan] step=229 node=N846 type=observe q_typed_reliable_context=1.215695 sequence=422.475203
[r21-b15-plan/qreset__horizon_r8_hybrid__e010] [plan] step=230 node=N5506 type=observe q_typed_reliable_context=1.194264 sequence=423.665467
[r21-b15-plan/qreset__horizon_r8_hybrid__e010] [plan] step=231 node=N716 type=observe q_typed_reliable_context=1.866652 sequence=425.528119
[r21-b15-plan/qreset__horizon_r8_hybrid__e010] [plan] step=232 node=N6332 type=observe q_typed_reliable_context=1.244299 sequence=426.772418
[r21-b15-plan/qreset__horizon_r8_hybrid__e010] [plan] step=233 node=N7802 type=observe q_typed_reliable_context=1.737103 sequence=428.505521
[r21-b15-plan/qreset__horizon_r8_hybrid__e010] [plan] step=234 node=N2216 type=observe q_typed_reliable_context=2.515559 sequence=431.021080
[r21-b15-plan/qreset__horizon_r8_hybrid__e010] [plan] step=235 node=N2218 type=observe q_typed_reliable_context=2.046737 sequence=433.063817
[r21-b15-plan/qreset__horizon_r8_hybrid__e010] [plan] step=236 node=N5930 type=observe q_typed_reliable_context=1.666751 sequence=434.730568
[r21-b15-plan/qreset__horizon_r8_hybrid__e010] [plan] step=237 node=N699 type=observe q_typed_reliable_context=1.691772 sequence=436.422340
[r21-b15-plan/qreset__horizon_r8_hybrid__e010] [plan] step=238 node=N700 type=observe q_typed_reliable_context=2.153557 sequence=438.571897
[r21-b15-plan/qreset__horizon_r8_hybrid__e010] [plan] step=239 node=N701 type=observe q_typed_reliable_context=2.239752 sequence=440.807649
[r21-b15-plan/qreset__horizon_r8_hybrid__e010] [plan] step=240 node=N5751 type=observe q_typed_reliable_context=0.905205 sequence=441.712855
[r21-b15-plan/qreset__horizon_r8_hybrid__e010] [plan] step=241 node=N698 type=observe q_typed_reliable_context=0.895598 sequence=442.604453
[r21-b15-plan/qreset__horizon_r8_hybrid__e010] [plan] step=242 node=N2952 type=control1 q_typed_reliable_context=0.891502 sequence=443.495955
[r21-b15-plan/qreset__horizon_r8_hybrid__e010] [plan] step=243 node=N8316 type=observe q_typed_reliable_context=1.078511 sequence=444.574466
[r21-b15-plan/qreset__horizon_r8_hybrid__e010] [plan] step=244 node=N7405 type=control0 q_typed_reliable_context=2.250900 sequence=446.821366
[r21-b15-plan/qreset__horizon_r8_hybrid__e010] [plan] step=245 node=N708 type=observe q_typed_reliable_context=1.215356 sequence=448.032722
[r21-b15-plan/qreset__horizon_r8_hybrid__e010] [plan] step=246 node=N709 type=observe q_typed_reliable_context=1.237322 sequence=449.266044
[r21-b15-plan/qreset__horizon_r8_hybrid__e010] [plan] step=247 node=N710 type=observe q_typed_reliable_context=1.281626 sequence=450.543670
[r21-b15-plan/qreset__horizon_r8_hybrid__e010] [plan] step=248 node=N707 type=observe q_typed_reliable_context=1.977331 sequence=452.517001
[r21-b15-plan/qreset__horizon_r8_hybrid__e010] [plan] step=249 node=N715 type=observe q_typed_reliable_context=2.215748 sequence=454.728748
[r21-b15-plan/qreset__horizon_r8_hybrid__e010] [plan] step=250 node=N2348 type=control0 q_typed_reliable_context=2.295292 sequence=457.024040
[r21-b15-plan/qreset__horizon_r8_hybrid__e010] [plan] step=251 node=N6438 type=observe q_typed_reliable_context=0.786431 sequence=457.806471
[r21-b15-plan/qreset__horizon_r8_hybrid__e010] [plan] step=252 node=N5478 type=observe q_typed_reliable_context=1.412365 sequence=459.218836
[r21-b15-plan/qreset__horizon_r8_hybrid__e010] [plan] step=253 node=N5879 type=control0 q_typed_reliable_context=1.020784 sequence=460.239619
[r21-b15-plan/qreset__horizon_r8_hybrid__e010] [plan] step=254 node=N2185 type=observe q_typed_reliable_context=1.491017 sequence=461.726636
[r21-b15-plan/qreset__horizon_r8_hybrid__e010] [plan] step=255 node=N2183 type=observe q_typed_reliable_context=1.410998 sequence=463.133634
[r21-b15-plan/qreset__horizon_r8_hybrid__e010] [plan] step=256 node=N2203 type=observe q_typed_reliable_context=1.390465 sequence=464.520099
[r21-b15-plan/qreset__horizon_r8_hybrid__e010] [plan] step=257 node=N2205 type=observe q_typed_reliable_context=1.374376 sequence=465.890475
[r21-b15-plan/qreset__horizon_r8_hybrid__e010] [plan] step=258 node=N2201 type=observe q_typed_reliable_context=2.365620 sequence=468.252095
[r21-b15-plan/qreset__horizon_r8_hybrid__e010] [plan] step=259 node=N2227 type=observe q_typed_reliable_context=2.631162 sequence=470.879257
[r21-b15-plan/qreset__horizon_r8_hybrid__e010] [plan] step=260 node=N703 type=observe q_typed_reliable_context=1.299211 sequence=472.174468
[r21-b15-plan/qreset__horizon_r8_hybrid__e010] [plan] step=261 node=N2224 type=observe q_typed_reliable_context=1.463274 sequence=473.633742
[r21-b15-plan/qreset__horizon_r8_hybrid__e010] [plan] step=262 node=N2243 type=observe q_typed_reliable_context=1.304137 sequence=474.933879
[r21-b15-plan/qreset__horizon_r8_hybrid__e010] [plan] step=263 node=N2212 type=observe q_typed_reliable_context=1.440064 sequence=476.369943
[r21-b15-plan/qreset__horizon_r8_hybrid__e010] [plan] step=264 node=N2214 type=observe q_typed_reliable_context=1.282089 sequence=477.648032
[r21-b15-plan/qreset__horizon_r8_hybrid__e010] [plan] step=265 node=N2269 type=observe q_typed_reliable_context=1.278080 sequence=478.926112
[r21-b15-plan/qreset__horizon_r8_hybrid__e010] [plan] step=266 node=N2271 type=observe q_typed_reliable_context=1.317484 sequence=480.239596
[r21-b15-plan/qreset__horizon_r8_hybrid__e010] [plan] step=267 node=N2220 type=observe q_typed_reliable_context=1.332575 sequence=481.568171
[r21-b15-plan/qreset__horizon_r8_hybrid__e010] [plan] step=268 node=N2222 type=observe q_typed_reliable_context=1.337562 sequence=482.901734
[r21-b15-plan/qreset__horizon_r8_hybrid__e010] [plan] step=269 node=N705 type=observe q_typed_reliable_context=1.115041 sequence=484.012775
[r21-b15-plan/qreset__horizon_r8_hybrid__e010] [plan] step=270 node=N2253 type=observe q_typed_reliable_context=1.549159 sequence=485.561934
[r21-b15-plan/qreset__horizon_r8_hybrid__e010] [plan] step=271 node=N2255 type=observe q_typed_reliable_context=1.469682 sequence=487.027616
[r21-b15-plan/qreset__horizon_r8_hybrid__e010] [plan] step=272 node=N7801 type=observe q_typed_reliable_context=1.181254 sequence=488.208870
[r21-b15-plan/qreset__horizon_r8_hybrid__e010] [plan] step=273 node=N2257 type=observe q_typed_reliable_context=1.636736 sequence=489.845606
[r21-b15-plan/qreset__horizon_r8_hybrid__e010] [plan] step=274 node=N2259 type=observe q_typed_reliable_context=2.161914 sequence=492.003520
[r21-b15-plan/qreset__horizon_r8_hybrid__e010] [plan] step=275 node=N2210 type=observe q_typed_reliable_context=2.149253 sequence=494.148773
[r21-b15-plan/qreset__horizon_r8_hybrid__e010] [plan] step=276 node=N2207 type=observe q_typed_reliable_context=2.090473 sequence=496.235247
[r21-b15-plan/qreset__horizon_r8_hybrid__e010] [plan] step=277 node=N2193 type=observe q_typed_reliable_context=2.871492 sequence=499.102739
[r21-b15-plan/qreset__horizon_r8_hybrid__e010] [plan] step=278 node=N7603 type=observe q_typed_reliable_context=1.479489 sequence=500.582228
[r21-b15-plan/qreset__horizon_r8_hybrid__e010] saved=autoresearch/loop-260720-0945/model_training_round21_horizon_return_b15/plans/qreset__horizon_r8_hybrid__e010.csv
