[r21-b15-plan/qreset__horizon_r8_hybrid__e008] [plan] torch_deterministic=true
[r21-b15-plan/qreset__horizon_r8_hybrid__e008] [plan] candidate_allowlist=autoresearch/original-netlist-recovery-260712/exact_itc99/b15_C/exact_candidate_nodes.txt nodes=7918
[r21-b15-plan/qreset__horizon_r8_hybrid__e008] [plan] prefix_plan=autoresearch/loop-260720-0945/typed_winner_round8_five/b15_C/best_plans/iscas99__b15_1.csv prefix_actions=192 continue_at_step=193
[r21-b15-plan/qreset__horizon_r8_hybrid__e008] [plan] latent_norm_clip_ratio=4 latent_norm_limit=30.875631
[r21-b15-plan/qreset__horizon_r8_hybrid__e008] [plan] prefix_state_mode=replay replayed_actions=192
[r21-b15-plan/qreset__horizon_r8_hybrid__e008] [plan] step=193 node=N6121 type=observe q_typed_reliable_context=1.762414 sequence=368.605007
[r21-b15-plan/qreset__horizon_r8_hybrid__e008] [plan] step=194 node=N902 type=control1 q_typed_reliable_context=1.063340 sequence=369.664347
[r21-b15-plan/qreset__horizon_r8_hybrid__e008] [plan] step=195 node=N7709 type=observe q_typed_reliable_context=2.403969 sequence=372.068316
[r21-b15-plan/qreset__horizon_r8_hybrid__e008] [plan] step=196 node=N2285 type=observe q_typed_reliable_context=1.078825 sequence=373.147141
[r21-b15-plan/qreset__horizon_r8_hybrid__e008] [plan] step=197 node=N2284 type=observe q_typed_reliable_context=2.222492 sequence=375.369633
[r21-b15-plan/qreset__horizon_r8_hybrid__e008] [plan] step=198 node=N2191 type=observe q_typed_reliable_context=1.706258 sequence=377.075891
[r21-b15-plan/qreset__horizon_r8_hybrid__e008] [plan] step=199 node=N2188 type=observe q_typed_reliable_context=1.530165 sequence=378.606056
[r21-b15-plan/qreset__horizon_r8_hybrid__e008] [plan] step=200 node=N5902 type=control0 q_typed_reliable_context=1.377444 sequence=379.983500
[r21-b15-plan/qreset__horizon_r8_hybrid__e008] [plan] step=201 node=N2280 type=observe q_typed_reliable_context=1.941240 sequence=381.920740
[r21-b15-plan/qreset__horizon_r8_hybrid__e008] [plan] step=202 node=N5914 type=observe q_typed_reliable_context=1.193013 sequence=383.113753
[r21-b15-plan/qreset__horizon_r8_hybrid__e008] [plan] step=203 node=N2302 type=control0 q_typed_reliable_context=1.445618 sequence=384.554371
[r21-b15-plan/qreset__horizon_r8_hybrid__e008] [plan] step=204 node=N6161 type=control1 q_typed_reliable_context=0.776201 sequence=385.330572
[r21-b15-plan/qreset__horizon_r8_hybrid__e008] [plan] step=205 node=N6809 type=control0 q_typed_reliable_context=1.679607 sequence=387.010180
[r21-b15-plan/qreset__horizon_r8_hybrid__e008] [plan] step=206 node=N1864 type=control1 q_typed_reliable_context=1.000892 sequence=388.011072
[r21-b15-plan/qreset__horizon_r8_hybrid__e008] [plan] step=207 node=N2287 type=observe q_typed_reliable_context=2.190388 sequence=390.201460
[r21-b15-plan/qreset__horizon_r8_hybrid__e008] [plan] step=208 node=N752 type=control1 q_typed_reliable_context=2.202953 sequence=392.400413
[r21-b15-plan/qreset__horizon_r8_hybrid__e008] [plan] step=209 node=N2234 type=observe q_typed_reliable_context=2.067812 sequence=394.468225
[r21-b15-plan/qreset__horizon_r8_hybrid__e008] [plan] step=210 node=N2288 type=observe q_typed_reliable_context=1.119870 sequence=395.588095
[r21-b15-plan/qreset__horizon_r8_hybrid__e008] [plan] step=211 node=N6847 type=control0 q_typed_reliable_context=1.471672 sequence=397.059768
[r21-b15-plan/qreset__horizon_r8_hybrid__e008] [plan] step=212 node=N753 type=control1 q_typed_reliable_context=1.435744 sequence=398.491511
[r21-b15-plan/qreset__horizon_r8_hybrid__e008] [plan] step=213 node=N1611 type=observe q_typed_reliable_context=2.158386 sequence=400.649897
[r21-b15-plan/qreset__horizon_r8_hybrid__e008] [plan] step=214 node=N6290 type=control0 q_typed_reliable_context=1.875763 sequence=402.525660
[r21-b15-plan/qreset__horizon_r8_hybrid__e008] [plan] step=215 node=N6810 type=control0 q_typed_reliable_context=0.996477 sequence=403.518137
[r21-b15-plan/qreset__horizon_r8_hybrid__e008] [plan] step=216 node=N651 type=control1 q_typed_reliable_context=1.349976 sequence=404.864113
[r21-b15-plan/qreset__horizon_r8_hybrid__e008] [plan] step=217 node=N6815 type=control0 q_typed_reliable_context=1.281095 sequence=406.145208
[r21-b15-plan/qreset__horizon_r8_hybrid__e008] [plan] step=218 node=N903 type=control1 q_typed_reliable_context=1.522874 sequence=407.664082
[r21-b15-plan/qreset__horizon_r8_hybrid__e008] [plan] step=219 node=N6846 type=control0 q_typed_reliable_context=1.382891 sequence=409.046973
[r21-b15-plan/qreset__horizon_r8_hybrid__e008] [plan] step=220 node=N6124 type=observe q_typed_reliable_context=0.792036 sequence=409.839009
[r21-b15-plan/qreset__horizon_r8_hybrid__e008] [plan] step=221 node=N1610 type=observe q_typed_reliable_context=0.964431 sequence=410.803440
[r21-b15-plan/qreset__horizon_r8_hybrid__e008] [plan] step=222 node=N5210 type=observe q_typed_reliable_context=0.964902 sequence=411.764342
[r21-b15-plan/qreset__horizon_r8_hybrid__e008] [plan] step=223 node=N6849 type=control0 q_typed_reliable_context=1.841812 sequence=413.606154
[r21-b15-plan/qreset__horizon_r8_hybrid__e008] [plan] step=224 node=N6814 type=control0 q_typed_reliable_context=2.174269 sequence=415.776423
[r21-b15-plan/qreset__horizon_r8_hybrid__e008] [plan] step=225 node=N844 type=observe q_typed_reliable_context=0.878709 sequence=416.655132
[r21-b15-plan/qreset__horizon_r8_hybrid__e008] [plan] step=226 node=N1874 type=observe q_typed_reliable_context=1.784174 sequence=418.435307
[r21-b15-plan/qreset__horizon_r8_hybrid__e008] [plan] step=227 node=N726 type=observe q_typed_reliable_context=1.514238 sequence=419.949545
[r21-b15-plan/qreset__horizon_r8_hybrid__e008] [plan] step=228 node=N731 type=observe q_typed_reliable_context=1.304079 sequence=421.249624
[r21-b15-plan/qreset__horizon_r8_hybrid__e008] [plan] step=229 node=N846 type=observe q_typed_reliable_context=1.215695 sequence=422.465318
[r21-b15-plan/qreset__horizon_r8_hybrid__e008] [plan] step=230 node=N5506 type=observe q_typed_reliable_context=1.194264 sequence=423.655583
[r21-b15-plan/qreset__horizon_r8_hybrid__e008] [plan] step=231 node=N716 type=observe q_typed_reliable_context=1.866652 sequence=425.518234
[r21-b15-plan/qreset__horizon_r8_hybrid__e008] [plan] step=232 node=N6332 type=observe q_typed_reliable_context=1.244699 sequence=426.762933
[r21-b15-plan/qreset__horizon_r8_hybrid__e008] [plan] step=233 node=N7802 type=observe q_typed_reliable_context=1.737103 sequence=428.496036
[r21-b15-plan/qreset__horizon_r8_hybrid__e008] [plan] step=234 node=N2216 type=observe q_typed_reliable_context=2.515559 sequence=431.011595
[r21-b15-plan/qreset__horizon_r8_hybrid__e008] [plan] step=235 node=N2218 type=observe q_typed_reliable_context=2.046737 sequence=433.054332
[r21-b15-plan/qreset__horizon_r8_hybrid__e008] [plan] step=236 node=N5930 type=observe q_typed_reliable_context=1.666751 sequence=434.721083
[r21-b15-plan/qreset__horizon_r8_hybrid__e008] [plan] step=237 node=N699 type=observe q_typed_reliable_context=1.691772 sequence=436.412856
[r21-b15-plan/qreset__horizon_r8_hybrid__e008] [plan] step=238 node=N700 type=observe q_typed_reliable_context=2.153557 sequence=438.562412
[r21-b15-plan/qreset__horizon_r8_hybrid__e008] [plan] step=239 node=N701 type=observe q_typed_reliable_context=2.239752 sequence=440.798165
[r21-b15-plan/qreset__horizon_r8_hybrid__e008] [plan] step=240 node=N5751 type=observe q_typed_reliable_context=0.905205 sequence=441.703370
[r21-b15-plan/qreset__horizon_r8_hybrid__e008] [plan] step=241 node=N698 type=observe q_typed_reliable_context=0.895598 sequence=442.594968
[r21-b15-plan/qreset__horizon_r8_hybrid__e008] [plan] step=242 node=N2952 type=control1 q_typed_reliable_context=0.891502 sequence=443.486470
[r21-b15-plan/qreset__horizon_r8_hybrid__e008] [plan] step=243 node=N8316 type=observe q_typed_reliable_context=1.078511 sequence=444.564981
[r21-b15-plan/qreset__horizon_r8_hybrid__e008] [plan] step=244 node=N7405 type=control0 q_typed_reliable_context=2.250900 sequence=446.811881
[r21-b15-plan/qreset__horizon_r8_hybrid__e008] [plan] step=245 node=N708 type=observe q_typed_reliable_context=1.215356 sequence=448.023237
[r21-b15-plan/qreset__horizon_r8_hybrid__e008] [plan] step=246 node=N709 type=observe q_typed_reliable_context=1.237322 sequence=449.256559
[r21-b15-plan/qreset__horizon_r8_hybrid__e008] [plan] step=247 node=N710 type=observe q_typed_reliable_context=1.281626 sequence=450.534185
[r21-b15-plan/qreset__horizon_r8_hybrid__e008] [plan] step=248 node=N707 type=observe q_typed_reliable_context=1.977331 sequence=452.507516
[r21-b15-plan/qreset__horizon_r8_hybrid__e008] [plan] step=249 node=N715 type=observe q_typed_reliable_context=2.215748 sequence=454.719264
[r21-b15-plan/qreset__horizon_r8_hybrid__e008] [plan] step=250 node=N2348 type=control0 q_typed_reliable_context=2.295292 sequence=457.014556
[r21-b15-plan/qreset__horizon_r8_hybrid__e008] [plan] step=251 node=N6438 type=observe q_typed_reliable_context=0.786431 sequence=457.796986
[r21-b15-plan/qreset__horizon_r8_hybrid__e008] [plan] step=252 node=N5478 type=observe q_typed_reliable_context=1.412365 sequence=459.209351
[r21-b15-plan/qreset__horizon_r8_hybrid__e008] [plan] step=253 node=N5879 type=control0 q_typed_reliable_context=1.020784 sequence=460.230135
[r21-b15-plan/qreset__horizon_r8_hybrid__e008] [plan] step=254 node=N2185 type=observe q_typed_reliable_context=1.491017 sequence=461.717152
[r21-b15-plan/qreset__horizon_r8_hybrid__e008] [plan] step=255 node=N2183 type=observe q_typed_reliable_context=1.410998 sequence=463.124150
[r21-b15-plan/qreset__horizon_r8_hybrid__e008] [plan] step=256 node=N2203 type=observe q_typed_reliable_context=1.390465 sequence=464.510615
[r21-b15-plan/qreset__horizon_r8_hybrid__e008] [plan] step=257 node=N2205 type=observe q_typed_reliable_context=1.374376 sequence=465.880991
[r21-b15-plan/qreset__horizon_r8_hybrid__e008] [plan] step=258 node=N2201 type=observe q_typed_reliable_context=2.365620 sequence=468.242611
[r21-b15-plan/qreset__horizon_r8_hybrid__e008] [plan] step=259 node=N2227 type=observe q_typed_reliable_context=2.631162 sequence=470.869773
[r21-b15-plan/qreset__horizon_r8_hybrid__e008] [plan] step=260 node=N703 type=observe q_typed_reliable_context=1.299211 sequence=472.164984
[r21-b15-plan/qreset__horizon_r8_hybrid__e008] [plan] step=261 node=N2224 type=observe q_typed_reliable_context=1.463274 sequence=473.624257
[r21-b15-plan/qreset__horizon_r8_hybrid__e008] [plan] step=262 node=N2243 type=observe q_typed_reliable_context=1.304137 sequence=474.924394
[r21-b15-plan/qreset__horizon_r8_hybrid__e008] [plan] step=263 node=N2212 type=observe q_typed_reliable_context=1.440064 sequence=476.360458
[r21-b15-plan/qreset__horizon_r8_hybrid__e008] [plan] step=264 node=N2214 type=observe q_typed_reliable_context=1.282089 sequence=477.638547
[r21-b15-plan/qreset__horizon_r8_hybrid__e008] [plan] step=265 node=N2269 type=observe q_typed_reliable_context=1.278080 sequence=478.916627
[r21-b15-plan/qreset__horizon_r8_hybrid__e008] [plan] step=266 node=N2271 type=observe q_typed_reliable_context=1.317484 sequence=480.230112
[r21-b15-plan/qreset__horizon_r8_hybrid__e008] [plan] step=267 node=N2220 type=observe q_typed_reliable_context=1.332575 sequence=481.558687
[r21-b15-plan/qreset__horizon_r8_hybrid__e008] [plan] step=268 node=N2222 type=observe q_typed_reliable_context=1.337562 sequence=482.892249
[r21-b15-plan/qreset__horizon_r8_hybrid__e008] [plan] step=269 node=N705 type=observe q_typed_reliable_context=1.115041 sequence=484.003290
[r21-b15-plan/qreset__horizon_r8_hybrid__e008] [plan] step=270 node=N2253 type=observe q_typed_reliable_context=1.549159 sequence=485.552449
[r21-b15-plan/qreset__horizon_r8_hybrid__e008] [plan] step=271 node=N2255 type=observe q_typed_reliable_context=1.469682 sequence=487.018131
[r21-b15-plan/qreset__horizon_r8_hybrid__e008] [plan] step=272 node=N7801 type=observe q_typed_reliable_context=1.181254 sequence=488.199385
[r21-b15-plan/qreset__horizon_r8_hybrid__e008] [plan] step=273 node=N2257 type=observe q_typed_reliable_context=1.636736 sequence=489.836121
[r21-b15-plan/qreset__horizon_r8_hybrid__e008] [plan] step=274 node=N2259 type=observe q_typed_reliable_context=2.161914 sequence=491.994035
[r21-b15-plan/qreset__horizon_r8_hybrid__e008] [plan] step=275 node=N2210 type=observe q_typed_reliable_context=2.149253 sequence=494.139289
[r21-b15-plan/qreset__horizon_r8_hybrid__e008] [plan] step=276 node=N2207 type=observe q_typed_reliable_context=2.090473 sequence=496.225762
[r21-b15-plan/qreset__horizon_r8_hybrid__e008] [plan] step=277 node=N2193 type=observe q_typed_reliable_context=2.871492 sequence=499.093254
[r21-b15-plan/qreset__horizon_r8_hybrid__e008] [plan] step=278 node=N7603 type=observe q_typed_reliable_context=1.479489 sequence=500.572744
[r21-b15-plan/qreset__horizon_r8_hybrid__e008] saved=autoresearch/loop-260720-0945/model_training_round21_horizon_return_b15/plans/qreset__horizon_r8_hybrid__e008.csv
