[r21-b15-plan/direct__horizon_r8_hybrid__e008] [plan] torch_deterministic=true
[r21-b15-plan/direct__horizon_r8_hybrid__e008] [plan] candidate_allowlist=autoresearch/original-netlist-recovery-260712/exact_itc99/b15_C/exact_candidate_nodes.txt nodes=7918
[r21-b15-plan/direct__horizon_r8_hybrid__e008] [plan] prefix_plan=autoresearch/loop-260720-0945/typed_winner_round8_five/b15_C/best_plans/iscas99__b15_1.csv prefix_actions=192 continue_at_step=193
[r21-b15-plan/direct__horizon_r8_hybrid__e008] [plan] latent_norm_clip_ratio=4 latent_norm_limit=30.875631
[r21-b15-plan/direct__horizon_r8_hybrid__e008] [plan] prefix_state_mode=replay replayed_actions=192
[r21-b15-plan/direct__horizon_r8_hybrid__e008] [plan] step=193 node=N6435 type=observe typed_return_pred=1.194726 sequence=368.037318
[r21-b15-plan/direct__horizon_r8_hybrid__e008] [plan] step=194 node=N6203 type=observe typed_return_pred=1.497886 sequence=369.535204
[r21-b15-plan/direct__horizon_r8_hybrid__e008] [plan] step=195 node=N5584 type=observe typed_return_pred=1.526437 sequence=371.061641
[r21-b15-plan/direct__horizon_r8_hybrid__e008] [plan] step=196 node=N2191 type=observe typed_return_pred=1.523703 sequence=372.585344
[r21-b15-plan/direct__horizon_r8_hybrid__e008] [plan] step=197 node=N5478 type=observe typed_return_pred=1.505539 sequence=374.090883
[r21-b15-plan/direct__horizon_r8_hybrid__e008] [plan] step=198 node=N6561 type=observe typed_return_pred=1.510190 sequence=375.601073
[r21-b15-plan/direct__horizon_r8_hybrid__e008] [plan] step=199 node=N6168 type=observe typed_return_pred=1.385794 sequence=376.982867
[r21-b15-plan/direct__horizon_r8_hybrid__e008] [plan] step=200 node=N5914 type=observe typed_return_pred=1.400980 sequence=378.383847
[r21-b15-plan/direct__horizon_r8_hybrid__e008] [plan] step=201 node=N6162 type=observe typed_return_pred=1.326614 sequence=379.710461
[r21-b15-plan/direct__horizon_r8_hybrid__e008] [plan] step=202 node=N6158 type=observe typed_return_pred=1.323803 sequence=381.034264
[r21-b15-plan/direct__horizon_r8_hybrid__e008] [plan] step=203 node=N5905 type=observe typed_return_pred=1.483984 sequence=382.513249
[r21-b15-plan/direct__horizon_r8_hybrid__e008] [plan] step=204 node=N2187 type=observe typed_return_pred=1.325891 sequence=383.835139
[r21-b15-plan/direct__horizon_r8_hybrid__e008] [plan] step=205 node=N2285 type=observe typed_return_pred=1.417991 sequence=385.253130
[r21-b15-plan/direct__horizon_r8_hybrid__e008] [plan] step=206 node=N2231 type=observe typed_return_pred=1.320838 sequence=386.573969
[r21-b15-plan/direct__horizon_r8_hybrid__e008] [plan] step=207 node=N8309 type=observe typed_return_pred=1.395881 sequence=387.969850
[r21-b15-plan/direct__horizon_r8_hybrid__e008] [plan] step=208 node=N5747 type=observe typed_return_pred=1.487446 sequence=389.457296
[r21-b15-plan/direct__horizon_r8_hybrid__e008] [plan] step=209 node=N8074 type=observe typed_return_pred=1.316873 sequence=390.774169
[r21-b15-plan/direct__horizon_r8_hybrid__e008] [plan] step=210 node=N6628 type=observe typed_return_pred=1.342250 sequence=392.116419
[r21-b15-plan/direct__horizon_r8_hybrid__e008] [plan] step=211 node=N6566 type=observe typed_return_pred=1.436127 sequence=393.552546
[r21-b15-plan/direct__horizon_r8_hybrid__e008] [plan] step=212 node=N8310 type=observe typed_return_pred=1.372427 sequence=394.920974
[r21-b15-plan/direct__horizon_r8_hybrid__e008] [plan] step=213 node=N6622 type=observe typed_return_pred=1.312346 sequence=396.229320
[r21-b15-plan/direct__horizon_r8_hybrid__e008] [plan] step=214 node=N6632 type=observe typed_return_pred=1.314097 sequence=397.543417
[r21-b15-plan/direct__horizon_r8_hybrid__e008] [plan] step=215 node=N6108 type=observe typed_return_pred=1.473508 sequence=399.016925
[r21-b15-plan/direct__horizon_r8_hybrid__e008] [plan] step=216 node=N6164 type=observe typed_return_pred=1.353336 sequence=400.370261
[r21-b15-plan/direct__horizon_r8_hybrid__e008] [plan] step=217 node=N6626 type=observe typed_return_pred=1.312721 sequence=401.682983
[r21-b15-plan/direct__horizon_r8_hybrid__e008] [plan] step=218 node=N6630 type=observe typed_return_pred=1.314381 sequence=402.997364
[r21-b15-plan/direct__horizon_r8_hybrid__e008] [plan] step=219 node=N8080 type=observe typed_return_pred=1.504837 sequence=404.502201
[r21-b15-plan/direct__horizon_r8_hybrid__e008] [plan] step=220 node=N1611 type=observe typed_return_pred=1.269150 sequence=405.771351
[r21-b15-plan/direct__horizon_r8_hybrid__e008] [plan] step=221 node=N5494 type=observe typed_return_pred=1.254541 sequence=407.025892
[r21-b15-plan/direct__horizon_r8_hybrid__e008] [plan] step=222 node=N716 type=observe typed_return_pred=1.283795 sequence=408.309687
[r21-b15-plan/direct__horizon_r8_hybrid__e008] [plan] step=223 node=N731 type=observe typed_return_pred=1.273448 sequence=409.583135
[r21-b15-plan/direct__horizon_r8_hybrid__e008] [plan] step=224 node=N726 type=observe typed_return_pred=1.258007 sequence=410.837142
[r21-b15-plan/direct__horizon_r8_hybrid__e008] [plan] step=225 node=N8312 type=observe typed_return_pred=1.160710 sequence=411.997852
[r21-b15-plan/direct__horizon_r8_hybrid__e008] [plan] step=226 node=N1874 type=observe typed_return_pred=1.103742 sequence=413.097594
[r21-b15-plan/direct__horizon_r8_hybrid__e008] [plan] step=227 node=N6624 type=observe typed_return_pred=1.076305 sequence=414.173899
[r21-b15-plan/direct__horizon_r8_hybrid__e008] [plan] step=228 node=N6634 type=observe typed_return_pred=1.039892 sequence=415.213791
[r21-b15-plan/direct__horizon_r8_hybrid__e008] [plan] step=229 node=N5581 type=observe typed_return_pred=1.055757 sequence=416.269547
[r21-b15-plan/direct__horizon_r8_hybrid__e008] [plan] step=230 node=N7401 type=observe typed_return_pred=1.224159 sequence=417.489706
[r21-b15-plan/direct__horizon_r8_hybrid__e008] [plan] step=231 node=N1854 type=observe typed_return_pred=1.009102 sequence=418.494808
[r21-b15-plan/direct__horizon_r8_hybrid__e008] [plan] step=232 node=N2216 type=observe typed_return_pred=1.134792 sequence=419.629601
[r21-b15-plan/direct__horizon_r8_hybrid__e008] [plan] step=233 node=N2218 type=observe typed_return_pred=1.158896 sequence=420.784497
[r21-b15-plan/direct__horizon_r8_hybrid__e008] [plan] step=234 node=N7500 type=observe typed_return_pred=1.031607 sequence=421.816104
[r21-b15-plan/direct__horizon_r8_hybrid__e008] [plan] step=235 node=N699 type=observe typed_return_pred=1.077705 sequence=422.893809
[r21-b15-plan/direct__horizon_r8_hybrid__e008] [plan] step=236 node=N698 type=observe typed_return_pred=1.064451 sequence=423.954260
[r21-b15-plan/direct__horizon_r8_hybrid__e008] [plan] step=237 node=N700 type=observe typed_return_pred=1.019632 sequence=424.969892
[r21-b15-plan/direct__horizon_r8_hybrid__e008] [plan] step=238 node=N703 type=observe typed_return_pred=1.117991 sequence=426.083883
[r21-b15-plan/direct__horizon_r8_hybrid__e008] [plan] step=239 node=N705 type=observe typed_return_pred=1.016159 sequence=427.096042
[r21-b15-plan/direct__horizon_r8_hybrid__e008] [plan] step=240 node=N707 type=observe typed_return_pred=1.101349 sequence=428.193391
[r21-b15-plan/direct__horizon_r8_hybrid__e008] [plan] step=241 node=N708 type=observe typed_return_pred=1.128032 sequence=429.317423
[r21-b15-plan/direct__horizon_r8_hybrid__e008] [plan] step=242 node=N709 type=observe typed_return_pred=1.088034 sequence=430.401457
[r21-b15-plan/direct__horizon_r8_hybrid__e008] [plan] step=243 node=N701 type=observe typed_return_pred=1.020481 sequence=431.417938
[r21-b15-plan/direct__horizon_r8_hybrid__e008] [plan] step=244 node=N715 type=observe typed_return_pred=1.030437 sequence=432.444374
[r21-b15-plan/direct__horizon_r8_hybrid__e008] [plan] step=245 node=N7512 type=observe typed_return_pred=0.928870 sequence=433.368245
[r21-b15-plan/direct__horizon_r8_hybrid__e008] [plan] step=246 node=N545 type=observe typed_return_pred=1.291828 sequence=434.656073
[r21-b15-plan/direct__horizon_r8_hybrid__e008] [plan] step=247 node=N710 type=observe typed_return_pred=1.348362 sequence=436.000434
[r21-b15-plan/direct__horizon_r8_hybrid__e008] [plan] step=248 node=N2183 type=observe typed_return_pred=1.489958 sequence=437.486392
[r21-b15-plan/direct__horizon_r8_hybrid__e008] [plan] step=249 node=N2185 type=observe typed_return_pred=1.467871 sequence=438.950263
[r21-b15-plan/direct__horizon_r8_hybrid__e008] [plan] step=250 node=N6167 type=observe typed_return_pred=1.307319 sequence=440.257582
[r21-b15-plan/direct__horizon_r8_hybrid__e008] [plan] step=251 node=N2204 type=observe typed_return_pred=1.460128 sequence=441.713710
[r21-b15-plan/direct__horizon_r8_hybrid__e008] [plan] step=252 node=N2201 type=observe typed_return_pred=1.403339 sequence=443.113049
[r21-b15-plan/direct__horizon_r8_hybrid__e008] [plan] step=253 node=N543 type=observe typed_return_pred=1.279472 sequence=444.388521
[r21-b15-plan/direct__horizon_r8_hybrid__e008] [plan] step=254 node=N2225 type=observe typed_return_pred=1.460677 sequence=445.845198
[r21-b15-plan/direct__horizon_r8_hybrid__e008] [plan] step=255 node=N2244 type=observe typed_return_pred=1.454684 sequence=447.295882
[r21-b15-plan/direct__horizon_r8_hybrid__e008] [plan] step=256 node=N541 type=observe typed_return_pred=1.369473 sequence=448.661354
[r21-b15-plan/direct__horizon_r8_hybrid__e008] [plan] step=257 node=N2213 type=observe typed_return_pred=1.427935 sequence=450.085290
[r21-b15-plan/direct__horizon_r8_hybrid__e008] [plan] step=258 node=N2270 type=observe typed_return_pred=1.507846 sequence=451.593136
[r21-b15-plan/direct__horizon_r8_hybrid__e008] [plan] step=259 node=N2221 type=observe typed_return_pred=1.463805 sequence=453.052941
[r21-b15-plan/direct__horizon_r8_hybrid__e008] [plan] step=260 node=N539 type=observe typed_return_pred=1.365385 sequence=454.414326
[r21-b15-plan/direct__horizon_r8_hybrid__e008] [plan] step=261 node=N2253 type=observe typed_return_pred=1.560888 sequence=455.975214
[r21-b15-plan/direct__horizon_r8_hybrid__e008] [plan] step=262 node=N2256 type=observe typed_return_pred=1.534952 sequence=457.506166
[r21-b15-plan/direct__horizon_r8_hybrid__e008] [plan] step=263 node=N537 type=observe typed_return_pred=1.365521 sequence=458.867687
[r21-b15-plan/direct__horizon_r8_hybrid__e008] [plan] step=264 node=N2257 type=observe typed_return_pred=1.576762 sequence=460.444449
[r21-b15-plan/direct__horizon_r8_hybrid__e008] [plan] step=265 node=N2260 type=observe typed_return_pred=1.595704 sequence=462.036153
[r21-b15-plan/direct__horizon_r8_hybrid__e008] [plan] step=266 node=N535 type=observe typed_return_pred=1.367726 sequence=463.399879
[r21-b15-plan/direct__horizon_r8_hybrid__e008] [plan] step=267 node=N2210 type=observe typed_return_pred=1.493016 sequence=464.888895
[r21-b15-plan/direct__horizon_r8_hybrid__e008] [plan] step=268 node=N2208 type=observe typed_return_pred=1.563630 sequence=466.448525
[r21-b15-plan/direct__horizon_r8_hybrid__e008] [plan] step=269 node=N533 type=observe typed_return_pred=1.369809 sequence=467.814333
[r21-b15-plan/direct__horizon_r8_hybrid__e008] [plan] step=270 node=N2265 type=observe typed_return_pred=1.484670 sequence=469.299003
[r21-b15-plan/direct__horizon_r8_hybrid__e008] [plan] step=271 node=N2267 type=observe typed_return_pred=1.423512 sequence=470.718515
[r21-b15-plan/direct__horizon_r8_hybrid__e008] [plan] step=272 node=N531 type=observe typed_return_pred=1.368650 sequence=472.083165
[r21-b15-plan/direct__horizon_r8_hybrid__e008] [plan] step=273 node=N2261 type=observe typed_return_pred=1.469062 sequence=473.552227
[r21-b15-plan/direct__horizon_r8_hybrid__e008] [plan] step=274 node=N846 type=observe typed_return_pred=1.344555 sequence=474.896782
[r21-b15-plan/direct__horizon_r8_hybrid__e008] [plan] step=275 node=N490 type=observe typed_return_pred=1.314931 sequence=476.211714
[r21-b15-plan/direct__horizon_r8_hybrid__e008] [plan] step=276 node=N2249 type=observe typed_return_pred=1.474473 sequence=477.686187
[r21-b15-plan/direct__horizon_r8_hybrid__e008] [plan] step=277 node=N7603 type=observe typed_return_pred=1.281307 sequence=478.967494
[r21-b15-plan/direct__horizon_r8_hybrid__e008] [plan] step=278 node=N7505 type=observe typed_return_pred=1.249257 sequence=480.212751
[r21-b15-plan/direct__horizon_r8_hybrid__e008] saved=autoresearch/loop-260720-0945/model_training_round21_horizon_return_b15/plans/direct__horizon_r8_hybrid__e008.csv
