[r21-b15-plan/qreset__horizon_r10_pairwise__e006] [plan] torch_deterministic=true
[r21-b15-plan/qreset__horizon_r10_pairwise__e006] [plan] candidate_allowlist=autoresearch/original-netlist-recovery-260712/exact_itc99/b15_C/exact_candidate_nodes.txt nodes=7918
[r21-b15-plan/qreset__horizon_r10_pairwise__e006] [plan] prefix_plan=autoresearch/loop-260720-0945/typed_winner_round8_five/b15_C/best_plans/iscas99__b15_1.csv prefix_actions=192 continue_at_step=193
[r21-b15-plan/qreset__horizon_r10_pairwise__e006] [plan] latent_norm_clip_ratio=4 latent_norm_limit=30.875631
[r21-b15-plan/qreset__horizon_r10_pairwise__e006] [plan] prefix_state_mode=replay replayed_actions=192
[r21-b15-plan/qreset__horizon_r10_pairwise__e006] [plan] step=193 node=N6121 type=observe q_typed_reliable_context=1.762414 sequence=368.605007
[r21-b15-plan/qreset__horizon_r10_pairwise__e006] [plan] step=194 node=N902 type=control1 q_typed_reliable_context=1.063340 sequence=369.664347
[r21-b15-plan/qreset__horizon_r10_pairwise__e006] [plan] step=195 node=N7709 type=observe q_typed_reliable_context=2.403969 sequence=372.068316
[r21-b15-plan/qreset__horizon_r10_pairwise__e006] [plan] step=196 node=N2285 type=observe q_typed_reliable_context=1.078825 sequence=373.147141
[r21-b15-plan/qreset__horizon_r10_pairwise__e006] [plan] step=197 node=N2284 type=observe q_typed_reliable_context=2.225518 sequence=375.372659
[r21-b15-plan/qreset__horizon_r10_pairwise__e006] [plan] step=198 node=N2191 type=observe q_typed_reliable_context=1.706258 sequence=377.078917
[r21-b15-plan/qreset__horizon_r10_pairwise__e006] [plan] step=199 node=N2188 type=observe q_typed_reliable_context=1.530165 sequence=378.609082
[r21-b15-plan/qreset__horizon_r10_pairwise__e006] [plan] step=200 node=N5902 type=control0 q_typed_reliable_context=1.377444 sequence=379.986526
[r21-b15-plan/qreset__horizon_r10_pairwise__e006] [plan] step=201 node=N2280 type=observe q_typed_reliable_context=1.941240 sequence=381.923766
[r21-b15-plan/qreset__horizon_r10_pairwise__e006] [plan] step=202 node=N5914 type=observe q_typed_reliable_context=1.166842 sequence=383.090607
[r21-b15-plan/qreset__horizon_r10_pairwise__e006] [plan] step=203 node=N2302 type=control0 q_typed_reliable_context=1.445618 sequence=384.531226
[r21-b15-plan/qreset__horizon_r10_pairwise__e006] [plan] step=204 node=N1864 type=control1 q_typed_reliable_context=0.779222 sequence=385.310448
[r21-b15-plan/qreset__horizon_r10_pairwise__e006] [plan] step=205 node=N6809 type=control0 q_typed_reliable_context=1.750712 sequence=387.061159
[r21-b15-plan/qreset__horizon_r10_pairwise__e006] [plan] step=206 node=N752 type=control1 q_typed_reliable_context=1.000160 sequence=388.057319
[r21-b15-plan/qreset__horizon_r10_pairwise__e006] [plan] step=207 node=N2287 type=observe q_typed_reliable_context=1.870338 sequence=389.927657
[r21-b15-plan/qreset__horizon_r10_pairwise__e006] [plan] step=208 node=N6847 type=control0 q_typed_reliable_context=1.968510 sequence=391.896167
[r21-b15-plan/qreset__horizon_r10_pairwise__e006] [plan] step=209 node=N2234 type=observe q_typed_reliable_context=1.669152 sequence=393.565319
[r21-b15-plan/qreset__horizon_r10_pairwise__e006] [plan] step=210 node=N6161 type=control1 q_typed_reliable_context=1.669316 sequence=395.234635
[r21-b15-plan/qreset__horizon_r10_pairwise__e006] [plan] step=211 node=N753 type=control1 q_typed_reliable_context=1.931246 sequence=397.161881
[r21-b15-plan/qreset__horizon_r10_pairwise__e006] [plan] step=212 node=N1611 type=observe q_typed_reliable_context=1.660066 sequence=398.821947
[r21-b15-plan/qreset__horizon_r10_pairwise__e006] [plan] step=213 node=N6290 type=control0 q_typed_reliable_context=1.439724 sequence=400.261671
[r21-b15-plan/qreset__horizon_r10_pairwise__e006] [plan] step=214 node=N651 type=control1 q_typed_reliable_context=1.556786 sequence=401.814456
[r21-b15-plan/qreset__horizon_r10_pairwise__e006] [plan] step=215 node=N6810 type=control0 q_typed_reliable_context=1.571083 sequence=403.381539
[r21-b15-plan/qreset__horizon_r10_pairwise__e006] [plan] step=216 node=N2288 type=observe q_typed_reliable_context=1.163658 sequence=404.545197
[r21-b15-plan/qreset__horizon_r10_pairwise__e006] [plan] step=217 node=N6815 type=control0 q_typed_reliable_context=1.513115 sequence=406.058312
[r21-b15-plan/qreset__horizon_r10_pairwise__e006] [plan] step=218 node=N6846 type=control0 q_typed_reliable_context=0.951773 sequence=407.010085
[r21-b15-plan/qreset__horizon_r10_pairwise__e006] [plan] step=219 node=N6814 type=control0 q_typed_reliable_context=0.703095 sequence=407.709180
[r21-b15-plan/qreset__horizon_r10_pairwise__e006] [plan] step=220 node=N6849 type=control0 q_typed_reliable_context=0.768802 sequence=408.477982
[r21-b15-plan/qreset__horizon_r10_pairwise__e006] [plan] step=221 node=N844 type=observe q_typed_reliable_context=0.565119 sequence=409.043101
[r21-b15-plan/qreset__horizon_r10_pairwise__e006] [plan] step=222 node=N1610 type=observe q_typed_reliable_context=0.666056 sequence=409.709157
[r21-b15-plan/qreset__horizon_r10_pairwise__e006] [plan] step=223 node=N6203 type=observe q_typed_reliable_context=0.955720 sequence=410.664877
[r21-b15-plan/qreset__horizon_r10_pairwise__e006] [plan] step=224 node=N846 type=observe q_typed_reliable_context=1.314655 sequence=411.979532
[r21-b15-plan/qreset__horizon_r10_pairwise__e006] [plan] step=225 node=N5506 type=observe q_typed_reliable_context=0.672621 sequence=412.648153
[r21-b15-plan/qreset__horizon_r10_pairwise__e006] [plan] step=226 node=N1874 type=observe q_typed_reliable_context=1.788077 sequence=414.432230
[r21-b15-plan/qreset__horizon_r10_pairwise__e006] [plan] step=227 node=N731 type=observe q_typed_reliable_context=2.143860 sequence=416.576090
[r21-b15-plan/qreset__horizon_r10_pairwise__e006] [plan] step=228 node=N716 type=observe q_typed_reliable_context=1.505781 sequence=418.081871
[r21-b15-plan/qreset__horizon_r10_pairwise__e006] [plan] step=229 node=N726 type=observe q_typed_reliable_context=1.492578 sequence=419.570448
[r21-b15-plan/qreset__horizon_r10_pairwise__e006] [plan] step=230 node=N903 type=control1 q_typed_reliable_context=1.420935 sequence=420.987383
[r21-b15-plan/qreset__horizon_r10_pairwise__e006] [plan] step=231 node=N5930 type=observe q_typed_reliable_context=1.826383 sequence=422.813766
[r21-b15-plan/qreset__horizon_r10_pairwise__e006] [plan] step=232 node=N6332 type=observe q_typed_reliable_context=1.116231 sequence=423.929998
[r21-b15-plan/qreset__horizon_r10_pairwise__e006] [plan] step=233 node=N5751 type=observe q_typed_reliable_context=0.931233 sequence=424.861231
[r21-b15-plan/qreset__horizon_r10_pairwise__e006] [plan] step=234 node=N6124 type=observe q_typed_reliable_context=1.887380 sequence=426.748611
[r21-b15-plan/qreset__horizon_r10_pairwise__e006] [plan] step=235 node=N5478 type=observe q_typed_reliable_context=1.283514 sequence=428.032125
[r21-b15-plan/qreset__horizon_r10_pairwise__e006] [plan] step=236 node=N2219 type=observe q_typed_reliable_context=1.345911 sequence=429.378036
[r21-b15-plan/qreset__horizon_r10_pairwise__e006] [plan] step=237 node=N2216 type=observe q_typed_reliable_context=1.806205 sequence=431.180241
[r21-b15-plan/qreset__horizon_r10_pairwise__e006] [plan] step=238 node=N5210 type=observe q_typed_reliable_context=0.948426 sequence=432.124666
[r21-b15-plan/qreset__horizon_r10_pairwise__e006] [plan] step=239 node=N7802 type=observe q_typed_reliable_context=0.982395 sequence=433.103061
[r21-b15-plan/qreset__horizon_r10_pairwise__e006] [plan] step=240 node=N707 type=observe q_typed_reliable_context=1.643403 sequence=434.746464
[r21-b15-plan/qreset__horizon_r10_pairwise__e006] [plan] step=241 node=N703 type=observe q_typed_reliable_context=1.320442 sequence=436.062907
[r21-b15-plan/qreset__horizon_r10_pairwise__e006] [plan] step=242 node=N709 type=observe q_typed_reliable_context=1.500977 sequence=437.559883
[r21-b15-plan/qreset__horizon_r10_pairwise__e006] [plan] step=243 node=N699 type=observe q_typed_reliable_context=1.657251 sequence=439.217135
[r21-b15-plan/qreset__horizon_r10_pairwise__e006] [plan] step=244 node=N715 type=observe q_typed_reliable_context=1.570130 sequence=440.783265
[r21-b15-plan/qreset__horizon_r10_pairwise__e006] [plan] step=245 node=N698 type=observe q_typed_reliable_context=1.462230 sequence=442.241495
[r21-b15-plan/qreset__horizon_r10_pairwise__e006] [plan] step=246 node=N7405 type=control0 q_typed_reliable_context=2.658732 sequence=444.896228
[r21-b15-plan/qreset__horizon_r10_pairwise__e006] [plan] step=247 node=N2184 type=observe q_typed_reliable_context=1.984270 sequence=446.880498
[r21-b15-plan/qreset__horizon_r10_pairwise__e006] [plan] step=248 node=N2348 type=control0 q_typed_reliable_context=1.778774 sequence=448.659272
[r21-b15-plan/qreset__horizon_r10_pairwise__e006] [plan] step=249 node=N2204 type=observe q_typed_reliable_context=1.770594 sequence=450.429865
[r21-b15-plan/qreset__horizon_r10_pairwise__e006] [plan] step=250 node=N2201 type=observe q_typed_reliable_context=1.426022 sequence=451.851887
[r21-b15-plan/qreset__horizon_r10_pairwise__e006] [plan] step=251 node=N701 type=observe q_typed_reliable_context=1.592766 sequence=453.440653
[r21-b15-plan/qreset__horizon_r10_pairwise__e006] [plan] step=252 node=N700 type=observe q_typed_reliable_context=1.431194 sequence=454.867847
[r21-b15-plan/qreset__horizon_r10_pairwise__e006] [plan] step=253 node=N2225 type=observe q_typed_reliable_context=1.557987 sequence=456.425835
[r21-b15-plan/qreset__horizon_r10_pairwise__e006] [plan] step=254 node=N705 type=observe q_typed_reliable_context=1.408438 sequence=457.830272
[r21-b15-plan/qreset__horizon_r10_pairwise__e006] [plan] step=255 node=N710 type=observe q_typed_reliable_context=1.332023 sequence=459.158295
[r21-b15-plan/qreset__horizon_r10_pairwise__e006] [plan] step=256 node=N708 type=observe q_typed_reliable_context=1.417204 sequence=460.571499
[r21-b15-plan/qreset__horizon_r10_pairwise__e006] [plan] step=257 node=N2243 type=observe q_typed_reliable_context=2.317470 sequence=462.884969
[r21-b15-plan/qreset__horizon_r10_pairwise__e006] [plan] step=258 node=N7603 type=observe q_typed_reliable_context=2.001953 sequence=464.886922
[r21-b15-plan/qreset__horizon_r10_pairwise__e006] [plan] step=259 node=N2212 type=observe q_typed_reliable_context=2.327603 sequence=467.210525
[r21-b15-plan/qreset__horizon_r10_pairwise__e006] [plan] step=260 node=N2272 type=observe q_typed_reliable_context=2.313997 sequence=469.524522
[r21-b15-plan/qreset__horizon_r10_pairwise__e006] [plan] step=261 node=N2220 type=observe q_typed_reliable_context=2.876035 sequence=472.396557
[r21-b15-plan/qreset__horizon_r10_pairwise__e006] [plan] step=262 node=N2269 type=observe q_typed_reliable_context=2.684930 sequence=475.077487
[r21-b15-plan/qreset__horizon_r10_pairwise__e006] [plan] step=263 node=N2214 type=observe q_typed_reliable_context=2.003286 sequence=477.076774
[r21-b15-plan/qreset__horizon_r10_pairwise__e006] [plan] step=264 node=N2222 type=observe q_typed_reliable_context=1.903443 sequence=478.976216
[r21-b15-plan/qreset__horizon_r10_pairwise__e006] [plan] step=265 node=N2253 type=observe q_typed_reliable_context=1.787016 sequence=480.763233
[r21-b15-plan/qreset__horizon_r10_pairwise__e006] [plan] step=266 node=N2255 type=observe q_typed_reliable_context=1.861596 sequence=482.620829
[r21-b15-plan/qreset__horizon_r10_pairwise__e006] [plan] step=267 node=N7801 type=observe q_typed_reliable_context=1.504605 sequence=484.125433
[r21-b15-plan/qreset__horizon_r10_pairwise__e006] [plan] step=268 node=N2257 type=observe q_typed_reliable_context=1.633569 sequence=485.759003
[r21-b15-plan/qreset__horizon_r10_pairwise__e006] [plan] step=269 node=N2259 type=observe q_typed_reliable_context=1.755980 sequence=487.510983
[r21-b15-plan/qreset__horizon_r10_pairwise__e006] [plan] step=270 node=N2210 type=observe q_typed_reliable_context=1.829587 sequence=489.336570
[r21-b15-plan/qreset__horizon_r10_pairwise__e006] [plan] step=271 node=N2207 type=observe q_typed_reliable_context=2.344800 sequence=491.677370
[r21-b15-plan/qreset__horizon_r10_pairwise__e006] [plan] step=272 node=N2193 type=observe q_typed_reliable_context=2.974076 sequence=494.647446
[r21-b15-plan/qreset__horizon_r10_pairwise__e006] [plan] step=273 node=N8316 type=observe q_typed_reliable_context=1.356563 sequence=496.004010
[r21-b15-plan/qreset__horizon_r10_pairwise__e006] [plan] step=274 node=N8083 type=observe q_typed_reliable_context=1.063948 sequence=497.067957
[r21-b15-plan/qreset__horizon_r10_pairwise__e006] [plan] step=275 node=N2265 type=observe q_typed_reliable_context=1.804736 sequence=498.872693
[r21-b15-plan/qreset__horizon_r10_pairwise__e006] [plan] step=276 node=N2267 type=observe q_typed_reliable_context=1.582366 sequence=500.451059
[r21-b15-plan/qreset__horizon_r10_pairwise__e006] [plan] step=277 node=N2261 type=observe q_typed_reliable_context=1.533365 sequence=501.984424
[r21-b15-plan/qreset__horizon_r10_pairwise__e006] [plan] step=278 node=N2263 type=observe q_typed_reliable_context=1.674847 sequence=503.655271
[r21-b15-plan/qreset__horizon_r10_pairwise__e006] saved=autoresearch/loop-260720-0945/model_training_round21_horizon_return_b15/plans/qreset__horizon_r10_pairwise__e006.csv
