[r21-b15-plan/direct__horizon_r8_hybrid__e006] [plan] torch_deterministic=true
[r21-b15-plan/direct__horizon_r8_hybrid__e006] [plan] candidate_allowlist=autoresearch/original-netlist-recovery-260712/exact_itc99/b15_C/exact_candidate_nodes.txt nodes=7918
[r21-b15-plan/direct__horizon_r8_hybrid__e006] [plan] prefix_plan=autoresearch/loop-260720-0945/typed_winner_round8_five/b15_C/best_plans/iscas99__b15_1.csv prefix_actions=192 continue_at_step=193
[r21-b15-plan/direct__horizon_r8_hybrid__e006] [plan] latent_norm_clip_ratio=4 latent_norm_limit=30.875631
[r21-b15-plan/direct__horizon_r8_hybrid__e006] [plan] prefix_state_mode=replay replayed_actions=192
[r21-b15-plan/direct__horizon_r8_hybrid__e006] [plan] step=193 node=N6435 type=observe typed_return_pred=1.215361 sequence=368.057954
[r21-b15-plan/direct__horizon_r8_hybrid__e006] [plan] step=194 node=N6203 type=observe typed_return_pred=1.517511 sequence=369.575465
[r21-b15-plan/direct__horizon_r8_hybrid__e006] [plan] step=195 node=N5584 type=observe typed_return_pred=1.548136 sequence=371.123601
[r21-b15-plan/direct__horizon_r8_hybrid__e006] [plan] step=196 node=N2191 type=observe typed_return_pred=1.542130 sequence=372.665731
[r21-b15-plan/direct__horizon_r8_hybrid__e006] [plan] step=197 node=N5478 type=observe typed_return_pred=1.524929 sequence=374.190660
[r21-b15-plan/direct__horizon_r8_hybrid__e006] [plan] step=198 node=N6561 type=observe typed_return_pred=1.525118 sequence=375.715778
[r21-b15-plan/direct__horizon_r8_hybrid__e006] [plan] step=199 node=N6168 type=observe typed_return_pred=1.398810 sequence=377.110588
[r21-b15-plan/direct__horizon_r8_hybrid__e006] [plan] step=200 node=N5914 type=observe typed_return_pred=1.409705 sequence=378.520293
[r21-b15-plan/direct__horizon_r8_hybrid__e006] [plan] step=201 node=N5905 type=observe typed_return_pred=1.491043 sequence=380.006336
[r21-b15-plan/direct__horizon_r8_hybrid__e006] [plan] step=202 node=N6162 type=observe typed_return_pred=1.341080 sequence=381.347416
[r21-b15-plan/direct__horizon_r8_hybrid__e006] [plan] step=203 node=N6158 type=observe typed_return_pred=1.342269 sequence=382.689685
[r21-b15-plan/direct__horizon_r8_hybrid__e006] [plan] step=204 node=N5747 type=observe typed_return_pred=1.499219 sequence=384.188904
[r21-b15-plan/direct__horizon_r8_hybrid__e006] [plan] step=205 node=N2187 type=observe typed_return_pred=1.341638 sequence=385.526543
[r21-b15-plan/direct__horizon_r8_hybrid__e006] [plan] step=206 node=N2231 type=observe typed_return_pred=1.328825 sequence=386.855368
[r21-b15-plan/direct__horizon_r8_hybrid__e006] [plan] step=207 node=N2285 type=observe typed_return_pred=1.429258 sequence=388.284626
[r21-b15-plan/direct__horizon_r8_hybrid__e006] [plan] step=208 node=N8309 type=observe typed_return_pred=1.408416 sequence=389.693042
[r21-b15-plan/direct__horizon_r8_hybrid__e006] [plan] step=209 node=N8074 type=observe typed_return_pred=1.311251 sequence=391.004294
[r21-b15-plan/direct__horizon_r8_hybrid__e006] [plan] step=210 node=N5581 type=observe typed_return_pred=1.357804 sequence=392.362097
[r21-b15-plan/direct__horizon_r8_hybrid__e006] [plan] step=211 node=N8310 type=observe typed_return_pred=1.422974 sequence=393.781071
[r21-b15-plan/direct__horizon_r8_hybrid__e006] [plan] step=212 node=N6628 type=observe typed_return_pred=1.330023 sequence=395.111094
[r21-b15-plan/direct__horizon_r8_hybrid__e006] [plan] step=213 node=N6632 type=observe typed_return_pred=1.319319 sequence=396.430413
[r21-b15-plan/direct__horizon_r8_hybrid__e006] [plan] step=214 node=N6108 type=observe typed_return_pred=1.485775 sequence=397.916189
[r21-b15-plan/direct__horizon_r8_hybrid__e006] [plan] step=215 node=N6164 type=observe typed_return_pred=1.362337 sequence=399.278526
[r21-b15-plan/direct__horizon_r8_hybrid__e006] [plan] step=216 node=N6626 type=observe typed_return_pred=1.318950 sequence=400.597476
[r21-b15-plan/direct__horizon_r8_hybrid__e006] [plan] step=217 node=N2280 type=observe typed_return_pred=1.423274 sequence=402.016750
[r21-b15-plan/direct__horizon_r8_hybrid__e006] [plan] step=218 node=N6630 type=observe typed_return_pred=1.351384 sequence=403.368134
[r21-b15-plan/direct__horizon_r8_hybrid__e006] [plan] step=219 node=N6622 type=observe typed_return_pred=1.319154 sequence=404.683288
[r21-b15-plan/direct__horizon_r8_hybrid__e006] [plan] step=220 node=N8313 type=observe typed_return_pred=1.440208 sequence=406.119496
[r21-b15-plan/direct__horizon_r8_hybrid__e006] [plan] step=221 node=N6624 type=observe typed_return_pred=1.370777 sequence=407.490273
[r21-b15-plan/direct__horizon_r8_hybrid__e006] [plan] step=222 node=N6634 type=observe typed_return_pred=1.352276 sequence=408.842549
[r21-b15-plan/direct__horizon_r8_hybrid__e006] [plan] step=223 node=N8080 type=observe typed_return_pred=1.296383 sequence=410.138932
[r21-b15-plan/direct__horizon_r8_hybrid__e006] [plan] step=224 node=N6566 type=observe typed_return_pred=1.283139 sequence=411.422071
[r21-b15-plan/direct__horizon_r8_hybrid__e006] [plan] step=225 node=N716 type=observe typed_return_pred=1.267613 sequence=412.689684
[r21-b15-plan/direct__horizon_r8_hybrid__e006] [plan] step=226 node=N731 type=observe typed_return_pred=1.253690 sequence=413.943375
[r21-b15-plan/direct__horizon_r8_hybrid__e006] [plan] step=227 node=N726 type=observe typed_return_pred=1.240273 sequence=415.179648
[r21-b15-plan/direct__horizon_r8_hybrid__e006] [plan] step=228 node=N1874 type=observe typed_return_pred=1.182431 sequence=416.358079
[r21-b15-plan/direct__horizon_r8_hybrid__e006] [plan] step=229 node=N2284 type=observe typed_return_pred=1.136507 sequence=417.494585
[r21-b15-plan/direct__horizon_r8_hybrid__e006] [plan] step=230 node=N8312 type=observe typed_return_pred=1.120110 sequence=418.610695
[r21-b15-plan/direct__horizon_r8_hybrid__e006] [plan] step=231 node=N7401 type=observe typed_return_pred=1.188240 sequence=419.794935
[r21-b15-plan/direct__horizon_r8_hybrid__e006] [plan] step=232 node=N1854 type=observe typed_return_pred=1.000763 sequence=420.791699
[r21-b15-plan/direct__horizon_r8_hybrid__e006] [plan] step=233 node=N2216 type=observe typed_return_pred=1.123179 sequence=421.914877
[r21-b15-plan/direct__horizon_r8_hybrid__e006] [plan] step=234 node=N2218 type=observe typed_return_pred=1.156140 sequence=423.067018
[r21-b15-plan/direct__horizon_r8_hybrid__e006] [plan] step=235 node=N7500 type=observe typed_return_pred=1.018131 sequence=424.085149
[r21-b15-plan/direct__horizon_r8_hybrid__e006] [plan] step=236 node=N699 type=observe typed_return_pred=1.094069 sequence=425.179217
[r21-b15-plan/direct__horizon_r8_hybrid__e006] [plan] step=237 node=N698 type=observe typed_return_pred=1.073374 sequence=426.248591
[r21-b15-plan/direct__horizon_r8_hybrid__e006] [plan] step=238 node=N700 type=observe typed_return_pred=1.018527 sequence=427.263118
[r21-b15-plan/direct__horizon_r8_hybrid__e006] [plan] step=239 node=N703 type=observe typed_return_pred=1.119261 sequence=428.378379
[r21-b15-plan/direct__horizon_r8_hybrid__e006] [plan] step=240 node=N705 type=observe typed_return_pred=1.024193 sequence=429.398572
[r21-b15-plan/direct__horizon_r8_hybrid__e006] [plan] step=241 node=N707 type=observe typed_return_pred=1.119937 sequence=430.514509
[r21-b15-plan/direct__horizon_r8_hybrid__e006] [plan] step=242 node=N708 type=observe typed_return_pred=1.135339 sequence=431.645847
[r21-b15-plan/direct__horizon_r8_hybrid__e006] [plan] step=243 node=N545 type=observe typed_return_pred=1.156782 sequence=432.798629
[r21-b15-plan/direct__horizon_r8_hybrid__e006] [plan] step=244 node=N543 type=observe typed_return_pred=1.265847 sequence=434.060476
[r21-b15-plan/direct__horizon_r8_hybrid__e006] [plan] step=245 node=N709 type=observe typed_return_pred=1.455645 sequence=435.512121
[r21-b15-plan/direct__horizon_r8_hybrid__e006] [plan] step=246 node=N701 type=observe typed_return_pred=1.391483 sequence=436.899604
[r21-b15-plan/direct__horizon_r8_hybrid__e006] [plan] step=247 node=N715 type=observe typed_return_pred=1.415206 sequence=438.310810
[r21-b15-plan/direct__horizon_r8_hybrid__e006] [plan] step=248 node=N710 type=observe typed_return_pred=1.390581 sequence=439.697392
[r21-b15-plan/direct__horizon_r8_hybrid__e006] [plan] step=249 node=N2183 type=observe typed_return_pred=1.504648 sequence=441.198039
[r21-b15-plan/direct__horizon_r8_hybrid__e006] [plan] step=250 node=N2185 type=observe typed_return_pred=1.484913 sequence=442.678952
[r21-b15-plan/direct__horizon_r8_hybrid__e006] [plan] step=251 node=N6167 type=observe typed_return_pred=1.329119 sequence=444.008071
[r21-b15-plan/direct__horizon_r8_hybrid__e006] [plan] step=252 node=N2204 type=observe typed_return_pred=1.461679 sequence=445.465750
[r21-b15-plan/direct__horizon_r8_hybrid__e006] [plan] step=253 node=N2201 type=observe typed_return_pred=1.400063 sequence=446.861813
[r21-b15-plan/direct__horizon_r8_hybrid__e006] [plan] step=254 node=N541 type=observe typed_return_pred=1.283849 sequence=448.141662
[r21-b15-plan/direct__horizon_r8_hybrid__e006] [plan] step=255 node=N2225 type=observe typed_return_pred=1.460613 sequence=449.598275
[r21-b15-plan/direct__horizon_r8_hybrid__e006] [plan] step=256 node=N2244 type=observe typed_return_pred=1.443766 sequence=451.038041
[r21-b15-plan/direct__horizon_r8_hybrid__e006] [plan] step=257 node=N539 type=observe typed_return_pred=1.381270 sequence=452.415312
[r21-b15-plan/direct__horizon_r8_hybrid__e006] [plan] step=258 node=N2213 type=observe typed_return_pred=1.426938 sequence=453.838250
[r21-b15-plan/direct__horizon_r8_hybrid__e006] [plan] step=259 node=N2270 type=observe typed_return_pred=1.512156 sequence=455.350406
[r21-b15-plan/direct__horizon_r8_hybrid__e006] [plan] step=260 node=N537 type=observe typed_return_pred=1.387231 sequence=456.733637
[r21-b15-plan/direct__horizon_r8_hybrid__e006] [plan] step=261 node=N2221 type=observe typed_return_pred=1.427844 sequence=458.157481
[r21-b15-plan/direct__horizon_r8_hybrid__e006] [plan] step=262 node=N2253 type=observe typed_return_pred=1.482523 sequence=459.640004
[r21-b15-plan/direct__horizon_r8_hybrid__e006] [plan] step=263 node=N8084 type=observe typed_return_pred=1.391562 sequence=461.031567
[r21-b15-plan/direct__horizon_r8_hybrid__e006] [plan] step=264 node=N535 type=observe typed_return_pred=1.288610 sequence=462.316177
[r21-b15-plan/direct__horizon_r8_hybrid__e006] [plan] step=265 node=N2257 type=observe typed_return_pred=1.521800 sequence=463.837977
[r21-b15-plan/direct__horizon_r8_hybrid__e006] [plan] step=266 node=N2260 type=observe typed_return_pred=1.535331 sequence=465.369308
[r21-b15-plan/direct__horizon_r8_hybrid__e006] [plan] step=267 node=N490 type=observe typed_return_pred=1.337659 sequence=466.706967
[r21-b15-plan/direct__horizon_r8_hybrid__e006] [plan] step=268 node=N2209 type=observe typed_return_pred=1.500073 sequence=468.203040
[r21-b15-plan/direct__horizon_r8_hybrid__e006] [plan] step=269 node=N2256 type=observe typed_return_pred=1.465827 sequence=469.664867
[r21-b15-plan/direct__horizon_r8_hybrid__e006] [plan] step=270 node=N533 type=observe typed_return_pred=1.390991 sequence=471.051857
[r21-b15-plan/direct__horizon_r8_hybrid__e006] [plan] step=271 node=N2265 type=observe typed_return_pred=1.521559 sequence=472.573416
[r21-b15-plan/direct__horizon_r8_hybrid__e006] [plan] step=272 node=N2261 type=observe typed_return_pred=1.492887 sequence=474.066303
[r21-b15-plan/direct__horizon_r8_hybrid__e006] [plan] step=273 node=N531 type=observe typed_return_pred=1.390311 sequence=475.452614
[r21-b15-plan/direct__horizon_r8_hybrid__e006] [plan] step=274 node=N2268 type=observe typed_return_pred=1.476085 sequence=476.924699
[r21-b15-plan/direct__horizon_r8_hybrid__e006] [plan] step=275 node=N2249 type=observe typed_return_pred=1.489266 sequence=478.413965
[r21-b15-plan/direct__horizon_r8_hybrid__e006] [plan] step=276 node=N7512 type=observe typed_return_pred=1.285455 sequence=479.694420
[r21-b15-plan/direct__horizon_r8_hybrid__e006] [plan] step=277 node=N4704 type=control0 typed_return_pred=1.300249 sequence=480.989669
[r21-b15-plan/direct__horizon_r8_hybrid__e006] [plan] step=278 node=N7505 type=observe typed_return_pred=1.281647 sequence=482.267316
[r21-b15-plan/direct__horizon_r8_hybrid__e006] saved=autoresearch/loop-260720-0945/model_training_round21_horizon_return_b15/plans/direct__horizon_r8_hybrid__e006.csv
