[r21-b15-plan/direct__horizon_r10_pairwise__e008] [plan] torch_deterministic=true
[r21-b15-plan/direct__horizon_r10_pairwise__e008] [plan] candidate_allowlist=autoresearch/original-netlist-recovery-260712/exact_itc99/b15_C/exact_candidate_nodes.txt nodes=7918
[r21-b15-plan/direct__horizon_r10_pairwise__e008] [plan] prefix_plan=autoresearch/loop-260720-0945/typed_winner_round8_five/b15_C/best_plans/iscas99__b15_1.csv prefix_actions=192 continue_at_step=193
[r21-b15-plan/direct__horizon_r10_pairwise__e008] [plan] latent_norm_clip_ratio=4 latent_norm_limit=30.875631
[r21-b15-plan/direct__horizon_r10_pairwise__e008] [plan] prefix_state_mode=replay replayed_actions=192
[r21-b15-plan/direct__horizon_r10_pairwise__e008] [plan] step=193 node=N6168 type=observe typed_return_pred=0.851064 sequence=367.693657
[r21-b15-plan/direct__horizon_r10_pairwise__e008] [plan] step=194 node=N5914 type=observe typed_return_pred=0.643662 sequence=368.337318
[r21-b15-plan/direct__horizon_r10_pairwise__e008] [plan] step=195 node=N6435 type=observe typed_return_pred=0.693614 sequence=369.030932
[r21-b15-plan/direct__horizon_r10_pairwise__e008] [plan] step=196 node=N6561 type=observe typed_return_pred=0.654491 sequence=369.685423
[r21-b15-plan/direct__horizon_r10_pairwise__e008] [plan] step=197 node=N5495 type=observe typed_return_pred=0.755486 sequence=370.440909
[r21-b15-plan/direct__horizon_r10_pairwise__e008] [plan] step=198 node=N6162 type=observe typed_return_pred=0.592608 sequence=371.033517
[r21-b15-plan/direct__horizon_r10_pairwise__e008] [plan] step=199 node=N2285 type=observe typed_return_pred=0.587509 sequence=371.621026
[r21-b15-plan/direct__horizon_r10_pairwise__e008] [plan] step=200 node=N5905 type=observe typed_return_pred=0.737732 sequence=372.353758
[r21-b15-plan/direct__horizon_r10_pairwise__e008] [plan] step=201 node=N5584 type=observe typed_return_pred=0.568524 sequence=372.922282
[r21-b15-plan/direct__horizon_r10_pairwise__e008] [plan] step=202 node=N6167 type=observe typed_return_pred=0.550107 sequence=373.472389
[r21-b15-plan/direct__horizon_r10_pairwise__e008] [plan] step=203 node=N5930 type=observe typed_return_pred=0.676374 sequence=374.148763
[r21-b15-plan/direct__horizon_r10_pairwise__e008] [plan] step=204 node=N5747 type=observe typed_return_pred=0.524300 sequence=374.673063
[r21-b15-plan/direct__horizon_r10_pairwise__e008] [plan] step=205 node=N2231 type=observe typed_return_pred=0.493399 sequence=375.166462
[r21-b15-plan/direct__horizon_r10_pairwise__e008] [plan] step=206 node=N8309 type=observe typed_return_pred=0.541432 sequence=375.707894
[r21-b15-plan/direct__horizon_r10_pairwise__e008] [plan] step=207 node=N2276 type=observe typed_return_pred=0.487554 sequence=376.195449
[r21-b15-plan/direct__horizon_r10_pairwise__e008] [plan] step=208 node=N8311 type=observe typed_return_pred=0.712428 sequence=376.907877
[r21-b15-plan/direct__horizon_r10_pairwise__e008] [plan] step=209 node=N6628 type=observe typed_return_pred=0.609819 sequence=377.517696
[r21-b15-plan/direct__horizon_r10_pairwise__e008] [plan] step=210 node=N8074 type=observe typed_return_pred=0.559611 sequence=378.077306
[r21-b15-plan/direct__horizon_r10_pairwise__e008] [plan] step=211 node=N6622 type=observe typed_return_pred=0.585378 sequence=378.658684
[r21-b15-plan/direct__horizon_r10_pairwise__e008] [plan] step=212 node=N6632 type=observe typed_return_pred=0.583012 sequence=379.241696
[r21-b15-plan/direct__horizon_r10_pairwise__e008] [plan] step=213 node=N847 type=observe typed_return_pred=0.657540 sequence=379.899236
[r21-b15-plan/direct__horizon_r10_pairwise__e008] [plan] step=214 node=N6630 type=observe typed_return_pred=0.618306 sequence=380.517542
[r21-b15-plan/direct__horizon_r10_pairwise__e008] [plan] step=215 node=N6626 type=observe typed_return_pred=0.596653 sequence=381.114195
[r21-b15-plan/direct__horizon_r10_pairwise__e008] [plan] step=216 node=N5481 type=observe typed_return_pred=0.610514 sequence=381.724709
[r21-b15-plan/direct__horizon_r10_pairwise__e008] [plan] step=217 node=N6164 type=observe typed_return_pred=0.593193 sequence=382.317902
[r21-b15-plan/direct__horizon_r10_pairwise__e008] [plan] step=218 node=N2191 type=observe typed_return_pred=0.572342 sequence=382.890244
[r21-b15-plan/direct__horizon_r10_pairwise__e008] [plan] step=219 node=N6634 type=observe typed_return_pred=0.591095 sequence=383.481339
[r21-b15-plan/direct__horizon_r10_pairwise__e008] [plan] step=220 node=N6624 type=observe typed_return_pred=0.560414 sequence=384.041754
[r21-b15-plan/direct__horizon_r10_pairwise__e008] [plan] step=221 node=N5506 type=observe typed_return_pred=0.621593 sequence=384.663346
[r21-b15-plan/direct__horizon_r10_pairwise__e008] [plan] step=222 node=N7512 type=observe typed_return_pred=0.640301 sequence=385.298647
[r21-b15-plan/direct__horizon_r10_pairwise__e008] [plan] step=223 node=N2237 type=observe typed_return_pred=0.560513 sequence=385.855161
[r21-b15-plan/direct__horizon_r10_pairwise__e008] [plan] step=224 node=N8312 type=observe typed_return_pred=0.682042 sequence=386.533202
[r21-b15-plan/direct__horizon_r10_pairwise__e008] [plan] step=225 node=N1854 type=observe typed_return_pred=0.574558 sequence=387.103761
[r21-b15-plan/direct__horizon_r10_pairwise__e008] [plan] step=226 node=N6158 type=observe typed_return_pred=0.521146 sequence=387.624906
[r21-b15-plan/direct__horizon_r10_pairwise__e008] [plan] step=227 node=N5509 type=observe typed_return_pred=0.628985 sequence=388.249891
[r21-b15-plan/direct__horizon_r10_pairwise__e008] [plan] step=228 node=N753 type=observe typed_return_pred=0.518986 sequence=388.764877
[r21-b15-plan/direct__horizon_r10_pairwise__e008] [plan] step=229 node=N8310 type=observe typed_return_pred=0.487526 sequence=389.248403
[r21-b15-plan/direct__horizon_r10_pairwise__e008] [plan] step=230 node=N716 type=observe typed_return_pred=0.569178 sequence=389.817581
[r21-b15-plan/direct__horizon_r10_pairwise__e008] [plan] step=231 node=N7802 type=observe typed_return_pred=0.627678 sequence=390.441258
[r21-b15-plan/direct__horizon_r10_pairwise__e008] [plan] step=232 node=N545 type=observe typed_return_pred=0.476280 sequence=390.913538
[r21-b15-plan/direct__horizon_r10_pairwise__e008] [plan] step=233 node=N2219 type=observe typed_return_pred=0.628541 sequence=391.542079
[r21-b15-plan/direct__horizon_r10_pairwise__e008] [plan] step=234 node=N726 type=observe typed_return_pred=0.592839 sequence=392.130918
[r21-b15-plan/direct__horizon_r10_pairwise__e008] [plan] step=235 node=N6666 type=observe typed_return_pred=0.480684 sequence=392.611603
[r21-b15-plan/direct__horizon_r10_pairwise__e008] [plan] step=236 node=N2216 type=observe typed_return_pred=0.558001 sequence=393.165604
[r21-b15-plan/direct__horizon_r10_pairwise__e008] [plan] step=237 node=N543 type=observe typed_return_pred=0.435308 sequence=393.596913
[r21-b15-plan/direct__horizon_r10_pairwise__e008] [plan] step=238 node=N698 type=observe typed_return_pred=0.676215 sequence=394.273128
[r21-b15-plan/direct__horizon_r10_pairwise__e008] [plan] step=239 node=N699 type=observe typed_return_pred=0.757909 sequence=395.027037
[r21-b15-plan/direct__horizon_r10_pairwise__e008] [plan] step=240 node=N541 type=observe typed_return_pred=0.429217 sequence=395.452254
[r21-b15-plan/direct__horizon_r10_pairwise__e008] [plan] step=241 node=N700 type=observe typed_return_pred=0.651377 sequence=396.099632
[r21-b15-plan/direct__horizon_r10_pairwise__e008] [plan] step=242 node=N703 type=observe typed_return_pred=0.440792 sequence=396.536423
[r21-b15-plan/direct__horizon_r10_pairwise__e008] [plan] step=243 node=N708 type=observe typed_return_pred=0.433446 sequence=396.965869
[r21-b15-plan/direct__horizon_r10_pairwise__e008] [plan] step=244 node=N539 type=observe typed_return_pred=0.437207 sequence=397.399076
[r21-b15-plan/direct__horizon_r10_pairwise__e008] [plan] step=245 node=N537 type=observe typed_return_pred=0.391376 sequence=397.786452
[r21-b15-plan/direct__horizon_r10_pairwise__e008] [plan] step=246 node=N709 type=observe typed_return_pred=0.729659 sequence=398.512111
[r21-b15-plan/direct__horizon_r10_pairwise__e008] [plan] step=247 node=N707 type=observe typed_return_pred=0.756778 sequence=399.264889
[r21-b15-plan/direct__horizon_r10_pairwise__e008] [plan] step=248 node=N715 type=observe typed_return_pred=0.438368 sequence=399.699258
[r21-b15-plan/direct__horizon_r10_pairwise__e008] [plan] step=249 node=N535 type=observe typed_return_pred=0.423743 sequence=400.119001
[r21-b15-plan/direct__horizon_r10_pairwise__e008] [plan] step=250 node=N705 type=observe typed_return_pred=0.722719 sequence=400.837720
[r21-b15-plan/direct__horizon_r10_pairwise__e008] [plan] step=251 node=N533 type=observe typed_return_pred=0.402755 sequence=401.236475
[r21-b15-plan/direct__horizon_r10_pairwise__e008] [plan] step=252 node=N2184 type=observe typed_return_pred=0.695022 sequence=401.931497
[r21-b15-plan/direct__horizon_r10_pairwise__e008] [plan] step=253 node=N701 type=observe typed_return_pred=0.684857 sequence=402.612354
[r21-b15-plan/direct__horizon_r10_pairwise__e008] [plan] step=254 node=N6123 type=observe typed_return_pred=0.496981 sequence=403.105335
[r21-b15-plan/direct__horizon_r10_pairwise__e008] [plan] step=255 node=N531 type=observe typed_return_pred=0.405649 sequence=403.506984
[r21-b15-plan/direct__horizon_r10_pairwise__e008] [plan] step=256 node=N2204 type=observe typed_return_pred=0.626888 sequence=404.133873
[r21-b15-plan/direct__horizon_r10_pairwise__e008] [plan] step=257 node=N2227 type=observe typed_return_pred=0.677900 sequence=404.807772
[r21-b15-plan/direct__horizon_r10_pairwise__e008] [plan] step=258 node=N2202 type=observe typed_return_pred=0.259780 sequence=405.063553
[r21-b15-plan/direct__horizon_r10_pairwise__e008] [plan] step=259 node=N710 type=observe typed_return_pred=0.232248 sequence=405.291801
[r21-b15-plan/direct__horizon_r10_pairwise__e008] [plan] step=260 node=N2215 type=observe typed_return_pred=0.214351 sequence=405.502152
[r21-b15-plan/direct__horizon_r10_pairwise__e008] [plan] step=261 node=N731 type=observe typed_return_pred=0.220400 sequence=405.718552
[r21-b15-plan/direct__horizon_r10_pairwise__e008] [plan] step=262 node=N2272 type=observe typed_return_pred=0.258648 sequence=405.977200
[r21-b15-plan/direct__horizon_r10_pairwise__e008] [plan] step=263 node=N2221 type=observe typed_return_pred=0.255648 sequence=406.228848
[r21-b15-plan/direct__horizon_r10_pairwise__e008] [plan] step=264 node=N7603 type=observe typed_return_pred=0.231504 sequence=406.460352
[r21-b15-plan/direct__horizon_r10_pairwise__e008] [plan] step=265 node=N2224 type=observe typed_return_pred=0.245245 sequence=406.701597
[r21-b15-plan/direct__horizon_r10_pairwise__e008] [plan] step=266 node=N7500 type=observe typed_return_pred=0.220587 sequence=406.922183
[r21-b15-plan/direct__horizon_r10_pairwise__e008] [plan] step=267 node=N7401 type=observe typed_return_pred=0.207722 sequence=407.125906
[r21-b15-plan/direct__horizon_r10_pairwise__e008] [plan] step=268 node=N7801 type=observe typed_return_pred=0.303192 sequence=407.429098
[r21-b15-plan/direct__horizon_r10_pairwise__e008] [plan] step=269 node=N5902 type=control0 typed_return_pred=1.789392 sequence=409.214490
[r21-b15-plan/direct__horizon_r10_pairwise__e008] [plan] step=270 node=N1858 type=control1 typed_return_pred=1.737263 sequence=410.951753
[r21-b15-plan/direct__horizon_r10_pairwise__e008] [plan] step=271 node=N903 type=control1 typed_return_pred=1.905645 sequence=412.853398
[r21-b15-plan/direct__horizon_r10_pairwise__e008] [plan] step=272 node=N652 type=control1 typed_return_pred=1.803542 sequence=414.652940
[r21-b15-plan/direct__horizon_r10_pairwise__e008] [plan] step=273 node=N2257 type=observe typed_return_pred=1.765391 sequence=416.418331
[r21-b15-plan/direct__horizon_r10_pairwise__e008] [plan] step=274 node=N8114 type=observe typed_return_pred=1.699653 sequence=418.117984
[r21-b15-plan/direct__horizon_r10_pairwise__e008] [plan] step=275 node=N2210 type=observe typed_return_pred=1.856140 sequence=419.970123
[r21-b15-plan/direct__horizon_r10_pairwise__e008] [plan] step=276 node=N2208 type=observe typed_return_pred=1.744707 sequence=421.710830
[r21-b15-plan/direct__horizon_r10_pairwise__e008] [plan] step=277 node=N8083 type=observe typed_return_pred=1.816248 sequence=423.523078
[r21-b15-plan/direct__horizon_r10_pairwise__e008] [plan] step=278 node=N2244 type=observe typed_return_pred=1.694496 sequence=425.213574
[r21-b15-plan/direct__horizon_r10_pairwise__e008] saved=autoresearch/loop-260720-0945/model_training_round21_horizon_return_b15/plans/direct__horizon_r10_pairwise__e008.csv
