[r21-b15-plan/direct__horizon_r10_hybrid__e010] [plan] torch_deterministic=true
[r21-b15-plan/direct__horizon_r10_hybrid__e010] [plan] candidate_allowlist=autoresearch/original-netlist-recovery-260712/exact_itc99/b15_C/exact_candidate_nodes.txt nodes=7918
[r21-b15-plan/direct__horizon_r10_hybrid__e010] [plan] prefix_plan=autoresearch/loop-260720-0945/typed_winner_round8_five/b15_C/best_plans/iscas99__b15_1.csv prefix_actions=192 continue_at_step=193
[r21-b15-plan/direct__horizon_r10_hybrid__e010] [plan] latent_norm_clip_ratio=4 latent_norm_limit=30.875631
[r21-b15-plan/direct__horizon_r10_hybrid__e010] [plan] prefix_state_mode=replay replayed_actions=192
[r21-b15-plan/direct__horizon_r10_hybrid__e010] [plan] step=193 node=N6178 type=observe typed_return_pred=0.861113 sequence=367.703705
[r21-b15-plan/direct__horizon_r10_hybrid__e010] [plan] step=194 node=N6203 type=observe typed_return_pred=0.576693 sequence=368.280398
[r21-b15-plan/direct__horizon_r10_hybrid__e010] [plan] step=195 node=N6168 type=observe typed_return_pred=0.689272 sequence=368.965670
[r21-b15-plan/direct__horizon_r10_hybrid__e010] [plan] step=196 node=N6561 type=observe typed_return_pred=0.649419 sequence=369.615089
[r21-b15-plan/direct__horizon_r10_hybrid__e010] [plan] step=197 node=N5495 type=observe typed_return_pred=0.749516 sequence=370.364605
[r21-b15-plan/direct__horizon_r10_hybrid__e010] [plan] step=198 node=N6162 type=observe typed_return_pred=0.592516 sequence=370.957121
[r21-b15-plan/direct__horizon_r10_hybrid__e010] [plan] step=199 node=N5930 type=observe typed_return_pred=0.707429 sequence=371.664550
[r21-b15-plan/direct__horizon_r10_hybrid__e010] [plan] step=200 node=N5584 type=observe typed_return_pred=0.571752 sequence=372.236301
[r21-b15-plan/direct__horizon_r10_hybrid__e010] [plan] step=201 node=N5503 type=observe typed_return_pred=0.671170 sequence=372.907471
[r21-b15-plan/direct__horizon_r10_hybrid__e010] [plan] step=202 node=N5905 type=observe typed_return_pred=0.737897 sequence=373.640368
[r21-b15-plan/direct__horizon_r10_hybrid__e010] [plan] step=203 node=N5478 type=observe typed_return_pred=0.525008 sequence=374.165376
[r21-b15-plan/direct__horizon_r10_hybrid__e010] [plan] step=204 node=N8074 type=observe typed_return_pred=0.580982 sequence=374.746358
[r21-b15-plan/direct__horizon_r10_hybrid__e010] [plan] step=205 node=N6628 type=observe typed_return_pred=0.579457 sequence=375.325815
[r21-b15-plan/direct__horizon_r10_hybrid__e010] [plan] step=206 node=N5747 type=observe typed_return_pred=0.537489 sequence=375.863304
[r21-b15-plan/direct__horizon_r10_hybrid__e010] [plan] step=207 node=N8309 type=observe typed_return_pred=0.540047 sequence=376.403351
[r21-b15-plan/direct__horizon_r10_hybrid__e010] [plan] step=208 node=N6158 type=observe typed_return_pred=0.476120 sequence=376.879471
[r21-b15-plan/direct__horizon_r10_hybrid__e010] [plan] step=209 node=N2191 type=observe typed_return_pred=0.557578 sequence=377.437049
[r21-b15-plan/direct__horizon_r10_hybrid__e010] [plan] step=210 node=N2231 type=observe typed_return_pred=0.483560 sequence=377.920609
[r21-b15-plan/direct__horizon_r10_hybrid__e010] [plan] step=211 node=N2187 type=observe typed_return_pred=0.455089 sequence=378.371697
[r21-b15-plan/direct__horizon_r10_hybrid__e010] [plan] step=212 node=N8310 type=observe typed_return_pred=0.523841 sequence=378.891538
[r21-b15-plan/direct__horizon_r10_hybrid__e010] [plan] step=213 node=N6622 type=observe typed_return_pred=0.532467 sequence=379.420006
[r21-b15-plan/direct__horizon_r10_hybrid__e010] [plan] step=214 node=N8311 type=observe typed_return_pred=0.698153 sequence=380.118159
[r21-b15-plan/direct__horizon_r10_hybrid__e010] [plan] step=215 node=N6632 type=observe typed_return_pred=0.573459 sequence=380.691617
[r21-b15-plan/direct__horizon_r10_hybrid__e010] [plan] step=216 node=N6164 type=observe typed_return_pred=0.545916 sequence=381.237533
[r21-b15-plan/direct__horizon_r10_hybrid__e010] [plan] step=217 node=N6630 type=observe typed_return_pred=0.525553 sequence=381.763087
[r21-b15-plan/direct__horizon_r10_hybrid__e010] [plan] step=218 node=N846 type=observe typed_return_pred=0.669450 sequence=382.432536
[r21-b15-plan/direct__horizon_r10_hybrid__e010] [plan] step=219 node=N6626 type=observe typed_return_pred=0.565329 sequence=382.997866
[r21-b15-plan/direct__horizon_r10_hybrid__e010] [plan] step=220 node=N6624 type=observe typed_return_pred=0.541055 sequence=383.538921
[r21-b15-plan/direct__horizon_r10_hybrid__e010] [plan] step=221 node=N5481 type=observe typed_return_pred=0.601095 sequence=384.140015
[r21-b15-plan/direct__horizon_r10_hybrid__e010] [plan] step=222 node=N6634 type=observe typed_return_pred=0.559164 sequence=384.699179
[r21-b15-plan/direct__horizon_r10_hybrid__e010] [plan] step=223 node=N7512 type=observe typed_return_pred=0.613008 sequence=385.307187
[r21-b15-plan/direct__horizon_r10_hybrid__e010] [plan] step=224 node=N8080 type=observe typed_return_pred=0.592165 sequence=385.899352
[r21-b15-plan/direct__horizon_r10_hybrid__e010] [plan] step=225 node=N1854 type=observe typed_return_pred=0.549309 sequence=386.444660
[r21-b15-plan/direct__horizon_r10_hybrid__e010] [plan] step=226 node=N8312 type=observe typed_return_pred=0.450046 sequence=386.890706
[r21-b15-plan/direct__horizon_r10_hybrid__e010] [plan] step=227 node=N5506 type=observe typed_return_pred=0.437414 sequence=387.324120
[r21-b15-plan/direct__horizon_r10_hybrid__e010] [plan] step=228 node=N716 type=observe typed_return_pred=0.385527 sequence=387.709647
[r21-b15-plan/direct__horizon_r10_hybrid__e010] [plan] step=229 node=N5509 type=observe typed_return_pred=0.388148 sequence=388.097795
[r21-b15-plan/direct__horizon_r10_hybrid__e010] [plan] step=230 node=N7500 type=observe typed_return_pred=0.316248 sequence=388.414043
[r21-b15-plan/direct__horizon_r10_hybrid__e010] [plan] step=231 node=N726 type=observe typed_return_pred=0.277406 sequence=388.687449
[r21-b15-plan/direct__horizon_r10_hybrid__e010] [plan] step=232 node=N731 type=observe typed_return_pred=0.304087 sequence=388.987535
[r21-b15-plan/direct__horizon_r10_hybrid__e010] [plan] step=233 node=N7802 type=observe typed_return_pred=0.460372 sequence=389.443907
[r21-b15-plan/direct__horizon_r10_hybrid__e010] [plan] step=234 node=N5914 type=observe typed_return_pred=0.276565 sequence=389.720473
[r21-b15-plan/direct__horizon_r10_hybrid__e010] [plan] step=235 node=N7401 type=observe typed_return_pred=0.308648 sequence=390.025121
[r21-b15-plan/direct__horizon_r10_hybrid__e010] [plan] step=236 node=N2217 type=observe typed_return_pred=0.284227 sequence=390.309348
[r21-b15-plan/direct__horizon_r10_hybrid__e010] [plan] step=237 node=N545 type=observe typed_return_pred=0.401177 sequence=390.706525
[r21-b15-plan/direct__horizon_r10_hybrid__e010] [plan] step=238 node=N6666 type=observe typed_return_pred=0.481813 sequence=391.188338
[r21-b15-plan/direct__horizon_r10_hybrid__e010] [plan] step=239 node=N698 type=observe typed_return_pred=0.624923 sequence=391.813261
[r21-b15-plan/direct__horizon_r10_hybrid__e010] [plan] step=240 node=N699 type=observe typed_return_pred=0.706688 sequence=392.515949
[r21-b15-plan/direct__horizon_r10_hybrid__e010] [plan] step=241 node=N753 type=observe typed_return_pred=0.492794 sequence=393.004743
[r21-b15-plan/direct__horizon_r10_hybrid__e010] [plan] step=242 node=N703 type=observe typed_return_pred=0.675663 sequence=393.676406
[r21-b15-plan/direct__horizon_r10_hybrid__e010] [plan] step=243 node=N543 type=observe typed_return_pred=0.445046 sequence=394.117452
[r21-b15-plan/direct__horizon_r10_hybrid__e010] [plan] step=244 node=N707 type=observe typed_return_pred=0.626389 sequence=394.739841
[r21-b15-plan/direct__horizon_r10_hybrid__e010] [plan] step=245 node=N708 type=observe typed_return_pred=0.705114 sequence=395.440956
[r21-b15-plan/direct__horizon_r10_hybrid__e010] [plan] step=246 node=N541 type=observe typed_return_pred=0.431153 sequence=395.868109
[r21-b15-plan/direct__horizon_r10_hybrid__e010] [plan] step=247 node=N709 type=observe typed_return_pred=0.667312 sequence=396.531421
[r21-b15-plan/direct__horizon_r10_hybrid__e010] [plan] step=248 node=N715 type=observe typed_return_pred=0.712440 sequence=397.239861
[r21-b15-plan/direct__horizon_r10_hybrid__e010] [plan] step=249 node=N6167 type=observe typed_return_pred=0.441390 sequence=397.681251
[r21-b15-plan/direct__horizon_r10_hybrid__e010] [plan] step=250 node=N539 type=observe typed_return_pred=0.405835 sequence=398.083085
[r21-b15-plan/direct__horizon_r10_hybrid__e010] [plan] step=251 node=N2184 type=observe typed_return_pred=0.677650 sequence=398.760735
[r21-b15-plan/direct__horizon_r10_hybrid__e010] [plan] step=252 node=N705 type=observe typed_return_pred=0.722122 sequence=399.478857
[r21-b15-plan/direct__horizon_r10_hybrid__e010] [plan] step=253 node=N537 type=observe typed_return_pred=0.421905 sequence=399.896763
[r21-b15-plan/direct__horizon_r10_hybrid__e010] [plan] step=254 node=N700 type=observe typed_return_pred=0.706026 sequence=400.598789
[r21-b15-plan/direct__horizon_r10_hybrid__e010] [plan] step=255 node=N535 type=observe typed_return_pred=0.404812 sequence=400.999601
[r21-b15-plan/direct__horizon_r10_hybrid__e010] [plan] step=256 node=N701 type=observe typed_return_pred=0.642469 sequence=401.638070
[r21-b15-plan/direct__horizon_r10_hybrid__e010] [plan] step=257 node=N2206 type=observe typed_return_pred=0.655345 sequence=402.289416
[r21-b15-plan/direct__horizon_r10_hybrid__e010] [plan] step=258 node=N533 type=observe typed_return_pred=0.415996 sequence=402.701411
[r21-b15-plan/direct__horizon_r10_hybrid__e010] [plan] step=259 node=N2225 type=observe typed_return_pred=0.644699 sequence=403.346110
[r21-b15-plan/direct__horizon_r10_hybrid__e010] [plan] step=260 node=N531 type=observe typed_return_pred=0.404536 sequence=403.746647
[r21-b15-plan/direct__horizon_r10_hybrid__e010] [plan] step=261 node=N2202 type=observe typed_return_pred=0.634840 sequence=404.377487
[r21-b15-plan/direct__horizon_r10_hybrid__e010] [plan] step=262 node=N710 type=observe typed_return_pred=0.646488 sequence=405.019975
[r21-b15-plan/direct__horizon_r10_hybrid__e010] [plan] step=263 node=N2215 type=observe typed_return_pred=0.241293 sequence=405.257268
[r21-b15-plan/direct__horizon_r10_hybrid__e010] [plan] step=264 node=N2272 type=observe typed_return_pred=0.254121 sequence=405.511389
[r21-b15-plan/direct__horizon_r10_hybrid__e010] [plan] step=265 node=N2223 type=observe typed_return_pred=0.270075 sequence=405.777465
[r21-b15-plan/direct__horizon_r10_hybrid__e010] [plan] step=266 node=N2203 type=observe typed_return_pred=0.244868 sequence=406.018333
[r21-b15-plan/direct__horizon_r10_hybrid__e010] [plan] step=267 node=N7603 type=observe typed_return_pred=0.229743 sequence=406.248076
[r21-b15-plan/direct__horizon_r10_hybrid__e010] [plan] step=268 node=N2269 type=observe typed_return_pred=0.213421 sequence=406.457497
[r21-b15-plan/direct__horizon_r10_hybrid__e010] [plan] step=269 node=N7801 type=observe typed_return_pred=0.359869 sequence=406.817366
[r21-b15-plan/direct__horizon_r10_hybrid__e010] [plan] step=270 node=N2257 type=observe typed_return_pred=0.243995 sequence=407.061360
[r21-b15-plan/direct__horizon_r10_hybrid__e010] [plan] step=271 node=N2253 type=observe typed_return_pred=0.248699 sequence=407.310060
[r21-b15-plan/direct__horizon_r10_hybrid__e010] [plan] step=272 node=N2210 type=observe typed_return_pred=0.456008 sequence=407.762068
[r21-b15-plan/direct__horizon_r10_hybrid__e010] [plan] step=273 node=N2207 type=observe typed_return_pred=0.328188 sequence=408.086256
[r21-b15-plan/direct__horizon_r10_hybrid__e010] [plan] step=274 node=N2260 type=observe typed_return_pred=0.332177 sequence=408.414433
[r21-b15-plan/direct__horizon_r10_hybrid__e010] [plan] step=275 node=N2212 type=observe typed_return_pred=0.441501 sequence=408.851935
[r21-b15-plan/direct__horizon_r10_hybrid__e010] [plan] step=276 node=N2244 type=observe typed_return_pred=0.800220 sequence=409.648155
[r21-b15-plan/direct__horizon_r10_hybrid__e010] [plan] step=277 node=N2266 type=observe typed_return_pred=0.812778 sequence=410.460933
[r21-b15-plan/direct__horizon_r10_hybrid__e010] [plan] step=278 node=N2262 type=observe typed_return_pred=0.843408 sequence=411.304340
[r21-b15-plan/direct__horizon_r10_hybrid__e010] saved=autoresearch/loop-260720-0945/model_training_round21_horizon_return_b15/plans/direct__horizon_r10_hybrid__e010.csv
