[r21-b15-plan/direct__horizon_r8_pairwise__e010] [plan] torch_deterministic=true
[r21-b15-plan/direct__horizon_r8_pairwise__e010] [plan] candidate_allowlist=autoresearch/original-netlist-recovery-260712/exact_itc99/b15_C/exact_candidate_nodes.txt nodes=7918
[r21-b15-plan/direct__horizon_r8_pairwise__e010] [plan] prefix_plan=autoresearch/loop-260720-0945/typed_winner_round8_five/b15_C/best_plans/iscas99__b15_1.csv prefix_actions=192 continue_at_step=193
[r21-b15-plan/direct__horizon_r8_pairwise__e010] [plan] latent_norm_clip_ratio=4 latent_norm_limit=30.875631
[r21-b15-plan/direct__horizon_r8_pairwise__e010] [plan] prefix_state_mode=replay replayed_actions=192
[r21-b15-plan/direct__horizon_r8_pairwise__e010] [plan] step=193 node=N6435 type=observe typed_return_pred=1.159463 sequence=368.002055
[r21-b15-plan/direct__horizon_r8_pairwise__e010] [plan] step=194 node=N6203 type=observe typed_return_pred=1.465013 sequence=369.467069
[r21-b15-plan/direct__horizon_r8_pairwise__e010] [plan] step=195 node=N5584 type=observe typed_return_pred=1.491567 sequence=370.958636
[r21-b15-plan/direct__horizon_r8_pairwise__e010] [plan] step=196 node=N2191 type=observe typed_return_pred=1.500987 sequence=372.459623
[r21-b15-plan/direct__horizon_r8_pairwise__e010] [plan] step=197 node=N5478 type=observe typed_return_pred=1.472098 sequence=373.931720
[r21-b15-plan/direct__horizon_r8_pairwise__e010] [plan] step=198 node=N6561 type=observe typed_return_pred=1.479372 sequence=375.411092
[r21-b15-plan/direct__horizon_r8_pairwise__e010] [plan] step=199 node=N6168 type=observe typed_return_pred=1.361314 sequence=376.768406
[r21-b15-plan/direct__horizon_r8_pairwise__e010] [plan] step=200 node=N5914 type=observe typed_return_pred=1.386886 sequence=378.155292
[r21-b15-plan/direct__horizon_r8_pairwise__e010] [plan] step=201 node=N6162 type=observe typed_return_pred=1.303440 sequence=379.458732
[r21-b15-plan/direct__horizon_r8_pairwise__e010] [plan] step=202 node=N5905 type=observe typed_return_pred=1.452542 sequence=380.906274
[r21-b15-plan/direct__horizon_r8_pairwise__e010] [plan] step=203 node=N8309 type=observe typed_return_pred=1.361080 sequence=382.267354
[r21-b15-plan/direct__horizon_r8_pairwise__e010] [plan] step=204 node=N6158 type=observe typed_return_pred=1.303850 sequence=383.571204
[r21-b15-plan/direct__horizon_r8_pairwise__e010] [plan] step=205 node=N2285 type=observe typed_return_pred=1.402140 sequence=384.973344
[r21-b15-plan/direct__horizon_r8_pairwise__e010] [plan] step=206 node=N2187 type=observe typed_return_pred=1.311405 sequence=386.280749
[r21-b15-plan/direct__horizon_r8_pairwise__e010] [plan] step=207 node=N5747 type=observe typed_return_pred=1.445654 sequence=387.726403
[r21-b15-plan/direct__horizon_r8_pairwise__e010] [plan] step=208 node=N2231 type=observe typed_return_pred=1.292782 sequence=389.019185
[r21-b15-plan/direct__horizon_r8_pairwise__e010] [plan] step=209 node=N8074 type=observe typed_return_pred=1.282234 sequence=390.301419
[r21-b15-plan/direct__horizon_r8_pairwise__e010] [plan] step=210 node=N6628 type=observe typed_return_pred=1.311432 sequence=391.612850
[r21-b15-plan/direct__horizon_r8_pairwise__e010] [plan] step=211 node=N6566 type=observe typed_return_pred=1.408236 sequence=393.021086
[r21-b15-plan/direct__horizon_r8_pairwise__e010] [plan] step=212 node=N8310 type=observe typed_return_pred=1.360524 sequence=394.377610
[r21-b15-plan/direct__horizon_r8_pairwise__e010] [plan] step=213 node=N6622 type=observe typed_return_pred=1.287285 sequence=395.660895
[r21-b15-plan/direct__horizon_r8_pairwise__e010] [plan] step=214 node=N6632 type=observe typed_return_pred=1.289099 sequence=396.949995
[r21-b15-plan/direct__horizon_r8_pairwise__e010] [plan] step=215 node=N6108 type=observe typed_return_pred=1.446772 sequence=398.396767
[r21-b15-plan/direct__horizon_r8_pairwise__e010] [plan] step=216 node=N6164 type=observe typed_return_pred=1.328280 sequence=399.725047
[r21-b15-plan/direct__horizon_r8_pairwise__e010] [plan] step=217 node=N6626 type=observe typed_return_pred=1.287558 sequence=401.012606
[r21-b15-plan/direct__horizon_r8_pairwise__e010] [plan] step=218 node=N6630 type=observe typed_return_pred=1.288946 sequence=402.301552
[r21-b15-plan/direct__horizon_r8_pairwise__e010] [plan] step=219 node=N8080 type=observe typed_return_pred=1.474827 sequence=403.776379
[r21-b15-plan/direct__horizon_r8_pairwise__e010] [plan] step=220 node=N6624 type=observe typed_return_pred=1.330185 sequence=405.106563
[r21-b15-plan/direct__horizon_r8_pairwise__e010] [plan] step=221 node=N6634 type=observe typed_return_pred=1.317937 sequence=406.424501
[r21-b15-plan/direct__horizon_r8_pairwise__e010] [plan] step=222 node=N2288 type=observe typed_return_pred=1.264765 sequence=407.689266
[r21-b15-plan/direct__horizon_r8_pairwise__e010] [plan] step=223 node=N1611 type=observe typed_return_pred=1.220573 sequence=408.909839
[r21-b15-plan/direct__horizon_r8_pairwise__e010] [plan] step=224 node=N716 type=observe typed_return_pred=1.233890 sequence=410.143728
[r21-b15-plan/direct__horizon_r8_pairwise__e010] [plan] step=225 node=N731 type=observe typed_return_pred=1.227844 sequence=411.371573
[r21-b15-plan/direct__horizon_r8_pairwise__e010] [plan] step=226 node=N726 type=observe typed_return_pred=1.231060 sequence=412.598633
[r21-b15-plan/direct__horizon_r8_pairwise__e010] [plan] step=227 node=N5490 type=observe typed_return_pred=1.204465 sequence=413.803098
[r21-b15-plan/direct__horizon_r8_pairwise__e010] [plan] step=228 node=N2284 type=observe typed_return_pred=1.147746 sequence=414.950844
[r21-b15-plan/direct__horizon_r8_pairwise__e010] [plan] step=229 node=N8312 type=observe typed_return_pred=1.146899 sequence=416.097743
[r21-b15-plan/direct__horizon_r8_pairwise__e010] [plan] step=230 node=N1874 type=observe typed_return_pred=1.101251 sequence=417.194994
[r21-b15-plan/direct__horizon_r8_pairwise__e010] [plan] step=231 node=N7401 type=observe typed_return_pred=1.197665 sequence=418.388660
[r21-b15-plan/direct__horizon_r8_pairwise__e010] [plan] step=232 node=N1854 type=observe typed_return_pred=0.987593 sequence=419.372253
[r21-b15-plan/direct__horizon_r8_pairwise__e010] [plan] step=233 node=N2216 type=observe typed_return_pred=1.106928 sequence=420.479181
[r21-b15-plan/direct__horizon_r8_pairwise__e010] [plan] step=234 node=N2218 type=observe typed_return_pred=1.134762 sequence=421.609943
[r21-b15-plan/direct__horizon_r8_pairwise__e010] [plan] step=235 node=N7500 type=observe typed_return_pred=1.003364 sequence=422.613306
[r21-b15-plan/direct__horizon_r8_pairwise__e010] [plan] step=236 node=N699 type=observe typed_return_pred=1.076038 sequence=423.689344
[r21-b15-plan/direct__horizon_r8_pairwise__e010] [plan] step=237 node=N698 type=observe typed_return_pred=1.060643 sequence=424.745987
[r21-b15-plan/direct__horizon_r8_pairwise__e010] [plan] step=238 node=N700 type=observe typed_return_pred=1.008448 sequence=425.750435
[r21-b15-plan/direct__horizon_r8_pairwise__e010] [plan] step=239 node=N703 type=observe typed_return_pred=1.112999 sequence=426.859435
[r21-b15-plan/direct__horizon_r8_pairwise__e010] [plan] step=240 node=N705 type=observe typed_return_pred=1.027689 sequence=427.883124
[r21-b15-plan/direct__horizon_r8_pairwise__e010] [plan] step=241 node=N707 type=observe typed_return_pred=1.126426 sequence=429.005550
[r21-b15-plan/direct__horizon_r8_pairwise__e010] [plan] step=242 node=N708 type=observe typed_return_pred=1.146255 sequence=430.147805
[r21-b15-plan/direct__horizon_r8_pairwise__e010] [plan] step=243 node=N7512 type=observe typed_return_pred=0.920881 sequence=431.063686
[r21-b15-plan/direct__horizon_r8_pairwise__e010] [plan] step=244 node=N545 type=observe typed_return_pred=1.265606 sequence=432.325291
[r21-b15-plan/direct__horizon_r8_pairwise__e010] [plan] step=245 node=N709 type=observe typed_return_pred=1.412452 sequence=433.733743
[r21-b15-plan/direct__horizon_r8_pairwise__e010] [plan] step=246 node=N701 type=observe typed_return_pred=1.342926 sequence=435.072669
[r21-b15-plan/direct__horizon_r8_pairwise__e010] [plan] step=247 node=N715 type=observe typed_return_pred=1.376502 sequence=436.445171
[r21-b15-plan/direct__horizon_r8_pairwise__e010] [plan] step=248 node=N6167 type=observe typed_return_pred=1.294325 sequence=437.739495
[r21-b15-plan/direct__horizon_r8_pairwise__e010] [plan] step=249 node=N2183 type=observe typed_return_pred=1.453734 sequence=439.189229
[r21-b15-plan/direct__horizon_r8_pairwise__e010] [plan] step=250 node=N2185 type=observe typed_return_pred=1.429476 sequence=440.614705
[r21-b15-plan/direct__horizon_r8_pairwise__e010] [plan] step=251 node=N2203 type=observe typed_return_pred=1.423184 sequence=442.033889
[r21-b15-plan/direct__horizon_r8_pairwise__e010] [plan] step=252 node=N543 type=observe typed_return_pred=1.253571 sequence=443.283460
[r21-b15-plan/direct__horizon_r8_pairwise__e010] [plan] step=253 node=N2206 type=observe typed_return_pred=1.407646 sequence=444.687106
[r21-b15-plan/direct__horizon_r8_pairwise__e010] [plan] step=254 node=N2201 type=observe typed_return_pred=1.398908 sequence=446.082014
[r21-b15-plan/direct__horizon_r8_pairwise__e010] [plan] step=255 node=N2224 type=observe typed_return_pred=1.433661 sequence=447.511675
[r21-b15-plan/direct__horizon_r8_pairwise__e010] [plan] step=256 node=N541 type=observe typed_return_pred=1.336135 sequence=448.843810
[r21-b15-plan/direct__horizon_r8_pairwise__e010] [plan] step=257 node=N2227 type=observe typed_return_pred=1.424248 sequence=450.264058
[r21-b15-plan/direct__horizon_r8_pairwise__e010] [plan] step=258 node=N2244 type=observe typed_return_pred=1.417983 sequence=451.678041
[r21-b15-plan/direct__horizon_r8_pairwise__e010] [plan] step=259 node=N710 type=observe typed_return_pred=1.379233 sequence=453.053273
[r21-b15-plan/direct__horizon_r8_pairwise__e010] [plan] step=260 node=N539 type=observe typed_return_pred=1.247402 sequence=454.296675
[r21-b15-plan/direct__horizon_r8_pairwise__e010] [plan] step=261 node=N2213 type=observe typed_return_pred=1.406940 sequence=455.699615
[r21-b15-plan/direct__horizon_r8_pairwise__e010] [plan] step=262 node=N2270 type=observe typed_return_pred=1.491346 sequence=457.190961
[r21-b15-plan/direct__horizon_r8_pairwise__e010] [plan] step=263 node=N537 type=observe typed_return_pred=1.258444 sequence=458.445405
[r21-b15-plan/direct__horizon_r8_pairwise__e010] [plan] step=264 node=N2221 type=observe typed_return_pred=1.401386 sequence=459.842791
[r21-b15-plan/direct__horizon_r8_pairwise__e010] [plan] step=265 node=N2253 type=observe typed_return_pred=1.447408 sequence=461.290199
[r21-b15-plan/direct__horizon_r8_pairwise__e010] [plan] step=266 node=N535 type=observe typed_return_pred=1.262961 sequence=462.549160
[r21-b15-plan/direct__horizon_r8_pairwise__e010] [plan] step=267 node=N2257 type=observe typed_return_pred=1.470187 sequence=464.019347
[r21-b15-plan/direct__horizon_r8_pairwise__e010] [plan] step=268 node=N2259 type=observe typed_return_pred=1.467810 sequence=465.483157
[r21-b15-plan/direct__horizon_r8_pairwise__e010] [plan] step=269 node=N533 type=observe typed_return_pred=1.263572 sequence=466.742729
[r21-b15-plan/direct__horizon_r8_pairwise__e010] [plan] step=270 node=N2210 type=observe typed_return_pred=1.472802 sequence=468.211531
[r21-b15-plan/direct__horizon_r8_pairwise__e010] [plan] step=271 node=N2208 type=observe typed_return_pred=1.459498 sequence=469.667029
[r21-b15-plan/direct__horizon_r8_pairwise__e010] [plan] step=272 node=N531 type=observe typed_return_pred=1.266890 sequence=470.929919
[r21-b15-plan/direct__horizon_r8_pairwise__e010] [plan] step=273 node=N2256 type=observe typed_return_pred=1.434847 sequence=472.360765
[r21-b15-plan/direct__horizon_r8_pairwise__e010] [plan] step=274 node=N2265 type=observe typed_return_pred=1.482684 sequence=473.843450
[r21-b15-plan/direct__horizon_r8_pairwise__e010] [plan] step=275 node=N7505 type=observe typed_return_pred=1.234514 sequence=475.073963
[r21-b15-plan/direct__horizon_r8_pairwise__e010] [plan] step=276 node=N2268 type=observe typed_return_pred=1.415520 sequence=476.485484
[r21-b15-plan/direct__horizon_r8_pairwise__e010] [plan] step=277 node=N6666 type=observe typed_return_pred=1.228329 sequence=477.713813
[r21-b15-plan/direct__horizon_r8_pairwise__e010] [plan] step=278 node=N2261 type=observe typed_return_pred=1.412891 sequence=479.126704
[r21-b15-plan/direct__horizon_r8_pairwise__e010] saved=autoresearch/loop-260720-0945/model_training_round21_horizon_return_b15/plans/direct__horizon_r8_pairwise__e010.csv
