U707->U707_PO /1 undetected
test_en->__tpi_cp_78_GT_146_U6 /0 undetected
__aig_not_404 /1 undetected
GT_142_U6->__tpi_cp_29_GT_142_U6 /0 undetected
test_en->__tpi_cp_29_GT_142_U6 /0 undetected
__tpi_not_test_en->__tpi_cp_27___aig_not_979 /1 undetected
__aig_not_983->__aig_and_989 /1 undetected
__aig_not_984 /1 undetected
__aig_not_716->__aig_and_724 /1 undetected
__tpi_not_test_en->__tpi_cp_18___aig_not_717 /1 undetected
__tpi_cp_18___aig_not_717 /1 undetected
__aig_not_717 /1 undetected
__tpi_not_test_en->__tpi_cp_15___aig_not_992 /1 undetected
__tpi_not_test_en->__tpi_cp_14___aig_not_727 /1 undetected
__tpi_not_test_en->__tpi_cp_4_U636 /1 undetected
__tpi_not_test_en->__tpi_cp_1_U634 /1 undetected
__tpi_not_test_en->__tpi_cp_42___aig_and_82 /1 undetected
__tpi_not_test_en->__tpi_cp_40_U874 /1 undetected
__tpi_cp_40_U874 /1 undetected
U874 /1 undetected
test_en->__tpi_cp_39___aig_and_306 /0 undetected
__aig_and_306 /0 undetected
__tpi_not_test_en->__tpi_cp_22_SUB_110_U13 /1 undetected
__tpi_cp_22_SUB_110_U13 /1 undetected
SUB_110_U13 /1 undetected
SUB_110_U27 /1 undetected
__buf_split_808->__aig_and_704 /1 undetected
__buf_split_809 /1 undetected
SUB_110_U28 /1 undetected
__tpi_not_test_en->__tpi_cp_2___buf_split_114 /1 undetected
__tpi_not_test_en->__tpi_cp_82_U751 /1 undetected
__tpi_not_test_en->__tpi_cp_77_U753 /1 undetected
U877 /1 undetected
SUB_110_U19 /1 undetected
SUB_110_U33 /1 undetected
__tpi_not_test_en->__tpi_cp_21_SUB_110_U34 /1 undetected
__tpi_cp_21_SUB_110_U34 /1 undetected
SUB_110_U34 /1 undetected
__buf_split_820 /1 undetected
SUB_110_U21 /1 undetected
__tpi_not_test_en->__tpi_cp_68___buf_split_800 /1 undetected
__buf_split_800 /1 undetected
__tpi_not_test_en->__tpi_cp_23_U876 /1 undetected
__tpi_cp_23_U876 /1 undetected
U876 /1 undetected
__buf_split_393 /1 undetected
SUB_110_U14 /1 undetected
test_en->__tpi_cp_80___aig_and_698 /0 undetected
__aig_and_698 /0 undetected
__tpi_not_test_en->__tpi_cp_43_SUB_110_U31 /1 undetected
__tpi_cp_43_SUB_110_U31 /1 undetected
SUB_110_U31 /1 undetected
__buf_split_814->__aig_and_708 /1 undetected
__buf_split_815 /1 undetected
__tpi_not_test_en->__tpi_cp_3_SUB_110_U32 /1 undetected
__tpi_cp_3_SUB_110_U32 /1 undetected
SUB_110_U32 /1 undetected
__buf_split_816->__aig_and_709 /1 undetected
__buf_split_817->__aig_and_709 /1 undetected
U875 /1 undetected
SUB_110_U29->SUB_110_U17 /1 undetected
SUB_110_U17 /1 undetected
__tpi_not_test_en->__tpi_cp_5_SUB_110_U30 /1 undetected
__tpi_cp_5_SUB_110_U30 /1 undetected
SUB_110_U30 /1 undetected
__buf_split_813 /1 undetected
SUB_110_U23 /1 undetected
__tpi_not_test_en->__tpi_cp_37_U755 /1 undetected
__tpi_not_test_en->__tpi_cp_19_U1010 /1 undetected
__buf_split_623 /1 undetected
U1011 /1 undetected
SUB_110_U6 /1 undetected
__tpi_not_test_en->__tpi_cp_55___aig_and_691 /1 undetected
__aig_and_691 /1 undetected
SUB_110_U26 /1 undetected
__buf_split_806->__aig_and_703 /1 undetected
__buf_split_807->__aig_and_703 /1 undetected
__buf_split_786 /1 undetected
__tpi_not_test_en->__tpi_cp_28_U1006 /1 undetected
__buf_split_617 /1 undetected
U1007 /1 undetected
SUB_110_U8 /1 undetected
test_en->__tpi_cp_44___aig_and_487 /0 undetected
__buf_split_635 /1 undetected
__tpi_not_test_en->__tpi_cp_24_U1019 /1 undetected
__tpi_cp_24_U1019 /1 undetected
U1019 /1 undetected
__buf_split_637 /1 undetected
__buf_split_636 /1 undetected
__buf_split_629 /1 undetected
U1015 /1 undetected
SUB_110_U7 /1 undetected
test_en->__tpi_cp_83___buf_split_787 /0 undetected
__buf_split_787 /0 undetected
__tpi_not_test_en->__tpi_cp_76_U794 /1 undetected
__buf_split_265 /1 undetected
U707 /1 undetected
__aig_not_1213 /1 undetected
__tpi_not_test_en->__tpi_cp_33___aig_and_1212 /1 undetected
__tpi_not_test_en->__tpi_cp_35___aig_not_1211 /1 undetected
test_en->__tpi_cp_30_GT_108_U8 /0 undetected
__tpi_not_test_en->__tpi_cp_13___aig_not_1216 /1 undetected
__tpi_cp_13___aig_not_1216 /1 undetected
__aig_not_1216 /1 undetected
__tpi_not_test_en->__tpi_cp_56___aig_not_1215 /1 undetected
__tpi_cp_56___aig_not_1215 /1 undetected
__aig_not_1215 /1 undetected
test_en->__tpi_cp_48_GT_108_U7 /0 undetected
__buf_split_1270->GT_108_U7 /1 undetected
GT_108_U7 /0 undetected
__buf_split_1269->__aig_and_1214 /1 undetected
__aig_and_1214 /1 undetected
__tpi_not_test_en->__tpi_cp_6_GT_108_U9 /1 undetected
__tpi_cp_6_GT_108_U9 /1 undetected
GT_108_U9 /1 undetected
test_en->__tpi_cp_85___aig_and_1223 /0 undetected
__aig_not_1219->__aig_and_1223 /1 undetected
__aig_and_1222->__aig_and_1223 /1 undetected
__aig_and_1223 /0 undetected
__tpi_not_test_en->__tpi_cp_36___aig_not_1210 /1 undetected
__buf_split_810->__aig_and_705 /1 undetected
__buf_split_797 /1 undetected
__tpi_not_test_en->__tpi_cp_10_SUB_110_U25 /1 undetected
__tpi_not_test_en->__tpi_cp_12_SUB_110_U20 /1 undetected
test_en->__tpi_cp_52___buf_split_799 /0 undetected
__tpi_not_test_en->__tpi_cp_84_U750 /1 undetected
test_en->__tpi_cp_74___aig_and_177 /0 undetected
__tpi_not_test_en->__tpi_cp_9___buf_split_614 /1 undetected
__tpi_not_test_en->__tpi_cp_63_SUB_103_U14 /1 undetected
__tpi_not_test_en->__tpi_cp_57_SUB_103_U22 /1 undetected
__tpi_not_test_en->__tpi_cp_25_SUB_103_U23 /1 undetected
test_en->__tpi_cp_51___aig_and_638 /0 undetected
__tpi_not_test_en->__tpi_cp_81_SUB_110_U9 /1 undetected
__tpi_not_test_en->__tpi_cp_20___aig_not_693 /1 undetected
__tpi_not_test_en->__tpi_cp_73_SUB_103_U8 /1 undetected
test_en->__tpi_cp_41___aig_and_624 /0 undetected
__tpi_not_test_en->__tpi_cp_71___aig_and_179 /1 undetected
__tpi_not_test_en->__tpi_cp_46_U1008 /1 undetected
__tpi_not_test_en->__tpi_cp_31_U1009 /1 undetected
__tpi_not_test_en->__tpi_cp_53___buf_split_752 /1 undetected
__tpi_not_test_en->__tpi_cp_79___aig_and_181 /1 undetected
__tpi_not_test_en->__tpi_cp_47_U1012 /1 undetected
__tpi_not_test_en->__tpi_cp_32_U1013 /1 undetected
__tpi_not_test_en->__tpi_cp_75___aig_and_183 /1 undetected
__tpi_not_test_en->__tpi_cp_61_U1016 /1 undetected
__tpi_not_test_en->__tpi_cp_34_U1017 /1 undetected
__tpi_not_test_en->__tpi_cp_8___buf_split_751 /1 undetected
__tpi_not_test_en->__tpi_cp_11___buf_split_748 /1 undetected
__tpi_not_test_en->__tpi_cp_64_U708 /1 undetected
