new_n21605_ /1 undetected
new_n21597_ /1 undetected
new_n21603_ /1 undetected
new_n21601_ /1 undetected
new_n21599_ /1 undetected
__buf_split_10689 /1 undetected
__buf_split_10688 /1 undetected
__buf_split_10690 /1 undetected
new_n16286_ /1 undetected
new_n16277_ /1 undetected
new_n16284_ /1 undetected
new_n16282_ /1 undetected
new_n16280_->new_n16281_ /1 undetected
__buf_split_7037 /1 undetected
new_n21591_->new_n21592_ /1 undetected
new_n21585_ /1 undetected
__buf_split_10679 /1 undetected
new_n21583_ /1 undetected
__buf_split_10678 /1 undetected
new_n21581_ /1 undetected
new_n21580_ /1 undetected
new_n21579_ /1 undetected
__buf_split_10676 /1 undetected
new_n21577_ /1 undetected
new_n21575_ /1 undetected
new_n21574_ /1 undetected
__buf_split_10670 /1 undetected
new_n21570_ /1 undetected
new_n21569_ /1 undetected
new_n21567_ /1 undetected
__buf_split_10667 /1 undetected
new_n21557_ /1 undetected
new_n21556_ /1 undetected
new_n21554_ /1 undetected
new_n21553_ /1 undetected
__buf_split_10654 /1 undetected
new_n21550_ /1 undetected
__buf_split_10651 /1 undetected
__buf_split_10649 /1 undetected
__buf_split_10631->new_n21527_ /1 undetected
new_n16271_->new_n16272_ /1 undetected
new_n16266_ /1 undetected
new_n16265_ /1 undetected
new_n16263_ /1 undetected
__buf_split_7024 /1 undetected
new_n16261_ /1 undetected
new_n16260_ /1 undetected
new_n16259_ /1 undetected
__buf_split_7022 /1 undetected
new_n16257_ /1 undetected
new_n16254_ /1 undetected
__buf_split_7016 /1 undetected
new_n16231_->new_n16238_ /1 undetected
new_n16237_ /1 undetected
new_n16236_ /1 undetected
new_n16234_ /1 undetected
new_n16233_ /1 undetected
__buf_split_7000 /1 undetected
new_n16224_ /1 undetected
new_n16223_ /1 undetected
__buf_split_6993 /1 undetected
new_n16221_ /1 undetected
__buf_split_6992 /1 undetected
__buf_split_6981 /1 undetected
new_n21596_ /0 undetected
__buf_split_10685 /1 undetected
new_n16276_ /0 undetected
__buf_split_7031 /1 undetected
