__tpi_not_test_en->__tpi_cp_18_U456 /1 undetected
__buf_split_558 /1 undetected
__tpi_not_test_en->__tpi_cp_24_R248_U67 /1 undetected
__tpi_cp_24_R248_U67 /1 undetected
R248_U67 /1 undetected
__buf_split_553 /1 undetected
__buf_split_556 /1 undetected
test_en->__tpi_cp_33_R248_U42 /0 undetected
__tpi_not_test_en->__tpi_cp_25_R248_U63 /1 undetected
__buf_split_547 /1 undetected
__buf_split_550 /1 undetected
test_en->__tpi_cp_28_R248_U43 /0 undetected
__tpi_not_test_en->__tpi_cp_38_R248_U56 /1 undetected
__tpi_not_test_en->__tpi_cp_29_R248_U44 /1 undetected
__tpi_not_test_en->__tpi_cp_36_R248_U57 /1 undetected
__tpi_cp_36_R248_U57 /1 undetected
R248_U57 /1 undetected
R248_U51 /1 undetected
__buf_split_529 /1 undetected
test_en->__tpi_cp_7___buf_split_527 /0 undetected
__tpi_not_test_en->__tpi_cp_1___buf_split_524 /1 undetected
R248_U49 /1 undetected
__buf_split_526 /1 undetected
__tpi_not_test_en->__tpi_cp_32_R248_U23 /1 undetected
__tpi_cp_32_R248_U23 /1 undetected
R248_U23 /1 undetected
__tpi_not_test_en->__tpi_cp_35___buf_split_510 /1 undetected
__tpi_not_test_en->__tpi_cp_21_U353 /1 undetected
__tpi_not_test_en->__tpi_cp_12___buf_split_112 /1 undetected
__tpi_not_test_en->__tpi_cp_15___buf_split_84 /1 undetected
__tpi_not_test_en->__tpi_cp_16___buf_split_80 /1 undetected
__tpi_not_test_en->__tpi_cp_30___buf_split_76 /1 undetected
