II961 /1 undetected
C_14 /1 undetected
__tpi_not_test_en->__tpi_cp_20___aig_not_197 /1 undetected
__tpi_not_test_en->__tpi_cp_9___buf_split_181 /1 undetected
__tpi_not_test_en->__tpi_cp_18_II742 /1 undetected
__tpi_not_test_en->__tpi_cp_29___aig_not_219 /1 undetected
test_en->__tpi_cp_3___aig_and_218 /0 undetected
__tpi_not_test_en->__tpi_cp_46___aig_not_217 /1 undetected
__tpi_not_test_en->__tpi_cp_47___buf_split_189 /1 undetected
__tpi_not_test_en->__tpi_cp_11___buf_split_188 /1 undetected
__tpi_not_test_en->__tpi_cp_33_II849 /1 undetected
test_en->__tpi_cp_2_II611_3 /0 undetected
__tpi_not_test_en->__tpi_cp_21___buf_split_38 /1 undetected
__tpi_not_test_en->__tpi_cp_31_II776 /1 undetected
__tpi_not_test_en->__tpi_cp_38___buf_split_45 /1 undetected
test_en->__tpi_cp_1___buf_split_146 /0 undetected
__tpi_not_test_en->__tpi_cp_41_II743 /1 undetected
__tpi_not_test_en->__tpi_cp_22___buf_split_43 /1 undetected
__tpi_not_test_en->__tpi_cp_12___aig_not_201 /1 undetected
test_en->__tpi_cp_36___aig_and_200 /0 undetected
test_en->__tpi_cp_54___aig_not_199 /0 undetected
__tpi_not_test_en->__tpi_cp_32___buf_split_183 /1 undetected
__tpi_not_test_en->__tpi_cp_42___aig_not_198 /1 undetected
__tpi_not_test_en->__tpi_cp_56___buf_split_182 /1 undetected
test_en->__tpi_cp_25___aig_and_73 /0 undetected
__tpi_not_test_en->__tpi_cp_24___buf_split_44 /1 undetected
__tpi_not_test_en->__tpi_cp_17_II788 /1 undetected
__tpi_not_test_en->__tpi_cp_39___buf_split_147 /1 undetected
__tpi_not_test_en->__tpi_cp_37_II741 /1 undetected
__tpi_not_test_en->__tpi_cp_51___buf_split_40 /1 undetected
test_en->__tpi_cp_0_II611_2 /0 undetected
__tpi_not_test_en->__tpi_cp_48_II708 /1 undetected
__tpi_not_test_en->__tpi_cp_30___aig_not_189 /1 undetected
test_en->__tpi_cp_4___aig_and_188 /0 undetected
__tpi_not_test_en->__tpi_cp_15___buf_split_178 /1 undetected
__tpi_not_test_en->__tpi_cp_35_II716 /1 undetected
__tpi_not_test_en->__tpi_cp_44___aig_not_186 /1 undetected
__tpi_not_test_en->__tpi_cp_28___buf_split_177 /1 undetected
__tpi_not_test_en->__tpi_cp_14___buf_split_37 /1 undetected
__tpi_not_test_en->__tpi_cp_34_II720 /1 undetected
__tpi_not_test_en->__tpi_cp_57___buf_split_142 /1 undetected
__tpi_not_test_en->__tpi_cp_52_II672 /1 undetected
__tpi_not_test_en->__tpi_cp_53___buf_split_33 /1 undetected
__tpi_not_test_en->__tpi_cp_19_II615 /1 undetected
__tpi_not_test_en->__tpi_cp_60___buf_split_30 /1 undetected
__tpi_not_test_en->__tpi_cp_55___aig_not_175 /1 undetected
__tpi_not_test_en->__tpi_cp_50___buf_split_173 /1 undetected
__tpi_not_test_en->__tpi_cp_16___aig_not_174 /1 undetected
__tpi_not_test_en->__tpi_cp_58___buf_split_172 /1 undetected
__tpi_not_test_en->__tpi_cp_23_II613 /1 undetected
__tpi_not_test_en->__tpi_cp_13___buf_split_28 /1 undetected
__tpi_not_test_en->__tpi_cp_59___buf_split_137 /1 undetected
