__tpi_op_442_R794_U49 /1 undetected
__tpi_op_436___aig_and_912 /0 undetected
__tpi_op_420_R794_U77 /1 undetected
__tpi_op_406___aig_and_934 /0 undetected
__tpi_op_331_SUB_110_U32 /1 undetected
__tpi_op_312___aig_and_697 /0 undetected
__tpi_op_172___buf_split_635 /1 undetected
__tpi_op_147___buf_split_518 /0 undetected
__tpi_op_50___aig_and_709 /0 undetected
__tpi_op_26___buf_split_520 /0 undetected
U878->U878_PO /1 undetected
U726->U726_PO /1 undetected
U724->U724_PO /1 undetected
U707->U707_PO /1 undetected
__tpi_not_test_en->__tpi_cp_194_U930 /1 undetected
test_en->__tpi_cp_235___aig_and_390 /0 undetected
__tpi_not_test_en->__tpi_cp_232_U922 /1 undetected
test_en->__tpi_cp_52___aig_and_373 /0 undetected
__tpi_not_test_en->__tpi_cp_188_U921 /1 undetected
__tpi_not_test_en->__tpi_cp_190_U918 /1 undetected
test_en->__tpi_cp_234___aig_and_366 /0 undetected
__tpi_not_test_en->__tpi_cp_231_U917 /1 undetected
test_en->__tpi_cp_43___aig_and_365 /0 undetected
__tpi_not_test_en->__tpi_cp_189_U914 /1 undetected
test_en->__tpi_cp_236___aig_and_362 /0 undetected
U637->U637_PO /0 undetected
__tpi_not_test_en->__tpi_cp_145___aig_not_1141 /1 undetected
test_en->__tpi_cp_262___aig_and_1140 /0 undetected
test_en->__tpi_cp_38___aig_and_1139 /0 undetected
test_en->__tpi_cp_143_U767 /0 undetected
__tpi_not_test_en->__tpi_cp_173___aig_not_1144 /1 undetected
__tpi_cp_173___aig_not_1144 /1 undetected
__aig_not_1144 /1 undetected
__tpi_not_test_en->__tpi_cp_261___buf_split_1209 /1 undetected
U764->__tpi_cp_135_U764 /0 undetected
test_en->__tpi_cp_135_U764 /0 undetected
__tpi_not_test_en->__tpi_cp_266___buf_split_1210 /1 undetected
test_en->__tpi_cp_142_U766 /0 undetected
__tpi_not_test_en->__tpi_cp_55_U1030 /1 undetected
test_en->__tpi_cp_133___aig_and_499 /0 undetected
__buf_split_655 /1 undetected
U1031 /1 undetected
__tpi_not_test_en->__tpi_cp_279___buf_split_657 /1 undetected
U1032 /1 undetected
__tpi_not_test_en->__tpi_cp_280___buf_split_658 /1 undetected
__tpi_not_test_en->__tpi_cp_48_U1033 /1 undetected
test_en->__tpi_cp_263___aig_and_502 /0 undetected
test_en->__tpi_cp_138_U765 /0 undetected
test_en->__tpi_cp_168_R794_U36 /0 undetected
__tpi_not_test_en->__tpi_cp_65___aig_and_902 /1 undetected
R794_U49->__aig_and_913 /1 undetected
__buf_split_974->__aig_and_914 /1 undetected
__tpi_not_test_en->__tpi_cp_281___buf_split_661 /1 undetected
__tpi_not_test_en->__tpi_cp_50_U1035 /1 undetected
__tpi_not_test_en->__tpi_cp_174___buf_split_1016 /1 undetected
__tpi_not_test_en->__tpi_cp_175___buf_split_969 /1 undetected
__tpi_not_test_en->__tpi_cp_147_R794_U91 /1 undetected
__tpi_not_test_en->__tpi_cp_54_U1037 /1 undetected
__tpi_not_test_en->__tpi_cp_148_R794_U37 /1 undetected
test_en->__tpi_cp_81___aig_and_903 /0 undetected
__tpi_not_test_en->__tpi_cp_3_R794_U47 /1 undetected
__tpi_not_test_en->__tpi_cp_150_R794_U85 /1 undetected
__tpi_not_test_en->__tpi_cp_5_R794_U62 /1 undetected
R794_U77->__aig_and_897 /1 undetected
R794_U77 /1 undetected
R794_U49 /1 undetected
__aig_and_934 /0 undetected
__aig_and_912 /0 undetected
R794_U72 /1 undetected
__buf_split_1004->__aig_and_930 /1 undetected
__buf_split_1006 /1 undetected
R794_U14->__tpi_cp_66_R794_U14 /1 undetected
__tpi_not_test_en->__tpi_cp_66_R794_U14 /1 undetected
__buf_split_124 /1 undetected
test_en->__tpi_cp_137_U641 /0 undetected
__tpi_not_test_en->__tpi_cp_161_U954 /1 undetected
__tpi_cp_161_U954 /1 undetected
U954 /1 undetected
__buf_split_519 /1 undetected
__buf_split_122 /1 undetected
__tpi_not_test_en->__tpi_cp_212_U955 /1 undetected
__tpi_cp_212_U955 /1 undetected
U955 /1 undetected
__buf_split_521->__aig_and_426 /1 undetected
__buf_split_79 /1 undetected
__tpi_not_test_en->__tpi_cp_158_U953 /1 undetected
__tpi_cp_158_U953 /1 undetected
U953 /1 undetected
test_en->__tpi_cp_85___aig_and_424 /0 undetected
__aig_and_424 /0 undetected
__buf_split_515 /1 undetected
__buf_split_516 /1 undetected
__buf_split_517 /1 undetected
__tpi_not_test_en->__tpi_cp_240___buf_split_78 /1 undetected
__tpi_not_test_en->__tpi_cp_0___buf_split_77 /1 undetected
__tpi_not_test_en->__tpi_cp_248_U785 /1 undetected
__buf_split_128 /1 undetected
__buf_split_125 /1 undetected
U638->__tpi_cp_169_U638 /0 undetected
test_en->__tpi_cp_169_U638 /0 undetected
__tpi_not_test_en->__tpi_cp_136___aig_and_87 /1 undetected
__tpi_cp_136___aig_and_87 /1 undetected
__aig_and_87 /1 undetected
__tpi_not_test_en->__tpi_cp_149_U951 /1 undetected
__tpi_cp_149_U951 /1 undetected
U951 /1 undetected
test_en->__tpi_cp_198___buf_split_511 /0 undetected
__tpi_cp_198___buf_split_511 /1 undetected
__buf_split_511 /0 undetected
__buf_split_120 /1 undetected
__tpi_not_test_en->__tpi_cp_6___buf_split_121 /1 undetected
__tpi_cp_6___buf_split_121 /1 undetected
__buf_split_121 /1 undetected
test_en->__tpi_cp_62___aig_and_212 /0 undetected
test_en->__tpi_cp_267___aig_and_211 /0 undetected
__buf_split_247 /1 undetected
__tpi_not_test_en->__tpi_cp_193___buf_split_248 /1 undetected
__tpi_not_test_en->__tpi_cp_277___buf_split_249 /1 undetected
__tpi_cp_277___buf_split_249 /1 undetected
__buf_split_249 /1 undetected
test_en->__tpi_cp_13___aig_and_215 /0 undetected
__tpi_cp_13___aig_and_215 /1 undetected
__tpi_not_test_en->__tpi_cp_243___buf_split_253 /1 undetected
__tpi_cp_243___buf_split_253 /1 undetected
__buf_split_253 /1 undetected
__tpi_not_test_en->__tpi_cp_247___buf_split_252 /1 undetected
__tpi_cp_247___buf_split_252 /1 undetected
__buf_split_252 /1 undetected
__tpi_not_test_en->__tpi_cp_249_U952 /1 undetected
test_en->__tpi_cp_123___aig_and_421 /0 undetected
__tpi_not_test_en->__tpi_cp_275___buf_split_513 /1 undetected
__buf_split_512 /1 undetected
__buf_split_80 /1 undetected
U778->__tpi_cp_30_U778 /1 undetected
__tpi_not_test_en->__tpi_cp_30_U778 /1 undetected
test_en->__tpi_cp_126_U956 /0 undetected
__tpi_not_test_en->__tpi_cp_255___buf_split_522 /1 undetected
U784 /1 undetected
__aig_and_209 /1 undetected
__tpi_not_test_en->__tpi_cp_242___buf_split_244 /1 undetected
__tpi_cp_242___buf_split_244 /1 undetected
__buf_split_244 /1 undetected
__buf_split_243 /1 undetected
U723->__tpi_cp_31_U723 /1 undetected
__tpi_not_test_en->__tpi_cp_31_U723 /1 undetected
U593->__tpi_cp_129_U593 /1 undetected
__tpi_not_test_en->__tpi_cp_129_U593 /1 undetected
__tpi_cp_129_U593 /1 undetected
__tpi_not_test_en->__tpi_cp_53_U771 /1 undetected
__tpi_not_test_en->__tpi_cp_14_U772 /1 undetected
U786 /1 undetected
__buf_split_251 /1 undetected
__tpi_not_test_en->__tpi_cp_254___aig_and_208 /1 undetected
__tpi_not_test_en->__tpi_cp_278___buf_split_230 /1 undetected
__buf_split_229 /1 undetected
__tpi_not_test_en->__tpi_cp_268___buf_split_231 /1 undetected
__tpi_cp_268___buf_split_231 /1 undetected
__buf_split_231 /1 undetected
__buf_split_228 /1 undetected
__tpi_not_test_en->__tpi_cp_250___buf_split_22 /1 undetected
__tpi_cp_250___buf_split_22 /1 undetected
__buf_split_22 /1 undetected
__tpi_not_test_en->__tpi_cp_251___buf_split_21 /1 undetected
__tpi_cp_251___buf_split_21 /1 undetected
__buf_split_21 /1 undetected
test_en->__tpi_cp_74_U878 /0 undetected
__tpi_cp_74_U878 /1 undetected
U878 /1 undetected
__tpi_not_test_en->__tpi_cp_238___buf_split_395 /1 undetected
__tpi_not_test_en->__tpi_cp_252_U637 /1 undetected
__buf_split_61 /1 undetected
__tpi_not_test_en->__tpi_cp_282___buf_split_218 /1 undetected
test_en->__tpi_cp_77_GT_146_U6 /0 undetected
__buf_split_62 /1 undetected
U637 /0 undetected
__tpi_not_test_en->__tpi_cp_10___buf_split_119 /1 undetected
__tpi_cp_10___buf_split_119 /1 undetected
__buf_split_119 /1 undetected
__tpi_not_test_en->__tpi_cp_239___buf_split_118 /1 undetected
__tpi_cp_239___buf_split_118 /1 undetected
__buf_split_118 /1 undetected
__tpi_not_test_en->__tpi_cp_241_U880 /1 undetected
__tpi_cp_241_U880 /1 undetected
U880 /1 undetected
__tpi_not_test_en->__tpi_cp_246___buf_split_397 /1 undetected
__tpi_not_test_en->__tpi_cp_256_U709 /1 undetected
U611->__tpi_cp_257_U611 /1 undetected
__tpi_not_test_en->__tpi_cp_257_U611 /1 undetected
__tpi_cp_257_U611 /1 undetected
__tpi_not_test_en->__tpi_cp_56_U879 /1 undetected
__tpi_not_test_en->__tpi_cp_273___buf_split_396 /1 undetected
test_en->__tpi_cp_128_U710 /0 undetected
__tpi_not_test_en->__tpi_cp_8___aig_and_139 /1 undetected
__aig_and_139 /1 undetected
test_en->__tpi_cp_121___aig_not_138 /0 undetected
__tpi_cp_121___aig_not_138 /1 undetected
__tpi_not_test_en->__tpi_cp_258___buf_split_204 /1 undetected
__tpi_not_test_en->__tpi_cp_157___aig_not_137 /1 undetected
__tpi_cp_157___aig_not_137 /1 undetected
__aig_not_137 /1 undetected
__tpi_not_test_en->__tpi_cp_195___buf_split_203 /1 undetected
test_en->__tpi_cp_64___aig_not_43 /0 undetected
__aig_not_43 /0 undetected
__aig_not_41 /1 undetected
__tpi_not_test_en->__tpi_cp_12___buf_split_60 /1 undetected
__aig_not_40 /1 undetected
U726->__tpi_cp_274_U726 /1 undetected
__tpi_not_test_en->__tpi_cp_274_U726 /1 undetected
__tpi_cp_274_U726 /1 undetected
test_en->__tpi_cp_197___buf_split_237 /0 undetected
__buf_split_237 /0 undetected
U726 /1 undetected
__tpi_not_test_en->__tpi_cp_269___aig_not_142 /1 undetected
__tpi_cp_269___aig_not_142 /1 undetected
__aig_not_142 /1 undetected
__tpi_not_test_en->__tpi_cp_21___aig_not_141 /1 undetected
__aig_not_140 /1 undetected
__buf_split_520 /0 undetected
__buf_split_518 /0 undetected
__tpi_cp_233_GT_122_U6 /0 undetected
__tpi_not_test_en->__tpi_cp_117___aig_not_1227 /1 undetected
__aig_not_1227 /1 undetected
test_en->__tpi_cp_1___aig_and_1226 /0 undetected
__aig_and_1226 /0 undetected
__tpi_not_test_en->__tpi_cp_154___aig_not_1225 /1 undetected
__tpi_not_test_en->__tpi_cp_209_GT_122_U9 /1 undetected
GT_122_U9 /1 undetected
__tpi_not_test_en->__tpi_cp_18___aig_not_1231 /1 undetected
__aig_not_1229->__aig_and_1230 /1 undetected
__tpi_not_test_en->__tpi_cp_210___aig_not_1228 /1 undetected
__tpi_cp_210___aig_not_1228 /1 undetected
__aig_not_1228 /1 undetected
test_en->__tpi_cp_80_GT_122_U8 /0 undetected
GT_122_U8 /0 undetected
__tpi_not_test_en->__tpi_cp_155_GT_122_U10 /1 undetected
__tpi_cp_155_GT_122_U10 /1 undetected
GT_122_U10 /1 undetected
__aig_not_1232->__aig_and_1238 /1 undetected
__aig_and_1237->__aig_and_1238 /1 undetected
__tpi_not_test_en->__tpi_cp_159___aig_not_1224 /1 undetected
__tpi_not_test_en->__tpi_cp_186___buf_split_1275 /1 undetected
__buf_split_1275 /1 undetected
test_en->__tpi_cp_140_GT_114_U6 /0 undetected
__tpi_cp_140_GT_114_U6 /0 undetected
GT_114_U6 /0 undetected
__tpi_not_test_en->__tpi_cp_151___aig_not_840 /1 undetected
__aig_not_840 /1 undetected
test_en->__tpi_cp_19___aig_and_839 /0 undetected
__aig_and_839 /0 undetected
__tpi_not_test_en->__tpi_cp_125___aig_not_838 /1 undetected
__tpi_not_test_en->__tpi_cp_227___aig_not_845 /1 undetected
__aig_not_843->__aig_and_844 /1 undetected
__tpi_not_test_en->__tpi_cp_47___aig_not_842 /1 undetected
__tpi_cp_47___aig_not_842 /1 undetected
__aig_not_842 /1 undetected
test_en->__tpi_cp_95_GT_114_U8 /0 undetected
GT_114_U11->GT_114_U8 /1 undetected
GT_114_U8 /0 undetected
U724->__tpi_cp_244_U724 /1 undetected
__tpi_not_test_en->__tpi_cp_244_U724 /1 undetected
__tpi_cp_244_U724 /1 undetected
GT_130_U6->__tpi_cp_9_GT_130_U6 /0 undetected
test_en->__tpi_cp_9_GT_130_U6 /0 undetected
__tpi_cp_9_GT_130_U6 /0 undetected
test_en->__tpi_cp_187___buf_split_222 /0 undetected
__buf_split_222 /0 undetected
__aig_not_949 /1 undetected
__tpi_not_test_en->__tpi_cp_172___aig_and_948 /1 undetected
__tpi_not_test_en->__tpi_cp_29___aig_not_947 /1 undetected
test_en->__tpi_cp_98_GT_130_U8 /0 undetected
__tpi_not_test_en->__tpi_cp_201___aig_not_956 /1 undetected
__aig_not_951->__aig_and_955 /1 undetected
test_en->__tpi_cp_200___aig_and_954 /0 undetected
__tpi_cp_200___aig_and_954 /1 undetected
__aig_not_953->__aig_and_954 /1 undetected
__tpi_not_test_en->__tpi_cp_37___aig_not_952 /1 undetected
__tpi_cp_37___aig_not_952 /1 undetected
__aig_not_952 /1 undetected
__aig_and_950->GT_130_U7 /1 undetected
U724 /1 undetected
__tpi_not_test_en->__tpi_cp_144___aig_not_521 /1 undetected
__aig_not_521 /1 undetected
test_en->__tpi_cp_4___aig_and_520 /0 undetected
__aig_and_520 /0 undetected
__tpi_not_test_en->__tpi_cp_75___aig_not_519 /1 undetected
__tpi_not_test_en->__tpi_cp_211_GT_118_U8 /1 undetected
GT_118_U8 /1 undetected
__tpi_not_test_en->__tpi_cp_218___aig_not_517 /1 undetected
test_en->__tpi_cp_202___aig_and_516 /0 undetected
__aig_not_515->__aig_and_516 /1 undetected
__tpi_not_test_en->__tpi_cp_26___aig_not_514 /1 undetected
__tpi_cp_26___aig_not_514 /1 undetected
__aig_not_514 /1 undetected
test_en->__tpi_cp_93_GT_118_U7 /0 undetected
GT_118_U9->GT_118_U7 /1 undetected
GT_118_U7 /0 undetected
__tpi_not_test_en->__tpi_cp_213___aig_not_518 /1 undetected
__tpi_not_test_en->__tpi_cp_224___buf_split_678 /1 undetected
__buf_split_678 /1 undetected
__tpi_not_test_en->__tpi_cp_49___aig_not_14 /1 undetected
test_en->__tpi_cp_127___aig_and_13 /0 undetected
__tpi_not_test_en->__tpi_cp_272___aig_not_12 /1 undetected
__tpi_not_test_en->__tpi_cp_72___aig_not_8 /1 undetected
test_en->__tpi_cp_39___aig_and_7 /0 undetected
__aig_not_1->__aig_and_7 /1 undetected
test_en->__tpi_cp_171___aig_and_6 /0 undetected
__aig_not_2->__aig_and_6 /1 undetected
__tpi_not_test_en->__tpi_cp_184___aig_and_5 /1 undetected
__aig_not_3->__aig_and_5 /1 undetected
__tpi_not_test_en->__tpi_cp_185___aig_not_4 /1 undetected
test_en->__tpi_cp_84_GT_138_U7 /0 undetected
test_en->__tpi_cp_153_GT_126_U6 /0 undetected
__tpi_cp_153_GT_126_U6 /0 undetected
GT_126_U6 /0 undetected
__tpi_not_test_en->__tpi_cp_165___aig_not_732 /1 undetected
__aig_not_732 /1 undetected
test_en->__tpi_cp_83___aig_and_731 /0 undetected
__aig_and_731 /0 undetected
__tpi_not_test_en->__tpi_cp_20___aig_not_730 /1 undetected
test_en->__tpi_cp_205_GT_126_U8 /0 undetected
__tpi_not_test_en->__tpi_cp_196___aig_not_740 /1 undetected
test_en->__tpi_cp_97___aig_and_739 /0 undetected
__aig_not_735->__aig_and_739 /1 undetected
__aig_and_738->__aig_and_739 /1 undetected
__tpi_not_test_en->__tpi_cp_11___aig_not_715 /1 undetected
test_en->__tpi_cp_192___aig_and_714 /0 undetected
__tpi_not_test_en->__tpi_cp_177___aig_not_713 /1 undetected
test_en->__tpi_cp_35_GT_146_U8 /0 undetected
__tpi_not_test_en->__tpi_cp_79___aig_not_725 /1 undetected
__aig_not_716->__aig_and_724 /1 undetected
test_en->__tpi_cp_181___aig_and_723 /0 undetected
__aig_not_717->__aig_and_723 /1 undetected
test_en->__tpi_cp_92___aig_and_722 /0 undetected
test_en->__tpi_cp_134_GT_134_U6 /0 undetected
GT_134_U6 /0 undetected
__tpi_not_test_en->__tpi_cp_264___aig_not_1036 /1 undetected
__aig_not_1036 /1 undetected
test_en->__tpi_cp_270___aig_and_1035 /0 undetected
__aig_and_1035 /0 undetected
__tpi_not_test_en->__tpi_cp_17___aig_not_1034 /1 undetected
test_en->__tpi_cp_78_GT_134_U8 /0 undetected
__tpi_not_test_en->__tpi_cp_166___aig_not_1042 /1 undetected
__aig_not_1037->__aig_and_1041 /1 undetected
__aig_and_1040->__aig_and_1041 /1 undetected
__tpi_not_test_en->__tpi_cp_265___aig_not_1033 /1 undetected
test_en->__tpi_cp_132___buf_split_1071 /0 undetected
__tpi_not_test_en->__tpi_cp_163___aig_not_982 /1 undetected
test_en->__tpi_cp_7___aig_and_981 /0 undetected
__tpi_not_test_en->__tpi_cp_76___aig_not_980 /1 undetected
test_en->__tpi_cp_182_GT_142_U8 /0 undetected
__tpi_not_test_en->__tpi_cp_183___aig_not_990 /1 undetected
__aig_not_983->__aig_and_989 /1 undetected
test_en->__tpi_cp_27___aig_and_988 /0 undetected
__aig_not_984->__aig_and_988 /1 undetected
__tpi_not_test_en->__tpi_cp_216___aig_not_979 /1 undetected
__tpi_not_test_en->__tpi_cp_223___buf_split_1046 /1 undetected
__aig_not_1038->__aig_and_1040 /1 undetected
test_en->__tpi_cp_108_GT_114_U7 /0 undetected
__tpi_not_test_en->__tpi_cp_25___aig_not_736 /1 undetected
__tpi_cp_25___aig_not_736 /1 undetected
__aig_not_736 /1 undetected
__aig_and_734->GT_126_U7 /1 undetected
test_en->__tpi_cp_94_GT_134_U7 /0 undetected
test_en->__tpi_cp_206_U635 /0 undetected
test_en->__tpi_cp_204_U634 /0 undetected
test_en->__tpi_cp_23___aig_and_733 /0 undetected
__tpi_not_test_en->__tpi_cp_156_R794_U13 /1 undetected
__tpi_not_test_en->__tpi_cp_110___aig_and_84 /1 undetected
__tpi_not_test_en->__tpi_cp_215_U876 /1 undetected
__tpi_cp_215_U876 /1 undetected
U876 /1 undetected
test_en->__tpi_cp_28___aig_and_308 /0 undetected
SUB_110_U14->__aig_and_308 /1 undetected
__buf_split_393->__aig_and_308 /1 undetected
__aig_and_308 /0 undetected
__tpi_not_test_en->__tpi_cp_260___buf_split_116 /1 undetected
__tpi_not_test_en->__tpi_cp_32___aig_and_83 /1 undetected
__tpi_not_test_en->__tpi_cp_217_U875 /1 undetected
__tpi_cp_217_U875 /1 undetected
U875 /1 undetected
test_en->__tpi_cp_208___aig_and_307 /0 undetected
SUB_110_U17->__aig_and_307 /1 undetected
__aig_and_307 /0 undetected
__tpi_not_test_en->__tpi_cp_230___buf_split_115 /1 undetected
__tpi_not_test_en->__tpi_cp_160___aig_and_82 /1 undetected
__tpi_not_test_en->__tpi_cp_176_U874 /1 undetected
__tpi_cp_176_U874 /1 undetected
U874 /1 undetected
test_en->__tpi_cp_24___aig_and_306 /0 undetected
__aig_and_306 /0 undetected
__tpi_not_test_en->__tpi_cp_112_SUB_110_U13 /1 undetected
__tpi_cp_112_SUB_110_U13 /1 undetected
SUB_110_U13 /1 undetected
__tpi_not_test_en->__tpi_cp_214___buf_split_114 /1 undetected
__tpi_not_test_en->__tpi_cp_146___aig_and_85 /1 undetected
U877 /1 undetected
SUB_110_U19 /1 undetected
__tpi_not_test_en->__tpi_cp_179_SUB_110_U33 /1 undetected
__tpi_cp_179_SUB_110_U33 /1 undetected
SUB_110_U33 /1 undetected
test_en->__tpi_cp_36___aig_and_710 /0 undetected
__buf_split_818->__aig_and_710 /1 undetected
__aig_and_710 /0 undetected
__buf_split_819 /1 undetected
__tpi_not_test_en->__tpi_cp_15_SUB_110_U34 /1 undetected
__tpi_cp_15_SUB_110_U34 /1 undetected
SUB_110_U34 /1 undetected
test_en->__tpi_cp_82___aig_and_711 /0 undetected
__buf_split_820->__aig_and_711 /1 undetected
__aig_and_711 /0 undetected
SUB_110_U21 /1 undetected
test_en->__tpi_cp_67___aig_and_483 /0 undetected
__buf_split_629 /1 undetected
__tpi_not_test_en->__tpi_cp_283_U1015 /1 undetected
__tpi_cp_283_U1015 /1 undetected
U1015 /1 undetected
test_en->__tpi_cp_69___aig_and_484 /0 undetected
SUB_110_U7->__aig_and_484 /1 undetected
__aig_and_484 /0 undetected
test_en->__tpi_cp_70___aig_and_479 /0 undetected
__buf_split_623 /1 undetected
__tpi_not_test_en->__tpi_cp_63_U1011 /1 undetected
__tpi_cp_63_U1011 /1 undetected
U1011 /1 undetected
SUB_110_U6 /1 undetected
test_en->__tpi_cp_91___aig_and_691 /0 undetected
__buf_split_786->__aig_and_691 /1 undetected
SUB_110_U26->__aig_and_691 /1 undetected
__aig_and_691 /0 undetected
test_en->__tpi_cp_68___aig_and_475 /0 undetected
__buf_split_617 /1 undetected
__tpi_not_test_en->__tpi_cp_59_U1007 /1 undetected
__tpi_cp_59_U1007 /1 undetected
U1007 /1 undetected
SUB_110_U8 /1 undetected
test_en->__tpi_cp_90___aig_and_692 /0 undetected
SUB_110_U25->__aig_and_692 /1 undetected
__aig_and_692 /0 undetected
__buf_split_788 /1 undetected
test_en->__tpi_cp_71___aig_and_222 /0 undetected
__buf_split_265 /1 undetected
U1019->__aig_and_184 /1 undetected
__buf_split_635->__aig_and_487 /1 undetected
__buf_split_635 /1 undetected
test_en->__tpi_cp_139_U707 /0 undetected
__tpi_cp_139_U707 /1 undetected
U707 /1 undetected
__aig_and_697 /0 undetected
GT_108_U6->__tpi_cp_162_GT_108_U6 /0 undetected
test_en->__tpi_cp_162_GT_108_U6 /0 undetected
SUB_110_U24->__aig_and_705 /1 undetected
__buf_split_810->__aig_and_705 /1 undetected
__tpi_not_test_en->__tpi_cp_152___aig_not_1213 /1 undetected
__aig_not_1213 /1 undetected
test_en->__tpi_cp_2___aig_and_1212 /0 undetected
__aig_and_1212 /0 undetected
__tpi_not_test_en->__tpi_cp_86___aig_not_1211 /1 undetected
test_en->__tpi_cp_220_GT_108_U8 /0 undetected
__tpi_not_test_en->__tpi_cp_229___aig_not_1218 /1 undetected
__tpi_not_test_en->__tpi_cp_228___aig_and_1217 /1 undetected
__aig_not_1216->__aig_and_1217 /1 undetected
__aig_and_1217 /1 undetected
__tpi_not_test_en->__tpi_cp_34___aig_not_1215 /1 undetected
__tpi_cp_34___aig_not_1215 /1 undetected
__aig_not_1215 /1 undetected
test_en->__tpi_cp_104_GT_108_U7 /0 undetected
__buf_split_1270->GT_108_U7 /1 undetected
__aig_and_1214->GT_108_U7 /1 undetected
GT_108_U7 /0 undetected
__tpi_not_test_en->__tpi_cp_221___aig_not_1210 /1 undetected
__tpi_not_test_en->__tpi_cp_42_SUB_110_U30 /1 undetected
SUB_110_U30 /1 undetected
test_en->__tpi_cp_100___aig_and_707 /0 undetected
__aig_and_707 /0 undetected
__buf_split_808->__aig_and_704 /1 undetected
__buf_split_809->__aig_and_704 /1 undetected
__buf_split_796->__aig_and_699 /1 undetected
__tpi_not_test_en->__tpi_cp_114_SUB_110_U16 /1 undetected
test_en->__tpi_cp_107___aig_and_700 /0 undetected
__buf_split_797->__aig_and_700 /1 undetected
SUB_110_U32->__aig_and_698 /1 undetected
__tpi_not_test_en->__tpi_cp_45_SUB_110_U31 /1 undetected
test_en->__tpi_cp_115___aig_and_708 /0 undetected
SUB_110_U32 /1 undetected
__aig_and_709 /0 undetected
__tpi_not_test_en->__tpi_cp_73_SUB_110_U18 /1 undetected
__tpi_not_test_en->__tpi_cp_226_GT_108_U9 /1 undetected
test_en->__tpi_cp_207___aig_and_1223 /0 undetected
__tpi_not_test_en->__tpi_cp_109_SUB_110_U9 /1 undetected
test_en->__tpi_cp_199___aig_and_695 /0 undetected
__tpi_not_test_en->__tpi_cp_88___aig_and_177 /1 undetected
test_en->__tpi_cp_105___aig_and_474 /0 undetected
__tpi_not_test_en->__tpi_cp_96___aig_and_179 /1 undetected
__tpi_not_test_en->__tpi_cp_222_U1009 /1 undetected
test_en->__tpi_cp_102___aig_and_478 /0 undetected
__tpi_not_test_en->__tpi_cp_22_SUB_103_U8 /1 undetected
test_en->__tpi_cp_101___aig_and_624 /0 undetected
__tpi_not_test_en->__tpi_cp_111___aig_and_181 /1 undetected
__tpi_not_test_en->__tpi_cp_120_SUB_103_U10 /1 undetected
test_en->__tpi_cp_116___aig_and_630 /0 undetected
test_en->__tpi_cp_141_U708 /0 undetected
