[typed-five-r3/b21_C] [gmean] 2026-07-21T15:50:23 out_dir=autoresearch/loop-260720-0945/typed_winner_round8_five/b21_C
[typed-five-r3/b21_C] [gmean] 2026-07-21T15:50:23 budgets=iscas99__b21:628
[typed-five-r3/b21_C] [gmean] 2026-07-21T15:50:23 variant_start id=greedy__cumulative__q_typed_reliable_context__bw1__d1__c64__g1p0__candhard_fault_cluster__div0p0__s0
[typed-five-r3/b21_C] [gmean] 2026-07-21T15:50:23 [1/1] plan_start benchmark=iscas99__b21 budget=628 planner=greedy score=q_typed_reliable_context
[typed-five-r3/b21_C] [plan iscas99__b21] [plan] torch_deterministic=true
[typed-five-r3/b21_C] [plan iscas99__b21] [plan] candidate_allowlist=autoresearch/original-netlist-recovery-260712/exact_itc99/b21_C/exact_candidate_nodes.txt nodes=19520
[typed-five-r3/b21_C] [plan iscas99__b21] [plan] latent_norm_clip_ratio=4 latent_norm_limit=30.923500
[typed-five-r3/b21_C] [plan iscas99__b21] [plan] step=1 node=N12793 type=observe q_typed_reliable_context=2.528115 sequence=2.528115
[typed-five-r3/b21_C] [plan iscas99__b21] [plan] step=2 node=N1674 type=control1 q_typed_reliable_context=3.978325 sequence=6.506440
[typed-five-r3/b21_C] [plan iscas99__b21] [plan] step=3 node=N6742 type=control1 q_typed_reliable_context=1.344670 sequence=7.851110
[typed-five-r3/b21_C] [plan iscas99__b21] [plan] step=4 node=N4025 type=control0 q_typed_reliable_context=1.596882 sequence=9.447992
[typed-five-r3/b21_C] [plan iscas99__b21] [plan] step=5 node=N905 type=observe q_typed_reliable_context=1.132290 sequence=10.580283
[typed-five-r3/b21_C] [plan iscas99__b21] [plan] step=6 node=N3444 type=control0 q_typed_reliable_context=1.742031 sequence=12.322314
[typed-five-r3/b21_C] [plan iscas99__b21] [plan] step=7 node=N3447 type=control0 q_typed_reliable_context=1.869544 sequence=14.191857
[typed-five-r3/b21_C] [plan iscas99__b21] [plan] step=8 node=N2715 type=control0 q_typed_reliable_context=1.926849 sequence=16.118707
[typed-five-r3/b21_C] [plan iscas99__b21] [plan] step=9 node=N4039 type=control0 q_typed_reliable_context=3.002913 sequence=19.121620
[typed-five-r3/b21_C] [plan iscas99__b21] [plan] step=10 node=N4041 type=control0 q_typed_reliable_context=3.436027 sequence=22.557647
[typed-five-r3/b21_C] [plan iscas99__b21] [plan] step=11 node=N4045 type=control0 q_typed_reliable_context=4.523243 sequence=27.080890
[typed-five-r3/b21_C] [plan iscas99__b21] [plan] step=12 node=N4043 type=control0 q_typed_reliable_context=3.234249 sequence=30.315139
[typed-five-r3/b21_C] [plan iscas99__b21] [plan] step=13 node=N3453 type=control0 q_typed_reliable_context=2.821328 sequence=33.136467
[typed-five-r3/b21_C] [plan iscas99__b21] [plan] step=14 node=N1442 type=observe q_typed_reliable_context=2.525423 sequence=35.661891
[typed-five-r3/b21_C] [plan iscas99__b21] [plan] step=15 node=N4193 type=observe q_typed_reliable_context=2.327080 sequence=37.988971
[typed-five-r3/b21_C] [plan iscas99__b21] [plan] step=16 node=N4197 type=observe q_typed_reliable_context=2.037800 sequence=40.026771
[typed-five-r3/b21_C] [plan iscas99__b21] [plan] step=17 node=N4199 type=observe q_typed_reliable_context=1.797779 sequence=41.824550
[typed-five-r3/b21_C] [plan iscas99__b21] [plan] step=18 node=N4211 type=observe q_typed_reliable_context=1.725433 sequence=43.549982
[typed-five-r3/b21_C] [plan iscas99__b21] [plan] step=19 node=N4047 type=control0 q_typed_reliable_context=1.424527 sequence=44.974510
[typed-five-r3/b21_C] [plan iscas99__b21] [plan] step=20 node=N960 type=observe q_typed_reliable_context=1.547183 sequence=46.521693
[typed-five-r3/b21_C] [plan iscas99__b21] [plan] step=21 node=N1680 type=control1 q_typed_reliable_context=1.340784 sequence=47.862476
[typed-five-r3/b21_C] [plan iscas99__b21] [plan] step=22 node=N4049 type=control0 q_typed_reliable_context=1.553542 sequence=49.416018
[typed-five-r3/b21_C] [plan iscas99__b21] [plan] step=23 node=N4009 type=control0 q_typed_reliable_context=1.822261 sequence=51.238279
[typed-five-r3/b21_C] [plan iscas99__b21] [plan] step=24 node=N4165 type=observe q_typed_reliable_context=1.782181 sequence=53.020460
[typed-five-r3/b21_C] [plan iscas99__b21] [plan] step=25 node=N4941 type=control1 q_typed_reliable_context=1.615987 sequence=54.636447
[typed-five-r3/b21_C] [plan iscas99__b21] [plan] step=26 node=N4176 type=observe q_typed_reliable_context=1.193436 sequence=55.829883
[typed-five-r3/b21_C] [plan iscas99__b21] [plan] step=27 node=N4665 type=observe q_typed_reliable_context=1.268799 sequence=57.098682
[typed-five-r3/b21_C] [plan iscas99__b21] [plan] step=28 node=N4683 type=control0 q_typed_reliable_context=2.677617 sequence=59.776299
[typed-five-r3/b21_C] [plan iscas99__b21] [plan] step=29 node=N4027 type=control0 q_typed_reliable_context=1.889435 sequence=61.665734
[typed-five-r3/b21_C] [plan iscas99__b21] [plan] step=30 node=N3550 type=control0 q_typed_reliable_context=1.135478 sequence=62.801212
[typed-five-r3/b21_C] [plan iscas99__b21] [plan] step=31 node=N4198 type=observe q_typed_reliable_context=1.392607 sequence=64.193818
[typed-five-r3/b21_C] [plan iscas99__b21] [plan] step=32 node=N4200 type=observe q_typed_reliable_context=1.083248 sequence=65.277066
[typed-five-r3/b21_C] [plan iscas99__b21] [plan] step=33 node=N4163 type=observe q_typed_reliable_context=0.937719 sequence=66.214785
[typed-five-r3/b21_C] [plan iscas99__b21] [plan] step=34 node=N4168 type=observe q_typed_reliable_context=0.955187 sequence=67.169972
[typed-five-r3/b21_C] [plan iscas99__b21] [plan] step=35 node=N1942 type=control0 q_typed_reliable_context=0.991315 sequence=68.161288
[typed-five-r3/b21_C] [plan iscas99__b21] [plan] step=36 node=N4169 type=observe q_typed_reliable_context=1.099787 sequence=69.261075
[typed-five-r3/b21_C] [plan iscas99__b21] [plan] step=37 node=N15816 type=control1 q_typed_reliable_context=2.529407 sequence=71.790482
[typed-five-r3/b21_C] [plan iscas99__b21] [plan] step=38 node=N4166 type=observe q_typed_reliable_context=1.480166 sequence=73.270648
[typed-five-r3/b21_C] [plan iscas99__b21] [plan] step=39 node=N4171 type=observe q_typed_reliable_context=1.309831 sequence=74.580479
[typed-five-r3/b21_C] [plan iscas99__b21] [plan] step=40 node=N4178 type=observe q_typed_reliable_context=1.344817 sequence=75.925295
[typed-five-r3/b21_C] [plan iscas99__b21] [plan] step=41 node=N4174 type=control0 q_typed_reliable_context=1.006784 sequence=76.932079
[typed-five-r3/b21_C] [plan iscas99__b21] [plan] step=42 node=N4205 type=observe q_typed_reliable_context=0.935387 sequence=77.867466
[typed-five-r3/b21_C] [plan iscas99__b21] [plan] step=43 node=N4204 type=observe q_typed_reliable_context=0.983565 sequence=78.851030
[typed-five-r3/b21_C] [plan iscas99__b21] [plan] step=44 node=N8963 type=control1 q_typed_reliable_context=1.179992 sequence=80.031022
[typed-five-r3/b21_C] [plan iscas99__b21] [plan] step=45 node=N4159 type=observe q_typed_reliable_context=1.393800 sequence=81.424822
[typed-five-r3/b21_C] [plan iscas99__b21] [plan] step=46 node=N15820 type=control1 q_typed_reliable_context=1.027191 sequence=82.452013
[typed-five-r3/b21_C] [plan iscas99__b21] [plan] step=47 node=N4162 type=observe q_typed_reliable_context=1.169456 sequence=83.621469
[typed-five-r3/b21_C] [plan iscas99__b21] [plan] step=48 node=N4228 type=observe q_typed_reliable_context=1.499435 sequence=85.120904
[typed-five-r3/b21_C] [plan iscas99__b21] [plan] step=49 node=N4943 type=control1 q_typed_reliable_context=0.926851 sequence=86.047755
[typed-five-r3/b21_C] [plan iscas99__b21] [plan] step=50 node=N4161 type=observe q_typed_reliable_context=0.965800 sequence=87.013555
[typed-five-r3/b21_C] [plan iscas99__b21] [plan] step=51 node=N8973 type=control1 q_typed_reliable_context=1.104485 sequence=88.118040
[typed-five-r3/b21_C] [plan iscas99__b21] [plan] step=52 node=N4945 type=control1 q_typed_reliable_context=1.296337 sequence=89.414377
[typed-five-r3/b21_C] [plan iscas99__b21] [plan] step=53 node=N6231 type=control1 q_typed_reliable_context=1.517682 sequence=90.932059
[typed-five-r3/b21_C] [plan iscas99__b21] [plan] step=54 node=N4208 type=observe q_typed_reliable_context=1.658705 sequence=92.590764
[typed-five-r3/b21_C] [plan iscas99__b21] [plan] step=55 node=N4203 type=observe q_typed_reliable_context=1.606850 sequence=94.197614
[typed-five-r3/b21_C] [plan iscas99__b21] [plan] step=56 node=N4225 type=observe q_typed_reliable_context=1.422942 sequence=95.620556
[typed-five-r3/b21_C] [plan iscas99__b21] [plan] step=57 node=N4227 type=observe q_typed_reliable_context=1.281621 sequence=96.902177
[typed-five-r3/b21_C] [plan iscas99__b21] [plan] step=58 node=N4202 type=observe q_typed_reliable_context=1.392599 sequence=98.294776
[typed-five-r3/b21_C] [plan iscas99__b21] [plan] step=59 node=N4229 type=observe q_typed_reliable_context=1.333134 sequence=99.627910
[typed-five-r3/b21_C] [plan iscas99__b21] [plan] step=60 node=N3554 type=control0 q_typed_reliable_context=1.272937 sequence=100.900847
[typed-five-r3/b21_C] [plan iscas99__b21] [plan] step=61 node=N4209 type=observe q_typed_reliable_context=1.303015 sequence=102.203862
[typed-five-r3/b21_C] [plan iscas99__b21] [plan] step=62 node=N4175 type=observe q_typed_reliable_context=1.674378 sequence=103.878241
[typed-five-r3/b21_C] [plan iscas99__b21] [plan] step=63 node=N4230 type=observe q_typed_reliable_context=1.588834 sequence=105.467075
[typed-five-r3/b21_C] [plan iscas99__b21] [plan] step=64 node=N4177 type=observe q_typed_reliable_context=1.629831 sequence=107.096906
[typed-five-r3/b21_C] [plan iscas99__b21] [plan] step=65 node=N4207 type=observe q_typed_reliable_context=1.664342 sequence=108.761247
[typed-five-r3/b21_C] [plan iscas99__b21] [plan] step=66 node=N4210 type=observe q_typed_reliable_context=1.636846 sequence=110.398093
[typed-five-r3/b21_C] [plan iscas99__b21] [plan] step=67 node=N4233 type=observe q_typed_reliable_context=1.377937 sequence=111.776030
[typed-five-r3/b21_C] [plan iscas99__b21] [plan] step=68 node=N4232 type=observe q_typed_reliable_context=1.411456 sequence=113.187487
[typed-five-r3/b21_C] [plan iscas99__b21] [plan] step=69 node=N4667 type=observe q_typed_reliable_context=1.203653 sequence=114.391140
[typed-five-r3/b21_C] [plan iscas99__b21] [plan] step=70 node=N4160 type=observe q_typed_reliable_context=1.248956 sequence=115.640096
[typed-five-r3/b21_C] [plan iscas99__b21] [plan] step=71 node=N4231 type=observe q_typed_reliable_context=1.250178 sequence=116.890273
[typed-five-r3/b21_C] [plan iscas99__b21] [plan] step=72 node=N4236 type=observe q_typed_reliable_context=1.234059 sequence=118.124333
[typed-five-r3/b21_C] [plan iscas99__b21] [plan] step=73 node=N4239 type=observe q_typed_reliable_context=1.233978 sequence=119.358310
[typed-five-r3/b21_C] [plan iscas99__b21] [plan] step=74 node=N4238 type=observe q_typed_reliable_context=1.227854 sequence=120.586164
[typed-five-r3/b21_C] [plan iscas99__b21] [plan] step=75 node=N4237 type=observe q_typed_reliable_context=1.263859 sequence=121.850024
[typed-five-r3/b21_C] [plan iscas99__b21] [plan] step=76 node=N4235 type=observe q_typed_reliable_context=1.445159 sequence=123.295183
[typed-five-r3/b21_C] [plan iscas99__b21] [plan] step=77 node=N4244 type=observe q_typed_reliable_context=1.349373 sequence=124.644556
[typed-five-r3/b21_C] [plan iscas99__b21] [plan] step=78 node=N4678 type=observe q_typed_reliable_context=1.161066 sequence=125.805622
[typed-five-r3/b21_C] [plan iscas99__b21] [plan] step=79 node=N4243 type=observe q_typed_reliable_context=1.246520 sequence=127.052142
[typed-five-r3/b21_C] [plan iscas99__b21] [plan] step=80 node=N4213 type=observe q_typed_reliable_context=1.235098 sequence=128.287240
[typed-five-r3/b21_C] [plan iscas99__b21] [plan] step=81 node=N3512 type=control0 q_typed_reliable_context=1.384416 sequence=129.671656
[typed-five-r3/b21_C] [plan iscas99__b21] [plan] step=82 node=N4946 type=control1 q_typed_reliable_context=1.758306 sequence=131.429962
[typed-five-r3/b21_C] [plan iscas99__b21] [plan] step=83 node=N4206 type=observe q_typed_reliable_context=1.214889 sequence=132.644851
[typed-five-r3/b21_C] [plan iscas99__b21] [plan] step=84 node=N4242 type=observe q_typed_reliable_context=1.448612 sequence=134.093463
[typed-five-r3/b21_C] [plan iscas99__b21] [plan] step=85 node=N4234 type=observe q_typed_reliable_context=1.453789 sequence=135.547252
[typed-five-r3/b21_C] [plan iscas99__b21] [plan] step=86 node=N4172 type=observe q_typed_reliable_context=1.481859 sequence=137.029111
[typed-five-r3/b21_C] [plan iscas99__b21] [plan] step=87 node=N4164 type=observe q_typed_reliable_context=1.364386 sequence=138.393497
[typed-five-r3/b21_C] [plan iscas99__b21] [plan] step=88 node=N4179 type=observe q_typed_reliable_context=1.571721 sequence=139.965219
[typed-five-r3/b21_C] [plan iscas99__b21] [plan] step=89 node=N4170 type=observe q_typed_reliable_context=1.879099 sequence=141.844318
[typed-five-r3/b21_C] [plan iscas99__b21] [plan] step=90 node=N12805 type=observe q_typed_reliable_context=2.638744 sequence=144.483062
[typed-five-r3/b21_C] [plan iscas99__b21] [plan] step=91 node=N3426 type=observe q_typed_reliable_context=2.799123 sequence=147.282185
[typed-five-r3/b21_C] [plan iscas99__b21] [plan] step=92 node=N1736 type=observe q_typed_reliable_context=2.447687 sequence=149.729872
[typed-five-r3/b21_C] [plan iscas99__b21] [plan] step=93 node=N1734 type=observe q_typed_reliable_context=3.124250 sequence=152.854122
[typed-five-r3/b21_C] [plan iscas99__b21] [plan] step=94 node=N1733 type=observe q_typed_reliable_context=3.168190 sequence=156.022312
[typed-five-r3/b21_C] [plan iscas99__b21] [plan] step=95 node=N4201 type=observe q_typed_reliable_context=3.003284 sequence=159.025595
[typed-five-r3/b21_C] [plan iscas99__b21] [plan] step=96 node=N4241 type=observe q_typed_reliable_context=2.089846 sequence=161.115442
[typed-five-r3/b21_C] [plan iscas99__b21] [plan] step=97 node=N4240 type=observe q_typed_reliable_context=3.414639 sequence=164.530081
[typed-five-r3/b21_C] [plan iscas99__b21] [plan] step=98 node=N4173 type=observe q_typed_reliable_context=2.117733 sequence=166.647815
[typed-five-r3/b21_C] [plan iscas99__b21] [plan] step=99 node=N1735 type=observe q_typed_reliable_context=2.002128 sequence=168.649942
[typed-five-r3/b21_C] [plan iscas99__b21] [plan] step=100 node=N1241 type=observe q_typed_reliable_context=1.849763 sequence=170.499706
[typed-five-r3/b21_C] [plan iscas99__b21] [plan] step=101 node=N11090 type=observe q_typed_reliable_context=2.259257 sequence=172.758963
[typed-five-r3/b21_C] [plan iscas99__b21] [plan] step=102 node=N4664 type=observe q_typed_reliable_context=1.942375 sequence=174.701338
[typed-five-r3/b21_C] [plan iscas99__b21] [plan] step=103 node=N4212 type=observe q_typed_reliable_context=2.023049 sequence=176.724387
[typed-five-r3/b21_C] [plan iscas99__b21] [plan] step=104 node=N4167 type=control0 q_typed_reliable_context=1.961127 sequence=178.685514
[typed-five-r3/b21_C] [plan iscas99__b21] [plan] step=105 node=N4095 type=control1 q_typed_reliable_context=4.272422 sequence=182.957937
[typed-five-r3/b21_C] [plan iscas99__b21] [plan] step=106 node=N8907 type=control0 q_typed_reliable_context=1.661816 sequence=184.619753
[typed-five-r3/b21_C] [plan iscas99__b21] [plan] step=107 node=N4692 type=control1 q_typed_reliable_context=1.337789 sequence=185.957542
[typed-five-r3/b21_C] [plan iscas99__b21] [plan] step=108 node=N10980 type=control1 q_typed_reliable_context=1.721470 sequence=187.679011
[typed-five-r3/b21_C] [plan iscas99__b21] [plan] step=109 node=N1626 type=control1 q_typed_reliable_context=1.533213 sequence=189.212224
[typed-five-r3/b21_C] [plan iscas99__b21] [plan] step=110 node=N2723 type=control0 q_typed_reliable_context=1.200228 sequence=190.412452
[typed-five-r3/b21_C] [plan iscas99__b21] [plan] step=111 node=N15872 type=control1 q_typed_reliable_context=2.544887 sequence=192.957339
[typed-five-r3/b21_C] [plan iscas99__b21] [plan] step=112 node=N6745 type=observe q_typed_reliable_context=2.593744 sequence=195.551083
[typed-five-r3/b21_C] [plan iscas99__b21] [plan] step=113 node=N6747 type=observe q_typed_reliable_context=1.826897 sequence=197.377980
[typed-five-r3/b21_C] [plan iscas99__b21] [plan] step=114 node=N14896 type=observe q_typed_reliable_context=1.765722 sequence=199.143702
[typed-five-r3/b21_C] [plan iscas99__b21] [plan] step=115 node=N4656 type=observe q_typed_reliable_context=2.096035 sequence=201.239737
[typed-five-r3/b21_C] [plan iscas99__b21] [plan] step=116 node=N4194 type=observe q_typed_reliable_context=2.384685 sequence=203.624422
[typed-five-r3/b21_C] [plan iscas99__b21] [plan] step=117 node=N1706 type=observe q_typed_reliable_context=2.533962 sequence=206.158384
[typed-five-r3/b21_C] [plan iscas99__b21] [plan] step=118 node=N906 type=observe q_typed_reliable_context=2.041029 sequence=208.199413
[typed-five-r3/b21_C] [plan iscas99__b21] [plan] step=119 node=N12877 type=observe q_typed_reliable_context=2.148725 sequence=210.348139
[typed-five-r3/b21_C] [plan iscas99__b21] [plan] step=120 node=N904 type=observe q_typed_reliable_context=1.378834 sequence=211.726973
[typed-five-r3/b21_C] [plan iscas99__b21] [plan] step=121 node=N8812 type=control0 q_typed_reliable_context=0.867006 sequence=212.593979
[typed-five-r3/b21_C] [plan iscas99__b21] [plan] step=122 node=N4196 type=observe q_typed_reliable_context=1.135460 sequence=213.729439
[typed-five-r3/b21_C] [plan iscas99__b21] [plan] step=123 node=N3441 type=observe q_typed_reliable_context=0.838058 sequence=214.567497
[typed-five-r3/b21_C] [plan iscas99__b21] [plan] step=124 node=N12801 type=observe q_typed_reliable_context=1.396637 sequence=215.964134
[typed-five-r3/b21_C] [plan iscas99__b21] [plan] step=125 node=N1679 type=observe q_typed_reliable_context=1.827517 sequence=217.791650
[typed-five-r3/b21_C] [plan iscas99__b21] [plan] step=126 node=N1436 type=observe q_typed_reliable_context=1.326143 sequence=219.117793
[typed-five-r3/b21_C] [plan iscas99__b21] [plan] step=127 node=N4673 type=observe q_typed_reliable_context=1.103734 sequence=220.221527
[typed-five-r3/b21_C] [plan iscas99__b21] [plan] step=128 node=N1715 type=observe q_typed_reliable_context=1.493016 sequence=221.714542
[typed-five-r3/b21_C] [plan iscas99__b21] [plan] step=129 node=N12681 type=observe q_typed_reliable_context=1.482215 sequence=223.196758
[typed-five-r3/b21_C] [plan iscas99__b21] [plan] step=130 node=N12528 type=observe q_typed_reliable_context=1.011710 sequence=224.208468
[typed-five-r3/b21_C] [plan iscas99__b21] [plan] step=131 node=N12582 type=observe q_typed_reliable_context=1.374599 sequence=225.583067
[typed-five-r3/b21_C] [plan iscas99__b21] [plan] step=132 node=N8908 type=control0 q_typed_reliable_context=0.808151 sequence=226.391218
[typed-five-r3/b21_C] [plan iscas99__b21] [plan] step=133 node=N15753 type=control0 q_typed_reliable_context=1.116751 sequence=227.507968
[typed-five-r3/b21_C] [plan iscas99__b21] [plan] step=134 node=N1677 type=observe q_typed_reliable_context=2.462750 sequence=229.970718
[typed-five-r3/b21_C] [plan iscas99__b21] [plan] step=135 node=N12709 type=observe q_typed_reliable_context=1.820526 sequence=231.791245
[typed-five-r3/b21_C] [plan iscas99__b21] [plan] step=136 node=N4685 type=observe q_typed_reliable_context=1.134071 sequence=232.925316
[typed-five-r3/b21_C] [plan iscas99__b21] [plan] step=137 node=N4195 type=observe q_typed_reliable_context=0.754474 sequence=233.679790
[typed-five-r3/b21_C] [plan iscas99__b21] [plan] step=138 node=N15755 type=control0 q_typed_reliable_context=0.637955 sequence=234.317744
[typed-five-r3/b21_C] [plan iscas99__b21] [plan] step=139 node=N15810 type=control1 q_typed_reliable_context=1.053749 sequence=235.371494
[typed-five-r3/b21_C] [plan iscas99__b21] [plan] step=140 node=N15801 type=control1 q_typed_reliable_context=1.419246 sequence=236.790740
[typed-five-r3/b21_C] [plan iscas99__b21] [plan] step=141 node=N10978 type=control1 q_typed_reliable_context=1.187243 sequence=237.977983
[typed-five-r3/b21_C] [plan iscas99__b21] [plan] step=142 node=N8954 type=control1 q_typed_reliable_context=1.078848 sequence=239.056831
[typed-five-r3/b21_C] [plan iscas99__b21] [plan] step=143 node=N10982 type=control1 q_typed_reliable_context=1.385264 sequence=240.442095
[typed-five-r3/b21_C] [plan iscas99__b21] [plan] step=144 node=N4102 type=control1 q_typed_reliable_context=1.377598 sequence=241.819693
[typed-five-r3/b21_C] [plan iscas99__b21] [plan] step=145 node=N10977 type=control1 q_typed_reliable_context=0.960005 sequence=242.779699
[typed-five-r3/b21_C] [plan iscas99__b21] [plan] step=146 node=N15874 type=control1 q_typed_reliable_context=1.458109 sequence=244.237808
[typed-five-r3/b21_C] [plan iscas99__b21] [plan] step=147 node=N10979 type=control1 q_typed_reliable_context=1.951058 sequence=246.188866
[typed-five-r3/b21_C] [plan iscas99__b21] [plan] step=148 node=N8811 type=control0 q_typed_reliable_context=1.569759 sequence=247.758625
[typed-five-r3/b21_C] [plan iscas99__b21] [plan] step=149 node=N8965 type=control1 q_typed_reliable_context=0.737865 sequence=248.496489
[typed-five-r3/b21_C] [plan iscas99__b21] [plan] step=150 node=N4104 type=control1 q_typed_reliable_context=3.918824 sequence=252.415313
[typed-five-r3/b21_C] [plan iscas99__b21] [plan] step=151 node=N8905 type=control0 q_typed_reliable_context=1.036552 sequence=253.451865
[typed-five-r3/b21_C] [plan iscas99__b21] [plan] step=152 node=N11452 type=observe q_typed_reliable_context=4.061038 sequence=257.512904
[typed-five-r3/b21_C] [plan iscas99__b21] [plan] step=153 node=N1721 type=observe q_typed_reliable_context=6.432918 sequence=263.945821
[typed-five-r3/b21_C] [plan iscas99__b21] [plan] step=154 node=N10981 type=control1 q_typed_reliable_context=6.879582 sequence=270.825404
[typed-five-r3/b21_C] [plan iscas99__b21] [plan] step=155 node=N14903 type=observe q_typed_reliable_context=3.111997 sequence=273.937401
[typed-five-r3/b21_C] [plan iscas99__b21] [plan] step=156 node=N4675 type=observe q_typed_reliable_context=1.705726 sequence=275.643127
[typed-five-r3/b21_C] [plan iscas99__b21] [plan] step=157 node=N854 type=observe q_typed_reliable_context=1.509727 sequence=277.152854
[typed-five-r3/b21_C] [plan iscas99__b21] [plan] step=158 node=N15750 type=control0 q_typed_reliable_context=1.530056 sequence=278.682910
[typed-five-r3/b21_C] [plan iscas99__b21] [plan] step=159 node=N14900 type=observe q_typed_reliable_context=4.491589 sequence=283.174499
[typed-five-r3/b21_C] [plan iscas99__b21] [plan] step=160 node=N12903 type=observe q_typed_reliable_context=1.926179 sequence=285.100678
[typed-five-r3/b21_C] [plan iscas99__b21] [plan] step=161 node=N2566 type=observe q_typed_reliable_context=1.620614 sequence=286.721291
[typed-five-r3/b21_C] [plan iscas99__b21] [plan] step=162 node=N14989 type=observe q_typed_reliable_context=1.870359 sequence=288.591650
[typed-five-r3/b21_C] [plan iscas99__b21] [plan] step=163 node=N15004 type=observe q_typed_reliable_context=2.245243 sequence=290.836892
[typed-five-r3/b21_C] [plan iscas99__b21] [plan] step=164 node=N14991 type=observe q_typed_reliable_context=1.351341 sequence=292.188233
[typed-five-r3/b21_C] [plan iscas99__b21] [plan] step=165 node=N14986 type=observe q_typed_reliable_context=1.367654 sequence=293.555887
[typed-five-r3/b21_C] [plan iscas99__b21] [plan] step=166 node=N2929 type=observe q_typed_reliable_context=1.911131 sequence=295.467018
[typed-five-r3/b21_C] [plan iscas99__b21] [plan] step=167 node=N14633 type=observe q_typed_reliable_context=2.133885 sequence=297.600903
[typed-five-r3/b21_C] [plan iscas99__b21] [plan] step=168 node=N1716 type=observe q_typed_reliable_context=2.313769 sequence=299.914672
[typed-five-r3/b21_C] [plan iscas99__b21] [plan] step=169 node=N12583 type=observe q_typed_reliable_context=2.721547 sequence=302.636219
[typed-five-r3/b21_C] [plan iscas99__b21] [plan] step=170 node=N5164 type=observe q_typed_reliable_context=2.543976 sequence=305.180196
[typed-five-r3/b21_C] [plan iscas99__b21] [plan] step=171 node=N4671 type=observe q_typed_reliable_context=1.756413 sequence=306.936609
[typed-five-r3/b21_C] [plan iscas99__b21] [plan] step=172 node=N12769 type=observe q_typed_reliable_context=1.444160 sequence=308.380769
[typed-five-r3/b21_C] [plan iscas99__b21] [plan] step=173 node=N14556 type=observe q_typed_reliable_context=1.657508 sequence=310.038277
[typed-five-r3/b21_C] [plan iscas99__b21] [plan] step=174 node=N12620 type=observe q_typed_reliable_context=1.672150 sequence=311.710427
[typed-five-r3/b21_C] [plan iscas99__b21] [plan] step=175 node=N1707 type=observe q_typed_reliable_context=2.239699 sequence=313.950126
[typed-five-r3/b21_C] [plan iscas99__b21] [plan] step=176 node=N12685 type=observe q_typed_reliable_context=2.076943 sequence=316.027069
[typed-five-r3/b21_C] [plan iscas99__b21] [plan] step=177 node=N11410 type=observe q_typed_reliable_context=1.517726 sequence=317.544795
[typed-five-r3/b21_C] [plan iscas99__b21] [plan] step=178 node=N1683 type=observe q_typed_reliable_context=1.695605 sequence=319.240400
[typed-five-r3/b21_C] [plan iscas99__b21] [plan] step=179 node=N4647 type=observe q_typed_reliable_context=1.409854 sequence=320.650254
[typed-five-r3/b21_C] [plan iscas99__b21] [plan] step=180 node=N12772 type=observe q_typed_reliable_context=1.983288 sequence=322.633542
[typed-five-r3/b21_C] [plan iscas99__b21] [plan] step=181 node=N12777 type=observe q_typed_reliable_context=1.992680 sequence=324.626222
[typed-five-r3/b21_C] [plan iscas99__b21] [plan] step=182 node=N14631 type=observe q_typed_reliable_context=1.967997 sequence=326.594219
[typed-five-r3/b21_C] [plan iscas99__b21] [plan] step=183 node=N1714 type=observe q_typed_reliable_context=1.956551 sequence=328.550770
[typed-five-r3/b21_C] [plan iscas99__b21] [plan] step=184 node=N14629 type=observe q_typed_reliable_context=1.892598 sequence=330.443368
[typed-five-r3/b21_C] [plan iscas99__b21] [plan] step=185 node=N14612 type=observe q_typed_reliable_context=1.649828 sequence=332.093197
[typed-five-r3/b21_C] [plan iscas99__b21] [plan] step=186 node=N12798 type=observe q_typed_reliable_context=1.551686 sequence=333.644883
[typed-five-r3/b21_C] [plan iscas99__b21] [plan] step=187 node=N14627 type=observe q_typed_reliable_context=2.405799 sequence=336.050682
[typed-five-r3/b21_C] [plan iscas99__b21] [plan] step=188 node=N14899 type=observe q_typed_reliable_context=2.616593 sequence=338.667274
[typed-five-r3/b21_C] [plan iscas99__b21] [plan] step=189 node=N14897 type=observe q_typed_reliable_context=2.045141 sequence=340.712415
[typed-five-r3/b21_C] [plan iscas99__b21] [plan] step=190 node=N15751 type=control0 q_typed_reliable_context=1.510621 sequence=342.223036
[typed-five-r3/b21_C] [plan iscas99__b21] [plan] step=191 node=N8906 type=control0 q_typed_reliable_context=1.566031 sequence=343.789067
[typed-five-r3/b21_C] [plan iscas99__b21] [plan] step=192 node=N15754 type=control0 q_typed_reliable_context=1.805178 sequence=345.594245
[typed-five-r3/b21_C] [plan iscas99__b21] [plan] step=193 node=N15811 type=control1 q_typed_reliable_context=1.375257 sequence=346.969502
[typed-five-r3/b21_C] [plan iscas99__b21] [plan] step=194 node=N14909 type=control1 q_typed_reliable_context=1.519157 sequence=348.488659
[typed-five-r3/b21_C] [plan iscas99__b21] [plan] step=195 node=N14400 type=control1 q_typed_reliable_context=3.134467 sequence=351.623126
[typed-five-r3/b21_C] [plan iscas99__b21] [plan] step=196 node=N8903 type=control0 q_typed_reliable_context=3.650853 sequence=355.273979
[typed-five-r3/b21_C] [plan iscas99__b21] [plan] step=197 node=N8904 type=control0 q_typed_reliable_context=5.118530 sequence=360.392509
[typed-five-r3/b21_C] [plan iscas99__b21] [plan] step=198 node=N1954 type=observe q_typed_reliable_context=5.747835 sequence=366.140344
[typed-five-r3/b21_C] [plan iscas99__b21] [plan] step=199 node=N4652 type=observe q_typed_reliable_context=2.901651 sequence=369.041996
[typed-five-r3/b21_C] [plan iscas99__b21] [plan] step=200 node=N12624 type=observe q_typed_reliable_context=6.957625 sequence=375.999620
[typed-five-r3/b21_C] [plan iscas99__b21] [plan] step=201 node=N15864 type=control0 q_typed_reliable_context=2.674948 sequence=378.674569
[typed-five-r3/b21_C] [plan iscas99__b21] [plan] step=202 node=N15749 type=control0 q_typed_reliable_context=6.123954 sequence=384.798523
[typed-five-r3/b21_C] [plan iscas99__b21] [plan] step=203 node=N4002 type=observe q_typed_reliable_context=4.903542 sequence=389.702064
[typed-five-r3/b21_C] [plan iscas99__b21] [plan] step=204 node=N15809 type=control1 q_typed_reliable_context=1.272603 sequence=390.974667
[typed-five-r3/b21_C] [plan iscas99__b21] [plan] step=205 node=N10397 type=control1 q_typed_reliable_context=7.233461 sequence=398.208128
[typed-five-r3/b21_C] [plan iscas99__b21] [plan] step=206 node=N11085 type=control1 q_typed_reliable_context=6.948474 sequence=405.156603
[typed-five-r3/b21_C] [plan iscas99__b21] [plan] step=207 node=N9019 type=control0 q_typed_reliable_context=6.855127 sequence=412.011730
[typed-five-r3/b21_C] [plan iscas99__b21] [plan] step=208 node=N11082 type=control1 q_typed_reliable_context=6.960306 sequence=418.972035
[typed-five-r3/b21_C] [plan iscas99__b21] [plan] step=209 node=N12794 type=observe q_typed_reliable_context=6.898564 sequence=425.870600
[typed-five-r3/b21_C] [plan iscas99__b21] [plan] step=210 node=N9017 type=control0 q_typed_reliable_context=1.784845 sequence=427.655444
[typed-five-r3/b21_C] [plan iscas99__b21] [plan] step=211 node=N8900 type=control0 q_typed_reliable_context=6.335830 sequence=433.991274
[typed-five-r3/b21_C] [plan iscas99__b21] [plan] step=212 node=N5048 type=control1 q_typed_reliable_context=6.304777 sequence=440.296051
[typed-five-r3/b21_C] [plan iscas99__b21] [plan] step=213 node=N1758 type=observe q_typed_reliable_context=1.429097 sequence=441.725148
[typed-five-r3/b21_C] [plan iscas99__b21] [plan] step=214 node=N11449 type=observe q_typed_reliable_context=5.533632 sequence=447.258780
[typed-five-r3/b21_C] [plan iscas99__b21] [plan] step=215 node=N4651 type=observe q_typed_reliable_context=3.279278 sequence=450.538058
[typed-five-r3/b21_C] [plan iscas99__b21] [plan] step=216 node=N1720 type=observe q_typed_reliable_context=6.107651 sequence=456.645709
[typed-five-r3/b21_C] [plan iscas99__b21] [plan] step=217 node=N4668 type=observe q_typed_reliable_context=4.608252 sequence=461.253961
[typed-five-r3/b21_C] [plan iscas99__b21] [plan] step=218 node=N15044 type=observe q_typed_reliable_context=2.079814 sequence=463.333775
[typed-five-r3/b21_C] [plan iscas99__b21] [plan] step=219 node=N3371 type=observe q_typed_reliable_context=2.756676 sequence=466.090451
[typed-five-r3/b21_C] [plan iscas99__b21] [plan] step=220 node=N8962 type=control1 q_typed_reliable_context=1.832107 sequence=467.922558
[typed-five-r3/b21_C] [plan iscas99__b21] [plan] step=221 node=N1757 type=observe q_typed_reliable_context=5.315325 sequence=473.237883
[typed-five-r3/b21_C] [plan iscas99__b21] [plan] step=222 node=N15808 type=control1 q_typed_reliable_context=2.076208 sequence=475.314091
[typed-five-r3/b21_C] [plan iscas99__b21] [plan] step=223 node=N8961 type=control1 q_typed_reliable_context=6.185901 sequence=481.499991
[typed-five-r3/b21_C] [plan iscas99__b21] [plan] step=224 node=N3986 type=observe q_typed_reliable_context=5.353599 sequence=486.853590
[typed-five-r3/b21_C] [plan iscas99__b21] [plan] step=225 node=N10976 type=observe q_typed_reliable_context=6.873264 sequence=493.726854
[typed-five-r3/b21_C] [plan iscas99__b21] [plan] step=226 node=N1729 type=observe q_typed_reliable_context=4.458220 sequence=498.185074
[typed-five-r3/b21_C] [plan iscas99__b21] [plan] step=227 node=N11440 type=observe q_typed_reliable_context=3.710155 sequence=501.895229
[typed-five-r3/b21_C] [plan iscas99__b21] [plan] step=228 node=N4674 type=observe q_typed_reliable_context=2.704270 sequence=504.599499
[typed-five-r3/b21_C] [plan iscas99__b21] [plan] step=229 node=N1728 type=observe q_typed_reliable_context=5.983946 sequence=510.583444
[typed-five-r3/b21_C] [plan iscas99__b21] [plan] step=230 node=N14648 type=observe q_typed_reliable_context=5.935542 sequence=516.518986
[typed-five-r3/b21_C] [plan iscas99__b21] [plan] step=231 node=N3965 type=observe q_typed_reliable_context=2.230751 sequence=518.749737
[typed-five-r3/b21_C] [plan iscas99__b21] [plan] step=232 node=N1948 type=observe q_typed_reliable_context=5.549773 sequence=524.299510
[typed-five-r3/b21_C] [plan iscas99__b21] [plan] step=233 node=N1730 type=observe q_typed_reliable_context=2.550357 sequence=526.849867
[typed-five-r3/b21_C] [plan iscas99__b21] [plan] step=234 node=N4677 type=observe q_typed_reliable_context=6.478230 sequence=533.328097
[typed-five-r3/b21_C] [plan iscas99__b21] [plan] step=235 node=N12884 type=observe q_typed_reliable_context=5.821574 sequence=539.149671
[typed-five-r3/b21_C] [plan iscas99__b21] [plan] step=236 node=N12885 type=observe q_typed_reliable_context=2.914822 sequence=542.064493
[typed-five-r3/b21_C] [plan iscas99__b21] [plan] step=237 node=N3962 type=observe q_typed_reliable_context=1.548041 sequence=543.612535
[typed-five-r3/b21_C] [plan iscas99__b21] [plan] step=238 node=N11437 type=observe q_typed_reliable_context=5.884462 sequence=549.496996
[typed-five-r3/b21_C] [plan iscas99__b21] [plan] step=239 node=N1727 type=observe q_typed_reliable_context=2.596749 sequence=552.093745
[typed-five-r3/b21_C] [plan iscas99__b21] [plan] step=240 node=N1977 type=observe q_typed_reliable_context=6.030643 sequence=558.124389
[typed-five-r3/b21_C] [plan iscas99__b21] [plan] step=241 node=N4676 type=observe q_typed_reliable_context=2.660227 sequence=560.784615
[typed-five-r3/b21_C] [plan iscas99__b21] [plan] step=242 node=N12789 type=observe q_typed_reliable_context=6.787166 sequence=567.571781
[typed-five-r3/b21_C] [plan iscas99__b21] [plan] step=243 node=N3971 type=observe q_typed_reliable_context=2.695292 sequence=570.267073
[typed-five-r3/b21_C] [plan iscas99__b21] [plan] step=244 node=N4672 type=observe q_typed_reliable_context=6.462323 sequence=576.729395
[typed-five-r3/b21_C] [plan iscas99__b21] [plan] step=245 node=N1971 type=observe q_typed_reliable_context=5.830419 sequence=582.559815
[typed-five-r3/b21_C] [plan iscas99__b21] [plan] step=246 node=N1725 type=observe q_typed_reliable_context=3.052680 sequence=585.612495
[typed-five-r3/b21_C] [plan iscas99__b21] [plan] step=247 node=N12771 type=observe q_typed_reliable_context=6.561760 sequence=592.174255
[typed-five-r3/b21_C] [plan iscas99__b21] [plan] step=248 node=N11434 type=observe q_typed_reliable_context=5.832771 sequence=598.007026
[typed-five-r3/b21_C] [plan iscas99__b21] [plan] step=249 node=N12767 type=observe q_typed_reliable_context=2.448937 sequence=600.455964
[typed-five-r3/b21_C] [plan iscas99__b21] [plan] step=250 node=N3974 type=observe q_typed_reliable_context=5.909306 sequence=606.365270
[typed-five-r3/b21_C] [plan iscas99__b21] [plan] step=251 node=N4670 type=observe q_typed_reliable_context=6.097099 sequence=612.462368
[typed-five-r3/b21_C] [plan iscas99__b21] [plan] step=252 node=N1726 type=observe q_typed_reliable_context=6.488047 sequence=618.950416
[typed-five-r3/b21_C] [plan iscas99__b21] [plan] step=253 node=N1970 type=observe q_typed_reliable_context=5.706238 sequence=624.656654
[typed-five-r3/b21_C] [plan iscas99__b21] [plan] step=254 node=N1724 type=observe q_typed_reliable_context=2.865434 sequence=627.522087
[typed-five-r3/b21_C] [plan iscas99__b21] [plan] step=255 node=N14645 type=observe q_typed_reliable_context=6.614658 sequence=634.136745
[typed-five-r3/b21_C] [plan iscas99__b21] [plan] step=256 node=N14679 type=observe q_typed_reliable_context=6.019474 sequence=640.156219
[typed-five-r3/b21_C] [plan iscas99__b21] [plan] step=257 node=N12718 type=observe q_typed_reliable_context=2.128460 sequence=642.284680
[typed-five-r3/b21_C] [plan iscas99__b21] [plan] step=258 node=N12768 type=observe q_typed_reliable_context=2.323840 sequence=644.608520
[typed-five-r3/b21_C] [plan iscas99__b21] [plan] step=259 node=N3968 type=observe q_typed_reliable_context=2.287885 sequence=646.896405
[typed-five-r3/b21_C] [plan iscas99__b21] [plan] step=260 node=N4669 type=observe q_typed_reliable_context=4.849047 sequence=651.745452
[typed-five-r3/b21_C] [plan iscas99__b21] [plan] step=261 node=N11431 type=observe q_typed_reliable_context=2.724941 sequence=654.470393
[typed-five-r3/b21_C] [plan iscas99__b21] [plan] step=262 node=N1743 type=observe q_typed_reliable_context=3.907921 sequence=658.378314
[typed-five-r3/b21_C] [plan iscas99__b21] [plan] step=263 node=N4648 type=observe q_typed_reliable_context=6.573884 sequence=664.952198
[typed-five-r3/b21_C] [plan iscas99__b21] [plan] step=264 node=N15939 type=observe q_typed_reliable_context=2.692552 sequence=667.644749
[typed-five-r3/b21_C] [plan iscas99__b21] [plan] step=265 node=N1974 type=observe q_typed_reliable_context=1.922902 sequence=669.567652
[typed-five-r3/b21_C] [plan iscas99__b21] [plan] step=266 node=N3959 type=observe q_typed_reliable_context=2.574006 sequence=672.141657
[typed-five-r3/b21_C] [plan iscas99__b21] [plan] step=267 node=N1718 type=observe q_typed_reliable_context=6.031696 sequence=678.173354
[typed-five-r3/b21_C] [plan iscas99__b21] [plan] step=268 node=N14621 type=observe q_typed_reliable_context=7.038787 sequence=685.212141
[typed-five-r3/b21_C] [plan iscas99__b21] [plan] step=269 node=N1719 type=observe q_typed_reliable_context=3.028205 sequence=688.240346
[typed-five-r3/b21_C] [plan iscas99__b21] [plan] step=270 node=N4649 type=observe q_typed_reliable_context=5.966318 sequence=694.206664
[typed-five-r3/b21_C] [plan iscas99__b21] [plan] step=271 node=N1959 type=observe q_typed_reliable_context=2.570606 sequence=696.777270
[typed-five-r3/b21_C] [plan iscas99__b21] [plan] step=272 node=N14632 type=observe q_typed_reliable_context=3.621069 sequence=700.398339
[typed-five-r3/b21_C] [plan iscas99__b21] [plan] step=273 node=N3956 type=observe q_typed_reliable_context=6.355370 sequence=706.753709
[typed-five-r3/b21_C] [plan iscas99__b21] [plan] step=274 node=N14628 type=observe q_typed_reliable_context=7.418952 sequence=714.172661
[typed-five-r3/b21_C] [plan iscas99__b21] [plan] step=275 node=N11422 type=observe q_typed_reliable_context=2.245633 sequence=716.418294
[typed-five-r3/b21_C] [plan iscas99__b21] [plan] step=276 node=N1722 type=observe q_typed_reliable_context=4.083691 sequence=720.501985
[typed-five-r3/b21_C] [plan iscas99__b21] [plan] step=277 node=N12606 type=observe q_typed_reliable_context=6.842685 sequence=727.344670
[typed-five-r3/b21_C] [plan iscas99__b21] [plan] step=278 node=N4653 type=observe q_typed_reliable_context=2.944763 sequence=730.289433
[typed-five-r3/b21_C] [plan iscas99__b21] [plan] step=279 node=N3989 type=observe q_typed_reliable_context=2.702886 sequence=732.992319
[typed-five-r3/b21_C] [plan iscas99__b21] [plan] step=280 node=N1745 type=observe q_typed_reliable_context=6.291230 sequence=739.283549
[typed-five-r3/b21_C] [plan iscas99__b21] [plan] step=281 node=N4666 type=observe q_typed_reliable_context=4.349994 sequence=743.633544
[typed-five-r3/b21_C] [plan iscas99__b21] [plan] step=282 node=N1966 type=observe q_typed_reliable_context=2.589945 sequence=746.223488
[typed-five-r3/b21_C] [plan iscas99__b21] [plan] step=283 node=N11443 type=observe q_typed_reliable_context=3.792590 sequence=750.016078
[typed-five-r3/b21_C] [plan iscas99__b21] [plan] step=284 node=N1723 type=observe q_typed_reliable_context=2.741028 sequence=752.757107
[typed-five-r3/b21_C] [plan iscas99__b21] [plan] step=285 node=N3983 type=observe q_typed_reliable_context=5.359721 sequence=758.116827
[typed-five-r3/b21_C] [plan iscas99__b21] [plan] step=286 node=N1748 type=observe q_typed_reliable_context=6.419368 sequence=764.536196
[typed-five-r3/b21_C] [plan iscas99__b21] [plan] step=287 node=N4650 type=observe q_typed_reliable_context=5.830221 sequence=770.366417
[typed-five-r3/b21_C] [plan iscas99__b21] [plan] step=288 node=N1952 type=observe q_typed_reliable_context=3.449235 sequence=773.815652
[typed-five-r3/b21_C] [plan iscas99__b21] [plan] step=289 node=N3916 type=observe q_typed_reliable_context=4.198010 sequence=778.013662
[typed-five-r3/b21_C] [plan iscas99__b21] [plan] step=290 node=N1747 type=observe q_typed_reliable_context=2.150978 sequence=780.164640
[typed-five-r3/b21_C] [plan iscas99__b21] [plan] step=291 node=N14630 type=observe q_typed_reliable_context=6.715601 sequence=786.880241
[typed-five-r3/b21_C] [plan iscas99__b21] [plan] step=292 node=N1951 type=observe q_typed_reliable_context=1.959284 sequence=788.839525
[typed-five-r3/b21_C] [plan iscas99__b21] [plan] step=293 node=N11446 type=observe q_typed_reliable_context=5.462982 sequence=794.302507
[typed-five-r3/b21_C] [plan iscas99__b21] [plan] step=294 node=N1732 type=observe q_typed_reliable_context=2.933638 sequence=797.236145
[typed-five-r3/b21_C] [plan iscas99__b21] [plan] step=295 node=N3906 type=observe q_typed_reliable_context=5.296112 sequence=802.532257
[typed-five-r3/b21_C] [plan iscas99__b21] [plan] step=296 node=N4494 type=observe q_typed_reliable_context=4.277296 sequence=806.809552
[typed-five-r3/b21_C] [plan iscas99__b21] [plan] step=297 node=N1742 type=observe q_typed_reliable_context=5.693770 sequence=812.503323
[typed-five-r3/b21_C] [plan iscas99__b21] [plan] step=298 node=N11428 type=observe q_typed_reliable_context=2.741644 sequence=815.244967
[typed-five-r3/b21_C] [plan iscas99__b21] [plan] step=299 node=N3912 type=observe q_typed_reliable_context=5.709591 sequence=820.954557
[typed-five-r3/b21_C] [plan iscas99__b21] [plan] step=300 node=N1753 type=observe q_typed_reliable_context=5.584249 sequence=826.538806
[typed-five-r3/b21_C] [plan iscas99__b21] [plan] step=301 node=N1731 type=observe q_typed_reliable_context=2.706451 sequence=829.245257
[typed-five-r3/b21_C] [plan iscas99__b21] [plan] step=302 node=N14665 type=observe q_typed_reliable_context=2.361345 sequence=831.606602
[typed-five-r3/b21_C] [plan iscas99__b21] [plan] step=303 node=N3909 type=observe q_typed_reliable_context=1.696233 sequence=833.302835
[typed-five-r3/b21_C] [plan iscas99__b21] [plan] step=304 node=N11361 type=observe q_typed_reliable_context=1.800573 sequence=835.103408
[typed-five-r3/b21_C] [plan iscas99__b21] [plan] step=305 node=N1751 type=observe q_typed_reliable_context=6.786582 sequence=841.889989
[typed-five-r3/b21_C] [plan iscas99__b21] [plan] step=306 node=N837 type=observe q_typed_reliable_context=3.075977 sequence=844.965966
[typed-five-r3/b21_C] [plan iscas99__b21] [plan] step=307 node=N10393 type=control1 q_typed_reliable_context=7.743323 sequence=852.709289
[typed-five-r3/b21_C] [plan iscas99__b21] [plan] step=308 node=N3978 type=observe q_typed_reliable_context=4.160188 sequence=856.869477
[typed-five-r3/b21_C] [plan iscas99__b21] [plan] step=309 node=N830 type=control1 q_typed_reliable_context=1.399522 sequence=858.268999
[typed-five-r3/b21_C] [plan iscas99__b21] [plan] step=310 node=N828 type=control1 q_typed_reliable_context=1.186955 sequence=859.455953
[typed-five-r3/b21_C] [plan iscas99__b21] [plan] step=311 node=N1744 type=observe q_typed_reliable_context=2.331446 sequence=861.787399
[typed-five-r3/b21_C] [plan iscas99__b21] [plan] step=312 node=N1746 type=observe q_typed_reliable_context=0.811219 sequence=862.598618
[typed-five-r3/b21_C] [plan iscas99__b21] [plan] step=313 node=N3993 type=observe q_typed_reliable_context=1.196595 sequence=863.795213
[typed-five-r3/b21_C] [plan iscas99__b21] [plan] step=314 node=N11425 type=observe q_typed_reliable_context=3.163316 sequence=866.958529
[typed-five-r3/b21_C] [plan iscas99__b21] [plan] step=315 node=N829 type=control1 q_typed_reliable_context=6.929893 sequence=873.888422
[typed-five-r3/b21_C] [plan iscas99__b21] [plan] step=316 node=N3950 type=observe q_typed_reliable_context=0.677103 sequence=874.565525
[typed-five-r3/b21_C] [plan iscas99__b21] [plan] step=317 node=N1752 type=observe q_typed_reliable_context=3.502921 sequence=878.068446
[typed-five-r3/b21_C] [plan iscas99__b21] [plan] step=318 node=N3980 type=observe q_typed_reliable_context=0.903393 sequence=878.971839
[typed-five-r3/b21_C] [plan iscas99__b21] [plan] step=319 node=N1749 type=observe q_typed_reliable_context=0.628932 sequence=879.600771
[typed-five-r3/b21_C] [plan iscas99__b21] [plan] step=320 node=N11419 type=observe q_typed_reliable_context=1.091899 sequence=880.692669
[typed-five-r3/b21_C] [plan iscas99__b21] [plan] step=321 node=N1750 type=observe q_typed_reliable_context=7.404310 sequence=888.096979
[typed-five-r3/b21_C] [plan iscas99__b21] [plan] step=322 node=N3947 type=observe q_typed_reliable_context=0.693700 sequence=888.790679
[typed-five-r3/b21_C] [plan iscas99__b21] [plan] step=323 node=N11416 type=observe q_typed_reliable_context=2.654034 sequence=891.444714
[typed-five-r3/b21_C] [plan iscas99__b21] [plan] step=324 node=N3940 type=observe q_typed_reliable_context=5.877876 sequence=897.322590
[typed-five-r3/b21_C] [plan iscas99__b21] [plan] step=325 node=N15059 type=control0 q_typed_reliable_context=4.090481 sequence=901.413071
[typed-five-r3/b21_C] [plan iscas99__b21] [plan] step=326 node=N11358 type=observe q_typed_reliable_context=1.829903 sequence=903.242974
[typed-five-r3/b21_C] [plan iscas99__b21] [plan] step=327 node=N844 type=observe q_typed_reliable_context=1.336627 sequence=904.579601
[typed-five-r3/b21_C] [plan iscas99__b21] [plan] step=328 node=N3920 type=observe q_typed_reliable_context=6.552465 sequence=911.132066
[typed-five-r3/b21_C] [plan iscas99__b21] [plan] step=329 node=N3944 type=observe q_typed_reliable_context=1.417022 sequence=912.549088
[typed-five-r3/b21_C] [plan iscas99__b21] [plan] step=330 node=N11364 type=observe q_typed_reliable_context=0.958808 sequence=913.507896
[typed-five-r3/b21_C] [plan iscas99__b21] [plan] step=331 node=N12831 type=observe q_typed_reliable_context=5.847141 sequence=919.355036
[typed-five-r3/b21_C] [plan iscas99__b21] [plan] step=332 node=N846 type=observe q_typed_reliable_context=3.988218 sequence=923.343255
[typed-five-r3/b21_C] [plan iscas99__b21] [plan] step=333 node=N9021 type=control0 q_typed_reliable_context=1.560699 sequence=924.903954
[typed-five-r3/b21_C] [plan iscas99__b21] [plan] step=334 node=N2141 type=observe q_typed_reliable_context=0.437900 sequence=925.341853
[typed-five-r3/b21_C] [plan iscas99__b21] [plan] step=335 node=N12797 type=observe q_typed_reliable_context=3.023389 sequence=928.365242
[typed-five-r3/b21_C] [plan iscas99__b21] [plan] step=336 node=N11332 type=observe q_typed_reliable_context=2.034748 sequence=930.399990
[typed-five-r3/b21_C] [plan iscas99__b21] [plan] step=337 node=N2236 type=observe q_typed_reliable_context=2.154528 sequence=932.554519
[typed-five-r3/b21_C] [plan iscas99__b21] [plan] step=338 node=N12782 type=observe q_typed_reliable_context=1.456717 sequence=934.011235
[typed-five-r3/b21_C] [plan iscas99__b21] [plan] step=339 node=N2217 type=observe q_typed_reliable_context=1.018124 sequence=935.029359
[typed-five-r3/b21_C] [plan iscas99__b21] [plan] step=340 node=N11355 type=observe q_typed_reliable_context=1.210655 sequence=936.240014
[typed-five-r3/b21_C] [plan iscas99__b21] [plan] step=341 node=N2122 type=observe q_typed_reliable_context=1.209381 sequence=937.449395
[typed-five-r3/b21_C] [plan iscas99__b21] [plan] step=342 node=N12834 type=observe q_typed_reliable_context=1.122493 sequence=938.571888
[typed-five-r3/b21_C] [plan iscas99__b21] [plan] step=343 node=N3933 type=observe q_typed_reliable_context=1.113298 sequence=939.685186
[typed-five-r3/b21_C] [plan iscas99__b21] [plan] step=344 node=N11407 type=observe q_typed_reliable_context=2.635799 sequence=942.320985
[typed-five-r3/b21_C] [plan iscas99__b21] [plan] step=345 node=N1227 type=observe q_typed_reliable_context=4.100033 sequence=946.421018
[typed-five-r3/b21_C] [plan iscas99__b21] [plan] step=346 node=N3936 type=observe q_typed_reliable_context=5.396713 sequence=951.817730
[typed-five-r3/b21_C] [plan iscas99__b21] [plan] step=347 node=N15944 type=observe q_typed_reliable_context=1.793025 sequence=953.610756
[typed-five-r3/b21_C] [plan iscas99__b21] [plan] step=348 node=N11340 type=observe q_typed_reliable_context=2.574641 sequence=956.185396
[typed-five-r3/b21_C] [plan iscas99__b21] [plan] step=349 node=N15961 type=observe q_typed_reliable_context=2.915113 sequence=959.100509
[typed-five-r3/b21_C] [plan iscas99__b21] [plan] step=350 node=N2407 type=observe q_typed_reliable_context=4.894190 sequence=963.994699
[typed-five-r3/b21_C] [plan iscas99__b21] [plan] step=351 node=N12859 type=observe q_typed_reliable_context=2.618072 sequence=966.612771
[typed-five-r3/b21_C] [plan iscas99__b21] [plan] step=352 node=N2369 type=observe q_typed_reliable_context=1.362281 sequence=967.975052
[typed-five-r3/b21_C] [plan iscas99__b21] [plan] step=353 node=N11349 type=observe q_typed_reliable_context=2.714367 sequence=970.689419
[typed-five-r3/b21_C] [plan iscas99__b21] [plan] step=354 node=N3942 type=observe q_typed_reliable_context=2.988383 sequence=973.677802
[typed-five-r3/b21_C] [plan iscas99__b21] [plan] step=355 node=N3929 type=observe q_typed_reliable_context=4.161521 sequence=977.839323
[typed-five-r3/b21_C] [plan iscas99__b21] [plan] step=356 node=N15947 type=observe q_typed_reliable_context=6.214917 sequence=984.054240
[typed-five-r3/b21_C] [plan iscas99__b21] [plan] step=357 node=N921 type=observe q_typed_reliable_context=3.926533 sequence=987.980773
[typed-five-r3/b21_C] [plan iscas99__b21] [plan] step=358 node=N1422 type=observe q_typed_reliable_context=1.630298 sequence=989.611072
[typed-five-r3/b21_C] [plan iscas99__b21] [plan] step=359 node=N11413 type=observe q_typed_reliable_context=1.595032 sequence=991.206104
[typed-five-r3/b21_C] [plan iscas99__b21] [plan] step=360 node=N3917 type=observe q_typed_reliable_context=1.759157 sequence=992.965261
[typed-five-r3/b21_C] [plan iscas99__b21] [plan] step=361 node=N926 type=observe q_typed_reliable_context=2.023690 sequence=994.988950
[typed-five-r3/b21_C] [plan iscas99__b21] [plan] step=362 node=N4097 type=control1 q_typed_reliable_context=1.840810 sequence=996.829760
[typed-five-r3/b21_C] [plan iscas99__b21] [plan] step=363 node=N15959 type=observe q_typed_reliable_context=0.707767 sequence=997.537527
[typed-five-r3/b21_C] [plan iscas99__b21] [plan] step=364 node=N3340 type=observe q_typed_reliable_context=1.247519 sequence=998.785047
[typed-five-r3/b21_C] [plan iscas99__b21] [plan] step=365 node=N11404 type=observe q_typed_reliable_context=3.412268 sequence=1002.197315
[typed-five-r3/b21_C] [plan iscas99__b21] [plan] step=366 node=N2388 type=observe q_typed_reliable_context=2.500300 sequence=1004.697615
[typed-five-r3/b21_C] [plan iscas99__b21] [plan] step=367 node=N959 type=observe q_typed_reliable_context=2.762991 sequence=1007.460606
[typed-five-r3/b21_C] [plan iscas99__b21] [plan] step=368 node=N5047 type=control1 q_typed_reliable_context=0.708635 sequence=1008.169241
[typed-five-r3/b21_C] [plan iscas99__b21] [plan] step=369 node=N840 type=control1 q_typed_reliable_context=2.736559 sequence=1010.905800
[typed-five-r3/b21_C] [plan iscas99__b21] [plan] step=370 node=N15870 type=observe q_typed_reliable_context=0.796771 sequence=1011.702571
[typed-five-r3/b21_C] [plan iscas99__b21] [plan] step=371 node=N2539 type=observe q_typed_reliable_context=1.255594 sequence=1012.958165
[typed-five-r3/b21_C] [plan iscas99__b21] [plan] step=372 node=N3336 type=observe q_typed_reliable_context=3.182947 sequence=1016.141112
[typed-five-r3/b21_C] [plan iscas99__b21] [plan] step=373 node=N11352 type=observe q_typed_reliable_context=3.528394 sequence=1019.669506
[typed-five-r3/b21_C] [plan iscas99__b21] [plan] step=374 node=N2274 type=observe q_typed_reliable_context=2.571856 sequence=1022.241362
[typed-five-r3/b21_C] [plan iscas99__b21] [plan] step=375 node=N3400 type=observe q_typed_reliable_context=1.418230 sequence=1023.659592
[typed-five-r3/b21_C] [plan iscas99__b21] [plan] step=376 node=N15954 type=observe q_typed_reliable_context=1.293852 sequence=1024.953443
[typed-five-r3/b21_C] [plan iscas99__b21] [plan] step=377 node=N3344 type=observe q_typed_reliable_context=1.415859 sequence=1026.369302
[typed-five-r3/b21_C] [plan iscas99__b21] [plan] step=378 node=N11455 type=observe q_typed_reliable_context=2.024993 sequence=1028.394295
[typed-five-r3/b21_C] [plan iscas99__b21] [plan] step=379 node=N3342 type=observe q_typed_reliable_context=2.278178 sequence=1030.672473
[typed-five-r3/b21_C] [plan iscas99__b21] [plan] step=380 node=N2464 type=observe q_typed_reliable_context=1.984198 sequence=1032.656671
[typed-five-r3/b21_C] [plan iscas99__b21] [plan] step=381 node=N4490 type=observe q_typed_reliable_context=2.176922 sequence=1034.833593
[typed-five-r3/b21_C] [plan iscas99__b21] [plan] step=382 node=N3338 type=observe q_typed_reliable_context=2.509637 sequence=1037.343230
[typed-five-r3/b21_C] [plan iscas99__b21] [plan] step=383 node=N2521 type=observe q_typed_reliable_context=2.932501 sequence=1040.275731
[typed-five-r3/b21_C] [plan iscas99__b21] [plan] step=384 node=N15943 type=observe q_typed_reliable_context=3.105019 sequence=1043.380750
[typed-five-r3/b21_C] [plan iscas99__b21] [plan] step=385 node=N11089 type=observe q_typed_reliable_context=3.116493 sequence=1046.497243
[typed-five-r3/b21_C] [plan iscas99__b21] [plan] step=386 node=N11086 type=observe q_typed_reliable_context=4.200162 sequence=1050.697405
[typed-five-r3/b21_C] [plan iscas99__b21] [plan] step=387 node=N3403 type=observe q_typed_reliable_context=2.388273 sequence=1053.085679
[typed-five-r3/b21_C] [plan iscas99__b21] [plan] step=388 node=N15952 type=observe q_typed_reliable_context=3.316746 sequence=1056.402424
[typed-five-r3/b21_C] [plan iscas99__b21] [plan] step=389 node=N15005 type=observe q_typed_reliable_context=3.231605 sequence=1059.634030
[typed-five-r3/b21_C] [plan iscas99__b21] [plan] step=390 node=N11170 type=observe q_typed_reliable_context=2.639485 sequence=1062.273515
[typed-five-r3/b21_C] [plan iscas99__b21] [plan] step=391 node=N11087 type=observe q_typed_reliable_context=7.593784 sequence=1069.867298
[typed-five-r3/b21_C] [plan iscas99__b21] [plan] step=392 node=N11084 type=observe q_typed_reliable_context=2.942386 sequence=1072.809684
[typed-five-r3/b21_C] [plan iscas99__b21] [plan] step=393 node=N3409 type=observe q_typed_reliable_context=1.878677 sequence=1074.688361
[typed-five-r3/b21_C] [plan iscas99__b21] [plan] step=394 node=N15950 type=observe q_typed_reliable_context=2.587114 sequence=1077.275475
[typed-five-r3/b21_C] [plan iscas99__b21] [plan] step=395 node=N11077 type=observe q_typed_reliable_context=2.723743 sequence=1079.999218
[typed-five-r3/b21_C] [plan iscas99__b21] [plan] step=396 node=N12823 type=observe q_typed_reliable_context=2.340616 sequence=1082.339834
[typed-five-r3/b21_C] [plan iscas99__b21] [plan] step=397 node=N2445 type=observe q_typed_reliable_context=3.492699 sequence=1085.832534
[typed-five-r3/b21_C] [plan iscas99__b21] [plan] step=398 node=N3406 type=observe q_typed_reliable_context=4.674616 sequence=1090.507150
[typed-five-r3/b21_C] [plan iscas99__b21] [plan] step=399 node=N11168 type=observe q_typed_reliable_context=3.458759 sequence=1093.965909
[typed-five-r3/b21_C] [plan iscas99__b21] [plan] step=400 node=N11083 type=observe q_typed_reliable_context=4.147951 sequence=1098.113860
[typed-five-r3/b21_C] [plan iscas99__b21] [plan] step=401 node=N10983 type=observe q_typed_reliable_context=2.289358 sequence=1100.403218
[typed-five-r3/b21_C] [plan iscas99__b21] [plan] step=402 node=N14678 type=observe q_typed_reliable_context=1.887422 sequence=1102.290640
[typed-five-r3/b21_C] [plan iscas99__b21] [plan] step=403 node=N11076 type=observe q_typed_reliable_context=2.628927 sequence=1104.919567
[typed-five-r3/b21_C] [plan iscas99__b21] [plan] step=404 node=N15953 type=observe q_typed_reliable_context=1.371467 sequence=1106.291034
[typed-five-r3/b21_C] [plan iscas99__b21] [plan] step=405 node=N14664 type=observe q_typed_reliable_context=1.342816 sequence=1107.633850
[typed-five-r3/b21_C] [plan iscas99__b21] [plan] step=406 node=N1403 type=observe q_typed_reliable_context=5.413832 sequence=1113.047682
[typed-five-r3/b21_C] [plan iscas99__b21] [plan] step=407 node=N1423 type=observe q_typed_reliable_context=1.305436 sequence=1114.353119
[typed-five-r3/b21_C] [plan iscas99__b21] [plan] step=408 node=N12836 type=observe q_typed_reliable_context=1.230813 sequence=1115.583932
[typed-five-r3/b21_C] [plan iscas99__b21] [plan] step=409 node=N1402 type=observe q_typed_reliable_context=1.401508 sequence=1116.985440
[typed-five-r3/b21_C] [plan iscas99__b21] [plan] step=410 node=N12839 type=observe q_typed_reliable_context=0.753741 sequence=1117.739182
[typed-five-r3/b21_C] [plan iscas99__b21] [plan] step=411 node=N11031 type=observe q_typed_reliable_context=0.737088 sequence=1118.476269
[typed-five-r3/b21_C] [plan iscas99__b21] [plan] step=412 node=N4226 type=observe q_typed_reliable_context=2.421098 sequence=1120.897367
[typed-five-r3/b21_C] [plan iscas99__b21] [plan] step=413 node=N1406 type=observe q_typed_reliable_context=3.637832 sequence=1124.535200
[typed-five-r3/b21_C] [plan iscas99__b21] [plan] step=414 node=N1418 type=observe q_typed_reliable_context=1.940540 sequence=1126.475739
[typed-five-r3/b21_C] [plan iscas99__b21] [plan] step=415 node=N1419 type=observe q_typed_reliable_context=2.014802 sequence=1128.490541
[typed-five-r3/b21_C] [plan iscas99__b21] [plan] step=416 node=N11094 type=observe q_typed_reliable_context=3.942790 sequence=1132.433330
[typed-five-r3/b21_C] [plan iscas99__b21] [plan] step=417 node=N11454 type=observe q_typed_reliable_context=2.295971 sequence=1134.729302
[typed-five-r3/b21_C] [plan iscas99__b21] [plan] step=418 node=N15962 type=observe q_typed_reliable_context=3.134244 sequence=1137.863546
[typed-five-r3/b21_C] [plan iscas99__b21] [plan] step=419 node=N1420 type=observe q_typed_reliable_context=5.100375 sequence=1142.963921
[typed-five-r3/b21_C] [plan iscas99__b21] [plan] step=420 node=N1421 type=observe q_typed_reliable_context=2.635709 sequence=1145.599630
[typed-five-r3/b21_C] [plan iscas99__b21] [plan] step=421 node=N11430 type=observe q_typed_reliable_context=3.966922 sequence=1149.566553
[typed-five-r3/b21_C] [plan iscas99__b21] [plan] step=422 node=N12872 type=observe q_typed_reliable_context=2.525680 sequence=1152.092232
[typed-five-r3/b21_C] [plan iscas99__b21] [plan] step=423 node=N1424 type=observe q_typed_reliable_context=3.501931 sequence=1155.594163
[typed-five-r3/b21_C] [plan iscas99__b21] [plan] step=424 node=N11421 type=observe q_typed_reliable_context=5.022738 sequence=1160.616901
[typed-five-r3/b21_C] [plan iscas99__b21] [plan] step=425 node=N12857 type=observe q_typed_reliable_context=3.521345 sequence=1164.138246
[typed-five-r3/b21_C] [plan iscas99__b21] [plan] step=426 node=N15998 type=observe q_typed_reliable_context=3.582887 sequence=1167.721132
[typed-five-r3/b21_C] [plan iscas99__b21] [plan] step=427 node=N1426 type=observe q_typed_reliable_context=3.233899 sequence=1170.955031
[typed-five-r3/b21_C] [plan iscas99__b21] [plan] step=428 node=N11436 type=observe q_typed_reliable_context=3.126615 sequence=1174.081646
[typed-five-r3/b21_C] [plan iscas99__b21] [plan] step=429 node=N1427 type=observe q_typed_reliable_context=3.047582 sequence=1177.129228
[typed-five-r3/b21_C] [plan iscas99__b21] [plan] step=430 node=N15977 type=observe q_typed_reliable_context=2.300289 sequence=1179.429517
[typed-five-r3/b21_C] [plan iscas99__b21] [plan] step=431 node=N1425 type=observe q_typed_reliable_context=2.102611 sequence=1181.532127
[typed-five-r3/b21_C] [plan iscas99__b21] [plan] step=432 node=N11360 type=observe q_typed_reliable_context=2.144070 sequence=1183.676197
[typed-five-r3/b21_C] [plan iscas99__b21] [plan] step=433 node=N1417 type=observe q_typed_reliable_context=3.318836 sequence=1186.995033
[typed-five-r3/b21_C] [plan iscas99__b21] [plan] step=434 node=N1428 type=observe q_typed_reliable_context=2.708059 sequence=1189.703092
[typed-five-r3/b21_C] [plan iscas99__b21] [plan] step=435 node=N11442 type=observe q_typed_reliable_context=1.537291 sequence=1191.240383
[typed-five-r3/b21_C] [plan iscas99__b21] [plan] step=436 node=N12830 type=observe q_typed_reliable_context=2.345375 sequence=1193.585759
[typed-five-r3/b21_C] [plan iscas99__b21] [plan] step=437 node=N14673 type=observe q_typed_reliable_context=1.740541 sequence=1195.326300
[typed-five-r3/b21_C] [plan iscas99__b21] [plan] step=438 node=N11366 type=observe q_typed_reliable_context=2.020024 sequence=1197.346324
[typed-five-r3/b21_C] [plan iscas99__b21] [plan] step=439 node=N4012 type=observe q_typed_reliable_context=3.174487 sequence=1200.520811
[typed-five-r3/b21_C] [plan iscas99__b21] [plan] step=440 node=N14659 type=observe q_typed_reliable_context=1.952625 sequence=1202.473436
[typed-five-r3/b21_C] [plan iscas99__b21] [plan] step=441 node=N12813 type=observe q_typed_reliable_context=1.812518 sequence=1204.285954
[typed-five-r3/b21_C] [plan iscas99__b21] [plan] step=442 node=N11445 type=observe q_typed_reliable_context=1.904133 sequence=1206.190087
[typed-five-r3/b21_C] [plan iscas99__b21] [plan] step=443 node=N4016 type=observe q_typed_reliable_context=2.700272 sequence=1208.890359
[typed-five-r3/b21_C] [plan iscas99__b21] [plan] step=444 node=N4013 type=observe q_typed_reliable_context=1.894693 sequence=1210.785052
[typed-five-r3/b21_C] [plan iscas99__b21] [plan] step=445 node=N11433 type=observe q_typed_reliable_context=2.603314 sequence=1213.388366
[typed-five-r3/b21_C] [plan iscas99__b21] [plan] step=446 node=N4018 type=observe q_typed_reliable_context=2.609961 sequence=1215.998327
[typed-five-r3/b21_C] [plan iscas99__b21] [plan] step=447 node=N4020 type=observe q_typed_reliable_context=2.065575 sequence=1218.063902
[typed-five-r3/b21_C] [plan iscas99__b21] [plan] step=448 node=N11351 type=observe q_typed_reliable_context=2.915695 sequence=1220.979597
[typed-five-r3/b21_C] [plan iscas99__b21] [plan] step=449 node=N11342 type=observe q_typed_reliable_context=1.739685 sequence=1222.719281
[typed-five-r3/b21_C] [plan iscas99__b21] [plan] step=450 node=N12785 type=observe q_typed_reliable_context=2.402478 sequence=1225.121759
[typed-five-r3/b21_C] [plan iscas99__b21] [plan] step=451 node=N15053 type=observe q_typed_reliable_context=1.572852 sequence=1226.694611
[typed-five-r3/b21_C] [plan iscas99__b21] [plan] step=452 node=N11424 type=observe q_typed_reliable_context=1.079997 sequence=1227.774609
[typed-five-r3/b21_C] [plan iscas99__b21] [plan] step=453 node=N15047 type=observe q_typed_reliable_context=2.098505 sequence=1229.873113
[typed-five-r3/b21_C] [plan iscas99__b21] [plan] step=454 node=N15988 type=observe q_typed_reliable_context=1.710809 sequence=1231.583922
[typed-five-r3/b21_C] [plan iscas99__b21] [plan] step=455 node=N11439 type=observe q_typed_reliable_context=1.820665 sequence=1233.404587
[typed-five-r3/b21_C] [plan iscas99__b21] [plan] step=456 node=N1254 type=control1 q_typed_reliable_context=1.434874 sequence=1234.839461
[typed-five-r3/b21_C] [plan iscas99__b21] [plan] step=457 node=N839 type=control1 q_typed_reliable_context=7.070238 sequence=1241.909699
[typed-five-r3/b21_C] [plan iscas99__b21] [plan] step=458 node=N11418 type=observe q_typed_reliable_context=4.918854 sequence=1246.828553
[typed-five-r3/b21_C] [plan iscas99__b21] [plan] step=459 node=N11406 type=observe q_typed_reliable_context=1.655449 sequence=1248.484003
[typed-five-r3/b21_C] [plan iscas99__b21] [plan] step=460 node=N11357 type=observe q_typed_reliable_context=2.224525 sequence=1250.708527
[typed-five-r3/b21_C] [plan iscas99__b21] [plan] step=461 node=N16007 type=observe q_typed_reliable_context=7.087558 sequence=1257.796085
[typed-five-r3/b21_C] [plan iscas99__b21] [plan] step=462 node=N12728 type=observe q_typed_reliable_context=3.656868 sequence=1261.452954
[typed-five-r3/b21_C] [plan iscas99__b21] [plan] step=463 node=N12752 type=observe q_typed_reliable_context=4.310041 sequence=1265.762994
[typed-five-r3/b21_C] [plan iscas99__b21] [plan] step=464 node=N11334 type=observe q_typed_reliable_context=4.147727 sequence=1269.910722
[typed-five-r3/b21_C] [plan iscas99__b21] [plan] step=465 node=N12761 type=observe q_typed_reliable_context=3.594164 sequence=1273.504886
[typed-five-r3/b21_C] [plan iscas99__b21] [plan] step=466 node=N12627 type=observe q_typed_reliable_context=3.383346 sequence=1276.888232
[typed-five-r3/b21_C] [plan iscas99__b21] [plan] step=467 node=N12756 type=observe q_typed_reliable_context=2.606183 sequence=1279.494415
[typed-five-r3/b21_C] [plan iscas99__b21] [plan] step=468 node=N11363 type=observe q_typed_reliable_context=2.097453 sequence=1281.591868
[typed-five-r3/b21_C] [plan iscas99__b21] [plan] step=469 node=N15993 type=control0 q_typed_reliable_context=0.681159 sequence=1282.273027
[typed-five-r3/b21_C] [plan iscas99__b21] [plan] step=470 node=N12729 type=observe q_typed_reliable_context=2.337457 sequence=1284.610484
[typed-five-r3/b21_C] [plan iscas99__b21] [plan] step=471 node=N2882 type=observe q_typed_reliable_context=1.961205 sequence=1286.571689
[typed-five-r3/b21_C] [plan iscas99__b21] [plan] step=472 node=N2902 type=observe q_typed_reliable_context=1.478909 sequence=1288.050598
[typed-five-r3/b21_C] [plan iscas99__b21] [plan] step=473 node=N11101 type=observe q_typed_reliable_context=1.617881 sequence=1289.668479
[typed-five-r3/b21_C] [plan iscas99__b21] [plan] step=474 node=N12740 type=observe q_typed_reliable_context=1.840256 sequence=1291.508736
[typed-five-r3/b21_C] [plan iscas99__b21] [plan] step=475 node=N11267 type=observe q_typed_reliable_context=1.933502 sequence=1293.442238
[typed-five-r3/b21_C] [plan iscas99__b21] [plan] step=476 node=N11146 type=observe q_typed_reliable_context=0.946493 sequence=1294.388731
[typed-five-r3/b21_C] [plan iscas99__b21] [plan] step=477 node=N11099 type=observe q_typed_reliable_context=1.465490 sequence=1295.854221
[typed-five-r3/b21_C] [plan iscas99__b21] [plan] step=478 node=N12779 type=observe q_typed_reliable_context=1.165093 sequence=1297.019313
[typed-five-r3/b21_C] [plan iscas99__b21] [plan] step=479 node=N12790 type=observe q_typed_reliable_context=1.296325 sequence=1298.315638
[typed-five-r3/b21_C] [plan iscas99__b21] [plan] step=480 node=N12517 type=observe q_typed_reliable_context=2.123768 sequence=1300.439407
[typed-five-r3/b21_C] [plan iscas99__b21] [plan] step=481 node=N12796 type=observe q_typed_reliable_context=2.755154 sequence=1303.194560
[typed-five-r3/b21_C] [plan iscas99__b21] [plan] step=482 node=N11079 type=observe q_typed_reliable_context=1.031706 sequence=1304.226266
[typed-five-r3/b21_C] [plan iscas99__b21] [plan] step=483 node=N11451 type=observe q_typed_reliable_context=2.225141 sequence=1306.451407
[typed-five-r3/b21_C] [plan iscas99__b21] [plan] step=484 node=N11158 type=observe q_typed_reliable_context=6.333291 sequence=1312.784699
[typed-five-r3/b21_C] [plan iscas99__b21] [plan] step=485 node=N4112 type=observe q_typed_reliable_context=5.375488 sequence=1318.160187
[typed-five-r3/b21_C] [plan iscas99__b21] [plan] step=486 node=N11427 type=observe q_typed_reliable_context=5.783723 sequence=1323.943910
[typed-five-r3/b21_C] [plan iscas99__b21] [plan] step=487 node=N4224 type=observe q_typed_reliable_context=6.613078 sequence=1330.556988
[typed-five-r3/b21_C] [plan iscas99__b21] [plan] step=488 node=N11457 type=observe q_typed_reliable_context=2.541713 sequence=1333.098701
[typed-five-r3/b21_C] [plan iscas99__b21] [plan] step=489 node=N12727 type=observe q_typed_reliable_context=3.923059 sequence=1337.021759
[typed-five-r3/b21_C] [plan iscas99__b21] [plan] step=490 node=N12731 type=observe q_typed_reliable_context=3.894649 sequence=1340.916409
[typed-five-r3/b21_C] [plan iscas99__b21] [plan] step=491 node=N11448 type=observe q_typed_reliable_context=3.636794 sequence=1344.553203
[typed-five-r3/b21_C] [plan iscas99__b21] [plan] step=492 node=N12730 type=observe q_typed_reliable_context=4.783210 sequence=1349.336413
[typed-five-r3/b21_C] [plan iscas99__b21] [plan] step=493 node=N12744 type=observe q_typed_reliable_context=2.562491 sequence=1351.898904
[typed-five-r3/b21_C] [plan iscas99__b21] [plan] step=494 node=N11354 type=observe q_typed_reliable_context=3.236937 sequence=1355.135841
[typed-five-r3/b21_C] [plan iscas99__b21] [plan] step=495 node=N12778 type=observe q_typed_reliable_context=2.337584 sequence=1357.473425
[typed-five-r3/b21_C] [plan iscas99__b21] [plan] step=496 node=N11141 type=observe q_typed_reliable_context=1.370326 sequence=1358.843752
[typed-five-r3/b21_C] [plan iscas99__b21] [plan] step=497 node=N15012 type=observe q_typed_reliable_context=3.547467 sequence=1362.391219
[typed-five-r3/b21_C] [plan iscas99__b21] [plan] step=498 node=N12745 type=observe q_typed_reliable_context=2.454882 sequence=1364.846101
[typed-five-r3/b21_C] [plan iscas99__b21] [plan] step=499 node=N15068 type=observe q_typed_reliable_context=2.191857 sequence=1367.037958
[typed-five-r3/b21_C] [plan iscas99__b21] [plan] step=500 node=N11415 type=observe q_typed_reliable_context=4.776679 sequence=1371.814636
[typed-five-r3/b21_C] [plan iscas99__b21] [plan] step=501 node=N12751 type=observe q_typed_reliable_context=3.296649 sequence=1375.111285
[typed-five-r3/b21_C] [plan iscas99__b21] [plan] step=502 node=N12753 type=observe q_typed_reliable_context=2.328871 sequence=1377.440156
[typed-five-r3/b21_C] [plan iscas99__b21] [plan] step=503 node=N12759 type=observe q_typed_reliable_context=5.887501 sequence=1383.327657
[typed-five-r3/b21_C] [plan iscas99__b21] [plan] step=504 node=N11343 type=observe q_typed_reliable_context=3.695428 sequence=1387.023085
[typed-five-r3/b21_C] [plan iscas99__b21] [plan] step=505 node=N12760 type=observe q_typed_reliable_context=4.453284 sequence=1391.476369
[typed-five-r3/b21_C] [plan iscas99__b21] [plan] step=506 node=N12763 type=observe q_typed_reliable_context=4.827436 sequence=1396.303804
[typed-five-r3/b21_C] [plan iscas99__b21] [plan] step=507 node=N11566 type=observe q_typed_reliable_context=7.114842 sequence=1403.418646
[typed-five-r3/b21_C] [plan iscas99__b21] [plan] step=508 node=N12874 type=observe q_typed_reliable_context=5.059542 sequence=1408.478188
[typed-five-r3/b21_C] [plan iscas99__b21] [plan] step=509 node=N12776 type=observe q_typed_reliable_context=1.359980 sequence=1409.838168
[typed-five-r3/b21_C] [plan iscas99__b21] [plan] step=510 node=N12818 type=observe q_typed_reliable_context=7.084594 sequence=1416.922761
[typed-five-r3/b21_C] [plan iscas99__b21] [plan] step=511 node=N12602 type=observe q_typed_reliable_context=7.176511 sequence=1424.099272
[typed-five-r3/b21_C] [plan iscas99__b21] [plan] step=512 node=N3443 type=observe q_typed_reliable_context=3.691476 sequence=1427.790748
[typed-five-r3/b21_C] [plan iscas99__b21] [plan] step=513 node=N3363 type=observe q_typed_reliable_context=4.325698 sequence=1432.116446
[typed-five-r3/b21_C] [plan iscas99__b21] [plan] step=514 node=N12599 type=observe q_typed_reliable_context=4.908247 sequence=1437.024692
[typed-five-r3/b21_C] [plan iscas99__b21] [plan] step=515 node=N11003 type=observe q_typed_reliable_context=3.535639 sequence=1440.560332
[typed-five-r3/b21_C] [plan iscas99__b21] [plan] step=516 node=N10985 type=observe q_typed_reliable_context=2.618133 sequence=1443.178465
[typed-five-r3/b21_C] [plan iscas99__b21] [plan] step=517 node=N2727 type=observe q_typed_reliable_context=1.700565 sequence=1444.879030
[typed-five-r3/b21_C] [plan iscas99__b21] [plan] step=518 node=N2742 type=observe q_typed_reliable_context=1.711637 sequence=1446.590667
[typed-five-r3/b21_C] [plan iscas99__b21] [plan] step=519 node=N2752 type=observe q_typed_reliable_context=2.476055 sequence=1449.066723
[typed-five-r3/b21_C] [plan iscas99__b21] [plan] step=520 node=N2762 type=observe q_typed_reliable_context=3.558233 sequence=1452.624956
[typed-five-r3/b21_C] [plan iscas99__b21] [plan] step=521 node=N2772 type=observe q_typed_reliable_context=4.480021 sequence=1457.104977
[typed-five-r3/b21_C] [plan iscas99__b21] [plan] step=522 node=N2782 type=observe q_typed_reliable_context=5.357899 sequence=1462.462876
[typed-five-r3/b21_C] [plan iscas99__b21] [plan] step=523 node=N2792 type=observe q_typed_reliable_context=5.929008 sequence=1468.391884
[typed-five-r3/b21_C] [plan iscas99__b21] [plan] step=524 node=N2802 type=observe q_typed_reliable_context=5.971844 sequence=1474.363729
[typed-five-r3/b21_C] [plan iscas99__b21] [plan] step=525 node=N2812 type=observe q_typed_reliable_context=5.589193 sequence=1479.952921
[typed-five-r3/b21_C] [plan iscas99__b21] [plan] step=526 node=N2822 type=observe q_typed_reliable_context=4.991593 sequence=1484.944514
[typed-five-r3/b21_C] [plan iscas99__b21] [plan] step=527 node=N2832 type=observe q_typed_reliable_context=4.527199 sequence=1489.471713
[typed-five-r3/b21_C] [plan iscas99__b21] [plan] step=528 node=N2842 type=observe q_typed_reliable_context=4.235473 sequence=1493.707186
[typed-five-r3/b21_C] [plan iscas99__b21] [plan] step=529 node=N2852 type=observe q_typed_reliable_context=3.947241 sequence=1497.654426
[typed-five-r3/b21_C] [plan iscas99__b21] [plan] step=530 node=N2862 type=observe q_typed_reliable_context=4.131838 sequence=1501.786264
[typed-five-r3/b21_C] [plan iscas99__b21] [plan] step=531 node=N2872 type=observe q_typed_reliable_context=6.162823 sequence=1507.949087
[typed-five-r3/b21_C] [plan iscas99__b21] [plan] step=532 node=N2892 type=observe q_typed_reliable_context=6.800590 sequence=1514.749677
[typed-five-r3/b21_C] [plan iscas99__b21] [plan] step=533 node=N2912 type=observe q_typed_reliable_context=6.833467 sequence=1521.583144
[typed-five-r3/b21_C] [plan iscas99__b21] [plan] step=534 node=N2922 type=observe q_typed_reliable_context=6.944003 sequence=1528.527147
[typed-five-r3/b21_C] [plan iscas99__b21] [plan] step=535 node=N15846 type=control0 q_typed_reliable_context=6.976377 sequence=1535.503525
[typed-five-r3/b21_C] [plan iscas99__b21] [plan] step=536 node=N11144 type=observe q_typed_reliable_context=5.886570 sequence=1541.390094
[typed-five-r3/b21_C] [plan iscas99__b21] [plan] step=537 node=N12573 type=observe q_typed_reliable_context=7.303791 sequence=1548.693886
[typed-five-r3/b21_C] [plan iscas99__b21] [plan] step=538 node=N12732 type=observe q_typed_reliable_context=5.758461 sequence=1554.452347
[typed-five-r3/b21_C] [plan iscas99__b21] [plan] step=539 node=N12736 type=observe q_typed_reliable_context=2.768440 sequence=1557.220787
[typed-five-r3/b21_C] [plan iscas99__b21] [plan] step=540 node=N11097 type=observe q_typed_reliable_context=1.150711 sequence=1558.371498
[typed-five-r3/b21_C] [plan iscas99__b21] [plan] step=541 node=N12575 type=observe q_typed_reliable_context=3.521773 sequence=1561.893272
[typed-five-r3/b21_C] [plan iscas99__b21] [plan] step=542 node=N3361 type=observe q_typed_reliable_context=2.416643 sequence=1564.309915
[typed-five-r3/b21_C] [plan iscas99__b21] [plan] step=543 node=N12588 type=observe q_typed_reliable_context=6.240699 sequence=1570.550613
[typed-five-r3/b21_C] [plan iscas99__b21] [plan] step=544 node=N12589 type=observe q_typed_reliable_context=3.028929 sequence=1573.579542
[typed-five-r3/b21_C] [plan iscas99__b21] [plan] step=545 node=N12749 type=observe q_typed_reliable_context=1.649601 sequence=1575.229143
[typed-five-r3/b21_C] [plan iscas99__b21] [plan] step=546 node=N12592 type=observe q_typed_reliable_context=2.263050 sequence=1577.492194
[typed-five-r3/b21_C] [plan iscas99__b21] [plan] step=547 node=N12672 type=observe q_typed_reliable_context=1.695115 sequence=1579.187308
[typed-five-r3/b21_C] [plan iscas99__b21] [plan] step=548 node=N12648 type=observe q_typed_reliable_context=1.722240 sequence=1580.909549
[typed-five-r3/b21_C] [plan iscas99__b21] [plan] step=549 node=N12549 type=observe q_typed_reliable_context=1.808130 sequence=1582.717678
[typed-five-r3/b21_C] [plan iscas99__b21] [plan] step=550 node=N10989 type=observe q_typed_reliable_context=1.998523 sequence=1584.716201
[typed-five-r3/b21_C] [plan iscas99__b21] [plan] step=551 node=N6551 type=observe q_typed_reliable_context=2.344164 sequence=1587.060365
[typed-five-r3/b21_C] [plan iscas99__b21] [plan] step=552 node=N11469 type=observe q_typed_reliable_context=1.611386 sequence=1588.671751
[typed-five-r3/b21_C] [plan iscas99__b21] [plan] step=553 node=N12546 type=observe q_typed_reliable_context=2.076768 sequence=1590.748519
[typed-five-r3/b21_C] [plan iscas99__b21] [plan] step=554 node=N11542 type=observe q_typed_reliable_context=1.826059 sequence=1592.574578
[typed-five-r3/b21_C] [plan iscas99__b21] [plan] step=555 node=N11521 type=observe q_typed_reliable_context=3.906825 sequence=1596.481403
[typed-five-r3/b21_C] [plan iscas99__b21] [plan] step=556 node=N11372 type=observe q_typed_reliable_context=6.584933 sequence=1603.066336
[typed-five-r3/b21_C] [plan iscas99__b21] [plan] step=557 node=N4223 type=observe q_typed_reliable_context=7.542503 sequence=1610.608839
[typed-five-r3/b21_C] [plan iscas99__b21] [plan] step=558 node=N12543 type=observe q_typed_reliable_context=3.142966 sequence=1613.751805
[typed-five-r3/b21_C] [plan iscas99__b21] [plan] step=559 node=N12545 type=observe q_typed_reliable_context=2.483937 sequence=1616.235742
[typed-five-r3/b21_C] [plan iscas99__b21] [plan] step=560 node=N12548 type=observe q_typed_reliable_context=2.262733 sequence=1618.498475
[typed-five-r3/b21_C] [plan iscas99__b21] [plan] step=561 node=N4222 type=observe q_typed_reliable_context=2.390157 sequence=1620.888631
[typed-five-r3/b21_C] [plan iscas99__b21] [plan] step=562 node=N6591 type=observe q_typed_reliable_context=2.391753 sequence=1623.280384
[typed-five-r3/b21_C] [plan iscas99__b21] [plan] step=563 node=N12654 type=observe q_typed_reliable_context=1.929854 sequence=1625.210238
[typed-five-r3/b21_C] [plan iscas99__b21] [plan] step=564 node=N12634 type=observe q_typed_reliable_context=2.163129 sequence=1627.373367
[typed-five-r3/b21_C] [plan iscas99__b21] [plan] step=565 node=N12637 type=observe q_typed_reliable_context=2.391217 sequence=1629.764584
[typed-five-r3/b21_C] [plan iscas99__b21] [plan] step=566 node=N12621 type=observe q_typed_reliable_context=1.967402 sequence=1631.731986
[typed-five-r3/b21_C] [plan iscas99__b21] [plan] step=567 node=N12651 type=observe q_typed_reliable_context=2.353572 sequence=1634.085558
[typed-five-r3/b21_C] [plan iscas99__b21] [plan] step=568 node=N12552 type=observe q_typed_reliable_context=2.781586 sequence=1636.867144
[typed-five-r3/b21_C] [plan iscas99__b21] [plan] step=569 node=N11393 type=observe q_typed_reliable_context=0.967974 sequence=1637.835118
[typed-five-r3/b21_C] [plan iscas99__b21] [plan] step=570 node=N4098 type=control1 q_typed_reliable_context=4.379581 sequence=1642.214699
[typed-five-r3/b21_C] [plan iscas99__b21] [plan] step=571 node=N11117 type=observe q_typed_reliable_context=1.345684 sequence=1643.560383
[typed-five-r3/b21_C] [plan iscas99__b21] [plan] step=572 node=N12584 type=observe q_typed_reliable_context=1.755222 sequence=1645.315605
[typed-five-r3/b21_C] [plan iscas99__b21] [plan] step=573 node=N12675 type=observe q_typed_reliable_context=2.516707 sequence=1647.832312
[typed-five-r3/b21_C] [plan iscas99__b21] [plan] step=574 node=N12659 type=observe q_typed_reliable_context=2.698517 sequence=1650.530829
[typed-five-r3/b21_C] [plan iscas99__b21] [plan] step=575 node=N11171 type=observe q_typed_reliable_context=2.350675 sequence=1652.881504
[typed-five-r3/b21_C] [plan iscas99__b21] [plan] step=576 node=N12618 type=observe q_typed_reliable_context=2.177248 sequence=1655.058752
[typed-five-r3/b21_C] [plan iscas99__b21] [plan] step=577 node=N12723 type=observe q_typed_reliable_context=1.798822 sequence=1656.857574
[typed-five-r3/b21_C] [plan iscas99__b21] [plan] step=578 node=N10298 type=observe q_typed_reliable_context=1.724763 sequence=1658.582337
[typed-five-r3/b21_C] [plan iscas99__b21] [plan] step=579 node=N11092 type=observe q_typed_reliable_context=1.988564 sequence=1660.570901
[typed-five-r3/b21_C] [plan iscas99__b21] [plan] step=580 node=N11495 type=observe q_typed_reliable_context=2.339192 sequence=1662.910093
[typed-five-r3/b21_C] [plan iscas99__b21] [plan] step=581 node=N12898 type=observe q_typed_reliable_context=6.382177 sequence=1669.292269
[typed-five-r3/b21_C] [plan iscas99__b21] [plan] step=582 node=N14965 type=observe q_typed_reliable_context=3.595560 sequence=1672.887829
[typed-five-r3/b21_C] [plan iscas99__b21] [plan] step=583 node=N14910 type=observe q_typed_reliable_context=2.146428 sequence=1675.034258
[typed-five-r3/b21_C] [plan iscas99__b21] [plan] step=584 node=N6572 type=observe q_typed_reliable_context=2.083692 sequence=1677.117950
[typed-five-r3/b21_C] [plan iscas99__b21] [plan] step=585 node=N11211 type=observe q_typed_reliable_context=1.278887 sequence=1678.396837
[typed-five-r3/b21_C] [plan iscas99__b21] [plan] step=586 node=N6573 type=observe q_typed_reliable_context=3.229352 sequence=1681.626189
[typed-five-r3/b21_C] [plan iscas99__b21] [plan] step=587 node=N3448 type=observe q_typed_reliable_context=3.649078 sequence=1685.275268
[typed-five-r3/b21_C] [plan iscas99__b21] [plan] step=588 node=N11540 type=observe q_typed_reliable_context=2.228975 sequence=1687.504243
[typed-five-r3/b21_C] [plan iscas99__b21] [plan] step=589 node=N5160 type=observe q_typed_reliable_context=3.122577 sequence=1690.626819
[typed-five-r3/b21_C] [plan iscas99__b21] [plan] step=590 node=N12688 type=observe q_typed_reliable_context=7.154885 sequence=1697.781704
[typed-five-r3/b21_C] [plan iscas99__b21] [plan] step=591 node=N10299 type=observe q_typed_reliable_context=2.653015 sequence=1700.434719
[typed-five-r3/b21_C] [plan iscas99__b21] [plan] step=592 node=N3136 type=observe q_typed_reliable_context=1.331892 sequence=1701.766611
[typed-five-r3/b21_C] [plan iscas99__b21] [plan] step=593 node=N4099 type=control1 q_typed_reliable_context=1.766700 sequence=1703.533312
[typed-five-r3/b21_C] [plan iscas99__b21] [plan] step=594 node=N12892 type=observe q_typed_reliable_context=1.296955 sequence=1704.830267
[typed-five-r3/b21_C] [plan iscas99__b21] [plan] step=595 node=N15011 type=observe q_typed_reliable_context=1.195166 sequence=1706.025433
[typed-five-r3/b21_C] [plan iscas99__b21] [plan] step=596 node=N15098 type=observe q_typed_reliable_context=1.282984 sequence=1707.308417
[typed-five-r3/b21_C] [plan iscas99__b21] [plan] step=597 node=N11461 type=observe q_typed_reliable_context=1.330997 sequence=1708.639414
[typed-five-r3/b21_C] [plan iscas99__b21] [plan] step=598 node=N11217 type=observe q_typed_reliable_context=1.692852 sequence=1710.332266
[typed-five-r3/b21_C] [plan iscas99__b21] [plan] step=599 node=N11247 type=observe q_typed_reliable_context=2.119487 sequence=1712.451753
[typed-five-r3/b21_C] [plan iscas99__b21] [plan] step=600 node=N11235 type=observe q_typed_reliable_context=2.370213 sequence=1714.821966
[typed-five-r3/b21_C] [plan iscas99__b21] [plan] step=601 node=N11186 type=observe q_typed_reliable_context=2.543272 sequence=1717.365238
[typed-five-r3/b21_C] [plan iscas99__b21] [plan] step=602 node=N14616 type=observe q_typed_reliable_context=2.094171 sequence=1719.459409
[typed-five-r3/b21_C] [plan iscas99__b21] [plan] step=603 node=N11338 type=observe q_typed_reliable_context=2.060240 sequence=1721.519649
[typed-five-r3/b21_C] [plan iscas99__b21] [plan] step=604 node=N11535 type=observe q_typed_reliable_context=2.001074 sequence=1723.520723
[typed-five-r3/b21_C] [plan iscas99__b21] [plan] step=605 node=N11561 type=observe q_typed_reliable_context=1.955511 sequence=1725.476235
[typed-five-r3/b21_C] [plan iscas99__b21] [plan] step=606 node=N14622 type=observe q_typed_reliable_context=1.992345 sequence=1727.468580
[typed-five-r3/b21_C] [plan iscas99__b21] [plan] step=607 node=N11321 type=observe q_typed_reliable_context=1.303961 sequence=1728.772541
[typed-five-r3/b21_C] [plan iscas99__b21] [plan] step=608 node=N11198 type=observe q_typed_reliable_context=2.789567 sequence=1731.562107
[typed-five-r3/b21_C] [plan iscas99__b21] [plan] step=609 node=N11231 type=observe q_typed_reliable_context=4.751420 sequence=1736.313527
[typed-five-r3/b21_C] [plan iscas99__b21] [plan] step=610 node=N11320 type=observe q_typed_reliable_context=6.070256 sequence=1742.383783
[typed-five-r3/b21_C] [plan iscas99__b21] [plan] step=611 node=N11386 type=observe q_typed_reliable_context=5.994159 sequence=1748.377942
[typed-five-r3/b21_C] [plan iscas99__b21] [plan] step=612 node=N927 type=observe q_typed_reliable_context=3.849022 sequence=1752.226964
[typed-five-r3/b21_C] [plan iscas99__b21] [plan] step=613 node=N11317 type=observe q_typed_reliable_context=2.573691 sequence=1754.800655
[typed-five-r3/b21_C] [plan iscas99__b21] [plan] step=614 node=N10297 type=observe q_typed_reliable_context=1.675292 sequence=1756.475947
[typed-five-r3/b21_C] [plan iscas99__b21] [plan] step=615 node=N11151 type=observe q_typed_reliable_context=0.540526 sequence=1757.016473
[typed-five-r3/b21_C] [plan iscas99__b21] [plan] step=616 node=N14998 type=observe q_typed_reliable_context=0.476233 sequence=1757.492706
[typed-five-r3/b21_C] [plan iscas99__b21] [plan] step=617 node=N15065 type=observe q_typed_reliable_context=1.859431 sequence=1759.352137
[typed-five-r3/b21_C] [plan iscas99__b21] [plan] step=618 node=N11164 type=observe q_typed_reliable_context=1.878759 sequence=1761.230895
[typed-five-r3/b21_C] [plan iscas99__b21] [plan] step=619 node=N11008 type=observe q_typed_reliable_context=2.070114 sequence=1763.301010
[typed-five-r3/b21_C] [plan iscas99__b21] [plan] step=620 node=N11015 type=observe q_typed_reliable_context=1.890067 sequence=1765.191077
[typed-five-r3/b21_C] [plan iscas99__b21] [plan] step=621 node=N11153 type=observe q_typed_reliable_context=0.921513 sequence=1766.112589
[typed-five-r3/b21_C] [plan iscas99__b21] [plan] step=622 node=N14983 type=observe q_typed_reliable_context=0.882946 sequence=1766.995536
[typed-five-r3/b21_C] [plan iscas99__b21] [plan] step=623 node=N11549 type=observe q_typed_reliable_context=1.837199 sequence=1768.832735
[typed-five-r3/b21_C] [plan iscas99__b21] [plan] step=624 node=N3420 type=observe q_typed_reliable_context=2.285164 sequence=1771.117899
[typed-five-r3/b21_C] [plan iscas99__b21] [plan] step=625 node=N11377 type=observe q_typed_reliable_context=1.351613 sequence=1772.469513
[typed-five-r3/b21_C] [plan iscas99__b21] [plan] step=626 node=N11526 type=observe q_typed_reliable_context=2.291385 sequence=1774.760897
[typed-five-r3/b21_C] [plan iscas99__b21] [plan] step=627 node=N11547 type=observe q_typed_reliable_context=2.662691 sequence=1777.423588
[typed-five-r3/b21_C] [plan iscas99__b21] [plan] step=628 node=N11514 type=observe q_typed_reliable_context=3.340897 sequence=1780.764486
[typed-five-r3/b21_C] [plan iscas99__b21] saved=autoresearch/loop-260720-0945/typed_winner_round8_five/b21_C/plans/iscas99__b21__greedy__cumulative__q_typed_reliable_context__bw1__d1__c64__g1p0__candhard_fault_cluster__div0p0__s0.csv
[typed-five-r3/b21_C] [gmean] 2026-07-21T16:02:25 [1/1] plan_done benchmark=iscas99__b21 plan_sec=722.272 plan_csv=autoresearch/loop-260720-0945/typed_winner_round8_five/b21_C/plans/iscas99__b21__greedy__cumulative__q_typed_reliable_context__bw1__d1__c64__g1p0__candhard_fault_cluster__div0p0__s0.csv
[typed-five-r3/b21_C] [gmean] 2026-07-21T16:02:25 [1/1] eval_start benchmark=iscas99__b21 backend=atalanta-bist patterns=300000
[typed-five-r3/b21_C] [eval iscas99__b21] {
[typed-five-r3/b21_C] [eval iscas99__b21]   "records": 2,
[typed-five-r3/b21_C] [eval iscas99__b21]   "labels_csv": "autoresearch/loop-260720-0945/typed_winner_round8_five/b21_C/evals/iscas99__b21__greedy__cumulative__q_typed_reliable_context__bw1__d1__c64__g1p0__candhard_fault_cluster__div0p0__s0/labels.csv",
[typed-five-r3/b21_C] [eval iscas99__b21]   "summary_json": "autoresearch/loop-260720-0945/typed_winner_round8_five/b21_C/evals/iscas99__b21__greedy__cumulative__q_typed_reliable_context__bw1__d1__c64__g1p0__candhard_fault_cluster__div0p0__s0/summary.json"
[typed-five-r3/b21_C] [eval iscas99__b21] }
[typed-five-r3/b21_C] [gmean] 2026-07-21T16:02:38 [1/1] eval_done benchmark=iscas99__b21 delta_tc=0.05815999999999999 plan_sec=722.272 eval_sec=12.203 total_sec=734.513
[typed-five-r3/b21_C] [gmean] 2026-07-21T16:02:38 variant_done id=greedy__cumulative__q_typed_reliable_context__bw1__d1__c64__g1p0__candhard_fault_cluster__div0p0__s0 status=ok macro=0.05815999999999999 positives=1 negatives=0 elapsed=734.514
