[r15-plan/0.014] [plan] torch_deterministic=true
[r15-plan/0.014] [plan] candidate_allowlist=autoresearch/original-netlist-recovery-260712/exact_itc99/b15_C/exact_candidate_nodes.txt nodes=7918
[r15-plan/0.014] [plan] prefix_plan=autoresearch/loop-260720-0945/typed_winner_round8_five/b15_C/best_plans/iscas99__b15_1.csv prefix_actions=192 continue_at_step=193
[r15-plan/0.014] [plan] latent_norm_clip_ratio=4 latent_norm_limit=30.875631
[r15-plan/0.014] [plan] prefix_state_mode=replay replayed_actions=192
[r15-plan/0.014] [plan] step=193 node=N6121 type=observe q_typed_reliable_context=1.811365 sequence=368.653957
[r15-plan/0.014] [plan] step=194 node=N902 type=control1 q_typed_reliable_context=1.280594 sequence=369.930551
[r15-plan/0.014] [plan] step=195 node=N2191 type=observe q_typed_reliable_context=2.340917 sequence=372.271467
[r15-plan/0.014] [plan] step=196 node=N7709 type=observe q_typed_reliable_context=3.268303 sequence=375.539770
[r15-plan/0.014] [plan] step=197 node=N2188 type=observe q_typed_reliable_context=3.001921 sequence=378.541691
[r15-plan/0.014] [plan] step=198 node=N2284 type=observe q_typed_reliable_context=1.975641 sequence=380.517332
[r15-plan/0.014] [plan] step=199 node=N2285 type=observe q_typed_reliable_context=1.651335 sequence=382.168668
[r15-plan/0.014] [plan] step=200 node=N5902 type=control0 q_typed_reliable_context=1.472252 sequence=383.640919
[r15-plan/0.014] [plan] step=201 node=N2280 type=observe q_typed_reliable_context=1.748759 sequence=385.385679
[r15-plan/0.014] [plan] step=202 node=N5914 type=observe q_typed_reliable_context=1.061019 sequence=386.446698
[r15-plan/0.014] [plan] step=203 node=N2302 type=control0 q_typed_reliable_context=1.415077 sequence=387.856775
[r15-plan/0.014] [plan] step=204 node=N752 type=control1 q_typed_reliable_context=0.813120 sequence=388.665895
[r15-plan/0.014] [plan] step=205 node=N6809 type=control0 q_typed_reliable_context=1.747226 sequence=390.413122
[r15-plan/0.014] [plan] step=206 node=N5629 type=control0 q_typed_reliable_context=0.950001 sequence=391.363123
[r15-plan/0.014] [plan] step=207 node=N6161 type=control1 q_typed_reliable_context=0.956445 sequence=392.319568
[r15-plan/0.014] [plan] step=208 node=N2234 type=observe q_typed_reliable_context=1.579866 sequence=393.899434
[r15-plan/0.014] [plan] step=209 node=N753 type=control1 q_typed_reliable_context=1.922153 sequence=395.817587
[r15-plan/0.014] [plan] step=210 node=N2287 type=observe q_typed_reliable_context=2.067636 sequence=397.885223
[r15-plan/0.014] [plan] step=211 node=N2288 type=observe q_typed_reliable_context=1.164623 sequence=399.049846
[r15-plan/0.014] [plan] step=212 node=N1611 type=observe q_typed_reliable_context=0.739553 sequence=399.789399
[r15-plan/0.014] [plan] step=213 node=N6290 type=control0 q_typed_reliable_context=0.993548 sequence=400.782947
[r15-plan/0.014] [plan] step=214 node=N6847 type=control0 q_typed_reliable_context=1.085666 sequence=401.868613
[r15-plan/0.014] [plan] step=215 node=N6810 type=control0 q_typed_reliable_context=1.068846 sequence=402.933458
[r15-plan/0.014] [plan] step=216 node=N844 type=observe q_typed_reliable_context=1.038597 sequence=403.972055
[r15-plan/0.014] [plan] step=217 node=N1610 type=observe q_typed_reliable_context=0.968382 sequence=404.940438
[r15-plan/0.014] [plan] step=218 node=N651 type=control1 q_typed_reliable_context=1.809710 sequence=406.746147
[r15-plan/0.014] [plan] step=219 node=N6203 type=observe q_typed_reliable_context=1.045215 sequence=407.791363
[r15-plan/0.014] [plan] step=220 node=N6815 type=control0 q_typed_reliable_context=1.901241 sequence=409.692604
[r15-plan/0.014] [plan] step=221 node=N6849 type=control0 q_typed_reliable_context=2.200944 sequence=411.893548
[r15-plan/0.014] [plan] step=222 node=N1874 type=observe q_typed_reliable_context=2.036507 sequence=413.926055
[r15-plan/0.014] [plan] step=223 node=N6846 type=control0 q_typed_reliable_context=1.475489 sequence=415.401544
[r15-plan/0.014] [plan] step=224 node=N6814 type=control0 q_typed_reliable_context=1.436133 sequence=416.833677
[r15-plan/0.014] [plan] step=225 node=N726 type=observe q_typed_reliable_context=2.043291 sequence=418.876968
[r15-plan/0.014] [plan] step=226 node=N846 type=observe q_typed_reliable_context=1.063281 sequence=419.940250
[r15-plan/0.014] [plan] step=227 node=N5930 type=observe q_typed_reliable_context=0.935043 sequence=420.875293
[r15-plan/0.014] [plan] step=228 node=N5506 type=observe q_typed_reliable_context=1.299920 sequence=422.171213
[r15-plan/0.014] [plan] step=229 node=N731 type=observe q_typed_reliable_context=1.949086 sequence=424.116299
[r15-plan/0.014] [plan] step=230 node=N716 type=observe q_typed_reliable_context=2.034589 sequence=426.146888
[r15-plan/0.014] [plan] step=231 node=N5751 type=observe q_typed_reliable_context=1.073778 sequence=427.220666
[r15-plan/0.014] [plan] step=232 node=N6124 type=observe q_typed_reliable_context=0.828027 sequence=428.048693
[r15-plan/0.014] [plan] step=233 node=N6332 type=observe q_typed_reliable_context=1.043614 sequence=429.092307
[r15-plan/0.014] [plan] step=234 node=N5210 type=observe q_typed_reliable_context=0.727915 sequence=429.816222
[r15-plan/0.014] [plan] step=235 node=N2217 type=observe q_typed_reliable_context=1.042841 sequence=430.859063
[r15-plan/0.014] [plan] step=236 node=N5478 type=observe q_typed_reliable_context=0.693587 sequence=431.552650
[r15-plan/0.014] [plan] step=237 node=N903 type=control1 q_typed_reliable_context=1.172752 sequence=432.721401
[r15-plan/0.014] [plan] step=238 node=N698 type=observe q_typed_reliable_context=1.303343 sequence=434.024744
[r15-plan/0.014] [plan] step=239 node=N699 type=observe q_typed_reliable_context=1.397008 sequence=435.417752
[r15-plan/0.014] [plan] step=240 node=N700 type=observe q_typed_reliable_context=1.376053 sequence=436.789805
[r15-plan/0.014] [plan] step=241 node=N701 type=observe q_typed_reliable_context=1.279708 sequence=438.065513
[r15-plan/0.014] [plan] step=242 node=N703 type=observe q_typed_reliable_context=1.313056 sequence=439.374569
[r15-plan/0.014] [plan] step=243 node=N705 type=observe q_typed_reliable_context=1.299749 sequence=440.670317
[r15-plan/0.014] [plan] step=244 node=N707 type=observe q_typed_reliable_context=1.255965 sequence=441.922283
[r15-plan/0.014] [plan] step=245 node=N708 type=observe q_typed_reliable_context=1.167988 sequence=443.086271
[r15-plan/0.014] [plan] step=246 node=N709 type=observe q_typed_reliable_context=1.294546 sequence=444.376817
[r15-plan/0.014] [plan] step=247 node=N710 type=observe q_typed_reliable_context=1.249321 sequence=445.622138
[r15-plan/0.014] [plan] step=248 node=N715 type=observe q_typed_reliable_context=1.293929 sequence=446.912067
[r15-plan/0.014] [plan] step=249 node=N2183 type=observe q_typed_reliable_context=1.259381 sequence=448.167448
[r15-plan/0.014] [plan] step=250 node=N2185 type=observe q_typed_reliable_context=1.342855 sequence=449.506303
[r15-plan/0.014] [plan] step=251 node=N2203 type=observe q_typed_reliable_context=1.268193 sequence=450.770496
[r15-plan/0.014] [plan] step=252 node=N2205 type=observe q_typed_reliable_context=1.255925 sequence=452.022421
[r15-plan/0.014] [plan] step=253 node=N2201 type=observe q_typed_reliable_context=1.759763 sequence=453.778184
[r15-plan/0.014] [plan] step=254 node=N7802 type=observe q_typed_reliable_context=1.347061 sequence=455.121245
[r15-plan/0.014] [plan] step=255 node=N2224 type=observe q_typed_reliable_context=2.515434 sequence=457.632679
[r15-plan/0.014] [plan] step=256 node=N2226 type=observe q_typed_reliable_context=2.305851 sequence=459.934531
[r15-plan/0.014] [plan] step=257 node=N2243 type=observe q_typed_reliable_context=2.371429 sequence=462.301960
[r15-plan/0.014] [plan] step=258 node=N2212 type=observe q_typed_reliable_context=2.332142 sequence=464.630102
[r15-plan/0.014] [plan] step=259 node=N2214 type=observe q_typed_reliable_context=2.304600 sequence=466.930702
[r15-plan/0.014] [plan] step=260 node=N2269 type=observe q_typed_reliable_context=2.338138 sequence=469.268840
[r15-plan/0.014] [plan] step=261 node=N2271 type=observe q_typed_reliable_context=2.685666 sequence=471.950506
[r15-plan/0.014] [plan] step=262 node=N2220 type=observe q_typed_reliable_context=2.399542 sequence=474.346048
[r15-plan/0.014] [plan] step=263 node=N2222 type=observe q_typed_reliable_context=2.450949 sequence=476.792997
[r15-plan/0.014] [plan] step=264 node=N8316 type=observe q_typed_reliable_context=1.715423 sequence=478.508420
[r15-plan/0.014] [plan] step=265 node=N2253 type=observe q_typed_reliable_context=1.210205 sequence=479.718625
[r15-plan/0.014] [plan] step=266 node=N2255 type=observe q_typed_reliable_context=1.654437 sequence=481.369062
[r15-plan/0.014] [plan] step=267 node=N7603 type=observe q_typed_reliable_context=1.420143 sequence=482.789205
[r15-plan/0.014] [plan] step=268 node=N2257 type=observe q_typed_reliable_context=2.264139 sequence=485.053344
[r15-plan/0.014] [plan] step=269 node=N2259 type=observe q_typed_reliable_context=2.174970 sequence=487.224314
[r15-plan/0.014] [plan] step=270 node=N2210 type=observe q_typed_reliable_context=2.339668 sequence=489.559982
[r15-plan/0.014] [plan] step=271 node=N2207 type=observe q_typed_reliable_context=2.308316 sequence=491.864298
[r15-plan/0.014] [plan] step=272 node=N7801 type=observe q_typed_reliable_context=1.222215 sequence=493.086513
[r15-plan/0.014] [plan] step=273 node=N2193 type=observe q_typed_reliable_context=2.955136 sequence=496.037650
[r15-plan/0.014] [plan] step=274 node=N8083 type=observe q_typed_reliable_context=2.328314 sequence=498.365963
[r15-plan/0.014] [plan] step=275 node=N2265 type=observe q_typed_reliable_context=4.227161 sequence=502.593124
[r15-plan/0.014] [plan] step=276 node=N2267 type=observe q_typed_reliable_context=3.259581 sequence=505.848704
[r15-plan/0.014] [plan] step=277 node=N2261 type=observe q_typed_reliable_context=3.259930 sequence=509.108634
[r15-plan/0.014] [plan] step=278 node=N2263 type=observe q_typed_reliable_context=3.459515 sequence=512.564149
[r15-plan/0.014] saved=autoresearch/loop-260720-0945/model_training_round15_candidate_prior_fine_b15/plans/alpha_0p014.csv
