[onpolicy-r20/subckt_0281] [plan] torch_deterministic=true
[onpolicy-r20/subckt_0281] [plan] latent_norm_clip_ratio=4 latent_norm_limit=30.600758
[onpolicy-r20/subckt_0281] [plan] step=1 node=__aig_and_9078 type=observe q_typed_reliable_context=6.784543 sequence=6.784543
[onpolicy-r20/subckt_0281] [plan] step=2 node=__aig_and_9084 type=observe q_typed_reliable_context=5.846704 sequence=12.631246
[onpolicy-r20/subckt_0281] [plan] step=3 node=__aig_and_9092 type=observe q_typed_reliable_context=3.713146 sequence=16.344393
[onpolicy-r20/subckt_0281] [plan] step=4 node=__aig_and_9096 type=observe q_typed_reliable_context=2.567662 sequence=18.912055
[onpolicy-r20/subckt_0281] [plan] step=5 node=new_n683 type=control1 q_typed_reliable_context=4.173508 sequence=23.085563
[onpolicy-r20/subckt_0281] [plan] step=6 node=__aig_and_525 type=control1 q_typed_reliable_context=6.023063 sequence=29.108627
[onpolicy-r20/subckt_0281] [plan] step=7 node=__aig_and_651 type=control1 q_typed_reliable_context=6.361798 sequence=35.470425
[onpolicy-r20/subckt_0281] [plan] step=8 node=__aig_and_543 type=control1 q_typed_reliable_context=7.214525 sequence=42.684950
[onpolicy-r20/subckt_0281] [plan] step=9 node=__aig_and_633 type=control1 q_typed_reliable_context=8.242005 sequence=50.926955
[onpolicy-r20/subckt_0281] [plan] step=10 node=__aig_and_615 type=control1 q_typed_reliable_context=8.080524 sequence=59.007479
[onpolicy-r20/subckt_0281] [plan] step=11 node=__aig_and_597 type=control1 q_typed_reliable_context=7.314260 sequence=66.321739
[onpolicy-r20/subckt_0281] [plan] step=12 node=__aig_and_561 type=control1 q_typed_reliable_context=5.324547 sequence=71.646286
[onpolicy-r20/subckt_0281] [plan] step=13 node=__aig_and_579 type=control1 q_typed_reliable_context=5.211416 sequence=76.857702
[onpolicy-r20/subckt_0281] [plan] step=14 node=__aig_and_507 type=control1 q_typed_reliable_context=6.196458 sequence=83.054160
[onpolicy-r20/subckt_0281] [plan] step=15 node=__aig_and_489 type=control1 q_typed_reliable_context=4.441988 sequence=87.496148
[onpolicy-r20/subckt_0281] [plan] step=16 node=new_n596 type=control1 q_typed_reliable_context=1.248546 sequence=88.744694
[onpolicy-r20/subckt_0281] [plan] step=17 node=__aig_not_673 type=control0 q_typed_reliable_context=0.831585 sequence=89.576279
[onpolicy-r20/subckt_0281] [plan] step=18 node=__aig_not_608 type=control0 q_typed_reliable_context=0.861540 sequence=90.437819
[onpolicy-r20/subckt_0281] [plan] step=19 node=__aig_not_9073 type=control0 q_typed_reliable_context=1.126149 sequence=91.563968
[onpolicy-r20/subckt_0281] [plan] step=20 node=__aig_not_9117 type=control0 q_typed_reliable_context=1.319812 sequence=92.883781
[onpolicy-r20/subckt_0281] [plan] step=21 node=__aig_not_527 type=control0 q_typed_reliable_context=0.856523 sequence=93.740304
[onpolicy-r20/subckt_0281] [plan] step=22 node=__aig_not_563 type=control0 q_typed_reliable_context=1.004629 sequence=94.744933
[onpolicy-r20/subckt_0281] [plan] step=23 node=__aig_not_581 type=control0 q_typed_reliable_context=1.094588 sequence=95.839521
[onpolicy-r20/subckt_0281] [plan] step=24 node=__aig_not_544 type=control0 q_typed_reliable_context=1.218520 sequence=97.058041
[onpolicy-r20/subckt_0281] [plan] step=25 node=__aig_not_598 type=control0 q_typed_reliable_context=1.122434 sequence=98.180475
[onpolicy-r20/subckt_0281] [plan] step=26 node=__aig_not_553 type=control0 q_typed_reliable_context=1.263281 sequence=99.443756
[onpolicy-r20/subckt_0281] [plan] step=27 node=__aig_and_9132 type=observe q_typed_reliable_context=1.303459 sequence=100.747215
[onpolicy-r20/subckt_0281] [plan] step=28 node=__aig_not_616 type=control0 q_typed_reliable_context=2.140227 sequence=102.887442
[onpolicy-r20/subckt_0281] [plan] step=29 node=new_n599 type=control1 q_typed_reliable_context=0.973013 sequence=103.860455
[onpolicy-r20/subckt_0281] [plan] step=30 node=__aig_not_634 type=control0 q_typed_reliable_context=1.131327 sequence=104.991783
[onpolicy-r20/subckt_0281] [plan] step=31 node=__aig_not_509 type=control0 q_typed_reliable_context=0.766704 sequence=105.758487
[onpolicy-r20/subckt_0281] [plan] step=32 node=__aig_and_9106 type=observe q_typed_reliable_context=0.970713 sequence=106.729199
[onpolicy-r20/subckt_0281] [plan] step=33 node=__aig_not_490 type=control0 q_typed_reliable_context=0.997594 sequence=107.726793
[onpolicy-r20/subckt_0281] [plan] step=34 node=__aig_and_9136 type=observe q_typed_reliable_context=1.045750 sequence=108.772543
[onpolicy-r20/subckt_0281] [plan] step=35 node=__aig_not_653 type=control0 q_typed_reliable_context=1.061183 sequence=109.833726
[onpolicy-r20/subckt_0281] [plan] step=36 node=__aig_and_9140 type=observe q_typed_reliable_context=0.900843 sequence=110.734569
[onpolicy-r20/subckt_0281] [plan] step=37 node=__aig_not_661 type=control0 q_typed_reliable_context=1.285211 sequence=112.019780
[onpolicy-r20/subckt_0281] [plan] step=38 node=__aig_not_643 type=control0 q_typed_reliable_context=0.909673 sequence=112.929453
[onpolicy-r20/subckt_0281] [plan] step=39 node=__aig_and_9144 type=observe q_typed_reliable_context=1.002495 sequence=113.931948
[onpolicy-r20/subckt_0281] [plan] step=40 node=__aig_not_679 type=control0 q_typed_reliable_context=1.015601 sequence=114.947549
[onpolicy-r20/subckt_0281] [plan] step=41 node=__aig_not_499 type=control0 q_typed_reliable_context=0.957549 sequence=115.905098
[onpolicy-r20/subckt_0281] [plan] step=42 node=__aig_not_625 type=control0 q_typed_reliable_context=1.007798 sequence=116.912895
[onpolicy-r20/subckt_0281] [plan] step=43 node=__aig_not_571 type=control0 q_typed_reliable_context=1.105941 sequence=118.018837
[onpolicy-r20/subckt_0281] [plan] step=44 node=__aig_not_589 type=control0 q_typed_reliable_context=1.370652 sequence=119.389489
[onpolicy-r20/subckt_0281] [plan] step=45 node=__aig_not_9147 type=control0 q_typed_reliable_context=1.494490 sequence=120.883979
[onpolicy-r20/subckt_0281] [plan] step=46 node=__aig_not_535 type=control0 q_typed_reliable_context=1.498934 sequence=122.382913
[onpolicy-r20/subckt_0281] [plan] step=47 node=__aig_not_9151 type=control0 q_typed_reliable_context=1.170823 sequence=123.553736
[onpolicy-r20/subckt_0281] [plan] step=48 node=__aig_not_517 type=control0 q_typed_reliable_context=1.342496 sequence=124.896232
[onpolicy-r20/subckt_0281] [plan] step=49 node=__buf_split_349 type=control0 q_typed_reliable_context=1.295587 sequence=126.191819
[onpolicy-r20/subckt_0281] [plan] step=50 node=__aig_not_9159 type=control0 q_typed_reliable_context=1.187906 sequence=127.379725
[onpolicy-r20/subckt_0281] [plan] step=51 node=__aig_not_9165 type=control0 q_typed_reliable_context=0.962472 sequence=128.342196
[onpolicy-r20/subckt_0281] [plan] step=52 node=__aig_and_701 type=control1 q_typed_reliable_context=1.106238 sequence=129.448435
[onpolicy-r20/subckt_0281] [plan] step=53 node=new_n692 type=control1 q_typed_reliable_context=1.329351 sequence=130.777785
[onpolicy-r20/subckt_0281] [plan] step=54 node=__aig_not_9169 type=control0 q_typed_reliable_context=1.100040 sequence=131.877825
[onpolicy-r20/subckt_0281] [plan] step=55 node=__aig_not_698 type=control0 q_typed_reliable_context=0.996244 sequence=132.874068
[onpolicy-r20/subckt_0281] [plan] step=56 node=__aig_not_9155 type=control0 q_typed_reliable_context=0.736269 sequence=133.610337
[onpolicy-r20/subckt_0281] [plan] step=57 node=__aig_and_9110 type=observe q_typed_reliable_context=1.769403 sequence=135.379740
[onpolicy-r20/subckt_0281] [plan] step=58 node=__aig_not_497 type=control0 q_typed_reliable_context=2.301334 sequence=137.681074
[onpolicy-r20/subckt_0281] [plan] step=59 node=__aig_not_533 type=control0 q_typed_reliable_context=1.831351 sequence=139.512425
[onpolicy-r20/subckt_0281] [plan] step=60 node=__aig_not_551 type=control0 q_typed_reliable_context=2.315082 sequence=141.827507
[onpolicy-r20/subckt_0281] [plan] step=61 node=__aig_not_569 type=control0 q_typed_reliable_context=2.576694 sequence=144.404201
[onpolicy-r20/subckt_0281] [plan] step=62 node=__aig_not_587 type=control0 q_typed_reliable_context=2.220472 sequence=146.624673
[onpolicy-r20/subckt_0281] [plan] step=63 node=__aig_not_623 type=control0 q_typed_reliable_context=1.832421 sequence=148.457094
[onpolicy-r20/subckt_0281] [plan] step=64 node=__aig_not_641 type=control0 q_typed_reliable_context=1.857022 sequence=150.314116
[onpolicy-r20/subckt_0281] [plan] step=65 node=__aig_not_659 type=control0 q_typed_reliable_context=1.230928 sequence=151.545044
[onpolicy-r20/subckt_0281] [plan] step=66 node=__aig_not_677 type=control0 q_typed_reliable_context=1.234661 sequence=152.779705
[onpolicy-r20/subckt_0281] [plan] step=67 node=__aig_not_515 type=control0 q_typed_reliable_context=1.204920 sequence=153.984625
[onpolicy-r20/subckt_0281] [plan] step=68 node=__aig_and_669 type=control1 q_typed_reliable_context=1.928508 sequence=155.913132
[onpolicy-r20/subckt_0281] [plan] step=69 node=__aig_and_690 type=control1 q_typed_reliable_context=1.594654 sequence=157.507786
[onpolicy-r20/subckt_0281] [plan] step=70 node=__aig_and_687 type=control1 q_typed_reliable_context=2.045642 sequence=159.553429
[onpolicy-r20/subckt_0281] [plan] step=71 node=__aig_not_9101 type=control0 q_typed_reliable_context=1.589050 sequence=161.142479
[onpolicy-r20/subckt_0281] [plan] step=72 node=__aig_and_9086 type=control0 q_typed_reliable_context=2.401387 sequence=163.543866
[onpolicy-r20/subckt_0281] [plan] step=73 node=__aig_and_9094 type=control0 q_typed_reliable_context=1.712100 sequence=165.255965
[onpolicy-r20/subckt_0281] [plan] step=74 node=__aig_and_9098 type=control0 q_typed_reliable_context=1.618910 sequence=166.874875
[onpolicy-r20/subckt_0281] [plan] step=75 node=__buf_split_437 type=control0 q_typed_reliable_context=1.232372 sequence=168.107247
[onpolicy-r20/subckt_0281] [plan] step=76 node=__aig_and_9070 type=control0 q_typed_reliable_context=1.338282 sequence=169.445528
[onpolicy-r20/subckt_0281] [plan] step=77 node=__buf_split_502 type=control0 q_typed_reliable_context=1.678973 sequence=171.124502
[onpolicy-r20/subckt_0281] [plan] step=78 node=__aig_and_9090 type=control0 q_typed_reliable_context=1.634617 sequence=172.759119
[onpolicy-r20/subckt_0281] [plan] step=79 node=__buf_split_484 type=control0 q_typed_reliable_context=1.819637 sequence=174.578756
[onpolicy-r20/subckt_0281] [plan] step=80 node=new_n628 type=control0 q_typed_reliable_context=3.185480 sequence=177.764235
[onpolicy-r20/subckt_0281] [plan] step=81 node=__aig_and_530 type=control0 q_typed_reliable_context=2.033713 sequence=179.797948
[onpolicy-r20/subckt_0281] [plan] step=82 node=__aig_and_512 type=control0 q_typed_reliable_context=1.350718 sequence=181.148666
[onpolicy-r20/subckt_0281] [plan] step=83 node=__aig_and_9162 type=control1 q_typed_reliable_context=0.972395 sequence=182.121061
[onpolicy-r20/subckt_0281] [plan] step=84 node=__aig_not_565 type=control0 q_typed_reliable_context=4.328613 sequence=186.449674
[onpolicy-r20/subckt_0281] [plan] step=85 node=__aig_not_9129 type=control0 q_typed_reliable_context=3.065932 sequence=189.515606
[onpolicy-r20/subckt_0281] [plan] step=86 node=__aig_not_619 type=control0 q_typed_reliable_context=2.334718 sequence=191.850324
[onpolicy-r20/subckt_0281] [plan] step=87 node=__aig_not_601 type=control0 q_typed_reliable_context=1.948528 sequence=193.798852
[onpolicy-r20/subckt_0281] [plan] step=88 node=__aig_not_9125 type=control0 q_typed_reliable_context=1.690053 sequence=195.488905
[onpolicy-r20/subckt_0281] [plan] step=89 node=__aig_not_502 type=control0 q_typed_reliable_context=2.955042 sequence=198.443946
[onpolicy-r20/subckt_0281] [plan] step=90 node=__aig_not_520 type=control0 q_typed_reliable_context=2.370413 sequence=200.814360
[onpolicy-r20/subckt_0281] [plan] step=91 node=__aig_not_556 type=control0 q_typed_reliable_context=2.434103 sequence=203.248463
[onpolicy-r20/subckt_0281] [plan] step=92 node=__aig_not_574 type=control0 q_typed_reliable_context=2.727891 sequence=205.976354
[onpolicy-r20/subckt_0281] [plan] step=93 node=__aig_not_610 type=control0 q_typed_reliable_context=2.961016 sequence=208.937370
[onpolicy-r20/subckt_0281] [plan] step=94 node=__aig_not_592 type=control0 q_typed_reliable_context=3.203509 sequence=212.140879
[onpolicy-r20/subckt_0281] [plan] step=95 node=__aig_not_538 type=control0 q_typed_reliable_context=3.524849 sequence=215.665728
[onpolicy-r20/subckt_0281] [plan] step=96 node=__aig_not_628 type=control0 q_typed_reliable_context=3.401476 sequence=219.067204
[onpolicy-r20/subckt_0281] [plan] step=97 node=__aig_not_664 type=control0 q_typed_reliable_context=3.727041 sequence=222.794245
[onpolicy-r20/subckt_0281] [plan] step=98 node=__aig_not_682 type=control0 q_typed_reliable_context=4.966142 sequence=227.760387
[onpolicy-r20/subckt_0281] [plan] step=99 node=__aig_not_646 type=control0 q_typed_reliable_context=3.989110 sequence=231.749497
[onpolicy-r20/subckt_0281] [plan] step=100 node=__aig_and_9148 type=observe q_typed_reliable_context=6.020214 sequence=237.769711
[onpolicy-r20/subckt_0281] [plan] step=101 node=__aig_not_542 type=control0 q_typed_reliable_context=3.001858 sequence=240.771569
[onpolicy-r20/subckt_0281] [plan] step=102 node=__aig_not_506 type=control0 q_typed_reliable_context=2.241315 sequence=243.012884
[onpolicy-r20/subckt_0281] [plan] step=103 node=__aig_and_9128 type=observe q_typed_reliable_context=1.187924 sequence=244.200808
[onpolicy-r20/subckt_0281] [plan] step=104 node=__aig_and_9104 type=control1 q_typed_reliable_context=1.212180 sequence=245.412988
[onpolicy-r20/subckt_0281] [plan] step=105 node=__aig_and_9076 type=control1 q_typed_reliable_context=1.677726 sequence=247.090714
[onpolicy-r20/subckt_0281] [plan] step=106 node=__aig_and_9080 type=control1 q_typed_reliable_context=3.750772 sequence=250.841486
[onpolicy-r20/subckt_0281] [plan] step=107 node=__aig_and_9138 type=control1 q_typed_reliable_context=5.785539 sequence=256.627025
[onpolicy-r20/subckt_0281] [plan] step=108 node=__aig_and_9134 type=control1 q_typed_reliable_context=3.705941 sequence=260.332966
[onpolicy-r20/subckt_0281] [plan] step=109 node=__aig_and_9122 type=observe q_typed_reliable_context=2.667064 sequence=263.000030
[onpolicy-r20/subckt_0281] [plan] step=110 node=new_n668 type=control1 q_typed_reliable_context=1.550518 sequence=264.550548
[onpolicy-r20/subckt_0281] [plan] step=111 node=__aig_and_494 type=control1 q_typed_reliable_context=4.905858 sequence=269.456406
[onpolicy-r20/subckt_0281] [plan] step=112 node=__aig_and_584 type=control1 q_typed_reliable_context=3.295880 sequence=272.752286
[onpolicy-r20/subckt_0281] [plan] step=113 node=__aig_and_9142 type=control1 q_typed_reliable_context=1.533999 sequence=274.286285
[onpolicy-r20/subckt_0281] [plan] step=114 node=__aig_not_578 type=control0 q_typed_reliable_context=1.263443 sequence=275.549729
[onpolicy-r20/subckt_0281] [plan] step=115 node=__aig_and_9064 type=observe q_typed_reliable_context=2.859031 sequence=278.408760
[onpolicy-r20/subckt_0281] [plan] step=116 node=__aig_and_656 type=control1 q_typed_reliable_context=4.254005 sequence=282.662765
[onpolicy-r20/subckt_0281] [plan] step=117 node=__aig_and_9088 type=observe q_typed_reliable_context=2.401161 sequence=285.063926
[onpolicy-r20/subckt_0281] [plan] step=118 node=new_n4814 type=observe q_typed_reliable_context=1.018288 sequence=286.082214
[onpolicy-r20/subckt_0281] [plan] step=119 node=__aig_not_9119 type=observe q_typed_reliable_context=1.396285 sequence=287.478499
[onpolicy-r20/subckt_0281] [plan] step=120 node=new_n4819 type=observe q_typed_reliable_context=0.931782 sequence=288.410281
[onpolicy-r20/subckt_0281] [plan] step=121 node=__aig_and_9102 type=observe q_typed_reliable_context=0.941593 sequence=289.351874
[onpolicy-r20/subckt_0281] [plan] step=122 node=__aig_and_9074 type=observe q_typed_reliable_context=1.048571 sequence=290.400445
[onpolicy-r20/subckt_0281] [plan] step=123 node=new_n4820 type=observe q_typed_reliable_context=1.101687 sequence=291.502132
[onpolicy-r20/subckt_0281] [plan] step=124 node=__aig_not_9127 type=observe q_typed_reliable_context=2.246907 sequence=293.749039
[onpolicy-r20/subckt_0281] [plan] step=125 node=__aig_and_9130 type=observe q_typed_reliable_context=1.228449 sequence=294.977488
[onpolicy-r20/subckt_0281] [plan] step=126 node=new_n4821 type=observe q_typed_reliable_context=3.216179 sequence=298.193667
[onpolicy-r20/subckt_0281] [plan] step=127 node=__aig_and_9120 type=observe q_typed_reliable_context=1.218075 sequence=299.411743
[onpolicy-r20/subckt_0281] [plan] step=128 node=new_n4822 type=observe q_typed_reliable_context=2.131901 sequence=301.543644
[onpolicy-r20/subckt_0281] [plan] step=129 node=__aig_and_9124 type=observe q_typed_reliable_context=0.959404 sequence=302.503048
[onpolicy-r20/subckt_0281] [plan] step=130 node=__aig_and_9146 type=observe q_typed_reliable_context=1.128794 sequence=303.631842
[onpolicy-r20/subckt_0281] [plan] step=131 node=__aig_not_9131 type=observe q_typed_reliable_context=3.981014 sequence=307.612856
[onpolicy-r20/subckt_0281] [plan] step=132 node=__aig_not_650 type=control0 q_typed_reliable_context=0.436130 sequence=308.048986
[onpolicy-r20/subckt_0281] [plan] step=133 node=new_n4823 type=observe q_typed_reliable_context=4.315021 sequence=312.364007
[onpolicy-r20/subckt_0281] [plan] step=134 node=__aig_and_9126 type=observe q_typed_reliable_context=1.521247 sequence=313.885255
[onpolicy-r20/subckt_0281] [plan] step=135 node=__aig_not_9133 type=observe q_typed_reliable_context=4.362364 sequence=318.247618
[onpolicy-r20/subckt_0281] [plan] step=136 node=new_n4824 type=observe q_typed_reliable_context=4.069169 sequence=322.316788
[onpolicy-r20/subckt_0281] [plan] step=137 node=new_n4806 type=observe q_typed_reliable_context=0.924321 sequence=323.241109
[onpolicy-r20/subckt_0281] [plan] step=138 node=__aig_not_9135 type=observe q_typed_reliable_context=6.094679 sequence=329.335787
[onpolicy-r20/subckt_0281] [plan] step=139 node=new_n4825 type=observe q_typed_reliable_context=3.892392 sequence=333.228180
[onpolicy-r20/subckt_0281] [plan] step=140 node=new_n4826 type=observe q_typed_reliable_context=1.993864 sequence=335.222043
[onpolicy-r20/subckt_0281] [plan] step=141 node=new_n4827 type=observe q_typed_reliable_context=2.174086 sequence=337.396129
[onpolicy-r20/subckt_0281] [plan] step=142 node=__buf_split_353 type=control0 q_typed_reliable_context=0.568053 sequence=337.964182
[onpolicy-r20/subckt_0281] [plan] step=143 node=__aig_and_9082 type=observe q_typed_reliable_context=1.124462 sequence=339.088645
[onpolicy-r20/subckt_0281] [plan] step=144 node=new_n4795 type=observe q_typed_reliable_context=0.898259 sequence=339.986903
[onpolicy-r20/subckt_0281] [plan] step=145 node=__aig_not_9077 type=observe q_typed_reliable_context=0.903811 sequence=340.890714
[onpolicy-r20/subckt_0281] [plan] step=146 node=new_n4796 type=observe q_typed_reliable_context=0.890783 sequence=341.781497
[onpolicy-r20/subckt_0281] [plan] step=147 node=__aig_not_9079 type=observe q_typed_reliable_context=1.459648 sequence=343.241145
[onpolicy-r20/subckt_0281] [plan] step=148 node=new_n4797 type=observe q_typed_reliable_context=1.968590 sequence=345.209735
[onpolicy-r20/subckt_0281] [plan] step=149 node=__aig_not_9081 type=observe q_typed_reliable_context=2.982891 sequence=348.192626
[onpolicy-r20/subckt_0281] [plan] step=150 node=new_n4798 type=observe q_typed_reliable_context=4.079555 sequence=352.272181
[onpolicy-r20/subckt_0281] [plan] step=151 node=__aig_not_9083 type=observe q_typed_reliable_context=4.445192 sequence=356.717373
[onpolicy-r20/subckt_0281] [plan] step=152 node=__aig_not_9085 type=observe q_typed_reliable_context=2.237730 sequence=358.955103
[onpolicy-r20/subckt_0281] [plan] step=153 node=new_n4799 type=observe q_typed_reliable_context=4.803552 sequence=363.758655
[onpolicy-r20/subckt_0281] [plan] step=154 node=__aig_not_9123 type=observe q_typed_reliable_context=0.663351 sequence=364.422006
[onpolicy-r20/subckt_0281] [plan] step=155 node=new_n4800 type=observe q_typed_reliable_context=1.563875 sequence=365.985881
[onpolicy-r20/subckt_0281] [plan] step=156 node=__aig_not_9087 type=observe q_typed_reliable_context=4.785509 sequence=370.771390
[onpolicy-r20/subckt_0281] [plan] step=157 node=__aig_not_9089 type=observe q_typed_reliable_context=3.751863 sequence=374.523253
[onpolicy-r20/subckt_0281] [plan] step=158 node=new_n4818 type=observe q_typed_reliable_context=0.845687 sequence=375.368940
[onpolicy-r20/subckt_0281] [plan] step=159 node=new_n4801 type=observe q_typed_reliable_context=1.257489 sequence=376.626430
[onpolicy-r20/subckt_0281] [plan] step=160 node=new_n4802 type=observe q_typed_reliable_context=1.485977 sequence=378.112407
[onpolicy-r20/subckt_0281] [plan] step=161 node=__aig_not_9091 type=observe q_typed_reliable_context=1.764066 sequence=379.876473
[onpolicy-r20/subckt_0281] [plan] step=162 node=__aig_not_9093 type=observe q_typed_reliable_context=1.737980 sequence=381.614453
[onpolicy-r20/subckt_0281] [plan] step=163 node=new_n4803 type=observe q_typed_reliable_context=1.695191 sequence=383.309644
[onpolicy-r20/subckt_0281] [plan] step=164 node=__aig_and_9100 type=observe q_typed_reliable_context=1.230445 sequence=384.540088
[onpolicy-r20/subckt_0281] [plan] step=165 node=new_n4804 type=observe q_typed_reliable_context=1.297804 sequence=385.837892
[onpolicy-r20/subckt_0281] [plan] step=166 node=__aig_not_9075 type=observe q_typed_reliable_context=1.266965 sequence=387.104857
[onpolicy-r20/subckt_0281] [plan] step=167 node=new_n4794 type=observe q_typed_reliable_context=1.374520 sequence=388.479377
[onpolicy-r20/subckt_0281] [plan] step=168 node=__aig_not_9095 type=observe q_typed_reliable_context=1.944307 sequence=390.423684
[onpolicy-r20/subckt_0281] [plan] step=169 node=__aig_not_9097 type=observe q_typed_reliable_context=1.756579 sequence=392.180263
[onpolicy-r20/subckt_0281] [plan] step=170 node=new_n4805 type=observe q_typed_reliable_context=1.430021 sequence=393.610284
[onpolicy-r20/subckt_0281] [plan] step=171 node=__aig_not_9099 type=observe q_typed_reliable_context=1.176968 sequence=394.787252
[onpolicy-r20/subckt_0281] [plan] step=172 node=new_n4807 type=observe q_typed_reliable_context=2.002584 sequence=396.789836
[onpolicy-r20/subckt_0281] [plan] step=173 node=new_n4817 type=observe q_typed_reliable_context=0.736867 sequence=397.526703
[onpolicy-r20/subckt_0281] [plan] step=174 node=new_n4808 type=observe q_typed_reliable_context=1.002096 sequence=398.528799
[onpolicy-r20/subckt_0281] [plan] step=175 node=__aig_not_9103 type=observe q_typed_reliable_context=1.373283 sequence=399.902082
[onpolicy-r20/subckt_0281] [plan] step=176 node=__aig_not_9105 type=observe q_typed_reliable_context=1.195627 sequence=401.097709
[onpolicy-r20/subckt_0281] [plan] step=177 node=new_n4809 type=observe q_typed_reliable_context=1.183966 sequence=402.281675
[onpolicy-r20/subckt_0281] [plan] step=178 node=__aig_and_9108 type=control1 q_typed_reliable_context=0.808470 sequence=403.090144
[onpolicy-r20/subckt_0281] [plan] step=179 node=new_n4810 type=observe q_typed_reliable_context=1.232345 sequence=404.322490
[onpolicy-r20/subckt_0281] [plan] step=180 node=__aig_not_9107 type=observe q_typed_reliable_context=1.640036 sequence=405.962526
[onpolicy-r20/subckt_0281] [plan] step=181 node=new_n4811 type=observe q_typed_reliable_context=1.870984 sequence=407.833510
[onpolicy-r20/subckt_0281] [plan] step=182 node=__aig_not_9109 type=observe q_typed_reliable_context=1.821010 sequence=409.654520
[onpolicy-r20/subckt_0281] [plan] step=183 node=__aig_not_9113 type=observe q_typed_reliable_context=1.036033 sequence=410.690553
[onpolicy-r20/subckt_0281] [plan] step=184 node=new_n4813 type=observe q_typed_reliable_context=1.148648 sequence=411.839201
[onpolicy-r20/subckt_0281] [plan] step=185 node=__buf_split_503 type=observe q_typed_reliable_context=0.838097 sequence=412.677298
[onpolicy-r20/subckt_0281] [plan] step=186 node=__buf_split_505 type=observe q_typed_reliable_context=0.819655 sequence=413.496954
[onpolicy-r20/subckt_0281] [plan] step=187 node=__aig_and_9114 type=observe q_typed_reliable_context=0.830388 sequence=414.327342
[onpolicy-r20/subckt_0281] [plan] step=188 node=__aig_not_9111 type=observe q_typed_reliable_context=1.059619 sequence=415.386961
[onpolicy-r20/subckt_0281] [plan] step=189 node=__buf_split_489 type=observe q_typed_reliable_context=0.785768 sequence=416.172730
[onpolicy-r20/subckt_0281] [plan] step=190 node=__aig_and_9116 type=observe q_typed_reliable_context=0.846236 sequence=417.018966
[onpolicy-r20/subckt_0281] [plan] step=191 node=new_n4815 type=observe q_typed_reliable_context=0.956090 sequence=417.975056
[onpolicy-r20/subckt_0281] [plan] step=192 node=__aig_and_9118 type=observe q_typed_reliable_context=1.256547 sequence=419.231603
[onpolicy-r20/subckt_0281] [plan] step=193 node=new_n4816 type=observe q_typed_reliable_context=1.370544 sequence=420.602147
[onpolicy-r20/subckt_0281] [plan] step=194 node=__aig_not_9115 type=observe q_typed_reliable_context=0.817791 sequence=421.419939
[onpolicy-r20/subckt_0281] [plan] step=195 node=new_n4812 type=observe q_typed_reliable_context=0.937997 sequence=422.357936
[onpolicy-r20/subckt_0281] [plan] step=196 node=__buf_split_476 type=observe q_typed_reliable_context=0.717917 sequence=423.075852
[onpolicy-r20/subckt_0281] [plan] step=197 node=__aig_not_9121 type=observe q_typed_reliable_context=0.992895 sequence=424.068747
[onpolicy-r20/subckt_0281] [plan] step=198 node=__aig_and_498 type=control1 q_typed_reliable_context=1.293050 sequence=425.361797
[onpolicy-r20/subckt_0281] [plan] step=199 node=__aig_and_516 type=control1 q_typed_reliable_context=1.303487 sequence=426.665284
[onpolicy-r20/subckt_0281] [plan] step=200 node=__buf_split_359 type=observe q_typed_reliable_context=0.863166 sequence=427.528450
[onpolicy-r20/subckt_0281] [plan] step=201 node=__buf_split_372 type=observe q_typed_reliable_context=0.271850 sequence=427.800301
[onpolicy-r20/subckt_0281] [plan] step=202 node=__aig_and_642 type=control1 q_typed_reliable_context=0.886161 sequence=428.686462
[onpolicy-r20/subckt_0281] [plan] step=203 node=__aig_and_624 type=control1 q_typed_reliable_context=0.785786 sequence=429.472247
[onpolicy-r20/subckt_0281] [plan] step=204 node=__buf_split_463 type=observe q_typed_reliable_context=0.201764 sequence=429.674012
[onpolicy-r20/subckt_0281] [plan] step=205 node=__aig_and_588 type=control1 q_typed_reliable_context=0.729533 sequence=430.403545
[onpolicy-r20/subckt_0281] [plan] step=206 node=__aig_and_534 type=control1 q_typed_reliable_context=0.740996 sequence=431.144540
[onpolicy-r20/subckt_0281] [plan] step=207 node=__aig_and_570 type=control1 q_typed_reliable_context=0.736344 sequence=431.880885
[onpolicy-r20/subckt_0281] [plan] step=208 node=__aig_and_552 type=control1 q_typed_reliable_context=0.733555 sequence=432.614440
[onpolicy-r20/subckt_0281] [plan] step=209 node=__aig_and_606 type=control1 q_typed_reliable_context=0.732846 sequence=433.347286
[onpolicy-r20/subckt_0281] [plan] step=210 node=__aig_not_662 type=control1 q_typed_reliable_context=7.545531 sequence=440.892817
[onpolicy-r20/subckt_0281] [plan] step=211 node=__buf_split_411 type=observe q_typed_reliable_context=6.393291 sequence=447.286108
[onpolicy-r20/subckt_0281] [plan] step=212 node=__buf_split_398 type=observe q_typed_reliable_context=6.393038 sequence=453.679146
[onpolicy-r20/subckt_0281] [plan] step=213 node=__buf_split_385 type=observe q_typed_reliable_context=6.393168 sequence=460.072314
[onpolicy-r20/subckt_0281] [plan] step=214 node=__buf_split_424 type=observe q_typed_reliable_context=6.392894 sequence=466.465208
[onpolicy-r20/subckt_0281] [plan] step=215 node=__buf_split_450 type=observe q_typed_reliable_context=6.392872 sequence=472.858079
[onpolicy-r20/subckt_0281] [plan] step=216 node=__buf_split_5087 type=observe q_typed_reliable_context=6.392756 sequence=479.250835
[onpolicy-r20/subckt_0281] [plan] step=217 node=__buf_split_5091 type=control1 q_typed_reliable_context=6.736475 sequence=485.987310
[onpolicy-r20/subckt_0281] [plan] step=218 node=__buf_split_361 type=control1 q_typed_reliable_context=7.170319 sequence=493.157629
[onpolicy-r20/subckt_0281] [plan] step=219 node=__aig_not_9063 type=observe q_typed_reliable_context=6.390000 sequence=499.547629
[onpolicy-r20/subckt_0281] [plan] step=220 node=new_n4789 type=control1 q_typed_reliable_context=6.881425 sequence=506.429054
[onpolicy-r20/subckt_0281] [plan] step=221 node=__aig_and_9068 type=control1 q_typed_reliable_context=6.390000 sequence=512.819054
[onpolicy-r20/subckt_0281] [plan] step=222 node=__aig_and_678 type=control1 q_typed_reliable_context=6.390000 sequence=519.209054
[onpolicy-r20/subckt_0281] [plan] step=223 node=__aig_and_9150 type=control1 q_typed_reliable_context=6.390000 sequence=525.599054
[onpolicy-r20/subckt_0281] [plan] step=224 node=__aig_and_9158 type=control1 q_typed_reliable_context=6.390000 sequence=531.989054
[onpolicy-r20/subckt_0281] [plan] step=225 node=__aig_and_696 type=control1 q_typed_reliable_context=6.390000 sequence=538.379054
[onpolicy-r20/subckt_0281] [plan] step=226 node=__aig_and_9168 type=control1 q_typed_reliable_context=6.390000 sequence=544.769054
[onpolicy-r20/subckt_0281] [plan] step=227 node=new_n4830 type=control1 q_typed_reliable_context=7.062440 sequence=551.831494
[onpolicy-r20/subckt_0281] [plan] step=228 node=new_n4834 type=control1 q_typed_reliable_context=7.280613 sequence=559.112107
[onpolicy-r20/subckt_0281] [plan] step=229 node=new_n4839 type=control1 q_typed_reliable_context=7.437840 sequence=566.549947
[onpolicy-r20/subckt_0281] [plan] step=230 node=__aig_not_632 type=control0 q_typed_reliable_context=6.390711 sequence=572.940658
[onpolicy-r20/subckt_0281] [plan] step=231 node=__aig_not_524 type=control0 q_typed_reliable_context=6.390539 sequence=579.331198
[onpolicy-r20/subckt_0281] [plan] step=232 node=__aig_not_482 type=control0 q_typed_reliable_context=6.390000 sequence=585.721198
[onpolicy-r20/subckt_0281] [plan] step=233 node=__aig_not_500 type=control0 q_typed_reliable_context=6.390000 sequence=592.111198
[onpolicy-r20/subckt_0281] [plan] step=234 node=__aig_not_536 type=control0 q_typed_reliable_context=6.390000 sequence=598.501198
[onpolicy-r20/subckt_0281] [plan] step=235 node=__aig_not_554 type=control0 q_typed_reliable_context=6.390000 sequence=604.891198
[onpolicy-r20/subckt_0281] [plan] step=236 node=__aig_not_572 type=control0 q_typed_reliable_context=6.390000 sequence=611.281198
[onpolicy-r20/subckt_0281] [plan] step=237 node=__aig_not_590 type=control0 q_typed_reliable_context=6.390000 sequence=617.671198
[onpolicy-r20/subckt_0281] [plan] step=238 node=__aig_not_691 type=control0 q_typed_reliable_context=6.390853 sequence=624.062050
[onpolicy-r20/subckt_0281] [plan] step=239 node=__aig_not_668 type=control0 q_typed_reliable_context=6.390622 sequence=630.452673
[onpolicy-r20/subckt_0281] [plan] step=240 node=__aig_not_614 type=control0 q_typed_reliable_context=6.390612 sequence=636.843285
[onpolicy-r20/subckt_0281] [plan] step=241 node=__aig_not_596 type=control0 q_typed_reliable_context=6.390608 sequence=643.233894
[onpolicy-r20/subckt_0281] [plan] step=242 node=__buf_split_487 type=control0 q_typed_reliable_context=6.390810 sequence=649.624703
[onpolicy-r20/subckt_0281] [plan] step=243 node=__aig_not_9067 type=control0 q_typed_reliable_context=6.390000 sequence=656.014703
[onpolicy-r20/subckt_0281] [plan] step=244 node=new_n676 type=control0 q_typed_reliable_context=6.390000 sequence=662.404703
[onpolicy-r20/subckt_0281] [plan] step=245 node=__buf_split_471 type=control1 q_typed_reliable_context=6.934885 sequence=669.339588
[onpolicy-r20/subckt_0281] [plan] step=246 node=new_n606 type=control1 q_typed_reliable_context=6.750749 sequence=676.090337
[onpolicy-r20/subckt_0281] [plan] step=247 node=__buf_split_472 type=control1 q_typed_reliable_context=6.746356 sequence=682.836693
[onpolicy-r20/subckt_0281] [plan] step=248 node=new_n646 type=control1 q_typed_reliable_context=7.317746 sequence=690.154438
[onpolicy-r20/subckt_0281] [plan] step=249 node=new_n630 type=control1 q_typed_reliable_context=7.139024 sequence=697.293462
[onpolicy-r20/subckt_0281] [plan] step=250 node=new_n638 type=control1 q_typed_reliable_context=7.228669 sequence=704.522131
[onpolicy-r20/subckt_0281] [plan] step=251 node=__aig_not_626 type=control0 q_typed_reliable_context=6.851906 sequence=711.374036
[onpolicy-r20/subckt_0281] [plan] step=252 node=__aig_not_9141 type=control0 q_typed_reliable_context=6.390000 sequence=717.764036
[onpolicy-r20/subckt_0281] [plan] step=253 node=__aig_not_9137 type=control0 q_typed_reliable_context=6.390000 sequence=724.154036
[onpolicy-r20/subckt_0281] [plan] step=254 node=__aig_not_493 type=control0 q_typed_reliable_context=6.390000 sequence=730.544036
[onpolicy-r20/subckt_0281] [plan] step=255 node=__aig_not_583 type=control0 q_typed_reliable_context=6.390000 sequence=736.934036
[onpolicy-r20/subckt_0281] [plan] step=256 node=__buf_split_344 type=control0 q_typed_reliable_context=6.203025 sequence=743.137061
[onpolicy-r20/subckt_0281] saved=autoresearch/loop-260720-0945/model_training_round20/late_onpolicy_plans/subckt_0281.csv
