[onpolicy-r20/subckt_0150] [plan] torch_deterministic=true
[onpolicy-r20/subckt_0150] [plan] latent_norm_clip_ratio=4 latent_norm_limit=30.295265
[onpolicy-r20/subckt_0150] [plan] step=1 node=__buf_split_91 type=control0 q_typed_reliable_context=2.821439 sequence=2.821439
[onpolicy-r20/subckt_0150] [plan] step=2 node=__aig_and_166 type=observe q_typed_reliable_context=3.907666 sequence=6.729105
[onpolicy-r20/subckt_0150] [plan] step=3 node=__aig_and_162 type=observe q_typed_reliable_context=6.994230 sequence=13.723335
[onpolicy-r20/subckt_0150] [plan] step=4 node=II1729 type=control0 q_typed_reliable_context=2.215374 sequence=15.938709
[onpolicy-r20/subckt_0150] [plan] step=5 node=__aig_and_478 type=observe q_typed_reliable_context=3.279074 sequence=19.217783
[onpolicy-r20/subckt_0150] [plan] step=6 node=__aig_not_427 type=control0 q_typed_reliable_context=3.205522 sequence=22.423305
[onpolicy-r20/subckt_0150] [plan] step=7 node=__aig_not_401 type=control0 q_typed_reliable_context=3.144264 sequence=25.567569
[onpolicy-r20/subckt_0150] [plan] step=8 node=II1905 type=control0 q_typed_reliable_context=2.981294 sequence=28.548863
[onpolicy-r20/subckt_0150] [plan] step=9 node=__aig_and_460 type=control0 q_typed_reliable_context=2.890133 sequence=31.438996
[onpolicy-r20/subckt_0150] [plan] step=10 node=II1560 type=control0 q_typed_reliable_context=2.842170 sequence=34.281166
[onpolicy-r20/subckt_0150] [plan] step=11 node=II1561 type=control0 q_typed_reliable_context=2.607719 sequence=36.888885
[onpolicy-r20/subckt_0150] [plan] step=12 node=__aig_not_389 type=control0 q_typed_reliable_context=2.439596 sequence=39.328481
[onpolicy-r20/subckt_0150] [plan] step=13 node=II1493 type=control0 q_typed_reliable_context=2.370997 sequence=41.699478
[onpolicy-r20/subckt_0150] [plan] step=14 node=__aig_not_450 type=control0 q_typed_reliable_context=2.017776 sequence=43.717254
[onpolicy-r20/subckt_0150] [plan] step=15 node=II1492 type=control0 q_typed_reliable_context=1.923777 sequence=45.641030
[onpolicy-r20/subckt_0150] [plan] step=16 node=__aig_not_397 type=control0 q_typed_reliable_context=1.076963 sequence=46.717993
[onpolicy-r20/subckt_0150] [plan] step=17 node=__aig_not_381 type=control0 q_typed_reliable_context=1.592275 sequence=48.310268
[onpolicy-r20/subckt_0150] [plan] step=18 node=__aig_not_484 type=control0 q_typed_reliable_context=1.361711 sequence=49.671979
[onpolicy-r20/subckt_0150] [plan] step=19 node=__aig_not_446 type=control0 q_typed_reliable_context=1.122503 sequence=50.794481
[onpolicy-r20/subckt_0150] [plan] step=20 node=__aig_not_377 type=control0 q_typed_reliable_context=1.060958 sequence=51.855439
[onpolicy-r20/subckt_0150] [plan] step=21 node=__aig_not_385 type=control0 q_typed_reliable_context=0.866900 sequence=52.722340
[onpolicy-r20/subckt_0150] [plan] step=22 node=II1532 type=control0 q_typed_reliable_context=0.913248 sequence=53.635588
[onpolicy-r20/subckt_0150] [plan] step=23 node=__buf_split_360 type=control0 q_typed_reliable_context=0.925154 sequence=54.560742
[onpolicy-r20/subckt_0150] [plan] step=24 node=__buf_split_75 type=control0 q_typed_reliable_context=0.823093 sequence=55.383835
[onpolicy-r20/subckt_0150] [plan] step=25 node=__aig_and_153 type=control1 q_typed_reliable_context=0.818111 sequence=56.201946
[onpolicy-r20/subckt_0150] [plan] step=26 node=__buf_split_62 type=control0 q_typed_reliable_context=1.125816 sequence=57.327762
[onpolicy-r20/subckt_0150] [plan] step=27 node=__buf_split_278 type=control1 q_typed_reliable_context=1.294716 sequence=58.622478
[onpolicy-r20/subckt_0150] [plan] step=28 node=II1596 type=control0 q_typed_reliable_context=1.527911 sequence=60.150389
[onpolicy-r20/subckt_0150] [plan] step=29 node=__buf_split_273 type=control1 q_typed_reliable_context=1.247018 sequence=61.397406
[onpolicy-r20/subckt_0150] [plan] step=30 node=__buf_split_355 type=control0 q_typed_reliable_context=1.343488 sequence=62.740894
[onpolicy-r20/subckt_0150] [plan] step=31 node=II1698 type=control0 q_typed_reliable_context=1.380614 sequence=64.121508
[onpolicy-r20/subckt_0150] [plan] step=32 node=II1396 type=control0 q_typed_reliable_context=1.396557 sequence=65.518066
[onpolicy-r20/subckt_0150] [plan] step=33 node=II1324 type=control0 q_typed_reliable_context=1.877627 sequence=67.395692
[onpolicy-r20/subckt_0150] [plan] step=34 node=II1328 type=control0 q_typed_reliable_context=2.066608 sequence=69.462300
[onpolicy-r20/subckt_0150] [plan] step=35 node=II1253 type=control0 q_typed_reliable_context=2.667177 sequence=72.129478
[onpolicy-r20/subckt_0150] [plan] step=36 node=__aig_not_405 type=control0 q_typed_reliable_context=2.002141 sequence=74.131619
[onpolicy-r20/subckt_0150] [plan] step=37 node=__aig_and_336 type=control1 q_typed_reliable_context=1.853352 sequence=75.984971
[onpolicy-r20/subckt_0150] [plan] step=38 node=II1694 type=control0 q_typed_reliable_context=2.566213 sequence=78.551184
[onpolicy-r20/subckt_0150] [plan] step=39 node=__aig_and_117 type=control1 q_typed_reliable_context=1.636087 sequence=80.187270
[onpolicy-r20/subckt_0150] [plan] step=40 node=II1668 type=control0 q_typed_reliable_context=1.764667 sequence=81.951938
[onpolicy-r20/subckt_0150] [plan] step=41 node=II1664 type=control0 q_typed_reliable_context=1.357360 sequence=83.309298
[onpolicy-r20/subckt_0150] [plan] step=42 node=__aig_not_413 type=control0 q_typed_reliable_context=1.652226 sequence=84.961523
[onpolicy-r20/subckt_0150] [plan] step=43 node=II1600 type=control0 q_typed_reliable_context=1.355328 sequence=86.316852
[onpolicy-r20/subckt_0150] [plan] step=44 node=II1349 type=control0 q_typed_reliable_context=1.835438 sequence=88.152290
[onpolicy-r20/subckt_0150] [plan] step=45 node=__buf_split_58 type=control0 q_typed_reliable_context=2.717222 sequence=90.869512
[onpolicy-r20/subckt_0150] [plan] step=46 node=__buf_split_72 type=control0 q_typed_reliable_context=3.205040 sequence=94.074553
[onpolicy-r20/subckt_0150] [plan] step=47 node=Z type=control0 q_typed_reliable_context=3.123690 sequence=97.198243
[onpolicy-r20/subckt_0150] [plan] step=48 node=II1316 type=control0 q_typed_reliable_context=3.627524 sequence=100.825767
[onpolicy-r20/subckt_0150] [plan] step=49 node=__aig_not_349 type=control0 q_typed_reliable_context=3.398370 sequence=104.224137
[onpolicy-r20/subckt_0150] [plan] step=50 node=II1588 type=control0 q_typed_reliable_context=2.155535 sequence=106.379671
[onpolicy-r20/subckt_0150] [plan] step=51 node=__buf_split_345 type=control0 q_typed_reliable_context=1.696975 sequence=108.076647
[onpolicy-r20/subckt_0150] [plan] step=52 node=II1520 type=control0 q_typed_reliable_context=1.792704 sequence=109.869350
[onpolicy-r20/subckt_0150] [plan] step=53 node=II1528 type=control0 q_typed_reliable_context=2.054157 sequence=111.923508
[onpolicy-r20/subckt_0150] [plan] step=54 node=II1452 type=control0 q_typed_reliable_context=1.906586 sequence=113.830094
[onpolicy-r20/subckt_0150] [plan] step=55 node=__aig_not_437 type=control0 q_typed_reliable_context=0.829301 sequence=114.659394
[onpolicy-r20/subckt_0150] [plan] step=56 node=__aig_not_423 type=control0 q_typed_reliable_context=0.699517 sequence=115.358911
[onpolicy-r20/subckt_0150] [plan] step=57 node=II1425 type=control0 q_typed_reliable_context=3.283234 sequence=118.642145
[onpolicy-r20/subckt_0150] [plan] step=58 node=__aig_not_393 type=control0 q_typed_reliable_context=0.836603 sequence=119.478748
[onpolicy-r20/subckt_0150] [plan] step=59 node=__aig_not_373 type=control0 q_typed_reliable_context=0.938296 sequence=120.417044
[onpolicy-r20/subckt_0150] [plan] step=60 node=II1628 type=control0 q_typed_reliable_context=0.845480 sequence=121.262524
[onpolicy-r20/subckt_0150] [plan] step=61 node=__aig_not_469 type=observe q_typed_reliable_context=0.933130 sequence=122.195654
[onpolicy-r20/subckt_0150] [plan] step=62 node=II1952 type=observe q_typed_reliable_context=1.833583 sequence=124.029236
[onpolicy-r20/subckt_0150] [plan] step=63 node=II1948 type=observe q_typed_reliable_context=0.741508 sequence=124.770744
[onpolicy-r20/subckt_0150] [plan] step=64 node=__aig_not_429 type=control0 q_typed_reliable_context=2.171705 sequence=126.942449
[onpolicy-r20/subckt_0150] [plan] step=65 node=II1424 type=control0 q_typed_reliable_context=2.096925 sequence=129.039374
[onpolicy-r20/subckt_0150] [plan] step=66 node=__aig_not_409 type=control0 q_typed_reliable_context=1.269085 sequence=130.308459
[onpolicy-r20/subckt_0150] [plan] step=67 node=__aig_not_441 type=control0 q_typed_reliable_context=1.164102 sequence=131.472561
[onpolicy-r20/subckt_0150] [plan] step=68 node=II1956 type=control0 q_typed_reliable_context=0.913067 sequence=132.385628
[onpolicy-r20/subckt_0150] [plan] step=69 node=II1966 type=observe q_typed_reliable_context=1.375768 sequence=133.761396
[onpolicy-r20/subckt_0150] [plan] step=70 node=__buf_split_372 type=control0 q_typed_reliable_context=0.739056 sequence=134.500452
[onpolicy-r20/subckt_0150] [plan] step=71 node=II1963 type=observe q_typed_reliable_context=0.899637 sequence=135.400089
[onpolicy-r20/subckt_0150] [plan] step=72 node=__aig_not_481 type=control0 q_typed_reliable_context=2.758243 sequence=138.158331
[onpolicy-r20/subckt_0150] [plan] step=73 node=__buf_split_83 type=control0 q_typed_reliable_context=1.511161 sequence=139.669492
[onpolicy-r20/subckt_0150] [plan] step=74 node=II1976 type=observe q_typed_reliable_context=1.204171 sequence=140.873663
[onpolicy-r20/subckt_0150] [plan] step=75 node=__buf_split_370 type=control0 q_typed_reliable_context=1.789933 sequence=142.663596
[onpolicy-r20/subckt_0150] [plan] step=76 node=__buf_split_84 type=control0 q_typed_reliable_context=1.702013 sequence=144.365609
[onpolicy-r20/subckt_0150] [plan] step=77 node=__buf_split_76 type=control0 q_typed_reliable_context=1.119689 sequence=145.485298
[onpolicy-r20/subckt_0150] [plan] step=78 node=__buf_split_367 type=control0 q_typed_reliable_context=1.195236 sequence=146.680534
[onpolicy-r20/subckt_0150] [plan] step=79 node=__buf_split_89 type=control0 q_typed_reliable_context=1.166537 sequence=147.847071
[onpolicy-r20/subckt_0150] [plan] step=80 node=II1978 type=observe q_typed_reliable_context=1.221872 sequence=149.068943
[onpolicy-r20/subckt_0150] [plan] step=81 node=II1955 type=observe q_typed_reliable_context=1.416837 sequence=150.485780
[onpolicy-r20/subckt_0150] [plan] step=82 node=__buf_split_368 type=control0 q_typed_reliable_context=1.204024 sequence=151.689804
[onpolicy-r20/subckt_0150] [plan] step=83 node=II1972 type=observe q_typed_reliable_context=1.246201 sequence=152.936006
[onpolicy-r20/subckt_0150] [plan] step=84 node=II2002 type=observe q_typed_reliable_context=1.133049 sequence=154.069055
[onpolicy-r20/subckt_0150] [plan] step=85 node=II1901 type=control0 q_typed_reliable_context=3.303838 sequence=157.372892
[onpolicy-r20/subckt_0150] [plan] step=86 node=__buf_split_362 type=control0 q_typed_reliable_context=3.465959 sequence=160.838851
[onpolicy-r20/subckt_0150] [plan] step=87 node=__aig_not_432 type=observe q_typed_reliable_context=1.163692 sequence=162.002543
[onpolicy-r20/subckt_0150] [plan] step=88 node=II1885 type=control0 q_typed_reliable_context=3.221070 sequence=165.223612
[onpolicy-r20/subckt_0150] [plan] step=89 node=__buf_split_70 type=control0 q_typed_reliable_context=3.325742 sequence=168.549355
[onpolicy-r20/subckt_0150] [plan] step=90 node=__buf_split_363 type=control0 q_typed_reliable_context=1.186214 sequence=169.735568
[onpolicy-r20/subckt_0150] [plan] step=91 node=II1464 type=control0 q_typed_reliable_context=1.497477 sequence=171.233046
[onpolicy-r20/subckt_0150] [plan] step=92 node=II1384 type=control0 q_typed_reliable_context=1.703657 sequence=172.936703
[onpolicy-r20/subckt_0150] [plan] step=93 node=__aig_not_361 type=control0 q_typed_reliable_context=3.401564 sequence=176.338267
[onpolicy-r20/subckt_0150] [plan] step=94 node=II1392 type=control0 q_typed_reliable_context=3.369051 sequence=179.707319
[onpolicy-r20/subckt_0150] [plan] step=95 node=__aig_not_495 type=observe q_typed_reliable_context=1.768184 sequence=181.475503
[onpolicy-r20/subckt_0150] [plan] step=96 node=__aig_not_458 type=control0 q_typed_reliable_context=1.628663 sequence=183.104166
[onpolicy-r20/subckt_0150] [plan] step=97 node=__buf_split_67 type=observe q_typed_reliable_context=1.392453 sequence=184.496619
[onpolicy-r20/subckt_0150] [plan] step=98 node=__buf_split_71 type=observe q_typed_reliable_context=1.799927 sequence=186.296547
[onpolicy-r20/subckt_0150] [plan] step=99 node=__buf_split_349 type=observe q_typed_reliable_context=1.710628 sequence=188.007175
[onpolicy-r20/subckt_0150] [plan] step=100 node=__buf_split_64 type=observe q_typed_reliable_context=1.968468 sequence=189.975643
[onpolicy-r20/subckt_0150] [plan] step=101 node=__buf_split_60 type=observe q_typed_reliable_context=1.840679 sequence=191.816322
[onpolicy-r20/subckt_0150] [plan] step=102 node=__buf_split_354 type=observe q_typed_reliable_context=3.713750 sequence=195.530073
[onpolicy-r20/subckt_0150] [plan] step=103 node=__buf_split_344 type=observe q_typed_reliable_context=3.181569 sequence=198.711641
[onpolicy-r20/subckt_0150] [plan] step=104 node=__buf_split_68 type=control0 q_typed_reliable_context=2.512125 sequence=201.223766
[onpolicy-r20/subckt_0150] [plan] step=105 node=__buf_split_55 type=control0 q_typed_reliable_context=3.360345 sequence=204.584111
[onpolicy-r20/subckt_0150] [plan] step=106 node=__buf_split_50 type=control0 q_typed_reliable_context=4.670297 sequence=209.254408
[onpolicy-r20/subckt_0150] [plan] step=107 node=__buf_split_61 type=control0 q_typed_reliable_context=2.045487 sequence=211.299895
[onpolicy-r20/subckt_0150] [plan] step=108 node=__aig_not_337 type=control0 q_typed_reliable_context=1.625442 sequence=212.925337
[onpolicy-r20/subckt_0150] [plan] step=109 node=__buf_split_350 type=control0 q_typed_reliable_context=1.468797 sequence=214.394134
[onpolicy-r20/subckt_0150] [plan] step=110 node=II1460 type=control0 q_typed_reliable_context=1.518263 sequence=215.912397
[onpolicy-r20/subckt_0150] [plan] step=111 node=__aig_not_444 type=observe q_typed_reliable_context=1.376579 sequence=217.288975
[onpolicy-r20/subckt_0150] [plan] step=112 node=II1262 type=control0 q_typed_reliable_context=1.570639 sequence=218.859614
[onpolicy-r20/subckt_0150] [plan] step=113 node=II1974 type=control0 q_typed_reliable_context=1.441065 sequence=220.300680
[onpolicy-r20/subckt_0150] [plan] step=114 node=__buf_split_373 type=control0 q_typed_reliable_context=1.799807 sequence=222.100487
[onpolicy-r20/subckt_0150] [plan] step=115 node=II1417 type=control0 q_typed_reliable_context=1.663924 sequence=223.764410
[onpolicy-r20/subckt_0150] [plan] step=116 node=__aig_not_486 type=control0 q_typed_reliable_context=3.843252 sequence=227.607663
[onpolicy-r20/subckt_0150] [plan] step=117 node=II1281 type=control0 q_typed_reliable_context=2.983094 sequence=230.590756
[onpolicy-r20/subckt_0150] [plan] step=118 node=__aig_not_474 type=control0 q_typed_reliable_context=3.374939 sequence=233.965695
[onpolicy-r20/subckt_0150] [plan] step=119 node=__aig_not_417 type=control0 q_typed_reliable_context=2.195462 sequence=236.161157
[onpolicy-r20/subckt_0150] [plan] step=120 node=__buf_split_377 type=control0 q_typed_reliable_context=2.289405 sequence=238.450562
[onpolicy-r20/subckt_0150] [plan] step=121 node=__buf_split_379 type=control0 q_typed_reliable_context=1.202939 sequence=239.653501
[onpolicy-r20/subckt_0150] [plan] step=122 node=__buf_split_376 type=control0 q_typed_reliable_context=0.908614 sequence=240.562115
[onpolicy-r20/subckt_0150] [plan] step=123 node=__buf_split_65 type=control0 q_typed_reliable_context=1.116108 sequence=241.678223
[onpolicy-r20/subckt_0150] [plan] step=124 node=__aig_not_433 type=control0 q_typed_reliable_context=1.152562 sequence=242.830785
[onpolicy-r20/subckt_0150] [plan] step=125 node=__buf_split_279 type=observe q_typed_reliable_context=6.412963 sequence=249.243747
[onpolicy-r20/subckt_0150] [plan] step=126 node=II1656 type=control0 q_typed_reliable_context=7.321903 sequence=256.565651
[onpolicy-r20/subckt_0150] [plan] step=127 node=__buf_split_284 type=observe q_typed_reliable_context=4.895340 sequence=261.460991
[onpolicy-r20/subckt_0150] [plan] step=128 node=__buf_split_90 type=control0 q_typed_reliable_context=5.723553 sequence=267.184544
[onpolicy-r20/subckt_0150] [plan] step=129 node=II1280 type=observe q_typed_reliable_context=7.116189 sequence=274.300733
[onpolicy-r20/subckt_0150] [plan] step=130 node=II1219_6 type=control1 q_typed_reliable_context=6.993941 sequence=281.294674
[onpolicy-r20/subckt_0150] [plan] step=131 node=P_31 type=observe q_typed_reliable_context=4.423480 sequence=285.718154
[onpolicy-r20/subckt_0150] [plan] step=132 node=P_29 type=observe q_typed_reliable_context=6.154691 sequence=291.872844
[onpolicy-r20/subckt_0150] [plan] step=133 node=__buf_split_380 type=control0 q_typed_reliable_context=4.600499 sequence=296.473343
[onpolicy-r20/subckt_0150] [plan] step=134 node=II1223 type=observe q_typed_reliable_context=6.312564 sequence=302.785907
[onpolicy-r20/subckt_0150] [plan] step=135 node=II1630 type=observe q_typed_reliable_context=6.410835 sequence=309.196742
[onpolicy-r20/subckt_0150] [plan] step=136 node=II1971 type=observe q_typed_reliable_context=6.409216 sequence=315.605958
[onpolicy-r20/subckt_0150] [plan] step=137 node=__aig_not_470 type=observe q_typed_reliable_context=6.408896 sequence=322.014854
[onpolicy-r20/subckt_0150] [plan] step=138 node=__aig_not_419 type=observe q_typed_reliable_context=6.292172 sequence=328.307027
[onpolicy-r20/subckt_0150] [plan] step=139 node=II2025_1 type=observe q_typed_reliable_context=6.404067 sequence=334.711094
[onpolicy-r20/subckt_0150] [plan] step=140 node=__buf_split_69 type=control0 q_typed_reliable_context=6.968793 sequence=341.679887
[onpolicy-r20/subckt_0150] [plan] step=141 node=__buf_split_77 type=control0 q_typed_reliable_context=6.949616 sequence=348.629503
[onpolicy-r20/subckt_0150] [plan] step=142 node=__aig_not_335 type=control0 q_typed_reliable_context=6.235434 sequence=354.864937
[onpolicy-r20/subckt_0150] [plan] step=143 node=II1629 type=control0 q_typed_reliable_context=6.394485 sequence=361.259421
[onpolicy-r20/subckt_0150] [plan] step=144 node=__aig_and_452 type=observe q_typed_reliable_context=6.400588 sequence=367.660009
[onpolicy-r20/subckt_0150] [plan] step=145 node=__buf_split_96 type=control0 q_typed_reliable_context=6.506576 sequence=374.166585
[onpolicy-r20/subckt_0150] [plan] step=146 node=__aig_not_459 type=control0 q_typed_reliable_context=6.320879 sequence=380.487463
[onpolicy-r20/subckt_0150] [plan] step=147 node=__buf_split_269 type=observe q_typed_reliable_context=6.258942 sequence=386.746405
[onpolicy-r20/subckt_0150] [plan] step=148 node=__aig_not_483 type=observe q_typed_reliable_context=7.023282 sequence=393.769688
[onpolicy-r20/subckt_0150] [plan] step=149 node=__aig_not_489 type=observe q_typed_reliable_context=6.283291 sequence=400.052979
[onpolicy-r20/subckt_0150] [plan] step=150 node=__buf_split_82 type=control0 q_typed_reliable_context=7.059854 sequence=407.112832
[onpolicy-r20/subckt_0150] [plan] step=151 node=__buf_split_375 type=control0 q_typed_reliable_context=5.945890 sequence=413.058722
[onpolicy-r20/subckt_0150] [plan] step=152 node=II1990 type=observe q_typed_reliable_context=6.250900 sequence=419.309622
[onpolicy-r20/subckt_0150] [plan] step=153 node=II1986 type=observe q_typed_reliable_context=6.408595 sequence=425.718216
[onpolicy-r20/subckt_0150] [plan] step=154 node=__aig_and_151 type=observe q_typed_reliable_context=6.390000 sequence=432.108216
[onpolicy-r20/subckt_0150] [plan] step=155 node=__aig_not_453 type=observe q_typed_reliable_context=6.407833 sequence=438.516050
[onpolicy-r20/subckt_0150] [plan] step=156 node=__aig_not_476 type=observe q_typed_reliable_context=7.046209 sequence=445.562259
[onpolicy-r20/subckt_0150] [plan] step=157 node=__buf_split_365 type=control0 q_typed_reliable_context=6.803953 sequence=452.366211
[onpolicy-r20/subckt_0150] [plan] step=158 node=__aig_and_477 type=observe q_typed_reliable_context=6.210264 sequence=458.576475
[onpolicy-r20/subckt_0150] [plan] step=159 node=__aig_and_482 type=observe q_typed_reliable_context=5.774299 sequence=464.350774
[onpolicy-r20/subckt_0150] [plan] step=160 node=II1416 type=observe q_typed_reliable_context=5.900617 sequence=470.251392
[onpolicy-r20/subckt_0150] [plan] step=161 node=__buf_split_52 type=control0 q_typed_reliable_context=6.198784 sequence=476.450175
[onpolicy-r20/subckt_0150] [plan] step=162 node=__buf_split_301 type=observe q_typed_reliable_context=5.872866 sequence=482.323042
[onpolicy-r20/subckt_0150] [plan] step=163 node=II1221 type=control0 q_typed_reliable_context=6.010819 sequence=488.333860
[onpolicy-r20/subckt_0150] [plan] step=164 node=II1965 type=observe q_typed_reliable_context=6.225887 sequence=494.559747
[onpolicy-r20/subckt_0150] [plan] step=165 node=II1351 type=observe q_typed_reliable_context=6.279785 sequence=500.839532
[onpolicy-r20/subckt_0150] [plan] step=166 node=II2059_2 type=control1 q_typed_reliable_context=7.103241 sequence=507.942774
[onpolicy-r20/subckt_0150] [plan] step=167 node=__aig_not_334 type=observe q_typed_reliable_context=6.397765 sequence=514.340538
[onpolicy-r20/subckt_0150] [plan] step=168 node=__aig_not_479 type=observe q_typed_reliable_context=6.172299 sequence=520.512838
[onpolicy-r20/subckt_0150] [plan] step=169 node=__aig_not_358 type=observe q_typed_reliable_context=3.079390 sequence=523.592228
[onpolicy-r20/subckt_0150] [plan] step=170 node=II1982 type=observe q_typed_reliable_context=5.541159 sequence=529.133387
[onpolicy-r20/subckt_0150] [plan] step=171 node=__aig_and_131 type=control1 q_typed_reliable_context=4.181692 sequence=533.315079
[onpolicy-r20/subckt_0150] [plan] step=172 node=II1348 type=observe q_typed_reliable_context=6.070628 sequence=539.385707
[onpolicy-r20/subckt_0150] [plan] step=173 node=II1995 type=observe q_typed_reliable_context=5.101955 sequence=544.487662
[onpolicy-r20/subckt_0150] [plan] step=174 node=__aig_and_163 type=observe q_typed_reliable_context=1.873727 sequence=546.361388
[onpolicy-r20/subckt_0150] [plan] step=175 node=II1283 type=observe q_typed_reliable_context=6.419158 sequence=552.780546
[onpolicy-r20/subckt_0150] [plan] step=176 node=II1950 type=observe q_typed_reliable_context=7.226619 sequence=560.007165
[onpolicy-r20/subckt_0150] [plan] step=177 node=__aig_not_435 type=observe q_typed_reliable_context=6.387363 sequence=566.394528
[onpolicy-r20/subckt_0150] [plan] step=178 node=__aig_and_161 type=observe q_typed_reliable_context=6.322301 sequence=572.716830
[onpolicy-r20/subckt_0150] [plan] step=179 node=II1996 type=observe q_typed_reliable_context=7.031040 sequence=579.747870
[onpolicy-r20/subckt_0150] [plan] step=180 node=__aig_and_434 type=observe q_typed_reliable_context=6.262014 sequence=586.009884
[onpolicy-r20/subckt_0150] [plan] step=181 node=__aig_and_447 type=observe q_typed_reliable_context=6.926086 sequence=592.935970
[onpolicy-r20/subckt_0150] [plan] step=182 node=__aig_and_143 type=observe q_typed_reliable_context=6.934172 sequence=599.870143
[onpolicy-r20/subckt_0150] [plan] step=183 node=__aig_and_165 type=observe q_typed_reliable_context=6.939504 sequence=606.809646
[onpolicy-r20/subckt_0150] [plan] step=184 node=__aig_and_416 type=observe q_typed_reliable_context=6.887828 sequence=613.697474
[onpolicy-r20/subckt_0150] [plan] step=185 node=__aig_and_422 type=observe q_typed_reliable_context=6.884832 sequence=620.582306
[onpolicy-r20/subckt_0150] [plan] step=186 node=II2017_1 type=observe q_typed_reliable_context=6.899418 sequence=627.481724
[onpolicy-r20/subckt_0150] [plan] step=187 node=__aig_not_436 type=observe q_typed_reliable_context=6.916599 sequence=634.398322
[onpolicy-r20/subckt_0150] [plan] step=188 node=P_32 type=observe q_typed_reliable_context=3.947666 sequence=638.345988
[onpolicy-r20/subckt_0150] [plan] step=189 node=__aig_not_428 type=observe q_typed_reliable_context=5.580454 sequence=643.926442
[onpolicy-r20/subckt_0150] [plan] step=190 node=__buf_split_274 type=observe q_typed_reliable_context=2.919408 sequence=646.845850
[onpolicy-r20/subckt_0150] [plan] step=191 node=II2032_1 type=observe q_typed_reliable_context=2.172161 sequence=649.018011
[onpolicy-r20/subckt_0150] [plan] step=192 node=P_28 type=observe q_typed_reliable_context=3.044500 sequence=652.062511
[onpolicy-r20/subckt_0150] [plan] step=193 node=__aig_not_411 type=observe q_typed_reliable_context=6.123544 sequence=658.186055
[onpolicy-r20/subckt_0150] [plan] step=194 node=__aig_and_412 type=observe q_typed_reliable_context=1.955716 sequence=660.141771
[onpolicy-r20/subckt_0150] [plan] step=195 node=__aig_and_421 type=observe q_typed_reliable_context=1.929828 sequence=662.071600
[onpolicy-r20/subckt_0150] [plan] step=196 node=II1997 type=observe q_typed_reliable_context=6.336737 sequence=668.408337
[onpolicy-r20/subckt_0150] [plan] step=197 node=__buf_split_57 type=observe q_typed_reliable_context=1.517677 sequence=669.926013
[onpolicy-r20/subckt_0150] [plan] step=198 node=P_27 type=observe q_typed_reliable_context=1.191636 sequence=671.117649
[onpolicy-r20/subckt_0150] [plan] step=199 node=II2051_2 type=observe q_typed_reliable_context=1.376888 sequence=672.494538
[onpolicy-r20/subckt_0150] [plan] step=200 node=__aig_and_430 type=observe q_typed_reliable_context=1.358225 sequence=673.852762
[onpolicy-r20/subckt_0150] [plan] step=201 node=__aig_and_471 type=observe q_typed_reliable_context=2.418901 sequence=676.271663
[onpolicy-r20/subckt_0150] [plan] step=202 node=__aig_and_148 type=observe q_typed_reliable_context=2.156543 sequence=678.428207
[onpolicy-r20/subckt_0150] [plan] step=203 node=P_30 type=observe q_typed_reliable_context=3.930562 sequence=682.358768
[onpolicy-r20/subckt_0150] [plan] step=204 node=II2021_1 type=observe q_typed_reliable_context=2.531934 sequence=684.890702
[onpolicy-r20/subckt_0150] [plan] step=205 node=__aig_and_493 type=observe q_typed_reliable_context=2.283629 sequence=687.174331
[onpolicy-r20/subckt_0150] [plan] step=206 node=__aig_not_431 type=observe q_typed_reliable_context=5.288448 sequence=692.462779
[onpolicy-r20/subckt_0150] [plan] step=207 node=__aig_and_472 type=observe q_typed_reliable_context=2.211546 sequence=694.674325
[onpolicy-r20/subckt_0150] [plan] step=208 node=__buf_split_54 type=observe q_typed_reliable_context=3.587505 sequence=698.261830
[onpolicy-r20/subckt_0150] [plan] step=209 node=__aig_not_473 type=observe q_typed_reliable_context=5.134378 sequence=703.396208
[onpolicy-r20/subckt_0150] [plan] step=210 node=__aig_and_494 type=observe q_typed_reliable_context=1.949743 sequence=705.345951
[onpolicy-r20/subckt_0150] [plan] step=211 node=__aig_and_164 type=observe q_typed_reliable_context=3.011259 sequence=708.357211
[onpolicy-r20/subckt_0150] [plan] step=212 node=II1947 type=observe q_typed_reliable_context=4.462736 sequence=712.819946
[onpolicy-r20/subckt_0150] [plan] step=213 node=__aig_and_167 type=observe q_typed_reliable_context=2.428625 sequence=715.248571
[onpolicy-r20/subckt_0150] [plan] step=214 node=__aig_not_440 type=observe q_typed_reliable_context=3.802831 sequence=719.051402
[onpolicy-r20/subckt_0150] [plan] step=215 node=__aig_not_454 type=observe q_typed_reliable_context=4.080227 sequence=723.131629
[onpolicy-r20/subckt_0150] [plan] step=216 node=__aig_and_448 type=observe q_typed_reliable_context=2.027401 sequence=725.159030
[onpolicy-r20/subckt_0150] [plan] step=217 node=__aig_and_442 type=observe q_typed_reliable_context=2.726057 sequence=727.885087
[onpolicy-r20/subckt_0150] [plan] step=218 node=__aig_and_456 type=observe q_typed_reliable_context=3.324988 sequence=731.210075
[onpolicy-r20/subckt_0150] [plan] step=219 node=__aig_and_465 type=observe q_typed_reliable_context=3.821964 sequence=735.032039
[onpolicy-r20/subckt_0150] [plan] step=220 node=__aig_and_438 type=observe q_typed_reliable_context=4.009782 sequence=739.041821
[onpolicy-r20/subckt_0150] [plan] step=221 node=__aig_and_466 type=observe q_typed_reliable_context=4.491074 sequence=743.532895
[onpolicy-r20/subckt_0150] [plan] step=222 node=II2021_2 type=observe q_typed_reliable_context=4.799479 sequence=748.332374
[onpolicy-r20/subckt_0150] [plan] step=223 node=__aig_and_169 type=observe q_typed_reliable_context=5.259557 sequence=753.591931
[onpolicy-r20/subckt_0150] [plan] step=224 node=__aig_not_457 type=observe q_typed_reliable_context=6.218796 sequence=759.810727
[onpolicy-r20/subckt_0150] [plan] step=225 node=__aig_and_168 type=observe q_typed_reliable_context=3.375980 sequence=763.186706
[onpolicy-r20/subckt_0150] [plan] step=226 node=__aig_not_467 type=observe q_typed_reliable_context=6.152067 sequence=769.338773
[onpolicy-r20/subckt_0150] [plan] step=227 node=__aig_not_415 type=observe q_typed_reliable_context=3.349700 sequence=772.688473
[onpolicy-r20/subckt_0150] [plan] step=228 node=__aig_and_152 type=observe q_typed_reliable_context=2.830581 sequence=775.519054
[onpolicy-r20/subckt_0150] [plan] step=229 node=__aig_and_488 type=observe q_typed_reliable_context=2.266309 sequence=777.785363
[onpolicy-r20/subckt_0150] [plan] step=230 node=__aig_not_443 type=observe q_typed_reliable_context=1.197975 sequence=778.983338
[onpolicy-r20/subckt_0150] [plan] step=231 node=II2001 type=observe q_typed_reliable_context=4.065576 sequence=783.048914
[onpolicy-r20/subckt_0150] [plan] step=232 node=__aig_and_144 type=observe q_typed_reliable_context=3.017106 sequence=786.066020
[onpolicy-r20/subckt_0150] [plan] step=233 node=__aig_and_132 type=control1 q_typed_reliable_context=4.112419 sequence=790.178439
[onpolicy-r20/subckt_0150] [plan] step=234 node=II1964 type=observe q_typed_reliable_context=4.293834 sequence=794.472274
[onpolicy-r20/subckt_0150] [plan] step=235 node=__aig_and_487 type=observe q_typed_reliable_context=4.680702 sequence=799.152976
[onpolicy-r20/subckt_0150] [plan] step=236 node=__aig_not_464 type=observe q_typed_reliable_context=5.018378 sequence=804.171354
[onpolicy-r20/subckt_0150] [plan] step=237 node=__aig_not_449 type=observe q_typed_reliable_context=5.213244 sequence=809.384598
[onpolicy-r20/subckt_0150] [plan] step=238 node=II2008 type=observe q_typed_reliable_context=6.072173 sequence=815.456770
[onpolicy-r20/subckt_0150] [plan] step=239 node=__aig_not_439 type=observe q_typed_reliable_context=4.013849 sequence=819.470619
[onpolicy-r20/subckt_0150] [plan] step=240 node=II1951 type=observe q_typed_reliable_context=4.474346 sequence=823.944965
[onpolicy-r20/subckt_0150] [plan] step=241 node=__aig_not_492 type=observe q_typed_reliable_context=4.650217 sequence=828.595182
[onpolicy-r20/subckt_0150] [plan] step=242 node=__aig_not_346 type=observe q_typed_reliable_context=4.502333 sequence=833.097514
[onpolicy-r20/subckt_0150] [plan] step=243 node=II2025_2 type=control1 q_typed_reliable_context=1.414951 sequence=834.512466
[onpolicy-r20/subckt_0150] [plan] step=244 node=II2032_3 type=control1 q_typed_reliable_context=2.589280 sequence=837.101745
[onpolicy-r20/subckt_0150] [plan] step=245 node=__aig_and_372 type=control1 q_typed_reliable_context=3.274564 sequence=840.376310
[onpolicy-r20/subckt_0150] [plan] step=246 node=__aig_and_129 type=control1 q_typed_reliable_context=5.368306 sequence=845.744616
[onpolicy-r20/subckt_0150] [plan] step=247 node=__aig_and_137 type=control1 q_typed_reliable_context=7.324185 sequence=853.068801
[onpolicy-r20/subckt_0150] [plan] step=248 node=II1329 type=control1 q_typed_reliable_context=6.905780 sequence=859.974581
[onpolicy-r20/subckt_0150] [plan] step=249 node=__aig_not_347 type=control1 q_typed_reliable_context=6.967822 sequence=866.942403
[onpolicy-r20/subckt_0150] [plan] step=250 node=__aig_and_116 type=control1 q_typed_reliable_context=6.856391 sequence=873.798795
[onpolicy-r20/subckt_0150] [plan] step=251 node=__aig_and_127 type=control1 q_typed_reliable_context=6.708722 sequence=880.507517
[onpolicy-r20/subckt_0150] [plan] step=252 node=__aig_and_126 type=control1 q_typed_reliable_context=5.918361 sequence=886.425878
[onpolicy-r20/subckt_0150] [plan] step=253 node=__aig_not_379 type=control1 q_typed_reliable_context=4.031381 sequence=890.457259
[onpolicy-r20/subckt_0150] [plan] step=254 node=__aig_not_383 type=control1 q_typed_reliable_context=1.773048 sequence=892.230307
[onpolicy-r20/subckt_0150] [plan] step=255 node=__buf_split_288 type=control1 q_typed_reliable_context=1.726520 sequence=893.956827
[onpolicy-r20/subckt_0150] [plan] step=256 node=__aig_and_135 type=control1 q_typed_reliable_context=3.386834 sequence=897.343661
[onpolicy-r20/subckt_0150] saved=autoresearch/loop-260720-0945/model_training_round20/late_onpolicy_plans/subckt_0150.csv
