[b15-round5/prefix_toplist_sa/epoch_012/q_typed_residual_context/a0.10/d16] [gmean] 2026-07-21T05:05:48 out_dir=autoresearch/loop-260720-0945/model_training_round5/b15_selection/prefix_toplist_sa/epoch_012/q_typed_residual_context/alpha_0p10_decay_16
[b15-round5/prefix_toplist_sa/epoch_012/q_typed_residual_context/a0.10/d16] [gmean] 2026-07-21T05:05:48 budgets=iscas99__b15_1:278
[b15-round5/prefix_toplist_sa/epoch_012/q_typed_residual_context/a0.10/d16] [gmean] 2026-07-21T05:05:48 variant_start id=greedy__cumulative__q_typed_residual_context__bw1__d1__c48__g1p0__candhard_fault_cluster__div0p0__s0
[b15-round5/prefix_toplist_sa/epoch_012/q_typed_residual_context/a0.10/d16] [gmean] 2026-07-21T05:05:48 [1/1] plan_start benchmark=iscas99__b15_1 budget=278 planner=greedy score=q_typed_residual_context
[b15-round5/prefix_toplist_sa/epoch_012/q_typed_residual_context/a0.10/d16] [plan iscas99__b15_1] [plan] torch_deterministic=true
[b15-round5/prefix_toplist_sa/epoch_012/q_typed_residual_context/a0.10/d16] [plan iscas99__b15_1] [plan] candidate_allowlist=autoresearch/original-netlist-recovery-260712/exact_itc99/b15_C/exact_candidate_nodes.txt nodes=7918
[b15-round5/prefix_toplist_sa/epoch_012/q_typed_residual_context/a0.10/d16] [plan iscas99__b15_1] [plan] latent_norm_clip_ratio=4 latent_norm_limit=30.875631
[b15-round5/prefix_toplist_sa/epoch_012/q_typed_residual_context/a0.10/d16] [plan iscas99__b15_1] [plan] step=1 node=N677 type=control1 q_typed_residual_context=5.236672 sequence=5.236672
[b15-round5/prefix_toplist_sa/epoch_012/q_typed_residual_context/a0.10/d16] [plan iscas99__b15_1] [plan] step=2 node=N2155 type=observe q_typed_residual_context=4.730616 sequence=9.967288
[b15-round5/prefix_toplist_sa/epoch_012/q_typed_residual_context/a0.10/d16] [plan iscas99__b15_1] [plan] step=3 node=N502 type=control1 q_typed_residual_context=2.040399 sequence=12.007687
[b15-round5/prefix_toplist_sa/epoch_012/q_typed_residual_context/a0.10/d16] [plan iscas99__b15_1] [plan] step=4 node=N762 type=control1 q_typed_residual_context=1.762230 sequence=13.769917
[b15-round5/prefix_toplist_sa/epoch_012/q_typed_residual_context/a0.10/d16] [plan iscas99__b15_1] [plan] step=5 node=N3644 type=control0 q_typed_residual_context=1.160005 sequence=14.929922
[b15-round5/prefix_toplist_sa/epoch_012/q_typed_residual_context/a0.10/d16] [plan iscas99__b15_1] [plan] step=6 node=N3756 type=control0 q_typed_residual_context=1.066510 sequence=15.996432
[b15-round5/prefix_toplist_sa/epoch_012/q_typed_residual_context/a0.10/d16] [plan iscas99__b15_1] [plan] step=7 node=N557 type=control1 q_typed_residual_context=0.971630 sequence=16.968062
[b15-round5/prefix_toplist_sa/epoch_012/q_typed_residual_context/a0.10/d16] [plan iscas99__b15_1] [plan] step=8 node=N5143 type=observe q_typed_residual_context=1.090186 sequence=18.058248
[b15-round5/prefix_toplist_sa/epoch_012/q_typed_residual_context/a0.10/d16] [plan iscas99__b15_1] [plan] step=9 node=N507 type=control1 q_typed_residual_context=0.946891 sequence=19.005139
[b15-round5/prefix_toplist_sa/epoch_012/q_typed_residual_context/a0.10/d16] [plan iscas99__b15_1] [plan] step=10 node=N3742 type=control0 q_typed_residual_context=1.126006 sequence=20.131145
[b15-round5/prefix_toplist_sa/epoch_012/q_typed_residual_context/a0.10/d16] [plan iscas99__b15_1] [plan] step=11 node=N564 type=control1 q_typed_residual_context=2.269820 sequence=22.400964
[b15-round5/prefix_toplist_sa/epoch_012/q_typed_residual_context/a0.10/d16] [plan iscas99__b15_1] [plan] step=12 node=N5203 type=control1 q_typed_residual_context=1.603809 sequence=24.004773
[b15-round5/prefix_toplist_sa/epoch_012/q_typed_residual_context/a0.10/d16] [plan iscas99__b15_1] [plan] step=13 node=N5866 type=observe q_typed_residual_context=3.253452 sequence=27.258226
[b15-round5/prefix_toplist_sa/epoch_012/q_typed_residual_context/a0.10/d16] [plan iscas99__b15_1] [plan] step=14 node=N580 type=control1 q_typed_residual_context=3.153850 sequence=30.412076
[b15-round5/prefix_toplist_sa/epoch_012/q_typed_residual_context/a0.10/d16] [plan iscas99__b15_1] [plan] step=15 node=N737 type=control1 q_typed_residual_context=2.795321 sequence=33.207397
[b15-round5/prefix_toplist_sa/epoch_012/q_typed_residual_context/a0.10/d16] [plan iscas99__b15_1] [plan] step=16 node=N2153 type=observe q_typed_residual_context=1.825575 sequence=35.032972
[b15-round5/prefix_toplist_sa/epoch_012/q_typed_residual_context/a0.10/d16] [plan iscas99__b15_1] [plan] step=17 node=N1853 type=observe q_typed_residual_context=4.930604 sequence=39.963576
[b15-round5/prefix_toplist_sa/epoch_012/q_typed_residual_context/a0.10/d16] [plan iscas99__b15_1] [plan] step=18 node=N2082 type=observe q_typed_residual_context=5.805206 sequence=45.768782
[b15-round5/prefix_toplist_sa/epoch_012/q_typed_residual_context/a0.10/d16] [plan iscas99__b15_1] [plan] step=19 node=N2101 type=observe q_typed_residual_context=6.329204 sequence=52.097986
[b15-round5/prefix_toplist_sa/epoch_012/q_typed_residual_context/a0.10/d16] [plan iscas99__b15_1] [plan] step=20 node=N1860 type=observe q_typed_residual_context=5.320483 sequence=57.418469
[b15-round5/prefix_toplist_sa/epoch_012/q_typed_residual_context/a0.10/d16] [plan iscas99__b15_1] [plan] step=21 node=N1372 type=observe q_typed_residual_context=4.640414 sequence=62.058883
[b15-round5/prefix_toplist_sa/epoch_012/q_typed_residual_context/a0.10/d16] [plan iscas99__b15_1] [plan] step=22 node=N1532 type=observe q_typed_residual_context=5.670801 sequence=67.729684
[b15-round5/prefix_toplist_sa/epoch_012/q_typed_residual_context/a0.10/d16] [plan iscas99__b15_1] [plan] step=23 node=N496 type=control1 q_typed_residual_context=6.951824 sequence=74.681508
[b15-round5/prefix_toplist_sa/epoch_012/q_typed_residual_context/a0.10/d16] [plan iscas99__b15_1] [plan] step=24 node=N5723 type=control0 q_typed_residual_context=4.745963 sequence=79.427471
[b15-round5/prefix_toplist_sa/epoch_012/q_typed_residual_context/a0.10/d16] [plan iscas99__b15_1] [plan] step=25 node=N7516 type=observe q_typed_residual_context=6.267907 sequence=85.695378
[b15-round5/prefix_toplist_sa/epoch_012/q_typed_residual_context/a0.10/d16] [plan iscas99__b15_1] [plan] step=26 node=N582 type=control1 q_typed_residual_context=7.143485 sequence=92.838863
[b15-round5/prefix_toplist_sa/epoch_012/q_typed_residual_context/a0.10/d16] [plan iscas99__b15_1] [plan] step=27 node=N766 type=control1 q_typed_residual_context=8.047204 sequence=100.886067
[b15-round5/prefix_toplist_sa/epoch_012/q_typed_residual_context/a0.10/d16] [plan iscas99__b15_1] [plan] step=28 node=N1437 type=control1 q_typed_residual_context=2.964326 sequence=103.850393
[b15-round5/prefix_toplist_sa/epoch_012/q_typed_residual_context/a0.10/d16] [plan iscas99__b15_1] [plan] step=29 node=N583 type=control1 q_typed_residual_context=3.224346 sequence=107.074739
[b15-round5/prefix_toplist_sa/epoch_012/q_typed_residual_context/a0.10/d16] [plan iscas99__b15_1] [plan] step=30 node=N7411 type=control1 q_typed_residual_context=3.403675 sequence=110.478415
[b15-round5/prefix_toplist_sa/epoch_012/q_typed_residual_context/a0.10/d16] [plan iscas99__b15_1] [plan] step=31 node=N4635 type=control0 q_typed_residual_context=8.352141 sequence=118.830556
[b15-round5/prefix_toplist_sa/epoch_012/q_typed_residual_context/a0.10/d16] [plan iscas99__b15_1] [plan] step=32 node=N7511 type=control1 q_typed_residual_context=3.421245 sequence=122.251801
[b15-round5/prefix_toplist_sa/epoch_012/q_typed_residual_context/a0.10/d16] [plan iscas99__b15_1] [plan] step=33 node=N2042 type=observe q_typed_residual_context=5.721115 sequence=127.972916
[b15-round5/prefix_toplist_sa/epoch_012/q_typed_residual_context/a0.10/d16] [plan iscas99__b15_1] [plan] step=34 node=N7413 type=control1 q_typed_residual_context=4.835152 sequence=132.808068
[b15-round5/prefix_toplist_sa/epoch_012/q_typed_residual_context/a0.10/d16] [plan iscas99__b15_1] [plan] step=35 node=N7891 type=control1 q_typed_residual_context=5.728253 sequence=138.536321
[b15-round5/prefix_toplist_sa/epoch_012/q_typed_residual_context/a0.10/d16] [plan iscas99__b15_1] [plan] step=36 node=N5234 type=observe q_typed_residual_context=6.541497 sequence=145.077818
[b15-round5/prefix_toplist_sa/epoch_012/q_typed_residual_context/a0.10/d16] [plan iscas99__b15_1] [plan] step=37 node=N4649 type=control0 q_typed_residual_context=8.341551 sequence=153.419369
[b15-round5/prefix_toplist_sa/epoch_012/q_typed_residual_context/a0.10/d16] [plan iscas99__b15_1] [plan] step=38 node=N3903 type=control0 q_typed_residual_context=0.338754 sequence=153.758123
[b15-round5/prefix_toplist_sa/epoch_012/q_typed_residual_context/a0.10/d16] [plan iscas99__b15_1] [plan] step=39 node=N2314 type=control1 q_typed_residual_context=0.990744 sequence=154.748867
[b15-round5/prefix_toplist_sa/epoch_012/q_typed_residual_context/a0.10/d16] [plan iscas99__b15_1] [plan] step=40 node=N7881 type=control1 q_typed_residual_context=4.225621 sequence=158.974488
[b15-round5/prefix_toplist_sa/epoch_012/q_typed_residual_context/a0.10/d16] [plan iscas99__b15_1] [plan] step=41 node=N4656 type=control0 q_typed_residual_context=6.729023 sequence=165.703512
[b15-round5/prefix_toplist_sa/epoch_012/q_typed_residual_context/a0.10/d16] [plan iscas99__b15_1] [plan] step=42 node=N7882 type=control1 q_typed_residual_context=1.718236 sequence=167.421747
[b15-round5/prefix_toplist_sa/epoch_012/q_typed_residual_context/a0.10/d16] [plan iscas99__b15_1] [plan] step=43 node=N7883 type=control1 q_typed_residual_context=4.692887 sequence=172.114634
[b15-round5/prefix_toplist_sa/epoch_012/q_typed_residual_context/a0.10/d16] [plan iscas99__b15_1] [plan] step=44 node=N3896 type=control0 q_typed_residual_context=0.845099 sequence=172.959733
[b15-round5/prefix_toplist_sa/epoch_012/q_typed_residual_context/a0.10/d16] [plan iscas99__b15_1] [plan] step=45 node=N4663 type=control0 q_typed_residual_context=1.113752 sequence=174.073485
[b15-round5/prefix_toplist_sa/epoch_012/q_typed_residual_context/a0.10/d16] [plan iscas99__b15_1] [plan] step=46 node=N4606 type=control0 q_typed_residual_context=0.866966 sequence=174.940451
[b15-round5/prefix_toplist_sa/epoch_012/q_typed_residual_context/a0.10/d16] [plan iscas99__b15_1] [plan] step=47 node=N3889 type=control0 q_typed_residual_context=0.879669 sequence=175.820120
[b15-round5/prefix_toplist_sa/epoch_012/q_typed_residual_context/a0.10/d16] [plan iscas99__b15_1] [plan] step=48 node=N7885 type=control1 q_typed_residual_context=0.932081 sequence=176.752201
[b15-round5/prefix_toplist_sa/epoch_012/q_typed_residual_context/a0.10/d16] [plan iscas99__b15_1] [plan] step=49 node=N3882 type=control0 q_typed_residual_context=0.893869 sequence=177.646071
[b15-round5/prefix_toplist_sa/epoch_012/q_typed_residual_context/a0.10/d16] [plan iscas99__b15_1] [plan] step=50 node=N3805 type=control0 q_typed_residual_context=0.888123 sequence=178.534193
[b15-round5/prefix_toplist_sa/epoch_012/q_typed_residual_context/a0.10/d16] [plan iscas99__b15_1] [plan] step=51 node=N3911 type=control0 q_typed_residual_context=0.954222 sequence=179.488415
[b15-round5/prefix_toplist_sa/epoch_012/q_typed_residual_context/a0.10/d16] [plan iscas99__b15_1] [plan] step=52 node=N4677 type=control0 q_typed_residual_context=1.118509 sequence=180.606924
[b15-round5/prefix_toplist_sa/epoch_012/q_typed_residual_context/a0.10/d16] [plan iscas99__b15_1] [plan] step=53 node=N713 type=observe q_typed_residual_context=1.755044 sequence=182.361968
[b15-round5/prefix_toplist_sa/epoch_012/q_typed_residual_context/a0.10/d16] [plan iscas99__b15_1] [plan] step=54 node=N724 type=observe q_typed_residual_context=1.325234 sequence=183.687202
[b15-round5/prefix_toplist_sa/epoch_012/q_typed_residual_context/a0.10/d16] [plan iscas99__b15_1] [plan] step=55 node=N4684 type=control0 q_typed_residual_context=1.220837 sequence=184.908039
[b15-round5/prefix_toplist_sa/epoch_012/q_typed_residual_context/a0.10/d16] [plan iscas99__b15_1] [plan] step=56 node=N704 type=observe q_typed_residual_context=1.139197 sequence=186.047236
[b15-round5/prefix_toplist_sa/epoch_012/q_typed_residual_context/a0.10/d16] [plan iscas99__b15_1] [plan] step=57 node=N4691 type=control0 q_typed_residual_context=1.315532 sequence=187.362768
[b15-round5/prefix_toplist_sa/epoch_012/q_typed_residual_context/a0.10/d16] [plan iscas99__b15_1] [plan] step=58 node=N4698 type=control0 q_typed_residual_context=1.102265 sequence=188.465033
[b15-round5/prefix_toplist_sa/epoch_012/q_typed_residual_context/a0.10/d16] [plan iscas99__b15_1] [plan] step=59 node=N3862 type=control0 q_typed_residual_context=1.097337 sequence=189.562369
[b15-round5/prefix_toplist_sa/epoch_012/q_typed_residual_context/a0.10/d16] [plan iscas99__b15_1] [plan] step=60 node=N4585 type=control0 q_typed_residual_context=1.010709 sequence=190.573078
[b15-round5/prefix_toplist_sa/epoch_012/q_typed_residual_context/a0.10/d16] [plan iscas99__b15_1] [plan] step=61 node=N4578 type=control0 q_typed_residual_context=1.160459 sequence=191.733538
[b15-round5/prefix_toplist_sa/epoch_012/q_typed_residual_context/a0.10/d16] [plan iscas99__b15_1] [plan] step=62 node=N4712 type=control0 q_typed_residual_context=1.069521 sequence=192.803059
[b15-round5/prefix_toplist_sa/epoch_012/q_typed_residual_context/a0.10/d16] [plan iscas99__b15_1] [plan] step=63 node=N4716 type=control0 q_typed_residual_context=1.017883 sequence=193.820942
[b15-round5/prefix_toplist_sa/epoch_012/q_typed_residual_context/a0.10/d16] [plan iscas99__b15_1] [plan] step=64 node=N4705 type=control0 q_typed_residual_context=1.099883 sequence=194.920825
[b15-round5/prefix_toplist_sa/epoch_012/q_typed_residual_context/a0.10/d16] [plan iscas99__b15_1] [plan] step=65 node=N4670 type=control0 q_typed_residual_context=1.213563 sequence=196.134388
[b15-round5/prefix_toplist_sa/epoch_012/q_typed_residual_context/a0.10/d16] [plan iscas99__b15_1] [plan] step=66 node=N7471 type=control0 q_typed_residual_context=1.230270 sequence=197.364658
[b15-round5/prefix_toplist_sa/epoch_012/q_typed_residual_context/a0.10/d16] [plan iscas99__b15_1] [plan] step=67 node=N2044 type=observe q_typed_residual_context=1.015345 sequence=198.380003
[b15-round5/prefix_toplist_sa/epoch_012/q_typed_residual_context/a0.10/d16] [plan iscas99__b15_1] [plan] step=68 node=N4564 type=control0 q_typed_residual_context=0.898725 sequence=199.278728
[b15-round5/prefix_toplist_sa/epoch_012/q_typed_residual_context/a0.10/d16] [plan iscas99__b15_1] [plan] step=69 node=N5603 type=control0 q_typed_residual_context=1.253761 sequence=200.532488
[b15-round5/prefix_toplist_sa/epoch_012/q_typed_residual_context/a0.10/d16] [plan iscas99__b15_1] [plan] step=70 node=N722 type=observe q_typed_residual_context=2.625292 sequence=203.157780
[b15-round5/prefix_toplist_sa/epoch_012/q_typed_residual_context/a0.10/d16] [plan iscas99__b15_1] [plan] step=71 node=N2040 type=observe q_typed_residual_context=1.260745 sequence=204.418525
[b15-round5/prefix_toplist_sa/epoch_012/q_typed_residual_context/a0.10/d16] [plan iscas99__b15_1] [plan] step=72 node=N4557 type=control0 q_typed_residual_context=1.580977 sequence=205.999503
[b15-round5/prefix_toplist_sa/epoch_012/q_typed_residual_context/a0.10/d16] [plan iscas99__b15_1] [plan] step=73 node=N2083 type=observe q_typed_residual_context=2.002068 sequence=208.001571
[b15-round5/prefix_toplist_sa/epoch_012/q_typed_residual_context/a0.10/d16] [plan iscas99__b15_1] [plan] step=74 node=N7724 type=control0 q_typed_residual_context=1.968485 sequence=209.970056
[b15-round5/prefix_toplist_sa/epoch_012/q_typed_residual_context/a0.10/d16] [plan iscas99__b15_1] [plan] step=75 node=N3722 type=control0 q_typed_residual_context=1.998358 sequence=211.968414
[b15-round5/prefix_toplist_sa/epoch_012/q_typed_residual_context/a0.10/d16] [plan iscas99__b15_1] [plan] step=76 node=N7854 type=control0 q_typed_residual_context=2.908221 sequence=214.876635
[b15-round5/prefix_toplist_sa/epoch_012/q_typed_residual_context/a0.10/d16] [plan iscas99__b15_1] [plan] step=77 node=N578 type=observe q_typed_residual_context=2.879336 sequence=217.755971
[b15-round5/prefix_toplist_sa/epoch_012/q_typed_residual_context/a0.10/d16] [plan iscas99__b15_1] [plan] step=78 node=N3855 type=control0 q_typed_residual_context=2.261017 sequence=220.016988
[b15-round5/prefix_toplist_sa/epoch_012/q_typed_residual_context/a0.10/d16] [plan iscas99__b15_1] [plan] step=79 node=N3897 type=control0 q_typed_residual_context=1.224294 sequence=221.241282
[b15-round5/prefix_toplist_sa/epoch_012/q_typed_residual_context/a0.10/d16] [plan iscas99__b15_1] [plan] step=80 node=N7543 type=control0 q_typed_residual_context=1.187517 sequence=222.428799
[b15-round5/prefix_toplist_sa/epoch_012/q_typed_residual_context/a0.10/d16] [plan iscas99__b15_1] [plan] step=81 node=N519 type=control1 q_typed_residual_context=1.405575 sequence=223.834374
[b15-round5/prefix_toplist_sa/epoch_012/q_typed_residual_context/a0.10/d16] [plan iscas99__b15_1] [plan] step=82 node=N7722 type=control0 q_typed_residual_context=1.410703 sequence=225.245077
[b15-round5/prefix_toplist_sa/epoch_012/q_typed_residual_context/a0.10/d16] [plan iscas99__b15_1] [plan] step=83 node=N7370 type=control1 q_typed_residual_context=1.240813 sequence=226.485891
[b15-round5/prefix_toplist_sa/epoch_012/q_typed_residual_context/a0.10/d16] [plan iscas99__b15_1] [plan] step=84 node=N504 type=control1 q_typed_residual_context=2.515093 sequence=229.000983
[b15-round5/prefix_toplist_sa/epoch_012/q_typed_residual_context/a0.10/d16] [plan iscas99__b15_1] [plan] step=85 node=N7886 type=control1 q_typed_residual_context=0.656391 sequence=229.657375
[b15-round5/prefix_toplist_sa/epoch_012/q_typed_residual_context/a0.10/d16] [plan iscas99__b15_1] [plan] step=86 node=N7887 type=control1 q_typed_residual_context=1.074270 sequence=230.731645
[b15-round5/prefix_toplist_sa/epoch_012/q_typed_residual_context/a0.10/d16] [plan iscas99__b15_1] [plan] step=87 node=N7888 type=control1 q_typed_residual_context=1.154041 sequence=231.885686
[b15-round5/prefix_toplist_sa/epoch_012/q_typed_residual_context/a0.10/d16] [plan iscas99__b15_1] [plan] step=88 node=N7889 type=control1 q_typed_residual_context=1.139303 sequence=233.024989
[b15-round5/prefix_toplist_sa/epoch_012/q_typed_residual_context/a0.10/d16] [plan iscas99__b15_1] [plan] step=89 node=N7890 type=control1 q_typed_residual_context=1.405240 sequence=234.430229
[b15-round5/prefix_toplist_sa/epoch_012/q_typed_residual_context/a0.10/d16] [plan iscas99__b15_1] [plan] step=90 node=N7884 type=control1 q_typed_residual_context=1.140873 sequence=235.571102
[b15-round5/prefix_toplist_sa/epoch_012/q_typed_residual_context/a0.10/d16] [plan iscas99__b15_1] [plan] step=91 node=N516 type=control1 q_typed_residual_context=1.048173 sequence=236.619275
[b15-round5/prefix_toplist_sa/epoch_012/q_typed_residual_context/a0.10/d16] [plan iscas99__b15_1] [plan] step=92 node=N7721 type=control0 q_typed_residual_context=2.645070 sequence=239.264344
[b15-round5/prefix_toplist_sa/epoch_012/q_typed_residual_context/a0.10/d16] [plan iscas99__b15_1] [plan] step=93 node=N1411 type=control0 q_typed_residual_context=2.382333 sequence=241.646677
[b15-round5/prefix_toplist_sa/epoch_012/q_typed_residual_context/a0.10/d16] [plan iscas99__b15_1] [plan] step=94 node=N3840 type=control0 q_typed_residual_context=1.471240 sequence=243.117917
[b15-round5/prefix_toplist_sa/epoch_012/q_typed_residual_context/a0.10/d16] [plan iscas99__b15_1] [plan] step=95 node=N7820 type=control0 q_typed_residual_context=4.404903 sequence=247.522820
[b15-round5/prefix_toplist_sa/epoch_012/q_typed_residual_context/a0.10/d16] [plan iscas99__b15_1] [plan] step=96 node=N4520 type=control0 q_typed_residual_context=2.239522 sequence=249.762342
[b15-round5/prefix_toplist_sa/epoch_012/q_typed_residual_context/a0.10/d16] [plan iscas99__b15_1] [plan] step=97 node=N3904 type=control0 q_typed_residual_context=2.951605 sequence=252.713947
[b15-round5/prefix_toplist_sa/epoch_012/q_typed_residual_context/a0.10/d16] [plan iscas99__b15_1] [plan] step=98 node=N7723 type=control0 q_typed_residual_context=2.339678 sequence=255.053626
[b15-round5/prefix_toplist_sa/epoch_012/q_typed_residual_context/a0.10/d16] [plan iscas99__b15_1] [plan] step=99 node=N7870 type=control1 q_typed_residual_context=1.931094 sequence=256.984719
[b15-round5/prefix_toplist_sa/epoch_012/q_typed_residual_context/a0.10/d16] [plan iscas99__b15_1] [plan] step=100 node=N7725 type=control0 q_typed_residual_context=2.616985 sequence=259.601705
[b15-round5/prefix_toplist_sa/epoch_012/q_typed_residual_context/a0.10/d16] [plan iscas99__b15_1] [plan] step=101 node=N3848 type=control0 q_typed_residual_context=3.643896 sequence=263.245601
[b15-round5/prefix_toplist_sa/epoch_012/q_typed_residual_context/a0.10/d16] [plan iscas99__b15_1] [plan] step=102 node=N7541 type=control0 q_typed_residual_context=4.205796 sequence=267.451397
[b15-round5/prefix_toplist_sa/epoch_012/q_typed_residual_context/a0.10/d16] [plan iscas99__b15_1] [plan] step=103 node=N7588 type=control1 q_typed_residual_context=4.592025 sequence=272.043421
[b15-round5/prefix_toplist_sa/epoch_012/q_typed_residual_context/a0.10/d16] [plan iscas99__b15_1] [plan] step=104 node=N7408 type=control0 q_typed_residual_context=4.519426 sequence=276.562847
[b15-round5/prefix_toplist_sa/epoch_012/q_typed_residual_context/a0.10/d16] [plan iscas99__b15_1] [plan] step=105 node=N3827 type=control0 q_typed_residual_context=4.982382 sequence=281.545229
[b15-round5/prefix_toplist_sa/epoch_012/q_typed_residual_context/a0.10/d16] [plan iscas99__b15_1] [plan] step=106 node=N3820 type=control0 q_typed_residual_context=2.631436 sequence=284.176665
[b15-round5/prefix_toplist_sa/epoch_012/q_typed_residual_context/a0.10/d16] [plan iscas99__b15_1] [plan] step=107 node=N634 type=control1 q_typed_residual_context=2.866674 sequence=287.043339
[b15-round5/prefix_toplist_sa/epoch_012/q_typed_residual_context/a0.10/d16] [plan iscas99__b15_1] [plan] step=108 node=N3813 type=control0 q_typed_residual_context=2.955033 sequence=289.998372
[b15-round5/prefix_toplist_sa/epoch_012/q_typed_residual_context/a0.10/d16] [plan iscas99__b15_1] [plan] step=109 node=N614 type=control1 q_typed_residual_context=2.923580 sequence=292.921952
[b15-round5/prefix_toplist_sa/epoch_012/q_typed_residual_context/a0.10/d16] [plan iscas99__b15_1] [plan] step=110 node=N3799 type=control0 q_typed_residual_context=3.064899 sequence=295.986851
[b15-round5/prefix_toplist_sa/epoch_012/q_typed_residual_context/a0.10/d16] [plan iscas99__b15_1] [plan] step=111 node=N3792 type=control0 q_typed_residual_context=2.179477 sequence=298.166328
[b15-round5/prefix_toplist_sa/epoch_012/q_typed_residual_context/a0.10/d16] [plan iscas99__b15_1] [plan] step=112 node=N694 type=observe q_typed_residual_context=6.548816 sequence=304.715144
[b15-round5/prefix_toplist_sa/epoch_012/q_typed_residual_context/a0.10/d16] [plan iscas99__b15_1] [plan] step=113 node=N7853 type=control0 q_typed_residual_context=4.186574 sequence=308.901718
[b15-round5/prefix_toplist_sa/epoch_012/q_typed_residual_context/a0.10/d16] [plan iscas99__b15_1] [plan] step=114 node=N7852 type=control0 q_typed_residual_context=3.156175 sequence=312.057893
[b15-round5/prefix_toplist_sa/epoch_012/q_typed_residual_context/a0.10/d16] [plan iscas99__b15_1] [plan] step=115 node=N7846 type=control0 q_typed_residual_context=6.180617 sequence=318.238510
[b15-round5/prefix_toplist_sa/epoch_012/q_typed_residual_context/a0.10/d16] [plan iscas99__b15_1] [plan] step=116 node=N7847 type=control0 q_typed_residual_context=5.348992 sequence=323.587503
[b15-round5/prefix_toplist_sa/epoch_012/q_typed_residual_context/a0.10/d16] [plan iscas99__b15_1] [plan] step=117 node=N7454 type=observe q_typed_residual_context=2.800966 sequence=326.388469
[b15-round5/prefix_toplist_sa/epoch_012/q_typed_residual_context/a0.10/d16] [plan iscas99__b15_1] [plan] step=118 node=N1533 type=control1 q_typed_residual_context=2.411374 sequence=328.799843
[b15-round5/prefix_toplist_sa/epoch_012/q_typed_residual_context/a0.10/d16] [plan iscas99__b15_1] [plan] step=119 node=N3785 type=control0 q_typed_residual_context=2.800728 sequence=331.600571
[b15-round5/prefix_toplist_sa/epoch_012/q_typed_residual_context/a0.10/d16] [plan iscas99__b15_1] [plan] step=120 node=N3701 type=control0 q_typed_residual_context=3.329811 sequence=334.930382
[b15-round5/prefix_toplist_sa/epoch_012/q_typed_residual_context/a0.10/d16] [plan iscas99__b15_1] [plan] step=121 node=N3681 type=control0 q_typed_residual_context=2.962754 sequence=337.893136
[b15-round5/prefix_toplist_sa/epoch_012/q_typed_residual_context/a0.10/d16] [plan iscas99__b15_1] [plan] step=122 node=N7401 type=observe q_typed_residual_context=2.431019 sequence=340.324155
[b15-round5/prefix_toplist_sa/epoch_012/q_typed_residual_context/a0.10/d16] [plan iscas99__b15_1] [plan] step=123 node=N2102 type=observe q_typed_residual_context=3.132200 sequence=343.456355
[b15-round5/prefix_toplist_sa/epoch_012/q_typed_residual_context/a0.10/d16] [plan iscas99__b15_1] [plan] step=124 node=N513 type=control1 q_typed_residual_context=1.439824 sequence=344.896179
[b15-round5/prefix_toplist_sa/epoch_012/q_typed_residual_context/a0.10/d16] [plan iscas99__b15_1] [plan] step=125 node=N5878 type=observe q_typed_residual_context=1.482363 sequence=346.378542
[b15-round5/prefix_toplist_sa/epoch_012/q_typed_residual_context/a0.10/d16] [plan iscas99__b15_1] [plan] step=126 node=N556 type=control1 q_typed_residual_context=2.568638 sequence=348.947180
[b15-round5/prefix_toplist_sa/epoch_012/q_typed_residual_context/a0.10/d16] [plan iscas99__b15_1] [plan] step=127 node=N7590 type=control1 q_typed_residual_context=2.707609 sequence=351.654789
[b15-round5/prefix_toplist_sa/epoch_012/q_typed_residual_context/a0.10/d16] [plan iscas99__b15_1] [plan] step=128 node=N555 type=control1 q_typed_residual_context=1.891409 sequence=353.546198
[b15-round5/prefix_toplist_sa/epoch_012/q_typed_residual_context/a0.10/d16] [plan iscas99__b15_1] [plan] step=129 node=N2157 type=observe q_typed_residual_context=5.757796 sequence=359.303994
[b15-round5/prefix_toplist_sa/epoch_012/q_typed_residual_context/a0.10/d16] [plan iscas99__b15_1] [plan] step=130 node=N638 type=control1 q_typed_residual_context=2.079241 sequence=361.383234
[b15-round5/prefix_toplist_sa/epoch_012/q_typed_residual_context/a0.10/d16] [plan iscas99__b15_1] [plan] step=131 node=N620 type=control1 q_typed_residual_context=1.728508 sequence=363.111742
[b15-round5/prefix_toplist_sa/epoch_012/q_typed_residual_context/a0.10/d16] [plan iscas99__b15_1] [plan] step=132 node=N520 type=control1 q_typed_residual_context=1.792989 sequence=364.904731
[b15-round5/prefix_toplist_sa/epoch_012/q_typed_residual_context/a0.10/d16] [plan iscas99__b15_1] [plan] step=133 node=N610 type=control1 q_typed_residual_context=1.437118 sequence=366.341850
[b15-round5/prefix_toplist_sa/epoch_012/q_typed_residual_context/a0.10/d16] [plan iscas99__b15_1] [plan] step=134 node=N6533 type=observe q_typed_residual_context=0.708683 sequence=367.050533
[b15-round5/prefix_toplist_sa/epoch_012/q_typed_residual_context/a0.10/d16] [plan iscas99__b15_1] [plan] step=135 node=N7679 type=observe q_typed_residual_context=0.774650 sequence=367.825183
[b15-round5/prefix_toplist_sa/epoch_012/q_typed_residual_context/a0.10/d16] [plan iscas99__b15_1] [plan] step=136 node=N2106 type=observe q_typed_residual_context=3.684183 sequence=371.509366
[b15-round5/prefix_toplist_sa/epoch_012/q_typed_residual_context/a0.10/d16] [plan iscas99__b15_1] [plan] step=137 node=N5876 type=observe q_typed_residual_context=4.272097 sequence=375.781462
[b15-round5/prefix_toplist_sa/epoch_012/q_typed_residual_context/a0.10/d16] [plan iscas99__b15_1] [plan] step=138 node=N645 type=control1 q_typed_residual_context=1.730657 sequence=377.512120
[b15-round5/prefix_toplist_sa/epoch_012/q_typed_residual_context/a0.10/d16] [plan iscas99__b15_1] [plan] step=139 node=N7402 type=observe q_typed_residual_context=2.762365 sequence=380.274485
[b15-round5/prefix_toplist_sa/epoch_012/q_typed_residual_context/a0.10/d16] [plan iscas99__b15_1] [plan] step=140 node=N2149 type=observe q_typed_residual_context=1.985059 sequence=382.259544
[b15-round5/prefix_toplist_sa/epoch_012/q_typed_residual_context/a0.10/d16] [plan iscas99__b15_1] [plan] step=141 node=N636 type=control1 q_typed_residual_context=1.657446 sequence=383.916990
[b15-round5/prefix_toplist_sa/epoch_012/q_typed_residual_context/a0.10/d16] [plan iscas99__b15_1] [plan] step=142 node=N7421 type=control1 q_typed_residual_context=6.409877 sequence=390.326866
[b15-round5/prefix_toplist_sa/epoch_012/q_typed_residual_context/a0.10/d16] [plan iscas99__b15_1] [plan] step=143 node=N616 type=control1 q_typed_residual_context=1.946278 sequence=392.273144
[b15-round5/prefix_toplist_sa/epoch_012/q_typed_residual_context/a0.10/d16] [plan iscas99__b15_1] [plan] step=144 node=N5356 type=observe q_typed_residual_context=6.761032 sequence=399.034176
[b15-round5/prefix_toplist_sa/epoch_012/q_typed_residual_context/a0.10/d16] [plan iscas99__b15_1] [plan] step=145 node=N712 type=observe q_typed_residual_context=3.606350 sequence=402.640526
[b15-round5/prefix_toplist_sa/epoch_012/q_typed_residual_context/a0.10/d16] [plan iscas99__b15_1] [plan] step=146 node=N7614 type=observe q_typed_residual_context=1.114408 sequence=403.754934
[b15-round5/prefix_toplist_sa/epoch_012/q_typed_residual_context/a0.10/d16] [plan iscas99__b15_1] [plan] step=147 node=N6531 type=observe q_typed_residual_context=2.123511 sequence=405.878445
[b15-round5/prefix_toplist_sa/epoch_012/q_typed_residual_context/a0.10/d16] [plan iscas99__b15_1] [plan] step=148 node=N7385 type=observe q_typed_residual_context=1.861038 sequence=407.739483
[b15-round5/prefix_toplist_sa/epoch_012/q_typed_residual_context/a0.10/d16] [plan iscas99__b15_1] [plan] step=149 node=N5874 type=observe q_typed_residual_context=2.053833 sequence=409.793316
[b15-round5/prefix_toplist_sa/epoch_012/q_typed_residual_context/a0.10/d16] [plan iscas99__b15_1] [plan] step=150 node=N723 type=observe q_typed_residual_context=5.176138 sequence=414.969454
[b15-round5/prefix_toplist_sa/epoch_012/q_typed_residual_context/a0.10/d16] [plan iscas99__b15_1] [plan] step=151 node=N703 type=observe q_typed_residual_context=3.387008 sequence=418.356461
[b15-round5/prefix_toplist_sa/epoch_012/q_typed_residual_context/a0.10/d16] [plan iscas99__b15_1] [plan] step=152 node=N725 type=observe q_typed_residual_context=4.228873 sequence=422.585334
[b15-round5/prefix_toplist_sa/epoch_012/q_typed_residual_context/a0.10/d16] [plan iscas99__b15_1] [plan] step=153 node=N714 type=observe q_typed_residual_context=3.596066 sequence=426.181400
[b15-round5/prefix_toplist_sa/epoch_012/q_typed_residual_context/a0.10/d16] [plan iscas99__b15_1] [plan] step=154 node=N630 type=control1 q_typed_residual_context=2.594994 sequence=428.776395
[b15-round5/prefix_toplist_sa/epoch_012/q_typed_residual_context/a0.10/d16] [plan iscas99__b15_1] [plan] step=155 node=N642 type=control1 q_typed_residual_context=2.708948 sequence=431.485343
[b15-round5/prefix_toplist_sa/epoch_012/q_typed_residual_context/a0.10/d16] [plan iscas99__b15_1] [plan] step=156 node=N3295 type=control1 q_typed_residual_context=1.437540 sequence=432.922882
[b15-round5/prefix_toplist_sa/epoch_012/q_typed_residual_context/a0.10/d16] [plan iscas99__b15_1] [plan] step=157 node=N649 type=control1 q_typed_residual_context=1.121672 sequence=434.044554
[b15-round5/prefix_toplist_sa/epoch_012/q_typed_residual_context/a0.10/d16] [plan iscas99__b15_1] [plan] step=158 node=N3525 type=control1 q_typed_residual_context=1.123899 sequence=435.168454
[b15-round5/prefix_toplist_sa/epoch_012/q_typed_residual_context/a0.10/d16] [plan iscas99__b15_1] [plan] step=159 node=N7405 type=observe q_typed_residual_context=0.945653 sequence=436.114106
[b15-round5/prefix_toplist_sa/epoch_012/q_typed_residual_context/a0.10/d16] [plan iscas99__b15_1] [plan] step=160 node=N5740 type=observe q_typed_residual_context=1.046014 sequence=437.160120
[b15-round5/prefix_toplist_sa/epoch_012/q_typed_residual_context/a0.10/d16] [plan iscas99__b15_1] [plan] step=161 node=N715 type=observe q_typed_residual_context=1.506915 sequence=438.667035
[b15-round5/prefix_toplist_sa/epoch_012/q_typed_residual_context/a0.10/d16] [plan iscas99__b15_1] [plan] step=162 node=N3410 type=control1 q_typed_residual_context=0.962903 sequence=439.629938
[b15-round5/prefix_toplist_sa/epoch_012/q_typed_residual_context/a0.10/d16] [plan iscas99__b15_1] [plan] step=163 node=N1607 type=control1 q_typed_residual_context=1.271677 sequence=440.901615
[b15-round5/prefix_toplist_sa/epoch_012/q_typed_residual_context/a0.10/d16] [plan iscas99__b15_1] [plan] step=164 node=N7627 type=observe q_typed_residual_context=1.445523 sequence=442.347137
[b15-round5/prefix_toplist_sa/epoch_012/q_typed_residual_context/a0.10/d16] [plan iscas99__b15_1] [plan] step=165 node=N647 type=control1 q_typed_residual_context=4.724535 sequence=447.071672
[b15-round5/prefix_toplist_sa/epoch_012/q_typed_residual_context/a0.10/d16] [plan iscas99__b15_1] [plan] step=166 node=N1586 type=control1 q_typed_residual_context=1.638969 sequence=448.710641
[b15-round5/prefix_toplist_sa/epoch_012/q_typed_residual_context/a0.10/d16] [plan iscas99__b15_1] [plan] step=167 node=N3180 type=control1 q_typed_residual_context=1.100076 sequence=449.810716
[b15-round5/prefix_toplist_sa/epoch_012/q_typed_residual_context/a0.10/d16] [plan iscas99__b15_1] [plan] step=168 node=N3467 type=control1 q_typed_residual_context=1.144204 sequence=450.954921
[b15-round5/prefix_toplist_sa/epoch_012/q_typed_residual_context/a0.10/d16] [plan iscas99__b15_1] [plan] step=169 node=N2652 type=control1 q_typed_residual_context=0.943533 sequence=451.898454
[b15-round5/prefix_toplist_sa/epoch_012/q_typed_residual_context/a0.10/d16] [plan iscas99__b15_1] [plan] step=170 node=N7424 type=control1 q_typed_residual_context=1.108356 sequence=453.006809
[b15-round5/prefix_toplist_sa/epoch_012/q_typed_residual_context/a0.10/d16] [plan iscas99__b15_1] [plan] step=171 node=N771 type=observe q_typed_residual_context=1.041239 sequence=454.048048
[b15-round5/prefix_toplist_sa/epoch_012/q_typed_residual_context/a0.10/d16] [plan iscas99__b15_1] [plan] step=172 node=N2721 type=control1 q_typed_residual_context=1.755347 sequence=455.803395
[b15-round5/prefix_toplist_sa/epoch_012/q_typed_residual_context/a0.10/d16] [plan iscas99__b15_1] [plan] step=173 node=N765 type=observe q_typed_residual_context=1.593462 sequence=457.396857
[b15-round5/prefix_toplist_sa/epoch_012/q_typed_residual_context/a0.10/d16] [plan iscas99__b15_1] [plan] step=174 node=N1688 type=observe q_typed_residual_context=0.694877 sequence=458.091734
[b15-round5/prefix_toplist_sa/epoch_012/q_typed_residual_context/a0.10/d16] [plan iscas99__b15_1] [plan] step=175 node=N5473 type=observe q_typed_residual_context=1.560566 sequence=459.652300
[b15-round5/prefix_toplist_sa/epoch_012/q_typed_residual_context/a0.10/d16] [plan iscas99__b15_1] [plan] step=176 node=N706 type=observe q_typed_residual_context=1.844112 sequence=461.496412
[b15-round5/prefix_toplist_sa/epoch_012/q_typed_residual_context/a0.10/d16] [plan iscas99__b15_1] [plan] step=177 node=N7436 type=observe q_typed_residual_context=1.570521 sequence=463.066933
[b15-round5/prefix_toplist_sa/epoch_012/q_typed_residual_context/a0.10/d16] [plan iscas99__b15_1] [plan] step=178 node=N705 type=observe q_typed_residual_context=2.263296 sequence=465.330229
[b15-round5/prefix_toplist_sa/epoch_012/q_typed_residual_context/a0.10/d16] [plan iscas99__b15_1] [plan] step=179 node=N5456 type=observe q_typed_residual_context=1.807572 sequence=467.137801
[b15-round5/prefix_toplist_sa/epoch_012/q_typed_residual_context/a0.10/d16] [plan iscas99__b15_1] [plan] step=180 node=N6673 type=observe q_typed_residual_context=2.233367 sequence=469.371168
[b15-round5/prefix_toplist_sa/epoch_012/q_typed_residual_context/a0.10/d16] [plan iscas99__b15_1] [plan] step=181 node=N1987 type=observe q_typed_residual_context=1.493792 sequence=470.864959
[b15-round5/prefix_toplist_sa/epoch_012/q_typed_residual_context/a0.10/d16] [plan iscas99__b15_1] [plan] step=182 node=N679 type=observe q_typed_residual_context=4.480606 sequence=475.345565
[b15-round5/prefix_toplist_sa/epoch_012/q_typed_residual_context/a0.10/d16] [plan iscas99__b15_1] [plan] step=183 node=N5439 type=observe q_typed_residual_context=6.835673 sequence=482.181239
[b15-round5/prefix_toplist_sa/epoch_012/q_typed_residual_context/a0.10/d16] [plan iscas99__b15_1] [plan] step=184 node=N756 type=observe q_typed_residual_context=6.470755 sequence=488.651994
[b15-round5/prefix_toplist_sa/epoch_012/q_typed_residual_context/a0.10/d16] [plan iscas99__b15_1] [plan] step=185 node=N2580 type=control1 q_typed_residual_context=7.327667 sequence=495.979661
[b15-round5/prefix_toplist_sa/epoch_012/q_typed_residual_context/a0.10/d16] [plan iscas99__b15_1] [plan] step=186 node=N7439 type=observe q_typed_residual_context=6.849439 sequence=502.829099
[b15-round5/prefix_toplist_sa/epoch_012/q_typed_residual_context/a0.10/d16] [plan iscas99__b15_1] [plan] step=187 node=N2151 type=observe q_typed_residual_context=2.562933 sequence=505.392032
[b15-round5/prefix_toplist_sa/epoch_012/q_typed_residual_context/a0.10/d16] [plan iscas99__b15_1] [plan] step=188 node=N719 type=observe q_typed_residual_context=6.061556 sequence=511.453588
[b15-round5/prefix_toplist_sa/epoch_012/q_typed_residual_context/a0.10/d16] [plan iscas99__b15_1] [plan] step=189 node=N2072 type=observe q_typed_residual_context=5.934446 sequence=517.388034
[b15-round5/prefix_toplist_sa/epoch_012/q_typed_residual_context/a0.10/d16] [plan iscas99__b15_1] [plan] step=190 node=N734 type=observe q_typed_residual_context=6.194354 sequence=523.582389
[b15-round5/prefix_toplist_sa/epoch_012/q_typed_residual_context/a0.10/d16] [plan iscas99__b15_1] [plan] step=191 node=N1879 type=observe q_typed_residual_context=6.397195 sequence=529.979584
[b15-round5/prefix_toplist_sa/epoch_012/q_typed_residual_context/a0.10/d16] [plan iscas99__b15_1] [plan] step=192 node=N5334 type=observe q_typed_residual_context=7.602708 sequence=537.582292
[b15-round5/prefix_toplist_sa/epoch_012/q_typed_residual_context/a0.10/d16] [plan iscas99__b15_1] [plan] step=193 node=N5422 type=observe q_typed_residual_context=7.079467 sequence=544.661759
[b15-round5/prefix_toplist_sa/epoch_012/q_typed_residual_context/a0.10/d16] [plan iscas99__b15_1] [plan] step=194 node=N708 type=observe q_typed_residual_context=1.164368 sequence=545.826127
[b15-round5/prefix_toplist_sa/epoch_012/q_typed_residual_context/a0.10/d16] [plan iscas99__b15_1] [plan] step=195 node=N1598 type=observe q_typed_residual_context=6.426906 sequence=552.253033
[b15-round5/prefix_toplist_sa/epoch_012/q_typed_residual_context/a0.10/d16] [plan iscas99__b15_1] [plan] step=196 node=N7404 type=observe q_typed_residual_context=6.090917 sequence=558.343951
[b15-round5/prefix_toplist_sa/epoch_012/q_typed_residual_context/a0.10/d16] [plan iscas99__b15_1] [plan] step=197 node=N6581 type=observe q_typed_residual_context=0.903478 sequence=559.247429
[b15-round5/prefix_toplist_sa/epoch_012/q_typed_residual_context/a0.10/d16] [plan iscas99__b15_1] [plan] step=198 node=N699 type=observe q_typed_residual_context=6.110337 sequence=565.357766
[b15-round5/prefix_toplist_sa/epoch_012/q_typed_residual_context/a0.10/d16] [plan iscas99__b15_1] [plan] step=199 node=N759 type=observe q_typed_residual_context=6.179001 sequence=571.536767
[b15-round5/prefix_toplist_sa/epoch_012/q_typed_residual_context/a0.10/d16] [plan iscas99__b15_1] [plan] step=200 node=N729 type=observe q_typed_residual_context=7.287158 sequence=578.823925
[b15-round5/prefix_toplist_sa/epoch_012/q_typed_residual_context/a0.10/d16] [plan iscas99__b15_1] [plan] step=201 node=N1351 type=observe q_typed_residual_context=2.024678 sequence=580.848603
[b15-round5/prefix_toplist_sa/epoch_012/q_typed_residual_context/a0.10/d16] [plan iscas99__b15_1] [plan] step=202 node=N686 type=observe q_typed_residual_context=6.131058 sequence=586.979661
[b15-round5/prefix_toplist_sa/epoch_012/q_typed_residual_context/a0.10/d16] [plan iscas99__b15_1] [plan] step=203 node=N7381 type=observe q_typed_residual_context=4.800966 sequence=591.780627
[b15-round5/prefix_toplist_sa/epoch_012/q_typed_residual_context/a0.10/d16] [plan iscas99__b15_1] [plan] step=204 node=N689 type=observe q_typed_residual_context=3.895690 sequence=595.676317
[b15-round5/prefix_toplist_sa/epoch_012/q_typed_residual_context/a0.10/d16] [plan iscas99__b15_1] [plan] step=205 node=N7380 type=observe q_typed_residual_context=4.017722 sequence=599.694038
[b15-round5/prefix_toplist_sa/epoch_012/q_typed_residual_context/a0.10/d16] [plan iscas99__b15_1] [plan] step=206 node=N684 type=observe q_typed_residual_context=3.509336 sequence=603.203374
[b15-round5/prefix_toplist_sa/epoch_012/q_typed_residual_context/a0.10/d16] [plan iscas99__b15_1] [plan] step=207 node=N2243 type=observe q_typed_residual_context=5.496607 sequence=608.699981
[b15-round5/prefix_toplist_sa/epoch_012/q_typed_residual_context/a0.10/d16] [plan iscas99__b15_1] [plan] step=208 node=N6660 type=observe q_typed_residual_context=4.850736 sequence=613.550717
[b15-round5/prefix_toplist_sa/epoch_012/q_typed_residual_context/a0.10/d16] [plan iscas99__b15_1] [plan] step=209 node=N7382 type=observe q_typed_residual_context=2.380337 sequence=615.931054
[b15-round5/prefix_toplist_sa/epoch_012/q_typed_residual_context/a0.10/d16] [plan iscas99__b15_1] [plan] step=210 node=N5160 type=observe q_typed_residual_context=1.812811 sequence=617.743865
[b15-round5/prefix_toplist_sa/epoch_012/q_typed_residual_context/a0.10/d16] [plan iscas99__b15_1] [plan] step=211 node=N2271 type=observe q_typed_residual_context=3.513211 sequence=621.257076
[b15-round5/prefix_toplist_sa/epoch_012/q_typed_residual_context/a0.10/d16] [plan iscas99__b15_1] [plan] step=212 node=N2159 type=observe q_typed_residual_context=2.433271 sequence=623.690347
[b15-round5/prefix_toplist_sa/epoch_012/q_typed_residual_context/a0.10/d16] [plan iscas99__b15_1] [plan] step=213 node=N2259 type=observe q_typed_residual_context=2.162462 sequence=625.852808
[b15-round5/prefix_toplist_sa/epoch_012/q_typed_residual_context/a0.10/d16] [plan iscas99__b15_1] [plan] step=214 node=N7383 type=observe q_typed_residual_context=3.515216 sequence=629.368025
[b15-round5/prefix_toplist_sa/epoch_012/q_typed_residual_context/a0.10/d16] [plan iscas99__b15_1] [plan] step=215 node=N6658 type=observe q_typed_residual_context=1.758304 sequence=631.126329
[b15-round5/prefix_toplist_sa/epoch_012/q_typed_residual_context/a0.10/d16] [plan iscas99__b15_1] [plan] step=216 node=N5111 type=observe q_typed_residual_context=1.101820 sequence=632.228149
[b15-round5/prefix_toplist_sa/epoch_012/q_typed_residual_context/a0.10/d16] [plan iscas99__b15_1] [plan] step=217 node=N2267 type=observe q_typed_residual_context=3.468158 sequence=635.696307
[b15-round5/prefix_toplist_sa/epoch_012/q_typed_residual_context/a0.10/d16] [plan iscas99__b15_1] [plan] step=218 node=N5735 type=observe q_typed_residual_context=3.228236 sequence=638.924543
[b15-round5/prefix_toplist_sa/epoch_012/q_typed_residual_context/a0.10/d16] [plan iscas99__b15_1] [plan] step=219 node=N2263 type=observe q_typed_residual_context=3.674262 sequence=642.598804
[b15-round5/prefix_toplist_sa/epoch_012/q_typed_residual_context/a0.10/d16] [plan iscas99__b15_1] [plan] step=220 node=N5094 type=observe q_typed_residual_context=4.788027 sequence=647.386831
[b15-round5/prefix_toplist_sa/epoch_012/q_typed_residual_context/a0.10/d16] [plan iscas99__b15_1] [plan] step=221 node=N6656 type=observe q_typed_residual_context=3.285379 sequence=650.672210
[b15-round5/prefix_toplist_sa/epoch_012/q_typed_residual_context/a0.10/d16] [plan iscas99__b15_1] [plan] step=222 node=N5373 type=observe q_typed_residual_context=2.032640 sequence=652.704850
[b15-round5/prefix_toplist_sa/epoch_012/q_typed_residual_context/a0.10/d16] [plan iscas99__b15_1] [plan] step=223 node=N695 type=observe q_typed_residual_context=6.309238 sequence=659.014088
[b15-round5/prefix_toplist_sa/epoch_012/q_typed_residual_context/a0.10/d16] [plan iscas99__b15_1] [plan] step=224 node=N2251 type=observe q_typed_residual_context=6.949234 sequence=665.963322
[b15-round5/prefix_toplist_sa/epoch_012/q_typed_residual_context/a0.10/d16] [plan iscas99__b15_1] [plan] step=225 node=N5390 type=observe q_typed_residual_context=4.331401 sequence=670.294724
[b15-round5/prefix_toplist_sa/epoch_012/q_typed_residual_context/a0.10/d16] [plan iscas99__b15_1] [plan] step=226 node=N696 type=observe q_typed_residual_context=5.658893 sequence=675.953616
[b15-round5/prefix_toplist_sa/epoch_012/q_typed_residual_context/a0.10/d16] [plan iscas99__b15_1] [plan] step=227 node=N6537 type=observe q_typed_residual_context=3.037133 sequence=678.990750
[b15-round5/prefix_toplist_sa/epoch_012/q_typed_residual_context/a0.10/d16] [plan iscas99__b15_1] [plan] step=228 node=N7443 type=observe q_typed_residual_context=2.413183 sequence=681.403932
[b15-round5/prefix_toplist_sa/epoch_012/q_typed_residual_context/a0.10/d16] [plan iscas99__b15_1] [plan] step=229 node=N697 type=observe q_typed_residual_context=4.046609 sequence=685.450542
[b15-round5/prefix_toplist_sa/epoch_012/q_typed_residual_context/a0.10/d16] [plan iscas99__b15_1] [plan] step=230 node=N7873 type=control1 q_typed_residual_context=6.871689 sequence=692.322231
[b15-round5/prefix_toplist_sa/epoch_012/q_typed_residual_context/a0.10/d16] [plan iscas99__b15_1] [plan] step=231 node=N6681 type=observe q_typed_residual_context=6.201224 sequence=698.523454
[b15-round5/prefix_toplist_sa/epoch_012/q_typed_residual_context/a0.10/d16] [plan iscas99__b15_1] [plan] step=232 node=N1352 type=observe q_typed_residual_context=6.249919 sequence=704.773373
[b15-round5/prefix_toplist_sa/epoch_012/q_typed_residual_context/a0.10/d16] [plan iscas99__b15_1] [plan] step=233 node=N2247 type=observe q_typed_residual_context=6.095658 sequence=710.869031
[b15-round5/prefix_toplist_sa/epoch_012/q_typed_residual_context/a0.10/d16] [plan iscas99__b15_1] [plan] step=234 node=N2216 type=observe q_typed_residual_context=5.868438 sequence=716.737468
[b15-round5/prefix_toplist_sa/epoch_012/q_typed_residual_context/a0.10/d16] [plan iscas99__b15_1] [plan] step=235 node=N1599 type=observe q_typed_residual_context=2.864687 sequence=719.602156
[b15-round5/prefix_toplist_sa/epoch_012/q_typed_residual_context/a0.10/d16] [plan iscas99__b15_1] [plan] step=236 node=N7444 type=observe q_typed_residual_context=5.143342 sequence=724.745497
[b15-round5/prefix_toplist_sa/epoch_012/q_typed_residual_context/a0.10/d16] [plan iscas99__b15_1] [plan] step=237 node=N680 type=observe q_typed_residual_context=2.055213 sequence=726.800710
[b15-round5/prefix_toplist_sa/epoch_012/q_typed_residual_context/a0.10/d16] [plan iscas99__b15_1] [plan] step=238 node=N764 type=observe q_typed_residual_context=0.904883 sequence=727.705593
[b15-round5/prefix_toplist_sa/epoch_012/q_typed_residual_context/a0.10/d16] [plan iscas99__b15_1] [plan] step=239 node=N2218 type=observe q_typed_residual_context=2.931815 sequence=730.637408
[b15-round5/prefix_toplist_sa/epoch_012/q_typed_residual_context/a0.10/d16] [plan iscas99__b15_1] [plan] step=240 node=N2255 type=observe q_typed_residual_context=5.385672 sequence=736.023080
[b15-round5/prefix_toplist_sa/epoch_012/q_typed_residual_context/a0.10/d16] [plan iscas99__b15_1] [plan] step=241 node=N7452 type=observe q_typed_residual_context=2.346623 sequence=738.369702
[b15-round5/prefix_toplist_sa/epoch_012/q_typed_residual_context/a0.10/d16] [plan iscas99__b15_1] [plan] step=242 node=N732 type=observe q_typed_residual_context=4.253633 sequence=742.623335
[b15-round5/prefix_toplist_sa/epoch_012/q_typed_residual_context/a0.10/d16] [plan iscas99__b15_1] [plan] step=243 node=N2183 type=observe q_typed_residual_context=7.298158 sequence=749.921493
[b15-round5/prefix_toplist_sa/epoch_012/q_typed_residual_context/a0.10/d16] [plan iscas99__b15_1] [plan] step=244 node=N752 type=observe q_typed_residual_context=1.526580 sequence=751.448073
[b15-round5/prefix_toplist_sa/epoch_012/q_typed_residual_context/a0.10/d16] [plan iscas99__b15_1] [plan] step=245 node=N2185 type=observe q_typed_residual_context=5.184232 sequence=756.632306
[b15-round5/prefix_toplist_sa/epoch_012/q_typed_residual_context/a0.10/d16] [plan iscas99__b15_1] [plan] step=246 node=N7391 type=observe q_typed_residual_context=6.280607 sequence=762.912913
[b15-round5/prefix_toplist_sa/epoch_012/q_typed_residual_context/a0.10/d16] [plan iscas99__b15_1] [plan] step=247 node=N733 type=observe q_typed_residual_context=5.603519 sequence=768.516431
[b15-round5/prefix_toplist_sa/epoch_012/q_typed_residual_context/a0.10/d16] [plan iscas99__b15_1] [plan] step=248 node=N2205 type=observe q_typed_residual_context=6.390000 sequence=774.906431
[b15-round5/prefix_toplist_sa/epoch_012/q_typed_residual_context/a0.10/d16] [plan iscas99__b15_1] [plan] step=249 node=N4900 type=observe q_typed_residual_context=5.495210 sequence=780.401641
[b15-round5/prefix_toplist_sa/epoch_012/q_typed_residual_context/a0.10/d16] [plan iscas99__b15_1] [plan] step=250 node=N717 type=observe q_typed_residual_context=6.098997 sequence=786.500638
[b15-round5/prefix_toplist_sa/epoch_012/q_typed_residual_context/a0.10/d16] [plan iscas99__b15_1] [plan] step=251 node=N2203 type=observe q_typed_residual_context=6.096998 sequence=792.597636
[b15-round5/prefix_toplist_sa/epoch_012/q_typed_residual_context/a0.10/d16] [plan iscas99__b15_1] [plan] step=252 node=N6562 type=observe q_typed_residual_context=5.856362 sequence=798.453998
[b15-round5/prefix_toplist_sa/epoch_012/q_typed_residual_context/a0.10/d16] [plan iscas99__b15_1] [plan] step=253 node=N2201 type=observe q_typed_residual_context=6.157739 sequence=804.611737
[b15-round5/prefix_toplist_sa/epoch_012/q_typed_residual_context/a0.10/d16] [plan iscas99__b15_1] [plan] step=254 node=N735 type=observe q_typed_residual_context=6.097009 sequence=810.708746
[b15-round5/prefix_toplist_sa/epoch_012/q_typed_residual_context/a0.10/d16] [plan iscas99__b15_1] [plan] step=255 node=N2226 type=observe q_typed_residual_context=6.078098 sequence=816.786844
[b15-round5/prefix_toplist_sa/epoch_012/q_typed_residual_context/a0.10/d16] [plan iscas99__b15_1] [plan] step=256 node=N7440 type=observe q_typed_residual_context=4.252299 sequence=821.039143
[b15-round5/prefix_toplist_sa/epoch_012/q_typed_residual_context/a0.10/d16] [plan iscas99__b15_1] [plan] step=257 node=N2779 type=control1 q_typed_residual_context=3.166549 sequence=824.205692
[b15-round5/prefix_toplist_sa/epoch_012/q_typed_residual_context/a0.10/d16] [plan iscas99__b15_1] [plan] step=258 node=N6680 type=observe q_typed_residual_context=1.300273 sequence=825.505965
[b15-round5/prefix_toplist_sa/epoch_012/q_typed_residual_context/a0.10/d16] [plan iscas99__b15_1] [plan] step=259 node=N2220 type=observe q_typed_residual_context=5.470382 sequence=830.976347
[b15-round5/prefix_toplist_sa/epoch_012/q_typed_residual_context/a0.10/d16] [plan iscas99__b15_1] [plan] step=260 node=N1348 type=observe q_typed_residual_context=6.839127 sequence=837.815474
[b15-round5/prefix_toplist_sa/epoch_012/q_typed_residual_context/a0.10/d16] [plan iscas99__b15_1] [plan] step=261 node=N2212 type=observe q_typed_residual_context=4.800540 sequence=842.616014
[b15-round5/prefix_toplist_sa/epoch_012/q_typed_residual_context/a0.10/d16] [plan iscas99__b15_1] [plan] step=262 node=N2214 type=observe q_typed_residual_context=5.717989 sequence=848.334003
[b15-round5/prefix_toplist_sa/epoch_012/q_typed_residual_context/a0.10/d16] [plan iscas99__b15_1] [plan] step=263 node=N7542 type=control0 q_typed_residual_context=7.360276 sequence=855.694279
[b15-round5/prefix_toplist_sa/epoch_012/q_typed_residual_context/a0.10/d16] [plan iscas99__b15_1] [plan] step=264 node=N8470 type=observe q_typed_residual_context=6.703168 sequence=862.397448
[b15-round5/prefix_toplist_sa/epoch_012/q_typed_residual_context/a0.10/d16] [plan iscas99__b15_1] [plan] step=265 node=N1347 type=observe q_typed_residual_context=5.736512 sequence=868.133960
[b15-round5/prefix_toplist_sa/epoch_012/q_typed_residual_context/a0.10/d16] [plan iscas99__b15_1] [plan] step=266 node=N6582 type=observe q_typed_residual_context=5.849031 sequence=873.982991
[b15-round5/prefix_toplist_sa/epoch_012/q_typed_residual_context/a0.10/d16] [plan iscas99__b15_1] [plan] step=267 node=N2222 type=observe q_typed_residual_context=6.796284 sequence=880.779275
[b15-round5/prefix_toplist_sa/epoch_012/q_typed_residual_context/a0.10/d16] [plan iscas99__b15_1] [plan] step=268 node=N2207 type=observe q_typed_residual_context=6.752037 sequence=887.531312
[b15-round5/prefix_toplist_sa/epoch_012/q_typed_residual_context/a0.10/d16] [plan iscas99__b15_1] [plan] step=269 node=N4766 type=observe q_typed_residual_context=6.560659 sequence=894.091971
[b15-round5/prefix_toplist_sa/epoch_012/q_typed_residual_context/a0.10/d16] [plan iscas99__b15_1] [plan] step=270 node=N6564 type=observe q_typed_residual_context=6.605422 sequence=900.697393
[b15-round5/prefix_toplist_sa/epoch_012/q_typed_residual_context/a0.10/d16] [plan iscas99__b15_1] [plan] step=271 node=N730 type=observe q_typed_residual_context=6.728826 sequence=907.426219
[b15-round5/prefix_toplist_sa/epoch_012/q_typed_residual_context/a0.10/d16] [plan iscas99__b15_1] [plan] step=272 node=N2209 type=observe q_typed_residual_context=6.713111 sequence=914.139330
[b15-round5/prefix_toplist_sa/epoch_012/q_typed_residual_context/a0.10/d16] [plan iscas99__b15_1] [plan] step=273 node=N4758 type=observe q_typed_residual_context=5.030462 sequence=919.169792
[b15-round5/prefix_toplist_sa/epoch_012/q_typed_residual_context/a0.10/d16] [plan iscas99__b15_1] [plan] step=274 node=N6962 type=observe q_typed_residual_context=6.074181 sequence=925.243972
[b15-round5/prefix_toplist_sa/epoch_012/q_typed_residual_context/a0.10/d16] [plan iscas99__b15_1] [plan] step=275 node=N685 type=observe q_typed_residual_context=6.859541 sequence=932.103513
[b15-round5/prefix_toplist_sa/epoch_012/q_typed_residual_context/a0.10/d16] [plan iscas99__b15_1] [plan] step=276 node=N727 type=observe q_typed_residual_context=6.819680 sequence=938.923193
[b15-round5/prefix_toplist_sa/epoch_012/q_typed_residual_context/a0.10/d16] [plan iscas99__b15_1] [plan] step=277 node=N4798 type=observe q_typed_residual_context=6.300512 sequence=945.223705
[b15-round5/prefix_toplist_sa/epoch_012/q_typed_residual_context/a0.10/d16] [plan iscas99__b15_1] [plan] step=278 node=N687 type=observe q_typed_residual_context=6.741076 sequence=951.964782
[b15-round5/prefix_toplist_sa/epoch_012/q_typed_residual_context/a0.10/d16] [plan iscas99__b15_1] saved=autoresearch/loop-260720-0945/model_training_round5/b15_selection/prefix_toplist_sa/epoch_012/q_typed_residual_context/alpha_0p10_decay_16/plans/iscas99__b15_1__greedy__cumulative__q_typed_residual_context__bw1__d1__c48__g1p0__candhard_fault_cluster__div0p0__s0.csv
[b15-round5/prefix_toplist_sa/epoch_012/q_typed_residual_context/a0.10/d16] [gmean] 2026-07-21T05:08:26 [1/1] plan_done benchmark=iscas99__b15_1 plan_sec=157.812 plan_csv=autoresearch/loop-260720-0945/model_training_round5/b15_selection/prefix_toplist_sa/epoch_012/q_typed_residual_context/alpha_0p10_decay_16/plans/iscas99__b15_1__greedy__cumulative__q_typed_residual_context__bw1__d1__c48__g1p0__candhard_fault_cluster__div0p0__s0.csv
[b15-round5/prefix_toplist_sa/epoch_012/q_typed_residual_context/a0.10/d16] [gmean] 2026-07-21T05:08:26 [1/1] eval_start benchmark=iscas99__b15_1 backend=atalanta-bist patterns=300000
[b15-round5/prefix_toplist_sa/epoch_012/q_typed_residual_context/a0.10/d16] [eval iscas99__b15_1] {
[b15-round5/prefix_toplist_sa/epoch_012/q_typed_residual_context/a0.10/d16] [eval iscas99__b15_1]   "records": 2,
[b15-round5/prefix_toplist_sa/epoch_012/q_typed_residual_context/a0.10/d16] [eval iscas99__b15_1]   "labels_csv": "autoresearch/loop-260720-0945/model_training_round5/b15_selection/prefix_toplist_sa/epoch_012/q_typed_residual_context/alpha_0p10_decay_16/evals/iscas99__b15_1__greedy__cumulative__q_typed_residual_context__bw1__d1__c48__g1p0__candhard_fault_cluster__div0p0__s0/labels.csv",
[b15-round5/prefix_toplist_sa/epoch_012/q_typed_residual_context/a0.10/d16] [eval iscas99__b15_1]   "summary_json": "autoresearch/loop-260720-0945/model_training_round5/b15_selection/prefix_toplist_sa/epoch_012/q_typed_residual_context/alpha_0p10_decay_16/evals/iscas99__b15_1__greedy__cumulative__q_typed_residual_context__bw1__d1__c48__g1p0__candhard_fault_cluster__div0p0__s0/summary.json"
[b15-round5/prefix_toplist_sa/epoch_012/q_typed_residual_context/a0.10/d16] [eval iscas99__b15_1] }
[b15-round5/prefix_toplist_sa/epoch_012/q_typed_residual_context/a0.10/d16] [gmean] 2026-07-21T05:08:32 [1/1] eval_done benchmark=iscas99__b15_1 delta_tc=0.12178 plan_sec=157.812 eval_sec=6.073 total_sec=163.898
[b15-round5/prefix_toplist_sa/epoch_012/q_typed_residual_context/a0.10/d16] [gmean] 2026-07-21T05:08:32 variant_done id=greedy__cumulative__q_typed_residual_context__bw1__d1__c48__g1p0__candhard_fault_cluster__div0p0__s0 status=ok macro=0.12178 positives=1 negatives=0 elapsed=163.899
