[b15-round5/prefix_rank_sa/best_final_horizon/q_typed_residual_context/a0.10/d16] [gmean] 2026-07-21T04:51:22 out_dir=autoresearch/loop-260720-0945/model_training_round5/b15_selection/prefix_rank_sa/best_final_horizon/q_typed_residual_context/alpha_0p10_decay_16
[b15-round5/prefix_rank_sa/best_final_horizon/q_typed_residual_context/a0.10/d16] [gmean] 2026-07-21T04:51:22 budgets=iscas99__b15_1:278
[b15-round5/prefix_rank_sa/best_final_horizon/q_typed_residual_context/a0.10/d16] [gmean] 2026-07-21T04:51:22 variant_start id=greedy__cumulative__q_typed_residual_context__bw1__d1__c48__g1p0__candhard_fault_cluster__div0p0__s0
[b15-round5/prefix_rank_sa/best_final_horizon/q_typed_residual_context/a0.10/d16] [gmean] 2026-07-21T04:51:22 [1/1] plan_start benchmark=iscas99__b15_1 budget=278 planner=greedy score=q_typed_residual_context
[b15-round5/prefix_rank_sa/best_final_horizon/q_typed_residual_context/a0.10/d16] [plan iscas99__b15_1] [plan] torch_deterministic=true
[b15-round5/prefix_rank_sa/best_final_horizon/q_typed_residual_context/a0.10/d16] [plan iscas99__b15_1] [plan] candidate_allowlist=autoresearch/original-netlist-recovery-260712/exact_itc99/b15_C/exact_candidate_nodes.txt nodes=7918
[b15-round5/prefix_rank_sa/best_final_horizon/q_typed_residual_context/a0.10/d16] [plan iscas99__b15_1] [plan] latent_norm_clip_ratio=4 latent_norm_limit=30.875631
[b15-round5/prefix_rank_sa/best_final_horizon/q_typed_residual_context/a0.10/d16] [plan iscas99__b15_1] [plan] step=1 node=N677 type=control1 q_typed_residual_context=5.260850 sequence=5.260850
[b15-round5/prefix_rank_sa/best_final_horizon/q_typed_residual_context/a0.10/d16] [plan iscas99__b15_1] [plan] step=2 node=N2155 type=observe q_typed_residual_context=4.730616 sequence=9.991466
[b15-round5/prefix_rank_sa/best_final_horizon/q_typed_residual_context/a0.10/d16] [plan iscas99__b15_1] [plan] step=3 node=N502 type=control1 q_typed_residual_context=2.038058 sequence=12.029524
[b15-round5/prefix_rank_sa/best_final_horizon/q_typed_residual_context/a0.10/d16] [plan iscas99__b15_1] [plan] step=4 node=N762 type=control1 q_typed_residual_context=1.746977 sequence=13.776501
[b15-round5/prefix_rank_sa/best_final_horizon/q_typed_residual_context/a0.10/d16] [plan iscas99__b15_1] [plan] step=5 node=N3756 type=control0 q_typed_residual_context=1.172657 sequence=14.949158
[b15-round5/prefix_rank_sa/best_final_horizon/q_typed_residual_context/a0.10/d16] [plan iscas99__b15_1] [plan] step=6 node=N3644 type=control0 q_typed_residual_context=1.319148 sequence=16.268306
[b15-round5/prefix_rank_sa/best_final_horizon/q_typed_residual_context/a0.10/d16] [plan iscas99__b15_1] [plan] step=7 node=N557 type=control1 q_typed_residual_context=0.910231 sequence=17.178537
[b15-round5/prefix_rank_sa/best_final_horizon/q_typed_residual_context/a0.10/d16] [plan iscas99__b15_1] [plan] step=8 node=N5143 type=observe q_typed_residual_context=1.047680 sequence=18.226217
[b15-round5/prefix_rank_sa/best_final_horizon/q_typed_residual_context/a0.10/d16] [plan iscas99__b15_1] [plan] step=9 node=N507 type=control1 q_typed_residual_context=1.081816 sequence=19.308032
[b15-round5/prefix_rank_sa/best_final_horizon/q_typed_residual_context/a0.10/d16] [plan iscas99__b15_1] [plan] step=10 node=N3742 type=control0 q_typed_residual_context=1.190147 sequence=20.498179
[b15-round5/prefix_rank_sa/best_final_horizon/q_typed_residual_context/a0.10/d16] [plan iscas99__b15_1] [plan] step=11 node=N564 type=control1 q_typed_residual_context=2.520862 sequence=23.019041
[b15-round5/prefix_rank_sa/best_final_horizon/q_typed_residual_context/a0.10/d16] [plan iscas99__b15_1] [plan] step=12 node=N5723 type=control0 q_typed_residual_context=1.177943 sequence=24.196985
[b15-round5/prefix_rank_sa/best_final_horizon/q_typed_residual_context/a0.10/d16] [plan iscas99__b15_1] [plan] step=13 node=N2081 type=observe q_typed_residual_context=1.234796 sequence=25.431781
[b15-round5/prefix_rank_sa/best_final_horizon/q_typed_residual_context/a0.10/d16] [plan iscas99__b15_1] [plan] step=14 node=N737 type=control1 q_typed_residual_context=1.542430 sequence=26.974211
[b15-round5/prefix_rank_sa/best_final_horizon/q_typed_residual_context/a0.10/d16] [plan iscas99__b15_1] [plan] step=15 node=N580 type=control1 q_typed_residual_context=2.893109 sequence=29.867321
[b15-round5/prefix_rank_sa/best_final_horizon/q_typed_residual_context/a0.10/d16] [plan iscas99__b15_1] [plan] step=16 node=N5203 type=control1 q_typed_residual_context=3.125491 sequence=32.992812
[b15-round5/prefix_rank_sa/best_final_horizon/q_typed_residual_context/a0.10/d16] [plan iscas99__b15_1] [plan] step=17 node=N2153 type=observe q_typed_residual_context=1.991451 sequence=34.984263
[b15-round5/prefix_rank_sa/best_final_horizon/q_typed_residual_context/a0.10/d16] [plan iscas99__b15_1] [plan] step=18 node=N1853 type=observe q_typed_residual_context=4.874459 sequence=39.858722
[b15-round5/prefix_rank_sa/best_final_horizon/q_typed_residual_context/a0.10/d16] [plan iscas99__b15_1] [plan] step=19 node=N1860 type=observe q_typed_residual_context=6.369741 sequence=46.228462
[b15-round5/prefix_rank_sa/best_final_horizon/q_typed_residual_context/a0.10/d16] [plan iscas99__b15_1] [plan] step=20 node=N2101 type=observe q_typed_residual_context=5.908002 sequence=52.136465
[b15-round5/prefix_rank_sa/best_final_horizon/q_typed_residual_context/a0.10/d16] [plan iscas99__b15_1] [plan] step=21 node=N1372 type=observe q_typed_residual_context=2.871418 sequence=55.007882
[b15-round5/prefix_rank_sa/best_final_horizon/q_typed_residual_context/a0.10/d16] [plan iscas99__b15_1] [plan] step=22 node=N582 type=control1 q_typed_residual_context=7.176641 sequence=62.184523
[b15-round5/prefix_rank_sa/best_final_horizon/q_typed_residual_context/a0.10/d16] [plan iscas99__b15_1] [plan] step=23 node=N1532 type=observe q_typed_residual_context=5.343945 sequence=67.528468
[b15-round5/prefix_rank_sa/best_final_horizon/q_typed_residual_context/a0.10/d16] [plan iscas99__b15_1] [plan] step=24 node=N7516 type=observe q_typed_residual_context=6.402222 sequence=73.930690
[b15-round5/prefix_rank_sa/best_final_horizon/q_typed_residual_context/a0.10/d16] [plan iscas99__b15_1] [plan] step=25 node=N496 type=control1 q_typed_residual_context=3.458452 sequence=77.389142
[b15-round5/prefix_rank_sa/best_final_horizon/q_typed_residual_context/a0.10/d16] [plan iscas99__b15_1] [plan] step=26 node=N766 type=control1 q_typed_residual_context=1.595735 sequence=78.984877
[b15-round5/prefix_rank_sa/best_final_horizon/q_typed_residual_context/a0.10/d16] [plan iscas99__b15_1] [plan] step=27 node=N1437 type=control1 q_typed_residual_context=4.468038 sequence=83.452915
[b15-round5/prefix_rank_sa/best_final_horizon/q_typed_residual_context/a0.10/d16] [plan iscas99__b15_1] [plan] step=28 node=N5234 type=observe q_typed_residual_context=6.087182 sequence=89.540097
[b15-round5/prefix_rank_sa/best_final_horizon/q_typed_residual_context/a0.10/d16] [plan iscas99__b15_1] [plan] step=29 node=N7511 type=control1 q_typed_residual_context=4.047923 sequence=93.588020
[b15-round5/prefix_rank_sa/best_final_horizon/q_typed_residual_context/a0.10/d16] [plan iscas99__b15_1] [plan] step=30 node=N7411 type=control1 q_typed_residual_context=0.903402 sequence=94.491422
[b15-round5/prefix_rank_sa/best_final_horizon/q_typed_residual_context/a0.10/d16] [plan iscas99__b15_1] [plan] step=31 node=N4635 type=control0 q_typed_residual_context=8.342511 sequence=102.833933
[b15-round5/prefix_rank_sa/best_final_horizon/q_typed_residual_context/a0.10/d16] [plan iscas99__b15_1] [plan] step=32 node=N2042 type=observe q_typed_residual_context=0.419926 sequence=103.253858
[b15-round5/prefix_rank_sa/best_final_horizon/q_typed_residual_context/a0.10/d16] [plan iscas99__b15_1] [plan] step=33 node=N583 type=control1 q_typed_residual_context=6.106626 sequence=109.360485
[b15-round5/prefix_rank_sa/best_final_horizon/q_typed_residual_context/a0.10/d16] [plan iscas99__b15_1] [plan] step=34 node=N2044 type=observe q_typed_residual_context=3.600869 sequence=112.961353
[b15-round5/prefix_rank_sa/best_final_horizon/q_typed_residual_context/a0.10/d16] [plan iscas99__b15_1] [plan] step=35 node=N2040 type=observe q_typed_residual_context=1.245108 sequence=114.206461
[b15-round5/prefix_rank_sa/best_final_horizon/q_typed_residual_context/a0.10/d16] [plan iscas99__b15_1] [plan] step=36 node=N3903 type=control0 q_typed_residual_context=0.796150 sequence=115.002611
[b15-round5/prefix_rank_sa/best_final_horizon/q_typed_residual_context/a0.10/d16] [plan iscas99__b15_1] [plan] step=37 node=N4649 type=control0 q_typed_residual_context=2.313032 sequence=117.315642
[b15-round5/prefix_rank_sa/best_final_horizon/q_typed_residual_context/a0.10/d16] [plan iscas99__b15_1] [plan] step=38 node=N3896 type=control0 q_typed_residual_context=0.937428 sequence=118.253070
[b15-round5/prefix_rank_sa/best_final_horizon/q_typed_residual_context/a0.10/d16] [plan iscas99__b15_1] [plan] step=39 node=N4656 type=control0 q_typed_residual_context=3.064830 sequence=121.317900
[b15-round5/prefix_rank_sa/best_final_horizon/q_typed_residual_context/a0.10/d16] [plan iscas99__b15_1] [plan] step=40 node=N3889 type=control0 q_typed_residual_context=0.876253 sequence=122.194152
[b15-round5/prefix_rank_sa/best_final_horizon/q_typed_residual_context/a0.10/d16] [plan iscas99__b15_1] [plan] step=41 node=N3882 type=control0 q_typed_residual_context=1.004822 sequence=123.198974
[b15-round5/prefix_rank_sa/best_final_horizon/q_typed_residual_context/a0.10/d16] [plan iscas99__b15_1] [plan] step=42 node=N3805 type=control0 q_typed_residual_context=0.990128 sequence=124.189103
[b15-round5/prefix_rank_sa/best_final_horizon/q_typed_residual_context/a0.10/d16] [plan iscas99__b15_1] [plan] step=43 node=N4663 type=control0 q_typed_residual_context=1.703400 sequence=125.892503
[b15-round5/prefix_rank_sa/best_final_horizon/q_typed_residual_context/a0.10/d16] [plan iscas99__b15_1] [plan] step=44 node=N3701 type=control0 q_typed_residual_context=1.147550 sequence=127.040052
[b15-round5/prefix_rank_sa/best_final_horizon/q_typed_residual_context/a0.10/d16] [plan iscas99__b15_1] [plan] step=45 node=N4670 type=control0 q_typed_residual_context=2.131722 sequence=129.171774
[b15-round5/prefix_rank_sa/best_final_horizon/q_typed_residual_context/a0.10/d16] [plan iscas99__b15_1] [plan] step=46 node=N7883 type=control1 q_typed_residual_context=1.993132 sequence=131.164906
[b15-round5/prefix_rank_sa/best_final_horizon/q_typed_residual_context/a0.10/d16] [plan iscas99__b15_1] [plan] step=47 node=N7884 type=control1 q_typed_residual_context=1.813736 sequence=132.978642
[b15-round5/prefix_rank_sa/best_final_horizon/q_typed_residual_context/a0.10/d16] [plan iscas99__b15_1] [plan] step=48 node=N7882 type=control1 q_typed_residual_context=2.003792 sequence=134.982434
[b15-round5/prefix_rank_sa/best_final_horizon/q_typed_residual_context/a0.10/d16] [plan iscas99__b15_1] [plan] step=49 node=N4677 type=control0 q_typed_residual_context=3.004717 sequence=137.987151
[b15-round5/prefix_rank_sa/best_final_horizon/q_typed_residual_context/a0.10/d16] [plan iscas99__b15_1] [plan] step=50 node=N7885 type=control1 q_typed_residual_context=1.536728 sequence=139.523879
[b15-round5/prefix_rank_sa/best_final_horizon/q_typed_residual_context/a0.10/d16] [plan iscas99__b15_1] [plan] step=51 node=N7886 type=control1 q_typed_residual_context=1.390060 sequence=140.913939
[b15-round5/prefix_rank_sa/best_final_horizon/q_typed_residual_context/a0.10/d16] [plan iscas99__b15_1] [plan] step=52 node=N4684 type=control0 q_typed_residual_context=2.081198 sequence=142.995136
[b15-round5/prefix_rank_sa/best_final_horizon/q_typed_residual_context/a0.10/d16] [plan iscas99__b15_1] [plan] step=53 node=N704 type=observe q_typed_residual_context=2.002192 sequence=144.997328
[b15-round5/prefix_rank_sa/best_final_horizon/q_typed_residual_context/a0.10/d16] [plan iscas99__b15_1] [plan] step=54 node=N3911 type=control0 q_typed_residual_context=0.955364 sequence=145.952692
[b15-round5/prefix_rank_sa/best_final_horizon/q_typed_residual_context/a0.10/d16] [plan iscas99__b15_1] [plan] step=55 node=N4691 type=control0 q_typed_residual_context=2.059623 sequence=148.012316
[b15-round5/prefix_rank_sa/best_final_horizon/q_typed_residual_context/a0.10/d16] [plan iscas99__b15_1] [plan] step=56 node=N4698 type=control0 q_typed_residual_context=1.812827 sequence=149.825143
[b15-round5/prefix_rank_sa/best_final_horizon/q_typed_residual_context/a0.10/d16] [plan iscas99__b15_1] [plan] step=57 node=N724 type=observe q_typed_residual_context=1.576416 sequence=151.401559
[b15-round5/prefix_rank_sa/best_final_horizon/q_typed_residual_context/a0.10/d16] [plan iscas99__b15_1] [plan] step=58 node=N4705 type=control0 q_typed_residual_context=1.812337 sequence=153.213896
[b15-round5/prefix_rank_sa/best_final_horizon/q_typed_residual_context/a0.10/d16] [plan iscas99__b15_1] [plan] step=59 node=N7888 type=control1 q_typed_residual_context=1.095632 sequence=154.309528
[b15-round5/prefix_rank_sa/best_final_horizon/q_typed_residual_context/a0.10/d16] [plan iscas99__b15_1] [plan] step=60 node=N3862 type=control0 q_typed_residual_context=1.149786 sequence=155.459315
[b15-round5/prefix_rank_sa/best_final_horizon/q_typed_residual_context/a0.10/d16] [plan iscas99__b15_1] [plan] step=61 node=N4712 type=control0 q_typed_residual_context=1.815264 sequence=157.274579
[b15-round5/prefix_rank_sa/best_final_horizon/q_typed_residual_context/a0.10/d16] [plan iscas99__b15_1] [plan] step=62 node=N4716 type=control0 q_typed_residual_context=1.731231 sequence=159.005810
[b15-round5/prefix_rank_sa/best_final_horizon/q_typed_residual_context/a0.10/d16] [plan iscas99__b15_1] [plan] step=63 node=N3855 type=control0 q_typed_residual_context=1.096366 sequence=160.102176
[b15-round5/prefix_rank_sa/best_final_horizon/q_typed_residual_context/a0.10/d16] [plan iscas99__b15_1] [plan] step=64 node=N7471 type=control0 q_typed_residual_context=1.368679 sequence=161.470855
[b15-round5/prefix_rank_sa/best_final_horizon/q_typed_residual_context/a0.10/d16] [plan iscas99__b15_1] [plan] step=65 node=N7889 type=control1 q_typed_residual_context=1.698175 sequence=163.169030
[b15-round5/prefix_rank_sa/best_final_horizon/q_typed_residual_context/a0.10/d16] [plan iscas99__b15_1] [plan] step=66 node=N713 type=observe q_typed_residual_context=2.671763 sequence=165.840793
[b15-round5/prefix_rank_sa/best_final_horizon/q_typed_residual_context/a0.10/d16] [plan iscas99__b15_1] [plan] step=67 node=N3848 type=control0 q_typed_residual_context=1.599034 sequence=167.439827
[b15-round5/prefix_rank_sa/best_final_horizon/q_typed_residual_context/a0.10/d16] [plan iscas99__b15_1] [plan] step=68 node=N3827 type=control0 q_typed_residual_context=1.874889 sequence=169.314717
[b15-round5/prefix_rank_sa/best_final_horizon/q_typed_residual_context/a0.10/d16] [plan iscas99__b15_1] [plan] step=69 node=N3820 type=control0 q_typed_residual_context=2.099350 sequence=171.414066
[b15-round5/prefix_rank_sa/best_final_horizon/q_typed_residual_context/a0.10/d16] [plan iscas99__b15_1] [plan] step=70 node=N3813 type=control0 q_typed_residual_context=2.197415 sequence=173.611481
[b15-round5/prefix_rank_sa/best_final_horizon/q_typed_residual_context/a0.10/d16] [plan iscas99__b15_1] [plan] step=71 node=N3799 type=control0 q_typed_residual_context=2.335675 sequence=175.947156
[b15-round5/prefix_rank_sa/best_final_horizon/q_typed_residual_context/a0.10/d16] [plan iscas99__b15_1] [plan] step=72 node=N3792 type=control0 q_typed_residual_context=2.389361 sequence=178.336516
[b15-round5/prefix_rank_sa/best_final_horizon/q_typed_residual_context/a0.10/d16] [plan iscas99__b15_1] [plan] step=73 node=N3785 type=control0 q_typed_residual_context=2.531167 sequence=180.867683
[b15-round5/prefix_rank_sa/best_final_horizon/q_typed_residual_context/a0.10/d16] [plan iscas99__b15_1] [plan] step=74 node=N3722 type=control0 q_typed_residual_context=2.782754 sequence=183.650437
[b15-round5/prefix_rank_sa/best_final_horizon/q_typed_residual_context/a0.10/d16] [plan iscas99__b15_1] [plan] step=75 node=N7881 type=control1 q_typed_residual_context=2.332579 sequence=185.983016
[b15-round5/prefix_rank_sa/best_final_horizon/q_typed_residual_context/a0.10/d16] [plan iscas99__b15_1] [plan] step=76 node=N7887 type=control1 q_typed_residual_context=3.430262 sequence=189.413277
[b15-round5/prefix_rank_sa/best_final_horizon/q_typed_residual_context/a0.10/d16] [plan iscas99__b15_1] [plan] step=77 node=N4585 type=control0 q_typed_residual_context=3.583883 sequence=192.997161
[b15-round5/prefix_rank_sa/best_final_horizon/q_typed_residual_context/a0.10/d16] [plan iscas99__b15_1] [plan] step=78 node=N7890 type=control1 q_typed_residual_context=2.559039 sequence=195.556199
[b15-round5/prefix_rank_sa/best_final_horizon/q_typed_residual_context/a0.10/d16] [plan iscas99__b15_1] [plan] step=79 node=N4578 type=control0 q_typed_residual_context=3.593639 sequence=199.149838
[b15-round5/prefix_rank_sa/best_final_horizon/q_typed_residual_context/a0.10/d16] [plan iscas99__b15_1] [plan] step=80 node=N4564 type=control0 q_typed_residual_context=2.989000 sequence=202.138838
[b15-round5/prefix_rank_sa/best_final_horizon/q_typed_residual_context/a0.10/d16] [plan iscas99__b15_1] [plan] step=81 node=N3897 type=control0 q_typed_residual_context=2.938231 sequence=205.077069
[b15-round5/prefix_rank_sa/best_final_horizon/q_typed_residual_context/a0.10/d16] [plan iscas99__b15_1] [plan] step=82 node=N3904 type=control0 q_typed_residual_context=3.040939 sequence=208.118008
[b15-round5/prefix_rank_sa/best_final_horizon/q_typed_residual_context/a0.10/d16] [plan iscas99__b15_1] [plan] step=83 node=N3841 type=control0 q_typed_residual_context=2.654735 sequence=210.772743
[b15-round5/prefix_rank_sa/best_final_horizon/q_typed_residual_context/a0.10/d16] [plan iscas99__b15_1] [plan] step=84 node=N4557 type=control0 q_typed_residual_context=2.475980 sequence=213.248723
[b15-round5/prefix_rank_sa/best_final_horizon/q_typed_residual_context/a0.10/d16] [plan iscas99__b15_1] [plan] step=85 node=N4606 type=control0 q_typed_residual_context=2.710842 sequence=215.959565
[b15-round5/prefix_rank_sa/best_final_horizon/q_typed_residual_context/a0.10/d16] [plan iscas99__b15_1] [plan] step=86 node=N1539 type=control0 q_typed_residual_context=2.677889 sequence=218.637455
[b15-round5/prefix_rank_sa/best_final_horizon/q_typed_residual_context/a0.10/d16] [plan iscas99__b15_1] [plan] step=87 node=N519 type=control1 q_typed_residual_context=3.307903 sequence=221.945358
[b15-round5/prefix_rank_sa/best_final_horizon/q_typed_residual_context/a0.10/d16] [plan iscas99__b15_1] [plan] step=88 node=N7722 type=control0 q_typed_residual_context=2.095730 sequence=224.041088
[b15-round5/prefix_rank_sa/best_final_horizon/q_typed_residual_context/a0.10/d16] [plan iscas99__b15_1] [plan] step=89 node=N7724 type=control0 q_typed_residual_context=2.003703 sequence=226.044791
[b15-round5/prefix_rank_sa/best_final_horizon/q_typed_residual_context/a0.10/d16] [plan iscas99__b15_1] [plan] step=90 node=N504 type=control1 q_typed_residual_context=2.558290 sequence=228.603080
[b15-round5/prefix_rank_sa/best_final_horizon/q_typed_residual_context/a0.10/d16] [plan iscas99__b15_1] [plan] step=91 node=N7891 type=control1 q_typed_residual_context=1.973432 sequence=230.576512
[b15-round5/prefix_rank_sa/best_final_horizon/q_typed_residual_context/a0.10/d16] [plan iscas99__b15_1] [plan] step=92 node=N2079 type=observe q_typed_residual_context=2.340826 sequence=232.917338
[b15-round5/prefix_rank_sa/best_final_horizon/q_typed_residual_context/a0.10/d16] [plan iscas99__b15_1] [plan] step=93 node=N722 type=observe q_typed_residual_context=3.628216 sequence=236.545554
[b15-round5/prefix_rank_sa/best_final_horizon/q_typed_residual_context/a0.10/d16] [plan iscas99__b15_1] [plan] step=94 node=N3681 type=control0 q_typed_residual_context=4.409490 sequence=240.955044
[b15-round5/prefix_rank_sa/best_final_horizon/q_typed_residual_context/a0.10/d16] [plan iscas99__b15_1] [plan] step=95 node=N7846 type=control0 q_typed_residual_context=5.423020 sequence=246.378063
[b15-round5/prefix_rank_sa/best_final_horizon/q_typed_residual_context/a0.10/d16] [plan iscas99__b15_1] [plan] step=96 node=N4520 type=control0 q_typed_residual_context=4.637497 sequence=251.015560
[b15-round5/prefix_rank_sa/best_final_horizon/q_typed_residual_context/a0.10/d16] [plan iscas99__b15_1] [plan] step=97 node=N7408 type=control0 q_typed_residual_context=3.939011 sequence=254.954571
[b15-round5/prefix_rank_sa/best_final_horizon/q_typed_residual_context/a0.10/d16] [plan iscas99__b15_1] [plan] step=98 node=N7541 type=control0 q_typed_residual_context=3.218324 sequence=258.172895
[b15-round5/prefix_rank_sa/best_final_horizon/q_typed_residual_context/a0.10/d16] [plan iscas99__b15_1] [plan] step=99 node=N7723 type=control0 q_typed_residual_context=3.276919 sequence=261.449814
[b15-round5/prefix_rank_sa/best_final_horizon/q_typed_residual_context/a0.10/d16] [plan iscas99__b15_1] [plan] step=100 node=N516 type=control1 q_typed_residual_context=5.027427 sequence=266.477241
[b15-round5/prefix_rank_sa/best_final_horizon/q_typed_residual_context/a0.10/d16] [plan iscas99__b15_1] [plan] step=101 node=N520 type=control1 q_typed_residual_context=3.846753 sequence=270.323994
[b15-round5/prefix_rank_sa/best_final_horizon/q_typed_residual_context/a0.10/d16] [plan iscas99__b15_1] [plan] step=102 node=N7725 type=control0 q_typed_residual_context=3.537846 sequence=273.861840
[b15-round5/prefix_rank_sa/best_final_horizon/q_typed_residual_context/a0.10/d16] [plan iscas99__b15_1] [plan] step=103 node=N7875 type=control1 q_typed_residual_context=4.562494 sequence=278.424334
[b15-round5/prefix_rank_sa/best_final_horizon/q_typed_residual_context/a0.10/d16] [plan iscas99__b15_1] [plan] step=104 node=N7587 type=control1 q_typed_residual_context=3.929214 sequence=282.353548
[b15-round5/prefix_rank_sa/best_final_horizon/q_typed_residual_context/a0.10/d16] [plan iscas99__b15_1] [plan] step=105 node=N555 type=control1 q_typed_residual_context=6.501008 sequence=288.854556
[b15-round5/prefix_rank_sa/best_final_horizon/q_typed_residual_context/a0.10/d16] [plan iscas99__b15_1] [plan] step=106 node=N2340 type=observe q_typed_residual_context=3.757262 sequence=292.611819
[b15-round5/prefix_rank_sa/best_final_horizon/q_typed_residual_context/a0.10/d16] [plan iscas99__b15_1] [plan] step=107 node=N556 type=control1 q_typed_residual_context=6.765402 sequence=299.377221
[b15-round5/prefix_rank_sa/best_final_horizon/q_typed_residual_context/a0.10/d16] [plan iscas99__b15_1] [plan] step=108 node=N7370 type=control1 q_typed_residual_context=3.449066 sequence=302.826287
[b15-round5/prefix_rank_sa/best_final_horizon/q_typed_residual_context/a0.10/d16] [plan iscas99__b15_1] [plan] step=109 node=N513 type=control1 q_typed_residual_context=4.406907 sequence=307.233194
[b15-round5/prefix_rank_sa/best_final_horizon/q_typed_residual_context/a0.10/d16] [plan iscas99__b15_1] [plan] step=110 node=N3124 type=control1 q_typed_residual_context=3.477894 sequence=310.711088
[b15-round5/prefix_rank_sa/best_final_horizon/q_typed_residual_context/a0.10/d16] [plan iscas99__b15_1] [plan] step=111 node=N614 type=control1 q_typed_residual_context=4.058416 sequence=314.769504
[b15-round5/prefix_rank_sa/best_final_horizon/q_typed_residual_context/a0.10/d16] [plan iscas99__b15_1] [plan] step=112 node=N1533 type=control1 q_typed_residual_context=4.771740 sequence=319.541244
[b15-round5/prefix_rank_sa/best_final_horizon/q_typed_residual_context/a0.10/d16] [plan iscas99__b15_1] [plan] step=113 node=N634 type=control1 q_typed_residual_context=3.863562 sequence=323.404806
[b15-round5/prefix_rank_sa/best_final_horizon/q_typed_residual_context/a0.10/d16] [plan iscas99__b15_1] [plan] step=114 node=N7872 type=control1 q_typed_residual_context=3.134593 sequence=326.539400
[b15-round5/prefix_rank_sa/best_final_horizon/q_typed_residual_context/a0.10/d16] [plan iscas99__b15_1] [plan] step=115 node=N7588 type=control1 q_typed_residual_context=5.210581 sequence=331.749980
[b15-round5/prefix_rank_sa/best_final_horizon/q_typed_residual_context/a0.10/d16] [plan iscas99__b15_1] [plan] step=116 node=N5603 type=observe q_typed_residual_context=1.661680 sequence=333.411661
[b15-round5/prefix_rank_sa/best_final_horizon/q_typed_residual_context/a0.10/d16] [plan iscas99__b15_1] [plan] step=117 node=N694 type=observe q_typed_residual_context=4.073130 sequence=337.484791
[b15-round5/prefix_rank_sa/best_final_horizon/q_typed_residual_context/a0.10/d16] [plan iscas99__b15_1] [plan] step=118 node=N7421 type=control1 q_typed_residual_context=5.613797 sequence=343.098587
[b15-round5/prefix_rank_sa/best_final_horizon/q_typed_residual_context/a0.10/d16] [plan iscas99__b15_1] [plan] step=119 node=N7401 type=observe q_typed_residual_context=2.973961 sequence=346.072549
[b15-round5/prefix_rank_sa/best_final_horizon/q_typed_residual_context/a0.10/d16] [plan iscas99__b15_1] [plan] step=120 node=N2102 type=observe q_typed_residual_context=6.986525 sequence=353.059074
[b15-round5/prefix_rank_sa/best_final_horizon/q_typed_residual_context/a0.10/d16] [plan iscas99__b15_1] [plan] step=121 node=N7454 type=observe q_typed_residual_context=1.890486 sequence=354.949560
[b15-round5/prefix_rank_sa/best_final_horizon/q_typed_residual_context/a0.10/d16] [plan iscas99__b15_1] [plan] step=122 node=N7871 type=control1 q_typed_residual_context=1.284307 sequence=356.233867
[b15-round5/prefix_rank_sa/best_final_horizon/q_typed_residual_context/a0.10/d16] [plan iscas99__b15_1] [plan] step=123 node=N1411 type=control0 q_typed_residual_context=3.047455 sequence=359.281323
[b15-round5/prefix_rank_sa/best_final_horizon/q_typed_residual_context/a0.10/d16] [plan iscas99__b15_1] [plan] step=124 node=N3352 type=control1 q_typed_residual_context=1.496388 sequence=360.777711
[b15-round5/prefix_rank_sa/best_final_horizon/q_typed_residual_context/a0.10/d16] [plan iscas99__b15_1] [plan] step=125 node=N578 type=observe q_typed_residual_context=1.022943 sequence=361.800654
[b15-round5/prefix_rank_sa/best_final_horizon/q_typed_residual_context/a0.10/d16] [plan iscas99__b15_1] [plan] step=126 node=N6533 type=observe q_typed_residual_context=1.841357 sequence=363.642011
[b15-round5/prefix_rank_sa/best_final_horizon/q_typed_residual_context/a0.10/d16] [plan iscas99__b15_1] [plan] step=127 node=N706 type=observe q_typed_residual_context=1.287909 sequence=364.929920
[b15-round5/prefix_rank_sa/best_final_horizon/q_typed_residual_context/a0.10/d16] [plan iscas99__b15_1] [plan] step=128 node=N2106 type=observe q_typed_residual_context=1.485702 sequence=366.415622
[b15-round5/prefix_rank_sa/best_final_horizon/q_typed_residual_context/a0.10/d16] [plan iscas99__b15_1] [plan] step=129 node=N2580 type=control1 q_typed_residual_context=1.740067 sequence=368.155689
[b15-round5/prefix_rank_sa/best_final_horizon/q_typed_residual_context/a0.10/d16] [plan iscas99__b15_1] [plan] step=130 node=N7402 type=observe q_typed_residual_context=1.580620 sequence=369.736308
[b15-round5/prefix_rank_sa/best_final_horizon/q_typed_residual_context/a0.10/d16] [plan iscas99__b15_1] [plan] step=131 node=N771 type=observe q_typed_residual_context=0.095023 sequence=369.831331
[b15-round5/prefix_rank_sa/best_final_horizon/q_typed_residual_context/a0.10/d16] [plan iscas99__b15_1] [plan] step=132 node=N638 type=control1 q_typed_residual_context=1.293946 sequence=371.125277
[b15-round5/prefix_rank_sa/best_final_horizon/q_typed_residual_context/a0.10/d16] [plan iscas99__b15_1] [plan] step=133 node=N620 type=control1 q_typed_residual_context=2.407998 sequence=373.533275
[b15-round5/prefix_rank_sa/best_final_horizon/q_typed_residual_context/a0.10/d16] [plan iscas99__b15_1] [plan] step=134 node=N7847 type=control0 q_typed_residual_context=5.716584 sequence=379.249859
[b15-round5/prefix_rank_sa/best_final_horizon/q_typed_residual_context/a0.10/d16] [plan iscas99__b15_1] [plan] step=135 node=N3410 type=control1 q_typed_residual_context=2.635083 sequence=381.884942
[b15-round5/prefix_rank_sa/best_final_horizon/q_typed_residual_context/a0.10/d16] [plan iscas99__b15_1] [plan] step=136 node=N610 type=control1 q_typed_residual_context=2.152115 sequence=384.037057
[b15-round5/prefix_rank_sa/best_final_horizon/q_typed_residual_context/a0.10/d16] [plan iscas99__b15_1] [plan] step=137 node=N3180 type=control1 q_typed_residual_context=2.729863 sequence=386.766919
[b15-round5/prefix_rank_sa/best_final_horizon/q_typed_residual_context/a0.10/d16] [plan iscas99__b15_1] [plan] step=138 node=N2157 type=observe q_typed_residual_context=2.228339 sequence=388.995259
[b15-round5/prefix_rank_sa/best_final_horizon/q_typed_residual_context/a0.10/d16] [plan iscas99__b15_1] [plan] step=139 node=N645 type=control1 q_typed_residual_context=2.087234 sequence=391.082493
[b15-round5/prefix_rank_sa/best_final_horizon/q_typed_residual_context/a0.10/d16] [plan iscas99__b15_1] [plan] step=140 node=N616 type=control1 q_typed_residual_context=2.044036 sequence=393.126529
[b15-round5/prefix_rank_sa/best_final_horizon/q_typed_residual_context/a0.10/d16] [plan iscas99__b15_1] [plan] step=141 node=N7424 type=control1 q_typed_residual_context=1.382065 sequence=394.508595
[b15-round5/prefix_rank_sa/best_final_horizon/q_typed_residual_context/a0.10/d16] [plan iscas99__b15_1] [plan] step=142 node=N636 type=control1 q_typed_residual_context=1.211806 sequence=395.720401
[b15-round5/prefix_rank_sa/best_final_horizon/q_typed_residual_context/a0.10/d16] [plan iscas99__b15_1] [plan] step=143 node=N7877 type=control1 q_typed_residual_context=2.799743 sequence=398.520144
[b15-round5/prefix_rank_sa/best_final_horizon/q_typed_residual_context/a0.10/d16] [plan iscas99__b15_1] [plan] step=144 node=N7879 type=control1 q_typed_residual_context=4.215966 sequence=402.736110
[b15-round5/prefix_rank_sa/best_final_horizon/q_typed_residual_context/a0.10/d16] [plan iscas99__b15_1] [plan] step=145 node=N3295 type=control1 q_typed_residual_context=5.323653 sequence=408.059763
[b15-round5/prefix_rank_sa/best_final_horizon/q_typed_residual_context/a0.10/d16] [plan iscas99__b15_1] [plan] step=146 node=N3467 type=control1 q_typed_residual_context=1.825152 sequence=409.884915
[b15-round5/prefix_rank_sa/best_final_horizon/q_typed_residual_context/a0.10/d16] [plan iscas99__b15_1] [plan] step=147 node=N642 type=control1 q_typed_residual_context=1.796040 sequence=411.680955
[b15-round5/prefix_rank_sa/best_final_horizon/q_typed_residual_context/a0.10/d16] [plan iscas99__b15_1] [plan] step=148 node=N7614 type=observe q_typed_residual_context=1.959291 sequence=413.640246
[b15-round5/prefix_rank_sa/best_final_horizon/q_typed_residual_context/a0.10/d16] [plan iscas99__b15_1] [plan] step=149 node=N649 type=control1 q_typed_residual_context=2.610030 sequence=416.250276
[b15-round5/prefix_rank_sa/best_final_horizon/q_typed_residual_context/a0.10/d16] [plan iscas99__b15_1] [plan] step=150 node=N5740 type=observe q_typed_residual_context=2.994602 sequence=419.244878
[b15-round5/prefix_rank_sa/best_final_horizon/q_typed_residual_context/a0.10/d16] [plan iscas99__b15_1] [plan] step=151 node=N3525 type=control1 q_typed_residual_context=5.969386 sequence=425.214264
[b15-round5/prefix_rank_sa/best_final_horizon/q_typed_residual_context/a0.10/d16] [plan iscas99__b15_1] [plan] step=152 node=N630 type=control1 q_typed_residual_context=3.144910 sequence=428.359174
[b15-round5/prefix_rank_sa/best_final_horizon/q_typed_residual_context/a0.10/d16] [plan iscas99__b15_1] [plan] step=153 node=N6534 type=observe q_typed_residual_context=3.718572 sequence=432.077747
[b15-round5/prefix_rank_sa/best_final_horizon/q_typed_residual_context/a0.10/d16] [plan iscas99__b15_1] [plan] step=154 node=N1607 type=control1 q_typed_residual_context=5.979585 sequence=438.057332
[b15-round5/prefix_rank_sa/best_final_horizon/q_typed_residual_context/a0.10/d16] [plan iscas99__b15_1] [plan] step=155 node=N647 type=control1 q_typed_residual_context=6.065684 sequence=444.123016
[b15-round5/prefix_rank_sa/best_final_horizon/q_typed_residual_context/a0.10/d16] [plan iscas99__b15_1] [plan] step=156 node=N7679 type=observe q_typed_residual_context=4.573938 sequence=448.696954
[b15-round5/prefix_rank_sa/best_final_horizon/q_typed_residual_context/a0.10/d16] [plan iscas99__b15_1] [plan] step=157 node=N1586 type=control1 q_typed_residual_context=1.884916 sequence=450.581870
[b15-round5/prefix_rank_sa/best_final_horizon/q_typed_residual_context/a0.10/d16] [plan iscas99__b15_1] [plan] step=158 node=N2149 type=observe q_typed_residual_context=4.173866 sequence=454.755735
[b15-round5/prefix_rank_sa/best_final_horizon/q_typed_residual_context/a0.10/d16] [plan iscas99__b15_1] [plan] step=159 node=N7385 type=observe q_typed_residual_context=2.257040 sequence=457.012776
[b15-round5/prefix_rank_sa/best_final_horizon/q_typed_residual_context/a0.10/d16] [plan iscas99__b15_1] [plan] step=160 node=N5356 type=observe q_typed_residual_context=2.983134 sequence=459.995910
[b15-round5/prefix_rank_sa/best_final_horizon/q_typed_residual_context/a0.10/d16] [plan iscas99__b15_1] [plan] step=161 node=N712 type=observe q_typed_residual_context=4.354707 sequence=464.350617
[b15-round5/prefix_rank_sa/best_final_horizon/q_typed_residual_context/a0.10/d16] [plan iscas99__b15_1] [plan] step=162 node=N5878 type=observe q_typed_residual_context=2.830802 sequence=467.181419
[b15-round5/prefix_rank_sa/best_final_horizon/q_typed_residual_context/a0.10/d16] [plan iscas99__b15_1] [plan] step=163 node=N5876 type=observe q_typed_residual_context=1.691558 sequence=468.872977
[b15-round5/prefix_rank_sa/best_final_horizon/q_typed_residual_context/a0.10/d16] [plan iscas99__b15_1] [plan] step=164 node=N725 type=observe q_typed_residual_context=1.975160 sequence=470.848137
[b15-round5/prefix_rank_sa/best_final_horizon/q_typed_residual_context/a0.10/d16] [plan iscas99__b15_1] [plan] step=165 node=N714 type=observe q_typed_residual_context=3.041133 sequence=473.889270
[b15-round5/prefix_rank_sa/best_final_horizon/q_typed_residual_context/a0.10/d16] [plan iscas99__b15_1] [plan] step=166 node=N5874 type=observe q_typed_residual_context=2.834835 sequence=476.724104
[b15-round5/prefix_rank_sa/best_final_horizon/q_typed_residual_context/a0.10/d16] [plan iscas99__b15_1] [plan] step=167 node=N7436 type=observe q_typed_residual_context=1.270185 sequence=477.994289
[b15-round5/prefix_rank_sa/best_final_horizon/q_typed_residual_context/a0.10/d16] [plan iscas99__b15_1] [plan] step=168 node=N7627 type=observe q_typed_residual_context=3.858490 sequence=481.852779
[b15-round5/prefix_rank_sa/best_final_horizon/q_typed_residual_context/a0.10/d16] [plan iscas99__b15_1] [plan] step=169 node=N723 type=observe q_typed_residual_context=4.996030 sequence=486.848808
[b15-round5/prefix_rank_sa/best_final_horizon/q_typed_residual_context/a0.10/d16] [plan iscas99__b15_1] [plan] step=170 node=N715 type=observe q_typed_residual_context=6.843938 sequence=493.692746
[b15-round5/prefix_rank_sa/best_final_horizon/q_typed_residual_context/a0.10/d16] [plan iscas99__b15_1] [plan] step=171 node=N1987 type=observe q_typed_residual_context=5.425538 sequence=499.118284
[b15-round5/prefix_rank_sa/best_final_horizon/q_typed_residual_context/a0.10/d16] [plan iscas99__b15_1] [plan] step=172 node=N2072 type=observe q_typed_residual_context=6.096131 sequence=505.214415
[b15-round5/prefix_rank_sa/best_final_horizon/q_typed_residual_context/a0.10/d16] [plan iscas99__b15_1] [plan] step=173 node=N6673 type=observe q_typed_residual_context=1.421954 sequence=506.636369
[b15-round5/prefix_rank_sa/best_final_horizon/q_typed_residual_context/a0.10/d16] [plan iscas99__b15_1] [plan] step=174 node=N5473 type=observe q_typed_residual_context=6.956448 sequence=513.592818
[b15-round5/prefix_rank_sa/best_final_horizon/q_typed_residual_context/a0.10/d16] [plan iscas99__b15_1] [plan] step=175 node=N2151 type=observe q_typed_residual_context=7.668679 sequence=521.261497
[b15-round5/prefix_rank_sa/best_final_horizon/q_typed_residual_context/a0.10/d16] [plan iscas99__b15_1] [plan] step=176 node=N5456 type=observe q_typed_residual_context=1.432764 sequence=522.694260
[b15-round5/prefix_rank_sa/best_final_horizon/q_typed_residual_context/a0.10/d16] [plan iscas99__b15_1] [plan] step=177 node=N5866 type=observe q_typed_residual_context=6.800871 sequence=529.495131
[b15-round5/prefix_rank_sa/best_final_horizon/q_typed_residual_context/a0.10/d16] [plan iscas99__b15_1] [plan] step=178 node=N705 type=observe q_typed_residual_context=2.621291 sequence=532.116422
[b15-round5/prefix_rank_sa/best_final_horizon/q_typed_residual_context/a0.10/d16] [plan iscas99__b15_1] [plan] step=179 node=N7442 type=control0 q_typed_residual_context=6.370435 sequence=538.486857
[b15-round5/prefix_rank_sa/best_final_horizon/q_typed_residual_context/a0.10/d16] [plan iscas99__b15_1] [plan] step=180 node=N7405 type=observe q_typed_residual_context=4.651215 sequence=543.138071
[b15-round5/prefix_rank_sa/best_final_horizon/q_typed_residual_context/a0.10/d16] [plan iscas99__b15_1] [plan] step=181 node=N1598 type=observe q_typed_residual_context=5.237567 sequence=548.375638
[b15-round5/prefix_rank_sa/best_final_horizon/q_typed_residual_context/a0.10/d16] [plan iscas99__b15_1] [plan] step=182 node=N5422 type=observe q_typed_residual_context=6.045102 sequence=554.420740
[b15-round5/prefix_rank_sa/best_final_horizon/q_typed_residual_context/a0.10/d16] [plan iscas99__b15_1] [plan] step=183 node=N703 type=observe q_typed_residual_context=6.289316 sequence=560.710056
[b15-round5/prefix_rank_sa/best_final_horizon/q_typed_residual_context/a0.10/d16] [plan iscas99__b15_1] [plan] step=184 node=N6682 type=observe q_typed_residual_context=5.055712 sequence=565.765768
[b15-round5/prefix_rank_sa/best_final_horizon/q_typed_residual_context/a0.10/d16] [plan iscas99__b15_1] [plan] step=185 node=N5439 type=observe q_typed_residual_context=5.975345 sequence=571.741112
[b15-round5/prefix_rank_sa/best_final_horizon/q_typed_residual_context/a0.10/d16] [plan iscas99__b15_1] [plan] step=186 node=N5202 type=observe q_typed_residual_context=6.603242 sequence=578.344355
[b15-round5/prefix_rank_sa/best_final_horizon/q_typed_residual_context/a0.10/d16] [plan iscas99__b15_1] [plan] step=187 node=N2652 type=control1 q_typed_residual_context=6.394137 sequence=584.738492
[b15-round5/prefix_rank_sa/best_final_horizon/q_typed_residual_context/a0.10/d16] [plan iscas99__b15_1] [plan] step=188 node=N679 type=observe q_typed_residual_context=2.457409 sequence=587.195901
[b15-round5/prefix_rank_sa/best_final_horizon/q_typed_residual_context/a0.10/d16] [plan iscas99__b15_1] [plan] step=189 node=N7439 type=observe q_typed_residual_context=3.368174 sequence=590.564074
[b15-round5/prefix_rank_sa/best_final_horizon/q_typed_residual_context/a0.10/d16] [plan iscas99__b15_1] [plan] step=190 node=N5390 type=observe q_typed_residual_context=2.926249 sequence=593.490323
[b15-round5/prefix_rank_sa/best_final_horizon/q_typed_residual_context/a0.10/d16] [plan iscas99__b15_1] [plan] step=191 node=N2721 type=control1 q_typed_residual_context=7.040053 sequence=600.530377
[b15-round5/prefix_rank_sa/best_final_horizon/q_typed_residual_context/a0.10/d16] [plan iscas99__b15_1] [plan] step=192 node=N2894 type=control1 q_typed_residual_context=1.928253 sequence=602.458630
[b15-round5/prefix_rank_sa/best_final_horizon/q_typed_residual_context/a0.10/d16] [plan iscas99__b15_1] [plan] step=193 node=N6668 type=observe q_typed_residual_context=0.957948 sequence=603.416578
[b15-round5/prefix_rank_sa/best_final_horizon/q_typed_residual_context/a0.10/d16] [plan iscas99__b15_1] [plan] step=194 node=N5334 type=observe q_typed_residual_context=0.939586 sequence=604.356163
[b15-round5/prefix_rank_sa/best_final_horizon/q_typed_residual_context/a0.10/d16] [plan iscas99__b15_1] [plan] step=195 node=N719 type=observe q_typed_residual_context=3.080222 sequence=607.436385
[b15-round5/prefix_rank_sa/best_final_horizon/q_typed_residual_context/a0.10/d16] [plan iscas99__b15_1] [plan] step=196 node=N7473 type=control0 q_typed_residual_context=2.102593 sequence=609.538978
[b15-round5/prefix_rank_sa/best_final_horizon/q_typed_residual_context/a0.10/d16] [plan iscas99__b15_1] [plan] step=197 node=N2952 type=control1 q_typed_residual_context=4.904914 sequence=614.443892
[b15-round5/prefix_rank_sa/best_final_horizon/q_typed_residual_context/a0.10/d16] [plan iscas99__b15_1] [plan] step=198 node=N7380 type=observe q_typed_residual_context=1.436983 sequence=615.880875
[b15-round5/prefix_rank_sa/best_final_horizon/q_typed_residual_context/a0.10/d16] [plan iscas99__b15_1] [plan] step=199 node=N2779 type=control1 q_typed_residual_context=1.664561 sequence=617.545436
[b15-round5/prefix_rank_sa/best_final_horizon/q_typed_residual_context/a0.10/d16] [plan iscas99__b15_1] [plan] step=200 node=N5373 type=observe q_typed_residual_context=0.779688 sequence=618.325124
[b15-round5/prefix_rank_sa/best_final_horizon/q_typed_residual_context/a0.10/d16] [plan iscas99__b15_1] [plan] step=201 node=N6660 type=observe q_typed_residual_context=2.156856 sequence=620.481980
[b15-round5/prefix_rank_sa/best_final_horizon/q_typed_residual_context/a0.10/d16] [plan iscas99__b15_1] [plan] step=202 node=N708 type=observe q_typed_residual_context=2.509078 sequence=622.991058
[b15-round5/prefix_rank_sa/best_final_horizon/q_typed_residual_context/a0.10/d16] [plan iscas99__b15_1] [plan] step=203 node=N734 type=observe q_typed_residual_context=2.460311 sequence=625.451369
[b15-round5/prefix_rank_sa/best_final_horizon/q_typed_residual_context/a0.10/d16] [plan iscas99__b15_1] [plan] step=204 node=N7873 type=control1 q_typed_residual_context=1.295409 sequence=626.746778
[b15-round5/prefix_rank_sa/best_final_horizon/q_typed_residual_context/a0.10/d16] [plan iscas99__b15_1] [plan] step=205 node=N699 type=observe q_typed_residual_context=2.205739 sequence=628.952518
[b15-round5/prefix_rank_sa/best_final_horizon/q_typed_residual_context/a0.10/d16] [plan iscas99__b15_1] [plan] step=206 node=N2837 type=control1 q_typed_residual_context=1.469470 sequence=630.421988
[b15-round5/prefix_rank_sa/best_final_horizon/q_typed_residual_context/a0.10/d16] [plan iscas99__b15_1] [plan] step=207 node=N7383 type=observe q_typed_residual_context=1.397591 sequence=631.819579
[b15-round5/prefix_rank_sa/best_final_horizon/q_typed_residual_context/a0.10/d16] [plan iscas99__b15_1] [plan] step=208 node=N3009 type=control1 q_typed_residual_context=1.305960 sequence=633.125540
[b15-round5/prefix_rank_sa/best_final_horizon/q_typed_residual_context/a0.10/d16] [plan iscas99__b15_1] [plan] step=209 node=N2159 type=observe q_typed_residual_context=0.954574 sequence=634.080114
[b15-round5/prefix_rank_sa/best_final_horizon/q_typed_residual_context/a0.10/d16] [plan iscas99__b15_1] [plan] step=210 node=N7589 type=control1 q_typed_residual_context=0.948467 sequence=635.028581
[b15-round5/prefix_rank_sa/best_final_horizon/q_typed_residual_context/a0.10/d16] [plan iscas99__b15_1] [plan] step=211 node=N6658 type=observe q_typed_residual_context=1.078699 sequence=636.107279
[b15-round5/prefix_rank_sa/best_final_horizon/q_typed_residual_context/a0.10/d16] [plan iscas99__b15_1] [plan] step=212 node=N1351 type=observe q_typed_residual_context=1.597083 sequence=637.704362
[b15-round5/prefix_rank_sa/best_final_horizon/q_typed_residual_context/a0.10/d16] [plan iscas99__b15_1] [plan] step=213 node=N1879 type=observe q_typed_residual_context=0.857031 sequence=638.561393
[b15-round5/prefix_rank_sa/best_final_horizon/q_typed_residual_context/a0.10/d16] [plan iscas99__b15_1] [plan] step=214 node=N686 type=observe q_typed_residual_context=2.225962 sequence=640.787356
[b15-round5/prefix_rank_sa/best_final_horizon/q_typed_residual_context/a0.10/d16] [plan iscas99__b15_1] [plan] step=215 node=N729 type=observe q_typed_residual_context=2.422977 sequence=643.210333
[b15-round5/prefix_rank_sa/best_final_horizon/q_typed_residual_context/a0.10/d16] [plan iscas99__b15_1] [plan] step=216 node=N7381 type=observe q_typed_residual_context=2.815633 sequence=646.025966
[b15-round5/prefix_rank_sa/best_final_horizon/q_typed_residual_context/a0.10/d16] [plan iscas99__b15_1] [plan] step=217 node=N684 type=observe q_typed_residual_context=2.636579 sequence=648.662545
[b15-round5/prefix_rank_sa/best_final_horizon/q_typed_residual_context/a0.10/d16] [plan iscas99__b15_1] [plan] step=218 node=N6656 type=observe q_typed_residual_context=2.074497 sequence=650.737042
[b15-round5/prefix_rank_sa/best_final_horizon/q_typed_residual_context/a0.10/d16] [plan iscas99__b15_1] [plan] step=219 node=N689 type=observe q_typed_residual_context=3.020462 sequence=653.757504
[b15-round5/prefix_rank_sa/best_final_horizon/q_typed_residual_context/a0.10/d16] [plan iscas99__b15_1] [plan] step=220 node=N8790 type=control1 q_typed_residual_context=2.271530 sequence=656.029034
[b15-round5/prefix_rank_sa/best_final_horizon/q_typed_residual_context/a0.10/d16] [plan iscas99__b15_1] [plan] step=221 node=N3067 type=control1 q_typed_residual_context=1.928561 sequence=657.957595
[b15-round5/prefix_rank_sa/best_final_horizon/q_typed_residual_context/a0.10/d16] [plan iscas99__b15_1] [plan] step=222 node=N8240 type=control1 q_typed_residual_context=2.007403 sequence=659.964998
[b15-round5/prefix_rank_sa/best_final_horizon/q_typed_residual_context/a0.10/d16] [plan iscas99__b15_1] [plan] step=223 node=N8789 type=control1 q_typed_residual_context=1.949199 sequence=661.914197
[b15-round5/prefix_rank_sa/best_final_horizon/q_typed_residual_context/a0.10/d16] [plan iscas99__b15_1] [plan] step=224 node=N8239 type=control1 q_typed_residual_context=2.116277 sequence=664.030473
[b15-round5/prefix_rank_sa/best_final_horizon/q_typed_residual_context/a0.10/d16] [plan iscas99__b15_1] [plan] step=225 node=N4460 type=control0 q_typed_residual_context=1.222848 sequence=665.253321
[b15-round5/prefix_rank_sa/best_final_horizon/q_typed_residual_context/a0.10/d16] [plan iscas99__b15_1] [plan] step=226 node=N8607 type=control1 q_typed_residual_context=4.133815 sequence=669.387136
[b15-round5/prefix_rank_sa/best_final_horizon/q_typed_residual_context/a0.10/d16] [plan iscas99__b15_1] [plan] step=227 node=N2243 type=observe q_typed_residual_context=3.180019 sequence=672.567155
[b15-round5/prefix_rank_sa/best_final_horizon/q_typed_residual_context/a0.10/d16] [plan iscas99__b15_1] [plan] step=228 node=N5735 type=observe q_typed_residual_context=1.621592 sequence=674.188747
[b15-round5/prefix_rank_sa/best_final_horizon/q_typed_residual_context/a0.10/d16] [plan iscas99__b15_1] [plan] step=229 node=N7433 type=observe q_typed_residual_context=2.480555 sequence=676.669302
[b15-round5/prefix_rank_sa/best_final_horizon/q_typed_residual_context/a0.10/d16] [plan iscas99__b15_1] [plan] step=230 node=N2271 type=observe q_typed_residual_context=2.476002 sequence=679.145303
[b15-round5/prefix_rank_sa/best_final_horizon/q_typed_residual_context/a0.10/d16] [plan iscas99__b15_1] [plan] step=231 node=N5094 type=observe q_typed_residual_context=2.456081 sequence=681.601384
[b15-round5/prefix_rank_sa/best_final_horizon/q_typed_residual_context/a0.10/d16] [plan iscas99__b15_1] [plan] step=232 node=N1688 type=observe q_typed_residual_context=1.186083 sequence=682.787467
[b15-round5/prefix_rank_sa/best_final_horizon/q_typed_residual_context/a0.10/d16] [plan iscas99__b15_1] [plan] step=233 node=N6659 type=observe q_typed_residual_context=1.867720 sequence=684.655187
[b15-round5/prefix_rank_sa/best_final_horizon/q_typed_residual_context/a0.10/d16] [plan iscas99__b15_1] [plan] step=234 node=N2259 type=observe q_typed_residual_context=5.725930 sequence=690.381117
[b15-round5/prefix_rank_sa/best_final_horizon/q_typed_residual_context/a0.10/d16] [plan iscas99__b15_1] [plan] step=235 node=N5160 type=observe q_typed_residual_context=4.055918 sequence=694.437035
[b15-round5/prefix_rank_sa/best_final_horizon/q_typed_residual_context/a0.10/d16] [plan iscas99__b15_1] [plan] step=236 node=N5111 type=observe q_typed_residual_context=2.856440 sequence=697.293475
[b15-round5/prefix_rank_sa/best_final_horizon/q_typed_residual_context/a0.10/d16] [plan iscas99__b15_1] [plan] step=237 node=N6537 type=observe q_typed_residual_context=2.444539 sequence=699.738014
[b15-round5/prefix_rank_sa/best_final_horizon/q_typed_residual_context/a0.10/d16] [plan iscas99__b15_1] [plan] step=238 node=N2267 type=observe q_typed_residual_context=2.050135 sequence=701.788149
[b15-round5/prefix_rank_sa/best_final_horizon/q_typed_residual_context/a0.10/d16] [plan iscas99__b15_1] [plan] step=239 node=N6685 type=observe q_typed_residual_context=2.158749 sequence=703.946898
[b15-round5/prefix_rank_sa/best_final_horizon/q_typed_residual_context/a0.10/d16] [plan iscas99__b15_1] [plan] step=240 node=N2263 type=observe q_typed_residual_context=5.141769 sequence=709.088667
[b15-round5/prefix_rank_sa/best_final_horizon/q_typed_residual_context/a0.10/d16] [plan iscas99__b15_1] [plan] step=241 node=N695 type=observe q_typed_residual_context=4.533885 sequence=713.622552
[b15-round5/prefix_rank_sa/best_final_horizon/q_typed_residual_context/a0.10/d16] [plan iscas99__b15_1] [plan] step=242 node=N4900 type=observe q_typed_residual_context=2.254104 sequence=715.876657
[b15-round5/prefix_rank_sa/best_final_horizon/q_typed_residual_context/a0.10/d16] [plan iscas99__b15_1] [plan] step=243 node=N2251 type=observe q_typed_residual_context=4.332270 sequence=720.208926
[b15-round5/prefix_rank_sa/best_final_horizon/q_typed_residual_context/a0.10/d16] [plan iscas99__b15_1] [plan] step=244 node=N696 type=observe q_typed_residual_context=4.031709 sequence=724.240636
[b15-round5/prefix_rank_sa/best_final_horizon/q_typed_residual_context/a0.10/d16] [plan iscas99__b15_1] [plan] step=245 node=N6657 type=observe q_typed_residual_context=0.857151 sequence=725.097786
[b15-round5/prefix_rank_sa/best_final_horizon/q_typed_residual_context/a0.10/d16] [plan iscas99__b15_1] [plan] step=246 node=N7444 type=observe q_typed_residual_context=2.660197 sequence=727.757984
[b15-round5/prefix_rank_sa/best_final_horizon/q_typed_residual_context/a0.10/d16] [plan iscas99__b15_1] [plan] step=247 node=N697 type=observe q_typed_residual_context=2.883091 sequence=730.641074
[b15-round5/prefix_rank_sa/best_final_horizon/q_typed_residual_context/a0.10/d16] [plan iscas99__b15_1] [plan] step=248 node=N2247 type=observe q_typed_residual_context=7.170161 sequence=737.811236
[b15-round5/prefix_rank_sa/best_final_horizon/q_typed_residual_context/a0.10/d16] [plan iscas99__b15_1] [plan] step=249 node=N7452 type=observe q_typed_residual_context=6.937763 sequence=744.748998
[b15-round5/prefix_rank_sa/best_final_horizon/q_typed_residual_context/a0.10/d16] [plan iscas99__b15_1] [plan] step=250 node=N1352 type=observe q_typed_residual_context=2.741398 sequence=747.490397
[b15-round5/prefix_rank_sa/best_final_horizon/q_typed_residual_context/a0.10/d16] [plan iscas99__b15_1] [plan] step=251 node=N680 type=observe q_typed_residual_context=2.822000 sequence=750.312397
[b15-round5/prefix_rank_sa/best_final_horizon/q_typed_residual_context/a0.10/d16] [plan iscas99__b15_1] [plan] step=252 node=N6680 type=observe q_typed_residual_context=0.934226 sequence=751.246623
[b15-round5/prefix_rank_sa/best_final_horizon/q_typed_residual_context/a0.10/d16] [plan iscas99__b15_1] [plan] step=253 node=N732 type=observe q_typed_residual_context=5.202736 sequence=756.449358
[b15-round5/prefix_rank_sa/best_final_horizon/q_typed_residual_context/a0.10/d16] [plan iscas99__b15_1] [plan] step=254 node=N2216 type=observe q_typed_residual_context=6.159326 sequence=762.608685
[b15-round5/prefix_rank_sa/best_final_horizon/q_typed_residual_context/a0.10/d16] [plan iscas99__b15_1] [plan] step=255 node=N7440 type=observe q_typed_residual_context=1.956207 sequence=764.564892
[b15-round5/prefix_rank_sa/best_final_horizon/q_typed_residual_context/a0.10/d16] [plan iscas99__b15_1] [plan] step=256 node=N2218 type=observe q_typed_residual_context=4.829651 sequence=769.394543
[b15-round5/prefix_rank_sa/best_final_horizon/q_typed_residual_context/a0.10/d16] [plan iscas99__b15_1] [plan] step=257 node=N4421 type=control0 q_typed_residual_context=6.932861 sequence=776.327405
[b15-round5/prefix_rank_sa/best_final_horizon/q_typed_residual_context/a0.10/d16] [plan iscas99__b15_1] [plan] step=258 node=N4359 type=control0 q_typed_residual_context=6.929249 sequence=783.256654
[b15-round5/prefix_rank_sa/best_final_horizon/q_typed_residual_context/a0.10/d16] [plan iscas99__b15_1] [plan] step=259 node=N4367 type=control0 q_typed_residual_context=7.019061 sequence=790.275715
[b15-round5/prefix_rank_sa/best_final_horizon/q_typed_residual_context/a0.10/d16] [plan iscas99__b15_1] [plan] step=260 node=N6684 type=observe q_typed_residual_context=4.824307 sequence=795.100022
[b15-round5/prefix_rank_sa/best_final_horizon/q_typed_residual_context/a0.10/d16] [plan iscas99__b15_1] [plan] step=261 node=N2255 type=observe q_typed_residual_context=6.736037 sequence=801.836059
[b15-round5/prefix_rank_sa/best_final_horizon/q_typed_residual_context/a0.10/d16] [plan iscas99__b15_1] [plan] step=262 node=N2185 type=observe q_typed_residual_context=6.858730 sequence=808.694789
[b15-round5/prefix_rank_sa/best_final_horizon/q_typed_residual_context/a0.10/d16] [plan iscas99__b15_1] [plan] step=263 node=N717 type=observe q_typed_residual_context=6.490832 sequence=815.185621
[b15-round5/prefix_rank_sa/best_final_horizon/q_typed_residual_context/a0.10/d16] [plan iscas99__b15_1] [plan] step=264 node=N2203 type=observe q_typed_residual_context=4.923003 sequence=820.108624
[b15-round5/prefix_rank_sa/best_final_horizon/q_typed_residual_context/a0.10/d16] [plan iscas99__b15_1] [plan] step=265 node=N733 type=observe q_typed_residual_context=4.017042 sequence=824.125666
[b15-round5/prefix_rank_sa/best_final_horizon/q_typed_residual_context/a0.10/d16] [plan iscas99__b15_1] [plan] step=266 node=N2205 type=observe q_typed_residual_context=3.991242 sequence=828.116908
[b15-round5/prefix_rank_sa/best_final_horizon/q_typed_residual_context/a0.10/d16] [plan iscas99__b15_1] [plan] step=267 node=N6562 type=observe q_typed_residual_context=2.608158 sequence=830.725066
[b15-round5/prefix_rank_sa/best_final_horizon/q_typed_residual_context/a0.10/d16] [plan iscas99__b15_1] [plan] step=268 node=N735 type=observe q_typed_residual_context=4.502220 sequence=835.227286
[b15-round5/prefix_rank_sa/best_final_horizon/q_typed_residual_context/a0.10/d16] [plan iscas99__b15_1] [plan] step=269 node=N2201 type=observe q_typed_residual_context=6.990742 sequence=842.218028
[b15-round5/prefix_rank_sa/best_final_horizon/q_typed_residual_context/a0.10/d16] [plan iscas99__b15_1] [plan] step=270 node=N2226 type=observe q_typed_residual_context=6.987585 sequence=849.205613
[b15-round5/prefix_rank_sa/best_final_horizon/q_typed_residual_context/a0.10/d16] [plan iscas99__b15_1] [plan] step=271 node=N652 type=control1 q_typed_residual_context=4.929997 sequence=854.135610
[b15-round5/prefix_rank_sa/best_final_horizon/q_typed_residual_context/a0.10/d16] [plan iscas99__b15_1] [plan] step=272 node=N4532 type=control0 q_typed_residual_context=1.029458 sequence=855.165068
[b15-round5/prefix_rank_sa/best_final_horizon/q_typed_residual_context/a0.10/d16] [plan iscas99__b15_1] [plan] step=273 node=N2212 type=observe q_typed_residual_context=7.091471 sequence=862.256539
[b15-round5/prefix_rank_sa/best_final_horizon/q_typed_residual_context/a0.10/d16] [plan iscas99__b15_1] [plan] step=274 node=N8238 type=control1 q_typed_residual_context=5.532094 sequence=867.788633
[b15-round5/prefix_rank_sa/best_final_horizon/q_typed_residual_context/a0.10/d16] [plan iscas99__b15_1] [plan] step=275 node=N6679 type=observe q_typed_residual_context=1.331464 sequence=869.120097
[b15-round5/prefix_rank_sa/best_final_horizon/q_typed_residual_context/a0.10/d16] [plan iscas99__b15_1] [plan] step=276 node=N6956 type=control0 q_typed_residual_context=6.329731 sequence=875.449828
[b15-round5/prefix_rank_sa/best_final_horizon/q_typed_residual_context/a0.10/d16] [plan iscas99__b15_1] [plan] step=277 node=N1348 type=observe q_typed_residual_context=7.211090 sequence=882.660919
[b15-round5/prefix_rank_sa/best_final_horizon/q_typed_residual_context/a0.10/d16] [plan iscas99__b15_1] [plan] step=278 node=N8606 type=control1 q_typed_residual_context=2.654475 sequence=885.315393
[b15-round5/prefix_rank_sa/best_final_horizon/q_typed_residual_context/a0.10/d16] [plan iscas99__b15_1] saved=autoresearch/loop-260720-0945/model_training_round5/b15_selection/prefix_rank_sa/best_final_horizon/q_typed_residual_context/alpha_0p10_decay_16/plans/iscas99__b15_1__greedy__cumulative__q_typed_residual_context__bw1__d1__c48__g1p0__candhard_fault_cluster__div0p0__s0.csv
[b15-round5/prefix_rank_sa/best_final_horizon/q_typed_residual_context/a0.10/d16] [gmean] 2026-07-21T04:54:04 [1/1] plan_done benchmark=iscas99__b15_1 plan_sec=161.631 plan_csv=autoresearch/loop-260720-0945/model_training_round5/b15_selection/prefix_rank_sa/best_final_horizon/q_typed_residual_context/alpha_0p10_decay_16/plans/iscas99__b15_1__greedy__cumulative__q_typed_residual_context__bw1__d1__c48__g1p0__candhard_fault_cluster__div0p0__s0.csv
[b15-round5/prefix_rank_sa/best_final_horizon/q_typed_residual_context/a0.10/d16] [gmean] 2026-07-21T04:54:04 [1/1] eval_start benchmark=iscas99__b15_1 backend=atalanta-bist patterns=300000
[b15-round5/prefix_rank_sa/best_final_horizon/q_typed_residual_context/a0.10/d16] [eval iscas99__b15_1] {
[b15-round5/prefix_rank_sa/best_final_horizon/q_typed_residual_context/a0.10/d16] [eval iscas99__b15_1]   "records": 2,
[b15-round5/prefix_rank_sa/best_final_horizon/q_typed_residual_context/a0.10/d16] [eval iscas99__b15_1]   "labels_csv": "autoresearch/loop-260720-0945/model_training_round5/b15_selection/prefix_rank_sa/best_final_horizon/q_typed_residual_context/alpha_0p10_decay_16/evals/iscas99__b15_1__greedy__cumulative__q_typed_residual_context__bw1__d1__c48__g1p0__candhard_fault_cluster__div0p0__s0/labels.csv",
[b15-round5/prefix_rank_sa/best_final_horizon/q_typed_residual_context/a0.10/d16] [eval iscas99__b15_1]   "summary_json": "autoresearch/loop-260720-0945/model_training_round5/b15_selection/prefix_rank_sa/best_final_horizon/q_typed_residual_context/alpha_0p10_decay_16/evals/iscas99__b15_1__greedy__cumulative__q_typed_residual_context__bw1__d1__c48__g1p0__candhard_fault_cluster__div0p0__s0/summary.json"
[b15-round5/prefix_rank_sa/best_final_horizon/q_typed_residual_context/a0.10/d16] [eval iscas99__b15_1] }
[b15-round5/prefix_rank_sa/best_final_horizon/q_typed_residual_context/a0.10/d16] [gmean] 2026-07-21T04:54:10 [1/1] eval_done benchmark=iscas99__b15_1 delta_tc=0.12157000000000018 plan_sec=161.631 eval_sec=5.913 total_sec=167.557
[b15-round5/prefix_rank_sa/best_final_horizon/q_typed_residual_context/a0.10/d16] [gmean] 2026-07-21T04:54:10 variant_done id=greedy__cumulative__q_typed_residual_context__bw1__d1__c48__g1p0__candhard_fault_cluster__div0p0__s0 status=ok macro=0.12157000000000018 positives=1 negatives=0 elapsed=167.558
