[2026-07-06T11:49:47+08:00] start name=q_rank_v4_conservative_safe gpu=2 config=configs/planner_aligned_q_rank_v4_conservative_safe.json
[train] excluded_eval_benchmarks=b15_C,b17_C,b20_C,b21_C,b22_C,epfl__arithmetic__max__max,epfl__random_control__i2c__i2c,epfl__random_control__router__router,i2c,iscas89__s838,iscas99__b15_1,iscas99__b17,iscas99__b20,iscas99__b21,iscas99__b22,max,mem_ctrl,openabcd__mem_ctrl_orig removed_rows=0 remaining_rows=100000
[train] disabling pattern loss
[train] note: delta_test_coverage is retained as a weak objective; the main hard-fault target is hard_reduction
[train] q_oracle enabled groups=180 score_field=q_pred lambda_q_value=0.08 lambda_q_rank=0.35 lambda_candidate=0.16 lambda_ndcg_rank=0.0 lambda_conservative_q=0.25 pairwise_mode=best_vs_hard_topk forbidden_benchmarks=21
[train] rows=100000 train_rows=85385 val_rows=14615 train_samples=17077 val_samples=2923 rollout_training=True feature_dim=38 relation_dim=12 cache_samples=False sample_cache_max_entries=unlimited
[train-progress] epoch=1 [------------------------] 1/900   0.1% loss=0.33446 jepa=1.00554 hard=2.27933 hard_red=0.02367 oracle=0.00000 rank=0.00000 value=0.00000 cand=0.00000 ndcg=0.00000 cql=0.00000 pairs=0.0
[train-progress] epoch=1 [------------------------] 25/900   2.8% loss=0.48018 jepa=0.81583 hard=1.29856 hard_red=0.03851 oracle=0.00000 rank=0.00000 value=0.00000 cand=0.00000 ndcg=0.00000 cql=0.00000 pairs=0.0
[train-progress] epoch=1 [#-----------------------] 50/900   5.6% loss=0.43338 jepa=0.58203 hard=1.13485 hard_red=0.03957 oracle=0.00000 rank=0.00000 value=0.00000 cand=0.00000 ndcg=0.00000 cql=0.00000 pairs=0.0
[train-progress] epoch=1 [##----------------------] 75/900   8.3% loss=0.44633 jepa=0.46677 hard=1.05885 hard_red=0.04157 oracle=0.00000 rank=0.00000 value=0.00000 cand=0.00000 ndcg=0.00000 cql=0.00000 pairs=0.0
[train-progress] epoch=1 [##----------------------] 100/900  11.1% loss=0.40025 jepa=0.40158 hard=1.01984 hard_red=0.03650 oracle=0.00000 rank=0.00000 value=0.00000 cand=0.00000 ndcg=0.00000 cql=0.00000 pairs=0.0
[train-progress] epoch=1 [###---------------------] 125/900  13.9% loss=0.35205 jepa=0.35869 hard=1.01118 hard_red=0.03920 oracle=0.00000 rank=0.00000 value=0.00000 cand=0.00000 ndcg=0.00000 cql=0.00000 pairs=0.0
[train-progress] epoch=1 [####--------------------] 150/900  16.7% loss=0.32328 jepa=0.32811 hard=0.99284 hard_red=0.03844 oracle=0.00000 rank=0.00000 value=0.00000 cand=0.00000 ndcg=0.00000 cql=0.00000 pairs=0.0
[train-progress] epoch=1 [####--------------------] 175/900  19.4% loss=0.38238 jepa=0.30255 hard=0.97979 hard_red=0.04131 oracle=0.00000 rank=0.00000 value=0.00000 cand=0.00000 ndcg=0.00000 cql=0.00000 pairs=0.0
[train-progress] epoch=1 [#####-------------------] 200/900  22.2% loss=0.35702 jepa=0.28179 hard=0.96866 hard_red=0.03791 oracle=0.00000 rank=0.00000 value=0.00000 cand=0.00000 ndcg=0.00000 cql=0.00000 pairs=0.0
[train-progress] epoch=1 [######------------------] 225/900  25.0% loss=0.33220 jepa=0.26547 hard=0.96998 hard_red=0.03655 oracle=0.00000 rank=0.00000 value=0.00000 cand=0.00000 ndcg=0.00000 cql=0.00000 pairs=0.0
[train-progress] epoch=1 [######------------------] 250/900  27.8% loss=0.32803 jepa=0.25222 hard=0.96625 hard_red=0.03709 oracle=0.00000 rank=0.00000 value=0.00000 cand=0.00000 ndcg=0.00000 cql=0.00000 pairs=0.0
[train-progress] epoch=1 [#######-----------------] 275/900  30.6% loss=0.32310 jepa=0.24063 hard=0.95859 hard_red=0.03766 oracle=0.00000 rank=0.00000 value=0.00000 cand=0.00000 ndcg=0.00000 cql=0.00000 pairs=0.0
[train-progress] epoch=1 [########----------------] 300/900  33.3% loss=0.33275 jepa=0.23045 hard=0.95769 hard_red=0.03842 oracle=0.00000 rank=0.00000 value=0.00000 cand=0.00000 ndcg=0.00000 cql=0.00000 pairs=0.0
[train-progress] epoch=1 [########----------------] 325/900  36.1% loss=0.33970 jepa=0.22122 hard=0.95318 hard_red=0.03864 oracle=0.00000 rank=0.00000 value=0.00000 cand=0.00000 ndcg=0.00000 cql=0.00000 pairs=0.0
[train-progress] epoch=1 [#########---------------] 350/900  38.9% loss=0.34076 jepa=0.21355 hard=0.94221 hard_red=0.03838 oracle=0.00000 rank=0.00000 value=0.00000 cand=0.00000 ndcg=0.00000 cql=0.00000 pairs=0.0
[train-progress] epoch=1 [##########--------------] 375/900  41.7% loss=0.33927 jepa=0.20736 hard=0.94059 hard_red=0.03734 oracle=0.00000 rank=0.00000 value=0.00000 cand=0.00000 ndcg=0.00000 cql=0.00000 pairs=0.0
[train-progress] epoch=1 [##########--------------] 400/900  44.4% loss=0.33476 jepa=0.20196 hard=0.94542 hard_red=0.03871 oracle=0.00000 rank=0.00000 value=0.00000 cand=0.00000 ndcg=0.00000 cql=0.00000 pairs=0.0
[train-progress] epoch=1 [###########-------------] 425/900  47.2% loss=0.33494 jepa=0.19756 hard=0.93789 hard_red=0.03996 oracle=0.00000 rank=0.00000 value=0.00000 cand=0.00000 ndcg=0.00000 cql=0.00000 pairs=0.0
[train-progress] epoch=1 [############------------] 450/900  50.0% loss=0.32892 jepa=0.19313 hard=0.94063 hard_red=0.03992 oracle=0.00000 rank=0.00000 value=0.00000 cand=0.00000 ndcg=0.00000 cql=0.00000 pairs=0.0
[train-progress] epoch=1 [############------------] 475/900  52.8% loss=0.32027 jepa=0.18912 hard=0.94089 hard_red=0.03906 oracle=0.00000 rank=0.00000 value=0.00000 cand=0.00000 ndcg=0.00000 cql=0.00000 pairs=0.0
[train-progress] epoch=1 [#############-----------] 500/900  55.6% loss=0.31183 jepa=0.18576 hard=0.94208 hard_red=0.03809 oracle=0.00000 rank=0.00000 value=0.00000 cand=0.00000 ndcg=0.00000 cql=0.00000 pairs=0.0
[train-progress] epoch=1 [##############----------] 525/900  58.3% loss=0.30094 jepa=0.18242 hard=0.94071 hard_red=0.03728 oracle=0.00000 rank=0.00000 value=0.00000 cand=0.00000 ndcg=0.00000 cql=0.00000 pairs=0.0
[train-progress] epoch=1 [##############----------] 550/900  61.1% loss=0.29136 jepa=0.17901 hard=0.94314 hard_red=0.03580 oracle=0.00000 rank=0.00000 value=0.00000 cand=0.00000 ndcg=0.00000 cql=0.00000 pairs=0.0
[train-progress] epoch=1 [###############---------] 575/900  63.9% loss=0.28661 jepa=0.17643 hard=0.94134 hard_red=0.03600 oracle=0.00000 rank=0.00000 value=0.00000 cand=0.00000 ndcg=0.00000 cql=0.00000 pairs=0.0
[train-progress] epoch=1 [################--------] 600/900  66.7% loss=0.28186 jepa=0.17406 hard=0.94145 hard_red=0.03594 oracle=0.00000 rank=0.00000 value=0.00000 cand=0.00000 ndcg=0.00000 cql=0.00000 pairs=0.0
[train-progress] epoch=1 [################--------] 625/900  69.4% loss=0.27814 jepa=0.17184 hard=0.94026 hard_red=0.03652 oracle=0.00000 rank=0.00000 value=0.00000 cand=0.00000 ndcg=0.00000 cql=0.00000 pairs=0.0
[train-progress] epoch=1 [#################-------] 650/900  72.2% loss=0.27446 jepa=0.16996 hard=0.94162 hard_red=0.03616 oracle=0.00000 rank=0.00000 value=0.00000 cand=0.00000 ndcg=0.00000 cql=0.00000 pairs=0.0
[train-progress] epoch=1 [##################------] 675/900  75.0% loss=0.26847 jepa=0.16790 hard=0.93982 hard_red=0.03576 oracle=0.00000 rank=0.00000 value=0.00000 cand=0.00000 ndcg=0.00000 cql=0.00000 pairs=0.0
[train-progress] epoch=1 [##################------] 700/900  77.8% loss=0.27122 jepa=0.16629 hard=0.94205 hard_red=0.03650 oracle=0.00000 rank=0.00000 value=0.00000 cand=0.00000 ndcg=0.00000 cql=0.00000 pairs=0.0
[train-progress] epoch=1 [###################-----] 725/900  80.6% loss=0.26914 jepa=0.16449 hard=0.94409 hard_red=0.03728 oracle=0.00000 rank=0.00000 value=0.00000 cand=0.00000 ndcg=0.00000 cql=0.00000 pairs=0.0
[train-progress] epoch=1 [####################----] 750/900  83.3% loss=0.26504 jepa=0.16304 hard=0.94321 hard_red=0.03706 oracle=0.00000 rank=0.00000 value=0.00000 cand=0.00000 ndcg=0.00000 cql=0.00000 pairs=0.0
[train-progress] epoch=1 [####################----] 775/900  86.1% loss=0.26151 jepa=0.16153 hard=0.94357 hard_red=0.03726 oracle=0.00000 rank=0.00000 value=0.00000 cand=0.00000 ndcg=0.00000 cql=0.00000 pairs=0.0
[train-progress] epoch=1 [#####################---] 800/900  88.9% loss=0.25937 jepa=0.16027 hard=0.94109 hard_red=0.03721 oracle=0.00000 rank=0.00000 value=0.00000 cand=0.00000 ndcg=0.00000 cql=0.00000 pairs=0.0
[train-progress] epoch=1 [######################--] 825/900  91.7% loss=0.26139 jepa=0.15896 hard=0.93877 hard_red=0.03662 oracle=0.00000 rank=0.00000 value=0.00000 cand=0.00000 ndcg=0.00000 cql=0.00000 pairs=0.0
[train-progress] epoch=1 [######################--] 850/900  94.4% loss=0.25745 jepa=0.15745 hard=0.93905 hard_red=0.03568 oracle=0.00000 rank=0.00000 value=0.00000 cand=0.00000 ndcg=0.00000 cql=0.00000 pairs=0.0
[train-progress] epoch=1 [#######################-] 875/900  97.2% loss=0.26080 jepa=0.15627 hard=0.93682 hard_red=0.03566 oracle=0.00000 rank=0.00000 value=0.00000 cand=0.00000 ndcg=0.00000 cql=0.00000 pairs=0.0
[train-progress] epoch=1 [########################] 900/900 100.0% loss=0.25826 jepa=0.15516 hard=0.93538 hard_red=0.03538 oracle=0.00000 rank=0.00000 value=0.00000 cand=0.00000 ndcg=0.00000 cql=0.00000 pairs=0.0
[train] epoch=1 horizon=1 train_loss=0.258262 val_loss=0.210261 train_steps=900
[train-progress] epoch=2 [------------------------] 1/900   0.1% loss=0.06782 jepa=0.12006 hard=1.09658 hard_red=0.00041 oracle=0.48720 rank=0.69154 value=0.36064 cand=3.23651 ndcg=0.00000 cql=0.74270 pairs=325.0
[train-progress] epoch=2 [------------------------] 25/900   2.8% loss=0.22045 jepa=0.14676 hard=0.84330 hard_red=0.01465 oracle=0.47118 rank=0.64143 value=0.53021 cand=3.13117 ndcg=0.00000 cql=0.69784 pairs=318.1
[train-progress] epoch=2 [#-----------------------] 50/900   5.6% loss=0.23876 jepa=0.14631 hard=0.91766 hard_red=0.02248 oracle=0.46132 rank=0.61249 value=0.55761 cand=3.10558 ndcg=0.00000 cql=0.66706 pairs=318.3
[train-progress] epoch=2 [##----------------------] 75/900   8.3% loss=0.20980 jepa=0.15046 hard=0.89907 hard_red=0.01803 oracle=0.45582 rank=0.60002 value=0.57250 cand=3.07707 ndcg=0.00000 cql=0.65402 pairs=320.6
[train-progress] epoch=2 [##----------------------] 100/900  11.1% loss=0.22792 jepa=0.15763 hard=0.90291 hard_red=0.01754 oracle=0.45238 rank=0.58707 value=0.58292 cand=3.07473 ndcg=0.00000 cql=0.64275 pairs=317.1
[train-progress] epoch=2 [###---------------------] 125/900  13.9% loss=0.21947 jepa=0.16381 hard=0.88357 hard_red=0.01664 oracle=0.44836 rank=0.57531 value=0.57149 cand=3.06731 ndcg=0.00000 cql=0.63553 pairs=316.8
[train-progress] epoch=2 [####--------------------] 150/900  16.7% loss=0.21446 jepa=0.16803 hard=0.88174 hard_red=0.01919 oracle=0.44236 rank=0.55994 value=0.55151 cand=3.05293 ndcg=0.00000 cql=0.62459 pairs=311.2
[train-progress] epoch=2 [####--------------------] 175/900  19.4% loss=0.22374 jepa=0.17470 hard=0.89661 hard_red=0.02154 oracle=0.43552 rank=0.53883 value=0.56537 cand=3.03407 ndcg=0.00000 cql=0.60705 pairs=312.8
[train-progress] epoch=2 [#####-------------------] 200/900  22.2% loss=0.22537 jepa=0.17789 hard=0.89565 hard_red=0.02091 oracle=0.42925 rank=0.52186 value=0.57671 cand=3.00952 ndcg=0.00000 cql=0.59276 pairs=311.4
[train-progress] epoch=2 [######------------------] 225/900  25.0% loss=0.26620 jepa=0.18376 hard=0.89687 hard_red=0.02473 oracle=0.42439 rank=0.50699 value=0.59629 cand=2.99144 ndcg=0.00000 cql=0.57996 pairs=312.4
[train-progress] epoch=2 [######------------------] 250/900  27.8% loss=0.25152 jepa=0.18612 hard=0.90480 hard_red=0.02330 oracle=0.42026 rank=0.49539 value=0.60192 cand=2.97738 ndcg=0.00000 cql=0.57041 pairs=313.0
[train-progress] epoch=2 [#######-----------------] 275/900  30.6% loss=0.26826 jepa=0.19170 hard=0.89939 hard_red=0.02645 oracle=0.41551 rank=0.48192 value=0.60874 cand=2.95915 ndcg=0.00000 cql=0.56071 pairs=311.7
[train-progress] epoch=2 [########----------------] 300/900  33.3% loss=0.26554 jepa=0.19480 hard=0.89835 hard_red=0.02704 oracle=0.41111 rank=0.46981 value=0.60727 cand=2.94866 ndcg=0.00000 cql=0.54970 pairs=311.6
[train-progress] epoch=2 [########----------------] 325/900  36.1% loss=0.26684 jepa=0.19697 hard=0.90058 hard_red=0.02734 oracle=0.40764 rank=0.45741 value=0.60618 cand=2.94825 ndcg=0.00000 cql=0.53990 pairs=312.3
[train-progress] epoch=2 [#########---------------] 350/900  38.9% loss=0.26461 jepa=0.19985 hard=0.90036 hard_red=0.02725 oracle=0.40272 rank=0.44441 value=0.60449 cand=2.93465 ndcg=0.00000 cql=0.52794 pairs=312.4
[train-progress] epoch=2 [##########--------------] 375/900  41.7% loss=0.26518 jepa=0.20280 hard=0.89696 hard_red=0.02692 oracle=0.39825 rank=0.42986 value=0.60710 cand=2.92859 ndcg=0.00000 cql=0.51563 pairs=311.6
[train-progress] epoch=2 [##########--------------] 400/900  44.4% loss=0.25896 jepa=0.20655 hard=0.89188 hard_red=0.02681 oracle=0.39438 rank=0.41877 value=0.60370 cand=2.92131 ndcg=0.00000 cql=0.50592 pairs=310.5
[train-progress] epoch=2 [###########-------------] 425/900  47.2% loss=0.25612 jepa=0.20872 hard=0.89424 hard_red=0.02722 oracle=0.39076 rank=0.40878 value=0.60227 cand=2.91376 ndcg=0.00000 cql=0.49623 pairs=310.9
[train-progress] epoch=2 [############------------] 450/900  50.0% loss=0.25181 jepa=0.21190 hard=0.89197 hard_red=0.02716 oracle=0.38681 rank=0.39929 value=0.60391 cand=2.89896 ndcg=0.00000 cql=0.48691 pairs=311.5
[train-progress] epoch=2 [############------------] 475/900  52.8% loss=0.24710 jepa=0.21312 hard=0.89631 hard_red=0.02694 oracle=0.38345 rank=0.38967 value=0.60226 cand=2.89253 ndcg=0.00000 cql=0.47808 pairs=311.3
[train-progress] epoch=2 [#############-----------] 500/900  55.6% loss=0.24492 jepa=0.21421 hard=0.88975 hard_red=0.02659 oracle=0.38034 rank=0.38081 value=0.59984 cand=2.88613 ndcg=0.00000 cql=0.47049 pairs=310.7
[train-progress] epoch=2 [##############----------] 525/900  58.3% loss=0.24112 jepa=0.21530 hard=0.88800 hard_red=0.02672 oracle=0.37660 rank=0.37216 value=0.59301 cand=2.87533 ndcg=0.00000 cql=0.46180 pairs=310.4
[train-progress] epoch=2 [##############----------] 550/900  61.1% loss=0.24528 jepa=0.21700 hard=0.88860 hard_red=0.02667 oracle=0.37331 rank=0.36359 value=0.59557 cand=2.86396 ndcg=0.00000 cql=0.45390 pairs=310.3
[train-progress] epoch=2 [###############---------] 575/900  63.9% loss=0.24169 jepa=0.21769 hard=0.88982 hard_red=0.02653 oracle=0.37051 rank=0.35592 value=0.59283 cand=2.85889 ndcg=0.00000 cql=0.44640 pairs=311.0
[train-progress] epoch=2 [################--------] 600/900  66.7% loss=0.23804 jepa=0.21823 hard=0.88818 hard_red=0.02635 oracle=0.36730 rank=0.34781 value=0.59215 cand=2.84895 ndcg=0.00000 cql=0.43864 pairs=310.4
[train-progress] epoch=2 [################--------] 625/900  69.4% loss=0.23700 jepa=0.21864 hard=0.88863 hard_red=0.02656 oracle=0.36390 rank=0.33999 value=0.59090 cand=2.83715 ndcg=0.00000 cql=0.43036 pairs=311.1
[train-progress] epoch=2 [#################-------] 650/900  72.2% loss=0.23723 jepa=0.21909 hard=0.88412 hard_red=0.02620 oracle=0.36102 rank=0.33295 value=0.59150 cand=2.82743 ndcg=0.00000 cql=0.42321 pairs=311.0
[train-progress] epoch=2 [##################------] 675/900  75.0% loss=0.23581 jepa=0.21928 hard=0.88182 hard_red=0.02600 oracle=0.35881 rank=0.32675 value=0.58984 cand=2.82348 ndcg=0.00000 cql=0.41726 pairs=310.8
[train-progress] epoch=2 [##################------] 700/900  77.8% loss=0.23676 jepa=0.21968 hard=0.87867 hard_red=0.02634 oracle=0.35611 rank=0.32028 value=0.58867 cand=2.81465 ndcg=0.00000 cql=0.41072 pairs=311.1
[train-progress] epoch=2 [###################-----] 725/900  80.6% loss=0.24253 jepa=0.22043 hard=0.87757 hard_red=0.02680 oracle=0.35374 rank=0.31435 value=0.58836 cand=2.80752 ndcg=0.00000 cql=0.40475 pairs=310.9
[train-progress] epoch=2 [####################----] 750/900  83.3% loss=0.24187 jepa=0.22108 hard=0.87788 hard_red=0.02734 oracle=0.35188 rank=0.30970 value=0.58478 cand=2.80338 ndcg=0.00000 cql=0.40021 pairs=311.0
[train-progress] epoch=2 [####################----] 775/900  86.1% loss=0.24118 jepa=0.22302 hard=0.87747 hard_red=0.02801 oracle=0.34981 rank=0.30384 value=0.58308 cand=2.79933 ndcg=0.00000 cql=0.39492 pairs=310.7
[train-progress] epoch=2 [#####################---] 800/900  88.9% loss=0.24529 jepa=0.22429 hard=0.87225 hard_red=0.02865 oracle=0.34740 rank=0.29888 value=0.58127 cand=2.78954 ndcg=0.00000 cql=0.38946 pairs=311.2
[train-progress] epoch=2 [######################--] 825/900  91.7% loss=0.24527 jepa=0.22454 hard=0.87278 hard_red=0.02868 oracle=0.34512 rank=0.29359 value=0.58184 cand=2.78054 ndcg=0.00000 cql=0.38421 pairs=311.4
[train-progress] epoch=2 [######################--] 850/900  94.4% loss=0.25075 jepa=0.22473 hard=0.87497 hard_red=0.02892 oracle=0.34308 rank=0.28873 value=0.57899 cand=2.77479 ndcg=0.00000 cql=0.37932 pairs=310.8
[train-progress] epoch=2 [#######################-] 875/900  97.2% loss=0.25501 jepa=0.22495 hard=0.87587 hard_red=0.02898 oracle=0.34119 rank=0.28391 value=0.57892 cand=2.76918 ndcg=0.00000 cql=0.37451 pairs=311.2
[train-progress] epoch=2 [########################] 900/900 100.0% loss=0.25486 jepa=0.22523 hard=0.87583 hard_red=0.02900 oracle=0.33951 rank=0.27926 value=0.57715 cand=2.76572 ndcg=0.00000 cql=0.37038 pairs=311.0
[train] epoch=2 horizon=2 train_loss=0.254858 val_loss=0.247507 train_steps=900
[train-progress] epoch=3 [------------------------] 1/900   0.1% loss=0.20296 jepa=0.21487 hard=0.21772 hard_red=0.00379 oracle=0.57863 rank=0.16742 value=0.30404 cand=2.76911 ndcg=0.00000 cql=0.21061 pairs=337.0
[train-progress] epoch=3 [------------------------] 25/900   2.8% loss=0.19333 jepa=0.21836 hard=0.85548 hard_red=0.01282 oracle=0.55872 rank=0.12334 value=0.47289 cand=2.64608 ndcg=0.00000 cql=0.21738 pairs=312.7
[train-progress] epoch=3 [#-----------------------] 50/900   5.6% loss=0.24528 jepa=0.24279 hard=0.96020 hard_red=0.02702 oracle=0.56961 rank=0.13160 value=0.57606 cand=2.63785 ndcg=0.00000 cql=0.22162 pairs=307.5
[train-progress] epoch=3 [##----------------------] 75/900   8.3% loss=0.25391 jepa=0.24417 hard=0.95216 hard_red=0.03090 oracle=0.56225 rank=0.12936 value=0.54761 cand=2.61491 ndcg=0.00000 cql=0.21911 pairs=306.0
[train-progress] epoch=3 [##----------------------] 100/900  11.1% loss=0.28652 jepa=0.24122 hard=0.93717 hard_red=0.02978 oracle=0.55553 rank=0.12846 value=0.55000 cand=2.57702 ndcg=0.00000 cql=0.21697 pairs=306.2
[train-progress] epoch=3 [###---------------------] 125/900  13.9% loss=0.28573 jepa=0.24403 hard=0.91156 hard_red=0.02973 oracle=0.55641 rank=0.12815 value=0.55394 cand=2.58372 ndcg=0.00000 cql=0.21538 pairs=310.5
[train-progress] epoch=3 [####--------------------] 150/900  16.7% loss=0.26561 jepa=0.24054 hard=0.89616 hard_red=0.02807 oracle=0.55606 rank=0.12540 value=0.53837 cand=2.59882 ndcg=0.00000 cql=0.21316 pairs=311.7
[train-progress] epoch=3 [####--------------------] 175/900  19.4% loss=0.25965 jepa=0.23899 hard=0.89793 hard_red=0.02745 oracle=0.55547 rank=0.12308 value=0.52089 cand=2.61034 ndcg=0.00000 cql=0.21228 pairs=309.1
[train-progress] epoch=3 [#####-------------------] 200/900  22.2% loss=0.24511 jepa=0.24076 hard=0.90243 hard_red=0.02604 oracle=0.55253 rank=0.12129 value=0.51782 cand=2.60077 ndcg=0.00000 cql=0.21013 pairs=310.9
[train-progress] epoch=3 [######------------------] 225/900  25.0% loss=0.24693 jepa=0.24326 hard=0.89160 hard_red=0.02765 oracle=0.55290 rank=0.12025 value=0.50845 cand=2.61289 ndcg=0.00000 cql=0.20832 pairs=311.2
[train-progress] epoch=3 [######------------------] 250/900  27.8% loss=0.24974 jepa=0.24475 hard=0.86785 hard_red=0.02718 oracle=0.55052 rank=0.11858 value=0.50478 cand=2.60734 ndcg=0.00000 cql=0.20584 pairs=310.8
[train-progress] epoch=3 [#######-----------------] 275/900  30.6% loss=0.24243 jepa=0.24393 hard=0.87887 hard_red=0.02802 oracle=0.54781 rank=0.11529 value=0.49994 cand=2.60530 ndcg=0.00000 cql=0.20247 pairs=312.2
[train-progress] epoch=3 [########----------------] 300/900  33.3% loss=0.24237 jepa=0.24790 hard=0.86379 hard_red=0.02859 oracle=0.54652 rank=0.11290 value=0.49661 cand=2.60739 ndcg=0.00000 cql=0.20037 pairs=312.3
[train-progress] epoch=3 [########----------------] 325/900  36.1% loss=0.25679 jepa=0.24812 hard=0.85935 hard_red=0.02937 oracle=0.54658 rank=0.11252 value=0.50026 cand=2.60681 ndcg=0.00000 cql=0.20034 pairs=311.5
[train-progress] epoch=3 [#########---------------] 350/900  38.9% loss=0.25239 jepa=0.24781 hard=0.86904 hard_red=0.02985 oracle=0.54514 rank=0.11141 value=0.50230 cand=2.60128 ndcg=0.00000 cql=0.19902 pairs=311.3
[train-progress] epoch=3 [##########--------------] 375/900  41.7% loss=0.24679 jepa=0.24688 hard=0.86671 hard_red=0.02938 oracle=0.54374 rank=0.10972 value=0.49953 cand=2.59988 ndcg=0.00000 cql=0.19758 pairs=311.4
[train-progress] epoch=3 [##########--------------] 400/900  44.4% loss=0.25589 jepa=0.24744 hard=0.85712 hard_red=0.03090 oracle=0.54267 rank=0.10893 value=0.49605 cand=2.59827 ndcg=0.00000 cql=0.19656 pairs=311.5
[train-progress] epoch=3 [###########-------------] 425/900  47.2% loss=0.26143 jepa=0.24659 hard=0.85666 hard_red=0.03142 oracle=0.54176 rank=0.10834 value=0.49257 cand=2.59663 ndcg=0.00000 cql=0.19589 pairs=310.8
[train-progress] epoch=3 [############------------] 450/900  50.0% loss=0.25797 jepa=0.24552 hard=0.85969 hard_red=0.03028 oracle=0.54018 rank=0.10761 value=0.49048 cand=2.59117 ndcg=0.00000 cql=0.19475 pairs=310.2
[train-progress] epoch=3 [############------------] 475/900  52.8% loss=0.26939 jepa=0.24472 hard=0.85406 hard_red=0.03039 oracle=0.53867 rank=0.10636 value=0.49035 cand=2.58682 ndcg=0.00000 cql=0.19331 pairs=309.9
[train-progress] epoch=3 [#############-----------] 500/900  55.6% loss=0.26549 jepa=0.24392 hard=0.84613 hard_red=0.03022 oracle=0.53754 rank=0.10580 value=0.48991 cand=2.58238 ndcg=0.00000 cql=0.19256 pairs=309.9
[train-progress] epoch=3 [##############----------] 525/900  58.3% loss=0.26347 jepa=0.24318 hard=0.84808 hard_red=0.02999 oracle=0.53593 rank=0.10481 value=0.48890 cand=2.57756 ndcg=0.00000 cql=0.19091 pairs=310.7
[train-progress] epoch=3 [##############----------] 550/900  61.1% loss=0.27848 jepa=0.24329 hard=0.84410 hard_red=0.03044 oracle=0.53617 rank=0.10410 value=0.48785 cand=2.58223 ndcg=0.00000 cql=0.19020 pairs=310.4
[train-progress] epoch=3 [###############---------] 575/900  63.9% loss=0.28628 jepa=0.24574 hard=0.84512 hard_red=0.03138 oracle=0.53579 rank=0.10349 value=0.48807 cand=2.58179 ndcg=0.00000 cql=0.18972 pairs=310.3
[train-progress] epoch=3 [################--------] 600/900  66.7% loss=0.28286 jepa=0.24539 hard=0.84619 hard_red=0.03147 oracle=0.53459 rank=0.10278 value=0.48533 cand=2.57775 ndcg=0.00000 cql=0.18941 pairs=309.8
[train-progress] epoch=3 [################--------] 625/900  69.4% loss=0.28186 jepa=0.24738 hard=0.84473 hard_red=0.03125 oracle=0.53393 rank=0.10184 value=0.48283 cand=2.57879 ndcg=0.00000 cql=0.18821 pairs=309.9
[train-progress] epoch=3 [#################-------] 650/900  72.2% loss=0.28228 jepa=0.24792 hard=0.84195 hard_red=0.03122 oracle=0.53406 rank=0.10113 value=0.48151 cand=2.58222 ndcg=0.00000 cql=0.18794 pairs=309.2
[train-progress] epoch=3 [##################------] 675/900  75.0% loss=0.28223 jepa=0.25070 hard=0.84056 hard_red=0.03105 oracle=0.53343 rank=0.10060 value=0.47820 cand=2.58198 ndcg=0.00000 cql=0.18740 pairs=309.8
[train-progress] epoch=3 [##################------] 700/900  77.8% loss=0.27951 jepa=0.25061 hard=0.84201 hard_red=0.03115 oracle=0.53237 rank=0.09964 value=0.47657 cand=2.58026 ndcg=0.00000 cql=0.18611 pairs=310.3
[train-progress] epoch=3 [###################-----] 725/900  80.6% loss=0.27565 jepa=0.25033 hard=0.84774 hard_red=0.03118 oracle=0.53162 rank=0.09901 value=0.47697 cand=2.57801 ndcg=0.00000 cql=0.18533 pairs=311.1
[train-progress] epoch=3 [####################----] 750/900  83.3% loss=0.27416 jepa=0.25205 hard=0.84605 hard_red=0.03097 oracle=0.53147 rank=0.09851 value=0.47484 cand=2.57956 ndcg=0.00000 cql=0.18508 pairs=311.2
[train-progress] epoch=3 [####################----] 775/900  86.1% loss=0.27225 jepa=0.25220 hard=0.84630 hard_red=0.03125 oracle=0.53081 rank=0.09790 value=0.47397 cand=2.57831 ndcg=0.00000 cql=0.18439 pairs=311.2
[train-progress] epoch=3 [#####################---] 800/900  88.9% loss=0.26943 jepa=0.25168 hard=0.84766 hard_red=0.03106 oracle=0.53045 rank=0.09726 value=0.47158 cand=2.57940 ndcg=0.00000 cql=0.18393 pairs=310.8
[train-progress] epoch=3 [######################--] 825/900  91.7% loss=0.26629 jepa=0.25121 hard=0.84868 hard_red=0.03077 oracle=0.52891 rank=0.09636 value=0.46891 cand=2.57469 ndcg=0.00000 cql=0.18287 pairs=310.3
[train-progress] epoch=3 [######################--] 850/900  94.4% loss=0.26397 jepa=0.25075 hard=0.84679 hard_red=0.03070 oracle=0.52839 rank=0.09569 value=0.46910 cand=2.57384 ndcg=0.00000 cql=0.18224 pairs=309.9
[train-progress] epoch=3 [#######################-] 875/900  97.2% loss=0.26197 jepa=0.25048 hard=0.84452 hard_red=0.03023 oracle=0.52723 rank=0.09483 value=0.46711 cand=2.57096 ndcg=0.00000 cql=0.18125 pairs=310.5
[train-progress] epoch=3 [########################] 900/900 100.0% loss=0.26001 jepa=0.24998 hard=0.84625 hard_red=0.03035 oracle=0.52649 rank=0.09416 value=0.46579 cand=2.56958 ndcg=0.00000 cql=0.18055 pairs=310.4
[train] epoch=3 horizon=2 train_loss=0.260008 val_loss=0.232470 train_steps=900
[train-progress] epoch=4 [------------------------] 1/900   0.1% loss=0.42315 jepa=0.42039 hard=0.30725 hard_red=0.01663 oracle=0.53295 rank=0.12323 value=0.43466 cand=2.47363 ndcg=0.00000 cql=0.23704 pairs=244.0
[train-progress] epoch=4 [------------------------] 25/900   2.8% loss=0.19090 jepa=0.28078 hard=0.72862 hard_red=0.01786 oracle=0.51477 rank=0.07996 value=0.37546 cand=2.59220 ndcg=0.00000 cql=0.16799 pairs=307.9
[train-progress] epoch=4 [#-----------------------] 50/900   5.6% loss=0.19731 jepa=0.27794 hard=0.82089 hard_red=0.02230 oracle=0.51578 rank=0.08172 value=0.37553 cand=2.59593 ndcg=0.00000 cql=0.16714 pairs=316.1
[train-progress] epoch=4 [##----------------------] 75/900   8.3% loss=0.21930 jepa=0.27855 hard=0.80521 hard_red=0.02408 oracle=0.51246 rank=0.07842 value=0.37202 cand=2.58844 ndcg=0.00000 cql=0.16440 pairs=309.9
[train-progress] epoch=4 [##----------------------] 100/900  11.1% loss=0.24064 jepa=0.28353 hard=0.78443 hard_red=0.02383 oracle=0.51781 rank=0.07984 value=0.37922 cand=2.61271 ndcg=0.00000 cql=0.16597 pairs=308.6
[train-progress] epoch=4 [###---------------------] 125/900  13.9% loss=0.23665 jepa=0.28035 hard=0.82586 hard_red=0.02481 oracle=0.51774 rank=0.07770 value=0.39544 cand=2.61189 ndcg=0.00000 cql=0.16403 pairs=307.4
[train-progress] epoch=4 [####--------------------] 150/900  16.7% loss=0.24691 jepa=0.28630 hard=0.81050 hard_red=0.02511 oracle=0.51832 rank=0.07821 value=0.38719 cand=2.61733 ndcg=0.00000 cql=0.16478 pairs=304.5
[train-progress] epoch=4 [####--------------------] 175/900  19.4% loss=0.26111 jepa=0.30425 hard=0.81597 hard_red=0.02530 oracle=0.51684 rank=0.07828 value=0.38756 cand=2.60903 ndcg=0.00000 cql=0.16398 pairs=305.9
[train-progress] epoch=4 [#####-------------------] 200/900  22.2% loss=0.24745 jepa=0.29859 hard=0.83638 hard_red=0.02385 oracle=0.51854 rank=0.07806 value=0.38785 cand=2.61982 ndcg=0.00000 cql=0.16409 pairs=305.1
[train-progress] epoch=4 [######------------------] 225/900  25.0% loss=0.25545 jepa=0.29829 hard=0.83687 hard_red=0.02260 oracle=0.51537 rank=0.07650 value=0.38716 cand=2.60719 ndcg=0.00000 cql=0.16188 pairs=305.5
[train-progress] epoch=4 [######------------------] 250/900  27.8% loss=0.25956 jepa=0.29604 hard=0.82048 hard_red=0.02327 oracle=0.51171 rank=0.07595 value=0.38707 cand=2.58826 ndcg=0.00000 cql=0.16016 pairs=306.4
[train-progress] epoch=4 [#######-----------------] 275/900  30.6% loss=0.27325 jepa=0.29533 hard=0.81886 hard_red=0.02428 oracle=0.51058 rank=0.07592 value=0.39424 cand=2.57852 ndcg=0.00000 cql=0.15963 pairs=307.1
[train-progress] epoch=4 [########----------------] 300/900  33.3% loss=0.28319 jepa=0.29482 hard=0.81620 hard_red=0.02405 oracle=0.51012 rank=0.07518 value=0.39093 cand=2.58075 ndcg=0.00000 cql=0.15846 pairs=308.1
[train-progress] epoch=4 [########----------------] 325/900  36.1% loss=0.27785 jepa=0.29208 hard=0.82176 hard_red=0.02407 oracle=0.50835 rank=0.07433 value=0.39309 cand=2.57273 ndcg=0.00000 cql=0.15700 pairs=309.0
[train-progress] epoch=4 [#########---------------] 350/900  38.9% loss=0.27871 jepa=0.29143 hard=0.82595 hard_red=0.02410 oracle=0.50777 rank=0.07401 value=0.39772 cand=2.56824 ndcg=0.00000 cql=0.15651 pairs=309.2
[train-progress] epoch=4 [##########--------------] 375/900  41.7% loss=0.27803 jepa=0.28960 hard=0.83059 hard_red=0.02564 oracle=0.50797 rank=0.07413 value=0.39493 cand=2.57046 ndcg=0.00000 cql=0.15663 pairs=308.2
[train-progress] epoch=4 [##########--------------] 400/900  44.4% loss=0.27462 jepa=0.28977 hard=0.82973 hard_red=0.02626 oracle=0.50802 rank=0.07392 value=0.39585 cand=2.57063 ndcg=0.00000 cql=0.15670 pairs=309.4
[train-progress] epoch=4 [###########-------------] 425/900  47.2% loss=0.27191 jepa=0.28712 hard=0.83602 hard_red=0.02658 oracle=0.50604 rank=0.07331 value=0.39424 cand=2.56248 ndcg=0.00000 cql=0.15538 pairs=309.6
[train-progress] epoch=4 [############------------] 450/900  50.0% loss=0.27704 jepa=0.28801 hard=0.83397 hard_red=0.02651 oracle=0.50591 rank=0.07325 value=0.39162 cand=2.56295 ndcg=0.00000 cql=0.15550 pairs=309.2
[train-progress] epoch=4 [############------------] 475/900  52.8% loss=0.28322 jepa=0.30241 hard=0.83511 hard_red=0.02628 oracle=0.50530 rank=0.07288 value=0.39068 cand=2.56115 ndcg=0.00000 cql=0.15502 pairs=310.6
[train-progress] epoch=4 [#############-----------] 500/900  55.6% loss=0.28241 jepa=0.30080 hard=0.83744 hard_red=0.02762 oracle=0.50577 rank=0.07254 value=0.39026 cand=2.56508 ndcg=0.00000 cql=0.15498 pairs=310.3
[train-progress] epoch=4 [##############----------] 525/900  58.3% loss=0.28652 jepa=0.29943 hard=0.83435 hard_red=0.02785 oracle=0.50616 rank=0.07262 value=0.38869 cand=2.56730 ndcg=0.00000 cql=0.15550 pairs=309.8
[train-progress] epoch=4 [##############----------] 550/900  61.1% loss=0.28213 jepa=0.29785 hard=0.83643 hard_red=0.02737 oracle=0.50612 rank=0.07222 value=0.38986 cand=2.56795 ndcg=0.00000 cql=0.15514 pairs=308.9
[train-progress] epoch=4 [###############---------] 575/900  63.9% loss=0.29041 jepa=0.29812 hard=0.83473 hard_red=0.02747 oracle=0.50564 rank=0.07205 value=0.38866 cand=2.56622 ndcg=0.00000 cql=0.15493 pairs=308.8
[train-progress] epoch=4 [################--------] 600/900  66.7% loss=0.28886 jepa=0.29611 hard=0.83487 hard_red=0.02700 oracle=0.50522 rank=0.07191 value=0.38798 cand=2.56477 ndcg=0.00000 cql=0.15461 pairs=309.2
[train-progress] epoch=4 [################--------] 625/900  69.4% loss=0.28899 jepa=0.29749 hard=0.83238 hard_red=0.02685 oracle=0.50570 rank=0.07164 value=0.38674 cand=2.56952 ndcg=0.00000 cql=0.15427 pairs=310.0
[train-progress] epoch=4 [#################-------] 650/900  72.2% loss=0.28811 jepa=0.29874 hard=0.83433 hard_red=0.02659 oracle=0.50427 rank=0.07137 value=0.38642 cand=2.56232 ndcg=0.00000 cql=0.15362 pairs=310.8
[train-progress] epoch=4 [##################------] 675/900  75.0% loss=0.28566 jepa=0.29791 hard=0.83138 hard_red=0.02653 oracle=0.50444 rank=0.07141 value=0.38643 cand=2.56295 ndcg=0.00000 cql=0.15385 pairs=311.2
[train-progress] epoch=4 [##################------] 700/900  77.8% loss=0.28482 jepa=0.29783 hard=0.83289 hard_red=0.02711 oracle=0.50351 rank=0.07100 value=0.38595 cand=2.55934 ndcg=0.00000 cql=0.15315 pairs=311.7
[train-progress] epoch=4 [###################-----] 725/900  80.6% loss=0.28304 jepa=0.29950 hard=0.83084 hard_red=0.02647 oracle=0.50343 rank=0.07101 value=0.38595 cand=2.55857 ndcg=0.00000 cql=0.15332 pairs=311.4
[train-progress] epoch=4 [####################----] 750/900  83.3% loss=0.28242 jepa=0.29952 hard=0.82722 hard_red=0.02675 oracle=0.50302 rank=0.07101 value=0.38602 cand=2.55606 ndcg=0.00000 cql=0.15326 pairs=311.5
[train-progress] epoch=4 [####################----] 775/900  86.1% loss=0.27917 jepa=0.29879 hard=0.82809 hard_red=0.02690 oracle=0.50249 rank=0.07100 value=0.38614 cand=2.55330 ndcg=0.00000 cql=0.15289 pairs=311.3
[train-progress] epoch=4 [#####################---] 800/900  88.9% loss=0.27885 jepa=0.29732 hard=0.83200 hard_red=0.02664 oracle=0.50218 rank=0.07102 value=0.38469 cand=2.55209 ndcg=0.00000 cql=0.15285 pairs=310.9
[train-progress] epoch=4 [######################--] 825/900  91.7% loss=0.27924 jepa=0.29902 hard=0.83315 hard_red=0.02675 oracle=0.50187 rank=0.07065 value=0.38572 cand=2.55098 ndcg=0.00000 cql=0.15250 pairs=310.9
[train-progress] epoch=4 [######################--] 850/900  94.4% loss=0.27652 jepa=0.29832 hard=0.83064 hard_red=0.02686 oracle=0.50127 rank=0.07032 value=0.38352 cand=2.54960 ndcg=0.00000 cql=0.15218 pairs=311.1
[train-progress] epoch=4 [#######################-] 875/900  97.2% loss=0.27527 jepa=0.29731 hard=0.83101 hard_red=0.02654 oracle=0.50117 rank=0.07017 value=0.38237 cand=2.55006 ndcg=0.00000 cql=0.15204 pairs=311.5
[train-progress] epoch=4 [########################] 900/900 100.0% loss=0.27266 jepa=0.29654 hard=0.82876 hard_red=0.02624 oracle=0.50093 rank=0.06988 value=0.38066 cand=2.55054 ndcg=0.00000 cql=0.15172 pairs=311.4
[train] epoch=4 horizon=3 train_loss=0.272664 val_loss=0.240855 train_steps=900
[train-progress] epoch=5 [------------------------] 1/900   0.1% loss=0.09537 jepa=0.24589 hard=0.82948 hard_red=0.00039 oracle=0.47017 rank=0.05527 value=0.35526 cand=2.43723 ndcg=0.00000 cql=0.12979 pairs=281.0
[train-progress] epoch=5 [------------------------] 25/900   2.8% loss=0.20422 jepa=0.25513 hard=0.95756 hard_red=0.02538 oracle=0.50195 rank=0.06522 value=0.31239 cand=2.60794 ndcg=0.00000 cql=0.14746 pairs=283.8
[train-progress] epoch=5 [#-----------------------] 50/900   5.6% loss=0.24190 jepa=0.25263 hard=0.90415 hard_red=0.01998 oracle=0.50027 rank=0.06194 value=0.32539 cand=2.60156 ndcg=0.00000 cql=0.14522 pairs=290.9
[train-progress] epoch=5 [##----------------------] 75/900   8.3% loss=0.22600 jepa=0.24881 hard=0.85279 hard_red=0.02847 oracle=0.50232 rank=0.06417 value=0.31948 cand=2.60732 ndcg=0.00000 cql=0.14854 pairs=291.3
[train-progress] epoch=5 [##----------------------] 100/900  11.1% loss=0.23563 jepa=0.26042 hard=0.84879 hard_red=0.02597 oracle=0.49296 rank=0.06281 value=0.31459 cand=2.55969 ndcg=0.00000 cql=0.14503 pairs=295.8
[train-progress] epoch=5 [###---------------------] 125/900  13.9% loss=0.26441 jepa=0.25826 hard=0.85425 hard_red=0.02536 oracle=0.48968 rank=0.06215 value=0.32104 cand=2.54135 ndcg=0.00000 cql=0.14250 pairs=300.7
[train-progress] epoch=5 [####--------------------] 150/900  16.7% loss=0.25404 jepa=0.25851 hard=0.84425 hard_red=0.02595 oracle=0.48831 rank=0.06079 value=0.32737 cand=2.53563 ndcg=0.00000 cql=0.14057 pairs=302.8
[train-progress] epoch=5 [####--------------------] 175/900  19.4% loss=0.24584 jepa=0.26272 hard=0.85062 hard_red=0.02542 oracle=0.48986 rank=0.06174 value=0.32502 cand=2.54227 ndcg=0.00000 cql=0.14195 pairs=301.2
[train-progress] epoch=5 [#####-------------------] 200/900  22.2% loss=0.24498 jepa=0.26532 hard=0.83315 hard_red=0.02542 oracle=0.48887 rank=0.06108 value=0.32994 cand=2.53590 ndcg=0.00000 cql=0.14143 pairs=303.8
[train-progress] epoch=5 [######------------------] 225/900  25.0% loss=0.24314 jepa=0.27099 hard=0.82285 hard_red=0.02464 oracle=0.48640 rank=0.06081 value=0.33188 cand=2.52150 ndcg=0.00000 cql=0.14052 pairs=305.7
[train-progress] epoch=5 [######------------------] 250/900  27.8% loss=0.23680 jepa=0.26940 hard=0.83395 hard_red=0.02501 oracle=0.48596 rank=0.06062 value=0.32884 cand=2.52102 ndcg=0.00000 cql=0.14027 pairs=306.3
[train-progress] epoch=5 [#######-----------------] 275/900  30.6% loss=0.23293 jepa=0.27001 hard=0.82968 hard_red=0.02476 oracle=0.48560 rank=0.06075 value=0.32768 cand=2.51969 ndcg=0.00000 cql=0.13989 pairs=309.3
[train-progress] epoch=5 [########----------------] 300/900  33.3% loss=0.23314 jepa=0.26991 hard=0.83270 hard_red=0.02356 oracle=0.48611 rank=0.06119 value=0.32866 cand=2.51991 ndcg=0.00000 cql=0.14085 pairs=308.6
[train-progress] epoch=5 [########----------------] 325/900  36.1% loss=0.23707 jepa=0.26877 hard=0.83622 hard_red=0.02375 oracle=0.48652 rank=0.06146 value=0.32914 cand=2.52173 ndcg=0.00000 cql=0.14081 pairs=310.9
[train-progress] epoch=5 [#########---------------] 350/900  38.9% loss=0.23918 jepa=0.27517 hard=0.83353 hard_red=0.02380 oracle=0.48610 rank=0.06129 value=0.32641 cand=2.52063 ndcg=0.00000 cql=0.14096 pairs=309.5
[train-progress] epoch=5 [##########--------------] 375/900  41.7% loss=0.24030 jepa=0.27790 hard=0.82838 hard_red=0.02435 oracle=0.48430 rank=0.06095 value=0.33002 cand=2.50914 ndcg=0.00000 cql=0.14040 pairs=308.6
[train-progress] epoch=5 [##########--------------] 400/900  44.4% loss=0.24700 jepa=0.27709 hard=0.82817 hard_red=0.02446 oracle=0.48399 rank=0.06066 value=0.33115 cand=2.50772 ndcg=0.00000 cql=0.14014 pairs=308.6
[train-progress] epoch=5 [###########-------------] 425/900  47.2% loss=0.24363 jepa=0.27549 hard=0.82970 hard_red=0.02547 oracle=0.48433 rank=0.06064 value=0.32972 cand=2.51030 ndcg=0.00000 cql=0.14031 pairs=308.6
[train-progress] epoch=5 [############------------] 450/900  50.0% loss=0.25225 jepa=0.27704 hard=0.82602 hard_red=0.02535 oracle=0.48463 rank=0.06076 value=0.32952 cand=2.51151 ndcg=0.00000 cql=0.14062 pairs=307.6
[train-progress] epoch=5 [############------------] 475/900  52.8% loss=0.24960 jepa=0.27689 hard=0.81527 hard_red=0.02470 oracle=0.48509 rank=0.06059 value=0.33014 cand=2.51421 ndcg=0.00000 cql=0.14081 pairs=307.2
[train-progress] epoch=5 [#############-----------] 500/900  55.6% loss=0.25181 jepa=0.27699 hard=0.81451 hard_red=0.02524 oracle=0.48491 rank=0.06051 value=0.33023 cand=2.51218 ndcg=0.00000 cql=0.14145 pairs=306.3
[train-progress] epoch=5 [##############----------] 525/900  58.3% loss=0.24856 jepa=0.27615 hard=0.81118 hard_red=0.02534 oracle=0.48511 rank=0.06061 value=0.33019 cand=2.51280 ndcg=0.00000 cql=0.14172 pairs=306.5
[train-progress] epoch=5 [##############----------] 550/900  61.1% loss=0.24838 jepa=0.27602 hard=0.81244 hard_red=0.02553 oracle=0.48519 rank=0.06074 value=0.32899 cand=2.51357 ndcg=0.00000 cql=0.14175 pairs=306.4
[train-progress] epoch=5 [###############---------] 575/900  63.9% loss=0.25228 jepa=0.27642 hard=0.81309 hard_red=0.02589 oracle=0.48477 rank=0.06062 value=0.32733 cand=2.51238 ndcg=0.00000 cql=0.14155 pairs=306.0
[train-progress] epoch=5 [################--------] 600/900  66.7% loss=0.25185 jepa=0.27696 hard=0.81332 hard_red=0.02557 oracle=0.48512 rank=0.06068 value=0.32929 cand=2.51344 ndcg=0.00000 cql=0.14155 pairs=306.3
[train-progress] epoch=5 [################--------] 625/900  69.4% loss=0.25974 jepa=0.27810 hard=0.81468 hard_red=0.02582 oracle=0.48470 rank=0.06040 value=0.32832 cand=2.51249 ndcg=0.00000 cql=0.14118 pairs=306.9
[train-progress] epoch=5 [#################-------] 650/900  72.2% loss=0.26692 jepa=0.27751 hard=0.81563 hard_red=0.02584 oracle=0.48306 rank=0.06025 value=0.32922 cand=2.50330 ndcg=0.00000 cql=0.14044 pairs=308.0
[train-progress] epoch=5 [##################------] 675/900  75.0% loss=0.27452 jepa=0.27774 hard=0.81321 hard_red=0.02606 oracle=0.48335 rank=0.06020 value=0.32893 cand=2.50533 ndcg=0.00000 cql=0.14046 pairs=308.0
[train-progress] epoch=5 [##################------] 700/900  77.8% loss=0.27331 jepa=0.27962 hard=0.81177 hard_red=0.02596 oracle=0.48363 rank=0.06029 value=0.32957 cand=2.50648 ndcg=0.00000 cql=0.14051 pairs=308.8
[train-progress] epoch=5 [###################-----] 725/900  80.6% loss=0.27144 jepa=0.27949 hard=0.80918 hard_red=0.02607 oracle=0.48438 rank=0.06045 value=0.32905 cand=2.51050 ndcg=0.00000 cql=0.14089 pairs=309.2
[train-progress] epoch=5 [####################----] 750/900  83.3% loss=0.26959 jepa=0.27936 hard=0.80984 hard_red=0.02587 oracle=0.48432 rank=0.06038 value=0.32930 cand=2.50985 ndcg=0.00000 cql=0.14107 pairs=308.6
[train-progress] epoch=5 [####################----] 775/900  86.1% loss=0.27193 jepa=0.27999 hard=0.80994 hard_red=0.02595 oracle=0.48442 rank=0.06048 value=0.32936 cand=2.51019 ndcg=0.00000 cql=0.14108 pairs=308.4
[train-progress] epoch=5 [#####################---] 800/900  88.9% loss=0.27653 jepa=0.28040 hard=0.80592 hard_red=0.02644 oracle=0.48398 rank=0.06027 value=0.32984 cand=2.50831 ndcg=0.00000 cql=0.14068 pairs=308.9
[train-progress] epoch=5 [######################--] 825/900  91.7% loss=0.27834 jepa=0.28073 hard=0.80570 hard_red=0.02627 oracle=0.48458 rank=0.06027 value=0.32895 cand=2.51220 ndcg=0.00000 cql=0.14087 pairs=308.9
[train-progress] epoch=5 [######################--] 850/900  94.4% loss=0.27617 jepa=0.28079 hard=0.80255 hard_red=0.02624 oracle=0.48436 rank=0.06027 value=0.32798 cand=2.51115 ndcg=0.00000 cql=0.14096 pairs=308.3
[train-progress] epoch=5 [#######################-] 875/900  97.2% loss=0.27312 jepa=0.27997 hard=0.80060 hard_red=0.02611 oracle=0.48422 rank=0.06014 value=0.32912 cand=2.51024 ndcg=0.00000 cql=0.14082 pairs=308.3
[train-progress] epoch=5 [########################] 900/900 100.0% loss=0.27288 jepa=0.27945 hard=0.80230 hard_red=0.02587 oracle=0.48361 rank=0.05999 value=0.32888 cand=2.50699 ndcg=0.00000 cql=0.14073 pairs=308.3
[train] epoch=5 horizon=3 train_loss=0.272875 val_loss=0.244017 train_steps=900
[train-progress] epoch=6 [------------------------] 1/900   0.1% loss=0.09584 jepa=0.25750 hard=0.80565 hard_red=0.00081 oracle=0.41141 rank=0.04090 value=0.28572 cand=2.18169 ndcg=0.00000 cql=0.10068 pairs=328.0
[train-progress] epoch=6 [------------------------] 25/900   2.8% loss=0.40125 jepa=0.30709 hard=0.88709 hard_red=0.03951 oracle=0.47252 rank=0.05624 value=0.33114 cand=2.45967 ndcg=0.00000 cql=0.13121 pairs=310.8
[train-progress] epoch=6 [#-----------------------] 50/900   5.6% loss=0.29559 jepa=0.28228 hard=0.88295 hard_red=0.02761 oracle=0.47227 rank=0.05495 value=0.31525 cand=2.46820 ndcg=0.00000 cql=0.13161 pairs=309.4
[train-progress] epoch=6 [##----------------------] 75/900   8.3% loss=0.28421 jepa=0.28968 hard=0.81583 hard_red=0.02458 oracle=0.47511 rank=0.05388 value=0.30333 cand=2.49317 ndcg=0.00000 cql=0.13232 pairs=314.4
[train-progress] epoch=6 [##----------------------] 100/900  11.1% loss=0.29517 jepa=0.29130 hard=0.81032 hard_red=0.02551 oracle=0.47335 rank=0.05380 value=0.30464 cand=2.48313 ndcg=0.00000 cql=0.13138 pairs=315.8
[train-progress] epoch=6 [###---------------------] 125/900  13.9% loss=0.26991 jepa=0.28701 hard=0.81426 hard_red=0.02504 oracle=0.47381 rank=0.05473 value=0.31415 cand=2.47800 ndcg=0.00000 cql=0.13219 pairs=317.5
[train-progress] epoch=6 [####--------------------] 150/900  16.7% loss=0.26694 jepa=0.29058 hard=0.81398 hard_red=0.02366 oracle=0.47386 rank=0.05528 value=0.31310 cand=2.47623 ndcg=0.00000 cql=0.13306 pairs=315.3
[train-progress] epoch=6 [####--------------------] 175/900  19.4% loss=0.28828 jepa=0.29409 hard=0.80993 hard_red=0.02589 oracle=0.47699 rank=0.05523 value=0.31556 cand=2.49448 ndcg=0.00000 cql=0.13318 pairs=314.5
[train-progress] epoch=6 [#####-------------------] 200/900  22.2% loss=0.28965 jepa=0.29524 hard=0.80876 hard_red=0.02563 oracle=0.47813 rank=0.05559 value=0.31233 cand=2.50060 ndcg=0.00000 cql=0.13437 pairs=311.4
[train-progress] epoch=6 [######------------------] 225/900  25.0% loss=0.29502 jepa=0.30603 hard=0.81886 hard_red=0.02624 oracle=0.47819 rank=0.05534 value=0.31073 cand=2.50237 ndcg=0.00000 cql=0.13432 pairs=308.2
[train-progress] epoch=6 [######------------------] 250/900  27.8% loss=0.29300 jepa=0.30404 hard=0.82658 hard_red=0.02719 oracle=0.47919 rank=0.05533 value=0.30849 cand=2.50867 ndcg=0.00000 cql=0.13504 pairs=306.9
[train-progress] epoch=6 [#######-----------------] 275/900  30.6% loss=0.28972 jepa=0.30425 hard=0.82841 hard_red=0.02747 oracle=0.47817 rank=0.05500 value=0.30688 cand=2.50426 ndcg=0.00000 cql=0.13475 pairs=308.2
[train-progress] epoch=6 [########----------------] 300/900  33.3% loss=0.28378 jepa=0.30421 hard=0.82247 hard_red=0.02785 oracle=0.47758 rank=0.05558 value=0.30581 cand=2.49906 ndcg=0.00000 cql=0.13526 pairs=308.9
[train-progress] epoch=6 [########----------------] 325/900  36.1% loss=0.30061 jepa=0.30326 hard=0.81711 hard_red=0.02680 oracle=0.47843 rank=0.05606 value=0.30569 cand=2.50282 ndcg=0.00000 cql=0.13560 pairs=309.2
[train-progress] epoch=6 [#########---------------] 350/900  38.9% loss=0.29079 jepa=0.30159 hard=0.82107 hard_red=0.02613 oracle=0.47996 rank=0.05606 value=0.30505 cand=2.51165 ndcg=0.00000 cql=0.13631 pairs=309.3
[train-progress] epoch=6 [##########--------------] 375/900  41.7% loss=0.28406 jepa=0.30092 hard=0.80678 hard_red=0.02566 oracle=0.47989 rank=0.05545 value=0.30237 cand=2.51498 ndcg=0.00000 cql=0.13559 pairs=309.1
[train-progress] epoch=6 [##########--------------] 400/900  44.4% loss=0.27690 jepa=0.29958 hard=0.80740 hard_red=0.02539 oracle=0.48070 rank=0.05567 value=0.30080 cand=2.51943 ndcg=0.00000 cql=0.13618 pairs=310.5
[train-progress] epoch=6 [###########-------------] 425/900  47.2% loss=0.27494 jepa=0.29781 hard=0.80806 hard_red=0.02497 oracle=0.48043 rank=0.05544 value=0.29892 cand=2.51971 ndcg=0.00000 cql=0.13582 pairs=310.4
[train-progress] epoch=6 [############------------] 450/900  50.0% loss=0.27397 jepa=0.29797 hard=0.80371 hard_red=0.02505 oracle=0.48018 rank=0.05540 value=0.29972 cand=2.51822 ndcg=0.00000 cql=0.13560 pairs=310.1
[train-progress] epoch=6 [############------------] 475/900  52.8% loss=0.26886 jepa=0.29671 hard=0.81134 hard_red=0.02481 oracle=0.47907 rank=0.05501 value=0.29925 cand=2.51369 ndcg=0.00000 cql=0.13476 pairs=310.0
[train-progress] epoch=6 [#############-----------] 500/900  55.6% loss=0.26689 jepa=0.29653 hard=0.80751 hard_red=0.02466 oracle=0.47919 rank=0.05521 value=0.29809 cand=2.51406 ndcg=0.00000 cql=0.13508 pairs=310.2
[train-progress] epoch=6 [##############----------] 525/900  58.3% loss=0.26710 jepa=0.29601 hard=0.80334 hard_red=0.02417 oracle=0.47949 rank=0.05511 value=0.30087 cand=2.51457 ndcg=0.00000 cql=0.13519 pairs=310.3
[train-progress] epoch=6 [##############----------] 550/900  61.1% loss=0.27083 jepa=0.29910 hard=0.79598 hard_red=0.02428 oracle=0.47960 rank=0.05474 value=0.29920 cand=2.51718 ndcg=0.00000 cql=0.13503 pairs=308.9
[train-progress] epoch=6 [###############---------] 575/900  63.9% loss=0.27619 jepa=0.29979 hard=0.79454 hard_red=0.02492 oracle=0.47963 rank=0.05512 value=0.29889 cand=2.51591 ndcg=0.00000 cql=0.13553 pairs=308.8
[train-progress] epoch=6 [################--------] 600/900  66.7% loss=0.27322 jepa=0.29962 hard=0.79267 hard_red=0.02470 oracle=0.47952 rank=0.05511 value=0.29865 cand=2.51515 ndcg=0.00000 cql=0.13567 pairs=308.3
[train-progress] epoch=6 [################--------] 625/900  69.4% loss=0.26848 jepa=0.29806 hard=0.79198 hard_red=0.02420 oracle=0.47894 rank=0.05499 value=0.29921 cand=2.51171 ndcg=0.00000 cql=0.13555 pairs=308.3
[train-progress] epoch=6 [#################-------] 650/900  72.2% loss=0.26454 jepa=0.29677 hard=0.79496 hard_red=0.02396 oracle=0.47826 rank=0.05488 value=0.29750 cand=2.50885 ndcg=0.00000 cql=0.13533 pairs=308.1
[train-progress] epoch=6 [##################------] 675/900  75.0% loss=0.26037 jepa=0.29591 hard=0.79045 hard_red=0.02342 oracle=0.47793 rank=0.05476 value=0.29680 cand=2.50738 ndcg=0.00000 cql=0.13534 pairs=308.2
[train-progress] epoch=6 [##################------] 700/900  77.8% loss=0.26522 jepa=0.29768 hard=0.78636 hard_red=0.02357 oracle=0.47813 rank=0.05475 value=0.29675 cand=2.50858 ndcg=0.00000 cql=0.13543 pairs=308.6
[train-progress] epoch=6 [###################-----] 725/900  80.6% loss=0.26681 jepa=0.29770 hard=0.78455 hard_red=0.02348 oracle=0.47698 rank=0.05444 value=0.29696 cand=2.50275 ndcg=0.00000 cql=0.13491 pairs=308.5
[train-progress] epoch=6 [####################----] 750/900  83.3% loss=0.26647 jepa=0.29731 hard=0.78610 hard_red=0.02359 oracle=0.47661 rank=0.05415 value=0.29669 cand=2.50191 ndcg=0.00000 cql=0.13445 pairs=308.7
[train-progress] epoch=6 [####################----] 775/900  86.1% loss=0.26518 jepa=0.29645 hard=0.79052 hard_red=0.02337 oracle=0.47727 rank=0.05413 value=0.29555 cand=2.50582 ndcg=0.00000 cql=0.13497 pairs=308.0
[train-progress] epoch=6 [#####################---] 800/900  88.9% loss=0.26775 jepa=0.29660 hard=0.78863 hard_red=0.02380 oracle=0.47711 rank=0.05406 value=0.29499 cand=2.50534 ndcg=0.00000 cql=0.13493 pairs=308.0
[train-progress] epoch=6 [######################--] 825/900  91.7% loss=0.27259 jepa=0.29930 hard=0.78538 hard_red=0.02379 oracle=0.47616 rank=0.05391 value=0.29533 cand=2.50006 ndcg=0.00000 cql=0.13460 pairs=308.8
[train-progress] epoch=6 [######################--] 850/900  94.4% loss=0.27177 jepa=0.30001 hard=0.78346 hard_red=0.02372 oracle=0.47565 rank=0.05379 value=0.29535 cand=2.49752 ndcg=0.00000 cql=0.13438 pairs=308.7
[train-progress] epoch=6 [#######################-] 875/900  97.2% loss=0.26992 jepa=0.29946 hard=0.78064 hard_red=0.02353 oracle=0.47571 rank=0.05375 value=0.29512 cand=2.49805 ndcg=0.00000 cql=0.13441 pairs=308.6
[train-progress] epoch=6 [########################] 900/900 100.0% loss=0.26733 jepa=0.29902 hard=0.78049 hard_red=0.02318 oracle=0.47662 rank=0.05383 value=0.29490 cand=2.50322 ndcg=0.00000 cql=0.13471 pairs=308.1
[train] epoch=6 horizon=4 train_loss=0.267334 val_loss=0.263062 train_steps=900
[train-progress] epoch=7 [------------------------] 1/900   0.1% loss=0.10884 jepa=0.25897 hard=1.19205 hard_red=0.00238 oracle=0.44271 rank=0.07274 value=0.25362 cand=2.26864 ndcg=0.00000 cql=0.13592 pairs=254.0
[train-progress] epoch=7 [------------------------] 25/900   2.8% loss=0.23634 jepa=0.32828 hard=0.77400 hard_red=0.03379 oracle=0.48004 rank=0.05750 value=0.24967 cand=2.53059 ndcg=0.00000 cql=0.14018 pairs=303.0
[train-progress] epoch=7 [#-----------------------] 50/900   5.6% loss=0.18833 jepa=0.29087 hard=0.78535 hard_red=0.01868 oracle=0.48528 rank=0.05395 value=0.25576 cand=2.56627 ndcg=0.00000 cql=0.14133 pairs=306.6
[train-progress] epoch=7 [##----------------------] 75/900   8.3% loss=0.19257 jepa=0.28529 hard=0.83628 hard_red=0.02330 oracle=0.48067 rank=0.05396 value=0.25694 cand=2.54203 ndcg=0.00000 cql=0.13802 pairs=307.3
[train-progress] epoch=7 [##----------------------] 100/900  11.1% loss=0.22601 jepa=0.28829 hard=0.79086 hard_red=0.02416 oracle=0.48395 rank=0.05464 value=0.26052 cand=2.55808 ndcg=0.00000 cql=0.13877 pairs=306.5
[train-progress] epoch=7 [###---------------------] 125/900  13.9% loss=0.22378 jepa=0.29611 hard=0.81267 hard_red=0.02730 oracle=0.48548 rank=0.05415 value=0.27105 cand=2.56295 ndcg=0.00000 cql=0.13910 pairs=306.2
[train-progress] epoch=7 [####--------------------] 150/900  16.7% loss=0.24868 jepa=0.29497 hard=0.80060 hard_red=0.02660 oracle=0.48481 rank=0.05402 value=0.27263 cand=2.55921 ndcg=0.00000 cql=0.13848 pairs=304.5
[train-progress] epoch=7 [####--------------------] 175/900  19.4% loss=0.23708 jepa=0.28993 hard=0.80171 hard_red=0.02523 oracle=0.48218 rank=0.05362 value=0.27476 cand=2.54469 ndcg=0.00000 cql=0.13715 pairs=306.0
[train-progress] epoch=7 [#####-------------------] 200/900  22.2% loss=0.24543 jepa=0.30095 hard=0.80378 hard_red=0.02591 oracle=0.47760 rank=0.05311 value=0.27663 cand=2.51906 ndcg=0.00000 cql=0.13532 pairs=308.9
[train-progress] epoch=7 [######------------------] 225/900  25.0% loss=0.24024 jepa=0.29914 hard=0.79155 hard_red=0.02599 oracle=0.47771 rank=0.05259 value=0.27692 cand=2.52249 ndcg=0.00000 cql=0.13420 pairs=309.5
[train-progress] epoch=7 [######------------------] 250/900  27.8% loss=0.27651 jepa=0.29780 hard=0.79807 hard_red=0.02749 oracle=0.47705 rank=0.05266 value=0.27587 cand=2.51908 ndcg=0.00000 cql=0.13400 pairs=309.7
[train-progress] epoch=7 [#######-----------------] 275/900  30.6% loss=0.28078 jepa=0.29631 hard=0.79327 hard_red=0.02698 oracle=0.47532 rank=0.05298 value=0.27328 cand=2.50791 ndcg=0.00000 cql=0.13458 pairs=309.6
[train-progress] epoch=7 [########----------------] 300/900  33.3% loss=0.28090 jepa=0.29781 hard=0.78815 hard_red=0.02552 oracle=0.47728 rank=0.05312 value=0.27216 cand=2.52013 ndcg=0.00000 cql=0.13478 pairs=308.8
[train-progress] epoch=7 [########----------------] 325/900  36.1% loss=0.27101 jepa=0.29561 hard=0.78507 hard_red=0.02484 oracle=0.47778 rank=0.05355 value=0.27188 cand=2.52165 ndcg=0.00000 cql=0.13528 pairs=308.9
[train-progress] epoch=7 [#########---------------] 350/900  38.9% loss=0.28788 jepa=0.30192 hard=0.78382 hard_red=0.02480 oracle=0.47770 rank=0.05339 value=0.27225 cand=2.52117 ndcg=0.00000 cql=0.13538 pairs=308.2
[train-progress] epoch=7 [##########--------------] 375/900  41.7% loss=0.28467 jepa=0.30273 hard=0.77907 hard_red=0.02473 oracle=0.47759 rank=0.05347 value=0.27288 cand=2.52072 ndcg=0.00000 cql=0.13491 pairs=309.0
[train-progress] epoch=7 [##########--------------] 400/900  44.4% loss=0.28586 jepa=0.30407 hard=0.77163 hard_red=0.02517 oracle=0.47631 rank=0.05355 value=0.27297 cand=2.51320 ndcg=0.00000 cql=0.13448 pairs=309.2
[train-progress] epoch=7 [###########-------------] 425/900  47.2% loss=0.28694 jepa=0.30426 hard=0.77580 hard_red=0.02476 oracle=0.47685 rank=0.05375 value=0.27401 cand=2.51532 ndcg=0.00000 cql=0.13464 pairs=308.9
[train-progress] epoch=7 [############------------] 450/900  50.0% loss=0.28475 jepa=0.30273 hard=0.77766 hard_red=0.02439 oracle=0.47471 rank=0.05340 value=0.27357 cand=2.50426 ndcg=0.00000 cql=0.13380 pairs=309.7
[train-progress] epoch=7 [############------------] 475/900  52.8% loss=0.28769 jepa=0.30368 hard=0.78518 hard_red=0.02492 oracle=0.47454 rank=0.05344 value=0.27384 cand=2.50290 ndcg=0.00000 cql=0.13388 pairs=309.6
[train-progress] epoch=7 [#############-----------] 500/900  55.6% loss=0.28381 jepa=0.30443 hard=0.79055 hard_red=0.02489 oracle=0.47524 rank=0.05333 value=0.27266 cand=2.50831 ndcg=0.00000 cql=0.13375 pairs=308.9
[train-progress] epoch=7 [##############----------] 525/900  58.3% loss=0.28608 jepa=0.31113 hard=0.79048 hard_red=0.02505 oracle=0.47517 rank=0.05332 value=0.27305 cand=2.50762 ndcg=0.00000 cql=0.13379 pairs=309.5
[train-progress] epoch=7 [##############----------] 550/900  61.1% loss=0.28144 jepa=0.30985 hard=0.79187 hard_red=0.02495 oracle=0.47401 rank=0.05302 value=0.27211 cand=2.50240 ndcg=0.00000 cql=0.13319 pairs=309.5
[train-progress] epoch=7 [###############---------] 575/900  63.9% loss=0.27692 jepa=0.30873 hard=0.78598 hard_red=0.02467 oracle=0.47397 rank=0.05292 value=0.27091 cand=2.50333 ndcg=0.00000 cql=0.13297 pairs=309.3
[train-progress] epoch=7 [################--------] 600/900  66.7% loss=0.27647 jepa=0.31021 hard=0.78104 hard_red=0.02475 oracle=0.47489 rank=0.05328 value=0.27105 cand=2.50794 ndcg=0.00000 cql=0.13315 pairs=309.3
[train-progress] epoch=7 [################--------] 625/900  69.4% loss=0.27638 jepa=0.31014 hard=0.78400 hard_red=0.02532 oracle=0.47507 rank=0.05323 value=0.27041 cand=2.50915 ndcg=0.00000 cql=0.13337 pairs=308.9
[train-progress] epoch=7 [#################-------] 650/900  72.2% loss=0.27407 jepa=0.30899 hard=0.79029 hard_red=0.02556 oracle=0.47581 rank=0.05317 value=0.26982 cand=2.51401 ndcg=0.00000 cql=0.13348 pairs=309.2
[train-progress] epoch=7 [##################------] 675/900  75.0% loss=0.27498 jepa=0.30800 hard=0.78948 hard_red=0.02536 oracle=0.47622 rank=0.05327 value=0.26980 cand=2.51605 ndcg=0.00000 cql=0.13368 pairs=309.2
[train-progress] epoch=7 [##################------] 700/900  77.8% loss=0.27154 jepa=0.30701 hard=0.78955 hard_red=0.02523 oracle=0.47560 rank=0.05319 value=0.26947 cand=2.51290 ndcg=0.00000 cql=0.13346 pairs=309.4
[train-progress] epoch=7 [###################-----] 725/900  80.6% loss=0.26980 jepa=0.30632 hard=0.78719 hard_red=0.02520 oracle=0.47525 rank=0.05304 value=0.26949 cand=2.51134 ndcg=0.00000 cql=0.13323 pairs=309.1
[train-progress] epoch=7 [####################----] 750/900  83.3% loss=0.26815 jepa=0.30801 hard=0.78635 hard_red=0.02478 oracle=0.47556 rank=0.05304 value=0.26910 cand=2.51334 ndcg=0.00000 cql=0.13334 pairs=309.0
[train-progress] epoch=7 [####################----] 775/900  86.1% loss=0.27644 jepa=0.30801 hard=0.78597 hard_red=0.02461 oracle=0.47531 rank=0.05292 value=0.26890 cand=2.51252 ndcg=0.00000 cql=0.13307 pairs=309.2
[train-progress] epoch=7 [#####################---] 800/900  88.9% loss=0.27452 jepa=0.30746 hard=0.78134 hard_red=0.02436 oracle=0.47485 rank=0.05282 value=0.26829 cand=2.51048 ndcg=0.00000 cql=0.13289 pairs=308.8
[train-progress] epoch=7 [######################--] 825/900  91.7% loss=0.27305 jepa=0.30732 hard=0.77931 hard_red=0.02415 oracle=0.47457 rank=0.05270 value=0.26837 cand=2.50929 ndcg=0.00000 cql=0.13266 pairs=309.1
[train-progress] epoch=7 [######################--] 850/900  94.4% loss=0.28272 jepa=0.32707 hard=0.78072 hard_red=0.02459 oracle=0.47443 rank=0.05260 value=0.26896 cand=2.50842 ndcg=0.00000 cql=0.13261 pairs=308.9
[train-progress] epoch=7 [#######################-] 875/900  97.2% loss=0.28425 jepa=0.32698 hard=0.78292 hard_red=0.02499 oracle=0.47378 rank=0.05246 value=0.26978 cand=2.50493 ndcg=0.00000 cql=0.13220 pairs=309.0
[train-progress] epoch=7 [########################] 900/900 100.0% loss=0.28396 jepa=0.32668 hard=0.77961 hard_red=0.02496 oracle=0.47291 rank=0.05235 value=0.26991 cand=2.50014 ndcg=0.00000 cql=0.13187 pairs=308.7
[train] epoch=7 horizon=4 train_loss=0.283960 val_loss=0.227287 train_steps=900
[train-progress] epoch=8 [------------------------] 1/900   0.1% loss=0.53707 jepa=0.39694 hard=1.15834 hard_red=0.15738 oracle=0.48064 rank=0.06858 value=0.35173 cand=2.42578 ndcg=0.00000 cql=0.16148 pairs=345.0
[train-progress] epoch=8 [------------------------] 25/900   2.8% loss=0.27935 jepa=0.33187 hard=0.76452 hard_red=0.03060 oracle=0.48346 rank=0.05678 value=0.26291 cand=2.54453 ndcg=0.00000 cql=0.14171 pairs=311.3
[train-progress] epoch=8 [#-----------------------] 50/900   5.6% loss=0.22827 jepa=0.32500 hard=0.77082 hard_red=0.02785 oracle=0.47263 rank=0.05516 value=0.27061 cand=2.48558 ndcg=0.00000 cql=0.13593 pairs=312.8
[train-progress] epoch=8 [##----------------------] 75/900   8.3% loss=0.23593 jepa=0.32880 hard=0.74539 hard_red=0.02711 oracle=0.47844 rank=0.05427 value=0.25852 cand=2.53046 ndcg=0.00000 cql=0.13558 pairs=312.4
[train-progress] epoch=8 [##----------------------] 100/900  11.1% loss=0.27645 jepa=0.33159 hard=0.74003 hard_red=0.02616 oracle=0.47300 rank=0.05433 value=0.26114 cand=2.49644 ndcg=0.00000 cql=0.13464 pairs=319.3
[train-progress] epoch=8 [###---------------------] 125/900  13.9% loss=0.27030 jepa=0.32580 hard=0.73161 hard_red=0.02515 oracle=0.46915 rank=0.05355 value=0.26139 cand=2.47553 ndcg=0.00000 cql=0.13365 pairs=316.8
[train-progress] epoch=8 [####--------------------] 150/900  16.7% loss=0.28433 jepa=0.33157 hard=0.75027 hard_red=0.02389 oracle=0.47080 rank=0.05256 value=0.26039 cand=2.48941 ndcg=0.00000 cql=0.13310 pairs=314.2
[train-progress] epoch=8 [####--------------------] 175/900  19.4% loss=0.26945 jepa=0.32734 hard=0.75096 hard_red=0.02236 oracle=0.46973 rank=0.05176 value=0.26018 cand=2.48632 ndcg=0.00000 cql=0.13195 pairs=311.6
[train-progress] epoch=8 [#####-------------------] 200/900  22.2% loss=0.25989 jepa=0.32435 hard=0.76899 hard_red=0.02205 oracle=0.46676 rank=0.05069 value=0.25806 cand=2.47356 ndcg=0.00000 cql=0.13042 pairs=310.8
[train-progress] epoch=8 [######------------------] 225/900  25.0% loss=0.25103 jepa=0.31982 hard=0.76662 hard_red=0.02181 oracle=0.46601 rank=0.05006 value=0.25567 cand=2.47241 ndcg=0.00000 cql=0.12979 pairs=310.8
[train-progress] epoch=8 [######------------------] 250/900  27.8% loss=0.25260 jepa=0.31933 hard=0.76456 hard_red=0.02281 oracle=0.46462 rank=0.05007 value=0.25628 cand=2.46401 ndcg=0.00000 cql=0.12940 pairs=309.6
[train-progress] epoch=8 [#######-----------------] 275/900  30.6% loss=0.24839 jepa=0.31953 hard=0.76723 hard_red=0.02255 oracle=0.46625 rank=0.05003 value=0.26079 cand=2.47223 ndcg=0.00000 cql=0.12928 pairs=308.4
[train-progress] epoch=8 [########----------------] 300/900  33.3% loss=0.24772 jepa=0.32118 hard=0.76912 hard_red=0.02229 oracle=0.46511 rank=0.04979 value=0.25929 cand=2.46711 ndcg=0.00000 cql=0.12883 pairs=308.7
[train-progress] epoch=8 [########----------------] 325/900  36.1% loss=0.25545 jepa=0.32079 hard=0.76420 hard_red=0.02185 oracle=0.46692 rank=0.04974 value=0.25993 cand=2.47775 ndcg=0.00000 cql=0.12913 pairs=308.2
[train-progress] epoch=8 [#########---------------] 350/900  38.9% loss=0.27588 jepa=0.32591 hard=0.76493 hard_red=0.02195 oracle=0.46688 rank=0.04965 value=0.26061 cand=2.47774 ndcg=0.00000 cql=0.12888 pairs=309.7
[train-progress] epoch=8 [##########--------------] 375/900  41.7% loss=0.28110 jepa=0.32466 hard=0.76099 hard_red=0.02155 oracle=0.46643 rank=0.04977 value=0.26103 cand=2.47449 ndcg=0.00000 cql=0.12885 pairs=310.5
[train-progress] epoch=8 [##########--------------] 400/900  44.4% loss=0.29068 jepa=0.32472 hard=0.76375 hard_red=0.02115 oracle=0.46655 rank=0.04996 value=0.26178 cand=2.47496 ndcg=0.00000 cql=0.12851 pairs=311.0
[train-progress] epoch=8 [###########-------------] 425/900  47.2% loss=0.29513 jepa=0.32668 hard=0.76386 hard_red=0.02086 oracle=0.46743 rank=0.04999 value=0.26230 cand=2.47917 ndcg=0.00000 cql=0.12914 pairs=310.9
[train-progress] epoch=8 [############------------] 450/900  50.0% loss=0.29469 jepa=0.32827 hard=0.76302 hard_red=0.02074 oracle=0.46678 rank=0.05004 value=0.26298 cand=2.47495 ndcg=0.00000 cql=0.12893 pairs=311.0
[train-progress] epoch=8 [############------------] 475/900  52.8% loss=0.29566 jepa=0.32859 hard=0.76096 hard_red=0.02120 oracle=0.46788 rank=0.05020 value=0.26343 cand=2.48043 ndcg=0.00000 cql=0.12947 pairs=310.7
[train-progress] epoch=8 [#############-----------] 500/900  55.6% loss=0.29823 jepa=0.32960 hard=0.76343 hard_red=0.02182 oracle=0.46635 rank=0.05013 value=0.26472 cand=2.47094 ndcg=0.00000 cql=0.12912 pairs=310.5
[train-progress] epoch=8 [##############----------] 525/900  58.3% loss=0.29781 jepa=0.32807 hard=0.76488 hard_red=0.02232 oracle=0.46607 rank=0.05012 value=0.26458 cand=2.46887 ndcg=0.00000 cql=0.12935 pairs=309.9
[train-progress] epoch=8 [##############----------] 550/900  61.1% loss=0.29238 jepa=0.32538 hard=0.76437 hard_red=0.02179 oracle=0.46588 rank=0.04998 value=0.26390 cand=2.46872 ndcg=0.00000 cql=0.12911 pairs=310.7
[train-progress] epoch=8 [###############---------] 575/900  63.9% loss=0.29427 jepa=0.32605 hard=0.76449 hard_red=0.02173 oracle=0.46529 rank=0.04979 value=0.26405 cand=2.46562 ndcg=0.00000 cql=0.12897 pairs=311.1
[train-progress] epoch=8 [################--------] 600/900  66.7% loss=0.29085 jepa=0.32477 hard=0.76534 hard_red=0.02128 oracle=0.46647 rank=0.05011 value=0.26287 cand=2.47197 ndcg=0.00000 cql=0.12954 pairs=310.7
[train-progress] epoch=8 [################--------] 625/900  69.4% loss=0.29075 jepa=0.32496 hard=0.76260 hard_red=0.02186 oracle=0.46633 rank=0.05003 value=0.26447 cand=2.47061 ndcg=0.00000 cql=0.12947 pairs=310.0
[train-progress] epoch=8 [#################-------] 650/900  72.2% loss=0.30068 jepa=0.32990 hard=0.76351 hard_red=0.02250 oracle=0.46680 rank=0.05037 value=0.26567 cand=2.47167 ndcg=0.00000 cql=0.12981 pairs=310.0
[train-progress] epoch=8 [##################------] 675/900  75.0% loss=0.30117 jepa=0.33094 hard=0.76122 hard_red=0.02287 oracle=0.46668 rank=0.05045 value=0.26601 cand=2.47069 ndcg=0.00000 cql=0.12974 pairs=310.0
[train-progress] epoch=8 [##################------] 700/900  77.8% loss=0.30840 jepa=0.33242 hard=0.76421 hard_red=0.02339 oracle=0.46665 rank=0.05029 value=0.26554 cand=2.47126 ndcg=0.00000 cql=0.12963 pairs=310.2
[train-progress] epoch=8 [###################-----] 725/900  80.6% loss=0.31187 jepa=0.33410 hard=0.76262 hard_red=0.02356 oracle=0.46674 rank=0.05040 value=0.26514 cand=2.47156 ndcg=0.00000 cql=0.12976 pairs=309.9
[train-progress] epoch=8 [####################----] 750/900  83.3% loss=0.31634 jepa=0.33470 hard=0.76571 hard_red=0.02360 oracle=0.46729 rank=0.05044 value=0.26532 cand=2.47437 ndcg=0.00000 cql=0.13006 pairs=309.2
[train-progress] epoch=8 [####################----] 775/900  86.1% loss=0.31417 jepa=0.33418 hard=0.76740 hard_red=0.02378 oracle=0.46699 rank=0.05030 value=0.26531 cand=2.47301 ndcg=0.00000 cql=0.12993 pairs=308.9
[train-progress] epoch=8 [#####################---] 800/900  88.9% loss=0.31335 jepa=0.33488 hard=0.76624 hard_red=0.02395 oracle=0.46789 rank=0.05029 value=0.26454 cand=2.47889 ndcg=0.00000 cql=0.13004 pairs=308.9
[train-progress] epoch=8 [######################--] 825/900  91.7% loss=0.31313 jepa=0.33607 hard=0.76332 hard_red=0.02383 oracle=0.46769 rank=0.05026 value=0.26442 cand=2.47802 ndcg=0.00000 cql=0.12985 pairs=309.4
[train-progress] epoch=8 [######################--] 850/900  94.4% loss=0.31003 jepa=0.33540 hard=0.76621 hard_red=0.02414 oracle=0.46824 rank=0.05035 value=0.26422 cand=2.48113 ndcg=0.00000 cql=0.12999 pairs=309.1
[train-progress] epoch=8 [#######################-] 875/900  97.2% loss=0.31032 jepa=0.33547 hard=0.76621 hard_red=0.02447 oracle=0.46776 rank=0.05016 value=0.26505 cand=2.47857 ndcg=0.00000 cql=0.12970 pairs=309.1
[train-progress] epoch=8 [########################] 900/900 100.0% loss=0.30937 jepa=0.33983 hard=0.76883 hard_red=0.02429 oracle=0.46754 rank=0.05019 value=0.26472 cand=2.47719 ndcg=0.00000 cql=0.12980 pairs=309.6
[train] epoch=8 horizon=5 train_loss=0.309374 val_loss=0.269134 train_steps=900
[train-progress] epoch=9 [------------------------] 1/900   0.1% loss=0.10646 jepa=0.25269 hard=1.05456 hard_red=0.00189 oracle=0.46270 rank=0.03060 value=0.34670 cand=2.45991 ndcg=0.00000 cql=0.12267 pairs=336.0
[train-progress] epoch=9 [------------------------] 25/900   2.8% loss=0.31249 jepa=0.34973 hard=0.76372 hard_red=0.02652 oracle=0.45399 rank=0.04629 value=0.25839 cand=2.41627 ndcg=0.00000 cql=0.12204 pairs=324.2
[train-progress] epoch=9 [#-----------------------] 50/900   5.6% loss=0.27236 jepa=0.33173 hard=0.79922 hard_red=0.02093 oracle=0.44903 rank=0.04628 value=0.25997 cand=2.38580 ndcg=0.00000 cql=0.12123 pairs=319.2
[train-progress] epoch=9 [##----------------------] 75/900   8.3% loss=0.25133 jepa=0.32124 hard=0.79471 hard_red=0.01967 oracle=0.45889 rank=0.04719 value=0.25969 cand=2.43685 ndcg=0.00000 cql=0.12681 pairs=313.9
[train-progress] epoch=9 [##----------------------] 100/900  11.1% loss=0.32273 jepa=0.32070 hard=0.77733 hard_red=0.02109 oracle=0.46072 rank=0.04706 value=0.25853 cand=2.45084 ndcg=0.00000 cql=0.12572 pairs=314.9
[train-progress] epoch=9 [###---------------------] 125/900  13.9% loss=0.30623 jepa=0.31910 hard=0.77096 hard_red=0.02564 oracle=0.46406 rank=0.04781 value=0.26081 cand=2.46691 ndcg=0.00000 cql=0.12702 pairs=314.7
[train-progress] epoch=9 [####--------------------] 150/900  16.7% loss=0.29057 jepa=0.31423 hard=0.76499 hard_red=0.02437 oracle=0.46318 rank=0.04750 value=0.26379 cand=2.46228 ndcg=0.00000 cql=0.12594 pairs=316.6
[train-progress] epoch=9 [####--------------------] 175/900  19.4% loss=0.29813 jepa=0.31167 hard=0.75346 hard_red=0.02500 oracle=0.46390 rank=0.04776 value=0.25806 cand=2.46850 ndcg=0.00000 cql=0.12633 pairs=316.5
[train-progress] epoch=9 [#####-------------------] 200/900  22.2% loss=0.30141 jepa=0.31593 hard=0.75981 hard_red=0.02561 oracle=0.46447 rank=0.04795 value=0.25364 cand=2.47521 ndcg=0.00000 cql=0.12544 pairs=315.3
[train-progress] epoch=9 [######------------------] 225/900  25.0% loss=0.29055 jepa=0.31512 hard=0.75831 hard_red=0.02547 oracle=0.46434 rank=0.04818 value=0.25272 cand=2.47363 ndcg=0.00000 cql=0.12592 pairs=316.5
[train-progress] epoch=9 [######------------------] 250/900  27.8% loss=0.27603 jepa=0.31293 hard=0.76832 hard_red=0.02458 oracle=0.46324 rank=0.04790 value=0.25124 cand=2.46879 ndcg=0.00000 cql=0.12547 pairs=317.8
[train-progress] epoch=9 [#######-----------------] 275/900  30.6% loss=0.27163 jepa=0.31215 hard=0.77245 hard_red=0.02465 oracle=0.46423 rank=0.04761 value=0.25166 cand=2.47485 ndcg=0.00000 cql=0.12582 pairs=315.2
[train-progress] epoch=9 [########----------------] 300/900  33.3% loss=0.26850 jepa=0.31143 hard=0.76309 hard_red=0.02399 oracle=0.46463 rank=0.04748 value=0.25376 cand=2.47605 ndcg=0.00000 cql=0.12618 pairs=314.8
[train-progress] epoch=9 [########----------------] 325/900  36.1% loss=0.25958 jepa=0.30943 hard=0.76158 hard_red=0.02314 oracle=0.46309 rank=0.04715 value=0.25196 cand=2.46899 ndcg=0.00000 cql=0.12558 pairs=312.9
[train-progress] epoch=9 [#########---------------] 350/900  38.9% loss=0.26899 jepa=0.30874 hard=0.75249 hard_red=0.02228 oracle=0.46103 rank=0.04678 value=0.25302 cand=2.45777 ndcg=0.00000 cql=0.12469 pairs=314.9
[train-progress] epoch=9 [##########--------------] 375/900  41.7% loss=0.27404 jepa=0.30887 hard=0.75306 hard_red=0.02232 oracle=0.46118 rank=0.04666 value=0.25157 cand=2.45955 ndcg=0.00000 cql=0.12480 pairs=314.0
[train-progress] epoch=9 [##########--------------] 400/900  44.4% loss=0.27638 jepa=0.31123 hard=0.75310 hard_red=0.02265 oracle=0.46196 rank=0.04689 value=0.25073 cand=2.46357 ndcg=0.00000 cql=0.12527 pairs=314.2
[train-progress] epoch=9 [###########-------------] 425/900  47.2% loss=0.27523 jepa=0.31147 hard=0.75345 hard_red=0.02337 oracle=0.46242 rank=0.04700 value=0.25072 cand=2.46586 ndcg=0.00000 cql=0.12549 pairs=313.7
[train-progress] epoch=9 [############------------] 450/900  50.0% loss=0.27629 jepa=0.31101 hard=0.76001 hard_red=0.02295 oracle=0.46364 rank=0.04703 value=0.25001 cand=2.47302 ndcg=0.00000 cql=0.12598 pairs=313.7
[train-progress] epoch=9 [############------------] 475/900  52.8% loss=0.27233 jepa=0.31104 hard=0.76287 hard_red=0.02301 oracle=0.46334 rank=0.04719 value=0.24921 cand=2.47148 ndcg=0.00000 cql=0.12582 pairs=314.7
[train-progress] epoch=9 [#############-----------] 500/900  55.6% loss=0.26907 jepa=0.31036 hard=0.76416 hard_red=0.02270 oracle=0.46332 rank=0.04707 value=0.24948 cand=2.47169 ndcg=0.00000 cql=0.12568 pairs=314.9
[train-progress] epoch=9 [##############----------] 525/900  58.3% loss=0.26935 jepa=0.31108 hard=0.76249 hard_red=0.02280 oracle=0.46395 rank=0.04726 value=0.24918 cand=2.47519 ndcg=0.00000 cql=0.12579 pairs=314.7
[train-progress] epoch=9 [##############----------] 550/900  61.1% loss=0.26707 jepa=0.30964 hard=0.76155 hard_red=0.02256 oracle=0.46476 rank=0.04715 value=0.24848 cand=2.48050 ndcg=0.00000 cql=0.12598 pairs=313.4
[train-progress] epoch=9 [###############---------] 575/900  63.9% loss=0.27670 jepa=0.31129 hard=0.76265 hard_red=0.02241 oracle=0.46542 rank=0.04702 value=0.24818 cand=2.48474 ndcg=0.00000 cql=0.12620 pairs=312.5
[train-progress] epoch=9 [################--------] 600/900  66.7% loss=0.27335 jepa=0.31108 hard=0.76012 hard_red=0.02229 oracle=0.46594 rank=0.04703 value=0.24752 cand=2.48772 ndcg=0.00000 cql=0.12655 pairs=312.5
[train-progress] epoch=9 [################--------] 625/900  69.4% loss=0.27248 jepa=0.31069 hard=0.75662 hard_red=0.02228 oracle=0.46531 rank=0.04694 value=0.24888 cand=2.48383 ndcg=0.00000 cql=0.12623 pairs=313.3
[train-progress] epoch=9 [#################-------] 650/900  72.2% loss=0.27067 jepa=0.31185 hard=0.76002 hard_red=0.02263 oracle=0.46608 rank=0.04697 value=0.24893 cand=2.48836 ndcg=0.00000 cql=0.12636 pairs=312.4
[train-progress] epoch=9 [##################------] 675/900  75.0% loss=0.26886 jepa=0.31099 hard=0.76713 hard_red=0.02264 oracle=0.46590 rank=0.04692 value=0.24766 cand=2.48797 ndcg=0.00000 cql=0.12636 pairs=311.8
[train-progress] epoch=9 [##################------] 700/900  77.8% loss=0.27074 jepa=0.31082 hard=0.76326 hard_red=0.02279 oracle=0.46556 rank=0.04687 value=0.24813 cand=2.48598 ndcg=0.00000 cql=0.12621 pairs=311.8
[train-progress] epoch=9 [###################-----] 725/900  80.6% loss=0.26985 jepa=0.31129 hard=0.76102 hard_red=0.02292 oracle=0.46494 rank=0.04677 value=0.24729 cand=2.48324 ndcg=0.00000 cql=0.12586 pairs=312.2
[train-progress] epoch=9 [####################----] 750/900  83.3% loss=0.27015 jepa=0.31238 hard=0.75721 hard_red=0.02304 oracle=0.46510 rank=0.04694 value=0.24832 cand=2.48291 ndcg=0.00000 cql=0.12614 pairs=312.1
[train-progress] epoch=9 [####################----] 775/900  86.1% loss=0.26884 jepa=0.31345 hard=0.75310 hard_red=0.02301 oracle=0.46460 rank=0.04702 value=0.24954 cand=2.47898 ndcg=0.00000 cql=0.12616 pairs=312.3
[train-progress] epoch=9 [#####################---] 800/900  88.9% loss=0.27318 jepa=0.31322 hard=0.75223 hard_red=0.02314 oracle=0.46393 rank=0.04714 value=0.24972 cand=2.47462 ndcg=0.00000 cql=0.12605 pairs=312.5
[train-progress] epoch=9 [######################--] 825/900  91.7% loss=0.27442 jepa=0.31414 hard=0.75092 hard_red=0.02308 oracle=0.46395 rank=0.04711 value=0.25010 cand=2.47425 ndcg=0.00000 cql=0.12628 pairs=312.2
[train-progress] epoch=9 [######################--] 850/900  94.4% loss=0.27843 jepa=0.31652 hard=0.74761 hard_red=0.02318 oracle=0.46476 rank=0.04732 value=0.25070 cand=2.47792 ndcg=0.00000 cql=0.12671 pairs=311.9
[train-progress] epoch=9 [#######################-] 875/900  97.2% loss=0.27669 jepa=0.31649 hard=0.74835 hard_red=0.02295 oracle=0.46499 rank=0.04726 value=0.25061 cand=2.47966 ndcg=0.00000 cql=0.12663 pairs=312.0
[train-progress] epoch=9 [########################] 900/900 100.0% loss=0.27693 jepa=0.31569 hard=0.74987 hard_red=0.02295 oracle=0.46430 rank=0.04724 value=0.25030 cand=2.47566 ndcg=0.00000 cql=0.12653 pairs=312.3
[train] epoch=9 horizon=5 train_loss=0.276932 val_loss=0.238758 train_steps=900
[train-progress] epoch=10 [------------------------] 1/900   0.1% loss=0.19747 jepa=0.31202 hard=0.56116 hard_red=0.06913 oracle=0.56509 rank=0.04186 value=0.20858 cand=3.14621 ndcg=0.00000 cql=0.12142 pairs=330.0
[train-progress] epoch=10 [------------------------] 25/900   2.8% loss=0.36326 jepa=0.32176 hard=0.72358 hard_red=0.01698 oracle=0.48440 rank=0.04779 value=0.22236 cand=2.60898 ndcg=0.00000 cql=0.12980 pairs=306.6
[train-progress] epoch=10 [#-----------------------] 50/900   5.6% loss=0.31048 jepa=0.30938 hard=0.73147 hard_red=0.01943 oracle=0.47832 rank=0.04708 value=0.22109 cand=2.57458 ndcg=0.00000 cql=0.12887 pairs=297.4
[train-progress] epoch=10 [##----------------------] 75/900   8.3% loss=0.33269 jepa=0.33402 hard=0.73293 hard_red=0.02170 oracle=0.47860 rank=0.04693 value=0.22688 cand=2.57407 ndcg=0.00000 cql=0.12867 pairs=297.3
[train-progress] epoch=10 [##----------------------] 100/900  11.1% loss=0.29737 jepa=0.32495 hard=0.74739 hard_red=0.02110 oracle=0.47490 rank=0.04675 value=0.23381 cand=2.55081 ndcg=0.00000 cql=0.12683 pairs=300.6
[train-progress] epoch=10 [###---------------------] 125/900  13.9% loss=0.32258 jepa=0.32778 hard=0.75103 hard_red=0.02307 oracle=0.47155 rank=0.04662 value=0.23514 cand=2.52891 ndcg=0.00000 cql=0.12720 pairs=299.5
[train-progress] epoch=10 [####--------------------] 150/900  16.7% loss=0.31652 jepa=0.32726 hard=0.76505 hard_red=0.02467 oracle=0.46693 rank=0.04644 value=0.23397 cand=2.50356 ndcg=0.00000 cql=0.12555 pairs=304.6
[train-progress] epoch=10 [####--------------------] 175/900  19.4% loss=0.30233 jepa=0.32182 hard=0.76324 hard_red=0.02344 oracle=0.46522 rank=0.04659 value=0.23770 cand=2.49185 ndcg=0.00000 cql=0.12482 pairs=307.2
[train-progress] epoch=10 [#####-------------------] 200/900  22.2% loss=0.29087 jepa=0.31974 hard=0.76497 hard_red=0.02222 oracle=0.46347 rank=0.04629 value=0.23895 cand=2.48149 ndcg=0.00000 cql=0.12447 pairs=306.9
[train-progress] epoch=10 [######------------------] 225/900  25.0% loss=0.28931 jepa=0.32162 hard=0.76089 hard_red=0.02250 oracle=0.46325 rank=0.04650 value=0.24208 cand=2.47794 ndcg=0.00000 cql=0.12453 pairs=305.2
[train-progress] epoch=10 [######------------------] 250/900  27.8% loss=0.28154 jepa=0.32235 hard=0.75138 hard_red=0.02191 oracle=0.46339 rank=0.04698 value=0.25046 cand=2.47333 ndcg=0.00000 cql=0.12472 pairs=305.7
[train-progress] epoch=10 [#######-----------------] 275/900  30.6% loss=0.29252 jepa=0.32495 hard=0.74747 hard_red=0.02218 oracle=0.46407 rank=0.04737 value=0.25511 cand=2.47417 ndcg=0.00000 cql=0.12485 pairs=305.5
[train-progress] epoch=10 [########----------------] 300/900  33.3% loss=0.28429 jepa=0.32215 hard=0.75348 hard_red=0.02185 oracle=0.46456 rank=0.04759 value=0.25324 cand=2.47750 ndcg=0.00000 cql=0.12499 pairs=306.7
[train-progress] epoch=10 [########----------------] 325/900  36.1% loss=0.28452 jepa=0.32486 hard=0.74676 hard_red=0.02107 oracle=0.46365 rank=0.04745 value=0.25434 cand=2.47186 ndcg=0.00000 cql=0.12478 pairs=308.6
[train-progress] epoch=10 [#########---------------] 350/900  38.9% loss=0.28365 jepa=0.32395 hard=0.73750 hard_red=0.02072 oracle=0.46269 rank=0.04733 value=0.25398 cand=2.46663 ndcg=0.00000 cql=0.12456 pairs=310.0
[train-progress] epoch=10 [##########--------------] 375/900  41.7% loss=0.28856 jepa=0.32675 hard=0.74265 hard_red=0.02089 oracle=0.46310 rank=0.04702 value=0.25335 cand=2.47034 ndcg=0.00000 cql=0.12449 pairs=310.6
[train-progress] epoch=10 [##########--------------] 400/900  44.4% loss=0.28417 jepa=0.32652 hard=0.73942 hard_red=0.02094 oracle=0.46215 rank=0.04703 value=0.25342 cand=2.46402 ndcg=0.00000 cql=0.12470 pairs=310.5
[train-progress] epoch=10 [###########-------------] 425/900  47.2% loss=0.28511 jepa=0.32636 hard=0.73541 hard_red=0.02109 oracle=0.46223 rank=0.04697 value=0.25351 cand=2.46513 ndcg=0.00000 cql=0.12438 pairs=310.6
[train-progress] epoch=10 [############------------] 450/900  50.0% loss=0.28040 jepa=0.32513 hard=0.73693 hard_red=0.02057 oracle=0.46184 rank=0.04680 value=0.25312 cand=2.46370 ndcg=0.00000 cql=0.12407 pairs=310.5
[train-progress] epoch=10 [############------------] 475/900  52.8% loss=0.27806 jepa=0.32472 hard=0.73327 hard_red=0.02089 oracle=0.46173 rank=0.04684 value=0.25171 cand=2.46338 ndcg=0.00000 cql=0.12425 pairs=310.4
[train-progress] epoch=10 [#############-----------] 500/900  55.6% loss=0.28244 jepa=0.32261 hard=0.73238 hard_red=0.02043 oracle=0.46248 rank=0.04681 value=0.25059 cand=2.46853 ndcg=0.00000 cql=0.12434 pairs=310.0
[train-progress] epoch=10 [##############----------] 525/900  58.3% loss=0.28302 jepa=0.32255 hard=0.72942 hard_red=0.02095 oracle=0.46108 rank=0.04675 value=0.25094 cand=2.46012 ndcg=0.00000 cql=0.12410 pairs=310.5
[train-progress] epoch=10 [##############----------] 550/900  61.1% loss=0.27911 jepa=0.32060 hard=0.72909 hard_red=0.02107 oracle=0.46126 rank=0.04671 value=0.25023 cand=2.46188 ndcg=0.00000 cql=0.12398 pairs=311.5
[train-progress] epoch=10 [###############---------] 575/900  63.9% loss=0.27812 jepa=0.32043 hard=0.73114 hard_red=0.02145 oracle=0.46055 rank=0.04658 value=0.24968 cand=2.45829 ndcg=0.00000 cql=0.12380 pairs=311.4
[train-progress] epoch=10 [################--------] 600/900  66.7% loss=0.27867 jepa=0.32020 hard=0.73448 hard_red=0.02157 oracle=0.46095 rank=0.04659 value=0.24881 cand=2.46124 ndcg=0.00000 cql=0.12376 pairs=311.5
[train-progress] epoch=10 [################--------] 625/900  69.4% loss=0.28411 jepa=0.32486 hard=0.73400 hard_red=0.02189 oracle=0.46100 rank=0.04661 value=0.25072 cand=2.46025 ndcg=0.00000 cql=0.12393 pairs=311.1
[train-progress] epoch=10 [#################-------] 650/900  72.2% loss=0.28850 jepa=0.32570 hard=0.72945 hard_red=0.02173 oracle=0.46130 rank=0.04664 value=0.25152 cand=2.46150 ndcg=0.00000 cql=0.12404 pairs=311.1
[train-progress] epoch=10 [##################------] 675/900  75.0% loss=0.28541 jepa=0.32500 hard=0.73281 hard_red=0.02169 oracle=0.46095 rank=0.04662 value=0.25256 cand=2.45879 ndcg=0.00000 cql=0.12407 pairs=310.7
[train-progress] epoch=10 [##################------] 700/900  77.8% loss=0.28505 jepa=0.32727 hard=0.73189 hard_red=0.02188 oracle=0.46105 rank=0.04657 value=0.25167 cand=2.45970 ndcg=0.00000 cql=0.12428 pairs=310.8
[train-progress] epoch=10 [###################-----] 725/900  80.6% loss=0.28443 jepa=0.32866 hard=0.73019 hard_red=0.02173 oracle=0.46067 rank=0.04660 value=0.25170 cand=2.45735 ndcg=0.00000 cql=0.12420 pairs=310.7
[train-progress] epoch=10 [####################----] 750/900  83.3% loss=0.28857 jepa=0.32900 hard=0.73247 hard_red=0.02175 oracle=0.46039 rank=0.04656 value=0.25288 cand=2.45516 ndcg=0.00000 cql=0.12416 pairs=310.2
[train-progress] epoch=10 [####################----] 775/900  86.1% loss=0.28815 jepa=0.32827 hard=0.73180 hard_red=0.02161 oracle=0.46006 rank=0.04657 value=0.25298 cand=2.45320 ndcg=0.00000 cql=0.12406 pairs=310.5
[train-progress] epoch=10 [#####################---] 800/900  88.9% loss=0.28505 jepa=0.32839 hard=0.73342 hard_red=0.02160 oracle=0.46000 rank=0.04667 value=0.25296 cand=2.45227 ndcg=0.00000 cql=0.12427 pairs=310.8
[train-progress] epoch=10 [######################--] 825/900  91.7% loss=0.28351 jepa=0.32716 hard=0.73453 hard_red=0.02168 oracle=0.45958 rank=0.04642 value=0.25317 cand=2.45066 ndcg=0.00000 cql=0.12391 pairs=310.3
[train-progress] epoch=10 [######################--] 850/900  94.4% loss=0.28312 jepa=0.32701 hard=0.73133 hard_red=0.02187 oracle=0.45972 rank=0.04642 value=0.25194 cand=2.45193 ndcg=0.00000 cql=0.12405 pairs=309.7
[train-progress] epoch=10 [#######################-] 875/900  97.2% loss=0.28510 jepa=0.32750 hard=0.72998 hard_red=0.02225 oracle=0.45905 rank=0.04629 value=0.25196 cand=2.44830 ndcg=0.00000 cql=0.12386 pairs=309.5
[train-progress] epoch=10 [########################] 900/900 100.0% loss=0.28240 jepa=0.32675 hard=0.73170 hard_red=0.02251 oracle=0.45897 rank=0.04625 value=0.25141 cand=2.44824 ndcg=0.00000 cql=0.12382 pairs=309.3
[train] epoch=10 horizon=5 train_loss=0.282400 val_loss=0.269150 train_steps=900
[train-progress] epoch=11 [------------------------] 1/900   0.1% loss=0.19837 jepa=0.28229 hard=0.91066 hard_red=0.10100 oracle=0.43574 rank=0.04102 value=0.18775 cand=2.37159 ndcg=0.00000 cql=0.10765 pairs=354.0
[train-progress] epoch=11 [------------------------] 25/900   2.8% loss=0.28072 jepa=0.34284 hard=0.74206 hard_red=0.02939 oracle=0.46284 rank=0.04818 value=0.24271 cand=2.46531 ndcg=0.00000 cql=0.12846 pairs=315.6
[train-progress] epoch=11 [#-----------------------] 50/900   5.6% loss=0.27868 jepa=0.34202 hard=0.79065 hard_red=0.03369 oracle=0.45177 rank=0.04668 value=0.24108 cand=2.40573 ndcg=0.00000 cql=0.12491 pairs=315.2
[train-progress] epoch=11 [##----------------------] 75/900   8.3% loss=0.26662 jepa=0.33169 hard=0.79129 hard_red=0.03207 oracle=0.45644 rank=0.04572 value=0.23906 cand=2.44054 ndcg=0.00000 cql=0.12329 pairs=316.8
[train-progress] epoch=11 [##----------------------] 100/900  11.1% loss=0.24378 jepa=0.32521 hard=0.77108 hard_red=0.02990 oracle=0.45913 rank=0.04565 value=0.23755 cand=2.45610 ndcg=0.00000 cql=0.12468 pairs=313.6
[train-progress] epoch=11 [###---------------------] 125/900  13.9% loss=0.24048 jepa=0.32562 hard=0.77455 hard_red=0.03097 oracle=0.46181 rank=0.04582 value=0.23994 cand=2.47001 ndcg=0.00000 cql=0.12550 pairs=311.5
[train-progress] epoch=11 [####--------------------] 150/900  16.7% loss=0.24334 jepa=0.32565 hard=0.76907 hard_red=0.02992 oracle=0.46156 rank=0.04534 value=0.23654 cand=2.47007 ndcg=0.00000 cql=0.12623 pairs=309.3
[train-progress] epoch=11 [####--------------------] 175/900  19.4% loss=0.24301 jepa=0.32309 hard=0.76456 hard_red=0.02873 oracle=0.46241 rank=0.04553 value=0.23511 cand=2.47528 ndcg=0.00000 cql=0.12647 pairs=309.1
[train-progress] epoch=11 [#####-------------------] 200/900  22.2% loss=0.23383 jepa=0.32058 hard=0.75539 hard_red=0.02752 oracle=0.46040 rank=0.04517 value=0.23513 cand=2.46533 ndcg=0.00000 cql=0.12532 pairs=310.0
[train-progress] epoch=11 [######------------------] 225/900  25.0% loss=0.23626 jepa=0.31814 hard=0.75437 hard_red=0.02579 oracle=0.46115 rank=0.04511 value=0.23605 cand=2.46982 ndcg=0.00000 cql=0.12523 pairs=312.0
[train-progress] epoch=11 [######------------------] 250/900  27.8% loss=0.24421 jepa=0.32041 hard=0.74708 hard_red=0.02694 oracle=0.45999 rank=0.04486 value=0.23946 cand=2.46219 ndcg=0.00000 cql=0.12470 pairs=310.7
[train-progress] epoch=11 [#######-----------------] 275/900  30.6% loss=0.24004 jepa=0.31928 hard=0.75457 hard_red=0.02677 oracle=0.45916 rank=0.04496 value=0.24032 cand=2.45637 ndcg=0.00000 cql=0.12469 pairs=310.7
[train-progress] epoch=11 [########----------------] 300/900  33.3% loss=0.25122 jepa=0.32052 hard=0.74908 hard_red=0.02682 oracle=0.45860 rank=0.04490 value=0.24113 cand=2.45346 ndcg=0.00000 cql=0.12417 pairs=312.6
[train-progress] epoch=11 [########----------------] 325/900  36.1% loss=0.25550 jepa=0.32491 hard=0.74950 hard_red=0.02671 oracle=0.45660 rank=0.04489 value=0.23959 cand=2.44255 ndcg=0.00000 cql=0.12363 pairs=313.1
[train-progress] epoch=11 [#########---------------] 350/900  38.9% loss=0.25886 jepa=0.32447 hard=0.74265 hard_red=0.02583 oracle=0.45721 rank=0.04487 value=0.24050 cand=2.44618 ndcg=0.00000 cql=0.12352 pairs=313.7
[train-progress] epoch=11 [##########--------------] 375/900  41.7% loss=0.26726 jepa=0.32656 hard=0.74246 hard_red=0.02581 oracle=0.45805 rank=0.04501 value=0.23981 cand=2.45118 ndcg=0.00000 cql=0.12370 pairs=313.1
[train-progress] epoch=11 [##########--------------] 400/900  44.4% loss=0.27040 jepa=0.32803 hard=0.73908 hard_red=0.02597 oracle=0.45824 rank=0.04524 value=0.23955 cand=2.45144 ndcg=0.00000 cql=0.12406 pairs=312.7
[train-progress] epoch=11 [###########-------------] 425/900  47.2% loss=0.27733 jepa=0.32755 hard=0.73600 hard_red=0.02567 oracle=0.45931 rank=0.04532 value=0.23920 cand=2.45777 ndcg=0.00000 cql=0.12429 pairs=311.9
[train-progress] epoch=11 [############------------] 450/900  50.0% loss=0.27605 jepa=0.32616 hard=0.73907 hard_red=0.02538 oracle=0.45887 rank=0.04543 value=0.24208 cand=2.45329 ndcg=0.00000 cql=0.12433 pairs=311.2
[train-progress] epoch=11 [############------------] 475/900  52.8% loss=0.27375 jepa=0.32604 hard=0.73949 hard_red=0.02528 oracle=0.45984 rank=0.04584 value=0.24059 cand=2.45820 ndcg=0.00000 cql=0.12496 pairs=311.3
[train-progress] epoch=11 [#############-----------] 500/900  55.6% loss=0.26928 jepa=0.32448 hard=0.73472 hard_red=0.02537 oracle=0.45953 rank=0.04566 value=0.24028 cand=2.45677 ndcg=0.00000 cql=0.12498 pairs=310.7
[train-progress] epoch=11 [##############----------] 525/900  58.3% loss=0.27531 jepa=0.32420 hard=0.73040 hard_red=0.02528 oracle=0.45903 rank=0.04556 value=0.24009 cand=2.45437 ndcg=0.00000 cql=0.12472 pairs=310.1
[train-progress] epoch=11 [##############----------] 550/900  61.1% loss=0.27486 jepa=0.32376 hard=0.72352 hard_red=0.02489 oracle=0.45915 rank=0.04547 value=0.24013 cand=2.45554 ndcg=0.00000 cql=0.12457 pairs=310.7
[train-progress] epoch=11 [###############---------] 575/900  63.9% loss=0.27411 jepa=0.32361 hard=0.71689 hard_red=0.02465 oracle=0.45883 rank=0.04541 value=0.23986 cand=2.45389 ndcg=0.00000 cql=0.12451 pairs=310.7
[train-progress] epoch=11 [################--------] 600/900  66.7% loss=0.27884 jepa=0.32396 hard=0.71432 hard_red=0.02447 oracle=0.45876 rank=0.04550 value=0.23912 cand=2.45328 ndcg=0.00000 cql=0.12472 pairs=310.7
[train-progress] epoch=11 [################--------] 625/900  69.4% loss=0.27999 jepa=0.32332 hard=0.71221 hard_red=0.02501 oracle=0.45827 rank=0.04560 value=0.23964 cand=2.44974 ndcg=0.00000 cql=0.12472 pairs=310.2
[train-progress] epoch=11 [#################-------] 650/900  72.2% loss=0.27895 jepa=0.32364 hard=0.71493 hard_red=0.02500 oracle=0.45888 rank=0.04578 value=0.24020 cand=2.45241 ndcg=0.00000 cql=0.12502 pairs=310.3
[train-progress] epoch=11 [##################------] 675/900  75.0% loss=0.27605 jepa=0.32266 hard=0.71646 hard_red=0.02476 oracle=0.45922 rank=0.04580 value=0.24025 cand=2.45407 ndcg=0.00000 cql=0.12528 pairs=310.2
[train-progress] epoch=11 [##################------] 700/900  77.8% loss=0.28470 jepa=0.32282 hard=0.71903 hard_red=0.02470 oracle=0.45954 rank=0.04593 value=0.24129 cand=2.45520 ndcg=0.00000 cql=0.12531 pairs=310.3
[train-progress] epoch=11 [###################-----] 725/900  80.6% loss=0.28292 jepa=0.32270 hard=0.72005 hard_red=0.02474 oracle=0.45927 rank=0.04601 value=0.24062 cand=2.45353 ndcg=0.00000 cql=0.12540 pairs=310.5
[train-progress] epoch=11 [####################----] 750/900  83.3% loss=0.27963 jepa=0.32197 hard=0.71951 hard_red=0.02483 oracle=0.46015 rank=0.04620 value=0.24034 cand=2.45802 ndcg=0.00000 cql=0.12587 pairs=309.5
[train-progress] epoch=11 [####################----] 775/900  86.1% loss=0.28406 jepa=0.32286 hard=0.71753 hard_red=0.02467 oracle=0.46016 rank=0.04611 value=0.24016 cand=2.45845 ndcg=0.00000 cql=0.12583 pairs=309.8
[train-progress] epoch=11 [#####################---] 800/900  88.9% loss=0.28315 jepa=0.32375 hard=0.71691 hard_red=0.02457 oracle=0.45987 rank=0.04615 value=0.24047 cand=2.45633 ndcg=0.00000 cql=0.12586 pairs=310.1
[train-progress] epoch=11 [######################--] 825/900  91.7% loss=0.28302 jepa=0.32351 hard=0.71883 hard_red=0.02478 oracle=0.45985 rank=0.04628 value=0.24100 cand=2.45557 ndcg=0.00000 cql=0.12591 pairs=310.5
[train-progress] epoch=11 [######################--] 850/900  94.4% loss=0.28277 jepa=0.32431 hard=0.71790 hard_red=0.02471 oracle=0.45992 rank=0.04616 value=0.24064 cand=2.45680 ndcg=0.00000 cql=0.12569 pairs=310.5
[train-progress] epoch=11 [#######################-] 875/900  97.2% loss=0.28278 jepa=0.32510 hard=0.72071 hard_red=0.02474 oracle=0.46023 rank=0.04610 value=0.24017 cand=2.45913 ndcg=0.00000 cql=0.12567 pairs=310.5
[train-progress] epoch=11 [########################] 900/900 100.0% loss=0.28218 jepa=0.32570 hard=0.72576 hard_red=0.02492 oracle=0.46053 rank=0.04640 value=0.23968 cand=2.45997 ndcg=0.00000 cql=0.12608 pairs=310.2
[train] epoch=11 horizon=5 train_loss=0.282176 val_loss=0.268014 train_steps=900
[train-progress] epoch=12 [------------------------] 1/900   0.1% loss=0.09171 jepa=0.25515 hard=0.67687 hard_red=0.00062 oracle=0.48331 rank=0.06503 value=0.20076 cand=2.53675 ndcg=0.00000 cql=0.15444 pairs=286.0
[train-progress] epoch=12 [------------------------] 25/900   2.8% loss=0.19817 jepa=0.29366 hard=0.70254 hard_red=0.02405 oracle=0.44600 rank=0.04471 value=0.24598 cand=2.37973 ndcg=0.00000 cql=0.11965 pairs=305.7
[train-progress] epoch=12 [#-----------------------] 50/900   5.6% loss=0.21719 jepa=0.29912 hard=0.70997 hard_red=0.02545 oracle=0.46194 rank=0.04526 value=0.24627 cand=2.47438 ndcg=0.00000 cql=0.12200 pairs=310.4
[train-progress] epoch=12 [##----------------------] 75/900   8.3% loss=0.25262 jepa=0.31462 hard=0.72811 hard_red=0.02586 oracle=0.45954 rank=0.04559 value=0.24717 cand=2.45517 ndcg=0.00000 cql=0.12393 pairs=311.9
[train-progress] epoch=12 [##----------------------] 100/900  11.1% loss=0.25358 jepa=0.30748 hard=0.70057 hard_red=0.02218 oracle=0.46226 rank=0.04529 value=0.24237 cand=2.47513 ndcg=0.00000 cql=0.12401 pairs=309.6
[train-progress] epoch=12 [###---------------------] 125/900  13.9% loss=0.23481 jepa=0.30512 hard=0.71086 hard_red=0.02147 oracle=0.45886 rank=0.04522 value=0.23929 cand=2.45630 ndcg=0.00000 cql=0.12352 pairs=311.7
[train-progress] epoch=12 [####--------------------] 150/900  16.7% loss=0.26341 jepa=0.30755 hard=0.71891 hard_red=0.02068 oracle=0.45569 rank=0.04503 value=0.24078 cand=2.43679 ndcg=0.00000 cql=0.12313 pairs=308.3
[train-progress] epoch=12 [####--------------------] 175/900  19.4% loss=0.26706 jepa=0.31046 hard=0.72654 hard_red=0.02103 oracle=0.45584 rank=0.04577 value=0.23920 cand=2.43555 ndcg=0.00000 cql=0.12400 pairs=307.5
[train-progress] epoch=12 [#####-------------------] 200/900  22.2% loss=0.27937 jepa=0.31482 hard=0.71669 hard_red=0.02188 oracle=0.45971 rank=0.04580 value=0.23684 cand=2.45952 ndcg=0.00000 cql=0.12484 pairs=308.2
[train-progress] epoch=12 [######------------------] 225/900  25.0% loss=0.29639 jepa=0.31339 hard=0.72435 hard_red=0.02356 oracle=0.45910 rank=0.04544 value=0.23634 cand=2.45811 ndcg=0.00000 cql=0.12396 pairs=310.1
[train-progress] epoch=12 [######------------------] 250/900  27.8% loss=0.29852 jepa=0.31395 hard=0.73359 hard_red=0.02499 oracle=0.46040 rank=0.04567 value=0.23674 cand=2.46464 ndcg=0.00000 cql=0.12452 pairs=310.2
[train-progress] epoch=12 [#######-----------------] 275/900  30.6% loss=0.29386 jepa=0.31274 hard=0.73158 hard_red=0.02522 oracle=0.45914 rank=0.04533 value=0.23750 cand=2.45773 ndcg=0.00000 cql=0.12415 pairs=309.5
[train-progress] epoch=12 [########----------------] 300/900  33.3% loss=0.29550 jepa=0.31254 hard=0.72018 hard_red=0.02446 oracle=0.45761 rank=0.04514 value=0.23850 cand=2.44832 ndcg=0.00000 cql=0.12400 pairs=310.6
[train-progress] epoch=12 [########----------------] 325/900  36.1% loss=0.29998 jepa=0.31144 hard=0.71721 hard_red=0.02465 oracle=0.45834 rank=0.04513 value=0.23630 cand=2.45440 ndcg=0.00000 cql=0.12376 pairs=311.3
[train-progress] epoch=12 [#########---------------] 350/900  38.9% loss=0.31623 jepa=0.31206 hard=0.71664 hard_red=0.02466 oracle=0.45786 rank=0.04538 value=0.23898 cand=2.44906 ndcg=0.00000 cql=0.12404 pairs=311.4
[train-progress] epoch=12 [##########--------------] 375/900  41.7% loss=0.31062 jepa=0.31136 hard=0.72431 hard_red=0.02458 oracle=0.45754 rank=0.04535 value=0.23858 cand=2.44797 ndcg=0.00000 cql=0.12362 pairs=312.5
[train-progress] epoch=12 [##########--------------] 400/900  44.4% loss=0.31586 jepa=0.31549 hard=0.72443 hard_red=0.02461 oracle=0.45592 rank=0.04512 value=0.23829 cand=2.43931 ndcg=0.00000 cql=0.12308 pairs=313.3
[train-progress] epoch=12 [###########-------------] 425/900  47.2% loss=0.30871 jepa=0.31461 hard=0.72969 hard_red=0.02433 oracle=0.45512 rank=0.04525 value=0.23859 cand=2.43379 ndcg=0.00000 cql=0.12314 pairs=312.5
[train-progress] epoch=12 [############------------] 450/900  50.0% loss=0.31302 jepa=0.31926 hard=0.73299 hard_red=0.02398 oracle=0.45478 rank=0.04540 value=0.23831 cand=2.43122 ndcg=0.00000 cql=0.12333 pairs=313.0
[train-progress] epoch=12 [############------------] 475/900  52.8% loss=0.30622 jepa=0.31673 hard=0.73156 hard_red=0.02393 oracle=0.45306 rank=0.04516 value=0.23779 cand=2.42218 ndcg=0.00000 cql=0.12273 pairs=313.0
[train-progress] epoch=12 [#############-----------] 500/900  55.6% loss=0.30631 jepa=0.31714 hard=0.72504 hard_red=0.02407 oracle=0.45348 rank=0.04523 value=0.23625 cand=2.42529 ndcg=0.00000 cql=0.12283 pairs=312.8
[train-progress] epoch=12 [##############----------] 525/900  58.3% loss=0.30136 jepa=0.31499 hard=0.73020 hard_red=0.02445 oracle=0.45372 rank=0.04533 value=0.23640 cand=2.42588 ndcg=0.00000 cql=0.12320 pairs=312.3
[train-progress] epoch=12 [##############----------] 550/900  61.1% loss=0.29994 jepa=0.31486 hard=0.73100 hard_red=0.02437 oracle=0.45382 rank=0.04539 value=0.23626 cand=2.42640 ndcg=0.00000 cql=0.12325 pairs=312.3
[train-progress] epoch=12 [###############---------] 575/900  63.9% loss=0.29429 jepa=0.31332 hard=0.73264 hard_red=0.02404 oracle=0.45372 rank=0.04523 value=0.23608 cand=2.42661 ndcg=0.00000 cql=0.12297 pairs=312.7
[train-progress] epoch=12 [################--------] 600/900  66.7% loss=0.29690 jepa=0.31313 hard=0.72600 hard_red=0.02363 oracle=0.45364 rank=0.04522 value=0.23506 cand=2.42637 ndcg=0.00000 cql=0.12317 pairs=312.6
[train-progress] epoch=12 [################--------] 625/900  69.4% loss=0.29745 jepa=0.31449 hard=0.72627 hard_red=0.02383 oracle=0.45427 rank=0.04502 value=0.23438 cand=2.43091 ndcg=0.00000 cql=0.12325 pairs=312.3
[train-progress] epoch=12 [#################-------] 650/900  72.2% loss=0.29521 jepa=0.31367 hard=0.72599 hard_red=0.02368 oracle=0.45403 rank=0.04490 value=0.23388 cand=2.43038 ndcg=0.00000 cql=0.12300 pairs=312.2
[train-progress] epoch=12 [##################------] 675/900  75.0% loss=0.29470 jepa=0.31423 hard=0.72791 hard_red=0.02389 oracle=0.45421 rank=0.04510 value=0.23376 cand=2.43091 ndcg=0.00000 cql=0.12311 pairs=311.8
[train-progress] epoch=12 [##################------] 700/900  77.8% loss=0.29399 jepa=0.31441 hard=0.72574 hard_red=0.02364 oracle=0.45535 rank=0.04530 value=0.23401 cand=2.43658 ndcg=0.00000 cql=0.12366 pairs=311.0
[train-progress] epoch=12 [###################-----] 725/900  80.6% loss=0.29058 jepa=0.31395 hard=0.72207 hard_red=0.02371 oracle=0.45508 rank=0.04527 value=0.23361 cand=2.43517 ndcg=0.00000 cql=0.12366 pairs=310.6
[train-progress] epoch=12 [####################----] 750/900  83.3% loss=0.29359 jepa=0.31666 hard=0.72300 hard_red=0.02389 oracle=0.45516 rank=0.04526 value=0.23427 cand=2.43571 ndcg=0.00000 cql=0.12346 pairs=310.7
[train-progress] epoch=12 [####################----] 775/900  86.1% loss=0.29637 jepa=0.31749 hard=0.71827 hard_red=0.02385 oracle=0.45577 rank=0.04516 value=0.23329 cand=2.43965 ndcg=0.00000 cql=0.12384 pairs=309.9
[train-progress] epoch=12 [#####################---] 800/900  88.9% loss=0.29959 jepa=0.31800 hard=0.71781 hard_red=0.02385 oracle=0.45632 rank=0.04518 value=0.23377 cand=2.44247 ndcg=0.00000 cql=0.12402 pairs=310.0
[train-progress] epoch=12 [######################--] 825/900  91.7% loss=0.29890 jepa=0.31741 hard=0.72048 hard_red=0.02376 oracle=0.45663 rank=0.04515 value=0.23363 cand=2.44462 ndcg=0.00000 cql=0.12397 pairs=310.4
[train-progress] epoch=12 [######################--] 850/900  94.4% loss=0.30091 jepa=0.31841 hard=0.71925 hard_red=0.02362 oracle=0.45668 rank=0.04511 value=0.23311 cand=2.44542 ndcg=0.00000 cql=0.12391 pairs=310.5
[train-progress] epoch=12 [#######################-] 875/900  97.2% loss=0.29698 jepa=0.31769 hard=0.71967 hard_red=0.02345 oracle=0.45714 rank=0.04499 value=0.23255 cand=2.44884 ndcg=0.00000 cql=0.12389 pairs=310.2
[train-progress] epoch=12 [########################] 900/900 100.0% loss=0.29743 jepa=0.31865 hard=0.71859 hard_red=0.02351 oracle=0.45622 rank=0.04490 value=0.23192 cand=2.44397 ndcg=0.00000 cql=0.12365 pairs=310.2
[train] epoch=12 horizon=5 train_loss=0.297432 val_loss=0.250231 train_steps=900
[2026-07-07T00:15:50+08:00] done name=q_rank_v4_conservative_safe run_dir=runs/planner_aligned_q_rank_v4_conservative_safe
