[plan] torch_deterministic=true
[plan] candidate_allowlist=autoresearch/original-netlist-recovery-260712/exact_itc99/b15_C/exact_candidate_nodes.txt nodes=7918
[plan] latent_norm_clip_ratio=4 latent_norm_limit=30.875631
[plan] step=1 node=N677 type=control1 q_typed_reliable_context=4.858065 sequence=4.858065
[plan] step=2 node=N2155 type=observe q_typed_reliable_context=3.254585 sequence=8.112649
[plan] step=3 node=N502 type=control1 q_typed_reliable_context=2.192107 sequence=10.304756
[plan] step=4 node=N762 type=control1 q_typed_reliable_context=1.446094 sequence=11.750850
[plan] step=5 node=N3742 type=control0 q_typed_reliable_context=0.878758 sequence=12.629608
[plan] step=6 node=N3644 type=control0 q_typed_reliable_context=1.489064 sequence=14.118672
[plan] step=7 node=N557 type=control1 q_typed_reliable_context=0.910940 sequence=15.029612
[plan] step=8 node=N3756 type=control0 q_typed_reliable_context=1.097941 sequence=16.127553
[plan] step=9 node=N564 type=control1 q_typed_reliable_context=1.331871 sequence=17.459424
[plan] step=10 node=N2336 type=control1 q_typed_reliable_context=1.557724 sequence=19.017147
[plan] step=11 node=N5143 type=observe q_typed_reliable_context=1.325577 sequence=20.342725
[plan] step=12 node=N7511 type=control1 q_typed_reliable_context=1.450593 sequence=21.793318
[plan] step=13 node=N580 type=control1 q_typed_reliable_context=1.255322 sequence=23.048639
[plan] step=14 node=N2082 type=observe q_typed_reliable_context=1.398669 sequence=24.447309
[plan] step=15 node=N737 type=control1 q_typed_reliable_context=3.600376 sequence=28.047685
[plan] step=16 node=N3722 type=control0 q_typed_reliable_context=0.907300 sequence=28.954985
[plan] step=17 node=N496 type=control1 q_typed_reliable_context=1.745042 sequence=30.700027
[plan] step=18 node=N5723 type=control0 q_typed_reliable_context=1.392575 sequence=32.092603
[plan] step=19 node=N5203 type=control1 q_typed_reliable_context=1.998558 sequence=34.091160
[plan] step=20 node=N2153 type=observe q_typed_reliable_context=2.156696 sequence=36.247857
[plan] step=21 node=N1853 type=observe q_typed_reliable_context=2.699753 sequence=38.947610
[plan] step=22 node=N2101 type=observe q_typed_reliable_context=2.279585 sequence=41.227195
[plan] step=23 node=N4656 type=control0 q_typed_reliable_context=2.866076 sequence=44.093271
[plan] step=24 node=N1860 type=observe q_typed_reliable_context=2.488488 sequence=46.581759
[plan] step=25 node=N1372 type=observe q_typed_reliable_context=1.785972 sequence=48.367731
[plan] step=26 node=N1532 type=observe q_typed_reliable_context=1.512279 sequence=49.880010
[plan] step=27 node=N582 type=control1 q_typed_reliable_context=1.330602 sequence=51.210613
[plan] step=28 node=N766 type=control1 q_typed_reliable_context=0.725536 sequence=51.936148
[plan] step=29 node=N1437 type=control1 q_typed_reliable_context=0.837137 sequence=52.773285
[plan] step=30 node=N583 type=control1 q_typed_reliable_context=0.936163 sequence=53.709449
[plan] step=31 node=N893 type=observe q_typed_reliable_context=0.820048 sequence=54.529496
[plan] step=32 node=N4684 type=control0 q_typed_reliable_context=3.296607 sequence=57.826103
[plan] step=33 node=N7411 type=control1 q_typed_reliable_context=0.654658 sequence=58.480761
[plan] step=34 node=N7413 type=control1 q_typed_reliable_context=0.358449 sequence=58.839210
[plan] step=35 node=N4677 type=control0 q_typed_reliable_context=2.065111 sequence=60.904321
[plan] step=36 node=N4663 type=control0 q_typed_reliable_context=3.006406 sequence=63.910728
[plan] step=37 node=N4649 type=control0 q_typed_reliable_context=1.717735 sequence=65.628463
[plan] step=38 node=N713 type=observe q_typed_reliable_context=1.569845 sequence=67.198308
[plan] step=39 node=N7881 type=control1 q_typed_reliable_context=0.480196 sequence=67.678504
[plan] step=40 node=N7882 type=control1 q_typed_reliable_context=0.688931 sequence=68.367435
[plan] step=41 node=N7883 type=control1 q_typed_reliable_context=0.369877 sequence=68.737312
[plan] step=42 node=N7884 type=control1 q_typed_reliable_context=0.406215 sequence=69.143527
[plan] step=43 node=N7885 type=control1 q_typed_reliable_context=0.474367 sequence=69.617894
[plan] step=44 node=N6537 type=observe q_typed_reliable_context=2.688829 sequence=72.306723
[plan] step=45 node=N4691 type=control0 q_typed_reliable_context=2.360533 sequence=74.667256
[plan] step=46 node=N724 type=observe q_typed_reliable_context=2.492014 sequence=77.159270
[plan] step=47 node=N4698 type=control0 q_typed_reliable_context=1.330836 sequence=78.490107
[plan] step=48 node=N4670 type=control0 q_typed_reliable_context=1.351933 sequence=79.842040
[plan] step=49 node=N4635 type=control0 q_typed_reliable_context=1.295066 sequence=81.137106
[plan] step=50 node=N8470 type=observe q_typed_reliable_context=1.569474 sequence=82.706580
[plan] step=51 node=N3911 type=control0 q_typed_reliable_context=0.919409 sequence=83.625989
[plan] step=52 node=N4705 type=control0 q_typed_reliable_context=0.927999 sequence=84.553988
[plan] step=53 node=N3904 type=control0 q_typed_reliable_context=0.949067 sequence=85.503054
[plan] step=54 node=N3897 type=control0 q_typed_reliable_context=0.936644 sequence=86.439698
[plan] step=55 node=N3701 type=control0 q_typed_reliable_context=0.932572 sequence=87.372271
[plan] step=56 node=N3862 type=control0 q_typed_reliable_context=0.880617 sequence=88.252888
[plan] step=57 node=N3855 type=control0 q_typed_reliable_context=0.874381 sequence=89.127269
[plan] step=58 node=N4585 type=control0 q_typed_reliable_context=0.865081 sequence=89.992350
[plan] step=59 node=N5603 type=control0 q_typed_reliable_context=0.897994 sequence=90.890344
[plan] step=60 node=N3889 type=control0 q_typed_reliable_context=0.890015 sequence=91.780359
[plan] step=61 node=N3882 type=control0 q_typed_reliable_context=0.873579 sequence=92.653938
[plan] step=62 node=N2083 type=observe q_typed_reliable_context=1.035344 sequence=93.689282
[plan] step=63 node=N7506 type=observe q_typed_reliable_context=1.370177 sequence=95.059459
[plan] step=64 node=N3805 type=control0 q_typed_reliable_context=0.840630 sequence=95.900089
[plan] step=65 node=N4712 type=control0 q_typed_reliable_context=1.094691 sequence=96.994780
[plan] step=66 node=N4716 type=control0 q_typed_reliable_context=1.096102 sequence=98.090882
[plan] step=67 node=N2044 type=observe q_typed_reliable_context=0.810026 sequence=98.900908
[plan] step=68 node=N4606 type=control0 q_typed_reliable_context=0.811095 sequence=99.712003
[plan] step=69 node=N899 type=observe q_typed_reliable_context=1.037665 sequence=100.749669
[plan] step=70 node=N519 type=control1 q_typed_reliable_context=1.140539 sequence=101.890207
[plan] step=71 node=N2042 type=observe q_typed_reliable_context=1.083222 sequence=102.973429
[plan] step=72 node=N504 type=control1 q_typed_reliable_context=1.263691 sequence=104.237119
[plan] step=73 node=N513 type=control1 q_typed_reliable_context=0.892366 sequence=105.129485
[plan] step=74 node=N5234 type=observe q_typed_reliable_context=1.001160 sequence=106.130646
[plan] step=75 node=N7590 type=control1 q_typed_reliable_context=0.835469 sequence=106.966115
[plan] step=76 node=N520 type=control1 q_typed_reliable_context=1.666600 sequence=108.632715
[plan] step=77 node=N516 type=control1 q_typed_reliable_context=1.362054 sequence=109.994769
[plan] step=78 node=N7722 type=control0 q_typed_reliable_context=1.642885 sequence=111.637653
[plan] step=79 node=N1539 type=control0 q_typed_reliable_context=1.286984 sequence=112.924637
[plan] step=80 node=N4578 type=control0 q_typed_reliable_context=1.189529 sequence=114.114167
[plan] step=81 node=N7724 type=control0 q_typed_reliable_context=1.213273 sequence=115.327440
[plan] step=82 node=N7471 type=control0 q_typed_reliable_context=1.493830 sequence=116.821270
[plan] step=83 node=N7588 type=control1 q_typed_reliable_context=1.273565 sequence=118.094835
[plan] step=84 node=N3903 type=control0 q_typed_reliable_context=0.485611 sequence=118.580446
[plan] step=85 node=N7890 type=control1 q_typed_reliable_context=1.671727 sequence=120.252172
[plan] step=86 node=N7891 type=control1 q_typed_reliable_context=2.528172 sequence=122.780344
[plan] step=87 node=N7888 type=control1 q_typed_reliable_context=1.889432 sequence=124.669776
[plan] step=88 node=N7886 type=control1 q_typed_reliable_context=2.726350 sequence=127.396126
[plan] step=89 node=N7889 type=control1 q_typed_reliable_context=1.570640 sequence=128.966766
[plan] step=90 node=N7887 type=control1 q_typed_reliable_context=0.985032 sequence=129.951798
[plan] step=91 node=N4564 type=control0 q_typed_reliable_context=0.755105 sequence=130.706903
[plan] step=92 node=N4520 type=control0 q_typed_reliable_context=2.326976 sequence=133.033879
[plan] step=93 node=N7854 type=control0 q_typed_reliable_context=2.658484 sequence=135.692363
[plan] step=94 node=N7725 type=control0 q_typed_reliable_context=1.205114 sequence=136.897477
[plan] step=95 node=N507 type=control1 q_typed_reliable_context=1.075341 sequence=137.972818
[plan] step=96 node=N7723 type=control0 q_typed_reliable_context=2.044443 sequence=140.017261
[plan] step=97 node=N7408 type=control0 q_typed_reliable_context=2.064285 sequence=142.081546
[plan] step=98 node=N7541 type=control0 q_typed_reliable_context=1.253132 sequence=143.334678
[plan] step=99 node=N3848 type=control0 q_typed_reliable_context=1.067221 sequence=144.401898
[plan] step=100 node=N614 type=control1 q_typed_reliable_context=1.240754 sequence=145.642652
[plan] step=101 node=N704 type=observe q_typed_reliable_context=1.756763 sequence=147.399416
[plan] step=102 node=N510 type=control1 q_typed_reliable_context=1.703875 sequence=149.103291
[plan] step=103 node=N634 type=control1 q_typed_reliable_context=1.442588 sequence=150.545879
[plan] step=104 node=N3827 type=control0 q_typed_reliable_context=1.925146 sequence=152.471025
[plan] step=105 node=N610 type=control1 q_typed_reliable_context=1.995395 sequence=154.466420
[plan] step=106 node=N3813 type=control0 q_typed_reliable_context=1.856506 sequence=156.322926
[plan] step=107 node=N620 type=control1 q_typed_reliable_context=1.687102 sequence=158.010028
[plan] step=108 node=N3820 type=control0 q_typed_reliable_context=1.547947 sequence=159.557975
[plan] step=109 node=N638 type=control1 q_typed_reliable_context=1.728191 sequence=161.286166
[plan] step=110 node=N3799 type=control0 q_typed_reliable_context=1.578199 sequence=162.864365
[plan] step=111 node=N7852 type=control0 q_typed_reliable_context=1.519529 sequence=164.383894
[plan] step=112 node=N3792 type=control0 q_typed_reliable_context=1.592099 sequence=165.975993
[plan] step=113 node=N7820 type=control0 q_typed_reliable_context=1.606464 sequence=167.582457
[plan] step=114 node=N4557 type=control0 q_typed_reliable_context=1.851899 sequence=169.434356
[plan] step=115 node=N722 type=observe q_typed_reliable_context=3.095137 sequence=172.529492
[plan] step=116 node=N3785 type=control0 q_typed_reliable_context=1.629059 sequence=174.158551
[plan] step=117 node=N7721 type=control0 q_typed_reliable_context=1.647335 sequence=175.805886
[plan] step=118 node=N555 type=control1 q_typed_reliable_context=1.428683 sequence=177.234569
[plan] step=119 node=N7847 type=control0 q_typed_reliable_context=1.915918 sequence=179.150486
[plan] step=120 node=N7370 type=control1 q_typed_reliable_context=1.807645 sequence=180.958131
[plan] step=121 node=N3896 type=control0 q_typed_reliable_context=2.695866 sequence=183.653998
[plan] step=122 node=N7846 type=control0 q_typed_reliable_context=4.846305 sequence=188.500303
[plan] step=123 node=N3682 type=control0 q_typed_reliable_context=3.702732 sequence=192.203034
[plan] step=124 node=N7853 type=control0 q_typed_reliable_context=5.157769 sequence=197.360803
[plan] step=125 node=N556 type=control1 q_typed_reliable_context=1.673755 sequence=199.034558
[plan] step=126 node=N7518 type=observe q_typed_reliable_context=2.425184 sequence=201.459742
[plan] step=127 node=N645 type=control1 q_typed_reliable_context=1.425176 sequence=202.884919
[plan] step=128 node=N2040 type=observe q_typed_reliable_context=2.716493 sequence=205.601411
[plan] step=129 node=N7421 type=control1 q_typed_reliable_context=1.953239 sequence=207.554651
[plan] step=130 node=N7537 type=observe q_typed_reliable_context=1.639137 sequence=209.193787
[plan] step=131 node=N7535 type=observe q_typed_reliable_context=1.975806 sequence=211.169593
[plan] step=132 node=N616 type=control1 q_typed_reliable_context=2.015395 sequence=213.184988
[plan] step=133 node=N7534 type=observe q_typed_reliable_context=2.258967 sequence=215.443956
[plan] step=134 node=N636 type=control1 q_typed_reliable_context=2.017430 sequence=217.461386
[plan] step=135 node=N7532 type=observe q_typed_reliable_context=1.492315 sequence=218.953702
[plan] step=136 node=N630 type=control1 q_typed_reliable_context=1.352796 sequence=220.306498
[plan] step=137 node=N3295 type=control1 q_typed_reliable_context=1.363995 sequence=221.670493
[plan] step=138 node=N785 type=observe q_typed_reliable_context=2.422516 sequence=224.093009
[plan] step=139 node=N7424 type=control1 q_typed_reliable_context=1.496756 sequence=225.589765
[plan] step=140 node=N642 type=control1 q_typed_reliable_context=1.657837 sequence=227.247602
[plan] step=141 node=N1552 type=observe q_typed_reliable_context=2.086008 sequence=229.333610
[plan] step=142 node=N649 type=control1 q_typed_reliable_context=2.515601 sequence=231.849211
[plan] step=143 node=N5867 type=observe q_typed_reliable_context=1.609240 sequence=233.458452
[plan] step=144 node=N2157 type=observe q_typed_reliable_context=4.208494 sequence=237.666945
[plan] step=145 node=N3525 type=control1 q_typed_reliable_context=5.766164 sequence=243.433109
[plan] step=146 node=N647 type=control1 q_typed_reliable_context=2.220872 sequence=245.653981
[plan] step=147 node=N1586 type=control1 q_typed_reliable_context=3.863170 sequence=249.517151
[plan] step=148 node=N7402 type=observe q_typed_reliable_context=5.202428 sequence=254.719579
[plan] step=149 node=N1607 type=control1 q_typed_reliable_context=3.828837 sequence=258.548415
[plan] step=150 node=N2102 type=observe q_typed_reliable_context=4.274873 sequence=262.823289
[plan] step=151 node=N6948 type=observe q_typed_reliable_context=4.387404 sequence=267.210692
[plan] step=152 node=N7626 type=observe q_typed_reliable_context=4.106712 sequence=271.317404
[plan] step=153 node=N7482 type=observe q_typed_reliable_context=4.323680 sequence=275.641085
[plan] step=154 node=N2580 type=control1 q_typed_reliable_context=6.834469 sequence=282.475554
[plan] step=155 node=N2149 type=observe q_typed_reliable_context=5.119268 sequence=287.594822
[plan] step=156 node=N4521 type=observe q_typed_reliable_context=1.161589 sequence=288.756410
[plan] step=157 node=N7624 type=observe q_typed_reliable_context=1.429533 sequence=290.185943
[plan] step=158 node=N7465 type=observe q_typed_reliable_context=0.776718 sequence=290.962662
[plan] step=159 node=N5627 type=observe q_typed_reliable_context=3.854437 sequence=294.817098
[plan] step=160 node=N5617 type=observe q_typed_reliable_context=2.875169 sequence=297.692267
[plan] step=161 node=N3467 type=control1 q_typed_reliable_context=1.154067 sequence=298.846335
[plan] step=162 node=N3410 type=control1 q_typed_reliable_context=1.209915 sequence=300.056249
[plan] step=163 node=N3180 type=control1 q_typed_reliable_context=0.932567 sequence=300.988817
[plan] step=164 node=N2721 type=control1 q_typed_reliable_context=0.912125 sequence=301.900942
[plan] step=165 node=N2894 type=control1 q_typed_reliable_context=0.736113 sequence=302.637054
[plan] step=166 node=N2952 type=control1 q_typed_reliable_context=0.748287 sequence=303.385341
[plan] step=167 node=N5356 type=observe q_typed_reliable_context=1.528924 sequence=304.914265
[plan] step=168 node=N7385 type=observe q_typed_reliable_context=1.315162 sequence=306.229427
[plan] step=169 node=N6534 type=observe q_typed_reliable_context=1.014542 sequence=307.243969
[plan] step=170 node=N578 type=observe q_typed_reliable_context=0.728048 sequence=307.972017
[plan] step=171 node=N7453 type=observe q_typed_reliable_context=0.707786 sequence=308.679803
[plan] step=172 node=N694 type=observe q_typed_reliable_context=1.262801 sequence=309.942605
[plan] step=173 node=N7500 type=observe q_typed_reliable_context=1.123158 sequence=311.065763
[plan] step=174 node=N2106 type=observe q_typed_reliable_context=1.018169 sequence=312.083931
[plan] step=175 node=N705 type=observe q_typed_reliable_context=1.613809 sequence=313.697741
[plan] step=176 node=N2837 type=control1 q_typed_reliable_context=1.378483 sequence=315.076224
[plan] step=177 node=N5740 type=observe q_typed_reliable_context=1.384536 sequence=316.460759
[plan] step=178 node=N7401 type=observe q_typed_reliable_context=1.481366 sequence=317.942125
[plan] step=179 node=N7551 type=observe q_typed_reliable_context=1.521896 sequence=319.464021
[plan] step=180 node=N7442 type=control0 q_typed_reliable_context=1.352659 sequence=320.816680
[plan] step=181 node=N6677 type=observe q_typed_reliable_context=1.967830 sequence=322.784510
[plan] step=182 node=N703 type=observe q_typed_reliable_context=1.525658 sequence=324.310168
[plan] step=183 node=N5873 type=observe q_typed_reliable_context=1.299191 sequence=325.609359
[plan] step=184 node=N4529 type=observe q_typed_reliable_context=1.440838 sequence=327.050197
[plan] step=185 node=N725 type=observe q_typed_reliable_context=2.324027 sequence=329.374225
[plan] step=186 node=N712 type=observe q_typed_reliable_context=2.278868 sequence=331.653093
[plan] step=187 node=N1951 type=observe q_typed_reliable_context=1.131093 sequence=332.784186
[plan] step=188 node=N7855 type=control0 q_typed_reliable_context=1.855975 sequence=334.640161
[plan] step=189 node=N723 type=observe q_typed_reliable_context=2.823972 sequence=337.464132
[plan] step=190 node=N714 type=observe q_typed_reliable_context=3.019034 sequence=340.483166
[plan] step=191 node=N7542 type=control0 q_typed_reliable_context=1.892298 sequence=342.375464
[plan] step=192 node=N8790 type=control1 q_typed_reliable_context=2.994810 sequence=345.370273
[plan] step=193 node=N8240 type=control1 q_typed_reliable_context=2.401409 sequence=347.771682
[plan] step=194 node=N8789 type=control1 q_typed_reliable_context=3.718009 sequence=351.489692
[plan] step=195 node=N5879 type=observe q_typed_reliable_context=5.237752 sequence=356.727444
[plan] step=196 node=N5877 type=observe q_typed_reliable_context=0.857631 sequence=357.585074
[plan] step=197 node=N8239 type=control1 q_typed_reliable_context=1.611482 sequence=359.196556
[plan] step=198 node=N8607 type=control1 q_typed_reliable_context=4.108514 sequence=363.305070
[plan] step=199 node=N2181 type=observe q_typed_reliable_context=3.011641 sequence=366.316711
[plan] step=200 node=N7436 type=observe q_typed_reliable_context=1.270537 sequence=367.587248
[plan] step=201 node=N6667 type=observe q_typed_reliable_context=2.119719 sequence=369.706966
[plan] step=202 node=N5473 type=observe q_typed_reliable_context=1.492613 sequence=371.199579
[plan] step=203 node=N6573 type=observe q_typed_reliable_context=1.595897 sequence=372.795476
[plan] step=204 node=N715 type=observe q_typed_reliable_context=2.933060 sequence=375.728536
[plan] step=205 node=N4497 type=observe q_typed_reliable_context=5.509388 sequence=381.237924
[plan] step=206 node=N5725 type=observe q_typed_reliable_context=2.695765 sequence=383.933690
[plan] step=207 node=N7550 type=observe q_typed_reliable_context=2.819223 sequence=386.752913
[plan] step=208 node=N3067 type=control1 q_typed_reliable_context=5.506179 sequence=392.259092
[plan] step=209 node=N706 type=observe q_typed_reliable_context=4.246151 sequence=396.505243
[plan] step=210 node=N652 type=control1 q_typed_reliable_context=5.316575 sequence=401.821818
[plan] step=211 node=N8238 type=control1 q_typed_reliable_context=3.882757 sequence=405.704575
[plan] step=212 node=N8606 type=control1 q_typed_reliable_context=4.694533 sequence=410.399108
[plan] step=213 node=N8237 type=control1 q_typed_reliable_context=5.134877 sequence=415.533986
[plan] step=214 node=N902 type=control1 q_typed_reliable_context=6.034702 sequence=421.568688
[plan] step=215 node=N5456 type=observe q_typed_reliable_context=5.009094 sequence=426.577782
[plan] step=216 node=N7439 type=observe q_typed_reliable_context=6.030706 sequence=432.608489
[plan] step=217 node=N6673 type=observe q_typed_reliable_context=4.468148 sequence=437.076637
[plan] step=218 node=N2151 type=observe q_typed_reliable_context=6.627756 sequence=443.704393
[plan] step=219 node=N719 type=observe q_typed_reliable_context=6.669527 sequence=450.373920
[plan] step=220 node=N679 type=observe q_typed_reliable_context=6.533775 sequence=456.907695
[plan] step=221 node=N8605 type=control1 q_typed_reliable_context=5.640460 sequence=462.548155
[plan] step=222 node=N8236 type=control1 q_typed_reliable_context=4.752455 sequence=467.300610
[plan] step=223 node=N4513 type=observe q_typed_reliable_context=4.109282 sequence=471.409891
[plan] step=224 node=N734 type=observe q_typed_reliable_context=5.801991 sequence=477.211883
[plan] step=225 node=N7404 type=observe q_typed_reliable_context=7.021388 sequence=484.233271
[plan] step=226 node=N515 type=control1 q_typed_reliable_context=6.458007 sequence=490.691278
[plan] step=227 node=N5439 type=observe q_typed_reliable_context=5.341039 sequence=496.032318
[plan] step=228 node=N5334 type=observe q_typed_reliable_context=6.451911 sequence=502.484229
[plan] step=229 node=N1874 type=observe q_typed_reliable_context=5.310473 sequence=507.794702
[plan] step=230 node=N6581 type=observe q_typed_reliable_context=5.591671 sequence=513.386374
[plan] step=231 node=N5422 type=observe q_typed_reliable_context=6.489507 sequence=519.875880
[plan] step=232 node=N699 type=observe q_typed_reliable_context=6.131076 sequence=526.006956
[plan] step=233 node=N4460 type=control0 q_typed_reliable_context=6.258559 sequence=532.265515
[plan] step=234 node=N7432 type=observe q_typed_reliable_context=5.908491 sequence=538.174006
[plan] step=235 node=N4505 type=observe q_typed_reliable_context=2.299201 sequence=540.473208
[plan] step=236 node=N4421 type=control0 q_typed_reliable_context=1.863171 sequence=542.336378
[plan] step=237 node=N5390 type=observe q_typed_reliable_context=3.190023 sequence=545.526401
[plan] step=238 node=N708 type=observe q_typed_reliable_context=6.074984 sequence=551.601385
[plan] step=239 node=N6660 type=observe q_typed_reliable_context=6.461087 sequence=558.062473
[plan] step=240 node=N5373 type=observe q_typed_reliable_context=2.725344 sequence=560.787817
[plan] step=241 node=N2159 type=observe q_typed_reliable_context=5.926936 sequence=566.714753
[plan] step=242 node=N7380 type=observe q_typed_reliable_context=3.165781 sequence=569.880534
[plan] step=243 node=N4489 type=observe q_typed_reliable_context=1.734952 sequence=571.615486
[plan] step=244 node=N4359 type=control0 q_typed_reliable_context=2.411494 sequence=574.026980
[plan] step=245 node=N765 type=observe q_typed_reliable_context=5.876555 sequence=579.903534
[plan] step=246 node=N1351 type=observe q_typed_reliable_context=5.235194 sequence=585.138728
[plan] step=247 node=N7383 type=observe q_typed_reliable_context=5.352683 sequence=590.491411
[plan] step=248 node=N684 type=observe q_typed_reliable_context=4.570849 sequence=595.062260
[plan] step=249 node=N686 type=observe q_typed_reliable_context=3.425178 sequence=598.487438
[plan] step=250 node=N6730 type=control1 q_typed_reliable_context=1.458059 sequence=599.945497
[plan] step=251 node=N8235 type=control1 q_typed_reliable_context=2.577916 sequence=602.523413
[plan] step=252 node=N729 type=observe q_typed_reliable_context=2.604319 sequence=605.127732
[plan] step=253 node=N6736 type=control1 q_typed_reliable_context=2.202748 sequence=607.330480
[plan] step=254 node=N6734 type=control1 q_typed_reliable_context=2.572103 sequence=609.902583
[plan] step=255 node=N8234 type=control1 q_typed_reliable_context=2.222855 sequence=612.125438
[plan] step=256 node=N1854 type=observe q_typed_reliable_context=1.001748 sequence=613.127185
[plan] step=257 node=N6593 type=control1 q_typed_reliable_context=4.418469 sequence=617.545654
[plan] step=258 node=N8783 type=control1 q_typed_reliable_context=3.430121 sequence=620.975776
[plan] step=259 node=N8233 type=control1 q_typed_reliable_context=4.000585 sequence=624.976361
[plan] step=260 node=N6743 type=control1 q_typed_reliable_context=0.944725 sequence=625.921087
[plan] step=261 node=N8608 type=control1 q_typed_reliable_context=6.079048 sequence=632.000135
[plan] step=262 node=N535 type=observe q_typed_reliable_context=3.822951 sequence=635.823086
[plan] step=263 node=N4532 type=control0 q_typed_reliable_context=1.992302 sequence=637.815388
[plan] step=264 node=N754 type=observe q_typed_reliable_context=2.853465 sequence=640.668853
[plan] step=265 node=N689 type=observe q_typed_reliable_context=5.950395 sequence=646.619248
[plan] step=266 node=N4442 type=control0 q_typed_reliable_context=5.282144 sequence=651.901392
[plan] step=267 node=N4469 type=control0 q_typed_reliable_context=6.027281 sequence=657.928673
[plan] step=268 node=N7720 type=control0 q_typed_reliable_context=6.028364 sequence=663.957037
[plan] step=269 node=N2358 type=control1 q_typed_reliable_context=5.440115 sequence=669.397153
[plan] step=270 node=N541 type=observe q_typed_reliable_context=1.805899 sequence=671.203052
[plan] step=271 node=N4436 type=control0 q_typed_reliable_context=5.455645 sequence=676.658696
[plan] step=272 node=N543 type=observe q_typed_reliable_context=5.891204 sequence=682.549901
[plan] step=273 node=N3009 type=control1 q_typed_reliable_context=7.371946 sequence=689.921847
[plan] step=274 node=N2779 type=control1 q_typed_reliable_context=6.053948 sequence=695.975794
[plan] step=275 node=N2652 type=control1 q_typed_reliable_context=1.135818 sequence=697.111612
[plan] step=276 node=N7512 type=observe q_typed_reliable_context=0.707727 sequence=697.819339
[plan] step=277 node=N545 type=observe q_typed_reliable_context=5.226349 sequence=703.045688
[plan] step=278 node=N4367 type=control0 q_typed_reliable_context=6.707028 sequence=709.752717
saved=autoresearch/loop-260720-0945/model_training_round9/b15_selection/horizon_joint_late/best_final_horizon/alpha_0p05_decay_64/plans/iscas99__b15_1__greedy__cumulative__q_typed_reliable_context__bw1__d1__c64__g1p0__candhard_fault_cluster__div0p0__s0.csv
