[v4_hybrid gpu6] [2026-07-04T16:17:42+08:00] start name=v4_hybrid gpu=6 score_field=hybrid_pred checkpoint=runs/mainline_accuracy_improve_v4_reduction_sign/best.pt
[v4_hybrid gpu6] [gmean] 2026-07-04T16:17:42 out_dir=autoresearch/improve-260704-1035/b21_world_rerank_hard_scores/v4_hybrid
[v4_hybrid gpu6] [gmean] 2026-07-04T16:17:42 budgets=iscas99__b21:628
[v4_hybrid gpu6] [gmean] 2026-07-04T16:17:42 variant_start id=greedy__cumulative__hybrid_pred__bw1__d1__c96__g1p0__candheuristic_recall_pool__div0p0__s0
[v4_hybrid gpu6] [gmean] 2026-07-04T16:17:42 [1/1] plan_start benchmark=iscas99__b21 budget=628 planner=greedy score=hybrid_pred
[v4_hybrid gpu6] [plan iscas99__b21] [plan] step=1 node=N14400 type=observe hybrid_pred=-1.076758 sequence=-1.076758
[v4_hybrid gpu6] [plan iscas99__b21] [plan] step=2 node=__buf_split_217 type=control1 hybrid_pred=-1.086528 sequence=-2.163286
[v4_hybrid gpu6] [plan iscas99__b21] [plan] step=3 node=__buf_split_184 type=control1 hybrid_pred=-1.277782 sequence=-3.441068
[v4_hybrid gpu6] [plan iscas99__b21] [plan] step=4 node=__buf_split_184 type=control0 hybrid_pred=0.367341 sequence=-3.073727
[v4_hybrid gpu6] [plan iscas99__b21] [plan] step=5 node=N857 type=observe hybrid_pred=0.808153 sequence=-2.265573
[v4_hybrid gpu6] [plan iscas99__b21] [plan] step=6 node=__buf_split_217 type=control0 hybrid_pred=0.957362 sequence=-1.308211
[v4_hybrid gpu6] [plan iscas99__b21] [plan] step=7 node=N42299 type=observe hybrid_pred=1.060756 sequence=-0.247455
[v4_hybrid gpu6] [plan iscas99__b21] [plan] step=8 node=N48467 type=observe hybrid_pred=1.082799 sequence=0.835344
[v4_hybrid gpu6] [plan iscas99__b21] [plan] step=9 node=N48468 type=observe hybrid_pred=-0.068165 sequence=0.767179
[v4_hybrid gpu6] [plan iscas99__b21] [plan] step=10 node=N29757 type=observe hybrid_pred=-0.648093 sequence=0.119086
[v4_hybrid gpu6] [plan iscas99__b21] [plan] step=11 node=N29794 type=observe hybrid_pred=-0.414198 sequence=-0.295112
[v4_hybrid gpu6] [plan iscas99__b21] [plan] step=12 node=N29819 type=observe hybrid_pred=3.013114 sequence=2.718002
[v4_hybrid gpu6] [plan iscas99__b21] [plan] step=13 node=N8840 type=observe hybrid_pred=16.197540 sequence=18.915543
[v4_hybrid gpu6] [plan iscas99__b21] [plan] step=14 node=N8667 type=observe hybrid_pred=21.633381 sequence=40.548924
[v4_hybrid gpu6] [plan iscas99__b21] [plan] step=15 node=N8745 type=observe hybrid_pred=27.226770 sequence=67.775694
[v4_hybrid gpu6] [plan iscas99__b21] [plan] step=16 node=N14782 type=observe hybrid_pred=33.761307 sequence=101.537001
[v4_hybrid gpu6] [plan iscas99__b21] [plan] step=17 node=N42301 type=observe hybrid_pred=42.492913 sequence=144.029913
[v4_hybrid gpu6] [plan iscas99__b21] [plan] step=18 node=N48469 type=observe hybrid_pred=54.319466 sequence=198.349379
[v4_hybrid gpu6] [plan iscas99__b21] [plan] step=19 node=N42300 type=observe hybrid_pred=65.849148 sequence=264.198526
[v4_hybrid gpu6] [plan iscas99__b21] [plan] step=20 node=N8644 type=observe hybrid_pred=87.063184 sequence=351.261711
[v4_hybrid gpu6] [plan iscas99__b21] [plan] step=21 node=N8687 type=observe hybrid_pred=125.603108 sequence=476.864819
[v4_hybrid gpu6] [plan iscas99__b21] [plan] step=22 node=N34078 type=observe hybrid_pred=175.559941 sequence=652.424760
[v4_hybrid gpu6] [plan iscas99__b21] [plan] step=23 node=N8682 type=observe hybrid_pred=236.335312 sequence=888.760072
[v4_hybrid gpu6] [plan iscas99__b21] [plan] step=24 node=N8662 type=observe hybrid_pred=315.631724 sequence=1204.391796
[v4_hybrid gpu6] [plan iscas99__b21] [plan] step=25 node=N8672 type=observe hybrid_pred=408.785216 sequence=1613.177013
[v4_hybrid gpu6] [plan iscas99__b21] [plan] step=26 node=N8677 type=observe hybrid_pred=528.224724 sequence=2141.401736
[v4_hybrid gpu6] [plan iscas99__b21] [plan] step=27 node=N22482 type=observe hybrid_pred=656.107624 sequence=2797.509360
[v4_hybrid gpu6] [plan iscas99__b21] [plan] step=28 node=N22470 type=observe hybrid_pred=817.863554 sequence=3615.372914
[v4_hybrid gpu6] [plan iscas99__b21] [plan] step=29 node=N8815 type=observe hybrid_pred=1019.273527 sequence=4634.646442
[v4_hybrid gpu6] [plan iscas99__b21] [plan] step=30 node=N22433 type=observe hybrid_pred=1269.971418 sequence=5904.617860
[v4_hybrid gpu6] [plan iscas99__b21] [plan] step=31 node=N22446 type=observe hybrid_pred=1582.436218 sequence=7487.054078
[v4_hybrid gpu6] [plan iscas99__b21] [plan] step=32 node=N21937 type=observe hybrid_pred=1972.505424 sequence=9459.559503
[v4_hybrid gpu6] [plan iscas99__b21] [plan] step=33 node=N21946 type=observe hybrid_pred=2459.230106 sequence=11918.789609
[v4_hybrid gpu6] [plan iscas99__b21] [plan] step=34 node=N22481 type=observe hybrid_pred=3065.728695 sequence=14984.518304
[v4_hybrid gpu6] [plan iscas99__b21] [plan] step=35 node=N22458 type=observe hybrid_pred=3823.397438 sequence=18807.915742
[v4_hybrid gpu6] [plan iscas99__b21] [plan] step=36 node=N21039 type=observe hybrid_pred=4769.741776 sequence=23577.657518
[v4_hybrid gpu6] [plan iscas99__b21] [plan] step=37 node=N21048 type=observe hybrid_pred=5952.387291 sequence=29530.044809
[v4_hybrid gpu6] [plan iscas99__b21] [plan] step=38 node=N22469 type=observe hybrid_pred=7430.429764 sequence=36960.474572
[v4_hybrid gpu6] [plan iscas99__b21] [plan] step=39 node=N38623 type=observe hybrid_pred=9277.719421 sequence=46238.193994
[v4_hybrid gpu6] [plan iscas99__b21] [plan] step=40 node=N22432 type=observe hybrid_pred=11584.412735 sequence=57822.606729
[v4_hybrid gpu6] [plan iscas99__b21] [plan] step=41 node=N38593 type=observe hybrid_pred=14465.920593 sequence=72288.527322
[v4_hybrid gpu6] [plan iscas99__b21] [plan] step=42 node=N38500 type=observe hybrid_pred=18067.892639 sequence=90356.419961
[v4_hybrid gpu6] [plan iscas99__b21] [plan] step=43 node=N1241 type=observe hybrid_pred=22603.680328 sequence=112960.100289
[v4_hybrid gpu6] [plan iscas99__b21] [plan] step=44 node=N22420 type=observe hybrid_pred=28240.220642 sequence=141200.320932
[v4_hybrid gpu6] [plan iscas99__b21] [plan] step=45 node=N21038 type=observe hybrid_pred=35289.579773 sequence=176489.900705
[v4_hybrid gpu6] [plan iscas99__b21] [plan] step=46 node=N21047 type=observe hybrid_pred=44103.808777 sequence=220593.709481
[v4_hybrid gpu6] [plan iscas99__b21] [plan] step=47 node=N38491 type=observe hybrid_pred=55125.025024 sequence=275718.734506
[v4_hybrid gpu6] [plan iscas99__b21] [plan] step=48 node=N38608 type=observe hybrid_pred=68906.176514 sequence=344624.911019
[v4_hybrid gpu6] [plan iscas99__b21] [plan] step=49 node=N38578 type=observe hybrid_pred=86138.833984 sequence=430763.745004
[v4_hybrid gpu6] [plan iscas99__b21] [plan] step=50 node=N21936 type=observe hybrid_pred=107687.648926 sequence=538451.393930
[v4_hybrid gpu6] [plan iscas99__b21] [plan] step=51 node=N21945 type=observe hybrid_pred=134634.324219 sequence=673085.718148
[v4_hybrid gpu6] [plan iscas99__b21] [plan] step=52 node=N38482 type=observe hybrid_pred=168331.441406 sequence=841417.159555
[v4_hybrid gpu6] [plan iscas99__b21] [plan] step=53 node=N1442 type=observe hybrid_pred=210470.220703 sequence=1051887.380258
[v4_hybrid gpu6] [plan iscas99__b21] [plan] step=54 node=N1437 type=observe hybrid_pred=263166.188965 sequence=1315053.569223
[v4_hybrid gpu6] [plan iscas99__b21] [plan] step=55 node=N4490 type=observe hybrid_pred=329122.286133 sequence=1644175.855355
[v4_hybrid gpu6] [plan iscas99__b21] [plan] step=56 node=N29792 type=observe hybrid_pred=411561.572266 sequence=2055737.427621
[v4_hybrid gpu6] [plan iscas99__b21] [plan] step=57 node=N4687 type=observe hybrid_pred=514640.308594 sequence=2570377.736215
[v4_hybrid gpu6] [plan iscas99__b21] [plan] step=58 node=N8692 type=observe hybrid_pred=643548.453125 sequence=3213926.189340
[v4_hybrid gpu6] [plan iscas99__b21] [plan] step=59 node=__buf_split_19583 type=observe hybrid_pred=804788.150391 sequence=4018714.339730
[v4_hybrid gpu6] [plan iscas99__b21] [plan] step=60 node=N4692 type=observe hybrid_pred=1006394.824219 sequence=5025109.163949
[v4_hybrid gpu6] [plan iscas99__b21] [plan] step=61 node=N22445 type=observe hybrid_pred=1258520.181641 sequence=6283629.345590
[v4_hybrid gpu6] [plan iscas99__b21] [plan] step=62 node=N22457 type=observe hybrid_pred=1573821.294922 sequence=7857450.640512
[v4_hybrid gpu6] [plan iscas99__b21] [plan] step=63 node=N38533 type=observe hybrid_pred=1968128.464844 sequence=9825579.105355
[v4_hybrid gpu6] [plan iscas99__b21] [plan] step=64 node=N38524 type=observe hybrid_pred=2461240.128906 sequence=12286819.234262
[v4_hybrid gpu6] [plan iscas99__b21] [plan] step=65 node=N38563 type=observe hybrid_pred=3077914.402344 sequence=15364733.636605
[v4_hybrid gpu6] [plan iscas99__b21] [plan] step=66 node=N29800 type=observe hybrid_pred=3849115.617188 sequence=19213849.253793
[v4_hybrid gpu6] [plan iscas99__b21] [plan] step=67 node=N22419 type=observe hybrid_pred=4813565.687500 sequence=24027414.941293
[v4_hybrid gpu6] [plan iscas99__b21] [plan] step=68 node=N38515 type=observe hybrid_pred=6019688.734375 sequence=30047103.675668
[v4_hybrid gpu6] [plan iscas99__b21] [plan] step=69 node=N38548 type=observe hybrid_pred=7528045.890625 sequence=37575149.566293
[v4_hybrid gpu6] [plan iscas99__b21] [plan] step=70 node=N38467 type=observe hybrid_pred=9414373.000000 sequence=46989522.566293
[v4_hybrid gpu6] [plan iscas99__b21] [plan] step=71 node=N1435 type=observe hybrid_pred=11773381.640625 sequence=58762904.206918
[v4_hybrid gpu6] [plan iscas99__b21] [plan] step=72 node=N38449 type=observe hybrid_pred=14723520.875000 sequence=73486425.081918
[v4_hybrid gpu6] [plan iscas99__b21] [plan] step=73 node=N22605 type=observe hybrid_pred=18412922.218750 sequence=91899347.300668
[v4_hybrid gpu6] [plan iscas99__b21] [plan] step=74 node=N1440 type=observe hybrid_pred=23026829.375000 sequence=114926176.675668
[v4_hybrid gpu6] [plan iscas99__b21] [plan] step=75 node=N1434 type=observe hybrid_pred=28796917.187500 sequence=143723093.863168
[v4_hybrid gpu6] [plan iscas99__b21] [plan] step=76 node=N23208 type=observe hybrid_pred=36012902.375000 sequence=179735996.238168
[v4_hybrid gpu6] [plan iscas99__b21] [plan] step=77 node=N4684 type=observe hybrid_pred=45037112.625000 sequence=224773108.863168
[v4_hybrid gpu6] [plan iscas99__b21] [plan] step=78 node=N4685 type=observe hybrid_pred=56322663.625000 sequence=281095772.488168
[v4_hybrid gpu6] [plan iscas99__b21] [plan] step=79 node=N4690 type=observe hybrid_pred=70436223.000000 sequence=351531995.488168
[v4_hybrid gpu6] [plan iscas99__b21] [plan] step=80 node=N4689 type=observe hybrid_pred=88086434.875000 sequence=439618430.363168
[v4_hybrid gpu6] [plan iscas99__b21] [plan] step=81 node=N1433 type=observe hybrid_pred=110159561.000000 sequence=549777991.363168
[v4_hybrid gpu6] [plan iscas99__b21] [plan] step=82 node=N4688 type=observe hybrid_pred=137763874.750000 sequence=687541866.113168
[v4_hybrid gpu6] [plan iscas99__b21] [plan] step=83 node=N4683 type=observe hybrid_pred=172285449.250000 sequence=859827315.363168
[v4_hybrid gpu6] [plan iscas99__b21] [plan] step=84 node=N38581 type=observe hybrid_pred=215457695.750000 sequence=1075285011.113168
[v4_hybrid gpu6] [plan iscas99__b21] [plan] step=85 node=N38551 type=observe hybrid_pred=269448300.500000 sequence=1344733311.613168
[v4_hybrid gpu6] [plan iscas99__b21] [plan] step=86 node=N38611 type=observe hybrid_pred=336968280.500000 sequence=1681701592.113168
[v4_hybrid gpu6] [plan iscas99__b21] [plan] step=87 node=N38443 type=observe hybrid_pred=421407800.000000 sequence=2103109392.113168
[v4_hybrid gpu6] [plan iscas99__b21] [plan] step=88 node=N38458 type=observe hybrid_pred=527006670.000000 sequence=2630116062.113168
[v4_hybrid gpu6] [plan iscas99__b21] [plan] step=89 node=N1439 type=observe hybrid_pred=659067170.000000 sequence=3289183232.113168
[v4_hybrid gpu6] [plan iscas99__b21] [plan] step=90 node=N1438 type=observe hybrid_pred=824220465.000000 sequence=4113403697.113168
[v4_hybrid gpu6] [plan iscas99__b21] [plan] step=91 node=N14471 type=observe hybrid_pred=1030758868.000000 sequence=5144162565.113168
[v4_hybrid gpu6] [plan iscas99__b21] [plan] step=92 node=N38479 type=observe hybrid_pred=1289052774.000000 sequence=6433215339.113168
[v4_hybrid gpu6] [plan iscas99__b21] [plan] step=93 node=N38485 type=observe hybrid_pred=1612071844.000000 sequence=8045287183.113168
[v4_hybrid gpu6] [plan iscas99__b21] [plan] step=94 node=N38596 type=observe hybrid_pred=2016035248.000000 sequence=10061322431.113167
[v4_hybrid gpu6] [plan iscas99__b21] [plan] step=95 node=N38452 type=observe hybrid_pred=2521226024.000000 sequence=12582548455.113167
[v4_hybrid gpu6] [plan iscas99__b21] [plan] step=96 node=N38461 type=observe hybrid_pred=3153011416.000000 sequence=15735559871.113167
[v4_hybrid gpu6] [plan iscas99__b21] [plan] step=97 node=N38617 type=observe hybrid_pred=3943113992.000000 sequence=19678673863.113167
[v4_hybrid gpu6] [plan iscas99__b21] [plan] step=98 node=N38557 type=observe hybrid_pred=4931206336.000000 sequence=24609880199.113167
[v4_hybrid gpu6] [plan iscas99__b21] [plan] step=99 node=N38497 type=observe hybrid_pred=6166899200.000000 sequence=30776779399.113167
[v4_hybrid gpu6] [plan iscas99__b21] [plan] step=100 node=N38587 type=observe hybrid_pred=7712243680.000000 sequence=38489023079.113167
[v4_hybrid gpu6] [plan iscas99__b21] [plan] step=101 node=N38476 type=observe hybrid_pred=9644826176.000000 sequence=48133849255.113167
[v4_hybrid gpu6] [plan iscas99__b21] [plan] step=102 node=N4083 type=observe hybrid_pred=12061692496.000000 sequence=60195541751.113167
[v4_hybrid gpu6] [plan iscas99__b21] [plan] step=103 node=N39470 type=control0 hybrid_pred=15084192800.000000 sequence=75279734551.113159
[v4_hybrid gpu6] [plan iscas99__b21] [plan] step=104 node=N826 type=observe hybrid_pred=18864086016.000000 sequence=94143820567.113159
[v4_hybrid gpu6] [plan iscas99__b21] [plan] step=105 node=N39470 type=control1 hybrid_pred=23591183744.000000 sequence=117735004311.113159
[v4_hybrid gpu6] [plan iscas99__b21] [plan] step=106 node=__buf_split_10166 type=observe hybrid_pred=29502818752.000000 sequence=147237823063.113159
[v4_hybrid gpu6] [plan iscas99__b21] [plan] step=107 node=N38527 type=observe hybrid_pred=36895829504.000000 sequence=184133652567.113159
[v4_hybrid gpu6] [plan iscas99__b21] [plan] step=108 node=N14728 type=observe hybrid_pred=46141432576.000000 sequence=230275085143.113159
[v4_hybrid gpu6] [plan iscas99__b21] [plan] step=109 node=__buf_split_12982 type=observe hybrid_pred=57703849728.000000 sequence=287978934871.113159
[v4_hybrid gpu6] [plan iscas99__b21] [plan] step=110 node=__buf_split_10167 type=observe hybrid_pred=72163678336.000000 sequence=360142613207.113159
[v4_hybrid gpu6] [plan iscas99__b21] [plan] step=111 node=__buf_split_12980 type=observe hybrid_pred=90246946816.000000 sequence=450389560023.113159
[v4_hybrid gpu6] [plan iscas99__b21] [plan] step=112 node=N4112 type=observe hybrid_pred=112861581312.000000 sequence=563251141335.113159
[v4_hybrid gpu6] [plan iscas99__b21] [plan] step=113 node=N27267 type=observe hybrid_pred=141143173632.000000 sequence=704394314967.113159
[v4_hybrid gpu6] [plan iscas99__b21] [plan] step=114 node=N24081 type=observe hybrid_pred=176511801856.000000 sequence=880906116823.113159
[v4_hybrid gpu6] [plan iscas99__b21] [plan] step=115 node=N34098 type=observe hybrid_pred=220743278336.000000 sequence=1101649395159.113281
[v4_hybrid gpu6] [plan iscas99__b21] [plan] step=116 node=N38632 type=observe hybrid_pred=276058612736.000000 sequence=1377708007895.113281
[v4_hybrid gpu6] [plan iscas99__b21] [plan] step=117 node=N38638 type=observe hybrid_pred=345235188736.000000 sequence=1722943196631.113281
[v4_hybrid gpu6] [plan iscas99__b21] [plan] step=118 node=__buf_split_19584 type=observe hybrid_pred=431746596864.000000 sequence=2154689793495.113281
[v4_hybrid gpu6] [plan iscas99__b21] [plan] step=119 node=__buf_split_12981 type=observe hybrid_pred=539936442368.000000 sequence=2694626235863.113281
[v4_hybrid gpu6] [plan iscas99__b21] [plan] step=120 node=N26421 type=observe hybrid_pred=675237447680.000000 sequence=3369863683543.113281
[v4_hybrid gpu6] [plan iscas99__b21] [plan] step=121 node=N58872 type=observe hybrid_pred=844442926080.000000 sequence=4214306609623.113281
[v4_hybrid gpu6] [plan iscas99__b21] [plan] step=122 node=N24931 type=observe hybrid_pred=1056048766976.000000 sequence=5270355376599.113281
[v4_hybrid gpu6] [plan iscas99__b21] [plan] step=123 node=__buf_split_10165 type=observe hybrid_pred=1320680321024.000000 sequence=6591035697623.113281
[v4_hybrid gpu6] [plan iscas99__b21] [plan] step=124 node=N39437 type=control0 hybrid_pred=1651625525248.000000 sequence=8242661222871.113281
[v4_hybrid gpu6] [plan iscas99__b21] [plan] step=125 node=__buf_split_21819 type=observe hybrid_pred=2065500286976.000000 sequence=10308161509847.113281
[v4_hybrid gpu6] [plan iscas99__b21] [plan] step=126 node=N8163 type=observe hybrid_pred=2583087259648.000000 sequence=12891248769495.113281
[v4_hybrid gpu6] [plan iscas99__b21] [plan] step=127 node=N39437 type=control1 hybrid_pred=3230374223872.000000 sequence=16121622993367.113281
[v4_hybrid gpu6] [plan iscas99__b21] [plan] step=128 node=N38470 type=observe hybrid_pred=4039863443456.000000 sequence=20161486436823.113281
[v4_hybrid gpu6] [plan iscas99__b21] [plan] step=129 node=N38509 type=observe hybrid_pred=5052200124416.000000 sequence=25213686561239.113281
[v4_hybrid gpu6] [plan iscas99__b21] [plan] step=130 node=N38494 type=observe hybrid_pred=6318214160384.000000 sequence=31531900721623.113281
[v4_hybrid gpu6] [plan iscas99__b21] [plan] step=131 node=N38503 type=observe hybrid_pred=7901473538048.000000 sequence=39433374259671.109375
[v4_hybrid gpu6] [plan iscas99__b21] [plan] step=132 node=N38572 type=observe hybrid_pred=9881479921664.000000 sequence=49314854181335.109375
[v4_hybrid gpu6] [plan iscas99__b21] [plan] step=133 node=N38518 type=observe hybrid_pred=12357643501568.000000 sequence=61672497682903.109375
[v4_hybrid gpu6] [plan iscas99__b21] [plan] step=134 node=N38602 type=observe hybrid_pred=15454306893824.000000 sequence=77126804576727.109375
[v4_hybrid gpu6] [plan iscas99__b21] [plan] step=135 node=N38626 type=observe hybrid_pred=19326953062400.000000 sequence=96453757639127.109375
[v4_hybrid gpu6] [plan iscas99__b21] [plan] step=136 node=N38536 type=observe hybrid_pred=24170021781504.000000 sequence=120623779420631.109375
[v4_hybrid gpu6] [plan iscas99__b21] [plan] step=137 node=N38542 type=observe hybrid_pred=30226723373056.000000 sequence=150850502793687.125000
[v4_hybrid gpu6] [plan iscas99__b21] [plan] step=138 node=N38566 type=observe hybrid_pred=37801130655744.000000 sequence=188651633449431.125000
[v4_hybrid gpu6] [plan iscas99__b21] [plan] step=139 node=N38446 type=observe hybrid_pred=47273579118592.000000 sequence=235925212568023.125000
[v4_hybrid gpu6] [plan iscas99__b21] [plan] step=140 node=N38455 type=observe hybrid_pred=59119708143616.000000 sequence=295044920711639.125000
[v4_hybrid gpu6] [plan iscas99__b21] [plan] step=141 node=N38464 type=observe hybrid_pred=73934339833856.000000 sequence=368979260545495.125000
[v4_hybrid gpu6] [plan iscas99__b21] [plan] step=142 node=N38473 type=observe hybrid_pred=92461306478592.000000 sequence=461440567024087.125000
[v4_hybrid gpu6] [plan iscas99__b21] [plan] step=143 node=N38488 type=observe hybrid_pred=115630861451264.000000 sequence=577071428475351.125000
[v4_hybrid gpu6] [plan iscas99__b21] [plan] step=144 node=N38506 type=observe hybrid_pred=144606382260224.000000 sequence=721677810735575.125000
[v4_hybrid gpu6] [plan iscas99__b21] [plan] step=145 node=N38641 type=observe hybrid_pred=180842838622208.000000 sequence=902520649357783.125000
[v4_hybrid gpu6] [plan iscas99__b21] [plan] step=146 node=N58871 type=observe hybrid_pred=226159671377920.000000 sequence=1128680320735703.000000
[v4_hybrid gpu6] [plan iscas99__b21] [plan] step=147 node=__buf_split_3768 type=observe hybrid_pred=282832339468288.000000 sequence=1411512660203991.000000
[v4_hybrid gpu6] [plan iscas99__b21] [plan] step=148 node=N38575 type=observe hybrid_pred=353706362011648.000000 sequence=1765219022215639.000000
[v4_hybrid gpu6] [plan iscas99__b21] [plan] step=149 node=N14760 type=observe hybrid_pred=442340507385856.000000 sequence=2207559529601495.000000
[v4_hybrid gpu6] [plan iscas99__b21] [plan] step=150 node=N38584 type=observe hybrid_pred=553185104101376.000000 sequence=2760744633702871.000000
[v4_hybrid gpu6] [plan iscas99__b21] [plan] step=151 node=N38590 type=observe hybrid_pred=691805941137408.000000 sequence=3452550574840279.000000
[v4_hybrid gpu6] [plan iscas99__b21] [plan] step=152 node=N5773 type=observe hybrid_pred=865163407261696.000000 sequence=4317713982101975.000000
[v4_hybrid gpu6] [plan iscas99__b21] [plan] step=153 node=N38599 type=observe hybrid_pred=1081961397354496.000000 sequence=5399675379456471.000000
[v4_hybrid gpu6] [plan iscas99__b21] [plan] step=154 node=N38605 type=observe hybrid_pred=1353086845059072.000000 sequence=6752762224515543.000000
[v4_hybrid gpu6] [plan iscas99__b21] [plan] step=155 node=__buf_split_21818 type=observe hybrid_pred=1692151670898688.000000 sequence=8444913895414231.000000
[v4_hybrid gpu6] [plan iscas99__b21] [plan] step=156 node=N38614 type=observe hybrid_pred=2116181808906240.000000 sequence=10561095704320472.000000
[v4_hybrid gpu6] [plan iscas99__b21] [plan] step=157 node=N22410 type=observe hybrid_pred=2646469232295936.000000 sequence=13207564936616408.000000
[v4_hybrid gpu6] [plan iscas99__b21] [plan] step=158 node=N22416 type=observe hybrid_pred=3309638598524928.000000 sequence=16517203535141336.000000
[v4_hybrid gpu6] [plan iscas99__b21] [plan] step=159 node=N38620 type=observe hybrid_pred=4138989393018880.000000 sequence=20656192928160216.000000
[v4_hybrid gpu6] [plan iscas99__b21] [plan] step=160 node=N38629 type=observe hybrid_pred=5176165971001344.000000 sequence=25832358899161560.000000
[v4_hybrid gpu6] [plan iscas99__b21] [plan] step=161 node=N22413 type=observe hybrid_pred=6473244701884416.000000 sequence=32305603601045976.000000
[v4_hybrid gpu6] [plan iscas99__b21] [plan] step=162 node=N22461 type=observe hybrid_pred=8095356692725760.000000 sequence=40400960293771736.000000
[v4_hybrid gpu6] [plan iscas99__b21] [plan] step=163 node=N38512 type=observe hybrid_pred=10123937291698176.000000 sequence=50524897585469912.000000
[v4_hybrid gpu6] [plan iscas99__b21] [plan] step=164 node=N22423 type=observe hybrid_pred=12660865706754048.000000 sequence=63185763292223960.000000
[v4_hybrid gpu6] [plan iscas99__b21] [plan] step=165 node=N38521 type=observe hybrid_pred=15833510719782912.000000 sequence=79019274012006880.000000
[v4_hybrid gpu6] [plan iscas99__b21] [plan] step=166 node=N22473 type=observe hybrid_pred=19801176610439168.000000 sequence=98820450622446048.000000
[v4_hybrid gpu6] [plan iscas99__b21] [plan] step=167 node=N38530 type=observe hybrid_pred=24763085688406016.000000 sequence=123583536310852064.000000
[v4_hybrid gpu6] [plan iscas99__b21] [plan] step=168 node=N22478 type=observe hybrid_pred=30968398636646400.000000 sequence=154551934947498464.000000
[v4_hybrid gpu6] [plan iscas99__b21] [plan] step=169 node=N38539 type=observe hybrid_pred=38728664531075072.000000 sequence=193280599478573536.000000
[v4_hybrid gpu6] [plan iscas99__b21] [plan] step=170 node=N38545 type=observe hybrid_pred=48433540756406272.000000 sequence=241714140234979808.000000
[v4_hybrid gpu6] [plan iscas99__b21] [plan] step=171 node=N22485 type=observe hybrid_pred=60570356917731328.000000 sequence=302284497152711168.000000
[v4_hybrid gpu6] [plan iscas99__b21] [plan] step=172 node=N38554 type=observe hybrid_pred=75748463714762752.000000 sequence=378032960867473920.000000
[v4_hybrid gpu6] [plan iscas99__b21] [plan] step=173 node=N38560 type=observe hybrid_pred=94730031682551808.000000 sequence=472762992550025728.000000
[v4_hybrid gpu6] [plan iscas99__b21] [plan] step=174 node=N38569 type=observe hybrid_pred=118468117822177280.000000 sequence=591231110372203008.000000
[v4_hybrid gpu6] [plan iscas99__b21] [plan] step=175 node=N38635 type=observe hybrid_pred=148154682127155200.000000 sequence=739385792499358208.000000
[v4_hybrid gpu6] [plan iscas99__b21] [plan] step=176 node=N38644 type=observe hybrid_pred=185280240652648448.000000 sequence=924666033152006656.000000
[v4_hybrid gpu6] [plan iscas99__b21] [plan] step=177 node=N14779 type=observe hybrid_pred=231708936711962624.000000 sequence=1156374969863969280.000000
[v4_hybrid gpu6] [plan iscas99__b21] [plan] step=178 node=N14780 type=observe hybrid_pred=289772232903753728.000000 sequence=1446147202767723008.000000
[v4_hybrid gpu6] [plan iscas99__b21] [plan] step=179 node=N14781 type=observe hybrid_pred=362385225268854784.000000 sequence=1808532428036577792.000000
[v4_hybrid gpu6] [plan iscas99__b21] [plan] step=180 node=N8742 type=observe hybrid_pred=453194120387624960.000000 sequence=2261726548424202752.000000
[v4_hybrid gpu6] [plan iscas99__b21] [plan] step=181 node=N8743 type=observe hybrid_pred=566758584390516736.000000 sequence=2828485132814719488.000000
[v4_hybrid gpu6] [plan iscas99__b21] [plan] step=182 node=N8744 type=observe hybrid_pred=708780961604567040.000000 sequence=3537266094419286528.000000
[v4_hybrid gpu6] [plan iscas99__b21] [plan] step=183 node=N14786 type=observe hybrid_pred=886391871624970240.000000 sequence=4423657966044256768.000000
[v4_hybrid gpu6] [plan iscas99__b21] [plan] step=184 node=N4686 type=observe hybrid_pred=1108509676602916864.000000 sequence=5532167642647173120.000000
[v4_hybrid gpu6] [plan iscas99__b21] [plan] step=185 node=N4691 type=observe hybrid_pred=1386287253407399936.000000 sequence=6918454896054573056.000000
[v4_hybrid gpu6] [plan iscas99__b21] [plan] step=186 node=N21930 type=observe hybrid_pred=1733672796094988288.000000 sequence=8652127692149561344.000000
[v4_hybrid gpu6] [plan iscas99__b21] [plan] step=187 node=N21932 type=observe hybrid_pred=2168108321473560576.000000 sequence=10820236013623121920.000000
[v4_hybrid gpu6] [plan iscas99__b21] [plan] step=188 node=N21934 type=observe hybrid_pred=2711407532500320256.000000 sequence=13531643546123442176.000000
[v4_hybrid gpu6] [plan iscas99__b21] [plan] step=189 node=N21939 type=observe hybrid_pred=3390850008445091840.000000 sequence=16922493554568534016.000000
[v4_hybrid gpu6] [plan iscas99__b21] [plan] step=190 node=N21194 type=control1 hybrid_pred=4240552396821889024.000000 sequence=21163045951390425088.000000
[v4_hybrid gpu6] [plan iscas99__b21] [plan] step=191 node=N21941 type=observe hybrid_pred=5303177866207297536.000000 sequence=26466223817597722624.000000
[v4_hybrid gpu6] [plan iscas99__b21] [plan] step=192 node=N21943 type=observe hybrid_pred=6632081841836785664.000000 sequence=33098305659434508288.000000
[v4_hybrid gpu6] [plan iscas99__b21] [plan] step=193 node=N1436 type=observe hybrid_pred=8293990454584672256.000000 sequence=41392296114019180544.000000
[v4_hybrid gpu6] [plan iscas99__b21] [plan] step=194 node=N1441 type=observe hybrid_pred=10372353974119432192.000000 sequence=51764650088138612736.000000
[v4_hybrid gpu6] [plan iscas99__b21] [plan] step=195 node=N21032 type=observe hybrid_pred=12971527049033285632.000000 sequence=64736177137171898368.000000
[v4_hybrid gpu6] [plan iscas99__b21] [plan] step=196 node=N21034 type=observe hybrid_pred=16222024853459304448.000000 sequence=80958201990631194624.000000
[v4_hybrid gpu6] [plan iscas99__b21] [plan] step=197 node=N21036 type=observe hybrid_pred=20287045682105155584.000000 sequence=101245247672736350208.000000
[v4_hybrid gpu6] [plan iscas99__b21] [plan] step=198 node=__buf_split_13652 type=observe hybrid_pred=25370710913729953792.000000 sequence=126615958586466304000.000000
[v4_hybrid gpu6] [plan iscas99__b21] [plan] step=199 node=N21041 type=observe hybrid_pred=31728264819737886720.000000 sequence=158344223406204190720.000000
[v4_hybrid gpu6] [plan iscas99__b21] [plan] step=200 node=N21043 type=observe hybrid_pred=39678956889085837312.000000 sequence=198023180295290028032.000000
[v4_hybrid gpu6] [plan iscas99__b21] [plan] step=201 node=N21045 type=observe hybrid_pred=49621966776742969344.000000 sequence=247645147072032997376.000000
[v4_hybrid gpu6] [plan iscas99__b21] [plan] step=202 node=N14789 type=observe hybrid_pred=nan sequence=nan
[v4_hybrid gpu6] [plan iscas99__b21] [plan] step=203 node=N8768 type=observe hybrid_pred=nan sequence=nan
[v4_hybrid gpu6] [plan iscas99__b21] [plan] step=204 node=__buf_split_3777 type=observe hybrid_pred=nan sequence=nan
[v4_hybrid gpu6] [plan iscas99__b21] [plan] step=205 node=__buf_split_3770 type=observe hybrid_pred=nan sequence=nan
[v4_hybrid gpu6] [plan iscas99__b21] [plan] step=206 node=__buf_split_3769 type=observe hybrid_pred=nan sequence=nan
[v4_hybrid gpu6] [plan iscas99__b21] [plan] step=207 node=__buf_split_3776 type=observe hybrid_pred=nan sequence=nan
[v4_hybrid gpu6] [plan iscas99__b21] [plan] step=208 node=N14784 type=observe hybrid_pred=nan sequence=nan
[v4_hybrid gpu6] [plan iscas99__b21] [plan] step=209 node=N8811 type=observe hybrid_pred=nan sequence=nan
[v4_hybrid gpu6] [plan iscas99__b21] [plan] step=210 node=N2566 type=observe hybrid_pred=nan sequence=nan
[v4_hybrid gpu6] [plan iscas99__b21] [plan] step=211 node=N22426 type=observe hybrid_pred=nan sequence=nan
[v4_hybrid gpu6] [plan iscas99__b21] [plan] step=212 node=N22429 type=observe hybrid_pred=nan sequence=nan
[v4_hybrid gpu6] [plan iscas99__b21] [plan] step=213 node=__buf_split_4147 type=observe hybrid_pred=nan sequence=nan
[v4_hybrid gpu6] [plan iscas99__b21] [plan] step=214 node=N22466 type=observe hybrid_pred=nan sequence=nan
[v4_hybrid gpu6] [plan iscas99__b21] [plan] step=215 node=N22436 type=observe hybrid_pred=nan sequence=nan
[v4_hybrid gpu6] [plan iscas99__b21] [plan] step=216 node=N22439 type=observe hybrid_pred=nan sequence=nan
[v4_hybrid gpu6] [plan iscas99__b21] [plan] step=217 node=N22442 type=observe hybrid_pred=nan sequence=nan
[v4_hybrid gpu6] [plan iscas99__b21] [plan] step=218 node=N22449 type=observe hybrid_pred=nan sequence=nan
[v4_hybrid gpu6] [plan iscas99__b21] [plan] step=219 node=N22454 type=observe hybrid_pred=nan sequence=nan
[v4_hybrid gpu6] [plan iscas99__b21] [plan] step=220 node=N34149 type=observe hybrid_pred=nan sequence=nan
[v4_hybrid gpu6] [plan iscas99__b21] [plan] step=221 node=N21929 type=observe hybrid_pred=nan sequence=nan
[v4_hybrid gpu6] [plan iscas99__b21] [plan] step=222 node=N21931 type=observe hybrid_pred=nan sequence=nan
[v4_hybrid gpu6] [plan iscas99__b21] [plan] step=223 node=N21933 type=observe hybrid_pred=nan sequence=nan
[v4_hybrid gpu6] [plan iscas99__b21] [plan] step=224 node=N21935 type=observe hybrid_pred=nan sequence=nan
[v4_hybrid gpu6] [plan iscas99__b21] [plan] step=225 node=N21938 type=observe hybrid_pred=nan sequence=nan
[v4_hybrid gpu6] [plan iscas99__b21] [plan] step=226 node=N21940 type=observe hybrid_pred=nan sequence=nan
[v4_hybrid gpu6] [plan iscas99__b21] [plan] step=227 node=N21942 type=observe hybrid_pred=nan sequence=nan
[v4_hybrid gpu6] [plan iscas99__b21] [plan] step=228 node=N21944 type=observe hybrid_pred=nan sequence=nan
[v4_hybrid gpu6] [plan iscas99__b21] [plan] step=229 node=N21031 type=observe hybrid_pred=nan sequence=nan
[v4_hybrid gpu6] [plan iscas99__b21] [plan] step=230 node=N21033 type=observe hybrid_pred=nan sequence=nan
[v4_hybrid gpu6] [plan iscas99__b21] [plan] step=231 node=N21035 type=observe hybrid_pred=nan sequence=nan
[v4_hybrid gpu6] [plan iscas99__b21] [plan] step=232 node=N21037 type=observe hybrid_pred=nan sequence=nan
[v4_hybrid gpu6] [plan iscas99__b21] [plan] step=233 node=N21040 type=observe hybrid_pred=nan sequence=nan
[v4_hybrid gpu6] [plan iscas99__b21] [plan] step=234 node=N21042 type=observe hybrid_pred=nan sequence=nan
[v4_hybrid gpu6] [plan iscas99__b21] [plan] step=235 node=N21044 type=observe hybrid_pred=nan sequence=nan
[v4_hybrid gpu6] [plan iscas99__b21] [plan] step=236 node=N21046 type=observe hybrid_pred=nan sequence=nan
[v4_hybrid gpu6] [plan iscas99__b21] [plan] step=237 node=N22092 type=control1 hybrid_pred=nan sequence=nan
[v4_hybrid gpu6] [plan iscas99__b21] [plan] step=238 node=N22093 type=control1 hybrid_pred=nan sequence=nan
[v4_hybrid gpu6] [plan iscas99__b21] [plan] step=239 node=N22094 type=control1 hybrid_pred=nan sequence=nan
[v4_hybrid gpu6] [plan iscas99__b21] [plan] step=240 node=N21195 type=control1 hybrid_pred=nan sequence=nan
[v4_hybrid gpu6] [plan iscas99__b21] [plan] step=241 node=N1678 type=control1 hybrid_pred=nan sequence=nan
[v4_hybrid gpu6] [plan iscas99__b21] [plan] step=242 node=N21206 type=control1 hybrid_pred=nan sequence=nan
[v4_hybrid gpu6] [plan iscas99__b21] [plan] step=243 node=__buf_split_20084 type=observe hybrid_pred=nan sequence=nan
[v4_hybrid gpu6] [plan iscas99__b21] [plan] step=244 node=__buf_split_20085 type=observe hybrid_pred=nan sequence=nan
[v4_hybrid gpu6] [plan iscas99__b21] [plan] step=245 node=__buf_split_20087 type=observe hybrid_pred=nan sequence=nan
[v4_hybrid gpu6] [plan iscas99__b21] [plan] step=246 node=__buf_split_11422 type=observe hybrid_pred=nan sequence=nan
[v4_hybrid gpu6] [plan iscas99__b21] [plan] step=247 node=__buf_split_13653 type=observe hybrid_pred=nan sequence=nan
[v4_hybrid gpu6] [plan iscas99__b21] [plan] step=248 node=__buf_split_11423 type=observe hybrid_pred=nan sequence=nan
[v4_hybrid gpu6] [plan iscas99__b21] [plan] step=249 node=N14740 type=observe hybrid_pred=nan sequence=nan
[v4_hybrid gpu6] [plan iscas99__b21] [plan] step=250 node=__buf_split_20079 type=observe hybrid_pred=nan sequence=nan
[v4_hybrid gpu6] [plan iscas99__b21] [plan] step=251 node=N8630 type=observe hybrid_pred=nan sequence=nan
[v4_hybrid gpu6] [plan iscas99__b21] [plan] step=252 node=__buf_split_20106 type=observe hybrid_pred=nan sequence=nan
[v4_hybrid gpu6] [plan iscas99__b21] [plan] step=253 node=__buf_split_20109 type=observe hybrid_pred=nan sequence=nan
[v4_hybrid gpu6] [plan iscas99__b21] [plan] step=254 node=__buf_split_20091 type=observe hybrid_pred=nan sequence=nan
[v4_hybrid gpu6] [plan iscas99__b21] [plan] step=255 node=__buf_split_20112 type=observe hybrid_pred=nan sequence=nan
[v4_hybrid gpu6] [plan iscas99__b21] [plan] step=256 node=N49273 type=observe hybrid_pred=nan sequence=nan
[v4_hybrid gpu6] [plan iscas99__b21] [plan] step=257 node=N49274 type=observe hybrid_pred=nan sequence=nan
[v4_hybrid gpu6] [plan iscas99__b21] [plan] step=258 node=N49276 type=observe hybrid_pred=nan sequence=nan
[v4_hybrid gpu6] [plan iscas99__b21] [plan] step=259 node=__buf_split_20107 type=observe hybrid_pred=nan sequence=nan
[v4_hybrid gpu6] [plan iscas99__b21] [plan] step=260 node=__buf_split_20088 type=observe hybrid_pred=nan sequence=nan
[v4_hybrid gpu6] [plan iscas99__b21] [plan] step=261 node=__buf_split_20110 type=observe hybrid_pred=nan sequence=nan
[v4_hybrid gpu6] [plan iscas99__b21] [plan] step=262 node=N27224 type=observe hybrid_pred=nan sequence=nan
[v4_hybrid gpu6] [plan iscas99__b21] [plan] step=263 node=__buf_split_20092 type=observe hybrid_pred=nan sequence=nan
[v4_hybrid gpu6] [plan iscas99__b21] [plan] step=264 node=__buf_split_20113 type=observe hybrid_pred=nan sequence=nan
[v4_hybrid gpu6] [plan iscas99__b21] [plan] step=265 node=N22686 type=observe hybrid_pred=nan sequence=nan
[v4_hybrid gpu6] [plan iscas99__b21] [plan] step=266 node=N14809 type=observe hybrid_pred=nan sequence=nan
[v4_hybrid gpu6] [plan iscas99__b21] [plan] step=267 node=__buf_split_20089 type=observe hybrid_pred=nan sequence=nan
[v4_hybrid gpu6] [plan iscas99__b21] [plan] step=268 node=N4945 type=control1 hybrid_pred=nan sequence=nan
[v4_hybrid gpu6] [plan iscas99__b21] [plan] step=269 node=__buf_split_20098 type=observe hybrid_pred=nan sequence=nan
[v4_hybrid gpu6] [plan iscas99__b21] [plan] step=270 node=__buf_split_20101 type=observe hybrid_pred=nan sequence=nan
[v4_hybrid gpu6] [plan iscas99__b21] [plan] step=271 node=__buf_split_20083 type=observe hybrid_pred=nan sequence=nan
[v4_hybrid gpu6] [plan iscas99__b21] [plan] step=272 node=N40933 type=control0 hybrid_pred=nan sequence=nan
[v4_hybrid gpu6] [plan iscas99__b21] [plan] step=273 node=N40933 type=control1 hybrid_pred=nan sequence=nan
[v4_hybrid gpu6] [plan iscas99__b21] [plan] step=274 node=N40961 type=control0 hybrid_pred=nan sequence=nan
[v4_hybrid gpu6] [plan iscas99__b21] [plan] step=275 node=N40961 type=control1 hybrid_pred=nan sequence=nan
[v4_hybrid gpu6] [plan iscas99__b21] [plan] step=276 node=N40837 type=control0 hybrid_pred=nan sequence=nan
[v4_hybrid gpu6] [plan iscas99__b21] [plan] step=277 node=N40837 type=control1 hybrid_pred=nan sequence=nan
[v4_hybrid gpu6] [plan iscas99__b21] [plan] step=278 node=N40909 type=control0 hybrid_pred=nan sequence=nan
[v4_hybrid gpu6] [plan iscas99__b21] [plan] step=279 node=N40909 type=control1 hybrid_pred=nan sequence=nan
[v4_hybrid gpu6] [plan iscas99__b21] [plan] step=280 node=N39469 type=control0 hybrid_pred=nan sequence=nan
[v4_hybrid gpu6] [plan iscas99__b21] [plan] step=281 node=N39469 type=control1 hybrid_pred=nan sequence=nan
[v4_hybrid gpu6] [plan iscas99__b21] [plan] step=282 node=N39436 type=control0 hybrid_pred=nan sequence=nan
[v4_hybrid gpu6] [plan iscas99__b21] [plan] step=283 node=N39436 type=control1 hybrid_pred=nan sequence=nan
[v4_hybrid gpu6] [plan iscas99__b21] [plan] step=284 node=N40890 type=control0 hybrid_pred=nan sequence=nan
[v4_hybrid gpu6] [plan iscas99__b21] [plan] step=285 node=N40890 type=control1 hybrid_pred=nan sequence=nan
[v4_hybrid gpu6] [plan iscas99__b21] [plan] step=286 node=N39572 type=control0 hybrid_pred=nan sequence=nan
[v4_hybrid gpu6] [plan iscas99__b21] [plan] step=287 node=N39572 type=control1 hybrid_pred=nan sequence=nan
[v4_hybrid gpu6] [plan iscas99__b21] [plan] step=288 node=N40952 type=control0 hybrid_pred=nan sequence=nan
[v4_hybrid gpu6] [plan iscas99__b21] [plan] step=289 node=N40952 type=control1 hybrid_pred=nan sequence=nan
[v4_hybrid gpu6] [plan iscas99__b21] [plan] step=290 node=N39494 type=control0 hybrid_pred=nan sequence=nan
[v4_hybrid gpu6] [plan iscas99__b21] [plan] step=291 node=N39494 type=control1 hybrid_pred=nan sequence=nan
[v4_hybrid gpu6] [plan iscas99__b21] [plan] step=292 node=N40862 type=control0 hybrid_pred=nan sequence=nan
[v4_hybrid gpu6] [plan iscas99__b21] [plan] step=293 node=N40862 type=control1 hybrid_pred=nan sequence=nan
[v4_hybrid gpu6] [plan iscas99__b21] [plan] step=294 node=N41205 type=control0 hybrid_pred=nan sequence=nan
[v4_hybrid gpu6] [plan iscas99__b21] [plan] step=295 node=N41205 type=control1 hybrid_pred=nan sequence=nan
[v4_hybrid gpu6] [plan iscas99__b21] [plan] step=296 node=N39515 type=control0 hybrid_pred=nan sequence=nan
[v4_hybrid gpu6] [plan iscas99__b21] [plan] step=297 node=N39515 type=control1 hybrid_pred=nan sequence=nan
[v4_hybrid gpu6] [plan iscas99__b21] [plan] step=298 node=N40918 type=control0 hybrid_pred=nan sequence=nan
[v4_hybrid gpu6] [plan iscas99__b21] [plan] step=299 node=N40918 type=control1 hybrid_pred=nan sequence=nan
[v4_hybrid gpu6] [plan iscas99__b21] [plan] step=300 node=N40938 type=control0 hybrid_pred=nan sequence=nan
[v4_hybrid gpu6] [plan iscas99__b21] [plan] step=301 node=N40938 type=control1 hybrid_pred=nan sequence=nan
[v4_hybrid gpu6] [plan iscas99__b21] [plan] step=302 node=N41170 type=control0 hybrid_pred=nan sequence=nan
[v4_hybrid gpu6] [plan iscas99__b21] [plan] step=303 node=N41170 type=control1 hybrid_pred=nan sequence=nan
[v4_hybrid gpu6] [plan iscas99__b21] [plan] step=304 node=N39446 type=control0 hybrid_pred=nan sequence=nan
[v4_hybrid gpu6] [plan iscas99__b21] [plan] step=305 node=N39446 type=control1 hybrid_pred=nan sequence=nan
[v4_hybrid gpu6] [plan iscas99__b21] [plan] step=306 node=N40847 type=control0 hybrid_pred=nan sequence=nan
[v4_hybrid gpu6] [plan iscas99__b21] [plan] step=307 node=N40847 type=control1 hybrid_pred=nan sequence=nan
[v4_hybrid gpu6] [plan iscas99__b21] [plan] step=308 node=N40871 type=control0 hybrid_pred=nan sequence=nan
[v4_hybrid gpu6] [plan iscas99__b21] [plan] step=309 node=N40871 type=control1 hybrid_pred=nan sequence=nan
[v4_hybrid gpu6] [plan iscas99__b21] [plan] step=310 node=N41166 type=control0 hybrid_pred=nan sequence=nan
[v4_hybrid gpu6] [plan iscas99__b21] [plan] step=311 node=N41166 type=control1 hybrid_pred=nan sequence=nan
[v4_hybrid gpu6] [plan iscas99__b21] [plan] step=312 node=N39546 type=control0 hybrid_pred=nan sequence=nan
[v4_hybrid gpu6] [plan iscas99__b21] [plan] step=313 node=N39546 type=control1 hybrid_pred=nan sequence=nan
[v4_hybrid gpu6] [plan iscas99__b21] [plan] step=314 node=N40895 type=control0 hybrid_pred=nan sequence=nan
[v4_hybrid gpu6] [plan iscas99__b21] [plan] step=315 node=N40895 type=control1 hybrid_pred=nan sequence=nan
[v4_hybrid gpu6] [plan iscas99__b21] [plan] step=316 node=N40112 type=control0 hybrid_pred=nan sequence=nan
[v4_hybrid gpu6] [plan iscas99__b21] [plan] step=317 node=N40112 type=control1 hybrid_pred=nan sequence=nan
[v4_hybrid gpu6] [plan iscas99__b21] [plan] step=318 node=N39465 type=control0 hybrid_pred=nan sequence=nan
[v4_hybrid gpu6] [plan iscas99__b21] [plan] step=319 node=N39465 type=control1 hybrid_pred=nan sequence=nan
[v4_hybrid gpu6] [plan iscas99__b21] [plan] step=320 node=N39485 type=control0 hybrid_pred=nan sequence=nan
[v4_hybrid gpu6] [plan iscas99__b21] [plan] step=321 node=N39485 type=control1 hybrid_pred=nan sequence=nan
[v4_hybrid gpu6] [plan iscas99__b21] [plan] step=322 node=__buf_split_20104 type=observe hybrid_pred=nan sequence=nan
[v4_hybrid gpu6] [plan iscas99__b21] [plan] step=323 node=N41162 type=control0 hybrid_pred=nan sequence=nan
[v4_hybrid gpu6] [plan iscas99__b21] [plan] step=324 node=N41162 type=control1 hybrid_pred=nan sequence=nan
[v4_hybrid gpu6] [plan iscas99__b21] [plan] step=325 node=N39669 type=control0 hybrid_pred=nan sequence=nan
[v4_hybrid gpu6] [plan iscas99__b21] [plan] step=326 node=N39669 type=control1 hybrid_pred=nan sequence=nan
[v4_hybrid gpu6] [plan iscas99__b21] [plan] step=327 node=N39688 type=control0 hybrid_pred=nan sequence=nan
[v4_hybrid gpu6] [plan iscas99__b21] [plan] step=328 node=N39688 type=control1 hybrid_pred=nan sequence=nan
[v4_hybrid gpu6] [plan iscas99__b21] [plan] step=329 node=N39705 type=control0 hybrid_pred=nan sequence=nan
[v4_hybrid gpu6] [plan iscas99__b21] [plan] step=330 node=N39705 type=control1 hybrid_pred=nan sequence=nan
[v4_hybrid gpu6] [plan iscas99__b21] [plan] step=331 node=N39724 type=control0 hybrid_pred=nan sequence=nan
[v4_hybrid gpu6] [plan iscas99__b21] [plan] step=332 node=N39724 type=control1 hybrid_pred=nan sequence=nan
[v4_hybrid gpu6] [plan iscas99__b21] [plan] step=333 node=N39742 type=control0 hybrid_pred=nan sequence=nan
[v4_hybrid gpu6] [plan iscas99__b21] [plan] step=334 node=N39742 type=control1 hybrid_pred=nan sequence=nan
[v4_hybrid gpu6] [plan iscas99__b21] [plan] step=335 node=N39761 type=control0 hybrid_pred=nan sequence=nan
[v4_hybrid gpu6] [plan iscas99__b21] [plan] step=336 node=N39761 type=control1 hybrid_pred=nan sequence=nan
[v4_hybrid gpu6] [plan iscas99__b21] [plan] step=337 node=N39779 type=control0 hybrid_pred=nan sequence=nan
[v4_hybrid gpu6] [plan iscas99__b21] [plan] step=338 node=N39779 type=control1 hybrid_pred=nan sequence=nan
[v4_hybrid gpu6] [plan iscas99__b21] [plan] step=339 node=N39797 type=control0 hybrid_pred=nan sequence=nan
[v4_hybrid gpu6] [plan iscas99__b21] [plan] step=340 node=N39797 type=control1 hybrid_pred=nan sequence=nan
[v4_hybrid gpu6] [plan iscas99__b21] [plan] step=341 node=N39814 type=control0 hybrid_pred=nan sequence=nan
[v4_hybrid gpu6] [plan iscas99__b21] [plan] step=342 node=N39814 type=control1 hybrid_pred=nan sequence=nan
[v4_hybrid gpu6] [plan iscas99__b21] [plan] step=343 node=N39832 type=control0 hybrid_pred=nan sequence=nan
[v4_hybrid gpu6] [plan iscas99__b21] [plan] step=344 node=N39832 type=control1 hybrid_pred=nan sequence=nan
[v4_hybrid gpu6] [plan iscas99__b21] [plan] step=345 node=N39850 type=control0 hybrid_pred=nan sequence=nan
[v4_hybrid gpu6] [plan iscas99__b21] [plan] step=346 node=N39850 type=control1 hybrid_pred=nan sequence=nan
[v4_hybrid gpu6] [plan iscas99__b21] [plan] step=347 node=N39868 type=control0 hybrid_pred=nan sequence=nan
[v4_hybrid gpu6] [plan iscas99__b21] [plan] step=348 node=N39868 type=control1 hybrid_pred=nan sequence=nan
[v4_hybrid gpu6] [plan iscas99__b21] [plan] step=349 node=N39885 type=control0 hybrid_pred=nan sequence=nan
[v4_hybrid gpu6] [plan iscas99__b21] [plan] step=350 node=N39885 type=control1 hybrid_pred=nan sequence=nan
[v4_hybrid gpu6] [plan iscas99__b21] [plan] step=351 node=N39904 type=control0 hybrid_pred=nan sequence=nan
[v4_hybrid gpu6] [plan iscas99__b21] [plan] step=352 node=N39904 type=control1 hybrid_pred=nan sequence=nan
[v4_hybrid gpu6] [plan iscas99__b21] [plan] step=353 node=N39921 type=control0 hybrid_pred=nan sequence=nan
[v4_hybrid gpu6] [plan iscas99__b21] [plan] step=354 node=N39921 type=control1 hybrid_pred=nan sequence=nan
[v4_hybrid gpu6] [plan iscas99__b21] [plan] step=355 node=N39938 type=control0 hybrid_pred=nan sequence=nan
[v4_hybrid gpu6] [plan iscas99__b21] [plan] step=356 node=N39938 type=control1 hybrid_pred=nan sequence=nan
[v4_hybrid gpu6] [plan iscas99__b21] [plan] step=357 node=N39954 type=control0 hybrid_pred=nan sequence=nan
[v4_hybrid gpu6] [plan iscas99__b21] [plan] step=358 node=N39954 type=control1 hybrid_pred=nan sequence=nan
[v4_hybrid gpu6] [plan iscas99__b21] [plan] step=359 node=N39972 type=control0 hybrid_pred=nan sequence=nan
[v4_hybrid gpu6] [plan iscas99__b21] [plan] step=360 node=N39972 type=control1 hybrid_pred=nan sequence=nan
[v4_hybrid gpu6] [plan iscas99__b21] [plan] step=361 node=N39988 type=control0 hybrid_pred=nan sequence=nan
[v4_hybrid gpu6] [plan iscas99__b21] [plan] step=362 node=N39988 type=control1 hybrid_pred=nan sequence=nan
[v4_hybrid gpu6] [plan iscas99__b21] [plan] step=363 node=N40004 type=control0 hybrid_pred=nan sequence=nan
[v4_hybrid gpu6] [plan iscas99__b21] [plan] step=364 node=N40004 type=control1 hybrid_pred=nan sequence=nan
[v4_hybrid gpu6] [plan iscas99__b21] [plan] step=365 node=N40019 type=control0 hybrid_pred=nan sequence=nan
[v4_hybrid gpu6] [plan iscas99__b21] [plan] step=366 node=N40019 type=control1 hybrid_pred=nan sequence=nan
[v4_hybrid gpu6] [plan iscas99__b21] [plan] step=367 node=N40034 type=control0 hybrid_pred=nan sequence=nan
[v4_hybrid gpu6] [plan iscas99__b21] [plan] step=368 node=N40034 type=control1 hybrid_pred=nan sequence=nan
[v4_hybrid gpu6] [plan iscas99__b21] [plan] step=369 node=N40047 type=control0 hybrid_pred=nan sequence=nan
[v4_hybrid gpu6] [plan iscas99__b21] [plan] step=370 node=N40047 type=control1 hybrid_pred=nan sequence=nan
[v4_hybrid gpu6] [plan iscas99__b21] [plan] step=371 node=N40058 type=control0 hybrid_pred=nan sequence=nan
[v4_hybrid gpu6] [plan iscas99__b21] [plan] step=372 node=N40058 type=control1 hybrid_pred=nan sequence=nan
[v4_hybrid gpu6] [plan iscas99__b21] [plan] step=373 node=N40069 type=control0 hybrid_pred=nan sequence=nan
[v4_hybrid gpu6] [plan iscas99__b21] [plan] step=374 node=N40069 type=control1 hybrid_pred=nan sequence=nan
[v4_hybrid gpu6] [plan iscas99__b21] [plan] step=375 node=N40080 type=control0 hybrid_pred=nan sequence=nan
[v4_hybrid gpu6] [plan iscas99__b21] [plan] step=376 node=N40080 type=control1 hybrid_pred=nan sequence=nan
[v4_hybrid gpu6] [plan iscas99__b21] [plan] step=377 node=N40089 type=control0 hybrid_pred=nan sequence=nan
[v4_hybrid gpu6] [plan iscas99__b21] [plan] step=378 node=N40089 type=control1 hybrid_pred=nan sequence=nan
[v4_hybrid gpu6] [plan iscas99__b21] [plan] step=379 node=N40098 type=control0 hybrid_pred=nan sequence=nan
[v4_hybrid gpu6] [plan iscas99__b21] [plan] step=380 node=N40098 type=control1 hybrid_pred=nan sequence=nan
[v4_hybrid gpu6] [plan iscas99__b21] [plan] step=381 node=N40104 type=control0 hybrid_pred=nan sequence=nan
[v4_hybrid gpu6] [plan iscas99__b21] [plan] step=382 node=N40104 type=control1 hybrid_pred=nan sequence=nan
[v4_hybrid gpu6] [plan iscas99__b21] [plan] step=383 node=N40109 type=control0 hybrid_pred=nan sequence=nan
[v4_hybrid gpu6] [plan iscas99__b21] [plan] step=384 node=N40109 type=control1 hybrid_pred=nan sequence=nan
[v4_hybrid gpu6] [plan iscas99__b21] [plan] step=385 node=N39537 type=control0 hybrid_pred=nan sequence=nan
[v4_hybrid gpu6] [plan iscas99__b21] [plan] step=386 node=N39537 type=control1 hybrid_pred=nan sequence=nan
[v4_hybrid gpu6] [plan iscas99__b21] [plan] step=387 node=N39562 type=control0 hybrid_pred=nan sequence=nan
[v4_hybrid gpu6] [plan iscas99__b21] [plan] step=388 node=N39562 type=control1 hybrid_pred=nan sequence=nan
[v4_hybrid gpu6] [plan iscas99__b21] [plan] step=389 node=N39671 type=control0 hybrid_pred=nan sequence=nan
[v4_hybrid gpu6] [plan iscas99__b21] [plan] step=390 node=N39671 type=control1 hybrid_pred=nan sequence=nan
[v4_hybrid gpu6] [plan iscas99__b21] [plan] step=391 node=N39690 type=control0 hybrid_pred=nan sequence=nan
[v4_hybrid gpu6] [plan iscas99__b21] [plan] step=392 node=N39690 type=control1 hybrid_pred=nan sequence=nan
[v4_hybrid gpu6] [plan iscas99__b21] [plan] step=393 node=N39707 type=control0 hybrid_pred=nan sequence=nan
[v4_hybrid gpu6] [plan iscas99__b21] [plan] step=394 node=N39707 type=control1 hybrid_pred=nan sequence=nan
[v4_hybrid gpu6] [plan iscas99__b21] [plan] step=395 node=N39726 type=control0 hybrid_pred=nan sequence=nan
[v4_hybrid gpu6] [plan iscas99__b21] [plan] step=396 node=N39726 type=control1 hybrid_pred=nan sequence=nan
[v4_hybrid gpu6] [plan iscas99__b21] [plan] step=397 node=N39744 type=control0 hybrid_pred=nan sequence=nan
[v4_hybrid gpu6] [plan iscas99__b21] [plan] step=398 node=N39744 type=control1 hybrid_pred=nan sequence=nan
[v4_hybrid gpu6] [plan iscas99__b21] [plan] step=399 node=N39763 type=control0 hybrid_pred=nan sequence=nan
[v4_hybrid gpu6] [plan iscas99__b21] [plan] step=400 node=N39763 type=control1 hybrid_pred=nan sequence=nan
[v4_hybrid gpu6] [plan iscas99__b21] [plan] step=401 node=N39781 type=control0 hybrid_pred=nan sequence=nan
[v4_hybrid gpu6] [plan iscas99__b21] [plan] step=402 node=N39781 type=control1 hybrid_pred=nan sequence=nan
[v4_hybrid gpu6] [plan iscas99__b21] [plan] step=403 node=N39799 type=control0 hybrid_pred=nan sequence=nan
[v4_hybrid gpu6] [plan iscas99__b21] [plan] step=404 node=N39799 type=control1 hybrid_pred=nan sequence=nan
[v4_hybrid gpu6] [plan iscas99__b21] [plan] step=405 node=N39816 type=control0 hybrid_pred=nan sequence=nan
[v4_hybrid gpu6] [plan iscas99__b21] [plan] step=406 node=N39816 type=control1 hybrid_pred=nan sequence=nan
[v4_hybrid gpu6] [plan iscas99__b21] [plan] step=407 node=N39834 type=control0 hybrid_pred=nan sequence=nan
[v4_hybrid gpu6] [plan iscas99__b21] [plan] step=408 node=N39834 type=control1 hybrid_pred=nan sequence=nan
[v4_hybrid gpu6] [plan iscas99__b21] [plan] step=409 node=N39852 type=control0 hybrid_pred=nan sequence=nan
[v4_hybrid gpu6] [plan iscas99__b21] [plan] step=410 node=N39852 type=control1 hybrid_pred=nan sequence=nan
[v4_hybrid gpu6] [plan iscas99__b21] [plan] step=411 node=N39870 type=control0 hybrid_pred=nan sequence=nan
[v4_hybrid gpu6] [plan iscas99__b21] [plan] step=412 node=N39870 type=control1 hybrid_pred=nan sequence=nan
[v4_hybrid gpu6] [plan iscas99__b21] [plan] step=413 node=N39887 type=control0 hybrid_pred=nan sequence=nan
[v4_hybrid gpu6] [plan iscas99__b21] [plan] step=414 node=N39887 type=control1 hybrid_pred=nan sequence=nan
[v4_hybrid gpu6] [plan iscas99__b21] [plan] step=415 node=N39906 type=control0 hybrid_pred=nan sequence=nan
[v4_hybrid gpu6] [plan iscas99__b21] [plan] step=416 node=N39906 type=control1 hybrid_pred=nan sequence=nan
[v4_hybrid gpu6] [plan iscas99__b21] [plan] step=417 node=N39923 type=control0 hybrid_pred=nan sequence=nan
[v4_hybrid gpu6] [plan iscas99__b21] [plan] step=418 node=N39923 type=control1 hybrid_pred=nan sequence=nan
[v4_hybrid gpu6] [plan iscas99__b21] [plan] step=419 node=N39940 type=control0 hybrid_pred=nan sequence=nan
[v4_hybrid gpu6] [plan iscas99__b21] [plan] step=420 node=N39940 type=control1 hybrid_pred=nan sequence=nan
[v4_hybrid gpu6] [plan iscas99__b21] [plan] step=421 node=N39956 type=control0 hybrid_pred=nan sequence=nan
[v4_hybrid gpu6] [plan iscas99__b21] [plan] step=422 node=N39956 type=control1 hybrid_pred=nan sequence=nan
[v4_hybrid gpu6] [plan iscas99__b21] [plan] step=423 node=N39974 type=control0 hybrid_pred=nan sequence=nan
[v4_hybrid gpu6] [plan iscas99__b21] [plan] step=424 node=N39974 type=control1 hybrid_pred=nan sequence=nan
[v4_hybrid gpu6] [plan iscas99__b21] [plan] step=425 node=N39990 type=control0 hybrid_pred=nan sequence=nan
[v4_hybrid gpu6] [plan iscas99__b21] [plan] step=426 node=N39990 type=control1 hybrid_pred=nan sequence=nan
[v4_hybrid gpu6] [plan iscas99__b21] [plan] step=427 node=N40006 type=control0 hybrid_pred=nan sequence=nan
[v4_hybrid gpu6] [plan iscas99__b21] [plan] step=428 node=N40006 type=control1 hybrid_pred=nan sequence=nan
[v4_hybrid gpu6] [plan iscas99__b21] [plan] step=429 node=N40021 type=control0 hybrid_pred=nan sequence=nan
[v4_hybrid gpu6] [plan iscas99__b21] [plan] step=430 node=N40021 type=control1 hybrid_pred=nan sequence=nan
[v4_hybrid gpu6] [plan iscas99__b21] [plan] step=431 node=N40036 type=control0 hybrid_pred=nan sequence=nan
[v4_hybrid gpu6] [plan iscas99__b21] [plan] step=432 node=N40036 type=control1 hybrid_pred=nan sequence=nan
[v4_hybrid gpu6] [plan iscas99__b21] [plan] step=433 node=N40049 type=control0 hybrid_pred=nan sequence=nan
[v4_hybrid gpu6] [plan iscas99__b21] [plan] step=434 node=N40049 type=control1 hybrid_pred=nan sequence=nan
[v4_hybrid gpu6] [plan iscas99__b21] [plan] step=435 node=N40060 type=control0 hybrid_pred=nan sequence=nan
[v4_hybrid gpu6] [plan iscas99__b21] [plan] step=436 node=N40060 type=control1 hybrid_pred=nan sequence=nan
[v4_hybrid gpu6] [plan iscas99__b21] [plan] step=437 node=N40071 type=control0 hybrid_pred=nan sequence=nan
[v4_hybrid gpu6] [plan iscas99__b21] [plan] step=438 node=N40071 type=control1 hybrid_pred=nan sequence=nan
[v4_hybrid gpu6] [plan iscas99__b21] [plan] step=439 node=N40082 type=control0 hybrid_pred=nan sequence=nan
[v4_hybrid gpu6] [plan iscas99__b21] [plan] step=440 node=N40082 type=control1 hybrid_pred=nan sequence=nan
[v4_hybrid gpu6] [plan iscas99__b21] [plan] step=441 node=N40091 type=control0 hybrid_pred=nan sequence=nan
[v4_hybrid gpu6] [plan iscas99__b21] [plan] step=442 node=N40091 type=control1 hybrid_pred=nan sequence=nan
[v4_hybrid gpu6] [plan iscas99__b21] [plan] step=443 node=N40100 type=control0 hybrid_pred=nan sequence=nan
[v4_hybrid gpu6] [plan iscas99__b21] [plan] step=444 node=N40100 type=control1 hybrid_pred=nan sequence=nan
[v4_hybrid gpu6] [plan iscas99__b21] [plan] step=445 node=N39670 type=control0 hybrid_pred=nan sequence=nan
[v4_hybrid gpu6] [plan iscas99__b21] [plan] step=446 node=N39670 type=control1 hybrid_pred=nan sequence=nan
[v4_hybrid gpu6] [plan iscas99__b21] [plan] step=447 node=N39689 type=control0 hybrid_pred=nan sequence=nan
[v4_hybrid gpu6] [plan iscas99__b21] [plan] step=448 node=N39689 type=control1 hybrid_pred=nan sequence=nan
[v4_hybrid gpu6] [plan iscas99__b21] [plan] step=449 node=N39706 type=control0 hybrid_pred=nan sequence=nan
[v4_hybrid gpu6] [plan iscas99__b21] [plan] step=450 node=N39706 type=control1 hybrid_pred=nan sequence=nan
[v4_hybrid gpu6] [plan iscas99__b21] [plan] step=451 node=N39725 type=control0 hybrid_pred=nan sequence=nan
[v4_hybrid gpu6] [plan iscas99__b21] [plan] step=452 node=N39725 type=control1 hybrid_pred=nan sequence=nan
[v4_hybrid gpu6] [plan iscas99__b21] [plan] step=453 node=N39743 type=control0 hybrid_pred=nan sequence=nan
[v4_hybrid gpu6] [plan iscas99__b21] [plan] step=454 node=N39743 type=control1 hybrid_pred=nan sequence=nan
[v4_hybrid gpu6] [plan iscas99__b21] [plan] step=455 node=N39762 type=control0 hybrid_pred=nan sequence=nan
[v4_hybrid gpu6] [plan iscas99__b21] [plan] step=456 node=N39762 type=control1 hybrid_pred=nan sequence=nan
[v4_hybrid gpu6] [plan iscas99__b21] [plan] step=457 node=N39780 type=control0 hybrid_pred=nan sequence=nan
[v4_hybrid gpu6] [plan iscas99__b21] [plan] step=458 node=N39780 type=control1 hybrid_pred=nan sequence=nan
[v4_hybrid gpu6] [plan iscas99__b21] [plan] step=459 node=N39798 type=control0 hybrid_pred=nan sequence=nan
[v4_hybrid gpu6] [plan iscas99__b21] [plan] step=460 node=N39798 type=control1 hybrid_pred=nan sequence=nan
[v4_hybrid gpu6] [plan iscas99__b21] [plan] step=461 node=N39815 type=control0 hybrid_pred=nan sequence=nan
[v4_hybrid gpu6] [plan iscas99__b21] [plan] step=462 node=N39815 type=control1 hybrid_pred=nan sequence=nan
[v4_hybrid gpu6] [plan iscas99__b21] [plan] step=463 node=N39833 type=control0 hybrid_pred=nan sequence=nan
[v4_hybrid gpu6] [plan iscas99__b21] [plan] step=464 node=N39833 type=control1 hybrid_pred=nan sequence=nan
[v4_hybrid gpu6] [plan iscas99__b21] [plan] step=465 node=N39851 type=control0 hybrid_pred=nan sequence=nan
[v4_hybrid gpu6] [plan iscas99__b21] [plan] step=466 node=N39851 type=control1 hybrid_pred=nan sequence=nan
[v4_hybrid gpu6] [plan iscas99__b21] [plan] step=467 node=N39869 type=control0 hybrid_pred=nan sequence=nan
[v4_hybrid gpu6] [plan iscas99__b21] [plan] step=468 node=N39869 type=control1 hybrid_pred=nan sequence=nan
[v4_hybrid gpu6] [plan iscas99__b21] [plan] step=469 node=N39886 type=control0 hybrid_pred=nan sequence=nan
[v4_hybrid gpu6] [plan iscas99__b21] [plan] step=470 node=N39886 type=control1 hybrid_pred=nan sequence=nan
[v4_hybrid gpu6] [plan iscas99__b21] [plan] step=471 node=N39905 type=control0 hybrid_pred=nan sequence=nan
[v4_hybrid gpu6] [plan iscas99__b21] [plan] step=472 node=N39905 type=control1 hybrid_pred=nan sequence=nan
[v4_hybrid gpu6] [plan iscas99__b21] [plan] step=473 node=N39922 type=control0 hybrid_pred=nan sequence=nan
[v4_hybrid gpu6] [plan iscas99__b21] [plan] step=474 node=N39922 type=control1 hybrid_pred=nan sequence=nan
[v4_hybrid gpu6] [plan iscas99__b21] [plan] step=475 node=N39939 type=control0 hybrid_pred=nan sequence=nan
[v4_hybrid gpu6] [plan iscas99__b21] [plan] step=476 node=N39939 type=control1 hybrid_pred=nan sequence=nan
[v4_hybrid gpu6] [plan iscas99__b21] [plan] step=477 node=N39955 type=control0 hybrid_pred=nan sequence=nan
[v4_hybrid gpu6] [plan iscas99__b21] [plan] step=478 node=N39955 type=control1 hybrid_pred=nan sequence=nan
[v4_hybrid gpu6] [plan iscas99__b21] [plan] step=479 node=N39973 type=control0 hybrid_pred=nan sequence=nan
[v4_hybrid gpu6] [plan iscas99__b21] [plan] step=480 node=N39973 type=control1 hybrid_pred=nan sequence=nan
[v4_hybrid gpu6] [plan iscas99__b21] [plan] step=481 node=N39989 type=control0 hybrid_pred=nan sequence=nan
[v4_hybrid gpu6] [plan iscas99__b21] [plan] step=482 node=N39989 type=control1 hybrid_pred=nan sequence=nan
[v4_hybrid gpu6] [plan iscas99__b21] [plan] step=483 node=N40005 type=control0 hybrid_pred=nan sequence=nan
[v4_hybrid gpu6] [plan iscas99__b21] [plan] step=484 node=N40005 type=control1 hybrid_pred=nan sequence=nan
[v4_hybrid gpu6] [plan iscas99__b21] [plan] step=485 node=N40020 type=control0 hybrid_pred=nan sequence=nan
[v4_hybrid gpu6] [plan iscas99__b21] [plan] step=486 node=N40020 type=control1 hybrid_pred=nan sequence=nan
[v4_hybrid gpu6] [plan iscas99__b21] [plan] step=487 node=N40035 type=control0 hybrid_pred=nan sequence=nan
[v4_hybrid gpu6] [plan iscas99__b21] [plan] step=488 node=N40035 type=control1 hybrid_pred=nan sequence=nan
[v4_hybrid gpu6] [plan iscas99__b21] [plan] step=489 node=N40048 type=control0 hybrid_pred=nan sequence=nan
[v4_hybrid gpu6] [plan iscas99__b21] [plan] step=490 node=N40048 type=control1 hybrid_pred=nan sequence=nan
[v4_hybrid gpu6] [plan iscas99__b21] [plan] step=491 node=N40059 type=control0 hybrid_pred=nan sequence=nan
[v4_hybrid gpu6] [plan iscas99__b21] [plan] step=492 node=N40059 type=control1 hybrid_pred=nan sequence=nan
[v4_hybrid gpu6] [plan iscas99__b21] [plan] step=493 node=N40070 type=control0 hybrid_pred=nan sequence=nan
[v4_hybrid gpu6] [plan iscas99__b21] [plan] step=494 node=N40070 type=control1 hybrid_pred=nan sequence=nan
[v4_hybrid gpu6] [plan iscas99__b21] [plan] step=495 node=N40081 type=control0 hybrid_pred=nan sequence=nan
[v4_hybrid gpu6] [plan iscas99__b21] [plan] step=496 node=N40081 type=control1 hybrid_pred=nan sequence=nan
[v4_hybrid gpu6] [plan iscas99__b21] [plan] step=497 node=N40090 type=control0 hybrid_pred=nan sequence=nan
[v4_hybrid gpu6] [plan iscas99__b21] [plan] step=498 node=N40090 type=control1 hybrid_pred=nan sequence=nan
[v4_hybrid gpu6] [plan iscas99__b21] [plan] step=499 node=N40099 type=control0 hybrid_pred=nan sequence=nan
[v4_hybrid gpu6] [plan iscas99__b21] [plan] step=500 node=N40099 type=control1 hybrid_pred=nan sequence=nan
[v4_hybrid gpu6] [plan iscas99__b21] [plan] step=501 node=N40105 type=control0 hybrid_pred=nan sequence=nan
[v4_hybrid gpu6] [plan iscas99__b21] [plan] step=502 node=N40105 type=control1 hybrid_pred=nan sequence=nan
[v4_hybrid gpu6] [plan iscas99__b21] [plan] step=503 node=N41157 type=control0 hybrid_pred=nan sequence=nan
[v4_hybrid gpu6] [plan iscas99__b21] [plan] step=504 node=N41157 type=control1 hybrid_pred=nan sequence=nan
[v4_hybrid gpu6] [plan iscas99__b21] [plan] step=505 node=N41146 type=control0 hybrid_pred=nan sequence=nan
[v4_hybrid gpu6] [plan iscas99__b21] [plan] step=506 node=N41146 type=control1 hybrid_pred=nan sequence=nan
[v4_hybrid gpu6] [plan iscas99__b21] [plan] step=507 node=N41152 type=control0 hybrid_pred=nan sequence=nan
[v4_hybrid gpu6] [plan iscas99__b21] [plan] step=508 node=N41152 type=control1 hybrid_pred=nan sequence=nan
[v4_hybrid gpu6] [plan iscas99__b21] [plan] step=509 node=N39511 type=control0 hybrid_pred=nan sequence=nan
[v4_hybrid gpu6] [plan iscas99__b21] [plan] step=510 node=N39511 type=control1 hybrid_pred=nan sequence=nan
[v4_hybrid gpu6] [plan iscas99__b21] [plan] step=511 node=N41147 type=control0 hybrid_pred=nan sequence=nan
[v4_hybrid gpu6] [plan iscas99__b21] [plan] step=512 node=N41147 type=control1 hybrid_pred=nan sequence=nan
[v4_hybrid gpu6] [plan iscas99__b21] [plan] step=513 node=N39853 type=control0 hybrid_pred=nan sequence=nan
[v4_hybrid gpu6] [plan iscas99__b21] [plan] step=514 node=N39853 type=control1 hybrid_pred=nan sequence=nan
[v4_hybrid gpu6] [plan iscas99__b21] [plan] step=515 node=N39871 type=control0 hybrid_pred=nan sequence=nan
[v4_hybrid gpu6] [plan iscas99__b21] [plan] step=516 node=N39871 type=control1 hybrid_pred=nan sequence=nan
[v4_hybrid gpu6] [plan iscas99__b21] [plan] step=517 node=N39888 type=control0 hybrid_pred=nan sequence=nan
[v4_hybrid gpu6] [plan iscas99__b21] [plan] step=518 node=N39888 type=control1 hybrid_pred=nan sequence=nan
[v4_hybrid gpu6] [plan iscas99__b21] [plan] step=519 node=N39907 type=control0 hybrid_pred=nan sequence=nan
[v4_hybrid gpu6] [plan iscas99__b21] [plan] step=520 node=N39907 type=control1 hybrid_pred=nan sequence=nan
[v4_hybrid gpu6] [plan iscas99__b21] [plan] step=521 node=N39924 type=control0 hybrid_pred=nan sequence=nan
[v4_hybrid gpu6] [plan iscas99__b21] [plan] step=522 node=N39924 type=control1 hybrid_pred=nan sequence=nan
[v4_hybrid gpu6] [plan iscas99__b21] [plan] step=523 node=N39941 type=control0 hybrid_pred=nan sequence=nan
[v4_hybrid gpu6] [plan iscas99__b21] [plan] step=524 node=N39941 type=control1 hybrid_pred=nan sequence=nan
[v4_hybrid gpu6] [plan iscas99__b21] [plan] step=525 node=N39957 type=control0 hybrid_pred=nan sequence=nan
[v4_hybrid gpu6] [plan iscas99__b21] [plan] step=526 node=N39957 type=control1 hybrid_pred=nan sequence=nan
[v4_hybrid gpu6] [plan iscas99__b21] [plan] step=527 node=N39499 type=control0 hybrid_pred=nan sequence=nan
[v4_hybrid gpu6] [plan iscas99__b21] [plan] step=528 node=N39499 type=control1 hybrid_pred=nan sequence=nan
[v4_hybrid gpu6] [plan iscas99__b21] [plan] step=529 node=N40078 type=control0 hybrid_pred=nan sequence=nan
[v4_hybrid gpu6] [plan iscas99__b21] [plan] step=530 node=N40078 type=control1 hybrid_pred=nan sequence=nan
[v4_hybrid gpu6] [plan iscas99__b21] [plan] step=531 node=__buf_split_20105 type=observe hybrid_pred=nan sequence=nan
[v4_hybrid gpu6] [plan iscas99__b21] [plan] step=532 node=N41141 type=control0 hybrid_pred=nan sequence=nan
[v4_hybrid gpu6] [plan iscas99__b21] [plan] step=533 node=N41141 type=control1 hybrid_pred=nan sequence=nan
[v4_hybrid gpu6] [plan iscas99__b21] [plan] step=534 node=__buf_split_20108 type=observe hybrid_pred=nan sequence=nan
[v4_hybrid gpu6] [plan iscas99__b21] [plan] step=535 node=N41136 type=control0 hybrid_pred=nan sequence=nan
[v4_hybrid gpu6] [plan iscas99__b21] [plan] step=536 node=N41136 type=control1 hybrid_pred=nan sequence=nan
[v4_hybrid gpu6] [plan iscas99__b21] [plan] step=537 node=N41093 type=control0 hybrid_pred=nan sequence=nan
[v4_hybrid gpu6] [plan iscas99__b21] [plan] step=538 node=N41093 type=control1 hybrid_pred=nan sequence=nan
[v4_hybrid gpu6] [plan iscas99__b21] [plan] step=539 node=N41102 type=control0 hybrid_pred=nan sequence=nan
[v4_hybrid gpu6] [plan iscas99__b21] [plan] step=540 node=N41102 type=control1 hybrid_pred=nan sequence=nan
[v4_hybrid gpu6] [plan iscas99__b21] [plan] step=541 node=N41110 type=control0 hybrid_pred=nan sequence=nan
[v4_hybrid gpu6] [plan iscas99__b21] [plan] step=542 node=N41110 type=control1 hybrid_pred=nan sequence=nan
[v4_hybrid gpu6] [plan iscas99__b21] [plan] step=543 node=N41117 type=control0 hybrid_pred=nan sequence=nan
[v4_hybrid gpu6] [plan iscas99__b21] [plan] step=544 node=N41117 type=control1 hybrid_pred=nan sequence=nan
[v4_hybrid gpu6] [plan iscas99__b21] [plan] step=545 node=N41124 type=control0 hybrid_pred=nan sequence=nan
[v4_hybrid gpu6] [plan iscas99__b21] [plan] step=546 node=N41124 type=control1 hybrid_pred=nan sequence=nan
[v4_hybrid gpu6] [plan iscas99__b21] [plan] step=547 node=N41130 type=control0 hybrid_pred=nan sequence=nan
[v4_hybrid gpu6] [plan iscas99__b21] [plan] step=548 node=N41130 type=control1 hybrid_pred=nan sequence=nan
[v4_hybrid gpu6] [plan iscas99__b21] [plan] step=549 node=N39969 type=control0 hybrid_pred=nan sequence=nan
[v4_hybrid gpu6] [plan iscas99__b21] [plan] step=550 node=N39969 type=control1 hybrid_pred=nan sequence=nan
[v4_hybrid gpu6] [plan iscas99__b21] [plan] step=551 node=N39986 type=control0 hybrid_pred=nan sequence=nan
[v4_hybrid gpu6] [plan iscas99__b21] [plan] step=552 node=N39986 type=control1 hybrid_pred=nan sequence=nan
[v4_hybrid gpu6] [plan iscas99__b21] [plan] step=553 node=N40002 type=control0 hybrid_pred=nan sequence=nan
[v4_hybrid gpu6] [plan iscas99__b21] [plan] step=554 node=N40002 type=control1 hybrid_pred=nan sequence=nan
[v4_hybrid gpu6] [plan iscas99__b21] [plan] step=555 node=N40017 type=control0 hybrid_pred=nan sequence=nan
[v4_hybrid gpu6] [plan iscas99__b21] [plan] step=556 node=N40017 type=control1 hybrid_pred=nan sequence=nan
[v4_hybrid gpu6] [plan iscas99__b21] [plan] step=557 node=N40031 type=control0 hybrid_pred=nan sequence=nan
[v4_hybrid gpu6] [plan iscas99__b21] [plan] step=558 node=N40031 type=control1 hybrid_pred=nan sequence=nan
[v4_hybrid gpu6] [plan iscas99__b21] [plan] step=559 node=N40045 type=control0 hybrid_pred=nan sequence=nan
[v4_hybrid gpu6] [plan iscas99__b21] [plan] step=560 node=N40045 type=control1 hybrid_pred=nan sequence=nan
[v4_hybrid gpu6] [plan iscas99__b21] [plan] step=561 node=__buf_split_20090 type=observe hybrid_pred=nan sequence=nan
[v4_hybrid gpu6] [plan iscas99__b21] [plan] step=562 node=__buf_split_20111 type=observe hybrid_pred=nan sequence=nan
[v4_hybrid gpu6] [plan iscas99__b21] [plan] step=563 node=N41123 type=control0 hybrid_pred=nan sequence=nan
[v4_hybrid gpu6] [plan iscas99__b21] [plan] step=564 node=N41123 type=control1 hybrid_pred=nan sequence=nan
[v4_hybrid gpu6] [plan iscas99__b21] [plan] step=565 node=N40032 type=control0 hybrid_pred=nan sequence=nan
[v4_hybrid gpu6] [plan iscas99__b21] [plan] step=566 node=N40032 type=control1 hybrid_pred=nan sequence=nan
[v4_hybrid gpu6] [plan iscas99__b21] [plan] step=567 node=__buf_split_20097 type=observe hybrid_pred=nan sequence=nan
[v4_hybrid gpu6] [plan iscas99__b21] [plan] step=568 node=__buf_split_20100 type=observe hybrid_pred=nan sequence=nan
[v4_hybrid gpu6] [plan iscas99__b21] [plan] step=569 node=N49268 type=observe hybrid_pred=nan sequence=nan
[v4_hybrid gpu6] [plan iscas99__b21] [plan] step=570 node=N41095 type=control0 hybrid_pred=nan sequence=nan
[v4_hybrid gpu6] [plan iscas99__b21] [plan] step=571 node=N41095 type=control1 hybrid_pred=nan sequence=nan
[v4_hybrid gpu6] [plan iscas99__b21] [plan] step=572 node=N41094 type=control0 hybrid_pred=nan sequence=nan
[v4_hybrid gpu6] [plan iscas99__b21] [plan] step=573 node=N41094 type=control1 hybrid_pred=nan sequence=nan
[v4_hybrid gpu6] [plan iscas99__b21] [plan] step=574 node=N41103 type=control0 hybrid_pred=nan sequence=nan
[v4_hybrid gpu6] [plan iscas99__b21] [plan] step=575 node=N41103 type=control1 hybrid_pred=nan sequence=nan
[v4_hybrid gpu6] [plan iscas99__b21] [plan] step=576 node=N39970 type=control0 hybrid_pred=nan sequence=nan
[v4_hybrid gpu6] [plan iscas99__b21] [plan] step=577 node=N39970 type=control1 hybrid_pred=nan sequence=nan
[v4_hybrid gpu6] [plan iscas99__b21] [plan] step=578 node=N41082 type=control0 hybrid_pred=nan sequence=nan
[v4_hybrid gpu6] [plan iscas99__b21] [plan] step=579 node=N41082 type=control1 hybrid_pred=nan sequence=nan
[v4_hybrid gpu6] [plan iscas99__b21] [plan] step=580 node=N41088 type=control0 hybrid_pred=nan sequence=nan
[v4_hybrid gpu6] [plan iscas99__b21] [plan] step=581 node=N41088 type=control1 hybrid_pred=nan sequence=nan
[v4_hybrid gpu6] [plan iscas99__b21] [plan] step=582 node=N39936 type=control0 hybrid_pred=nan sequence=nan
[v4_hybrid gpu6] [plan iscas99__b21] [plan] step=583 node=N39936 type=control1 hybrid_pred=nan sequence=nan
[v4_hybrid gpu6] [plan iscas99__b21] [plan] step=584 node=N41069 type=control0 hybrid_pred=nan sequence=nan
[v4_hybrid gpu6] [plan iscas99__b21] [plan] step=585 node=N41069 type=control1 hybrid_pred=nan sequence=nan
[v4_hybrid gpu6] [plan iscas99__b21] [plan] step=586 node=N41076 type=control0 hybrid_pred=nan sequence=nan
[v4_hybrid gpu6] [plan iscas99__b21] [plan] step=587 node=N41076 type=control1 hybrid_pred=nan sequence=nan
[v4_hybrid gpu6] [plan iscas99__b21] [plan] step=588 node=N41070 type=control0 hybrid_pred=nan sequence=nan
[v4_hybrid gpu6] [plan iscas99__b21] [plan] step=589 node=N41070 type=control1 hybrid_pred=nan sequence=nan
[v4_hybrid gpu6] [plan iscas99__b21] [plan] step=590 node=N39901 type=control0 hybrid_pred=nan sequence=nan
[v4_hybrid gpu6] [plan iscas99__b21] [plan] step=591 node=N39901 type=control1 hybrid_pred=nan sequence=nan
[v4_hybrid gpu6] [plan iscas99__b21] [plan] step=592 node=N39919 type=control0 hybrid_pred=nan sequence=nan
[v4_hybrid gpu6] [plan iscas99__b21] [plan] step=593 node=N39919 type=control1 hybrid_pred=nan sequence=nan
[v4_hybrid gpu6] [plan iscas99__b21] [plan] step=594 node=N22409 type=observe hybrid_pred=nan sequence=nan
[v4_hybrid gpu6] [plan iscas99__b21] [plan] step=595 node=N22412 type=observe hybrid_pred=nan sequence=nan
[v4_hybrid gpu6] [plan iscas99__b21] [plan] step=596 node=N22415 type=observe hybrid_pred=nan sequence=nan
[v4_hybrid gpu6] [plan iscas99__b21] [plan] step=597 node=N22418 type=observe hybrid_pred=nan sequence=nan
[v4_hybrid gpu6] [plan iscas99__b21] [plan] step=598 node=N22422 type=observe hybrid_pred=nan sequence=nan
[v4_hybrid gpu6] [plan iscas99__b21] [plan] step=599 node=N22425 type=observe hybrid_pred=nan sequence=nan
[v4_hybrid gpu6] [plan iscas99__b21] [plan] step=600 node=N22428 type=observe hybrid_pred=nan sequence=nan
[v4_hybrid gpu6] [plan iscas99__b21] [plan] step=601 node=N22431 type=observe hybrid_pred=nan sequence=nan
[v4_hybrid gpu6] [plan iscas99__b21] [plan] step=602 node=N49295 type=observe hybrid_pred=nan sequence=nan
[v4_hybrid gpu6] [plan iscas99__b21] [plan] step=603 node=N49298 type=observe hybrid_pred=nan sequence=nan
[v4_hybrid gpu6] [plan iscas99__b21] [plan] step=604 node=N49280 type=observe hybrid_pred=nan sequence=nan
[v4_hybrid gpu6] [plan iscas99__b21] [plan] step=605 node=N49301 type=observe hybrid_pred=nan sequence=nan
[v4_hybrid gpu6] [plan iscas99__b21] [plan] step=606 node=N49296 type=observe hybrid_pred=nan sequence=nan
[v4_hybrid gpu6] [plan iscas99__b21] [plan] step=607 node=N49277 type=observe hybrid_pred=nan sequence=nan
[v4_hybrid gpu6] [plan iscas99__b21] [plan] step=608 node=N49299 type=observe hybrid_pred=nan sequence=nan
[v4_hybrid gpu6] [plan iscas99__b21] [plan] step=609 node=N22460 type=observe hybrid_pred=nan sequence=nan
[v4_hybrid gpu6] [plan iscas99__b21] [plan] step=610 node=N22463 type=observe hybrid_pred=nan sequence=nan
[v4_hybrid gpu6] [plan iscas99__b21] [plan] step=611 node=N22465 type=observe hybrid_pred=nan sequence=nan
[v4_hybrid gpu6] [plan iscas99__b21] [plan] step=612 node=N22468 type=observe hybrid_pred=nan sequence=nan
[v4_hybrid gpu6] [plan iscas99__b21] [plan] step=613 node=N22472 type=observe hybrid_pred=nan sequence=nan
[v4_hybrid gpu6] [plan iscas99__b21] [plan] step=614 node=N22475 type=observe hybrid_pred=nan sequence=nan
[v4_hybrid gpu6] [plan iscas99__b21] [plan] step=615 node=N22477 type=observe hybrid_pred=nan sequence=nan
[v4_hybrid gpu6] [plan iscas99__b21] [plan] step=616 node=N22480 type=observe hybrid_pred=nan sequence=nan
[v4_hybrid gpu6] [plan iscas99__b21] [plan] step=617 node=__buf_split_20103 type=observe hybrid_pred=nan sequence=nan
[v4_hybrid gpu6] [plan iscas99__b21] [plan] step=618 node=N49281 type=observe hybrid_pred=nan sequence=nan
[v4_hybrid gpu6] [plan iscas99__b21] [plan] step=619 node=N49302 type=observe hybrid_pred=nan sequence=nan
[v4_hybrid gpu6] [plan iscas99__b21] [plan] step=620 node=N4942 type=control1 hybrid_pred=nan sequence=nan
[v4_hybrid gpu6] [plan iscas99__b21] [plan] step=621 node=N22435 type=observe hybrid_pred=nan sequence=nan
[v4_hybrid gpu6] [plan iscas99__b21] [plan] step=622 node=N22438 type=observe hybrid_pred=nan sequence=nan
[v4_hybrid gpu6] [plan iscas99__b21] [plan] step=623 node=N22441 type=observe hybrid_pred=nan sequence=nan
[v4_hybrid gpu6] [plan iscas99__b21] [plan] step=624 node=N22444 type=observe hybrid_pred=nan sequence=nan
[v4_hybrid gpu6] [plan iscas99__b21] [plan] step=625 node=N22448 type=observe hybrid_pred=nan sequence=nan
[v4_hybrid gpu6] [plan iscas99__b21] [plan] step=626 node=N22451 type=observe hybrid_pred=nan sequence=nan
[v4_hybrid gpu6] [plan iscas99__b21] [plan] step=627 node=N22453 type=observe hybrid_pred=nan sequence=nan
[v4_hybrid gpu6] [plan iscas99__b21] [plan] step=628 node=N22456 type=observe hybrid_pred=nan sequence=nan
[v4_hybrid gpu6] [plan iscas99__b21] saved=autoresearch/improve-260704-1035/b21_world_rerank_hard_scores/v4_hybrid/plans/iscas99__b21__greedy__cumulative__hybrid_pred__bw1__d1__c96__g1p0__candheuristic_recall_pool__div0p0__s0.csv
[v4_hybrid gpu6] [gmean] 2026-07-04T16:54:41 [1/1] plan_done benchmark=iscas99__b21 plan_sec=2218.853 plan_csv=autoresearch/improve-260704-1035/b21_world_rerank_hard_scores/v4_hybrid/plans/iscas99__b21__greedy__cumulative__hybrid_pred__bw1__d1__c96__g1p0__candheuristic_recall_pool__div0p0__s0.csv
[v4_hybrid gpu6] [gmean] 2026-07-04T16:54:41 [1/1] eval_start benchmark=iscas99__b21 backend=atalanta-bist patterns=300000
[v4_hybrid gpu6] [eval iscas99__b21] {
[v4_hybrid gpu6] [eval iscas99__b21]   "records": 2,
[v4_hybrid gpu6] [eval iscas99__b21]   "labels_csv": "autoresearch/improve-260704-1035/b21_world_rerank_hard_scores/v4_hybrid/evals/iscas99__b21__greedy__cumulative__hybrid_pred__bw1__d1__c96__g1p0__candheuristic_recall_pool__div0p0__s0/labels.csv",
[v4_hybrid gpu6] [eval iscas99__b21]   "summary_json": "autoresearch/improve-260704-1035/b21_world_rerank_hard_scores/v4_hybrid/evals/iscas99__b21__greedy__cumulative__hybrid_pred__bw1__d1__c96__g1p0__candheuristic_recall_pool__div0p0__s0/summary.json"
[v4_hybrid gpu6] [eval iscas99__b21] }
[v4_hybrid gpu6] [gmean] 2026-07-04T16:54:59 [1/1] eval_done benchmark=iscas99__b21 delta_tc=0.008599999999999941 plan_sec=2218.853 eval_sec=17.822 total_sec=2236.693
[v4_hybrid gpu6] [gmean] 2026-07-04T16:54:59 variant_done id=greedy__cumulative__hybrid_pred__bw1__d1__c96__g1p0__candheuristic_recall_pool__div0p0__s0 status=ok macro=0.008599999999999941 positives=1 negatives=0 elapsed=2236.693
[v4_hybrid gpu6] [2026-07-04T16:54:59+08:00] done name=v4_hybrid
