test_en->__tpi_cp_146___aig_and_1336 /0 undetected
__tpi_not_test_en->__tpi_cp_105_n_5349 /1 undetected
__tpi_not_test_en->__tpi_cp_107_n_5193 /1 undetected
test_en->__tpi_cp_91_n_5173 /0 undetected
test_en->__tpi_cp_110_n_5136 /0 undetected
__buf_split_1727 /1 undetected
__buf_split_1726 /1 undetected
__tpi_not_test_en->__tpi_cp_112_n_5324 /1 undetected
__tpi_not_test_en->__tpi_cp_162___aig_not_1323 /1 undetected
__tpi_not_test_en->__tpi_cp_121___aig_not_1321 /1 undetected
test_en->__tpi_cp_111___aig_and_1286 /0 undetected
__buf_split_1512 /1 undetected
__buf_split_1511 /1 undetected
n_4562 /1 undetected
__tpi_not_test_en->__tpi_cp_128___buf_split_1401 /1 undetected
__tpi_not_test_en->__tpi_cp_13___aig_not_948 /1 undetected
test_en->__tpi_cp_115_n_3932 /0 undetected
test_en->__tpi_cp_54___aig_and_429 /0 undetected
__tpi_not_test_en->__tpi_cp_0___aig_not_732 /1 undetected
test_en->__tpi_cp_149___aig_and_418 /0 undetected
__tpi_not_test_en->__tpi_cp_19_n_3936 /1 undetected
__tpi_not_test_en->__tpi_cp_1___buf_split_1304 /1 undetected
__tpi_not_test_en->__tpi_cp_30_n_3766 /1 undetected
__tpi_not_test_en->__tpi_cp_119_n_3931 /1 undetected
__tpi_not_test_en->__tpi_cp_25_n_3765 /1 undetected
test_en->__tpi_cp_148_n_3762 /0 undetected
__tpi_not_test_en->__tpi_cp_127_n_3740 /1 undetected
__tpi_not_test_en->__tpi_cp_49_n_3845 /1 undetected
__tpi_not_test_en->__tpi_cp_14_n_3672 /1 undetected
test_en->__tpi_cp_11_n_3671 /0 undetected
__buf_split_1204 /1 undetected
__buf_split_1201 /1 undetected
__tpi_not_test_en->__tpi_cp_83_n_3171 /1 undetected
test_en->__tpi_cp_53_n_3470 /0 undetected
__buf_split_1132 /1 undetected
__tpi_not_test_en->__tpi_cp_31___aig_not_773 /1 undetected
__buf_split_1129->__aig_and_730 /1 undetected
__tpi_not_test_en->__tpi_cp_29___aig_and_852 /1 undetected
__tpi_not_test_en->__tpi_cp_45_n_3164 /1 undetected
test_en->__tpi_cp_46_n_3462 /0 undetected
__buf_split_1120 /1 undetected
__tpi_not_test_en->__tpi_cp_130___aig_not_768 /1 undetected
__buf_split_1117 /1 undetected
__tpi_not_test_en->__tpi_cp_4_n_3148 /1 undetected
test_en->__tpi_cp_47_n_3446 /0 undetected
__buf_split_1102 /1 undetected
__tpi_not_test_en->__tpi_cp_120___aig_not_763 /1 undetected
__buf_split_1099->__aig_and_711 /1 undetected
__tpi_not_test_en->__tpi_cp_113___aig_and_834 /1 undetected
__tpi_not_test_en->__tpi_cp_56___aig_and_891 /1 undetected
test_en->__tpi_cp_44_n_3414 /0 undetected
__buf_split_1060 /1 undetected
__buf_split_1057 /1 undetected
__tpi_not_test_en->__tpi_cp_26___buf_split_1059 /1 undetected
__tpi_not_test_en->__tpi_cp_2_n_3644 /1 undetected
__tpi_not_test_en->__tpi_cp_122_n_3734 /1 undetected
__tpi_not_test_en->__tpi_cp_41_n_3838 /1 undetected
__tpi_not_test_en->__tpi_cp_138___aig_and_849 /1 undetected
__tpi_not_test_en->__tpi_cp_10_n_3653 /1 undetected
__buf_split_1179 /1 undetected
__tpi_not_test_en->__tpi_cp_156___buf_split_1181 /1 undetected
__buf_split_1176->__aig_and_813 /1 undetected
test_en->__tpi_cp_38_n_3438 /0 undetected
__buf_split_1090 /1 undetected
test_en->__tpi_cp_161_n_3437 /0 undetected
__buf_split_1087 /1 undetected
__tpi_not_test_en->__tpi_cp_145___aig_not_826 /1 undetected
__buf_split_1078->__aig_and_704 /1 undetected
__tpi_not_test_en->__tpi_cp_135___aig_and_824 /1 undetected
test_en->__tpi_cp_17_n_3667 /0 undetected
test_en->__tpi_cp_15_n_3664 /0 undetected
__tpi_not_test_en->__tpi_cp_24___aig_and_709 /1 undetected
test_en->__tpi_cp_152_n_3466 /0 undetected
test_en->__tpi_cp_150_n_3463 /0 undetected
test_en->__tpi_cp_20_n_3442 /0 undetected
__tpi_not_test_en->__tpi_cp_84___buf_split_1116 /1 undetected
__tpi_not_test_en->__tpi_cp_85___buf_split_1113 /1 undetected
test_en->__tpi_cp_159_n_3410 /0 undetected
__tpi_not_test_en->__tpi_cp_12___aig_and_687 /1 undetected
test_en->__tpi_cp_158_n_3407 /0 undetected
__tpi_not_test_en->__tpi_cp_9___aig_and_686 /1 undetected
test_en->__tpi_cp_153_n_3431 /0 undetected
__tpi_not_test_en->__tpi_cp_8___aig_and_812 /1 undetected
__tpi_not_test_en->__tpi_cp_7___aig_and_811 /1 undetected
__tpi_not_test_en->__tpi_cp_5___aig_and_702 /1 undetected
__tpi_not_test_en->__tpi_cp_3___aig_and_701 /1 undetected
__tpi_not_test_en->__tpi_cp_76_n_3152 /1 undetected
__tpi_not_test_en->__tpi_cp_50_n_3158 /1 undetected
__tpi_not_test_en->__tpi_cp_48_n_3161 /1 undetected
__tpi_not_test_en->__tpi_cp_43_n_3155 /1 undetected
__tpi_not_test_en->__tpi_cp_75_n_3168 /1 undetected
__tpi_not_test_en->__tpi_cp_37_n_3145 /1 undetected
__tpi_not_test_en->__tpi_cp_34_n_2677 /1 undetected
__tpi_not_test_en->__tpi_cp_6_n_2652 /1 undetected
__tpi_not_test_en->__tpi_cp_40_n_3138 /1 undetected
test_en->__tpi_cp_28_n_2445 /0 undetected
__tpi_not_test_en->__tpi_cp_154___aig_and_245 /1 undetected
test_en->__tpi_cp_23_n_2444 /0 undetected
__buf_split_609 /1 undetected
__tpi_not_test_en->__tpi_cp_88_n_1903 /1 undetected
test_en->__tpi_cp_155___aig_and_352 /0 undetected
__tpi_not_test_en->__tpi_cp_27_n_2243 /1 undetected
test_en->__tpi_cp_60___aig_and_270 /0 undetected
__buf_split_603 /1 undetected
__tpi_not_test_en->__tpi_cp_32_n_1898 /1 undetected
__tpi_not_test_en->__tpi_cp_51___aig_and_320 /1 undetected
__tpi_not_test_en->__tpi_cp_118___aig_not_307 /1 undetected
__tpi_not_test_en->__tpi_cp_22___aig_not_382 /1 undetected
test_en->__tpi_cp_102___aig_and_250 /0 undetected
test_en->__tpi_cp_33_n_2449 /0 undetected
__buf_split_615 /1 undetected
test_en->__tpi_cp_35_n_2448 /0 undetected
__tpi_not_test_en->__tpi_cp_36_n_2242 /1 undetected
test_en->__tpi_cp_62___aig_and_268 /0 undetected
__buf_split_597 /1 undetected
__tpi_not_test_en->__tpi_cp_69___buf_split_392 /1 undetected
__tpi_not_test_en->__tpi_cp_104_n_2670 /1 undetected
test_en->__tpi_cp_100_n_2427 /0 undetected
__tpi_not_test_en->__tpi_cp_96_n_2659 /1 undetected
__buf_split_573 /1 undetected
test_en->__tpi_cp_101___aig_and_722 /0 undetected
test_en->__tpi_cp_109_n_2431 /0 undetected
__buf_split_591 /1 undetected
__tpi_not_test_en->__tpi_cp_97_n_3447 /1 undetected
__tpi_not_test_en->__tpi_cp_81___aig_and_408 /1 undetected
test_en->__tpi_cp_90_n_1790 /0 undetected
test_en->__tpi_cp_95_n_1789 /0 undetected
test_en->__tpi_cp_89_n_1788 /0 undetected
test_en->__tpi_cp_94_n_1787 /0 undetected
__tpi_not_test_en->__tpi_cp_92___aig_not_152 /1 undetected
__tpi_not_test_en->__tpi_cp_73___aig_not_121 /1 undetected
__tpi_not_test_en->__tpi_cp_71___aig_not_117 /1 undetected
__tpi_not_test_en->__tpi_cp_70___aig_not_113 /1 undetected
__tpi_not_test_en->__tpi_cp_72___aig_not_109 /1 undetected
test_en->__tpi_cp_132_n_2068 /0 undetected
test_en->__tpi_cp_131_n_2083 /0 undetected
__buf_split_585 /1 undetected
__buf_split_579 /1 undetected
test_en->__tpi_cp_61___aig_and_186 /0 undetected
test_en->__tpi_cp_87___aig_and_166 /0 undetected
test_en->__tpi_cp_86___aig_and_161 /0 undetected
test_en->__tpi_cp_99___aig_and_171 /0 undetected
__tpi_not_test_en->__tpi_cp_117___buf_split_421 /1 undetected
test_en->__tpi_cp_151___buf_split_416 /0 undetected
test_en->__tpi_cp_74_n_1667 /0 undetected
__tpi_not_test_en->__tpi_cp_59_n_2702 /1 undetected
__tpi_not_test_en->__tpi_cp_57_n_2715 /1 undetected
__tpi_not_test_en->__tpi_cp_82_n_1409 /1 undetected
__tpi_not_test_en->__tpi_cp_52_n_1197 /1 undetected
__tpi_not_test_en->__tpi_cp_123_n_794 /1 undetected
test_en->__tpi_cp_140___buf_split_187 /0 undetected
__tpi_not_test_en->__tpi_cp_157___buf_split_189 /1 undetected
__tpi_not_test_en->__tpi_cp_58_n_914 /1 undetected
test_en->__tpi_cp_63___aig_and_11 /0 undetected
__tpi_not_test_en->__tpi_cp_116___aig_not_125 /1 undetected
__tpi_not_test_en->__tpi_cp_136_n_848 /1 undetected
__tpi_not_test_en->__tpi_cp_133_n_854 /1 undetected
