[plan] candidate_allowlist=autoresearch/original-netlist-recovery-260712/exact_itc99/b15_C/exact_candidate_nodes.txt nodes=7918
[plan] latent_norm_clip_ratio=4 latent_norm_limit=30.875631
[plan] step=1 node=N677 type=control1 q_pred_context=5.165114 sequence=5.165114
[plan] step=2 node=N713 type=observe q_pred_context=4.795685 sequence=9.960800
[plan] step=3 node=N502 type=control1 q_pred_context=2.340457 sequence=12.301257
[plan] step=4 node=N5143 type=observe q_pred_context=2.827929 sequence=15.129186
[plan] step=5 node=N766 type=control1 q_pred_context=0.794033 sequence=15.923219
[plan] step=6 node=N3644 type=control0 q_pred_context=1.747059 sequence=17.670277
[plan] step=7 node=N557 type=control1 q_pred_context=1.343245 sequence=19.013522
[plan] step=8 node=N3722 type=control0 q_pred_context=0.866272 sequence=19.879794
[plan] step=9 node=N507 type=control1 q_pred_context=1.092934 sequence=20.972728
[plan] step=10 node=N5234 type=observe q_pred_context=1.171931 sequence=22.144659
[plan] step=11 node=N5203 type=control1 q_pred_context=1.714407 sequence=23.859066
[plan] step=12 node=N3605 type=observe q_pred_context=1.749764 sequence=25.608830
[plan] step=13 node=N2082 type=observe q_pred_context=5.546570 sequence=31.155400
[plan] step=14 node=N1532 type=observe q_pred_context=1.502205 sequence=32.657605
[plan] step=15 node=N1372 type=observe q_pred_context=3.980271 sequence=36.637875
[plan] step=16 node=N1853 type=observe q_pred_context=3.262974 sequence=39.900849
[plan] step=17 node=N564 type=control1 q_pred_context=6.233975 sequence=46.134824
[plan] step=18 node=N5046 type=observe q_pred_context=5.779944 sequence=51.914768
[plan] step=19 node=N724 type=observe q_pred_context=5.171237 sequence=57.086005
[plan] step=20 node=N7592 type=control1 q_pred_context=5.084449 sequence=62.170454
[plan] step=21 node=N580 type=control1 q_pred_context=8.084053 sequence=70.254507
[plan] step=22 node=N5723 type=control0 q_pred_context=6.390000 sequence=76.644507
[plan] step=23 node=N737 type=control1 q_pred_context=4.905000 sequence=81.549507
[plan] step=24 node=N1437 type=control1 q_pred_context=4.337532 sequence=85.887039
[plan] step=25 node=N496 type=control1 q_pred_context=8.112556 sequence=93.999595
[plan] step=26 node=N893 type=observe q_pred_context=5.438624 sequence=99.438219
[plan] step=27 node=N3756 type=control0 q_pred_context=1.026989 sequence=100.465208
[plan] step=28 node=N582 type=control1 q_pred_context=6.493126 sequence=106.958333
[plan] step=29 node=N2314 type=control1 q_pred_context=2.073866 sequence=109.032199
[plan] step=30 node=N2083 type=observe q_pred_context=2.799037 sequence=111.831236
[plan] step=31 node=N3701 type=control0 q_pred_context=0.841873 sequence=112.673109
[plan] step=32 node=N3911 type=control0 q_pred_context=0.783758 sequence=113.456868
[plan] step=33 node=N583 type=control1 q_pred_context=0.857100 sequence=114.313968
[plan] step=34 node=N3742 type=control0 q_pred_context=0.844025 sequence=115.157992
[plan] step=35 node=N704 type=observe q_pred_context=1.637698 sequence=116.795690
[plan] step=36 node=N2101 type=observe q_pred_context=1.784811 sequence=118.580501
[plan] step=37 node=N3903 type=control0 q_pred_context=0.873184 sequence=119.453684
[plan] step=38 node=N3889 type=control0 q_pred_context=0.876038 sequence=120.329723
[plan] step=39 node=N3882 type=control0 q_pred_context=0.884449 sequence=121.214172
[plan] step=40 node=N3840 type=control0 q_pred_context=0.886784 sequence=122.100956
[plan] step=41 node=N3805 type=control0 q_pred_context=1.055402 sequence=123.156358
[plan] step=42 node=N3862 type=control0 q_pred_context=1.001276 sequence=124.157634
[plan] step=43 node=N7891 type=control1 q_pred_context=1.016143 sequence=125.173777
[plan] step=44 node=N3855 type=control0 q_pred_context=1.398206 sequence=126.571983
[plan] step=45 node=N3785 type=control0 q_pred_context=1.147720 sequence=127.719703
[plan] step=46 node=N3848 type=control0 q_pred_context=1.049547 sequence=128.769250
[plan] step=47 node=N3827 type=control0 q_pred_context=1.048831 sequence=129.818081
[plan] step=48 node=N4670 type=control0 q_pred_context=3.161633 sequence=132.979714
[plan] step=49 node=N4635 type=control0 q_pred_context=3.107028 sequence=136.086742
[plan] step=50 node=N4712 type=control0 q_pred_context=3.427077 sequence=139.513819
[plan] step=51 node=N3820 type=control0 q_pred_context=1.046250 sequence=140.560069
[plan] step=52 node=N4649 type=control0 q_pred_context=2.840390 sequence=143.400459
[plan] step=53 node=N4656 type=control0 q_pred_context=2.889381 sequence=146.289840
[plan] step=54 node=N4705 type=control0 q_pred_context=2.801455 sequence=149.091295
[plan] step=55 node=N3813 type=control0 q_pred_context=1.269291 sequence=150.360585
[plan] step=56 node=N4698 type=control0 q_pred_context=2.855434 sequence=153.216020
[plan] step=57 node=N4691 type=control0 q_pred_context=2.958800 sequence=156.174820
[plan] step=58 node=N4684 type=control0 q_pred_context=2.326621 sequence=158.501441
[plan] step=59 node=N4677 type=control0 q_pred_context=1.940009 sequence=160.441450
[plan] step=60 node=N4663 type=control0 q_pred_context=1.916429 sequence=162.357878
[plan] step=61 node=N4716 type=control0 q_pred_context=2.040645 sequence=164.398523
[plan] step=62 node=N3799 type=control0 q_pred_context=1.076140 sequence=165.474663
[plan] step=63 node=N7471 type=control0 q_pred_context=1.870873 sequence=167.345537
[plan] step=64 node=N1411 type=control0 q_pred_context=2.147052 sequence=169.492588
[plan] step=65 node=N5603 type=control0 q_pred_context=1.587272 sequence=171.079860
[plan] step=66 node=N3792 type=control0 q_pred_context=1.189414 sequence=172.269274
[plan] step=67 node=N4585 type=control0 q_pred_context=1.185848 sequence=173.455122
[plan] step=68 node=N4578 type=control0 q_pred_context=1.819773 sequence=175.274895
[plan] step=69 node=N4606 type=control0 q_pred_context=1.510139 sequence=176.785034
[plan] step=70 node=N7543 type=control0 q_pred_context=1.609890 sequence=178.394924
[plan] step=71 node=N7724 type=control0 q_pred_context=2.453093 sequence=180.848018
[plan] step=72 node=N7854 type=control0 q_pred_context=1.997026 sequence=182.845044
[plan] step=73 node=N7923 type=control0 q_pred_context=1.373538 sequence=184.218582
[plan] step=74 node=N7722 type=control0 q_pred_context=2.133307 sequence=186.351889
[plan] step=75 node=N3904 type=control0 q_pred_context=1.272975 sequence=187.624864
[plan] step=76 node=N3681 type=control0 q_pred_context=2.163884 sequence=189.788748
[plan] step=77 node=N3897 type=control0 q_pred_context=1.090504 sequence=190.879252
[plan] step=78 node=N3841 type=control0 q_pred_context=1.162824 sequence=192.042076
[plan] step=79 node=N4564 type=control0 q_pred_context=1.085952 sequence=193.128027
[plan] step=80 node=N7723 type=control0 q_pred_context=2.657026 sequence=195.785053
[plan] step=81 node=N7725 type=control0 q_pred_context=2.681616 sequence=198.466669
[plan] step=82 node=N4621 type=control0 q_pred_context=1.310218 sequence=199.776888
[plan] step=83 node=N4557 type=control0 q_pred_context=1.207711 sequence=200.984599
[plan] step=84 node=N4520 type=control0 q_pred_context=1.353410 sequence=202.338009
[plan] step=85 node=N5867 type=observe q_pred_context=1.673789 sequence=204.011798
[plan] step=86 node=N694 type=observe q_pred_context=2.435166 sequence=206.446964
[plan] step=87 node=N5878 type=observe q_pred_context=0.885312 sequence=207.332277
[plan] step=88 node=N725 type=observe q_pred_context=2.165438 sequence=209.497714
[plan] step=89 node=N2157 type=observe q_pred_context=2.067376 sequence=211.565090
[plan] step=90 node=N7402 type=observe q_pred_context=2.149750 sequence=213.714840
[plan] step=91 node=N7734 type=control0 q_pred_context=0.798145 sequence=214.512985
[plan] step=92 node=N5740 type=observe q_pred_context=0.814108 sequence=215.327094
[plan] step=93 node=N7732 type=control0 q_pred_context=0.557981 sequence=215.885074
[plan] step=94 node=N7727 type=control0 q_pred_context=0.640089 sequence=216.525164
[plan] step=95 node=N7730 type=control0 q_pred_context=0.622578 sequence=217.147742
[plan] step=96 node=N7820 type=control0 q_pred_context=0.823414 sequence=217.971157
[plan] step=97 node=N7721 type=control0 q_pred_context=0.927432 sequence=218.898588
[plan] step=98 node=N519 type=control1 q_pred_context=4.002473 sequence=222.901062
[plan] step=99 node=N7370 type=control1 q_pred_context=2.679588 sequence=225.580649
[plan] step=100 node=N2149 type=observe q_pred_context=4.594184 sequence=230.174834
[plan] step=101 node=N513 type=control1 q_pred_context=5.611064 sequence=235.785897
[plan] step=102 node=N5874 type=observe q_pred_context=1.738621 sequence=237.524519
[plan] step=103 node=N504 type=control1 q_pred_context=3.691867 sequence=241.216385
[plan] step=104 node=N7729 type=control0 q_pred_context=1.661517 sequence=242.877902
[plan] step=105 node=N7846 type=control0 q_pred_context=7.254060 sequence=250.131961
[plan] step=106 node=N7408 type=control0 q_pred_context=2.269437 sequence=252.401398
[plan] step=107 node=N6533 type=observe q_pred_context=1.846677 sequence=254.248075
[plan] step=108 node=N2580 type=control1 q_pred_context=2.092573 sequence=256.340648
[plan] step=109 node=N723 type=observe q_pred_context=4.617267 sequence=260.957915
[plan] step=110 node=N520 type=control1 q_pred_context=4.348594 sequence=265.306508
[plan] step=111 node=N7385 type=observe q_pred_context=1.442837 sequence=266.749346
[plan] step=112 node=N714 type=observe q_pred_context=4.378248 sequence=271.127593
[plan] step=113 node=N5356 type=observe q_pred_context=2.424776 sequence=273.552369
[plan] step=114 node=N516 type=control1 q_pred_context=5.293867 sequence=278.846237
[plan] step=115 node=N715 type=observe q_pred_context=5.292961 sequence=284.139197
[plan] step=116 node=N7847 type=control0 q_pred_context=1.354552 sequence=285.493749
[plan] step=117 node=N7852 type=control0 q_pred_context=1.502628 sequence=286.996377
[plan] step=118 node=N7726 type=control0 q_pred_context=2.053887 sequence=289.050264
[plan] step=119 node=N7735 type=control0 q_pred_context=1.148511 sequence=290.198774
[plan] step=120 node=N7888 type=control1 q_pred_context=0.931902 sequence=291.130676
[plan] step=121 node=N7853 type=control0 q_pred_context=1.537744 sequence=292.668420
[plan] step=122 node=N5876 type=observe q_pred_context=2.416714 sequence=295.085134
[plan] step=123 node=N4628 type=observe q_pred_context=1.182401 sequence=296.267535
[plan] step=124 node=N7728 type=control0 q_pred_context=1.496877 sequence=297.764412
[plan] step=125 node=N555 type=control1 q_pred_context=1.343509 sequence=299.107921
[plan] step=126 node=N556 type=control1 q_pred_context=4.576076 sequence=303.683997
[plan] step=127 node=N7731 type=control0 q_pred_context=2.213743 sequence=305.897740
[plan] step=128 node=N1533 type=control1 q_pred_context=1.483001 sequence=307.380741
[plan] step=129 node=N3124 type=control1 q_pred_context=1.429693 sequence=308.810433
[plan] step=130 node=N614 type=control1 q_pred_context=1.827302 sequence=310.637736
[plan] step=131 node=N634 type=control1 q_pred_context=2.700955 sequence=313.338690
[plan] step=132 node=N7541 type=control0 q_pred_context=1.930555 sequence=315.269245
[plan] step=133 node=N7436 type=observe q_pred_context=1.662486 sequence=316.931731
[plan] step=134 node=N722 type=observe q_pred_context=2.421415 sequence=319.353146
[plan] step=135 node=N712 type=observe q_pred_context=2.396904 sequence=321.750050
[plan] step=136 node=N3180 type=control1 q_pred_context=2.115529 sequence=323.865579
[plan] step=137 node=N3352 type=control1 q_pred_context=1.565407 sequence=325.430986
[plan] step=138 node=N610 type=control1 q_pred_context=2.253510 sequence=327.684496
[plan] step=139 node=N5473 type=observe q_pred_context=1.494855 sequence=329.179352
[plan] step=140 node=N706 type=observe q_pred_context=2.028403 sequence=331.207755
[plan] step=141 node=N620 type=control1 q_pred_context=1.824020 sequence=333.031775
[plan] step=142 node=N8005 type=control0 q_pred_context=1.949095 sequence=334.980871
[plan] step=143 node=N5422 type=observe q_pred_context=1.410177 sequence=336.391048
[plan] step=144 node=N705 type=observe q_pred_context=2.412348 sequence=338.803395
[plan] step=145 node=N4614 type=observe q_pred_context=0.901421 sequence=339.704817
[plan] step=146 node=N3410 type=control1 q_pred_context=1.632949 sequence=341.337766
[plan] step=147 node=N5456 type=observe q_pred_context=1.402367 sequence=342.740133
[plan] step=148 node=N703 type=observe q_pred_context=2.428055 sequence=345.168188
[plan] step=149 node=N638 type=control1 q_pred_context=2.084354 sequence=347.252542
[plan] step=150 node=N7439 type=observe q_pred_context=1.218719 sequence=348.471261
[plan] step=151 node=N2102 type=observe q_pred_context=1.352376 sequence=349.823637
[plan] step=152 node=N679 type=observe q_pred_context=2.068627 sequence=351.892264
[plan] step=153 node=N7405 type=observe q_pred_context=2.376574 sequence=354.268838
[plan] step=154 node=N1987 type=observe q_pred_context=1.194884 sequence=355.463722
[plan] step=155 node=N5439 type=observe q_pred_context=4.736195 sequence=360.199917
[plan] step=156 node=N1879 type=observe q_pred_context=1.054209 sequence=361.254126
[plan] step=157 node=N5202 type=observe q_pred_context=5.076154 sequence=366.330280
[plan] step=158 node=N5390 type=observe q_pred_context=1.666230 sequence=367.996510
[plan] step=159 node=N2106 type=observe q_pred_context=1.045669 sequence=369.042178
[plan] step=160 node=N1688 type=observe q_pred_context=1.128190 sequence=370.170368
[plan] step=161 node=N5300 type=observe q_pred_context=3.580629 sequence=373.750997
[plan] step=162 node=N1598 type=observe q_pred_context=1.199747 sequence=374.950744
[plan] step=163 node=N708 type=observe q_pred_context=2.010061 sequence=376.960806
[plan] step=164 node=N2072 type=observe q_pred_context=0.817192 sequence=377.777998
[plan] step=165 node=N719 type=observe q_pred_context=2.904393 sequence=380.682391
[plan] step=166 node=N699 type=observe q_pred_context=0.143736 sequence=380.826127
[plan] step=167 node=N734 type=observe q_pred_context=1.618630 sequence=382.444757
[plan] step=168 node=N7382 type=observe q_pred_context=1.958259 sequence=384.403017
[plan] step=169 node=N7424 type=control1 q_pred_context=1.534535 sequence=385.937552
[plan] step=170 node=N5317 type=observe q_pred_context=1.049804 sequence=386.987357
[plan] step=171 node=N1351 type=observe q_pred_context=1.651268 sequence=388.638624
[plan] step=172 node=N5334 type=observe q_pred_context=1.044304 sequence=389.682929
[plan] step=173 node=N689 type=observe q_pred_context=1.872255 sequence=391.555184
[plan] step=174 node=N729 type=observe q_pred_context=1.937393 sequence=393.492577
[plan] step=175 node=N684 type=observe q_pred_context=2.613898 sequence=396.106475
[plan] step=176 node=N7383 type=observe q_pred_context=2.237768 sequence=398.344242
[plan] step=177 node=N5735 type=observe q_pred_context=1.132690 sequence=399.476933
[plan] step=178 node=N2259 type=observe q_pred_context=2.539315 sequence=402.016248
[plan] step=179 node=N686 type=observe q_pred_context=1.994316 sequence=404.010564
[plan] step=180 node=N2271 type=observe q_pred_context=1.716243 sequence=405.726806
[plan] step=181 node=N3237 type=control1 q_pred_context=1.385088 sequence=407.111894
[plan] step=182 node=N645 type=control1 q_pred_context=0.773246 sequence=407.885140
[plan] step=183 node=N616 type=control1 q_pred_context=1.068252 sequence=408.953393
[plan] step=184 node=N636 type=control1 q_pred_context=1.283084 sequence=410.236477
[plan] step=185 node=N5160 type=observe q_pred_context=1.326248 sequence=411.562725
[plan] step=186 node=N2263 type=observe q_pred_context=2.091261 sequence=413.653986
[plan] step=187 node=N697 type=observe q_pred_context=1.963991 sequence=415.617976
[plan] step=188 node=N2267 type=observe q_pred_context=2.738000 sequence=418.355976
[plan] step=189 node=N6531 type=observe q_pred_context=2.244015 sequence=420.599992
[plan] step=190 node=N695 type=observe q_pred_context=2.017274 sequence=422.617266
[plan] step=191 node=N2251 type=observe q_pred_context=2.694300 sequence=425.311566
[plan] step=192 node=N696 type=observe q_pred_context=1.644485 sequence=426.956050
[plan] step=193 node=N5111 type=observe q_pred_context=1.204052 sequence=428.160102
[plan] step=194 node=N2247 type=observe q_pred_context=2.250908 sequence=430.411010
[plan] step=195 node=N1352 type=observe q_pred_context=2.896814 sequence=433.307825
[plan] step=196 node=N5094 type=observe q_pred_context=1.473940 sequence=434.781765
[plan] step=197 node=N5373 type=observe q_pred_context=3.103129 sequence=437.884894
[plan] step=198 node=N680 type=observe q_pred_context=6.434392 sequence=444.319286
[plan] step=199 node=N2218 type=observe q_pred_context=3.357193 sequence=447.676479
[plan] step=200 node=N717 type=observe q_pred_context=5.193327 sequence=452.869806
[plan] step=201 node=N732 type=observe q_pred_context=3.762425 sequence=456.632231
[plan] step=202 node=N2205 type=observe q_pred_context=4.877130 sequence=461.509361
[plan] step=203 node=N2185 type=observe q_pred_context=6.705370 sequence=468.214732
[plan] step=204 node=N2255 type=observe q_pred_context=3.610942 sequence=471.825674
[plan] step=205 node=N2226 type=observe q_pred_context=3.547868 sequence=475.373541
[plan] step=206 node=N2203 type=observe q_pred_context=3.467835 sequence=478.841376
[plan] step=207 node=N2201 type=observe q_pred_context=4.126898 sequence=482.968274
[plan] step=208 node=N1348 type=observe q_pred_context=2.864268 sequence=485.832542
[plan] step=209 node=N2212 type=observe q_pred_context=2.192332 sequence=488.024874
[plan] step=210 node=N1347 type=observe q_pred_context=2.794802 sequence=490.819676
[plan] step=211 node=N2214 type=observe q_pred_context=6.096538 sequence=496.916214
[plan] step=212 node=N733 type=observe q_pred_context=6.219052 sequence=503.135266
[plan] step=213 node=N2222 type=observe q_pred_context=4.603907 sequence=507.739173
[plan] step=214 node=N2207 type=observe q_pred_context=2.997585 sequence=510.736758
[plan] step=215 node=N4766 type=observe q_pred_context=4.263057 sequence=514.999815
[plan] step=216 node=N2159 type=observe q_pred_context=1.575726 sequence=516.575541
[plan] step=217 node=N3295 type=control1 q_pred_context=1.282546 sequence=517.858087
[plan] step=218 node=N4774 type=observe q_pred_context=1.625582 sequence=519.483669
[plan] step=219 node=N4790 type=observe q_pred_context=2.003067 sequence=521.486737
[plan] step=220 node=N685 type=observe q_pred_context=2.811558 sequence=524.298295
[plan] step=221 node=N3467 type=control1 q_pred_context=2.256469 sequence=526.554764
[plan] step=222 node=N2243 type=observe q_pred_context=1.406218 sequence=527.960981
[plan] step=223 node=N2209 type=observe q_pred_context=1.326123 sequence=529.287104
[plan] step=224 node=N4798 type=observe q_pred_context=1.475746 sequence=530.762850
[plan] step=225 node=N690 type=observe q_pred_context=2.121557 sequence=532.884407
[plan] step=226 node=N728 type=observe q_pred_context=2.593686 sequence=535.478093
[plan] step=227 node=N687 type=observe q_pred_context=2.539545 sequence=538.017638
[plan] step=228 node=N2156 type=observe q_pred_context=1.921597 sequence=539.939236
[plan] step=229 node=N4829 type=observe q_pred_context=1.826203 sequence=541.765438
[plan] step=230 node=N727 type=observe q_pred_context=2.889321 sequence=544.654759
[plan] step=231 node=N4845 type=observe q_pred_context=1.788572 sequence=546.443331
[plan] step=232 node=N4821 type=observe q_pred_context=1.853649 sequence=548.296981
[plan] step=233 node=N4837 type=observe q_pred_context=1.751950 sequence=550.048931
[plan] step=234 node=N681 type=observe q_pred_context=1.242875 sequence=551.291806
[plan] step=235 node=N4813 type=observe q_pred_context=1.217223 sequence=552.509029
[plan] step=236 node=N7381 type=observe q_pred_context=1.734331 sequence=554.243359
[plan] step=237 node=N4805 type=observe q_pred_context=1.400088 sequence=555.643447
[plan] step=238 node=N5034 type=observe q_pred_context=1.035545 sequence=556.678992
[plan] step=239 node=N8451 type=observe q_pred_context=1.663211 sequence=558.342203
[plan] step=240 node=N2171 type=observe q_pred_context=0.958871 sequence=559.301074
[plan] step=241 node=N4762 type=observe q_pred_context=1.017258 sequence=560.318331
[plan] step=242 node=N2175 type=observe q_pred_context=1.211709 sequence=561.530040
[plan] step=243 node=N2179 type=observe q_pred_context=1.027185 sequence=562.557225
[plan] step=244 node=N630 type=control1 q_pred_context=1.855928 sequence=564.413154
[plan] step=245 node=N4809 type=observe q_pred_context=3.097220 sequence=567.510373
[plan] step=246 node=N2167 type=observe q_pred_context=1.899365 sequence=569.409738
[plan] step=247 node=N1353 type=observe q_pred_context=1.895250 sequence=571.304988
[plan] step=248 node=N4758 type=observe q_pred_context=1.415835 sequence=572.720823
[plan] step=249 node=N642 type=control1 q_pred_context=3.831516 sequence=576.552339
[plan] step=250 node=N730 type=observe q_pred_context=1.238262 sequence=577.790602
[plan] step=251 node=N771 type=observe q_pred_context=1.064281 sequence=578.854883
[plan] step=252 node=N701 type=observe q_pred_context=3.881541 sequence=582.736424
[plan] step=253 node=N707 type=observe q_pred_context=4.281407 sequence=587.017831
[plan] step=254 node=N649 type=control1 q_pred_context=3.030535 sequence=590.048366
[plan] step=255 node=N6678 type=observe q_pred_context=0.890816 sequence=590.939182
[plan] step=256 node=N1346 type=observe q_pred_context=3.459395 sequence=594.398577
[plan] step=257 node=N4853 type=observe q_pred_context=2.488422 sequence=596.886999
[plan] step=258 node=N4861 type=observe q_pred_context=2.907299 sequence=599.794298
[plan] step=259 node=N3525 type=control1 q_pred_context=2.726575 sequence=602.520874
[plan] step=260 node=N8111 type=observe q_pred_context=1.229813 sequence=603.750687
[plan] step=261 node=N8113 type=observe q_pred_context=1.390973 sequence=605.141660
[plan] step=262 node=N691 type=observe q_pred_context=1.658903 sequence=606.800563
[plan] step=263 node=N735 type=observe q_pred_context=1.275066 sequence=608.075629
[plan] step=264 node=N4742 type=observe q_pred_context=1.118778 sequence=609.194407
[plan] step=265 node=N8453 type=observe q_pred_context=2.961834 sequence=612.156241
[plan] step=266 node=N8482 type=observe q_pred_context=2.609729 sequence=614.765970
[plan] step=267 node=N682 type=observe q_pred_context=1.308841 sequence=616.074811
[plan] step=268 node=N4750 type=observe q_pred_context=2.536590 sequence=618.611401
[plan] step=269 node=N2163 type=observe q_pred_context=3.705703 sequence=622.317103
[plan] step=270 node=N718 type=observe q_pred_context=3.707254 sequence=626.024357
[plan] step=271 node=N675 type=observe q_pred_context=3.821489 sequence=629.845846
[plan] step=272 node=N670 type=observe q_pred_context=2.471735 sequence=632.317581
[plan] step=273 node=N656 type=observe q_pred_context=5.641893 sequence=637.959474
[plan] step=274 node=N710 type=observe q_pred_context=4.428716 sequence=642.388189
[plan] step=275 node=N8454 type=observe q_pred_context=4.160781 sequence=646.548971
[plan] step=276 node=N698 type=observe q_pred_context=3.509440 sequence=650.058411
[plan] step=277 node=N666 type=observe q_pred_context=3.687588 sequence=653.745998
[plan] step=278 node=N5173 type=observe q_pred_context=2.796660 sequence=656.542658
saved=autoresearch/loop-260718-0223/stable_recall_b15_round15/s1024_c32/b15_C/plans/iscas99__b15_1__greedy__cumulative__q_pred_context__bw1__d1__c32__g1p0__candhard_fault_cluster__div0p0__s0.csv
