I1_8->I1_8_PO /0 undetected
I1_7->I1_7_PO /0 undetected
I1_6->I1_6_PO /0 undetected
I1_8->__tpi_cp_5_I1_8 /0 undetected
I1_8 /0 undetected
I2_7 /1 undetected
test_en->__tpi_cp_29___aig_and_357 /0 undetected
__tpi_cp_29___aig_and_357 /1 undetected
__aig_and_357 /0 undetected
__aig_not_356 /1 undetected
__aig_not_355 /1 undetected
__tpi_not_test_en->__tpi_cp_13___buf_split_68 /1 undetected
__buf_split_68 /1 undetected
__aig_not_354 /1 undetected
I652->__tpi_cp_7_I652 /1 undetected
__tpi_not_test_en->__tpi_cp_7_I652 /1 undetected
I1_7 /0 undetected
__tpi_not_test_en->__tpi_cp_6_I2_6 /1 undetected
__tpi_cp_6_I2_6 /1 undetected
I2_6 /1 undetected
__aig_and_343 /1 undetected
__aig_not_342 /1 undetected
__tpi_not_test_en->__tpi_cp_9___aig_not_341 /1 undetected
__tpi_cp_9___aig_not_341 /1 undetected
__aig_not_341 /1 undetected
__aig_not_340 /1 undetected
__tpi_not_test_en->__tpi_cp_3___buf_split_342 /1 undetected
__buf_split_342 /1 undetected
I1_6 /0 undetected
test_en->__tpi_cp_0___buf_split_178 /0 undetected
__buf_split_178 /0 undetected
__tpi_not_test_en->__tpi_cp_28___aig_not_331 /1 undetected
__aig_not_331 /1 undetected
__aig_and_329 /1 undetected
__aig_not_328 /1 undetected
__tpi_not_test_en->__tpi_cp_8___buf_split_339 /1 undetected
__buf_split_339 /1 undetected
__aig_not_327 /1 undetected
__tpi_not_test_en->__tpi_cp_2___buf_split_338 /1 undetected
__buf_split_338 /1 undetected
__tpi_not_test_en->__tpi_cp_10___aig_not_314 /1 undetected
__tpi_cp_10___aig_not_314 /1 undetected
__aig_not_314 /1 undetected
__tpi_not_test_en->__tpi_cp_11_I358 /1 undetected
test_en->__tpi_cp_1_I1_3 /0 undetected
__tpi_not_test_en->__tpi_cp_12_I2_3 /1 undetected
__tpi_not_test_en->__tpi_cp_4___buf_split_330 /1 undetected
__tpi_not_test_en->__tpi_cp_23___aig_not_289 /1 undetected
__tpi_not_test_en->__tpi_cp_27_I147 /1 undetected
__tpi_not_test_en->__tpi_cp_26_I162 /1 undetected
__tpi_not_test_en->__tpi_cp_25_I2_1 /1 undetected
__tpi_not_test_en->__tpi_cp_21___buf_split_8 /1 undetected
__tpi_not_test_en->__tpi_cp_17_I64 /1 undetected
