__tpi_not_test_en->__tpi_cp_26___buf_split_181 /1 undetected
__tpi_not_test_en->__tpi_cp_27___aig_not_219 /1 undetected
test_en->__tpi_cp_6___aig_and_218 /0 undetected
__tpi_not_test_en->__tpi_cp_25___buf_split_189 /1 undetected
__tpi_not_test_en->__tpi_cp_12___buf_split_188 /1 undetected
test_en->__tpi_cp_3_II611_3 /0 undetected
__tpi_not_test_en->__tpi_cp_24___buf_split_38 /1 undetected
__tpi_not_test_en->__tpi_cp_28_II776 /1 undetected
test_en->__tpi_cp_1___buf_split_146 /0 undetected
__tpi_not_test_en->__tpi_cp_30___aig_not_201 /1 undetected
test_en->__tpi_cp_0___aig_not_199 /0 undetected
__tpi_not_test_en->__tpi_cp_13___buf_split_183 /1 undetected
__tpi_not_test_en->__tpi_cp_21___buf_split_182 /1 undetected
__tpi_not_test_en->__tpi_cp_23___buf_split_44 /1 undetected
__tpi_not_test_en->__tpi_cp_29_II788 /1 undetected
test_en->__tpi_cp_31___buf_split_141 /0 undetected
__tpi_not_test_en->__tpi_cp_20_II675 /1 undetected
__tpi_not_test_en->__tpi_cp_16___buf_split_178 /1 undetected
test_en->__tpi_cp_9___aig_and_68 /0 undetected
__tpi_not_test_en->__tpi_cp_15___buf_split_37 /1 undetected
__tpi_not_test_en->__tpi_cp_14___buf_split_26 /1 undetected
__tpi_not_test_en->__tpi_cp_19___aig_not_175 /1 undetected
__tpi_not_test_en->__tpi_cp_17_II613 /1 undetected
