[b15-round3/long32_balanced/decay_128] [gmean] 2026-07-20T21:06:31 out_dir=autoresearch/loop-260720-0945/model_training_round3/b15_selection/long32_balanced/decay_128
[b15-round3/long32_balanced/decay_128] [gmean] 2026-07-20T21:06:31 budgets=iscas99__b15_1:278
[b15-round3/long32_balanced/decay_128] [gmean] 2026-07-20T21:06:31 variant_start id=greedy__cumulative__q_typed_residual_context__bw1__d1__c48__g1p0__candhard_fault_cluster__div0p0__s0
[b15-round3/long32_balanced/decay_128] [gmean] 2026-07-20T21:06:31 [1/1] plan_start benchmark=iscas99__b15_1 budget=278 planner=greedy score=q_typed_residual_context
[b15-round3/long32_balanced/decay_128] [plan iscas99__b15_1] [plan] torch_deterministic=true
[b15-round3/long32_balanced/decay_128] [plan iscas99__b15_1] [plan] candidate_allowlist=autoresearch/original-netlist-recovery-260712/exact_itc99/b15_C/exact_candidate_nodes.txt nodes=7918
[b15-round3/long32_balanced/decay_128] [plan iscas99__b15_1] [plan] latent_norm_clip_ratio=4 latent_norm_limit=30.875631
[b15-round3/long32_balanced/decay_128] [plan iscas99__b15_1] [plan] step=1 node=N677 type=control1 q_typed_residual_context=5.215589 sequence=5.215589
[b15-round3/long32_balanced/decay_128] [plan iscas99__b15_1] [plan] step=2 node=N2155 type=observe q_typed_residual_context=4.735897 sequence=9.951485
[b15-round3/long32_balanced/decay_128] [plan iscas99__b15_1] [plan] step=3 node=N502 type=control1 q_typed_residual_context=2.072521 sequence=12.024006
[b15-round3/long32_balanced/decay_128] [plan iscas99__b15_1] [plan] step=4 node=N762 type=control1 q_typed_residual_context=1.817576 sequence=13.841582
[b15-round3/long32_balanced/decay_128] [plan iscas99__b15_1] [plan] step=5 node=N3756 type=control0 q_typed_residual_context=1.185644 sequence=15.027226
[b15-round3/long32_balanced/decay_128] [plan iscas99__b15_1] [plan] step=6 node=N3644 type=control0 q_typed_residual_context=1.329178 sequence=16.356404
[b15-round3/long32_balanced/decay_128] [plan iscas99__b15_1] [plan] step=7 node=N3722 type=control0 q_typed_residual_context=0.891271 sequence=17.247675
[b15-round3/long32_balanced/decay_128] [plan iscas99__b15_1] [plan] step=8 node=N557 type=control1 q_typed_residual_context=1.190610 sequence=18.438285
[b15-round3/long32_balanced/decay_128] [plan iscas99__b15_1] [plan] step=9 node=N5143 type=observe q_typed_residual_context=1.237944 sequence=19.676229
[b15-round3/long32_balanced/decay_128] [plan iscas99__b15_1] [plan] step=10 node=N508 type=control1 q_typed_residual_context=1.413947 sequence=21.090176
[b15-round3/long32_balanced/decay_128] [plan iscas99__b15_1] [plan] step=11 node=N564 type=control1 q_typed_residual_context=1.165590 sequence=22.255766
[b15-round3/long32_balanced/decay_128] [plan iscas99__b15_1] [plan] step=12 node=N5203 type=control1 q_typed_residual_context=1.070961 sequence=23.326727
[b15-round3/long32_balanced/decay_128] [plan iscas99__b15_1] [plan] step=13 node=N5866 type=observe q_typed_residual_context=4.087545 sequence=27.414271
[b15-round3/long32_balanced/decay_128] [plan iscas99__b15_1] [plan] step=14 node=N580 type=control1 q_typed_residual_context=2.478421 sequence=29.892693
[b15-round3/long32_balanced/decay_128] [plan iscas99__b15_1] [plan] step=15 node=N737 type=control1 q_typed_residual_context=3.302966 sequence=33.195659
[b15-round3/long32_balanced/decay_128] [plan iscas99__b15_1] [plan] step=16 node=N1853 type=observe q_typed_residual_context=2.309741 sequence=35.505400
[b15-round3/long32_balanced/decay_128] [plan iscas99__b15_1] [plan] step=17 node=N2082 type=observe q_typed_residual_context=5.181272 sequence=40.686672
[b15-round3/long32_balanced/decay_128] [plan iscas99__b15_1] [plan] step=18 node=N2153 type=observe q_typed_residual_context=6.319222 sequence=47.005894
[b15-round3/long32_balanced/decay_128] [plan iscas99__b15_1] [plan] step=19 node=N2101 type=observe q_typed_residual_context=6.899469 sequence=53.905362
[b15-round3/long32_balanced/decay_128] [plan iscas99__b15_1] [plan] step=20 node=N1860 type=observe q_typed_residual_context=5.212914 sequence=59.118276
[b15-round3/long32_balanced/decay_128] [plan iscas99__b15_1] [plan] step=21 node=N1372 type=observe q_typed_residual_context=5.789809 sequence=64.908085
[b15-round3/long32_balanced/decay_128] [plan iscas99__b15_1] [plan] step=22 node=N496 type=control1 q_typed_residual_context=6.780389 sequence=71.688474
[b15-round3/long32_balanced/decay_128] [plan iscas99__b15_1] [plan] step=23 node=N1532 type=observe q_typed_residual_context=6.129294 sequence=77.817768
[b15-round3/long32_balanced/decay_128] [plan iscas99__b15_1] [plan] step=24 node=N5723 type=control0 q_typed_residual_context=2.295442 sequence=80.113210
[b15-round3/long32_balanced/decay_128] [plan iscas99__b15_1] [plan] step=25 node=N7516 type=observe q_typed_residual_context=6.193255 sequence=86.306465
[b15-round3/long32_balanced/decay_128] [plan iscas99__b15_1] [plan] step=26 node=N582 type=control1 q_typed_residual_context=7.533624 sequence=93.840088
[b15-round3/long32_balanced/decay_128] [plan iscas99__b15_1] [plan] step=27 node=N766 type=control1 q_typed_residual_context=7.951099 sequence=101.791188
[b15-round3/long32_balanced/decay_128] [plan iscas99__b15_1] [plan] step=28 node=N7511 type=control1 q_typed_residual_context=2.907339 sequence=104.698527
[b15-round3/long32_balanced/decay_128] [plan iscas99__b15_1] [plan] step=29 node=N7411 type=control1 q_typed_residual_context=4.258436 sequence=108.956963
[b15-round3/long32_balanced/decay_128] [plan iscas99__b15_1] [plan] step=30 node=N5234 type=observe q_typed_residual_context=6.713745 sequence=115.670708
[b15-round3/long32_balanced/decay_128] [plan iscas99__b15_1] [plan] step=31 node=N4635 type=control0 q_typed_residual_context=8.779107 sequence=124.449814
[b15-round3/long32_balanced/decay_128] [plan iscas99__b15_1] [plan] step=32 node=N2042 type=observe q_typed_residual_context=4.840345 sequence=129.290160
[b15-round3/long32_balanced/decay_128] [plan iscas99__b15_1] [plan] step=33 node=N583 type=control1 q_typed_residual_context=7.952122 sequence=137.242282
[b15-round3/long32_balanced/decay_128] [plan iscas99__b15_1] [plan] step=34 node=N576 type=observe q_typed_residual_context=6.688798 sequence=143.931080
[b15-round3/long32_balanced/decay_128] [plan iscas99__b15_1] [plan] step=35 node=N7891 type=control1 q_typed_residual_context=3.165355 sequence=147.096436
[b15-round3/long32_balanced/decay_128] [plan iscas99__b15_1] [plan] step=36 node=N3911 type=control0 q_typed_residual_context=0.806434 sequence=147.902869
[b15-round3/long32_balanced/decay_128] [plan iscas99__b15_1] [plan] step=37 node=N2044 type=observe q_typed_residual_context=1.564075 sequence=149.466945
[b15-round3/long32_balanced/decay_128] [plan iscas99__b15_1] [plan] step=38 node=N4649 type=control0 q_typed_residual_context=6.237876 sequence=155.704821
[b15-round3/long32_balanced/decay_128] [plan iscas99__b15_1] [plan] step=39 node=N3701 type=control0 q_typed_residual_context=0.853198 sequence=156.558019
[b15-round3/long32_balanced/decay_128] [plan iscas99__b15_1] [plan] step=40 node=N7881 type=control1 q_typed_residual_context=5.515206 sequence=162.073225
[b15-round3/long32_balanced/decay_128] [plan iscas99__b15_1] [plan] step=41 node=N3904 type=control0 q_typed_residual_context=0.847437 sequence=162.920662
[b15-round3/long32_balanced/decay_128] [plan iscas99__b15_1] [plan] step=42 node=N4656 type=control0 q_typed_residual_context=4.340710 sequence=167.261372
[b15-round3/long32_balanced/decay_128] [plan iscas99__b15_1] [plan] step=43 node=N7882 type=control1 q_typed_residual_context=1.997380 sequence=169.258752
[b15-round3/long32_balanced/decay_128] [plan iscas99__b15_1] [plan] step=44 node=N7883 type=control1 q_typed_residual_context=2.132408 sequence=171.391160
[b15-round3/long32_balanced/decay_128] [plan iscas99__b15_1] [plan] step=45 node=N7884 type=control1 q_typed_residual_context=1.337214 sequence=172.728374
[b15-round3/long32_balanced/decay_128] [plan iscas99__b15_1] [plan] step=46 node=N3897 type=control0 q_typed_residual_context=0.982160 sequence=173.710534
[b15-round3/long32_balanced/decay_128] [plan iscas99__b15_1] [plan] step=47 node=N4670 type=control0 q_typed_residual_context=2.130584 sequence=175.841117
[b15-round3/long32_balanced/decay_128] [plan iscas99__b15_1] [plan] step=48 node=N4663 type=control0 q_typed_residual_context=1.684781 sequence=177.525898
[b15-round3/long32_balanced/decay_128] [plan iscas99__b15_1] [plan] step=49 node=N713 type=observe q_typed_residual_context=1.484079 sequence=179.009977
[b15-round3/long32_balanced/decay_128] [plan iscas99__b15_1] [plan] step=50 node=N4677 type=control0 q_typed_residual_context=1.985197 sequence=180.995174
[b15-round3/long32_balanced/decay_128] [plan iscas99__b15_1] [plan] step=51 node=N3862 type=control0 q_typed_residual_context=0.959153 sequence=181.954328
[b15-round3/long32_balanced/decay_128] [plan iscas99__b15_1] [plan] step=52 node=N724 type=observe q_typed_residual_context=1.903587 sequence=183.857914
[b15-round3/long32_balanced/decay_128] [plan iscas99__b15_1] [plan] step=53 node=N4684 type=control0 q_typed_residual_context=2.163251 sequence=186.021165
[b15-round3/long32_balanced/decay_128] [plan iscas99__b15_1] [plan] step=54 node=N704 type=observe q_typed_residual_context=1.582966 sequence=187.604132
[b15-round3/long32_balanced/decay_128] [plan iscas99__b15_1] [plan] step=55 node=N4691 type=control0 q_typed_residual_context=2.052265 sequence=189.656397
[b15-round3/long32_balanced/decay_128] [plan iscas99__b15_1] [plan] step=56 node=N7887 type=control1 q_typed_residual_context=0.973478 sequence=190.629875
[b15-round3/long32_balanced/decay_128] [plan iscas99__b15_1] [plan] step=57 node=N3855 type=control0 q_typed_residual_context=0.962081 sequence=191.591956
[b15-round3/long32_balanced/decay_128] [plan iscas99__b15_1] [plan] step=58 node=N4698 type=control0 q_typed_residual_context=1.627218 sequence=193.219174
[b15-round3/long32_balanced/decay_128] [plan iscas99__b15_1] [plan] step=59 node=N3848 type=control0 q_typed_residual_context=1.047256 sequence=194.266431
[b15-round3/long32_balanced/decay_128] [plan iscas99__b15_1] [plan] step=60 node=N4705 type=control0 q_typed_residual_context=1.718776 sequence=195.985206
[b15-round3/long32_balanced/decay_128] [plan iscas99__b15_1] [plan] step=61 node=N4712 type=control0 q_typed_residual_context=1.551500 sequence=197.536706
[b15-round3/long32_balanced/decay_128] [plan iscas99__b15_1] [plan] step=62 node=N3827 type=control0 q_typed_residual_context=1.131539 sequence=198.668245
[b15-round3/long32_balanced/decay_128] [plan iscas99__b15_1] [plan] step=63 node=N4716 type=control0 q_typed_residual_context=1.462618 sequence=200.130863
[b15-round3/long32_balanced/decay_128] [plan iscas99__b15_1] [plan] step=64 node=N7471 type=control0 q_typed_residual_context=1.254010 sequence=201.384873
[b15-round3/long32_balanced/decay_128] [plan iscas99__b15_1] [plan] step=65 node=N3820 type=control0 q_typed_residual_context=1.109920 sequence=202.494793
[b15-round3/long32_balanced/decay_128] [plan iscas99__b15_1] [plan] step=66 node=N3813 type=control0 q_typed_residual_context=1.321214 sequence=203.816007
[b15-round3/long32_balanced/decay_128] [plan iscas99__b15_1] [plan] step=67 node=N3799 type=control0 q_typed_residual_context=1.806637 sequence=205.622644
[b15-round3/long32_balanced/decay_128] [plan iscas99__b15_1] [plan] step=68 node=N3792 type=control0 q_typed_residual_context=1.278270 sequence=206.900914
[b15-round3/long32_balanced/decay_128] [plan iscas99__b15_1] [plan] step=69 node=N3785 type=control0 q_typed_residual_context=1.610934 sequence=208.511848
[b15-round3/long32_balanced/decay_128] [plan iscas99__b15_1] [plan] step=70 node=N3889 type=control0 q_typed_residual_context=1.839899 sequence=210.351747
[b15-round3/long32_balanced/decay_128] [plan iscas99__b15_1] [plan] step=71 node=N3805 type=control0 q_typed_residual_context=2.020697 sequence=212.372445
[b15-round3/long32_balanced/decay_128] [plan iscas99__b15_1] [plan] step=72 node=N3882 type=control0 q_typed_residual_context=2.000372 sequence=214.372816
[b15-round3/long32_balanced/decay_128] [plan iscas99__b15_1] [plan] step=73 node=N3742 type=control0 q_typed_residual_context=1.958560 sequence=216.331377
[b15-round3/long32_balanced/decay_128] [plan iscas99__b15_1] [plan] step=74 node=N4585 type=control0 q_typed_residual_context=1.991947 sequence=218.323323
[b15-round3/long32_balanced/decay_128] [plan iscas99__b15_1] [plan] step=75 node=N2350 type=control0 q_typed_residual_context=2.046434 sequence=220.369757
[b15-round3/long32_balanced/decay_128] [plan iscas99__b15_1] [plan] step=76 node=N722 type=observe q_typed_residual_context=2.589746 sequence=222.959503
[b15-round3/long32_balanced/decay_128] [plan iscas99__b15_1] [plan] step=77 node=N4557 type=control0 q_typed_residual_context=3.668274 sequence=226.627778
[b15-round3/long32_balanced/decay_128] [plan iscas99__b15_1] [plan] step=78 node=N7854 type=control0 q_typed_residual_context=3.193908 sequence=229.821685
[b15-round3/long32_balanced/decay_128] [plan iscas99__b15_1] [plan] step=79 node=N4578 type=control0 q_typed_residual_context=3.959349 sequence=233.781034
[b15-round3/long32_balanced/decay_128] [plan iscas99__b15_1] [plan] step=80 node=N4606 type=control0 q_typed_residual_context=3.547078 sequence=237.328112
[b15-round3/long32_balanced/decay_128] [plan iscas99__b15_1] [plan] step=81 node=N4564 type=control0 q_typed_residual_context=2.984337 sequence=240.312450
[b15-round3/long32_balanced/decay_128] [plan iscas99__b15_1] [plan] step=82 node=N1539 type=control0 q_typed_residual_context=2.819362 sequence=243.131812
[b15-round3/long32_balanced/decay_128] [plan iscas99__b15_1] [plan] step=83 node=N7724 type=control0 q_typed_residual_context=3.354002 sequence=246.485814
[b15-round3/long32_balanced/decay_128] [plan iscas99__b15_1] [plan] step=84 node=N7722 type=control0 q_typed_residual_context=3.351957 sequence=249.837771
[b15-round3/long32_balanced/decay_128] [plan iscas99__b15_1] [plan] step=85 node=N519 type=control1 q_typed_residual_context=3.435962 sequence=253.273733
[b15-round3/long32_balanced/decay_128] [plan iscas99__b15_1] [plan] step=86 node=N3903 type=control0 q_typed_residual_context=2.936985 sequence=256.210718
[b15-round3/long32_balanced/decay_128] [plan iscas99__b15_1] [plan] step=87 node=N4520 type=control0 q_typed_residual_context=3.463415 sequence=259.674133
[b15-round3/long32_balanced/decay_128] [plan iscas99__b15_1] [plan] step=88 node=N2040 type=observe q_typed_residual_context=3.258339 sequence=262.932472
[b15-round3/long32_balanced/decay_128] [plan iscas99__b15_1] [plan] step=89 node=N3896 type=control0 q_typed_residual_context=3.950401 sequence=266.882873
[b15-round3/long32_balanced/decay_128] [plan iscas99__b15_1] [plan] step=90 node=N7723 type=control0 q_typed_residual_context=3.852132 sequence=270.735004
[b15-round3/long32_balanced/decay_128] [plan iscas99__b15_1] [plan] step=91 node=N504 type=control1 q_typed_residual_context=3.479507 sequence=274.214511
[b15-round3/long32_balanced/decay_128] [plan iscas99__b15_1] [plan] step=92 node=N7725 type=control0 q_typed_residual_context=3.680026 sequence=277.894537
[b15-round3/long32_balanced/decay_128] [plan iscas99__b15_1] [plan] step=93 node=N520 type=control1 q_typed_residual_context=4.290567 sequence=282.185104
[b15-round3/long32_balanced/decay_128] [plan iscas99__b15_1] [plan] step=94 node=N7370 type=control1 q_typed_residual_context=2.924960 sequence=285.110064
[b15-round3/long32_balanced/decay_128] [plan iscas99__b15_1] [plan] step=95 node=N516 type=control1 q_typed_residual_context=4.330570 sequence=289.440633
[b15-round3/long32_balanced/decay_128] [plan iscas99__b15_1] [plan] step=96 node=N7890 type=control1 q_typed_residual_context=1.880017 sequence=291.320651
[b15-round3/long32_balanced/decay_128] [plan iscas99__b15_1] [plan] step=97 node=N3840 type=control0 q_typed_residual_context=2.449205 sequence=293.769855
[b15-round3/long32_balanced/decay_128] [plan iscas99__b15_1] [plan] step=98 node=N7886 type=control1 q_typed_residual_context=2.219829 sequence=295.989684
[b15-round3/long32_balanced/decay_128] [plan iscas99__b15_1] [plan] step=99 node=N7846 type=control0 q_typed_residual_context=3.383239 sequence=299.372924
[b15-round3/long32_balanced/decay_128] [plan iscas99__b15_1] [plan] step=100 node=N7408 type=control0 q_typed_residual_context=3.317514 sequence=302.690438
[b15-round3/long32_balanced/decay_128] [plan iscas99__b15_1] [plan] step=101 node=N7885 type=control1 q_typed_residual_context=2.674128 sequence=305.364565
[b15-round3/long32_balanced/decay_128] [plan iscas99__b15_1] [plan] step=102 node=N7847 type=control0 q_typed_residual_context=4.891440 sequence=310.256006
[b15-round3/long32_balanced/decay_128] [plan iscas99__b15_1] [plan] step=103 node=N7541 type=control0 q_typed_residual_context=3.800382 sequence=314.056388
[b15-round3/long32_balanced/decay_128] [plan iscas99__b15_1] [plan] step=104 node=N7852 type=control0 q_typed_residual_context=6.119281 sequence=320.175669
[b15-round3/long32_balanced/decay_128] [plan iscas99__b15_1] [plan] step=105 node=N7853 type=control0 q_typed_residual_context=4.147925 sequence=324.323594
[b15-round3/long32_balanced/decay_128] [plan iscas99__b15_1] [plan] step=106 node=N2580 type=control1 q_typed_residual_context=4.029754 sequence=328.353348
[b15-round3/long32_balanced/decay_128] [plan iscas99__b15_1] [plan] step=107 node=N7820 type=control0 q_typed_residual_context=6.235695 sequence=334.589043
[b15-round3/long32_balanced/decay_128] [plan iscas99__b15_1] [plan] step=108 node=N7888 type=control1 q_typed_residual_context=4.600134 sequence=339.189177
[b15-round3/long32_balanced/decay_128] [plan iscas99__b15_1] [plan] step=109 node=N3681 type=control0 q_typed_residual_context=4.956895 sequence=344.146072
[b15-round3/long32_balanced/decay_128] [plan iscas99__b15_1] [plan] step=110 node=N7889 type=control1 q_typed_residual_context=4.390243 sequence=348.536315
[b15-round3/long32_balanced/decay_128] [plan iscas99__b15_1] [plan] step=111 node=N513 type=control1 q_typed_residual_context=4.364864 sequence=352.901179
[b15-round3/long32_balanced/decay_128] [plan iscas99__b15_1] [plan] step=112 node=N2083 type=observe q_typed_residual_context=3.110396 sequence=356.011576
[b15-round3/long32_balanced/decay_128] [plan iscas99__b15_1] [plan] step=113 node=N7543 type=control0 q_typed_residual_context=3.635087 sequence=359.646663
[b15-round3/long32_balanced/decay_128] [plan iscas99__b15_1] [plan] step=114 node=N634 type=control1 q_typed_residual_context=4.249312 sequence=363.895974
[b15-round3/long32_balanced/decay_128] [plan iscas99__b15_1] [plan] step=115 node=N614 type=control1 q_typed_residual_context=3.934144 sequence=367.830118
[b15-round3/long32_balanced/decay_128] [plan iscas99__b15_1] [plan] step=116 node=N556 type=control1 q_typed_residual_context=4.513947 sequence=372.344066
[b15-round3/long32_balanced/decay_128] [plan iscas99__b15_1] [plan] step=117 node=N7588 type=control1 q_typed_residual_context=1.327315 sequence=373.671381
[b15-round3/long32_balanced/decay_128] [plan iscas99__b15_1] [plan] step=118 node=N7590 type=control1 q_typed_residual_context=1.447202 sequence=375.118583
[b15-round3/long32_balanced/decay_128] [plan iscas99__b15_1] [plan] step=119 node=N578 type=observe q_typed_residual_context=1.102327 sequence=376.220910
[b15-round3/long32_balanced/decay_128] [plan iscas99__b15_1] [plan] step=120 node=N510 type=control1 q_typed_residual_context=1.694142 sequence=377.915052
[b15-round3/long32_balanced/decay_128] [plan iscas99__b15_1] [plan] step=121 node=N620 type=control1 q_typed_residual_context=1.216879 sequence=379.131931
[b15-round3/long32_balanced/decay_128] [plan iscas99__b15_1] [plan] step=122 node=N610 type=control1 q_typed_residual_context=1.735514 sequence=380.867445
[b15-round3/long32_balanced/decay_128] [plan iscas99__b15_1] [plan] step=123 node=N638 type=control1 q_typed_residual_context=1.609864 sequence=382.477309
[b15-round3/long32_balanced/decay_128] [plan iscas99__b15_1] [plan] step=124 node=N5876 type=observe q_typed_residual_context=1.123539 sequence=383.600848
[b15-round3/long32_balanced/decay_128] [plan iscas99__b15_1] [plan] step=125 node=N2157 type=observe q_typed_residual_context=3.982988 sequence=387.583835
[b15-round3/long32_balanced/decay_128] [plan iscas99__b15_1] [plan] step=126 node=N555 type=control1 q_typed_residual_context=2.286436 sequence=389.870272
[b15-round3/long32_balanced/decay_128] [plan iscas99__b15_1] [plan] step=127 node=N7401 type=observe q_typed_residual_context=2.050514 sequence=391.920785
[b15-round3/long32_balanced/decay_128] [plan iscas99__b15_1] [plan] step=128 node=N7627 type=observe q_typed_residual_context=2.068532 sequence=393.989318
[b15-round3/long32_balanced/decay_128] [plan iscas99__b15_1] [plan] step=129 node=N5740 type=observe q_typed_residual_context=3.858732 sequence=397.848050
[b15-round3/long32_balanced/decay_128] [plan iscas99__b15_1] [plan] step=130 node=N7679 type=observe q_typed_residual_context=1.386805 sequence=399.234855
[b15-round3/long32_balanced/decay_128] [plan iscas99__b15_1] [plan] step=131 node=N7413 type=control1 q_typed_residual_context=4.798763 sequence=404.033618
[b15-round3/long32_balanced/decay_128] [plan iscas99__b15_1] [plan] step=132 node=N645 type=control1 q_typed_residual_context=2.407046 sequence=406.440663
[b15-round3/long32_balanced/decay_128] [plan iscas99__b15_1] [plan] step=133 node=N616 type=control1 q_typed_residual_context=2.198477 sequence=408.639140
[b15-round3/long32_balanced/decay_128] [plan iscas99__b15_1] [plan] step=134 node=N694 type=observe q_typed_residual_context=3.263786 sequence=411.902927
[b15-round3/long32_balanced/decay_128] [plan iscas99__b15_1] [plan] step=135 node=N636 type=control1 q_typed_residual_context=1.520784 sequence=413.423711
[b15-round3/long32_balanced/decay_128] [plan iscas99__b15_1] [plan] step=136 node=N3410 type=control1 q_typed_residual_context=2.107489 sequence=415.531200
[b15-round3/long32_balanced/decay_128] [plan iscas99__b15_1] [plan] step=137 node=N3180 type=control1 q_typed_residual_context=0.862196 sequence=416.393396
[b15-round3/long32_balanced/decay_128] [plan iscas99__b15_1] [plan] step=138 node=N3295 type=control1 q_typed_residual_context=0.864708 sequence=417.258104
[b15-round3/long32_balanced/decay_128] [plan iscas99__b15_1] [plan] step=139 node=N6674 type=observe q_typed_residual_context=0.895876 sequence=418.153980
[b15-round3/long32_balanced/decay_128] [plan iscas99__b15_1] [plan] step=140 node=N7424 type=control1 q_typed_residual_context=1.019616 sequence=419.173595
[b15-round3/long32_balanced/decay_128] [plan iscas99__b15_1] [plan] step=141 node=N630 type=control1 q_typed_residual_context=0.955306 sequence=420.128901
[b15-round3/long32_balanced/decay_128] [plan iscas99__b15_1] [plan] step=142 node=N5356 type=observe q_typed_residual_context=0.959307 sequence=421.088208
[b15-round3/long32_balanced/decay_128] [plan iscas99__b15_1] [plan] step=143 node=N7402 type=observe q_typed_residual_context=1.180267 sequence=422.268475
[b15-round3/long32_balanced/decay_128] [plan iscas99__b15_1] [plan] step=144 node=N2149 type=observe q_typed_residual_context=1.756118 sequence=424.024593
[b15-round3/long32_balanced/decay_128] [plan iscas99__b15_1] [plan] step=145 node=N642 type=control1 q_typed_residual_context=1.071182 sequence=425.095775
[b15-round3/long32_balanced/decay_128] [plan iscas99__b15_1] [plan] step=146 node=N649 type=control1 q_typed_residual_context=1.436399 sequence=426.532174
[b15-round3/long32_balanced/decay_128] [plan iscas99__b15_1] [plan] step=147 node=N5878 type=observe q_typed_residual_context=1.748978 sequence=428.281152
[b15-round3/long32_balanced/decay_128] [plan iscas99__b15_1] [plan] step=148 node=N2102 type=observe q_typed_residual_context=1.327139 sequence=429.608290
[b15-round3/long32_balanced/decay_128] [plan iscas99__b15_1] [plan] step=149 node=N7614 type=observe q_typed_residual_context=1.187676 sequence=430.795966
[b15-round3/long32_balanced/decay_128] [plan iscas99__b15_1] [plan] step=150 node=N712 type=observe q_typed_residual_context=2.099609 sequence=432.895575
[b15-round3/long32_balanced/decay_128] [plan iscas99__b15_1] [plan] step=151 node=N5874 type=observe q_typed_residual_context=1.321281 sequence=434.216856
[b15-round3/long32_balanced/decay_128] [plan iscas99__b15_1] [plan] step=152 node=N7721 type=control0 q_typed_residual_context=4.406278 sequence=438.623134
[b15-round3/long32_balanced/decay_128] [plan iscas99__b15_1] [plan] step=153 node=N1607 type=control1 q_typed_residual_context=1.946088 sequence=440.569223
[b15-round3/long32_balanced/decay_128] [plan iscas99__b15_1] [plan] step=154 node=N1411 type=control0 q_typed_residual_context=1.458133 sequence=442.027356
[b15-round3/long32_balanced/decay_128] [plan iscas99__b15_1] [plan] step=155 node=N3525 type=control1 q_typed_residual_context=1.610512 sequence=443.637867
[b15-round3/long32_balanced/decay_128] [plan iscas99__b15_1] [plan] step=156 node=N647 type=control1 q_typed_residual_context=1.159248 sequence=444.797116
[b15-round3/long32_balanced/decay_128] [plan iscas99__b15_1] [plan] step=157 node=N1586 type=control1 q_typed_residual_context=1.984351 sequence=446.781466
[b15-round3/long32_balanced/decay_128] [plan iscas99__b15_1] [plan] step=158 node=N3467 type=control1 q_typed_residual_context=2.117905 sequence=448.899371
[b15-round3/long32_balanced/decay_128] [plan iscas99__b15_1] [plan] step=159 node=N7421 type=control1 q_typed_residual_context=1.120209 sequence=450.019580
[b15-round3/long32_balanced/decay_128] [plan iscas99__b15_1] [plan] step=160 node=N2652 type=control1 q_typed_residual_context=1.075245 sequence=451.094825
[b15-round3/long32_balanced/decay_128] [plan iscas99__b15_1] [plan] step=161 node=N2106 type=observe q_typed_residual_context=0.973161 sequence=452.067987
[b15-round3/long32_balanced/decay_128] [plan iscas99__b15_1] [plan] step=162 node=N7385 type=observe q_typed_residual_context=1.100446 sequence=453.168433
[b15-round3/long32_balanced/decay_128] [plan iscas99__b15_1] [plan] step=163 node=N6534 type=observe q_typed_residual_context=0.878431 sequence=454.046864
[b15-round3/long32_balanced/decay_128] [plan iscas99__b15_1] [plan] step=164 node=N715 type=observe q_typed_residual_context=1.163929 sequence=455.210793
[b15-round3/long32_balanced/decay_128] [plan iscas99__b15_1] [plan] step=165 node=N723 type=observe q_typed_residual_context=1.187046 sequence=456.397839
[b15-round3/long32_balanced/decay_128] [plan iscas99__b15_1] [plan] step=166 node=N714 type=observe q_typed_residual_context=1.386555 sequence=457.784394
[b15-round3/long32_balanced/decay_128] [plan iscas99__b15_1] [plan] step=167 node=N7454 type=observe q_typed_residual_context=1.110919 sequence=458.895313
[b15-round3/long32_balanced/decay_128] [plan iscas99__b15_1] [plan] step=168 node=N2721 type=control1 q_typed_residual_context=1.018096 sequence=459.913409
[b15-round3/long32_balanced/decay_128] [plan iscas99__b15_1] [plan] step=169 node=N2894 type=control1 q_typed_residual_context=0.954546 sequence=460.867956
[b15-round3/long32_balanced/decay_128] [plan iscas99__b15_1] [plan] step=170 node=N2952 type=control1 q_typed_residual_context=0.828935 sequence=461.696891
[b15-round3/long32_balanced/decay_128] [plan iscas99__b15_1] [plan] step=171 node=N7436 type=observe q_typed_residual_context=0.767848 sequence=462.464739
[b15-round3/long32_balanced/decay_128] [plan iscas99__b15_1] [plan] step=172 node=N5473 type=observe q_typed_residual_context=0.897454 sequence=463.362192
[b15-round3/long32_balanced/decay_128] [plan iscas99__b15_1] [plan] step=173 node=N2779 type=control1 q_typed_residual_context=0.936406 sequence=464.298598
[b15-round3/long32_balanced/decay_128] [plan iscas99__b15_1] [plan] step=174 node=N758 type=observe q_typed_residual_context=0.764306 sequence=465.062904
[b15-round3/long32_balanced/decay_128] [plan iscas99__b15_1] [plan] step=175 node=N705 type=observe q_typed_residual_context=2.459047 sequence=467.521950
[b15-round3/long32_balanced/decay_128] [plan iscas99__b15_1] [plan] step=176 node=N725 type=observe q_typed_residual_context=3.136190 sequence=470.658140
[b15-round3/long32_balanced/decay_128] [plan iscas99__b15_1] [plan] step=177 node=N703 type=observe q_typed_residual_context=3.251653 sequence=473.909794
[b15-round3/long32_balanced/decay_128] [plan iscas99__b15_1] [plan] step=178 node=N7414 type=control1 q_typed_residual_context=3.005080 sequence=476.914874
[b15-round3/long32_balanced/decay_128] [plan iscas99__b15_1] [plan] step=179 node=N7873 type=control1 q_typed_residual_context=1.361470 sequence=478.276344
[b15-round3/long32_balanced/decay_128] [plan iscas99__b15_1] [plan] step=180 node=N2837 type=control1 q_typed_residual_context=1.052471 sequence=479.328815
[b15-round3/long32_balanced/decay_128] [plan iscas99__b15_1] [plan] step=181 node=N3009 type=control1 q_typed_residual_context=0.964961 sequence=480.293776
[b15-round3/long32_balanced/decay_128] [plan iscas99__b15_1] [plan] step=182 node=N759 type=observe q_typed_residual_context=0.883485 sequence=481.177261
[b15-round3/long32_balanced/decay_128] [plan iscas99__b15_1] [plan] step=183 node=N7589 type=control1 q_typed_residual_context=1.925781 sequence=483.103042
[b15-round3/long32_balanced/decay_128] [plan iscas99__b15_1] [plan] step=184 node=N3067 type=control1 q_typed_residual_context=2.838964 sequence=485.942005
[b15-round3/long32_balanced/decay_128] [plan iscas99__b15_1] [plan] step=185 node=N8790 type=control1 q_typed_residual_context=1.828607 sequence=487.770613
[b15-round3/long32_balanced/decay_128] [plan iscas99__b15_1] [plan] step=186 node=N5456 type=observe q_typed_residual_context=2.331165 sequence=490.101777
[b15-round3/long32_balanced/decay_128] [plan iscas99__b15_1] [plan] step=187 node=N679 type=observe q_typed_residual_context=0.914317 sequence=491.016094
[b15-round3/long32_balanced/decay_128] [plan iscas99__b15_1] [plan] step=188 node=N8240 type=control1 q_typed_residual_context=0.894787 sequence=491.910881
[b15-round3/long32_balanced/decay_128] [plan iscas99__b15_1] [plan] step=189 node=N5422 type=observe q_typed_residual_context=1.338744 sequence=493.249625
[b15-round3/long32_balanced/decay_128] [plan iscas99__b15_1] [plan] step=190 node=N8789 type=control1 q_typed_residual_context=6.945274 sequence=500.194899
[b15-round3/long32_balanced/decay_128] [plan iscas99__b15_1] [plan] step=191 node=N8239 type=control1 q_typed_residual_context=4.157897 sequence=504.352796
[b15-round3/long32_balanced/decay_128] [plan iscas99__b15_1] [plan] step=192 node=N706 type=observe q_typed_residual_context=2.483694 sequence=506.836490
[b15-round3/long32_balanced/decay_128] [plan iscas99__b15_1] [plan] step=193 node=N7439 type=observe q_typed_residual_context=2.484554 sequence=509.321044
[b15-round3/long32_balanced/decay_128] [plan iscas99__b15_1] [plan] step=194 node=N8607 type=control1 q_typed_residual_context=1.945820 sequence=511.266864
[b15-round3/long32_balanced/decay_128] [plan iscas99__b15_1] [plan] step=195 node=N7405 type=observe q_typed_residual_context=5.967502 sequence=517.234366
[b15-round3/long32_balanced/decay_128] [plan iscas99__b15_1] [plan] step=196 node=N5439 type=observe q_typed_residual_context=2.017134 sequence=519.251500
[b15-round3/long32_balanced/decay_128] [plan iscas99__b15_1] [plan] step=197 node=N628 type=control1 q_typed_residual_context=0.836624 sequence=520.088124
[b15-round3/long32_balanced/decay_128] [plan iscas99__b15_1] [plan] step=198 node=N652 type=control1 q_typed_residual_context=2.186474 sequence=522.274599
[b15-round3/long32_balanced/decay_128] [plan iscas99__b15_1] [plan] step=199 node=N8238 type=control1 q_typed_residual_context=0.969969 sequence=523.244568
[b15-round3/long32_balanced/decay_128] [plan iscas99__b15_1] [plan] step=200 node=N8606 type=control1 q_typed_residual_context=1.004110 sequence=524.248678
[b15-round3/long32_balanced/decay_128] [plan iscas99__b15_1] [plan] step=201 node=N765 type=observe q_typed_residual_context=5.947931 sequence=530.196609
[b15-round3/long32_balanced/decay_128] [plan iscas99__b15_1] [plan] step=202 node=N5202 type=observe q_typed_residual_context=2.172810 sequence=532.369420
[b15-round3/long32_balanced/decay_128] [plan iscas99__b15_1] [plan] step=203 node=N2151 type=observe q_typed_residual_context=2.655296 sequence=535.024716
[b15-round3/long32_balanced/decay_128] [plan iscas99__b15_1] [plan] step=204 node=N719 type=observe q_typed_residual_context=5.181889 sequence=540.206605
[b15-round3/long32_balanced/decay_128] [plan iscas99__b15_1] [plan] step=205 node=N5390 type=observe q_typed_residual_context=4.507243 sequence=544.713848
[b15-round3/long32_balanced/decay_128] [plan iscas99__b15_1] [plan] step=206 node=N8237 type=control1 q_typed_residual_context=6.045667 sequence=550.759515
[b15-round3/long32_balanced/decay_128] [plan iscas99__b15_1] [plan] step=207 node=N5334 type=observe q_typed_residual_context=7.028679 sequence=557.788194
[b15-round3/long32_balanced/decay_128] [plan iscas99__b15_1] [plan] step=208 node=N902 type=control1 q_typed_residual_context=7.172196 sequence=564.960390
[b15-round3/long32_balanced/decay_128] [plan iscas99__b15_1] [plan] step=209 node=N756 type=observe q_typed_residual_context=5.081108 sequence=570.041497
[b15-round3/long32_balanced/decay_128] [plan iscas99__b15_1] [plan] step=210 node=N8605 type=control1 q_typed_residual_context=2.734900 sequence=572.776397
[b15-round3/long32_balanced/decay_128] [plan iscas99__b15_1] [plan] step=211 node=N8236 type=control1 q_typed_residual_context=3.465453 sequence=576.241850
[b15-round3/long32_balanced/decay_128] [plan iscas99__b15_1] [plan] step=212 node=N7382 type=observe q_typed_residual_context=4.465519 sequence=580.707369
[b15-round3/long32_balanced/decay_128] [plan iscas99__b15_1] [plan] step=213 node=N5373 type=observe q_typed_residual_context=7.083626 sequence=587.790996
[b15-round3/long32_balanced/decay_128] [plan iscas99__b15_1] [plan] step=214 node=N708 type=observe q_typed_residual_context=6.974096 sequence=594.765092
[b15-round3/long32_balanced/decay_128] [plan iscas99__b15_1] [plan] step=215 node=N734 type=observe q_typed_residual_context=6.968421 sequence=601.733512
[b15-round3/long32_balanced/decay_128] [plan iscas99__b15_1] [plan] step=216 node=N515 type=control1 q_typed_residual_context=6.456897 sequence=608.190410
[b15-round3/long32_balanced/decay_128] [plan iscas99__b15_1] [plan] step=217 node=N6677 type=observe q_typed_residual_context=3.709158 sequence=611.899567
[b15-round3/long32_balanced/decay_128] [plan iscas99__b15_1] [plan] step=218 node=N699 type=observe q_typed_residual_context=3.305092 sequence=615.204660
[b15-round3/long32_balanced/decay_128] [plan iscas99__b15_1] [plan] step=219 node=N7383 type=observe q_typed_residual_context=5.626649 sequence=620.831309
[b15-round3/long32_balanced/decay_128] [plan iscas99__b15_1] [plan] step=220 node=N1351 type=observe q_typed_residual_context=6.632644 sequence=627.463953
[b15-round3/long32_balanced/decay_128] [plan iscas99__b15_1] [plan] step=221 node=N686 type=observe q_typed_residual_context=3.911705 sequence=631.375658
[b15-round3/long32_balanced/decay_128] [plan iscas99__b15_1] [plan] step=222 node=N7380 type=observe q_typed_residual_context=2.287955 sequence=633.663613
[b15-round3/long32_balanced/decay_128] [plan iscas99__b15_1] [plan] step=223 node=N2159 type=observe q_typed_residual_context=1.105219 sequence=634.768832
[b15-round3/long32_balanced/decay_128] [plan iscas99__b15_1] [plan] step=224 node=N6736 type=control1 q_typed_residual_context=0.646975 sequence=635.415807
[b15-round3/long32_balanced/decay_128] [plan iscas99__b15_1] [plan] step=225 node=N2072 type=observe q_typed_residual_context=1.896977 sequence=637.312784
[b15-round3/long32_balanced/decay_128] [plan iscas99__b15_1] [plan] step=226 node=N5726 type=control1 q_typed_residual_context=0.773065 sequence=638.085849
[b15-round3/long32_balanced/decay_128] [plan iscas99__b15_1] [plan] step=227 node=N771 type=observe q_typed_residual_context=2.961278 sequence=641.047126
[b15-round3/long32_balanced/decay_128] [plan iscas99__b15_1] [plan] step=228 node=N6668 type=observe q_typed_residual_context=6.514792 sequence=647.561918
[b15-round3/long32_balanced/decay_128] [plan iscas99__b15_1] [plan] step=229 node=N689 type=observe q_typed_residual_context=1.656876 sequence=649.218794
[b15-round3/long32_balanced/decay_128] [plan iscas99__b15_1] [plan] step=230 node=N729 type=observe q_typed_residual_context=5.128845 sequence=654.347639
[b15-round3/long32_balanced/decay_128] [plan iscas99__b15_1] [plan] step=231 node=N684 type=observe q_typed_residual_context=6.129862 sequence=660.477501
[b15-round3/long32_balanced/decay_128] [plan iscas99__b15_1] [plan] step=232 node=N6730 type=control1 q_typed_residual_context=3.707111 sequence=664.184612
[b15-round3/long32_balanced/decay_128] [plan iscas99__b15_1] [plan] step=233 node=N8235 type=control1 q_typed_residual_context=4.757242 sequence=668.941854
[b15-round3/long32_balanced/decay_128] [plan iscas99__b15_1] [plan] step=234 node=N6734 type=control1 q_typed_residual_context=1.863559 sequence=670.805412
[b15-round3/long32_balanced/decay_128] [plan iscas99__b15_1] [plan] step=235 node=N8234 type=control1 q_typed_residual_context=5.838420 sequence=676.643832
[b15-round3/long32_balanced/decay_128] [plan iscas99__b15_1] [plan] step=236 node=N2243 type=observe q_typed_residual_context=2.140092 sequence=678.783924
[b15-round3/long32_balanced/decay_128] [plan iscas99__b15_1] [plan] step=237 node=N6660 type=observe q_typed_residual_context=5.853114 sequence=684.637038
[b15-round3/long32_balanced/decay_128] [plan iscas99__b15_1] [plan] step=238 node=N5735 type=observe q_typed_residual_context=5.896755 sequence=690.533793
[b15-round3/long32_balanced/decay_128] [plan iscas99__b15_1] [plan] step=239 node=N7433 type=observe q_typed_residual_context=6.961580 sequence=697.495373
[b15-round3/long32_balanced/decay_128] [plan iscas99__b15_1] [plan] step=240 node=N6593 type=control1 q_typed_residual_context=5.910809 sequence=703.406182
[b15-round3/long32_balanced/decay_128] [plan iscas99__b15_1] [plan] step=241 node=N8783 type=control1 q_typed_residual_context=6.621461 sequence=710.027643
[b15-round3/long32_balanced/decay_128] [plan iscas99__b15_1] [plan] step=242 node=N1879 type=observe q_typed_residual_context=6.752527 sequence=716.780170
[b15-round3/long32_balanced/decay_128] [plan iscas99__b15_1] [plan] step=243 node=N2271 type=observe q_typed_residual_context=5.888090 sequence=722.668260
[b15-round3/long32_balanced/decay_128] [plan iscas99__b15_1] [plan] step=244 node=N5094 type=observe q_typed_residual_context=7.017769 sequence=729.686029
[b15-round3/long32_balanced/decay_128] [plan iscas99__b15_1] [plan] step=245 node=N2259 type=observe q_typed_residual_context=3.540980 sequence=733.227010
[b15-round3/long32_balanced/decay_128] [plan iscas99__b15_1] [plan] step=246 node=N8233 type=control1 q_typed_residual_context=7.287681 sequence=740.514691
[b15-round3/long32_balanced/decay_128] [plan iscas99__b15_1] [plan] step=247 node=N5160 type=observe q_typed_residual_context=7.325707 sequence=747.840398
[b15-round3/long32_balanced/decay_128] [plan iscas99__b15_1] [plan] step=248 node=N6658 type=observe q_typed_residual_context=7.098755 sequence=754.939153
[b15-round3/long32_balanced/decay_128] [plan iscas99__b15_1] [plan] step=249 node=N7447 type=observe q_typed_residual_context=4.875454 sequence=759.814607
[b15-round3/long32_balanced/decay_128] [plan iscas99__b15_1] [plan] step=250 node=N5111 type=observe q_typed_residual_context=3.670086 sequence=763.484693
[b15-round3/long32_balanced/decay_128] [plan iscas99__b15_1] [plan] step=251 node=N2267 type=observe q_typed_residual_context=6.897094 sequence=770.381787
[b15-round3/long32_balanced/decay_128] [plan iscas99__b15_1] [plan] step=252 node=N6743 type=control1 q_typed_residual_context=7.053359 sequence=777.435145
[b15-round3/long32_balanced/decay_128] [plan iscas99__b15_1] [plan] step=253 node=N8608 type=control1 q_typed_residual_context=6.736378 sequence=784.171523
[b15-round3/long32_balanced/decay_128] [plan iscas99__b15_1] [plan] step=254 node=N2263 type=observe q_typed_residual_context=6.347958 sequence=790.519481
[b15-round3/long32_balanced/decay_128] [plan iscas99__b15_1] [plan] step=255 node=N6656 type=observe q_typed_residual_context=6.470089 sequence=796.989571
[b15-round3/long32_balanced/decay_128] [plan iscas99__b15_1] [plan] step=256 node=N6537 type=observe q_typed_residual_context=1.880173 sequence=798.869743
[b15-round3/long32_balanced/decay_128] [plan iscas99__b15_1] [plan] step=257 node=N695 type=observe q_typed_residual_context=1.909217 sequence=800.778960
[b15-round3/long32_balanced/decay_128] [plan iscas99__b15_1] [plan] step=258 node=N6741 type=control1 q_typed_residual_context=1.823317 sequence=802.602277
[b15-round3/long32_balanced/decay_128] [plan iscas99__b15_1] [plan] step=259 node=N7443 type=observe q_typed_residual_context=1.701863 sequence=804.304141
[b15-round3/long32_balanced/decay_128] [plan iscas99__b15_1] [plan] step=260 node=N2358 type=control1 q_typed_residual_context=1.647182 sequence=805.951323
[b15-round3/long32_balanced/decay_128] [plan iscas99__b15_1] [plan] step=261 node=N2251 type=observe q_typed_residual_context=3.813071 sequence=809.764394
[b15-round3/long32_balanced/decay_128] [plan iscas99__b15_1] [plan] step=262 node=N7694 type=control0 q_typed_residual_context=0.222116 sequence=809.986510
[b15-round3/long32_balanced/decay_128] [plan iscas99__b15_1] [plan] step=263 node=N4460 type=control0 q_typed_residual_context=2.260980 sequence=812.247490
[b15-round3/long32_balanced/decay_128] [plan iscas99__b15_1] [plan] step=264 node=N1598 type=observe q_typed_residual_context=2.564611 sequence=814.812101
[b15-round3/long32_balanced/decay_128] [plan iscas99__b15_1] [plan] step=265 node=N696 type=observe q_typed_residual_context=7.022678 sequence=821.834779
[b15-round3/long32_balanced/decay_128] [plan iscas99__b15_1] [plan] step=266 node=N697 type=observe q_typed_residual_context=5.469625 sequence=827.304404
[b15-round3/long32_balanced/decay_128] [plan iscas99__b15_1] [plan] step=267 node=N2247 type=observe q_typed_residual_context=6.529887 sequence=833.834291
[b15-round3/long32_balanced/decay_128] [plan iscas99__b15_1] [plan] step=268 node=N1599 type=observe q_typed_residual_context=1.056785 sequence=834.891076
[b15-round3/long32_balanced/decay_128] [plan iscas99__b15_1] [plan] step=269 node=N6532 type=observe q_typed_residual_context=7.058709 sequence=841.949785
[b15-round3/long32_balanced/decay_128] [plan iscas99__b15_1] [plan] step=270 node=N1352 type=observe q_typed_residual_context=6.725003 sequence=848.674787
[b15-round3/long32_balanced/decay_128] [plan iscas99__b15_1] [plan] step=271 node=N680 type=observe q_typed_residual_context=5.243417 sequence=853.918204
[b15-round3/long32_balanced/decay_128] [plan iscas99__b15_1] [plan] step=272 node=N7452 type=observe q_typed_residual_context=6.611307 sequence=860.529512
[b15-round3/long32_balanced/decay_128] [plan iscas99__b15_1] [plan] step=273 node=N732 type=observe q_typed_residual_context=6.221302 sequence=866.750814
[b15-round3/long32_balanced/decay_128] [plan iscas99__b15_1] [plan] step=274 node=N2216 type=observe q_typed_residual_context=6.186269 sequence=872.937083
[b15-round3/long32_balanced/decay_128] [plan iscas99__b15_1] [plan] step=275 node=N4900 type=observe q_typed_residual_context=5.439189 sequence=878.376272
[b15-round3/long32_balanced/decay_128] [plan iscas99__b15_1] [plan] step=276 node=N7444 type=observe q_typed_residual_context=3.797747 sequence=882.174019
[b15-round3/long32_balanced/decay_128] [plan iscas99__b15_1] [plan] step=277 node=N626 type=control1 q_typed_residual_context=1.839229 sequence=884.013248
[b15-round3/long32_balanced/decay_128] [plan iscas99__b15_1] [plan] step=278 node=N6739 type=control1 q_typed_residual_context=3.228088 sequence=887.241336
[b15-round3/long32_balanced/decay_128] [plan iscas99__b15_1] saved=autoresearch/loop-260720-0945/model_training_round3/b15_selection/long32_balanced/decay_128/plans/iscas99__b15_1__greedy__cumulative__q_typed_residual_context__bw1__d1__c48__g1p0__candhard_fault_cluster__div0p0__s0.csv
[b15-round3/long32_balanced/decay_128] [gmean] 2026-07-20T21:09:21 [1/1] plan_done benchmark=iscas99__b15_1 plan_sec=169.195 plan_csv=autoresearch/loop-260720-0945/model_training_round3/b15_selection/long32_balanced/decay_128/plans/iscas99__b15_1__greedy__cumulative__q_typed_residual_context__bw1__d1__c48__g1p0__candhard_fault_cluster__div0p0__s0.csv
[b15-round3/long32_balanced/decay_128] [gmean] 2026-07-20T21:09:21 [1/1] eval_start benchmark=iscas99__b15_1 backend=atalanta-bist patterns=300000
[b15-round3/long32_balanced/decay_128] [eval iscas99__b15_1] {
[b15-round3/long32_balanced/decay_128] [eval iscas99__b15_1]   "records": 2,
[b15-round3/long32_balanced/decay_128] [eval iscas99__b15_1]   "labels_csv": "autoresearch/loop-260720-0945/model_training_round3/b15_selection/long32_balanced/decay_128/evals/iscas99__b15_1__greedy__cumulative__q_typed_residual_context__bw1__d1__c48__g1p0__candhard_fault_cluster__div0p0__s0/labels.csv",
[b15-round3/long32_balanced/decay_128] [eval iscas99__b15_1]   "summary_json": "autoresearch/loop-260720-0945/model_training_round3/b15_selection/long32_balanced/decay_128/evals/iscas99__b15_1__greedy__cumulative__q_typed_residual_context__bw1__d1__c48__g1p0__candhard_fault_cluster__div0p0__s0/summary.json"
[b15-round3/long32_balanced/decay_128] [eval iscas99__b15_1] }
[b15-round3/long32_balanced/decay_128] [gmean] 2026-07-20T21:09:28 [1/1] eval_done benchmark=iscas99__b15_1 delta_tc=0.12091000000000007 plan_sec=169.195 eval_sec=7.137 total_sec=176.345
[b15-round3/long32_balanced/decay_128] [gmean] 2026-07-20T21:09:28 variant_done id=greedy__cumulative__q_typed_residual_context__bw1__d1__c48__g1p0__candhard_fault_cluster__div0p0__s0 status=ok macro=0.12091000000000007 positives=1 negatives=0 elapsed=176.346
