[plan] torch_deterministic=true
[plan] candidate_allowlist=autoresearch/original-netlist-recovery-260712/exact_itc99/b15_C/exact_candidate_nodes.txt nodes=7918
[plan] latent_norm_clip_ratio=4 latent_norm_limit=30.875631
[plan] step=1 node=N677 type=control1 q_typed_residual_context=5.211244 sequence=5.211244
[plan] step=2 node=N2155 type=observe q_typed_residual_context=4.736675 sequence=9.947919
[plan] step=3 node=N502 type=control1 q_typed_residual_context=2.066747 sequence=12.014665
[plan] step=4 node=N762 type=control1 q_typed_residual_context=1.819893 sequence=13.834558
[plan] step=5 node=N3742 type=control0 q_typed_residual_context=1.208573 sequence=15.043131
[plan] step=6 node=N3644 type=control0 q_typed_residual_context=1.313412 sequence=16.356543
[plan] step=7 node=N3722 type=control0 q_typed_residual_context=0.889284 sequence=17.245827
[plan] step=8 node=N557 type=control1 q_typed_residual_context=1.201847 sequence=18.447674
[plan] step=9 node=N5143 type=observe q_typed_residual_context=1.301420 sequence=19.749094
[plan] step=10 node=N508 type=control1 q_typed_residual_context=1.420531 sequence=21.169625
[plan] step=11 node=N564 type=control1 q_typed_residual_context=1.158921 sequence=22.328547
[plan] step=12 node=N5203 type=control1 q_typed_residual_context=1.117627 sequence=23.446173
[plan] step=13 node=N5866 type=observe q_typed_residual_context=4.078952 sequence=27.525125
[plan] step=14 node=N580 type=control1 q_typed_residual_context=2.480027 sequence=30.005153
[plan] step=15 node=N737 type=control1 q_typed_residual_context=3.340555 sequence=33.345708
[plan] step=16 node=N1853 type=observe q_typed_residual_context=2.319867 sequence=35.665575
[plan] step=17 node=N1372 type=observe q_typed_residual_context=5.172650 sequence=40.838225
[plan] step=18 node=N2153 type=observe q_typed_residual_context=8.017523 sequence=48.855748
[plan] step=19 node=N2101 type=observe q_typed_residual_context=7.622327 sequence=56.478075
[plan] step=20 node=N1860 type=observe q_typed_residual_context=8.679437 sequence=65.157512
[plan] step=21 node=N1532 type=observe q_typed_residual_context=6.380881 sequence=71.538393
[plan] step=22 node=N2082 type=observe q_typed_residual_context=6.400215 sequence=77.938608
[plan] step=23 node=N496 type=control1 q_typed_residual_context=6.477401 sequence=84.416009
[plan] step=24 node=N5723 type=control0 q_typed_residual_context=2.641776 sequence=87.057785
[plan] step=25 node=N582 type=control1 q_typed_residual_context=6.823786 sequence=93.881571
[plan] step=26 node=N7516 type=observe q_typed_residual_context=6.304952 sequence=100.186523
[plan] step=27 node=N766 type=control1 q_typed_residual_context=7.187366 sequence=107.373889
[plan] step=28 node=N1437 type=control1 q_typed_residual_context=3.883650 sequence=111.257539
[plan] step=29 node=N583 type=control1 q_typed_residual_context=5.788793 sequence=117.046332
[plan] step=30 node=N7411 type=control1 q_typed_residual_context=3.520000 sequence=120.566332
[plan] step=31 node=N4635 type=control0 q_typed_residual_context=6.953573 sequence=127.519905
[plan] step=32 node=N7511 type=control1 q_typed_residual_context=2.920676 sequence=130.440581
[plan] step=33 node=N2042 type=observe q_typed_residual_context=5.499999 sequence=135.940580
[plan] step=34 node=N2044 type=observe q_typed_residual_context=1.291688 sequence=137.232268
[plan] step=35 node=N2040 type=observe q_typed_residual_context=1.136471 sequence=138.368739
[plan] step=36 node=N5234 type=observe q_typed_residual_context=1.759493 sequence=140.128232
[plan] step=37 node=N4649 type=control0 q_typed_residual_context=6.490000 sequence=146.618232
[plan] step=38 node=N7413 type=control1 q_typed_residual_context=0.925044 sequence=147.543276
[plan] step=39 node=N3701 type=control0 q_typed_residual_context=0.859079 sequence=148.402355
[plan] step=40 node=N3904 type=control0 q_typed_residual_context=0.852901 sequence=149.255256
[plan] step=41 node=N4656 type=control0 q_typed_residual_context=3.611421 sequence=152.866677
[plan] step=42 node=N3911 type=control0 q_typed_residual_context=0.848659 sequence=153.715336
[plan] step=43 node=N3756 type=control0 q_typed_residual_context=0.893374 sequence=154.608710
[plan] step=44 node=N7883 type=control1 q_typed_residual_context=1.096070 sequence=155.704780
[plan] step=45 node=N4585 type=control0 q_typed_residual_context=0.991784 sequence=156.696563
[plan] step=46 node=N4663 type=control0 q_typed_residual_context=2.014159 sequence=158.710722
[plan] step=47 node=N713 type=observe q_typed_residual_context=1.615943 sequence=160.326665
[plan] step=48 node=N724 type=observe q_typed_residual_context=2.471221 sequence=162.797886
[plan] step=49 node=N4670 type=control0 q_typed_residual_context=2.794136 sequence=165.592022
[plan] step=50 node=N704 type=observe q_typed_residual_context=1.115442 sequence=166.707464
[plan] step=51 node=N7885 type=control1 q_typed_residual_context=0.988773 sequence=167.696237
[plan] step=52 node=N4677 type=control0 q_typed_residual_context=2.176859 sequence=169.873095
[plan] step=53 node=N3897 type=control0 q_typed_residual_context=0.944835 sequence=170.817931
[plan] step=54 node=N4684 type=control0 q_typed_residual_context=1.631965 sequence=172.449896
[plan] step=55 node=N4691 type=control0 q_typed_residual_context=1.552380 sequence=174.002275
[plan] step=56 node=N4698 type=control0 q_typed_residual_context=1.211105 sequence=175.213381
[plan] step=57 node=N3889 type=control0 q_typed_residual_context=0.913689 sequence=176.127070
[plan] step=58 node=N4705 type=control0 q_typed_residual_context=1.087116 sequence=177.214186
[plan] step=59 node=N3862 type=control0 q_typed_residual_context=0.965927 sequence=178.180112
[plan] step=60 node=N4712 type=control0 q_typed_residual_context=1.201919 sequence=179.382032
[plan] step=61 node=N4716 type=control0 q_typed_residual_context=1.210417 sequence=180.592449
[plan] step=62 node=N3855 type=control0 q_typed_residual_context=1.087712 sequence=181.680161
[plan] step=63 node=N3848 type=control0 q_typed_residual_context=1.059756 sequence=182.739917
[plan] step=64 node=N7471 type=control0 q_typed_residual_context=1.103119 sequence=183.843036
[plan] step=65 node=N3827 type=control0 q_typed_residual_context=1.234285 sequence=185.077321
[plan] step=66 node=N3820 type=control0 q_typed_residual_context=1.255786 sequence=186.333106
[plan] step=67 node=N3813 type=control0 q_typed_residual_context=1.821838 sequence=188.154944
[plan] step=68 node=N3882 type=control0 q_typed_residual_context=1.855976 sequence=190.010920
[plan] step=69 node=N722 type=observe q_typed_residual_context=2.603235 sequence=192.614156
[plan] step=70 node=N3799 type=control0 q_typed_residual_context=3.874277 sequence=196.488433
[plan] step=71 node=N3792 type=control0 q_typed_residual_context=3.872453 sequence=200.360886
[plan] step=72 node=N4578 type=control0 q_typed_residual_context=4.511177 sequence=204.872063
[plan] step=73 node=N4564 type=control0 q_typed_residual_context=3.958501 sequence=208.830565
[plan] step=74 node=N7854 type=control0 q_typed_residual_context=3.586692 sequence=212.417257
[plan] step=75 node=N4557 type=control0 q_typed_residual_context=4.554415 sequence=216.971672
[plan] step=76 node=N4606 type=control0 q_typed_residual_context=5.327833 sequence=222.299505
[plan] step=77 node=N1539 type=control0 q_typed_residual_context=3.795441 sequence=226.094946
[plan] step=78 node=N7722 type=control0 q_typed_residual_context=6.182455 sequence=232.277402
[plan] step=79 node=N7724 type=control0 q_typed_residual_context=5.376376 sequence=237.653778
[plan] step=80 node=N7721 type=control0 q_typed_residual_context=5.793633 sequence=243.447411
[plan] step=81 node=N3903 type=control0 q_typed_residual_context=3.791043 sequence=247.238454
[plan] step=82 node=N3896 type=control0 q_typed_residual_context=2.012035 sequence=249.250490
[plan] step=83 node=N3840 type=control0 q_typed_residual_context=1.953390 sequence=251.203880
[plan] step=84 node=N4520 type=control0 q_typed_residual_context=3.097291 sequence=254.301171
[plan] step=85 node=N7725 type=control0 q_typed_residual_context=3.354594 sequence=257.655764
[plan] step=86 node=N7723 type=control0 q_typed_residual_context=2.367958 sequence=260.023723
[plan] step=87 node=N519 type=control1 q_typed_residual_context=2.309024 sequence=262.332746
[plan] step=88 node=N513 type=control1 q_typed_residual_context=3.732102 sequence=266.064848
[plan] step=89 node=N504 type=control1 q_typed_residual_context=2.903090 sequence=268.967938
[plan] step=90 node=N7370 type=control1 q_typed_residual_context=2.641900 sequence=271.609838
[plan] step=91 node=N7881 type=control1 q_typed_residual_context=2.810877 sequence=274.420715
[plan] step=92 node=N7882 type=control1 q_typed_residual_context=2.831202 sequence=277.251916
[plan] step=93 node=N516 type=control1 q_typed_residual_context=2.755119 sequence=280.007036
[plan] step=94 node=N3805 type=control0 q_typed_residual_context=1.595340 sequence=281.602376
[plan] step=95 node=N7890 type=control1 q_typed_residual_context=1.262571 sequence=282.864947
[plan] step=96 node=N7891 type=control1 q_typed_residual_context=1.391768 sequence=284.256715
[plan] step=97 node=N7888 type=control1 q_typed_residual_context=1.031717 sequence=285.288432
[plan] step=98 node=N7889 type=control1 q_typed_residual_context=1.485481 sequence=286.773912
[plan] step=99 node=N7846 type=control0 q_typed_residual_context=3.159346 sequence=289.933259
[plan] step=100 node=N7408 type=control0 q_typed_residual_context=2.880465 sequence=292.813724
[plan] step=101 node=N7887 type=control1 q_typed_residual_context=1.732935 sequence=294.546659
[plan] step=102 node=N7884 type=control1 q_typed_residual_context=2.482500 sequence=297.029159
[plan] step=103 node=N1533 type=control1 q_typed_residual_context=2.237235 sequence=299.266394
[plan] step=104 node=N7886 type=control1 q_typed_residual_context=2.260514 sequence=301.526908
[plan] step=105 node=N7852 type=control0 q_typed_residual_context=4.827097 sequence=306.354004
[plan] step=106 node=N7541 type=control0 q_typed_residual_context=4.690602 sequence=311.044606
[plan] step=107 node=N7853 type=control0 q_typed_residual_context=8.508026 sequence=319.552632
[plan] step=108 node=N7820 type=control0 q_typed_residual_context=7.722641 sequence=327.275272
[plan] step=109 node=N7847 type=control0 q_typed_residual_context=5.476428 sequence=332.751701
[plan] step=110 node=N8003 type=control0 q_typed_residual_context=6.220449 sequence=338.972150
[plan] step=111 node=N8005 type=control0 q_typed_residual_context=1.457724 sequence=340.429873
[plan] step=112 node=N578 type=observe q_typed_residual_context=2.016299 sequence=342.446172
[plan] step=113 node=N3785 type=control0 q_typed_residual_context=2.307106 sequence=344.753279
[plan] step=114 node=N3681 type=control0 q_typed_residual_context=1.471190 sequence=346.224468
[plan] step=115 node=N5603 type=observe q_typed_residual_context=1.066868 sequence=347.291336
[plan] step=116 node=N556 type=control1 q_typed_residual_context=1.388494 sequence=348.679830
[plan] step=117 node=N2083 type=observe q_typed_residual_context=0.832478 sequence=349.512308
[plan] step=118 node=N555 type=control1 q_typed_residual_context=1.239497 sequence=350.751805
[plan] step=119 node=N520 type=control1 q_typed_residual_context=0.891332 sequence=351.643137
[plan] step=120 node=N5876 type=observe q_typed_residual_context=0.489520 sequence=352.132657
[plan] step=121 node=N694 type=observe q_typed_residual_context=2.970880 sequence=355.103537
[plan] step=122 node=N7627 type=observe q_typed_residual_context=1.629049 sequence=356.732586
[plan] step=123 node=N7401 type=observe q_typed_residual_context=1.370395 sequence=358.102981
[plan] step=124 node=N7679 type=observe q_typed_residual_context=2.265439 sequence=360.368420
[plan] step=125 node=N634 type=control1 q_typed_residual_context=1.426364 sequence=361.794785
[plan] step=126 node=N5356 type=observe q_typed_residual_context=1.026245 sequence=362.821030
[plan] step=127 node=N614 type=control1 q_typed_residual_context=1.569531 sequence=364.390561
[plan] step=128 node=N2157 type=observe q_typed_residual_context=2.268357 sequence=366.658918
[plan] step=129 node=N610 type=control1 q_typed_residual_context=1.267774 sequence=367.926692
[plan] step=130 node=N620 type=control1 q_typed_residual_context=1.183830 sequence=369.110522
[plan] step=131 node=N7588 type=control1 q_typed_residual_context=1.000082 sequence=370.110605
[plan] step=132 node=N3410 type=control1 q_typed_residual_context=0.776294 sequence=370.886898
[plan] step=133 node=N638 type=control1 q_typed_residual_context=1.298676 sequence=372.185574
[plan] step=134 node=N3180 type=control1 q_typed_residual_context=0.767472 sequence=372.953046
[plan] step=135 node=N6674 type=observe q_typed_residual_context=1.128502 sequence=374.081548
[plan] step=136 node=N7424 type=control1 q_typed_residual_context=1.032041 sequence=375.113589
[plan] step=137 node=N3237 type=control1 q_typed_residual_context=0.952830 sequence=376.066419
[plan] step=138 node=N1411 type=control0 q_typed_residual_context=0.941221 sequence=377.007640
[plan] step=139 node=N645 type=control1 q_typed_residual_context=0.931331 sequence=377.938970
[plan] step=140 node=N5740 type=observe q_typed_residual_context=0.916496 sequence=378.855466
[plan] step=141 node=N7402 type=observe q_typed_residual_context=1.021864 sequence=379.877330
[plan] step=142 node=N2149 type=observe q_typed_residual_context=1.394288 sequence=381.271619
[plan] step=143 node=N5878 type=observe q_typed_residual_context=0.989115 sequence=382.260733
[plan] step=144 node=N616 type=control1 q_typed_residual_context=1.191535 sequence=383.452268
[plan] step=145 node=N7614 type=observe q_typed_residual_context=1.664363 sequence=385.116631
[plan] step=146 node=N636 type=control1 q_typed_residual_context=1.142870 sequence=386.259500
[plan] step=147 node=N5473 type=observe q_typed_residual_context=1.547723 sequence=387.807224
[plan] step=148 node=N712 type=observe q_typed_residual_context=2.095261 sequence=389.902484
[plan] step=149 node=N7543 type=control0 q_typed_residual_context=1.170581 sequence=391.073065
[plan] step=150 node=N5874 type=observe q_typed_residual_context=1.285326 sequence=392.358390
[plan] step=151 node=N630 type=control1 q_typed_residual_context=1.135121 sequence=393.493511
[plan] step=152 node=N642 type=control1 q_typed_residual_context=1.311939 sequence=394.805450
[plan] step=153 node=N649 type=control1 q_typed_residual_context=1.057041 sequence=395.862491
[plan] step=154 node=N2102 type=observe q_typed_residual_context=0.908230 sequence=396.770721
[plan] step=155 node=N3467 type=control1 q_typed_residual_context=0.887317 sequence=397.658037
[plan] step=156 node=N7385 type=observe q_typed_residual_context=0.840840 sequence=398.498877
[plan] step=157 node=N3525 type=control1 q_typed_residual_context=0.787983 sequence=399.286859
[plan] step=158 node=N1607 type=control1 q_typed_residual_context=1.070830 sequence=400.357689
[plan] step=159 node=N647 type=control1 q_typed_residual_context=0.947822 sequence=401.305511
[plan] step=160 node=N1586 type=control1 q_typed_residual_context=1.199033 sequence=402.504544
[plan] step=161 node=N3295 type=control1 q_typed_residual_context=0.789601 sequence=403.294145
[plan] step=162 node=N6531 type=observe q_typed_residual_context=0.812718 sequence=404.106863
[plan] step=163 node=N714 type=observe q_typed_residual_context=1.189519 sequence=405.296381
[plan] step=164 node=N723 type=observe q_typed_residual_context=1.346258 sequence=406.642639
[plan] step=165 node=N715 type=observe q_typed_residual_context=1.471541 sequence=408.114179
[plan] step=166 node=N2580 type=control1 q_typed_residual_context=1.009565 sequence=409.123745
[plan] step=167 node=N7454 type=observe q_typed_residual_context=0.904759 sequence=410.028504
[plan] step=168 node=N2106 type=observe q_typed_residual_context=0.909856 sequence=410.938359
[plan] step=169 node=N2652 type=control1 q_typed_residual_context=1.085739 sequence=412.024098
[plan] step=170 node=N2721 type=control1 q_typed_residual_context=0.863730 sequence=412.887828
[plan] step=171 node=N7436 type=observe q_typed_residual_context=0.870519 sequence=413.758347
[plan] step=172 node=N703 type=observe q_typed_residual_context=1.452948 sequence=415.211295
[plan] step=173 node=N2894 type=control1 q_typed_residual_context=1.059144 sequence=416.270439
[plan] step=174 node=N2952 type=control1 q_typed_residual_context=0.862127 sequence=417.132566
[plan] step=175 node=N6678 type=observe q_typed_residual_context=0.657277 sequence=417.789843
[plan] step=176 node=N7405 type=observe q_typed_residual_context=0.590635 sequence=418.380479
[plan] step=177 node=N725 type=observe q_typed_residual_context=1.602000 sequence=419.982479
[plan] step=178 node=N705 type=observe q_typed_residual_context=1.854877 sequence=421.837355
[plan] step=179 node=N2779 type=control1 q_typed_residual_context=1.560245 sequence=423.397600
[plan] step=180 node=N5422 type=observe q_typed_residual_context=1.610293 sequence=425.007893
[plan] step=181 node=N7414 type=control1 q_typed_residual_context=1.987953 sequence=426.995846
[plan] step=182 node=N706 type=observe q_typed_residual_context=1.555860 sequence=428.551707
[plan] step=183 node=N7873 type=control1 q_typed_residual_context=1.140729 sequence=429.692435
[plan] step=184 node=N2072 type=observe q_typed_residual_context=0.707158 sequence=430.399594
[plan] step=185 node=N2837 type=control1 q_typed_residual_context=0.305390 sequence=430.704984
[plan] step=186 node=N3009 type=control1 q_typed_residual_context=0.765153 sequence=431.470137
[plan] step=187 node=N7441 type=control0 q_typed_residual_context=0.890955 sequence=432.361092
[plan] step=188 node=N1879 type=observe q_typed_residual_context=0.699516 sequence=433.060608
[plan] step=189 node=N7589 type=control1 q_typed_residual_context=0.988484 sequence=434.049092
[plan] step=190 node=N7442 type=control0 q_typed_residual_context=0.962837 sequence=435.011930
[plan] step=191 node=N679 type=observe q_typed_residual_context=1.074839 sequence=436.086768
[plan] step=192 node=N3067 type=control1 q_typed_residual_context=0.688939 sequence=436.775708
[plan] step=193 node=N1598 type=observe q_typed_residual_context=1.071558 sequence=437.847266
[plan] step=194 node=N5456 type=observe q_typed_residual_context=1.241003 sequence=439.088269
[plan] step=195 node=N7696 type=control0 q_typed_residual_context=1.216850 sequence=440.305119
[plan] step=196 node=N8790 type=control1 q_typed_residual_context=1.632547 sequence=441.937667
[plan] step=197 node=N7473 type=control0 q_typed_residual_context=0.840604 sequence=442.778270
[plan] step=198 node=N8240 type=control1 q_typed_residual_context=3.229422 sequence=446.007692
[plan] step=199 node=N6668 type=observe q_typed_residual_context=6.007268 sequence=452.014960
[plan] step=200 node=N5439 type=observe q_typed_residual_context=5.207805 sequence=457.222766
[plan] step=201 node=N8789 type=control1 q_typed_residual_context=6.063667 sequence=463.286432
[plan] step=202 node=N5202 type=observe q_typed_residual_context=6.949887 sequence=470.236319
[plan] step=203 node=N8239 type=control1 q_typed_residual_context=6.902664 sequence=477.138983
[plan] step=204 node=N7439 type=observe q_typed_residual_context=6.076615 sequence=483.215598
[plan] step=205 node=N8607 type=control1 q_typed_residual_context=1.669719 sequence=484.885318
[plan] step=206 node=N5390 type=observe q_typed_residual_context=3.536446 sequence=488.421764
[plan] step=207 node=N2151 type=observe q_typed_residual_context=3.609156 sequence=492.030920
[plan] step=208 node=N6660 type=observe q_typed_residual_context=6.390457 sequence=498.421377
[plan] step=209 node=N719 type=observe q_typed_residual_context=5.801988 sequence=504.223365
[plan] step=210 node=N652 type=control1 q_typed_residual_context=6.035841 sequence=510.259205
[plan] step=211 node=N5334 type=observe q_typed_residual_context=4.168173 sequence=514.427379
[plan] step=212 node=N8238 type=control1 q_typed_residual_context=4.397478 sequence=518.824856
[plan] step=213 node=N6685 type=observe q_typed_residual_context=2.287904 sequence=521.112760
[plan] step=214 node=N7380 type=observe q_typed_residual_context=2.973179 sequence=524.085939
[plan] step=215 node=N734 type=observe q_typed_residual_context=5.944724 sequence=530.030663
[plan] step=216 node=N708 type=observe q_typed_residual_context=6.256774 sequence=536.287437
[plan] step=217 node=N5373 type=observe q_typed_residual_context=6.233916 sequence=542.521353
[plan] step=218 node=N699 type=observe q_typed_residual_context=5.932750 sequence=548.454102
[plan] step=219 node=N2159 type=observe q_typed_residual_context=6.652367 sequence=555.106469
[plan] step=220 node=N8606 type=control1 q_typed_residual_context=3.316556 sequence=558.423025
[plan] step=221 node=N8237 type=control1 q_typed_residual_context=4.393745 sequence=562.816770
[plan] step=222 node=N6658 type=observe q_typed_residual_context=2.659128 sequence=565.475898
[plan] step=223 node=N1351 type=observe q_typed_residual_context=0.745238 sequence=566.221136
[plan] step=224 node=N7433 type=observe q_typed_residual_context=5.189402 sequence=571.410538
[plan] step=225 node=N902 type=control1 q_typed_residual_context=2.923329 sequence=574.333868
[plan] step=226 node=N8605 type=control1 q_typed_residual_context=6.481784 sequence=580.815652
[plan] step=227 node=N1987 type=observe q_typed_residual_context=5.979887 sequence=586.795539
[plan] step=228 node=N8236 type=control1 q_typed_residual_context=3.044705 sequence=589.840244
[plan] step=229 node=N4460 type=control0 q_typed_residual_context=3.839189 sequence=593.679433
[plan] step=230 node=N686 type=observe q_typed_residual_context=3.580178 sequence=597.259610
[plan] step=231 node=N729 type=observe q_typed_residual_context=6.106783 sequence=603.366393
[plan] step=232 node=N684 type=observe q_typed_residual_context=6.109806 sequence=609.476199
[plan] step=233 node=N6656 type=observe q_typed_residual_context=6.672663 sequence=616.148862
[plan] step=234 node=N7447 type=observe q_typed_residual_context=2.425939 sequence=618.574801
[plan] step=235 node=N689 type=observe q_typed_residual_context=4.010834 sequence=622.585635
[plan] step=236 node=N2243 type=observe q_typed_residual_context=6.736398 sequence=629.322033
[plan] step=237 node=N5735 type=observe q_typed_residual_context=3.568425 sequence=632.890458
[plan] step=238 node=N515 type=control1 q_typed_residual_context=2.402399 sequence=635.292857
[plan] step=239 node=N2271 type=observe q_typed_residual_context=6.255772 sequence=641.548629
[plan] step=240 node=N6736 type=control1 q_typed_residual_context=3.083304 sequence=644.631933
[plan] step=241 node=N758 type=observe q_typed_residual_context=1.320477 sequence=645.952410
[plan] step=242 node=N5094 type=observe q_typed_residual_context=3.069526 sequence=649.021936
[plan] step=243 node=N2259 type=observe q_typed_residual_context=6.441454 sequence=655.463390
[plan] step=244 node=N5726 type=control1 q_typed_residual_context=6.297318 sequence=661.760708
[plan] step=245 node=N7444 type=observe q_typed_residual_context=4.050743 sequence=665.811451
[plan] step=246 node=N5160 type=observe q_typed_residual_context=3.594435 sequence=669.405885
[plan] step=247 node=N6730 type=control1 q_typed_residual_context=6.906836 sequence=676.312722
[plan] step=248 node=N8235 type=control1 q_typed_residual_context=6.065063 sequence=682.377785
[plan] step=249 node=N1688 type=observe q_typed_residual_context=4.605005 sequence=686.982790
[plan] step=250 node=N5111 type=observe q_typed_residual_context=2.818748 sequence=689.801538
[plan] step=251 node=N2267 type=observe q_typed_residual_context=6.739460 sequence=696.540998
[plan] step=252 node=N6532 type=observe q_typed_residual_context=4.094245 sequence=700.635243
[plan] step=253 node=N2263 type=observe q_typed_residual_context=6.300912 sequence=706.936155
[plan] step=254 node=N696 type=observe q_typed_residual_context=6.744738 sequence=713.680893
[plan] step=255 node=N2251 type=observe q_typed_residual_context=4.388696 sequence=718.069590
[plan] step=256 node=N695 type=observe q_typed_residual_context=5.473978 sequence=723.543568
[plan] step=257 node=N4900 type=observe q_typed_residual_context=3.186962 sequence=726.730529
[plan] step=258 node=N4421 type=control0 q_typed_residual_context=3.662750 sequence=730.393279
[plan] step=259 node=N6537 type=observe q_typed_residual_context=7.042128 sequence=737.435407
[plan] step=260 node=N4359 type=control0 q_typed_residual_context=1.679416 sequence=739.114824
[plan] step=261 node=N1599 type=observe q_typed_residual_context=5.801887 sequence=744.916711
[plan] step=262 node=N697 type=observe q_typed_residual_context=5.337602 sequence=750.254313
[plan] step=263 node=N4367 type=control0 q_typed_residual_context=4.824769 sequence=755.079082
[plan] step=264 node=N6680 type=observe q_typed_residual_context=6.359344 sequence=761.438426
[plan] step=265 node=N2247 type=observe q_typed_residual_context=6.156989 sequence=767.595415
[plan] step=266 node=N1352 type=observe q_typed_residual_context=5.566894 sequence=773.162309
[plan] step=267 node=N680 type=observe q_typed_residual_context=5.640568 sequence=778.802877
[plan] step=268 node=N7452 type=observe q_typed_residual_context=5.620204 sequence=784.423081
[plan] step=269 node=N4532 type=control0 q_typed_residual_context=5.947711 sequence=790.370792
[plan] step=270 node=N4442 type=control0 q_typed_residual_context=5.754104 sequence=796.124896
[plan] step=271 node=N6956 type=control0 q_typed_residual_context=3.578451 sequence=799.703346
[plan] step=272 node=N8234 type=control1 q_typed_residual_context=7.069644 sequence=806.772990
[plan] step=273 node=N4469 type=control0 q_typed_residual_context=6.684758 sequence=813.457748
[plan] step=274 node=N7425 type=observe q_typed_residual_context=3.455292 sequence=816.913040
[plan] step=275 node=N732 type=observe q_typed_residual_context=2.922791 sequence=819.835831
[plan] step=276 node=N2216 type=observe q_typed_residual_context=5.701874 sequence=825.537705
[plan] step=277 node=N6593 type=control1 q_typed_residual_context=6.437298 sequence=831.975003
[plan] step=278 node=N2218 type=observe q_typed_residual_context=2.554820 sequence=834.529823
saved=autoresearch/loop-260720-0945/model_training_round3/b15_selection/long32_return/decay_0/plans/iscas99__b15_1__greedy__cumulative__q_typed_residual_context__bw1__d1__c48__g1p0__candhard_fault_cluster__div0p0__s0.csv
