__tpi_op_1___buf_split_26100 /1 undetected
test_en->__tpi_cp_8_new_n33304_ /0 undetected
test_en->__tpi_cp_7_new_n33302_ /0 undetected
test_en->__tpi_cp_5___buf_split_28250 /0 undetected
quotient_15_->quotient_15__PO /0 undetected
__tpi_not_test_en->__tpi_cp_21_new_n30703_ /1 undetected
__buf_split_26100->new_n30700_ /1 undetected
__buf_split_25878 /1 undetected
__buf_split_26100 /1 undetected
new_n30444_ /1 undetected
new_n30441_ /1 undetected
__buf_split_25876 /1 undetected
__buf_split_25870 /1 undetected
__tpi_not_test_en->__tpi_cp_10_new_n29633_ /1 undetected
__buf_split_25700 /0 undetected
quotient_15_ /0 undetected
__tpi_not_test_en->__tpi_cp_26_new_n30206_ /1 undetected
__tpi_cp_26_new_n30206_ /0 undetected
__tpi_not_test_en->__tpi_cp_28___buf_split_25344 /1 undetected
test_en->__tpi_cp_1___buf_split_375 /0 undetected
test_en->__tpi_cp_0___buf_split_384 /0 undetected
