[r19-recall-plan/c80] [plan] torch_deterministic=true
[r19-recall-plan/c80] [plan] candidate_allowlist=autoresearch/original-netlist-recovery-260712/exact_itc99/b15_C/exact_candidate_nodes.txt nodes=7918
[r19-recall-plan/c80] [plan] prefix_plan=autoresearch/loop-260720-0945/typed_winner_round8_five/b15_C/best_plans/iscas99__b15_1.csv prefix_actions=192 continue_at_step=193
[r19-recall-plan/c80] [plan] latent_norm_clip_ratio=4 latent_norm_limit=30.875631
[r19-recall-plan/c80] [plan] prefix_state_mode=replay replayed_actions=192
[r19-recall-plan/c80] [plan] step=193 node=N6121 type=observe q_typed_reliable_context=1.720157 sequence=368.562749
[r19-recall-plan/c80] [plan] step=194 node=N902 type=control1 q_typed_reliable_context=1.153381 sequence=369.712130
[r19-recall-plan/c80] [plan] step=195 node=N7709 type=observe q_typed_reliable_context=2.294904 sequence=372.007034
[r19-recall-plan/c80] [plan] step=196 node=N2191 type=observe q_typed_reliable_context=1.243975 sequence=373.251009
[r19-recall-plan/c80] [plan] step=197 node=N2188 type=observe q_typed_reliable_context=1.658806 sequence=374.909815
[r19-recall-plan/c80] [plan] step=198 node=N2285 type=observe q_typed_reliable_context=1.312256 sequence=376.222071
[r19-recall-plan/c80] [plan] step=199 node=N2284 type=observe q_typed_reliable_context=1.338199 sequence=377.560270
[r19-recall-plan/c80] [plan] step=200 node=N2280 type=observe q_typed_reliable_context=1.343966 sequence=378.900236
[r19-recall-plan/c80] [plan] step=201 node=N5902 type=control0 q_typed_reliable_context=1.325753 sequence=380.225989
[r19-recall-plan/c80] [plan] step=202 node=N5914 type=observe q_typed_reliable_context=1.316984 sequence=381.542973
[r19-recall-plan/c80] [plan] step=203 node=N2302 type=control0 q_typed_reliable_context=1.381126 sequence=382.919099
[r19-recall-plan/c80] [plan] step=204 node=N752 type=control1 q_typed_reliable_context=0.817970 sequence=383.733069
[r19-recall-plan/c80] [plan] step=205 node=N6809 type=control0 q_typed_reliable_context=1.393824 sequence=385.126893
[r19-recall-plan/c80] [plan] step=206 node=N5629 type=control0 q_typed_reliable_context=0.848716 sequence=385.975609
[r19-recall-plan/c80] [plan] step=207 node=N6161 type=control1 q_typed_reliable_context=1.229325 sequence=387.204934
[r19-recall-plan/c80] [plan] step=208 node=N753 type=control1 q_typed_reliable_context=1.799450 sequence=389.000384
[r19-recall-plan/c80] [plan] step=209 node=N903 type=control1 q_typed_reliable_context=1.863485 sequence=390.859869
[r19-recall-plan/c80] [plan] step=210 node=N2288 type=observe q_typed_reliable_context=1.593867 sequence=392.453736
[r19-recall-plan/c80] [plan] step=211 node=N6290 type=control0 q_typed_reliable_context=0.945107 sequence=393.398842
[r19-recall-plan/c80] [plan] step=212 node=N2287 type=observe q_typed_reliable_context=1.593617 sequence=394.992460
[r19-recall-plan/c80] [plan] step=213 node=N2234 type=observe q_typed_reliable_context=1.332621 sequence=396.325081
[r19-recall-plan/c80] [plan] step=214 node=N1611 type=observe q_typed_reliable_context=1.170327 sequence=397.495408
[r19-recall-plan/c80] [plan] step=215 node=N6847 type=control0 q_typed_reliable_context=1.265622 sequence=398.761030
[r19-recall-plan/c80] [plan] step=216 node=N6810 type=control0 q_typed_reliable_context=1.050843 sequence=399.807873
[r19-recall-plan/c80] [plan] step=217 node=N844 type=observe q_typed_reliable_context=0.824854 sequence=400.632727
[r19-recall-plan/c80] [plan] step=218 node=N1610 type=observe q_typed_reliable_context=0.893453 sequence=401.526179
[r19-recall-plan/c80] [plan] step=219 node=N651 type=control1 q_typed_reliable_context=1.968163 sequence=403.490342
[r19-recall-plan/c80] [plan] step=220 node=N6124 type=observe q_typed_reliable_context=0.833394 sequence=404.323736
[r19-recall-plan/c80] [plan] step=221 node=N5210 type=observe q_typed_reliable_context=0.862273 sequence=405.182009
[r19-recall-plan/c80] [plan] step=222 node=N6815 type=control0 q_typed_reliable_context=1.774732 sequence=406.956740
[r19-recall-plan/c80] [plan] step=223 node=N1874 type=observe q_typed_reliable_context=1.539030 sequence=408.491771
[r19-recall-plan/c80] [plan] step=224 node=N6849 type=control0 q_typed_reliable_context=1.656997 sequence=410.148767
[r19-recall-plan/c80] [plan] step=225 node=N731 type=observe q_typed_reliable_context=1.958226 sequence=412.106994
[r19-recall-plan/c80] [plan] step=226 node=N716 type=observe q_typed_reliable_context=1.705314 sequence=413.812307
[r19-recall-plan/c80] [plan] step=227 node=N726 type=observe q_typed_reliable_context=1.649514 sequence=415.457822
[r19-recall-plan/c80] [plan] step=228 node=N6846 type=control0 q_typed_reliable_context=1.684121 sequence=417.141943
[r19-recall-plan/c80] [plan] step=229 node=N6814 type=control0 q_typed_reliable_context=2.522771 sequence=419.660715
[r19-recall-plan/c80] [plan] step=230 node=N2348 type=control0 q_typed_reliable_context=2.172046 sequence=421.832761
[r19-recall-plan/c80] [plan] step=231 node=N7387 type=control0 q_typed_reliable_context=1.560165 sequence=423.387926
[r19-recall-plan/c80] [plan] step=232 node=N846 type=observe q_typed_reliable_context=1.444414 sequence=424.832340
[r19-recall-plan/c80] [plan] step=233 node=N5930 type=observe q_typed_reliable_context=0.946720 sequence=425.779059
[r19-recall-plan/c80] [plan] step=234 node=N5506 type=observe q_typed_reliable_context=1.414828 sequence=427.189887
[r19-recall-plan/c80] [plan] step=235 node=N2217 type=observe q_typed_reliable_context=2.440159 sequence=429.630046
[r19-recall-plan/c80] [plan] step=236 node=N698 type=observe q_typed_reliable_context=2.266072 sequence=431.896117
[r19-recall-plan/c80] [plan] step=237 node=N699 type=observe q_typed_reliable_context=2.204772 sequence=434.096889
[r19-recall-plan/c80] [plan] step=238 node=N7802 type=observe q_typed_reliable_context=2.398100 sequence=436.490989
[r19-recall-plan/c80] [plan] step=239 node=N700 type=observe q_typed_reliable_context=2.608663 sequence=439.095653
[r19-recall-plan/c80] [plan] step=240 node=N701 type=observe q_typed_reliable_context=2.370958 sequence=441.462611
[r19-recall-plan/c80] [plan] step=241 node=N703 type=observe q_typed_reliable_context=2.218383 sequence=443.676994
[r19-recall-plan/c80] [plan] step=242 node=N705 type=observe q_typed_reliable_context=2.051839 sequence=445.724833
[r19-recall-plan/c80] [plan] step=243 node=N707 type=observe q_typed_reliable_context=1.886078 sequence=447.606911
[r19-recall-plan/c80] [plan] step=244 node=N3607 type=control0 q_typed_reliable_context=0.672005 sequence=448.278916
[r19-recall-plan/c80] [plan] step=245 node=N5478 type=observe q_typed_reliable_context=0.851678 sequence=449.130594
[r19-recall-plan/c80] [plan] step=246 node=N6332 type=observe q_typed_reliable_context=0.933782 sequence=450.064376
[r19-recall-plan/c80] [plan] step=247 node=N708 type=observe q_typed_reliable_context=1.053664 sequence=451.114040
[r19-recall-plan/c80] [plan] step=248 node=N709 type=observe q_typed_reliable_context=1.133302 sequence=452.243343
[r19-recall-plan/c80] [plan] step=249 node=N710 type=observe q_typed_reliable_context=1.155029 sequence=453.394371
[r19-recall-plan/c80] [plan] step=250 node=N715 type=observe q_typed_reliable_context=1.316193 sequence=454.706565
[r19-recall-plan/c80] [plan] step=251 node=N7405 type=control0 q_typed_reliable_context=2.281268 sequence=456.983833
[r19-recall-plan/c80] [plan] step=252 node=N2186 type=observe q_typed_reliable_context=1.919258 sequence=458.899090
[r19-recall-plan/c80] [plan] step=253 node=N2205 type=observe q_typed_reliable_context=1.726592 sequence=460.621682
[r19-recall-plan/c80] [plan] step=254 node=N2183 type=observe q_typed_reliable_context=1.794227 sequence=462.411909
[r19-recall-plan/c80] [plan] step=255 node=N2226 type=observe q_typed_reliable_context=1.608741 sequence=464.016650
[r19-recall-plan/c80] [plan] step=256 node=N2243 type=observe q_typed_reliable_context=1.933857 sequence=465.946507
[r19-recall-plan/c80] [plan] step=257 node=N2224 type=observe q_typed_reliable_context=2.142203 sequence=468.084710
[r19-recall-plan/c80] [plan] step=258 node=N2212 type=observe q_typed_reliable_context=2.267532 sequence=470.348241
[r19-recall-plan/c80] [plan] step=259 node=N2214 type=observe q_typed_reliable_context=3.293720 sequence=473.637961
[r19-recall-plan/c80] [plan] step=260 node=N7603 type=observe q_typed_reliable_context=2.645159 sequence=476.283120
[r19-recall-plan/c80] [plan] step=261 node=N2203 type=observe q_typed_reliable_context=3.200157 sequence=479.479277
[r19-recall-plan/c80] [plan] step=262 node=N2201 type=observe q_typed_reliable_context=3.104106 sequence=482.579383
[r19-recall-plan/c80] [plan] step=263 node=N2272 type=observe q_typed_reliable_context=1.967212 sequence=484.546594
[r19-recall-plan/c80] [plan] step=264 node=N2269 type=observe q_typed_reliable_context=2.067161 sequence=486.609755
[r19-recall-plan/c80] [plan] step=265 node=N2221 type=observe q_typed_reliable_context=2.070003 sequence=488.675758
[r19-recall-plan/c80] [plan] step=266 node=N2256 type=observe q_typed_reliable_context=2.009949 sequence=490.685706
[r19-recall-plan/c80] [plan] step=267 node=N2258 type=observe q_typed_reliable_context=1.975799 sequence=492.661506
[r19-recall-plan/c80] [plan] step=268 node=N2210 type=observe q_typed_reliable_context=1.898858 sequence=494.556364
[r19-recall-plan/c80] [plan] step=269 node=N2208 type=observe q_typed_reliable_context=2.010401 sequence=496.562765
[r19-recall-plan/c80] [plan] step=270 node=N2253 type=observe q_typed_reliable_context=1.982464 sequence=498.541230
[r19-recall-plan/c80] [plan] step=271 node=N7801 type=observe q_typed_reliable_context=1.720548 sequence=500.261778
[r19-recall-plan/c80] [plan] step=272 node=N2265 type=observe q_typed_reliable_context=2.401100 sequence=502.662878
[r19-recall-plan/c80] [plan] step=273 node=N2267 type=observe q_typed_reliable_context=2.196492 sequence=504.855370
[r19-recall-plan/c80] [plan] step=274 node=N2261 type=observe q_typed_reliable_context=2.272063 sequence=507.127432
[r19-recall-plan/c80] [plan] step=275 node=N2263 type=observe q_typed_reliable_context=2.247642 sequence=509.371074
[r19-recall-plan/c80] [plan] step=276 node=N8316 type=observe q_typed_reliable_context=1.411574 sequence=510.782649
[r19-recall-plan/c80] [plan] step=277 node=N2249 type=observe q_typed_reliable_context=1.426249 sequence=512.208897
[r19-recall-plan/c80] [plan] step=278 node=N8083 type=observe q_typed_reliable_context=1.317366 sequence=513.526264
[r19-recall-plan/c80] saved=autoresearch/loop-260720-0945/model_training_round19_tail_recall_b15/plans/c80.csv
