[r19-recall-plan/c56] [plan] torch_deterministic=true
[r19-recall-plan/c56] [plan] candidate_allowlist=autoresearch/original-netlist-recovery-260712/exact_itc99/b15_C/exact_candidate_nodes.txt nodes=7918
[r19-recall-plan/c56] [plan] prefix_plan=autoresearch/loop-260720-0945/typed_winner_round8_five/b15_C/best_plans/iscas99__b15_1.csv prefix_actions=192 continue_at_step=193
[r19-recall-plan/c56] [plan] latent_norm_clip_ratio=4 latent_norm_limit=30.875631
[r19-recall-plan/c56] [plan] prefix_state_mode=replay replayed_actions=192
[r19-recall-plan/c56] [plan] step=193 node=N6121 type=observe q_typed_reliable_context=3.736940 sequence=370.579532
[r19-recall-plan/c56] [plan] step=194 node=N902 type=control1 q_typed_reliable_context=1.363743 sequence=371.939275
[r19-recall-plan/c56] [plan] step=195 node=N2191 type=observe q_typed_reliable_context=2.808513 sequence=374.747788
[r19-recall-plan/c56] [plan] step=196 node=N2188 type=observe q_typed_reliable_context=1.676385 sequence=376.424173
[r19-recall-plan/c56] [plan] step=197 node=N5902 type=control0 q_typed_reliable_context=1.246248 sequence=377.670422
[r19-recall-plan/c56] [plan] step=198 node=N2285 type=observe q_typed_reliable_context=2.032525 sequence=379.702947
[r19-recall-plan/c56] [plan] step=199 node=N7709 type=observe q_typed_reliable_context=2.328384 sequence=382.031331
[r19-recall-plan/c56] [plan] step=200 node=N2284 type=observe q_typed_reliable_context=2.550082 sequence=384.581413
[r19-recall-plan/c56] [plan] step=201 node=N2280 type=observe q_typed_reliable_context=1.653250 sequence=386.230663
[r19-recall-plan/c56] [plan] step=202 node=N5914 type=observe q_typed_reliable_context=1.085736 sequence=387.316399
[r19-recall-plan/c56] [plan] step=203 node=N2302 type=control0 q_typed_reliable_context=1.546634 sequence=388.858033
[r19-recall-plan/c56] [plan] step=204 node=N1546 type=control0 q_typed_reliable_context=0.915868 sequence=389.773901
[r19-recall-plan/c56] [plan] step=205 node=N752 type=control1 q_typed_reliable_context=0.821002 sequence=390.590903
[r19-recall-plan/c56] [plan] step=206 node=N6809 type=control0 q_typed_reliable_context=1.898917 sequence=392.489819
[r19-recall-plan/c56] [plan] step=207 node=N5629 type=control0 q_typed_reliable_context=1.339936 sequence=393.829755
[r19-recall-plan/c56] [plan] step=208 node=N6161 type=control1 q_typed_reliable_context=1.538573 sequence=395.368329
[r19-recall-plan/c56] [plan] step=209 node=N753 type=control1 q_typed_reliable_context=1.612451 sequence=396.976779
[r19-recall-plan/c56] [plan] step=210 node=N2287 type=observe q_typed_reliable_context=3.099772 sequence=400.076552
[r19-recall-plan/c56] [plan] step=211 node=N1611 type=observe q_typed_reliable_context=2.382370 sequence=402.458922
[r19-recall-plan/c56] [plan] step=212 node=N2288 type=observe q_typed_reliable_context=1.450343 sequence=403.909265
[r19-recall-plan/c56] [plan] step=213 node=N844 type=observe q_typed_reliable_context=1.323752 sequence=405.233017
[r19-recall-plan/c56] [plan] step=214 node=N6290 type=control0 q_typed_reliable_context=1.082277 sequence=406.315294
[r19-recall-plan/c56] [plan] step=215 node=N1610 type=observe q_typed_reliable_context=1.476297 sequence=407.791591
[r19-recall-plan/c56] [plan] step=216 node=N5506 type=observe q_typed_reliable_context=1.239980 sequence=409.031571
[r19-recall-plan/c56] [plan] step=217 node=N5930 type=observe q_typed_reliable_context=1.216370 sequence=410.247940
[r19-recall-plan/c56] [plan] step=218 node=N5751 type=observe q_typed_reliable_context=1.676133 sequence=411.924073
[r19-recall-plan/c56] [plan] step=219 node=N6332 type=observe q_typed_reliable_context=1.621952 sequence=413.546025
[r19-recall-plan/c56] [plan] step=220 node=N6124 type=observe q_typed_reliable_context=0.940458 sequence=414.486483
[r19-recall-plan/c56] [plan] step=221 node=N1874 type=observe q_typed_reliable_context=2.034104 sequence=416.516588
[r19-recall-plan/c56] [plan] step=222 node=N6438 type=observe q_typed_reliable_context=0.955296 sequence=417.467884
[r19-recall-plan/c56] [plan] step=223 node=N726 type=observe q_typed_reliable_context=2.155799 sequence=419.623683
[r19-recall-plan/c56] [plan] step=224 node=N6847 type=control0 q_typed_reliable_context=2.111240 sequence=421.734923
[r19-recall-plan/c56] [plan] step=225 node=N731 type=observe q_typed_reliable_context=1.662625 sequence=423.393547
[r19-recall-plan/c56] [plan] step=226 node=N6815 type=control0 q_typed_reliable_context=1.590764 sequence=424.984311
[r19-recall-plan/c56] [plan] step=227 node=N716 type=observe q_typed_reliable_context=1.973635 sequence=426.953946
[r19-recall-plan/c56] [plan] step=228 node=N6810 type=control0 q_typed_reliable_context=1.516266 sequence=428.466213
[r19-recall-plan/c56] [plan] step=229 node=N6849 type=control0 q_typed_reliable_context=1.240302 sequence=429.706515
[r19-recall-plan/c56] [plan] step=230 node=N6846 type=control0 q_typed_reliable_context=1.395011 sequence=431.101526
[r19-recall-plan/c56] [plan] step=231 node=N5210 type=observe q_typed_reliable_context=1.015272 sequence=432.116798
[r19-recall-plan/c56] [plan] step=232 node=N6814 type=control0 q_typed_reliable_context=3.869686 sequence=435.982485
[r19-recall-plan/c56] [plan] step=233 node=N5478 type=observe q_typed_reliable_context=1.938460 sequence=437.920945
[r19-recall-plan/c56] [plan] step=234 node=N2217 type=observe q_typed_reliable_context=2.778902 sequence=440.699847
[r19-recall-plan/c56] [plan] step=235 node=N7802 type=observe q_typed_reliable_context=2.860253 sequence=443.556100
[r19-recall-plan/c56] [plan] step=236 node=N700 type=observe q_typed_reliable_context=1.519617 sequence=445.075718
[r19-recall-plan/c56] [plan] step=237 node=N701 type=observe q_typed_reliable_context=1.575719 sequence=446.647437
[r19-recall-plan/c56] [plan] step=238 node=N703 type=observe q_typed_reliable_context=1.500742 sequence=448.144179
[r19-recall-plan/c56] [plan] step=239 node=N699 type=observe q_typed_reliable_context=1.793251 sequence=449.933430
[r19-recall-plan/c56] [plan] step=240 node=N698 type=observe q_typed_reliable_context=1.929334 sequence=451.858764
[r19-recall-plan/c56] [plan] step=241 node=N705 type=observe q_typed_reliable_context=2.086724 sequence=453.941488
[r19-recall-plan/c56] [plan] step=242 node=N708 type=observe q_typed_reliable_context=1.522470 sequence=455.459958
[r19-recall-plan/c56] [plan] step=243 node=N707 type=observe q_typed_reliable_context=2.178790 sequence=457.634748
[r19-recall-plan/c56] [plan] step=244 node=N709 type=observe q_typed_reliable_context=2.272239 sequence=459.902987
[r19-recall-plan/c56] [plan] step=245 node=N715 type=observe q_typed_reliable_context=2.313529 sequence=462.212516
[r19-recall-plan/c56] [plan] step=246 node=N2183 type=observe q_typed_reliable_context=2.037005 sequence=464.245521
[r19-recall-plan/c56] [plan] step=247 node=N2185 type=observe q_typed_reliable_context=1.541193 sequence=465.782713
[r19-recall-plan/c56] [plan] step=248 node=N2203 type=observe q_typed_reliable_context=1.630509 sequence=467.409222
[r19-recall-plan/c56] [plan] step=249 node=N2205 type=observe q_typed_reliable_context=1.925385 sequence=469.330607
[r19-recall-plan/c56] [plan] step=250 node=N7603 type=observe q_typed_reliable_context=1.304429 sequence=470.635036
[r19-recall-plan/c56] [plan] step=251 node=N2201 type=observe q_typed_reliable_context=1.239947 sequence=471.870983
[r19-recall-plan/c56] [plan] step=252 node=N710 type=observe q_typed_reliable_context=0.832524 sequence=472.699507
[r19-recall-plan/c56] [plan] step=253 node=N2224 type=observe q_typed_reliable_context=1.432017 sequence=474.127524
[r19-recall-plan/c56] [plan] step=254 node=N2226 type=observe q_typed_reliable_context=1.476322 sequence=475.599847
[r19-recall-plan/c56] [plan] step=255 node=N2243 type=observe q_typed_reliable_context=1.437343 sequence=477.033189
[r19-recall-plan/c56] [plan] step=256 node=N2212 type=observe q_typed_reliable_context=1.365321 sequence=478.394510
[r19-recall-plan/c56] [plan] step=257 node=N2214 type=observe q_typed_reliable_context=1.349941 sequence=479.740451
[r19-recall-plan/c56] [plan] step=258 node=N2269 type=observe q_typed_reliable_context=1.295094 sequence=481.035545
[r19-recall-plan/c56] [plan] step=259 node=N2271 type=observe q_typed_reliable_context=1.293420 sequence=482.324965
[r19-recall-plan/c56] [plan] step=260 node=N2220 type=observe q_typed_reliable_context=1.177390 sequence=483.498356
[r19-recall-plan/c56] [plan] step=261 node=N2222 type=observe q_typed_reliable_context=1.316278 sequence=484.810634
[r19-recall-plan/c56] [plan] step=262 node=N651 type=control1 q_typed_reliable_context=0.913122 sequence=485.719756
[r19-recall-plan/c56] [plan] step=263 node=N5879 type=control0 q_typed_reliable_context=1.312650 sequence=487.032405
[r19-recall-plan/c56] [plan] step=264 node=N4586 type=control0 q_typed_reliable_context=1.366021 sequence=488.394426
[r19-recall-plan/c56] [plan] step=265 node=N4558 type=control0 q_typed_reliable_context=1.373095 sequence=489.763521
[r19-recall-plan/c56] [plan] step=266 node=N4704 type=control0 q_typed_reliable_context=1.351747 sequence=491.110268
[r19-recall-plan/c56] [plan] step=267 node=N4697 type=control0 q_typed_reliable_context=1.527454 sequence=492.632722
[r19-recall-plan/c56] [plan] step=268 node=N7405 type=control0 q_typed_reliable_context=1.166441 sequence=493.795164
[r19-recall-plan/c56] [plan] step=269 node=N8316 type=observe q_typed_reliable_context=0.806542 sequence=494.601706
[r19-recall-plan/c56] [plan] step=270 node=N2253 type=observe q_typed_reliable_context=1.400359 sequence=496.002065
[r19-recall-plan/c56] [plan] step=271 node=N2255 type=observe q_typed_reliable_context=1.820190 sequence=497.818255
[r19-recall-plan/c56] [plan] step=272 node=N7801 type=observe q_typed_reliable_context=1.426666 sequence=499.244920
[r19-recall-plan/c56] [plan] step=273 node=N2257 type=observe q_typed_reliable_context=1.824335 sequence=501.069256
[r19-recall-plan/c56] [plan] step=274 node=N2259 type=observe q_typed_reliable_context=2.204917 sequence=503.270172
[r19-recall-plan/c56] [plan] step=275 node=N2210 type=observe q_typed_reliable_context=2.359461 sequence=505.625633
[r19-recall-plan/c56] [plan] step=276 node=N2207 type=observe q_typed_reliable_context=2.419822 sequence=508.041455
[r19-recall-plan/c56] [plan] step=277 node=N2193 type=observe q_typed_reliable_context=2.145649 sequence=510.183104
[r19-recall-plan/c56] [plan] step=278 node=N8083 type=observe q_typed_reliable_context=1.085114 sequence=511.268219
[r19-recall-plan/c56] saved=autoresearch/loop-260720-0945/model_training_round19_tail_recall_b15/plans/c56.csv
