[r22-b15-plan/toptype_r21_hard__e008] [plan] torch_deterministic=true
[r22-b15-plan/toptype_r21_hard__e008] [plan] candidate_allowlist=autoresearch/original-netlist-recovery-260712/exact_itc99/b15_C/exact_candidate_nodes.txt nodes=7918
[r22-b15-plan/toptype_r21_hard__e008] [plan] prefix_plan=autoresearch/loop-260720-0945/typed_winner_round8_five/b15_C/best_plans/iscas99__b15_1.csv prefix_actions=192 continue_at_step=193
[r22-b15-plan/toptype_r21_hard__e008] [plan] latent_norm_clip_ratio=4 latent_norm_limit=30.875631
[r22-b15-plan/toptype_r21_hard__e008] [plan] prefix_state_mode=replay replayed_actions=192
[r22-b15-plan/toptype_r21_hard__e008] [plan] step=193 node=N5958 type=observe typed_return_pred=0.805045 sequence=367.647638
[r22-b15-plan/toptype_r21_hard__e008] [plan] step=194 node=N6438 type=observe typed_return_pred=0.582525 sequence=368.230162
[r22-b15-plan/toptype_r21_hard__e008] [plan] step=195 node=N6162 type=observe typed_return_pred=0.559309 sequence=368.789471
[r22-b15-plan/toptype_r21_hard__e008] [plan] step=196 node=N6561 type=observe typed_return_pred=0.590422 sequence=369.379893
[r22-b15-plan/toptype_r21_hard__e008] [plan] step=197 node=N5495 type=observe typed_return_pred=0.709909 sequence=370.089802
[r22-b15-plan/toptype_r21_hard__e008] [plan] step=198 node=N5584 type=observe typed_return_pred=0.514500 sequence=370.604302
[r22-b15-plan/toptype_r21_hard__e008] [plan] step=199 node=N5478 type=observe typed_return_pred=0.482198 sequence=371.086501
[r22-b15-plan/toptype_r21_hard__e008] [plan] step=200 node=N2231 type=observe typed_return_pred=0.449025 sequence=371.535526
[r22-b15-plan/toptype_r21_hard__e008] [plan] step=201 node=N6158 type=observe typed_return_pred=0.430816 sequence=371.966342
[r22-b15-plan/toptype_r21_hard__e008] [plan] step=202 node=N2285 type=observe typed_return_pred=0.559362 sequence=372.525704
[r22-b15-plan/toptype_r21_hard__e008] [plan] step=203 node=N6167 type=observe typed_return_pred=0.492192 sequence=373.017895
[r22-b15-plan/toptype_r21_hard__e008] [plan] step=204 node=N5905 type=observe typed_return_pred=0.633972 sequence=373.646867
[r22-b15-plan/toptype_r21_hard__e008] [plan] step=205 node=N8309 type=observe typed_return_pred=0.507022 sequence=374.153890
[r22-b15-plan/toptype_r21_hard__e008] [plan] step=206 node=N2187 type=observe typed_return_pred=0.403522 sequence=374.553411
[r22-b15-plan/toptype_r21_hard__e008] [plan] step=207 node=N5747 type=observe typed_return_pred=0.491396 sequence=375.044808
[r22-b15-plan/toptype_r21_hard__e008] [plan] step=208 node=N8311 type=observe typed_return_pred=0.395939 sequence=375.440747
[r22-b15-plan/toptype_r21_hard__e008] [plan] step=209 node=N847 type=observe typed_return_pred=0.342412 sequence=375.783159
[r22-b15-plan/toptype_r21_hard__e008] [plan] step=210 node=N5930 type=observe typed_return_pred=0.315911 sequence=376.099070
[r22-b15-plan/toptype_r21_hard__e008] [plan] step=211 node=N5506 type=observe typed_return_pred=0.252270 sequence=376.351340
[r22-b15-plan/toptype_r21_hard__e008] [plan] step=212 node=N6632 type=observe typed_return_pred=0.196843 sequence=376.548183
[r22-b15-plan/toptype_r21_hard__e008] [plan] step=213 node=N844 type=observe typed_return_pred=0.181683 sequence=376.729866
[r22-b15-plan/toptype_r21_hard__e008] [plan] step=214 node=N5509 type=observe typed_return_pred=0.186665 sequence=376.912531
[r22-b15-plan/toptype_r21_hard__e008] [plan] step=215 node=N7500 type=observe typed_return_pred=0.200654 sequence=377.113185
[r22-b15-plan/toptype_r21_hard__e008] [plan] step=216 node=N6634 type=observe typed_return_pred=0.153695 sequence=377.266880
[r22-b15-plan/toptype_r21_hard__e008] [plan] step=217 node=N8312 type=observe typed_return_pred=0.248859 sequence=377.511739
[r22-b15-plan/toptype_r21_hard__e008] [plan] step=218 node=N7512 type=observe typed_return_pred=0.243281 sequence=377.750020
[r22-b15-plan/toptype_r21_hard__e008] [plan] step=219 node=N6630 type=observe typed_return_pred=0.162318 sequence=377.912337
[r22-b15-plan/toptype_r21_hard__e008] [plan] step=220 node=N6164 type=observe typed_return_pred=0.160375 sequence=378.072712
[r22-b15-plan/toptype_r21_hard__e008] [plan] step=221 node=N5481 type=observe typed_return_pred=0.160560 sequence=378.233272
[r22-b15-plan/toptype_r21_hard__e008] [plan] step=222 node=N726 type=observe typed_return_pred=0.231022 sequence=378.464294
[r22-b15-plan/toptype_r21_hard__e008] [plan] step=223 node=N731 type=observe typed_return_pred=0.240774 sequence=378.701069
[r22-b15-plan/toptype_r21_hard__e008] [plan] step=224 node=N535 type=observe typed_return_pred=0.551160 sequence=379.248229
[r22-b15-plan/toptype_r21_hard__e008] [plan] step=225 node=N2191 type=observe typed_return_pred=0.556513 sequence=379.804742
[r22-b15-plan/toptype_r21_hard__e008] [plan] step=226 node=N6622 type=observe typed_return_pred=0.526002 sequence=380.326743
[r22-b15-plan/toptype_r21_hard__e008] [plan] step=227 node=N5914 type=observe typed_return_pred=0.521108 sequence=380.847852
[r22-b15-plan/toptype_r21_hard__e008] [plan] step=228 node=N6628 type=observe typed_return_pred=0.499844 sequence=381.347696
[r22-b15-plan/toptype_r21_hard__e008] [plan] step=229 node=N7802 type=observe typed_return_pred=0.652532 sequence=381.996229
[r22-b15-plan/toptype_r21_hard__e008] [plan] step=230 node=N6624 type=observe typed_return_pred=0.496938 sequence=382.493166
[r22-b15-plan/toptype_r21_hard__e008] [plan] step=231 node=N716 type=observe typed_return_pred=0.617655 sequence=383.106821
[r22-b15-plan/toptype_r21_hard__e008] [plan] step=232 node=N6626 type=observe typed_return_pred=0.505039 sequence=383.611860
[r22-b15-plan/toptype_r21_hard__e008] [plan] step=233 node=N1854 type=observe typed_return_pred=0.478047 sequence=384.085907
[r22-b15-plan/toptype_r21_hard__e008] [plan] step=234 node=N8305 type=observe typed_return_pred=0.558586 sequence=384.644494
[r22-b15-plan/toptype_r21_hard__e008] [plan] step=235 node=N753 type=observe typed_return_pred=0.452687 sequence=385.093181
[r22-b15-plan/toptype_r21_hard__e008] [plan] step=236 node=N2219 type=observe typed_return_pred=0.637825 sequence=385.731006
[r22-b15-plan/toptype_r21_hard__e008] [plan] step=237 node=N6666 type=observe typed_return_pred=0.446298 sequence=386.177304
[r22-b15-plan/toptype_r21_hard__e008] [plan] step=238 node=N698 type=observe typed_return_pred=0.520198 sequence=386.697502
[r22-b15-plan/toptype_r21_hard__e008] [plan] step=239 node=N545 type=observe typed_return_pred=0.433689 sequence=387.127192
[r22-b15-plan/toptype_r21_hard__e008] [plan] step=240 node=N699 type=observe typed_return_pred=0.602585 sequence=387.725777
[r22-b15-plan/toptype_r21_hard__e008] [plan] step=241 node=N2216 type=observe typed_return_pred=0.528900 sequence=388.250676
[r22-b15-plan/toptype_r21_hard__e008] [plan] step=242 node=N543 type=observe typed_return_pred=0.427209 sequence=388.673885
[r22-b15-plan/toptype_r21_hard__e008] [plan] step=243 node=N703 type=observe typed_return_pred=0.609744 sequence=389.279629
[r22-b15-plan/toptype_r21_hard__e008] [plan] step=244 node=N541 type=observe typed_return_pred=0.403397 sequence=389.679026
[r22-b15-plan/toptype_r21_hard__e008] [plan] step=245 node=N708 type=observe typed_return_pred=0.633173 sequence=390.308198
[r22-b15-plan/toptype_r21_hard__e008] [plan] step=246 node=N709 type=observe typed_return_pred=0.457775 sequence=390.761973
[r22-b15-plan/toptype_r21_hard__e008] [plan] step=247 node=N539 type=observe typed_return_pred=0.414458 sequence=391.172431
[r22-b15-plan/toptype_r21_hard__e008] [plan] step=248 node=N707 type=observe typed_return_pred=0.603134 sequence=391.771565
[r22-b15-plan/toptype_r21_hard__e008] [plan] step=249 node=N537 type=observe typed_return_pred=0.396988 sequence=392.164554
[r22-b15-plan/toptype_r21_hard__e008] [plan] step=250 node=N715 type=observe typed_return_pred=0.586970 sequence=392.747524
[r22-b15-plan/toptype_r21_hard__e008] [plan] step=251 node=N6124 type=observe typed_return_pred=0.432302 sequence=393.175826
[r22-b15-plan/toptype_r21_hard__e008] [plan] step=252 node=N533 type=observe typed_return_pred=0.393107 sequence=393.564932
[r22-b15-plan/toptype_r21_hard__e008] [plan] step=253 node=N2184 type=observe typed_return_pred=0.566175 sequence=394.131107
[r22-b15-plan/toptype_r21_hard__e008] [plan] step=254 node=N531 type=observe typed_return_pred=0.384113 sequence=394.511219
[r22-b15-plan/toptype_r21_hard__e008] [plan] step=255 node=N7603 type=observe typed_return_pred=0.550682 sequence=395.061901
[r22-b15-plan/toptype_r21_hard__e008] [plan] step=256 node=N2204 type=observe typed_return_pred=0.257913 sequence=395.319814
[r22-b15-plan/toptype_r21_hard__e008] [plan] step=257 node=N2225 type=observe typed_return_pred=0.274312 sequence=395.594125
[r22-b15-plan/toptype_r21_hard__e008] [plan] step=258 node=N2202 type=observe typed_return_pred=0.262302 sequence=395.852427
[r22-b15-plan/toptype_r21_hard__e008] [plan] step=259 node=N2213 type=observe typed_return_pred=0.203425 sequence=396.055852
[r22-b15-plan/toptype_r21_hard__e008] [plan] step=260 node=N7401 type=observe typed_return_pred=0.214644 sequence=396.266496
[r22-b15-plan/toptype_r21_hard__e008] [plan] step=261 node=N700 type=observe typed_return_pred=0.138948 sequence=396.401443
[r22-b15-plan/toptype_r21_hard__e008] [plan] step=262 node=N705 type=observe typed_return_pred=0.095811 sequence=396.493254
[r22-b15-plan/toptype_r21_hard__e008] [plan] step=263 node=N5902 type=control0 typed_return_pred=0.075921 sequence=396.565175
[r22-b15-plan/toptype_r21_hard__e008] [plan] step=264 node=N2221 type=observe typed_return_pred=0.124483 sequence=396.689658
[r22-b15-plan/toptype_r21_hard__e008] [plan] step=265 node=N2271 type=observe typed_return_pred=0.119164 sequence=396.804821
[r22-b15-plan/toptype_r21_hard__e008] [plan] step=266 node=N7801 type=observe typed_return_pred=0.314559 sequence=397.119380
[r22-b15-plan/toptype_r21_hard__e008] [plan] step=267 node=N2257 type=observe typed_return_pred=0.087972 sequence=397.207353
[r22-b15-plan/toptype_r21_hard__e008] [plan] step=268 node=N2259 type=observe typed_return_pred=0.097911 sequence=397.301264
[r22-b15-plan/toptype_r21_hard__e008] [plan] step=269 node=N2210 type=observe typed_return_pred=0.253709 sequence=397.550973
[r22-b15-plan/toptype_r21_hard__e008] [plan] step=270 node=N2207 type=observe typed_return_pred=0.158927 sequence=397.705900
[r22-b15-plan/toptype_r21_hard__e008] [plan] step=271 node=N2253 type=observe typed_return_pred=0.096729 sequence=397.802629
[r22-b15-plan/toptype_r21_hard__e008] [plan] step=272 node=N8083 type=observe typed_return_pred=0.564287 sequence=398.366916
[r22-b15-plan/toptype_r21_hard__e008] [plan] step=273 node=N2269 type=observe typed_return_pred=0.107075 sequence=398.469991
[r22-b15-plan/toptype_r21_hard__e008] [plan] step=274 node=N2265 type=observe typed_return_pred=0.134011 sequence=398.604002
[r22-b15-plan/toptype_r21_hard__e008] [plan] step=275 node=N1398 type=control0 typed_return_pred=0.238888 sequence=398.842890
[r22-b15-plan/toptype_r21_hard__e008] [plan] step=276 node=N2244 type=observe typed_return_pred=0.663897 sequence=399.502787
[r22-b15-plan/toptype_r21_hard__e008] [plan] step=277 node=N2256 type=observe typed_return_pred=0.605698 sequence=400.104485
[r22-b15-plan/toptype_r21_hard__e008] [plan] step=278 node=N2261 type=observe typed_return_pred=0.647714 sequence=400.752199
[r22-b15-plan/toptype_r21_hard__e008] saved=autoresearch/loop-260720-0945/model_training_round22_b15/plans/toptype_r21_hard__e008.csv
