[r22-b15-plan/toptype_r10_hard__e008] [plan] torch_deterministic=true
[r22-b15-plan/toptype_r10_hard__e008] [plan] candidate_allowlist=autoresearch/original-netlist-recovery-260712/exact_itc99/b15_C/exact_candidate_nodes.txt nodes=7918
[r22-b15-plan/toptype_r10_hard__e008] [plan] prefix_plan=autoresearch/loop-260720-0945/typed_winner_round8_five/b15_C/best_plans/iscas99__b15_1.csv prefix_actions=192 continue_at_step=193
[r22-b15-plan/toptype_r10_hard__e008] [plan] latent_norm_clip_ratio=4 latent_norm_limit=30.875631
[r22-b15-plan/toptype_r10_hard__e008] [plan] prefix_state_mode=replay replayed_actions=192
[r22-b15-plan/toptype_r10_hard__e008] [plan] step=193 node=N6122 type=observe typed_return_pred=0.846105 sequence=367.688697
[r22-b15-plan/toptype_r10_hard__e008] [plan] step=194 node=N5495 type=observe typed_return_pred=0.852587 sequence=368.541284
[r22-b15-plan/toptype_r10_hard__e008] [plan] step=195 node=N5930 type=observe typed_return_pred=0.777277 sequence=369.318562
[r22-b15-plan/toptype_r10_hard__e008] [plan] step=196 node=N5914 type=observe typed_return_pred=0.574875 sequence=369.893437
[r22-b15-plan/toptype_r10_hard__e008] [plan] step=197 node=N2191 type=observe typed_return_pred=0.657549 sequence=370.550986
[r22-b15-plan/toptype_r10_hard__e008] [plan] step=198 node=N5503 type=observe typed_return_pred=0.757521 sequence=371.308506
[r22-b15-plan/toptype_r10_hard__e008] [plan] step=199 node=N2188 type=observe typed_return_pred=0.607647 sequence=371.916153
[r22-b15-plan/toptype_r10_hard__e008] [plan] step=200 node=N6121 type=observe typed_return_pred=0.746015 sequence=372.662168
[r22-b15-plan/toptype_r10_hard__e008] [plan] step=201 node=N7709 type=observe typed_return_pred=1.754407 sequence=374.416575
[r22-b15-plan/toptype_r10_hard__e008] [plan] step=202 node=N652 type=control1 typed_return_pred=1.821812 sequence=376.238387
[r22-b15-plan/toptype_r10_hard__e008] [plan] step=203 node=N752 type=control1 typed_return_pred=1.817739 sequence=378.052126
[r22-b15-plan/toptype_r10_hard__e008] [plan] step=204 node=N908 type=control1 typed_return_pred=1.822687 sequence=379.874813
[r22-b15-plan/toptype_r10_hard__e008] [plan] step=205 node=N753 type=control1 typed_return_pred=1.843834 sequence=381.714647
[r22-b15-plan/toptype_r10_hard__e008] [plan] step=206 node=N1858 type=control1 typed_return_pred=1.848070 sequence=383.562718
[r22-b15-plan/toptype_r10_hard__e008] [plan] step=207 node=N1693 type=control1 typed_return_pred=1.859582 sequence=385.418300
[r22-b15-plan/toptype_r10_hard__e008] [plan] step=208 node=N5902 type=control0 typed_return_pred=1.784078 sequence=387.202378
[r22-b15-plan/toptype_r10_hard__e008] [plan] step=209 node=N902 type=control1 typed_return_pred=1.772155 sequence=388.970533
[r22-b15-plan/toptype_r10_hard__e008] [plan] step=210 node=N1611 type=observe typed_return_pred=1.766016 sequence=390.736549
[r22-b15-plan/toptype_r10_hard__e008] [plan] step=211 node=N2234 type=observe typed_return_pred=1.742850 sequence=392.479399
[r22-b15-plan/toptype_r10_hard__e008] [plan] step=212 node=N847 type=observe typed_return_pred=1.746781 sequence=394.226180
[r22-b15-plan/toptype_r10_hard__e008] [plan] step=213 node=N1609 type=observe typed_return_pred=1.721009 sequence=395.947189
[r22-b15-plan/toptype_r10_hard__e008] [plan] step=214 node=N5506 type=observe typed_return_pred=1.677076 sequence=397.624265
[r22-b15-plan/toptype_r10_hard__e008] [plan] step=215 node=N6124 type=observe typed_return_pred=1.675107 sequence=399.295372
[r22-b15-plan/toptype_r10_hard__e008] [plan] step=216 node=N903 type=control1 typed_return_pred=1.912087 sequence=401.203459
[r22-b15-plan/toptype_r10_hard__e008] [plan] step=217 node=N844 type=observe typed_return_pred=1.609015 sequence=402.812474
[r22-b15-plan/toptype_r10_hard__e008] [plan] step=218 node=N7500 type=observe typed_return_pred=1.830680 sequence=404.643154
[r22-b15-plan/toptype_r10_hard__e008] [plan] step=219 node=N1610 type=observe typed_return_pred=1.618173 sequence=406.261327
[r22-b15-plan/toptype_r10_hard__e008] [plan] step=220 node=N5509 type=observe typed_return_pred=1.609369 sequence=407.866696
[r22-b15-plan/toptype_r10_hard__e008] [plan] step=221 node=N6332 type=observe typed_return_pred=1.662284 sequence=409.528979
[r22-b15-plan/toptype_r10_hard__e008] [plan] step=222 node=N5210 type=observe typed_return_pred=1.695884 sequence=411.220863
[r22-b15-plan/toptype_r10_hard__e008] [plan] step=223 node=N5751 type=observe typed_return_pred=1.492789 sequence=412.713652
[r22-b15-plan/toptype_r10_hard__e008] [plan] step=224 node=N1874 type=observe typed_return_pred=1.576145 sequence=414.285797
[r22-b15-plan/toptype_r10_hard__e008] [plan] step=225 node=N726 type=observe typed_return_pred=1.841831 sequence=416.127628
[r22-b15-plan/toptype_r10_hard__e008] [plan] step=226 node=N6443 type=observe typed_return_pred=1.521203 sequence=417.648830
[r22-b15-plan/toptype_r10_hard__e008] [plan] step=227 node=N731 type=observe typed_return_pred=1.852781 sequence=419.497611
[r22-b15-plan/toptype_r10_hard__e008] [plan] step=228 node=N5581 type=observe typed_return_pred=1.471088 sequence=420.968699
[r22-b15-plan/toptype_r10_hard__e008] [plan] step=229 node=N531 type=observe typed_return_pred=0.556120 sequence=421.520819
[r22-b15-plan/toptype_r10_hard__e008] [plan] step=230 node=N6632 type=observe typed_return_pred=0.601303 sequence=422.122123
[r22-b15-plan/toptype_r10_hard__e008] [plan] step=231 node=N6628 type=observe typed_return_pred=0.572676 sequence=422.694799
[r22-b15-plan/toptype_r10_hard__e008] [plan] step=232 node=N6630 type=observe typed_return_pred=0.556096 sequence=423.250895
[r22-b15-plan/toptype_r10_hard__e008] [plan] step=233 node=N716 type=observe typed_return_pred=0.708811 sequence=423.955706
[r22-b15-plan/toptype_r10_hard__e008] [plan] step=234 node=N7512 type=observe typed_return_pred=0.675233 sequence=424.625939
[r22-b15-plan/toptype_r10_hard__e008] [plan] step=235 node=N7802 type=observe typed_return_pred=0.784398 sequence=425.406336
[r22-b15-plan/toptype_r10_hard__e008] [plan] step=236 node=N6622 type=observe typed_return_pred=0.655690 sequence=426.058027
[r22-b15-plan/toptype_r10_hard__e008] [plan] step=237 node=N6626 type=observe typed_return_pred=0.613274 sequence=426.671300
[r22-b15-plan/toptype_r10_hard__e008] [plan] step=238 node=N2219 type=observe typed_return_pred=0.620050 sequence=427.291350
[r22-b15-plan/toptype_r10_hard__e008] [plan] step=239 node=N1854 type=observe typed_return_pred=0.606892 sequence=427.894243
[r22-b15-plan/toptype_r10_hard__e008] [plan] step=240 node=N2216 type=observe typed_return_pred=0.566339 sequence=428.456581
[r22-b15-plan/toptype_r10_hard__e008] [plan] step=241 node=N545 type=observe typed_return_pred=0.582135 sequence=429.034717
[r22-b15-plan/toptype_r10_hard__e008] [plan] step=242 node=N6634 type=observe typed_return_pred=0.563120 sequence=429.597837
[r22-b15-plan/toptype_r10_hard__e008] [plan] step=243 node=N699 type=observe typed_return_pred=0.543673 sequence=430.141509
[r22-b15-plan/toptype_r10_hard__e008] [plan] step=244 node=N6624 type=observe typed_return_pred=0.543075 sequence=430.684584
[r22-b15-plan/toptype_r10_hard__e008] [plan] step=245 node=N708 type=observe typed_return_pred=0.536164 sequence=431.216748
[r22-b15-plan/toptype_r10_hard__e008] [plan] step=246 node=N543 type=observe typed_return_pred=0.553548 sequence=431.766296
[r22-b15-plan/toptype_r10_hard__e008] [plan] step=247 node=N703 type=observe typed_return_pred=0.568469 sequence=432.330765
[r22-b15-plan/toptype_r10_hard__e008] [plan] step=248 node=N698 type=observe typed_return_pred=0.543070 sequence=432.869834
[r22-b15-plan/toptype_r10_hard__e008] [plan] step=249 node=N8316 type=observe typed_return_pred=0.552418 sequence=433.422252
[r22-b15-plan/toptype_r10_hard__e008] [plan] step=250 node=N541 type=observe typed_return_pred=0.519625 sequence=433.937877
[r22-b15-plan/toptype_r10_hard__e008] [plan] step=251 node=N6162 type=observe typed_return_pred=0.485761 sequence=434.423638
[r22-b15-plan/toptype_r10_hard__e008] [plan] step=252 node=N2183 type=observe typed_return_pred=0.628155 sequence=435.051793
[r22-b15-plan/toptype_r10_hard__e008] [plan] step=253 node=N2276 type=observe typed_return_pred=0.473692 sequence=435.525485
[r22-b15-plan/toptype_r10_hard__e008] [plan] step=254 node=N539 type=observe typed_return_pred=0.447445 sequence=435.968930
[r22-b15-plan/toptype_r10_hard__e008] [plan] step=255 node=N2186 type=observe typed_return_pred=0.676628 sequence=436.641558
[r22-b15-plan/toptype_r10_hard__e008] [plan] step=256 node=N6666 type=observe typed_return_pred=0.456540 sequence=437.098098
[r22-b15-plan/toptype_r10_hard__e008] [plan] step=257 node=N537 type=observe typed_return_pred=0.421269 sequence=437.515367
[r22-b15-plan/toptype_r10_hard__e008] [plan] step=258 node=N715 type=observe typed_return_pred=0.688892 sequence=438.200259
[r22-b15-plan/toptype_r10_hard__e008] [plan] step=259 node=N2204 type=observe typed_return_pred=0.480746 sequence=438.681005
[r22-b15-plan/toptype_r10_hard__e008] [plan] step=260 node=N2227 type=observe typed_return_pred=0.543030 sequence=439.224035
[r22-b15-plan/toptype_r10_hard__e008] [plan] step=261 node=N595 type=observe typed_return_pred=0.629982 sequence=439.854018
[r22-b15-plan/toptype_r10_hard__e008] [plan] step=262 node=N2202 type=observe typed_return_pred=0.540835 sequence=440.390853
[r22-b15-plan/toptype_r10_hard__e008] [plan] step=263 node=N2270 type=observe typed_return_pred=0.529752 sequence=440.920605
[r22-b15-plan/toptype_r10_hard__e008] [plan] step=264 node=N707 type=observe typed_return_pred=0.538033 sequence=441.454638
[r22-b15-plan/toptype_r10_hard__e008] [plan] step=265 node=N2224 type=observe typed_return_pred=0.515719 sequence=441.966357
[r22-b15-plan/toptype_r10_hard__e008] [plan] step=266 node=N2223 type=observe typed_return_pred=0.511623 sequence=442.477981
[r22-b15-plan/toptype_r10_hard__e008] [plan] step=267 node=N2253 type=observe typed_return_pred=0.523121 sequence=443.001101
[r22-b15-plan/toptype_r10_hard__e008] [plan] step=268 node=N705 type=observe typed_return_pred=0.544033 sequence=443.541134
[r22-b15-plan/toptype_r10_hard__e008] [plan] step=269 node=N2215 type=observe typed_return_pred=0.535283 sequence=444.076418
[r22-b15-plan/toptype_r10_hard__e008] [plan] step=270 node=N2257 type=observe typed_return_pred=0.579932 sequence=444.656349
[r22-b15-plan/toptype_r10_hard__e008] [plan] step=271 node=N2210 type=observe typed_return_pred=0.667810 sequence=445.320159
[r22-b15-plan/toptype_r10_hard__e008] [plan] step=272 node=N2260 type=observe typed_return_pred=0.953633 sequence=446.269793
[r22-b15-plan/toptype_r10_hard__e008] [plan] step=273 node=N2244 type=observe typed_return_pred=1.008030 sequence=447.273823
[r22-b15-plan/toptype_r10_hard__e008] [plan] step=274 node=N2207 type=observe typed_return_pred=1.028233 sequence=448.298056
[r22-b15-plan/toptype_r10_hard__e008] [plan] step=275 node=N2265 type=observe typed_return_pred=1.070957 sequence=449.369013
[r22-b15-plan/toptype_r10_hard__e008] [plan] step=276 node=N2256 type=observe typed_return_pred=1.033360 sequence=450.398373
[r22-b15-plan/toptype_r10_hard__e008] [plan] step=277 node=N2261 type=observe typed_return_pred=1.056483 sequence=451.454855
[r22-b15-plan/toptype_r10_hard__e008] [plan] step=278 node=N2267 type=observe typed_return_pred=1.012256 sequence=452.463112
[r22-b15-plan/toptype_r10_hard__e008] saved=autoresearch/loop-260720-0945/model_training_round22_b15/plans/toptype_r10_hard__e008.csv
