[r14-five-plan/b22_C] [plan] torch_deterministic=true
[r14-five-plan/b22_C] [plan] candidate_allowlist=autoresearch/original-netlist-recovery-260712/exact_itc99/b22_C/exact_candidate_nodes.txt nodes=28412
[r14-five-plan/b22_C] [plan] prefix_plan=autoresearch/loop-260720-0945/typed_winner_round8_five/b22_C/best_plans/iscas99__b22.csv prefix_actions=631 continue_at_step=632
[r14-five-plan/b22_C] [plan] latent_norm_clip_ratio=4 latent_norm_limit=30.953114
[r14-five-plan/b22_C] [plan] prefix_state_mode=replay replayed_actions=631
[r14-five-plan/b22_C] [plan] step=632 node=N12784 type=control1 q_typed_reliable_context=0.914959 sequence=1091.751197
[r14-five-plan/b22_C] [plan] step=633 node=N4454 type=control1 q_typed_reliable_context=0.889472 sequence=1092.635669
[r14-five-plan/b22_C] [plan] step=634 node=N10564 type=control0 q_typed_reliable_context=0.975506 sequence=1093.611176
[r14-five-plan/b22_C] [plan] step=635 node=N10562 type=control0 q_typed_reliable_context=1.010064 sequence=1094.621240
[r14-five-plan/b22_C] [plan] step=636 node=N8391 type=observe q_typed_reliable_context=0.597244 sequence=1095.218484
[r14-five-plan/b22_C] [plan] step=637 node=N12681 type=control0 q_typed_reliable_context=2.571749 sequence=1097.790232
[r14-five-plan/b22_C] [plan] step=638 node=N7658 type=observe q_typed_reliable_context=1.415883 sequence=1099.206115
[r14-five-plan/b22_C] [plan] step=639 node=N7676 type=observe q_typed_reliable_context=0.898766 sequence=1100.104881
[r14-five-plan/b22_C] [plan] step=640 node=N8088 type=observe q_typed_reliable_context=0.774576 sequence=1100.879457
[r14-five-plan/b22_C] [plan] step=641 node=N10560 type=control0 q_typed_reliable_context=0.571396 sequence=1101.450853
[r14-five-plan/b22_C] [plan] step=642 node=N9317 type=control0 q_typed_reliable_context=1.176024 sequence=1102.626877
[r14-five-plan/b22_C] [plan] step=643 node=N8116 type=observe q_typed_reliable_context=0.844012 sequence=1103.470889
[r14-five-plan/b22_C] [plan] step=644 node=N8115 type=observe q_typed_reliable_context=0.960213 sequence=1104.431102
[r14-five-plan/b22_C] [plan] step=645 node=N8111 type=observe q_typed_reliable_context=0.900645 sequence=1105.331747
[r14-five-plan/b22_C] [plan] step=646 node=N7663 type=observe q_typed_reliable_context=0.913899 sequence=1106.245646
[r14-five-plan/b22_C] [plan] step=647 node=N7670 type=observe q_typed_reliable_context=0.777135 sequence=1107.022781
[r14-five-plan/b22_C] [plan] step=648 node=N7669 type=observe q_typed_reliable_context=0.779787 sequence=1107.802568
[r14-five-plan/b22_C] [plan] step=649 node=N7659 type=observe q_typed_reliable_context=0.756283 sequence=1108.558851
[r14-five-plan/b22_C] [plan] step=650 node=N7657 type=observe q_typed_reliable_context=0.748565 sequence=1109.307416
[r14-five-plan/b22_C] [plan] step=651 node=N9952 type=control0 q_typed_reliable_context=0.513988 sequence=1109.821404
[r14-five-plan/b22_C] [plan] step=652 node=N8110 type=observe q_typed_reliable_context=0.848224 sequence=1110.669628
[r14-five-plan/b22_C] [plan] step=653 node=N9949 type=control0 q_typed_reliable_context=0.753814 sequence=1111.423442
[r14-five-plan/b22_C] [plan] step=654 node=N8109 type=observe q_typed_reliable_context=0.900002 sequence=1112.323444
[r14-five-plan/b22_C] [plan] step=655 node=N7677 type=observe q_typed_reliable_context=0.877849 sequence=1113.201294
[r14-five-plan/b22_C] [plan] step=656 node=N7660 type=observe q_typed_reliable_context=0.892234 sequence=1114.093528
[r14-five-plan/b22_C] [plan] step=657 node=N9977 type=control0 q_typed_reliable_context=0.610642 sequence=1114.704170
[r14-five-plan/b22_C] [plan] step=658 node=N7675 type=observe q_typed_reliable_context=0.896057 sequence=1115.600227
[r14-five-plan/b22_C] [plan] step=659 node=N7673 type=observe q_typed_reliable_context=0.959673 sequence=1116.559900
[r14-five-plan/b22_C] [plan] step=660 node=N9961 type=control0 q_typed_reliable_context=0.556001 sequence=1117.115901
[r14-five-plan/b22_C] [plan] step=661 node=N8105 type=observe q_typed_reliable_context=1.009997 sequence=1118.125898
[r14-five-plan/b22_C] [plan] step=662 node=N7672 type=observe q_typed_reliable_context=0.971996 sequence=1119.097894
[r14-five-plan/b22_C] [plan] step=663 node=N7671 type=observe q_typed_reliable_context=0.825274 sequence=1119.923168
[r14-five-plan/b22_C] [plan] step=664 node=N10509 type=control0 q_typed_reliable_context=0.963699 sequence=1120.886867
[r14-five-plan/b22_C] [plan] step=665 node=N10515 type=control0 q_typed_reliable_context=0.883384 sequence=1121.770251
[r14-five-plan/b22_C] [plan] step=666 node=N10519 type=control0 q_typed_reliable_context=0.896824 sequence=1122.667075
[r14-five-plan/b22_C] [plan] step=667 node=N10525 type=control0 q_typed_reliable_context=0.861601 sequence=1123.528676
[r14-five-plan/b22_C] [plan] step=668 node=N9965 type=observe q_typed_reliable_context=0.812340 sequence=1124.341016
[r14-five-plan/b22_C] [plan] step=669 node=N9968 type=observe q_typed_reliable_context=1.664270 sequence=1126.005286
[r14-five-plan/b22_C] [plan] step=670 node=N9971 type=observe q_typed_reliable_context=1.992926 sequence=1127.998212
[r14-five-plan/b22_C] [plan] step=671 node=N9959 type=observe q_typed_reliable_context=2.001052 sequence=1129.999264
[r14-five-plan/b22_C] [plan] step=672 node=N9901 type=observe q_typed_reliable_context=2.094320 sequence=1132.093584
[r14-five-plan/b22_C] [plan] step=673 node=N10517 type=control0 q_typed_reliable_context=1.272229 sequence=1133.365812
[r14-five-plan/b22_C] [plan] step=674 node=N3733 type=observe q_typed_reliable_context=2.252483 sequence=1135.613295
[r14-five-plan/b22_C] [plan] step=675 node=N10511 type=control0 q_typed_reliable_context=1.300596 sequence=1136.913891
[r14-five-plan/b22_C] [plan] step=676 node=N8101 type=observe q_typed_reliable_context=0.788444 sequence=1137.702335
[r14-five-plan/b22_C] [plan] step=677 node=N7712 type=control0 q_typed_reliable_context=1.046685 sequence=1138.749019
[r14-five-plan/b22_C] [plan] step=678 node=N9932 type=observe q_typed_reliable_context=0.850796 sequence=1139.599815
[r14-five-plan/b22_C] [plan] step=679 node=N8605 type=control0 q_typed_reliable_context=0.701095 sequence=1140.300910
[r14-five-plan/b22_C] [plan] step=680 node=N8100 type=observe q_typed_reliable_context=0.984505 sequence=1141.285416
[r14-five-plan/b22_C] [plan] step=681 node=N12331 type=control0 q_typed_reliable_context=0.733271 sequence=1142.018687
[r14-five-plan/b22_C] [plan] step=682 node=N10571 type=observe q_typed_reliable_context=0.943529 sequence=1142.962216
[r14-five-plan/b22_C] [plan] step=683 node=N4446 type=control0 q_typed_reliable_context=0.894511 sequence=1143.856726
[r14-five-plan/b22_C] [plan] step=684 node=N9927 type=observe q_typed_reliable_context=0.937252 sequence=1144.793978
[r14-five-plan/b22_C] [plan] step=685 node=N9912 type=observe q_typed_reliable_context=0.843077 sequence=1145.637056
[r14-five-plan/b22_C] [plan] step=686 node=N18484 type=observe q_typed_reliable_context=0.635885 sequence=1146.272941
[r14-five-plan/b22_C] [plan] step=687 node=N9924 type=observe q_typed_reliable_context=1.010019 sequence=1147.282960
[r14-five-plan/b22_C] [plan] step=688 node=N2107 type=control0 q_typed_reliable_context=0.855453 sequence=1148.138413
[r14-five-plan/b22_C] [plan] step=689 node=N6876 type=control0 q_typed_reliable_context=0.996800 sequence=1149.130213
[r14-five-plan/b22_C] [plan] step=690 node=N12732 type=observe q_typed_reliable_context=0.694529 sequence=1149.824742
[r14-five-plan/b22_C] [plan] step=691 node=N9851 type=observe q_typed_reliable_context=0.686764 sequence=1150.511506
[r14-five-plan/b22_C] [plan] step=692 node=N18481 type=observe q_typed_reliable_context=0.634041 sequence=1151.141548
[r14-five-plan/b22_C] [plan] step=693 node=N12722 type=observe q_typed_reliable_context=0.969428 sequence=1152.110975
[r14-five-plan/b22_C] [plan] step=694 node=N5381 type=control0 q_typed_reliable_context=0.824537 sequence=1152.930512
[r14-five-plan/b22_C] [plan] step=695 node=N12740 type=observe q_typed_reliable_context=0.750504 sequence=1153.681016
[r14-five-plan/b22_C] [plan] step=696 node=N12325 type=control0 q_typed_reliable_context=0.443802 sequence=1154.124818
[r14-five-plan/b22_C] [plan] step=697 node=N12746 type=observe q_typed_reliable_context=0.965729 sequence=1155.090547
[r14-five-plan/b22_C] [plan] step=698 node=N12757 type=observe q_typed_reliable_context=0.954988 sequence=1156.045535
[r14-five-plan/b22_C] [plan] step=699 node=N2082 type=control1 q_typed_reliable_context=1.798870 sequence=1157.839405
[r14-five-plan/b22_C] [plan] step=700 node=N3696 type=control0 q_typed_reliable_context=1.028856 sequence=1158.864261
[r14-five-plan/b22_C] [plan] step=701 node=N5370 type=control1 q_typed_reliable_context=0.923544 sequence=1159.787804
[r14-five-plan/b22_C] [plan] step=702 node=N9855 type=observe q_typed_reliable_context=0.727394 sequence=1160.515199
[r14-five-plan/b22_C] [plan] step=703 node=N12790 type=observe q_typed_reliable_context=0.951897 sequence=1161.467096
[r14-five-plan/b22_C] [plan] step=704 node=N18499 type=control1 q_typed_reliable_context=1.375934 sequence=1162.838030
[r14-five-plan/b22_C] [plan] step=705 node=N12772 type=observe q_typed_reliable_context=0.720133 sequence=1163.558163
[r14-five-plan/b22_C] [plan] step=706 node=N12779 type=observe q_typed_reliable_context=0.978685 sequence=1164.532847
[r14-five-plan/b22_C] [plan] step=707 node=N14346 type=observe q_typed_reliable_context=0.939126 sequence=1165.467973
[r14-five-plan/b22_C] [plan] step=708 node=N8380 type=observe q_typed_reliable_context=1.659350 sequence=1167.123323
[r14-five-plan/b22_C] [plan] step=709 node=N12708 type=observe q_typed_reliable_context=0.773664 sequence=1167.896987
[r14-five-plan/b22_C] [plan] step=710 node=N9915 type=observe q_typed_reliable_context=0.853072 sequence=1168.750059
[r14-five-plan/b22_C] [plan] step=711 node=N9953 type=observe q_typed_reliable_context=0.916241 sequence=1169.661300
[r14-five-plan/b22_C] [plan] step=712 node=N12819 type=control0 q_typed_reliable_context=0.446146 sequence=1170.107446
[r14-five-plan/b22_C] [plan] step=713 node=N7665 type=observe q_typed_reliable_context=1.179798 sequence=1171.282244
[r14-five-plan/b22_C] [plan] step=714 node=N9951 type=observe q_typed_reliable_context=1.373026 sequence=1172.650270
[r14-five-plan/b22_C] [plan] step=715 node=N9918 type=observe q_typed_reliable_context=0.925359 sequence=1173.575628
[r14-five-plan/b22_C] [plan] step=716 node=N18205 type=control0 q_typed_reliable_context=0.946522 sequence=1174.522150
[r14-five-plan/b22_C] [plan] step=717 node=N14351 type=observe q_typed_reliable_context=0.856354 sequence=1175.374504
[r14-five-plan/b22_C] [plan] step=718 node=N14347 type=observe q_typed_reliable_context=1.120057 sequence=1176.490561
[r14-five-plan/b22_C] [plan] step=719 node=N14342 type=observe q_typed_reliable_context=1.192333 sequence=1177.678894
[r14-five-plan/b22_C] [plan] step=720 node=N8150 type=observe q_typed_reliable_context=1.333907 sequence=1179.007801
[r14-five-plan/b22_C] [plan] step=721 node=N12727 type=observe q_typed_reliable_context=1.303313 sequence=1180.311114
[r14-five-plan/b22_C] [plan] step=722 node=N9921 type=observe q_typed_reliable_context=1.178540 sequence=1181.489654
[r14-five-plan/b22_C] [plan] step=723 node=N10040 type=observe q_typed_reliable_context=1.574123 sequence=1183.063777
[r14-five-plan/b22_C] [plan] step=724 node=N9930 type=observe q_typed_reliable_context=0.859842 sequence=1183.923618
[r14-five-plan/b22_C] [plan] step=725 node=N12845 type=control0 q_typed_reliable_context=1.054342 sequence=1184.977960
[r14-five-plan/b22_C] [plan] step=726 node=N12717 type=observe q_typed_reliable_context=0.917885 sequence=1185.895845
[r14-five-plan/b22_C] [plan] step=727 node=N10522 type=observe q_typed_reliable_context=1.281494 sequence=1187.177340
[r14-five-plan/b22_C] [plan] step=728 node=N12735 type=observe q_typed_reliable_context=1.150022 sequence=1188.327362
[r14-five-plan/b22_C] [plan] step=729 node=N12712 type=observe q_typed_reliable_context=1.246179 sequence=1189.573540
[r14-five-plan/b22_C] [plan] step=730 node=N18490 type=observe q_typed_reliable_context=1.399740 sequence=1190.969280
[r14-five-plan/b22_C] [plan] step=731 node=N12752 type=observe q_typed_reliable_context=0.863600 sequence=1191.832880
[r14-five-plan/b22_C] [plan] step=732 node=N18497 type=observe q_typed_reliable_context=1.050038 sequence=1192.877918
[r14-five-plan/b22_C] [plan] step=733 node=N18392 type=observe q_typed_reliable_context=0.739157 sequence=1193.617075
[r14-five-plan/b22_C] [plan] step=734 node=N12766 type=observe q_typed_reliable_context=0.981251 sequence=1194.598326
[r14-five-plan/b22_C] [plan] step=735 node=N12787 type=observe q_typed_reliable_context=1.181025 sequence=1195.779350
[r14-five-plan/b22_C] [plan] step=736 node=N8382 type=observe q_typed_reliable_context=1.827491 sequence=1197.602842
[r14-five-plan/b22_C] [plan] step=737 node=N18419 type=observe q_typed_reliable_context=0.734612 sequence=1198.337454
[r14-five-plan/b22_C] [plan] step=738 node=N12844 type=control0 q_typed_reliable_context=1.333969 sequence=1199.671422
[r14-five-plan/b22_C] [plan] step=739 node=N12842 type=control0 q_typed_reliable_context=1.455200 sequence=1201.126623
[r14-five-plan/b22_C] [plan] step=740 node=N4417 type=observe q_typed_reliable_context=0.940005 sequence=1202.066628
[r14-five-plan/b22_C] [plan] step=741 node=N12762 type=observe q_typed_reliable_context=0.951930 sequence=1203.018558
[r14-five-plan/b22_C] [plan] step=742 node=N26409 type=observe q_typed_reliable_context=1.829438 sequence=1204.843996
[r14-five-plan/b22_C] [plan] step=743 node=N26330 type=observe q_typed_reliable_context=1.694265 sequence=1206.533262
[r14-five-plan/b22_C] [plan] step=744 node=N18417 type=observe q_typed_reliable_context=1.271162 sequence=1207.804424
[r14-five-plan/b22_C] [plan] step=745 node=N12697 type=observe q_typed_reliable_context=1.167630 sequence=1208.967053
[r14-five-plan/b22_C] [plan] step=746 node=N26363 type=observe q_typed_reliable_context=1.123348 sequence=1210.090402
[r14-five-plan/b22_C] [plan] step=747 node=N24116 type=observe q_typed_reliable_context=1.213805 sequence=1211.300207
[r14-five-plan/b22_C] [plan] step=748 node=N24131 type=observe q_typed_reliable_context=1.491106 sequence=1212.786314
[r14-five-plan/b22_C] [plan] step=749 node=N26435 type=observe q_typed_reliable_context=2.118516 sequence=1214.900829
[r14-five-plan/b22_C] [plan] step=750 node=N26361 type=observe q_typed_reliable_context=0.665239 sequence=1215.562069
[r14-five-plan/b22_C] [plan] step=751 node=N26351 type=observe q_typed_reliable_context=0.753849 sequence=1216.311918
[r14-five-plan/b22_C] [plan] step=752 node=N24083 type=observe q_typed_reliable_context=0.857592 sequence=1217.165511
[r14-five-plan/b22_C] [plan] step=753 node=N24085 type=observe q_typed_reliable_context=0.842849 sequence=1218.004360
[r14-five-plan/b22_C] [plan] step=754 node=N8144 type=observe q_typed_reliable_context=0.916802 sequence=1218.921162
[r14-five-plan/b22_C] [plan] step=755 node=N24043 type=observe q_typed_reliable_context=0.894102 sequence=1219.810265
[r14-five-plan/b22_C] [plan] step=756 node=N1596 type=control0 q_typed_reliable_context=0.406215 sequence=1220.212480
[r14-five-plan/b22_C] [plan] step=757 node=N1209 type=control1 q_typed_reliable_context=1.186120 sequence=1221.394600
[r14-five-plan/b22_C] [plan] step=758 node=N24082 type=observe q_typed_reliable_context=1.259556 sequence=1222.650156
[r14-five-plan/b22_C] [plan] step=759 node=N24086 type=observe q_typed_reliable_context=1.068206 sequence=1223.714362
[r14-five-plan/b22_C] [plan] step=760 node=N9944 type=control0 q_typed_reliable_context=1.525009 sequence=1225.234372
[r14-five-plan/b22_C] [plan] step=761 node=N14358 type=observe q_typed_reliable_context=0.930115 sequence=1226.160487
[r14-five-plan/b22_C] [plan] step=762 node=N25365 type=control1 q_typed_reliable_context=1.142687 sequence=1227.303174
[r14-five-plan/b22_C] [plan] step=763 node=N24080 type=observe q_typed_reliable_context=1.042305 sequence=1228.341479
[r14-five-plan/b22_C] [plan] step=764 node=N24117 type=observe q_typed_reliable_context=1.436110 sequence=1229.773589
[r14-five-plan/b22_C] [plan] step=765 node=N26362 type=observe q_typed_reliable_context=1.407137 sequence=1231.175726
[r14-five-plan/b22_C] [plan] step=766 node=N4471 type=observe q_typed_reliable_context=1.157184 sequence=1232.332910
[r14-five-plan/b22_C] [plan] step=767 node=N18126 type=control1 q_typed_reliable_context=0.858643 sequence=1233.191553
[r14-five-plan/b22_C] [plan] step=768 node=N12240 type=observe q_typed_reliable_context=1.360902 sequence=1234.552455
[r14-five-plan/b22_C] [plan] step=769 node=N8381 type=observe q_typed_reliable_context=2.078813 sequence=1236.627268
[r14-five-plan/b22_C] [plan] step=770 node=N26489 type=observe q_typed_reliable_context=1.349939 sequence=1237.973208
[r14-five-plan/b22_C] [plan] step=771 node=N26492 type=observe q_typed_reliable_context=1.073698 sequence=1239.041906
[r14-five-plan/b22_C] [plan] step=772 node=N24164 type=observe q_typed_reliable_context=0.482105 sequence=1239.520011
[r14-five-plan/b22_C] [plan] step=773 node=N4839 type=control0 q_typed_reliable_context=0.713095 sequence=1240.233105
[r14-five-plan/b22_C] [plan] step=774 node=N12729 type=observe q_typed_reliable_context=1.528572 sequence=1241.757677
[r14-five-plan/b22_C] [plan] step=775 node=N28414 type=control1 q_typed_reliable_context=1.069402 sequence=1242.827079
[r14-five-plan/b22_C] [plan] step=776 node=N29436 type=control1 q_typed_reliable_context=2.355133 sequence=1245.182213
[r14-five-plan/b22_C] [plan] step=777 node=N29442 type=control1 q_typed_reliable_context=2.194632 sequence=1247.376845
[r14-five-plan/b22_C] [plan] step=778 node=N26533 type=control1 q_typed_reliable_context=1.913817 sequence=1249.290662
[r14-five-plan/b22_C] [plan] step=779 node=N26539 type=control1 q_typed_reliable_context=1.932174 sequence=1251.222836
[r14-five-plan/b22_C] [plan] step=780 node=N27036 type=control1 q_typed_reliable_context=2.931994 sequence=1254.154830
[r14-five-plan/b22_C] [plan] step=781 node=N27042 type=control1 q_typed_reliable_context=2.812273 sequence=1256.967104
[r14-five-plan/b22_C] [plan] step=782 node=N27537 type=control1 q_typed_reliable_context=2.695979 sequence=1259.663083
[r14-five-plan/b22_C] [plan] step=783 node=N27543 type=control1 q_typed_reliable_context=1.850635 sequence=1261.513718
[r14-five-plan/b22_C] [plan] step=784 node=N9940 type=control0 q_typed_reliable_context=0.505738 sequence=1262.014455
[r14-five-plan/b22_C] [plan] step=785 node=N24175 type=observe q_typed_reliable_context=0.650335 sequence=1262.660790
[r14-five-plan/b22_C] [plan] step=786 node=N1170 type=control0 q_typed_reliable_context=0.674997 sequence=1263.331788
[r14-five-plan/b22_C] [plan] step=787 node=N29435 type=control1 q_typed_reliable_context=1.160683 sequence=1264.492470
[r14-five-plan/b22_C] [plan] step=788 node=N24172 type=observe q_typed_reliable_context=0.999924 sequence=1265.488394
[r14-five-plan/b22_C] [plan] step=789 node=N7113 type=control1 q_typed_reliable_context=0.940487 sequence=1266.424881
[r14-five-plan/b22_C] [plan] step=790 node=N24155 type=observe q_typed_reliable_context=0.497292 sequence=1266.917174
[r14-five-plan/b22_C] [plan] step=791 node=N29434 type=control1 q_typed_reliable_context=1.767229 sequence=1268.684403
[r14-five-plan/b22_C] [plan] step=792 node=N26532 type=control1 q_typed_reliable_context=2.195955 sequence=1270.880358
[r14-five-plan/b22_C] [plan] step=793 node=N24193 type=observe q_typed_reliable_context=3.650539 sequence=1274.525897
[r14-five-plan/b22_C] [plan] step=794 node=N27034 type=control1 q_typed_reliable_context=2.688604 sequence=1277.214501
[r14-five-plan/b22_C] [plan] step=795 node=N24173 type=observe q_typed_reliable_context=3.206868 sequence=1280.417369
[r14-five-plan/b22_C] [plan] step=796 node=N27035 type=control1 q_typed_reliable_context=2.410693 sequence=1282.828062
[r14-five-plan/b22_C] [plan] step=797 node=N27535 type=control1 q_typed_reliable_context=0.860769 sequence=1283.688832
[r14-five-plan/b22_C] [plan] step=798 node=N27536 type=control1 q_typed_reliable_context=3.040295 sequence=1286.729127
[r14-five-plan/b22_C] [plan] step=799 node=N26531 type=control1 q_typed_reliable_context=2.729226 sequence=1289.458353
[r14-five-plan/b22_C] [plan] step=800 node=N13065 type=control1 q_typed_reliable_context=2.580565 sequence=1292.038918
[r14-five-plan/b22_C] [plan] step=801 node=N13066 type=control1 q_typed_reliable_context=2.385925 sequence=1294.424843
[r14-five-plan/b22_C] [plan] step=802 node=N16538 type=control1 q_typed_reliable_context=2.596793 sequence=1297.021636
[r14-five-plan/b22_C] [plan] step=803 node=N16539 type=control1 q_typed_reliable_context=2.350855 sequence=1299.372491
[r14-five-plan/b22_C] [plan] step=804 node=N13073 type=control1 q_typed_reliable_context=2.265027 sequence=1301.637518
[r14-five-plan/b22_C] [plan] step=805 node=N16546 type=control1 q_typed_reliable_context=2.352014 sequence=1303.989532
[r14-five-plan/b22_C] [plan] step=806 node=N17036 type=control1 q_typed_reliable_context=2.370554 sequence=1306.360086
[r14-five-plan/b22_C] [plan] step=807 node=N17037 type=control1 q_typed_reliable_context=2.397887 sequence=1308.757973
[r14-five-plan/b22_C] [plan] step=808 node=N24158 type=observe q_typed_reliable_context=0.860358 sequence=1309.614331
[r14-five-plan/b22_C] [plan] step=809 node=N18142 type=control0 q_typed_reliable_context=0.458066 sequence=1310.072397
[r14-five-plan/b22_C] [plan] step=810 node=N12749 type=observe q_typed_reliable_context=1.582917 sequence=1311.651314
[r14-five-plan/b22_C] [plan] step=811 node=N26456 type=observe q_typed_reliable_context=1.248261 sequence=1312.899575
[r14-five-plan/b22_C] [plan] step=812 node=N1171 type=control0 q_typed_reliable_context=0.682002 sequence=1313.577577
[r14-five-plan/b22_C] [plan] step=813 node=N18144 type=control0 q_typed_reliable_context=0.786161 sequence=1314.363738
[r14-five-plan/b22_C] [plan] step=814 node=N26459 type=observe q_typed_reliable_context=1.375855 sequence=1315.734592
[r14-five-plan/b22_C] [plan] step=815 node=N18334 type=control0 q_typed_reliable_context=0.853057 sequence=1316.587649
[r14-five-plan/b22_C] [plan] step=816 node=N12759 type=observe q_typed_reliable_context=1.291738 sequence=1317.875387
[r14-five-plan/b22_C] [plan] step=817 node=N18156 type=control0 q_typed_reliable_context=0.894903 sequence=1318.770291
[r14-five-plan/b22_C] [plan] step=818 node=N12719 type=observe q_typed_reliable_context=1.207412 sequence=1319.973703
[r14-five-plan/b22_C] [plan] step=819 node=N18412 type=observe q_typed_reliable_context=1.145720 sequence=1321.119423
[r14-five-plan/b22_C] [plan] step=820 node=N28408 type=control1 q_typed_reliable_context=1.070632 sequence=1322.190054
[r14-five-plan/b22_C] [plan] step=821 node=N17044 type=control1 q_typed_reliable_context=1.734588 sequence=1323.924642
[r14-five-plan/b22_C] [plan] step=822 node=N29441 type=control1 q_typed_reliable_context=1.882040 sequence=1325.806682
[r14-five-plan/b22_C] [plan] step=823 node=N18421 type=observe q_typed_reliable_context=0.707161 sequence=1326.513843
[r14-five-plan/b22_C] [plan] step=824 node=N12769 type=observe q_typed_reliable_context=0.917916 sequence=1327.426759
[r14-five-plan/b22_C] [plan] step=825 node=N9973 type=control0 q_typed_reliable_context=0.821915 sequence=1328.243674
[r14-five-plan/b22_C] [plan] step=826 node=N24217 type=observe q_typed_reliable_context=0.943064 sequence=1329.182738
[r14-five-plan/b22_C] [plan] step=827 node=N12785 type=observe q_typed_reliable_context=1.012866 sequence=1330.190604
[r14-five-plan/b22_C] [plan] step=828 node=N18150 type=control0 q_typed_reliable_context=0.844006 sequence=1331.034610
[r14-five-plan/b22_C] [plan] step=829 node=N18451 type=observe q_typed_reliable_context=0.996759 sequence=1332.027369
[r14-five-plan/b22_C] [plan] step=830 node=N14506 type=observe q_typed_reliable_context=0.948684 sequence=1332.976053
[r14-five-plan/b22_C] [plan] step=831 node=N9908 type=control0 q_typed_reliable_context=0.992804 sequence=1333.963857
[r14-five-plan/b22_C] [plan] step=832 node=N14514 type=observe q_typed_reliable_context=1.110420 sequence=1335.074277
[r14-five-plan/b22_C] [plan] step=833 node=N26384 type=observe q_typed_reliable_context=1.263474 sequence=1336.333751
[r14-five-plan/b22_C] [plan] step=834 node=N2741 type=observe q_typed_reliable_context=1.344161 sequence=1337.677911
[r14-five-plan/b22_C] [plan] step=835 node=N18068 type=control0 q_typed_reliable_context=1.513964 sequence=1339.186875
[r14-five-plan/b22_C] [plan] step=836 node=N3283 type=observe q_typed_reliable_context=1.460902 sequence=1340.642777
[r14-five-plan/b22_C] [plan] step=837 node=N8383 type=observe q_typed_reliable_context=2.016082 sequence=1342.654859
[r14-five-plan/b22_C] [plan] step=838 node=N7105 type=control1 q_typed_reliable_context=1.695002 sequence=1344.345861
[r14-five-plan/b22_C] [plan] step=839 node=N27041 type=control1 q_typed_reliable_context=1.899388 sequence=1346.245249
[r14-five-plan/b22_C] [plan] step=840 node=N27542 type=control1 q_typed_reliable_context=2.257392 sequence=1348.502641
[r14-five-plan/b22_C] [plan] step=841 node=N26538 type=control1 q_typed_reliable_context=2.039414 sequence=1350.542056
[r14-five-plan/b22_C] [plan] step=842 node=N17535 type=control1 q_typed_reliable_context=2.135599 sequence=1352.673654
[r14-five-plan/b22_C] [plan] step=843 node=N17534 type=control1 q_typed_reliable_context=2.020715 sequence=1354.690370
[r14-five-plan/b22_C] [plan] step=844 node=N17542 type=control1 q_typed_reliable_context=1.957679 sequence=1356.644048
[r14-five-plan/b22_C] [plan] step=845 node=N28148 type=control1 q_typed_reliable_context=1.831755 sequence=1358.475804
[r14-five-plan/b22_C] [plan] step=846 node=N28155 type=control1 q_typed_reliable_context=1.482293 sequence=1359.954097
[r14-five-plan/b22_C] [plan] step=847 node=N13067 type=control1 q_typed_reliable_context=1.442969 sequence=1361.397066
[r14-five-plan/b22_C] [plan] step=848 node=N7498 type=observe q_typed_reliable_context=1.159528 sequence=1362.551594
[r14-five-plan/b22_C] [plan] step=849 node=N8585 type=observe q_typed_reliable_context=1.269079 sequence=1363.816672
[r14-five-plan/b22_C] [plan] step=850 node=N9898 type=control0 q_typed_reliable_context=1.501982 sequence=1365.313654
[r14-five-plan/b22_C] [plan] step=851 node=N12238 type=observe q_typed_reliable_context=1.089412 sequence=1366.403066
[r14-five-plan/b22_C] [plan] step=852 node=N16540 type=control1 q_typed_reliable_context=0.774058 sequence=1367.177124
[r14-five-plan/b22_C] [plan] step=853 node=N17038 type=control1 q_typed_reliable_context=2.307514 sequence=1369.484638
[r14-five-plan/b22_C] [plan] step=854 node=N13072 type=control1 q_typed_reliable_context=2.352872 sequence=1371.837510
[r14-five-plan/b22_C] [plan] step=855 node=N16545 type=control1 q_typed_reliable_context=2.303297 sequence=1374.140807
[r14-five-plan/b22_C] [plan] step=856 node=N17536 type=control1 q_typed_reliable_context=2.291017 sequence=1376.427824
[r14-five-plan/b22_C] [plan] step=857 node=N4439 type=observe q_typed_reliable_context=0.959598 sequence=1377.382423
[r14-five-plan/b22_C] [plan] step=858 node=N17043 type=control1 q_typed_reliable_context=2.047047 sequence=1379.429469
[r14-five-plan/b22_C] [plan] step=859 node=N26370 type=observe q_typed_reliable_context=1.237305 sequence=1380.662774
[r14-five-plan/b22_C] [plan] step=860 node=N26369 type=observe q_typed_reliable_context=1.361572 sequence=1382.020346
[r14-five-plan/b22_C] [plan] step=861 node=N4357 type=observe q_typed_reliable_context=1.438622 sequence=1383.458968
[r14-five-plan/b22_C] [plan] step=862 node=N18439 type=observe q_typed_reliable_context=1.437581 sequence=1384.892549
[r14-five-plan/b22_C] [plan] step=863 node=N26467 type=observe q_typed_reliable_context=1.553691 sequence=1386.442240
[r14-five-plan/b22_C] [plan] step=864 node=N12754 type=observe q_typed_reliable_context=1.731325 sequence=1388.169565
[r14-five-plan/b22_C] [plan] step=865 node=N12744 type=observe q_typed_reliable_context=1.860633 sequence=1390.026197
[r14-five-plan/b22_C] [plan] step=866 node=N12724 type=observe q_typed_reliable_context=2.478722 sequence=1392.500920
[r14-five-plan/b22_C] [plan] step=867 node=N12714 type=observe q_typed_reliable_context=2.289855 sequence=1394.786774
[r14-five-plan/b22_C] [plan] step=868 node=N24128 type=observe q_typed_reliable_context=1.947445 sequence=1396.730219
[r14-five-plan/b22_C] [plan] step=869 node=N7510 type=observe q_typed_reliable_context=2.535051 sequence=1399.261270
[r14-five-plan/b22_C] [plan] step=870 node=N24178 type=observe q_typed_reliable_context=3.127240 sequence=1402.388510
[r14-five-plan/b22_C] [plan] step=871 node=N24181 type=observe q_typed_reliable_context=2.367287 sequence=1404.755796
[r14-five-plan/b22_C] [plan] step=872 node=N8384 type=observe q_typed_reliable_context=2.948875 sequence=1407.700671
[r14-five-plan/b22_C] [plan] step=873 node=N12764 type=observe q_typed_reliable_context=2.267146 sequence=1409.962817
[r14-five-plan/b22_C] [plan] step=874 node=N24126 type=observe q_typed_reliable_context=1.806859 sequence=1411.765676
[r14-five-plan/b22_C] [plan] step=875 node=N24166 type=observe q_typed_reliable_context=1.918510 sequence=1413.680186
[r14-five-plan/b22_C] [plan] step=876 node=N9185 type=control1 q_typed_reliable_context=0.953363 sequence=1414.629549
[r14-five-plan/b22_C] [plan] step=877 node=N17541 type=control1 q_typed_reliable_context=2.013628 sequence=1416.639176
[r14-five-plan/b22_C] [plan] step=878 node=N9895 type=control0 q_typed_reliable_context=0.812126 sequence=1417.446303
[r14-five-plan/b22_C] [plan] step=879 node=N18152 type=control0 q_typed_reliable_context=0.791854 sequence=1418.238157
[r14-five-plan/b22_C] [plan] step=880 node=N9892 type=control0 q_typed_reliable_context=0.799448 sequence=1419.032605
[r14-five-plan/b22_C] [plan] step=881 node=N18146 type=control0 q_typed_reliable_context=0.728317 sequence=1419.755921
[r14-five-plan/b22_C] [plan] step=882 node=N18154 type=control0 q_typed_reliable_context=0.696794 sequence=1420.452716
[r14-five-plan/b22_C] [plan] step=883 node=N14511 type=control0 q_typed_reliable_context=0.696992 sequence=1421.145707
[r14-five-plan/b22_C] [plan] step=884 node=N9635 type=control0 q_typed_reliable_context=0.697055 sequence=1421.837762
[r14-five-plan/b22_C] [plan] step=885 node=N9617 type=control0 q_typed_reliable_context=0.697077 sequence=1422.529840
[r14-five-plan/b22_C] [plan] step=886 node=N9599 type=control0 q_typed_reliable_context=0.697200 sequence=1423.222040
[r14-five-plan/b22_C] [plan] step=887 node=N9741 type=control0 q_typed_reliable_context=1.057128 sequence=1424.274168
[r14-five-plan/b22_C] [plan] step=888 node=N24313 type=control1 q_typed_reliable_context=0.794145 sequence=1425.068312
[r14-five-plan/b22_C] [plan] step=889 node=N9705 type=control0 q_typed_reliable_context=0.929426 sequence=1425.992739
[r14-five-plan/b22_C] [plan] step=890 node=N9669 type=control0 q_typed_reliable_context=1.042572 sequence=1427.030310
[r14-five-plan/b22_C] [plan] step=891 node=N9660 type=control0 q_typed_reliable_context=1.348773 sequence=1428.374083
[r14-five-plan/b22_C] [plan] step=892 node=N9590 type=control0 q_typed_reliable_context=1.554388 sequence=1429.923471
[r14-five-plan/b22_C] [plan] step=893 node=N9723 type=control0 q_typed_reliable_context=0.727865 sequence=1430.646336
[r14-five-plan/b22_C] [plan] step=894 node=N9559 type=control0 q_typed_reliable_context=1.754487 sequence=1432.395824
[r14-five-plan/b22_C] [plan] step=895 node=N9651 type=control0 q_typed_reliable_context=1.504620 sequence=1433.895444
[r14-five-plan/b22_C] [plan] step=896 node=N26494 type=control0 q_typed_reliable_context=0.722284 sequence=1434.612728
[r14-five-plan/b22_C] [plan] step=897 node=N15000 type=control1 q_typed_reliable_context=0.632362 sequence=1435.245089
[r14-five-plan/b22_C] [plan] step=898 node=N14997 type=control1 q_typed_reliable_context=0.678879 sequence=1435.923969
[r14-five-plan/b22_C] [plan] step=899 node=N9777 type=control0 q_typed_reliable_context=1.573252 sequence=1437.492221
[r14-five-plan/b22_C] [plan] step=900 node=N9687 type=control0 q_typed_reliable_context=1.962801 sequence=1439.450022
[r14-five-plan/b22_C] [plan] step=901 node=N21482 type=control1 q_typed_reliable_context=1.407831 sequence=1440.857853
[r14-five-plan/b22_C] [plan] step=902 node=N4475 type=observe q_typed_reliable_context=1.042888 sequence=1441.895741
[r14-five-plan/b22_C] [plan] step=903 node=N1240 type=observe q_typed_reliable_context=1.159384 sequence=1443.050125
[r14-five-plan/b22_C] [plan] step=904 node=N12804 type=observe q_typed_reliable_context=1.179815 sequence=1444.229940
[r14-five-plan/b22_C] [plan] step=905 node=N26419 type=observe q_typed_reliable_context=1.278066 sequence=1445.508006
[r14-five-plan/b22_C] [plan] step=906 node=N26386 type=observe q_typed_reliable_context=1.058367 sequence=1446.566373
[r14-five-plan/b22_C] [plan] step=907 node=N14395 type=observe q_typed_reliable_context=1.121570 sequence=1447.682944
[r14-five-plan/b22_C] [plan] step=908 node=N12242 type=observe q_typed_reliable_context=1.070584 sequence=1448.748528
[r14-five-plan/b22_C] [plan] step=909 node=N18585 type=observe q_typed_reliable_context=1.069854 sequence=1449.813381
[r14-five-plan/b22_C] [plan] step=910 node=N14391 type=observe q_typed_reliable_context=1.050876 sequence=1450.864257
[r14-five-plan/b22_C] [plan] step=911 node=N4411 type=observe q_typed_reliable_context=1.063619 sequence=1451.927876
[r14-five-plan/b22_C] [plan] step=912 node=N8608 type=observe q_typed_reliable_context=1.199414 sequence=1453.123289
[r14-five-plan/b22_C] [plan] step=913 node=N8385 type=observe q_typed_reliable_context=1.285025 sequence=1454.404314
[r14-five-plan/b22_C] [plan] step=914 node=N18479 type=observe q_typed_reliable_context=1.110003 sequence=1455.510317
[r14-five-plan/b22_C] [plan] step=915 node=N7575 type=observe q_typed_reliable_context=1.278251 sequence=1456.783568
[r14-five-plan/b22_C] saved=autoresearch/loop-260720-0945/typed_winner_round14_candidate_prior_five/b22_C/plans/iscas99__b22.csv
