I342 /1 undetected
__buf_split_263 /1 undetected
I349 /1 undetected
__buf_split_261 /1 undetected
I223 /1 undetected
test_en->__tpi_cp_14___buf_split_266 /0 undetected
__buf_split_266 /0 undetected
__tpi_not_test_en->__tpi_cp_0___buf_split_265 /1 undetected
__tpi_cp_0___buf_split_265 /1 undetected
__buf_split_265 /1 undetected
test_en->__tpi_cp_11___aig_and_38 /0 undetected
test_en->__tpi_cp_1___aig_and_31 /0 undetected
__tpi_not_test_en->__tpi_cp_27___aig_not_102 /1 undetected
__tpi_not_test_en->__tpi_cp_7___buf_split_213 /1 undetected
__aig_not_95 /1 undetected
test_en->__tpi_cp_9___aig_and_32 /0 undetected
__aig_and_32 /0 undetected
__buf_split_192 /1 undetected
test_en->__tpi_cp_22___buf_split_79 /0 undetected
test_en->__tpi_cp_26_G369 /0 undetected
I293 /1 undetected
__tpi_not_test_en->__tpi_cp_18___buf_split_252 /1 undetected
test_en->__tpi_cp_2___buf_split_55 /0 undetected
test_en->__tpi_cp_25_G179 /0 undetected
test_en->__tpi_cp_16_G178 /0 undetected
test_en->__tpi_cp_8___buf_split_54 /0 undetected
test_en->__tpi_cp_21___aig_and_132 /0 undetected
I307 /1 undetected
__buf_split_243 /1 undetected
__tpi_not_test_en->__tpi_cp_5___aig_not_60 /1 undetected
test_en->__tpi_cp_12_G249 /0 undetected
test_en->__tpi_cp_3_G184 /0 undetected
__tpi_not_test_en->__tpi_cp_4_I422 /1 undetected
test_en->__tpi_cp_10_G89 /0 undetected
__tpi_not_test_en->__tpi_cp_15_I300 /1 undetected
I300 /1 undetected
test_en->__tpi_cp_19___aig_and_122 /0 undetected
__aig_and_122 /0 undetected
__buf_split_235 /1 undetected
I314 /1 undetected
__buf_split_237 /1 undetected
__tpi_not_test_en /1 undetected
