[r20-r10-return-plan/within_lr2e4] [plan] torch_deterministic=true
[r20-r10-return-plan/within_lr2e4] [plan] candidate_allowlist=autoresearch/original-netlist-recovery-260712/exact_itc99/b15_C/exact_candidate_nodes.txt nodes=7918
[r20-r10-return-plan/within_lr2e4] [plan] prefix_plan=autoresearch/loop-260720-0945/typed_winner_round8_five/b15_C/best_plans/iscas99__b15_1.csv prefix_actions=192 continue_at_step=193
[r20-r10-return-plan/within_lr2e4] [plan] latent_norm_clip_ratio=4 latent_norm_limit=30.875631
[r20-r10-return-plan/within_lr2e4] [plan] prefix_state_mode=replay replayed_actions=192
[r20-r10-return-plan/within_lr2e4] [plan] step=193 node=N6175 type=observe typed_return_pred=1.132615 sequence=367.975208
[r20-r10-return-plan/within_lr2e4] [plan] step=194 node=N6203 type=observe typed_return_pred=1.357771 sequence=369.332979
[r20-r10-return-plan/within_lr2e4] [plan] step=195 node=N5584 type=observe typed_return_pred=1.414419 sequence=370.747397
[r20-r10-return-plan/within_lr2e4] [plan] step=196 node=N5478 type=observe typed_return_pred=1.414332 sequence=372.161730
[r20-r10-return-plan/within_lr2e4] [plan] step=197 node=N2191 type=observe typed_return_pred=1.403664 sequence=373.565393
[r20-r10-return-plan/within_lr2e4] [plan] step=198 node=N6561 type=observe typed_return_pred=1.396299 sequence=374.961693
[r20-r10-return-plan/within_lr2e4] [plan] step=199 node=N6168 type=observe typed_return_pred=1.326421 sequence=376.284114
[r20-r10-return-plan/within_lr2e4] [plan] step=200 node=N2285 type=observe typed_return_pred=1.297930 sequence=377.582044
[r20-r10-return-plan/within_lr2e4] [plan] step=201 node=N6162 type=observe typed_return_pred=1.254346 sequence=378.836390
[r20-r10-return-plan/within_lr2e4] [plan] step=202 node=N6158 type=observe typed_return_pred=1.248599 sequence=380.084989
[r20-r10-return-plan/within_lr2e4] [plan] step=203 node=N5905 type=observe typed_return_pred=1.389240 sequence=381.469229
[r20-r10-return-plan/within_lr2e4] [plan] step=204 node=N5747 type=observe typed_return_pred=1.384469 sequence=382.853698
[r20-r10-return-plan/within_lr2e4] [plan] step=205 node=N8309 type=observe typed_return_pred=1.310564 sequence=384.164262
[r20-r10-return-plan/within_lr2e4] [plan] step=206 node=N2187 type=observe typed_return_pred=1.237700 sequence=385.397963
[r20-r10-return-plan/within_lr2e4] [plan] step=207 node=N5914 type=observe typed_return_pred=1.270970 sequence=386.668933
[r20-r10-return-plan/within_lr2e4] [plan] step=208 node=N2231 type=observe typed_return_pred=1.234571 sequence=387.903504
[r20-r10-return-plan/within_lr2e4] [plan] step=209 node=N8074 type=observe typed_return_pred=1.237362 sequence=389.140866
[r20-r10-return-plan/within_lr2e4] [plan] step=210 node=N6628 type=observe typed_return_pred=1.254710 sequence=390.395576
[r20-r10-return-plan/within_lr2e4] [plan] step=211 node=N1611 type=observe typed_return_pred=1.367210 sequence=391.762785
[r20-r10-return-plan/within_lr2e4] [plan] step=212 node=N8310 type=observe typed_return_pred=1.309887 sequence=393.068672
[r20-r10-return-plan/within_lr2e4] [plan] step=213 node=N6632 type=observe typed_return_pred=1.243909 sequence=394.312581
[r20-r10-return-plan/within_lr2e4] [plan] step=214 node=N6108 type=observe typed_return_pred=1.341417 sequence=395.653999
[r20-r10-return-plan/within_lr2e4] [plan] step=215 node=N6164 type=observe typed_return_pred=1.271718 sequence=396.925717
[r20-r10-return-plan/within_lr2e4] [plan] step=216 node=N6626 type=observe typed_return_pred=1.235068 sequence=398.160785
[r20-r10-return-plan/within_lr2e4] [plan] step=217 node=N5481 type=observe typed_return_pred=1.290947 sequence=399.451732
[r20-r10-return-plan/within_lr2e4] [plan] step=218 node=N6630 type=observe typed_return_pred=1.265996 sequence=400.717727
[r20-r10-return-plan/within_lr2e4] [plan] step=219 node=N6624 type=observe typed_return_pred=1.273922 sequence=401.991649
[r20-r10-return-plan/within_lr2e4] [plan] step=220 node=N2284 type=observe typed_return_pred=1.291368 sequence=403.283017
[r20-r10-return-plan/within_lr2e4] [plan] step=221 node=N6634 type=observe typed_return_pred=1.290927 sequence=404.573943
[r20-r10-return-plan/within_lr2e4] [plan] step=222 node=N6622 type=observe typed_return_pred=1.236570 sequence=405.806513
[r20-r10-return-plan/within_lr2e4] [plan] step=223 node=N7512 type=observe typed_return_pred=1.225024 sequence=407.026538
[r20-r10-return-plan/within_lr2e4] [plan] step=224 node=N8080 type=observe typed_return_pred=1.419104 sequence=408.445641
[r20-r10-return-plan/within_lr2e4] [plan] step=225 node=N1854 type=observe typed_return_pred=1.249948 sequence=409.691589
[r20-r10-return-plan/within_lr2e4] [plan] step=226 node=N541 type=observe typed_return_pred=1.235019 sequence=410.922608
[r20-r10-return-plan/within_lr2e4] [plan] step=227 node=N6566 type=observe typed_return_pred=1.409042 sequence=412.331650
[r20-r10-return-plan/within_lr2e4] [plan] step=228 node=N543 type=observe typed_return_pred=1.231047 sequence=413.558697
[r20-r10-return-plan/within_lr2e4] [plan] step=229 node=N716 type=observe typed_return_pred=1.348848 sequence=414.907546
[r20-r10-return-plan/within_lr2e4] [plan] step=230 node=N545 type=observe typed_return_pred=1.216241 sequence=416.119787
[r20-r10-return-plan/within_lr2e4] [plan] step=231 node=N8312 type=observe typed_return_pred=1.327683 sequence=417.447471
[r20-r10-return-plan/within_lr2e4] [plan] step=232 node=N539 type=observe typed_return_pred=1.216908 sequence=418.660378
[r20-r10-return-plan/within_lr2e4] [plan] step=233 node=N2219 type=observe typed_return_pred=1.359876 sequence=420.020254
[r20-r10-return-plan/within_lr2e4] [plan] step=234 node=N6666 type=observe typed_return_pred=1.220297 sequence=421.240552
[r20-r10-return-plan/within_lr2e4] [plan] step=235 node=N5581 type=observe typed_return_pred=1.242731 sequence=422.483283
[r20-r10-return-plan/within_lr2e4] [plan] step=236 node=N537 type=observe typed_return_pred=1.222076 sequence=423.701359
[r20-r10-return-plan/within_lr2e4] [plan] step=237 node=N699 type=observe typed_return_pred=1.387825 sequence=425.089185
[r20-r10-return-plan/within_lr2e4] [plan] step=238 node=N698 type=observe typed_return_pred=1.234756 sequence=426.319940
[r20-r10-return-plan/within_lr2e4] [plan] step=239 node=N7500 type=observe typed_return_pred=1.234517 sequence=427.554458
[r20-r10-return-plan/within_lr2e4] [plan] step=240 node=N7401 type=observe typed_return_pred=1.282786 sequence=428.833244
[r20-r10-return-plan/within_lr2e4] [plan] step=241 node=N703 type=observe typed_return_pred=1.129294 sequence=429.958537
[r20-r10-return-plan/within_lr2e4] [plan] step=242 node=N2216 type=observe typed_return_pred=1.118131 sequence=431.072668
[r20-r10-return-plan/within_lr2e4] [plan] step=243 node=N707 type=observe typed_return_pred=1.150048 sequence=432.218716
[r20-r10-return-plan/within_lr2e4] [plan] step=244 node=N708 type=observe typed_return_pred=1.144221 sequence=433.358937
[r20-r10-return-plan/within_lr2e4] [plan] step=245 node=N731 type=observe typed_return_pred=1.137025 sequence=434.495962
[r20-r10-return-plan/within_lr2e4] [plan] step=246 node=N726 type=observe typed_return_pred=1.167191 sequence=435.659154
[r20-r10-return-plan/within_lr2e4] [plan] step=247 node=N709 type=observe typed_return_pred=1.126245 sequence=436.781399
[r20-r10-return-plan/within_lr2e4] [plan] step=248 node=N1874 type=observe typed_return_pred=1.058722 sequence=437.836121
[r20-r10-return-plan/within_lr2e4] [plan] step=249 node=N2183 type=observe typed_return_pred=1.159770 sequence=438.995891
[r20-r10-return-plan/within_lr2e4] [plan] step=250 node=N2185 type=observe typed_return_pred=1.136055 sequence=440.127947
[r20-r10-return-plan/within_lr2e4] [plan] step=251 node=N2203 type=observe typed_return_pred=1.113486 sequence=441.241432
[r20-r10-return-plan/within_lr2e4] [plan] step=252 node=N2205 type=observe typed_return_pred=1.089180 sequence=442.326612
[r20-r10-return-plan/within_lr2e4] [plan] step=253 node=N6123 type=observe typed_return_pred=1.050220 sequence=443.372832
[r20-r10-return-plan/within_lr2e4] [plan] step=254 node=N2201 type=observe typed_return_pred=1.058793 sequence=444.427625
[r20-r10-return-plan/within_lr2e4] [plan] step=255 node=N2224 type=observe typed_return_pred=1.089592 sequence=445.517216
[r20-r10-return-plan/within_lr2e4] [plan] step=256 node=N2226 type=observe typed_return_pred=1.072262 sequence=446.585478
[r20-r10-return-plan/within_lr2e4] [plan] step=257 node=N2243 type=observe typed_return_pred=1.014532 sequence=447.596010
[r20-r10-return-plan/within_lr2e4] [plan] step=258 node=N8084 type=observe typed_return_pred=1.188871 sequence=448.784881
[r20-r10-return-plan/within_lr2e4] [plan] step=259 node=N2213 type=observe typed_return_pred=1.246961 sequence=450.031842
[r20-r10-return-plan/within_lr2e4] [plan] step=260 node=N2270 type=observe typed_return_pred=1.270993 sequence=451.302835
[r20-r10-return-plan/within_lr2e4] [plan] step=261 node=N535 type=observe typed_return_pred=1.243196 sequence=452.542031
[r20-r10-return-plan/within_lr2e4] [plan] step=262 node=N533 type=observe typed_return_pred=1.292320 sequence=453.830352
[r20-r10-return-plan/within_lr2e4] [plan] step=263 node=N2223 type=observe typed_return_pred=1.411708 sequence=455.242060
[r20-r10-return-plan/within_lr2e4] [plan] step=264 node=N2253 type=observe typed_return_pred=1.425154 sequence=456.667214
[r20-r10-return-plan/within_lr2e4] [plan] step=265 node=N531 type=observe typed_return_pred=1.270596 sequence=457.933810
[r20-r10-return-plan/within_lr2e4] [plan] step=266 node=N2257 type=observe typed_return_pred=1.440424 sequence=459.374234
[r20-r10-return-plan/within_lr2e4] [plan] step=267 node=N700 type=observe typed_return_pred=1.433134 sequence=460.803368
[r20-r10-return-plan/within_lr2e4] [plan] step=268 node=N490 type=observe typed_return_pred=1.208990 sequence=462.012358
[r20-r10-return-plan/within_lr2e4] [plan] step=269 node=N2260 type=observe typed_return_pred=1.459756 sequence=463.468114
[r20-r10-return-plan/within_lr2e4] [plan] step=270 node=N2210 type=observe typed_return_pred=1.464790 sequence=464.928904
[r20-r10-return-plan/within_lr2e4] [plan] step=271 node=N2208 type=observe typed_return_pred=1.092390 sequence=466.017294
[r20-r10-return-plan/within_lr2e4] [plan] step=272 node=N7505 type=observe typed_return_pred=1.257633 sequence=467.270927
[r20-r10-return-plan/within_lr2e4] [plan] step=273 node=N2265 type=observe typed_return_pred=1.063011 sequence=468.333938
[r20-r10-return-plan/within_lr2e4] [plan] step=274 node=N2220 type=observe typed_return_pred=1.020860 sequence=469.350797
[r20-r10-return-plan/within_lr2e4] [plan] step=275 node=N2268 type=observe typed_return_pred=1.035159 sequence=470.381956
[r20-r10-return-plan/within_lr2e4] [plan] step=276 node=N2261 type=observe typed_return_pred=1.072965 sequence=471.454921
[r20-r10-return-plan/within_lr2e4] [plan] step=277 node=N2256 type=observe typed_return_pred=1.026150 sequence=472.477071
[r20-r10-return-plan/within_lr2e4] [plan] step=278 node=N2249 type=observe typed_return_pred=1.072129 sequence=473.549199
[r20-r10-return-plan/within_lr2e4] saved=autoresearch/loop-260720-0945/model_training_round20_round10_direct_return_b15/plans/within_lr2e4.csv
