test_en->__tpi_cp_9_n_416 /0 undetected
__tpi_not_test_en->__tpi_cp_17_n_411 /1 undetected
__tpi_not_test_en->__tpi_cp_36_n_407 /1 undetected
__tpi_not_test_en->__tpi_cp_35_n_404 /1 undetected
__tpi_not_test_en->__tpi_cp_6_n_377 /1 undetected
test_en->__tpi_cp_48___aig_and_273 /0 undetected
__tpi_not_test_en->__tpi_cp_5_n_376 /1 undetected
test_en->__tpi_cp_49___aig_and_272 /0 undetected
__tpi_not_test_en->__tpi_cp_7_n_378 /1 undetected
test_en->__tpi_cp_43___aig_and_274 /0 undetected
__tpi_not_test_en->__tpi_cp_3___buf_split_210 /1 undetected
test_en->__tpi_cp_46___aig_and_168 /0 undetected
__tpi_not_test_en->__tpi_cp_10_n_347 /1 undetected
test_en->__tpi_cp_39___aig_and_275 /0 undetected
test_en->__tpi_cp_53_n_360 /0 undetected
__buf_split_192->__aig_and_248 /1 undetected
test_en->__tpi_cp_51___aig_not_247 /0 undetected
__tpi_not_test_en->__tpi_cp_60_n_292 /1 undetected
__tpi_not_test_en->__tpi_cp_11_n_352 /1 undetected
__buf_split_180 /1 undetected
test_en->__tpi_cp_47_n_303 /0 undetected
__tpi_not_test_en->__tpi_cp_57_n_290 /1 undetected
__buf_split_174 /1 undetected
__tpi_not_test_en->__tpi_cp_19_n_350 /1 undetected
__tpi_not_test_en->__tpi_cp_44_n_288 /1 undetected
__buf_split_166 /1 undetected
__tpi_not_test_en->__tpi_cp_21_n_348 /1 undetected
__buf_split_162 /1 undetected
__buf_split_187 /1 undetected
__buf_split_193 /1 undetected
__buf_split_181 /1 undetected
__buf_split_163 /1 undetected
test_en->__tpi_cp_37___aig_and_189 /0 undetected
__tpi_not_test_en->__tpi_cp_45___aig_and_188 /1 undetected
__tpi_not_test_en->__tpi_cp_2___buf_split_150 /1 undetected
__tpi_not_test_en->__tpi_cp_42___buf_split_151 /1 undetected
__tpi_not_test_en->__tpi_cp_18___buf_split_154 /1 undetected
__tpi_not_test_en->__tpi_cp_32___aig_not_45 /1 undetected
test_en->__tpi_cp_31_n_233 /0 undetected
test_en->__tpi_cp_29_n_247 /0 undetected
__tpi_not_test_en->__tpi_cp_12___aig_not_152 /1 undetected
__buf_split_111 /1 undetected
__buf_split_110 /1 undetected
test_en->__tpi_cp_27_n_230 /0 undetected
__tpi_not_test_en->__tpi_cp_34___aig_not_110 /1 undetected
__buf_split_87->__aig_and_108 /1 undetected
test_en->__tpi_cp_25_n_227 /0 undetected
__tpi_not_test_en->__tpi_cp_26___aig_not_102 /1 undetected
__buf_split_83 /1 undetected
__buf_split_82 /1 undetected
__tpi_not_test_en->__tpi_cp_13___aig_not_143 /1 undetected
__buf_split_105 /1 undetected
__buf_split_104 /1 undetected
__tpi_not_test_en->__tpi_cp_15___aig_not_134 /1 undetected
__buf_split_99 /1 undetected
__buf_split_98 /1 undetected
__buf_split_95->__aig_and_124 /1 undetected
__buf_split_117->__aig_and_159 /1 undetected
__buf_split_79 /1 undetected
__buf_split_78 /1 undetected
__buf_split_91 /1 undetected
__buf_split_90 /1 undetected
__tpi_not_test_en->__tpi_cp_40_n_203 /1 undetected
test_en->__tpi_cp_1___buf_split_73 /0 undetected
__tpi_not_test_en->__tpi_cp_8_n_213 /1 undetected
__tpi_not_test_en->__tpi_cp_52___buf_split_69 /1 undetected
__tpi_not_test_en->__tpi_cp_22___buf_split_71 /1 undetected
