[b15-alpha-boundary/a0.50] [gmean] 2026-07-21T14:55:23 out_dir=autoresearch/loop-260720-0945/model_training_round7/b15_selection/alpha_boundary/alpha_0p50
[b15-alpha-boundary/a0.50] [gmean] 2026-07-21T14:55:23 budgets=iscas99__b15_1:278
[b15-alpha-boundary/a0.50] [gmean] 2026-07-21T14:55:23 variant_start id=greedy__cumulative__q_typed_reliable_context__bw1__d1__c64__g1p0__candhard_fault_cluster__div0p0__s0
[b15-alpha-boundary/a0.50] [gmean] 2026-07-21T14:55:23 [1/1] plan_start benchmark=iscas99__b15_1 budget=278 planner=greedy score=q_typed_reliable_context
[b15-alpha-boundary/a0.50] [plan iscas99__b15_1] [plan] torch_deterministic=true
[b15-alpha-boundary/a0.50] [plan iscas99__b15_1] [plan] candidate_allowlist=autoresearch/original-netlist-recovery-260712/exact_itc99/b15_C/exact_candidate_nodes.txt nodes=7918
[b15-alpha-boundary/a0.50] [plan iscas99__b15_1] [plan] latent_norm_clip_ratio=4 latent_norm_limit=30.875631
[b15-alpha-boundary/a0.50] [plan iscas99__b15_1] [plan] step=1 node=N677 type=control1 q_typed_reliable_context=4.858065 sequence=4.858065
[b15-alpha-boundary/a0.50] [plan iscas99__b15_1] [plan] step=2 node=N2155 type=observe q_typed_reliable_context=3.287883 sequence=8.145947
[b15-alpha-boundary/a0.50] [plan iscas99__b15_1] [plan] step=3 node=N502 type=control1 q_typed_reliable_context=2.192107 sequence=10.338054
[b15-alpha-boundary/a0.50] [plan iscas99__b15_1] [plan] step=4 node=N762 type=control1 q_typed_reliable_context=1.446094 sequence=11.784148
[b15-alpha-boundary/a0.50] [plan iscas99__b15_1] [plan] step=5 node=N3742 type=control0 q_typed_reliable_context=1.026273 sequence=12.810421
[b15-alpha-boundary/a0.50] [plan iscas99__b15_1] [plan] step=6 node=N3644 type=control0 q_typed_reliable_context=1.489064 sequence=14.299485
[b15-alpha-boundary/a0.50] [plan iscas99__b15_1] [plan] step=7 node=N557 type=control1 q_typed_reliable_context=0.910940 sequence=15.210425
[b15-alpha-boundary/a0.50] [plan iscas99__b15_1] [plan] step=8 node=N3756 type=control0 q_typed_reliable_context=1.097941 sequence=16.308366
[b15-alpha-boundary/a0.50] [plan iscas99__b15_1] [plan] step=9 node=N564 type=control1 q_typed_reliable_context=1.376962 sequence=17.685329
[b15-alpha-boundary/a0.50] [plan iscas99__b15_1] [plan] step=10 node=N2336 type=control1 q_typed_reliable_context=1.557724 sequence=19.243052
[b15-alpha-boundary/a0.50] [plan iscas99__b15_1] [plan] step=11 node=N5143 type=observe q_typed_reliable_context=1.325577 sequence=20.568630
[b15-alpha-boundary/a0.50] [plan iscas99__b15_1] [plan] step=12 node=N7511 type=control1 q_typed_reliable_context=1.450593 sequence=22.019223
[b15-alpha-boundary/a0.50] [plan iscas99__b15_1] [plan] step=13 node=N580 type=control1 q_typed_reliable_context=1.255322 sequence=23.274544
[b15-alpha-boundary/a0.50] [plan iscas99__b15_1] [plan] step=14 node=N2082 type=observe q_typed_reliable_context=1.398669 sequence=24.673214
[b15-alpha-boundary/a0.50] [plan iscas99__b15_1] [plan] step=15 node=N737 type=control1 q_typed_reliable_context=3.600376 sequence=28.273590
[b15-alpha-boundary/a0.50] [plan iscas99__b15_1] [plan] step=16 node=N3722 type=control0 q_typed_reliable_context=1.063244 sequence=29.336834
[b15-alpha-boundary/a0.50] [plan iscas99__b15_1] [plan] step=17 node=N496 type=control1 q_typed_reliable_context=1.745042 sequence=31.081876
[b15-alpha-boundary/a0.50] [plan iscas99__b15_1] [plan] step=18 node=N5234 type=observe q_typed_reliable_context=1.442985 sequence=32.524861
[b15-alpha-boundary/a0.50] [plan iscas99__b15_1] [plan] step=19 node=N5203 type=control1 q_typed_reliable_context=1.894227 sequence=34.419089
[b15-alpha-boundary/a0.50] [plan iscas99__b15_1] [plan] step=20 node=N2153 type=observe q_typed_reliable_context=2.275884 sequence=36.694973
[b15-alpha-boundary/a0.50] [plan iscas99__b15_1] [plan] step=21 node=N1853 type=observe q_typed_reliable_context=3.364608 sequence=40.059581
[b15-alpha-boundary/a0.50] [plan iscas99__b15_1] [plan] step=22 node=N4663 type=control0 q_typed_reliable_context=2.803956 sequence=42.863537
[b15-alpha-boundary/a0.50] [plan iscas99__b15_1] [plan] step=23 node=N2101 type=observe q_typed_reliable_context=2.122733 sequence=44.986269
[b15-alpha-boundary/a0.50] [plan iscas99__b15_1] [plan] step=24 node=N1860 type=observe q_typed_reliable_context=2.511842 sequence=47.498111
[b15-alpha-boundary/a0.50] [plan iscas99__b15_1] [plan] step=25 node=N1372 type=observe q_typed_reliable_context=1.690975 sequence=49.189087
[b15-alpha-boundary/a0.50] [plan iscas99__b15_1] [plan] step=26 node=N4635 type=control0 q_typed_reliable_context=2.483523 sequence=51.672610
[b15-alpha-boundary/a0.50] [plan iscas99__b15_1] [plan] step=27 node=N582 type=control1 q_typed_reliable_context=1.314980 sequence=52.987590
[b15-alpha-boundary/a0.50] [plan iscas99__b15_1] [plan] step=28 node=N5723 type=control0 q_typed_reliable_context=1.050623 sequence=54.038213
[b15-alpha-boundary/a0.50] [plan iscas99__b15_1] [plan] step=29 node=N766 type=control1 q_typed_reliable_context=1.022564 sequence=55.060776
[b15-alpha-boundary/a0.50] [plan iscas99__b15_1] [plan] step=30 node=N4670 type=control0 q_typed_reliable_context=3.371590 sequence=58.432366
[b15-alpha-boundary/a0.50] [plan iscas99__b15_1] [plan] step=31 node=N4649 type=control0 q_typed_reliable_context=2.258329 sequence=60.690695
[b15-alpha-boundary/a0.50] [plan iscas99__b15_1] [plan] step=32 node=N488 type=control1 q_typed_reliable_context=1.036375 sequence=61.727070
[b15-alpha-boundary/a0.50] [plan iscas99__b15_1] [plan] step=33 node=N1437 type=control1 q_typed_reliable_context=1.240715 sequence=62.967785
[b15-alpha-boundary/a0.50] [plan iscas99__b15_1] [plan] step=34 node=N4656 type=control0 q_typed_reliable_context=2.675094 sequence=65.642879
[b15-alpha-boundary/a0.50] [plan iscas99__b15_1] [plan] step=35 node=N7411 type=control1 q_typed_reliable_context=1.396924 sequence=67.039803
[b15-alpha-boundary/a0.50] [plan iscas99__b15_1] [plan] step=36 node=N7413 type=control1 q_typed_reliable_context=1.420522 sequence=68.460326
[b15-alpha-boundary/a0.50] [plan iscas99__b15_1] [plan] step=37 node=N704 type=observe q_typed_reliable_context=2.536761 sequence=70.997086
[b15-alpha-boundary/a0.50] [plan iscas99__b15_1] [plan] step=38 node=N2314 type=control1 q_typed_reliable_context=1.340678 sequence=72.337765
[b15-alpha-boundary/a0.50] [plan iscas99__b15_1] [plan] step=39 node=N7891 type=control1 q_typed_reliable_context=0.369088 sequence=72.706852
[b15-alpha-boundary/a0.50] [plan iscas99__b15_1] [plan] step=40 node=N6537 type=observe q_typed_reliable_context=3.864640 sequence=76.571492
[b15-alpha-boundary/a0.50] [plan iscas99__b15_1] [plan] step=41 node=N8470 type=observe q_typed_reliable_context=3.104993 sequence=79.676485
[b15-alpha-boundary/a0.50] [plan iscas99__b15_1] [plan] step=42 node=N4691 type=control0 q_typed_reliable_context=2.822245 sequence=82.498730
[b15-alpha-boundary/a0.50] [plan iscas99__b15_1] [plan] step=43 node=N724 type=observe q_typed_reliable_context=3.902608 sequence=86.401338
[b15-alpha-boundary/a0.50] [plan iscas99__b15_1] [plan] step=44 node=N4684 type=control0 q_typed_reliable_context=3.822306 sequence=90.223644
[b15-alpha-boundary/a0.50] [plan iscas99__b15_1] [plan] step=45 node=N4677 type=control0 q_typed_reliable_context=3.918299 sequence=94.141943
[b15-alpha-boundary/a0.50] [plan iscas99__b15_1] [plan] step=46 node=N4698 type=control0 q_typed_reliable_context=5.798107 sequence=99.940050
[b15-alpha-boundary/a0.50] [plan iscas99__b15_1] [plan] step=47 node=N2044 type=observe q_typed_reliable_context=0.635847 sequence=100.575897
[b15-alpha-boundary/a0.50] [plan iscas99__b15_1] [plan] step=48 node=N7889 type=control1 q_typed_reliable_context=0.794041 sequence=101.369938
[b15-alpha-boundary/a0.50] [plan iscas99__b15_1] [plan] step=49 node=N7887 type=control1 q_typed_reliable_context=0.785089 sequence=102.155027
[b15-alpha-boundary/a0.50] [plan iscas99__b15_1] [plan] step=50 node=N4705 type=control0 q_typed_reliable_context=2.953961 sequence=105.108989
[b15-alpha-boundary/a0.50] [plan iscas99__b15_1] [plan] step=51 node=N3911 type=control0 q_typed_reliable_context=0.843654 sequence=105.952643
[b15-alpha-boundary/a0.50] [plan iscas99__b15_1] [plan] step=52 node=N3904 type=control0 q_typed_reliable_context=0.832306 sequence=106.784949
[b15-alpha-boundary/a0.50] [plan iscas99__b15_1] [plan] step=53 node=N4712 type=control0 q_typed_reliable_context=0.986155 sequence=107.771104
[b15-alpha-boundary/a0.50] [plan iscas99__b15_1] [plan] step=54 node=N4716 type=control0 q_typed_reliable_context=1.069376 sequence=108.840481
[b15-alpha-boundary/a0.50] [plan iscas99__b15_1] [plan] step=55 node=N3897 type=control0 q_typed_reliable_context=0.797590 sequence=109.638071
[b15-alpha-boundary/a0.50] [plan iscas99__b15_1] [plan] step=56 node=N3862 type=control0 q_typed_reliable_context=0.836476 sequence=110.474547
[b15-alpha-boundary/a0.50] [plan iscas99__b15_1] [plan] step=57 node=N3855 type=control0 q_typed_reliable_context=0.884503 sequence=111.359051
[b15-alpha-boundary/a0.50] [plan iscas99__b15_1] [plan] step=58 node=N3848 type=control0 q_typed_reliable_context=0.867880 sequence=112.226931
[b15-alpha-boundary/a0.50] [plan iscas99__b15_1] [plan] step=59 node=N3827 type=control0 q_typed_reliable_context=0.871891 sequence=113.098822
[b15-alpha-boundary/a0.50] [plan iscas99__b15_1] [plan] step=60 node=N3820 type=control0 q_typed_reliable_context=0.881242 sequence=113.980064
[b15-alpha-boundary/a0.50] [plan iscas99__b15_1] [plan] step=61 node=N3792 type=control0 q_typed_reliable_context=0.889572 sequence=114.869637
[b15-alpha-boundary/a0.50] [plan iscas99__b15_1] [plan] step=62 node=N3701 type=control0 q_typed_reliable_context=0.913095 sequence=115.782731
[b15-alpha-boundary/a0.50] [plan iscas99__b15_1] [plan] step=63 node=N5603 type=control0 q_typed_reliable_context=0.916320 sequence=116.699052
[b15-alpha-boundary/a0.50] [plan iscas99__b15_1] [plan] step=64 node=N7506 type=observe q_typed_reliable_context=1.246823 sequence=117.945875
[b15-alpha-boundary/a0.50] [plan iscas99__b15_1] [plan] step=65 node=N3889 type=control0 q_typed_reliable_context=1.078686 sequence=119.024561
[b15-alpha-boundary/a0.50] [plan iscas99__b15_1] [plan] step=66 node=N3882 type=control0 q_typed_reliable_context=1.017456 sequence=120.042018
[b15-alpha-boundary/a0.50] [plan iscas99__b15_1] [plan] step=67 node=N7724 type=control0 q_typed_reliable_context=1.052583 sequence=121.094601
[b15-alpha-boundary/a0.50] [plan iscas99__b15_1] [plan] step=68 node=N4606 type=control0 q_typed_reliable_context=1.268330 sequence=122.362930
[b15-alpha-boundary/a0.50] [plan iscas99__b15_1] [plan] step=69 node=N7722 type=control0 q_typed_reliable_context=2.199385 sequence=124.562316
[b15-alpha-boundary/a0.50] [plan iscas99__b15_1] [plan] step=70 node=N4578 type=control0 q_typed_reliable_context=1.238231 sequence=125.800547
[b15-alpha-boundary/a0.50] [plan iscas99__b15_1] [plan] step=71 node=N7471 type=control0 q_typed_reliable_context=1.344320 sequence=127.144866
[b15-alpha-boundary/a0.50] [plan iscas99__b15_1] [plan] step=72 node=N5869 type=observe q_typed_reliable_context=1.036502 sequence=128.181368
[b15-alpha-boundary/a0.50] [plan iscas99__b15_1] [plan] step=73 node=N519 type=control1 q_typed_reliable_context=1.468735 sequence=129.650103
[b15-alpha-boundary/a0.50] [plan iscas99__b15_1] [plan] step=74 node=N2042 type=observe q_typed_reliable_context=0.866286 sequence=130.516389
[b15-alpha-boundary/a0.50] [plan iscas99__b15_1] [plan] step=75 node=N504 type=control1 q_typed_reliable_context=1.580690 sequence=132.097079
[b15-alpha-boundary/a0.50] [plan iscas99__b15_1] [plan] step=76 node=N2083 type=observe q_typed_reliable_context=0.857296 sequence=132.954375
[b15-alpha-boundary/a0.50] [plan iscas99__b15_1] [plan] step=77 node=N513 type=control1 q_typed_reliable_context=0.995206 sequence=133.949581
[b15-alpha-boundary/a0.50] [plan iscas99__b15_1] [plan] step=78 node=N899 type=observe q_typed_reliable_context=1.025510 sequence=134.975090
[b15-alpha-boundary/a0.50] [plan iscas99__b15_1] [plan] step=79 node=N520 type=control1 q_typed_reliable_context=1.008205 sequence=135.983295
[b15-alpha-boundary/a0.50] [plan iscas99__b15_1] [plan] step=80 node=N7881 type=control1 q_typed_reliable_context=0.774023 sequence=136.757318
[b15-alpha-boundary/a0.50] [plan iscas99__b15_1] [plan] step=81 node=N7882 type=control1 q_typed_reliable_context=0.818666 sequence=137.575984
[b15-alpha-boundary/a0.50] [plan iscas99__b15_1] [plan] step=82 node=N7883 type=control1 q_typed_reliable_context=0.774344 sequence=138.350328
[b15-alpha-boundary/a0.50] [plan iscas99__b15_1] [plan] step=83 node=N516 type=control1 q_typed_reliable_context=0.934875 sequence=139.285202
[b15-alpha-boundary/a0.50] [plan iscas99__b15_1] [plan] step=84 node=N7884 type=control1 q_typed_reliable_context=0.808800 sequence=140.094002
[b15-alpha-boundary/a0.50] [plan iscas99__b15_1] [plan] step=85 node=N7885 type=control1 q_typed_reliable_context=1.061372 sequence=141.155374
[b15-alpha-boundary/a0.50] [plan iscas99__b15_1] [plan] step=86 node=N7886 type=control1 q_typed_reliable_context=1.009664 sequence=142.165038
[b15-alpha-boundary/a0.50] [plan iscas99__b15_1] [plan] step=87 node=N7890 type=control1 q_typed_reliable_context=0.723626 sequence=142.888665
[b15-alpha-boundary/a0.50] [plan iscas99__b15_1] [plan] step=88 node=N7888 type=control1 q_typed_reliable_context=0.744782 sequence=143.633447
[b15-alpha-boundary/a0.50] [plan iscas99__b15_1] [plan] step=89 node=N7537 type=observe q_typed_reliable_context=0.713769 sequence=144.347216
[b15-alpha-boundary/a0.50] [plan iscas99__b15_1] [plan] step=90 node=N713 type=observe q_typed_reliable_context=1.709489 sequence=146.056704
[b15-alpha-boundary/a0.50] [plan iscas99__b15_1] [plan] step=91 node=N556 type=control1 q_typed_reliable_context=1.057944 sequence=147.114648
[b15-alpha-boundary/a0.50] [plan iscas99__b15_1] [plan] step=92 node=N555 type=control1 q_typed_reliable_context=1.042374 sequence=148.157022
[b15-alpha-boundary/a0.50] [plan iscas99__b15_1] [plan] step=93 node=N507 type=control1 q_typed_reliable_context=1.493735 sequence=149.650758
[b15-alpha-boundary/a0.50] [plan iscas99__b15_1] [plan] step=94 node=N3813 type=control0 q_typed_reliable_context=1.475409 sequence=151.126167
[b15-alpha-boundary/a0.50] [plan iscas99__b15_1] [plan] step=95 node=N3799 type=control0 q_typed_reliable_context=2.598894 sequence=153.725061
[b15-alpha-boundary/a0.50] [plan iscas99__b15_1] [plan] step=96 node=N7820 type=control0 q_typed_reliable_context=2.204302 sequence=155.929363
[b15-alpha-boundary/a0.50] [plan iscas99__b15_1] [plan] step=97 node=N3785 type=control0 q_typed_reliable_context=1.348830 sequence=157.278193
[b15-alpha-boundary/a0.50] [plan iscas99__b15_1] [plan] step=98 node=N7408 type=control0 q_typed_reliable_context=1.351706 sequence=158.629900
[b15-alpha-boundary/a0.50] [plan iscas99__b15_1] [plan] step=99 node=N4557 type=control0 q_typed_reliable_context=1.438358 sequence=160.068258
[b15-alpha-boundary/a0.50] [plan iscas99__b15_1] [plan] step=100 node=N7541 type=control0 q_typed_reliable_context=1.747370 sequence=161.815628
[b15-alpha-boundary/a0.50] [plan iscas99__b15_1] [plan] step=101 node=N7590 type=control1 q_typed_reliable_context=1.626112 sequence=163.441740
[b15-alpha-boundary/a0.50] [plan iscas99__b15_1] [plan] step=102 node=N7725 type=control0 q_typed_reliable_context=2.167372 sequence=165.609113
[b15-alpha-boundary/a0.50] [plan iscas99__b15_1] [plan] step=103 node=N7723 type=control0 q_typed_reliable_context=1.969894 sequence=167.579006
[b15-alpha-boundary/a0.50] [plan iscas99__b15_1] [plan] step=104 node=N4520 type=control0 q_typed_reliable_context=2.123051 sequence=169.702058
[b15-alpha-boundary/a0.50] [plan iscas99__b15_1] [plan] step=105 node=N7846 type=control0 q_typed_reliable_context=2.142690 sequence=171.844748
[b15-alpha-boundary/a0.50] [plan iscas99__b15_1] [plan] step=106 node=N3903 type=control0 q_typed_reliable_context=1.870719 sequence=173.715466
[b15-alpha-boundary/a0.50] [plan iscas99__b15_1] [plan] step=107 node=N7854 type=control0 q_typed_reliable_context=1.483543 sequence=175.199009
[b15-alpha-boundary/a0.50] [plan iscas99__b15_1] [plan] step=108 node=N4585 type=control0 q_typed_reliable_context=1.960750 sequence=177.159759
[b15-alpha-boundary/a0.50] [plan iscas99__b15_1] [plan] step=109 node=N722 type=observe q_typed_reliable_context=3.028798 sequence=180.188557
[b15-alpha-boundary/a0.50] [plan iscas99__b15_1] [plan] step=110 node=N510 type=control1 q_typed_reliable_context=2.114901 sequence=182.303457
[b15-alpha-boundary/a0.50] [plan iscas99__b15_1] [plan] step=111 node=N620 type=control1 q_typed_reliable_context=1.761865 sequence=184.065323
[b15-alpha-boundary/a0.50] [plan iscas99__b15_1] [plan] step=112 node=N3682 type=control0 q_typed_reliable_context=1.794611 sequence=185.859934
[b15-alpha-boundary/a0.50] [plan iscas99__b15_1] [plan] step=113 node=N7853 type=control0 q_typed_reliable_context=1.656933 sequence=187.516866
[b15-alpha-boundary/a0.50] [plan iscas99__b15_1] [plan] step=114 node=N4564 type=control0 q_typed_reliable_context=1.960137 sequence=189.477003
[b15-alpha-boundary/a0.50] [plan iscas99__b15_1] [plan] step=115 node=N3896 type=control0 q_typed_reliable_context=2.312542 sequence=191.789545
[b15-alpha-boundary/a0.50] [plan iscas99__b15_1] [plan] step=116 node=N7852 type=control0 q_typed_reliable_context=1.844007 sequence=193.633552
[b15-alpha-boundary/a0.50] [plan iscas99__b15_1] [plan] step=117 node=N634 type=control1 q_typed_reliable_context=1.661263 sequence=195.294816
[b15-alpha-boundary/a0.50] [plan iscas99__b15_1] [plan] step=118 node=N3805 type=control0 q_typed_reliable_context=3.527930 sequence=198.822746
[b15-alpha-boundary/a0.50] [plan iscas99__b15_1] [plan] step=119 node=N7872 type=control1 q_typed_reliable_context=4.419122 sequence=203.241868
[b15-alpha-boundary/a0.50] [plan iscas99__b15_1] [plan] step=120 node=N7370 type=control1 q_typed_reliable_context=3.843969 sequence=207.085837
[b15-alpha-boundary/a0.50] [plan iscas99__b15_1] [plan] step=121 node=N638 type=control1 q_typed_reliable_context=5.984693 sequence=213.070530
[b15-alpha-boundary/a0.50] [plan iscas99__b15_1] [plan] step=122 node=N614 type=control1 q_typed_reliable_context=5.852446 sequence=218.922976
[b15-alpha-boundary/a0.50] [plan iscas99__b15_1] [plan] step=123 node=N7847 type=control0 q_typed_reliable_context=4.428207 sequence=223.351183
[b15-alpha-boundary/a0.50] [plan iscas99__b15_1] [plan] step=124 node=N2580 type=control1 q_typed_reliable_context=5.686108 sequence=229.037292
[b15-alpha-boundary/a0.50] [plan iscas99__b15_1] [plan] step=125 node=N7518 type=observe q_typed_reliable_context=3.733842 sequence=232.771134
[b15-alpha-boundary/a0.50] [plan iscas99__b15_1] [plan] step=126 node=N7534 type=observe q_typed_reliable_context=2.162437 sequence=234.933570
[b15-alpha-boundary/a0.50] [plan iscas99__b15_1] [plan] step=127 node=N610 type=control1 q_typed_reliable_context=5.865151 sequence=240.798722
[b15-alpha-boundary/a0.50] [plan iscas99__b15_1] [plan] step=128 node=N7516 type=observe q_typed_reliable_context=6.416949 sequence=247.215671
[b15-alpha-boundary/a0.50] [plan iscas99__b15_1] [plan] step=129 node=N7535 type=observe q_typed_reliable_context=4.625948 sequence=251.841619
[b15-alpha-boundary/a0.50] [plan iscas99__b15_1] [plan] step=130 node=N645 type=control1 q_typed_reliable_context=2.516671 sequence=254.358290
[b15-alpha-boundary/a0.50] [plan iscas99__b15_1] [plan] step=131 node=N785 type=observe q_typed_reliable_context=3.959690 sequence=258.317980
[b15-alpha-boundary/a0.50] [plan iscas99__b15_1] [plan] step=132 node=N616 type=control1 q_typed_reliable_context=3.970427 sequence=262.288407
[b15-alpha-boundary/a0.50] [plan iscas99__b15_1] [plan] step=133 node=N7424 type=control1 q_typed_reliable_context=4.619011 sequence=266.907419
[b15-alpha-boundary/a0.50] [plan iscas99__b15_1] [plan] step=134 node=N7532 type=observe q_typed_reliable_context=3.087343 sequence=269.994762
[b15-alpha-boundary/a0.50] [plan iscas99__b15_1] [plan] step=135 node=N3295 type=control1 q_typed_reliable_context=2.041809 sequence=272.036571
[b15-alpha-boundary/a0.50] [plan iscas99__b15_1] [plan] step=136 node=N636 type=control1 q_typed_reliable_context=3.360013 sequence=275.396584
[b15-alpha-boundary/a0.50] [plan iscas99__b15_1] [plan] step=137 node=N630 type=control1 q_typed_reliable_context=6.106495 sequence=281.503079
[b15-alpha-boundary/a0.50] [plan iscas99__b15_1] [plan] step=138 node=N3467 type=control1 q_typed_reliable_context=4.635501 sequence=286.138580
[b15-alpha-boundary/a0.50] [plan iscas99__b15_1] [plan] step=139 node=N649 type=control1 q_typed_reliable_context=5.879916 sequence=292.018496
[b15-alpha-boundary/a0.50] [plan iscas99__b15_1] [plan] step=140 node=N2040 type=observe q_typed_reliable_context=4.008263 sequence=296.026759
[b15-alpha-boundary/a0.50] [plan iscas99__b15_1] [plan] step=141 node=N642 type=control1 q_typed_reliable_context=1.686011 sequence=297.712769
[b15-alpha-boundary/a0.50] [plan iscas99__b15_1] [plan] step=142 node=N3525 type=control1 q_typed_reliable_context=4.940684 sequence=302.653453
[b15-alpha-boundary/a0.50] [plan iscas99__b15_1] [plan] step=143 node=N1607 type=control1 q_typed_reliable_context=3.656970 sequence=306.310424
[b15-alpha-boundary/a0.50] [plan iscas99__b15_1] [plan] step=144 node=N578 type=observe q_typed_reliable_context=5.723675 sequence=312.034099
[b15-alpha-boundary/a0.50] [plan iscas99__b15_1] [plan] step=145 node=N7453 type=observe q_typed_reliable_context=6.060960 sequence=318.095059
[b15-alpha-boundary/a0.50] [plan iscas99__b15_1] [plan] step=146 node=N3410 type=control1 q_typed_reliable_context=6.037003 sequence=324.132062
[b15-alpha-boundary/a0.50] [plan iscas99__b15_1] [plan] step=147 node=N3180 type=control1 q_typed_reliable_context=5.970818 sequence=330.102880
[b15-alpha-boundary/a0.50] [plan iscas99__b15_1] [plan] step=148 node=N1586 type=control1 q_typed_reliable_context=6.101705 sequence=336.204585
[b15-alpha-boundary/a0.50] [plan iscas99__b15_1] [plan] step=149 node=N647 type=control1 q_typed_reliable_context=6.403558 sequence=342.608143
[b15-alpha-boundary/a0.50] [plan iscas99__b15_1] [plan] step=150 node=N2652 type=control1 q_typed_reliable_context=5.905851 sequence=348.513994
[b15-alpha-boundary/a0.50] [plan iscas99__b15_1] [plan] step=151 node=N7500 type=observe q_typed_reliable_context=6.729767 sequence=355.243761
[b15-alpha-boundary/a0.50] [plan iscas99__b15_1] [plan] step=152 node=N2721 type=control1 q_typed_reliable_context=6.429594 sequence=361.673354
[b15-alpha-boundary/a0.50] [plan iscas99__b15_1] [plan] step=153 node=N5867 type=observe q_typed_reliable_context=4.926535 sequence=366.599890
[b15-alpha-boundary/a0.50] [plan iscas99__b15_1] [plan] step=154 node=N2157 type=observe q_typed_reliable_context=6.195423 sequence=372.795313
[b15-alpha-boundary/a0.50] [plan iscas99__b15_1] [plan] step=155 node=N7402 type=observe q_typed_reliable_context=5.908639 sequence=378.703952
[b15-alpha-boundary/a0.50] [plan iscas99__b15_1] [plan] step=156 node=N2894 type=control1 q_typed_reliable_context=5.998981 sequence=384.702933
[b15-alpha-boundary/a0.50] [plan iscas99__b15_1] [plan] step=157 node=N2952 type=control1 q_typed_reliable_context=6.002299 sequence=390.705232
[b15-alpha-boundary/a0.50] [plan iscas99__b15_1] [plan] step=158 node=N2779 type=control1 q_typed_reliable_context=4.030484 sequence=394.735716
[b15-alpha-boundary/a0.50] [plan iscas99__b15_1] [plan] step=159 node=N2102 type=observe q_typed_reliable_context=3.625105 sequence=398.360821
[b15-alpha-boundary/a0.50] [plan iscas99__b15_1] [plan] step=160 node=N7624 type=observe q_typed_reliable_context=5.695596 sequence=404.056418
[b15-alpha-boundary/a0.50] [plan iscas99__b15_1] [plan] step=161 node=N6948 type=observe q_typed_reliable_context=5.544693 sequence=409.601110
[b15-alpha-boundary/a0.50] [plan iscas99__b15_1] [plan] step=162 node=N5627 type=observe q_typed_reliable_context=0.760921 sequence=410.362031
[b15-alpha-boundary/a0.50] [plan iscas99__b15_1] [plan] step=163 node=N7680 type=observe q_typed_reliable_context=1.318360 sequence=411.680391
[b15-alpha-boundary/a0.50] [plan iscas99__b15_1] [plan] step=164 node=N7465 type=observe q_typed_reliable_context=1.745238 sequence=413.425628
[b15-alpha-boundary/a0.50] [plan iscas99__b15_1] [plan] step=165 node=N694 type=observe q_typed_reliable_context=2.079327 sequence=415.504956
[b15-alpha-boundary/a0.50] [plan iscas99__b15_1] [plan] step=166 node=N5879 type=observe q_typed_reliable_context=1.631333 sequence=417.136289
[b15-alpha-boundary/a0.50] [plan iscas99__b15_1] [plan] step=167 node=N1552 type=observe q_typed_reliable_context=1.963484 sequence=419.099773
[b15-alpha-boundary/a0.50] [plan iscas99__b15_1] [plan] step=168 node=N5617 type=observe q_typed_reliable_context=2.129661 sequence=421.229434
[b15-alpha-boundary/a0.50] [plan iscas99__b15_1] [plan] step=169 node=N4529 type=observe q_typed_reliable_context=1.968227 sequence=423.197661
[b15-alpha-boundary/a0.50] [plan iscas99__b15_1] [plan] step=170 node=N6534 type=observe q_typed_reliable_context=0.561177 sequence=423.758839
[b15-alpha-boundary/a0.50] [plan iscas99__b15_1] [plan] step=171 node=N2106 type=observe q_typed_reliable_context=1.012205 sequence=424.771044
[b15-alpha-boundary/a0.50] [plan iscas99__b15_1] [plan] step=172 node=N7385 type=observe q_typed_reliable_context=1.283586 sequence=426.054630
[b15-alpha-boundary/a0.50] [plan iscas99__b15_1] [plan] step=173 node=N2149 type=observe q_typed_reliable_context=1.663961 sequence=427.718591
[b15-alpha-boundary/a0.50] [plan iscas99__b15_1] [plan] step=174 node=N723 type=observe q_typed_reliable_context=1.820798 sequence=429.539389
[b15-alpha-boundary/a0.50] [plan iscas99__b15_1] [plan] step=175 node=N712 type=observe q_typed_reliable_context=1.969351 sequence=431.508740
[b15-alpha-boundary/a0.50] [plan iscas99__b15_1] [plan] step=176 node=N7614 type=observe q_typed_reliable_context=3.503210 sequence=435.011950
[b15-alpha-boundary/a0.50] [plan iscas99__b15_1] [plan] step=177 node=N7436 type=observe q_typed_reliable_context=2.273197 sequence=437.285147
[b15-alpha-boundary/a0.50] [plan iscas99__b15_1] [plan] step=178 node=N725 type=observe q_typed_reliable_context=1.806862 sequence=439.092009
[b15-alpha-boundary/a0.50] [plan iscas99__b15_1] [plan] step=179 node=N4521 type=observe q_typed_reliable_context=1.506272 sequence=440.598281
[b15-alpha-boundary/a0.50] [plan iscas99__b15_1] [plan] step=180 node=N7681 type=observe q_typed_reliable_context=2.068848 sequence=442.667130
[b15-alpha-boundary/a0.50] [plan iscas99__b15_1] [plan] step=181 node=N714 type=observe q_typed_reliable_context=3.050468 sequence=445.717597
[b15-alpha-boundary/a0.50] [plan iscas99__b15_1] [plan] step=182 node=N2837 type=control1 q_typed_reliable_context=1.597623 sequence=447.315220
[b15-alpha-boundary/a0.50] [plan iscas99__b15_1] [plan] step=183 node=N3009 type=control1 q_typed_reliable_context=1.142755 sequence=448.457975
[b15-alpha-boundary/a0.50] [plan iscas99__b15_1] [plan] step=184 node=N7589 type=control1 q_typed_reliable_context=1.387726 sequence=449.845702
[b15-alpha-boundary/a0.50] [plan iscas99__b15_1] [plan] step=185 node=N7855 type=control0 q_typed_reliable_context=1.127379 sequence=450.973081
[b15-alpha-boundary/a0.50] [plan iscas99__b15_1] [plan] step=186 node=N3067 type=control1 q_typed_reliable_context=1.138775 sequence=452.111856
[b15-alpha-boundary/a0.50] [plan iscas99__b15_1] [plan] step=187 node=N8790 type=control1 q_typed_reliable_context=1.406041 sequence=453.517897
[b15-alpha-boundary/a0.50] [plan iscas99__b15_1] [plan] step=188 node=N8240 type=control1 q_typed_reliable_context=2.176764 sequence=455.694662
[b15-alpha-boundary/a0.50] [plan iscas99__b15_1] [plan] step=189 node=N6673 type=observe q_typed_reliable_context=3.599321 sequence=459.293983
[b15-alpha-boundary/a0.50] [plan iscas99__b15_1] [plan] step=190 node=N8789 type=control1 q_typed_reliable_context=2.177652 sequence=461.471634
[b15-alpha-boundary/a0.50] [plan iscas99__b15_1] [plan] step=191 node=N8239 type=control1 q_typed_reliable_context=2.556136 sequence=464.027771
[b15-alpha-boundary/a0.50] [plan iscas99__b15_1] [plan] step=192 node=N8607 type=control1 q_typed_reliable_context=2.595730 sequence=466.623501
[b15-alpha-boundary/a0.50] [plan iscas99__b15_1] [plan] step=193 node=N7512 type=control1 q_typed_reliable_context=2.313343 sequence=468.936844
[b15-alpha-boundary/a0.50] [plan iscas99__b15_1] [plan] step=194 node=N5356 type=observe q_typed_reliable_context=1.860745 sequence=470.797589
[b15-alpha-boundary/a0.50] [plan iscas99__b15_1] [plan] step=195 node=N715 type=observe q_typed_reliable_context=3.886422 sequence=474.684011
[b15-alpha-boundary/a0.50] [plan iscas99__b15_1] [plan] step=196 node=N5877 type=observe q_typed_reliable_context=3.790523 sequence=478.474534
[b15-alpha-boundary/a0.50] [plan iscas99__b15_1] [plan] step=197 node=N7627 type=observe q_typed_reliable_context=3.828984 sequence=482.303518
[b15-alpha-boundary/a0.50] [plan iscas99__b15_1] [plan] step=198 node=N5873 type=observe q_typed_reliable_context=2.341503 sequence=484.645021
[b15-alpha-boundary/a0.50] [plan iscas99__b15_1] [plan] step=199 node=N5740 type=observe q_typed_reliable_context=6.940067 sequence=491.585088
[b15-alpha-boundary/a0.50] [plan iscas99__b15_1] [plan] step=200 node=N7401 type=observe q_typed_reliable_context=7.093225 sequence=498.678313
[b15-alpha-boundary/a0.50] [plan iscas99__b15_1] [plan] step=201 node=N703 type=observe q_typed_reliable_context=3.458125 sequence=502.136438
[b15-alpha-boundary/a0.50] [plan iscas99__b15_1] [plan] step=202 node=N652 type=control1 q_typed_reliable_context=5.507507 sequence=507.643944
[b15-alpha-boundary/a0.50] [plan iscas99__b15_1] [plan] step=203 node=N7472 type=control0 q_typed_reliable_context=2.384968 sequence=510.028912
[b15-alpha-boundary/a0.50] [plan iscas99__b15_1] [plan] step=204 node=N8238 type=control1 q_typed_reliable_context=5.798250 sequence=515.827162
[b15-alpha-boundary/a0.50] [plan iscas99__b15_1] [plan] step=205 node=N8606 type=control1 q_typed_reliable_context=3.932555 sequence=519.759717
[b15-alpha-boundary/a0.50] [plan iscas99__b15_1] [plan] step=206 node=N6667 type=observe q_typed_reliable_context=4.241099 sequence=524.000816
[b15-alpha-boundary/a0.50] [plan iscas99__b15_1] [plan] step=207 node=N4460 type=control0 q_typed_reliable_context=3.893577 sequence=527.894393
[b15-alpha-boundary/a0.50] [plan iscas99__b15_1] [plan] step=208 node=N2181 type=observe q_typed_reliable_context=3.076237 sequence=530.970631
[b15-alpha-boundary/a0.50] [plan iscas99__b15_1] [plan] step=209 node=N8237 type=control1 q_typed_reliable_context=6.605706 sequence=537.576336
[b15-alpha-boundary/a0.50] [plan iscas99__b15_1] [plan] step=210 node=N5473 type=observe q_typed_reliable_context=5.975339 sequence=543.551675
[b15-alpha-boundary/a0.50] [plan iscas99__b15_1] [plan] step=211 node=N679 type=observe q_typed_reliable_context=6.793288 sequence=550.344963
[b15-alpha-boundary/a0.50] [plan iscas99__b15_1] [plan] step=212 node=N7405 type=observe q_typed_reliable_context=6.358574 sequence=556.703537
[b15-alpha-boundary/a0.50] [plan iscas99__b15_1] [plan] step=213 node=N6573 type=observe q_typed_reliable_context=5.575855 sequence=562.279393
[b15-alpha-boundary/a0.50] [plan iscas99__b15_1] [plan] step=214 node=N4497 type=observe q_typed_reliable_context=1.659360 sequence=563.938752
[b15-alpha-boundary/a0.50] [plan iscas99__b15_1] [plan] step=215 node=N759 type=observe q_typed_reliable_context=5.378190 sequence=569.316942
[b15-alpha-boundary/a0.50] [plan iscas99__b15_1] [plan] step=216 node=N5725 type=observe q_typed_reliable_context=2.420618 sequence=571.737559
[b15-alpha-boundary/a0.50] [plan iscas99__b15_1] [plan] step=217 node=N706 type=observe q_typed_reliable_context=4.926651 sequence=576.664210
[b15-alpha-boundary/a0.50] [plan iscas99__b15_1] [plan] step=218 node=N719 type=observe q_typed_reliable_context=4.278362 sequence=580.942573
[b15-alpha-boundary/a0.50] [plan iscas99__b15_1] [plan] step=219 node=N705 type=observe q_typed_reliable_context=6.064556 sequence=587.007128
[b15-alpha-boundary/a0.50] [plan iscas99__b15_1] [plan] step=220 node=N902 type=control1 q_typed_reliable_context=6.773279 sequence=593.780407
[b15-alpha-boundary/a0.50] [plan iscas99__b15_1] [plan] step=221 node=N8605 type=control1 q_typed_reliable_context=6.517866 sequence=600.298274
[b15-alpha-boundary/a0.50] [plan iscas99__b15_1] [plan] step=222 node=N8236 type=control1 q_typed_reliable_context=6.549808 sequence=606.848082
[b15-alpha-boundary/a0.50] [plan iscas99__b15_1] [plan] step=223 node=N4421 type=control0 q_typed_reliable_context=5.995968 sequence=612.844050
[b15-alpha-boundary/a0.50] [plan iscas99__b15_1] [plan] step=224 node=N515 type=control1 q_typed_reliable_context=6.946140 sequence=619.790190
[b15-alpha-boundary/a0.50] [plan iscas99__b15_1] [plan] step=225 node=N734 type=observe q_typed_reliable_context=6.870675 sequence=626.660865
[b15-alpha-boundary/a0.50] [plan iscas99__b15_1] [plan] step=226 node=N4359 type=control0 q_typed_reliable_context=7.060997 sequence=633.721862
[b15-alpha-boundary/a0.50] [plan iscas99__b15_1] [plan] step=227 node=N5456 type=observe q_typed_reliable_context=7.000570 sequence=640.722432
[b15-alpha-boundary/a0.50] [plan iscas99__b15_1] [plan] step=228 node=N2151 type=observe q_typed_reliable_context=6.924699 sequence=647.647131
[b15-alpha-boundary/a0.50] [plan iscas99__b15_1] [plan] step=229 node=N7550 type=observe q_typed_reliable_context=6.546944 sequence=654.194075
[b15-alpha-boundary/a0.50] [plan iscas99__b15_1] [plan] step=230 node=N7439 type=observe q_typed_reliable_context=3.409841 sequence=657.603916
[b15-alpha-boundary/a0.50] [plan iscas99__b15_1] [plan] step=231 node=N4367 type=control0 q_typed_reliable_context=5.742806 sequence=663.346722
[b15-alpha-boundary/a0.50] [plan iscas99__b15_1] [plan] step=232 node=N4489 type=observe q_typed_reliable_context=6.789141 sequence=670.135863
[b15-alpha-boundary/a0.50] [plan iscas99__b15_1] [plan] step=233 node=N5439 type=observe q_typed_reliable_context=6.680522 sequence=676.816385
[b15-alpha-boundary/a0.50] [plan iscas99__b15_1] [plan] step=234 node=N4532 type=control0 q_typed_reliable_context=6.099109 sequence=682.915493
[b15-alpha-boundary/a0.50] [plan iscas99__b15_1] [plan] step=235 node=N5202 type=observe q_typed_reliable_context=6.616601 sequence=689.532095
[b15-alpha-boundary/a0.50] [plan iscas99__b15_1] [plan] step=236 node=N6581 type=observe q_typed_reliable_context=6.404549 sequence=695.936644
[b15-alpha-boundary/a0.50] [plan iscas99__b15_1] [plan] step=237 node=N1874 type=observe q_typed_reliable_context=2.171668 sequence=698.108312
[b15-alpha-boundary/a0.50] [plan iscas99__b15_1] [plan] step=238 node=N4442 type=control0 q_typed_reliable_context=3.672615 sequence=701.780927
[b15-alpha-boundary/a0.50] [plan iscas99__b15_1] [plan] step=239 node=N5334 type=observe q_typed_reliable_context=3.702114 sequence=705.483041
[b15-alpha-boundary/a0.50] [plan iscas99__b15_1] [plan] step=240 node=N1951 type=observe q_typed_reliable_context=1.315899 sequence=706.798940
[b15-alpha-boundary/a0.50] [plan iscas99__b15_1] [plan] step=241 node=N5390 type=observe q_typed_reliable_context=5.164523 sequence=711.963463
[b15-alpha-boundary/a0.50] [plan iscas99__b15_1] [plan] step=242 node=N5422 type=observe q_typed_reliable_context=5.762710 sequence=717.726173
[b15-alpha-boundary/a0.50] [plan iscas99__b15_1] [plan] step=243 node=N7382 type=observe q_typed_reliable_context=7.026832 sequence=724.753005
[b15-alpha-boundary/a0.50] [plan iscas99__b15_1] [plan] step=244 node=N4469 type=control0 q_typed_reliable_context=5.922209 sequence=730.675214
[b15-alpha-boundary/a0.50] [plan iscas99__b15_1] [plan] step=245 node=N6677 type=observe q_typed_reliable_context=6.623185 sequence=737.298399
[b15-alpha-boundary/a0.50] [plan iscas99__b15_1] [plan] step=246 node=N4565 type=observe q_typed_reliable_context=5.646053 sequence=742.944452
[b15-alpha-boundary/a0.50] [plan iscas99__b15_1] [plan] step=247 node=N689 type=observe q_typed_reliable_context=3.753368 sequence=746.697820
[b15-alpha-boundary/a0.50] [plan iscas99__b15_1] [plan] step=248 node=N699 type=observe q_typed_reliable_context=6.037379 sequence=752.735199
[b15-alpha-boundary/a0.50] [plan iscas99__b15_1] [plan] step=249 node=N5373 type=observe q_typed_reliable_context=5.901636 sequence=758.636835
[b15-alpha-boundary/a0.50] [plan iscas99__b15_1] [plan] step=250 node=N7380 type=observe q_typed_reliable_context=6.120919 sequence=764.757754
[b15-alpha-boundary/a0.50] [plan iscas99__b15_1] [plan] step=251 node=N708 type=observe q_typed_reliable_context=5.666417 sequence=770.424172
[b15-alpha-boundary/a0.50] [plan iscas99__b15_1] [plan] step=252 node=N4505 type=observe q_typed_reliable_context=4.745595 sequence=775.169767
[b15-alpha-boundary/a0.50] [plan iscas99__b15_1] [plan] step=253 node=N6660 type=observe q_typed_reliable_context=3.336267 sequence=778.506034
[b15-alpha-boundary/a0.50] [plan iscas99__b15_1] [plan] step=254 node=N2159 type=observe q_typed_reliable_context=5.978682 sequence=784.484717
[b15-alpha-boundary/a0.50] [plan iscas99__b15_1] [plan] step=255 node=N1351 type=observe q_typed_reliable_context=3.917656 sequence=788.402373
[b15-alpha-boundary/a0.50] [plan iscas99__b15_1] [plan] step=256 node=N7383 type=observe q_typed_reliable_context=2.239848 sequence=790.642221
[b15-alpha-boundary/a0.50] [plan iscas99__b15_1] [plan] step=257 node=N4436 type=control0 q_typed_reliable_context=4.095383 sequence=794.737604
[b15-alpha-boundary/a0.50] [plan iscas99__b15_1] [plan] step=258 node=N4338 type=control0 q_typed_reliable_context=6.770070 sequence=801.507674
[b15-alpha-boundary/a0.50] [plan iscas99__b15_1] [plan] step=259 node=N5665 type=control0 q_typed_reliable_context=7.117671 sequence=808.625345
[b15-alpha-boundary/a0.50] [plan iscas99__b15_1] [plan] step=260 node=N5671 type=control0 q_typed_reliable_context=7.093907 sequence=815.719252
[b15-alpha-boundary/a0.50] [plan iscas99__b15_1] [plan] step=261 node=N5715 type=control0 q_typed_reliable_context=7.076985 sequence=822.796237
[b15-alpha-boundary/a0.50] [plan iscas99__b15_1] [plan] step=262 node=N4391 type=control0 q_typed_reliable_context=7.093182 sequence=829.889419
[b15-alpha-boundary/a0.50] [plan iscas99__b15_1] [plan] step=263 node=N729 type=observe q_typed_reliable_context=5.616745 sequence=835.506163
[b15-alpha-boundary/a0.50] [plan iscas99__b15_1] [plan] step=264 node=N7720 type=control0 q_typed_reliable_context=3.198471 sequence=838.704634
[b15-alpha-boundary/a0.50] [plan iscas99__b15_1] [plan] step=265 node=N6947 type=control0 q_typed_reliable_context=6.634503 sequence=845.339138
[b15-alpha-boundary/a0.50] [plan iscas99__b15_1] [plan] step=266 node=N4879 type=control0 q_typed_reliable_context=6.708783 sequence=852.047921
[b15-alpha-boundary/a0.50] [plan iscas99__b15_1] [plan] step=267 node=N2348 type=control0 q_typed_reliable_context=3.558978 sequence=855.606899
[b15-alpha-boundary/a0.50] [plan iscas99__b15_1] [plan] step=268 node=N6688 type=observe q_typed_reliable_context=5.414116 sequence=861.021015
[b15-alpha-boundary/a0.50] [plan iscas99__b15_1] [plan] step=269 node=N1598 type=observe q_typed_reliable_context=5.807190 sequence=866.828204
[b15-alpha-boundary/a0.50] [plan iscas99__b15_1] [plan] step=270 node=N1688 type=observe q_typed_reliable_context=6.984800 sequence=873.813004
[b15-alpha-boundary/a0.50] [plan iscas99__b15_1] [plan] step=271 node=N1854 type=observe q_typed_reliable_context=6.870890 sequence=880.683894
[b15-alpha-boundary/a0.50] [plan iscas99__b15_1] [plan] step=272 node=N6678 type=observe q_typed_reliable_context=6.610735 sequence=887.294629
[b15-alpha-boundary/a0.50] [plan iscas99__b15_1] [plan] step=273 node=N765 type=observe q_typed_reliable_context=6.207411 sequence=893.502040
[b15-alpha-boundary/a0.50] [plan iscas99__b15_1] [plan] step=274 node=N686 type=observe q_typed_reliable_context=5.969414 sequence=899.471454
[b15-alpha-boundary/a0.50] [plan iscas99__b15_1] [plan] step=275 node=N764 type=observe q_typed_reliable_context=3.893127 sequence=903.364581
[b15-alpha-boundary/a0.50] [plan iscas99__b15_1] [plan] step=276 node=N763 type=observe q_typed_reliable_context=5.437818 sequence=908.802399
[b15-alpha-boundary/a0.50] [plan iscas99__b15_1] [plan] step=277 node=N898 type=observe q_typed_reliable_context=6.116824 sequence=914.919223
[b15-alpha-boundary/a0.50] [plan iscas99__b15_1] [plan] step=278 node=N758 type=observe q_typed_reliable_context=4.871259 sequence=919.790482
[b15-alpha-boundary/a0.50] [plan iscas99__b15_1] saved=autoresearch/loop-260720-0945/model_training_round7/b15_selection/alpha_boundary/alpha_0p50/plans/iscas99__b15_1__greedy__cumulative__q_typed_reliable_context__bw1__d1__c64__g1p0__candhard_fault_cluster__div0p0__s0.csv
[b15-alpha-boundary/a0.50] [gmean] 2026-07-21T14:58:38 [1/1] plan_done benchmark=iscas99__b15_1 plan_sec=194.276 plan_csv=autoresearch/loop-260720-0945/model_training_round7/b15_selection/alpha_boundary/alpha_0p50/plans/iscas99__b15_1__greedy__cumulative__q_typed_reliable_context__bw1__d1__c64__g1p0__candhard_fault_cluster__div0p0__s0.csv
[b15-alpha-boundary/a0.50] [gmean] 2026-07-21T14:58:38 [1/1] eval_start benchmark=iscas99__b15_1 backend=atalanta-bist patterns=300000
[b15-alpha-boundary/a0.50] [eval iscas99__b15_1] {
[b15-alpha-boundary/a0.50] [eval iscas99__b15_1]   "records": 2,
[b15-alpha-boundary/a0.50] [eval iscas99__b15_1]   "labels_csv": "autoresearch/loop-260720-0945/model_training_round7/b15_selection/alpha_boundary/alpha_0p50/evals/iscas99__b15_1__greedy__cumulative__q_typed_reliable_context__bw1__d1__c64__g1p0__candhard_fault_cluster__div0p0__s0/labels.csv",
[b15-alpha-boundary/a0.50] [eval iscas99__b15_1]   "summary_json": "autoresearch/loop-260720-0945/model_training_round7/b15_selection/alpha_boundary/alpha_0p50/evals/iscas99__b15_1__greedy__cumulative__q_typed_reliable_context__bw1__d1__c64__g1p0__candhard_fault_cluster__div0p0__s0/summary.json"
[b15-alpha-boundary/a0.50] [eval iscas99__b15_1] }
[b15-alpha-boundary/a0.50] [gmean] 2026-07-21T14:58:44 [1/1] eval_done benchmark=iscas99__b15_1 delta_tc=0.12403000000000008 plan_sec=194.276 eval_sec=6.236 total_sec=200.528
[b15-alpha-boundary/a0.50] [gmean] 2026-07-21T14:58:44 variant_done id=greedy__cumulative__q_typed_reliable_context__bw1__d1__c64__g1p0__candhard_fault_cluster__div0p0__s0 status=ok macro=0.12403000000000008 positives=1 negatives=0 elapsed=200.528
