[b15-r7/cone_long_toplist/best_final_horizon/q_typed_reliable_context/a0.20/w0.75] [gmean] 2026-07-21T11:52:02 out_dir=autoresearch/loop-260720-0945/model_training_round7/b15_selection/cone_long_toplist/best_final_horizon/q_typed_reliable_context/alpha_0p20_weight_0p75
[b15-r7/cone_long_toplist/best_final_horizon/q_typed_reliable_context/a0.20/w0.75] [gmean] 2026-07-21T11:52:02 budgets=iscas99__b15_1:278
[b15-r7/cone_long_toplist/best_final_horizon/q_typed_reliable_context/a0.20/w0.75] [gmean] 2026-07-21T11:52:02 variant_start id=greedy__cumulative__q_typed_reliable_context__bw1__d1__c64__g1p0__candhard_fault_cluster__div0p0__s0
[b15-r7/cone_long_toplist/best_final_horizon/q_typed_reliable_context/a0.20/w0.75] [gmean] 2026-07-21T11:52:02 [1/1] plan_start benchmark=iscas99__b15_1 budget=278 planner=greedy score=q_typed_reliable_context
[b15-r7/cone_long_toplist/best_final_horizon/q_typed_reliable_context/a0.20/w0.75] [plan iscas99__b15_1] [plan] torch_deterministic=true
[b15-r7/cone_long_toplist/best_final_horizon/q_typed_reliable_context/a0.20/w0.75] [plan iscas99__b15_1] [plan] candidate_allowlist=autoresearch/original-netlist-recovery-260712/exact_itc99/b15_C/exact_candidate_nodes.txt nodes=7918
[b15-r7/cone_long_toplist/best_final_horizon/q_typed_reliable_context/a0.20/w0.75] [plan iscas99__b15_1] [plan] latent_norm_clip_ratio=4 latent_norm_limit=30.875631
[b15-r7/cone_long_toplist/best_final_horizon/q_typed_reliable_context/a0.20/w0.75] [plan iscas99__b15_1] [plan] step=1 node=N677 type=control1 q_typed_reliable_context=4.858065 sequence=4.858065
[b15-r7/cone_long_toplist/best_final_horizon/q_typed_reliable_context/a0.20/w0.75] [plan iscas99__b15_1] [plan] step=2 node=N2155 type=observe q_typed_reliable_context=3.256633 sequence=8.114698
[b15-r7/cone_long_toplist/best_final_horizon/q_typed_reliable_context/a0.20/w0.75] [plan iscas99__b15_1] [plan] step=3 node=N502 type=control1 q_typed_reliable_context=2.192107 sequence=10.306804
[b15-r7/cone_long_toplist/best_final_horizon/q_typed_reliable_context/a0.20/w0.75] [plan iscas99__b15_1] [plan] step=4 node=N762 type=control1 q_typed_reliable_context=1.446094 sequence=11.752898
[b15-r7/cone_long_toplist/best_final_horizon/q_typed_reliable_context/a0.20/w0.75] [plan iscas99__b15_1] [plan] step=5 node=N3742 type=control0 q_typed_reliable_context=0.915060 sequence=12.667958
[b15-r7/cone_long_toplist/best_final_horizon/q_typed_reliable_context/a0.20/w0.75] [plan iscas99__b15_1] [plan] step=6 node=N3644 type=control0 q_typed_reliable_context=1.489064 sequence=14.157022
[b15-r7/cone_long_toplist/best_final_horizon/q_typed_reliable_context/a0.20/w0.75] [plan iscas99__b15_1] [plan] step=7 node=N557 type=control1 q_typed_reliable_context=0.910940 sequence=15.067962
[b15-r7/cone_long_toplist/best_final_horizon/q_typed_reliable_context/a0.20/w0.75] [plan iscas99__b15_1] [plan] step=8 node=N3756 type=control0 q_typed_reliable_context=1.097941 sequence=16.165903
[b15-r7/cone_long_toplist/best_final_horizon/q_typed_reliable_context/a0.20/w0.75] [plan iscas99__b15_1] [plan] step=9 node=N564 type=control1 q_typed_reliable_context=1.333835 sequence=17.499738
[b15-r7/cone_long_toplist/best_final_horizon/q_typed_reliable_context/a0.20/w0.75] [plan iscas99__b15_1] [plan] step=10 node=N2336 type=control1 q_typed_reliable_context=1.557724 sequence=19.057462
[b15-r7/cone_long_toplist/best_final_horizon/q_typed_reliable_context/a0.20/w0.75] [plan iscas99__b15_1] [plan] step=11 node=N5143 type=observe q_typed_reliable_context=1.325577 sequence=20.383039
[b15-r7/cone_long_toplist/best_final_horizon/q_typed_reliable_context/a0.20/w0.75] [plan iscas99__b15_1] [plan] step=12 node=N7511 type=control1 q_typed_reliable_context=1.450593 sequence=21.833632
[b15-r7/cone_long_toplist/best_final_horizon/q_typed_reliable_context/a0.20/w0.75] [plan iscas99__b15_1] [plan] step=13 node=N580 type=control1 q_typed_reliable_context=1.255322 sequence=23.088954
[b15-r7/cone_long_toplist/best_final_horizon/q_typed_reliable_context/a0.20/w0.75] [plan iscas99__b15_1] [plan] step=14 node=N2082 type=observe q_typed_reliable_context=1.398669 sequence=24.487623
[b15-r7/cone_long_toplist/best_final_horizon/q_typed_reliable_context/a0.20/w0.75] [plan iscas99__b15_1] [plan] step=15 node=N737 type=control1 q_typed_reliable_context=3.600376 sequence=28.087999
[b15-r7/cone_long_toplist/best_final_horizon/q_typed_reliable_context/a0.20/w0.75] [plan iscas99__b15_1] [plan] step=16 node=N3722 type=control0 q_typed_reliable_context=0.943455 sequence=29.031454
[b15-r7/cone_long_toplist/best_final_horizon/q_typed_reliable_context/a0.20/w0.75] [plan iscas99__b15_1] [plan] step=17 node=N496 type=control1 q_typed_reliable_context=1.745042 sequence=30.776497
[b15-r7/cone_long_toplist/best_final_horizon/q_typed_reliable_context/a0.20/w0.75] [plan iscas99__b15_1] [plan] step=18 node=N5723 type=control0 q_typed_reliable_context=1.392575 sequence=32.169072
[b15-r7/cone_long_toplist/best_final_horizon/q_typed_reliable_context/a0.20/w0.75] [plan iscas99__b15_1] [plan] step=19 node=N5203 type=control1 q_typed_reliable_context=1.998558 sequence=34.167630
[b15-r7/cone_long_toplist/best_final_horizon/q_typed_reliable_context/a0.20/w0.75] [plan iscas99__b15_1] [plan] step=20 node=N2153 type=observe q_typed_reliable_context=2.156696 sequence=36.324326
[b15-r7/cone_long_toplist/best_final_horizon/q_typed_reliable_context/a0.20/w0.75] [plan iscas99__b15_1] [plan] step=21 node=N1853 type=observe q_typed_reliable_context=2.699753 sequence=39.024079
[b15-r7/cone_long_toplist/best_final_horizon/q_typed_reliable_context/a0.20/w0.75] [plan iscas99__b15_1] [plan] step=22 node=N2101 type=observe q_typed_reliable_context=2.283974 sequence=41.308054
[b15-r7/cone_long_toplist/best_final_horizon/q_typed_reliable_context/a0.20/w0.75] [plan iscas99__b15_1] [plan] step=23 node=N4656 type=control0 q_typed_reliable_context=2.865532 sequence=44.173586
[b15-r7/cone_long_toplist/best_final_horizon/q_typed_reliable_context/a0.20/w0.75] [plan iscas99__b15_1] [plan] step=24 node=N1860 type=observe q_typed_reliable_context=2.521962 sequence=46.695548
[b15-r7/cone_long_toplist/best_final_horizon/q_typed_reliable_context/a0.20/w0.75] [plan iscas99__b15_1] [plan] step=25 node=N1372 type=observe q_typed_reliable_context=1.809229 sequence=48.504778
[b15-r7/cone_long_toplist/best_final_horizon/q_typed_reliable_context/a0.20/w0.75] [plan iscas99__b15_1] [plan] step=26 node=N1532 type=observe q_typed_reliable_context=1.521818 sequence=50.026596
[b15-r7/cone_long_toplist/best_final_horizon/q_typed_reliable_context/a0.20/w0.75] [plan iscas99__b15_1] [plan] step=27 node=N582 type=control1 q_typed_reliable_context=1.343687 sequence=51.370282
[b15-r7/cone_long_toplist/best_final_horizon/q_typed_reliable_context/a0.20/w0.75] [plan iscas99__b15_1] [plan] step=28 node=N766 type=control1 q_typed_reliable_context=0.721612 sequence=52.091894
[b15-r7/cone_long_toplist/best_final_horizon/q_typed_reliable_context/a0.20/w0.75] [plan iscas99__b15_1] [plan] step=29 node=N1437 type=control1 q_typed_reliable_context=0.837137 sequence=52.929031
[b15-r7/cone_long_toplist/best_final_horizon/q_typed_reliable_context/a0.20/w0.75] [plan iscas99__b15_1] [plan] step=30 node=N583 type=control1 q_typed_reliable_context=0.936163 sequence=53.865195
[b15-r7/cone_long_toplist/best_final_horizon/q_typed_reliable_context/a0.20/w0.75] [plan iscas99__b15_1] [plan] step=31 node=N893 type=observe q_typed_reliable_context=0.816499 sequence=54.681693
[b15-r7/cone_long_toplist/best_final_horizon/q_typed_reliable_context/a0.20/w0.75] [plan iscas99__b15_1] [plan] step=32 node=N4684 type=control0 q_typed_reliable_context=3.295865 sequence=57.977558
[b15-r7/cone_long_toplist/best_final_horizon/q_typed_reliable_context/a0.20/w0.75] [plan iscas99__b15_1] [plan] step=33 node=N7411 type=control1 q_typed_reliable_context=0.654658 sequence=58.632216
[b15-r7/cone_long_toplist/best_final_horizon/q_typed_reliable_context/a0.20/w0.75] [plan iscas99__b15_1] [plan] step=34 node=N7413 type=control1 q_typed_reliable_context=0.358449 sequence=58.990665
[b15-r7/cone_long_toplist/best_final_horizon/q_typed_reliable_context/a0.20/w0.75] [plan iscas99__b15_1] [plan] step=35 node=N4677 type=control0 q_typed_reliable_context=2.065111 sequence=61.055776
[b15-r7/cone_long_toplist/best_final_horizon/q_typed_reliable_context/a0.20/w0.75] [plan iscas99__b15_1] [plan] step=36 node=N4663 type=control0 q_typed_reliable_context=3.006069 sequence=64.061845
[b15-r7/cone_long_toplist/best_final_horizon/q_typed_reliable_context/a0.20/w0.75] [plan iscas99__b15_1] [plan] step=37 node=N4649 type=control0 q_typed_reliable_context=1.717735 sequence=65.779580
[b15-r7/cone_long_toplist/best_final_horizon/q_typed_reliable_context/a0.20/w0.75] [plan iscas99__b15_1] [plan] step=38 node=N4635 type=control0 q_typed_reliable_context=1.562555 sequence=67.342136
[b15-r7/cone_long_toplist/best_final_horizon/q_typed_reliable_context/a0.20/w0.75] [plan iscas99__b15_1] [plan] step=39 node=N6537 type=observe q_typed_reliable_context=2.624901 sequence=69.967037
[b15-r7/cone_long_toplist/best_final_horizon/q_typed_reliable_context/a0.20/w0.75] [plan iscas99__b15_1] [plan] step=40 node=N704 type=observe q_typed_reliable_context=2.048143 sequence=72.015180
[b15-r7/cone_long_toplist/best_final_horizon/q_typed_reliable_context/a0.20/w0.75] [plan iscas99__b15_1] [plan] step=41 node=N8470 type=observe q_typed_reliable_context=2.030129 sequence=74.045309
[b15-r7/cone_long_toplist/best_final_horizon/q_typed_reliable_context/a0.20/w0.75] [plan iscas99__b15_1] [plan] step=42 node=N4691 type=control0 q_typed_reliable_context=1.697250 sequence=75.742560
[b15-r7/cone_long_toplist/best_final_horizon/q_typed_reliable_context/a0.20/w0.75] [plan iscas99__b15_1] [plan] step=43 node=N4670 type=control0 q_typed_reliable_context=1.719811 sequence=77.462371
[b15-r7/cone_long_toplist/best_final_horizon/q_typed_reliable_context/a0.20/w0.75] [plan iscas99__b15_1] [plan] step=44 node=N724 type=observe q_typed_reliable_context=1.335591 sequence=78.797962
[b15-r7/cone_long_toplist/best_final_horizon/q_typed_reliable_context/a0.20/w0.75] [plan iscas99__b15_1] [plan] step=45 node=N7881 type=control1 q_typed_reliable_context=0.658028 sequence=79.455990
[b15-r7/cone_long_toplist/best_final_horizon/q_typed_reliable_context/a0.20/w0.75] [plan iscas99__b15_1] [plan] step=46 node=N7882 type=control1 q_typed_reliable_context=0.741907 sequence=80.197897
[b15-r7/cone_long_toplist/best_final_horizon/q_typed_reliable_context/a0.20/w0.75] [plan iscas99__b15_1] [plan] step=47 node=N7883 type=control1 q_typed_reliable_context=0.745991 sequence=80.943888
[b15-r7/cone_long_toplist/best_final_horizon/q_typed_reliable_context/a0.20/w0.75] [plan iscas99__b15_1] [plan] step=48 node=N7884 type=control1 q_typed_reliable_context=0.782185 sequence=81.726073
[b15-r7/cone_long_toplist/best_final_horizon/q_typed_reliable_context/a0.20/w0.75] [plan iscas99__b15_1] [plan] step=49 node=N4698 type=control0 q_typed_reliable_context=1.792501 sequence=83.518574
[b15-r7/cone_long_toplist/best_final_horizon/q_typed_reliable_context/a0.20/w0.75] [plan iscas99__b15_1] [plan] step=50 node=N4705 type=control0 q_typed_reliable_context=1.633302 sequence=85.151876
[b15-r7/cone_long_toplist/best_final_horizon/q_typed_reliable_context/a0.20/w0.75] [plan iscas99__b15_1] [plan] step=51 node=N3911 type=control0 q_typed_reliable_context=0.941195 sequence=86.093071
[b15-r7/cone_long_toplist/best_final_horizon/q_typed_reliable_context/a0.20/w0.75] [plan iscas99__b15_1] [plan] step=52 node=N3904 type=control0 q_typed_reliable_context=0.946891 sequence=87.039962
[b15-r7/cone_long_toplist/best_final_horizon/q_typed_reliable_context/a0.20/w0.75] [plan iscas99__b15_1] [plan] step=53 node=N4712 type=control0 q_typed_reliable_context=0.998028 sequence=88.037991
[b15-r7/cone_long_toplist/best_final_horizon/q_typed_reliable_context/a0.20/w0.75] [plan iscas99__b15_1] [plan] step=54 node=N3897 type=control0 q_typed_reliable_context=0.945372 sequence=88.983362
[b15-r7/cone_long_toplist/best_final_horizon/q_typed_reliable_context/a0.20/w0.75] [plan iscas99__b15_1] [plan] step=55 node=N3848 type=control0 q_typed_reliable_context=0.978584 sequence=89.961946
[b15-r7/cone_long_toplist/best_final_horizon/q_typed_reliable_context/a0.20/w0.75] [plan iscas99__b15_1] [plan] step=56 node=N3862 type=control0 q_typed_reliable_context=0.994084 sequence=90.956031
[b15-r7/cone_long_toplist/best_final_horizon/q_typed_reliable_context/a0.20/w0.75] [plan iscas99__b15_1] [plan] step=57 node=N3855 type=control0 q_typed_reliable_context=0.965153 sequence=91.921184
[b15-r7/cone_long_toplist/best_final_horizon/q_typed_reliable_context/a0.20/w0.75] [plan iscas99__b15_1] [plan] step=58 node=N3827 type=control0 q_typed_reliable_context=0.913439 sequence=92.834623
[b15-r7/cone_long_toplist/best_final_horizon/q_typed_reliable_context/a0.20/w0.75] [plan iscas99__b15_1] [plan] step=59 node=N3820 type=control0 q_typed_reliable_context=0.903333 sequence=93.737956
[b15-r7/cone_long_toplist/best_final_horizon/q_typed_reliable_context/a0.20/w0.75] [plan iscas99__b15_1] [plan] step=60 node=N3813 type=control0 q_typed_reliable_context=0.957667 sequence=94.695622
[b15-r7/cone_long_toplist/best_final_horizon/q_typed_reliable_context/a0.20/w0.75] [plan iscas99__b15_1] [plan] step=61 node=N3799 type=control0 q_typed_reliable_context=1.299227 sequence=95.994850
[b15-r7/cone_long_toplist/best_final_horizon/q_typed_reliable_context/a0.20/w0.75] [plan iscas99__b15_1] [plan] step=62 node=N3889 type=control0 q_typed_reliable_context=1.273791 sequence=97.268641
[b15-r7/cone_long_toplist/best_final_horizon/q_typed_reliable_context/a0.20/w0.75] [plan iscas99__b15_1] [plan] step=63 node=N3882 type=control0 q_typed_reliable_context=1.132601 sequence=98.401241
[b15-r7/cone_long_toplist/best_final_horizon/q_typed_reliable_context/a0.20/w0.75] [plan iscas99__b15_1] [plan] step=64 node=N5603 type=control0 q_typed_reliable_context=1.097614 sequence=99.498855
[b15-r7/cone_long_toplist/best_final_horizon/q_typed_reliable_context/a0.20/w0.75] [plan iscas99__b15_1] [plan] step=65 node=N7506 type=observe q_typed_reliable_context=1.884415 sequence=101.383270
[b15-r7/cone_long_toplist/best_final_horizon/q_typed_reliable_context/a0.20/w0.75] [plan iscas99__b15_1] [plan] step=66 node=N3805 type=control0 q_typed_reliable_context=0.925093 sequence=102.308363
[b15-r7/cone_long_toplist/best_final_horizon/q_typed_reliable_context/a0.20/w0.75] [plan iscas99__b15_1] [plan] step=67 node=N2083 type=observe q_typed_reliable_context=0.924276 sequence=103.232638
[b15-r7/cone_long_toplist/best_final_horizon/q_typed_reliable_context/a0.20/w0.75] [plan iscas99__b15_1] [plan] step=68 node=N4606 type=control0 q_typed_reliable_context=0.969964 sequence=104.202603
[b15-r7/cone_long_toplist/best_final_horizon/q_typed_reliable_context/a0.20/w0.75] [plan iscas99__b15_1] [plan] step=69 node=N4716 type=control0 q_typed_reliable_context=1.134693 sequence=105.337295
[b15-r7/cone_long_toplist/best_final_horizon/q_typed_reliable_context/a0.20/w0.75] [plan iscas99__b15_1] [plan] step=70 node=N2044 type=observe q_typed_reliable_context=1.077261 sequence=106.414557
[b15-r7/cone_long_toplist/best_final_horizon/q_typed_reliable_context/a0.20/w0.75] [plan iscas99__b15_1] [plan] step=71 node=N519 type=control1 q_typed_reliable_context=0.927489 sequence=107.342046
[b15-r7/cone_long_toplist/best_final_horizon/q_typed_reliable_context/a0.20/w0.75] [plan iscas99__b15_1] [plan] step=72 node=N2042 type=observe q_typed_reliable_context=0.947536 sequence=108.289582
[b15-r7/cone_long_toplist/best_final_horizon/q_typed_reliable_context/a0.20/w0.75] [plan iscas99__b15_1] [plan] step=73 node=N504 type=control1 q_typed_reliable_context=1.133271 sequence=109.422854
[b15-r7/cone_long_toplist/best_final_horizon/q_typed_reliable_context/a0.20/w0.75] [plan iscas99__b15_1] [plan] step=74 node=N7722 type=control0 q_typed_reliable_context=1.812909 sequence=111.235762
[b15-r7/cone_long_toplist/best_final_horizon/q_typed_reliable_context/a0.20/w0.75] [plan iscas99__b15_1] [plan] step=75 node=N4578 type=control0 q_typed_reliable_context=1.242353 sequence=112.478115
[b15-r7/cone_long_toplist/best_final_horizon/q_typed_reliable_context/a0.20/w0.75] [plan iscas99__b15_1] [plan] step=76 node=N899 type=observe q_typed_reliable_context=1.805075 sequence=114.283190
[b15-r7/cone_long_toplist/best_final_horizon/q_typed_reliable_context/a0.20/w0.75] [plan iscas99__b15_1] [plan] step=77 node=N513 type=control1 q_typed_reliable_context=1.309619 sequence=115.592809
[b15-r7/cone_long_toplist/best_final_horizon/q_typed_reliable_context/a0.20/w0.75] [plan iscas99__b15_1] [plan] step=78 node=N1539 type=control0 q_typed_reliable_context=1.255500 sequence=116.848310
[b15-r7/cone_long_toplist/best_final_horizon/q_typed_reliable_context/a0.20/w0.75] [plan iscas99__b15_1] [plan] step=79 node=N516 type=control1 q_typed_reliable_context=1.764366 sequence=118.612676
[b15-r7/cone_long_toplist/best_final_horizon/q_typed_reliable_context/a0.20/w0.75] [plan iscas99__b15_1] [plan] step=80 node=N7724 type=control0 q_typed_reliable_context=1.083153 sequence=119.695829
[b15-r7/cone_long_toplist/best_final_horizon/q_typed_reliable_context/a0.20/w0.75] [plan iscas99__b15_1] [plan] step=81 node=N7471 type=control0 q_typed_reliable_context=1.151682 sequence=120.847511
[b15-r7/cone_long_toplist/best_final_horizon/q_typed_reliable_context/a0.20/w0.75] [plan iscas99__b15_1] [plan] step=82 node=N520 type=control1 q_typed_reliable_context=1.737711 sequence=122.585222
[b15-r7/cone_long_toplist/best_final_horizon/q_typed_reliable_context/a0.20/w0.75] [plan iscas99__b15_1] [plan] step=83 node=N5234 type=observe q_typed_reliable_context=1.064938 sequence=123.650159
[b15-r7/cone_long_toplist/best_final_horizon/q_typed_reliable_context/a0.20/w0.75] [plan iscas99__b15_1] [plan] step=84 node=N7875 type=control1 q_typed_reliable_context=0.958544 sequence=124.608704
[b15-r7/cone_long_toplist/best_final_horizon/q_typed_reliable_context/a0.20/w0.75] [plan iscas99__b15_1] [plan] step=85 node=N4520 type=control0 q_typed_reliable_context=0.775034 sequence=125.383737
[b15-r7/cone_long_toplist/best_final_horizon/q_typed_reliable_context/a0.20/w0.75] [plan iscas99__b15_1] [plan] step=86 node=N7820 type=control0 q_typed_reliable_context=1.234823 sequence=126.618561
[b15-r7/cone_long_toplist/best_final_horizon/q_typed_reliable_context/a0.20/w0.75] [plan iscas99__b15_1] [plan] step=87 node=N555 type=control1 q_typed_reliable_context=1.583228 sequence=128.201789
[b15-r7/cone_long_toplist/best_final_horizon/q_typed_reliable_context/a0.20/w0.75] [plan iscas99__b15_1] [plan] step=88 node=N7885 type=control1 q_typed_reliable_context=1.579670 sequence=129.781459
[b15-r7/cone_long_toplist/best_final_horizon/q_typed_reliable_context/a0.20/w0.75] [plan iscas99__b15_1] [plan] step=89 node=N7886 type=control1 q_typed_reliable_context=2.093165 sequence=131.874624
[b15-r7/cone_long_toplist/best_final_horizon/q_typed_reliable_context/a0.20/w0.75] [plan iscas99__b15_1] [plan] step=90 node=N7887 type=control1 q_typed_reliable_context=1.757867 sequence=133.632491
[b15-r7/cone_long_toplist/best_final_horizon/q_typed_reliable_context/a0.20/w0.75] [plan iscas99__b15_1] [plan] step=91 node=N7888 type=control1 q_typed_reliable_context=2.706808 sequence=136.339299
[b15-r7/cone_long_toplist/best_final_horizon/q_typed_reliable_context/a0.20/w0.75] [plan iscas99__b15_1] [plan] step=92 node=N7889 type=control1 q_typed_reliable_context=1.040689 sequence=137.379988
[b15-r7/cone_long_toplist/best_final_horizon/q_typed_reliable_context/a0.20/w0.75] [plan iscas99__b15_1] [plan] step=93 node=N7890 type=control1 q_typed_reliable_context=1.057556 sequence=138.437544
[b15-r7/cone_long_toplist/best_final_horizon/q_typed_reliable_context/a0.20/w0.75] [plan iscas99__b15_1] [plan] step=94 node=N7891 type=control1 q_typed_reliable_context=1.195781 sequence=139.633325
[b15-r7/cone_long_toplist/best_final_horizon/q_typed_reliable_context/a0.20/w0.75] [plan iscas99__b15_1] [plan] step=95 node=N7723 type=control0 q_typed_reliable_context=1.135109 sequence=140.768434
[b15-r7/cone_long_toplist/best_final_horizon/q_typed_reliable_context/a0.20/w0.75] [plan iscas99__b15_1] [plan] step=96 node=N507 type=control1 q_typed_reliable_context=0.877255 sequence=141.645690
[b15-r7/cone_long_toplist/best_final_horizon/q_typed_reliable_context/a0.20/w0.75] [plan iscas99__b15_1] [plan] step=97 node=N713 type=observe q_typed_reliable_context=3.457895 sequence=145.103585
[b15-r7/cone_long_toplist/best_final_horizon/q_typed_reliable_context/a0.20/w0.75] [plan iscas99__b15_1] [plan] step=98 node=N3701 type=control0 q_typed_reliable_context=1.770609 sequence=146.874194
[b15-r7/cone_long_toplist/best_final_horizon/q_typed_reliable_context/a0.20/w0.75] [plan iscas99__b15_1] [plan] step=99 node=N7541 type=control0 q_typed_reliable_context=2.672594 sequence=149.546788
[b15-r7/cone_long_toplist/best_final_horizon/q_typed_reliable_context/a0.20/w0.75] [plan iscas99__b15_1] [plan] step=100 node=N3792 type=control0 q_typed_reliable_context=2.105735 sequence=151.652523
[b15-r7/cone_long_toplist/best_final_horizon/q_typed_reliable_context/a0.20/w0.75] [plan iscas99__b15_1] [plan] step=101 node=N7408 type=control0 q_typed_reliable_context=2.042240 sequence=153.694763
[b15-r7/cone_long_toplist/best_final_horizon/q_typed_reliable_context/a0.20/w0.75] [plan iscas99__b15_1] [plan] step=102 node=N3785 type=control0 q_typed_reliable_context=1.394175 sequence=155.088938
[b15-r7/cone_long_toplist/best_final_horizon/q_typed_reliable_context/a0.20/w0.75] [plan iscas99__b15_1] [plan] step=103 node=N7725 type=control0 q_typed_reliable_context=1.474455 sequence=156.563393
[b15-r7/cone_long_toplist/best_final_horizon/q_typed_reliable_context/a0.20/w0.75] [plan iscas99__b15_1] [plan] step=104 node=N510 type=control1 q_typed_reliable_context=1.636023 sequence=158.199416
[b15-r7/cone_long_toplist/best_final_horizon/q_typed_reliable_context/a0.20/w0.75] [plan iscas99__b15_1] [plan] step=105 node=N7846 type=control0 q_typed_reliable_context=1.169847 sequence=159.369263
[b15-r7/cone_long_toplist/best_final_horizon/q_typed_reliable_context/a0.20/w0.75] [plan iscas99__b15_1] [plan] step=106 node=N556 type=control1 q_typed_reliable_context=1.862655 sequence=161.231918
[b15-r7/cone_long_toplist/best_final_horizon/q_typed_reliable_context/a0.20/w0.75] [plan iscas99__b15_1] [plan] step=107 node=N610 type=control1 q_typed_reliable_context=1.315781 sequence=162.547699
[b15-r7/cone_long_toplist/best_final_horizon/q_typed_reliable_context/a0.20/w0.75] [plan iscas99__b15_1] [plan] step=108 node=N3682 type=control0 q_typed_reliable_context=2.399336 sequence=164.947035
[b15-r7/cone_long_toplist/best_final_horizon/q_typed_reliable_context/a0.20/w0.75] [plan iscas99__b15_1] [plan] step=109 node=N620 type=control1 q_typed_reliable_context=2.421793 sequence=167.368828
[b15-r7/cone_long_toplist/best_final_horizon/q_typed_reliable_context/a0.20/w0.75] [plan iscas99__b15_1] [plan] step=110 node=N4557 type=control0 q_typed_reliable_context=2.118423 sequence=169.487251
[b15-r7/cone_long_toplist/best_final_horizon/q_typed_reliable_context/a0.20/w0.75] [plan iscas99__b15_1] [plan] step=111 node=N614 type=control1 q_typed_reliable_context=1.760870 sequence=171.248121
[b15-r7/cone_long_toplist/best_final_horizon/q_typed_reliable_context/a0.20/w0.75] [plan iscas99__b15_1] [plan] step=112 node=N4585 type=control0 q_typed_reliable_context=2.021824 sequence=173.269945
[b15-r7/cone_long_toplist/best_final_horizon/q_typed_reliable_context/a0.20/w0.75] [plan iscas99__b15_1] [plan] step=113 node=N634 type=control1 q_typed_reliable_context=1.742605 sequence=175.012550
[b15-r7/cone_long_toplist/best_final_horizon/q_typed_reliable_context/a0.20/w0.75] [plan iscas99__b15_1] [plan] step=114 node=N722 type=observe q_typed_reliable_context=3.909202 sequence=178.921752
[b15-r7/cone_long_toplist/best_final_horizon/q_typed_reliable_context/a0.20/w0.75] [plan iscas99__b15_1] [plan] step=115 node=N4564 type=control0 q_typed_reliable_context=2.074786 sequence=180.996538
[b15-r7/cone_long_toplist/best_final_horizon/q_typed_reliable_context/a0.20/w0.75] [plan iscas99__b15_1] [plan] step=116 node=N638 type=control1 q_typed_reliable_context=2.202390 sequence=183.198928
[b15-r7/cone_long_toplist/best_final_horizon/q_typed_reliable_context/a0.20/w0.75] [plan iscas99__b15_1] [plan] step=117 node=N3903 type=control0 q_typed_reliable_context=4.809808 sequence=188.008735
[b15-r7/cone_long_toplist/best_final_horizon/q_typed_reliable_context/a0.20/w0.75] [plan iscas99__b15_1] [plan] step=118 node=N3896 type=control0 q_typed_reliable_context=3.475977 sequence=191.484712
[b15-r7/cone_long_toplist/best_final_horizon/q_typed_reliable_context/a0.20/w0.75] [plan iscas99__b15_1] [plan] step=119 node=N7852 type=control0 q_typed_reliable_context=4.056504 sequence=195.541216
[b15-r7/cone_long_toplist/best_final_horizon/q_typed_reliable_context/a0.20/w0.75] [plan iscas99__b15_1] [plan] step=120 node=N7370 type=control1 q_typed_reliable_context=1.341158 sequence=196.882374
[b15-r7/cone_long_toplist/best_final_horizon/q_typed_reliable_context/a0.20/w0.75] [plan iscas99__b15_1] [plan] step=121 node=N7872 type=control1 q_typed_reliable_context=3.935012 sequence=200.817386
[b15-r7/cone_long_toplist/best_final_horizon/q_typed_reliable_context/a0.20/w0.75] [plan iscas99__b15_1] [plan] step=122 node=N2580 type=control1 q_typed_reliable_context=2.372232 sequence=203.189618
[b15-r7/cone_long_toplist/best_final_horizon/q_typed_reliable_context/a0.20/w0.75] [plan iscas99__b15_1] [plan] step=123 node=N7853 type=control0 q_typed_reliable_context=2.359332 sequence=205.548950
[b15-r7/cone_long_toplist/best_final_horizon/q_typed_reliable_context/a0.20/w0.75] [plan iscas99__b15_1] [plan] step=124 node=N7847 type=control0 q_typed_reliable_context=1.650653 sequence=207.199603
[b15-r7/cone_long_toplist/best_final_horizon/q_typed_reliable_context/a0.20/w0.75] [plan iscas99__b15_1] [plan] step=125 node=N645 type=control1 q_typed_reliable_context=1.708034 sequence=208.907637
[b15-r7/cone_long_toplist/best_final_horizon/q_typed_reliable_context/a0.20/w0.75] [plan iscas99__b15_1] [plan] step=126 node=N616 type=control1 q_typed_reliable_context=2.479206 sequence=211.386843
[b15-r7/cone_long_toplist/best_final_horizon/q_typed_reliable_context/a0.20/w0.75] [plan iscas99__b15_1] [plan] step=127 node=N636 type=control1 q_typed_reliable_context=4.127160 sequence=215.514003
[b15-r7/cone_long_toplist/best_final_horizon/q_typed_reliable_context/a0.20/w0.75] [plan iscas99__b15_1] [plan] step=128 node=N7518 type=observe q_typed_reliable_context=3.184599 sequence=218.698602
[b15-r7/cone_long_toplist/best_final_horizon/q_typed_reliable_context/a0.20/w0.75] [plan iscas99__b15_1] [plan] step=129 node=N2040 type=observe q_typed_reliable_context=1.697224 sequence=220.395826
[b15-r7/cone_long_toplist/best_final_horizon/q_typed_reliable_context/a0.20/w0.75] [plan iscas99__b15_1] [plan] step=130 node=N7537 type=observe q_typed_reliable_context=1.915635 sequence=222.311461
[b15-r7/cone_long_toplist/best_final_horizon/q_typed_reliable_context/a0.20/w0.75] [plan iscas99__b15_1] [plan] step=131 node=N7535 type=observe q_typed_reliable_context=1.904689 sequence=224.216150
[b15-r7/cone_long_toplist/best_final_horizon/q_typed_reliable_context/a0.20/w0.75] [plan iscas99__b15_1] [plan] step=132 node=N7534 type=observe q_typed_reliable_context=1.820560 sequence=226.036710
[b15-r7/cone_long_toplist/best_final_horizon/q_typed_reliable_context/a0.20/w0.75] [plan iscas99__b15_1] [plan] step=133 node=N7532 type=observe q_typed_reliable_context=1.673819 sequence=227.710530
[b15-r7/cone_long_toplist/best_final_horizon/q_typed_reliable_context/a0.20/w0.75] [plan iscas99__b15_1] [plan] step=134 node=N3410 type=control1 q_typed_reliable_context=1.880392 sequence=229.590922
[b15-r7/cone_long_toplist/best_final_horizon/q_typed_reliable_context/a0.20/w0.75] [plan iscas99__b15_1] [plan] step=135 node=N785 type=observe q_typed_reliable_context=1.892919 sequence=231.483841
[b15-r7/cone_long_toplist/best_final_horizon/q_typed_reliable_context/a0.20/w0.75] [plan iscas99__b15_1] [plan] step=136 node=N7424 type=control1 q_typed_reliable_context=1.438699 sequence=232.922540
[b15-r7/cone_long_toplist/best_final_horizon/q_typed_reliable_context/a0.20/w0.75] [plan iscas99__b15_1] [plan] step=137 node=N1552 type=observe q_typed_reliable_context=0.791478 sequence=233.714017
[b15-r7/cone_long_toplist/best_final_horizon/q_typed_reliable_context/a0.20/w0.75] [plan iscas99__b15_1] [plan] step=138 node=N630 type=control1 q_typed_reliable_context=2.536834 sequence=236.250851
[b15-r7/cone_long_toplist/best_final_horizon/q_typed_reliable_context/a0.20/w0.75] [plan iscas99__b15_1] [plan] step=139 node=N642 type=control1 q_typed_reliable_context=4.891635 sequence=241.142487
[b15-r7/cone_long_toplist/best_final_horizon/q_typed_reliable_context/a0.20/w0.75] [plan iscas99__b15_1] [plan] step=140 node=N649 type=control1 q_typed_reliable_context=4.266843 sequence=245.409330
[b15-r7/cone_long_toplist/best_final_horizon/q_typed_reliable_context/a0.20/w0.75] [plan iscas99__b15_1] [plan] step=141 node=N3180 type=control1 q_typed_reliable_context=2.360735 sequence=247.770065
[b15-r7/cone_long_toplist/best_final_horizon/q_typed_reliable_context/a0.20/w0.75] [plan iscas99__b15_1] [plan] step=142 node=N5867 type=observe q_typed_reliable_context=1.829006 sequence=249.599071
[b15-r7/cone_long_toplist/best_final_horizon/q_typed_reliable_context/a0.20/w0.75] [plan iscas99__b15_1] [plan] step=143 node=N2157 type=observe q_typed_reliable_context=3.857587 sequence=253.456658
[b15-r7/cone_long_toplist/best_final_horizon/q_typed_reliable_context/a0.20/w0.75] [plan iscas99__b15_1] [plan] step=144 node=N3295 type=control1 q_typed_reliable_context=2.649629 sequence=256.106287
[b15-r7/cone_long_toplist/best_final_horizon/q_typed_reliable_context/a0.20/w0.75] [plan iscas99__b15_1] [plan] step=145 node=N3525 type=control1 q_typed_reliable_context=3.379072 sequence=259.485359
[b15-r7/cone_long_toplist/best_final_horizon/q_typed_reliable_context/a0.20/w0.75] [plan iscas99__b15_1] [plan] step=146 node=N3467 type=control1 q_typed_reliable_context=2.922458 sequence=262.407817
[b15-r7/cone_long_toplist/best_final_horizon/q_typed_reliable_context/a0.20/w0.75] [plan iscas99__b15_1] [plan] step=147 node=N7454 type=observe q_typed_reliable_context=2.963961 sequence=265.371778
[b15-r7/cone_long_toplist/best_final_horizon/q_typed_reliable_context/a0.20/w0.75] [plan iscas99__b15_1] [plan] step=148 node=N1586 type=control1 q_typed_reliable_context=2.677602 sequence=268.049380
[b15-r7/cone_long_toplist/best_final_horizon/q_typed_reliable_context/a0.20/w0.75] [plan iscas99__b15_1] [plan] step=149 node=N1607 type=control1 q_typed_reliable_context=2.221736 sequence=270.271115
[b15-r7/cone_long_toplist/best_final_horizon/q_typed_reliable_context/a0.20/w0.75] [plan iscas99__b15_1] [plan] step=150 node=N647 type=control1 q_typed_reliable_context=5.486272 sequence=275.757388
[b15-r7/cone_long_toplist/best_final_horizon/q_typed_reliable_context/a0.20/w0.75] [plan iscas99__b15_1] [plan] step=151 node=N2102 type=observe q_typed_reliable_context=4.076571 sequence=279.833959
[b15-r7/cone_long_toplist/best_final_horizon/q_typed_reliable_context/a0.20/w0.75] [plan iscas99__b15_1] [plan] step=152 node=N7402 type=observe q_typed_reliable_context=3.774618 sequence=283.608577
[b15-r7/cone_long_toplist/best_final_horizon/q_typed_reliable_context/a0.20/w0.75] [plan iscas99__b15_1] [plan] step=153 node=N7482 type=observe q_typed_reliable_context=4.231843 sequence=287.840420
[b15-r7/cone_long_toplist/best_final_horizon/q_typed_reliable_context/a0.20/w0.75] [plan iscas99__b15_1] [plan] step=154 node=N694 type=observe q_typed_reliable_context=3.996490 sequence=291.836911
[b15-r7/cone_long_toplist/best_final_horizon/q_typed_reliable_context/a0.20/w0.75] [plan iscas99__b15_1] [plan] step=155 node=N2652 type=control1 q_typed_reliable_context=3.664722 sequence=295.501632
[b15-r7/cone_long_toplist/best_final_horizon/q_typed_reliable_context/a0.20/w0.75] [plan iscas99__b15_1] [plan] step=156 node=N2721 type=control1 q_typed_reliable_context=3.355421 sequence=298.857053
[b15-r7/cone_long_toplist/best_final_horizon/q_typed_reliable_context/a0.20/w0.75] [plan iscas99__b15_1] [plan] step=157 node=N7442 type=control0 q_typed_reliable_context=3.975988 sequence=302.833041
[b15-r7/cone_long_toplist/best_final_horizon/q_typed_reliable_context/a0.20/w0.75] [plan iscas99__b15_1] [plan] step=158 node=N2894 type=control1 q_typed_reliable_context=3.429504 sequence=306.262546
[b15-r7/cone_long_toplist/best_final_horizon/q_typed_reliable_context/a0.20/w0.75] [plan iscas99__b15_1] [plan] step=159 node=N6674 type=observe q_typed_reliable_context=2.705995 sequence=308.968541
[b15-r7/cone_long_toplist/best_final_horizon/q_typed_reliable_context/a0.20/w0.75] [plan iscas99__b15_1] [plan] step=160 node=N4529 type=observe q_typed_reliable_context=1.903022 sequence=310.871564
[b15-r7/cone_long_toplist/best_final_horizon/q_typed_reliable_context/a0.20/w0.75] [plan iscas99__b15_1] [plan] step=161 node=N5617 type=observe q_typed_reliable_context=2.745625 sequence=313.617189
[b15-r7/cone_long_toplist/best_final_horizon/q_typed_reliable_context/a0.20/w0.75] [plan iscas99__b15_1] [plan] step=162 node=N7624 type=observe q_typed_reliable_context=2.222938 sequence=315.840127
[b15-r7/cone_long_toplist/best_final_horizon/q_typed_reliable_context/a0.20/w0.75] [plan iscas99__b15_1] [plan] step=163 node=N7465 type=observe q_typed_reliable_context=2.656694 sequence=318.496821
[b15-r7/cone_long_toplist/best_final_horizon/q_typed_reliable_context/a0.20/w0.75] [plan iscas99__b15_1] [plan] step=164 node=N6948 type=observe q_typed_reliable_context=2.392722 sequence=320.889543
[b15-r7/cone_long_toplist/best_final_horizon/q_typed_reliable_context/a0.20/w0.75] [plan iscas99__b15_1] [plan] step=165 node=N5627 type=observe q_typed_reliable_context=2.293450 sequence=323.182993
[b15-r7/cone_long_toplist/best_final_horizon/q_typed_reliable_context/a0.20/w0.75] [plan iscas99__b15_1] [plan] step=166 node=N2106 type=observe q_typed_reliable_context=1.430916 sequence=324.613909
[b15-r7/cone_long_toplist/best_final_horizon/q_typed_reliable_context/a0.20/w0.75] [plan iscas99__b15_1] [plan] step=167 node=N7473 type=control0 q_typed_reliable_context=2.593010 sequence=327.206919
[b15-r7/cone_long_toplist/best_final_horizon/q_typed_reliable_context/a0.20/w0.75] [plan iscas99__b15_1] [plan] step=168 node=N2149 type=observe q_typed_reliable_context=5.309584 sequence=332.516503
[b15-r7/cone_long_toplist/best_final_horizon/q_typed_reliable_context/a0.20/w0.75] [plan iscas99__b15_1] [plan] step=169 node=N7385 type=observe q_typed_reliable_context=4.676769 sequence=337.193271
[b15-r7/cone_long_toplist/best_final_horizon/q_typed_reliable_context/a0.20/w0.75] [plan iscas99__b15_1] [plan] step=170 node=N723 type=observe q_typed_reliable_context=2.006048 sequence=339.199320
[b15-r7/cone_long_toplist/best_final_horizon/q_typed_reliable_context/a0.20/w0.75] [plan iscas99__b15_1] [plan] step=171 node=N712 type=observe q_typed_reliable_context=3.387368 sequence=342.586687
[b15-r7/cone_long_toplist/best_final_horizon/q_typed_reliable_context/a0.20/w0.75] [plan iscas99__b15_1] [plan] step=172 node=N5877 type=observe q_typed_reliable_context=2.500287 sequence=345.086974
[b15-r7/cone_long_toplist/best_final_horizon/q_typed_reliable_context/a0.20/w0.75] [plan iscas99__b15_1] [plan] step=173 node=N7613 type=observe q_typed_reliable_context=2.388300 sequence=347.475274
[b15-r7/cone_long_toplist/best_final_horizon/q_typed_reliable_context/a0.20/w0.75] [plan iscas99__b15_1] [plan] step=174 node=N5740 type=observe q_typed_reliable_context=2.462557 sequence=349.937831
[b15-r7/cone_long_toplist/best_final_horizon/q_typed_reliable_context/a0.20/w0.75] [plan iscas99__b15_1] [plan] step=175 node=N7436 type=observe q_typed_reliable_context=4.458368 sequence=354.396199
[b15-r7/cone_long_toplist/best_final_horizon/q_typed_reliable_context/a0.20/w0.75] [plan iscas99__b15_1] [plan] step=176 node=N4521 type=observe q_typed_reliable_context=3.219873 sequence=357.616072
[b15-r7/cone_long_toplist/best_final_horizon/q_typed_reliable_context/a0.20/w0.75] [plan iscas99__b15_1] [plan] step=177 node=N6531 type=observe q_typed_reliable_context=2.424749 sequence=360.040821
[b15-r7/cone_long_toplist/best_final_horizon/q_typed_reliable_context/a0.20/w0.75] [plan iscas99__b15_1] [plan] step=178 node=N703 type=observe q_typed_reliable_context=4.718970 sequence=364.759792
[b15-r7/cone_long_toplist/best_final_horizon/q_typed_reliable_context/a0.20/w0.75] [plan iscas99__b15_1] [plan] step=179 node=N7626 type=observe q_typed_reliable_context=4.729457 sequence=369.489248
[b15-r7/cone_long_toplist/best_final_horizon/q_typed_reliable_context/a0.20/w0.75] [plan iscas99__b15_1] [plan] step=180 node=N5873 type=observe q_typed_reliable_context=2.419855 sequence=371.909104
[b15-r7/cone_long_toplist/best_final_horizon/q_typed_reliable_context/a0.20/w0.75] [plan iscas99__b15_1] [plan] step=181 node=N725 type=observe q_typed_reliable_context=5.452278 sequence=377.361382
[b15-r7/cone_long_toplist/best_final_horizon/q_typed_reliable_context/a0.20/w0.75] [plan iscas99__b15_1] [plan] step=182 node=N714 type=observe q_typed_reliable_context=4.700842 sequence=382.062224
[b15-r7/cone_long_toplist/best_final_horizon/q_typed_reliable_context/a0.20/w0.75] [plan iscas99__b15_1] [plan] step=183 node=N5356 type=observe q_typed_reliable_context=3.477910 sequence=385.540133
[b15-r7/cone_long_toplist/best_final_horizon/q_typed_reliable_context/a0.20/w0.75] [plan iscas99__b15_1] [plan] step=184 node=N7855 type=control0 q_typed_reliable_context=1.916134 sequence=387.456267
[b15-r7/cone_long_toplist/best_final_horizon/q_typed_reliable_context/a0.20/w0.75] [plan iscas99__b15_1] [plan] step=185 node=N715 type=observe q_typed_reliable_context=2.847299 sequence=390.303566
[b15-r7/cone_long_toplist/best_final_horizon/q_typed_reliable_context/a0.20/w0.75] [plan iscas99__b15_1] [plan] step=186 node=N7542 type=control0 q_typed_reliable_context=1.704979 sequence=392.008545
[b15-r7/cone_long_toplist/best_final_horizon/q_typed_reliable_context/a0.20/w0.75] [plan iscas99__b15_1] [plan] step=187 node=N2952 type=control1 q_typed_reliable_context=1.434208 sequence=393.442753
[b15-r7/cone_long_toplist/best_final_horizon/q_typed_reliable_context/a0.20/w0.75] [plan iscas99__b15_1] [plan] step=188 node=N2837 type=control1 q_typed_reliable_context=1.161580 sequence=394.604333
[b15-r7/cone_long_toplist/best_final_horizon/q_typed_reliable_context/a0.20/w0.75] [plan iscas99__b15_1] [plan] step=189 node=N3067 type=control1 q_typed_reliable_context=1.151780 sequence=395.756113
[b15-r7/cone_long_toplist/best_final_horizon/q_typed_reliable_context/a0.20/w0.75] [plan iscas99__b15_1] [plan] step=190 node=N8790 type=control1 q_typed_reliable_context=1.644769 sequence=397.400882
[b15-r7/cone_long_toplist/best_final_horizon/q_typed_reliable_context/a0.20/w0.75] [plan iscas99__b15_1] [plan] step=191 node=N8240 type=control1 q_typed_reliable_context=1.575781 sequence=398.976663
[b15-r7/cone_long_toplist/best_final_horizon/q_typed_reliable_context/a0.20/w0.75] [plan iscas99__b15_1] [plan] step=192 node=N3009 type=control1 q_typed_reliable_context=1.428846 sequence=400.405509
[b15-r7/cone_long_toplist/best_final_horizon/q_typed_reliable_context/a0.20/w0.75] [plan iscas99__b15_1] [plan] step=193 node=N8789 type=control1 q_typed_reliable_context=1.420607 sequence=401.826117
[b15-r7/cone_long_toplist/best_final_horizon/q_typed_reliable_context/a0.20/w0.75] [plan iscas99__b15_1] [plan] step=194 node=N8239 type=control1 q_typed_reliable_context=1.579151 sequence=403.405268
[b15-r7/cone_long_toplist/best_final_horizon/q_typed_reliable_context/a0.20/w0.75] [plan iscas99__b15_1] [plan] step=195 node=N7401 type=observe q_typed_reliable_context=0.755609 sequence=404.160877
[b15-r7/cone_long_toplist/best_final_horizon/q_typed_reliable_context/a0.20/w0.75] [plan iscas99__b15_1] [plan] step=196 node=N8607 type=control1 q_typed_reliable_context=1.344963 sequence=405.505839
[b15-r7/cone_long_toplist/best_final_horizon/q_typed_reliable_context/a0.20/w0.75] [plan iscas99__b15_1] [plan] step=197 node=N7453 type=observe q_typed_reliable_context=0.841038 sequence=406.346877
[b15-r7/cone_long_toplist/best_final_horizon/q_typed_reliable_context/a0.20/w0.75] [plan iscas99__b15_1] [plan] step=198 node=N578 type=observe q_typed_reliable_context=1.096597 sequence=407.443474
[b15-r7/cone_long_toplist/best_final_horizon/q_typed_reliable_context/a0.20/w0.75] [plan iscas99__b15_1] [plan] step=199 node=N2779 type=control1 q_typed_reliable_context=1.131042 sequence=408.574516
[b15-r7/cone_long_toplist/best_final_horizon/q_typed_reliable_context/a0.20/w0.75] [plan iscas99__b15_1] [plan] step=200 node=N6685 type=observe q_typed_reliable_context=0.681675 sequence=409.256191
[b15-r7/cone_long_toplist/best_final_horizon/q_typed_reliable_context/a0.20/w0.75] [plan iscas99__b15_1] [plan] step=201 node=N5473 type=observe q_typed_reliable_context=2.021582 sequence=411.277772
[b15-r7/cone_long_toplist/best_final_horizon/q_typed_reliable_context/a0.20/w0.75] [plan iscas99__b15_1] [plan] step=202 node=N705 type=observe q_typed_reliable_context=6.178964 sequence=417.456737
[b15-r7/cone_long_toplist/best_final_horizon/q_typed_reliable_context/a0.20/w0.75] [plan iscas99__b15_1] [plan] step=203 node=N2181 type=observe q_typed_reliable_context=3.712270 sequence=421.169007
[b15-r7/cone_long_toplist/best_final_horizon/q_typed_reliable_context/a0.20/w0.75] [plan iscas99__b15_1] [plan] step=204 node=N4505 type=observe q_typed_reliable_context=3.323177 sequence=424.492185
[b15-r7/cone_long_toplist/best_final_horizon/q_typed_reliable_context/a0.20/w0.75] [plan iscas99__b15_1] [plan] step=205 node=N5456 type=observe q_typed_reliable_context=5.243051 sequence=429.735236
[b15-r7/cone_long_toplist/best_final_horizon/q_typed_reliable_context/a0.20/w0.75] [plan iscas99__b15_1] [plan] step=206 node=N706 type=observe q_typed_reliable_context=6.503696 sequence=436.238932
[b15-r7/cone_long_toplist/best_final_horizon/q_typed_reliable_context/a0.20/w0.75] [plan iscas99__b15_1] [plan] step=207 node=N6573 type=observe q_typed_reliable_context=5.214536 sequence=441.453469
[b15-r7/cone_long_toplist/best_final_horizon/q_typed_reliable_context/a0.20/w0.75] [plan iscas99__b15_1] [plan] step=208 node=N652 type=control1 q_typed_reliable_context=3.871574 sequence=445.325043
[b15-r7/cone_long_toplist/best_final_horizon/q_typed_reliable_context/a0.20/w0.75] [plan iscas99__b15_1] [plan] step=209 node=N8238 type=control1 q_typed_reliable_context=6.057481 sequence=451.382524
[b15-r7/cone_long_toplist/best_final_horizon/q_typed_reliable_context/a0.20/w0.75] [plan iscas99__b15_1] [plan] step=210 node=N5879 type=observe q_typed_reliable_context=4.258785 sequence=455.641309
[b15-r7/cone_long_toplist/best_final_horizon/q_typed_reliable_context/a0.20/w0.75] [plan iscas99__b15_1] [plan] step=211 node=N5725 type=observe q_typed_reliable_context=4.700729 sequence=460.342038
[b15-r7/cone_long_toplist/best_final_horizon/q_typed_reliable_context/a0.20/w0.75] [plan iscas99__b15_1] [plan] step=212 node=N7439 type=observe q_typed_reliable_context=2.612645 sequence=462.954683
[b15-r7/cone_long_toplist/best_final_horizon/q_typed_reliable_context/a0.20/w0.75] [plan iscas99__b15_1] [plan] step=213 node=N679 type=observe q_typed_reliable_context=2.610826 sequence=465.565509
[b15-r7/cone_long_toplist/best_final_horizon/q_typed_reliable_context/a0.20/w0.75] [plan iscas99__b15_1] [plan] step=214 node=N5439 type=observe q_typed_reliable_context=4.387569 sequence=469.953078
[b15-r7/cone_long_toplist/best_final_horizon/q_typed_reliable_context/a0.20/w0.75] [plan iscas99__b15_1] [plan] step=215 node=N6581 type=observe q_typed_reliable_context=6.437337 sequence=476.390415
[b15-r7/cone_long_toplist/best_final_horizon/q_typed_reliable_context/a0.20/w0.75] [plan iscas99__b15_1] [plan] step=216 node=N5422 type=observe q_typed_reliable_context=5.049324 sequence=481.439738
[b15-r7/cone_long_toplist/best_final_horizon/q_typed_reliable_context/a0.20/w0.75] [plan iscas99__b15_1] [plan] step=217 node=N8606 type=control1 q_typed_reliable_context=5.811893 sequence=487.251631
[b15-r7/cone_long_toplist/best_final_horizon/q_typed_reliable_context/a0.20/w0.75] [plan iscas99__b15_1] [plan] step=218 node=N8237 type=control1 q_typed_reliable_context=5.865545 sequence=493.117176
[b15-r7/cone_long_toplist/best_final_horizon/q_typed_reliable_context/a0.20/w0.75] [plan iscas99__b15_1] [plan] step=219 node=N7405 type=observe q_typed_reliable_context=3.302641 sequence=496.419817
[b15-r7/cone_long_toplist/best_final_horizon/q_typed_reliable_context/a0.20/w0.75] [plan iscas99__b15_1] [plan] step=220 node=N4497 type=observe q_typed_reliable_context=3.701603 sequence=500.121420
[b15-r7/cone_long_toplist/best_final_horizon/q_typed_reliable_context/a0.20/w0.75] [plan iscas99__b15_1] [plan] step=221 node=N7550 type=observe q_typed_reliable_context=3.640850 sequence=503.762271
[b15-r7/cone_long_toplist/best_final_horizon/q_typed_reliable_context/a0.20/w0.75] [plan iscas99__b15_1] [plan] step=222 node=N902 type=control1 q_typed_reliable_context=6.305661 sequence=510.067931
[b15-r7/cone_long_toplist/best_final_horizon/q_typed_reliable_context/a0.20/w0.75] [plan iscas99__b15_1] [plan] step=223 node=N8605 type=control1 q_typed_reliable_context=5.690536 sequence=515.758467
[b15-r7/cone_long_toplist/best_final_horizon/q_typed_reliable_context/a0.20/w0.75] [plan iscas99__b15_1] [plan] step=224 node=N2151 type=observe q_typed_reliable_context=5.677132 sequence=521.435599
[b15-r7/cone_long_toplist/best_final_horizon/q_typed_reliable_context/a0.20/w0.75] [plan iscas99__b15_1] [plan] step=225 node=N5390 type=observe q_typed_reliable_context=5.821240 sequence=527.256839
[b15-r7/cone_long_toplist/best_final_horizon/q_typed_reliable_context/a0.20/w0.75] [plan iscas99__b15_1] [plan] step=226 node=N5334 type=observe q_typed_reliable_context=5.344901 sequence=532.601740
[b15-r7/cone_long_toplist/best_final_horizon/q_typed_reliable_context/a0.20/w0.75] [plan iscas99__b15_1] [plan] step=227 node=N6660 type=observe q_typed_reliable_context=5.737491 sequence=538.339231
[b15-r7/cone_long_toplist/best_final_horizon/q_typed_reliable_context/a0.20/w0.75] [plan iscas99__b15_1] [plan] step=228 node=N5373 type=observe q_typed_reliable_context=2.054110 sequence=540.393341
[b15-r7/cone_long_toplist/best_final_horizon/q_typed_reliable_context/a0.20/w0.75] [plan iscas99__b15_1] [plan] step=229 node=N1874 type=observe q_typed_reliable_context=5.835560 sequence=546.228901
[b15-r7/cone_long_toplist/best_final_horizon/q_typed_reliable_context/a0.20/w0.75] [plan iscas99__b15_1] [plan] step=230 node=N5202 type=observe q_typed_reliable_context=3.090911 sequence=549.319811
[b15-r7/cone_long_toplist/best_final_horizon/q_typed_reliable_context/a0.20/w0.75] [plan iscas99__b15_1] [plan] step=231 node=N8236 type=control1 q_typed_reliable_context=4.327164 sequence=553.646975
[b15-r7/cone_long_toplist/best_final_horizon/q_typed_reliable_context/a0.20/w0.75] [plan iscas99__b15_1] [plan] step=232 node=N7383 type=observe q_typed_reliable_context=2.404713 sequence=556.051688
[b15-r7/cone_long_toplist/best_final_horizon/q_typed_reliable_context/a0.20/w0.75] [plan iscas99__b15_1] [plan] step=233 node=N515 type=control1 q_typed_reliable_context=3.512027 sequence=559.563715
[b15-r7/cone_long_toplist/best_final_horizon/q_typed_reliable_context/a0.20/w0.75] [plan iscas99__b15_1] [plan] step=234 node=N4513 type=observe q_typed_reliable_context=3.665833 sequence=563.229548
[b15-r7/cone_long_toplist/best_final_horizon/q_typed_reliable_context/a0.20/w0.75] [plan iscas99__b15_1] [plan] step=235 node=N719 type=observe q_typed_reliable_context=6.388455 sequence=569.618003
[b15-r7/cone_long_toplist/best_final_horizon/q_typed_reliable_context/a0.20/w0.75] [plan iscas99__b15_1] [plan] step=236 node=N699 type=observe q_typed_reliable_context=6.179825 sequence=575.797828
[b15-r7/cone_long_toplist/best_final_horizon/q_typed_reliable_context/a0.20/w0.75] [plan iscas99__b15_1] [plan] step=237 node=N4460 type=control0 q_typed_reliable_context=4.507413 sequence=580.305241
[b15-r7/cone_long_toplist/best_final_horizon/q_typed_reliable_context/a0.20/w0.75] [plan iscas99__b15_1] [plan] step=238 node=N6682 type=observe q_typed_reliable_context=5.961862 sequence=586.267104
[b15-r7/cone_long_toplist/best_final_horizon/q_typed_reliable_context/a0.20/w0.75] [plan iscas99__b15_1] [plan] step=239 node=N708 type=observe q_typed_reliable_context=5.546958 sequence=591.814062
[b15-r7/cone_long_toplist/best_final_horizon/q_typed_reliable_context/a0.20/w0.75] [plan iscas99__b15_1] [plan] step=240 node=N734 type=observe q_typed_reliable_context=5.550476 sequence=597.364537
[b15-r7/cone_long_toplist/best_final_horizon/q_typed_reliable_context/a0.20/w0.75] [plan iscas99__b15_1] [plan] step=241 node=N2159 type=observe q_typed_reliable_context=6.001434 sequence=603.365971
[b15-r7/cone_long_toplist/best_final_horizon/q_typed_reliable_context/a0.20/w0.75] [plan iscas99__b15_1] [plan] step=242 node=N6932 type=observe q_typed_reliable_context=2.117305 sequence=605.483276
[b15-r7/cone_long_toplist/best_final_horizon/q_typed_reliable_context/a0.20/w0.75] [plan iscas99__b15_1] [plan] step=243 node=N7380 type=observe q_typed_reliable_context=4.555376 sequence=610.038653
[b15-r7/cone_long_toplist/best_final_horizon/q_typed_reliable_context/a0.20/w0.75] [plan iscas99__b15_1] [plan] step=244 node=N4421 type=control0 q_typed_reliable_context=3.585447 sequence=613.624100
[b15-r7/cone_long_toplist/best_final_horizon/q_typed_reliable_context/a0.20/w0.75] [plan iscas99__b15_1] [plan] step=245 node=N4489 type=observe q_typed_reliable_context=6.197183 sequence=619.821283
[b15-r7/cone_long_toplist/best_final_horizon/q_typed_reliable_context/a0.20/w0.75] [plan iscas99__b15_1] [plan] step=246 node=N6658 type=observe q_typed_reliable_context=6.074529 sequence=625.895812
[b15-r7/cone_long_toplist/best_final_horizon/q_typed_reliable_context/a0.20/w0.75] [plan iscas99__b15_1] [plan] step=247 node=N1351 type=observe q_typed_reliable_context=2.297920 sequence=628.193732
[b15-r7/cone_long_toplist/best_final_horizon/q_typed_reliable_context/a0.20/w0.75] [plan iscas99__b15_1] [plan] step=248 node=N765 type=observe q_typed_reliable_context=1.759221 sequence=629.952952
[b15-r7/cone_long_toplist/best_final_horizon/q_typed_reliable_context/a0.20/w0.75] [plan iscas99__b15_1] [plan] step=249 node=N686 type=observe q_typed_reliable_context=5.023258 sequence=634.976210
[b15-r7/cone_long_toplist/best_final_horizon/q_typed_reliable_context/a0.20/w0.75] [plan iscas99__b15_1] [plan] step=250 node=N729 type=observe q_typed_reliable_context=4.831654 sequence=639.807864
[b15-r7/cone_long_toplist/best_final_horizon/q_typed_reliable_context/a0.20/w0.75] [plan iscas99__b15_1] [plan] step=251 node=N7381 type=observe q_typed_reliable_context=4.964816 sequence=644.772680
[b15-r7/cone_long_toplist/best_final_horizon/q_typed_reliable_context/a0.20/w0.75] [plan iscas99__b15_1] [plan] step=252 node=N1951 type=observe q_typed_reliable_context=0.964403 sequence=645.737084
[b15-r7/cone_long_toplist/best_final_horizon/q_typed_reliable_context/a0.20/w0.75] [plan iscas99__b15_1] [plan] step=253 node=N684 type=observe q_typed_reliable_context=5.666492 sequence=651.403576
[b15-r7/cone_long_toplist/best_final_horizon/q_typed_reliable_context/a0.20/w0.75] [plan iscas99__b15_1] [plan] step=254 node=N1598 type=observe q_typed_reliable_context=4.080000 sequence=655.483576
[b15-r7/cone_long_toplist/best_final_horizon/q_typed_reliable_context/a0.20/w0.75] [plan iscas99__b15_1] [plan] step=255 node=N7472 type=control0 q_typed_reliable_context=5.665182 sequence=661.148757
[b15-r7/cone_long_toplist/best_final_horizon/q_typed_reliable_context/a0.20/w0.75] [plan iscas99__b15_1] [plan] step=256 node=N8235 type=control1 q_typed_reliable_context=6.339935 sequence=667.488692
[b15-r7/cone_long_toplist/best_final_horizon/q_typed_reliable_context/a0.20/w0.75] [plan iscas99__b15_1] [plan] step=257 node=N1688 type=observe q_typed_reliable_context=1.735027 sequence=669.223719
[b15-r7/cone_long_toplist/best_final_horizon/q_typed_reliable_context/a0.20/w0.75] [plan iscas99__b15_1] [plan] step=258 node=N4532 type=control0 q_typed_reliable_context=5.538782 sequence=674.762501
[b15-r7/cone_long_toplist/best_final_horizon/q_typed_reliable_context/a0.20/w0.75] [plan iscas99__b15_1] [plan] step=259 node=N541 type=observe q_typed_reliable_context=5.875973 sequence=680.638473
[b15-r7/cone_long_toplist/best_final_horizon/q_typed_reliable_context/a0.20/w0.75] [plan iscas99__b15_1] [plan] step=260 node=N6688 type=observe q_typed_reliable_context=5.521338 sequence=686.159811
[b15-r7/cone_long_toplist/best_final_horizon/q_typed_reliable_context/a0.20/w0.75] [plan iscas99__b15_1] [plan] step=261 node=N6538 type=observe q_typed_reliable_context=6.292365 sequence=692.452176
[b15-r7/cone_long_toplist/best_final_horizon/q_typed_reliable_context/a0.20/w0.75] [plan iscas99__b15_1] [plan] step=262 node=N8234 type=control1 q_typed_reliable_context=6.487763 sequence=698.939940
[b15-r7/cone_long_toplist/best_final_horizon/q_typed_reliable_context/a0.20/w0.75] [plan iscas99__b15_1] [plan] step=263 node=N6678 type=observe q_typed_reliable_context=1.272223 sequence=700.212162
[b15-r7/cone_long_toplist/best_final_horizon/q_typed_reliable_context/a0.20/w0.75] [plan iscas99__b15_1] [plan] step=264 node=N4537 type=observe q_typed_reliable_context=5.829889 sequence=706.042051
[b15-r7/cone_long_toplist/best_final_horizon/q_typed_reliable_context/a0.20/w0.75] [plan iscas99__b15_1] [plan] step=265 node=N689 type=observe q_typed_reliable_context=6.135780 sequence=712.177831
[b15-r7/cone_long_toplist/best_final_horizon/q_typed_reliable_context/a0.20/w0.75] [plan iscas99__b15_1] [plan] step=266 node=N898 type=observe q_typed_reliable_context=0.916815 sequence=713.094646
[b15-r7/cone_long_toplist/best_final_horizon/q_typed_reliable_context/a0.20/w0.75] [plan iscas99__b15_1] [plan] step=267 node=N545 type=observe q_typed_reliable_context=3.440979 sequence=716.535625
[b15-r7/cone_long_toplist/best_final_horizon/q_typed_reliable_context/a0.20/w0.75] [plan iscas99__b15_1] [plan] step=268 node=N2243 type=observe q_typed_reliable_context=6.513913 sequence=723.049538
[b15-r7/cone_long_toplist/best_final_horizon/q_typed_reliable_context/a0.20/w0.75] [plan iscas99__b15_1] [plan] step=269 node=N8783 type=control1 q_typed_reliable_context=0.867860 sequence=723.917398
[b15-r7/cone_long_toplist/best_final_horizon/q_typed_reliable_context/a0.20/w0.75] [plan iscas99__b15_1] [plan] step=270 node=N8233 type=control1 q_typed_reliable_context=4.743288 sequence=728.660686
[b15-r7/cone_long_toplist/best_final_horizon/q_typed_reliable_context/a0.20/w0.75] [plan iscas99__b15_1] [plan] step=271 node=N7433 type=observe q_typed_reliable_context=2.542782 sequence=731.203468
[b15-r7/cone_long_toplist/best_final_horizon/q_typed_reliable_context/a0.20/w0.75] [plan iscas99__b15_1] [plan] step=272 node=N695 type=observe q_typed_reliable_context=2.742258 sequence=733.945727
[b15-r7/cone_long_toplist/best_final_horizon/q_typed_reliable_context/a0.20/w0.75] [plan iscas99__b15_1] [plan] step=273 node=N7802 type=observe q_typed_reliable_context=3.458530 sequence=737.404256
[b15-r7/cone_long_toplist/best_final_horizon/q_typed_reliable_context/a0.20/w0.75] [plan iscas99__b15_1] [plan] step=274 node=N7463 type=observe q_typed_reliable_context=1.912542 sequence=739.316799
[b15-r7/cone_long_toplist/best_final_horizon/q_typed_reliable_context/a0.20/w0.75] [plan iscas99__b15_1] [plan] step=275 node=N2271 type=observe q_typed_reliable_context=6.662253 sequence=745.979052
[b15-r7/cone_long_toplist/best_final_horizon/q_typed_reliable_context/a0.20/w0.75] [plan iscas99__b15_1] [plan] step=276 node=N4544 type=observe q_typed_reliable_context=5.375683 sequence=751.354735
[b15-r7/cone_long_toplist/best_final_horizon/q_typed_reliable_context/a0.20/w0.75] [plan iscas99__b15_1] [plan] step=277 node=N696 type=observe q_typed_reliable_context=3.351062 sequence=754.705797
[b15-r7/cone_long_toplist/best_final_horizon/q_typed_reliable_context/a0.20/w0.75] [plan iscas99__b15_1] [plan] step=278 node=N2259 type=observe q_typed_reliable_context=5.084415 sequence=759.790212
[b15-r7/cone_long_toplist/best_final_horizon/q_typed_reliable_context/a0.20/w0.75] [plan iscas99__b15_1] saved=autoresearch/loop-260720-0945/model_training_round7/b15_selection/cone_long_toplist/best_final_horizon/q_typed_reliable_context/alpha_0p20_weight_0p75/plans/iscas99__b15_1__greedy__cumulative__q_typed_reliable_context__bw1__d1__c64__g1p0__candhard_fault_cluster__div0p0__s0.csv
[b15-r7/cone_long_toplist/best_final_horizon/q_typed_reliable_context/a0.20/w0.75] [gmean] 2026-07-21T11:55:19 [1/1] plan_done benchmark=iscas99__b15_1 plan_sec=196.12 plan_csv=autoresearch/loop-260720-0945/model_training_round7/b15_selection/cone_long_toplist/best_final_horizon/q_typed_reliable_context/alpha_0p20_weight_0p75/plans/iscas99__b15_1__greedy__cumulative__q_typed_reliable_context__bw1__d1__c64__g1p0__candhard_fault_cluster__div0p0__s0.csv
[b15-r7/cone_long_toplist/best_final_horizon/q_typed_reliable_context/a0.20/w0.75] [gmean] 2026-07-21T11:55:19 [1/1] eval_start benchmark=iscas99__b15_1 backend=atalanta-bist patterns=300000
[b15-r7/cone_long_toplist/best_final_horizon/q_typed_reliable_context/a0.20/w0.75] [eval iscas99__b15_1] {
[b15-r7/cone_long_toplist/best_final_horizon/q_typed_reliable_context/a0.20/w0.75] [eval iscas99__b15_1]   "records": 2,
[b15-r7/cone_long_toplist/best_final_horizon/q_typed_reliable_context/a0.20/w0.75] [eval iscas99__b15_1]   "labels_csv": "autoresearch/loop-260720-0945/model_training_round7/b15_selection/cone_long_toplist/best_final_horizon/q_typed_reliable_context/alpha_0p20_weight_0p75/evals/iscas99__b15_1__greedy__cumulative__q_typed_reliable_context__bw1__d1__c64__g1p0__candhard_fault_cluster__div0p0__s0/labels.csv",
[b15-r7/cone_long_toplist/best_final_horizon/q_typed_reliable_context/a0.20/w0.75] [eval iscas99__b15_1]   "summary_json": "autoresearch/loop-260720-0945/model_training_round7/b15_selection/cone_long_toplist/best_final_horizon/q_typed_reliable_context/alpha_0p20_weight_0p75/evals/iscas99__b15_1__greedy__cumulative__q_typed_reliable_context__bw1__d1__c64__g1p0__candhard_fault_cluster__div0p0__s0/summary.json"
[b15-r7/cone_long_toplist/best_final_horizon/q_typed_reliable_context/a0.20/w0.75] [eval iscas99__b15_1] }
[b15-r7/cone_long_toplist/best_final_horizon/q_typed_reliable_context/a0.20/w0.75] [gmean] 2026-07-21T11:55:25 [1/1] eval_done benchmark=iscas99__b15_1 delta_tc=0.12680999999999998 plan_sec=196.12 eval_sec=6.513 total_sec=202.645
[b15-r7/cone_long_toplist/best_final_horizon/q_typed_reliable_context/a0.20/w0.75] [gmean] 2026-07-21T11:55:25 variant_done id=greedy__cumulative__q_typed_reliable_context__bw1__d1__c64__g1p0__candhard_fault_cluster__div0p0__s0 status=ok macro=0.12680999999999998 positives=1 negatives=0 elapsed=202.646
