[b15-long-decay/d64/a0.10] [gmean] 2026-07-21T14:37:17 out_dir=autoresearch/loop-260720-0945/model_training_round7/b15_selection/long_decay/decay_64/alpha_0p10
[b15-long-decay/d64/a0.10] [gmean] 2026-07-21T14:37:17 budgets=iscas99__b15_1:278
[b15-long-decay/d64/a0.10] [gmean] 2026-07-21T14:37:17 variant_start id=greedy__cumulative__q_typed_reliable_context__bw1__d1__c64__g1p0__candhard_fault_cluster__div0p0__s0
[b15-long-decay/d64/a0.10] [gmean] 2026-07-21T14:37:17 [1/1] plan_start benchmark=iscas99__b15_1 budget=278 planner=greedy score=q_typed_reliable_context
[b15-long-decay/d64/a0.10] [plan iscas99__b15_1] [plan] torch_deterministic=true
[b15-long-decay/d64/a0.10] [plan iscas99__b15_1] [plan] candidate_allowlist=autoresearch/original-netlist-recovery-260712/exact_itc99/b15_C/exact_candidate_nodes.txt nodes=7918
[b15-long-decay/d64/a0.10] [plan iscas99__b15_1] [plan] latent_norm_clip_ratio=4 latent_norm_limit=30.875631
[b15-long-decay/d64/a0.10] [plan iscas99__b15_1] [plan] step=1 node=N677 type=control1 q_typed_reliable_context=4.858065 sequence=4.858065
[b15-long-decay/d64/a0.10] [plan iscas99__b15_1] [plan] step=2 node=N2155 type=observe q_typed_reliable_context=3.260388 sequence=8.118452
[b15-long-decay/d64/a0.10] [plan iscas99__b15_1] [plan] step=3 node=N502 type=control1 q_typed_reliable_context=2.192107 sequence=10.310559
[b15-long-decay/d64/a0.10] [plan iscas99__b15_1] [plan] step=4 node=N762 type=control1 q_typed_reliable_context=1.446094 sequence=11.756653
[b15-long-decay/d64/a0.10] [plan iscas99__b15_1] [plan] step=5 node=N3742 type=control0 q_typed_reliable_context=0.903947 sequence=12.660600
[b15-long-decay/d64/a0.10] [plan iscas99__b15_1] [plan] step=6 node=N3644 type=control0 q_typed_reliable_context=1.489064 sequence=14.149664
[b15-long-decay/d64/a0.10] [plan iscas99__b15_1] [plan] step=7 node=N557 type=control1 q_typed_reliable_context=0.910940 sequence=15.060604
[b15-long-decay/d64/a0.10] [plan iscas99__b15_1] [plan] step=8 node=N3756 type=control0 q_typed_reliable_context=1.097941 sequence=16.158545
[b15-long-decay/d64/a0.10] [plan iscas99__b15_1] [plan] step=9 node=N564 type=control1 q_typed_reliable_context=1.326928 sequence=17.485474
[b15-long-decay/d64/a0.10] [plan iscas99__b15_1] [plan] step=10 node=N2336 type=control1 q_typed_reliable_context=1.557724 sequence=19.043197
[b15-long-decay/d64/a0.10] [plan iscas99__b15_1] [plan] step=11 node=N5143 type=observe q_typed_reliable_context=1.325577 sequence=20.368775
[b15-long-decay/d64/a0.10] [plan iscas99__b15_1] [plan] step=12 node=N7511 type=control1 q_typed_reliable_context=1.450593 sequence=21.819368
[b15-long-decay/d64/a0.10] [plan iscas99__b15_1] [plan] step=13 node=N580 type=control1 q_typed_reliable_context=1.255322 sequence=23.074689
[b15-long-decay/d64/a0.10] [plan iscas99__b15_1] [plan] step=14 node=N2082 type=observe q_typed_reliable_context=1.398669 sequence=24.473359
[b15-long-decay/d64/a0.10] [plan iscas99__b15_1] [plan] step=15 node=N737 type=control1 q_typed_reliable_context=3.600376 sequence=28.073735
[b15-long-decay/d64/a0.10] [plan iscas99__b15_1] [plan] step=16 node=N3722 type=control0 q_typed_reliable_context=0.943121 sequence=29.016856
[b15-long-decay/d64/a0.10] [plan iscas99__b15_1] [plan] step=17 node=N496 type=control1 q_typed_reliable_context=1.745042 sequence=30.761898
[b15-long-decay/d64/a0.10] [plan iscas99__b15_1] [plan] step=18 node=N5723 type=control0 q_typed_reliable_context=1.392575 sequence=32.154473
[b15-long-decay/d64/a0.10] [plan iscas99__b15_1] [plan] step=19 node=N5203 type=control1 q_typed_reliable_context=1.998558 sequence=34.153031
[b15-long-decay/d64/a0.10] [plan iscas99__b15_1] [plan] step=20 node=N2153 type=observe q_typed_reliable_context=2.156696 sequence=36.309727
[b15-long-decay/d64/a0.10] [plan iscas99__b15_1] [plan] step=21 node=N1853 type=observe q_typed_reliable_context=2.699753 sequence=39.009480
[b15-long-decay/d64/a0.10] [plan iscas99__b15_1] [plan] step=22 node=N2101 type=observe q_typed_reliable_context=2.301705 sequence=41.311186
[b15-long-decay/d64/a0.10] [plan iscas99__b15_1] [plan] step=23 node=N1860 type=observe q_typed_reliable_context=1.947737 sequence=43.258922
[b15-long-decay/d64/a0.10] [plan iscas99__b15_1] [plan] step=24 node=N1372 type=observe q_typed_reliable_context=1.827739 sequence=45.086662
[b15-long-decay/d64/a0.10] [plan iscas99__b15_1] [plan] step=25 node=N582 type=control1 q_typed_reliable_context=1.728247 sequence=46.814909
[b15-long-decay/d64/a0.10] [plan iscas99__b15_1] [plan] step=26 node=N1532 type=observe q_typed_reliable_context=1.821913 sequence=48.636822
[b15-long-decay/d64/a0.10] [plan iscas99__b15_1] [plan] step=27 node=N766 type=control1 q_typed_reliable_context=0.811041 sequence=49.447863
[b15-long-decay/d64/a0.10] [plan iscas99__b15_1] [plan] step=28 node=N7516 type=observe q_typed_reliable_context=0.848876 sequence=50.296738
[b15-long-decay/d64/a0.10] [plan iscas99__b15_1] [plan] step=29 node=N4684 type=control0 q_typed_reliable_context=2.985791 sequence=53.282530
[b15-long-decay/d64/a0.10] [plan iscas99__b15_1] [plan] step=30 node=N1437 type=control1 q_typed_reliable_context=0.324663 sequence=53.607193
[b15-long-decay/d64/a0.10] [plan iscas99__b15_1] [plan] step=31 node=N583 type=control1 q_typed_reliable_context=1.472114 sequence=55.079307
[b15-long-decay/d64/a0.10] [plan iscas99__b15_1] [plan] step=32 node=N4677 type=control0 q_typed_reliable_context=2.806337 sequence=57.885644
[b15-long-decay/d64/a0.10] [plan iscas99__b15_1] [plan] step=33 node=N7411 type=control1 q_typed_reliable_context=0.746178 sequence=58.631822
[b15-long-decay/d64/a0.10] [plan iscas99__b15_1] [plan] step=34 node=N7413 type=control1 q_typed_reliable_context=0.978282 sequence=59.610104
[b15-long-decay/d64/a0.10] [plan iscas99__b15_1] [plan] step=35 node=N4670 type=control0 q_typed_reliable_context=1.831360 sequence=61.441464
[b15-long-decay/d64/a0.10] [plan iscas99__b15_1] [plan] step=36 node=N4656 type=control0 q_typed_reliable_context=2.134401 sequence=63.575866
[b15-long-decay/d64/a0.10] [plan iscas99__b15_1] [plan] step=37 node=N4649 type=control0 q_typed_reliable_context=1.615069 sequence=65.190935
[b15-long-decay/d64/a0.10] [plan iscas99__b15_1] [plan] step=38 node=N7881 type=control1 q_typed_reliable_context=0.712282 sequence=65.903217
[b15-long-decay/d64/a0.10] [plan iscas99__b15_1] [plan] step=39 node=N7882 type=control1 q_typed_reliable_context=0.829881 sequence=66.733098
[b15-long-decay/d64/a0.10] [plan iscas99__b15_1] [plan] step=40 node=N7883 type=control1 q_typed_reliable_context=0.600772 sequence=67.333869
[b15-long-decay/d64/a0.10] [plan iscas99__b15_1] [plan] step=41 node=N7884 type=control1 q_typed_reliable_context=0.496965 sequence=67.830835
[b15-long-decay/d64/a0.10] [plan iscas99__b15_1] [plan] step=42 node=N704 type=observe q_typed_reliable_context=1.458814 sequence=69.289649
[b15-long-decay/d64/a0.10] [plan iscas99__b15_1] [plan] step=43 node=N6537 type=observe q_typed_reliable_context=3.684615 sequence=72.974264
[b15-long-decay/d64/a0.10] [plan iscas99__b15_1] [plan] step=44 node=N4691 type=control0 q_typed_reliable_context=5.737793 sequence=78.712057
[b15-long-decay/d64/a0.10] [plan iscas99__b15_1] [plan] step=45 node=N724 type=observe q_typed_reliable_context=3.062804 sequence=81.774861
[b15-long-decay/d64/a0.10] [plan iscas99__b15_1] [plan] step=46 node=N4663 type=control0 q_typed_reliable_context=1.937052 sequence=83.711913
[b15-long-decay/d64/a0.10] [plan iscas99__b15_1] [plan] step=47 node=N4698 type=control0 q_typed_reliable_context=1.140052 sequence=84.851965
[b15-long-decay/d64/a0.10] [plan iscas99__b15_1] [plan] step=48 node=N8470 type=observe q_typed_reliable_context=1.498861 sequence=86.350826
[b15-long-decay/d64/a0.10] [plan iscas99__b15_1] [plan] step=49 node=N4635 type=control0 q_typed_reliable_context=1.296360 sequence=87.647186
[b15-long-decay/d64/a0.10] [plan iscas99__b15_1] [plan] step=50 node=N4705 type=control0 q_typed_reliable_context=1.395258 sequence=89.042444
[b15-long-decay/d64/a0.10] [plan iscas99__b15_1] [plan] step=51 node=N3911 type=control0 q_typed_reliable_context=0.943220 sequence=89.985664
[b15-long-decay/d64/a0.10] [plan iscas99__b15_1] [plan] step=52 node=N3904 type=control0 q_typed_reliable_context=0.944240 sequence=90.929903
[b15-long-decay/d64/a0.10] [plan iscas99__b15_1] [plan] step=53 node=N3897 type=control0 q_typed_reliable_context=0.972966 sequence=91.902870
[b15-long-decay/d64/a0.10] [plan iscas99__b15_1] [plan] step=54 node=N3701 type=control0 q_typed_reliable_context=0.916894 sequence=92.819763
[b15-long-decay/d64/a0.10] [plan iscas99__b15_1] [plan] step=55 node=N3862 type=control0 q_typed_reliable_context=0.940920 sequence=93.760683
[b15-long-decay/d64/a0.10] [plan iscas99__b15_1] [plan] step=56 node=N3855 type=control0 q_typed_reliable_context=0.953490 sequence=94.714173
[b15-long-decay/d64/a0.10] [plan iscas99__b15_1] [plan] step=57 node=N3848 type=control0 q_typed_reliable_context=0.957503 sequence=95.671675
[b15-long-decay/d64/a0.10] [plan iscas99__b15_1] [plan] step=58 node=N3889 type=control0 q_typed_reliable_context=0.963292 sequence=96.634968
[b15-long-decay/d64/a0.10] [plan iscas99__b15_1] [plan] step=59 node=N3882 type=control0 q_typed_reliable_context=0.902126 sequence=97.537094
[b15-long-decay/d64/a0.10] [plan iscas99__b15_1] [plan] step=60 node=N2083 type=observe q_typed_reliable_context=1.004444 sequence=98.541538
[b15-long-decay/d64/a0.10] [plan iscas99__b15_1] [plan] step=61 node=N3805 type=control0 q_typed_reliable_context=1.114230 sequence=99.655767
[b15-long-decay/d64/a0.10] [plan iscas99__b15_1] [plan] step=62 node=N5603 type=control0 q_typed_reliable_context=1.065799 sequence=100.721566
[b15-long-decay/d64/a0.10] [plan iscas99__b15_1] [plan] step=63 node=N7506 type=observe q_typed_reliable_context=1.725277 sequence=102.446843
[b15-long-decay/d64/a0.10] [plan iscas99__b15_1] [plan] step=64 node=N4606 type=control0 q_typed_reliable_context=0.898713 sequence=103.345556
[b15-long-decay/d64/a0.10] [plan iscas99__b15_1] [plan] step=65 node=N4712 type=control0 q_typed_reliable_context=0.917916 sequence=104.263471
[b15-long-decay/d64/a0.10] [plan iscas99__b15_1] [plan] step=66 node=N4716 type=control0 q_typed_reliable_context=1.024035 sequence=105.287506
[b15-long-decay/d64/a0.10] [plan iscas99__b15_1] [plan] step=67 node=N2044 type=observe q_typed_reliable_context=1.034404 sequence=106.321911
[b15-long-decay/d64/a0.10] [plan iscas99__b15_1] [plan] step=68 node=N519 type=control1 q_typed_reliable_context=0.967601 sequence=107.289512
[b15-long-decay/d64/a0.10] [plan iscas99__b15_1] [plan] step=69 node=N2042 type=observe q_typed_reliable_context=0.858047 sequence=108.147559
[b15-long-decay/d64/a0.10] [plan iscas99__b15_1] [plan] step=70 node=N504 type=control1 q_typed_reliable_context=1.406622 sequence=109.554181
[b15-long-decay/d64/a0.10] [plan iscas99__b15_1] [plan] step=71 node=N7471 type=control0 q_typed_reliable_context=0.779398 sequence=110.333579
[b15-long-decay/d64/a0.10] [plan iscas99__b15_1] [plan] step=72 node=N513 type=control1 q_typed_reliable_context=1.245294 sequence=111.578873
[b15-long-decay/d64/a0.10] [plan iscas99__b15_1] [plan] step=73 node=N7724 type=control0 q_typed_reliable_context=0.756677 sequence=112.335550
[b15-long-decay/d64/a0.10] [plan iscas99__b15_1] [plan] step=74 node=N520 type=control1 q_typed_reliable_context=1.391524 sequence=113.727074
[b15-long-decay/d64/a0.10] [plan iscas99__b15_1] [plan] step=75 node=N1539 type=control0 q_typed_reliable_context=0.761077 sequence=114.488152
[b15-long-decay/d64/a0.10] [plan iscas99__b15_1] [plan] step=76 node=N516 type=control1 q_typed_reliable_context=1.557465 sequence=116.045617
[b15-long-decay/d64/a0.10] [plan iscas99__b15_1] [plan] step=77 node=N5234 type=observe q_typed_reliable_context=0.766255 sequence=116.811872
[b15-long-decay/d64/a0.10] [plan iscas99__b15_1] [plan] step=78 node=N7722 type=control0 q_typed_reliable_context=0.843703 sequence=117.655575
[b15-long-decay/d64/a0.10] [plan iscas99__b15_1] [plan] step=79 node=N4578 type=control0 q_typed_reliable_context=1.272576 sequence=118.928151
[b15-long-decay/d64/a0.10] [plan iscas99__b15_1] [plan] step=80 node=N899 type=observe q_typed_reliable_context=1.117101 sequence=120.045252
[b15-long-decay/d64/a0.10] [plan iscas99__b15_1] [plan] step=81 node=N7875 type=control1 q_typed_reliable_context=0.813393 sequence=120.858645
[b15-long-decay/d64/a0.10] [plan iscas99__b15_1] [plan] step=82 node=N4585 type=control0 q_typed_reliable_context=1.269412 sequence=122.128057
[b15-long-decay/d64/a0.10] [plan iscas99__b15_1] [plan] step=83 node=N7370 type=control1 q_typed_reliable_context=0.752135 sequence=122.880192
[b15-long-decay/d64/a0.10] [plan iscas99__b15_1] [plan] step=84 node=N555 type=control1 q_typed_reliable_context=1.527499 sequence=124.407691
[b15-long-decay/d64/a0.10] [plan iscas99__b15_1] [plan] step=85 node=N7891 type=control1 q_typed_reliable_context=1.320236 sequence=125.727927
[b15-long-decay/d64/a0.10] [plan iscas99__b15_1] [plan] step=86 node=N7885 type=control1 q_typed_reliable_context=1.515693 sequence=127.243620
[b15-long-decay/d64/a0.10] [plan iscas99__b15_1] [plan] step=87 node=N7886 type=control1 q_typed_reliable_context=1.689439 sequence=128.933060
[b15-long-decay/d64/a0.10] [plan iscas99__b15_1] [plan] step=88 node=N7887 type=control1 q_typed_reliable_context=1.671013 sequence=130.604073
[b15-long-decay/d64/a0.10] [plan iscas99__b15_1] [plan] step=89 node=N7888 type=control1 q_typed_reliable_context=0.992343 sequence=131.596416
[b15-long-decay/d64/a0.10] [plan iscas99__b15_1] [plan] step=90 node=N7889 type=control1 q_typed_reliable_context=0.991927 sequence=132.588342
[b15-long-decay/d64/a0.10] [plan iscas99__b15_1] [plan] step=91 node=N7890 type=control1 q_typed_reliable_context=1.112735 sequence=133.701077
[b15-long-decay/d64/a0.10] [plan iscas99__b15_1] [plan] step=92 node=N507 type=control1 q_typed_reliable_context=1.311997 sequence=135.013074
[b15-long-decay/d64/a0.10] [plan iscas99__b15_1] [plan] step=93 node=N3827 type=control0 q_typed_reliable_context=1.010409 sequence=136.023483
[b15-long-decay/d64/a0.10] [plan iscas99__b15_1] [plan] step=94 node=N3820 type=control0 q_typed_reliable_context=2.631229 sequence=138.654713
[b15-long-decay/d64/a0.10] [plan iscas99__b15_1] [plan] step=95 node=N713 type=observe q_typed_reliable_context=5.386861 sequence=144.041574
[b15-long-decay/d64/a0.10] [plan iscas99__b15_1] [plan] step=96 node=N3813 type=control0 q_typed_reliable_context=1.424060 sequence=145.465634
[b15-long-decay/d64/a0.10] [plan iscas99__b15_1] [plan] step=97 node=N7725 type=control0 q_typed_reliable_context=1.217604 sequence=146.683238
[b15-long-decay/d64/a0.10] [plan iscas99__b15_1] [plan] step=98 node=N7723 type=control0 q_typed_reliable_context=1.466177 sequence=148.149416
[b15-long-decay/d64/a0.10] [plan iscas99__b15_1] [plan] step=99 node=N7408 type=control0 q_typed_reliable_context=1.527169 sequence=149.676585
[b15-long-decay/d64/a0.10] [plan iscas99__b15_1] [plan] step=100 node=N7541 type=control0 q_typed_reliable_context=1.386285 sequence=151.062870
[b15-long-decay/d64/a0.10] [plan iscas99__b15_1] [plan] step=101 node=N3799 type=control0 q_typed_reliable_context=1.332586 sequence=152.395456
[b15-long-decay/d64/a0.10] [plan iscas99__b15_1] [plan] step=102 node=N7846 type=control0 q_typed_reliable_context=1.352954 sequence=153.748410
[b15-long-decay/d64/a0.10] [plan iscas99__b15_1] [plan] step=103 node=N556 type=control1 q_typed_reliable_context=1.368217 sequence=155.116627
[b15-long-decay/d64/a0.10] [plan iscas99__b15_1] [plan] step=104 node=N634 type=control1 q_typed_reliable_context=1.601921 sequence=156.718548
[b15-long-decay/d64/a0.10] [plan iscas99__b15_1] [plan] step=105 node=N3792 type=control0 q_typed_reliable_context=1.557342 sequence=158.275890
[b15-long-decay/d64/a0.10] [plan iscas99__b15_1] [plan] step=106 node=N614 type=control1 q_typed_reliable_context=1.421687 sequence=159.697577
[b15-long-decay/d64/a0.10] [plan iscas99__b15_1] [plan] step=107 node=N610 type=control1 q_typed_reliable_context=1.256139 sequence=160.953715
[b15-long-decay/d64/a0.10] [plan iscas99__b15_1] [plan] step=108 node=N3785 type=control0 q_typed_reliable_context=1.690379 sequence=162.644095
[b15-long-decay/d64/a0.10] [plan iscas99__b15_1] [plan] step=109 node=N620 type=control1 q_typed_reliable_context=1.387887 sequence=164.031982
[b15-long-decay/d64/a0.10] [plan iscas99__b15_1] [plan] step=110 node=N510 type=control1 q_typed_reliable_context=1.884742 sequence=165.916724
[b15-long-decay/d64/a0.10] [plan iscas99__b15_1] [plan] step=111 node=N638 type=control1 q_typed_reliable_context=1.396578 sequence=167.313302
[b15-long-decay/d64/a0.10] [plan iscas99__b15_1] [plan] step=112 node=N3682 type=control0 q_typed_reliable_context=1.619800 sequence=168.933102
[b15-long-decay/d64/a0.10] [plan iscas99__b15_1] [plan] step=113 node=N7852 type=control0 q_typed_reliable_context=1.678494 sequence=170.611595
[b15-long-decay/d64/a0.10] [plan iscas99__b15_1] [plan] step=114 node=N722 type=observe q_typed_reliable_context=2.362705 sequence=172.974300
[b15-long-decay/d64/a0.10] [plan iscas99__b15_1] [plan] step=115 node=N4564 type=control0 q_typed_reliable_context=1.841587 sequence=174.815887
[b15-long-decay/d64/a0.10] [plan iscas99__b15_1] [plan] step=116 node=N7872 type=control1 q_typed_reliable_context=2.171213 sequence=176.987100
[b15-long-decay/d64/a0.10] [plan iscas99__b15_1] [plan] step=117 node=N4557 type=control0 q_typed_reliable_context=2.483250 sequence=179.470350
[b15-long-decay/d64/a0.10] [plan iscas99__b15_1] [plan] step=118 node=N3903 type=control0 q_typed_reliable_context=2.478566 sequence=181.948916
[b15-long-decay/d64/a0.10] [plan iscas99__b15_1] [plan] step=119 node=N7820 type=control0 q_typed_reliable_context=2.562107 sequence=184.511023
[b15-long-decay/d64/a0.10] [plan iscas99__b15_1] [plan] step=120 node=N3896 type=control0 q_typed_reliable_context=2.271607 sequence=186.782630
[b15-long-decay/d64/a0.10] [plan iscas99__b15_1] [plan] step=121 node=N7853 type=control0 q_typed_reliable_context=1.925146 sequence=188.707776
[b15-long-decay/d64/a0.10] [plan iscas99__b15_1] [plan] step=122 node=N4520 type=control0 q_typed_reliable_context=2.516197 sequence=191.223973
[b15-long-decay/d64/a0.10] [plan iscas99__b15_1] [plan] step=123 node=N7847 type=control0 q_typed_reliable_context=1.927279 sequence=193.151252
[b15-long-decay/d64/a0.10] [plan iscas99__b15_1] [plan] step=124 node=N7588 type=control1 q_typed_reliable_context=1.627786 sequence=194.779039
[b15-long-decay/d64/a0.10] [plan iscas99__b15_1] [plan] step=125 node=N7590 type=control1 q_typed_reliable_context=1.797380 sequence=196.576419
[b15-long-decay/d64/a0.10] [plan iscas99__b15_1] [plan] step=126 node=N7537 type=observe q_typed_reliable_context=1.668983 sequence=198.245401
[b15-long-decay/d64/a0.10] [plan iscas99__b15_1] [plan] step=127 node=N7534 type=observe q_typed_reliable_context=2.122060 sequence=200.367461
[b15-long-decay/d64/a0.10] [plan iscas99__b15_1] [plan] step=128 node=N7535 type=observe q_typed_reliable_context=2.224149 sequence=202.591610
[b15-long-decay/d64/a0.10] [plan iscas99__b15_1] [plan] step=129 node=N7532 type=observe q_typed_reliable_context=2.895787 sequence=205.487397
[b15-long-decay/d64/a0.10] [plan iscas99__b15_1] [plan] step=130 node=N3180 type=control1 q_typed_reliable_context=3.857727 sequence=209.345125
[b15-long-decay/d64/a0.10] [plan iscas99__b15_1] [plan] step=131 node=N7518 type=observe q_typed_reliable_context=3.398344 sequence=212.743469
[b15-long-decay/d64/a0.10] [plan iscas99__b15_1] [plan] step=132 node=N645 type=control1 q_typed_reliable_context=1.821681 sequence=214.565150
[b15-long-decay/d64/a0.10] [plan iscas99__b15_1] [plan] step=133 node=N785 type=observe q_typed_reliable_context=2.339861 sequence=216.905011
[b15-long-decay/d64/a0.10] [plan iscas99__b15_1] [plan] step=134 node=N636 type=control1 q_typed_reliable_context=2.233301 sequence=219.138312
[b15-long-decay/d64/a0.10] [plan iscas99__b15_1] [plan] step=135 node=N616 type=control1 q_typed_reliable_context=2.152285 sequence=221.290597
[b15-long-decay/d64/a0.10] [plan iscas99__b15_1] [plan] step=136 node=N7424 type=control1 q_typed_reliable_context=1.236134 sequence=222.526731
[b15-long-decay/d64/a0.10] [plan iscas99__b15_1] [plan] step=137 node=N3295 type=control1 q_typed_reliable_context=1.334519 sequence=223.861250
[b15-long-decay/d64/a0.10] [plan iscas99__b15_1] [plan] step=138 node=N630 type=control1 q_typed_reliable_context=1.396803 sequence=225.258053
[b15-long-decay/d64/a0.10] [plan iscas99__b15_1] [plan] step=139 node=N642 type=control1 q_typed_reliable_context=1.230875 sequence=226.488928
[b15-long-decay/d64/a0.10] [plan iscas99__b15_1] [plan] step=140 node=N649 type=control1 q_typed_reliable_context=1.241768 sequence=227.730695
[b15-long-decay/d64/a0.10] [plan iscas99__b15_1] [plan] step=141 node=N1552 type=observe q_typed_reliable_context=1.498274 sequence=229.228969
[b15-long-decay/d64/a0.10] [plan iscas99__b15_1] [plan] step=142 node=N3467 type=control1 q_typed_reliable_context=0.935037 sequence=230.164006
[b15-long-decay/d64/a0.10] [plan iscas99__b15_1] [plan] step=143 node=N5867 type=observe q_typed_reliable_context=0.888360 sequence=231.052366
[b15-long-decay/d64/a0.10] [plan iscas99__b15_1] [plan] step=144 node=N694 type=observe q_typed_reliable_context=1.958444 sequence=233.010810
[b15-long-decay/d64/a0.10] [plan iscas99__b15_1] [plan] step=145 node=N647 type=control1 q_typed_reliable_context=6.960349 sequence=239.971159
[b15-long-decay/d64/a0.10] [plan iscas99__b15_1] [plan] step=146 node=N2040 type=observe q_typed_reliable_context=3.894133 sequence=243.865292
[b15-long-decay/d64/a0.10] [plan iscas99__b15_1] [plan] step=147 node=N1586 type=control1 q_typed_reliable_context=2.584108 sequence=246.449400
[b15-long-decay/d64/a0.10] [plan iscas99__b15_1] [plan] step=148 node=N7402 type=observe q_typed_reliable_context=4.027773 sequence=250.477174
[b15-long-decay/d64/a0.10] [plan iscas99__b15_1] [plan] step=149 node=N1607 type=control1 q_typed_reliable_context=1.906713 sequence=252.383887
[b15-long-decay/d64/a0.10] [plan iscas99__b15_1] [plan] step=150 node=N2102 type=observe q_typed_reliable_context=3.164665 sequence=255.548552
[b15-long-decay/d64/a0.10] [plan iscas99__b15_1] [plan] step=151 node=N7694 type=control0 q_typed_reliable_context=1.523376 sequence=257.071928
[b15-long-decay/d64/a0.10] [plan iscas99__b15_1] [plan] step=152 node=N7442 type=control0 q_typed_reliable_context=1.772758 sequence=258.844686
[b15-long-decay/d64/a0.10] [plan iscas99__b15_1] [plan] step=153 node=N3410 type=control1 q_typed_reliable_context=1.615638 sequence=260.460324
[b15-long-decay/d64/a0.10] [plan iscas99__b15_1] [plan] step=154 node=N3525 type=control1 q_typed_reliable_context=1.113771 sequence=261.574095
[b15-long-decay/d64/a0.10] [plan iscas99__b15_1] [plan] step=155 node=N7679 type=observe q_typed_reliable_context=1.110046 sequence=262.684140
[b15-long-decay/d64/a0.10] [plan iscas99__b15_1] [plan] step=156 node=N7421 type=control1 q_typed_reliable_context=5.608619 sequence=268.292760
[b15-long-decay/d64/a0.10] [plan iscas99__b15_1] [plan] step=157 node=N7628 type=observe q_typed_reliable_context=0.786841 sequence=269.079601
[b15-long-decay/d64/a0.10] [plan iscas99__b15_1] [plan] step=158 node=N2894 type=control1 q_typed_reliable_context=0.962032 sequence=270.041632
[b15-long-decay/d64/a0.10] [plan iscas99__b15_1] [plan] step=159 node=N2157 type=observe q_typed_reliable_context=1.783956 sequence=271.825588
[b15-long-decay/d64/a0.10] [plan iscas99__b15_1] [plan] step=160 node=N7465 type=observe q_typed_reliable_context=1.284616 sequence=273.110204
[b15-long-decay/d64/a0.10] [plan iscas99__b15_1] [plan] step=161 node=N2721 type=control1 q_typed_reliable_context=2.081800 sequence=275.192004
[b15-long-decay/d64/a0.10] [plan iscas99__b15_1] [plan] step=162 node=N2952 type=control1 q_typed_reliable_context=1.224062 sequence=276.416065
[b15-long-decay/d64/a0.10] [plan iscas99__b15_1] [plan] step=163 node=N7624 type=observe q_typed_reliable_context=1.031690 sequence=277.447756
[b15-long-decay/d64/a0.10] [plan iscas99__b15_1] [plan] step=164 node=N4521 type=observe q_typed_reliable_context=1.862280 sequence=279.310035
[b15-long-decay/d64/a0.10] [plan iscas99__b15_1] [plan] step=165 node=N6948 type=observe q_typed_reliable_context=2.398731 sequence=281.708766
[b15-long-decay/d64/a0.10] [plan iscas99__b15_1] [plan] step=166 node=N5627 type=observe q_typed_reliable_context=1.908287 sequence=283.617053
[b15-long-decay/d64/a0.10] [plan iscas99__b15_1] [plan] step=167 node=N5617 type=observe q_typed_reliable_context=2.422904 sequence=286.039957
[b15-long-decay/d64/a0.10] [plan iscas99__b15_1] [plan] step=168 node=N2106 type=observe q_typed_reliable_context=1.583645 sequence=287.623603
[b15-long-decay/d64/a0.10] [plan iscas99__b15_1] [plan] step=169 node=N6531 type=observe q_typed_reliable_context=4.896745 sequence=292.520348
[b15-long-decay/d64/a0.10] [plan iscas99__b15_1] [plan] step=170 node=N2652 type=control1 q_typed_reliable_context=4.924145 sequence=297.444493
[b15-long-decay/d64/a0.10] [plan iscas99__b15_1] [plan] step=171 node=N2149 type=observe q_typed_reliable_context=3.508819 sequence=300.953312
[b15-long-decay/d64/a0.10] [plan iscas99__b15_1] [plan] step=172 node=N7614 type=observe q_typed_reliable_context=4.558851 sequence=305.512163
[b15-long-decay/d64/a0.10] [plan iscas99__b15_1] [plan] step=173 node=N7436 type=observe q_typed_reliable_context=3.863443 sequence=309.375605
[b15-long-decay/d64/a0.10] [plan iscas99__b15_1] [plan] step=174 node=N2779 type=control1 q_typed_reliable_context=1.643024 sequence=311.018629
[b15-long-decay/d64/a0.10] [plan iscas99__b15_1] [plan] step=175 node=N723 type=observe q_typed_reliable_context=5.287056 sequence=316.305686
[b15-long-decay/d64/a0.10] [plan iscas99__b15_1] [plan] step=176 node=N712 type=observe q_typed_reliable_context=5.337117 sequence=321.642803
[b15-long-decay/d64/a0.10] [plan iscas99__b15_1] [plan] step=177 node=N5877 type=observe q_typed_reliable_context=4.294828 sequence=325.937631
[b15-long-decay/d64/a0.10] [plan iscas99__b15_1] [plan] step=178 node=N2580 type=control1 q_typed_reliable_context=1.554216 sequence=327.491847
[b15-long-decay/d64/a0.10] [plan iscas99__b15_1] [plan] step=179 node=N7385 type=observe q_typed_reliable_context=5.541869 sequence=333.033716
[b15-long-decay/d64/a0.10] [plan iscas99__b15_1] [plan] step=180 node=N725 type=observe q_typed_reliable_context=5.085013 sequence=338.118729
[b15-long-decay/d64/a0.10] [plan iscas99__b15_1] [plan] step=181 node=N4529 type=observe q_typed_reliable_context=3.709453 sequence=341.828182
[b15-long-decay/d64/a0.10] [plan iscas99__b15_1] [plan] step=182 node=N7681 type=observe q_typed_reliable_context=2.276742 sequence=344.104924
[b15-long-decay/d64/a0.10] [plan iscas99__b15_1] [plan] step=183 node=N7855 type=control0 q_typed_reliable_context=5.295529 sequence=349.400453
[b15-long-decay/d64/a0.10] [plan iscas99__b15_1] [plan] step=184 node=N7542 type=control0 q_typed_reliable_context=3.104136 sequence=352.504589
[b15-long-decay/d64/a0.10] [plan iscas99__b15_1] [plan] step=185 node=N8790 type=control1 q_typed_reliable_context=3.522903 sequence=356.027492
[b15-long-decay/d64/a0.10] [plan iscas99__b15_1] [plan] step=186 node=N2837 type=control1 q_typed_reliable_context=1.692684 sequence=357.720176
[b15-long-decay/d64/a0.10] [plan iscas99__b15_1] [plan] step=187 node=N8240 type=control1 q_typed_reliable_context=2.473124 sequence=360.193301
[b15-long-decay/d64/a0.10] [plan iscas99__b15_1] [plan] step=188 node=N8789 type=control1 q_typed_reliable_context=2.099045 sequence=362.292346
[b15-long-decay/d64/a0.10] [plan iscas99__b15_1] [plan] step=189 node=N8239 type=control1 q_typed_reliable_context=2.357581 sequence=364.649927
[b15-long-decay/d64/a0.10] [plan iscas99__b15_1] [plan] step=190 node=N8607 type=control1 q_typed_reliable_context=2.532408 sequence=367.182335
[b15-long-decay/d64/a0.10] [plan iscas99__b15_1] [plan] step=191 node=N3067 type=control1 q_typed_reliable_context=1.303746 sequence=368.486081
[b15-long-decay/d64/a0.10] [plan iscas99__b15_1] [plan] step=192 node=N6678 type=observe q_typed_reliable_context=0.762304 sequence=369.248385
[b15-long-decay/d64/a0.10] [plan iscas99__b15_1] [plan] step=193 node=N578 type=observe q_typed_reliable_context=3.171873 sequence=372.420258
[b15-long-decay/d64/a0.10] [plan iscas99__b15_1] [plan] step=194 node=N706 type=observe q_typed_reliable_context=2.817493 sequence=375.237750
[b15-long-decay/d64/a0.10] [plan iscas99__b15_1] [plan] step=195 node=N5873 type=observe q_typed_reliable_context=1.706431 sequence=376.944181
[b15-long-decay/d64/a0.10] [plan iscas99__b15_1] [plan] step=196 node=N5473 type=observe q_typed_reliable_context=2.230127 sequence=379.174308
[b15-long-decay/d64/a0.10] [plan iscas99__b15_1] [plan] step=197 node=N6688 type=observe q_typed_reliable_context=1.443994 sequence=380.618302
[b15-long-decay/d64/a0.10] [plan iscas99__b15_1] [plan] step=198 node=N652 type=control1 q_typed_reliable_context=2.417529 sequence=383.035831
[b15-long-decay/d64/a0.10] [plan iscas99__b15_1] [plan] step=199 node=N714 type=observe q_typed_reliable_context=3.188395 sequence=386.224226
[b15-long-decay/d64/a0.10] [plan iscas99__b15_1] [plan] step=200 node=N7453 type=observe q_typed_reliable_context=1.666430 sequence=387.890657
[b15-long-decay/d64/a0.10] [plan iscas99__b15_1] [plan] step=201 node=N7500 type=observe q_typed_reliable_context=1.069236 sequence=388.959892
[b15-long-decay/d64/a0.10] [plan iscas99__b15_1] [plan] step=202 node=N8238 type=control1 q_typed_reliable_context=1.419090 sequence=390.378983
[b15-long-decay/d64/a0.10] [plan iscas99__b15_1] [plan] step=203 node=N7401 type=observe q_typed_reliable_context=1.585675 sequence=391.964657
[b15-long-decay/d64/a0.10] [plan iscas99__b15_1] [plan] step=204 node=N5356 type=observe q_typed_reliable_context=1.158827 sequence=393.123484
[b15-long-decay/d64/a0.10] [plan iscas99__b15_1] [plan] step=205 node=N715 type=observe q_typed_reliable_context=1.871357 sequence=394.994841
[b15-long-decay/d64/a0.10] [plan iscas99__b15_1] [plan] step=206 node=N1951 type=observe q_typed_reliable_context=1.760538 sequence=396.755380
[b15-long-decay/d64/a0.10] [plan iscas99__b15_1] [plan] step=207 node=N6673 type=observe q_typed_reliable_context=2.552307 sequence=399.307687
[b15-long-decay/d64/a0.10] [plan iscas99__b15_1] [plan] step=208 node=N8606 type=control1 q_typed_reliable_context=2.937187 sequence=402.244874
[b15-long-decay/d64/a0.10] [plan iscas99__b15_1] [plan] step=209 node=N5879 type=observe q_typed_reliable_context=1.694849 sequence=403.939723
[b15-long-decay/d64/a0.10] [plan iscas99__b15_1] [plan] step=210 node=N3009 type=control1 q_typed_reliable_context=0.979738 sequence=404.919461
[b15-long-decay/d64/a0.10] [plan iscas99__b15_1] [plan] step=211 node=N902 type=control1 q_typed_reliable_context=1.805611 sequence=406.725071
[b15-long-decay/d64/a0.10] [plan iscas99__b15_1] [plan] step=212 node=N6573 type=observe q_typed_reliable_context=1.448757 sequence=408.173828
[b15-long-decay/d64/a0.10] [plan iscas99__b15_1] [plan] step=213 node=N5740 type=observe q_typed_reliable_context=1.220755 sequence=409.394583
[b15-long-decay/d64/a0.10] [plan iscas99__b15_1] [plan] step=214 node=N703 type=observe q_typed_reliable_context=1.189854 sequence=410.584437
[b15-long-decay/d64/a0.10] [plan iscas99__b15_1] [plan] step=215 node=N5725 type=observe q_typed_reliable_context=0.625742 sequence=411.210179
[b15-long-decay/d64/a0.10] [plan iscas99__b15_1] [plan] step=216 node=N8605 type=control1 q_typed_reliable_context=2.237425 sequence=413.447604
[b15-long-decay/d64/a0.10] [plan iscas99__b15_1] [plan] step=217 node=N8237 type=control1 q_typed_reliable_context=5.311415 sequence=418.759019
[b15-long-decay/d64/a0.10] [plan iscas99__b15_1] [plan] step=218 node=N8236 type=control1 q_typed_reliable_context=6.391232 sequence=425.150251
[b15-long-decay/d64/a0.10] [plan iscas99__b15_1] [plan] step=219 node=N515 type=control1 q_typed_reliable_context=6.463518 sequence=431.613769
[b15-long-decay/d64/a0.10] [plan iscas99__b15_1] [plan] step=220 node=N4551 type=observe q_typed_reliable_context=6.042649 sequence=437.656418
[b15-long-decay/d64/a0.10] [plan iscas99__b15_1] [plan] step=221 node=N679 type=observe q_typed_reliable_context=3.286142 sequence=440.942560
[b15-long-decay/d64/a0.10] [plan iscas99__b15_1] [plan] step=222 node=N719 type=observe q_typed_reliable_context=5.011502 sequence=445.954062
[b15-long-decay/d64/a0.10] [plan iscas99__b15_1] [plan] step=223 node=N705 type=observe q_typed_reliable_context=6.069655 sequence=452.023718
[b15-long-decay/d64/a0.10] [plan iscas99__b15_1] [plan] step=224 node=N6667 type=observe q_typed_reliable_context=6.510356 sequence=458.534074
[b15-long-decay/d64/a0.10] [plan iscas99__b15_1] [plan] step=225 node=N7439 type=observe q_typed_reliable_context=3.787283 sequence=462.321357
[b15-long-decay/d64/a0.10] [plan iscas99__b15_1] [plan] step=226 node=N734 type=observe q_typed_reliable_context=3.846553 sequence=466.167909
[b15-long-decay/d64/a0.10] [plan iscas99__b15_1] [plan] step=227 node=N5390 type=observe q_typed_reliable_context=6.376638 sequence=472.544547
[b15-long-decay/d64/a0.10] [plan iscas99__b15_1] [plan] step=228 node=N2151 type=observe q_typed_reliable_context=5.390192 sequence=477.934739
[b15-long-decay/d64/a0.10] [plan iscas99__b15_1] [plan] step=229 node=N4544 type=observe q_typed_reliable_context=4.824680 sequence=482.759419
[b15-long-decay/d64/a0.10] [plan iscas99__b15_1] [plan] step=230 node=N5422 type=observe q_typed_reliable_context=2.709354 sequence=485.468773
[b15-long-decay/d64/a0.10] [plan iscas99__b15_1] [plan] step=231 node=N7432 type=observe q_typed_reliable_context=5.678724 sequence=491.147497
[b15-long-decay/d64/a0.10] [plan iscas99__b15_1] [plan] step=232 node=N5202 type=observe q_typed_reliable_context=1.929574 sequence=493.077071
[b15-long-decay/d64/a0.10] [plan iscas99__b15_1] [plan] step=233 node=N1874 type=observe q_typed_reliable_context=4.983097 sequence=498.060168
[b15-long-decay/d64/a0.10] [plan iscas99__b15_1] [plan] step=234 node=N6581 type=observe q_typed_reliable_context=4.628940 sequence=502.689108
[b15-long-decay/d64/a0.10] [plan iscas99__b15_1] [plan] step=235 node=N4460 type=control0 q_typed_reliable_context=4.755787 sequence=507.444895
[b15-long-decay/d64/a0.10] [plan iscas99__b15_1] [plan] step=236 node=N5334 type=observe q_typed_reliable_context=4.238786 sequence=511.683682
[b15-long-decay/d64/a0.10] [plan iscas99__b15_1] [plan] step=237 node=N7380 type=observe q_typed_reliable_context=6.315388 sequence=517.999070
[b15-long-decay/d64/a0.10] [plan iscas99__b15_1] [plan] step=238 node=N1351 type=observe q_typed_reliable_context=5.147416 sequence=523.146486
[b15-long-decay/d64/a0.10] [plan iscas99__b15_1] [plan] step=239 node=N4497 type=observe q_typed_reliable_context=2.068207 sequence=525.214694
[b15-long-decay/d64/a0.10] [plan iscas99__b15_1] [plan] step=240 node=N5456 type=observe q_typed_reliable_context=3.848062 sequence=529.062756
[b15-long-decay/d64/a0.10] [plan iscas99__b15_1] [plan] step=241 node=N6660 type=observe q_typed_reliable_context=6.082648 sequence=535.145404
[b15-long-decay/d64/a0.10] [plan iscas99__b15_1] [plan] step=242 node=N2159 type=observe q_typed_reliable_context=5.554664 sequence=540.700069
[b15-long-decay/d64/a0.10] [plan iscas99__b15_1] [plan] step=243 node=N699 type=observe q_typed_reliable_context=3.565264 sequence=544.265333
[b15-long-decay/d64/a0.10] [plan iscas99__b15_1] [plan] step=244 node=N6932 type=observe q_typed_reliable_context=2.577210 sequence=546.842543
[b15-long-decay/d64/a0.10] [plan iscas99__b15_1] [plan] step=245 node=N4421 type=control0 q_typed_reliable_context=4.735229 sequence=551.577772
[b15-long-decay/d64/a0.10] [plan iscas99__b15_1] [plan] step=246 node=N8235 type=control1 q_typed_reliable_context=6.376306 sequence=557.954079
[b15-long-decay/d64/a0.10] [plan iscas99__b15_1] [plan] step=247 node=N5439 type=observe q_typed_reliable_context=6.173288 sequence=564.127366
[b15-long-decay/d64/a0.10] [plan iscas99__b15_1] [plan] step=248 node=N7383 type=observe q_typed_reliable_context=6.212079 sequence=570.339445
[b15-long-decay/d64/a0.10] [plan iscas99__b15_1] [plan] step=249 node=N708 type=observe q_typed_reliable_context=1.165556 sequence=571.505001
[b15-long-decay/d64/a0.10] [plan iscas99__b15_1] [plan] step=250 node=N4505 type=observe q_typed_reliable_context=0.817308 sequence=572.322310
[b15-long-decay/d64/a0.10] [plan iscas99__b15_1] [plan] step=251 node=N4532 type=control0 q_typed_reliable_context=1.416317 sequence=573.738627
[b15-long-decay/d64/a0.10] [plan iscas99__b15_1] [plan] step=252 node=N5373 type=observe q_typed_reliable_context=0.787919 sequence=574.526545
[b15-long-decay/d64/a0.10] [plan iscas99__b15_1] [plan] step=253 node=N4442 type=control0 q_typed_reliable_context=5.693024 sequence=580.219570
[b15-long-decay/d64/a0.10] [plan iscas99__b15_1] [plan] step=254 node=N6656 type=observe q_typed_reliable_context=3.994441 sequence=584.214011
[b15-long-decay/d64/a0.10] [plan iscas99__b15_1] [plan] step=255 node=N686 type=observe q_typed_reliable_context=5.863822 sequence=590.077832
[b15-long-decay/d64/a0.10] [plan iscas99__b15_1] [plan] step=256 node=N4469 type=control0 q_typed_reliable_context=1.744653 sequence=591.822486
[b15-long-decay/d64/a0.10] [plan iscas99__b15_1] [plan] step=257 node=N729 type=observe q_typed_reliable_context=5.569132 sequence=597.391618
[b15-long-decay/d64/a0.10] [plan iscas99__b15_1] [plan] step=258 node=N2181 type=observe q_typed_reliable_context=4.636568 sequence=602.028186
[b15-long-decay/d64/a0.10] [plan iscas99__b15_1] [plan] step=259 node=N7720 type=control0 q_typed_reliable_context=4.673018 sequence=606.701204
[b15-long-decay/d64/a0.10] [plan iscas99__b15_1] [plan] step=260 node=N8234 type=control1 q_typed_reliable_context=6.503492 sequence=613.204696
[b15-long-decay/d64/a0.10] [plan iscas99__b15_1] [plan] step=261 node=N6593 type=control1 q_typed_reliable_context=4.007216 sequence=617.211912
[b15-long-decay/d64/a0.10] [plan iscas99__b15_1] [plan] step=262 node=N8783 type=control1 q_typed_reliable_context=2.592008 sequence=619.803920
[b15-long-decay/d64/a0.10] [plan iscas99__b15_1] [plan] step=263 node=N8233 type=control1 q_typed_reliable_context=4.905422 sequence=624.709342
[b15-long-decay/d64/a0.10] [plan iscas99__b15_1] [plan] step=264 node=N6685 type=observe q_typed_reliable_context=2.690987 sequence=627.400329
[b15-long-decay/d64/a0.10] [plan iscas99__b15_1] [plan] step=265 node=N763 type=observe q_typed_reliable_context=5.472634 sequence=632.872963
[b15-long-decay/d64/a0.10] [plan iscas99__b15_1] [plan] step=266 node=N539 type=observe q_typed_reliable_context=4.009777 sequence=636.882740
[b15-long-decay/d64/a0.10] [plan iscas99__b15_1] [plan] step=267 node=N1854 type=observe q_typed_reliable_context=6.548741 sequence=643.431481
[b15-long-decay/d64/a0.10] [plan iscas99__b15_1] [plan] step=268 node=N6743 type=control1 q_typed_reliable_context=1.454795 sequence=644.886276
[b15-long-decay/d64/a0.10] [plan iscas99__b15_1] [plan] step=269 node=N7512 type=observe q_typed_reliable_context=0.953151 sequence=645.839426
[b15-long-decay/d64/a0.10] [plan iscas99__b15_1] [plan] step=270 node=N8608 type=control1 q_typed_reliable_context=5.894347 sequence=651.733774
[b15-long-decay/d64/a0.10] [plan iscas99__b15_1] [plan] step=271 node=N1688 type=observe q_typed_reliable_context=0.590642 sequence=652.324416
[b15-long-decay/d64/a0.10] [plan iscas99__b15_1] [plan] step=272 node=N1598 type=observe q_typed_reliable_context=0.486885 sequence=652.811301
[b15-long-decay/d64/a0.10] [plan iscas99__b15_1] [plan] step=273 node=N7381 type=observe q_typed_reliable_context=5.764644 sequence=658.575945
[b15-long-decay/d64/a0.10] [plan iscas99__b15_1] [plan] step=274 node=N684 type=observe q_typed_reliable_context=0.826085 sequence=659.402030
[b15-long-decay/d64/a0.10] [plan iscas99__b15_1] [plan] step=275 node=N4513 type=observe q_typed_reliable_context=5.964824 sequence=665.366853
[b15-long-decay/d64/a0.10] [plan iscas99__b15_1] [plan] step=276 node=N898 type=observe q_typed_reliable_context=1.256422 sequence=666.623275
[b15-long-decay/d64/a0.10] [plan iscas99__b15_1] [plan] step=277 node=N545 type=observe q_typed_reliable_context=5.527474 sequence=672.150750
[b15-long-decay/d64/a0.10] [plan iscas99__b15_1] [plan] step=278 node=N696 type=observe q_typed_reliable_context=8.065723 sequence=680.216473
[b15-long-decay/d64/a0.10] [plan iscas99__b15_1] saved=autoresearch/loop-260720-0945/model_training_round7/b15_selection/long_decay/decay_64/alpha_0p10/plans/iscas99__b15_1__greedy__cumulative__q_typed_reliable_context__bw1__d1__c64__g1p0__candhard_fault_cluster__div0p0__s0.csv
[b15-long-decay/d64/a0.10] [gmean] 2026-07-21T14:40:52 [1/1] plan_done benchmark=iscas99__b15_1 plan_sec=215.334 plan_csv=autoresearch/loop-260720-0945/model_training_round7/b15_selection/long_decay/decay_64/alpha_0p10/plans/iscas99__b15_1__greedy__cumulative__q_typed_reliable_context__bw1__d1__c64__g1p0__candhard_fault_cluster__div0p0__s0.csv
[b15-long-decay/d64/a0.10] [gmean] 2026-07-21T14:40:52 [1/1] eval_start benchmark=iscas99__b15_1 backend=atalanta-bist patterns=300000
[b15-long-decay/d64/a0.10] [eval iscas99__b15_1] {
[b15-long-decay/d64/a0.10] [eval iscas99__b15_1]   "records": 2,
[b15-long-decay/d64/a0.10] [eval iscas99__b15_1]   "labels_csv": "autoresearch/loop-260720-0945/model_training_round7/b15_selection/long_decay/decay_64/alpha_0p10/evals/iscas99__b15_1__greedy__cumulative__q_typed_reliable_context__bw1__d1__c64__g1p0__candhard_fault_cluster__div0p0__s0/labels.csv",
[b15-long-decay/d64/a0.10] [eval iscas99__b15_1]   "summary_json": "autoresearch/loop-260720-0945/model_training_round7/b15_selection/long_decay/decay_64/alpha_0p10/evals/iscas99__b15_1__greedy__cumulative__q_typed_reliable_context__bw1__d1__c64__g1p0__candhard_fault_cluster__div0p0__s0/summary.json"
[b15-long-decay/d64/a0.10] [eval iscas99__b15_1] }
[b15-long-decay/d64/a0.10] [gmean] 2026-07-21T14:41:00 [1/1] eval_done benchmark=iscas99__b15_1 delta_tc=0.12351000000000001 plan_sec=215.334 eval_sec=7.947 total_sec=223.295
[b15-long-decay/d64/a0.10] [gmean] 2026-07-21T14:41:00 variant_done id=greedy__cumulative__q_typed_reliable_context__bw1__d1__c64__g1p0__candhard_fault_cluster__div0p0__s0 status=ok macro=0.12351000000000001 positives=1 negatives=0 elapsed=223.296
