__tpi_not_test_en->__tpi_cp_41___aig_not_9165 /1 undetected
test_en->__tpi_cp_72___aig_and_9162 /0 undetected
__tpi_not_test_en->__tpi_cp_40___aig_not_9159 /1 undetected
__tpi_not_test_en->__tpi_cp_46___aig_not_9155 /1 undetected
__tpi_not_test_en->__tpi_cp_37___aig_not_9151 /1 undetected
test_en->__tpi_cp_96_new_n668 /0 undetected
__tpi_not_test_en->__tpi_cp_63___aig_and_9098 /1 undetected
__tpi_not_test_en->__tpi_cp_62___aig_and_9094 /1 undetected
__tpi_not_test_en->__tpi_cp_61___aig_and_9086 /1 undetected
__tpi_not_test_en->__tpi_cp_69_new_n628 /1 undetected
__tpi_not_test_en->__tpi_cp_14___aig_not_9073 /1 undetected
__tpi_not_test_en->__tpi_cp_65___aig_and_9070 /1 undetected
__aig_not_9067 /1 undetected
__aig_not_9065 /1 undetected
new_n596->__tpi_cp_11_new_n596 /0 undetected
test_en->__tpi_cp_11_new_n596 /0 undetected
__tpi_not_test_en->__tpi_cp_88___aig_not_646 /1 undetected
__tpi_not_test_en->__tpi_cp_85___aig_not_628 /1 undetected
__tpi_not_test_en->__tpi_cp_82___aig_not_610 /1 undetected
__tpi_not_test_en->__tpi_cp_83___aig_not_592 /1 undetected
__tpi_not_test_en->__tpi_cp_81___aig_not_574 /1 undetected
__tpi_not_test_en->__tpi_cp_80___aig_not_556 /1 undetected
__tpi_not_test_en->__tpi_cp_84___aig_not_538 /1 undetected
__tpi_not_test_en->__tpi_cp_79___aig_not_520 /1 undetected
__tpi_not_test_en->__tpi_cp_78___aig_not_502 /1 undetected
__tpi_not_test_en->__tpi_cp_87___aig_not_682 /1 undetected
__tpi_not_test_en->__tpi_cp_86___aig_not_664 /1 undetected
__tpi_not_test_en->__tpi_cp_71___aig_and_512 /1 undetected
test_en->__tpi_cp_0_new_n683 /0 undetected
__tpi_not_test_en->__tpi_cp_12___aig_not_673 /1 undetected
__tpi_not_test_en->__tpi_cp_75___aig_not_619 /1 undetected
__tpi_not_test_en->__tpi_cp_76___aig_not_601 /1 undetected
__tpi_not_test_en->__tpi_cp_73___aig_not_565 /1 undetected
__tpi_not_test_en->__tpi_cp_70___aig_and_530 /1 undetected
__tpi_not_test_en->__tpi_cp_66___buf_split_502 /1 undetected
test_en->__tpi_cp_107___aig_and_642 /0 undetected
__tpi_not_test_en->__tpi_cp_53___aig_not_641 /1 undetected
__tpi_not_test_en->__tpi_cp_29___aig_not_643 /1 undetected
test_en->__tpi_cp_108___aig_and_624 /0 undetected
__tpi_not_test_en->__tpi_cp_52___aig_not_623 /1 undetected
__tpi_not_test_en->__tpi_cp_32___aig_not_625 /1 undetected
__tpi_not_test_en->__tpi_cp_13___aig_not_608 /1 undetected
__tpi_not_test_en->__tpi_cp_64___buf_split_437 /1 undetected
test_en->__tpi_cp_113___buf_split_439 /0 undetected
test_en->__tpi_cp_109___aig_and_588 /0 undetected
__tpi_not_test_en->__tpi_cp_51___aig_not_587 /1 undetected
__tpi_not_test_en->__tpi_cp_34___aig_not_589 /1 undetected
test_en->__tpi_cp_111___aig_and_570 /0 undetected
__tpi_not_test_en->__tpi_cp_50___aig_not_569 /1 undetected
__tpi_not_test_en->__tpi_cp_33___aig_not_571 /1 undetected
test_en->__tpi_cp_112___aig_and_552 /0 undetected
__tpi_not_test_en->__tpi_cp_49___aig_not_551 /1 undetected
__tpi_not_test_en->__tpi_cp_21___aig_not_553 /1 undetected
test_en->__tpi_cp_110___aig_and_534 /0 undetected
__tpi_not_test_en->__tpi_cp_48___aig_not_533 /1 undetected
__tpi_not_test_en->__tpi_cp_36___aig_not_535 /1 undetected
test_en->__tpi_cp_106___aig_and_516 /0 undetected
__tpi_not_test_en->__tpi_cp_56___aig_not_515 /1 undetected
__tpi_not_test_en->__tpi_cp_38___aig_not_517 /1 undetected
test_en->__tpi_cp_105___aig_and_498 /0 undetected
__tpi_not_test_en->__tpi_cp_47___aig_not_497 /1 undetected
__tpi_not_test_en->__tpi_cp_31___aig_not_499 /1 undetected
__tpi_not_test_en->__tpi_cp_55___aig_not_677 /1 undetected
__tpi_not_test_en->__tpi_cp_54___aig_not_659 /1 undetected
__tpi_not_test_en->__tpi_cp_102___aig_not_650 /1 undetected
__tpi_not_test_en->__tpi_cp_100___aig_not_578 /1 undetected
__tpi_not_test_en->__tpi_cp_89___aig_not_542 /1 undetected
__tpi_not_test_en->__tpi_cp_90___aig_not_506 /1 undetected
__tpi_not_test_en->__tpi_cp_103___buf_split_353 /1 undetected
