[plan] torch_deterministic=true
[plan] candidate_allowlist=autoresearch/original-netlist-recovery-260712/exact_itc99/b15_C/exact_candidate_nodes.txt nodes=7918
[plan] latent_norm_clip_ratio=4 latent_norm_limit=30.875631
[plan] step=1 node=N762 type=control1 typed_marginal_pred=0.730398 sequence=0.730398
[plan] step=2 node=N502 type=control1 typed_marginal_pred=0.776258 sequence=1.506656
[plan] step=3 node=N662 type=control1 typed_marginal_pred=0.853688 sequence=2.360344
[plan] step=4 node=N587 type=control1 typed_marginal_pred=0.936403 sequence=3.296747
[plan] step=5 node=N893 type=control1 typed_marginal_pred=0.949558 sequence=4.246305
[plan] step=6 node=N5203 type=control1 typed_marginal_pred=0.884808 sequence=5.131114
[plan] step=7 node=N5876 type=observe typed_marginal_pred=0.773673 sequence=5.904786
[plan] step=8 node=N724 type=observe typed_marginal_pred=0.944066 sequence=6.848853
[plan] step=9 node=N564 type=control1 typed_marginal_pred=0.832263 sequence=7.681115
[plan] step=10 node=N5605 type=control1 typed_marginal_pred=0.781711 sequence=8.462826
[plan] step=11 node=N1853 type=observe typed_marginal_pred=0.796018 sequence=9.258844
[plan] step=12 node=N3644 type=control0 typed_marginal_pred=0.737579 sequence=9.996423
[plan] step=13 node=N5723 type=control0 typed_marginal_pred=0.687620 sequence=10.684043
[plan] step=14 node=N2153 type=observe typed_marginal_pred=0.697393 sequence=11.381436
[plan] step=15 node=N3701 type=control0 typed_marginal_pred=0.702741 sequence=12.084176
[plan] step=16 node=N3889 type=control0 typed_marginal_pred=0.674721 sequence=12.758897
[plan] step=17 node=N7536 type=observe typed_marginal_pred=0.679224 sequence=13.438121
[plan] step=18 node=N2314 type=control1 typed_marginal_pred=0.756678 sequence=14.194799
[plan] step=19 node=N1860 type=observe typed_marginal_pred=0.753744 sequence=14.948543
[plan] step=20 node=N3911 type=control0 typed_marginal_pred=0.746541 sequence=15.695085
[plan] step=21 node=N3904 type=control0 typed_marginal_pred=0.741380 sequence=16.436465
[plan] step=22 node=N3897 type=control0 typed_marginal_pred=0.758895 sequence=17.195360
[plan] step=23 node=N1879 type=observe typed_marginal_pred=0.783681 sequence=17.979042
[plan] step=24 node=N3882 type=control0 typed_marginal_pred=0.839844 sequence=18.818886
[plan] step=25 node=N4520 type=control0 typed_marginal_pred=0.864799 sequence=19.683685
[plan] step=26 node=N3862 type=control0 typed_marginal_pred=0.863220 sequence=20.546905
[plan] step=27 node=N3855 type=control0 typed_marginal_pred=0.856677 sequence=21.403582
[plan] step=28 node=N4564 type=control0 typed_marginal_pred=0.835175 sequence=22.238757
[plan] step=29 node=N3848 type=control0 typed_marginal_pred=0.834590 sequence=23.073347
[plan] step=30 node=N4578 type=control0 typed_marginal_pred=0.815258 sequence=23.888605
[plan] step=31 node=N3841 type=control0 typed_marginal_pred=0.790537 sequence=24.679142
[plan] step=32 node=N4606 type=control0 typed_marginal_pred=0.778751 sequence=25.457893
[plan] step=33 node=N3756 type=control0 typed_marginal_pred=0.756514 sequence=26.214407
[plan] step=34 node=N4585 type=control0 typed_marginal_pred=0.744941 sequence=26.959347
[plan] step=35 node=N4557 type=control0 typed_marginal_pred=0.737248 sequence=27.696595
[plan] step=36 node=N4635 type=control0 typed_marginal_pred=0.745802 sequence=28.442397
[plan] step=37 node=N582 type=control1 typed_marginal_pred=0.769593 sequence=29.211990
[plan] step=38 node=N4649 type=control0 typed_marginal_pred=0.789130 sequence=30.001121
[plan] step=39 node=N7511 type=control1 typed_marginal_pred=0.738374 sequence=30.739495
[plan] step=40 node=N1598 type=observe typed_marginal_pred=0.737173 sequence=31.476667
[plan] step=41 node=N761 type=control1 typed_marginal_pred=0.742075 sequence=32.218742
[plan] step=42 node=N496 type=control1 typed_marginal_pred=0.707741 sequence=32.926483
[plan] step=43 node=N580 type=control1 typed_marginal_pred=0.695616 sequence=33.622098
[plan] step=44 node=N3827 type=control0 typed_marginal_pred=0.681695 sequence=34.303793
[plan] step=45 node=N3820 type=control0 typed_marginal_pred=0.652626 sequence=34.956419
[plan] step=46 node=N3813 type=control0 typed_marginal_pred=0.617492 sequence=35.573911
[plan] step=47 node=N3785 type=control0 typed_marginal_pred=0.589386 sequence=36.163297
[plan] step=48 node=N3805 type=control0 typed_marginal_pred=0.564793 sequence=36.728090
[plan] step=49 node=N4628 type=control0 typed_marginal_pred=0.546910 sequence=37.275001
[plan] step=50 node=N3799 type=control0 typed_marginal_pred=0.523943 sequence=37.798944
[plan] step=51 node=N4621 type=control0 typed_marginal_pred=0.510113 sequence=38.309057
[plan] step=52 node=N3792 type=control0 typed_marginal_pred=0.497095 sequence=38.806152
[plan] step=53 node=N3742 type=control0 typed_marginal_pred=0.485568 sequence=39.291720
[plan] step=54 node=N3722 type=control0 typed_marginal_pred=0.498236 sequence=39.789956
[plan] step=55 node=N7526 type=control1 typed_marginal_pred=0.482490 sequence=40.272446
[plan] step=56 node=N2075 type=observe typed_marginal_pred=0.603610 sequence=40.876055
[plan] step=57 node=N2157 type=observe typed_marginal_pred=0.678286 sequence=41.554342
[plan] step=58 node=N7388 type=observe typed_marginal_pred=0.704768 sequence=42.259110
[plan] step=59 node=N2101 type=observe typed_marginal_pred=0.730449 sequence=42.989559
[plan] step=60 node=N4712 type=control0 typed_marginal_pred=0.686335 sequence=43.675894
[plan] step=61 node=N2008 type=observe typed_marginal_pred=0.559150 sequence=44.235045
[plan] step=62 node=N7471 type=control0 typed_marginal_pred=0.522314 sequence=44.757359
[plan] step=63 node=N5867 type=observe typed_marginal_pred=0.449351 sequence=45.206710
[plan] step=64 node=N7587 type=control1 typed_marginal_pred=0.435430 sequence=45.642139
[plan] step=65 node=N7411 type=control1 typed_marginal_pred=0.422463 sequence=46.064603
[plan] step=66 node=N7724 type=control0 typed_marginal_pred=0.434215 sequence=46.498818
[plan] step=67 node=N7451 type=control0 typed_marginal_pred=0.442754 sequence=46.941572
[plan] step=68 node=N1688 type=observe typed_marginal_pred=0.510154 sequence=47.451726
[plan] step=69 node=N2149 type=observe typed_marginal_pred=0.586530 sequence=48.038256
[plan] step=70 node=N2102 type=observe typed_marginal_pred=0.634678 sequence=48.672934
[plan] step=71 node=N4705 type=control0 typed_marginal_pred=0.547209 sequence=49.220143
[plan] step=72 node=N752 type=observe typed_marginal_pred=0.595662 sequence=49.815805
[plan] step=73 node=N4698 type=control0 typed_marginal_pred=0.541416 sequence=50.357221
[plan] step=74 node=N3840 type=control0 typed_marginal_pred=0.534492 sequence=50.891713
[plan] step=75 node=N4691 type=control0 typed_marginal_pred=0.444553 sequence=51.336266
[plan] step=76 node=N3896 type=control0 typed_marginal_pred=0.472529 sequence=51.808794
[plan] step=77 node=N3903 type=control0 typed_marginal_pred=0.456083 sequence=52.264878
[plan] step=78 node=N7413 type=control1 typed_marginal_pred=0.392119 sequence=52.656997
[plan] step=79 node=N7590 type=control1 typed_marginal_pred=0.362321 sequence=53.019318
[plan] step=80 node=N7613 type=observe typed_marginal_pred=0.375272 sequence=53.394590
[plan] step=81 node=N4684 type=control0 typed_marginal_pred=0.367970 sequence=53.762560
[plan] step=82 node=N3682 type=control0 typed_marginal_pred=0.435802 sequence=54.198361
[plan] step=83 node=N7880 type=control1 typed_marginal_pred=0.326015 sequence=54.524377
[plan] step=84 node=N7881 type=control1 typed_marginal_pred=0.309577 sequence=54.833953
[plan] step=85 node=N7882 type=control1 typed_marginal_pred=0.296854 sequence=55.130807
[plan] step=86 node=N7883 type=control1 typed_marginal_pred=0.289292 sequence=55.420099
[plan] step=87 node=N7884 type=control1 typed_marginal_pred=0.281994 sequence=55.702092
[plan] step=88 node=N7885 type=control1 typed_marginal_pred=0.275607 sequence=55.977699
[plan] step=89 node=N7401 type=observe typed_marginal_pred=0.410349 sequence=56.388048
[plan] step=90 node=N4716 type=control0 typed_marginal_pred=0.331006 sequence=56.719054
[plan] step=91 node=N7736 type=control0 typed_marginal_pred=0.358789 sequence=57.077843
[plan] step=92 node=N7731 type=control0 typed_marginal_pred=0.338627 sequence=57.416470
[plan] step=93 node=N7732 type=control0 typed_marginal_pred=0.336990 sequence=57.753460
[plan] step=94 node=N7733 type=control0 typed_marginal_pred=0.338331 sequence=58.091790
[plan] step=95 node=N7734 type=control0 typed_marginal_pred=0.340426 sequence=58.432217
[plan] step=96 node=N1411 type=control0 typed_marginal_pred=0.450655 sequence=58.882872
[plan] step=97 node=N7735 type=control0 typed_marginal_pred=0.496578 sequence=59.379450
[plan] step=98 node=N7875 type=control1 typed_marginal_pred=0.491684 sequence=59.871135
[plan] step=99 node=N7408 type=control0 typed_marginal_pred=0.525148 sequence=60.396283
[plan] step=100 node=N7541 type=control0 typed_marginal_pred=0.528465 sequence=60.924748
[plan] step=101 node=N2580 type=control1 typed_marginal_pred=0.502997 sequence=61.427745
[plan] step=102 node=N7874 type=control1 typed_marginal_pred=0.488966 sequence=61.916710
[plan] step=103 node=N2155 type=observe typed_marginal_pred=0.611835 sequence=62.528545
[plan] step=104 node=N2106 type=observe typed_marginal_pred=0.539843 sequence=63.068388
[plan] step=105 node=N7820 type=control0 typed_marginal_pred=0.514576 sequence=63.582963
[plan] step=106 node=N7588 type=control1 typed_marginal_pred=0.514816 sequence=64.097779
[plan] step=107 node=N1987 type=observe typed_marginal_pred=0.549910 sequence=64.647689
[plan] step=108 node=N8003 type=control0 typed_marginal_pred=0.511837 sequence=65.159526
[plan] step=109 node=N8005 type=control0 typed_marginal_pred=0.489030 sequence=65.648556
[plan] step=110 node=N6669 type=control1 typed_marginal_pred=0.474172 sequence=66.122728
[plan] step=111 node=N712 type=observe typed_marginal_pred=0.676906 sequence=66.799634
[plan] step=112 node=N763 type=observe typed_marginal_pred=0.708117 sequence=67.507751
[plan] step=113 node=N8009 type=control0 typed_marginal_pred=0.624411 sequence=68.132162
[plan] step=114 node=N8011 type=control0 typed_marginal_pred=0.691023 sequence=68.823186
[plan] step=115 node=N8013 type=control0 typed_marginal_pred=0.783912 sequence=69.607097
[plan] step=116 node=N8015 type=control0 typed_marginal_pred=0.843201 sequence=70.450299
[plan] step=117 node=N8017 type=control0 typed_marginal_pred=0.853826 sequence=71.304125
[plan] step=118 node=N8019 type=control0 typed_marginal_pred=0.851026 sequence=72.155151
[plan] step=119 node=N5878 type=observe typed_marginal_pred=0.754279 sequence=72.909430
[plan] step=120 node=N8021 type=control0 typed_marginal_pred=0.712085 sequence=73.621515
[plan] step=121 node=N4614 type=observe typed_marginal_pred=0.724278 sequence=74.345793
[plan] step=122 node=N723 type=observe typed_marginal_pred=0.833414 sequence=75.179207
[plan] step=123 node=N7402 type=observe typed_marginal_pred=0.897303 sequence=76.076509
[plan] step=124 node=N715 type=observe typed_marginal_pred=0.928124 sequence=77.004633
[plan] step=125 node=N4677 type=control0 typed_marginal_pred=0.850457 sequence=77.855091
[plan] step=126 node=N8023 type=control0 typed_marginal_pred=0.876366 sequence=78.731456
[plan] step=127 node=N8027 type=control0 typed_marginal_pred=0.908618 sequence=79.640075
[plan] step=128 node=N8036 type=control0 typed_marginal_pred=0.956316 sequence=80.596391
[plan] step=129 node=N5874 type=observe typed_marginal_pred=1.047766 sequence=81.644156
[plan] step=130 node=N7721 type=control0 typed_marginal_pred=0.918662 sequence=82.562818
[plan] step=131 node=N8038 type=control0 typed_marginal_pred=0.825731 sequence=83.388549
[plan] step=132 node=N8040 type=control0 typed_marginal_pred=0.954043 sequence=84.342593
[plan] step=133 node=N8044 type=control0 typed_marginal_pred=0.949931 sequence=85.292524
[plan] step=134 node=N1372 type=observe typed_marginal_pred=0.913967 sequence=86.206490
[plan] step=135 node=N8046 type=control0 typed_marginal_pred=0.901972 sequence=87.108463
[plan] step=136 node=N1532 type=observe typed_marginal_pred=0.993996 sequence=88.102459
[plan] step=137 node=N7694 type=control0 typed_marginal_pred=0.917291 sequence=89.019750
[plan] step=138 node=N7454 type=observe typed_marginal_pred=0.874700 sequence=89.894450
[plan] step=139 node=N725 type=observe typed_marginal_pred=0.875272 sequence=90.769722
[plan] step=140 node=N754 type=observe typed_marginal_pred=0.917346 sequence=91.687068
[plan] step=141 node=N2151 type=observe typed_marginal_pred=0.941117 sequence=92.628185
[plan] step=142 node=N7385 type=observe typed_marginal_pred=0.951714 sequence=93.579899
[plan] step=143 node=N722 type=observe typed_marginal_pred=1.000331 sequence=94.580230
[plan] step=144 node=N753 type=observe typed_marginal_pred=1.092007 sequence=95.672237
[plan] step=145 node=N714 type=observe typed_marginal_pred=1.069884 sequence=96.742121
[plan] step=146 node=N8025 type=control0 typed_marginal_pred=0.976879 sequence=97.719000
[plan] step=147 node=N510 type=control1 typed_marginal_pred=0.932481 sequence=98.651480
[plan] step=148 node=N3352 type=control1 typed_marginal_pred=0.823541 sequence=99.475022
[plan] step=149 node=N1437 type=observe typed_marginal_pred=0.797171 sequence=100.272193
[plan] step=150 node=N2360 type=observe typed_marginal_pred=0.719078 sequence=100.991270
[plan] step=151 node=N5356 type=observe typed_marginal_pred=0.691839 sequence=101.683109
[plan] step=152 node=N706 type=observe typed_marginal_pred=0.818515 sequence=102.501624
[plan] step=153 node=N7696 type=control0 typed_marginal_pred=0.843119 sequence=103.344743
[plan] step=154 node=N7436 type=observe typed_marginal_pred=0.895960 sequence=104.240703
[plan] step=155 node=N8052 type=control0 typed_marginal_pred=0.941988 sequence=105.182691
[plan] step=156 node=N620 type=control1 typed_marginal_pred=0.946321 sequence=106.129012
[plan] step=157 node=N7698 type=control0 typed_marginal_pred=0.946386 sequence=107.075398
[plan] step=158 node=N7442 type=control0 typed_marginal_pred=0.985512 sequence=108.060910
[plan] step=159 node=N7445 type=control0 typed_marginal_pred=1.099175 sequence=109.160085
[plan] step=160 node=N771 type=observe typed_marginal_pred=1.182805 sequence=110.342890
[plan] step=161 node=N7441 type=control0 typed_marginal_pred=1.072365 sequence=111.415255
[plan] step=162 node=N4670 type=control0 typed_marginal_pred=1.099338 sequence=112.514593
[plan] step=163 node=N578 type=observe typed_marginal_pred=1.233176 sequence=113.747770
[plan] step=164 node=N4460 type=control0 typed_marginal_pred=1.139725 sequence=114.887495
[plan] step=165 node=N7700 type=control0 typed_marginal_pred=0.950211 sequence=115.837706
[plan] step=166 node=N764 type=observe typed_marginal_pred=0.980739 sequence=116.818446
[plan] step=167 node=N705 type=observe typed_marginal_pred=0.915111 sequence=117.733557
[plan] step=168 node=N734 type=observe typed_marginal_pred=0.853638 sequence=118.587194
[plan] step=169 node=N7405 type=observe typed_marginal_pred=1.200029 sequence=119.787223
[plan] step=170 node=N719 type=observe typed_marginal_pred=0.945163 sequence=120.732386
[plan] step=171 node=N703 type=observe typed_marginal_pred=0.866055 sequence=121.598440
[plan] step=172 node=N4173 type=control0 typed_marginal_pred=0.738764 sequence=122.337205
[plan] step=173 node=N4421 type=control0 typed_marginal_pred=0.643255 sequence=122.980459
[plan] step=174 node=N8273 type=control0 typed_marginal_pred=0.581266 sequence=123.561725
[plan] step=175 node=N4367 type=control0 typed_marginal_pred=0.534000 sequence=124.095726
[plan] step=176 node=N4532 type=control0 typed_marginal_pred=0.486923 sequence=124.582649
[plan] step=177 node=N4442 type=control0 typed_marginal_pred=0.426781 sequence=125.009430
[plan] step=178 node=N638 type=control1 typed_marginal_pred=0.388328 sequence=125.397757
[plan] step=179 node=N765 type=observe typed_marginal_pred=0.338017 sequence=125.735774
[plan] step=180 node=N5202 type=observe typed_marginal_pred=0.582474 sequence=126.318248
[plan] step=181 node=N1351 type=observe typed_marginal_pred=0.610322 sequence=126.928570
[plan] step=182 node=N2079 type=observe typed_marginal_pred=0.539501 sequence=127.468071
[plan] step=183 node=N2081 type=observe typed_marginal_pred=0.492980 sequence=127.961051
[plan] step=184 node=N5740 type=observe typed_marginal_pred=0.487547 sequence=128.448599
[plan] step=185 node=N5473 type=observe typed_marginal_pred=0.474728 sequence=128.923327
[plan] step=186 node=N5735 type=observe typed_marginal_pred=0.595866 sequence=129.519193
[plan] step=187 node=N3410 type=control1 typed_marginal_pred=0.487609 sequence=130.006801
[plan] step=188 node=N3237 type=control1 typed_marginal_pred=0.460017 sequence=130.466818
[plan] step=189 node=N3180 type=control1 typed_marginal_pred=0.512973 sequence=130.979790
[plan] step=190 node=N3124 type=control1 typed_marginal_pred=0.683298 sequence=131.663088
[plan] step=191 node=N7925 type=control0 typed_marginal_pred=0.765600 sequence=132.428688
[plan] step=192 node=N4656 type=control0 typed_marginal_pred=0.740975 sequence=133.169663
[plan] step=193 node=N5894 type=control0 typed_marginal_pred=0.751998 sequence=133.921661
[plan] step=194 node=N7720 type=control0 typed_marginal_pred=0.757051 sequence=134.678712
[plan] step=195 node=N4663 type=control0 typed_marginal_pred=0.671473 sequence=135.350186
[plan] step=196 node=N7380 type=observe typed_marginal_pred=1.224863 sequence=136.575048
[plan] step=197 node=N759 type=observe typed_marginal_pred=1.059658 sequence=137.634706
[plan] step=198 node=N7421 type=control1 typed_marginal_pred=0.804404 sequence=138.439110
[plan] step=199 node=N7876 type=control1 typed_marginal_pred=0.669091 sequence=139.108201
[plan] step=200 node=N3295 type=control1 typed_marginal_pred=0.576687 sequence=139.684888
[plan] step=201 node=N630 type=control1 typed_marginal_pred=0.597600 sequence=140.282488
[plan] step=202 node=N5094 type=observe typed_marginal_pred=0.736430 sequence=141.018918
[plan] step=203 node=N3467 type=control1 typed_marginal_pred=0.645108 sequence=141.664025
[plan] step=204 node=N7680 type=observe typed_marginal_pred=0.531955 sequence=142.195980
[plan] step=205 node=N649 type=control1 typed_marginal_pred=0.613151 sequence=142.809131
[plan] step=206 node=N5160 type=observe typed_marginal_pred=0.691186 sequence=143.500317
[plan] step=207 node=N5456 type=observe typed_marginal_pred=0.544650 sequence=144.044968
[plan] step=208 node=N5111 type=observe typed_marginal_pred=0.664044 sequence=144.709011
[plan] step=209 node=N7627 type=observe typed_marginal_pred=0.538090 sequence=145.247101
[plan] step=210 node=N7439 type=observe typed_marginal_pred=0.501128 sequence=145.748229
[plan] step=211 node=N5439 type=observe typed_marginal_pred=0.479773 sequence=146.228002
[plan] step=212 node=N5422 type=observe typed_marginal_pred=0.467640 sequence=146.695643
[plan] step=213 node=N5390 type=observe typed_marginal_pred=0.460564 sequence=147.156207
[plan] step=214 node=N5334 type=observe typed_marginal_pred=0.456258 sequence=147.612465
[plan] step=215 node=N5373 type=observe typed_marginal_pred=0.453079 sequence=148.065544
[plan] step=216 node=N3525 type=control1 typed_marginal_pred=0.433714 sequence=148.499258
[plan] step=217 node=N696 type=observe typed_marginal_pred=0.375846 sequence=148.875105
[plan] step=218 node=N7381 type=observe typed_marginal_pred=0.469404 sequence=149.344509
[plan] step=219 node=N708 type=observe typed_marginal_pred=0.400689 sequence=149.745198
[plan] step=220 node=N6674 type=observe typed_marginal_pred=0.395148 sequence=150.140346
[plan] step=221 node=N7433 type=observe typed_marginal_pred=0.743684 sequence=150.884030
[plan] step=222 node=N729 type=observe typed_marginal_pred=0.546572 sequence=151.430602
[plan] step=223 node=N697 type=observe typed_marginal_pred=0.486639 sequence=151.917242
[plan] step=224 node=N556 type=control1 typed_marginal_pred=0.470071 sequence=152.387313
[plan] step=225 node=N647 type=control1 typed_marginal_pred=0.502789 sequence=152.890102
[plan] step=226 node=N555 type=control1 typed_marginal_pred=0.409487 sequence=153.299589
[plan] step=227 node=N520 type=control1 typed_marginal_pred=0.363015 sequence=153.662604
[plan] step=228 node=N695 type=observe typed_marginal_pred=0.331386 sequence=153.993991
[plan] step=229 node=N1586 type=control1 typed_marginal_pred=0.354990 sequence=154.348981
[plan] step=230 node=N645 type=control1 typed_marginal_pred=0.317274 sequence=154.666255
[plan] step=231 node=N2652 type=control1 typed_marginal_pred=0.369301 sequence=155.035556
[plan] step=232 node=N758 type=observe typed_marginal_pred=0.333503 sequence=155.369059
[plan] step=233 node=N686 type=observe typed_marginal_pred=0.358686 sequence=155.727746
[plan] step=234 node=N2159 type=observe typed_marginal_pred=0.386283 sequence=156.114029
[plan] step=235 node=N7409 type=observe typed_marginal_pred=0.457601 sequence=156.571630
[plan] step=236 node=N1352 type=observe typed_marginal_pred=0.623475 sequence=157.195105
[plan] step=237 node=N6685 type=observe typed_marginal_pred=0.470523 sequence=157.665628
[plan] step=238 node=N6956 type=control0 typed_marginal_pred=0.439915 sequence=158.105543
[plan] step=239 node=N732 type=observe typed_marginal_pred=0.381265 sequence=158.486808
[plan] step=240 node=N5715 type=control0 typed_marginal_pred=0.390812 sequence=158.877620
[plan] step=241 node=N5671 type=control0 typed_marginal_pred=0.352212 sequence=159.229832
[plan] step=242 node=N5665 type=control0 typed_marginal_pred=0.325854 sequence=159.555686
[plan] step=243 node=N4469 type=control0 typed_marginal_pred=0.310181 sequence=159.865867
[plan] step=244 node=N4436 type=control0 typed_marginal_pred=0.316521 sequence=160.182388
[plan] step=245 node=N4391 type=control0 typed_marginal_pred=0.330205 sequence=160.512594
[plan] step=246 node=N4385 type=control0 typed_marginal_pred=0.336900 sequence=160.849493
[plan] step=247 node=N2721 type=control1 typed_marginal_pred=0.357214 sequence=161.206707
[plan] step=248 node=N4359 type=control0 typed_marginal_pred=0.334945 sequence=161.541652
[plan] step=249 node=N4338 type=control0 typed_marginal_pred=0.338785 sequence=161.880437
[plan] step=250 node=N2894 type=control1 typed_marginal_pred=0.415122 sequence=162.295558
[plan] step=251 node=N3162 type=control0 typed_marginal_pred=0.369610 sequence=162.665168
[plan] step=252 node=N699 type=observe typed_marginal_pred=0.370325 sequence=163.035493
[plan] step=253 node=N3167 type=control0 typed_marginal_pred=0.393941 sequence=163.429435
[plan] step=254 node=N2952 type=control1 typed_marginal_pred=0.446446 sequence=163.875881
[plan] step=255 node=N3172 type=control0 typed_marginal_pred=0.393838 sequence=164.269719
[plan] step=256 node=N6661 type=observe typed_marginal_pred=0.377893 sequence=164.647612
[plan] step=257 node=N3177 type=control0 typed_marginal_pred=0.401862 sequence=165.049474
[plan] step=258 node=N735 type=observe typed_marginal_pred=0.388968 sequence=165.438442
[plan] step=259 node=N2218 type=observe typed_marginal_pred=0.671184 sequence=166.109627
[plan] step=260 node=N2779 type=control1 typed_marginal_pred=0.634202 sequence=166.743829
[plan] step=261 node=N3199 type=control0 typed_marginal_pred=0.506542 sequence=167.250371
[plan] step=262 node=N756 type=observe typed_marginal_pred=0.470358 sequence=167.720729
[plan] step=263 node=N733 type=observe typed_marginal_pred=0.442940 sequence=168.163669
[plan] step=264 node=N2205 type=observe typed_marginal_pred=0.723962 sequence=168.887632
[plan] step=265 node=N4900 type=observe typed_marginal_pred=0.663621 sequence=169.551252
[plan] step=266 node=N6537 type=observe typed_marginal_pred=0.550406 sequence=170.101658
[plan] step=267 node=N2185 type=observe typed_marginal_pred=0.701065 sequence=170.802723
[plan] step=268 node=N6678 type=observe typed_marginal_pred=0.582785 sequence=171.385508
[plan] step=269 node=N2837 type=control1 typed_marginal_pred=0.534370 sequence=171.919878
[plan] step=270 node=N717 type=observe typed_marginal_pred=0.450607 sequence=172.370485
[plan] step=271 node=N2201 type=observe typed_marginal_pred=0.680623 sequence=173.051108
[plan] step=272 node=N3009 type=control1 typed_marginal_pred=0.664479 sequence=173.715588
[plan] step=273 node=N2226 type=observe typed_marginal_pred=0.835474 sequence=174.551061
[plan] step=274 node=N1347 type=observe typed_marginal_pred=0.755214 sequence=175.306275
[plan] step=275 node=N3067 type=control1 typed_marginal_pred=0.599365 sequence=175.905640
[plan] step=276 node=N513 type=control1 typed_marginal_pred=0.489622 sequence=176.395262
[plan] step=277 node=N680 type=observe typed_marginal_pred=0.434464 sequence=176.829726
[plan] step=278 node=N1348 type=observe typed_marginal_pred=0.478053 sequence=177.307779
saved=autoresearch/loop-260720-0945/model_training_round1/b15_selection/frozen_long/plans/iscas99__b15_1__greedy__cumulative__typed_marginal_pred__bw1__d1__c48__g1p0__candhard_fault_cluster__div0p0__s0.csv
