test_en->__tpi_cp_15___aig_and_353 /0 undetected
test_en->__tpi_cp_17___aig_and_350 /0 undetected
__tpi_not_test_en->__tpi_cp_59___buf_split_267 /1 undetected
__tpi_not_test_en->__tpi_cp_53___buf_split_263 /1 undetected
__tpi_not_test_en->__tpi_cp_70___buf_split_265 /1 undetected
__tpi_not_test_en->__tpi_cp_14___aig_not_335 /1 undetected
test_en->__tpi_cp_49_n_416 /0 undetected
__tpi_not_test_en->__tpi_cp_71_n_425 /1 undetected
__tpi_not_test_en->__tpi_cp_67___buf_split_254 /1 undetected
__tpi_not_test_en->__tpi_cp_65___buf_split_262 /1 undetected
__tpi_not_test_en->__tpi_cp_68___buf_split_257 /1 undetected
__tpi_not_test_en->__tpi_cp_12_n_356 /1 undetected
__tpi_not_test_en->__tpi_cp_28_n_294 /1 undetected
__tpi_not_test_en->__tpi_cp_30_n_292 /1 undetected
__buf_split_186 /1 undetected
__tpi_not_test_en->__tpi_cp_19_n_352 /1 undetected
__buf_split_180 /1 undetected
__tpi_not_test_en->__tpi_cp_23_n_350 /1 undetected
__buf_split_170 /1 undetected
test_en->__tpi_cp_63_n_301 /0 undetected
__buf_split_166 /1 undetected
test_en->__tpi_cp_50_n_300 /0 undetected
__tpi_not_test_en->__tpi_cp_56_n_263 /1 undetected
__tpi_not_test_en->__tpi_cp_29_n_293 /1 undetected
__buf_split_174 /1 undetected
__buf_split_199 /1 undetected
__tpi_not_test_en->__tpi_cp_54___buf_split_196 /1 undetected
__buf_split_198 /1 undetected
__tpi_not_test_en->__tpi_cp_22___aig_not_269 /1 undetected
__buf_split_205 /1 undetected
__buf_split_204->__aig_and_266 /1 undetected
__tpi_not_test_en->__tpi_cp_11___buf_split_203 /1 undetected
__buf_split_163 /1 undetected
__buf_split_162 /1 undetected
__buf_split_187 /1 undetected
__buf_split_181 /1 undetected
__buf_split_175 /1 undetected
test_en->__tpi_cp_16___aig_and_192 /0 undetected
__tpi_not_test_en->__tpi_cp_47___aig_and_189 /1 undetected
__tpi_not_test_en->__tpi_cp_48___aig_and_188 /1 undetected
__tpi_not_test_en->__tpi_cp_2___buf_split_150 /1 undetected
__tpi_not_test_en->__tpi_cp_45___buf_split_151 /1 undetected
__tpi_not_test_en->__tpi_cp_4___buf_split_155 /1 undetected
test_en->__tpi_cp_58___buf_split_138 /0 undetected
__tpi_not_test_en->__tpi_cp_39___aig_not_77 /1 undetected
test_en->__tpi_cp_62___buf_split_137 /0 undetected
test_en->__tpi_cp_69___buf_split_130 /0 undetected
__tpi_not_test_en->__tpi_cp_55___aig_not_53 /1 undetected
__buf_split_116 /1 undetected
__tpi_not_test_en->__tpi_cp_64___aig_not_152 /1 undetected
test_en->__tpi_cp_61___aig_and_150 /0 undetected
__buf_split_111->__aig_and_150 /1 undetected
__tpi_not_test_en->__tpi_cp_25___aig_and_111 /1 undetected
__tpi_not_test_en->__tpi_cp_57___aig_not_110 /1 undetected
__buf_split_87->__aig_and_108 /1 undetected
__buf_split_86 /1 undetected
__buf_split_95->__aig_and_124 /1 undetected
__buf_split_82 /1 undetected
__buf_split_105->__aig_and_141 /1 undetected
__buf_split_104 /1 undetected
__buf_split_99->__aig_and_132 /1 undetected
__buf_split_98 /1 undetected
__buf_split_91->__aig_and_116 /1 undetected
__buf_split_90 /1 undetected
__buf_split_79->__aig_and_92 /1 undetected
__buf_split_78 /1 undetected
__buf_split_117->__aig_and_159 /1 undetected
__tpi_not_test_en->__tpi_cp_44_n_203 /1 undetected
test_en->__tpi_cp_1___buf_split_73 /0 undetected
test_en->__tpi_cp_18___aig_and_84 /0 undetected
__tpi_not_test_en->__tpi_cp_24___buf_split_69 /1 undetected
__tpi_not_test_en->__tpi_cp_20___buf_split_71 /1 undetected
