[plan] torch_deterministic=true
[plan] candidate_allowlist=autoresearch/original-netlist-recovery-260712/exact_itc99/b21_C/exact_candidate_nodes.txt nodes=19520
[plan] latent_norm_clip_ratio=4 latent_norm_limit=30.923500
[plan] step=1 node=N12793 type=observe q_typed_residual_context=2.542229 sequence=2.542229
[plan] step=2 node=N1674 type=control1 q_typed_residual_context=4.224914 sequence=6.767143
[plan] step=3 node=N4167 type=control0 q_typed_residual_context=2.635299 sequence=9.402442
[plan] step=4 node=N4025 type=control0 q_typed_residual_context=2.378514 sequence=11.780956
[plan] step=5 node=N905 type=observe q_typed_residual_context=1.413149 sequence=13.194105
[plan] step=6 node=N3444 type=control0 q_typed_residual_context=1.586621 sequence=14.780726
[plan] step=7 node=N3447 type=control0 q_typed_residual_context=1.605594 sequence=16.386320
[plan] step=8 node=N2715 type=control0 q_typed_residual_context=1.635621 sequence=18.021941
[plan] step=9 node=N4039 type=control0 q_typed_residual_context=2.125303 sequence=20.147245
[plan] step=10 node=N4041 type=control0 q_typed_residual_context=4.010260 sequence=24.157504
[plan] step=11 node=N4045 type=control0 q_typed_residual_context=3.776160 sequence=27.933664
[plan] step=12 node=N3453 type=control0 q_typed_residual_context=3.405271 sequence=31.338935
[plan] step=13 node=N4043 type=control0 q_typed_residual_context=2.671072 sequence=34.010007
[plan] step=14 node=N1442 type=observe q_typed_residual_context=2.085409 sequence=36.095416
[plan] step=15 node=N4245 type=observe q_typed_residual_context=1.730276 sequence=37.825692
[plan] step=16 node=N4193 type=observe q_typed_residual_context=1.750885 sequence=39.576577
[plan] step=17 node=N4199 type=observe q_typed_residual_context=1.833145 sequence=41.409722
[plan] step=18 node=N4197 type=observe q_typed_residual_context=1.814433 sequence=43.224156
[plan] step=19 node=N4165 type=observe q_typed_residual_context=1.605714 sequence=44.829870
[plan] step=20 node=N4212 type=observe q_typed_residual_context=1.812649 sequence=46.642519
[plan] step=21 node=N4047 type=control0 q_typed_residual_context=1.074653 sequence=47.717172
[plan] step=22 node=N4049 type=control0 q_typed_residual_context=1.284693 sequence=49.001864
[plan] step=23 node=N1680 type=control1 q_typed_residual_context=1.526562 sequence=50.528426
[plan] step=24 node=N4009 type=control0 q_typed_residual_context=1.130394 sequence=51.658820
[plan] step=25 node=N960 type=observe q_typed_residual_context=2.219407 sequence=53.878227
[plan] step=26 node=N4941 type=control1 q_typed_residual_context=1.809230 sequence=55.687457
[plan] step=27 node=N4945 type=control1 q_typed_residual_context=1.700815 sequence=57.388272
[plan] step=28 node=N4664 type=observe q_typed_residual_context=1.107243 sequence=58.495515
[plan] step=29 node=N4163 type=observe q_typed_residual_context=1.143054 sequence=59.638569
[plan] step=30 node=N4228 type=observe q_typed_residual_context=1.159372 sequence=60.797941
[plan] step=31 node=N4194 type=observe q_typed_residual_context=1.140055 sequence=61.937995
[plan] step=32 node=N4195 type=observe q_typed_residual_context=1.024419 sequence=62.962414
[plan] step=33 node=N4168 type=observe q_typed_residual_context=0.939444 sequence=63.901858
[plan] step=34 node=N4027 type=control0 q_typed_residual_context=0.894036 sequence=64.795895
[plan] step=35 node=N4683 type=control0 q_typed_residual_context=1.356312 sequence=66.152207
[plan] step=36 node=N4175 type=observe q_typed_residual_context=1.097861 sequence=67.250068
[plan] step=37 node=N4169 type=observe q_typed_residual_context=0.901684 sequence=68.151752
[plan] step=38 node=N4178 type=observe q_typed_residual_context=0.901523 sequence=69.053275
[plan] step=39 node=N4198 type=observe q_typed_residual_context=1.220543 sequence=70.273818
[plan] step=40 node=N4171 type=observe q_typed_residual_context=0.937117 sequence=71.210935
[plan] step=41 node=N3550 type=control0 q_typed_residual_context=1.110447 sequence=72.321382
[plan] step=42 node=N3554 type=control0 q_typed_residual_context=1.052407 sequence=73.373789
[plan] step=43 node=N1942 type=control0 q_typed_residual_context=0.912627 sequence=74.286417
[plan] step=44 node=N4172 type=observe q_typed_residual_context=1.003124 sequence=75.289541
[plan] step=45 node=N4205 type=observe q_typed_residual_context=1.029941 sequence=76.319482
[plan] step=46 node=N4166 type=observe q_typed_residual_context=1.100585 sequence=77.420067
[plan] step=47 node=N4176 type=observe q_typed_residual_context=1.180981 sequence=78.601049
[plan] step=48 node=N4177 type=observe q_typed_residual_context=1.293846 sequence=79.894895
[plan] step=49 node=N4174 type=control0 q_typed_residual_context=1.232353 sequence=81.127248
[plan] step=50 node=N4159 type=observe q_typed_residual_context=1.364177 sequence=82.491425
[plan] step=51 node=N4162 type=observe q_typed_residual_context=1.361219 sequence=83.852644
[plan] step=52 node=N4667 type=observe q_typed_residual_context=1.291096 sequence=85.143740
[plan] step=53 node=N4170 type=control0 q_typed_residual_context=1.200664 sequence=86.344404
[plan] step=54 node=N4206 type=observe q_typed_residual_context=1.380292 sequence=87.724697
[plan] step=55 node=N4161 type=control0 q_typed_residual_context=1.198544 sequence=88.923241
[plan] step=56 node=N4207 type=observe q_typed_residual_context=1.623085 sequence=90.546325
[plan] step=57 node=N4209 type=observe q_typed_residual_context=1.583043 sequence=92.129368
[plan] step=58 node=N4210 type=observe q_typed_residual_context=1.439972 sequence=93.569341
[plan] step=59 node=N4225 type=observe q_typed_residual_context=2.026844 sequence=95.596184
[plan] step=60 node=N4227 type=observe q_typed_residual_context=1.326250 sequence=96.922434
[plan] step=61 node=N4943 type=control1 q_typed_residual_context=1.191527 sequence=98.113961
[plan] step=62 node=N4208 type=observe q_typed_residual_context=1.444841 sequence=99.558802
[plan] step=63 node=N4229 type=observe q_typed_residual_context=1.853140 sequence=101.411943
[plan] step=64 node=N4230 type=observe q_typed_residual_context=1.796090 sequence=103.208032
[plan] step=65 node=N4231 type=observe q_typed_residual_context=1.675955 sequence=104.883988
[plan] step=66 node=N4240 type=observe q_typed_residual_context=2.225521 sequence=107.109509
[plan] step=67 node=N3512 type=control0 q_typed_residual_context=2.042666 sequence=109.152175
[plan] step=68 node=N15820 type=control1 q_typed_residual_context=1.246003 sequence=110.398177
[plan] step=69 node=N4233 type=observe q_typed_residual_context=1.099368 sequence=111.497545
[plan] step=70 node=N4232 type=observe q_typed_residual_context=1.140651 sequence=112.638196
[plan] step=71 node=N4236 type=observe q_typed_residual_context=1.111513 sequence=113.749708
[plan] step=72 node=N4235 type=observe q_typed_residual_context=1.140505 sequence=114.890214
[plan] step=73 node=N4238 type=observe q_typed_residual_context=1.145007 sequence=116.035221
[plan] step=74 node=N4204 type=observe q_typed_residual_context=1.167663 sequence=117.202884
[plan] step=75 node=N4234 type=observe q_typed_residual_context=0.929387 sequence=118.132271
[plan] step=76 node=N4241 type=observe q_typed_residual_context=1.083127 sequence=119.215398
[plan] step=77 node=N4213 type=observe q_typed_residual_context=1.056619 sequence=120.272017
[plan] step=78 node=N4239 type=observe q_typed_residual_context=1.099073 sequence=121.371090
[plan] step=79 node=N4244 type=observe q_typed_residual_context=1.145237 sequence=122.516327
[plan] step=80 node=N4242 type=observe q_typed_residual_context=1.071020 sequence=123.587347
[plan] step=81 node=N4173 type=control0 q_typed_residual_context=1.239703 sequence=124.827050
[plan] step=82 node=N4243 type=observe q_typed_residual_context=1.634251 sequence=126.461301
[plan] step=83 node=N15872 type=control1 q_typed_residual_context=1.491468 sequence=127.952769
[plan] step=84 node=N8973 type=control1 q_typed_residual_context=1.732108 sequence=129.684877
[plan] step=85 node=N4678 type=observe q_typed_residual_context=2.811135 sequence=132.496012
[plan] step=86 node=N4237 type=observe q_typed_residual_context=2.810639 sequence=135.306651
[plan] step=87 node=N4179 type=observe q_typed_residual_context=3.081755 sequence=138.388406
[plan] step=88 node=N4203 type=observe q_typed_residual_context=2.802596 sequence=141.191002
[plan] step=89 node=N4196 type=observe q_typed_residual_context=1.670080 sequence=142.861082
[plan] step=90 node=N8812 type=control0 q_typed_residual_context=1.098288 sequence=143.959370
[plan] step=91 node=N4201 type=observe q_typed_residual_context=1.876920 sequence=145.836289
[plan] step=92 node=N12805 type=observe q_typed_residual_context=1.758843 sequence=147.595132
[plan] step=93 node=N1736 type=observe q_typed_residual_context=1.789836 sequence=149.384968
[plan] step=94 node=N1733 type=observe q_typed_residual_context=1.780790 sequence=151.165758
[plan] step=95 node=N1734 type=observe q_typed_residual_context=1.792800 sequence=152.958559
[plan] step=96 node=N4164 type=observe q_typed_residual_context=1.463884 sequence=154.422442
[plan] step=97 node=N4202 type=observe q_typed_residual_context=2.153560 sequence=156.576002
[plan] step=98 node=N1735 type=observe q_typed_residual_context=0.934480 sequence=157.510482
[plan] step=99 node=N4200 type=observe q_typed_residual_context=1.099949 sequence=158.610431
[plan] step=100 node=N1436 type=observe q_typed_residual_context=0.978517 sequence=159.588948
[plan] step=101 node=N4673 type=observe q_typed_residual_context=1.093360 sequence=160.682308
[plan] step=102 node=N4211 type=observe q_typed_residual_context=0.653412 sequence=161.335720
[plan] step=103 node=N6745 type=observe q_typed_residual_context=1.180285 sequence=162.516005
[plan] step=104 node=N4692 type=control1 q_typed_residual_context=1.426727 sequence=163.942732
[plan] step=105 node=N15755 type=control0 q_typed_residual_context=1.009427 sequence=164.952159
[plan] step=106 node=N8963 type=control1 q_typed_residual_context=0.984506 sequence=165.936665
[plan] step=107 node=N15753 type=control0 q_typed_residual_context=2.144904 sequence=168.081569
[plan] step=108 node=N1792 type=observe q_typed_residual_context=2.285878 sequence=170.367447
[plan] step=109 node=N6747 type=observe q_typed_residual_context=2.764725 sequence=173.132172
[plan] step=110 node=N4656 type=observe q_typed_residual_context=2.459285 sequence=175.591457
[plan] step=111 node=N3426 type=observe q_typed_residual_context=2.269421 sequence=177.860878
[plan] step=112 node=N1241 type=observe q_typed_residual_context=2.336261 sequence=180.197140
[plan] step=113 node=N851 type=observe q_typed_residual_context=2.535541 sequence=182.732681
[plan] step=114 node=N1707 type=observe q_typed_residual_context=2.048377 sequence=184.781057
[plan] step=115 node=N4946 type=control1 q_typed_residual_context=1.951582 sequence=186.732639
[plan] step=116 node=N12801 type=observe q_typed_residual_context=1.709255 sequence=188.441894
[plan] step=117 node=N4095 type=control1 q_typed_residual_context=2.125994 sequence=190.567888
[plan] step=118 node=N12877 type=observe q_typed_residual_context=1.695530 sequence=192.263418
[plan] step=119 node=N10980 type=control1 q_typed_residual_context=2.722397 sequence=194.985816
[plan] step=120 node=N904 type=observe q_typed_residual_context=2.847169 sequence=197.832984
[plan] step=121 node=N12812 type=observe q_typed_residual_context=2.035581 sequence=199.868565
[plan] step=122 node=N15801 type=control1 q_typed_residual_context=2.684140 sequence=202.552705
[plan] step=123 node=N1737 type=observe q_typed_residual_context=1.608045 sequence=204.160751
[plan] step=124 node=N4651 type=observe q_typed_residual_context=2.108994 sequence=206.269744
[plan] step=125 node=N1706 type=observe q_typed_residual_context=3.175920 sequence=209.445664
[plan] step=126 node=N12582 type=observe q_typed_residual_context=2.372420 sequence=211.818084
[plan] step=127 node=N12583 type=observe q_typed_residual_context=2.342526 sequence=214.160610
[plan] step=128 node=N4684 type=observe q_typed_residual_context=2.027019 sequence=216.187629
[plan] step=129 node=N1678 type=observe q_typed_residual_context=1.756834 sequence=217.944463
[plan] step=130 node=N12528 type=observe q_typed_residual_context=2.063898 sequence=220.008361
[plan] step=131 node=N1714 type=observe q_typed_residual_context=2.906676 sequence=222.915037
[plan] step=132 node=N4671 type=observe q_typed_residual_context=1.413485 sequence=224.328522
[plan] step=133 node=N2566 type=observe q_typed_residual_context=4.336992 sequence=228.665515
[plan] step=134 node=N1676 type=observe q_typed_residual_context=1.472948 sequence=230.138463
[plan] step=135 node=N12769 type=observe q_typed_residual_context=1.478668 sequence=231.617131
[plan] step=136 node=N849 type=observe q_typed_residual_context=1.647972 sequence=233.265103
[plan] step=137 node=N1715 type=observe q_typed_residual_context=1.695215 sequence=234.960318
[plan] step=138 node=N5168 type=observe q_typed_residual_context=3.478260 sequence=238.438578
[plan] step=139 node=N847 type=observe q_typed_residual_context=2.589759 sequence=241.028337
[plan] step=140 node=N12681 type=observe q_typed_residual_context=3.284077 sequence=244.312415
[plan] step=141 node=N4650 type=observe q_typed_residual_context=2.242453 sequence=246.554868
[plan] step=142 node=N12620 type=observe q_typed_residual_context=1.795139 sequence=248.350006
[plan] step=143 node=N1716 type=observe q_typed_residual_context=2.567517 sequence=250.917523
[plan] step=144 node=N4647 type=observe q_typed_residual_context=2.066059 sequence=252.983583
[plan] step=145 node=N12725 type=observe q_typed_residual_context=1.783814 sequence=254.767397
[plan] step=146 node=N8907 type=control0 q_typed_residual_context=1.461566 sequence=256.228963
[plan] step=147 node=N8954 type=control1 q_typed_residual_context=5.149469 sequence=261.378431
[plan] step=148 node=N4001 type=observe q_typed_residual_context=2.832918 sequence=264.211350
[plan] step=149 node=N1758 type=observe q_typed_residual_context=2.475937 sequence=266.687286
[plan] step=150 node=N1718 type=observe q_typed_residual_context=3.191369 sequence=269.878656
[plan] step=151 node=N3371 type=observe q_typed_residual_context=4.657731 sequence=274.536387
[plan] step=152 node=N4675 type=observe q_typed_residual_context=6.300705 sequence=280.837092
[plan] step=153 node=N1719 type=observe q_typed_residual_context=6.113812 sequence=286.950904
[plan] step=154 node=N15751 type=control0 q_typed_residual_context=4.585924 sequence=291.536828
[plan] step=155 node=N15754 type=control0 q_typed_residual_context=3.091274 sequence=294.628102
[plan] step=156 node=N854 type=observe q_typed_residual_context=2.139963 sequence=296.768065
[plan] step=157 node=N1720 type=observe q_typed_residual_context=2.001396 sequence=298.769461
[plan] step=158 node=N1952 type=observe q_typed_residual_context=3.916422 sequence=302.685883
[plan] step=159 node=N4649 type=observe q_typed_residual_context=1.804963 sequence=304.490846
[plan] step=160 node=N3929 type=observe q_typed_residual_context=4.296760 sequence=308.787606
[plan] step=161 node=N1721 type=observe q_typed_residual_context=5.219617 sequence=314.007223
[plan] step=162 node=N12624 type=observe q_typed_residual_context=3.302793 sequence=317.310017
[plan] step=163 node=N4648 type=observe q_typed_residual_context=2.995872 sequence=320.305889
[plan] step=164 node=N3986 type=observe q_typed_residual_context=2.795266 sequence=323.101154
[plan] step=165 node=N15752 type=control0 q_typed_residual_context=1.994457 sequence=325.095612
[plan] step=166 node=N8908 type=control0 q_typed_residual_context=1.960827 sequence=327.056438
[plan] step=167 node=N8906 type=control0 q_typed_residual_context=3.902888 sequence=330.959326
[plan] step=168 node=N1757 type=observe q_typed_residual_context=2.617550 sequence=333.576876
[plan] step=169 node=N1723 type=observe q_typed_residual_context=4.752053 sequence=338.328929
[plan] step=170 node=N4653 type=observe q_typed_residual_context=2.772070 sequence=341.100999
[plan] step=171 node=N1722 type=observe q_typed_residual_context=5.130121 sequence=346.231120
[plan] step=172 node=N12685 type=observe q_typed_residual_context=3.414045 sequence=349.645165
[plan] step=173 node=N3938 type=observe q_typed_residual_context=1.582954 sequence=351.228120
[plan] step=174 node=N3452 type=observe q_typed_residual_context=1.724385 sequence=352.952505
[plan] step=175 node=N1949 type=observe q_typed_residual_context=4.225116 sequence=357.177621
[plan] step=176 node=N1725 type=observe q_typed_residual_context=2.713167 sequence=359.890788
[plan] step=177 node=N4668 type=observe q_typed_residual_context=5.301277 sequence=365.192065
[plan] step=178 node=N1019 type=observe q_typed_residual_context=7.130854 sequence=372.322919
[plan] step=179 node=N3944 type=observe q_typed_residual_context=2.360237 sequence=374.683156
[plan] step=180 node=N1728 type=observe q_typed_residual_context=3.675417 sequence=378.358573
[plan] step=181 node=N12798 type=observe q_typed_residual_context=1.742663 sequence=380.101236
[plan] step=182 node=N1683 type=observe q_typed_residual_context=1.696779 sequence=381.798015
[plan] step=183 node=N1977 type=observe q_typed_residual_context=1.345385 sequence=383.143399
[plan] step=184 node=N12794 type=observe q_typed_residual_context=1.411327 sequence=384.554726
[plan] step=185 node=N4677 type=observe q_typed_residual_context=1.608645 sequence=386.163371
[plan] step=186 node=N4676 type=observe q_typed_residual_context=1.585736 sequence=387.749107
[plan] step=187 node=N1971 type=observe q_typed_residual_context=1.533280 sequence=389.282386
[plan] step=188 node=N3959 type=observe q_typed_residual_context=1.562041 sequence=390.844427
[plan] step=189 node=N4669 type=observe q_typed_residual_context=2.005368 sequence=392.849795
[plan] step=190 node=N1726 type=observe q_typed_residual_context=4.255703 sequence=397.105499
[plan] step=191 node=N1968 type=observe q_typed_residual_context=2.886775 sequence=399.992273
[plan] step=192 node=N1730 type=observe q_typed_residual_context=3.112668 sequence=403.104941
[plan] step=193 node=N3965 type=observe q_typed_residual_context=2.466195 sequence=405.571137
[plan] step=194 node=N1727 type=observe q_typed_residual_context=3.534144 sequence=409.105281
[plan] step=195 node=N4670 type=observe q_typed_residual_context=3.902236 sequence=413.007517
[plan] step=196 node=N1974 type=observe q_typed_residual_context=1.434913 sequence=414.442431
[plan] step=197 node=N4665 type=observe q_typed_residual_context=3.322280 sequence=417.764710
[plan] step=198 node=N3962 type=observe q_typed_residual_context=1.837759 sequence=419.602470
[plan] step=199 node=N1729 type=observe q_typed_residual_context=4.065974 sequence=423.668443
[plan] step=200 node=N1724 type=observe q_typed_residual_context=4.999816 sequence=428.668260
[plan] step=201 node=N4674 type=observe q_typed_residual_context=3.367285 sequence=432.035545
[plan] step=202 node=N3935 type=observe q_typed_residual_context=2.129937 sequence=434.165482
[plan] step=203 node=N1966 type=observe q_typed_residual_context=1.529179 sequence=435.694661
[plan] step=204 node=N1742 type=observe q_typed_residual_context=2.967018 sequence=438.661679
[plan] step=205 node=N4666 type=observe q_typed_residual_context=4.601249 sequence=443.262928
[plan] step=206 node=N12789 type=observe q_typed_residual_context=1.957611 sequence=445.220539
[plan] step=207 node=N3953 type=observe q_typed_residual_context=1.716667 sequence=446.937206
[plan] step=208 node=N4672 type=observe q_typed_residual_context=3.100247 sequence=450.037453
[plan] step=209 node=N1732 type=observe q_typed_residual_context=3.494784 sequence=453.532237
[plan] step=210 node=N3932 type=observe q_typed_residual_context=2.753836 sequence=456.286073
[plan] step=211 node=N1743 type=observe q_typed_residual_context=3.328632 sequence=459.614705
[plan] step=212 node=N8965 type=control1 q_typed_residual_context=2.230031 sequence=461.844736
[plan] step=213 node=N8966 type=control1 q_typed_residual_context=2.264517 sequence=464.109253
[plan] step=214 node=N10977 type=control1 q_typed_residual_context=2.551368 sequence=466.660620
[plan] step=215 node=N8964 type=control1 q_typed_residual_context=1.725091 sequence=468.385712
[plan] step=216 node=N15811 type=control1 q_typed_residual_context=2.757354 sequence=471.143066
[plan] step=217 node=N3947 type=observe q_typed_residual_context=2.399758 sequence=473.542824
[plan] step=218 node=N15810 type=control1 q_typed_residual_context=3.138926 sequence=476.681751
[plan] step=219 node=N4102 type=control1 q_typed_residual_context=4.321719 sequence=481.003469
[plan] step=220 node=N15874 type=control1 q_typed_residual_context=5.480548 sequence=486.484017
[plan] step=221 node=N10982 type=control1 q_typed_residual_context=2.378495 sequence=488.862512
[plan] step=222 node=N15813 type=control1 q_typed_residual_context=3.618535 sequence=492.481048
[plan] step=223 node=N4104 type=control1 q_typed_residual_context=6.710022 sequence=499.191070
[plan] step=224 node=N15814 type=control1 q_typed_residual_context=3.158360 sequence=502.349429
[plan] step=225 node=N10981 type=control1 q_typed_residual_context=3.774492 sequence=506.123922
[plan] step=226 node=N10979 type=control1 q_typed_residual_context=4.345432 sequence=510.469354
[plan] step=227 node=N15809 type=control1 q_typed_residual_context=3.017315 sequence=513.486669
[plan] step=228 node=N10978 type=control1 q_typed_residual_context=6.888324 sequence=520.374993
[plan] step=229 node=N8967 type=control1 q_typed_residual_context=2.498331 sequence=522.873325
[plan] step=230 node=N4652 type=observe q_typed_residual_context=4.720494 sequence=527.593819
[plan] step=231 node=N1744 type=observe q_typed_residual_context=6.972065 sequence=534.565884
[plan] step=232 node=N8968 type=control1 q_typed_residual_context=3.764129 sequence=538.330013
[plan] step=233 node=N1959 type=observe q_typed_residual_context=2.834159 sequence=541.164172
[plan] step=234 node=N8969 type=control1 q_typed_residual_context=3.679241 sequence=544.843413
[plan] step=235 node=N8811 type=control0 q_typed_residual_context=3.822683 sequence=548.666095
[plan] step=236 node=N1814 type=control1 q_typed_residual_context=3.456490 sequence=552.122585
[plan] step=237 node=N3941 type=observe q_typed_residual_context=2.912504 sequence=555.035089
[plan] step=238 node=N1747 type=observe q_typed_residual_context=5.662060 sequence=560.697150
[plan] step=239 node=N1745 type=observe q_typed_residual_context=4.127745 sequence=564.824895
[plan] step=240 node=N830 type=control1 q_typed_residual_context=1.119802 sequence=565.944697
[plan] step=241 node=N1955 type=observe q_typed_residual_context=1.448197 sequence=567.392894
[plan] step=242 node=N829 type=control1 q_typed_residual_context=5.904492 sequence=573.297386
[plan] step=243 node=N10393 type=control1 q_typed_residual_context=6.180100 sequence=579.477486
[plan] step=244 node=N3989 type=observe q_typed_residual_context=2.393091 sequence=581.870577
[plan] step=245 node=N1746 type=observe q_typed_residual_context=5.907421 sequence=587.777998
[plan] step=246 node=N3968 type=observe q_typed_residual_context=2.437780 sequence=590.215779
[plan] step=247 node=N4494 type=observe q_typed_residual_context=2.228035 sequence=592.443813
[plan] step=248 node=N7264 type=control0 q_typed_residual_context=3.710985 sequence=596.154799
[plan] step=249 node=N5008 type=control1 q_typed_residual_context=6.596925 sequence=602.751724
[plan] step=250 node=N14400 type=control1 q_typed_residual_context=5.733549 sequence=608.485272
[plan] step=251 node=N837 type=observe q_typed_residual_context=2.767054 sequence=611.252326
[plan] step=252 node=N11082 type=control1 q_typed_residual_context=5.581633 sequence=616.833960
[plan] step=253 node=N15808 type=control1 q_typed_residual_context=8.422645 sequence=625.256605
[plan] step=254 node=N4160 type=control0 q_typed_residual_context=7.279470 sequence=632.536074
[plan] step=255 node=N15864 type=control0 q_typed_residual_context=7.213738 sequence=639.749812
[plan] step=256 node=N11085 type=control1 q_typed_residual_context=5.429165 sequence=645.178978
[plan] step=257 node=N3950 type=observe q_typed_residual_context=5.675057 sequence=650.854035
[plan] step=258 node=N1750 type=observe q_typed_residual_context=5.522606 sequence=656.376641
[plan] step=259 node=N846 type=observe q_typed_residual_context=3.234336 sequence=659.610977
[plan] step=260 node=N3980 type=observe q_typed_residual_context=7.351423 sequence=666.962400
[plan] step=261 node=N828 type=control1 q_typed_residual_context=6.841450 sequence=673.803850
[plan] step=262 node=N9017 type=control0 q_typed_residual_context=6.439353 sequence=680.243204
[plan] step=263 node=N8961 type=control1 q_typed_residual_context=8.105399 sequence=688.348603
[plan] step=264 node=N10397 type=control1 q_typed_residual_context=4.238735 sequence=692.587338
[plan] step=265 node=N912 type=observe q_typed_residual_context=3.164392 sequence=695.751730
[plan] step=266 node=N1751 type=observe q_typed_residual_context=1.567258 sequence=697.318987
[plan] step=267 node=N4000 type=observe q_typed_residual_context=3.275536 sequence=700.594524
[plan] step=268 node=N844 type=observe q_typed_residual_context=2.761224 sequence=703.355748
[plan] step=269 node=N5048 type=control1 q_typed_residual_context=8.474508 sequence=711.830256
[plan] step=270 node=N922 type=observe q_typed_residual_context=6.812063 sequence=718.642319
[plan] step=271 node=N3916 type=observe q_typed_residual_context=3.466514 sequence=722.108833
[plan] step=272 node=N916 type=observe q_typed_residual_context=2.896142 sequence=725.004975
[plan] step=273 node=N3912 type=observe q_typed_residual_context=6.461661 sequence=731.466636
[plan] step=274 node=N925 type=observe q_typed_residual_context=6.528643 sequence=737.995279
[plan] step=275 node=N11090 type=observe q_typed_residual_context=4.995576 sequence=742.990855
[plan] step=276 node=N3909 type=observe q_typed_residual_context=5.877460 sequence=748.868315
[plan] step=277 node=N913 type=observe q_typed_residual_context=3.821664 sequence=752.689979
[plan] step=278 node=N3993 type=observe q_typed_residual_context=3.391759 sequence=756.081738
[plan] step=279 node=N3983 type=observe q_typed_residual_context=1.895260 sequence=757.976997
[plan] step=280 node=N12831 type=observe q_typed_residual_context=3.905681 sequence=761.882678
[plan] step=281 node=N3958 type=observe q_typed_residual_context=2.741873 sequence=764.624551
[plan] step=282 node=N12832 type=observe q_typed_residual_context=3.248453 sequence=767.873004
[plan] step=283 node=N12709 type=observe q_typed_residual_context=6.577228 sequence=774.450233
[plan] step=284 node=N2065 type=observe q_typed_residual_context=1.962939 sequence=776.413172
[plan] step=285 node=N3978 type=observe q_typed_residual_context=2.282522 sequence=778.695694
[plan] step=286 node=N2084 type=observe q_typed_residual_context=2.215016 sequence=780.910710
[plan] step=287 node=N3921 type=observe q_typed_residual_context=0.899515 sequence=781.810226
[plan] step=288 node=N3918 type=observe q_typed_residual_context=1.420605 sequence=783.230831
[plan] step=289 node=N15961 type=observe q_typed_residual_context=2.067659 sequence=785.298489
[plan] step=290 node=N921 type=observe q_typed_residual_context=5.043348 sequence=790.341838
[plan] step=291 node=N12859 type=observe q_typed_residual_context=2.506161 sequence=792.847998
[plan] step=292 node=N2312 type=observe q_typed_residual_context=2.697981 sequence=795.545979
[plan] step=293 node=N15944 type=observe q_typed_residual_context=2.343909 sequence=797.889888
[plan] step=294 node=N2407 type=observe q_typed_residual_context=2.215711 sequence=800.105599
[plan] step=295 node=N3336 type=observe q_typed_residual_context=1.472731 sequence=801.578331
[plan] step=296 node=N15959 type=observe q_typed_residual_context=1.572852 sequence=803.151183
[plan] step=297 node=N3400 type=observe q_typed_residual_context=2.286569 sequence=805.437752
[plan] step=298 node=N2464 type=observe q_typed_residual_context=5.009380 sequence=810.447132
[plan] step=299 node=N959 type=observe q_typed_residual_context=4.530695 sequence=814.977828
[plan] step=300 node=N15946 type=observe q_typed_residual_context=4.861956 sequence=819.839783
[plan] step=301 node=N15954 type=observe q_typed_residual_context=4.259644 sequence=824.099427
[plan] step=302 node=N2539 type=observe q_typed_residual_context=1.419416 sequence=825.518842
[plan] step=303 node=N926 type=observe q_typed_residual_context=8.290401 sequence=833.809243
[plan] step=304 node=N2502 type=observe q_typed_residual_context=5.864598 sequence=839.673841
[plan] step=305 node=N3344 type=observe q_typed_residual_context=7.390545 sequence=847.064386
[plan] step=306 node=N1422 type=observe q_typed_residual_context=4.095175 sequence=851.159562
[plan] step=307 node=N1227 type=observe q_typed_residual_context=2.192856 sequence=853.352418
[plan] step=308 node=N2445 type=observe q_typed_residual_context=2.633969 sequence=855.986387
[plan] step=309 node=N3905 type=observe q_typed_residual_context=4.183931 sequence=860.170318
[plan] step=310 node=N15870 type=observe q_typed_residual_context=6.588480 sequence=866.758798
[plan] step=311 node=N14903 type=observe q_typed_residual_context=5.039786 sequence=871.798584
[plan] step=312 node=N3342 type=observe q_typed_residual_context=6.640759 sequence=878.439343
[plan] step=313 node=N3403 type=observe q_typed_residual_context=5.398340 sequence=883.837684
[plan] step=314 node=N11036 type=observe q_typed_residual_context=6.478467 sequence=890.316151
[plan] step=315 node=N14982 type=observe q_typed_residual_context=4.830009 sequence=895.146160
[plan] step=316 node=N3340 type=observe q_typed_residual_context=4.740005 sequence=899.886165
[plan] step=317 node=N3338 type=observe q_typed_residual_context=1.711913 sequence=901.598078
[plan] step=318 node=N2521 type=observe q_typed_residual_context=5.313538 sequence=906.911616
[plan] step=319 node=N14646 type=observe q_typed_residual_context=5.444122 sequence=912.355738
[plan] step=320 node=N15953 type=observe q_typed_residual_context=4.257207 sequence=916.612945
[plan] step=321 node=N12826 type=observe q_typed_residual_context=4.205418 sequence=920.818363
[plan] step=322 node=N11044 type=observe q_typed_residual_context=5.103707 sequence=925.922069
[plan] step=323 node=N14898 type=observe q_typed_residual_context=4.752765 sequence=930.674834
[plan] step=324 node=N15952 type=observe q_typed_residual_context=4.194606 sequence=934.869440
[plan] step=325 node=N12813 type=observe q_typed_residual_context=3.625625 sequence=938.495066
[plan] step=326 node=N12797 type=observe q_typed_residual_context=3.994573 sequence=942.489638
[plan] step=327 node=N15950 type=observe q_typed_residual_context=2.757305 sequence=945.246943
[plan] step=328 node=N12796 type=observe q_typed_residual_context=2.577043 sequence=947.823987
[plan] step=329 node=N14612 type=observe q_typed_residual_context=2.633151 sequence=950.457137
[plan] step=330 node=N12857 type=observe q_typed_residual_context=2.156640 sequence=952.613777
[plan] step=331 node=N11050 type=observe q_typed_residual_context=7.305619 sequence=959.919396
[plan] step=332 node=N12872 type=observe q_typed_residual_context=5.041590 sequence=964.960986
[plan] step=333 node=N11042 type=observe q_typed_residual_context=4.422525 sequence=969.383511
[plan] step=334 node=N11033 type=observe q_typed_residual_context=7.154567 sequence=976.538078
[plan] step=335 node=N12839 type=observe q_typed_residual_context=7.119778 sequence=983.657856
[plan] step=336 node=N11024 type=observe q_typed_residual_context=4.406752 sequence=988.064608
[plan] step=337 node=N3409 type=observe q_typed_residual_context=7.269569 sequence=995.334177
[plan] step=338 node=N11046 type=observe q_typed_residual_context=4.267114 sequence=999.601290
[plan] step=339 node=N3995 type=observe q_typed_residual_context=6.960777 sequence=1006.562068
[plan] step=340 node=N11045 type=observe q_typed_residual_context=6.905450 sequence=1013.467517
[plan] step=341 node=N11040 type=observe q_typed_residual_context=6.569113 sequence=1020.036631
[plan] step=342 node=N15943 type=observe q_typed_residual_context=6.787780 sequence=1026.824411
[plan] step=343 node=N1423 type=observe q_typed_residual_context=6.758207 sequence=1033.582618
[plan] step=344 node=N12786 type=observe q_typed_residual_context=6.896266 sequence=1040.478884
[plan] step=345 node=N12836 type=observe q_typed_residual_context=7.037009 sequence=1047.515893
[plan] step=346 node=N11026 type=observe q_typed_residual_context=4.854398 sequence=1052.370291
[plan] step=347 node=N3406 type=observe q_typed_residual_context=7.032442 sequence=1059.402733
[plan] step=348 node=N11039 type=observe q_typed_residual_context=4.845848 sequence=1064.248581
[plan] step=349 node=N1402 type=observe q_typed_residual_context=6.960075 sequence=1071.208656
[plan] step=350 node=N11043 type=observe q_typed_residual_context=7.151296 sequence=1078.359952
[plan] step=351 node=N11047 type=observe q_typed_residual_context=8.040001 sequence=1086.399954
[plan] step=352 node=N11032 type=observe q_typed_residual_context=7.639262 sequence=1094.039216
[plan] step=353 node=N11041 type=observe q_typed_residual_context=7.869354 sequence=1101.908570
[plan] step=354 node=N14902 type=observe q_typed_residual_context=8.090330 sequence=1109.998900
[plan] step=355 node=N11038 type=observe q_typed_residual_context=7.953612 sequence=1117.952513
[plan] step=356 node=N11048 type=observe q_typed_residual_context=8.017786 sequence=1125.970298
[plan] step=357 node=N11025 type=observe q_typed_residual_context=7.327852 sequence=1133.298150
[plan] step=358 node=N11034 type=observe q_typed_residual_context=6.595748 sequence=1139.893898
[plan] step=359 node=N11027 type=observe q_typed_residual_context=6.568749 sequence=1146.462647
[plan] step=360 node=N12772 type=observe q_typed_residual_context=7.046047 sequence=1153.508694
[plan] step=361 node=N1419 type=observe q_typed_residual_context=5.583754 sequence=1159.092448
[plan] step=362 node=N11051 type=observe q_typed_residual_context=7.795977 sequence=1166.888425
[plan] step=363 node=N1418 type=observe q_typed_residual_context=8.539884 sequence=1175.428309
[plan] step=364 node=N1421 type=observe q_typed_residual_context=7.623765 sequence=1183.052074
[plan] step=365 node=N11049 type=observe q_typed_residual_context=6.184750 sequence=1189.236824
[plan] step=366 node=N11029 type=observe q_typed_residual_context=8.043153 sequence=1197.279977
[plan] step=367 node=N1424 type=observe q_typed_residual_context=8.529096 sequence=1205.809073
[plan] step=368 node=N1425 type=observe q_typed_residual_context=5.057064 sequence=1210.866137
[plan] step=369 node=N1420 type=observe q_typed_residual_context=5.323648 sequence=1216.189785
[plan] step=370 node=N1426 type=observe q_typed_residual_context=6.470742 sequence=1222.660527
[plan] step=371 node=N1427 type=observe q_typed_residual_context=3.344840 sequence=1226.005367
[plan] step=372 node=N4011 type=observe q_typed_residual_context=3.903040 sequence=1229.908406
[plan] step=373 node=N4013 type=observe q_typed_residual_context=2.580401 sequence=1232.488808
[plan] step=374 node=N1406 type=observe q_typed_residual_context=2.107988 sequence=1234.596795
[plan] step=375 node=N4015 type=observe q_typed_residual_context=2.510900 sequence=1237.107695
[plan] step=376 node=N4017 type=observe q_typed_residual_context=2.322067 sequence=1239.429762
[plan] step=377 node=N4019 type=observe q_typed_residual_context=2.232236 sequence=1241.661998
[plan] step=378 node=N4023 type=observe q_typed_residual_context=2.622803 sequence=1244.284801
[plan] step=379 node=N4052 type=observe q_typed_residual_context=2.278311 sequence=1246.563112
[plan] step=380 node=N4074 type=observe q_typed_residual_context=1.733181 sequence=1248.296293
[plan] step=381 node=N12728 type=observe q_typed_residual_context=2.440843 sequence=1250.737136
[plan] step=382 node=N12752 type=observe q_typed_residual_context=2.426921 sequence=1253.164057
[plan] step=383 node=N12903 type=observe q_typed_residual_context=1.420390 sequence=1254.584447
[plan] step=384 node=N12761 type=observe q_typed_residual_context=3.044968 sequence=1257.629416
[plan] step=385 node=N12740 type=observe q_typed_residual_context=2.137782 sequence=1259.767198
[plan] step=386 node=N12727 type=observe q_typed_residual_context=4.915287 sequence=1264.682485
[plan] step=387 node=N12731 type=observe q_typed_residual_context=2.833631 sequence=1267.516116
[plan] step=388 node=N12730 type=observe q_typed_residual_context=3.412032 sequence=1270.928148
[plan] step=389 node=N12744 type=observe q_typed_residual_context=3.751575 sequence=1274.679724
[plan] step=390 node=N15044 type=observe q_typed_residual_context=1.384667 sequence=1276.064391
[plan] step=391 node=N11035 type=observe q_typed_residual_context=6.933022 sequence=1282.997413
[plan] step=392 node=N11028 type=observe q_typed_residual_context=5.041843 sequence=1288.039256
[plan] step=393 node=N12753 type=observe q_typed_residual_context=5.603035 sequence=1293.642291
[plan] step=394 node=N12759 type=observe q_typed_residual_context=2.595117 sequence=1296.237408
[plan] step=395 node=N12760 type=observe q_typed_residual_context=2.418922 sequence=1298.656330
[plan] step=396 node=N12763 type=observe q_typed_residual_context=2.237813 sequence=1300.894144
[plan] step=397 node=N12829 type=observe q_typed_residual_context=2.667281 sequence=1303.561424
[plan] step=398 node=N12777 type=observe q_typed_residual_context=2.375669 sequence=1305.937093
[plan] step=399 node=N11037 type=observe q_typed_residual_context=4.645835 sequence=1310.582928
[plan] step=400 node=N12817 type=observe q_typed_residual_context=7.096150 sequence=1317.679078
[plan] step=401 node=N14900 type=observe q_typed_residual_context=2.057151 sequence=1319.736229
[plan] step=402 node=N12602 type=observe q_typed_residual_context=6.388123 sequence=1326.124352
[plan] step=403 node=N12645 type=observe q_typed_residual_context=4.847442 sequence=1330.971794
[plan] step=404 node=N1713 type=observe q_typed_residual_context=5.263558 sequence=1336.235352
[plan] step=405 node=N14629 type=observe q_typed_residual_context=1.750664 sequence=1337.986016
[plan] step=406 node=N12591 type=observe q_typed_residual_context=1.685252 sequence=1339.671269
[plan] step=407 node=N12518 type=observe q_typed_residual_context=2.646531 sequence=1342.317800
[plan] step=408 node=N12516 type=observe q_typed_residual_context=3.030932 sequence=1345.348732
[plan] step=409 node=N12734 type=observe q_typed_residual_context=4.028385 sequence=1349.377117
[plan] step=410 node=N12779 type=observe q_typed_residual_context=5.106137 sequence=1354.483254
[plan] step=411 node=N14899 type=observe q_typed_residual_context=3.697072 sequence=1358.180325
[plan] step=412 node=N12736 type=observe q_typed_residual_context=5.979428 sequence=1364.159754
[plan] step=413 node=N12596 type=observe q_typed_residual_context=5.086556 sequence=1369.246310
[plan] step=414 node=N12732 type=observe q_typed_residual_context=6.257651 sequence=1375.503960
[plan] step=415 node=N14983 type=observe q_typed_residual_context=5.267888 sequence=1380.771848
[plan] step=416 node=N12513 type=observe q_typed_residual_context=4.223240 sequence=1384.995088
[plan] step=417 node=N14633 type=observe q_typed_residual_context=5.445934 sequence=1390.441022
[plan] step=418 node=N14989 type=observe q_typed_residual_context=6.414256 sequence=1396.855278
[plan] step=419 node=N12733 type=observe q_typed_residual_context=6.051307 sequence=1402.906584
[plan] step=420 node=N14631 type=observe q_typed_residual_context=6.261406 sequence=1409.167990
[plan] step=421 node=N14627 type=observe q_typed_residual_context=4.438901 sequence=1413.606891
[plan] step=422 node=N14614 type=observe q_typed_residual_context=5.818484 sequence=1419.425376
[plan] step=423 node=N12748 type=observe q_typed_residual_context=1.590504 sequence=1421.015879
[plan] step=424 node=N12588 type=observe q_typed_residual_context=3.259675 sequence=1424.275554
[plan] step=425 node=N12672 type=observe q_typed_residual_context=1.212672 sequence=1425.488227
[plan] step=426 node=N12648 type=observe q_typed_residual_context=3.250529 sequence=1428.738756
[plan] step=427 node=N12621 type=observe q_typed_residual_context=2.566392 sequence=1431.305148
[plan] step=428 node=N15004 type=observe q_typed_residual_context=2.122100 sequence=1433.427248
[plan] step=429 node=N12549 type=observe q_typed_residual_context=1.627028 sequence=1435.054276
[plan] step=430 node=N12651 type=observe q_typed_residual_context=1.579579 sequence=1436.633855
[plan] step=431 node=N12656 type=observe q_typed_residual_context=1.877169 sequence=1438.511024
[plan] step=432 node=N12675 type=observe q_typed_residual_context=1.707484 sequence=1440.218507
[plan] step=433 node=N12659 type=observe q_typed_residual_context=1.838881 sequence=1442.057388
[plan] step=434 node=N12662 type=observe q_typed_residual_context=1.670479 sequence=1443.727867
[plan] step=435 node=N12552 type=observe q_typed_residual_context=1.780095 sequence=1445.507962
[plan] step=436 node=N12677 type=observe q_typed_residual_context=1.533085 sequence=1447.041047
[plan] step=437 node=N1738 type=observe q_typed_residual_context=7.389197 sequence=1454.430244
[plan] step=438 node=N14947 type=observe q_typed_residual_context=7.245693 sequence=1461.675937
[plan] step=439 node=N1413 type=observe q_typed_residual_context=3.029506 sequence=1464.705443
[plan] step=440 node=N12546 type=observe q_typed_residual_context=1.922653 sequence=1466.628096
[plan] step=441 node=N12735 type=observe q_typed_residual_context=2.030980 sequence=1468.659076
[plan] step=442 node=N14965 type=observe q_typed_residual_context=4.628443 sequence=1473.287519
[plan] step=443 node=N12548 type=observe q_typed_residual_context=1.535783 sequence=1474.823302
[plan] step=444 node=N1412 type=observe q_typed_residual_context=1.718262 sequence=1476.541564
[plan] step=445 node=N1411 type=observe q_typed_residual_context=1.693694 sequence=1478.235259
[plan] step=446 node=N14616 type=observe q_typed_residual_context=1.714523 sequence=1479.949782
[plan] step=447 node=N3450 type=observe q_typed_residual_context=1.151078 sequence=1481.100860
[plan] step=448 node=N14658 type=observe q_typed_residual_context=5.556091 sequence=1486.656951
[plan] step=449 node=N14672 type=observe q_typed_residual_context=4.111202 sequence=1490.768153
[plan] step=450 node=N3438 type=observe q_typed_residual_context=2.502543 sequence=1493.270696
[plan] step=451 node=N3435 type=observe q_typed_residual_context=2.570194 sequence=1495.840890
[plan] step=452 node=N3432 type=observe q_typed_residual_context=2.459009 sequence=1498.299899
[plan] step=453 node=N1739 type=observe q_typed_residual_context=2.925870 sequence=1501.225770
[plan] step=454 node=N12619 type=observe q_typed_residual_context=2.894535 sequence=1504.120305
[plan] step=455 node=N3429 type=observe q_typed_residual_context=2.521519 sequence=1506.641824
[plan] step=456 node=N1740 type=observe q_typed_residual_context=1.703269 sequence=1508.345093
[plan] step=457 node=N1741 type=observe q_typed_residual_context=1.465629 sequence=1509.810722
[plan] step=458 node=N6743 type=observe q_typed_residual_context=1.235515 sequence=1511.046237
[plan] step=459 node=N15937 type=observe q_typed_residual_context=1.676744 sequence=1512.722981
[plan] step=460 node=N12545 type=observe q_typed_residual_context=2.043602 sequence=1514.766583
[plan] step=461 node=N14613 type=observe q_typed_residual_context=2.566554 sequence=1517.333137
[plan] step=462 node=N5160 type=observe q_typed_residual_context=1.976931 sequence=1519.310068
[plan] step=463 node=N9013 type=control0 q_typed_residual_context=0.811096 sequence=1520.121165
[plan] step=464 node=N9011 type=control0 q_typed_residual_context=0.644144 sequence=1520.765309
[plan] step=465 node=N14896 type=observe q_typed_residual_context=0.689848 sequence=1521.455157
[plan] step=466 node=N14981 type=observe q_typed_residual_context=1.856137 sequence=1523.311294
[plan] step=467 node=N14986 type=observe q_typed_residual_context=1.248305 sequence=1524.559599
[plan] step=468 node=N14987 type=observe q_typed_residual_context=1.510359 sequence=1526.069958
[plan] step=469 node=N14984 type=observe q_typed_residual_context=2.591760 sequence=1528.661719
[plan] step=470 node=N14985 type=observe q_typed_residual_context=2.094891 sequence=1530.756609
[plan] step=471 node=N14988 type=observe q_typed_residual_context=3.135330 sequence=1533.891939
[plan] step=472 node=N14625 type=observe q_typed_residual_context=3.113968 sequence=1537.005907
[plan] step=473 node=N14998 type=observe q_typed_residual_context=3.490783 sequence=1540.496690
[plan] step=474 node=N15000 type=observe q_typed_residual_context=4.484830 sequence=1544.981520
[plan] step=475 node=N15001 type=observe q_typed_residual_context=1.170989 sequence=1546.152509
[plan] step=476 node=N14996 type=observe q_typed_residual_context=5.625503 sequence=1551.778012
[plan] step=477 node=N14995 type=observe q_typed_residual_context=5.229206 sequence=1557.007217
[plan] step=478 node=N15043 type=observe q_typed_residual_context=4.392849 sequence=1561.400066
[plan] step=479 node=N1415 type=observe q_typed_residual_context=3.815893 sequence=1565.215959
[plan] step=480 node=N14994 type=observe q_typed_residual_context=4.617761 sequence=1569.833720
[plan] step=481 node=N14967 type=observe q_typed_residual_context=1.085118 sequence=1570.918838
[plan] step=482 node=N14940 type=observe q_typed_residual_context=0.969893 sequence=1571.888731
[plan] step=483 node=N3441 type=observe q_typed_residual_context=1.975992 sequence=1573.864723
[plan] step=484 node=N14949 type=observe q_typed_residual_context=3.083159 sequence=1576.947882
[plan] step=485 node=N14558 type=observe q_typed_residual_context=2.896916 sequence=1579.844798
[plan] step=486 node=N14559 type=observe q_typed_residual_context=2.792662 sequence=1582.637460
[plan] step=487 node=N14568 type=observe q_typed_residual_context=2.614689 sequence=1585.252149
[plan] step=488 node=N14569 type=observe q_typed_residual_context=2.464222 sequence=1587.716372
[plan] step=489 node=N14571 type=observe q_typed_residual_context=2.227227 sequence=1589.943599
[plan] step=490 node=N4226 type=observe q_typed_residual_context=2.290638 sequence=1592.234236
[plan] step=491 node=N10976 type=observe q_typed_residual_context=1.883896 sequence=1594.118132
[plan] step=492 node=N14931 type=observe q_typed_residual_context=2.023284 sequence=1596.141416
[plan] step=493 node=N14580 type=observe q_typed_residual_context=3.314661 sequence=1599.456078
[plan] step=494 node=N14582 type=observe q_typed_residual_context=3.117639 sequence=1602.573716
[plan] step=495 node=N12884 type=observe q_typed_residual_context=2.948726 sequence=1605.522442
[plan] step=496 node=N12885 type=observe q_typed_residual_context=2.434435 sequence=1607.956877
[plan] step=497 node=N14586 type=observe q_typed_residual_context=2.009931 sequence=1609.966808
[plan] step=498 node=N14572 type=observe q_typed_residual_context=1.805608 sequence=1611.772415
[plan] step=499 node=N14993 type=observe q_typed_residual_context=1.758512 sequence=1613.530927
[plan] step=500 node=N14945 type=observe q_typed_residual_context=1.538580 sequence=1615.069507
[plan] step=501 node=N14948 type=observe q_typed_residual_context=2.287165 sequence=1617.356672
[plan] step=502 node=N14951 type=observe q_typed_residual_context=2.635496 sequence=1619.992168
[plan] step=503 node=N14944 type=observe q_typed_residual_context=2.127693 sequence=1622.119861
[plan] step=504 node=N14958 type=observe q_typed_residual_context=1.578776 sequence=1623.698636
[plan] step=505 node=N14939 type=observe q_typed_residual_context=1.583431 sequence=1625.282068
[plan] step=506 node=N12771 type=observe q_typed_residual_context=1.563701 sequence=1626.845769
[plan] step=507 node=N14959 type=observe q_typed_residual_context=1.540705 sequence=1628.386474
[plan] step=508 node=N14657 type=observe q_typed_residual_context=1.821988 sequence=1630.208462
[plan] step=509 node=N14671 type=observe q_typed_residual_context=1.772164 sequence=1631.980627
[plan] step=510 node=N14960 type=observe q_typed_residual_context=1.227667 sequence=1633.208294
[plan] step=511 node=N14570 type=observe q_typed_residual_context=1.339965 sequence=1634.548259
[plan] step=512 node=N12767 type=observe q_typed_residual_context=1.311969 sequence=1635.860228
[plan] step=513 node=N12723 type=observe q_typed_residual_context=1.441642 sequence=1637.301870
[plan] step=514 node=N11168 type=observe q_typed_residual_context=1.793452 sequence=1639.095323
[plan] step=515 node=N1414 type=observe q_typed_residual_context=2.216697 sequence=1641.312020
[plan] step=516 node=N2954 type=observe q_typed_residual_context=1.738143 sequence=1643.050163
[plan] step=517 node=N12718 type=observe q_typed_residual_context=1.744769 sequence=1644.794932
[plan] step=518 node=N6744 type=observe q_typed_residual_context=1.795974 sequence=1646.590906
[plan] step=519 node=N2936 type=observe q_typed_residual_context=1.832923 sequence=1648.423828
[plan] step=520 node=N2965 type=observe q_typed_residual_context=1.858513 sequence=1650.282342
[plan] step=521 node=N6746 type=observe q_typed_residual_context=1.723821 sequence=1652.006163
[plan] step=522 node=N2974 type=observe q_typed_residual_context=1.683651 sequence=1653.689814
[plan] step=523 node=N12775 type=observe q_typed_residual_context=2.012762 sequence=1655.702576
[plan] step=524 node=N15939 type=observe q_typed_residual_context=2.272691 sequence=1657.975267
[plan] step=525 node=N2992 type=observe q_typed_residual_context=1.315143 sequence=1659.290410
[plan] step=526 node=N12768 type=observe q_typed_residual_context=1.410820 sequence=1660.701229
[plan] step=527 node=N14966 type=observe q_typed_residual_context=1.379112 sequence=1662.080341
[plan] step=528 node=N14952 type=observe q_typed_residual_context=2.655005 sequence=1664.735346
[plan] step=529 node=N15962 type=observe q_typed_residual_context=3.065436 sequence=1667.800782
[plan] step=530 node=N11031 type=observe q_typed_residual_context=2.900068 sequence=1670.700850
[plan] step=531 node=N14938 type=observe q_typed_residual_context=2.562276 sequence=1673.263126
[plan] step=532 node=N14632 type=observe q_typed_residual_context=2.936505 sequence=1676.199631
[plan] step=533 node=N3451 type=observe q_typed_residual_context=1.058343 sequence=1677.257974
[plan] step=534 node=N3010 type=observe q_typed_residual_context=5.482914 sequence=1682.740888
[plan] step=535 node=N3448 type=observe q_typed_residual_context=4.070290 sequence=1686.811177
[plan] step=536 node=N3063 type=observe q_typed_residual_context=5.504923 sequence=1692.316101
[plan] step=537 node=N3072 type=observe q_typed_residual_context=4.662007 sequence=1696.978108
[plan] step=538 node=N3036 type=observe q_typed_residual_context=2.550535 sequence=1699.528643
[plan] step=539 node=N3081 type=observe q_typed_residual_context=2.083458 sequence=1701.612101
[plan] step=540 node=N12641 type=observe q_typed_residual_context=1.860899 sequence=1703.473000
[plan] step=541 node=N3099 type=observe q_typed_residual_context=1.706064 sequence=1705.179064
[plan] step=542 node=N3445 type=observe q_typed_residual_context=2.059480 sequence=1707.238545
[plan] step=543 node=N3144 type=observe q_typed_residual_context=7.414058 sequence=1714.652603
[plan] step=544 node=N3162 type=observe q_typed_residual_context=2.411437 sequence=1717.064040
[plan] step=545 node=N3180 type=observe q_typed_residual_context=1.681496 sequence=1718.745536
[plan] step=546 node=N3198 type=observe q_typed_residual_context=1.497182 sequence=1720.242718
[plan] step=547 node=N3126 type=observe q_typed_residual_context=1.518660 sequence=1721.761377
[plan] step=548 node=N3045 type=observe q_typed_residual_context=2.676855 sequence=1724.438232
[plan] step=549 node=N3153 type=observe q_typed_residual_context=2.961235 sequence=1727.399467
[plan] step=550 node=N3442 type=observe q_typed_residual_context=0.709745 sequence=1728.109213
[plan] step=551 node=N2983 type=observe q_typed_residual_context=1.113339 sequence=1729.222552
[plan] step=552 node=N3117 type=observe q_typed_residual_context=1.009243 sequence=1730.231795
[plan] step=553 node=N14941 type=observe q_typed_residual_context=1.065150 sequence=1731.296945
[plan] step=554 node=N14953 type=observe q_typed_residual_context=0.970435 sequence=1732.267380
[plan] step=555 node=N14587 type=observe q_typed_residual_context=1.079687 sequence=1733.347067
[plan] step=556 node=N14561 type=observe q_typed_residual_context=1.101387 sequence=1734.448454
[plan] step=557 node=N14897 type=observe q_typed_residual_context=4.991199 sequence=1739.439653
[plan] step=558 node=N857 type=observe q_typed_residual_context=5.194802 sequence=1744.634456
[plan] step=559 node=N14573 type=observe q_typed_residual_context=6.633956 sequence=1751.268412
[plan] step=560 node=N14628 type=observe q_typed_residual_context=6.701261 sequence=1757.969673
[plan] step=561 node=N14581 type=observe q_typed_residual_context=7.178328 sequence=1765.148000
[plan] step=562 node=N14619 type=observe q_typed_residual_context=6.482051 sequence=1771.630051
[plan] step=563 node=N14992 type=observe q_typed_residual_context=4.338299 sequence=1775.968350
[plan] step=564 node=N14583 type=observe q_typed_residual_context=7.349552 sequence=1783.317903
[plan] step=565 node=N12710 type=observe q_typed_residual_context=7.116724 sequence=1790.434627
[plan] step=566 node=N14990 type=observe q_typed_residual_context=6.787484 sequence=1797.222111
[plan] step=567 node=N14934 type=observe q_typed_residual_context=6.517736 sequence=1803.739846
[plan] step=568 node=N14932 type=observe q_typed_residual_context=7.091831 sequence=1810.831677
[plan] step=569 node=N14933 type=observe q_typed_residual_context=5.526551 sequence=1816.358228
[plan] step=570 node=N14935 type=observe q_typed_residual_context=7.395165 sequence=1823.753393
[plan] step=571 node=N14557 type=observe q_typed_residual_context=3.468331 sequence=1827.221724
[plan] step=572 node=N14652 type=observe q_typed_residual_context=2.166405 sequence=1829.388129
[plan] step=573 node=N14942 type=observe q_typed_residual_context=1.053904 sequence=1830.442033
[plan] step=574 node=N14943 type=observe q_typed_residual_context=0.653825 sequence=1831.095859
[plan] step=575 node=N14946 type=observe q_typed_residual_context=1.612593 sequence=1832.708452
[plan] step=576 node=N14950 type=observe q_typed_residual_context=1.587607 sequence=1834.296059
[plan] step=577 node=N14955 type=observe q_typed_residual_context=1.859819 sequence=1836.155878
[plan] step=578 node=N14954 type=observe q_typed_residual_context=1.802955 sequence=1837.958833
[plan] step=579 node=N14957 type=observe q_typed_residual_context=1.639677 sequence=1839.598510
[plan] step=580 node=N14956 type=observe q_typed_residual_context=1.603607 sequence=1841.202117
[plan] step=581 node=N14962 type=observe q_typed_residual_context=1.580919 sequence=1842.783036
[plan] step=582 node=N14963 type=observe q_typed_residual_context=1.551100 sequence=1844.334136
[plan] step=583 node=N14937 type=observe q_typed_residual_context=1.556241 sequence=1845.890377
[plan] step=584 node=N14667 type=observe q_typed_residual_context=1.565149 sequence=1847.455526
[plan] step=585 node=N14590 type=observe q_typed_residual_context=1.561520 sequence=1849.017047
[plan] step=586 node=N14666 type=observe q_typed_residual_context=1.537361 sequence=1850.554408
[plan] step=587 node=N14653 type=observe q_typed_residual_context=1.519835 sequence=1852.074243
[plan] step=588 node=N15019 type=observe q_typed_residual_context=1.840662 sequence=1853.914905
[plan] step=589 node=N2952 type=observe q_typed_residual_context=1.379328 sequence=1855.294233
[plan] step=590 node=N3975 type=observe q_typed_residual_context=1.310640 sequence=1856.604873
[plan] step=591 node=N3001 type=observe q_typed_residual_context=2.271880 sequence=1858.876752
[plan] step=592 node=N15066 type=observe q_typed_residual_context=2.094206 sequence=1860.970958
[plan] step=593 node=N3972 type=observe q_typed_residual_context=1.797215 sequence=1862.768173
[plan] step=594 node=N3019 type=observe q_typed_residual_context=2.553073 sequence=1865.321246
[plan] step=595 node=N14679 type=observe q_typed_residual_context=2.536505 sequence=1867.857751
[plan] step=596 node=N15033 type=observe q_typed_residual_context=2.271653 sequence=1870.129404
[plan] step=597 node=N3054 type=observe q_typed_residual_context=1.618369 sequence=1871.747772
[plan] step=598 node=N14964 type=observe q_typed_residual_context=1.531496 sequence=1873.279268
[plan] step=599 node=N3090 type=observe q_typed_residual_context=2.396171 sequence=1875.675440
[plan] step=600 node=N15040 type=observe q_typed_residual_context=2.368197 sequence=1878.043637
[plan] step=601 node=N3926 type=observe q_typed_residual_context=1.643528 sequence=1879.687165
[plan] step=602 node=N3108 type=observe q_typed_residual_context=2.485962 sequence=1882.173127
[plan] step=603 node=N15069 type=observe q_typed_residual_context=2.281819 sequence=1884.454946
[plan] step=604 node=N15035 type=observe q_typed_residual_context=2.482398 sequence=1886.937344
[plan] step=605 node=N15051 type=observe q_typed_residual_context=4.139411 sequence=1891.076755
[plan] step=606 node=N3923 type=observe q_typed_residual_context=1.782134 sequence=1892.858889
[plan] step=607 node=N14961 type=observe q_typed_residual_context=3.684647 sequence=1896.543535
[plan] step=608 node=N15057 type=observe q_typed_residual_context=7.044942 sequence=1903.588478
[plan] step=609 node=N15072 type=observe q_typed_residual_context=2.353556 sequence=1905.942034
[plan] step=610 node=N15064 type=observe q_typed_residual_context=4.291040 sequence=1910.233074
[plan] step=611 node=N11149 type=observe q_typed_residual_context=4.280728 sequence=1914.513802
[plan] step=612 node=N15030 type=observe q_typed_residual_context=6.199030 sequence=1920.712831
[plan] step=613 node=N15027 type=observe q_typed_residual_context=3.123425 sequence=1923.836256
[plan] step=614 node=N15048 type=observe q_typed_residual_context=3.877617 sequence=1927.713873
[plan] step=615 node=N15049 type=observe q_typed_residual_context=6.747671 sequence=1934.461544
[plan] step=616 node=N15045 type=observe q_typed_residual_context=5.584850 sequence=1940.046394
[plan] step=617 node=N3135 type=observe q_typed_residual_context=6.424038 sequence=1946.470432
[plan] step=618 node=N3171 type=observe q_typed_residual_context=5.002026 sequence=1951.472458
[plan] step=619 node=N3189 type=observe q_typed_residual_context=2.534248 sequence=1954.006706
[plan] step=620 node=N14618 type=observe q_typed_residual_context=1.030901 sequence=1955.037607
[plan] step=621 node=N1948 type=observe q_typed_residual_context=1.120875 sequence=1956.158482
[plan] step=622 node=N15938 type=observe q_typed_residual_context=2.229207 sequence=1958.387689
[plan] step=623 node=N1956 type=observe q_typed_residual_context=1.811890 sequence=1960.199580
[plan] step=624 node=N11089 type=observe q_typed_residual_context=3.007370 sequence=1963.206949
[plan] step=625 node=N1967 type=observe q_typed_residual_context=4.035719 sequence=1967.242668
[plan] step=626 node=N14644 type=observe q_typed_residual_context=6.746894 sequence=1973.989562
[plan] step=627 node=N15949 type=observe q_typed_residual_context=2.265050 sequence=1976.254612
[plan] step=628 node=N14630 type=observe q_typed_residual_context=1.509605 sequence=1977.764217
saved=autoresearch/loop-260720-0945/typed_winner_round3_five/b21_C/plans/iscas99__b21__greedy__cumulative__q_typed_residual_context__bw1__d1__c48__g1p0__candhard_fault_cluster__div0p0__s0.csv
