new_n13958->new_n13958_PO /0 undetected
test_en->__tpi_cp_7___aig_not_37591 /0 undetected
__tpi_not_test_en->__tpi_cp_6_new_n15549 /1 undetected
test_en->__tpi_cp_15___buf_split_22255 /0 undetected
__tpi_not_test_en->__tpi_cp_20___aig_not_36248 /1 undetected
__tpi_not_test_en->__tpi_cp_21___aig_not_36046 /1 undetected
test_en->__tpi_cp_16___aig_and_36045 /0 undetected
test_en->__tpi_cp_14_new_n14928 /0 undetected
test_en->__tpi_cp_19___buf_split_22130 /0 undetected
__tpi_not_test_en->__tpi_cp_1___aig_not_36076 /1 undetected
test_en->__tpi_cp_9_new_n14939 /0 undetected
test_en->__tpi_cp_3___aig_and_36065 /0 undetected
__tpi_not_test_en->__tpi_cp_13___aig_and_35155 /1 undetected
__tpi_not_test_en->__tpi_cp_18___aig_and_35154 /1 undetected
__tpi_cp_18___aig_and_35154 /1 undetected
__aig_and_35154 /1 undetected
__tpi_not_test_en->__tpi_cp_5___aig_not_35153 /1 undetected
__tpi_cp_5___aig_not_35153 /1 undetected
__aig_not_35153 /1 undetected
__buf_split_21628 /1 undetected
__buf_split_21627 /1 undetected
__tpi_not_test_en->__tpi_cp_8___aig_not_35152 /1 undetected
__tpi_cp_8___aig_not_35152 /1 undetected
__aig_not_35152 /1 undetected
__aig_not_35148 /1 undetected
test_en->__tpi_cp_2___aig_and_35147 /0 undetected
__aig_not_35146 /1 undetected
__aig_not_36095 /1 undetected
test_en->__tpi_cp_0___buf_split_22159 /0 undetected
__aig_not_36049 /1 undetected
test_en->__tpi_cp_10___buf_split_22133 /0 undetected
__aig_not_36120 /1 undetected
__aig_not_36072 /1 undetected
__aig_and_35145 /0 undetected
__aig_not_35144 /1 undetected
__buf_split_20694 /1 undetected
__buf_split_20693 /1 undetected
__aig_not_33602 /1 undetected
__aig_not_33600 /1 undetected
new_n13958 /0 undetected
