__tpi_not_test_en->__tpi_cp_109___buf_split_10341 /1 undetected
__tpi_not_test_en->__tpi_cp_112___buf_split_10245 /1 undetected
__tpi_not_test_en->__tpi_cp_113___buf_split_9813 /1 undetected
__tpi_not_test_en->__tpi_cp_108___buf_split_7416 /1 undetected
__tpi_not_test_en->__tpi_cp_3_new_n11264_ /1 undetected
test_en->__tpi_cp_30_new_n11263_ /0 undetected
__tpi_not_test_en->__tpi_cp_4_new_n13587_ /1 undetected
__tpi_not_test_en->__tpi_cp_103_new_n11237_ /1 undetected
new_n11222_ /1 undetected
__buf_split_7389 /1 undetected
new_n11214_->__tpi_cp_6_new_n11214_ /0 undetected
test_en->__tpi_cp_6_new_n11214_ /0 undetected
test_en->__tpi_cp_102_new_n11220_ /0 undetected
__tpi_not_test_en->__tpi_cp_137___buf_split_7382 /1 undetected
__buf_split_7382 /1 undetected
__tpi_not_test_en->__tpi_cp_118_new_n11213_ /1 undetected
new_n11213_ /1 undetected
__tpi_not_test_en->__tpi_cp_0_new_n11212_ /1 undetected
__tpi_cp_0_new_n11212_ /1 undetected
new_n11212_ /1 undetected
test_en->__tpi_cp_117_new_n11211_ /0 undetected
new_n11211_ /0 undetected
test_en->__tpi_cp_119_new_n11210_ /0 undetected
__tpi_cp_119_new_n11210_ /1 undetected
new_n11210_ /0 undetected
test_en->__tpi_cp_121_new_n11209_ /0 undetected
__tpi_cp_121_new_n11209_ /1 undetected
new_n11209_ /0 undetected
test_en->__tpi_cp_209_new_n11208_ /0 undetected
__tpi_cp_209_new_n11208_ /1 undetected
new_n11208_ /0 undetected
test_en->__tpi_cp_156_new_n11207_ /0 undetected
__tpi_cp_156_new_n11207_ /1 undetected
new_n11207_ /0 undetected
test_en->__tpi_cp_82_new_n11206_ /0 undetected
__tpi_cp_82_new_n11206_ /1 undetected
new_n11206_ /0 undetected
__tpi_not_test_en->__tpi_cp_175_new_n11205_ /1 undetected
__tpi_cp_175_new_n11205_ /1 undetected
new_n11205_ /1 undetected
new_n11204_ /1 undetected
__buf_split_7380 /1 undetected
__buf_split_7379 /1 undetected
__tpi_not_test_en->__tpi_cp_37_new_n11203_ /1 undetected
__tpi_cp_37_new_n11203_ /1 undetected
new_n11203_ /1 undetected
__buf_split_7378 /1 undetected
__buf_split_7377 /1 undetected
__tpi_not_test_en->__tpi_cp_157_new_n11202_ /1 undetected
__tpi_cp_157_new_n11202_ /1 undetected
new_n11202_ /1 undetected
new_n11201_ /1 undetected
__buf_split_7376 /1 undetected
__buf_split_7375 /1 undetected
__tpi_not_test_en->__tpi_cp_38_new_n11200_ /1 undetected
__tpi_cp_38_new_n11200_ /1 undetected
new_n11200_ /1 undetected
__buf_split_7374 /1 undetected
__buf_split_7373 /1 undetected
new_n11199_ /1 undetected
__tpi_not_test_en->__tpi_cp_177_new_n11198_ /1 undetected
__tpi_cp_177_new_n11198_ /1 undetected
new_n11198_ /1 undetected
__tpi_not_test_en->__tpi_cp_39_new_n11197_ /1 undetected
__tpi_cp_39_new_n11197_ /1 undetected
new_n11197_ /1 undetected
__buf_split_7372 /1 undetected
__buf_split_7371 /1 undetected
test_en->__tpi_cp_84_new_n11196_ /0 undetected
__tpi_cp_84_new_n11196_ /1 undetected
new_n11196_ /0 undetected
__buf_split_7370 /1 undetected
__buf_split_7369 /1 undetected
__tpi_not_test_en->__tpi_cp_181_new_n11195_ /1 undetected
__tpi_cp_181_new_n11195_ /1 undetected
new_n11195_ /1 undetected
test_en->__tpi_cp_87_new_n11194_ /0 undetected
__tpi_cp_87_new_n11194_ /1 undetected
new_n11194_ /0 undetected
__buf_split_7368 /1 undetected
__buf_split_7367 /1 undetected
__tpi_not_test_en->__tpi_cp_31_new_n11193_ /1 undetected
__tpi_cp_31_new_n11193_ /1 undetected
new_n11193_ /1 undetected
__buf_split_7366 /1 undetected
__buf_split_7365 /1 undetected
test_en->__tpi_cp_176_new_n11192_ /0 undetected
__tpi_cp_176_new_n11192_ /1 undetected
new_n11192_ /0 undetected
__tpi_not_test_en->__tpi_cp_160_new_n11191_ /1 undetected
__tpi_cp_160_new_n11191_ /1 undetected
new_n11191_ /1 undetected
__buf_split_7364 /1 undetected
__buf_split_7363 /1 undetected
new_n11190_ /1 undetected
test_en->__tpi_cp_202_new_n11189_ /0 undetected
__tpi_cp_202_new_n11189_ /1 undetected
new_n11189_ /0 undetected
new_n11188_ /1 undetected
__buf_split_7362 /1 undetected
__buf_split_7361 /1 undetected
__tpi_not_test_en->__tpi_cp_42_new_n11187_ /1 undetected
__tpi_cp_42_new_n11187_ /1 undetected
new_n11187_ /1 undetected
__buf_split_7360 /1 undetected
__buf_split_7359 /1 undetected
test_en->__tpi_cp_67_new_n11186_ /0 undetected
__tpi_cp_67_new_n11186_ /1 undetected
new_n11186_ /0 undetected
__tpi_not_test_en->__tpi_cp_141___buf_split_7358 /1 undetected
__tpi_cp_141___buf_split_7358 /1 undetected
__buf_split_7358 /1 undetected
__buf_split_7357 /1 undetected
test_en->__tpi_cp_25_new_n11184_ /0 undetected
__tpi_cp_25_new_n11184_ /1 undetected
new_n11184_ /0 undetected
test_en->__tpi_cp_212_new_n11183_ /0 undetected
__tpi_cp_212_new_n11183_ /1 undetected
new_n11183_ /0 undetected
new_n11182_ /1 undetected
__tpi_not_test_en->__tpi_cp_61_new_n11181_ /1 undetected
__tpi_cp_61_new_n11181_ /1 undetected
new_n11181_ /1 undetected
__buf_split_7354 /1 undetected
__buf_split_7353 /1 undetected
__tpi_not_test_en->__tpi_cp_182_new_n11180_ /1 undetected
__tpi_cp_182_new_n11180_ /1 undetected
new_n11180_ /1 undetected
__buf_split_7352 /1 undetected
__buf_split_7351 /1 undetected
new_n11179_ /1 undetected
__tpi_not_test_en->__tpi_cp_63_new_n11178_ /1 undetected
__tpi_cp_63_new_n11178_ /1 undetected
new_n11178_ /1 undetected
__buf_split_7350 /1 undetected
__buf_split_7349 /1 undetected
__tpi_not_test_en->__tpi_cp_183_new_n11177_ /1 undetected
__tpi_cp_183_new_n11177_ /1 undetected
new_n11177_ /1 undetected
__buf_split_7348 /1 undetected
__buf_split_7347 /1 undetected
test_en->__tpi_cp_151_new_n11176_ /0 undetected
__tpi_cp_151_new_n11176_ /1 undetected
new_n11176_ /0 undetected
new_n11175_ /1 undetected
__tpi_not_test_en->__tpi_cp_159_new_n11174_ /1 undetected
__tpi_cp_159_new_n11174_ /1 undetected
new_n11174_ /1 undetected
test_en->__tpi_cp_36_new_n11173_ /0 undetected
__tpi_cp_36_new_n11173_ /1 undetected
new_n11173_ /0 undetected
__buf_split_7346 /1 undetected
__buf_split_7345 /1 undetected
test_en->__tpi_cp_214_new_n11172_ /0 undetected
__tpi_cp_214_new_n11172_ /1 undetected
new_n11172_ /0 undetected
__buf_split_7344 /1 undetected
__buf_split_7343 /1 undetected
__tpi_not_test_en->__tpi_cp_76_new_n11171_ /1 undetected
__tpi_cp_76_new_n11171_ /1 undetected
new_n11171_ /1 undetected
new_n11170_ /1 undetected
__buf_split_7342 /1 undetected
__buf_split_7341 /1 undetected
test_en->__tpi_cp_33_new_n11169_ /0 undetected
__tpi_cp_33_new_n11169_ /1 undetected
new_n11169_ /0 undetected
__buf_split_7340 /1 undetected
__buf_split_7339 /1 undetected
new_n11168_ /1 undetected
__tpi_not_test_en->__tpi_cp_66_new_n11167_ /1 undetected
__tpi_cp_66_new_n11167_ /1 undetected
new_n11167_ /1 undetected
__buf_split_7338 /1 undetected
__buf_split_7337 /1 undetected
__tpi_not_test_en->__tpi_cp_184_new_n11166_ /1 undetected
__tpi_cp_184_new_n11166_ /1 undetected
new_n11166_ /1 undetected
__buf_split_7336 /1 undetected
__buf_split_7335 /1 undetected
test_en->__tpi_cp_123_new_n11165_ /0 undetected
__tpi_cp_123_new_n11165_ /1 undetected
new_n11165_ /0 undetected
test_en->__tpi_cp_208_new_n11164_ /0 undetected
__tpi_cp_208_new_n11164_ /1 undetected
new_n11164_ /0 undetected
test_en->__tpi_cp_5_new_n11163_ /0 undetected
__tpi_cp_5_new_n11163_ /1 undetected
new_n11163_ /0 undetected
__tpi_not_test_en->__tpi_cp_161_new_n11162_ /1 undetected
__tpi_cp_161_new_n11162_ /1 undetected
new_n11162_ /1 undetected
__buf_split_7334 /1 undetected
new_n10899_->__tpi_cp_59_new_n10899_ /1 undetected
__tpi_not_test_en->__tpi_cp_59_new_n10899_ /1 undetected
__buf_split_7333 /1 undetected
new_n10895_->__tpi_cp_60_new_n10895_ /1 undetected
__tpi_not_test_en->__tpi_cp_60_new_n10895_ /1 undetected
__tpi_not_test_en->__tpi_cp_163_new_n11161_ /1 undetected
__tpi_cp_163_new_n11161_ /1 undetected
new_n11161_ /1 undetected
__buf_split_7332 /1 undetected
new_n10741_->__tpi_cp_51_new_n10741_ /1 undetected
__tpi_not_test_en->__tpi_cp_51_new_n10741_ /1 undetected
__buf_split_7331 /1 undetected
new_n10626_->__tpi_cp_49_new_n10626_ /1 undetected
__tpi_not_test_en->__tpi_cp_49_new_n10626_ /1 undetected
test_en->__tpi_cp_210_new_n11160_ /0 undetected
__tpi_cp_210_new_n11160_ /1 undetected
new_n11160_ /0 undetected
__tpi_not_test_en->__tpi_cp_75_new_n11159_ /1 undetected
__tpi_cp_75_new_n11159_ /1 undetected
new_n11159_ /1 undetected
__buf_split_7330 /1 undetected
new_n11158_->__tpi_cp_44_new_n11158_ /0 undetected
test_en->__tpi_cp_44_new_n11158_ /0 undetected
__buf_split_7329 /1 undetected
new_n11157_->__tpi_cp_41_new_n11157_ /0 undetected
test_en->__tpi_cp_41_new_n11157_ /0 undetected
__tpi_not_test_en->__tpi_cp_162_new_n11156_ /1 undetected
__tpi_cp_162_new_n11156_ /1 undetected
new_n11156_ /1 undetected
__buf_split_7324 /1 undetected
new_n11020_->__tpi_cp_58_new_n11020_ /1 undetected
__tpi_not_test_en->__tpi_cp_58_new_n11020_ /1 undetected
__buf_split_7323 /1 undetected
new_n11026_->__tpi_cp_56_new_n11026_ /1 undetected
__tpi_not_test_en->__tpi_cp_56_new_n11026_ /1 undetected
test_en->__tpi_cp_132_new_n11155_ /0 undetected
__tpi_cp_132_new_n11155_ /1 undetected
new_n11155_ /0 undetected
test_en->__tpi_cp_29_new_n11154_ /0 undetected
__tpi_cp_29_new_n11154_ /1 undetected
new_n11154_ /0 undetected
__tpi_not_test_en->__tpi_cp_167_new_n11153_ /1 undetected
__tpi_cp_167_new_n11153_ /1 undetected
new_n11153_ /1 undetected
__buf_split_7322 /1 undetected
new_n9576_->__tpi_cp_43_new_n9576_ /1 undetected
__tpi_not_test_en->__tpi_cp_43_new_n9576_ /1 undetected
__buf_split_7321 /1 undetected
new_n9887_->__tpi_cp_48_new_n9887_ /1 undetected
__tpi_not_test_en->__tpi_cp_48_new_n9887_ /1 undetected
__tpi_not_test_en->__tpi_cp_172_new_n11152_ /1 undetected
__tpi_cp_172_new_n11152_ /1 undetected
new_n11152_ /1 undetected
__buf_split_7320 /1 undetected
new_n9923_->__tpi_cp_47_new_n9923_ /1 undetected
__tpi_not_test_en->__tpi_cp_47_new_n9923_ /1 undetected
__buf_split_7319 /1 undetected
new_n9798_->__tpi_cp_45_new_n9798_ /1 undetected
__tpi_not_test_en->__tpi_cp_45_new_n9798_ /1 undetected
test_en->__tpi_cp_213_new_n11151_ /0 undetected
__tpi_cp_213_new_n11151_ /1 undetected
new_n11151_ /0 undetected
__tpi_not_test_en->__tpi_cp_173_new_n11150_ /1 undetected
__tpi_cp_173_new_n11150_ /1 undetected
new_n11150_ /1 undetected
__buf_split_7318 /1 undetected
new_n10344_->__tpi_cp_52_new_n10344_ /1 undetected
__tpi_not_test_en->__tpi_cp_52_new_n10344_ /1 undetected
__buf_split_7317 /1 undetected
new_n10330_->__tpi_cp_50_new_n10330_ /1 undetected
__tpi_not_test_en->__tpi_cp_50_new_n10330_ /1 undetected
__tpi_not_test_en->__tpi_cp_174_new_n11149_ /1 undetected
__tpi_cp_174_new_n11149_ /1 undetected
new_n11149_ /1 undetected
__buf_split_7316 /1 undetected
new_n10327_->__tpi_cp_57_new_n10327_ /1 undetected
__tpi_not_test_en->__tpi_cp_57_new_n10327_ /1 undetected
__buf_split_7315 /1 undetected
new_n9899_->__tpi_cp_40_new_n9899_ /0 undetected
test_en->__tpi_cp_40_new_n9899_ /0 undetected
test_en->__tpi_cp_124_new_n11148_ /0 undetected
__tpi_cp_124_new_n11148_ /1 undetected
new_n11148_ /0 undetected
test_en->__tpi_cp_127_new_n11147_ /0 undetected
__tpi_cp_127_new_n11147_ /1 undetected
new_n11147_ /0 undetected
test_en->__tpi_cp_153_new_n11146_ /0 undetected
__tpi_cp_153_new_n11146_ /1 undetected
new_n11146_ /0 undetected
__tpi_not_test_en->__tpi_cp_12_new_n11145_ /1 undetected
__tpi_cp_12_new_n11145_ /1 undetected
new_n11145_ /1 undetected
__buf_split_7313 /1 undetected
new_n10157_->__tpi_cp_95_new_n10157_ /0 undetected
test_en->__tpi_cp_95_new_n10157_ /0 undetected
__tpi_not_test_en->__tpi_cp_223___buf_split_7312 /1 undetected
__tpi_cp_223___buf_split_7312 /1 undetected
__buf_split_7312 /1 undetected
new_n10159_->__tpi_cp_203_new_n10159_ /0 undetected
test_en->__tpi_cp_203_new_n10159_ /0 undetected
__tpi_not_test_en->__tpi_cp_142___buf_split_7314 /1 undetected
__tpi_cp_142___buf_split_7314 /1 undetected
__buf_split_7314 /1 undetected
new_n10172_->__tpi_cp_18_new_n10172_ /0 undetected
test_en->__tpi_cp_18_new_n10172_ /0 undetected
test_en->__tpi_cp_219_new_n11144_ /0 undetected
__tpi_cp_219_new_n11144_ /1 undetected
new_n11144_ /0 undetected
__tpi_not_test_en->__tpi_cp_158_new_n11143_ /1 undetected
__tpi_cp_158_new_n11143_ /1 undetected
new_n11143_ /1 undetected
__tpi_not_test_en->__tpi_cp_23___buf_split_7311 /1 undetected
__tpi_cp_23___buf_split_7311 /1 undetected
__buf_split_7311 /1 undetected
new_n11142_->__tpi_cp_90_new_n11142_ /0 undetected
test_en->__tpi_cp_90_new_n11142_ /0 undetected
__buf_split_7310 /1 undetected
new_n11141_->__tpi_cp_26_new_n11141_ /0 undetected
test_en->__tpi_cp_26_new_n11141_ /0 undetected
__tpi_not_test_en->__tpi_cp_155_new_n11140_ /1 undetected
__tpi_cp_155_new_n11140_ /1 undetected
new_n11140_ /1 undetected
__tpi_not_test_en->__tpi_cp_98___buf_split_7305 /1 undetected
__tpi_cp_98___buf_split_7305 /1 undetected
__buf_split_7305 /1 undetected
new_n10745_->__tpi_cp_27_new_n10745_ /0 undetected
test_en->__tpi_cp_27_new_n10745_ /0 undetected
__buf_split_7304 /1 undetected
new_n10315_->__tpi_cp_28_new_n10315_ /0 undetected
test_en->__tpi_cp_28_new_n10315_ /0 undetected
test_en->__tpi_cp_136_new_n11139_ /0 undetected
__tpi_cp_136_new_n11139_ /1 undetected
new_n11139_ /0 undetected
__tpi_not_test_en->__tpi_cp_8_new_n11138_ /1 undetected
__tpi_cp_8_new_n11138_ /1 undetected
new_n11138_ /1 undetected
__tpi_not_test_en->__tpi_cp_148___buf_split_7302 /1 undetected
__tpi_cp_148___buf_split_7302 /1 undetected
__buf_split_7302 /1 undetected
new_n11137_->__tpi_cp_193_new_n11137_ /1 undetected
__tpi_not_test_en->__tpi_cp_193_new_n11137_ /1 undetected
__tpi_not_test_en->__tpi_cp_149___buf_split_7301 /1 undetected
__tpi_cp_149___buf_split_7301 /1 undetected
__buf_split_7301 /1 undetected
new_n11136_->__tpi_cp_80_new_n11136_ /0 undetected
test_en->__tpi_cp_80_new_n11136_ /0 undetected
__tpi_not_test_en->__tpi_cp_147___buf_split_7303 /1 undetected
__tpi_cp_147___buf_split_7303 /1 undetected
__buf_split_7303 /1 undetected
new_n11135_->__tpi_cp_16_new_n11135_ /0 undetected
test_en->__tpi_cp_16_new_n11135_ /0 undetected
__tpi_not_test_en->__tpi_cp_120___buf_split_7381 /1 undetected
__tpi_cp_120___buf_split_7381 /1 undetected
__buf_split_7381 /1 undetected
new_n10156_->__tpi_cp_126_new_n10156_ /1 undetected
__tpi_not_test_en->__tpi_cp_126_new_n10156_ /1 undetected
test_en->__tpi_cp_2_new_n10155_ /0 undetected
new_n10155_ /0 undetected
test_en->__tpi_cp_128_new_n10154_ /0 undetected
__tpi_cp_128_new_n10154_ /1 undetected
new_n10154_ /0 undetected
test_en->__tpi_cp_138_new_n10153_ /0 undetected
__tpi_cp_138_new_n10153_ /1 undetected
new_n10153_ /0 undetected
test_en->__tpi_cp_154_new_n10152_ /0 undetected
__tpi_cp_154_new_n10152_ /1 undetected
new_n10152_ /0 undetected
__tpi_not_test_en->__tpi_cp_19_new_n10151_ /1 undetected
__tpi_cp_19_new_n10151_ /1 undetected
new_n10151_ /1 undetected
__tpi_not_test_en->__tpi_cp_188_new_n10150_ /1 undetected
__tpi_cp_188_new_n10150_ /1 undetected
new_n10150_ /1 undetected
__buf_split_6348 /1 undetected
__buf_split_6347 /1 undetected
__tpi_not_test_en->__tpi_cp_186_new_n10127_ /1 undetected
__tpi_cp_186_new_n10127_ /1 undetected
new_n10127_ /1 undetected
__buf_split_6318 /1 undetected
__buf_split_6317 /1 undetected
test_en->__tpi_cp_81_new_n10104_ /0 undetected
__tpi_cp_81_new_n10104_ /1 undetected
new_n10104_ /0 undetected
__tpi_not_test_en->__tpi_cp_185_new_n10103_ /1 undetected
__tpi_cp_185_new_n10103_ /1 undetected
new_n10103_ /1 undetected
__tpi_not_test_en->__tpi_cp_129___buf_split_6288 /1 undetected
__tpi_cp_129___buf_split_6288 /1 undetected
__buf_split_6288 /1 undetected
__buf_split_6287 /1 undetected
__tpi_not_test_en->__tpi_cp_190_new_n10080_ /1 undetected
__tpi_cp_190_new_n10080_ /1 undetected
new_n10080_ /1 undetected
__tpi_not_test_en->__tpi_cp_130___buf_split_6259 /1 undetected
__tpi_cp_130___buf_split_6259 /1 undetected
__buf_split_6259 /1 undetected
__buf_split_6258 /1 undetected
test_en->__tpi_cp_216_new_n10057_ /0 undetected
__tpi_cp_216_new_n10057_ /1 undetected
new_n10057_ /0 undetected
test_en->__tpi_cp_74_new_n10056_ /0 undetected
__tpi_cp_74_new_n10056_ /1 undetected
new_n10056_ /0 undetected
__tpi_not_test_en->__tpi_cp_187_new_n10055_ /1 undetected
__tpi_cp_187_new_n10055_ /1 undetected
new_n10055_ /1 undetected
__buf_split_6229 /1 undetected
__buf_split_6228 /1 undetected
__tpi_not_test_en->__tpi_cp_191_new_n10032_ /1 undetected
__tpi_cp_191_new_n10032_ /1 undetected
new_n10032_ /1 undetected
__tpi_not_test_en->__tpi_cp_150___buf_split_6199 /1 undetected
__tpi_cp_150___buf_split_6199 /1 undetected
__buf_split_6199 /1 undetected
__buf_split_6198 /1 undetected
__tpi_not_test_en->__tpi_cp_13_new_n10009_ /1 undetected
__tpi_cp_13_new_n10009_ /1 undetected
new_n10009_ /1 undetected
__tpi_not_test_en->__tpi_cp_192_new_n10008_ /1 undetected
__tpi_cp_192_new_n10008_ /1 undetected
new_n10008_ /1 undetected
__buf_split_6170 /1 undetected
__buf_split_6169 /1 undetected
__tpi_not_test_en->__tpi_cp_189_new_n9985_ /1 undetected
__tpi_cp_189_new_n9985_ /1 undetected
new_n9985_ /1 undetected
__buf_split_6142 /1 undetected
__buf_split_6141 /1 undetected
test_en->__tpi_cp_133_new_n9962_ /0 undetected
__tpi_cp_133_new_n9962_ /1 undetected
new_n9962_ /0 undetected
test_en->__tpi_cp_201_new_n9961_ /0 undetected
__tpi_cp_201_new_n9961_ /1 undetected
new_n9961_ /0 undetected
__tpi_not_test_en->__tpi_cp_15_new_n9960_ /1 undetected
__tpi_cp_15_new_n9960_ /1 undetected
new_n9960_ /1 undetected
__tpi_not_test_en->__tpi_cp_195_new_n9959_ /1 undetected
__tpi_cp_195_new_n9959_ /1 undetected
new_n9959_ /1 undetected
__buf_split_6112 /1 undetected
__buf_split_6111 /1 undetected
__tpi_not_test_en->__tpi_cp_194_new_n9936_ /1 undetected
__tpi_cp_194_new_n9936_ /1 undetected
new_n9936_ /1 undetected
__buf_split_6082 /1 undetected
__buf_split_6081 /1 undetected
test_en->__tpi_cp_83_new_n9913_ /0 undetected
__tpi_cp_83_new_n9913_ /1 undetected
new_n9913_ /0 undetected
__tpi_not_test_en->__tpi_cp_197_new_n9912_ /1 undetected
__tpi_cp_197_new_n9912_ /1 undetected
new_n9912_ /1 undetected
__tpi_not_test_en->__tpi_cp_143___buf_split_6052 /1 undetected
__tpi_cp_143___buf_split_6052 /1 undetected
__buf_split_6052 /1 undetected
__buf_split_6051 /1 undetected
__tpi_not_test_en->__tpi_cp_199_new_n9889_ /1 undetected
__tpi_cp_199_new_n9889_ /1 undetected
new_n9889_ /1 undetected
__tpi_not_test_en->__tpi_cp_144___buf_split_6022 /1 undetected
__tpi_cp_144___buf_split_6022 /1 undetected
__buf_split_6022 /1 undetected
__buf_split_6021 /1 undetected
test_en->__tpi_cp_215_new_n9866_ /0 undetected
__tpi_cp_215_new_n9866_ /1 undetected
new_n9866_ /0 undetected
__tpi_not_test_en->__tpi_cp_17_new_n9865_ /1 undetected
__tpi_cp_17_new_n9865_ /1 undetected
new_n9865_ /1 undetected
__tpi_not_test_en->__tpi_cp_196_new_n9864_ /1 undetected
__tpi_cp_196_new_n9864_ /1 undetected
new_n9864_ /1 undetected
__buf_split_5992 /1 undetected
__buf_split_5991 /1 undetected
__tpi_not_test_en->__tpi_cp_198_new_n9841_ /1 undetected
__tpi_cp_198_new_n9841_ /1 undetected
new_n9841_ /1 undetected
__buf_split_5962 /1 undetected
__buf_split_5961 /1 undetected
test_en->__tpi_cp_93_new_n9817_ /0 undetected
__tpi_cp_93_new_n9817_ /1 undetected
new_n9817_ /0 undetected
__tpi_not_test_en->__tpi_cp_204_new_n9816_ /1 undetected
__tpi_cp_204_new_n9816_ /1 undetected
new_n9816_ /1 undetected
__tpi_not_test_en->__tpi_cp_145___buf_split_5930 /1 undetected
__tpi_cp_145___buf_split_5930 /1 undetected
__buf_split_5930 /1 undetected
__buf_split_5929 /1 undetected
__tpi_not_test_en->__tpi_cp_205_new_n9793_ /1 undetected
__tpi_cp_205_new_n9793_ /1 undetected
new_n9793_ /1 undetected
__tpi_not_test_en->__tpi_cp_146___buf_split_5900 /1 undetected
__tpi_cp_146___buf_split_5900 /1 undetected
__buf_split_5900 /1 undetected
__buf_split_5899 /1 undetected
test_en->__tpi_cp_125_new_n9770_ /0 undetected
__tpi_cp_125_new_n9770_ /1 undetected
new_n9770_ /0 undetected
test_en->__tpi_cp_131_new_n9769_ /0 undetected
__tpi_cp_131_new_n9769_ /1 undetected
new_n9769_ /0 undetected
test_en->__tpi_cp_171_new_n9768_ /0 undetected
__tpi_cp_171_new_n9768_ /1 undetected
new_n9768_ /0 undetected
test_en->__tpi_cp_211_new_n9767_ /0 undetected
__tpi_cp_211_new_n9767_ /1 undetected
new_n9767_ /0 undetected
__tpi_not_test_en->__tpi_cp_22_new_n9766_ /1 undetected
__tpi_cp_22_new_n9766_ /1 undetected
new_n9766_ /1 undetected
test_en->__tpi_cp_91_new_n9765_ /0 undetected
__tpi_cp_91_new_n9765_ /1 undetected
new_n9765_ /0 undetected
__buf_split_5870 /1 undetected
__buf_split_5869 /1 undetected
new_n9753_ /1 undetected
__buf_split_5854 /1 undetected
__buf_split_5853 /1 undetected
__tpi_not_test_en->__tpi_cp_165_new_n9741_ /1 undetected
__tpi_cp_165_new_n9741_ /1 undetected
new_n9741_ /1 undetected
test_en->__tpi_cp_62_new_n9740_ /0 undetected
__tpi_cp_62_new_n9740_ /1 undetected
new_n9740_ /0 undetected
__buf_split_5838 /1 undetected
__buf_split_5837 /1 undetected
new_n9728_ /1 undetected
__buf_split_5822 /1 undetected
__buf_split_5821 /1 undetected
test_en->__tpi_cp_68_new_n9715_ /0 undetected
__tpi_cp_68_new_n9715_ /1 undetected
new_n9715_ /0 undetected
__tpi_not_test_en->__tpi_cp_164_new_n9714_ /1 undetected
__tpi_cp_164_new_n9714_ /1 undetected
new_n9714_ /1 undetected
test_en->__tpi_cp_218_new_n9713_ /0 undetected
__tpi_cp_218_new_n9713_ /1 undetected
new_n9713_ /0 undetected
__buf_split_5804 /1 undetected
__buf_split_5803 /1 undetected
test_en->__tpi_cp_220_new_n9702_ /0 undetected
__tpi_cp_220_new_n9702_ /1 undetected
new_n9702_ /0 undetected
__buf_split_5790 /1 undetected
__buf_split_5789 /1 undetected
__tpi_not_test_en->__tpi_cp_21_new_n9691_ /1 undetected
__tpi_cp_21_new_n9691_ /1 undetected
new_n9691_ /1 undetected
test_en->__tpi_cp_222_new_n9690_ /0 undetected
__tpi_cp_222_new_n9690_ /1 undetected
new_n9690_ /0 undetected
__buf_split_5776 /1 undetected
__buf_split_5775 /1 undetected
new_n9678_ /1 undetected
__buf_split_5760 /1 undetected
__buf_split_5759 /1 undetected
test_en->__tpi_cp_207_new_n9666_ /0 undetected
__tpi_cp_207_new_n9666_ /1 undetected
new_n9666_ /0 undetected
__tpi_not_test_en->__tpi_cp_20_new_n9665_ /1 undetected
__tpi_cp_20_new_n9665_ /1 undetected
new_n9665_ /1 undetected
__buf_split_5744 /1 undetected
new_n9664_->__tpi_cp_89_new_n9664_ /0 undetected
test_en->__tpi_cp_89_new_n9664_ /0 undetected
__buf_split_5743 /1 undetected
new_n9640_->__tpi_cp_85_new_n9640_ /0 undetected
test_en->__tpi_cp_85_new_n9640_ /0 undetected
test_en->__tpi_cp_73_new_n9620_ /0 undetected
__tpi_cp_73_new_n9620_ /1 undetected
new_n9620_ /0 undetected
__tpi_not_test_en->__tpi_cp_170_new_n9619_ /1 undetected
__tpi_cp_170_new_n9619_ /1 undetected
new_n9619_ /1 undetected
new_n9618_ /1 undetected
__buf_split_5686 /1 undetected
__buf_split_5685 /1 undetected
__tpi_not_test_en->__tpi_cp_53_new_n9606_ /1 undetected
__tpi_cp_53_new_n9606_ /1 undetected
new_n9606_ /1 undetected
__buf_split_5670 /1 undetected
__buf_split_5669 /1 undetected
__tpi_not_test_en->__tpi_cp_169_new_n9594_ /1 undetected
__tpi_cp_169_new_n9594_ /1 undetected
new_n9594_ /1 undetected
__tpi_not_test_en->__tpi_cp_54_new_n9593_ /1 undetected
__tpi_cp_54_new_n9593_ /1 undetected
new_n9593_ /1 undetected
__buf_split_5654 /1 undetected
__buf_split_5653 /1 undetected
new_n9582_ /1 undetected
__buf_split_5640 /1 undetected
__buf_split_5639 /1 undetected
test_en->__tpi_cp_140_new_n9534_ /0 undetected
__tpi_cp_140_new_n9534_ /1 undetected
new_n9534_ /0 undetected
test_en->__tpi_cp_152_new_n9533_ /0 undetected
__tpi_cp_152_new_n9533_ /1 undetected
new_n9533_ /0 undetected
test_en->__tpi_cp_200_new_n9532_ /0 undetected
__tpi_cp_200_new_n9532_ /1 undetected
new_n9532_ /0 undetected
test_en->__tpi_cp_69_new_n9531_ /0 undetected
__tpi_cp_69_new_n9531_ /1 undetected
new_n9531_ /0 undetected
__tpi_not_test_en->__tpi_cp_122___buf_split_5603 /1 undetected
__tpi_cp_122___buf_split_5603 /1 undetected
__buf_split_5603 /1 undetected
__buf_split_5602 /1 undetected
__tpi_not_test_en->__tpi_cp_179_new_n9508_ /1 undetected
__tpi_cp_179_new_n9508_ /1 undetected
new_n9508_ /1 undetected
__tpi_not_test_en->__tpi_cp_139___buf_split_5573 /1 undetected
__tpi_cp_139___buf_split_5573 /1 undetected
__buf_split_5573 /1 undetected
__buf_split_5572 /1 undetected
__tpi_not_test_en->__tpi_cp_1_new_n9485_ /1 undetected
__tpi_cp_1_new_n9485_ /1 undetected
new_n9485_ /1 undetected
test_en->__tpi_cp_94_new_n9484_ /0 undetected
__tpi_cp_94_new_n9484_ /1 undetected
new_n9484_ /0 undetected
__buf_split_5543 /1 undetected
__buf_split_5542 /1 undetected
__tpi_not_test_en->__tpi_cp_180_new_n9461_ /1 undetected
__tpi_cp_180_new_n9461_ /1 undetected
new_n9461_ /1 undetected
__buf_split_5513 /1 undetected
__buf_split_5512 /1 undetected
test_en->__tpi_cp_206_new_n9436_ /0 undetected
__tpi_cp_206_new_n9436_ /1 undetected
new_n9436_ /0 undetected
test_en->__tpi_cp_217_new_n9435_ /0 undetected
__tpi_cp_217_new_n9435_ /1 undetected
new_n9435_ /0 undetected
__tpi_not_test_en->__tpi_cp_168_new_n9434_ /1 undetected
__tpi_cp_168_new_n9434_ /1 undetected
new_n9434_ /1 undetected
__tpi_not_test_en->__tpi_cp_46_new_n9433_ /1 undetected
__tpi_cp_46_new_n9433_ /1 undetected
new_n9433_ /1 undetected
__buf_split_5479 /1 undetected
__buf_split_5478 /1 undetected
test_en->__tpi_cp_88_new_n9422_ /0 undetected
__tpi_cp_88_new_n9422_ /1 undetected
new_n9422_ /0 undetected
__buf_split_5465 /1 undetected
__buf_split_5464 /1 undetected
__tpi_not_test_en->__tpi_cp_166_new_n9411_ /1 undetected
__tpi_cp_166_new_n9411_ /1 undetected
new_n9411_ /1 undetected
__tpi_not_test_en->__tpi_cp_55_new_n9410_ /1 undetected
__tpi_cp_55_new_n9410_ /1 undetected
new_n9410_ /1 undetected
__buf_split_5452 /1 undetected
__buf_split_5451 /1 undetected
test_en->__tpi_cp_92_new_n9362_ /0 undetected
__tpi_cp_92_new_n9362_ /1 undetected
new_n9362_ /0 undetected
__buf_split_5415 /1 undetected
__buf_split_5414 /1 undetected
test_en->__tpi_cp_14_new_n9314_ /0 undetected
__tpi_cp_14_new_n9314_ /1 undetected
new_n9314_ /0 undetected
__tpi_not_test_en->__tpi_cp_178_new_n9313_ /1 undetected
__tpi_cp_178_new_n9313_ /1 undetected
new_n9313_ /1 undetected
__buf_split_5378 /1 undetected
__buf_split_5377 /1 undetected
__tpi_not_test_en->__tpi_cp_78_new_n9245_ /1 undetected
__tpi_cp_78_new_n9245_ /1 undetected
new_n9245_ /1 undetected
new_n9244_ /1 undetected
__buf_split_5309 /1 undetected
__buf_split_5308 /1 undetected
new_n9156_ /1 undetected
new_n9155_ /1 undetected
__buf_split_5245 /1 undetected
__tpi_not_test_en->__tpi_cp_32_new_n11243_ /1 undetected
__tpi_not_test_en->__tpi_cp_24_new_n11219_ /1 undetected
__tpi_not_test_en->__tpi_cp_221_new_n11218_ /1 undetected
test_en->__tpi_cp_96_new_n11217_ /0 undetected
test_en->__tpi_cp_97_new_n11215_ /0 undetected
__tpi_not_test_en->__tpi_cp_115_new_n11242_ /1 undetected
test_en->__tpi_cp_9_new_n11241_ /0 undetected
__tpi_not_test_en->__tpi_cp_114_new_n11240_ /1 undetected
test_en->__tpi_cp_7_new_n11239_ /0 undetected
__tpi_not_test_en->__tpi_cp_105_new_n11230_ /1 undetected
test_en->__tpi_cp_64_new_n9871_ /0 undetected
__tpi_not_test_en->__tpi_cp_71_new_n9859_ /1 undetected
__tpi_not_test_en->__tpi_cp_70_new_n9857_ /1 undetected
__tpi_not_test_en->__tpi_cp_11_new_n10054_ /1 undetected
__tpi_cp_11_new_n10054_ /1 undetected
__tpi_cp_11_new_n10054_ /0 undetected
new_n10054_ /1 undetected
__buf_split_6227 /1 undetected
__buf_split_6226 /1 undetected
__tpi_not_test_en->__tpi_cp_10_new_n9496_ /1 undetected
__tpi_cp_10_new_n9496_ /1 undetected
__tpi_cp_10_new_n9496_ /0 undetected
new_n9496_ /1 undetected
__buf_split_5557 /1 undetected
__buf_split_5556 /1 undetected
