__tpi_op_33_new_n15301 /0 undetected
__tpi_op_4___buf_split_39851 /0 undetected
__tpi_op_3___buf_split_39847 /0 undetected
__tpi_not_test_en->__tpi_cp_62___aig_not_63906 /1 undetected
__tpi_not_test_en->__tpi_cp_52___aig_and_63433 /1 undetected
__tpi_not_test_en->__tpi_cp_179_new_n29207 /1 undetected
__tpi_not_test_en->__tpi_cp_17___aig_and_62556 /1 undetected
test_en->__tpi_cp_194___buf_split_22634 /0 undetected
__tpi_not_test_en->__tpi_cp_47___aig_not_34777 /1 undetected
__tpi_not_test_en->__tpi_cp_57___aig_not_34401 /1 undetected
__tpi_not_test_en->__tpi_cp_156___aig_not_34007 /1 undetected
__tpi_not_test_en->__tpi_cp_159_new_n16305 /1 undetected
__tpi_not_test_en->__tpi_cp_8___aig_and_34003 /1 undetected
__tpi_not_test_en->__tpi_cp_178___aig_not_34002 /1 undetected
__tpi_not_test_en->__tpi_cp_203___buf_split_22137 /1 undetected
__tpi_not_test_en->__tpi_cp_186___buf_split_21968 /1 undetected
__tpi_not_test_en->__tpi_cp_207___aig_not_33737 /1 undetected
__tpi_not_test_en->__tpi_cp_187___buf_split_21965 /1 undetected
__tpi_not_test_en->__tpi_cp_152_new_n29621 /1 undetected
__tpi_not_test_en->__tpi_cp_151___aig_and_63449 /1 undetected
__tpi_not_test_en->__tpi_cp_29___aig_not_63448 /1 undetected
__tpi_not_test_en->__tpi_cp_204___aig_not_63447 /1 undetected
__tpi_not_test_en->__tpi_cp_9___buf_split_40826 /1 undetected
__tpi_not_test_en->__tpi_cp_103___buf_split_40250 /1 undetected
test_en->__tpi_cp_6___aig_and_63446 /0 undetected
__tpi_not_test_en->__tpi_cp_206___aig_not_63445 /1 undetected
__tpi_not_test_en->__tpi_cp_153___buf_split_40828 /1 undetected
__tpi_not_test_en->__tpi_cp_146_new_n29194 /1 undetected
__tpi_not_test_en->__tpi_cp_157___aig_and_62531 /1 undetected
__tpi_not_test_en->__tpi_cp_22___aig_not_62529 /1 undetected
test_en->__tpi_cp_154___buf_split_40230 /0 undetected
__tpi_not_test_en->__tpi_cp_176___aig_not_62959 /1 undetected
__tpi_not_test_en->__tpi_cp_173_new_n29399 /1 undetected
__tpi_not_test_en->__tpi_cp_1___aig_and_62955 /1 undetected
__tpi_not_test_en->__tpi_cp_175___aig_not_62954 /1 undetected
__tpi_not_test_en->__tpi_cp_144___buf_split_40517 /1 undetected
__tpi_not_test_en->__tpi_cp_191_new_n29618 /1 undetected
__tpi_not_test_en->__tpi_cp_137___aig_and_63442 /1 undetected
__tpi_not_test_en->__tpi_cp_177___aig_not_63441 /1 undetected
__tpi_not_test_en->__tpi_cp_100___aig_not_63440 /1 undetected
__tpi_not_test_en->__tpi_cp_11_new_n16183 /1 undetected
__tpi_not_test_en->__tpi_cp_142___aig_and_33731 /1 undetected
__tpi_not_test_en->__tpi_cp_180___aig_not_33730 /1 undetected
test_en->__tpi_cp_134___buf_split_21961 /0 undetected
__tpi_not_test_en->__tpi_cp_189___aig_not_33729 /1 undetected
__tpi_not_test_en->__tpi_cp_34___aig_not_62526 /1 undetected
__tpi_not_test_en->__tpi_cp_61___aig_not_34099 /1 undetected
__tpi_not_test_en->__tpi_cp_65_new_n29815 /1 undetected
test_en->__tpi_cp_195___buf_split_41104 /0 undetected
test_en->__tpi_cp_126___aig_and_34077 /0 undetected
__tpi_not_test_en->__tpi_cp_169___aig_not_34075 /1 undetected
__tpi_not_test_en->__tpi_cp_202_new_n16337 /1 undetected
__tpi_not_test_en->__tpi_cp_3___aig_and_34071 /1 undetected
__tpi_not_test_en->__tpi_cp_201___buf_split_22180 /1 undetected
__tpi_not_test_en->__tpi_cp_101___buf_split_21959 /1 undetected
__tpi_not_test_en->__tpi_cp_128_new_n29386 /1 undetected
__tpi_not_test_en->__tpi_cp_138___aig_and_62929 /1 undetected
__tpi_not_test_en->__tpi_cp_13___aig_not_62928 /1 undetected
__tpi_not_test_en->__tpi_cp_174___buf_split_40498 /1 undetected
__tpi_not_test_en->__tpi_cp_143___aig_not_62927 /1 undetected
__tpi_not_test_en->__tpi_cp_64___aig_not_63428 /1 undetected
__tpi_not_test_en->__tpi_cp_12___aig_not_62513 /1 undetected
__tpi_not_test_en->__tpi_cp_148_new_n16170 /1 undetected
__tpi_not_test_en->__tpi_cp_136___aig_and_33704 /1 undetected
__tpi_not_test_en->__tpi_cp_16___aig_not_33703 /1 undetected
__tpi_not_test_en->__tpi_cp_60_new_n16519 /1 undetected
__tpi_not_test_en->__tpi_cp_43___aig_not_62053 /1 undetected
__tpi_not_test_en->__tpi_cp_33___aig_not_34102 /1 undetected
__tpi_not_test_en->__tpi_cp_71_new_n29600 /1 undetected
__tpi_not_test_en->__tpi_cp_14___aig_not_62510 /1 undetected
__tpi_not_test_en->__tpi_cp_76_new_n29799 /1 undetected
test_en->__tpi_cp_200___buf_split_41082 /0 undetected
test_en->__tpi_cp_168___aig_and_63827 /0 undetected
__tpi_not_test_en->__tpi_cp_165___aig_not_63401 /1 undetected
test_en->__tpi_cp_139___aig_and_62924 /0 undetected
__tpi_not_test_en->__tpi_cp_188___buf_split_40495 /1 undetected
test_en->__tpi_cp_140___aig_and_62048 /0 undetected
__tpi_not_test_en->__tpi_cp_41___aig_and_62042 /1 undetected
__tpi_not_test_en->__tpi_cp_56___aig_not_34467 /1 undetected
test_en->__tpi_cp_21___aig_and_62488 /0 undetected
__tpi_not_test_en->__tpi_cp_205___aig_not_62486 /1 undetected
__tpi_not_test_en->__tpi_cp_5___aig_and_62482 /1 undetected
__tpi_not_test_en->__tpi_cp_106___buf_split_22178 /1 undetected
test_en->__tpi_cp_115___aig_and_33699 /0 undetected
__tpi_not_test_en->__tpi_cp_90___aig_not_63829 /1 undetected
__tpi_not_test_en->__tpi_cp_72___buf_split_20954 /1 undetected
__tpi_not_test_en->__tpi_cp_147_new_n16324 /1 undetected
__tpi_not_test_en->__tpi_cp_155___aig_and_34046 /1 undetected
__tpi_not_test_en->__tpi_cp_23___aig_not_34045 /1 undetected
__tpi_not_test_en->__tpi_cp_7_new_n29318 /1 undetected
__tpi_not_test_en->__tpi_cp_141___aig_and_62806 /1 undetected
test_en->__tpi_cp_145___aig_and_34445 /0 undetected
__tpi_not_test_en->__tpi_cp_55___aig_and_34439 /1 undetected
__tpi_not_test_en->__tpi_cp_74___aig_not_32204 /1 undetected
test_en->__tpi_cp_193_new_n15399 /0 undetected
__tpi_not_test_en->__tpi_cp_116___aig_not_32177 /1 undetected
__tpi_not_test_en->__tpi_cp_54___aig_and_63373 /1 undetected
__tpi_not_test_en->__tpi_cp_40___aig_not_62037 /1 undetected
__tpi_not_test_en->__tpi_cp_45___aig_not_33688 /1 undetected
__tpi_not_test_en->__tpi_cp_111___buf_split_40203 /1 undetected
test_en->__tpi_cp_162___aig_and_32174 /0 undetected
__tpi_not_test_en->__tpi_cp_125___buf_split_40779 /1 undetected
__tpi_not_test_en->__tpi_cp_118___aig_not_63369 /1 undetected
__tpi_not_test_en->__tpi_cp_53___aig_and_62008 /1 undetected
__tpi_not_test_en->__tpi_cp_110___buf_split_22414 /1 undetected
__tpi_not_test_en->__tpi_cp_149_new_n29160 /1 undetected
__tpi_not_test_en->__tpi_cp_158___aig_and_62457 /1 undetected
__tpi_not_test_en->__tpi_cp_26___aig_not_62455 /1 undetected
__tpi_not_test_en->__tpi_cp_73___buf_split_21941 /1 undetected
__tpi_not_test_en->__tpi_cp_78_new_n15395 /1 undetected
__tpi_not_test_en->__tpi_cp_30___aig_not_34412 /1 undetected
test_en->__tpi_cp_167___buf_split_22398 /0 undetected
__tpi_not_test_en->__tpi_cp_51___aig_not_63364 /1 undetected
__tpi_not_test_en->__tpi_cp_108___buf_split_39895 /1 undetected
__tpi_not_test_en->__tpi_cp_124___buf_split_40491 /1 undetected
__tpi_not_test_en->__tpi_cp_39___aig_not_33682 /1 undetected
__aig_not_61944 /1 undetected
__aig_not_61934 /1 undetected
__aig_and_31990 /0 undetected
__aig_not_31985 /1 undetected
__aig_not_31987 /1 undetected
__aig_not_31989 /1 undetected
__buf_split_39851 /0 undetected
__aig_not_61930 /1 undetected
new_n28921 /0 undetected
__buf_split_39848 /1 undetected
__buf_split_39847 /0 undetected
new_n28919 /0 undetected
__aig_not_61921 /1 undetected
__aig_not_61923 /1 undetected
__aig_not_61925 /1 undetected
__aig_not_61927 /1 undetected
new_n15301 /0 undetected
__aig_not_31981 /1 undetected
__aig_not_31983 /1 undetected
__aig_not_31979 /1 undetected
__tpi_not_test_en->__tpi_cp_10_new_n15285 /1 undetected
__tpi_not_test_en->__tpi_cp_192___aig_and_31964 /1 undetected
__tpi_not_test_en->__tpi_cp_185_new_n13774 /1 undetected
__tpi_not_test_en->__tpi_cp_197_new_n923 /1 undetected
__tpi_not_test_en->__tpi_cp_129___aig_and_28837 /1 undetected
__tpi_not_test_en->__tpi_cp_184___aig_not_28836 /1 undetected
__tpi_not_test_en->__tpi_cp_24___aig_not_28835 /1 undetected
__tpi_not_test_en->__tpi_cp_150___aig_and_1449 /1 undetected
__tpi_not_test_en->__tpi_cp_19___aig_not_1448 /1 undetected
__tpi_not_test_en->__tpi_cp_198___aig_not_1447 /1 undetected
test_en->__tpi_cp_199___buf_split_232 /0 undetected
__tpi_not_test_en->__tpi_cp_96___buf_split_180 /1 undetected
__tpi_not_test_en->__tpi_cp_98___buf_split_177 /1 undetected
