[plan] candidate_allowlist=autoresearch/original-netlist-recovery-260712/exact_itc99/b17_C/exact_candidate_nodes.txt nodes=29334
[plan] latent_norm_clip_ratio=2 latent_norm_limit=15.462654
[plan] step=1 node=N2219 type=control1 q_pred_context=2.589385 sequence=2.589385
[plan] step=2 node=N14033 type=control1 q_pred_context=2.501351 sequence=5.090736
[plan] step=3 node=N5319 type=control0 q_pred_context=1.101834 sequence=6.192570
[plan] step=4 node=N6992 type=control0 q_pred_context=1.543529 sequence=7.736099
[plan] step=5 node=N6780 type=control0 q_pred_context=1.599198 sequence=9.335297
[plan] step=6 node=N2849 type=control0 q_pred_context=2.129451 sequence=11.464749
[plan] step=7 node=N13662 type=control0 q_pred_context=2.295947 sequence=13.760695
[plan] step=8 node=N16937 type=control0 q_pred_context=1.880462 sequence=15.641158
[plan] step=9 node=N11975 type=control0 q_pred_context=2.001188 sequence=17.642346
[plan] step=10 node=N7781 type=observe q_pred_context=2.699163 sequence=20.341509
[plan] step=11 node=N18172 type=control0 q_pred_context=1.315740 sequence=21.657249
[plan] step=12 node=N12015 type=control0 q_pred_context=2.084621 sequence=23.741870
[plan] step=13 node=N11983 type=control0 q_pred_context=2.771432 sequence=26.513302
[plan] step=14 node=N12071 type=control0 q_pred_context=2.623474 sequence=29.136777
[plan] step=15 node=N12055 type=control0 q_pred_context=1.825176 sequence=30.961953
[plan] step=16 node=N12039 type=control0 q_pred_context=1.537767 sequence=32.499720
[plan] step=17 node=N8089 type=observe q_pred_context=2.358716 sequence=34.858436
[plan] step=18 node=N19193 type=control0 q_pred_context=1.990243 sequence=36.848679
[plan] step=19 node=N19195 type=control0 q_pred_context=2.353647 sequence=39.202326
[plan] step=20 node=N13626 type=control0 q_pred_context=3.326770 sequence=42.529095
[plan] step=21 node=N13624 type=control0 q_pred_context=2.848876 sequence=45.377971
[plan] step=22 node=N4256 type=control0 q_pred_context=2.654301 sequence=48.032272
[plan] step=23 node=N12511 type=control0 q_pred_context=2.374500 sequence=50.406771
[plan] step=24 node=N11941 type=control0 q_pred_context=1.795405 sequence=52.202176
[plan] step=25 node=N7682 type=control0 q_pred_context=2.281831 sequence=54.484007
[plan] step=26 node=N7680 type=control0 q_pred_context=2.157398 sequence=56.641405
[plan] step=27 node=N11923 type=control0 q_pred_context=1.906928 sequence=58.548333
[plan] step=28 node=N11952 type=control0 q_pred_context=2.144532 sequence=60.692865
[plan] step=29 node=N18340 type=control0 q_pred_context=2.438391 sequence=63.131256
[plan] step=30 node=N18879 type=control0 q_pred_context=2.022985 sequence=65.154241
[plan] step=31 node=N18771 type=control0 q_pred_context=1.837361 sequence=66.991602
[plan] step=32 node=N18496 type=control1 q_pred_context=1.773044 sequence=68.764647
[plan] step=33 node=N13589 type=observe q_pred_context=1.611183 sequence=70.375829
[plan] step=34 node=N13509 type=observe q_pred_context=1.223879 sequence=71.599708
[plan] step=35 node=N15365 type=control1 q_pred_context=1.097446 sequence=72.697155
[plan] step=36 node=N13605 type=observe q_pred_context=0.924591 sequence=73.621746
[plan] step=37 node=N19351 type=control1 q_pred_context=0.934321 sequence=74.556067
[plan] step=38 node=N9512 type=control1 q_pred_context=1.083381 sequence=75.639448
[plan] step=39 node=N7639 type=observe q_pred_context=1.278630 sequence=76.918078
[plan] step=40 node=N13493 type=observe q_pred_context=1.264467 sequence=78.182545
[plan] step=41 node=N13541 type=observe q_pred_context=1.529993 sequence=79.712538
[plan] step=42 node=N13573 type=observe q_pred_context=1.583315 sequence=81.295852
[plan] step=43 node=N13208 type=observe q_pred_context=1.754433 sequence=83.050285
[plan] step=44 node=N13187 type=observe q_pred_context=1.829259 sequence=84.879545
[plan] step=45 node=N13186 type=observe q_pred_context=1.889036 sequence=86.768580
[plan] step=46 node=N12782 type=control0 q_pred_context=2.144519 sequence=88.913099
[plan] step=47 node=N12791 type=control0 q_pred_context=2.004923 sequence=90.918021
[plan] step=48 node=N14731 type=control1 q_pred_context=1.743490 sequence=92.661512
[plan] step=49 node=N12824 type=control0 q_pred_context=2.326626 sequence=94.988138
[plan] step=50 node=N12866 type=control0 q_pred_context=2.450989 sequence=97.439127
[plan] step=51 node=N12863 type=control0 q_pred_context=1.817527 sequence=99.256654
[plan] step=52 node=N12769 type=control0 q_pred_context=2.169581 sequence=101.426235
[plan] step=53 node=N12830 type=control0 q_pred_context=2.310702 sequence=103.736937
[plan] step=54 node=N18004 type=control0 q_pred_context=1.030046 sequence=104.766983
[plan] step=55 node=N12821 type=control0 q_pred_context=3.356229 sequence=108.123212
[plan] step=56 node=N12812 type=control0 q_pred_context=2.621497 sequence=110.744709
[plan] step=57 node=N12809 type=control0 q_pred_context=3.043493 sequence=113.788202
[plan] step=58 node=N12847 type=control0 q_pred_context=2.860661 sequence=116.648862
[plan] step=59 node=N12836 type=control0 q_pred_context=2.902233 sequence=119.551096
[plan] step=60 node=N12806 type=control0 q_pred_context=2.885859 sequence=122.436954
[plan] step=61 node=N12803 type=control0 q_pred_context=2.820261 sequence=125.257216
[plan] step=62 node=N12797 type=control0 q_pred_context=2.814587 sequence=128.071802
[plan] step=63 node=N12794 type=control0 q_pred_context=2.738430 sequence=130.810232
[plan] step=64 node=N12765 type=control0 q_pred_context=2.886115 sequence=133.696347
[plan] step=65 node=N3777 type=observe q_pred_context=1.202277 sequence=134.898625
[plan] step=66 node=N13984 type=observe q_pred_context=5.431986 sequence=140.330610
[plan] step=67 node=N2858 type=control1 q_pred_context=3.758976 sequence=144.089587
[plan] step=68 node=N13988 type=observe q_pred_context=2.103900 sequence=146.193487
[plan] step=69 node=N19512 type=observe q_pred_context=2.490212 sequence=148.683699
[plan] step=70 node=N2231 type=control1 q_pred_context=2.852581 sequence=151.536280
[plan] step=71 node=N14004 type=observe q_pred_context=4.591653 sequence=156.127933
[plan] step=72 node=N27363 type=control1 q_pred_context=3.370789 sequence=159.498722
[plan] step=73 node=N13525 type=observe q_pred_context=2.232999 sequence=161.731721
[plan] step=74 node=N26513 type=control1 q_pred_context=2.375802 sequence=164.107523
[plan] step=75 node=N13557 type=observe q_pred_context=3.136076 sequence=167.243599
[plan] step=76 node=N7871 type=control1 q_pred_context=0.885506 sequence=168.129105
[plan] step=77 node=N26504 type=control1 q_pred_context=2.713886 sequence=170.842991
[plan] step=78 node=N26511 type=control1 q_pred_context=1.333119 sequence=172.176110
[plan] step=79 node=N27346 type=control1 q_pred_context=1.396348 sequence=173.572458
[plan] step=80 node=N12615 type=observe q_pred_context=0.640819 sequence=174.213278
[plan] step=81 node=N19511 type=observe q_pred_context=0.991599 sequence=175.204877
[plan] step=82 node=N27347 type=control1 q_pred_context=0.941700 sequence=176.146577
[plan] step=83 node=N7916 type=observe q_pred_context=1.565896 sequence=177.712473
[plan] step=84 node=N18577 type=observe q_pred_context=1.151586 sequence=178.864059
[plan] step=85 node=N27348 type=control1 q_pred_context=0.784748 sequence=179.648807
[plan] step=86 node=N16901 type=control0 q_pred_context=1.259110 sequence=180.907917
[plan] step=87 node=N19206 type=control0 q_pred_context=1.622516 sequence=182.530433
[plan] step=88 node=N12167 type=control0 q_pred_context=1.661470 sequence=184.191904
[plan] step=89 node=N26516 type=control1 q_pred_context=1.348896 sequence=185.540800
[plan] step=90 node=N27350 type=control1 q_pred_context=1.378089 sequence=186.918889
[plan] step=91 node=N6892 type=control0 q_pred_context=1.144004 sequence=188.062893
[plan] step=92 node=N27352 type=control1 q_pred_context=1.823873 sequence=189.886766
[plan] step=93 node=N19160 type=control0 q_pred_context=1.607524 sequence=191.494290
[plan] step=94 node=N6868 type=control0 q_pred_context=1.953399 sequence=193.447689
[plan] step=95 node=N19172 type=control0 q_pred_context=0.761564 sequence=194.209253
[plan] step=96 node=N13595 type=observe q_pred_context=0.867695 sequence=195.076948
[plan] step=97 node=N27354 type=control1 q_pred_context=1.540068 sequence=196.617016
[plan] step=98 node=N19170 type=control0 q_pred_context=0.934841 sequence=197.551857
[plan] step=99 node=N13455 type=control0 q_pred_context=1.100742 sequence=198.652599
[plan] step=100 node=N26506 type=control1 q_pred_context=1.211792 sequence=199.864392
[plan] step=101 node=N7643 type=control0 q_pred_context=1.799152 sequence=201.663544
[plan] step=102 node=N19222 type=control0 q_pred_context=2.763161 sequence=204.426705
[plan] step=103 node=N19232 type=control0 q_pred_context=2.030495 sequence=206.457199
[plan] step=104 node=N18176 type=control0 q_pred_context=1.492089 sequence=207.949289
[plan] step=105 node=N20345 type=control1 q_pred_context=1.557829 sequence=209.507117
[plan] step=106 node=N29495 type=control1 q_pred_context=2.302436 sequence=211.809554
[plan] step=107 node=N7645 type=control0 q_pred_context=2.253456 sequence=214.063010
[plan] step=108 node=N19476 type=control0 q_pred_context=1.355953 sequence=215.418963
[plan] step=109 node=N19474 type=control0 q_pred_context=0.958018 sequence=216.376981
[plan] step=110 node=N18272 type=control0 q_pred_context=0.753203 sequence=217.130184
[plan] step=111 node=N19471 type=control0 q_pred_context=1.011738 sequence=218.141922
[plan] step=112 node=N6988 type=control0 q_pred_context=1.166725 sequence=219.308647
[plan] step=113 node=N19477 type=control0 q_pred_context=0.776423 sequence=220.085069
[plan] step=114 node=N27360 type=control1 q_pred_context=0.705600 sequence=220.790669
[plan] step=115 node=N27362 type=control1 q_pred_context=0.880183 sequence=221.670852
[plan] step=116 node=N26517 type=control1 q_pred_context=0.823129 sequence=222.493981
[plan] step=117 node=N26502 type=control1 q_pred_context=1.021214 sequence=223.515195
[plan] step=118 node=N14040 type=control1 q_pred_context=1.565677 sequence=225.080871
[plan] step=119 node=N29406 type=control1 q_pred_context=1.322301 sequence=226.403172
[plan] step=120 node=N19468 type=control0 q_pred_context=1.175164 sequence=227.578336
[plan] step=121 node=N19462 type=control0 q_pred_context=1.017599 sequence=228.595935
[plan] step=122 node=N18233 type=control0 q_pred_context=1.654037 sequence=230.249972
[plan] step=123 node=N4557 type=control0 q_pred_context=1.568348 sequence=231.818320
[plan] step=124 node=N4505 type=control0 q_pred_context=1.625533 sequence=233.443853
[plan] step=125 node=N4609 type=control0 q_pred_context=1.516760 sequence=234.960614
[plan] step=126 node=N4660 type=control0 q_pred_context=1.508628 sequence=236.469242
[plan] step=127 node=N4761 type=control0 q_pred_context=1.510149 sequence=237.979391
[plan] step=128 node=N4709 type=control0 q_pred_context=1.523264 sequence=239.502654
[plan] step=129 node=N18188 type=control0 q_pred_context=1.511966 sequence=241.014620
[plan] step=130 node=N4813 type=control0 q_pred_context=1.504353 sequence=242.518974
[plan] step=131 node=N19459 type=control0 q_pred_context=1.199378 sequence=243.718351
[plan] step=132 node=N4350 type=control0 q_pred_context=1.505818 sequence=245.224169
[plan] step=133 node=N4298 type=control0 q_pred_context=1.465991 sequence=246.690160
[plan] step=134 node=N4402 type=control0 q_pred_context=1.485717 sequence=248.175877
[plan] step=135 node=N4453 type=control0 q_pred_context=1.515404 sequence=249.691281
[plan] step=136 node=N19455 type=control0 q_pred_context=1.332241 sequence=251.023522
[plan] step=137 node=N19464 type=control0 q_pred_context=1.226823 sequence=252.250344
[plan] step=138 node=N7112 type=control0 q_pred_context=1.451305 sequence=253.701650
[plan] step=139 node=N7021 type=control0 q_pred_context=1.320593 sequence=255.022243
[plan] step=140 node=N7032 type=control0 q_pred_context=1.387353 sequence=256.409596
[plan] step=141 node=N18711 type=control0 q_pred_context=1.440584 sequence=257.850180
[plan] step=142 node=N19453 type=control0 q_pred_context=1.511644 sequence=259.361824
[plan] step=143 node=N7376 type=control0 q_pred_context=1.413666 sequence=260.775490
[plan] step=144 node=N7064 type=control0 q_pred_context=1.477751 sequence=262.253241
[plan] step=145 node=N7344 type=control0 q_pred_context=1.536903 sequence=263.790144
[plan] step=146 node=N7123 type=control0 q_pred_context=1.593579 sequence=265.383723
[plan] step=147 node=N7280 type=control0 q_pred_context=1.644373 sequence=267.028096
[plan] step=148 node=N7277 type=control0 q_pred_context=1.672904 sequence=268.701000
[plan] step=149 node=N12275 type=observe q_pred_context=0.879489 sequence=269.580488
[plan] step=150 node=N13552 type=observe q_pred_context=0.674751 sequence=270.255239
[plan] step=151 node=N13562 type=observe q_pred_context=0.853170 sequence=271.108409
[plan] step=152 node=N19242 type=observe q_pred_context=0.431981 sequence=271.540390
[plan] step=153 node=N12392 type=control0 q_pred_context=1.380616 sequence=272.921006
[plan] step=154 node=N12424 type=control0 q_pred_context=1.266223 sequence=274.187228
[plan] step=155 node=N7049 type=control0 q_pred_context=1.277238 sequence=275.464466
[plan] step=156 node=N18590 type=observe q_pred_context=0.618170 sequence=276.082637
[plan] step=157 node=N13528 type=observe q_pred_context=0.731689 sequence=276.814325
[plan] step=158 node=N18624 type=observe q_pred_context=0.695499 sequence=277.509824
[plan] step=159 node=N2192 type=control1 q_pred_context=0.733160 sequence=278.242984
[plan] step=160 node=N13545 type=observe q_pred_context=0.641193 sequence=278.884178
[plan] step=161 node=N18541 type=observe q_pred_context=0.640816 sequence=279.524993
[plan] step=162 node=N13611 type=observe q_pred_context=0.727470 sequence=280.252464
[plan] step=163 node=N2201 type=control1 q_pred_context=0.996965 sequence=281.249429
[plan] step=164 node=N13506 type=observe q_pred_context=0.562550 sequence=281.811979
[plan] step=165 node=N13534 type=observe q_pred_context=0.480417 sequence=282.292396
[plan] step=166 node=N13500 type=observe q_pred_context=0.815495 sequence=283.107892
[plan] step=167 node=N13596 type=observe q_pred_context=0.807926 sequence=283.915818
[plan] step=168 node=N18524 type=observe q_pred_context=0.785931 sequence=284.701749
[plan] step=169 node=N18511 type=observe q_pred_context=1.365531 sequence=286.067280
[plan] step=170 node=N13531 type=observe q_pred_context=0.786568 sequence=286.853848
[plan] step=171 node=N13488 type=observe q_pred_context=1.001944 sequence=287.855792
[plan] step=172 node=N13609 type=observe q_pred_context=0.790248 sequence=288.646041
[plan] step=173 node=N13499 type=observe q_pred_context=0.783819 sequence=289.429860
[plan] step=174 node=N12344 type=control0 q_pred_context=0.613567 sequence=290.043427
[plan] step=175 node=N18114 type=control0 q_pred_context=0.978131 sequence=291.021558
[plan] step=176 node=N7324 type=control0 q_pred_context=1.042157 sequence=292.063715
[plan] step=177 node=N7292 type=control0 q_pred_context=1.158393 sequence=293.222107
[plan] step=178 node=N18750 type=control0 q_pred_context=1.283499 sequence=294.505607
[plan] step=179 node=N18699 type=control0 q_pred_context=1.303294 sequence=295.808901
[plan] step=180 node=N18063 type=control0 q_pred_context=0.894156 sequence=296.703057
[plan] step=181 node=N12448 type=control0 q_pred_context=0.819170 sequence=297.522227
[plan] step=182 node=N12464 type=control0 q_pred_context=0.859770 sequence=298.381997
[plan] step=183 node=N12433 type=control0 q_pred_context=0.874602 sequence=299.256599
[plan] step=184 node=N12417 type=control0 q_pred_context=0.872113 sequence=300.128712
[plan] step=185 node=N12369 type=control0 q_pred_context=0.904102 sequence=301.032814
[plan] step=186 node=N18492 type=observe q_pred_context=0.518997 sequence=301.551811
[plan] step=187 node=N8774 type=observe q_pred_context=0.731987 sequence=302.283798
[plan] step=188 node=N13516 type=observe q_pred_context=0.759143 sequence=303.042941
[plan] step=189 node=N8825 type=observe q_pred_context=0.742485 sequence=303.785426
[plan] step=190 node=N8776 type=observe q_pred_context=0.547738 sequence=304.333164
[plan] step=191 node=N18765 type=control0 q_pred_context=0.397367 sequence=304.730531
[plan] step=192 node=N12385 type=control0 q_pred_context=1.058234 sequence=305.788764
[plan] step=193 node=N12401 type=control0 q_pred_context=0.271653 sequence=306.060418
[plan] step=194 node=N12611 type=control0 q_pred_context=0.829250 sequence=306.889667
[plan] step=195 node=N8820 type=observe q_pred_context=0.466571 sequence=307.356238
[plan] step=196 node=N8778 type=observe q_pred_context=0.521682 sequence=307.877921
[plan] step=197 node=N13497 type=observe q_pred_context=0.691316 sequence=308.569237
[plan] step=198 node=N8833 type=observe q_pred_context=0.704679 sequence=309.273916
[plan] step=199 node=N8836 type=observe q_pred_context=0.804724 sequence=310.078640
[plan] step=200 node=N8824 type=observe q_pred_context=0.261324 sequence=310.339963
[plan] step=201 node=N8823 type=observe q_pred_context=0.240657 sequence=310.580620
[plan] step=202 node=N13583 type=observe q_pred_context=0.308883 sequence=310.889503
[plan] step=203 node=N13548 type=observe q_pred_context=0.290358 sequence=311.179862
[plan] step=204 node=N13581 type=observe q_pred_context=0.263542 sequence=311.443404
[plan] step=205 node=N13591 type=observe q_pred_context=0.237760 sequence=311.681164
[plan] step=206 node=N13559 type=observe q_pred_context=0.218444 sequence=311.899607
[plan] step=207 node=N13495 type=observe q_pred_context=0.198504 sequence=312.098112
[plan] step=208 node=N12143 type=control0 q_pred_context=0.187357 sequence=312.285469
[plan] step=209 node=N12569 type=control0 q_pred_context=0.837210 sequence=313.122678
[plan] step=210 node=N13532 type=observe q_pred_context=0.833137 sequence=313.955815
[plan] step=211 node=N13607 type=observe q_pred_context=0.820638 sequence=314.776453
[plan] step=212 node=N19478 type=observe q_pred_context=0.823323 sequence=315.599776
[plan] step=213 node=N17825 type=control0 q_pred_context=0.236968 sequence=315.836745
[plan] step=214 node=N19475 type=observe q_pred_context=0.846147 sequence=316.682892
[plan] step=215 node=N13511 type=observe q_pred_context=0.813478 sequence=317.496370
[plan] step=216 node=N19473 type=observe q_pred_context=0.821030 sequence=318.317401
[plan] step=217 node=N12119 type=control0 q_pred_context=0.280546 sequence=318.597947
[plan] step=218 node=N19472 type=observe q_pred_context=0.941575 sequence=319.539522
[plan] step=219 node=N19469 type=observe q_pred_context=0.787509 sequence=320.327031
[plan] step=220 node=N19470 type=observe q_pred_context=0.777517 sequence=321.104549
[plan] step=221 node=N19450 type=control0 q_pred_context=0.612942 sequence=321.717490
[plan] step=222 node=N19466 type=observe q_pred_context=0.772974 sequence=322.490464
[plan] step=223 node=N13543 type=observe q_pred_context=0.764679 sequence=323.255144
[plan] step=224 node=N12135 type=control0 q_pred_context=0.306565 sequence=323.561709
[plan] step=225 node=N12706 type=control0 q_pred_context=0.955374 sequence=324.517083
[plan] step=226 node=N7131 type=control0 q_pred_context=0.852708 sequence=325.369791
[plan] step=227 node=N19467 type=observe q_pred_context=0.674819 sequence=326.044610
[plan] step=228 node=N19465 type=observe q_pred_context=0.687148 sequence=326.731758
[plan] step=229 node=N19463 type=observe q_pred_context=0.699016 sequence=327.430775
[plan] step=230 node=N12095 type=control0 q_pred_context=0.339194 sequence=327.769969
[plan] step=231 node=N7067 type=control0 q_pred_context=0.911861 sequence=328.681830
[plan] step=232 node=N7115 type=control0 q_pred_context=0.828651 sequence=329.510481
[plan] step=233 node=N7469 type=observe q_pred_context=0.654503 sequence=330.164983
[plan] step=234 node=N19460 type=observe q_pred_context=0.575223 sequence=330.740206
[plan] step=235 node=N13613 type=control0 q_pred_context=0.236833 sequence=330.977039
[plan] step=236 node=N12604 type=control0 q_pred_context=0.811343 sequence=331.788383
[plan] step=237 node=N12570 type=control0 q_pred_context=0.661983 sequence=332.450366
[plan] step=238 node=N7083 type=control0 q_pred_context=0.704038 sequence=333.154404
[plan] step=239 node=N19441 type=observe q_pred_context=0.664379 sequence=333.818783
[plan] step=240 node=N12739 type=control0 q_pred_context=0.540212 sequence=334.358995
[plan] step=241 node=N12740 type=control0 q_pred_context=0.839911 sequence=335.198906
[plan] step=242 node=N7310 type=control0 q_pred_context=0.649391 sequence=335.848297
[plan] step=243 node=N18718 type=observe q_pred_context=0.551395 sequence=336.399692
[plan] step=244 node=N19457 type=observe q_pred_context=0.695725 sequence=337.095417
[plan] step=245 node=N13615 type=control0 q_pred_context=0.511028 sequence=337.606445
[plan] step=246 node=N19456 type=observe q_pred_context=0.735288 sequence=338.341733
[plan] step=247 node=N12351 type=control0 q_pred_context=0.588344 sequence=338.930078
[plan] step=248 node=N7520 type=observe q_pred_context=0.525582 sequence=339.455659
[plan] step=249 node=N19454 type=observe q_pred_context=0.749162 sequence=340.204822
[plan] step=250 node=N19452 type=observe q_pred_context=0.858365 sequence=341.063187
[plan] step=251 node=N19451 type=observe q_pred_context=0.840875 sequence=341.904062
[plan] step=252 node=N19447 type=observe q_pred_context=0.835200 sequence=342.739261
[plan] step=253 node=N19461 type=observe q_pred_context=0.929365 sequence=343.668627
[plan] step=254 node=N19448 type=observe q_pred_context=1.003556 sequence=344.672182
[plan] step=255 node=N19449 type=observe q_pred_context=0.997926 sequence=345.670108
[plan] step=256 node=N19458 type=observe q_pred_context=0.996952 sequence=346.667060
[plan] step=257 node=N12674 type=control0 q_pred_context=0.810627 sequence=347.477688
[plan] step=258 node=N7210 type=observe q_pred_context=0.937436 sequence=348.415124
[plan] step=259 node=N7222 type=observe q_pred_context=0.870965 sequence=349.286089
[plan] step=260 node=N7151 type=observe q_pred_context=0.740053 sequence=350.026142
[plan] step=261 node=N12641 type=control0 q_pred_context=2.458530 sequence=352.484672
[plan] step=262 node=N7411 type=observe q_pred_context=4.740174 sequence=357.224846
[plan] step=263 node=N7177 type=observe q_pred_context=3.694089 sequence=360.918935
[plan] step=264 node=N18329 type=observe q_pred_context=2.886353 sequence=363.805288
[plan] step=265 node=N12637 type=control0 q_pred_context=2.054220 sequence=365.859508
[plan] step=266 node=N18557 type=observe q_pred_context=3.454149 sequence=369.313657
[plan] step=267 node=N18314 type=control0 q_pred_context=2.575922 sequence=371.889579
[plan] step=268 node=N18548 type=observe q_pred_context=3.783713 sequence=375.673291
[plan] step=269 node=N18414 type=control0 q_pred_context=2.883691 sequence=378.556983
[plan] step=270 node=N12671 type=control0 q_pred_context=3.862602 sequence=382.419585
[plan] step=271 node=N12312 type=control0 q_pred_context=4.593828 sequence=387.013413
[plan] step=272 node=N12328 type=control0 q_pred_context=4.807467 sequence=391.820879
[plan] step=273 node=N12232 type=control0 q_pred_context=4.788501 sequence=396.609380
[plan] step=274 node=N12280 type=control0 q_pred_context=4.705598 sequence=401.314979
[plan] step=275 node=N12248 type=control0 q_pred_context=4.611219 sequence=405.926197
[plan] step=276 node=N12216 type=control0 q_pred_context=4.641392 sequence=410.567589
[plan] step=277 node=N7270 type=control0 q_pred_context=4.768288 sequence=415.335877
[plan] step=278 node=N12294 type=control0 q_pred_context=4.878874 sequence=420.214751
[plan] step=279 node=N12262 type=control0 q_pred_context=5.116486 sequence=425.331237
[plan] step=280 node=N7274 type=control0 q_pred_context=5.511760 sequence=430.842997
[plan] step=281 node=N18802 type=observe q_pred_context=5.322751 sequence=436.165749
[plan] step=282 node=N18796 type=observe q_pred_context=5.586846 sequence=441.752595
[plan] step=283 node=N19436 type=observe q_pred_context=5.635481 sequence=447.388075
[plan] step=284 node=N18792 type=observe q_pred_context=5.661641 sequence=453.049716
[plan] step=285 node=N19446 type=observe q_pred_context=5.831319 sequence=458.881035
[plan] step=286 node=N18799 type=observe q_pred_context=6.057620 sequence=464.938655
[plan] step=287 node=N18874 type=control0 q_pred_context=6.259227 sequence=471.197882
[plan] step=288 node=N13062 type=observe q_pred_context=5.921110 sequence=477.118991
[plan] step=289 node=N13066 type=observe q_pred_context=5.852359 sequence=482.971350
[plan] step=290 node=N13064 type=observe q_pred_context=5.820305 sequence=488.791655
[plan] step=291 node=N13060 type=observe q_pred_context=5.506222 sequence=494.297877
[plan] step=292 node=N7162 type=observe q_pred_context=4.767651 sequence=499.065528
[plan] step=293 node=N7225 type=observe q_pred_context=4.717763 sequence=503.783291
[plan] step=294 node=N13757 type=observe q_pred_context=5.353310 sequence=509.136602
[plan] step=295 node=N18128 type=control0 q_pred_context=5.553309 sequence=514.689911
[plan] step=296 node=N7669 type=control0 q_pred_context=6.549104 sequence=521.239015
[plan] step=297 node=N18447 type=control0 q_pred_context=7.548707 sequence=528.787721
[plan] step=298 node=N18085 type=control0 q_pred_context=6.743221 sequence=535.530942
[plan] step=299 node=N13617 type=control0 q_pred_context=6.242336 sequence=541.773277
[plan] step=300 node=N2859 type=control0 q_pred_context=5.737579 sequence=547.510856
[plan] step=301 node=N27568 type=control0 q_pred_context=6.228683 sequence=553.739540
[plan] step=302 node=N18614 type=observe q_pred_context=6.000000 sequence=559.739540
[plan] step=303 node=N27570 type=control0 q_pred_context=5.562756 sequence=565.302296
[plan] step=304 node=N7218 type=control0 q_pred_context=6.514067 sequence=571.816363
[plan] step=305 node=N2898 type=control0 q_pred_context=6.986589 sequence=578.802952
[plan] step=306 node=N28737 type=control0 q_pred_context=6.986319 sequence=585.789271
[plan] step=307 node=N18034 type=control0 q_pred_context=7.626180 sequence=593.415451
[plan] step=308 node=N3964 type=control0 q_pred_context=6.914995 sequence=600.330446
[plan] step=309 node=N18037 type=control0 q_pred_context=7.035047 sequence=607.365493
[plan] step=310 node=N7199 type=control0 q_pred_context=6.621907 sequence=613.987399
[plan] step=311 node=N12656 type=control0 q_pred_context=6.792309 sequence=620.779709
[plan] step=312 node=N13703 type=observe q_pred_context=0.772556 sequence=621.552265
[plan] step=313 node=N2041 type=control1 q_pred_context=0.435499 sequence=621.987764
[plan] step=314 node=N7729 type=control1 q_pred_context=0.663093 sequence=622.650857
[plan] step=315 node=N8611 type=control0 q_pred_context=0.486100 sequence=623.136957
[plan] step=316 node=N12103 type=control0 q_pred_context=0.649390 sequence=623.786347
[plan] step=317 node=N2030 type=control1 q_pred_context=0.673759 sequence=624.460107
[plan] step=318 node=N13794 type=control1 q_pred_context=0.708527 sequence=625.168634
[plan] step=319 node=N30922 type=control0 q_pred_context=0.581384 sequence=625.750017
[plan] step=320 node=N13737 type=observe q_pred_context=0.502014 sequence=626.252031
[plan] step=321 node=N13733 type=observe q_pred_context=0.724656 sequence=626.976687
[plan] step=322 node=N13741 type=observe q_pred_context=0.749555 sequence=627.726242
[plan] step=323 node=N13745 type=observe q_pred_context=0.758084 sequence=628.484326
[plan] step=324 node=N30921 type=control0 q_pred_context=0.863371 sequence=629.347697
[plan] step=325 node=N13695 type=observe q_pred_context=0.676998 sequence=630.024695
[plan] step=326 node=N22040 type=control1 q_pred_context=0.822470 sequence=630.847165
[plan] step=327 node=N29371 type=control0 q_pred_context=0.851976 sequence=631.699141
[plan] step=328 node=N7712 type=control1 q_pred_context=0.825257 sequence=632.524399
[plan] step=329 node=N2037 type=control1 q_pred_context=1.007306 sequence=633.531705
[plan] step=330 node=N13800 type=control1 q_pred_context=0.938358 sequence=634.470063
[plan] step=331 node=N30923 type=control0 q_pred_context=0.785604 sequence=635.255668
[plan] step=332 node=N13749 type=observe q_pred_context=0.649219 sequence=635.904887
[plan] step=333 node=N26507 type=control1 q_pred_context=0.794228 sequence=636.699115
[plan] step=334 node=N30933 type=control0 q_pred_context=5.939713 sequence=642.638828
[plan] step=335 node=N30928 type=control0 q_pred_context=3.206657 sequence=645.845485
[plan] step=336 node=N13785 type=control1 q_pred_context=0.860416 sequence=646.705901
[plan] step=337 node=N31044 type=control0 q_pred_context=0.688935 sequence=647.394837
[plan] step=338 node=N13699 type=observe q_pred_context=0.608116 sequence=648.002953
[plan] step=339 node=N13739 type=observe q_pred_context=0.777586 sequence=648.780539
[plan] step=340 node=N13729 type=observe q_pred_context=0.725611 sequence=649.506149
[plan] step=341 node=N7727 type=control1 q_pred_context=1.021259 sequence=650.527409
[plan] step=342 node=N30934 type=control0 q_pred_context=0.835822 sequence=651.363230
[plan] step=343 node=N13801 type=control1 q_pred_context=0.756071 sequence=652.119301
[plan] step=344 node=N18563 type=observe q_pred_context=0.858718 sequence=652.978019
[plan] step=345 node=N2036 type=control1 q_pred_context=0.602537 sequence=653.580557
[plan] step=346 node=N13701 type=observe q_pred_context=0.723397 sequence=654.303954
[plan] step=347 node=N13697 type=observe q_pred_context=0.659264 sequence=654.963218
[plan] step=348 node=N13743 type=observe q_pred_context=0.663097 sequence=655.626315
[plan] step=349 node=N13747 type=observe q_pred_context=0.662182 sequence=656.288497
[plan] step=350 node=N13731 type=observe q_pred_context=1.057702 sequence=657.346199
[plan] step=351 node=N13735 type=observe q_pred_context=1.186130 sequence=658.532329
[plan] step=352 node=N13693 type=observe q_pred_context=1.161331 sequence=659.693660
[plan] step=353 node=N2078 type=control1 q_pred_context=1.293417 sequence=660.987077
[plan] step=354 node=N7455 type=observe q_pred_context=1.195285 sequence=662.182362
[plan] step=355 node=N18097 type=observe q_pred_context=1.204086 sequence=663.386449
[plan] step=356 node=N7726 type=control1 q_pred_context=1.303940 sequence=664.690389
[plan] step=357 node=N7507 type=observe q_pred_context=1.089753 sequence=665.780142
[plan] step=358 node=N3779 type=observe q_pred_context=0.659848 sequence=666.439989
[plan] step=359 node=N18788 type=observe q_pred_context=0.640839 sequence=667.080829
[plan] step=360 node=N9513 type=observe q_pred_context=0.643814 sequence=667.724642
[plan] step=361 node=N13719 type=observe q_pred_context=0.640786 sequence=668.365428
[plan] step=362 node=N13913 type=control1 q_pred_context=0.656256 sequence=669.021683
[plan] step=363 node=N27858 type=control1 q_pred_context=0.700876 sequence=669.722560
[plan] step=364 node=N7766 type=control1 q_pred_context=0.974084 sequence=670.696644
[plan] step=365 node=N30927 type=control0 q_pred_context=0.612371 sequence=671.309016
[plan] step=366 node=N13723 type=observe q_pred_context=0.840816 sequence=672.149832
[plan] step=367 node=N2891 type=observe q_pred_context=1.021460 sequence=673.171292
[plan] step=368 node=N13709 type=observe q_pred_context=0.898151 sequence=674.069443
[plan] step=369 node=N13707 type=observe q_pred_context=0.887956 sequence=674.957399
[plan] step=370 node=N24568 type=control0 q_pred_context=0.552709 sequence=675.510108
[plan] step=371 node=N2076 type=control1 q_pred_context=0.905679 sequence=676.415787
[plan] step=372 node=N29498 type=control1 q_pred_context=1.322347 sequence=677.738134
[plan] step=373 node=N7711 type=control1 q_pred_context=1.203644 sequence=678.941777
[plan] step=374 node=N1986 type=control1 q_pred_context=2.406662 sequence=681.348439
[plan] step=375 node=N9041 type=observe q_pred_context=2.192587 sequence=683.541026
[plan] step=376 node=N1987 type=control1 q_pred_context=2.081285 sequence=685.622311
[plan] step=377 node=N2029 type=control1 q_pred_context=1.687131 sequence=687.309442
[plan] step=378 node=N30926 type=control0 q_pred_context=1.076702 sequence=688.386144
[plan] step=379 node=N27364 type=control1 q_pred_context=0.956822 sequence=689.342966
[plan] step=380 node=N2074 type=control1 q_pred_context=1.117754 sequence=690.460720
[plan] step=381 node=N30925 type=control0 q_pred_context=0.805734 sequence=691.266454
[plan] step=382 node=N7690 type=control1 q_pred_context=0.960934 sequence=692.227388
[plan] step=383 node=N13797 type=control1 q_pred_context=0.827160 sequence=693.054548
[plan] step=384 node=N13836 type=control1 q_pred_context=0.982908 sequence=694.037456
[plan] step=385 node=N30924 type=control0 q_pred_context=0.858718 sequence=694.896174
[plan] step=386 node=N30929 type=control0 q_pred_context=0.757556 sequence=695.653730
[plan] step=387 node=N13717 type=observe q_pred_context=0.848908 sequence=696.502638
[plan] step=388 node=N7721 type=control1 q_pred_context=0.967732 sequence=697.470370
[plan] step=389 node=N13721 type=observe q_pred_context=0.869888 sequence=698.340258
[plan] step=390 node=N7765 type=control1 q_pred_context=0.898881 sequence=699.239139
[plan] step=391 node=N2025 type=control1 q_pred_context=0.840715 sequence=700.079854
[plan] step=392 node=N30932 type=control0 q_pred_context=0.766027 sequence=700.845881
[plan] step=393 node=N13725 type=observe q_pred_context=0.759738 sequence=701.605619
[plan] step=394 node=N19316 type=observe q_pred_context=0.874816 sequence=702.480435
[plan] step=395 node=N7759 type=control1 q_pred_context=0.959672 sequence=703.440107
[plan] step=396 node=N13837 type=control1 q_pred_context=0.842186 sequence=704.282294
[plan] step=397 node=N30931 type=control0 q_pred_context=0.894616 sequence=705.176909
[plan] step=398 node=N13711 type=observe q_pred_context=1.656497 sequence=706.833406
[plan] step=399 node=N13727 type=observe q_pred_context=1.423606 sequence=708.257012
[plan] step=400 node=N13705 type=observe q_pred_context=1.521422 sequence=709.778434
[plan] step=401 node=N14009 type=observe q_pred_context=1.912018 sequence=711.690453
[plan] step=402 node=N13715 type=observe q_pred_context=1.764717 sequence=713.455169
[plan] step=403 node=N29390 type=control0 q_pred_context=1.260725 sequence=714.715894
[plan] step=404 node=N13713 type=observe q_pred_context=1.869391 sequence=716.585285
[plan] step=405 node=N7673 type=observe q_pred_context=1.780504 sequence=718.365789
[plan] step=406 node=N29526 type=control0 q_pred_context=1.311334 sequence=719.677123
[plan] step=407 node=N7725 type=control1 q_pred_context=1.991072 sequence=721.668195
[plan] step=408 node=N7718 type=control1 q_pred_context=1.311256 sequence=722.979450
[plan] step=409 node=N31050 type=control0 q_pred_context=1.440565 sequence=724.420015
[plan] step=410 node=N31051 type=control0 q_pred_context=1.272347 sequence=725.692362
[plan] step=411 node=N31045 type=control0 q_pred_context=1.042075 sequence=726.734437
[plan] step=412 node=N13901 type=control1 q_pred_context=1.365464 sequence=728.099900
[plan] step=413 node=N13919 type=control1 q_pred_context=1.394034 sequence=729.493934
[plan] step=414 node=N16417 type=control1 q_pred_context=0.966073 sequence=730.460007
[plan] step=415 node=N2038 type=control1 q_pred_context=1.608369 sequence=732.068376
[plan] step=416 node=N12307 type=observe q_pred_context=0.947247 sequence=733.015623
[plan] step=417 node=N12316 type=observe q_pred_context=0.739676 sequence=733.755299
[plan] step=418 node=N30930 type=control0 q_pred_context=0.947192 sequence=734.702491
[plan] step=419 node=N26775 type=control0 q_pred_context=1.150572 sequence=735.853063
[plan] step=420 node=N18620 type=observe q_pred_context=0.917451 sequence=736.770514
[plan] step=421 node=N18532 type=observe q_pred_context=1.081604 sequence=737.852117
[plan] step=422 node=N12339 type=observe q_pred_context=0.929674 sequence=738.781791
[plan] step=423 node=N8821 type=observe q_pred_context=0.764462 sequence=739.546253
[plan] step=424 node=N8764 type=observe q_pred_context=0.717331 sequence=740.263585
[plan] step=425 node=N7633 type=observe q_pred_context=0.516824 sequence=740.780409
[plan] step=426 node=N12368 type=observe q_pred_context=1.104247 sequence=741.884655
[plan] step=427 node=N12399 type=observe q_pred_context=0.933464 sequence=742.818119
[plan] step=428 node=N12683 type=observe q_pred_context=0.777869 sequence=743.595988
[plan] step=429 node=N26792 type=control0 q_pred_context=0.721574 sequence=744.317561
[plan] step=430 node=N18514 type=observe q_pred_context=1.142881 sequence=745.460442
[plan] step=431 node=N12465 type=observe q_pred_context=0.678316 sequence=746.138758
[plan] step=432 node=N7268 type=observe q_pred_context=0.637910 sequence=746.776667
[plan] step=433 node=N12447 type=observe q_pred_context=0.617304 sequence=747.393972
[plan] step=434 node=N12607 type=observe q_pred_context=0.605944 sequence=747.999916
[plan] step=435 node=N12214 type=observe q_pred_context=0.581922 sequence=748.581838
[plan] step=436 node=N27564 type=control0 q_pred_context=0.585477 sequence=749.167315
[plan] step=437 node=N26773 type=control0 q_pred_context=1.701339 sequence=750.868654
[plan] step=438 node=N12229 type=observe q_pred_context=0.554099 sequence=751.422753
[plan] step=439 node=N12293 type=observe q_pred_context=0.551652 sequence=751.974405
[plan] step=440 node=N26796 type=control0 q_pred_context=0.549529 sequence=752.523934
[plan] step=441 node=N19442 type=observe q_pred_context=0.562742 sequence=753.086676
[plan] step=442 node=N9514 type=observe q_pred_context=1.332808 sequence=754.419484
[plan] step=443 node=N18364 type=observe q_pred_context=1.139924 sequence=755.559408
[plan] step=444 node=N26769 type=control0 q_pred_context=0.564457 sequence=756.123865
[plan] step=445 node=N12309 type=observe q_pred_context=0.623900 sequence=756.747765
[plan] step=446 node=N12709 type=observe q_pred_context=1.231433 sequence=757.979198
[plan] step=447 node=N7445 type=observe q_pred_context=0.645908 sequence=758.625105
[plan] step=448 node=N12277 type=observe q_pred_context=0.766324 sequence=759.391429
[plan] step=449 node=N19439 type=observe q_pred_context=0.792063 sequence=760.183492
[plan] step=450 node=N26788 type=control0 q_pred_context=0.551837 sequence=760.735329
[plan] step=451 node=N26771 type=control0 q_pred_context=2.457791 sequence=763.193120
[plan] step=452 node=N13076 type=observe q_pred_context=0.608778 sequence=763.801897
[plan] step=453 node=N9511 type=observe q_pred_context=1.330180 sequence=765.132077
[plan] step=454 node=N15374 type=observe q_pred_context=0.607111 sequence=765.739187
[plan] step=455 node=N8903 type=observe q_pred_context=1.053923 sequence=766.793111
[plan] step=456 node=N7692 type=observe q_pred_context=1.108915 sequence=767.902026
[plan] step=457 node=N5157 type=observe q_pred_context=0.637335 sequence=768.539361
[plan] step=458 node=N19165 type=observe q_pred_context=0.625912 sequence=769.165273
[plan] step=459 node=N15376 type=observe q_pred_context=1.006607 sequence=770.171881
[plan] step=460 node=N7671 type=observe q_pred_context=1.097486 sequence=771.269367
[plan] step=461 node=N3775 type=observe q_pred_context=1.374777 sequence=772.644143
[plan] step=462 node=N3880 type=observe q_pred_context=1.023124 sequence=773.667267
[plan] step=463 node=N18877 type=observe q_pred_context=0.817702 sequence=774.484970
[plan] step=464 node=N19835 type=observe q_pred_context=0.936606 sequence=775.421576
[plan] step=465 node=N20546 type=control1 q_pred_context=0.272425 sequence=775.694000
[plan] step=466 node=N14901 type=control1 q_pred_context=1.734388 sequence=777.428389
[plan] step=467 node=N12325 type=observe q_pred_context=0.649809 sequence=778.078197
[plan] step=468 node=N19219 type=observe q_pred_context=0.604421 sequence=778.682618
[plan] step=469 node=N19315 type=observe q_pred_context=1.168688 sequence=779.851305
[plan] step=470 node=N12581 type=observe q_pred_context=1.218297 sequence=781.069603
[plan] step=471 node=N12323 type=observe q_pred_context=0.734971 sequence=781.804574
[plan] step=472 node=N7537 type=observe q_pred_context=0.789661 sequence=782.594235
[plan] step=473 node=N7285 type=observe q_pred_context=0.678881 sequence=783.273117
[plan] step=474 node=N19231 type=observe q_pred_context=0.740121 sequence=784.013237
[plan] step=475 node=N9593 type=observe q_pred_context=2.005311 sequence=786.018549
[plan] step=476 node=N9595 type=observe q_pred_context=2.476735 sequence=788.495283
[plan] step=477 node=N12332 type=observe q_pred_context=0.709193 sequence=789.204476
[plan] step=478 node=N31073 type=control1 q_pred_context=0.660480 sequence=789.864956
[plan] step=479 node=N19878 type=observe q_pred_context=0.729302 sequence=790.594258
[plan] step=480 node=N18537 type=observe q_pred_context=1.129038 sequence=791.723296
[plan] step=481 node=N29409 type=control1 q_pred_context=1.151512 sequence=792.874808
[plan] step=482 node=N29408 type=control1 q_pred_context=1.045281 sequence=793.920088
[plan] step=483 node=N9608 type=observe q_pred_context=0.598803 sequence=794.518891
[plan] step=484 node=N2696 type=observe q_pred_context=0.700168 sequence=795.219059
[plan] step=485 node=N18641 type=observe q_pred_context=0.702380 sequence=795.921440
[plan] step=486 node=N26784 type=control0 q_pred_context=0.643051 sequence=796.564491
[plan] step=487 node=N27551 type=control0 q_pred_context=0.601485 sequence=797.165976
[plan] step=488 node=N27509 type=control0 q_pred_context=0.566031 sequence=797.732007
[plan] step=489 node=N7925 type=observe q_pred_context=0.894140 sequence=798.626147
[plan] step=490 node=N26654 type=control0 q_pred_context=0.589684 sequence=799.215832
[plan] step=491 node=N26786 type=control0 q_pred_context=0.577564 sequence=799.793396
[plan] step=492 node=N26782 type=control0 q_pred_context=0.570749 sequence=800.364145
[plan] step=493 node=N26794 type=control0 q_pred_context=0.598819 sequence=800.962964
[plan] step=494 node=N26790 type=control0 q_pred_context=0.608109 sequence=801.571073
[plan] step=495 node=N27574 type=control0 q_pred_context=0.623519 sequence=802.194592
[plan] step=496 node=N27576 type=control0 q_pred_context=0.635331 sequence=802.829922
[plan] step=497 node=N27589 type=control0 q_pred_context=0.650389 sequence=803.480311
[plan] step=498 node=N27585 type=control0 q_pred_context=0.674452 sequence=804.154764
[plan] step=499 node=N3765 type=observe q_pred_context=0.607105 sequence=804.761868
[plan] step=500 node=N2247 type=observe q_pred_context=0.782889 sequence=805.544757
[plan] step=501 node=N3293 type=observe q_pred_context=0.610384 sequence=806.155142
[plan] step=502 node=N9218 type=observe q_pred_context=0.677990 sequence=806.833132
[plan] step=503 node=N3429 type=observe q_pred_context=0.643161 sequence=807.476293
[plan] step=504 node=N7636 type=observe q_pred_context=0.632881 sequence=808.109174
[plan] step=505 node=N9599 type=observe q_pred_context=0.899627 sequence=809.008801
[plan] step=506 node=N3437 type=observe q_pred_context=0.709512 sequence=809.718313
[plan] step=507 node=N14036 type=observe q_pred_context=0.651645 sequence=810.369957
[plan] step=508 node=N9502 type=observe q_pred_context=0.601061 sequence=810.971019
[plan] step=509 node=N19443 type=observe q_pred_context=0.671932 sequence=811.642951
[plan] step=510 node=N8083 type=observe q_pred_context=0.646468 sequence=812.289420
[plan] step=511 node=N12463 type=observe q_pred_context=0.569989 sequence=812.859409
[plan] step=512 node=N19440 type=observe q_pred_context=0.686148 sequence=813.545557
[plan] step=513 node=N12452 type=observe q_pred_context=0.560186 sequence=814.105743
[plan] step=514 node=N3856 type=observe q_pred_context=0.694966 sequence=814.800709
[plan] step=515 node=N19314 type=observe q_pred_context=0.698334 sequence=815.499043
[plan] step=516 node=N15368 type=observe q_pred_context=0.708924 sequence=816.207967
[plan] step=517 node=N3319 type=observe q_pred_context=0.696347 sequence=816.904315
[plan] step=518 node=N19162 type=observe q_pred_context=0.637860 sequence=817.542174
[plan] step=519 node=N9639 type=observe q_pred_context=0.724394 sequence=818.266568
[plan] step=520 node=N13911 type=control1 q_pred_context=0.788051 sequence=819.054619
[plan] step=521 node=N7432 type=observe q_pred_context=0.607045 sequence=819.661664
[plan] step=522 node=N12319 type=observe q_pred_context=0.607056 sequence=820.268720
[plan] step=523 node=N18586 type=observe q_pred_context=0.662871 sequence=820.931591
[plan] step=524 node=N19864 type=observe q_pred_context=0.610383 sequence=821.541974
[plan] step=525 node=N18645 type=observe q_pred_context=0.609731 sequence=822.151704
[plan] step=526 node=N2698 type=observe q_pred_context=0.607347 sequence=822.759051
[plan] step=527 node=N12371 type=observe q_pred_context=0.607050 sequence=823.366101
[plan] step=528 node=N25713 type=observe q_pred_context=0.702952 sequence=824.069053
[plan] step=529 node=N12243 type=observe q_pred_context=0.624363 sequence=824.693416
[plan] step=530 node=N14045 type=observe q_pred_context=0.665457 sequence=825.358873
[plan] step=531 node=N9220 type=observe q_pred_context=0.659164 sequence=826.018036
[plan] step=532 node=N27250 type=observe q_pred_context=0.701393 sequence=826.719430
[plan] step=533 node=N19320 type=observe q_pred_context=0.720765 sequence=827.440195
[plan] step=534 node=N3318 type=observe q_pred_context=0.831378 sequence=828.271573
[plan] step=535 node=N25756 type=observe q_pred_context=0.672989 sequence=828.944562
[plan] step=536 node=N12547 type=observe q_pred_context=0.704515 sequence=829.649077
[plan] step=537 node=N9610 type=observe q_pred_context=0.711629 sequence=830.360707
[plan] step=538 node=N7448 type=observe q_pred_context=0.622525 sequence=830.983231
[plan] step=539 node=N12335 type=observe q_pred_context=0.626593 sequence=831.609824
[plan] step=540 node=N12211 type=observe q_pred_context=0.623520 sequence=832.233344
[plan] step=541 node=N18488 type=observe q_pred_context=0.645522 sequence=832.878865
[plan] step=542 node=N3810 type=observe q_pred_context=0.751570 sequence=833.630435
[plan] step=543 node=N7381 type=observe q_pred_context=0.623283 sequence=834.253719
[plan] step=544 node=N14666 type=observe q_pred_context=0.675073 sequence=834.928791
[plan] step=545 node=N2870 type=observe q_pred_context=0.694376 sequence=835.623167
[plan] step=546 node=N18675 type=observe q_pred_context=0.648744 sequence=836.271911
[plan] step=547 node=N10955 type=observe q_pred_context=0.671566 sequence=836.943477
[plan] step=548 node=N14041 type=observe q_pred_context=0.846433 sequence=837.789909
[plan] step=549 node=N15370 type=observe q_pred_context=0.693613 sequence=838.483523
[plan] step=550 node=N19318 type=observe q_pred_context=0.764872 sequence=839.248395
[plan] step=551 node=N12355 type=observe q_pred_context=0.736953 sequence=839.985348
[plan] step=552 node=N7464 type=observe q_pred_context=0.678774 sequence=840.664122
[plan] step=553 node=N7301 type=observe q_pred_context=0.643785 sequence=841.307907
[plan] step=554 node=N12220 type=observe q_pred_context=0.624903 sequence=841.932810
[plan] step=555 node=N18724 type=observe q_pred_context=0.620901 sequence=842.553711
[plan] step=556 node=N12649 type=observe q_pred_context=0.663752 sequence=843.217463
[plan] step=557 node=N13961 type=observe q_pred_context=0.771264 sequence=843.988728
[plan] step=558 node=N8128 type=observe q_pred_context=0.830363 sequence=844.819090
[plan] step=559 node=N12751 type=observe q_pred_context=0.708272 sequence=845.527363
[plan] step=560 node=N3363 type=observe q_pred_context=0.771127 sequence=846.298490
[plan] step=561 node=N13426 type=observe q_pred_context=0.679521 sequence=846.978011
[plan] step=562 node=N12387 type=observe q_pred_context=0.640809 sequence=847.618820
[plan] step=563 node=N19317 type=observe q_pred_context=0.827823 sequence=848.446643
[plan] step=564 node=N14037 type=observe q_pred_context=0.891774 sequence=849.338418
[plan] step=565 node=N19834 type=observe q_pred_context=0.804858 sequence=850.143276
[plan] step=566 node=N12659 type=observe q_pred_context=0.732698 sequence=850.875974
[plan] step=567 node=N12259 type=observe q_pred_context=0.607109 sequence=851.483083
[plan] step=568 node=N7528 type=observe q_pred_context=0.607066 sequence=852.090149
[plan] step=569 node=N12271 type=observe q_pred_context=0.618880 sequence=852.709029
[plan] step=570 node=N18695 type=observe q_pred_context=0.736332 sequence=853.445361
[plan] step=571 node=N12717 type=observe q_pred_context=0.721430 sequence=854.166792
[plan] step=572 node=N13976 type=observe q_pred_context=0.933265 sequence=855.100056
[plan] step=573 node=N3371 type=observe q_pred_context=0.878865 sequence=855.978921
[plan] step=574 node=N19321 type=observe q_pred_context=0.835535 sequence=856.814457
[plan] step=575 node=N12403 type=observe q_pred_context=0.634809 sequence=857.449266
[plan] step=576 node=N12227 type=observe q_pred_context=0.639311 sequence=858.088576
[plan] step=577 node=N14042 type=observe q_pred_context=0.896518 sequence=858.985094
[plan] step=578 node=N7398 type=observe q_pred_context=0.607071 sequence=859.592166
[plan] step=579 node=N12524 type=observe q_pred_context=0.626100 sequence=860.218266
[plan] step=580 node=N7480 type=observe q_pred_context=0.640779 sequence=860.859045
[plan] step=581 node=N12236 type=observe q_pred_context=0.640773 sequence=861.499818
[plan] step=582 node=N8133 type=observe q_pred_context=0.851793 sequence=862.351611
[plan] step=583 node=N3347 type=observe q_pred_context=0.887096 sequence=863.238708
[plan] step=584 node=N19319 type=observe q_pred_context=0.813583 sequence=864.052291
[plan] step=585 node=N18691 type=observe q_pred_context=0.709593 sequence=864.761884
[plan] step=586 node=N12208 type=observe q_pred_context=0.778596 sequence=865.540480
[plan] step=587 node=N12291 type=observe q_pred_context=0.641954 sequence=866.182434
[plan] step=588 node=N18417 type=observe q_pred_context=0.778993 sequence=866.961427
[plan] step=589 node=N12657 type=observe q_pred_context=0.787380 sequence=867.748807
[plan] step=590 node=N14038 type=observe q_pred_context=0.718343 sequence=868.467149
[plan] step=591 node=N7366 type=observe q_pred_context=0.640820 sequence=869.107970
[plan] step=592 node=N7333 type=observe q_pred_context=0.640860 sequence=869.748830
[plan] step=593 node=N7496 type=observe q_pred_context=0.640818 sequence=870.389649
[plan] step=594 node=N3379 type=observe q_pred_context=0.886403 sequence=871.276051
[plan] step=595 node=N18658 type=observe q_pred_context=0.641690 sequence=871.917741
[plan] step=596 node=N19322 type=observe q_pred_context=0.826894 sequence=872.744634
[plan] step=597 node=N3323 type=observe q_pred_context=0.909121 sequence=873.653755
[plan] step=598 node=N12284 type=observe q_pred_context=0.640770 sequence=874.294525
[plan] step=599 node=N8132 type=observe q_pred_context=0.933373 sequence=875.227897
[plan] step=600 node=N18432 type=observe q_pred_context=0.641045 sequence=875.868942
[plan] step=601 node=N7512 type=observe q_pred_context=0.640830 sequence=876.509772
[plan] step=602 node=N12223 type=observe q_pred_context=0.640818 sequence=877.150590
[plan] step=603 node=N12502 type=observe q_pred_context=0.983790 sequence=878.134380
[plan] step=604 node=N14035 type=observe q_pred_context=0.891733 sequence=879.026113
[plan] step=605 node=N3355 type=observe q_pred_context=0.912475 sequence=879.938588
[plan] step=606 node=N19324 type=observe q_pred_context=0.864998 sequence=880.803586
[plan] step=607 node=N15372 type=observe q_pred_context=0.714351 sequence=881.517938
[plan] step=608 node=N18741 type=observe q_pred_context=0.642334 sequence=882.160271
[plan] step=609 node=N18420 type=observe q_pred_context=0.644885 sequence=882.805157
[plan] step=610 node=N7349 type=observe q_pred_context=0.628410 sequence=883.433567
[plan] step=611 node=N25742 type=observe q_pred_context=0.622549 sequence=884.056116
[plan] step=612 node=N12289 type=observe q_pred_context=0.633642 sequence=884.689757
[plan] step=613 node=N12209 type=observe q_pred_context=0.640775 sequence=885.330533
[plan] step=614 node=N12239 type=observe q_pred_context=0.640822 sequence=885.971355
[plan] step=615 node=N12513 type=observe q_pred_context=0.947128 sequence=886.918483
[plan] step=616 node=N19323 type=observe q_pred_context=0.769498 sequence=887.687981
[plan] step=617 node=N7243 type=observe q_pred_context=0.640771 sequence=888.328751
[plan] step=618 node=N8122 type=observe q_pred_context=0.756792 sequence=889.085544
[plan] step=619 node=N3332 type=observe q_pred_context=0.689055 sequence=889.774599
[plan] step=620 node=N18354 type=observe q_pred_context=0.640785 sequence=890.415385
[plan] step=621 node=N12255 type=observe q_pred_context=0.640807 sequence=891.056192
[plan] step=622 node=N12257 type=observe q_pred_context=0.641793 sequence=891.697985
[plan] step=623 node=N12504 type=observe q_pred_context=0.995199 sequence=892.693183
[plan] step=624 node=N7259 type=observe q_pred_context=0.640770 sequence=893.333953
[plan] step=625 node=N7211 type=observe q_pred_context=0.723065 sequence=894.057018
[plan] step=626 node=N8124 type=observe q_pred_context=0.870238 sequence=894.927256
[plan] step=627 node=N7931 type=observe q_pred_context=0.706277 sequence=895.633533
[plan] step=628 node=N12287 type=observe q_pred_context=0.640792 sequence=896.274326
[plan] step=629 node=N19326 type=observe q_pred_context=0.843794 sequence=897.118119
[plan] step=630 node=N18388 type=observe q_pred_context=0.640787 sequence=897.758907
[plan] step=631 node=N12528 type=observe q_pred_context=1.048810 sequence=898.807716
[plan] step=632 node=N7548 type=observe q_pred_context=0.952201 sequence=899.759918
[plan] step=633 node=N12268 type=observe q_pred_context=0.640806 sequence=900.400724
[plan] step=634 node=N7195 type=observe q_pred_context=0.640788 sequence=901.041511
[plan] step=635 node=N18449 type=observe q_pred_context=1.027374 sequence=902.068885
[plan] step=636 node=N12519 type=observe q_pred_context=1.777405 sequence=903.846290
[plan] step=637 node=N27284 type=observe q_pred_context=0.994667 sequence=904.840957
[plan] step=638 node=N12273 type=observe q_pred_context=3.788297 sequence=908.629254
[plan] step=639 node=N2693 type=observe q_pred_context=3.358895 sequence=911.988149
[plan] step=640 node=N16645 type=control1 q_pred_context=4.965584 sequence=916.953734
[plan] step=641 node=N1990 type=control1 q_pred_context=5.172668 sequence=922.126401
[plan] step=642 node=N2697 type=observe q_pred_context=4.342323 sequence=926.468725
[plan] step=643 node=N1992 type=observe q_pred_context=4.106281 sequence=930.575006
[plan] step=644 node=N16588 type=control1 q_pred_context=0.697638 sequence=931.272644
[plan] step=645 node=N13788 type=control1 q_pred_context=0.920456 sequence=932.193100
[plan] step=646 node=N2023 type=control1 q_pred_context=0.963355 sequence=933.156455
[plan] step=647 node=N19246 type=observe q_pred_context=0.695365 sequence=933.851820
[plan] step=648 node=N12300 type=observe q_pred_context=0.640789 sequence=934.492609
[plan] step=649 node=N18371 type=observe q_pred_context=0.640785 sequence=935.133393
[plan] step=650 node=N12562 type=observe q_pred_context=1.595144 sequence=936.728537
[plan] step=651 node=N7227 type=observe q_pred_context=4.094791 sequence=940.823328
[plan] step=652 node=N16818 type=control1 q_pred_context=4.237368 sequence=945.060696
[plan] step=653 node=N13930 type=control1 q_pred_context=1.129641 sequence=946.190337
[plan] step=654 node=N1989 type=control1 q_pred_context=1.860229 sequence=948.050566
[plan] step=655 node=N14880 type=control1 q_pred_context=4.829932 sequence=952.880498
[plan] step=656 node=N3325 type=observe q_pred_context=0.619233 sequence=953.499731
[plan] step=657 node=N19250 type=observe q_pred_context=0.760598 sequence=954.260329
[plan] step=658 node=N12252 type=observe q_pred_context=0.655500 sequence=954.915829
[plan] step=659 node=N7147 type=observe q_pred_context=0.780165 sequence=955.695994
[plan] step=660 node=N8135 type=observe q_pred_context=0.600464 sequence=956.296459
[plan] step=661 node=N12553 type=observe q_pred_context=1.022005 sequence=957.318464
[plan] step=662 node=N13979 type=observe q_pred_context=0.875215 sequence=958.193679
[plan] step=663 node=N18366 type=observe q_pred_context=0.873046 sequence=959.066725
[plan] step=664 node=N29386 type=observe q_pred_context=0.615808 sequence=959.682533
[plan] step=665 node=N3536 type=observe q_pred_context=0.605195 sequence=960.287728
[plan] step=666 node=N19245 type=observe q_pred_context=0.721502 sequence=961.009230
[plan] step=667 node=N18437 type=observe q_pred_context=0.641835 sequence=961.651066
[plan] step=668 node=N8121 type=observe q_pred_context=0.803939 sequence=962.455005
[plan] step=669 node=N3527 type=observe q_pred_context=0.725877 sequence=963.180882
[plan] step=670 node=N12654 type=observe q_pred_context=0.610532 sequence=963.791413
[plan] step=671 node=N19251 type=observe q_pred_context=0.404169 sequence=964.195582
[plan] step=672 node=N12303 type=observe q_pred_context=0.428142 sequence=964.623724
[plan] step=673 node=N25712 type=observe q_pred_context=0.733354 sequence=965.357078
[plan] step=674 node=N7213 type=observe q_pred_context=0.426959 sequence=965.784037
[plan] step=675 node=N7163 type=observe q_pred_context=0.658504 sequence=966.442541
[plan] step=676 node=N18305 type=observe q_pred_context=0.995881 sequence=967.438422
[plan] step=677 node=N3386 type=observe q_pred_context=0.618972 sequence=968.057394
[plan] step=678 node=N2695 type=observe q_pred_context=0.543999 sequence=968.601393
[plan] step=679 node=N12620 type=observe q_pred_context=0.522736 sequence=969.124129
[plan] step=680 node=N19241 type=observe q_pred_context=0.489474 sequence=969.613604
[plan] step=681 node=N18405 type=observe q_pred_context=0.754866 sequence=970.368469
[plan] step=682 node=N7179 type=observe q_pred_context=0.855257 sequence=971.223726
[plan] step=683 node=N8125 type=observe q_pred_context=0.607286 sequence=971.831012
[plan] step=684 node=N3554 type=observe q_pred_context=0.713863 sequence=972.544875
[plan] step=685 node=N12522 type=observe q_pred_context=0.621014 sequence=973.165890
[plan] step=686 node=N9578 type=observe q_pred_context=0.654989 sequence=973.820879
[plan] step=687 node=N9582 type=observe q_pred_context=0.652700 sequence=974.473579
[plan] step=688 node=N19277 type=observe q_pred_context=0.470374 sequence=974.943953
[plan] step=689 node=N2256 type=observe q_pred_context=0.743189 sequence=975.687141
[plan] step=690 node=N3408 type=observe q_pred_context=0.759228 sequence=976.446369
[plan] step=691 node=N12587 type=observe q_pred_context=1.426801 sequence=977.873170
[plan] step=692 node=N7446 type=observe q_pred_context=1.059998 sequence=978.933167
[plan] step=693 node=N8136 type=observe q_pred_context=0.725080 sequence=979.658247
[plan] step=694 node=N19244 type=observe q_pred_context=0.385911 sequence=980.044158
[plan] step=695 node=N3470 type=observe q_pred_context=0.303811 sequence=980.347969
[plan] step=696 node=N12665 type=observe q_pred_context=0.576375 sequence=980.924344
[plan] step=697 node=N7940 type=observe q_pred_context=1.136709 sequence=982.061053
[plan] step=698 node=N19271 type=observe q_pred_context=0.773961 sequence=982.835014
[plan] step=699 node=N7261 type=observe q_pred_context=0.465401 sequence=983.300416
[plan] step=700 node=N8142 type=observe q_pred_context=0.315066 sequence=983.615482
[plan] step=701 node=N3478 type=observe q_pred_context=0.325013 sequence=983.940495
[plan] step=702 node=N19328 type=observe q_pred_context=0.314194 sequence=984.254689
[plan] step=703 node=N12518 type=observe q_pred_context=0.348082 sequence=984.602771
[plan] step=704 node=N3394 type=observe q_pred_context=0.733952 sequence=985.336723
[plan] step=705 node=N8129 type=observe q_pred_context=0.725084 sequence=986.061807
[plan] step=706 node=N9605 type=observe q_pred_context=0.941953 sequence=987.003760
[plan] step=707 node=N19248 type=observe q_pred_context=0.350710 sequence=987.354470
[plan] step=708 node=N13926 type=control1 q_pred_context=0.577367 sequence=987.931837
[plan] step=709 node=N12622 type=observe q_pred_context=0.383500 sequence=988.315336
[plan] step=710 node=N31244 type=control0 q_pred_context=0.331355 sequence=988.646691
[plan] step=711 node=N3516 type=observe q_pred_context=0.724151 sequence=989.370842
[plan] step=712 node=N19272 type=observe q_pred_context=0.313617 sequence=989.684459
[plan] step=713 node=N12550 type=observe q_pred_context=0.416867 sequence=990.101326
[plan] step=714 node=N31240 type=control0 q_pred_context=0.297495 sequence=990.398821
[plan] step=715 node=N8130 type=observe q_pred_context=0.877137 sequence=991.275958
[plan] step=716 node=N3422 type=observe q_pred_context=0.298451 sequence=991.574409
[plan] step=717 node=N19254 type=observe q_pred_context=0.311376 sequence=991.885785
[plan] step=718 node=N12628 type=observe q_pred_context=0.598629 sequence=992.484413
[plan] step=719 node=N9591 type=observe q_pred_context=1.025462 sequence=993.509876
[plan] step=720 node=N3545 type=observe q_pred_context=0.293580 sequence=993.803456
[plan] step=721 node=N19253 type=observe q_pred_context=0.436279 sequence=994.239734
[plan] step=722 node=N8140 type=observe q_pred_context=0.413971 sequence=994.653705
[plan] step=723 node=N12662 type=observe q_pred_context=0.709681 sequence=995.363386
[plan] step=724 node=N6002 type=observe q_pred_context=0.876820 sequence=996.240206
[plan] step=725 node=N5858 type=observe q_pred_context=0.934929 sequence=997.175135
[plan] step=726 node=N5318 type=observe q_pred_context=1.385908 sequence=998.561043
[plan] step=727 node=N19275 type=observe q_pred_context=0.811474 sequence=999.372516
[plan] step=728 node=N12663 type=observe q_pred_context=1.381590 sequence=1000.754106
[plan] step=729 node=N7939 type=observe q_pred_context=1.240083 sequence=1001.994189
[plan] step=730 node=N8141 type=observe q_pred_context=0.996497 sequence=1002.990686
[plan] step=731 node=N19837 type=observe q_pred_context=0.763943 sequence=1003.754629
[plan] step=732 node=N19280 type=observe q_pred_context=1.031772 sequence=1004.786401
[plan] step=733 node=N5606 type=observe q_pred_context=1.215057 sequence=1006.001458
[plan] step=734 node=N12556 type=observe q_pred_context=1.708273 sequence=1007.709731
[plan] step=735 node=N2248 type=observe q_pred_context=1.858472 sequence=1009.568203
[plan] step=736 node=N8137 type=observe q_pred_context=0.669693 sequence=1010.237897
[plan] step=737 node=N19274 type=observe q_pred_context=0.863207 sequence=1011.101103
[plan] step=738 node=N5702 type=observe q_pred_context=1.316819 sequence=1012.417922
[plan] step=739 node=N12560 type=observe q_pred_context=0.944761 sequence=1013.362683
[plan] step=740 node=N2692 type=observe q_pred_context=1.331982 sequence=1014.694665
[plan] step=741 node=N2694 type=observe q_pred_context=1.623493 sequence=1016.318158
[plan] step=742 node=N19268 type=observe q_pred_context=2.113968 sequence=1018.432125
[plan] step=743 node=N5990 type=observe q_pred_context=0.673009 sequence=1019.105134
[plan] step=744 node=N8139 type=observe q_pred_context=0.274696 sequence=1019.379830
[plan] step=745 node=N12597 type=observe q_pred_context=0.764309 sequence=1020.144140
[plan] step=746 node=N7945 type=observe q_pred_context=0.596234 sequence=1020.740374
[plan] step=747 node=N19267 type=observe q_pred_context=0.577131 sequence=1021.317504
[plan] step=748 node=N5798 type=observe q_pred_context=0.734999 sequence=1022.052504
[plan] step=749 node=N12595 type=observe q_pred_context=0.748608 sequence=1022.801112
[plan] step=750 node=N8144 type=observe q_pred_context=0.657445 sequence=1023.458557
[plan] step=751 node=N19249 type=observe q_pred_context=0.651887 sequence=1024.110444
[plan] step=752 node=N19836 type=observe q_pred_context=0.621206 sequence=1024.731651
[plan] step=753 node=N19855 type=observe q_pred_context=0.587441 sequence=1025.319092
[plan] step=754 node=N31225 type=control0 q_pred_context=0.302712 sequence=1025.621804
[plan] step=755 node=N3574 type=observe q_pred_context=0.537774 sequence=1026.159579
[plan] step=756 node=N3496 type=observe q_pred_context=0.536340 sequence=1026.695919
[plan] step=757 node=N8123 type=observe q_pred_context=0.605167 sequence=1027.301086
[plan] step=758 node=N12584 type=observe q_pred_context=0.493404 sequence=1027.794489
[plan] step=759 node=N19325 type=observe q_pred_context=0.440208 sequence=1028.234698
[plan] step=760 node=N18906 type=control1 q_pred_context=0.794028 sequence=1029.028726
[plan] step=761 node=N13889 type=control1 q_pred_context=0.917980 sequence=1029.946706
[plan] step=762 node=N7716 type=control1 q_pred_context=1.592432 sequence=1031.539138
[plan] step=763 node=N25733 type=observe q_pred_context=0.964303 sequence=1032.503442
[plan] step=764 node=N3415 type=observe q_pred_context=0.629332 sequence=1033.132774
[plan] step=765 node=N12594 type=observe q_pred_context=1.457501 sequence=1034.590275
[plan] step=766 node=N19269 type=observe q_pred_context=0.853389 sequence=1035.443663
[plan] step=767 node=N8126 type=observe q_pred_context=0.572060 sequence=1036.015723
[plan] step=768 node=N25244 type=observe q_pred_context=0.614782 sequence=1036.630505
[plan] step=769 node=N12590 type=observe q_pred_context=0.575602 sequence=1037.206108
[plan] step=770 node=N27856 type=control1 q_pred_context=0.478115 sequence=1037.684223
[plan] step=771 node=N19259 type=observe q_pred_context=0.848278 sequence=1038.532501
[plan] step=772 node=N5654 type=observe q_pred_context=0.617334 sequence=1039.149835
[plan] step=773 node=N19263 type=observe q_pred_context=0.593207 sequence=1039.743041
[plan] step=774 node=N5630 type=observe q_pred_context=0.704823 sequence=1040.447864
[plan] step=775 node=N8138 type=observe q_pred_context=0.294529 sequence=1040.742394
[plan] step=776 node=N19258 type=observe q_pred_context=0.602569 sequence=1041.344963
[plan] step=777 node=N5678 type=observe q_pred_context=0.685989 sequence=1042.030951
[plan] step=778 node=N19260 type=observe q_pred_context=0.512749 sequence=1042.543700
[plan] step=779 node=N5845 type=observe q_pred_context=0.698325 sequence=1043.242025
[plan] step=780 node=N2246 type=observe q_pred_context=0.551291 sequence=1043.793315
[plan] step=781 node=N19265 type=observe q_pred_context=1.024276 sequence=1044.817591
[plan] step=782 node=N7924 type=observe q_pred_context=0.504995 sequence=1045.322586
[plan] step=783 node=N5846 type=observe q_pred_context=0.666948 sequence=1045.989534
[plan] step=784 node=N7927 type=observe q_pred_context=1.330367 sequence=1047.319901
[plan] step=785 node=N31242 type=control0 q_pred_context=0.289770 sequence=1047.609671
[plan] step=786 node=N27507 type=control0 q_pred_context=0.868347 sequence=1048.478018
[plan] step=787 node=N28050 type=observe q_pred_context=0.528463 sequence=1049.006481
[plan] step=788 node=N19256 type=observe q_pred_context=1.046699 sequence=1050.053180
[plan] step=789 node=N5797 type=observe q_pred_context=0.622359 sequence=1050.675539
[plan] step=790 node=N5989 type=observe q_pred_context=0.749990 sequence=1051.425528
[plan] step=791 node=N19329 type=observe q_pred_context=0.663454 sequence=1052.088982
[plan] step=792 node=N19262 type=observe q_pred_context=0.680576 sequence=1052.769558
[plan] step=793 node=N5605 type=observe q_pred_context=0.739854 sequence=1053.509413
[plan] step=794 node=N5701 type=observe q_pred_context=2.406370 sequence=1055.915782
[plan] step=795 node=N5653 type=observe q_pred_context=2.644866 sequence=1058.560648
[plan] step=796 node=N8131 type=observe q_pred_context=0.863104 sequence=1059.423752
[plan] step=797 node=N19335 type=observe q_pred_context=2.157550 sequence=1061.581302
[plan] step=798 node=N5677 type=observe q_pred_context=2.187366 sequence=1063.768668
[plan] step=799 node=N5629 type=observe q_pred_context=2.397772 sequence=1066.166440
[plan] step=800 node=N19332 type=observe q_pred_context=1.961505 sequence=1068.127946
[plan] step=801 node=N8143 type=observe q_pred_context=0.798441 sequence=1068.926386
[plan] step=802 node=N8134 type=observe q_pred_context=1.531181 sequence=1070.457567
[plan] step=803 node=N5726 type=observe q_pred_context=1.292279 sequence=1071.749846
[plan] step=804 node=N19338 type=observe q_pred_context=1.972103 sequence=1073.721949
[plan] step=805 node=N5510 type=observe q_pred_context=1.987593 sequence=1075.709542
[plan] step=806 node=N19334 type=observe q_pred_context=1.698638 sequence=1077.408180
[plan] step=807 node=N5509 type=observe q_pred_context=1.771314 sequence=1079.179494
[plan] step=808 node=N19337 type=observe q_pred_context=1.628077 sequence=1080.807571
[plan] step=809 node=N12667 type=observe q_pred_context=1.679237 sequence=1082.486808
[plan] step=810 node=N5725 type=observe q_pred_context=1.685982 sequence=1084.172790
[plan] step=811 node=N19333 type=observe q_pred_context=1.658139 sequence=1085.830929
[plan] step=812 node=N7944 type=observe q_pred_context=1.493428 sequence=1087.324357
[plan] step=813 node=N19336 type=observe q_pred_context=1.725055 sequence=1089.049412
[plan] step=814 node=N7604 type=observe q_pred_context=1.509148 sequence=1090.558560
[plan] step=815 node=N19331 type=observe q_pred_context=1.657929 sequence=1092.216489
[plan] step=816 node=N9712 type=observe q_pred_context=1.306376 sequence=1093.522865
[plan] step=817 node=N19340 type=observe q_pred_context=0.785748 sequence=1094.308612
[plan] step=818 node=N12633 type=observe q_pred_context=1.562701 sequence=1095.871314
[plan] step=819 node=N19339 type=observe q_pred_context=1.590826 sequence=1097.462140
[plan] step=820 node=N8127 type=observe q_pred_context=0.479789 sequence=1097.941930
[plan] step=821 node=N31221 type=control0 q_pred_context=0.423173 sequence=1098.365103
[plan] step=822 node=N29423 type=control0 q_pred_context=0.671978 sequence=1099.037081
[plan] step=823 node=N29422 type=control0 q_pred_context=0.859170 sequence=1099.896251
[plan] step=824 node=N29418 type=control0 q_pred_context=0.828713 sequence=1100.724963
[plan] step=825 node=N1988 type=observe q_pred_context=0.842448 sequence=1101.567411
[plan] step=826 node=N3831 type=observe q_pred_context=0.529333 sequence=1102.096744
[plan] step=827 node=N19279 type=observe q_pred_context=0.968043 sequence=1103.064787
[plan] step=828 node=N12531 type=observe q_pred_context=0.908991 sequence=1103.973778
[plan] step=829 node=N9655 type=observe q_pred_context=1.512105 sequence=1105.485883
[plan] step=830 node=N9661 type=observe q_pred_context=0.483510 sequence=1105.969393
[plan] step=831 node=N28052 type=observe q_pred_context=0.573588 sequence=1106.542982
[plan] step=832 node=N28047 type=observe q_pred_context=0.720207 sequence=1107.263189
[plan] step=833 node=N3298 type=observe q_pred_context=0.536812 sequence=1107.800001
[plan] step=834 node=N3845 type=observe q_pred_context=0.361638 sequence=1108.161638
[plan] step=835 node=N12565 type=observe q_pred_context=0.629318 sequence=1108.790957
[plan] step=836 node=N3366 type=observe q_pred_context=0.303738 sequence=1109.094695
[plan] step=837 node=N12599 type=observe q_pred_context=0.612335 sequence=1109.707030
[plan] step=838 node=N3350 type=observe q_pred_context=0.741083 sequence=1110.448112
[plan] step=839 node=N3389 type=observe q_pred_context=0.735534 sequence=1111.183646
[plan] step=840 node=N3382 type=observe q_pred_context=0.742843 sequence=1111.926489
[plan] step=841 node=N3374 type=observe q_pred_context=0.749744 sequence=1112.676233
[plan] step=842 node=N3396 type=observe q_pred_context=0.754908 sequence=1113.431141
[plan] step=843 node=N3358 type=observe q_pred_context=0.757764 sequence=1114.188904
[plan] step=844 node=N3334 type=observe q_pred_context=0.776523 sequence=1114.965428
[plan] step=845 node=N3410 type=observe q_pred_context=0.758833 sequence=1115.724261
[plan] step=846 node=N3473 type=observe q_pred_context=0.725636 sequence=1116.449897
[plan] step=847 node=N3487 type=observe q_pred_context=0.650605 sequence=1117.100502
[plan] step=848 node=N3579 type=observe q_pred_context=0.643150 sequence=1117.743652
[plan] step=849 node=N28048 type=observe q_pred_context=0.749327 sequence=1118.492980
[plan] step=850 node=N3342 type=observe q_pred_context=0.731666 sequence=1119.224646
[plan] step=851 node=N3424 type=observe q_pred_context=0.745075 sequence=1119.969721
[plan] step=852 node=N3447 type=observe q_pred_context=0.848532 sequence=1120.818253
[plan] step=853 node=N19282 type=observe q_pred_context=0.696761 sequence=1121.515014
[plan] step=854 node=N3481 type=observe q_pred_context=0.796165 sequence=1122.311178
[plan] step=855 node=N3431 type=observe q_pred_context=0.848615 sequence=1123.159793
[plan] step=856 node=N19299 type=observe q_pred_context=0.754482 sequence=1123.914275
[plan] step=857 node=N3453 type=observe q_pred_context=0.886375 sequence=1124.800651
[plan] step=858 node=N19300 type=observe q_pred_context=0.792575 sequence=1125.593225
[plan] step=859 node=N3439 type=observe q_pred_context=0.933081 sequence=1126.526306
[plan] step=860 node=N19372 type=observe q_pred_context=0.792538 sequence=1127.318844
[plan] step=861 node=N3403 type=observe q_pred_context=0.976138 sequence=1128.294982
[plan] step=862 node=N3460 type=observe q_pred_context=0.947564 sequence=1129.242546
[plan] step=863 node=N19294 type=observe q_pred_context=0.792542 sequence=1130.035088
[plan] step=864 node=N15565 type=observe q_pred_context=1.158304 sequence=1131.193392
[plan] step=865 node=N3417 type=observe q_pred_context=0.884000 sequence=1132.077392
[plan] step=866 node=N19308 type=observe q_pred_context=0.805229 sequence=1132.882621
[plan] step=867 node=N19430 type=observe q_pred_context=0.823556 sequence=1133.706177
[plan] step=868 node=N19291 type=observe q_pred_context=0.798322 sequence=1134.504498
[plan] step=869 node=N19295 type=observe q_pred_context=0.832048 sequence=1135.336546
[plan] step=870 node=N19297 type=observe q_pred_context=0.856837 sequence=1136.193384
[plan] step=871 node=N19293 type=observe q_pred_context=0.041614 sequence=1136.234997
[plan] step=872 node=N12111 type=control0 q_pred_context=0.193468 sequence=1136.428466
[plan] step=873 node=N31203 type=control0 q_pred_context=0.224482 sequence=1136.652948
[plan] step=874 node=N3284 type=observe q_pred_context=0.913186 sequence=1137.566134
[plan] step=875 node=N26798 type=control0 q_pred_context=0.759145 sequence=1138.325279
[plan] step=876 node=N31238 type=control0 q_pred_context=0.098372 sequence=1138.423651
[plan] step=877 node=N29458 type=control0 q_pred_context=1.009078 sequence=1139.432729
[plan] step=878 node=N13791 type=control1 q_pred_context=1.436030 sequence=1140.868759
[plan] step=879 node=N3531 type=observe q_pred_context=0.614755 sequence=1141.483514
[plan] step=880 node=N3929 type=control1 q_pred_context=0.404079 sequence=1141.887593
[plan] step=881 node=N3567 type=observe q_pred_context=0.709092 sequence=1142.596685
[plan] step=882 node=N19292 type=observe q_pred_context=1.011846 sequence=1143.608532
[plan] step=883 node=N29681 type=control0 q_pred_context=0.169388 sequence=1143.777919
[plan] step=884 node=N3539 type=observe q_pred_context=0.864796 sequence=1144.642715
[plan] step=885 node=N31236 type=control0 q_pred_context=0.301923 sequence=1144.944638
[plan] step=886 node=N3511 type=observe q_pred_context=1.046086 sequence=1145.990724
[plan] step=887 node=N19309 type=observe q_pred_context=1.214251 sequence=1147.204975
[plan] step=888 node=N25714 type=observe q_pred_context=0.730915 sequence=1147.935890
[plan] step=889 node=N31234 type=control0 q_pred_context=0.156645 sequence=1148.092535
[plan] step=890 node=N28041 type=observe q_pred_context=0.833365 sequence=1148.925899
[plan] step=891 node=N31219 type=control0 q_pred_context=0.295123 sequence=1149.221022
[plan] step=892 node=N7992 type=observe q_pred_context=1.087832 sequence=1150.308854
[plan] step=893 node=N31217 type=control0 q_pred_context=0.300212 sequence=1150.609066
[plan] step=894 node=N25715 type=observe q_pred_context=1.335021 sequence=1151.944087
[plan] step=895 node=N31223 type=control0 q_pred_context=0.147406 sequence=1152.091493
[plan] step=896 node=N28045 type=observe q_pred_context=1.045412 sequence=1153.136905
[plan] step=897 node=N31211 type=control0 q_pred_context=0.340681 sequence=1153.477586
[plan] step=898 node=N3793 type=observe q_pred_context=1.188094 sequence=1154.665680
[plan] step=899 node=N26641 type=control0 q_pred_context=0.876011 sequence=1155.541691
[plan] step=900 node=N26643 type=control0 q_pred_context=0.985816 sequence=1156.527507
[plan] step=901 node=N31209 type=control0 q_pred_context=0.054359 sequence=1156.581866
[plan] step=902 node=N3490 type=observe q_pred_context=0.755605 sequence=1157.337472
[plan] step=903 node=N19414 type=observe q_pred_context=0.806032 sequence=1158.143504
[plan] step=904 node=N31215 type=control0 q_pred_context=0.137831 sequence=1158.281335
[plan] step=905 node=N25240 type=observe q_pred_context=0.831828 sequence=1159.113163
[plan] step=906 node=N31213 type=control0 q_pred_context=0.276161 sequence=1159.389323
[plan] step=907 node=N19422 type=observe q_pred_context=1.142367 sequence=1160.531690
[plan] step=908 node=N31207 type=control0 q_pred_context=0.152047 sequence=1160.683737
[plan] step=909 node=N3794 type=observe q_pred_context=0.971563 sequence=1161.655300
[plan] step=910 node=N31248 type=control0 q_pred_context=0.306552 sequence=1161.961852
[plan] step=911 node=N3466 type=observe q_pred_context=1.083150 sequence=1163.045002
[plan] step=912 node=N8953 type=observe q_pred_context=1.002687 sequence=1164.047689
[plan] step=913 node=N26645 type=control0 q_pred_context=0.134163 sequence=1164.181852
[plan] step=914 node=N19288 type=observe q_pred_context=0.884203 sequence=1165.066055
[plan] step=915 node=N19418 type=observe q_pred_context=0.635197 sequence=1165.701252
[plan] step=916 node=N31250 type=control0 q_pred_context=0.159586 sequence=1165.860838
[plan] step=917 node=N2856 type=observe q_pred_context=0.930944 sequence=1166.791782
[plan] step=918 node=N27593 type=control0 q_pred_context=0.475939 sequence=1167.267721
[plan] step=919 node=N30920 type=control0 q_pred_context=0.535791 sequence=1167.803513
[plan] step=920 node=N13789 type=control1 q_pred_context=0.742319 sequence=1168.545831
[plan] step=921 node=N8002 type=observe q_pred_context=0.622423 sequence=1169.168254
[plan] step=922 node=N7998 type=observe q_pred_context=0.624850 sequence=1169.793104
[plan] step=923 node=N6796 type=control0 q_pred_context=0.461597 sequence=1170.254701
[plan] step=924 node=N27492 type=control0 q_pred_context=0.134545 sequence=1170.389246
[plan] step=925 node=N3502 type=observe q_pred_context=0.720155 sequence=1171.109401
[plan] step=926 node=N5975 type=observe q_pred_context=0.830566 sequence=1171.939967
[plan] step=927 node=N29124 type=control0 q_pred_context=0.570732 sequence=1172.510699
[plan] step=928 node=N5855 type=observe q_pred_context=0.682857 sequence=1173.193556
[plan] step=929 node=N29040 type=control0 q_pred_context=0.541557 sequence=1173.735113
[plan] step=930 node=N12701 type=observe q_pred_context=0.710823 sequence=1174.445936
[plan] step=931 node=N26646 type=control0 q_pred_context=0.233669 sequence=1174.679604
[plan] step=932 node=N5999 type=observe q_pred_context=1.171938 sequence=1175.851543
[plan] step=933 node=N31053 type=control0 q_pred_context=0.680110 sequence=1176.531653
[plan] step=934 node=N29527 type=control0 q_pred_context=0.782003 sequence=1177.313656
[plan] step=935 node=N13459 type=control0 q_pred_context=0.666626 sequence=1177.980282
[plan] step=936 node=N5951 type=observe q_pred_context=0.804447 sequence=1178.784729
[plan] step=937 node=N26800 type=control0 q_pred_context=0.595854 sequence=1179.380583
[plan] step=938 node=N27595 type=control0 q_pred_context=0.641694 sequence=1180.022277
[plan] step=939 node=N5879 type=observe q_pred_context=0.824759 sequence=1180.847036
[plan] step=940 node=N28915 type=control0 q_pred_context=0.670425 sequence=1181.517461
[plan] step=941 node=N2983 type=observe q_pred_context=0.166126 sequence=1181.683586
[plan] step=942 node=N5903 type=observe q_pred_context=0.712449 sequence=1182.396035
[plan] step=943 node=N14174 type=observe q_pred_context=0.738704 sequence=1183.134739
[plan] step=944 node=N26648 type=control0 q_pred_context=0.451556 sequence=1183.586296
[plan] step=945 node=N12568 type=observe q_pred_context=1.468601 sequence=1185.054897
[plan] step=946 node=N26684 type=control0 q_pred_context=1.184654 sequence=1186.239551
[plan] step=947 node=N8937 type=observe q_pred_context=0.384589 sequence=1186.624140
[plan] step=948 node=N19207 type=observe q_pred_context=0.998600 sequence=1187.622740
[plan] step=949 node=N3798 type=observe q_pred_context=0.429089 sequence=1188.051828
[plan] step=950 node=N27505 type=control0 q_pred_context=0.344686 sequence=1188.396514
[plan] step=951 node=N26639 type=control0 q_pred_context=1.957581 sequence=1190.354095
[plan] step=952 node=N29683 type=control0 q_pred_context=0.137624 sequence=1190.491719
[plan] step=953 node=N3847 type=observe q_pred_context=0.944088 sequence=1191.435807
[plan] step=954 node=N29457 type=control0 q_pred_context=1.225701 sequence=1192.661508
[plan] step=955 node=N28847 type=control0 q_pred_context=1.611114 sequence=1194.272622
[plan] step=956 node=N26691 type=control0 q_pred_context=1.195335 sequence=1195.467957
[plan] step=957 node=N5124 type=control0 q_pred_context=0.752592 sequence=1196.220549
[plan] step=958 node=N12247 type=observe q_pred_context=0.488030 sequence=1196.708579
[plan] step=959 node=N15562 type=observe q_pred_context=0.134056 sequence=1196.842635
[plan] step=960 node=N3827 type=observe q_pred_context=0.704256 sequence=1197.546891
[plan] step=961 node=N3577 type=observe q_pred_context=0.506167 sequence=1198.053058
[plan] step=962 node=N9561 type=observe q_pred_context=0.776933 sequence=1198.829991
[plan] step=963 node=N3683 type=observe q_pred_context=0.679583 sequence=1199.509574
[plan] step=964 node=N28054 type=observe q_pred_context=0.706770 sequence=1200.216344
[plan] step=965 node=N3327 type=observe q_pred_context=1.159930 sequence=1201.376273
[plan] step=966 node=N3549 type=observe q_pred_context=0.856507 sequence=1202.232780
[plan] step=967 node=N3558 type=observe q_pred_context=0.924666 sequence=1203.157447
[plan] step=968 node=N15553 type=observe q_pred_context=0.987940 sequence=1204.145386
[plan] step=969 node=N15550 type=observe q_pred_context=1.039361 sequence=1205.184747
[plan] step=970 node=N3521 type=observe q_pred_context=0.949151 sequence=1206.133898
[plan] step=971 node=N28055 type=observe q_pred_context=0.960975 sequence=1207.094873
[plan] step=972 node=N9625 type=observe q_pred_context=1.032917 sequence=1208.127790
[plan] step=973 node=N9417 type=observe q_pred_context=0.937702 sequence=1209.065492
[plan] step=974 node=N28032 type=observe q_pred_context=0.967122 sequence=1210.032615
[plan] step=975 node=N15391 type=observe q_pred_context=0.634749 sequence=1210.667364
[plan] step=976 node=N28034 type=observe q_pred_context=0.986789 sequence=1211.654152
[plan] step=977 node=N2937 type=observe q_pred_context=0.688005 sequence=1212.342158
[plan] step=978 node=N13921 type=control1 q_pred_context=0.503208 sequence=1212.845365
[plan] step=979 node=N2249 type=observe q_pred_context=0.762300 sequence=1213.607666
[plan] step=980 node=N2245 type=observe q_pred_context=0.783298 sequence=1214.390964
[plan] step=981 node=N2938 type=observe q_pred_context=0.611313 sequence=1215.002277
[plan] step=982 node=N15404 type=observe q_pred_context=0.538031 sequence=1215.540308
[plan] step=983 node=N24576 type=observe q_pred_context=0.876193 sequence=1216.416501
[plan] step=984 node=N3726 type=observe q_pred_context=0.750892 sequence=1217.167393
[plan] step=985 node=N3717 type=observe q_pred_context=0.752868 sequence=1217.920262
[plan] step=986 node=N3805 type=observe q_pred_context=0.754144 sequence=1218.674406
[plan] step=987 node=N9434 type=observe q_pred_context=0.756096 sequence=1219.430503
[plan] step=988 node=N28043 type=observe q_pred_context=0.673776 sequence=1220.104278
[plan] step=989 node=N15502 type=observe q_pred_context=0.665324 sequence=1220.769602
[plan] step=990 node=N19225 type=observe q_pred_context=0.664038 sequence=1221.433640
[plan] step=991 node=N19215 type=observe q_pred_context=0.910029 sequence=1222.343669
[plan] step=992 node=N13904 type=control1 q_pred_context=1.009340 sequence=1223.353009
[plan] step=993 node=N7717 type=control1 q_pred_context=0.889508 sequence=1224.242517
[plan] step=994 node=N7722 type=control1 q_pred_context=0.810551 sequence=1225.053069
saved=autoresearch/loop-260718-0223/bottleneck_round2/clip2/b17_C/plans/iscas99__b17__greedy__cumulative__q_pred_context__bw1__d1__c48__g1p0__candhard_fault_cluster__div0p0__s0.csv
