[plan] torch_deterministic=true
[plan] candidate_allowlist=autoresearch/original-netlist-recovery-260712/exact_itc99/b15_C/exact_candidate_nodes.txt nodes=7918
[plan] latent_norm_clip_ratio=4 latent_norm_limit=30.875631
[plan] step=1 node=N677 type=control1 q_typed_trust_context=5.195585 sequence=5.195585
[plan] step=2 node=N2155 type=observe q_typed_trust_context=4.636675 sequence=9.832260
[plan] step=3 node=N502 type=control1 q_typed_trust_context=1.993262 sequence=11.825522
[plan] step=4 node=N762 type=control1 q_typed_trust_context=1.719893 sequence=13.545415
[plan] step=5 node=N3644 type=control0 q_typed_trust_context=1.214906 sequence=14.760321
[plan] step=6 node=N3756 type=control0 q_typed_trust_context=1.059240 sequence=15.819561
[plan] step=7 node=N557 type=control1 q_typed_trust_context=0.977934 sequence=16.797495
[plan] step=8 node=N5143 type=observe q_typed_trust_context=1.031711 sequence=17.829207
[plan] step=9 node=N507 type=control1 q_typed_trust_context=0.945978 sequence=18.775185
[plan] step=10 node=N3742 type=control0 q_typed_trust_context=1.124554 sequence=19.899739
[plan] step=11 node=N564 type=control1 q_typed_trust_context=2.290324 sequence=22.190063
[plan] step=12 node=N5203 type=control1 q_typed_trust_context=1.603809 sequence=23.793871
[plan] step=13 node=N5866 type=observe q_typed_trust_context=3.265034 sequence=27.058905
[plan] step=14 node=N580 type=control1 q_typed_trust_context=3.127520 sequence=30.186425
[plan] step=15 node=N737 type=control1 q_typed_trust_context=2.794148 sequence=32.980573
[plan] step=16 node=N1853 type=observe q_typed_trust_context=1.799788 sequence=34.780360
[plan] step=17 node=N2082 type=observe q_typed_trust_context=4.690240 sequence=39.470601
[plan] step=18 node=N2153 type=observe q_typed_trust_context=4.581054 sequence=44.051654
[plan] step=19 node=N2101 type=observe q_typed_trust_context=5.275425 sequence=49.327080
[plan] step=20 node=N1860 type=observe q_typed_trust_context=4.775944 sequence=54.103023
[plan] step=21 node=N1372 type=observe q_typed_trust_context=4.157715 sequence=58.260738
[plan] step=22 node=N496 type=control1 q_typed_trust_context=6.767092 sequence=65.027830
[plan] step=23 node=N5723 type=control0 q_typed_trust_context=6.126657 sequence=71.154486
[plan] step=24 node=N582 type=control1 q_typed_trust_context=5.990425 sequence=77.144911
[plan] step=25 node=N7516 type=observe q_typed_trust_context=5.699024 sequence=82.843935
[plan] step=26 node=N766 type=control1 q_typed_trust_context=6.928035 sequence=89.771970
[plan] step=27 node=N5234 type=observe q_typed_trust_context=5.483612 sequence=95.255583
[plan] step=28 node=N1437 type=control1 q_typed_trust_context=4.401708 sequence=99.657291
[plan] step=29 node=N583 type=control1 q_typed_trust_context=4.371657 sequence=104.028948
[plan] step=30 node=N7411 type=control1 q_typed_trust_context=4.401966 sequence=108.430913
[plan] step=31 node=N4635 type=control0 q_typed_trust_context=7.847518 sequence=116.278431
[plan] step=32 node=N7511 type=control1 q_typed_trust_context=2.924233 sequence=119.202664
[plan] step=33 node=N2042 type=observe q_typed_trust_context=6.123002 sequence=125.325666
[plan] step=34 node=N7413 type=control1 q_typed_trust_context=4.754734 sequence=130.080400
[plan] step=35 node=N2044 type=observe q_typed_trust_context=6.225000 sequence=136.305400
[plan] step=36 node=N2040 type=observe q_typed_trust_context=5.895000 sequence=142.200400
[plan] step=37 node=N1532 type=observe q_typed_trust_context=4.124782 sequence=146.325182
[plan] step=38 node=N4649 type=control0 q_typed_trust_context=6.378231 sequence=152.703413
[plan] step=39 node=N3701 type=control0 q_typed_trust_context=0.889893 sequence=153.593307
[plan] step=40 node=N7881 type=control1 q_typed_trust_context=1.187095 sequence=154.780401
[plan] step=41 node=N7891 type=control1 q_typed_trust_context=1.641267 sequence=156.421668
[plan] step=42 node=N7882 type=control1 q_typed_trust_context=2.039823 sequence=158.461491
[plan] step=43 node=N4585 type=control0 q_typed_trust_context=0.824183 sequence=159.285674
[plan] step=44 node=N7883 type=control1 q_typed_trust_context=0.989058 sequence=160.274732
[plan] step=45 node=N7884 type=control1 q_typed_trust_context=1.070257 sequence=161.344989
[plan] step=46 node=N7885 type=control1 q_typed_trust_context=0.960834 sequence=162.305824
[plan] step=47 node=N4656 type=control0 q_typed_trust_context=1.589504 sequence=163.895328
[plan] step=48 node=N3903 type=control0 q_typed_trust_context=0.889653 sequence=164.784981
[plan] step=49 node=N4663 type=control0 q_typed_trust_context=1.195157 sequence=165.980138
[plan] step=50 node=N713 type=observe q_typed_trust_context=1.408535 sequence=167.388674
[plan] step=51 node=N724 type=observe q_typed_trust_context=1.442308 sequence=168.830981
[plan] step=52 node=N4670 type=control0 q_typed_trust_context=1.381728 sequence=170.212709
[plan] step=53 node=N704 type=observe q_typed_trust_context=1.319629 sequence=171.532338
[plan] step=54 node=N4677 type=control0 q_typed_trust_context=1.183665 sequence=172.716003
[plan] step=55 node=N3896 type=control0 q_typed_trust_context=0.998133 sequence=173.714136
[plan] step=56 node=N4684 type=control0 q_typed_trust_context=1.206181 sequence=174.920317
[plan] step=57 node=N3882 type=control0 q_typed_trust_context=1.146535 sequence=176.066852
[plan] step=58 node=N3889 type=control0 q_typed_trust_context=1.239562 sequence=177.306414
[plan] step=59 node=N3805 type=control0 q_typed_trust_context=1.207955 sequence=178.514369
[plan] step=60 node=N4578 type=control0 q_typed_trust_context=1.200417 sequence=179.714786
[plan] step=61 node=N4606 type=control0 q_typed_trust_context=1.288829 sequence=181.003616
[plan] step=62 node=N4705 type=control0 q_typed_trust_context=1.222849 sequence=182.226465
[plan] step=63 node=N4564 type=control0 q_typed_trust_context=1.120366 sequence=183.346831
[plan] step=64 node=N4716 type=control0 q_typed_trust_context=1.046518 sequence=184.393348
[plan] step=65 node=N4712 type=control0 q_typed_trust_context=1.135937 sequence=185.529285
[plan] step=66 node=N4698 type=control0 q_typed_trust_context=1.255253 sequence=186.784538
[plan] step=67 node=N4691 type=control0 q_typed_trust_context=1.292726 sequence=188.077263
[plan] step=68 node=N722 type=observe q_typed_trust_context=2.754327 sequence=190.831590
[plan] step=69 node=N4557 type=control0 q_typed_trust_context=2.185493 sequence=193.017083
[plan] step=70 node=N7471 type=control0 q_typed_trust_context=1.780168 sequence=194.797252
[plan] step=71 node=N3722 type=control0 q_typed_trust_context=1.803202 sequence=196.600454
[plan] step=72 node=N1539 type=control0 q_typed_trust_context=2.420626 sequence=199.021080
[plan] step=73 node=N3911 type=control0 q_typed_trust_context=1.955811 sequence=200.976891
[plan] step=74 node=N7724 type=control0 q_typed_trust_context=2.658288 sequence=203.635179
[plan] step=75 node=N7854 type=control0 q_typed_trust_context=2.965282 sequence=206.600461
[plan] step=76 node=N3862 type=control0 q_typed_trust_context=1.580761 sequence=208.181222
[plan] step=77 node=N7886 type=control1 q_typed_trust_context=1.347684 sequence=209.528906
[plan] step=78 node=N7887 type=control1 q_typed_trust_context=1.986659 sequence=211.515565
[plan] step=79 node=N7888 type=control1 q_typed_trust_context=2.048361 sequence=213.563925
[plan] step=80 node=N7889 type=control1 q_typed_trust_context=2.094209 sequence=215.658134
[plan] step=81 node=N7890 type=control1 q_typed_trust_context=1.952693 sequence=217.610827
[plan] step=82 node=N3897 type=control0 q_typed_trust_context=1.873547 sequence=219.484375
[plan] step=83 node=N3904 type=control0 q_typed_trust_context=1.691880 sequence=221.176255
[plan] step=84 node=N7722 type=control0 q_typed_trust_context=2.256715 sequence=223.432970
[plan] step=85 node=N519 type=control1 q_typed_trust_context=1.655538 sequence=225.088507
[plan] step=86 node=N7370 type=control1 q_typed_trust_context=1.140618 sequence=226.229126
[plan] step=87 node=N504 type=control1 q_typed_trust_context=1.486787 sequence=227.715913
[plan] step=88 node=N516 type=control1 q_typed_trust_context=1.011034 sequence=228.726947
[plan] step=89 node=N513 type=control1 q_typed_trust_context=0.938906 sequence=229.665853
[plan] step=90 node=N3855 type=control0 q_typed_trust_context=1.631073 sequence=231.296926
[plan] step=91 node=N7543 type=control0 q_typed_trust_context=2.835652 sequence=234.132578
[plan] step=92 node=N1533 type=control1 q_typed_trust_context=1.500221 sequence=235.632799
[plan] step=93 node=N5603 type=observe q_typed_trust_context=1.838943 sequence=237.471742
[plan] step=94 node=N7721 type=control0 q_typed_trust_context=4.854193 sequence=242.325935
[plan] step=95 node=N3848 type=control0 q_typed_trust_context=1.482195 sequence=243.808130
[plan] step=96 node=N7820 type=control0 q_typed_trust_context=1.505051 sequence=245.313180
[plan] step=97 node=N7723 type=control0 q_typed_trust_context=2.431885 sequence=247.745065
[plan] step=98 node=N7725 type=control0 q_typed_trust_context=2.054947 sequence=249.800012
[plan] step=99 node=N7588 type=control1 q_typed_trust_context=1.265159 sequence=251.065171
[plan] step=100 node=N7590 type=control1 q_typed_trust_context=1.941830 sequence=253.007001
[plan] step=101 node=N3841 type=control0 q_typed_trust_context=1.921333 sequence=254.928335
[plan] step=102 node=N7846 type=control0 q_typed_trust_context=2.928740 sequence=257.857075
[plan] step=103 node=N7408 type=control0 q_typed_trust_context=2.019080 sequence=259.876155
[plan] step=104 node=N7852 type=control0 q_typed_trust_context=2.358814 sequence=262.234968
[plan] step=105 node=N7847 type=control0 q_typed_trust_context=5.426331 sequence=267.661299
[plan] step=106 node=N7853 type=control0 q_typed_trust_context=2.808606 sequence=270.469906
[plan] step=107 node=N578 type=observe q_typed_trust_context=1.953966 sequence=272.423872
[plan] step=108 node=N7541 type=control0 q_typed_trust_context=1.191312 sequence=273.615184
[plan] step=109 node=N5876 type=observe q_typed_trust_context=0.873674 sequence=274.488858
[plan] step=110 node=N634 type=control1 q_typed_trust_context=1.323661 sequence=275.812519
[plan] step=111 node=N3827 type=control0 q_typed_trust_context=1.836551 sequence=277.649070
[plan] step=112 node=N7627 type=observe q_typed_trust_context=2.142870 sequence=279.791940
[plan] step=113 node=N2157 type=observe q_typed_trust_context=3.048869 sequence=282.840809
[plan] step=114 node=N3820 type=control0 q_typed_trust_context=1.865682 sequence=284.706491
[plan] step=115 node=N7402 type=observe q_typed_trust_context=1.663588 sequence=286.370079
[plan] step=116 node=N7679 type=observe q_typed_trust_context=1.762743 sequence=288.132822
[plan] step=117 node=N3813 type=control0 q_typed_trust_context=2.245643 sequence=290.378465
[plan] step=118 node=N556 type=control1 q_typed_trust_context=2.212373 sequence=292.590838
[plan] step=119 node=N555 type=control1 q_typed_trust_context=2.043672 sequence=294.634510
[plan] step=120 node=N520 type=control1 q_typed_trust_context=2.172527 sequence=296.807037
[plan] step=121 node=N614 type=control1 q_typed_trust_context=2.288668 sequence=299.095705
[plan] step=122 node=N2083 type=observe q_typed_trust_context=1.543111 sequence=300.638817
[plan] step=123 node=N3799 type=control0 q_typed_trust_context=1.513180 sequence=302.151997
[plan] step=124 node=N5356 type=observe q_typed_trust_context=1.187518 sequence=303.339514
[plan] step=125 node=N694 type=observe q_typed_trust_context=2.505924 sequence=305.845439
[plan] step=126 node=N638 type=control1 q_typed_trust_context=1.715560 sequence=307.560998
[plan] step=127 node=N620 type=control1 q_typed_trust_context=2.647325 sequence=310.208323
[plan] step=128 node=N610 type=control1 q_typed_trust_context=4.010212 sequence=314.218535
[plan] step=129 node=N645 type=control1 q_typed_trust_context=5.293520 sequence=319.512055
[plan] step=130 node=N3792 type=control0 q_typed_trust_context=5.665299 sequence=325.177354
[plan] step=131 node=N3785 type=control0 q_typed_trust_context=2.360927 sequence=327.538280
[plan] step=132 node=N6674 type=observe q_typed_trust_context=2.207940 sequence=329.746220
[plan] step=133 node=N4520 type=control0 q_typed_trust_context=1.591977 sequence=331.338197
[plan] step=134 node=N616 type=control1 q_typed_trust_context=1.968989 sequence=333.307186
[plan] step=135 node=N2106 type=observe q_typed_trust_context=1.569276 sequence=334.876462
[plan] step=136 node=N636 type=control1 q_typed_trust_context=1.425382 sequence=336.301843
[plan] step=137 node=N7401 type=observe q_typed_trust_context=1.433525 sequence=337.735369
[plan] step=138 node=N2149 type=observe q_typed_trust_context=1.807932 sequence=339.543300
[plan] step=139 node=N3681 type=control0 q_typed_trust_context=1.482618 sequence=341.025918
[plan] step=140 node=N5878 type=observe q_typed_trust_context=1.897352 sequence=342.923270
[plan] step=141 node=N7614 type=observe q_typed_trust_context=1.345681 sequence=344.268951
[plan] step=142 node=N7421 type=control1 q_typed_trust_context=1.835104 sequence=346.104055
[plan] step=143 node=N1411 type=control0 q_typed_trust_context=1.204994 sequence=347.309049
[plan] step=144 node=N2102 type=observe q_typed_trust_context=1.023299 sequence=348.332348
[plan] step=145 node=N712 type=observe q_typed_trust_context=1.652249 sequence=349.984597
[plan] step=146 node=N7424 type=control1 q_typed_trust_context=1.216108 sequence=351.200705
[plan] step=147 node=N3295 type=control1 q_typed_trust_context=0.839863 sequence=352.040568
[plan] step=148 node=N630 type=control1 q_typed_trust_context=0.956207 sequence=352.996775
[plan] step=149 node=N642 type=control1 q_typed_trust_context=1.167631 sequence=354.164406
[plan] step=150 node=N649 type=control1 q_typed_trust_context=1.182690 sequence=355.347096
[plan] step=151 node=N5874 type=observe q_typed_trust_context=0.994228 sequence=356.341324
[plan] step=152 node=N3525 type=control1 q_typed_trust_context=0.949429 sequence=357.290754
[plan] step=153 node=N3410 type=control1 q_typed_trust_context=0.852120 sequence=358.142874
[plan] step=154 node=N7385 type=observe q_typed_trust_context=0.759801 sequence=358.902675
[plan] step=155 node=N1607 type=control1 q_typed_trust_context=1.006508 sequence=359.909183
[plan] step=156 node=N3180 type=control1 q_typed_trust_context=0.955122 sequence=360.864305
[plan] step=157 node=N647 type=control1 q_typed_trust_context=1.238878 sequence=362.103183
[plan] step=158 node=N6534 type=observe q_typed_trust_context=0.743878 sequence=362.847061
[plan] step=159 node=N1586 type=control1 q_typed_trust_context=1.468175 sequence=364.315236
[plan] step=160 node=N723 type=observe q_typed_trust_context=1.044997 sequence=365.360233
[plan] step=161 node=N714 type=observe q_typed_trust_context=1.212545 sequence=366.572778
[plan] step=162 node=N725 type=observe q_typed_trust_context=1.409921 sequence=367.982699
[plan] step=163 node=N715 type=observe q_typed_trust_context=1.579180 sequence=369.561880
[plan] step=164 node=N7436 type=observe q_typed_trust_context=1.173781 sequence=370.735661
[plan] step=165 node=N5740 type=observe q_typed_trust_context=2.395172 sequence=373.130833
[plan] step=166 node=N3467 type=control1 q_typed_trust_context=2.432262 sequence=375.563095
[plan] step=167 node=N2652 type=control1 q_typed_trust_context=1.047170 sequence=376.610265
[plan] step=168 node=N7454 type=observe q_typed_trust_context=1.316213 sequence=377.926479
[plan] step=169 node=N703 type=observe q_typed_trust_context=1.179806 sequence=379.106284
[plan] step=170 node=N2721 type=control1 q_typed_trust_context=1.138525 sequence=380.244810
[plan] step=171 node=N6678 type=observe q_typed_trust_context=0.312607 sequence=380.557417
[plan] step=172 node=N5473 type=observe q_typed_trust_context=1.502627 sequence=382.060044
[plan] step=173 node=N705 type=observe q_typed_trust_context=2.240927 sequence=384.300971
[plan] step=174 node=N2894 type=control1 q_typed_trust_context=2.163925 sequence=386.464896
[plan] step=175 node=N2952 type=control1 q_typed_trust_context=1.695617 sequence=388.160513
[plan] step=176 node=N1987 type=observe q_typed_trust_context=1.128536 sequence=389.289049
[plan] step=177 node=N2580 type=control1 q_typed_trust_context=1.181963 sequence=390.471012
[plan] step=178 node=N5422 type=observe q_typed_trust_context=1.073164 sequence=391.544176
[plan] step=179 node=N2779 type=control1 q_typed_trust_context=1.640150 sequence=393.184326
[plan] step=180 node=N706 type=observe q_typed_trust_context=1.943823 sequence=395.128149
[plan] step=181 node=N7405 type=observe q_typed_trust_context=1.736029 sequence=396.864178
[plan] step=182 node=N7414 type=control1 q_typed_trust_context=1.259541 sequence=398.123719
[plan] step=183 node=N6685 type=observe q_typed_trust_context=0.566331 sequence=398.690049
[plan] step=184 node=N679 type=observe q_typed_trust_context=6.132010 sequence=404.822059
[plan] step=185 node=N5456 type=observe q_typed_trust_context=6.993098 sequence=411.815157
[plan] step=186 node=N5439 type=observe q_typed_trust_context=6.352302 sequence=418.167459
[plan] step=187 node=N1879 type=observe q_typed_trust_context=6.202759 sequence=424.370218
[plan] step=188 node=N7873 type=control1 q_typed_trust_context=3.117656 sequence=427.487873
[plan] step=189 node=N2151 type=observe q_typed_trust_context=6.302237 sequence=433.790110
[plan] step=190 node=N7439 type=observe q_typed_trust_context=2.388492 sequence=436.178602
[plan] step=191 node=N6682 type=observe q_typed_trust_context=1.824621 sequence=438.003223
[plan] step=192 node=N5390 type=observe q_typed_trust_context=3.707230 sequence=441.710453
[plan] step=193 node=N5334 type=observe q_typed_trust_context=4.466352 sequence=446.176805
[plan] step=194 node=N5373 type=observe q_typed_trust_context=7.025733 sequence=453.202537
[plan] step=195 node=N5202 type=observe q_typed_trust_context=7.270452 sequence=460.472989
[plan] step=196 node=N7382 type=observe q_typed_trust_context=0.674993 sequence=461.147982
[plan] step=197 node=N765 type=observe q_typed_trust_context=6.449552 sequence=467.597534
[plan] step=198 node=N719 type=observe q_typed_trust_context=4.796221 sequence=472.393755
[plan] step=199 node=N699 type=observe q_typed_trust_context=7.182109 sequence=479.575864
[plan] step=200 node=N734 type=observe q_typed_trust_context=1.612919 sequence=481.188783
[plan] step=201 node=N764 type=observe q_typed_trust_context=5.958879 sequence=487.147661
[plan] step=202 node=N708 type=observe q_typed_trust_context=4.646582 sequence=491.794244
[plan] step=203 node=N7383 type=observe q_typed_trust_context=1.000764 sequence=492.795008
[plan] step=204 node=N771 type=observe q_typed_trust_context=6.128700 sequence=498.923708
[plan] step=205 node=N1351 type=observe q_typed_trust_context=5.388467 sequence=504.312174
[plan] step=206 node=N684 type=observe q_typed_trust_context=1.511797 sequence=505.823971
[plan] step=207 node=N7380 type=observe q_typed_trust_context=6.031855 sequence=511.855826
[plan] step=208 node=N686 type=observe q_typed_trust_context=5.185237 sequence=517.041063
[plan] step=209 node=N6677 type=observe q_typed_trust_context=3.152798 sequence=520.193861
[plan] step=210 node=N729 type=observe q_typed_trust_context=4.812231 sequence=525.006093
[plan] step=211 node=N689 type=observe q_typed_trust_context=1.415871 sequence=526.421963
[plan] step=212 node=N5735 type=observe q_typed_trust_context=6.265327 sequence=532.687290
[plan] step=213 node=N763 type=observe q_typed_trust_context=6.012564 sequence=538.699854
[plan] step=214 node=N2271 type=observe q_typed_trust_context=4.482703 sequence=543.182557
[plan] step=215 node=N5094 type=observe q_typed_trust_context=1.101574 sequence=544.284131
[plan] step=216 node=N7433 type=observe q_typed_trust_context=6.442731 sequence=550.726862
[plan] step=217 node=N2072 type=observe q_typed_trust_context=6.083770 sequence=556.810633
[plan] step=218 node=N2267 type=observe q_typed_trust_context=4.643997 sequence=561.454629
[plan] step=219 node=N695 type=observe q_typed_trust_context=6.052880 sequence=567.507509
[plan] step=220 node=N6581 type=observe q_typed_trust_context=6.371238 sequence=573.878748
[plan] step=221 node=N2263 type=observe q_typed_trust_context=5.350865 sequence=579.229613
[plan] step=222 node=N696 type=observe q_typed_trust_context=4.343275 sequence=583.572888
[plan] step=223 node=N2259 type=observe q_typed_trust_context=2.674570 sequence=586.247458
[plan] step=224 node=N7447 type=observe q_typed_trust_context=2.556757 sequence=588.804215
[plan] step=225 node=N697 type=observe q_typed_trust_context=5.086517 sequence=593.890731
[plan] step=226 node=N2243 type=observe q_typed_trust_context=5.650928 sequence=599.541659
[plan] step=227 node=N6660 type=observe q_typed_trust_context=3.542501 sequence=603.084160
[plan] step=228 node=N5111 type=observe q_typed_trust_context=5.684759 sequence=608.768918
[plan] step=229 node=N7443 type=observe q_typed_trust_context=4.150379 sequence=612.919297
[plan] step=230 node=N5160 type=observe q_typed_trust_context=5.296625 sequence=618.215922
[plan] step=231 node=N2251 type=observe q_typed_trust_context=4.341279 sequence=622.557200
[plan] step=232 node=N2159 type=observe q_typed_trust_context=1.520714 sequence=624.077914
[plan] step=233 node=N6656 type=observe q_typed_trust_context=1.169910 sequence=625.247825
[plan] step=234 node=N2247 type=observe q_typed_trust_context=3.092311 sequence=628.340136
[plan] step=235 node=N7444 type=observe q_typed_trust_context=4.161714 sequence=632.501849
[plan] step=236 node=N1352 type=observe q_typed_trust_context=3.422521 sequence=635.924371
[plan] step=237 node=N6658 type=observe q_typed_trust_context=5.831149 sequence=641.755520
[plan] step=238 node=N680 type=observe q_typed_trust_context=3.244966 sequence=645.000486
[plan] step=239 node=N732 type=observe q_typed_trust_context=3.779005 sequence=648.779491
[plan] step=240 node=N2216 type=observe q_typed_trust_context=3.726883 sequence=652.506374
[plan] step=241 node=N2218 type=observe q_typed_trust_context=3.688295 sequence=656.194669
[plan] step=242 node=N2255 type=observe q_typed_trust_context=3.965732 sequence=660.160401
[plan] step=243 node=N7452 type=observe q_typed_trust_context=3.328736 sequence=663.489137
[plan] step=244 node=N4900 type=observe q_typed_trust_context=6.234644 sequence=669.723782
[plan] step=245 node=N6537 type=observe q_typed_trust_context=1.737069 sequence=671.460851
[plan] step=246 node=N2185 type=observe q_typed_trust_context=4.163321 sequence=675.624171
[plan] step=247 node=N3009 type=control1 q_typed_trust_context=1.077546 sequence=676.701717
[plan] step=248 node=N8790 type=control1 q_typed_trust_context=3.818441 sequence=680.520158
[plan] step=249 node=N717 type=observe q_typed_trust_context=3.185042 sequence=683.705200
[plan] step=250 node=N8240 type=control1 q_typed_trust_context=3.087063 sequence=686.792262
[plan] step=251 node=N6680 type=observe q_typed_trust_context=0.981273 sequence=687.773535
[plan] step=252 node=N2203 type=observe q_typed_trust_context=3.776321 sequence=691.549856
[plan] step=253 node=N8789 type=control1 q_typed_trust_context=5.986014 sequence=697.535870
[plan] step=254 node=N735 type=observe q_typed_trust_context=6.005476 sequence=703.541346
[plan] step=255 node=N2205 type=observe q_typed_trust_context=5.992480 sequence=709.533826
[plan] step=256 node=N7440 type=observe q_typed_trust_context=5.821104 sequence=715.354930
[plan] step=257 node=N7542 type=control0 q_typed_trust_context=0.966849 sequence=716.321779
[plan] step=258 node=N8607 type=control1 q_typed_trust_context=5.793589 sequence=722.115367
[plan] step=259 node=N8239 type=control1 q_typed_trust_context=5.409319 sequence=727.524686
[plan] step=260 node=N3067 type=control1 q_typed_trust_context=0.494676 sequence=728.019362
[plan] step=261 node=N652 type=control1 q_typed_trust_context=6.105741 sequence=734.125103
[plan] step=262 node=N8238 type=control1 q_typed_trust_context=6.689003 sequence=740.814106
[plan] step=263 node=N8606 type=control1 q_typed_trust_context=5.015997 sequence=745.830102
[plan] step=264 node=N8237 type=control1 q_typed_trust_context=3.992378 sequence=749.822480
[plan] step=265 node=N902 type=control1 q_typed_trust_context=4.494339 sequence=754.316819
[plan] step=266 node=N1599 type=observe q_typed_trust_context=5.360586 sequence=759.677405
[plan] step=267 node=N8605 type=control1 q_typed_trust_context=4.037136 sequence=763.714541
[plan] step=268 node=N2201 type=observe q_typed_trust_context=5.940493 sequence=769.655034
[plan] step=269 node=N8236 type=control1 q_typed_trust_context=7.251458 sequence=776.906492
[plan] step=270 node=N733 type=observe q_typed_trust_context=6.594408 sequence=783.500900
[plan] step=271 node=N515 type=control1 q_typed_trust_context=7.069447 sequence=790.570347
[plan] step=272 node=N2226 type=observe q_typed_trust_context=6.610181 sequence=797.180529
[plan] step=273 node=N6562 type=observe q_typed_trust_context=6.649580 sequence=803.830109
[plan] step=274 node=N1598 type=observe q_typed_trust_context=0.317798 sequence=804.147907
[plan] step=275 node=N2212 type=observe q_typed_trust_context=4.001761 sequence=808.149668
[plan] step=276 node=N7425 type=observe q_typed_trust_context=5.870889 sequence=814.020557
[plan] step=277 node=N1348 type=observe q_typed_trust_context=6.289163 sequence=820.309719
[plan] step=278 node=N8470 type=observe q_typed_trust_context=4.773987 sequence=825.083706
saved=autoresearch/loop-260720-0945/model_training_round6/b15_selection/cone_rank/epoch_012/q_typed_trust_context/alpha_0p10_decay_16/plans/iscas99__b15_1__greedy__cumulative__q_typed_trust_context__bw1__d1__c48__g1p0__candhard_fault_cluster__div0p0__s0.csv
