[train-r20/return_pairwise_expanded] [train] excluded_eval_benchmarks=b15_C,b17_C,b20_C,b21_C,b22_C,epfl__arithmetic__max__max,epfl__random_control__i2c__i2c,i2c,iscas99__b15_1,iscas99__b17,iscas99__b20,iscas99__b21,iscas99__b22,max,mem_ctrl,openabcd__mem_ctrl_orig,subckt_0001 removed_rows=0 remaining_rows=768
[train-r20/return_pairwise_expanded] [train] disabling pattern loss
[train-r20/return_pairwise_expanded] [train] oracle skipped forbidden rows path=autoresearch/oracle-balanced-negative-rich-260629-wide/balanced_train_oracle_actions.tsv rows=36 benchmarks=subckt_0001:36
[train-r20/return_pairwise_expanded] [train] q_oracle enabled groups=962 score_field=typed_return_pred aux_score_field=typed_marginal_pred lambda_q_value=0.0 lambda_q_rank=0.25 lambda_same_type_rank=1.0 lambda_aux_rank=0.0 lambda_aux_same_type_rank=0.0 lambda_candidate=0.0 lambda_ndcg_rank=0.0 lambda_same_type_ndcg_rank=0.0 lambda_conservative_q=0.0 lambda_context_rank=0.0 lambda_oracle_sa_value=0.0 group_sampling=best_type_balanced pairwise_mode=all forbidden_benchmarks=20
[train-r20/return_pairwise_expanded] [train] rows=768 train_rows=608 val_rows=160 train_samples=19 val_samples=5 rollout_training=True feature_dim=38 relation_dim=12 cache_samples=False sample_cache_max_entries=unlimited
[train-r20/return_pairwise_expanded] [train] initialized checkpoint=autoresearch/loop-260720-0945/model_training_round8/runs/moe_joint_within/best_final_horizon.pt strict=False
[train-r20/return_pairwise_expanded] [train] trainable_modules=typed_return_rank_only trainable_parameters=6723/284965
[train-r20/return_pairwise_expanded] [train-progress] epoch=1 [#-----------------------] 1/19   5.3% loss=0.00000 jepa=0.23045 hard=0.10834 hard_red=0.00023 typed_m=0.11387 typed_ret=1.70520 typed_sa=0.00000 oracle=0.00000 rank=0.00000 same=0.00000 aux_rank=0.00000 aux_same=0.00000 value=0.00000 cand=0.00000 ndcg=0.00000 same_ndcg=0.00000 cql=0.00000 ctx=0.00000 pairs=0.0
[train-r20/return_pairwise_expanded] [train-progress] epoch=1 [########################] 19/19 100.0% loss=0.00000 jepa=0.34100 hard=0.09969 hard_red=0.00851 typed_m=0.40367 typed_ret=1.09481 typed_sa=0.00000 oracle=0.00000 rank=0.00000 same=0.00000 aux_rank=0.00000 aux_same=0.00000 value=0.00000 cand=0.00000 ndcg=0.00000 same_ndcg=0.00000 cql=0.00000 ctx=0.00000 pairs=0.0
[train-r20/return_pairwise_expanded] [train] epoch=1 horizon=1 train_loss=0.000000 val_loss=0.000000 train_steps=19
[train-r20/return_pairwise_expanded] [train-progress] epoch=2 [#-----------------------] 1/19   5.3% loss=0.00000 jepa=0.29394 hard=0.08532 hard_red=0.07888 typed_m=0.06988 typed_ret=0.11030 typed_sa=0.00000 oracle=0.22357 rank=0.43101 same=0.56295 aux_rank=0.00000 aux_same=0.00000 value=0.00000 cand=0.00000 ndcg=0.00000 same_ndcg=0.00000 cql=0.00000 ctx=0.00000 pairs=724.0
[train-r20/return_pairwise_expanded] [train-progress] epoch=2 [########################] 19/19 100.0% loss=0.00000 jepa=0.38030 hard=0.10153 hard_red=0.03278 typed_m=0.62907 typed_ret=1.74262 typed_sa=0.00000 oracle=0.26583 rank=0.57164 same=0.65458 aux_rank=0.00000 aux_same=0.00000 value=0.00000 cand=0.00000 ndcg=0.00000 same_ndcg=0.00000 cql=0.00000 ctx=0.00000 pairs=521.9
[train-r20/return_pairwise_expanded] [train] epoch=2 horizon=2 train_loss=0.000000 val_loss=0.000000 train_steps=19
[train-r20/return_pairwise_expanded] [train-progress] epoch=3 [#-----------------------] 1/19   5.3% loss=0.00000 jepa=0.72904 hard=0.14567 hard_red=0.00869 typed_m=2.18439 typed_ret=14.71009 typed_sa=0.00000 oracle=0.43164 rank=0.40559 same=0.54606 aux_rank=0.00000 aux_same=0.00000 value=0.00000 cand=0.00000 ndcg=0.00000 same_ndcg=0.00000 cql=0.00000 ctx=0.00000 pairs=688.0
[train-r20/return_pairwise_expanded] [train-progress] epoch=3 [########################] 19/19 100.0% loss=0.00000 jepa=0.45916 hard=0.10514 hard_red=0.03613 typed_m=0.67797 typed_ret=4.14209 typed_sa=0.00000 oracle=0.49363 rank=0.53548 same=0.60657 aux_rank=0.00000 aux_same=0.00000 value=0.00000 cand=0.00000 ndcg=0.00000 same_ndcg=0.00000 cql=0.00000 ctx=0.00000 pairs=545.5
[train-r20/return_pairwise_expanded] [train] epoch=3 horizon=4 train_loss=0.000000 val_loss=0.000000 train_steps=19
[train-r20/return_pairwise_expanded] [train-progress] epoch=4 [#-----------------------] 1/19   5.3% loss=0.00000 jepa=0.68522 hard=0.11328 hard_red=0.00235 typed_m=0.16926 typed_ret=6.59939 typed_sa=0.00000 oracle=0.61562 rank=0.39876 same=0.51593 aux_rank=0.00000 aux_same=0.00000 value=0.00000 cand=0.00000 ndcg=0.00000 same_ndcg=0.00000 cql=0.00000 ctx=0.00000 pairs=439.0
[train-r20/return_pairwise_expanded] [train-progress] epoch=4 [########################] 19/19 100.0% loss=0.00000 jepa=0.52164 hard=0.10823 hard_red=0.03129 typed_m=0.90822 typed_ret=8.98208 typed_sa=0.00000 oracle=0.80028 rank=0.57503 same=0.65652 aux_rank=0.00000 aux_same=0.00000 value=0.00000 cand=0.00000 ndcg=0.00000 same_ndcg=0.00000 cql=0.00000 ctx=0.00000 pairs=508.5
[train-r20/return_pairwise_expanded] [train] epoch=4 horizon=8 train_loss=0.000000 val_loss=0.000000 train_steps=19
[train-r20/return_pairwise_expanded] [train-progress] epoch=5 [#-----------------------] 1/19   5.3% loss=0.00000 jepa=0.37655 hard=0.08173 hard_red=0.00824 typed_m=0.26602 typed_ret=2.24123 typed_sa=0.00000 oracle=1.00473 rank=0.64799 same=0.84273 aux_rank=0.00000 aux_same=0.00000 value=0.00000 cand=0.00000 ndcg=0.00000 same_ndcg=0.00000 cql=0.00000 ctx=0.00000 pairs=522.0
[train-r20/return_pairwise_expanded] [train-progress] epoch=5 [########################] 19/19 100.0% loss=0.00000 jepa=0.57706 hard=0.11702 hard_red=0.02581 typed_m=1.18650 typed_ret=16.24687 typed_sa=0.00000 oracle=0.85745 rank=0.61595 same=0.70346 aux_rank=0.00000 aux_same=0.00000 value=0.00000 cand=0.00000 ndcg=0.00000 same_ndcg=0.00000 cql=0.00000 ctx=0.00000 pairs=518.8
[train-r20/return_pairwise_expanded] [train] epoch=5 horizon=16 train_loss=0.000000 val_loss=0.000000 train_steps=19
[train-r20/return_pairwise_expanded] [train-progress] epoch=6 [#-----------------------] 1/19   5.3% loss=0.00000 jepa=0.49575 hard=0.17525 hard_red=0.00574 typed_m=0.06634 typed_ret=2.39510 typed_sa=0.00000 oracle=0.66956 rank=0.46164 same=0.55415 aux_rank=0.00000 aux_same=0.00000 value=0.00000 cand=0.00000 ndcg=0.00000 same_ndcg=0.00000 cql=0.00000 ctx=0.00000 pairs=626.0
[train-r20/return_pairwise_expanded] [train-progress] epoch=6 [########################] 19/19 100.0% loss=0.00000 jepa=0.66495 hard=0.14008 hard_red=0.01942 typed_m=1.70860 typed_ret=30.72693 typed_sa=0.00000 oracle=0.80661 rank=0.56884 same=0.66440 aux_rank=0.00000 aux_same=0.00000 value=0.00000 cand=0.00000 ndcg=0.00000 same_ndcg=0.00000 cql=0.00000 ctx=0.00000 pairs=505.6
[train-r20/return_pairwise_expanded] [train] epoch=6 horizon=32 train_loss=0.000000 val_loss=0.000000 train_steps=19
[train-r20/return_pairwise_expanded] [train-progress] epoch=7 [#-----------------------] 1/19   5.3% loss=0.00000 jepa=0.50318 hard=0.08925 hard_red=0.02004 typed_m=0.14359 typed_ret=3.28346 typed_sa=0.00000 oracle=0.60454 rank=0.37045 same=0.51192 aux_rank=0.00000 aux_same=0.00000 value=0.00000 cand=0.00000 ndcg=0.00000 same_ndcg=0.00000 cql=0.00000 ctx=0.00000 pairs=571.0
[train-r20/return_pairwise_expanded] [train-progress] epoch=7 [########################] 19/19 100.0% loss=0.00000 jepa=0.67038 hard=0.14339 hard_red=0.01931 typed_m=1.66578 typed_ret=30.70443 typed_sa=0.00000 oracle=0.74999 rank=0.51389 same=0.62152 aux_rank=0.00000 aux_same=0.00000 value=0.00000 cand=0.00000 ndcg=0.00000 same_ndcg=0.00000 cql=0.00000 ctx=0.00000 pairs=535.5
[train-r20/return_pairwise_expanded] [train] epoch=7 horizon=32 train_loss=0.000000 val_loss=0.000000 train_steps=19
[train-r20/return_pairwise_expanded] [train-progress] epoch=8 [#-----------------------] 1/19   5.3% loss=0.00000 jepa=0.90130 hard=0.16116 hard_red=0.05257 typed_m=2.16354 typed_ret=40.87305 typed_sa=0.00000 oracle=0.74197 rank=0.57719 same=0.59767 aux_rank=0.00000 aux_same=0.00000 value=0.00000 cand=0.00000 ndcg=0.00000 same_ndcg=0.00000 cql=0.00000 ctx=0.00000 pairs=567.0
[train-r20/return_pairwise_expanded] [train-progress] epoch=8 [########################] 19/19 100.0% loss=0.00000 jepa=0.67038 hard=0.14150 hard_red=0.01946 typed_m=1.64295 typed_ret=30.69470 typed_sa=0.00000 oracle=0.76407 rank=0.54424 same=0.62801 aux_rank=0.00000 aux_same=0.00000 value=0.00000 cand=0.00000 ndcg=0.00000 same_ndcg=0.00000 cql=0.00000 ctx=0.00000 pairs=497.7
[train-r20/return_pairwise_expanded] [train] epoch=8 horizon=32 train_loss=0.000000 val_loss=0.000000 train_steps=19
[train-r20/return_pairwise_expanded] [train-progress] epoch=9 [#-----------------------] 1/19   5.3% loss=0.00000 jepa=0.55402 hard=0.10402 hard_red=0.01026 typed_m=0.06975 typed_ret=5.98102 typed_sa=0.00000 oracle=0.85396 rank=0.60681 same=0.70226 aux_rank=0.00000 aux_same=0.00000 value=0.00000 cand=0.00000 ndcg=0.00000 same_ndcg=0.00000 cql=0.00000 ctx=0.00000 pairs=596.0
[train-r20/return_pairwise_expanded] [train-progress] epoch=9 [########################] 19/19 100.0% loss=0.00000 jepa=0.66161 hard=0.14868 hard_red=0.01941 typed_m=1.67122 typed_ret=30.72337 typed_sa=0.00000 oracle=0.85121 rank=0.58886 same=0.70400 aux_rank=0.00000 aux_same=0.00000 value=0.00000 cand=0.00000 ndcg=0.00000 same_ndcg=0.00000 cql=0.00000 ctx=0.00000 pairs=490.0
[train-r20/return_pairwise_expanded] [train] epoch=9 horizon=32 train_loss=0.000000 val_loss=0.000000 train_steps=19
[train-r20/return_pairwise_expanded] [train-progress] epoch=10 [#-----------------------] 1/19   5.3% loss=0.00000 jepa=0.84790 hard=0.18101 hard_red=0.00111 typed_m=1.04818 typed_ret=29.42786 typed_sa=0.00000 oracle=0.85410 rank=0.57302 same=0.71085 aux_rank=0.00000 aux_same=0.00000 value=0.00000 cand=0.00000 ndcg=0.00000 same_ndcg=0.00000 cql=0.00000 ctx=0.00000 pairs=396.0
[train-r20/return_pairwise_expanded] [train-progress] epoch=10 [########################] 19/19 100.0% loss=0.00000 jepa=0.66639 hard=0.14120 hard_red=0.01936 typed_m=1.63405 typed_ret=30.67974 typed_sa=0.00000 oracle=0.81046 rank=0.57299 same=0.66722 aux_rank=0.00000 aux_same=0.00000 value=0.00000 cand=0.00000 ndcg=0.00000 same_ndcg=0.00000 cql=0.00000 ctx=0.00000 pairs=496.2
[train-r20/return_pairwise_expanded] [train] epoch=10 horizon=32 train_loss=0.000000 val_loss=0.000000 train_steps=19
