[plan] candidate_allowlist=autoresearch/original-netlist-recovery-260712/exact_itc99/b17_C/exact_candidate_nodes.txt nodes=29334
[plan] latent_norm_clip_ratio=4 latent_norm_limit=30.925308
[plan] step=1 node=N2731 type=control0 q_pred_context=2.908820 sequence=2.908820
[plan] step=2 node=N7781 type=observe q_pred_context=1.407866 sequence=4.316686
[plan] step=3 node=N8089 type=observe q_pred_context=1.034712 sequence=5.351398
[plan] step=4 node=N5319 type=control0 q_pred_context=1.330443 sequence=6.681841
[plan] step=5 node=N6780 type=control0 q_pred_context=1.003337 sequence=7.685177
[plan] step=6 node=N13662 type=control0 q_pred_context=1.287361 sequence=8.972539
[plan] step=7 node=N6992 type=control0 q_pred_context=1.289339 sequence=10.261878
[plan] step=8 node=N18172 type=control0 q_pred_context=1.166565 sequence=11.428443
[plan] step=9 node=N12071 type=control0 q_pred_context=1.372674 sequence=12.801117
[plan] step=10 node=N11983 type=control0 q_pred_context=1.156535 sequence=13.957652
[plan] step=11 node=N12015 type=control0 q_pred_context=1.477006 sequence=15.434658
[plan] step=12 node=N12055 type=control0 q_pred_context=1.413198 sequence=16.847856
[plan] step=13 node=N11975 type=control0 q_pred_context=1.428426 sequence=18.276282
[plan] step=14 node=N14035 type=control1 q_pred_context=1.147538 sequence=19.423820
[plan] step=15 node=N9505 type=observe q_pred_context=1.919299 sequence=21.343120
[plan] step=16 node=N3771 type=observe q_pred_context=1.766669 sequence=23.109789
[plan] step=17 node=N10218 type=control1 q_pred_context=1.820419 sequence=24.930207
[plan] step=18 node=N19195 type=control0 q_pred_context=1.575627 sequence=26.505834
[plan] step=19 node=N19193 type=control0 q_pred_context=1.547513 sequence=28.053347
[plan] step=20 node=N16937 type=control0 q_pred_context=1.798031 sequence=29.851378
[plan] step=21 node=N13626 type=control0 q_pred_context=1.864654 sequence=31.716032
[plan] step=22 node=N11941 type=control0 q_pred_context=1.895399 sequence=33.611432
[plan] step=23 node=N7682 type=control0 q_pred_context=1.943954 sequence=35.555385
[plan] step=24 node=N7680 type=control0 q_pred_context=2.228772 sequence=37.784157
[plan] step=25 node=N13624 type=control0 q_pred_context=2.207543 sequence=39.991701
[plan] step=26 node=N11952 type=control0 q_pred_context=2.392126 sequence=42.383826
[plan] step=27 node=N4256 type=control0 q_pred_context=2.293093 sequence=44.676919
[plan] step=28 node=N18879 type=control0 q_pred_context=2.042129 sequence=46.719048
[plan] step=29 node=N18341 type=control0 q_pred_context=2.008805 sequence=48.727853
[plan] step=30 node=N18771 type=control0 q_pred_context=1.900343 sequence=50.628195
[plan] step=31 node=N12782 type=control0 q_pred_context=1.738644 sequence=52.366839
[plan] step=32 node=N12791 type=control0 q_pred_context=1.665915 sequence=54.032755
[plan] step=33 node=N12824 type=control0 q_pred_context=1.694870 sequence=55.727624
[plan] step=34 node=N12866 type=control0 q_pred_context=1.645783 sequence=57.373407
[plan] step=35 node=N12863 type=control0 q_pred_context=1.453699 sequence=58.827106
[plan] step=36 node=N12769 type=control0 q_pred_context=1.212201 sequence=60.039307
[plan] step=37 node=N3880 type=observe q_pred_context=1.454133 sequence=61.493440
[plan] step=38 node=N19316 type=observe q_pred_context=1.497061 sequence=62.990501
[plan] step=39 node=N12830 type=control0 q_pred_context=1.654726 sequence=64.645227
[plan] step=40 node=N12821 type=control0 q_pred_context=1.758728 sequence=66.403956
[plan] step=41 node=N12812 type=control0 q_pred_context=1.582878 sequence=67.986834
[plan] step=42 node=N12809 type=control0 q_pred_context=1.309837 sequence=69.296671
[plan] step=43 node=N12847 type=control0 q_pred_context=1.290851 sequence=70.587522
[plan] step=44 node=N12836 type=control0 q_pred_context=1.138700 sequence=71.726223
[plan] step=45 node=N12806 type=control0 q_pred_context=1.169859 sequence=72.896082
[plan] step=46 node=N12803 type=control0 q_pred_context=1.134098 sequence=74.030180
[plan] step=47 node=N12797 type=control0 q_pred_context=1.194722 sequence=75.224902
[plan] step=48 node=N12794 type=control0 q_pred_context=1.581575 sequence=76.806477
[plan] step=49 node=N12765 type=control0 q_pred_context=1.540057 sequence=78.346534
[plan] step=50 node=N12039 type=control0 q_pred_context=0.891115 sequence=79.237649
[plan] step=51 node=N11923 type=control0 q_pred_context=0.960736 sequence=80.198385
[plan] step=52 node=N12103 type=control0 q_pred_context=0.985635 sequence=81.184020
[plan] step=53 node=N16901 type=control0 q_pred_context=1.443241 sequence=82.627261
[plan] step=54 node=N12143 type=control0 q_pred_context=1.074305 sequence=83.701566
[plan] step=55 node=N12135 type=control0 q_pred_context=1.492533 sequence=85.194099
[plan] step=56 node=N12119 type=control0 q_pred_context=1.386898 sequence=86.580997
[plan] step=57 node=N2858 type=control1 q_pred_context=2.037163 sequence=88.618160
[plan] step=58 node=N18004 type=control0 q_pred_context=1.908961 sequence=90.527122
[plan] step=59 node=N12111 type=control0 q_pred_context=1.851603 sequence=92.378725
[plan] step=60 node=N12095 type=control0 q_pred_context=1.710126 sequence=94.088851
[plan] step=61 node=N6892 type=control0 q_pred_context=1.430070 sequence=95.518921
[plan] step=62 node=N19160 type=control0 q_pred_context=1.513834 sequence=97.032755
[plan] step=63 node=N19222 type=control0 q_pred_context=2.004996 sequence=99.037751
[plan] step=64 node=N19232 type=control0 q_pred_context=1.468299 sequence=100.506050
[plan] step=65 node=N6868 type=control0 q_pred_context=1.090121 sequence=101.596170
[plan] step=66 node=N18176 type=control0 q_pred_context=1.458527 sequence=103.054698
[plan] step=67 node=N2231 type=control1 q_pred_context=1.335971 sequence=104.390668
[plan] step=68 node=N19477 type=control0 q_pred_context=1.344068 sequence=105.734736
[plan] step=69 node=N19476 type=control0 q_pred_context=1.214215 sequence=106.948951
[plan] step=70 node=N15365 type=control1 q_pred_context=1.125641 sequence=108.074592
[plan] step=71 node=N19170 type=control0 q_pred_context=1.216750 sequence=109.291342
[plan] step=72 node=N19474 type=control0 q_pred_context=1.610073 sequence=110.901415
[plan] step=73 node=N8879 type=control0 q_pred_context=1.355969 sequence=112.257385
[plan] step=74 node=N6988 type=control0 q_pred_context=1.230379 sequence=113.487764
[plan] step=75 node=N12208 type=control0 q_pred_context=1.151016 sequence=114.638780
[plan] step=76 node=N13988 type=observe q_pred_context=1.322298 sequence=115.961078
[plan] step=77 node=N26514 type=control1 q_pred_context=0.862601 sequence=116.823679
[plan] step=78 node=N13984 type=observe q_pred_context=1.245596 sequence=118.069275
[plan] step=79 node=N18272 type=control0 q_pred_context=1.303761 sequence=119.373036
[plan] step=80 node=N19462 type=control0 q_pred_context=1.043319 sequence=120.416355
[plan] step=81 node=N18233 type=control0 q_pred_context=1.217479 sequence=121.633834
[plan] step=82 node=N27225 type=control1 q_pred_context=1.542758 sequence=123.176591
[plan] step=83 node=N4557 type=control0 q_pred_context=1.239992 sequence=124.416583
[plan] step=84 node=N4505 type=control0 q_pred_context=1.116086 sequence=125.532669
[plan] step=85 node=N4660 type=control0 q_pred_context=1.921846 sequence=127.454515
[plan] step=86 node=N4761 type=control0 q_pred_context=1.791586 sequence=129.246101
[plan] step=87 node=N4709 type=control0 q_pred_context=1.587498 sequence=130.833599
[plan] step=88 node=N4609 type=control0 q_pred_context=1.780906 sequence=132.614505
[plan] step=89 node=N4813 type=control0 q_pred_context=1.804364 sequence=134.418869
[plan] step=90 node=N18188 type=control0 q_pred_context=1.864358 sequence=136.283227
[plan] step=91 node=N4350 type=control0 q_pred_context=1.952341 sequence=138.235568
[plan] step=92 node=N4298 type=control0 q_pred_context=1.761066 sequence=139.996634
[plan] step=93 node=N4402 type=control0 q_pred_context=1.722078 sequence=141.718712
[plan] step=94 node=N4453 type=control0 q_pred_context=1.543441 sequence=143.262153
[plan] step=95 node=N19468 type=control0 q_pred_context=1.512099 sequence=144.774251
[plan] step=96 node=N19455 type=control0 q_pred_context=1.419315 sequence=146.193567
[plan] step=97 node=N7112 type=control0 q_pred_context=1.479202 sequence=147.672769
[plan] step=98 node=N18645 type=control0 q_pred_context=1.468608 sequence=149.141377
[plan] step=99 node=N7021 type=control0 q_pred_context=1.503498 sequence=150.644875
[plan] step=100 node=N7032 type=control0 q_pred_context=1.461305 sequence=152.106181
[plan] step=101 node=N18711 type=control0 q_pred_context=1.571529 sequence=153.677710
[plan] step=102 node=N7064 type=control0 q_pred_context=1.485407 sequence=155.163116
[plan] step=103 node=N12330 type=control0 q_pred_context=1.576632 sequence=156.739748
[plan] step=104 node=N7376 type=control0 q_pred_context=1.392272 sequence=158.132020
[plan] step=105 node=N7344 type=control0 q_pred_context=1.359012 sequence=159.491032
[plan] step=106 node=N7123 type=control0 q_pred_context=1.471117 sequence=160.962148
[plan] step=107 node=N19453 type=control0 q_pred_context=1.547428 sequence=162.509576
[plan] step=108 node=N7280 type=control0 q_pred_context=1.600183 sequence=164.109759
[plan] step=109 node=N12344 type=control0 q_pred_context=1.480509 sequence=165.590268
[plan] step=110 node=N12392 type=control0 q_pred_context=1.545348 sequence=167.135616
[plan] step=111 node=N7277 type=control0 q_pred_context=1.539990 sequence=168.675606
[plan] step=112 node=N12424 type=control0 q_pred_context=1.585683 sequence=170.261289
[plan] step=113 node=N7049 type=control0 q_pred_context=1.522641 sequence=171.783929
[plan] step=114 node=N19464 type=control0 q_pred_context=1.443089 sequence=173.227019
[plan] step=115 node=N18114 type=control0 q_pred_context=1.486817 sequence=174.713836
[plan] step=116 node=N7324 type=control0 q_pred_context=1.668086 sequence=176.381922
[plan] step=117 node=N7292 type=control0 q_pred_context=1.672404 sequence=178.054327
[plan] step=118 node=N18750 type=control0 q_pred_context=1.714716 sequence=179.769043
[plan] step=119 node=N18699 type=control0 q_pred_context=1.834360 sequence=181.603402
[plan] step=120 node=N18063 type=control0 q_pred_context=1.680677 sequence=183.284079
[plan] step=121 node=N12448 type=control0 q_pred_context=1.633487 sequence=184.917566
[plan] step=122 node=N12464 type=control0 q_pred_context=1.704495 sequence=186.622061
[plan] step=123 node=N12452 type=control0 q_pred_context=1.549470 sequence=188.171532
[plan] step=124 node=N12433 type=control0 q_pred_context=1.729327 sequence=189.900858
[plan] step=125 node=N12417 type=control0 q_pred_context=1.655123 sequence=191.555982
[plan] step=126 node=N12369 type=control0 q_pred_context=1.946635 sequence=193.502616
[plan] step=127 node=N19459 type=control0 q_pred_context=1.422164 sequence=194.924780
[plan] step=128 node=N12385 type=control0 q_pred_context=1.490781 sequence=196.415562
[plan] step=129 node=N12401 type=control0 q_pred_context=1.491439 sequence=197.907000
[plan] step=130 node=N12611 type=control0 q_pred_context=1.516966 sequence=199.423967
[plan] step=131 node=N19471 type=control0 q_pred_context=1.956911 sequence=201.380877
[plan] step=132 node=N19512 type=observe q_pred_context=1.636987 sequence=203.017864
[plan] step=133 node=N19511 type=observe q_pred_context=1.519968 sequence=204.537833
[plan] step=134 node=N26511 type=control1 q_pred_context=0.846945 sequence=205.384778
[plan] step=135 node=N12351 type=control0 q_pred_context=1.478147 sequence=206.862925
[plan] step=136 node=N12569 type=control0 q_pred_context=1.746649 sequence=208.609574
[plan] step=137 node=N26516 type=control1 q_pred_context=1.760791 sequence=210.370364
[plan] step=138 node=N26512 type=control1 q_pred_context=2.266293 sequence=212.636658
[plan] step=139 node=N26503 type=control1 q_pred_context=1.645332 sequence=214.281990
[plan] step=140 node=N27356 type=control1 q_pred_context=1.408579 sequence=215.690568
[plan] step=141 node=N27355 type=control1 q_pred_context=1.531494 sequence=217.222062
[plan] step=142 node=N27352 type=control1 q_pred_context=1.527458 sequence=218.749520
[plan] step=143 node=N27350 type=control1 q_pred_context=1.747253 sequence=220.496773
[plan] step=144 node=N27348 type=control1 q_pred_context=1.753863 sequence=222.250636
[plan] step=145 node=N27347 type=control1 q_pred_context=1.648528 sequence=223.899165
[plan] step=146 node=N27346 type=control1 q_pred_context=1.401588 sequence=225.300752
[plan] step=147 node=N27358 type=control1 q_pred_context=1.292302 sequence=226.593055
[plan] step=148 node=N27361 type=control1 q_pred_context=1.447968 sequence=228.041023
[plan] step=149 node=N18614 type=observe q_pred_context=1.753588 sequence=229.794611
[plan] step=150 node=N18548 type=observe q_pred_context=1.450942 sequence=231.245554
[plan] step=151 node=N18563 type=observe q_pred_context=2.053366 sequence=233.298920
[plan] step=152 node=N14034 type=control1 q_pred_context=0.917116 sequence=234.216036
[plan] step=153 node=N12739 type=control0 q_pred_context=1.040581 sequence=235.256617
[plan] step=154 node=N26505 type=control1 q_pred_context=1.147622 sequence=236.404239
[plan] step=155 node=N19172 type=control0 q_pred_context=1.230575 sequence=237.634814
[plan] step=156 node=N26517 type=control1 q_pred_context=1.335569 sequence=238.970382
[plan] step=157 node=N18765 type=control0 q_pred_context=2.518165 sequence=241.488547
[plan] step=158 node=N12706 type=control0 q_pred_context=2.794536 sequence=244.283083
[plan] step=159 node=N7131 type=control0 q_pred_context=2.535978 sequence=246.819061
[plan] step=160 node=N7067 type=control0 q_pred_context=2.488756 sequence=249.307817
[plan] step=161 node=N7115 type=control0 q_pred_context=2.506667 sequence=251.814484
[plan] step=162 node=N19206 type=control0 q_pred_context=2.020124 sequence=253.834608
[plan] step=163 node=N12604 type=control0 q_pred_context=2.566743 sequence=256.401351
[plan] step=164 node=N12570 type=control0 q_pred_context=3.729174 sequence=260.130525
[plan] step=165 node=N7083 type=control0 q_pred_context=3.523614 sequence=263.654139
[plan] step=166 node=N3955 type=control1 q_pred_context=2.844532 sequence=266.498671
[plan] step=167 node=N7645 type=control0 q_pred_context=1.450753 sequence=267.949425
[plan] step=168 node=N12740 type=control0 q_pred_context=2.884521 sequence=270.833945
[plan] step=169 node=N7310 type=control0 q_pred_context=4.745001 sequence=275.578946
[plan] step=170 node=N18085 type=control0 q_pred_context=5.168625 sequence=280.747571
[plan] step=171 node=N12674 type=control0 q_pred_context=1.533501 sequence=282.281072
[plan] step=172 node=N7643 type=control0 q_pred_context=1.907199 sequence=284.188271
[plan] step=173 node=N18128 type=control0 q_pred_context=1.640587 sequence=285.828858
[plan] step=174 node=N18314 type=control0 q_pred_context=2.546234 sequence=288.375093
[plan] step=175 node=N18414 type=control0 q_pred_context=2.369834 sequence=290.744927
[plan] step=176 node=N12312 type=control0 q_pred_context=3.465413 sequence=294.210340
[plan] step=177 node=N12328 type=control0 q_pred_context=2.749824 sequence=296.960164
[plan] step=178 node=N31089 type=control1 q_pred_context=3.115388 sequence=300.075552
[plan] step=179 node=N7177 type=control0 q_pred_context=2.491525 sequence=302.567077
[plan] step=180 node=N7225 type=control0 q_pred_context=2.753416 sequence=305.320493
[plan] step=181 node=N7268 type=control0 q_pred_context=2.825618 sequence=308.146111
[plan] step=182 node=N12232 type=control0 q_pred_context=3.796073 sequence=311.942184
[plan] step=183 node=N12280 type=control0 q_pred_context=3.752702 sequence=315.694886
[plan] step=184 node=N12248 type=control0 q_pred_context=2.497797 sequence=318.192682
[plan] step=185 node=N12216 type=control0 q_pred_context=2.230735 sequence=320.423417
[plan] step=186 node=N7222 type=control0 q_pred_context=1.596779 sequence=322.020196
[plan] step=187 node=N7151 type=control0 q_pred_context=3.118116 sequence=325.138312
[plan] step=188 node=N7218 type=control0 q_pred_context=3.897584 sequence=329.035896
[plan] step=189 node=N12262 type=control0 q_pred_context=3.565278 sequence=332.601174
[plan] step=190 node=N7199 type=control0 q_pred_context=3.645720 sequence=336.246894
[plan] step=191 node=N12294 type=control0 q_pred_context=3.634674 sequence=339.881568
[plan] step=192 node=N12308 type=control0 q_pred_context=2.445822 sequence=342.327389
[plan] step=193 node=N13594 type=observe q_pred_context=2.119807 sequence=344.447196
[plan] step=194 node=N13552 type=observe q_pred_context=2.129648 sequence=346.576844
[plan] step=195 node=N13562 type=observe q_pred_context=4.497063 sequence=351.073907
[plan] step=196 node=N7633 type=observe q_pred_context=3.635989 sequence=354.709896
[plan] step=197 node=N18557 type=observe q_pred_context=3.001222 sequence=357.711118
[plan] step=198 node=N19242 type=observe q_pred_context=0.740138 sequence=358.451256
[plan] step=199 node=N18577 type=observe q_pred_context=0.793917 sequence=359.245173
[plan] step=200 node=N13605 type=observe q_pred_context=0.806546 sequence=360.051718
[plan] step=201 node=N13591 type=observe q_pred_context=0.811063 sequence=360.862782
[plan] step=202 node=N13589 type=observe q_pred_context=0.811050 sequence=361.673832
[plan] step=203 node=N13528 type=observe q_pred_context=1.130235 sequence=362.804067
[plan] step=204 node=N8938 type=observe q_pred_context=1.343225 sequence=364.147293
[plan] step=205 node=N7210 type=control0 q_pred_context=1.149762 sequence=365.297054
[plan] step=206 node=N7162 type=control0 q_pred_context=1.279436 sequence=366.576491
[plan] step=207 node=N7274 type=control0 q_pred_context=2.276857 sequence=368.853348
[plan] step=208 node=N31076 type=control1 q_pred_context=1.195244 sequence=370.048592
[plan] step=209 node=N31074 type=control1 q_pred_context=1.083243 sequence=371.131835
[plan] step=210 node=N18364 type=control0 q_pred_context=0.853912 sequence=371.985748
[plan] step=211 node=N18097 type=control0 q_pred_context=0.622086 sequence=372.607834
[plan] step=212 node=N18037 type=control0 q_pred_context=0.711046 sequence=373.318880
[plan] step=213 node=N13617 type=control0 q_pred_context=0.715100 sequence=374.033980
[plan] step=214 node=N7669 type=control0 q_pred_context=1.703814 sequence=375.737795
[plan] step=215 node=N18624 type=observe q_pred_context=1.064357 sequence=376.802152
[plan] step=216 node=N18590 type=observe q_pred_context=0.508046 sequence=377.310198
[plan] step=217 node=N13611 type=observe q_pred_context=0.811088 sequence=378.121286
[plan] step=218 node=N13609 type=observe q_pred_context=0.774005 sequence=378.895290
[plan] step=219 node=N10160 type=control1 q_pred_context=1.345575 sequence=380.240866
[plan] step=220 node=N13607 type=observe q_pred_context=0.608039 sequence=380.848904
[plan] step=221 node=N27365 type=control1 q_pred_context=1.011375 sequence=381.860279
[plan] step=222 node=N13596 type=observe q_pred_context=0.658925 sequence=382.519205
[plan] step=223 node=N13583 type=observe q_pred_context=0.656130 sequence=383.175335
[plan] step=224 node=N13506 type=observe q_pred_context=0.643546 sequence=383.818881
[plan] step=225 node=N13548 type=observe q_pred_context=0.776546 sequence=384.595426
[plan] step=226 node=N13488 type=observe q_pred_context=0.853884 sequence=385.449310
[plan] step=227 node=N18034 type=control0 q_pred_context=2.004815 sequence=387.454126
[plan] step=228 node=N18541 type=observe q_pred_context=0.704069 sequence=388.158195
[plan] step=229 node=N13615 type=control0 q_pred_context=0.997684 sequence=389.155879
[plan] step=230 node=N13613 type=control0 q_pred_context=0.989546 sequence=390.145425
[plan] step=231 node=N13644 type=control0 q_pred_context=1.414903 sequence=391.560329
[plan] step=232 node=N18524 type=observe q_pred_context=1.016192 sequence=392.576520
[plan] step=233 node=N2898 type=control0 q_pred_context=1.152492 sequence=393.729012
[plan] step=234 node=N12671 type=control0 q_pred_context=0.863010 sequence=394.592022
[plan] step=235 node=N12641 type=control0 q_pred_context=0.784647 sequence=395.376668
[plan] step=236 node=N12637 type=control0 q_pred_context=0.720645 sequence=396.097314
[plan] step=237 node=N18511 type=observe q_pred_context=0.837919 sequence=396.935233
[plan] step=238 node=N31072 type=control1 q_pred_context=1.011618 sequence=397.946851
[plan] step=239 node=N18492 type=observe q_pred_context=0.694034 sequence=398.640885
[plan] step=240 node=N8825 type=observe q_pred_context=0.681242 sequence=399.322127
[plan] step=241 node=N2041 type=control1 q_pred_context=1.055184 sequence=400.377310
[plan] step=242 node=N13210 type=observe q_pred_context=1.528936 sequence=401.906246
[plan] step=243 node=N8778 type=observe q_pred_context=0.674633 sequence=402.580879
[plan] step=244 node=N13187 type=observe q_pred_context=0.708184 sequence=403.289063
[plan] step=245 node=N8833 type=observe q_pred_context=0.644152 sequence=403.933215
[plan] step=246 node=N8823 type=observe q_pred_context=0.681246 sequence=404.614460
[plan] step=247 node=N8820 type=observe q_pred_context=0.681250 sequence=405.295711
[plan] step=248 node=N8836 type=observe q_pred_context=0.681253 sequence=405.976964
[plan] step=249 node=N8824 type=observe q_pred_context=0.681249 sequence=406.658213
[plan] step=250 node=N8809 type=observe q_pred_context=0.681249 sequence=407.339463
[plan] step=251 node=N8811 type=observe q_pred_context=0.681252 sequence=408.020715
[plan] step=252 node=N29496 type=control1 q_pred_context=0.783118 sequence=408.803833
[plan] step=253 node=N7729 type=control1 q_pred_context=1.003561 sequence=409.807394
[plan] step=254 node=N2030 type=control1 q_pred_context=1.160860 sequence=410.968254
[plan] step=255 node=N13800 type=control1 q_pred_context=1.032057 sequence=412.000311
[plan] step=256 node=N8611 type=control0 q_pred_context=0.786288 sequence=412.786599
[plan] step=257 node=N8813 type=observe q_pred_context=0.681241 sequence=413.467840
[plan] step=258 node=N2037 type=control1 q_pred_context=0.831917 sequence=414.299757
[plan] step=259 node=N8812 type=observe q_pred_context=0.681235 sequence=414.980993
[plan] step=260 node=N8810 type=observe q_pred_context=0.681234 sequence=415.662227
[plan] step=261 node=N8808 type=observe q_pred_context=0.681235 sequence=416.343462
[plan] step=262 node=N8776 type=observe q_pred_context=0.681244 sequence=417.024706
[plan] step=263 node=N8774 type=observe q_pred_context=0.681247 sequence=417.705953
[plan] step=264 node=N8764 type=observe q_pred_context=0.681247 sequence=418.387200
[plan] step=265 node=N7507 type=observe q_pred_context=0.680643 sequence=419.067843
[plan] step=266 node=N7455 type=observe q_pred_context=0.680768 sequence=419.748611
[plan] step=267 node=N7411 type=observe q_pred_context=0.680837 sequence=420.429449
[plan] step=268 node=N19478 type=observe q_pred_context=0.681350 sequence=421.110799
[plan] step=269 node=N22040 type=control1 q_pred_context=0.770809 sequence=421.881608
[plan] step=270 node=N19475 type=observe q_pred_context=0.689802 sequence=422.571410
[plan] step=271 node=N13208 type=observe q_pred_context=0.708010 sequence=423.279420
[plan] step=272 node=N19473 type=observe q_pred_context=0.690910 sequence=423.970329
[plan] step=273 node=N19472 type=observe q_pred_context=0.684719 sequence=424.655049
[plan] step=274 node=N19470 type=observe q_pred_context=0.681252 sequence=425.336301
[plan] step=275 node=N19469 type=observe q_pred_context=0.681251 sequence=426.017552
[plan] step=276 node=N7712 type=control1 q_pred_context=1.222781 sequence=427.240333
[plan] step=277 node=N7521 type=observe q_pred_context=0.827821 sequence=428.068154
[plan] step=278 node=N19467 type=observe q_pred_context=0.681248 sequence=428.749403
[plan] step=279 node=N7469 type=observe q_pred_context=0.745176 sequence=429.494579
[plan] step=280 node=N19466 type=observe q_pred_context=0.681234 sequence=430.175812
[plan] step=281 node=N19465 type=observe q_pred_context=0.681241 sequence=430.857054
[plan] step=282 node=N19463 type=observe q_pred_context=0.681244 sequence=431.538298
[plan] step=283 node=N19461 type=observe q_pred_context=0.681248 sequence=432.219546
[plan] step=284 node=N18718 type=observe q_pred_context=1.245166 sequence=433.464712
[plan] step=285 node=N13581 type=observe q_pred_context=0.814967 sequence=434.279678
[plan] step=286 node=N19441 type=observe q_pred_context=0.836915 sequence=435.116593
[plan] step=287 node=N18329 type=observe q_pred_context=0.708758 sequence=435.825350
[plan] step=288 node=N13532 type=observe q_pred_context=0.581637 sequence=436.406988
[plan] step=289 node=N24568 type=control0 q_pred_context=0.579418 sequence=436.986406
[plan] step=290 node=N13545 type=observe q_pred_context=0.695050 sequence=437.681456
[plan] step=291 node=N13500 type=observe q_pred_context=0.658551 sequence=438.340007
[plan] step=292 node=N26507 type=control1 q_pred_context=0.574168 sequence=438.914175
[plan] step=293 node=N13543 type=observe q_pred_context=0.696784 sequence=439.610959
[plan] step=294 node=N13534 type=observe q_pred_context=0.704702 sequence=440.315661
[plan] step=295 node=N18802 type=observe q_pred_context=0.620589 sequence=440.936250
[plan] step=296 node=N19460 type=observe q_pred_context=0.514304 sequence=441.450554
[plan] step=297 node=N19458 type=observe q_pred_context=0.514302 sequence=441.964857
[plan] step=298 node=N28737 type=control0 q_pred_context=0.600671 sequence=442.565528
[plan] step=299 node=N13794 type=control1 q_pred_context=0.944951 sequence=443.510479
[plan] step=300 node=N19457 type=observe q_pred_context=0.842706 sequence=444.353185
[plan] step=301 node=N19456 type=observe q_pred_context=0.796533 sequence=445.149718
[plan] step=302 node=N19454 type=observe q_pred_context=0.799585 sequence=445.949303
[plan] step=303 node=N19452 type=observe q_pred_context=0.811079 sequence=446.760382
[plan] step=304 node=N9042 type=observe q_pred_context=0.929985 sequence=447.690367
[plan] step=305 node=N18796 type=observe q_pred_context=0.768345 sequence=448.458712
[plan] step=306 node=N18792 type=observe q_pred_context=0.745346 sequence=449.204059
[plan] step=307 node=N13060 type=observe q_pred_context=0.521449 sequence=449.725507
[plan] step=308 node=N13785 type=control1 q_pred_context=0.677718 sequence=450.403225
[plan] step=309 node=N19451 type=observe q_pred_context=0.514310 sequence=450.917535
[plan] step=310 node=N19449 type=observe q_pred_context=0.514305 sequence=451.431839
[plan] step=311 node=N7727 type=control1 q_pred_context=0.690722 sequence=452.122562
[plan] step=312 node=N2198 type=control1 q_pred_context=1.459931 sequence=453.582493
[plan] step=313 node=N14838 type=control0 q_pred_context=0.482970 sequence=454.065463
[plan] step=314 node=N2078 type=control1 q_pred_context=1.070574 sequence=455.136037
[plan] step=315 node=N30929 type=control0 q_pred_context=1.734219 sequence=456.870256
[plan] step=316 node=N2036 type=control1 q_pred_context=1.041668 sequence=457.911924
[plan] step=317 node=N7726 type=control1 q_pred_context=1.832878 sequence=459.744803
[plan] step=318 node=N13801 type=control1 q_pred_context=1.208236 sequence=460.953038
[plan] step=319 node=N13913 type=control1 q_pred_context=1.102852 sequence=462.055890
[plan] step=320 node=N13921 type=control1 q_pred_context=0.713798 sequence=462.769688
[plan] step=321 node=N30933 type=control0 q_pred_context=1.414585 sequence=464.184273
[plan] step=322 node=N7766 type=control1 q_pred_context=0.871657 sequence=465.055931
[plan] step=323 node=N30928 type=control0 q_pred_context=1.244877 sequence=466.300808
[plan] step=324 node=N2076 type=control1 q_pred_context=0.875708 sequence=467.176516
[plan] step=325 node=N29372 type=control0 q_pred_context=0.765591 sequence=467.942106
[plan] step=326 node=N13836 type=control1 q_pred_context=0.844055 sequence=468.786162
[plan] step=327 node=N30927 type=control0 q_pred_context=0.675946 sequence=469.462108
[plan] step=328 node=N2029 type=control1 q_pred_context=0.650690 sequence=470.112798
[plan] step=329 node=N2074 type=control1 q_pred_context=1.844745 sequence=471.957543
[plan] step=330 node=N30926 type=control0 q_pred_context=1.372652 sequence=473.330196
[plan] step=331 node=N13837 type=control1 q_pred_context=1.897708 sequence=475.227903
[plan] step=332 node=N30925 type=control0 q_pred_context=1.338028 sequence=476.565931
[plan] step=333 node=N30924 type=control0 q_pred_context=1.153584 sequence=477.719515
[plan] step=334 node=N7765 type=control1 q_pred_context=1.602703 sequence=479.322218
[plan] step=335 node=N30932 type=control0 q_pred_context=1.567063 sequence=480.889281
[plan] step=336 node=N30930 type=control0 q_pred_context=1.184035 sequence=482.073316
[plan] step=337 node=N30931 type=control0 q_pred_context=1.075710 sequence=483.149027
[plan] step=338 node=N7759 type=control1 q_pred_context=0.470711 sequence=483.619738
[plan] step=339 node=N19448 type=observe q_pred_context=0.681292 sequence=484.301029
[plan] step=340 node=N19447 type=observe q_pred_context=0.619014 sequence=484.920043
[plan] step=341 node=N1986 type=control1 q_pred_context=0.837897 sequence=485.757940
[plan] step=342 node=N19446 type=observe q_pred_context=0.681292 sequence=486.439232
[plan] step=343 node=N19436 type=observe q_pred_context=0.681305 sequence=487.120538
[plan] step=344 node=N18799 type=observe q_pred_context=0.681257 sequence=487.801795
[plan] step=345 node=N13749 type=observe q_pred_context=0.681254 sequence=488.483049
[plan] step=346 node=N13747 type=observe q_pred_context=0.681230 sequence=489.164279
[plan] step=347 node=N13745 type=observe q_pred_context=0.681246 sequence=489.845525
[plan] step=348 node=N1987 type=control1 q_pred_context=0.746404 sequence=490.591929
[plan] step=349 node=N13743 type=observe q_pred_context=0.681204 sequence=491.273132
[plan] step=350 node=N13741 type=observe q_pred_context=0.681233 sequence=491.954366
[plan] step=351 node=N13739 type=observe q_pred_context=0.681228 sequence=492.635594
[plan] step=352 node=N13757 type=observe q_pred_context=0.681047 sequence=493.316641
[plan] step=353 node=N13737 type=observe q_pred_context=0.681229 sequence=493.997870
[plan] step=354 node=N7711 type=control1 q_pred_context=0.692619 sequence=494.690489
[plan] step=355 node=N13735 type=observe q_pred_context=0.681203 sequence=495.371692
[plan] step=356 node=N13733 type=observe q_pred_context=0.681222 sequence=496.052913
[plan] step=357 node=N13731 type=observe q_pred_context=0.681214 sequence=496.734128
[plan] step=358 node=N13729 type=observe q_pred_context=0.681217 sequence=497.415345
[plan] step=359 node=N7690 type=control1 q_pred_context=0.691674 sequence=498.107019
[plan] step=360 node=N13559 type=observe q_pred_context=0.680896 sequence=498.787915
[plan] step=361 node=N13723 type=observe q_pred_context=0.681228 sequence=499.469143
[plan] step=362 node=N13531 type=observe q_pred_context=0.680901 sequence=500.150044
[plan] step=363 node=N13719 type=observe q_pred_context=0.681232 sequence=500.831277
[plan] step=364 node=N13721 type=observe q_pred_context=0.681221 sequence=501.512498
[plan] step=365 node=N13797 type=control1 q_pred_context=0.693785 sequence=502.206283
[plan] step=366 node=N13727 type=observe q_pred_context=0.681235 sequence=502.887518
[plan] step=367 node=N13511 type=observe q_pred_context=0.685336 sequence=503.572854
[plan] step=368 node=N13725 type=observe q_pred_context=0.681220 sequence=504.254075
[plan] step=369 node=N9041 type=observe q_pred_context=1.187826 sequence=505.441901
[plan] step=370 node=N3957 type=observe q_pred_context=0.740887 sequence=506.182788
[plan] step=371 node=N13499 type=observe q_pred_context=0.677839 sequence=506.860627
[plan] step=372 node=N19450 type=observe q_pred_context=0.761482 sequence=507.622109
[plan] step=373 node=N13717 type=observe q_pred_context=0.681224 sequence=508.303333
[plan] step=374 node=N7721 type=control1 q_pred_context=0.865645 sequence=509.168978
[plan] step=375 node=N3437 type=observe q_pred_context=0.734548 sequence=509.903526
[plan] step=376 node=N13497 type=observe q_pred_context=0.686648 sequence=510.590174
[plan] step=377 node=N18788 type=observe q_pred_context=0.997638 sequence=511.587812
[plan] step=378 node=N19358 type=control1 q_pred_context=0.690783 sequence=512.278594
[plan] step=379 node=N13715 type=observe q_pred_context=0.681232 sequence=512.959826
[plan] step=380 node=N13713 type=observe q_pred_context=0.702526 sequence=513.662352
[plan] step=381 node=N13711 type=observe q_pred_context=0.681288 sequence=514.343640
[plan] step=382 node=N13709 type=observe q_pred_context=0.722126 sequence=515.065765
[plan] step=383 node=N13495 type=observe q_pred_context=0.793067 sequence=515.858833
[plan] step=384 node=N7639 type=observe q_pred_context=0.788422 sequence=516.647254
[plan] step=385 node=N3777 type=observe q_pred_context=0.632511 sequence=517.279766
[plan] step=386 node=N2025 type=control1 q_pred_context=1.352766 sequence=518.632532
[plan] step=387 node=N13705 type=observe q_pred_context=0.681234 sequence=519.313766
[plan] step=388 node=N12405 type=observe q_pred_context=0.782545 sequence=520.096311
[plan] step=389 node=N13703 type=observe q_pred_context=0.809691 sequence=520.906002
[plan] step=390 node=N13066 type=observe q_pred_context=0.749238 sequence=521.655240
[plan] step=391 node=N13064 type=observe q_pred_context=0.880073 sequence=522.535313
[plan] step=392 node=N9513 type=observe q_pred_context=0.967896 sequence=523.503209
[plan] step=393 node=N13062 type=observe q_pred_context=1.060935 sequence=524.564144
[plan] step=394 node=N16473 type=control1 q_pred_context=1.117747 sequence=525.681891
[plan] step=395 node=N7725 type=control1 q_pred_context=1.108400 sequence=526.790291
[plan] step=396 node=N27585 type=control0 q_pred_context=1.283324 sequence=528.073615
[plan] step=397 node=N7512 type=observe q_pred_context=0.825122 sequence=528.898737
[plan] step=398 node=N27564 type=control0 q_pred_context=1.223960 sequence=530.122697
[plan] step=399 node=N14009 type=observe q_pred_context=2.228030 sequence=532.350727
[plan] step=400 node=N3429 type=observe q_pred_context=1.102502 sequence=533.453229
[plan] step=401 node=N7718 type=control1 q_pred_context=1.519074 sequence=534.972302
[plan] step=402 node=N27589 type=control0 q_pred_context=1.449164 sequence=536.421467
[plan] step=403 node=N27576 type=control0 q_pred_context=1.042177 sequence=537.463643
[plan] step=404 node=N27574 type=control0 q_pred_context=1.420553 sequence=538.884196
[plan] step=405 node=N29407 type=control1 q_pred_context=1.008658 sequence=539.892855
[plan] step=406 node=N26769 type=control0 q_pred_context=1.384597 sequence=541.277452
[plan] step=407 node=N26792 type=control0 q_pred_context=1.267100 sequence=542.544552
[plan] step=408 node=N3323 type=observe q_pred_context=0.895137 sequence=543.439689
[plan] step=409 node=N26775 type=control0 q_pred_context=1.154495 sequence=544.594184
[plan] step=410 node=N26782 type=control0 q_pred_context=1.197753 sequence=545.791937
[plan] step=411 node=N8937 type=observe q_pred_context=1.317947 sequence=547.109883
[plan] step=412 node=N3765 type=observe q_pred_context=0.838444 sequence=547.948327
[plan] step=413 node=N12615 type=observe q_pred_context=0.767700 sequence=548.716027
[plan] step=414 node=N26796 type=control0 q_pred_context=1.832209 sequence=550.548236
[plan] step=415 node=N26773 type=control0 q_pred_context=0.849617 sequence=551.397853
[plan] step=416 node=N26784 type=control0 q_pred_context=0.692077 sequence=552.089930
[plan] step=417 node=N31090 type=control1 q_pred_context=0.960870 sequence=553.050799
[plan] step=418 node=N26794 type=control0 q_pred_context=0.978376 sequence=554.029175
[plan] step=419 node=N15376 type=observe q_pred_context=0.833388 sequence=554.862563
[plan] step=420 node=N26788 type=control0 q_pred_context=1.007582 sequence=555.870145
[plan] step=421 node=N31077 type=control1 q_pred_context=0.841863 sequence=556.712008
[plan] step=422 node=N26790 type=control0 q_pred_context=0.938777 sequence=557.650785
[plan] step=423 node=N27551 type=control0 q_pred_context=1.100316 sequence=558.751101
[plan] step=424 node=N12335 type=observe q_pred_context=0.760008 sequence=559.511109
[plan] step=425 node=N26786 type=control0 q_pred_context=1.178791 sequence=560.689899
[plan] step=426 node=N26771 type=control0 q_pred_context=1.134254 sequence=561.824154
[plan] step=427 node=N31075 type=control1 q_pred_context=0.627814 sequence=562.451967
[plan] step=428 node=N26654 type=control0 q_pred_context=1.380835 sequence=563.832803
[plan] step=429 node=N18620 type=observe q_pred_context=0.673450 sequence=564.506253
[plan] step=430 node=N8821 type=observe q_pred_context=0.725155 sequence=565.231408
[plan] step=431 node=N18514 type=observe q_pred_context=1.675117 sequence=566.906525
[plan] step=432 node=N2038 type=control1 q_pred_context=1.162176 sequence=568.068701
[plan] step=433 node=N7892 type=observe q_pred_context=1.559311 sequence=569.628012
[plan] step=434 node=N27509 type=control0 q_pred_context=1.267980 sequence=570.895991
[plan] step=435 node=N13707 type=observe q_pred_context=0.783719 sequence=571.679711
[plan] step=436 node=N13701 type=observe q_pred_context=0.899888 sequence=572.579599
[plan] step=437 node=N13699 type=observe q_pred_context=0.814974 sequence=573.394572
[plan] step=438 node=N16703 type=control1 q_pred_context=0.881782 sequence=574.276354
[plan] step=439 node=N13697 type=observe q_pred_context=0.964916 sequence=575.241271
[plan] step=440 node=N13695 type=observe q_pred_context=0.981392 sequence=576.222663
[plan] step=441 node=N29579 type=control1 q_pred_context=0.762169 sequence=576.984831
[plan] step=442 node=N18874 type=observe q_pred_context=0.937838 sequence=577.922669
[plan] step=443 node=N13516 type=observe q_pred_context=0.933877 sequence=578.856546
[plan] step=444 node=N7673 type=observe q_pred_context=1.058530 sequence=579.915077
[plan] step=445 node=N29409 type=control1 q_pred_context=0.611833 sequence=580.526910
[plan] step=446 node=N13693 type=observe q_pred_context=0.986578 sequence=581.513488
[plan] step=447 node=N7671 type=observe q_pred_context=0.916992 sequence=582.430480
[plan] step=448 node=N31073 type=control1 q_pred_context=0.612902 sequence=583.043382
[plan] step=449 node=N29408 type=control1 q_pred_context=1.024596 sequence=584.067978
[plan] step=450 node=N31054 type=control1 q_pred_context=0.721377 sequence=584.789354
[plan] step=451 node=N20546 type=control1 q_pred_context=0.770445 sequence=585.559799
[plan] step=452 node=N13919 type=control1 q_pred_context=0.680629 sequence=586.240428
[plan] step=453 node=N13917 type=control1 q_pred_context=0.779853 sequence=587.020281
[plan] step=454 node=N13915 type=control1 q_pred_context=0.845862 sequence=587.866143
[plan] step=455 node=N13901 type=control1 q_pred_context=0.858840 sequence=588.724983
[plan] step=456 node=N13911 type=control1 q_pred_context=0.895038 sequence=589.620021
[plan] step=457 node=N13897 type=control1 q_pred_context=0.857289 sequence=590.477310
[plan] step=458 node=N13895 type=control1 q_pred_context=0.836850 sequence=591.314160
[plan] step=459 node=N13923 type=control1 q_pred_context=0.824955 sequence=592.139115
[plan] step=460 node=N1990 type=control1 q_pred_context=1.420389 sequence=593.559504
[plan] step=461 node=N7270 type=observe q_pred_context=0.841768 sequence=594.401272
[plan] step=462 node=N13891 type=control1 q_pred_context=0.565225 sequence=594.966497
[plan] step=463 node=N13930 type=control1 q_pred_context=0.766793 sequence=595.733290
[plan] step=464 node=N13788 type=control1 q_pred_context=1.299965 sequence=597.033256
[plan] step=465 node=N2023 type=control1 q_pred_context=1.042365 sequence=598.075620
[plan] step=466 node=N18532 type=observe q_pred_context=1.551831 sequence=599.627451
[plan] step=467 node=N12607 type=observe q_pred_context=0.805178 sequence=600.432629
[plan] step=468 node=N12465 type=observe q_pred_context=0.483778 sequence=600.916407
[plan] step=469 node=N19443 type=observe q_pred_context=0.822946 sequence=601.739353
[plan] step=470 node=N7445 type=observe q_pred_context=0.559626 sequence=602.298979
[plan] step=471 node=N12447 type=observe q_pred_context=0.791002 sequence=603.089981
[plan] step=472 node=N12399 type=observe q_pred_context=0.928568 sequence=604.018549
[plan] step=473 node=N12368 type=observe q_pred_context=0.964586 sequence=604.983135
[plan] step=474 node=N19439 type=observe q_pred_context=1.173326 sequence=606.156461
[plan] step=475 node=N3319 type=observe q_pred_context=0.840115 sequence=606.996576
[plan] step=476 node=N12325 type=observe q_pred_context=0.755848 sequence=607.752424
[plan] step=477 node=N12309 type=observe q_pred_context=0.838139 sequence=608.590562
[plan] step=478 node=N12293 type=observe q_pred_context=0.924586 sequence=609.515148
[plan] step=479 node=N12277 type=observe q_pred_context=0.984451 sequence=610.499599
[plan] step=480 node=N12229 type=observe q_pred_context=1.005991 sequence=611.505590
[plan] step=481 node=N12214 type=observe q_pred_context=0.931286 sequence=612.436876
[plan] step=482 node=N15368 type=observe q_pred_context=1.329370 sequence=613.766246
[plan] step=483 node=N19162 type=observe q_pred_context=1.220966 sequence=614.987212
[plan] step=484 node=N8144 type=observe q_pred_context=0.943082 sequence=615.930294
[plan] step=485 node=N19231 type=observe q_pred_context=0.657237 sequence=616.587531
[plan] step=486 node=N3856 type=observe q_pred_context=0.723443 sequence=617.310974
[plan] step=487 node=N18877 type=observe q_pred_context=0.709678 sequence=618.020652
[plan] step=488 node=N19835 type=observe q_pred_context=1.244213 sequence=619.264865
[plan] step=489 node=N12166 type=observe q_pred_context=1.079061 sequence=620.343926
[plan] step=490 node=N19320 type=observe q_pred_context=1.199552 sequence=621.543478
[plan] step=491 node=N14880 type=control1 q_pred_context=1.624064 sequence=623.167542
[plan] step=492 node=N12341 type=observe q_pred_context=0.585025 sequence=623.752567
[plan] step=493 node=N1989 type=control1 q_pred_context=1.277082 sequence=625.029648
[plan] step=494 node=N13426 type=observe q_pred_context=0.763633 sequence=625.793281
[plan] step=495 node=N7496 type=observe q_pred_context=0.612781 sequence=626.406062
[plan] step=496 node=N14004 type=observe q_pred_context=1.178180 sequence=627.584243
[plan] step=497 node=N9639 type=observe q_pred_context=1.190438 sequence=628.774681
[plan] step=498 node=N9593 type=observe q_pred_context=1.185305 sequence=629.959986
[plan] step=499 node=N9595 type=observe q_pred_context=1.220218 sequence=631.180204
[plan] step=500 node=N19878 type=observe q_pred_context=0.796537 sequence=631.976741
[plan] step=501 node=N13928 type=control1 q_pred_context=0.542158 sequence=632.518900
[plan] step=502 node=N7716 type=control1 q_pred_context=0.959806 sequence=633.478706
[plan] step=503 node=N13909 type=control1 q_pred_context=0.507547 sequence=633.986253
[plan] step=504 node=N13905 type=control1 q_pred_context=0.430869 sequence=634.417122
[plan] step=505 node=N13904 type=control1 q_pred_context=1.231681 sequence=635.648802
[plan] step=506 node=N13791 type=control1 q_pred_context=1.335992 sequence=636.984794
[plan] step=507 node=N12581 type=observe q_pred_context=0.573958 sequence=637.558752
[plan] step=508 node=N19221 type=observe q_pred_context=0.452839 sequence=638.011592
[plan] step=509 node=N12271 type=observe q_pred_context=0.542721 sequence=638.554312
[plan] step=510 node=N3318 type=observe q_pred_context=1.111652 sequence=639.665964
[plan] step=511 node=N18586 type=observe q_pred_context=1.102895 sequence=640.768860
[plan] step=512 node=N9599 type=observe q_pred_context=1.500580 sequence=642.269440
[plan] step=513 node=N19864 type=observe q_pred_context=0.929105 sequence=643.198545
[plan] step=514 node=N2247 type=observe q_pred_context=0.708020 sequence=643.906565
[plan] step=515 node=N7636 type=observe q_pred_context=0.694525 sequence=644.601090
[plan] step=516 node=N12257 type=observe q_pred_context=0.724687 sequence=645.325777
[plan] step=517 node=N19442 type=observe q_pred_context=1.016154 sequence=646.341930
[plan] step=518 node=N14036 type=observe q_pred_context=0.938881 sequence=647.280811
[plan] step=519 node=N3810 type=observe q_pred_context=1.143252 sequence=648.424063
[plan] step=520 node=N12463 type=observe q_pred_context=0.928558 sequence=649.352620
[plan] step=521 node=N7925 type=observe q_pred_context=0.776008 sequence=650.128628
[plan] step=522 node=N2698 type=observe q_pred_context=1.094936 sequence=651.223564
[plan] step=523 node=N2696 type=observe q_pred_context=1.139748 sequence=652.363312
[plan] step=524 node=N16818 type=control1 q_pred_context=0.887393 sequence=653.250705
[plan] step=525 node=N13789 type=control1 q_pred_context=1.851393 sequence=655.102098
[plan] step=526 node=N16014 type=control1 q_pred_context=1.329445 sequence=656.431544
[plan] step=527 node=N18447 type=observe q_pred_context=0.797030 sequence=657.228574
[plan] step=528 node=N27364 type=control1 q_pred_context=0.733939 sequence=657.962513
[plan] step=529 node=N14901 type=control1 q_pred_context=0.856789 sequence=658.819302
[plan] step=530 node=N16588 type=control1 q_pred_context=0.617389 sequence=659.436691
[plan] step=531 node=N12709 type=observe q_pred_context=0.784718 sequence=660.221410
[plan] step=532 node=N7717 type=control1 q_pred_context=0.654021 sequence=660.875430
[plan] step=533 node=N7722 type=control1 q_pred_context=1.632528 sequence=662.507959
[plan] step=534 node=N16760 type=control1 q_pred_context=0.740311 sequence=663.248269
[plan] step=535 node=N16245 type=control1 q_pred_context=1.315854 sequence=664.564123
[plan] step=536 node=N28802 type=control1 q_pred_context=0.739914 sequence=665.304038
[plan] step=537 node=N14145 type=observe q_pred_context=0.778580 sequence=666.082617
[plan] step=538 node=N9605 type=observe q_pred_context=1.146290 sequence=667.228907
[plan] step=539 node=N13979 type=observe q_pred_context=1.273261 sequence=668.502168
[plan] step=540 node=N7640 type=observe q_pred_context=1.556088 sequence=670.058256
[plan] step=541 node=N9591 type=observe q_pred_context=1.255383 sequence=671.313639
[plan] step=542 node=N25754 type=observe q_pred_context=0.938536 sequence=672.252175
[plan] step=543 node=N19440 type=observe q_pred_context=1.075075 sequence=673.327251
[plan] step=544 node=N2256 type=observe q_pred_context=0.553794 sequence=673.881045
[plan] step=545 node=N13152 type=observe q_pred_context=0.933612 sequence=674.814657
[plan] step=546 node=N31071 type=control1 q_pred_context=0.604857 sequence=675.419514
[plan] step=547 node=N2693 type=observe q_pred_context=1.180123 sequence=676.599638
[plan] step=548 node=N29574 type=control1 q_pred_context=1.156329 sequence=677.755967
[plan] step=549 node=N3829 type=observe q_pred_context=1.033217 sequence=678.789184
[plan] step=550 node=N3831 type=observe q_pred_context=1.276618 sequence=680.065802
[plan] step=551 node=N3821 type=observe q_pred_context=0.896672 sequence=680.962474
[plan] step=552 node=N2013 type=control1 q_pred_context=1.001898 sequence=681.964372
[plan] step=553 node=N3817 type=observe q_pred_context=0.941569 sequence=682.905941
[plan] step=554 node=N3845 type=observe q_pred_context=0.891422 sequence=683.797363
[plan] step=555 node=N3854 type=observe q_pred_context=1.148610 sequence=684.945973
[plan] step=556 node=N19319 type=observe q_pred_context=1.513832 sequence=686.459805
[plan] step=557 node=N9712 type=observe q_pred_context=1.633565 sequence=688.093370
[plan] step=558 node=N12357 type=observe q_pred_context=0.904125 sequence=688.997496
[plan] step=559 node=N8903 type=observe q_pred_context=1.678548 sequence=690.676043
[plan] step=560 node=N7944 type=observe q_pred_context=0.943742 sequence=691.619785
[plan] step=561 node=N19165 type=observe q_pred_context=1.520731 sequence=693.140516
[plan] step=562 node=N7924 type=observe q_pred_context=0.925487 sequence=694.066003
[plan] step=563 node=N7480 type=observe q_pred_context=0.963254 sequence=695.029257
[plan] step=564 node=N12547 type=observe q_pred_context=1.007971 sequence=696.037229
[plan] step=565 node=N7285 type=observe q_pred_context=0.907615 sequence=696.944843
[plan] step=566 node=N9611 type=observe q_pred_context=1.190973 sequence=698.135817
[plan] step=567 node=N12332 type=observe q_pred_context=0.855547 sequence=698.991364
[plan] step=568 node=N18537 type=observe q_pred_context=1.158831 sequence=700.150195
[plan] step=569 node=N18641 type=observe q_pred_context=0.885145 sequence=701.035340
[plan] step=570 node=N18011 type=observe q_pred_context=1.179285 sequence=702.214626
[plan] step=571 node=N7537 type=observe q_pred_context=1.200890 sequence=703.415516
[plan] step=572 node=N5157 type=observe q_pred_context=1.013781 sequence=704.429296
[plan] step=573 node=N14041 type=observe q_pred_context=1.135060 sequence=705.564356
[plan] step=574 node=N25757 type=observe q_pred_context=1.175850 sequence=706.740206
[plan] step=575 node=N12289 type=observe q_pred_context=0.921428 sequence=707.661634
[plan] step=576 node=N19317 type=observe q_pred_context=1.757302 sequence=709.418936
[plan] step=577 node=N12421 type=observe q_pred_context=0.892049 sequence=710.310985
[plan] step=578 node=N7448 type=observe q_pred_context=1.007842 sequence=711.318826
[plan] step=579 node=N9645 type=observe q_pred_context=1.675128 sequence=712.993955
[plan] step=580 node=N19834 type=observe q_pred_context=1.415274 sequence=714.409228
[plan] step=581 node=N10955 type=observe q_pred_context=1.010959 sequence=715.420187
[plan] step=582 node=N7397 type=observe q_pred_context=1.043206 sequence=716.463393
[plan] step=583 node=N12319 type=observe q_pred_context=1.023336 sequence=717.486730
[plan] step=584 node=N25742 type=observe q_pred_context=1.026906 sequence=718.513636
[plan] step=585 node=N6002 type=observe q_pred_context=0.863927 sequence=719.377562
[plan] step=586 node=N5978 type=observe q_pred_context=1.033793 sequence=720.411355
[plan] step=587 node=N13076 type=observe q_pred_context=0.822516 sequence=721.233871
[plan] step=588 node=N5954 type=observe q_pred_context=1.059400 sequence=722.293271
[plan] step=589 node=N5930 type=observe q_pred_context=1.440116 sequence=723.733387
[plan] step=590 node=N5906 type=observe q_pred_context=1.353938 sequence=725.087325
[plan] step=591 node=N5882 type=observe q_pred_context=1.441265 sequence=726.528589
[plan] step=592 node=N18488 type=observe q_pred_context=1.558168 sequence=728.086757
[plan] step=593 node=N12649 type=observe q_pred_context=1.886764 sequence=729.973522
[plan] step=594 node=N5858 type=observe q_pred_context=2.992673 sequence=732.966195
[plan] step=595 node=N18724 type=observe q_pred_context=2.355540 sequence=735.321735
[plan] step=596 node=N2870 type=observe q_pred_context=1.695298 sequence=737.017033
[plan] step=597 node=N14666 type=observe q_pred_context=1.476608 sequence=738.493641
[plan] step=598 node=N14143 type=observe q_pred_context=1.317386 sequence=739.811027
[plan] step=599 node=N19837 type=observe q_pred_context=1.475822 sequence=741.286849
[plan] step=600 node=N7932 type=observe q_pred_context=1.544394 sequence=742.831243
[plan] step=601 node=N14037 type=observe q_pred_context=1.133850 sequence=743.965093
[plan] step=602 node=N15370 type=observe q_pred_context=1.011817 sequence=744.976910
[plan] step=603 node=N19315 type=observe q_pred_context=1.578503 sequence=746.555413
[plan] step=604 node=N3379 type=observe q_pred_context=0.878572 sequence=747.433985
[plan] step=605 node=N13907 type=control1 q_pred_context=0.887019 sequence=748.321003
[plan] step=606 node=N30923 type=control0 q_pred_context=0.930532 sequence=749.251535
[plan] step=607 node=N27507 type=control0 q_pred_context=1.610238 sequence=750.861773
[plan] step=608 node=N29371 type=control0 q_pred_context=0.864268 sequence=751.726041
[plan] step=609 node=N20280 type=control0 q_pred_context=0.893244 sequence=752.619284
[plan] step=610 node=N29456 type=control0 q_pred_context=0.859380 sequence=753.478664
[plan] step=611 node=N3964 type=control0 q_pred_context=0.896538 sequence=754.375202
[plan] step=612 node=N26798 type=control0 q_pred_context=1.740931 sequence=756.116133
[plan] step=613 node=N29358 type=control1 q_pred_context=0.849021 sequence=756.965154
[plan] step=614 node=N14731 type=observe q_pred_context=1.592951 sequence=758.558105
[plan] step=615 node=N7945 type=observe q_pred_context=0.915826 sequence=759.473931
[plan] step=616 node=N16130 type=control1 q_pred_context=0.994472 sequence=760.468404
[plan] step=617 node=N16360 type=control1 q_pred_context=1.124205 sequence=761.592608
[plan] step=618 node=N9608 type=observe q_pred_context=1.100235 sequence=762.692843
[plan] step=619 node=N27250 type=observe q_pred_context=1.575785 sequence=764.268628
[plan] step=620 node=N15565 type=observe q_pred_context=1.649506 sequence=765.918134
[plan] step=621 node=N16645 type=control1 q_pred_context=0.724377 sequence=766.642511
[plan] step=622 node=N25244 type=observe q_pred_context=0.884540 sequence=767.527051
[plan] step=623 node=N7528 type=observe q_pred_context=0.897533 sequence=768.424585
[plan] step=624 node=N7381 type=observe q_pred_context=0.761775 sequence=769.186360
[plan] step=625 node=N12220 type=observe q_pred_context=0.788557 sequence=769.974917
[plan] step=626 node=N12683 type=observe q_pred_context=1.686216 sequence=771.661133
[plan] step=627 node=N12339 type=observe q_pred_context=1.182380 sequence=772.843512
[plan] step=628 node=N18695 type=observe q_pred_context=2.074626 sequence=774.918138
[plan] step=629 node=N18337 type=observe q_pred_context=2.471259 sequence=777.389397
[plan] step=630 node=N19322 type=observe q_pred_context=2.106632 sequence=779.496030
[plan] step=631 node=N3371 type=observe q_pred_context=1.085924 sequence=780.581954
[plan] step=632 node=N14042 type=observe q_pred_context=1.134632 sequence=781.716586
[plan] step=633 node=N12273 type=observe q_pred_context=1.675059 sequence=783.391645
[plan] step=634 node=N12453 type=observe q_pred_context=1.939353 sequence=785.330997
[plan] step=635 node=N7464 type=observe q_pred_context=1.601080 sequence=786.932077
[plan] step=636 node=N12209 type=observe q_pred_context=1.552262 sequence=788.484339
[plan] step=637 node=N7349 type=observe q_pred_context=1.631521 sequence=790.115860
[plan] step=638 node=N29573 type=control1 q_pred_context=1.408405 sequence=791.524265
[plan] step=639 node=N8083 type=observe q_pred_context=1.150030 sequence=792.674295
[plan] step=640 node=N3930 type=control1 q_pred_context=2.104503 sequence=794.778798
[plan] step=641 node=N9509 type=observe q_pred_context=2.543116 sequence=797.321914
[plan] step=642 node=N12316 type=observe q_pred_context=1.903275 sequence=799.225189
[plan] step=643 node=N25711 type=observe q_pred_context=1.947581 sequence=801.172770
[plan] step=644 node=N19836 type=observe q_pred_context=1.713329 sequence=802.886099
[plan] step=645 node=N14137 type=observe q_pred_context=1.513914 sequence=804.400014
[plan] step=646 node=N13976 type=observe q_pred_context=1.536218 sequence=805.936232
[plan] step=647 node=N18691 type=observe q_pred_context=1.869776 sequence=807.806008
[plan] step=648 node=N12751 type=observe q_pred_context=2.772801 sequence=810.578809
[plan] step=649 node=N19314 type=observe q_pred_context=2.479566 sequence=813.058376
[plan] step=650 node=N3794 type=observe q_pred_context=1.361954 sequence=814.420329
[plan] step=651 node=N3386 type=observe q_pred_context=1.157697 sequence=815.578026
[plan] step=652 node=N12502 type=observe q_pred_context=1.972634 sequence=817.550660
[plan] step=653 node=N14045 type=observe q_pred_context=1.543763 sequence=819.094423
[plan] step=654 node=N8128 type=observe q_pred_context=1.135017 sequence=820.229439
[plan] step=655 node=N7432 type=observe q_pred_context=1.018638 sequence=821.248078
[plan] step=656 node=N12239 type=observe q_pred_context=1.004782 sequence=822.252860
[plan] step=657 node=N18675 type=observe q_pred_context=0.996650 sequence=823.249509
[plan] step=658 node=N12437 type=observe q_pred_context=1.074167 sequence=824.323676
[plan] step=659 node=N12717 type=observe q_pred_context=1.987620 sequence=826.311296
[plan] step=660 node=N3798 type=observe q_pred_context=1.779071 sequence=828.090367
[plan] step=661 node=N3363 type=observe q_pred_context=1.300031 sequence=829.390398
[plan] step=662 node=N19321 type=observe q_pred_context=1.896501 sequence=831.286899
[plan] step=663 node=N3805 type=observe q_pred_context=1.493179 sequence=832.780078
[plan] step=664 node=N25224 type=observe q_pred_context=1.850310 sequence=834.630388
[plan] step=665 node=N7365 type=observe q_pred_context=1.620814 sequence=836.251202
[plan] step=666 node=N3690 type=observe q_pred_context=1.896777 sequence=838.147979
[plan] step=667 node=N12389 type=observe q_pred_context=1.780693 sequence=839.928673
[plan] step=668 node=N26106 type=control1 q_pred_context=3.504092 sequence=843.432764
[plan] step=669 node=N2146 type=control0 q_pred_context=1.016273 sequence=844.449038
[plan] step=670 node=N27502 type=control0 q_pred_context=3.885037 sequence=848.334074
[plan] step=671 node=N27496 type=control0 q_pred_context=3.244927 sequence=851.579001
[plan] step=672 node=N27500 type=control0 q_pred_context=2.535297 sequence=854.114298
[plan] step=673 node=N27498 type=control0 q_pred_context=2.129549 sequence=856.243847
[plan] step=674 node=N27494 type=control0 q_pred_context=1.951111 sequence=858.194958
[plan] step=675 node=N26648 type=control0 q_pred_context=1.916668 sequence=860.111626
[plan] step=676 node=N3775 type=observe q_pred_context=1.630301 sequence=861.741927
[plan] step=677 node=N27504 type=control0 q_pred_context=2.073106 sequence=863.815033
[plan] step=678 node=N26642 type=control0 q_pred_context=2.136874 sequence=865.951907
[plan] step=679 node=N18366 type=observe q_pred_context=2.606827 sequence=868.558734
[plan] step=680 node=N26644 type=control0 q_pred_context=2.653741 sequence=871.212475
[plan] step=681 node=N29501 type=observe q_pred_context=1.841415 sequence=873.053890
[plan] step=682 node=N14038 type=observe q_pred_context=1.604976 sequence=874.658866
[plan] step=683 node=N27506 type=control0 q_pred_context=2.279830 sequence=876.938696
[plan] step=684 node=N15372 type=observe q_pred_context=1.177667 sequence=878.116363
[plan] step=685 node=N26651 type=control0 q_pred_context=2.652966 sequence=880.769329
[plan] step=686 node=N12660 type=observe q_pred_context=1.480904 sequence=882.250233
[plan] step=687 node=N14141 type=observe q_pred_context=1.901194 sequence=884.151426
[plan] step=688 node=N26646 type=control0 q_pred_context=2.565174 sequence=886.716601
[plan] step=689 node=N7333 type=observe q_pred_context=1.436449 sequence=888.153050
[plan] step=690 node=N7259 type=observe q_pred_context=1.585220 sequence=889.738270
[plan] step=691 node=N26650 type=control0 q_pred_context=2.447782 sequence=892.186052
[plan] step=692 node=N25715 type=observe q_pred_context=1.942831 sequence=894.128883
[plan] step=693 node=N3347 type=observe q_pred_context=1.562290 sequence=895.691174
[plan] step=694 node=N29423 type=control0 q_pred_context=1.316937 sequence=897.008110
[plan] step=695 node=N27593 type=control0 q_pred_context=2.154354 sequence=899.162465
[plan] step=696 node=N29422 type=control0 q_pred_context=1.350889 sequence=900.513353
[plan] step=697 node=N27492 type=control0 q_pred_context=2.076464 sequence=902.589817
[plan] step=698 node=N18741 type=observe q_pred_context=2.714384 sequence=905.304201
[plan] step=699 node=N19323 type=observe q_pred_context=3.016791 sequence=908.320993
[plan] step=700 node=N26640 type=control0 q_pred_context=2.563487 sequence=910.884480
[plan] step=701 node=N12373 type=observe q_pred_context=3.572237 sequence=914.456717
[plan] step=702 node=N8133 type=observe q_pred_context=1.690164 sequence=916.146881
[plan] step=703 node=N18405 type=observe q_pred_context=1.845684 sequence=917.992565
[plan] step=704 node=N29124 type=control0 q_pred_context=0.944980 sequence=918.937545
[plan] step=705 node=N29040 type=control0 q_pred_context=1.004406 sequence=919.941951
[plan] step=706 node=N12167 type=control0 q_pred_context=1.109590 sequence=921.051541
[plan] step=707 node=N26800 type=control0 q_pred_context=2.407390 sequence=923.458932
[plan] step=708 node=N27595 type=control0 q_pred_context=1.872157 sequence=925.331088
[plan] step=709 node=N12288 type=observe q_pred_context=4.390801 sequence=929.721889
[plan] step=710 node=N12255 type=observe q_pred_context=2.776923 sequence=932.498812
[plan] step=711 node=N12524 type=observe q_pred_context=1.796867 sequence=934.295680
[plan] step=712 node=N26464 type=observe q_pred_context=1.666091 sequence=935.961771
[plan] step=713 node=N3355 type=observe q_pred_context=1.423495 sequence=937.385266
[plan] step=714 node=N7301 type=observe q_pred_context=0.969764 sequence=938.355031
[plan] step=715 node=N7243 type=observe q_pred_context=1.010324 sequence=939.365355
[plan] step=716 node=N19318 type=observe q_pred_context=2.496871 sequence=941.862226
[plan] step=717 node=N18658 type=observe q_pred_context=1.382527 sequence=943.244753
[plan] step=718 node=N22049 type=observe q_pred_context=1.897102 sequence=945.141855
[plan] step=719 node=N14146 type=observe q_pred_context=0.993474 sequence=946.135329
[plan] step=720 node=N18432 type=observe q_pred_context=1.240978 sequence=947.376306
[plan] step=721 node=N25714 type=observe q_pred_context=1.392911 sequence=948.769218
[plan] step=722 node=N15506 type=observe q_pred_context=1.952821 sequence=950.722039
[plan] step=723 node=N24576 type=observe q_pred_context=1.270392 sequence=951.992431
[plan] step=724 node=N12268 type=observe q_pred_context=0.919301 sequence=952.911732
[plan] step=725 node=N15501 type=observe q_pred_context=2.143597 sequence=955.055329
[plan] step=726 node=N12528 type=observe q_pred_context=1.892939 sequence=956.948268
[plan] step=727 node=N19324 type=observe q_pred_context=2.175100 sequence=959.123367
[plan] step=728 node=N15518 type=observe q_pred_context=2.208124 sequence=961.331491
[plan] step=729 node=N3826 type=observe q_pred_context=1.421844 sequence=962.753335
[plan] step=730 node=N3332 type=observe q_pred_context=1.416005 sequence=964.169340
[plan] step=731 node=N10957 type=observe q_pred_context=1.616050 sequence=965.785390
[plan] step=732 node=N8132 type=observe q_pred_context=1.541751 sequence=967.327141
[plan] step=733 node=N9550 type=observe q_pred_context=2.359671 sequence=969.686812
[plan] step=734 node=N12451 type=observe q_pred_context=1.449669 sequence=971.136481
[plan] step=735 node=N15510 type=observe q_pred_context=3.989833 sequence=975.126314
[plan] step=736 node=N7211 type=observe q_pred_context=2.194684 sequence=977.320998
[plan] step=737 node=N12236 type=observe q_pred_context=1.879220 sequence=979.200217
[plan] step=738 node=N18417 type=observe q_pred_context=2.425075 sequence=981.625293
[plan] step=739 node=N12508 type=observe q_pred_context=2.997870 sequence=984.623163
[plan] step=740 node=N7548 type=observe q_pred_context=2.569138 sequence=987.192301
[plan] step=741 node=N12387 type=observe q_pred_context=1.728635 sequence=988.920936
[plan] step=742 node=N14138 type=observe q_pred_context=1.843096 sequence=990.764032
[plan] step=743 node=N8124 type=observe q_pred_context=1.197326 sequence=991.961357
[plan] step=744 node=N9624 type=observe q_pred_context=1.983787 sequence=993.945145
[plan] step=745 node=N19326 type=observe q_pred_context=1.839770 sequence=995.784915
[plan] step=746 node=N12303 type=observe q_pred_context=1.198813 sequence=996.983728
[plan] step=747 node=N6026 type=observe q_pred_context=2.022544 sequence=999.006272
[plan] step=748 node=N18389 type=observe q_pred_context=1.931543 sequence=1000.937815
[plan] step=749 node=N12553 type=observe q_pred_context=1.928983 sequence=1002.866798
[plan] step=750 node=N7227 type=observe q_pred_context=1.473126 sequence=1004.339924
[plan] step=751 node=N12403 type=observe q_pred_context=2.103285 sequence=1006.443209
[plan] step=752 node=N3325 type=observe q_pred_context=1.859815 sequence=1008.303024
[plan] step=753 node=N7179 type=observe q_pred_context=1.519251 sequence=1009.822275
[plan] step=754 node=N12300 type=observe q_pred_context=1.493268 sequence=1011.315543
[plan] step=755 node=N18354 type=observe q_pred_context=1.351757 sequence=1012.667300
[plan] step=756 node=N15493 type=observe q_pred_context=2.466236 sequence=1015.133537
[plan] step=757 node=N9554 type=observe q_pred_context=2.415169 sequence=1017.548706
[plan] step=758 node=N7778 type=control1 q_pred_context=1.216605 sequence=1018.765311
[plan] step=759 node=N26684 type=control0 q_pred_context=2.257657 sequence=1021.022968
[plan] step=760 node=N31121 type=control0 q_pred_context=1.253027 sequence=1022.275995
[plan] step=761 node=N12355 type=observe q_pred_context=0.796876 sequence=1023.072871
[plan] step=762 node=N14142 type=observe q_pred_context=1.292869 sequence=1024.365741
[plan] step=763 node=N12504 type=observe q_pred_context=1.698553 sequence=1026.064294
[plan] step=764 node=N8140 type=observe q_pred_context=1.388849 sequence=1027.453143
[plan] step=765 node=N19246 type=observe q_pred_context=2.026272 sequence=1029.479414
[plan] step=766 node=N12284 type=observe q_pred_context=1.449536 sequence=1030.928950
[plan] step=767 node=N7163 type=observe q_pred_context=1.277213 sequence=1032.206162
[plan] step=768 node=N18420 type=observe q_pred_context=1.276400 sequence=1033.482563
[plan] step=769 node=N15514 type=observe q_pred_context=2.327725 sequence=1035.810288
[plan] step=770 node=N12371 type=observe q_pred_context=1.038417 sequence=1036.848705
[plan] step=771 node=N3394 type=observe q_pred_context=1.488861 sequence=1038.337566
[plan] step=772 node=N12519 type=observe q_pred_context=2.270407 sequence=1040.607973
[plan] step=773 node=N25232 type=observe q_pred_context=1.979618 sequence=1042.587591
[plan] step=774 node=N7147 type=observe q_pred_context=1.285604 sequence=1043.873195
[plan] step=775 node=N12223 type=observe q_pred_context=1.351171 sequence=1045.224365
[plan] step=776 node=N14140 type=observe q_pred_context=1.226701 sequence=1046.451066
[plan] step=777 node=N19248 type=observe q_pred_context=1.702364 sequence=1048.153430
[plan] step=778 node=N8135 type=observe q_pred_context=1.278271 sequence=1049.431701
[plan] step=779 node=N13454 type=observe q_pred_context=1.774677 sequence=1051.206378
[plan] step=780 node=N18419 type=observe q_pred_context=1.788775 sequence=1052.995153
[plan] step=781 node=N12562 type=observe q_pred_context=2.307752 sequence=1055.302905
[plan] step=782 node=N3486 type=observe q_pred_context=2.114799 sequence=1057.417704
[plan] step=783 node=N12252 type=observe q_pred_context=2.263943 sequence=1059.681647
[plan] step=784 node=N3793 type=observe q_pred_context=1.347426 sequence=1061.029073
[plan] step=785 node=N14149 type=observe q_pred_context=1.104364 sequence=1062.133437
[plan] step=786 node=N9525 type=observe q_pred_context=1.666681 sequence=1063.800118
[plan] step=787 node=N19254 type=observe q_pred_context=1.543681 sequence=1065.343798
[plan] step=788 node=N15477 type=observe q_pred_context=1.853762 sequence=1067.197560
[plan] step=789 node=N18434 type=observe q_pred_context=2.309583 sequence=1069.507143
[plan] step=790 node=N3478 type=observe q_pred_context=1.872698 sequence=1071.379841
[plan] step=791 node=N12587 type=observe q_pred_context=2.510860 sequence=1073.890701
[plan] step=792 node=N8130 type=observe q_pred_context=2.654524 sequence=1076.545225
[plan] step=793 node=N19253 type=observe q_pred_context=1.779138 sequence=1078.324363
[plan] step=794 node=N2695 type=observe q_pred_context=1.633052 sequence=1079.957415
[plan] step=795 node=N26639 type=control0 q_pred_context=3.077914 sequence=1083.035329
[plan] step=796 node=N18371 type=observe q_pred_context=1.284207 sequence=1084.319536
[plan] step=797 node=N7213 type=observe q_pred_context=1.213335 sequence=1085.532871
[plan] step=798 node=N22042 type=observe q_pred_context=2.235266 sequence=1087.768138
[plan] step=799 node=N14148 type=observe q_pred_context=1.000987 sequence=1088.769124
[plan] step=800 node=N3496 type=observe q_pred_context=1.162153 sequence=1089.931277
[plan] step=801 node=N12665 type=observe q_pred_context=1.667341 sequence=1091.598618
[plan] step=802 node=N19251 type=observe q_pred_context=1.534827 sequence=1093.133445
[plan] step=803 node=N8125 type=observe q_pred_context=1.441884 sequence=1094.575330
[plan] step=804 node=N18305 type=observe q_pred_context=2.036577 sequence=1096.611907
[plan] step=805 node=N3470 type=observe q_pred_context=1.729280 sequence=1098.341187
[plan] step=806 node=N10965 type=observe q_pred_context=1.202677 sequence=1099.543863
[plan] step=807 node=N7446 type=observe q_pred_context=1.482048 sequence=1101.025911
[plan] step=808 node=N12663 type=observe q_pred_context=2.377694 sequence=1103.403605
[plan] step=809 node=N19250 type=observe q_pred_context=1.984340 sequence=1105.387945
[plan] step=810 node=N14151 type=observe q_pred_context=1.033748 sequence=1106.421693
[plan] step=811 node=N18449 type=observe q_pred_context=1.697807 sequence=1108.119500
[plan] step=812 node=N3408 type=observe q_pred_context=1.350271 sequence=1109.469771
[plan] step=813 node=N15535 type=observe q_pred_context=2.095138 sequence=1111.564909
[plan] step=814 node=N8122 type=observe q_pred_context=1.644483 sequence=1113.209391
[plan] step=815 node=N12654 type=observe q_pred_context=2.213884 sequence=1115.423276
[plan] step=816 node=N19249 type=observe q_pred_context=1.877701 sequence=1117.300977
[plan] step=817 node=N15573 type=observe q_pred_context=2.325149 sequence=1119.626127
[plan] step=818 node=N2694 type=observe q_pred_context=1.485761 sequence=1121.111888
[plan] step=819 node=N7261 type=observe q_pred_context=1.131698 sequence=1122.243586
[plan] step=820 node=N12168 type=observe q_pred_context=1.995458 sequence=1124.239044
[plan] step=821 node=N3445 type=observe q_pred_context=1.147925 sequence=1125.386969
[plan] step=822 node=N18437 type=observe q_pred_context=0.958621 sequence=1126.345590
[plan] step=823 node=N19245 type=observe q_pred_context=1.394864 sequence=1127.740455
[plan] step=824 node=N12622 type=observe q_pred_context=1.696026 sequence=1129.436481
[plan] step=825 node=N2692 type=observe q_pred_context=1.197684 sequence=1130.634165
[plan] step=826 node=N14150 type=observe q_pred_context=0.980985 sequence=1131.615149
[plan] step=827 node=N3422 type=observe q_pred_context=1.264531 sequence=1132.879681
[plan] step=828 node=N8142 type=observe q_pred_context=1.384370 sequence=1134.264051
[plan] step=829 node=N15552 type=observe q_pred_context=2.078689 sequence=1136.342740
[plan] step=830 node=N18385 type=observe q_pred_context=2.196657 sequence=1138.539397
[plan] step=831 node=N19244 type=observe q_pred_context=2.048987 sequence=1140.588384
[plan] step=832 node=N14147 type=observe q_pred_context=0.930582 sequence=1141.518965
[plan] step=833 node=N29458 type=control0 q_pred_context=0.854738 sequence=1142.373704
[plan] step=834 node=N27490 type=control0 q_pred_context=2.227281 sequence=1144.600985
[plan] step=835 node=N12628 type=observe q_pred_context=1.529552 sequence=1146.130537
[plan] step=836 node=N3415 type=observe q_pred_context=1.368965 sequence=1147.499502
[plan] step=837 node=N3383 type=observe q_pred_context=1.331327 sequence=1148.830829
[plan] step=838 node=N18368 type=observe q_pred_context=1.581092 sequence=1150.411921
[plan] step=839 node=N3375 type=observe q_pred_context=1.465347 sequence=1151.877268
[plan] step=840 node=N3367 type=observe q_pred_context=1.505587 sequence=1153.382855
[plan] step=841 node=N28847 type=control0 q_pred_context=2.632156 sequence=1156.015011
[plan] step=842 node=N16530 type=control1 q_pred_context=0.891904 sequence=1156.906915
[plan] step=843 node=N26691 type=control0 q_pred_context=1.971582 sequence=1158.878498
[plan] step=844 node=N5124 type=control0 q_pred_context=1.622626 sequence=1160.501124
[plan] step=845 node=N8001 type=observe q_pred_context=5.121948 sequence=1165.623072
[plan] step=846 node=N5738 type=observe q_pred_context=1.365070 sequence=1166.988142
[plan] step=847 node=N5690 type=observe q_pred_context=1.829106 sequence=1168.817249
[plan] step=848 node=N22388 type=control0 q_pred_context=0.875927 sequence=1169.693176
[plan] step=849 node=N22385 type=control0 q_pred_context=0.814176 sequence=1170.507353
[plan] step=850 node=N22392 type=control0 q_pred_context=0.865726 sequence=1171.373079
[plan] step=851 node=N22477 type=control0 q_pred_context=0.820707 sequence=1172.193786
[plan] step=852 node=N27599 type=control0 q_pred_context=2.278459 sequence=1174.472245
[plan] step=853 node=N26261 type=control0 q_pred_context=1.921333 sequence=1176.393578
[plan] step=854 node=N29687 type=control0 q_pred_context=0.806686 sequence=1177.200264
[plan] step=855 node=N27792 type=control0 q_pred_context=0.849586 sequence=1178.049850
[plan] step=856 node=N31125 type=control0 q_pred_context=2.414356 sequence=1180.464206
[plan] step=857 node=N27027 type=control1 q_pred_context=0.834346 sequence=1181.298551
[plan] step=858 node=N8947 type=control1 q_pred_context=0.895715 sequence=1182.194267
[plan] step=859 node=N29528 type=control0 q_pred_context=0.848196 sequence=1183.042463
[plan] step=860 node=N26678 type=control0 q_pred_context=2.558430 sequence=1185.600893
[plan] step=861 node=N16417 type=control1 q_pred_context=0.772319 sequence=1186.373212
[plan] step=862 node=N26266 type=control0 q_pred_context=2.155126 sequence=1188.528338
[plan] step=863 node=N26275 type=control0 q_pred_context=1.806280 sequence=1190.334618
[plan] step=864 node=N16187 type=control1 q_pred_context=0.730052 sequence=1191.064670
[plan] step=865 node=N27488 type=control0 q_pred_context=1.703634 sequence=1192.768304
[plan] step=866 node=N29427 type=control0 q_pred_context=1.366191 sequence=1194.134495
[plan] step=867 node=N26175 type=control0 q_pred_context=1.558349 sequence=1195.692844
[plan] step=868 node=N27673 type=control1 q_pred_context=1.286445 sequence=1196.979289
[plan] step=869 node=N27601 type=control0 q_pred_context=1.599538 sequence=1198.578827
[plan] step=870 node=N8138 type=observe q_pred_context=0.997468 sequence=1199.576295
[plan] step=871 node=N19280 type=observe q_pred_context=1.188180 sequence=1200.764475
[plan] step=872 node=N12618 type=observe q_pred_context=1.712561 sequence=1202.477036
[plan] step=873 node=N15539 type=observe q_pred_context=1.595569 sequence=1204.072605
[plan] step=874 node=N3458 type=observe q_pred_context=1.168489 sequence=1205.241094
[plan] step=875 node=N3359 type=observe q_pred_context=1.241827 sequence=1206.482920
[plan] step=876 node=N3351 type=observe q_pred_context=1.298362 sequence=1207.781282
[plan] step=877 node=N12616 type=observe q_pred_context=1.237554 sequence=1209.018836
[plan] step=878 node=N7699 type=control1 q_pred_context=1.286038 sequence=1210.304874
[plan] step=879 node=N18402 type=observe q_pred_context=1.867638 sequence=1212.172512
[plan] step=880 node=N2262 type=observe q_pred_context=1.436980 sequence=1213.609492
[plan] step=881 node=N19328 type=observe q_pred_context=1.440109 sequence=1215.049601
[plan] step=882 node=N12522 type=observe q_pred_context=2.075950 sequence=1217.125551
[plan] step=883 node=N3343 type=observe q_pred_context=1.265471 sequence=1218.391022
[plan] step=884 node=N15945 type=control1 q_pred_context=0.817890 sequence=1219.208912
[plan] step=885 node=N2114 type=control1 q_pred_context=1.502949 sequence=1220.711860
[plan] step=886 node=N29356 type=control1 q_pred_context=1.401251 sequence=1222.113112
[plan] step=887 node=N28915 type=control0 q_pred_context=0.744834 sequence=1222.857946
[plan] step=888 node=N29369 type=control0 q_pred_context=0.750214 sequence=1223.608159
[plan] step=889 node=N27894 type=control0 q_pred_context=2.166996 sequence=1225.775155
[plan] step=890 node=N26100 type=control1 q_pred_context=0.727909 sequence=1226.503064
[plan] step=891 node=N8925 type=control1 q_pred_context=2.183478 sequence=1228.686542
[plan] step=892 node=N29499 type=control1 q_pred_context=1.057807 sequence=1229.744349
[plan] step=893 node=N26102 type=control1 q_pred_context=0.744354 sequence=1230.488703
[plan] step=894 node=N26104 type=control1 q_pred_context=0.556592 sequence=1231.045295
[plan] step=895 node=N26056 type=control1 q_pred_context=0.510609 sequence=1231.555904
[plan] step=896 node=N8141 type=observe q_pred_context=0.838215 sequence=1232.394119
[plan] step=897 node=N21846 type=observe q_pred_context=0.986948 sequence=1233.381067
[plan] step=898 node=N3931 type=control1 q_pred_context=0.788594 sequence=1234.169661
[plan] step=899 node=N25261 type=observe q_pred_context=0.779122 sequence=1234.948783
[plan] step=900 node=N29439 type=observe q_pred_context=0.806805 sequence=1235.755589
[plan] step=901 node=N14152 type=observe q_pred_context=0.783987 sequence=1236.539576
[plan] step=902 node=N18451 type=observe q_pred_context=1.073552 sequence=1237.613127
[plan] step=903 node=N3401 type=observe q_pred_context=0.959932 sequence=1238.573059
[plan] step=904 node=N19277 type=observe q_pred_context=0.842510 sequence=1239.415568
[plan] step=905 node=N12518 type=observe q_pred_context=1.529130 sequence=1240.944698
[plan] step=906 node=N14136 type=observe q_pred_context=0.983545 sequence=1241.928243
[plan] step=907 node=N26011 type=control0 q_pred_context=0.808613 sequence=1242.736856
[plan] step=908 node=N28849 type=control0 q_pred_context=1.785804 sequence=1244.522660
[plan] step=909 node=N8121 type=observe q_pred_context=0.852784 sequence=1245.375443
[plan] step=910 node=N2248 type=observe q_pred_context=1.055640 sequence=1246.431083
[plan] step=911 node=N3298 type=observe q_pred_context=1.081879 sequence=1247.512963
[plan] step=912 node=N18319 type=observe q_pred_context=1.560213 sequence=1249.073175
[plan] step=913 node=N28807 type=control0 q_pred_context=0.940913 sequence=1250.014088
[plan] step=914 node=N16435 type=control0 q_pred_context=0.770463 sequence=1250.784551
[plan] step=915 node=N16507 type=control0 q_pred_context=0.928309 sequence=1251.712861
[plan] step=916 node=N16502 type=control0 q_pred_context=0.880519 sequence=1252.593379
[plan] step=917 node=N13456 type=observe q_pred_context=1.751556 sequence=1254.344935
[plan] step=918 node=N16517 type=control0 q_pred_context=0.837211 sequence=1255.182146
[plan] step=919 node=N19241 type=observe q_pred_context=1.158434 sequence=1256.340580
[plan] step=920 node=N16685 type=control0 q_pred_context=0.823879 sequence=1257.164459
[plan] step=921 node=N12550 type=observe q_pred_context=1.469924 sequence=1258.634383
[plan] step=922 node=N16700 type=control0 q_pred_context=0.838914 sequence=1259.473297
[plan] step=923 node=N16527 type=control0 q_pred_context=0.859078 sequence=1260.332375
[plan] step=924 node=N7933 type=observe q_pred_context=1.636325 sequence=1261.968700
[plan] step=925 node=N16695 type=control0 q_pred_context=0.828203 sequence=1262.796903
[plan] step=926 node=N16690 type=control0 q_pred_context=0.753682 sequence=1263.550585
[plan] step=927 node=N19841 type=observe q_pred_context=1.396056 sequence=1264.946641
[plan] step=928 node=N3808 type=observe q_pred_context=0.938654 sequence=1265.885295
[plan] step=929 node=N3806 type=observe q_pred_context=1.323136 sequence=1267.208431
[plan] step=930 node=N5318 type=observe q_pred_context=1.100691 sequence=1268.309122
[plan] step=931 node=N19275 type=observe q_pred_context=1.392632 sequence=1269.701754
[plan] step=932 node=N8139 type=observe q_pred_context=0.975688 sequence=1270.677442
[plan] step=933 node=N12560 type=observe q_pred_context=1.362746 sequence=1272.040188
[plan] step=934 node=N16465 type=control0 q_pred_context=0.741207 sequence=1272.781395
[plan] step=935 node=N27303 type=observe q_pred_context=1.203015 sequence=1273.984410
[plan] step=936 node=N16460 type=control0 q_pred_context=0.676142 sequence=1274.660553
[plan] step=937 node=N19274 type=observe q_pred_context=1.158981 sequence=1275.819533
[plan] step=938 node=N5894 type=observe q_pred_context=0.923476 sequence=1276.743009
[plan] step=939 node=N14139 type=observe q_pred_context=1.083064 sequence=1277.826073
[plan] step=940 node=N15559 type=observe q_pred_context=0.976685 sequence=1278.802758
[plan] step=941 node=N12595 type=observe q_pred_context=0.625143 sequence=1279.427901
[plan] step=942 node=N16512 type=control0 q_pred_context=0.683890 sequence=1280.111791
[plan] step=943 node=N8137 type=observe q_pred_context=0.830166 sequence=1280.941956
[plan] step=944 node=N16680 type=control0 q_pred_context=0.555970 sequence=1281.497926
[plan] step=945 node=N19855 type=observe q_pred_context=0.907107 sequence=1282.405033
[plan] step=946 node=N16665 type=control0 q_pred_context=0.547071 sequence=1282.952104
[plan] step=947 node=N15555 type=observe q_pred_context=0.797999 sequence=1283.750103
[plan] step=948 node=N16497 type=control0 q_pred_context=0.518682 sequence=1284.268785
[plan] step=949 node=N15543 type=observe q_pred_context=0.693696 sequence=1284.962482
[plan] step=950 node=N16440 type=control0 q_pred_context=0.544678 sequence=1285.507160
[plan] step=951 node=N16675 type=control0 q_pred_context=0.582031 sequence=1286.089191
[plan] step=952 node=N19271 type=observe q_pred_context=0.954491 sequence=1287.043683
[plan] step=953 node=N25326 type=observe q_pred_context=0.951289 sequence=1287.994971
[plan] step=954 node=N19840 type=observe q_pred_context=0.947099 sequence=1288.942071
[plan] step=955 node=N5966 type=observe q_pred_context=1.558624 sequence=1290.500695
[plan] step=956 node=N12597 type=observe q_pred_context=1.103559 sequence=1291.604254
[plan] step=957 node=N19272 type=observe q_pred_context=0.996755 sequence=1292.601008
[plan] step=958 node=N3335 type=observe q_pred_context=1.689191 sequence=1294.290199
[plan] step=959 node=N5918 type=observe q_pred_context=1.975448 sequence=1296.265647
[plan] step=960 node=N29612 type=observe q_pred_context=0.740769 sequence=1297.006417
[plan] step=961 node=N26060 type=control0 q_pred_context=0.507792 sequence=1297.514209
[plan] step=962 node=N25733 type=observe q_pred_context=0.791429 sequence=1298.305637
[plan] step=963 node=N26057 type=control0 q_pred_context=1.361133 sequence=1299.666771
[plan] step=964 node=N26124 type=control1 q_pred_context=0.723607 sequence=1300.390378
[plan] step=965 node=N8136 type=observe q_pred_context=0.821114 sequence=1301.211492
[plan] step=966 node=N29599 type=observe q_pred_context=1.112162 sequence=1302.323654
[plan] step=967 node=N12556 type=observe q_pred_context=1.210772 sequence=1303.534427
[plan] step=968 node=N19268 type=observe q_pred_context=1.238438 sequence=1304.772865
[plan] step=969 node=N5606 type=observe q_pred_context=1.106859 sequence=1305.879724
[plan] step=970 node=N26453 type=observe q_pred_context=1.220167 sequence=1307.099891
[plan] step=971 node=N19869 type=observe q_pred_context=1.012864 sequence=1308.112756
[plan] step=972 node=N26466 type=observe q_pred_context=1.147273 sequence=1309.260029
[plan] step=973 node=N26475 type=observe q_pred_context=0.532963 sequence=1309.792992
[plan] step=974 node=N12594 type=observe q_pred_context=0.663670 sequence=1310.456662
[plan] step=975 node=N26110 type=control1 q_pred_context=0.543245 sequence=1310.999907
[plan] step=976 node=N19269 type=observe q_pred_context=0.941343 sequence=1311.941250
[plan] step=977 node=N8129 type=observe q_pred_context=0.969361 sequence=1312.910611
[plan] step=978 node=N26462 type=observe q_pred_context=1.241614 sequence=1314.152225
[plan] step=979 node=N5990 type=observe q_pred_context=1.008146 sequence=1315.160371
[plan] step=980 node=N9581 type=observe q_pred_context=0.833016 sequence=1315.993387
[plan] step=981 node=N16522 type=control0 q_pred_context=0.579099 sequence=1316.572485
[plan] step=982 node=N12590 type=observe q_pred_context=1.027847 sequence=1317.600332
[plan] step=983 node=N19267 type=observe q_pred_context=1.075163 sequence=1318.675495
[plan] step=984 node=N19574 type=observe q_pred_context=0.520533 sequence=1319.196028
[plan] step=985 node=N16492 type=control0 q_pred_context=0.495449 sequence=1319.691476
[plan] step=986 node=N5893 type=observe q_pred_context=0.930949 sequence=1320.622426
[plan] step=987 node=N1889 type=observe q_pred_context=0.981021 sequence=1321.603446
[plan] step=988 node=N16450 type=control0 q_pred_context=0.510238 sequence=1322.113684
[plan] step=989 node=N1887 type=observe q_pred_context=1.074028 sequence=1323.187712
[plan] step=990 node=N1885 type=observe q_pred_context=1.559141 sequence=1324.746853
[plan] step=991 node=N1883 type=observe q_pred_context=1.742430 sequence=1326.489283
[plan] step=992 node=N1881 type=observe q_pred_context=1.782343 sequence=1328.271626
[plan] step=993 node=N1879 type=observe q_pred_context=1.791944 sequence=1330.063569
[plan] step=994 node=N1875 type=observe q_pred_context=1.769866 sequence=1331.833435
saved=autoresearch/loop-260718-0223/round15_winner_five/b17_C/plans/iscas99__b17__greedy__cumulative__q_pred_context__bw1__d1__c64__g1p0__candhard_fault_cluster__div0p0__s0.csv
