new_n83301_ /1 undetected
__buf_split_37790->new_n83300_ /1 undetected
test_en->__tpi_cp_13___buf_split_37791 /0 undetected
__buf_split_37791 /0 undetected
__buf_split_37778 /1 undetected
new_n83283_->__tpi_cp_4_new_n83283_ /0 undetected
new_n61176_->__tpi_cp_8_new_n61176_ /0 undetected
ys__n17526->__tpi_cp_5_ys__n17526 /0 undetected
new_n50751_->__tpi_cp_16_new_n50751_ /0 undetected
__buf_split_15426 /1 undetected
new_n50734_ /1 undetected
new_n50732_ /1 undetected
new_n50730_ /1 undetected
__buf_split_15409 /1 undetected
__buf_split_15408 /1 undetected
__buf_split_15410 /1 undetected
test_en->__tpi_cp_17___buf_split_13992 /0 undetected
__tpi_cp_17___buf_split_13992 /1 undetected
__buf_split_13992 /0 undetected
__buf_split_13984 /0 undetected
new_n50722_->__tpi_cp_7_new_n50722_ /0 undetected
__buf_split_15399 /0 undetected
test_en->__tpi_cp_18_new_n48574_ /0 undetected
test_en->__tpi_cp_11_new_n48573_ /0 undetected
new_n48571_->new_n48572_ /1 undetected
new_n48572_ /1 undetected
__buf_split_13989 /1 undetected
__buf_split_13990 /1 undetected
test_en->__tpi_cp_10___buf_split_13991 /0 undetected
test_en->__tpi_cp_3___buf_split_37776 /0 undetected
test_en->__tpi_cp_0_new_n82076_ /0 undetected
test_en->__tpi_cp_12_new_n47863_ /0 undetected
