[train-r24/late_type_tie_soft_fixed] [train] excluded_eval_benchmarks=b15_C,b17_C,b20_C,b21_C,b22_C,epfl__arithmetic__max__max,epfl__random_control__i2c__i2c,i2c,iscas99__b15_1,iscas99__b17,iscas99__b20,iscas99__b21,iscas99__b22,max,mem_ctrl,openabcd__mem_ctrl_orig,subckt_0001 removed_rows=0 remaining_rows=768
[train-r24/late_type_tie_soft_fixed] [train] disabling pattern loss
[train-r24/late_type_tie_soft_fixed] [train] oracle skipped forbidden rows path=autoresearch/loop-260720-0945/model_training_round21/ultralong_prefix_oracle/oracle_actions.tsv rows=150 benchmarks=subckt_0230:75,subckt_0360:75
[train-r24/late_type_tie_soft_fixed] [train] q_oracle enabled groups=45 score_field=typed_return_pred aux_score_field=typed_marginal_pred lambda_q_value=0.0 lambda_q_rank=0.0 lambda_same_type_rank=0.0 lambda_aux_rank=0.0 lambda_aux_same_type_rank=0.0 lambda_candidate=0.0 lambda_action_type_rank=1.0 lambda_ndcg_rank=0.0 lambda_same_type_ndcg_rank=0.0 lambda_conservative_q=0.0 lambda_context_rank=0.0 lambda_oracle_sa_value=0.0 group_sampling=uniform pairwise_mode=best_vs_hard_topk forbidden_benchmarks=22
[train-r24/late_type_tie_soft_fixed] [train] rows=768 train_rows=608 val_rows=160 train_samples=19 val_samples=5 rollout_training=True feature_dim=38 relation_dim=12 cache_samples=False sample_cache_max_entries=unlimited
[train-r24/late_type_tie_soft_fixed] [train] initialized checkpoint=autoresearch/loop-260720-0945/model_training_round21/runs/horizon_r10_pairwise/epoch_010.pt strict=False
[train-r24/late_type_tie_soft_fixed] [train] trainable_modules=typed_return_late_type_only trainable_parameters=217/292313
[train-r24/late_type_tie_soft_fixed] [train] oracle prefix-latent cache enabled
[train-r24/late_type_tie_soft_fixed] [train-progress] epoch=1 [#-----------------------] 1/19   5.3% loss=0.00000 jepa=0.47474 hard=0.07882 hard_red=0.01075 typed_m=0.00177 typed_ret=0.24022 typed_sa=0.00000 oracle=1.01461 rank=0.00000 same=0.00000 aux_rank=0.00000 aux_same=0.00000 value=0.00000 cand=0.00000 type=1.01461 ndcg=0.00000 same_ndcg=0.00000 cql=0.00000 ctx=0.00000 pairs=0.0
[train-r24/late_type_tie_soft_fixed] [train-progress] epoch=1 [########################] 19/19 100.0% loss=0.00000 jepa=0.32925 hard=0.10004 hard_red=0.01145 typed_m=0.85959 typed_ret=1.31228 typed_sa=0.00000 oracle=1.10732 rank=0.00000 same=0.00000 aux_rank=0.00000 aux_same=0.00000 value=0.00000 cand=0.00000 type=1.10732 ndcg=0.00000 same_ndcg=0.00000 cql=0.00000 ctx=0.00000 pairs=0.0
[train-r24/late_type_tie_soft_fixed] [train] epoch=1 horizon=1 train_loss=0.000000 val_loss=0.000000 train_steps=19
[train-r24/late_type_tie_soft_fixed] [train-progress] epoch=2 [#-----------------------] 1/19   5.3% loss=0.00000 jepa=0.60419 hard=0.11240 hard_red=0.07742 typed_m=8.77773 typed_ret=15.52875 typed_sa=0.00000 oracle=1.02887 rank=0.00000 same=0.00000 aux_rank=0.00000 aux_same=0.00000 value=0.00000 cand=0.00000 type=1.02887 ndcg=0.00000 same_ndcg=0.00000 cql=0.00000 ctx=0.00000 pairs=0.0
[train-r24/late_type_tie_soft_fixed] [train-progress] epoch=2 [########################] 19/19 100.0% loss=0.00000 jepa=0.37404 hard=0.10284 hard_red=0.02054 typed_m=1.02322 typed_ret=2.15469 typed_sa=0.00000 oracle=1.10343 rank=0.00000 same=0.00000 aux_rank=0.00000 aux_same=0.00000 value=0.00000 cand=0.00000 type=1.10343 ndcg=0.00000 same_ndcg=0.00000 cql=0.00000 ctx=0.00000 pairs=0.0
[train-r24/late_type_tie_soft_fixed] [train] epoch=2 horizon=2 train_loss=0.000000 val_loss=0.000000 train_steps=19
[train-r24/late_type_tie_soft_fixed] [train-progress] epoch=3 [#-----------------------] 1/19   5.3% loss=0.00000 jepa=0.37635 hard=0.09426 hard_red=0.00676 typed_m=0.24603 typed_ret=0.70382 typed_sa=0.00000 oracle=1.25792 rank=0.00000 same=0.00000 aux_rank=0.00000 aux_same=0.00000 value=0.00000 cand=0.00000 type=1.25792 ndcg=0.00000 same_ndcg=0.00000 cql=0.00000 ctx=0.00000 pairs=0.0
[train-r24/late_type_tie_soft_fixed] [train-progress] epoch=3 [########################] 19/19 100.0% loss=0.00000 jepa=0.44646 hard=0.10507 hard_red=0.03122 typed_m=1.16920 typed_ret=5.39285 typed_sa=0.00000 oracle=1.05140 rank=0.00000 same=0.00000 aux_rank=0.00000 aux_same=0.00000 value=0.00000 cand=0.00000 type=1.05140 ndcg=0.00000 same_ndcg=0.00000 cql=0.00000 ctx=0.00000 pairs=0.0
[train-r24/late_type_tie_soft_fixed] [train] epoch=3 horizon=4 train_loss=0.000000 val_loss=0.000000 train_steps=19
[train-r24/late_type_tie_soft_fixed] [train-progress] epoch=4 [#-----------------------] 1/19   5.3% loss=0.00000 jepa=0.27731 hard=0.11377 hard_red=0.00065 typed_m=0.15729 typed_ret=0.33091 typed_sa=0.00000 oracle=1.03492 rank=0.00000 same=0.00000 aux_rank=0.00000 aux_same=0.00000 value=0.00000 cand=0.00000 type=1.03492 ndcg=0.00000 same_ndcg=0.00000 cql=0.00000 ctx=0.00000 pairs=0.0
[train-r24/late_type_tie_soft_fixed] [train-progress] epoch=4 [########################] 19/19 100.0% loss=0.00000 jepa=0.52649 hard=0.10875 hard_red=0.03348 typed_m=1.25992 typed_ret=10.83737 typed_sa=0.00000 oracle=1.01246 rank=0.00000 same=0.00000 aux_rank=0.00000 aux_same=0.00000 value=0.00000 cand=0.00000 type=1.01246 ndcg=0.00000 same_ndcg=0.00000 cql=0.00000 ctx=0.00000 pairs=0.0
[train-r24/late_type_tie_soft_fixed] [train] epoch=4 horizon=8 train_loss=0.000000 val_loss=0.000000 train_steps=19
[train-r24/late_type_tie_soft_fixed] [train-progress] epoch=5 [#-----------------------] 1/19   5.3% loss=0.00000 jepa=0.73375 hard=0.10213 hard_red=0.00178 typed_m=0.45928 typed_ret=14.87717 typed_sa=0.00000 oracle=1.00250 rank=0.00000 same=0.00000 aux_rank=0.00000 aux_same=0.00000 value=0.00000 cand=0.00000 type=1.00250 ndcg=0.00000 same_ndcg=0.00000 cql=0.00000 ctx=0.00000 pairs=0.0
[train-r24/late_type_tie_soft_fixed] [train-progress] epoch=5 [########################] 19/19 100.0% loss=0.00000 jepa=0.60548 hard=0.11400 hard_red=0.03049 typed_m=1.44206 typed_ret=18.39191 typed_sa=0.00000 oracle=0.97559 rank=0.00000 same=0.00000 aux_rank=0.00000 aux_same=0.00000 value=0.00000 cand=0.00000 type=0.97559 ndcg=0.00000 same_ndcg=0.00000 cql=0.00000 ctx=0.00000 pairs=0.0
[train-r24/late_type_tie_soft_fixed] [train] epoch=5 horizon=16 train_loss=0.000000 val_loss=0.000000 train_steps=19
[train-r24/late_type_tie_soft_fixed] [train-progress] epoch=6 [#-----------------------] 1/19   5.3% loss=0.00000 jepa=0.44994 hard=0.11576 hard_red=0.02322 typed_m=0.03366 typed_ret=9.60917 typed_sa=0.00000 oracle=0.79850 rank=0.00000 same=0.00000 aux_rank=0.00000 aux_same=0.00000 value=0.00000 cand=0.00000 type=0.79850 ndcg=0.00000 same_ndcg=0.00000 cql=0.00000 ctx=0.00000 pairs=0.0
[train-r24/late_type_tie_soft_fixed] [train-progress] epoch=6 [########################] 19/19 100.0% loss=0.00000 jepa=0.66875 hard=0.12645 hard_red=0.02294 typed_m=2.02893 typed_ret=35.67145 typed_sa=0.00000 oracle=0.92465 rank=0.00000 same=0.00000 aux_rank=0.00000 aux_same=0.00000 value=0.00000 cand=0.00000 type=0.92465 ndcg=0.00000 same_ndcg=0.00000 cql=0.00000 ctx=0.00000 pairs=0.0
[train-r24/late_type_tie_soft_fixed] [train] epoch=6 horizon=32 train_loss=0.000000 val_loss=0.000000 train_steps=19
[train-r24/late_type_tie_soft_fixed] [train-progress] epoch=7 [#-----------------------] 1/19   5.3% loss=0.00000 jepa=0.80066 hard=0.10459 hard_red=0.00163 typed_m=1.07710 typed_ret=29.68580 typed_sa=0.00000 oracle=0.88365 rank=0.00000 same=0.00000 aux_rank=0.00000 aux_same=0.00000 value=0.00000 cand=0.00000 type=0.88365 ndcg=0.00000 same_ndcg=0.00000 cql=0.00000 ctx=0.00000 pairs=0.0
[train-r24/late_type_tie_soft_fixed] [train-progress] epoch=7 [########################] 19/19 100.0% loss=0.00000 jepa=0.66875 hard=0.12645 hard_red=0.02294 typed_m=2.02893 typed_ret=35.67145 typed_sa=0.00000 oracle=0.97165 rank=0.00000 same=0.00000 aux_rank=0.00000 aux_same=0.00000 value=0.00000 cand=0.00000 type=0.97165 ndcg=0.00000 same_ndcg=0.00000 cql=0.00000 ctx=0.00000 pairs=0.0
[train-r24/late_type_tie_soft_fixed] [train] epoch=7 horizon=32 train_loss=0.000000 val_loss=0.000000 train_steps=19
[train-r24/late_type_tie_soft_fixed] [train-progress] epoch=8 [#-----------------------] 1/19   5.3% loss=0.00000 jepa=0.55844 hard=0.10184 hard_red=0.04867 typed_m=2.58859 typed_ret=41.23181 typed_sa=0.00000 oracle=0.89858 rank=0.00000 same=0.00000 aux_rank=0.00000 aux_same=0.00000 value=0.00000 cand=0.00000 type=0.89858 ndcg=0.00000 same_ndcg=0.00000 cql=0.00000 ctx=0.00000 pairs=0.0
[train-r24/late_type_tie_soft_fixed] [train-progress] epoch=8 [########################] 19/19 100.0% loss=0.00000 jepa=0.66875 hard=0.12645 hard_red=0.02294 typed_m=2.02893 typed_ret=35.67145 typed_sa=0.00000 oracle=0.94057 rank=0.00000 same=0.00000 aux_rank=0.00000 aux_same=0.00000 value=0.00000 cand=0.00000 type=0.94057 ndcg=0.00000 same_ndcg=0.00000 cql=0.00000 ctx=0.00000 pairs=0.0
[train-r24/late_type_tie_soft_fixed] [train] epoch=8 horizon=32 train_loss=0.000000 val_loss=0.000000 train_steps=19
