test_en->__tpi_cp_45___aig_and_57373 /0 undetected
__tpi_not_test_en->__tpi_cp_124___aig_not_57372 /1 undetected
__tpi_not_test_en->__tpi_cp_49___aig_not_57365 /1 undetected
__tpi_not_test_en->__tpi_cp_53___aig_not_57370 /1 undetected
__tpi_not_test_en->__tpi_cp_125___aig_not_57357 /1 undetected
test_en->__tpi_cp_47___aig_and_57355 /0 undetected
test_en->__tpi_cp_73___aig_and_57363 /0 undetected
__tpi_not_test_en->__tpi_cp_83_new_n24647 /1 undetected
__tpi_not_test_en->__tpi_cp_91___aig_not_56033 /1 undetected
__tpi_not_test_en->__tpi_cp_72___aig_and_56042 /1 undetected
test_en->__tpi_cp_92___aig_not_56039 /0 undetected
__tpi_not_test_en->__tpi_cp_94___aig_not_55386 /1 undetected
__tpi_not_test_en->__tpi_cp_80___aig_not_57275 /1 undetected
__tpi_not_test_en->__tpi_cp_75___aig_not_57269 /1 undetected
__tpi_not_test_en->__tpi_cp_97___aig_not_55366 /1 undetected
__buf_split_3061 /1 undetected
__aig_not_5116 /1 undetected
__buf_split_3059 /1 undetected
test_en->__tpi_cp_101___aig_not_5119 /0 undetected
__aig_not_5113 /1 undetected
__tpi_not_test_en->__tpi_cp_18___aig_not_5083 /1 undetected
__tpi_not_test_en->__tpi_cp_133___aig_not_5075 /1 undetected
__tpi_not_test_en->__tpi_cp_9___aig_not_5109 /1 undetected
__tpi_not_test_en->__tpi_cp_71___aig_not_5111 /1 undetected
__tpi_not_test_en->__tpi_cp_38_asqrt_46_ /1 undetected
__tpi_not_test_en->__tpi_cp_13___aig_not_5104 /1 undetected
__tpi_not_test_en->__tpi_cp_111___aig_not_5106 /1 undetected
__buf_split_2752 /1 undetected
__aig_not_4590 /1 undetected
__buf_split_2750 /1 undetected
__tpi_not_test_en->__tpi_cp_95___aig_not_4588 /1 undetected
__aig_not_4587 /1 undetected
test_en->__tpi_cp_112___aig_and_4553 /0 undetected
__tpi_not_test_en->__tpi_cp_106___aig_and_4551 /1 undetected
__tpi_not_test_en->__tpi_cp_129___aig_not_4554 /1 undetected
test_en->__tpi_cp_34___aig_and_5094 /0 undetected
__tpi_not_test_en->__tpi_cp_100___aig_not_57278 /1 undetected
__tpi_not_test_en->__tpi_cp_96___aig_and_4584 /1 undetected
__aig_not_4583 /1 undetected
__tpi_not_test_en->__tpi_cp_29___aig_not_4559 /1 undetected
__tpi_not_test_en->__tpi_cp_114___aig_not_4528 /1 undetected
__tpi_not_test_en->__tpi_cp_98_new_n24632 /1 undetected
__tpi_not_test_en->__tpi_cp_35___aig_not_57241 /1 undetected
__tpi_not_test_en->__tpi_cp_103___aig_and_57250 /1 undetected
test_en->__tpi_cp_135___aig_not_57246 /0 undetected
test_en->__tpi_cp_110___buf_split_2721 /0 undetected
__tpi_not_test_en->__tpi_cp_24___aig_not_4542 /1 undetected
__tpi_not_test_en->__tpi_cp_17___aig_not_4525 /1 undetected
__tpi_not_test_en->__tpi_cp_22___aig_not_4567 /1 undetected
__tpi_not_test_en->__tpi_cp_27___aig_not_4565 /1 undetected
__tpi_not_test_en->__tpi_cp_82___aig_not_57267 /1 undetected
__tpi_not_test_en->__tpi_cp_99___aig_not_57261 /1 undetected
__tpi_not_test_en->__tpi_cp_104___aig_not_57263 /1 undetected
test_en->__tpi_cp_105___aig_and_57260 /0 undetected
__tpi_not_test_en->__tpi_cp_136___aig_not_57259 /1 undetected
__tpi_not_test_en->__tpi_cp_115___aig_not_57258 /1 undetected
__tpi_not_test_en->__tpi_cp_126___aig_not_57234 /1 undetected
__tpi_not_test_en->__tpi_cp_52___aig_and_4518 /1 undetected
test_en->__tpi_cp_63___aig_and_4515 /0 undetected
test_en->__tpi_cp_33___aig_and_4508 /0 undetected
__tpi_not_test_en->__tpi_cp_6___aig_not_55380 /1 undetected
test_en->__tpi_cp_134_new_n23831 /0 undetected
test_en->__tpi_cp_130___aig_and_55373 /0 undetected
__tpi_not_test_en->__tpi_cp_117___aig_not_55370 /1 undetected
__tpi_not_test_en->__tpi_cp_123___aig_not_55372 /1 undetected
__tpi_not_test_en->__tpi_cp_3___buf_split_32136 /1 undetected
__tpi_not_test_en->__tpi_cp_54___aig_not_4532 /1 undetected
__tpi_not_test_en->__tpi_cp_116___buf_split_2715 /1 undetected
__buf_split_2459->__aig_and_4091 /1 undetected
__aig_not_4089 /1 undetected
__buf_split_2457 /1 undetected
__aig_not_4086 /1 undetected
__tpi_not_test_en->__tpi_cp_121___aig_not_4576 /1 undetected
__tpi_not_test_en->__tpi_cp_21___aig_not_4578 /1 undetected
__tpi_not_test_en->__tpi_cp_109___aig_not_4580 /1 undetected
__tpi_not_test_en->__tpi_cp_0___aig_not_55363 /1 undetected
__tpi_not_test_en->__tpi_cp_131___aig_not_55362 /1 undetected
__tpi_not_test_en->__tpi_cp_119___aig_not_55375 /1 undetected
__tpi_not_test_en->__tpi_cp_25___aig_not_4056 /1 undetected
__tpi_not_test_en->__tpi_cp_67___aig_and_55911 /1 undetected
__buf_split_32443 /1 undetected
__aig_not_55904 /1 undetected
__buf_split_32441 /1 undetected
__tpi_not_test_en->__tpi_cp_1___buf_split_32439 /1 undetected
__aig_not_55901 /1 undetected
__tpi_not_test_en->__tpi_cp_10___buf_split_32438 /1 undetected
__tpi_not_test_en->__tpi_cp_46___aig_not_5085 /1 undetected
test_en->__tpi_cp_37___aig_and_4059 /0 undetected
__tpi_not_test_en->__tpi_cp_118___aig_not_4058 /1 undetected
__tpi_not_test_en->__tpi_cp_7___aig_not_55354 /1 undetected
__tpi_not_test_en->__tpi_cp_12___aig_not_5675 /1 undetected
__buf_split_3386 /1 undetected
__aig_not_5670 /1 undetected
__buf_split_3384 /1 undetected
__tpi_not_test_en->__tpi_cp_32___aig_not_5667 /1 undetected
__tpi_cp_32___aig_not_5667 /1 undetected
__aig_not_5667 /1 undetected
__tpi_not_test_en->__tpi_cp_43___aig_not_5053 /1 undetected
test_en->__tpi_cp_28___aig_and_4503 /0 undetected
__tpi_not_test_en->__tpi_cp_66___aig_not_4500 /1 undetected
__tpi_not_test_en->__tpi_cp_127___aig_not_54167 /1 undetected
test_en->__tpi_cp_58___aig_and_54164 /0 undetected
__aig_not_54163 /1 undetected
__buf_split_31439 /1 undetected
__aig_not_54160 /1 undetected
__tpi_not_test_en->__tpi_cp_55___aig_and_28 /1 undetected
__aig_not_21 /1 undetected
__aig_not_19 /1 undetected
__tpi_not_test_en->__tpi_cp_122_asqrt_43_ /1 undetected
__tpi_not_test_en->__tpi_cp_65___aig_not_53599 /1 undetected
test_en->__tpi_cp_64___aig_and_53590 /0 undetected
__buf_split_6->__aig_and_5 /1 undetected
__buf_split_5 /1 undetected
__aig_not_3 /1 undetected
__tpi_not_test_en->__tpi_cp_56___aig_not_1 /1 undetected
__tpi_cp_56___aig_not_1 /1 undetected
__aig_not_1 /1 undetected
test_en->__tpi_cp_59___aig_and_55887 /0 undetected
test_en->__tpi_cp_85___aig_and_53603 /0 undetected
__tpi_not_test_en->__tpi_cp_68___aig_not_5050 /1 undetected
