[plan] candidate_allowlist=autoresearch/original-netlist-recovery-260712/exact_itc99/b15_C/exact_candidate_nodes.txt nodes=7918
[plan] step=1 node=N762 type=control1 q_pred=0.423015 sequence=0.423015
[plan] step=2 node=N2101 type=observe q_pred=0.454431 sequence=0.877446
[plan] step=3 node=N2157 type=observe q_pred=0.529013 sequence=1.406459
[plan] step=4 node=N2336 type=control1 q_pred=0.441097 sequence=1.847556
[plan] step=5 node=N893 type=control1 q_pred=0.360881 sequence=2.208437
[plan] step=6 node=N2082 type=observe q_pred=0.307329 sequence=2.515766
[plan] step=7 node=N564 type=control1 q_pred=0.219670 sequence=2.735436
[plan] step=8 node=N557 type=control1 q_pred=0.151478 sequence=2.886914
[plan] step=9 node=N1437 type=control1 q_pred=0.160760 sequence=3.047674
[plan] step=10 node=N2328 type=control1 q_pred=0.057996 sequence=3.105670
[plan] step=11 node=N2314 type=control1 q_pred=0.008428 sequence=3.114098
[plan] step=12 node=N737 type=control1 q_pred=-0.063454 sequence=3.050644
[plan] step=13 node=N5203 type=control1 q_pred=-0.122406 sequence=2.928238
[plan] step=14 node=N502 type=control1 q_pred=-0.163837 sequence=2.764400
[plan] step=15 node=N713 type=observe q_pred=-0.111737 sequence=2.652664
[plan] step=16 node=N721 type=control1 q_pred=-0.084750 sequence=2.567914
[plan] step=17 node=N7874 type=control1 q_pred=-0.074002 sequence=2.493912
[plan] step=18 node=N7872 type=control1 q_pred=-0.087241 sequence=2.406671
[plan] step=19 node=N7878 type=control1 q_pred=-0.111504 sequence=2.295167
[plan] step=20 node=N496 type=control1 q_pred=-0.132343 sequence=2.162823
[plan] step=21 node=N583 type=control1 q_pred=-0.158670 sequence=2.004154
[plan] step=22 node=N765 type=control1 q_pred=-0.181268 sequence=1.822885
[plan] step=23 node=N7411 type=control1 q_pred=-0.031710 sequence=1.791175
[plan] step=24 node=N7587 type=control1 q_pred=-0.102795 sequence=1.688380
[plan] step=25 node=N7413 type=control1 q_pred=-0.099307 sequence=1.589073
[plan] step=26 node=N3644 type=control0 q_pred=-0.178857 sequence=1.410216
[plan] step=27 node=N1853 type=observe q_pred=-0.123572 sequence=1.286645
[plan] step=28 node=N7421 type=control1 q_pred=-0.130972 sequence=1.155673
[plan] step=29 node=N7876 type=control1 q_pred=-0.193662 sequence=0.962011
[plan] step=30 node=N1879 type=observe q_pred=-0.150885 sequence=0.811126
[plan] step=31 node=N7889 type=control1 q_pred=-0.202571 sequence=0.608555
[plan] step=32 node=N7890 type=control1 q_pred=-0.217776 sequence=0.390779
[plan] step=33 node=N7891 type=control1 q_pred=-0.226146 sequence=0.164633
[plan] step=34 node=N582 type=control1 q_pred=-0.231112 sequence=-0.066479
[plan] step=35 node=N7526 type=control1 q_pred=-0.236514 sequence=-0.302993
[plan] step=36 node=N7888 type=control1 q_pred=-0.241710 sequence=-0.544703
[plan] step=37 node=N1532 type=observe q_pred=-0.239755 sequence=-0.784459
[plan] step=38 node=N7885 type=control1 q_pred=-0.232030 sequence=-1.016488
[plan] step=39 node=N7886 type=control1 q_pred=-0.231726 sequence=-1.248215
[plan] step=40 node=N7590 type=control1 q_pred=-0.223984 sequence=-1.472198
[plan] step=41 node=N7887 type=control1 q_pred=-0.231528 sequence=-1.703727
[plan] step=42 node=N7883 type=control1 q_pred=-0.234399 sequence=-1.938125
[plan] step=43 node=N7370 type=control1 q_pred=-0.213721 sequence=-2.151846
[plan] step=44 node=N513 type=control1 q_pred=-0.208758 sequence=-2.360605
[plan] step=45 node=N504 type=control1 q_pred=-0.224374 sequence=-2.584978
[plan] step=46 node=N7875 type=control1 q_pred=-0.164130 sequence=-2.749108
[plan] step=47 node=N7884 type=control1 q_pred=-0.212628 sequence=-2.961736
[plan] step=48 node=N7882 type=control1 q_pred=-0.221717 sequence=-3.183453
[plan] step=49 node=N520 type=control1 q_pred=-0.213975 sequence=-3.397428
[plan] step=50 node=N7880 type=control1 q_pred=-0.219312 sequence=-3.616741
[plan] step=51 node=N7588 type=control1 q_pred=-0.208018 sequence=-3.824759
[plan] step=52 node=N7881 type=control1 q_pred=-0.222813 sequence=-4.047572
[plan] step=53 node=N519 type=control1 q_pred=-0.240396 sequence=-4.287968
[plan] step=54 node=N555 type=control1 q_pred=-0.223615 sequence=-4.511582
[plan] step=55 node=N556 type=control1 q_pred=-0.217542 sequence=-4.729124
[plan] step=56 node=N2580 type=control1 q_pred=-0.226952 sequence=-4.956076
[plan] step=57 node=N7870 type=control1 q_pred=-0.225105 sequence=-5.181181
[plan] step=58 node=N507 type=control1 q_pred=-0.199879 sequence=-5.381060
[plan] step=59 node=N1533 type=control1 q_pred=-0.219927 sequence=-5.600987
[plan] step=60 node=N614 type=control1 q_pred=-0.131136 sequence=-5.732123
[plan] step=61 node=N634 type=control1 q_pred=-0.094625 sequence=-5.826748
[plan] step=62 node=N3180 type=control1 q_pred=-0.147598 sequence=-5.974346
[plan] step=63 node=N7871 type=control1 q_pred=-0.162734 sequence=-6.137081
[plan] step=64 node=N516 type=control1 q_pred=-0.177105 sequence=-6.314186
[plan] step=65 node=N610 type=control1 q_pred=-0.089160 sequence=-6.403346
[plan] step=66 node=N5143 type=observe q_pred=-0.183883 sequence=-6.587228
[plan] step=67 node=N1860 type=observe q_pred=-0.088562 sequence=-6.675790
[plan] step=68 node=N620 type=control1 q_pred=-0.078712 sequence=-6.754502
[plan] step=69 node=N3352 type=control1 q_pred=-0.179235 sequence=-6.933737
[plan] step=70 node=N638 type=control1 q_pred=-0.087106 sequence=-7.020843
[plan] step=71 node=N3410 type=control1 q_pred=-0.157258 sequence=-7.178101
[plan] step=72 node=N7424 type=control1 q_pred=-0.119280 sequence=-7.297382
[plan] step=73 node=N626 type=control1 q_pred=-0.158282 sequence=-7.455664
[plan] step=74 node=N7877 type=control1 q_pred=-0.070274 sequence=-7.525938
[plan] step=75 node=N7879 type=control1 q_pred=-0.041785 sequence=-7.567723
[plan] step=76 node=N3237 type=control1 q_pred=-0.143560 sequence=-7.711282
[plan] step=77 node=N3124 type=control1 q_pred=-0.166240 sequence=-7.877523
[plan] step=78 node=N7594 type=control1 q_pred=-0.183448 sequence=-8.060970
[plan] step=79 node=N645 type=control1 q_pred=-0.201634 sequence=-8.262604
[plan] step=80 node=N7892 type=control1 q_pred=-0.093295 sequence=-8.355900
[plan] step=81 node=N7856 type=control1 q_pred=-0.166942 sequence=-8.522842
[plan] step=82 node=N616 type=control1 q_pred=-0.067730 sequence=-8.590571
[plan] step=83 node=N636 type=control1 q_pred=-0.036164 sequence=-8.626735
[plan] step=84 node=N624 type=control1 q_pred=-0.129404 sequence=-8.756139
[plan] step=85 node=N3295 type=control1 q_pred=-0.105844 sequence=-8.861983
[plan] step=86 node=N3467 type=control1 q_pred=-0.169401 sequence=-9.031384
[plan] step=87 node=N630 type=control1 q_pred=-0.066057 sequence=-9.097441
[plan] step=88 node=N642 type=control1 q_pred=-0.034029 sequence=-9.131470
[plan] step=89 node=N5234 type=observe q_pred=-0.138764 sequence=-9.270233
[plan] step=90 node=N649 type=control1 q_pred=-0.051427 sequence=-9.321660
[plan] step=91 node=N3525 type=control1 q_pred=-0.096877 sequence=-9.418537
[plan] step=92 node=N628 type=control1 q_pred=-0.145497 sequence=-9.564034
[plan] step=93 node=N661 type=control1 q_pred=-0.180351 sequence=-9.744385
[plan] step=94 node=N647 type=control1 q_pred=-0.067362 sequence=-9.811747
[plan] step=95 node=N1586 type=control1 q_pred=-0.138610 sequence=-9.950357
[plan] step=96 node=N7453 type=control1 q_pred=-0.187557 sequence=-10.137914
[plan] step=97 node=N2652 type=control1 q_pred=-0.197357 sequence=-10.335270
[plan] step=98 node=N8241 type=control1 q_pred=-0.234649 sequence=-10.569919
[plan] step=99 node=N2721 type=control1 q_pred=-0.188077 sequence=-10.757997
[plan] step=100 node=N2894 type=control1 q_pred=-0.192311 sequence=-10.950308
[plan] step=101 node=N2952 type=control1 q_pred=-0.179378 sequence=-11.129686
[plan] step=102 node=N2779 type=control1 q_pred=-0.186180 sequence=-11.315866
[plan] step=103 node=N7414 type=control1 q_pred=-0.174507 sequence=-11.490373
[plan] step=104 node=N7873 type=control1 q_pred=-0.177073 sequence=-11.667446
[plan] step=105 node=N2837 type=control1 q_pred=-0.179719 sequence=-11.847165
[plan] step=106 node=N3009 type=control1 q_pred=-0.186299 sequence=-12.033464
[plan] step=107 node=N7589 type=control1 q_pred=-0.153540 sequence=-12.187005
[plan] step=108 node=N3067 type=control1 q_pred=-0.174036 sequence=-12.361041
[plan] step=109 node=N8790 type=control1 q_pred=-0.175825 sequence=-12.536866
[plan] step=110 node=N5867 type=observe q_pred=-0.168940 sequence=-12.705806
[plan] step=111 node=N4670 type=control0 q_pred=-0.086844 sequence=-12.792651
[plan] step=112 node=N2040 type=observe q_pred=-0.144128 sequence=-12.936779
[plan] step=113 node=N7423 type=control1 q_pred=-0.169324 sequence=-13.106103
[plan] step=114 node=N8789 type=control1 q_pred=-0.068585 sequence=-13.174688
[plan] step=115 node=N2042 type=observe q_pred=-0.118300 sequence=-13.292988
[plan] step=116 node=N7500 type=control1 q_pred=-0.158589 sequence=-13.451577
[plan] step=117 node=N8607 type=control1 q_pred=-0.082441 sequence=-13.534019
[plan] step=118 node=N652 type=control1 q_pred=-0.054072 sequence=-13.588091
[plan] step=119 node=N2044 type=observe q_pred=-0.129395 sequence=-13.717486
[plan] step=120 node=N8606 type=control1 q_pred=-0.083413 sequence=-13.800899
[plan] step=121 node=N6669 type=control1 q_pred=-0.126387 sequence=-13.927286
[plan] step=122 node=N902 type=control1 q_pred=-0.029252 sequence=-13.956538
[plan] step=123 node=N8605 type=control1 q_pred=-0.073635 sequence=-14.030173
[plan] step=124 node=N7796 type=control1 q_pred=-0.104331 sequence=-14.134504
[plan] step=125 node=N4635 type=control0 q_pred=-0.095212 sequence=-14.229716
[plan] step=126 node=N623 type=control1 q_pred=-0.134397 sequence=-14.364113
[plan] step=127 node=N7790 type=control1 q_pred=-0.115572 sequence=-14.479685
[plan] step=128 node=N4649 type=control0 q_pred=-0.090828 sequence=-14.570513
[plan] step=129 node=N704 type=observe q_pred=0.041223 sequence=-14.529290
[plan] step=130 node=N7794 type=control1 q_pred=-0.047839 sequence=-14.577129
[plan] step=131 node=N4656 type=control0 q_pred=-0.070864 sequence=-14.647993
[plan] step=132 node=N5876 type=observe q_pred=-0.005686 sequence=-14.653679
[plan] step=133 node=N2153 type=observe q_pred=0.068219 sequence=-14.585461
[plan] step=134 node=N7793 type=control1 q_pred=-0.049391 sequence=-14.634851
[plan] step=135 node=N4698 type=control0 q_pred=-0.070449 sequence=-14.705301
[plan] step=136 node=N3701 type=control0 q_pred=-0.056491 sequence=-14.761792
[plan] step=137 node=N4691 type=control0 q_pred=-0.072874 sequence=-14.834666
[plan] step=138 node=N3911 type=control0 q_pred=-0.037282 sequence=-14.871948
[plan] step=139 node=N3841 type=control0 q_pred=-0.042290 sequence=-14.914238
[plan] step=140 node=N3848 type=control0 q_pred=-0.038164 sequence=-14.952403
[plan] step=141 node=N2072 type=observe q_pred=0.148132 sequence=-14.804271
[plan] step=142 node=N3827 type=control0 q_pred=0.212222 sequence=-14.592049
[plan] step=143 node=N7471 type=control0 q_pred=0.233560 sequence=-14.358490
[plan] step=144 node=N5723 type=control0 q_pred=0.236270 sequence=-14.122220
[plan] step=145 node=N3862 type=control0 q_pred=0.235501 sequence=-13.886719
[plan] step=146 node=N3792 type=control0 q_pred=0.237630 sequence=-13.649089
[plan] step=147 node=N3799 type=control0 q_pred=0.240996 sequence=-13.408093
[plan] step=148 node=N3820 type=control0 q_pred=0.245135 sequence=-13.162958
[plan] step=149 node=N3813 type=control0 q_pred=0.250422 sequence=-12.912536
[plan] step=150 node=N3785 type=control0 q_pred=0.249328 sequence=-12.663208
[plan] step=151 node=N5603 type=observe q_pred=0.248114 sequence=-12.415095
[plan] step=152 node=N3855 type=control0 q_pred=0.248039 sequence=-12.167056
[plan] step=153 node=N3805 type=control0 q_pred=0.257227 sequence=-11.909829
[plan] step=154 node=N3840 type=control0 q_pred=0.258941 sequence=-11.650888
[plan] step=155 node=N3903 type=control0 q_pred=0.250365 sequence=-11.400524
[plan] step=156 node=N3722 type=control0 q_pred=0.243318 sequence=-11.157206
[plan] step=157 node=N3742 type=control0 q_pred=0.237605 sequence=-10.919600
[plan] step=158 node=N3756 type=control0 q_pred=0.233268 sequence=-10.686332
[plan] step=159 node=N5473 type=observe q_pred=0.231864 sequence=-10.454468
[plan] step=160 node=N3882 type=control0 q_pred=0.260156 sequence=-10.194313
[plan] step=161 node=N3889 type=control0 q_pred=0.252136 sequence=-9.942177
[plan] step=162 node=N763 type=observe q_pred=0.258086 sequence=-9.684091
[plan] step=163 node=N694 type=observe q_pred=0.367910 sequence=-9.316181
[plan] step=164 node=N3904 type=control0 q_pred=0.270278 sequence=-9.045903
[plan] step=165 node=N4564 type=control0 q_pred=0.268210 sequence=-8.777693
[plan] step=166 node=N4557 type=control0 q_pred=0.269298 sequence=-8.508396
[plan] step=167 node=N7402 type=observe q_pred=0.261528 sequence=-8.246867
[plan] step=168 node=N4578 type=control0 q_pred=0.256034 sequence=-7.990833
[plan] step=169 node=N4606 type=control0 q_pred=0.261842 sequence=-7.728991
[plan] step=170 node=N4585 type=control0 q_pred=0.251352 sequence=-7.477639
[plan] step=171 node=N2102 type=observe q_pred=0.198490 sequence=-7.279150
[plan] step=172 node=N714 type=observe q_pred=0.322199 sequence=-6.956951
[plan] step=173 node=N754 type=observe q_pred=0.210440 sequence=-6.746511
[plan] step=174 node=N5874 type=observe q_pred=0.165377 sequence=-6.581134
[plan] step=175 node=N5740 type=observe q_pred=0.097729 sequence=-6.483405
[plan] step=176 node=N2149 type=observe q_pred=0.143120 sequence=-6.340285
[plan] step=177 node=N7401 type=observe q_pred=0.089216 sequence=-6.251069
[plan] step=178 node=N5422 type=observe q_pred=0.051332 sequence=-6.199737
[plan] step=179 node=N7679 type=observe q_pred=0.030735 sequence=-6.169002
[plan] step=180 node=N7626 type=observe q_pred=0.012632 sequence=-6.156371
[plan] step=181 node=N2155 type=observe q_pred=0.062094 sequence=-6.094277
[plan] step=182 node=N632 type=control1 q_pred=-0.017827 sequence=-6.112103
[plan] step=183 node=N2106 type=observe q_pred=-0.057570 sequence=-6.169673
[plan] step=184 node=N608 type=control1 q_pred=0.014829 sequence=-6.154844
[plan] step=185 node=N515 type=control1 q_pred=0.065275 sequence=-6.089569
[plan] step=186 node=N6736 type=control1 q_pred=0.029072 sequence=-6.060497
[plan] step=187 node=N1372 type=observe q_pred=-0.016143 sequence=-6.076639
[plan] step=188 node=N578 type=observe q_pred=-0.036096 sequence=-6.112735
[plan] step=189 node=N5878 type=observe q_pred=0.032363 sequence=-6.080372
[plan] step=190 node=N7405 type=observe q_pred=-0.050288 sequence=-6.130660
[plan] step=191 node=N712 type=observe q_pred=0.075999 sequence=-6.054661
[plan] step=192 node=N7442 type=control0 q_pred=0.067317 sequence=-5.987344
[plan] step=193 node=N6533 type=observe q_pred=0.114494 sequence=-5.872850
[plan] step=194 node=N7696 type=control0 q_pred=0.190347 sequence=-5.682503
[plan] step=195 node=N8038 type=control0 q_pred=0.093003 sequence=-5.589500
[plan] step=196 node=N8259 type=control0 q_pred=0.136509 sequence=-5.452991
[plan] step=197 node=N2054 type=observe q_pred=0.019779 sequence=-5.433211
[plan] step=198 node=N5356 type=observe q_pred=0.038557 sequence=-5.394655
[plan] step=199 node=N715 type=observe q_pred=0.094216 sequence=-5.300439
[plan] step=200 node=N6730 type=control1 q_pred=0.027054 sequence=-5.273385
[plan] step=201 node=N8009 type=control0 q_pred=-0.017012 sequence=-5.290397
[plan] step=202 node=N4460 type=control0 q_pred=0.163188 sequence=-5.127209
[plan] step=203 node=N8023 type=control0 q_pred=0.060484 sequence=-5.066725
[plan] step=204 node=N4421 type=control0 q_pred=0.176183 sequence=-4.890542
[plan] step=205 node=N4359 type=control0 q_pred=0.216722 sequence=-4.673820
[plan] step=206 node=N5456 type=observe q_pred=0.143249 sequence=-4.530571
[plan] step=207 node=N4367 type=control0 q_pred=0.219172 sequence=-4.311400
[plan] step=208 node=N705 type=observe q_pred=0.295882 sequence=-4.015518
[plan] step=209 node=N4532 type=control0 q_pred=0.255997 sequence=-3.759521
[plan] step=210 node=N8019 type=control0 q_pred=0.145341 sequence=-3.614180
[plan] step=211 node=N4442 type=control0 q_pred=0.219582 sequence=-3.394598
[plan] step=212 node=N8021 type=control0 q_pred=0.126795 sequence=-3.267803
[plan] step=213 node=N4469 type=control0 q_pred=0.208344 sequence=-3.059458
[plan] step=214 node=N5894 type=control0 q_pred=0.225133 sequence=-2.834325
[plan] step=215 node=N8017 type=control0 q_pred=0.126009 sequence=-2.708316
[plan] step=216 node=N6534 type=observe q_pred=0.020015 sequence=-2.688302
[plan] step=217 node=N6734 type=control1 q_pred=0.048729 sequence=-2.639573
[plan] step=218 node=N8027 type=control0 q_pred=0.019897 sequence=-2.619676
[plan] step=219 node=N8013 type=control0 q_pred=0.000756 sequence=-2.618919
[plan] step=220 node=N4436 type=control0 q_pred=0.158831 sequence=-2.460089
[plan] step=221 node=N4338 type=control0 q_pred=0.196978 sequence=-2.263111
[plan] step=222 node=N5715 type=control0 q_pred=0.115109 sequence=-2.148002
[plan] step=223 node=N7436 type=observe q_pred=0.125180 sequence=-2.022821
[plan] step=224 node=N5439 type=observe q_pred=0.109503 sequence=-1.913319
[plan] step=225 node=N706 type=observe q_pred=0.224114 sequence=-1.689205
[plan] step=226 node=N703 type=observe q_pred=0.241885 sequence=-1.447320
[plan] step=227 node=N753 type=observe q_pred=0.062877 sequence=-1.384443
[plan] step=228 node=N5373 type=observe q_pred=0.042603 sequence=-1.341841
[plan] step=229 node=N679 type=observe q_pred=0.134622 sequence=-1.207218
[plan] step=230 node=N5390 type=observe q_pred=0.019093 sequence=-1.188125
[plan] step=231 node=N8015 type=control0 q_pred=-0.009892 sequence=-1.198018
[plan] step=232 node=N4391 type=control0 q_pred=-0.082767 sequence=-1.280785
[plan] step=233 node=N5725 type=control0 q_pred=0.158671 sequence=-1.122114
[plan] step=234 node=N5665 type=control0 q_pred=0.151214 sequence=-0.970900
[plan] step=235 node=N8011 type=control0 q_pred=0.106469 sequence=-0.864431
[plan] step=236 node=N2348 type=control0 q_pred=0.065023 sequence=-0.799408
[plan] step=237 node=N5727 type=control0 q_pred=0.172925 sequence=-0.626482
[plan] step=238 node=N4385 type=control0 q_pred=0.212548 sequence=-0.413934
[plan] step=239 node=N7325 type=control0 q_pred=0.213576 sequence=-0.200358
[plan] step=240 node=N3402 type=control0 q_pred=0.233708 sequence=0.033349
[plan] step=241 node=N2151 type=observe q_pred=0.241575 sequence=0.274924
[plan] step=242 node=N3224 type=control0 q_pred=0.260925 sequence=0.535849
[plan] step=243 node=N3167 type=control0 q_pred=0.057917 sequence=0.593766
[plan] step=244 node=N7433 type=observe q_pred=0.129839 sequence=0.723605
[plan] step=245 node=N3177 type=control0 q_pred=0.114841 sequence=0.838446
[plan] step=246 node=N7613 type=observe q_pred=0.121915 sequence=0.960361
[plan] step=247 node=N3152 type=control0 q_pred=0.109367 sequence=1.069728
[plan] step=248 node=N7439 type=observe q_pred=0.123695 sequence=1.193423
[plan] step=249 node=N3147 type=control0 q_pred=0.089506 sequence=1.282929
[plan] step=250 node=N708 type=observe q_pred=0.279584 sequence=1.562513
[plan] step=251 node=N2243 type=observe q_pred=0.394052 sequence=1.956564
[plan] step=252 node=N6678 type=observe q_pred=0.321894 sequence=2.278458
[plan] step=253 node=N699 type=observe q_pred=0.356386 sequence=2.634844
[plan] step=254 node=N2259 type=observe q_pred=0.339035 sequence=2.973879
[plan] step=255 node=N5202 type=observe q_pred=0.219759 sequence=3.193638
[plan] step=256 node=N6677 type=observe q_pred=0.195870 sequence=3.389508
[plan] step=257 node=N5334 type=observe q_pred=0.153916 sequence=3.543424
[plan] step=258 node=N2267 type=observe q_pred=0.221141 sequence=3.764564
[plan] step=259 node=N7447 type=observe q_pred=0.155479 sequence=3.920044
[plan] step=260 node=N2271 type=observe q_pred=0.181561 sequence=4.101604
[plan] step=261 node=N2159 type=observe q_pred=0.114068 sequence=4.215672
[plan] step=262 node=N5251 type=observe q_pred=0.084703 sequence=4.300375
[plan] step=263 node=N2263 type=observe q_pred=0.151830 sequence=4.452205
[plan] step=264 node=N6682 type=observe q_pred=0.168215 sequence=4.620419
[plan] step=265 node=N2251 type=observe q_pred=0.051910 sequence=4.672329
[plan] step=266 node=N686 type=observe q_pred=0.196595 sequence=4.868924
[plan] step=267 node=N7444 type=observe q_pred=0.099361 sequence=4.968285
[plan] step=268 node=N6673 type=observe q_pred=0.126970 sequence=5.095255
[plan] step=269 node=N689 type=observe q_pred=0.142669 sequence=5.237924
[plan] step=270 node=N3142 type=control0 q_pred=0.044389 sequence=5.282312
[plan] step=271 node=N3199 type=control0 q_pred=0.118488 sequence=5.400801
[plan] step=272 node=N3229 type=control0 q_pred=0.094250 sequence=5.495050
[plan] step=273 node=N1351 type=observe q_pred=0.084282 sequence=5.579332
[plan] step=274 node=N684 type=observe q_pred=0.230254 sequence=5.809587
[plan] step=275 node=N3204 type=control0 q_pred=0.149933 sequence=5.959520
[plan] step=276 node=N3219 type=control0 q_pred=0.073554 sequence=6.033074
[plan] step=277 node=N2247 type=observe q_pred=0.108296 sequence=6.141370
[plan] step=278 node=N4900 type=observe q_pred=0.107278 sequence=6.248648
saved=autoresearch/loop-260718-0223/structural_rollout_round9/b15_head_selection/h32_jepa__q_pred/b15_C/plans/iscas99__b15_1__greedy__cumulative__q_pred__bw1__d1__c48__g1p0__candhard_fault_cluster__div0p0__s0.csv
