__tpi_op_312___aig_and_697 /0 undetected
__tpi_op_172___buf_split_635 /1 undetected
__tpi_op_50___aig_and_709 /0 undetected
__tpi_op_47___buf_split_510 /0 undetected
GT_130_U6->GT_130_U6_PO /0 undetected
U878->U878_PO /1 undetected
U724->U724_PO /1 undetected
U707->U707_PO /1 undetected
__tpi_not_test_en->__tpi_cp_124_U916 /1 undetected
U637->U637_PO /0 undetected
__aig_not_1144 /1 undetected
__tpi_not_test_en->__tpi_cp_55_U1030 /1 undetected
__buf_split_655 /1 undetected
U1031 /1 undetected
R794_U76->__aig_and_891 /1 undetected
R794_U75 /1 undetected
R794_U74 /1 undetected
U1032 /1 undetected
R794_U81->__aig_and_892 /1 undetected
R794_U80 /1 undetected
__tpi_not_test_en->__tpi_cp_48_U1033 /1 undetected
__tpi_not_test_en->__tpi_cp_65___aig_and_902 /1 undetected
R794_U49 /1 undetected
__buf_split_974 /1 undetected
R794_U85 /1 undetected
__tpi_not_test_en->__tpi_cp_50_U1035 /1 undetected
__tpi_not_test_en->__tpi_cp_54_U1037 /1 undetected
__tpi_not_test_en->__tpi_cp_3_R794_U47 /1 undetected
__buf_split_967->__aig_and_911 /1 undetected
__tpi_not_test_en->__tpi_cp_5_R794_U62 /1 undetected
__buf_split_962 /1 undetected
R794_U77 /1 undetected
__tpi_not_test_en->__tpi_cp_58_R794_U28 /1 undetected
R794_U72 /1 undetected
__buf_split_1004->__aig_and_930 /1 undetected
__buf_split_1006 /1 undetected
R794_U14->__tpi_cp_66_R794_U14 /1 undetected
__tpi_not_test_en->__tpi_cp_66_R794_U14 /1 undetected
__buf_split_124 /1 undetected
__buf_split_128 /1 undetected
U955 /1 undetected
__buf_split_521->__aig_and_426 /1 undetected
U954 /1 undetected
__buf_split_519 /1 undetected
__buf_split_122 /1 undetected
__buf_split_125 /1 undetected
U953 /1 undetected
test_en->__tpi_cp_85___aig_and_424 /0 undetected
__aig_and_424 /0 undetected
__buf_split_515 /1 undetected
__buf_split_516 /1 undetected
__buf_split_517 /1 undetected
__tpi_not_test_en->__tpi_cp_0___buf_split_77 /1 undetected
__buf_split_79 /1 undetected
test_en->__tpi_cp_123___aig_and_421 /0 undetected
__buf_split_512 /1 undetected
__buf_split_80 /1 undetected
U778->__tpi_cp_30_U778 /1 undetected
__tpi_not_test_en->__tpi_cp_30_U778 /1 undetected
__buf_split_247 /1 undetected
__buf_split_249 /1 undetected
__aig_and_87 /1 undetected
U951 /1 undetected
__buf_split_511 /1 undetected
__buf_split_120 /1 undetected
__tpi_not_test_en->__tpi_cp_6___buf_split_121 /1 undetected
__buf_split_121 /1 undetected
test_en->__tpi_cp_13___aig_and_215 /0 undetected
__tpi_cp_13___aig_and_215 /1 undetected
__buf_split_253 /1 undetected
__buf_split_252 /1 undetected
__tpi_not_test_en->__tpi_cp_53_U771 /1 undetected
U784 /1 undetected
__aig_and_209 /1 undetected
__buf_split_244 /1 undetected
__buf_split_243 /1 undetected
U723->__tpi_cp_31_U723 /1 undetected
__tpi_not_test_en->__tpi_cp_31_U723 /1 undetected
test_en->__tpi_cp_126_U956 /0 undetected
U786 /1 undetected
__buf_split_251 /1 undetected
__buf_split_228 /1 undetected
__buf_split_22 /1 undetected
test_en->__tpi_cp_74_U878 /0 undetected
__tpi_cp_74_U878 /1 undetected
U878 /1 undetected
__buf_split_229 /1 undetected
__buf_split_231 /1 undetected
U637 /0 undetected
__tpi_not_test_en->__tpi_cp_10___buf_split_119 /1 undetected
__tpi_cp_10___buf_split_119 /1 undetected
__buf_split_119 /1 undetected
__buf_split_118 /1 undetected
__buf_split_61 /1 undetected
test_en->__tpi_cp_77_GT_146_U6 /0 undetected
__buf_split_62 /1 undetected
test_en->__tpi_cp_64___aig_not_43 /0 undetected
__aig_not_43 /0 undetected
__aig_not_41 /1 undetected
__tpi_not_test_en->__tpi_cp_12___buf_split_60 /1 undetected
__aig_not_40 /1 undetected
__tpi_not_test_en->__tpi_cp_56_U879 /1 undetected
__tpi_not_test_en->__tpi_cp_8___aig_and_139 /1 undetected
__aig_and_139 /1 undetected
test_en->__tpi_cp_121___aig_not_138 /0 undetected
__tpi_cp_121___aig_not_138 /1 undetected
__aig_not_137 /1 undetected
__aig_not_142 /1 undetected
__tpi_not_test_en->__tpi_cp_21___aig_not_141 /1 undetected
__aig_not_140 /1 undetected
__aig_and_839 /0 undetected
__tpi_not_test_en->__tpi_cp_125___aig_not_838 /1 undetected
__aig_not_843->__aig_and_844 /1 undetected
__tpi_not_test_en->__tpi_cp_47___aig_not_842 /1 undetected
__tpi_cp_47___aig_not_842 /1 undetected
__aig_not_842 /1 undetected
test_en->__tpi_cp_95_GT_114_U8 /0 undetected
GT_114_U11->GT_114_U8 /1 undetected
GT_114_U8 /0 undetected
GT_130_U6->__tpi_cp_9_GT_130_U6 /0 undetected
test_en->__tpi_cp_9_GT_130_U6 /0 undetected
__tpi_cp_9_GT_130_U6 /0 undetected
__tpi_not_test_en->__tpi_cp_117___aig_not_1227 /1 undetected
__aig_not_1227 /1 undetected
test_en->__tpi_cp_1___aig_and_1226 /0 undetected
__aig_and_1226 /0 undetected
__tpi_not_test_en->__tpi_cp_18___aig_not_1231 /1 undetected
__aig_not_1229->__aig_and_1230 /1 undetected
__aig_not_1228 /1 undetected
test_en->__tpi_cp_80_GT_122_U8 /0 undetected
GT_122_U8 /0 undetected
GT_122_U10 /1 undetected
__aig_not_1232->__aig_and_1238 /1 undetected
__aig_and_1237->__aig_and_1238 /1 undetected
GT_130_U6 /0 undetected
__tpi_not_test_en->__tpi_cp_29___aig_not_947 /1 undetected
test_en->__tpi_cp_98_GT_130_U8 /0 undetected
__aig_not_951->__aig_and_955 /1 undetected
__aig_not_953->__aig_and_954 /1 undetected
__aig_and_954 /1 undetected
__tpi_not_test_en->__tpi_cp_37___aig_not_952 /1 undetected
__tpi_cp_37___aig_not_952 /1 undetected
__aig_not_952 /1 undetected
__aig_and_950->GT_130_U7 /1 undetected
test_en->__tpi_cp_35_GT_146_U8 /0 undetected
__tpi_not_test_en->__tpi_cp_79___aig_not_725 /1 undetected
__aig_not_716->__aig_and_724 /1 undetected
__aig_not_717->__aig_and_723 /1 undetected
test_en->__tpi_cp_92___aig_and_722 /0 undetected
U724 /1 undetected
__tpi_not_test_en->__tpi_cp_49___aig_not_14 /1 undetected
test_en->__tpi_cp_127___aig_and_13 /0 undetected
__tpi_not_test_en->__tpi_cp_72___aig_not_8 /1 undetected
test_en->__tpi_cp_39___aig_and_7 /0 undetected
__aig_not_1->__aig_and_7 /1 undetected
__aig_not_2->__aig_and_6 /1 undetected
__aig_not_3->__aig_and_5 /1 undetected
test_en->__tpi_cp_84_GT_138_U7 /0 undetected
__tpi_not_test_en->__tpi_cp_76___aig_not_980 /1 undetected
__aig_not_983->__aig_and_989 /1 undetected
test_en->__tpi_cp_27___aig_and_988 /0 undetected
__aig_not_984->__aig_and_988 /1 undetected
__aig_and_731 /0 undetected
__tpi_not_test_en->__tpi_cp_20___aig_not_730 /1 undetected
test_en->__tpi_cp_97___aig_and_739 /0 undetected
__aig_not_735->__aig_and_739 /1 undetected
__aig_and_738->__aig_and_739 /1 undetected
__aig_and_520 /0 undetected
__tpi_not_test_en->__tpi_cp_75___aig_not_519 /1 undetected
__aig_not_515->__aig_and_516 /1 undetected
__tpi_not_test_en->__tpi_cp_26___aig_not_514 /1 undetected
__tpi_cp_26___aig_not_514 /1 undetected
__aig_not_514 /1 undetected
test_en->__tpi_cp_93_GT_118_U7 /0 undetected
GT_118_U9->GT_118_U7 /1 undetected
GT_118_U7 /0 undetected
__buf_split_510 /0 undetected
GT_134_U6 /0 undetected
__tpi_not_test_en->__tpi_cp_17___aig_not_1034 /1 undetected
test_en->__tpi_cp_78_GT_134_U8 /0 undetected
__aig_not_1037->__aig_and_1041 /1 undetected
__aig_and_1040->__aig_and_1041 /1 undetected
__aig_not_1038->__aig_and_1040 /1 undetected
test_en->__tpi_cp_108_GT_114_U7 /0 undetected
__tpi_not_test_en->__tpi_cp_25___aig_not_736 /1 undetected
__tpi_cp_25___aig_not_736 /1 undetected
__aig_not_736 /1 undetected
__aig_and_734->GT_126_U7 /1 undetected
test_en->__tpi_cp_94_GT_134_U7 /0 undetected
test_en->__tpi_cp_23___aig_and_733 /0 undetected
U874 /1 undetected
test_en->__tpi_cp_24___aig_and_306 /0 undetected
__aig_and_306 /0 undetected
__tpi_not_test_en->__tpi_cp_112_SUB_110_U13 /1 undetected
__tpi_cp_112_SUB_110_U13 /1 undetected
SUB_110_U13 /1 undetected
__tpi_not_test_en->__tpi_cp_110___aig_and_84 /1 undetected
U876 /1 undetected
test_en->__tpi_cp_28___aig_and_308 /0 undetected
__aig_and_308 /0 undetected
__buf_split_393 /1 undetected
SUB_110_U14 /1 undetected
__tpi_not_test_en->__tpi_cp_32___aig_and_83 /1 undetected
U875 /1 undetected
SUB_110_U17->__aig_and_307 /1 undetected
U877 /1 undetected
SUB_110_U19 /1 undetected
SUB_110_U33 /1 undetected
test_en->__tpi_cp_36___aig_and_710 /0 undetected
__buf_split_818->__aig_and_710 /1 undetected
__aig_and_710 /0 undetected
__buf_split_819 /1 undetected
__tpi_not_test_en->__tpi_cp_15_SUB_110_U34 /1 undetected
__tpi_cp_15_SUB_110_U34 /1 undetected
SUB_110_U34 /1 undetected
test_en->__tpi_cp_82___aig_and_711 /0 undetected
__buf_split_820->__aig_and_711 /1 undetected
__aig_and_711 /0 undetected
SUB_110_U21 /1 undetected
test_en->__tpi_cp_67___aig_and_483 /0 undetected
__buf_split_629 /1 undetected
U1015 /1 undetected
test_en->__tpi_cp_69___aig_and_484 /0 undetected
SUB_110_U7->__aig_and_484 /1 undetected
__aig_and_484 /0 undetected
test_en->__tpi_cp_70___aig_and_479 /0 undetected
__buf_split_623 /1 undetected
__tpi_not_test_en->__tpi_cp_63_U1011 /1 undetected
__tpi_cp_63_U1011 /1 undetected
U1011 /1 undetected
SUB_110_U6 /1 undetected
test_en->__tpi_cp_91___aig_and_691 /0 undetected
__buf_split_786->__aig_and_691 /1 undetected
SUB_110_U26->__aig_and_691 /1 undetected
__aig_and_691 /0 undetected
test_en->__tpi_cp_68___aig_and_475 /0 undetected
__buf_split_617 /1 undetected
__tpi_not_test_en->__tpi_cp_59_U1007 /1 undetected
__tpi_cp_59_U1007 /1 undetected
U1007 /1 undetected
SUB_110_U8 /1 undetected
test_en->__tpi_cp_90___aig_and_692 /0 undetected
SUB_110_U25->__aig_and_692 /1 undetected
__aig_and_692 /0 undetected
__buf_split_788 /1 undetected
__buf_split_265 /1 undetected
U1019->__aig_and_184 /1 undetected
__aig_and_697 /0 undetected
__buf_split_810 /1 undetected
SUB_110_U24 /1 undetected
__buf_split_635->__aig_and_487 /1 undetected
__tpi_not_test_en->__tpi_cp_42_SUB_110_U30 /1 undetected
SUB_110_U30 /1 undetected
test_en->__tpi_cp_100___aig_and_707 /0 undetected
__aig_and_707 /0 undetected
__buf_split_635 /1 undetected
U707 /1 undetected
__buf_split_809->__aig_and_704 /1 undetected
__aig_and_1212 /0 undetected
__tpi_not_test_en->__tpi_cp_86___aig_not_1211 /1 undetected
__aig_not_1216->__aig_and_1217 /1 undetected
__tpi_not_test_en->__tpi_cp_34___aig_not_1215 /1 undetected
__tpi_cp_34___aig_not_1215 /1 undetected
__aig_not_1215 /1 undetected
test_en->__tpi_cp_104_GT_108_U7 /0 undetected
__aig_and_1214->GT_108_U7 /1 undetected
GT_108_U7 /0 undetected
__buf_split_1270 /1 undetected
__tpi_not_test_en->__tpi_cp_114_SUB_110_U16 /1 undetected
test_en->__tpi_cp_107___aig_and_700 /0 undetected
__buf_split_797->__aig_and_700 /1 undetected
__tpi_not_test_en->__tpi_cp_45_SUB_110_U31 /1 undetected
test_en->__tpi_cp_115___aig_and_708 /0 undetected
SUB_110_U32 /1 undetected
__aig_and_709 /0 undetected
__tpi_not_test_en->__tpi_cp_88___aig_and_177 /1 undetected
test_en->__tpi_cp_105___aig_and_474 /0 undetected
__tpi_not_test_en->__tpi_cp_96___aig_and_179 /1 undetected
test_en->__tpi_cp_102___aig_and_478 /0 undetected
__tpi_not_test_en->__tpi_cp_22_SUB_103_U8 /1 undetected
test_en->__tpi_cp_101___aig_and_624 /0 undetected
__tpi_not_test_en->__tpi_cp_111___aig_and_181 /1 undetected
__tpi_not_test_en->__tpi_cp_120_SUB_103_U10 /1 undetected
test_en->__tpi_cp_116___aig_and_630 /0 undetected
