[onpolicy-r5/subckt_0266] [plan] torch_deterministic=true
[onpolicy-r5/subckt_0266] [plan] latent_norm_clip_ratio=4 latent_norm_limit=30.518511
[onpolicy-r5/subckt_0266] [plan] step=1 node=new_n28915 type=observe q_typed_residual_context=5.164920 sequence=5.164920
[onpolicy-r5/subckt_0266] [plan] step=2 node=new_n15298 type=observe q_typed_residual_context=6.234439 sequence=11.399359
[onpolicy-r5/subckt_0266] [plan] step=3 node=__buf_split_39849 type=observe q_typed_residual_context=7.471909 sequence=18.871268
[onpolicy-r5/subckt_0266] [plan] step=4 node=new_n15301 type=observe q_typed_residual_context=6.747028 sequence=25.618296
[onpolicy-r5/subckt_0266] [plan] step=5 node=__buf_split_20892 type=observe q_typed_residual_context=4.194730 sequence=29.813026
[onpolicy-r5/subckt_0266] [plan] step=6 node=new_n28913 type=observe q_typed_residual_context=4.495653 sequence=34.308678
[onpolicy-r5/subckt_0266] [plan] step=7 node=__aig_and_31990 type=control1 q_typed_residual_context=2.830695 sequence=37.139373
[onpolicy-r5/subckt_0266] [plan] step=8 node=new_n29146 type=observe q_typed_residual_context=2.535608 sequence=39.674981
[onpolicy-r5/subckt_0266] [plan] step=9 node=__aig_not_62966 type=control0 q_typed_residual_context=1.985862 sequence=41.660844
[onpolicy-r5/subckt_0266] [plan] step=10 node=__aig_and_62955 type=control0 q_typed_residual_context=1.397960 sequence=43.058804
[onpolicy-r5/subckt_0266] [plan] step=11 node=__aig_and_62965 type=control1 q_typed_residual_context=1.260327 sequence=44.319130
[onpolicy-r5/subckt_0266] [plan] step=12 node=__aig_not_62927 type=control0 q_typed_residual_context=1.200845 sequence=45.519975
[onpolicy-r5/subckt_0266] [plan] step=13 node=__aig_and_34071 type=control0 q_typed_residual_context=1.252560 sequence=46.772536
[onpolicy-r5/subckt_0266] [plan] step=14 node=__aig_and_34003 type=control0 q_typed_residual_context=1.232531 sequence=48.005067
[onpolicy-r5/subckt_0266] [plan] step=15 node=__aig_and_62884 type=observe q_typed_residual_context=1.942522 sequence=49.947588
[onpolicy-r5/subckt_0266] [plan] step=16 node=__aig_and_62427 type=observe q_typed_residual_context=1.362702 sequence=51.310291
[onpolicy-r5/subckt_0266] [plan] step=17 node=__aig_and_33731 type=control0 q_typed_residual_context=1.197002 sequence=52.507293
[onpolicy-r5/subckt_0266] [plan] step=18 node=__aig_and_31964 type=control0 q_typed_residual_context=1.354246 sequence=53.861539
[onpolicy-r5/subckt_0266] [plan] step=19 node=__aig_and_62531 type=control0 q_typed_residual_context=1.208052 sequence=55.069590
[onpolicy-r5/subckt_0266] [plan] step=20 node=__aig_not_63448 type=control0 q_typed_residual_context=1.110018 sequence=56.179608
[onpolicy-r5/subckt_0266] [plan] step=21 node=__buf_split_40826 type=control0 q_typed_residual_context=1.500478 sequence=57.680086
[onpolicy-r5/subckt_0266] [plan] step=22 node=__aig_not_62513 type=control0 q_typed_residual_context=1.998817 sequence=59.678903
[onpolicy-r5/subckt_0266] [plan] step=23 node=__aig_not_62510 type=control0 q_typed_residual_context=1.892649 sequence=61.571552
[onpolicy-r5/subckt_0266] [plan] step=24 node=__aig_not_62957 type=control0 q_typed_residual_context=2.372394 sequence=63.943947
[onpolicy-r5/subckt_0266] [plan] step=25 node=__aig_not_62486 type=control0 q_typed_residual_context=3.315336 sequence=67.259283
[onpolicy-r5/subckt_0266] [plan] step=26 node=__buf_split_40498 type=control0 q_typed_residual_context=3.621492 sequence=70.880775
[onpolicy-r5/subckt_0266] [plan] step=27 node=__aig_not_62484 type=control0 q_typed_residual_context=2.985120 sequence=73.865894
[onpolicy-r5/subckt_0266] [plan] step=28 node=__aig_not_34099 type=control0 q_typed_residual_context=2.743187 sequence=76.609082
[onpolicy-r5/subckt_0266] [plan] step=29 node=__aig_not_33703 type=control0 q_typed_residual_context=2.644914 sequence=79.253995
[onpolicy-r5/subckt_0266] [plan] step=30 node=__aig_not_34401 type=control0 q_typed_residual_context=2.790306 sequence=82.044302
[onpolicy-r5/subckt_0266] [plan] step=31 node=__aig_not_62560 type=control0 q_typed_residual_context=2.979597 sequence=85.023899
[onpolicy-r5/subckt_0266] [plan] step=32 node=__aig_not_34073 type=control0 q_typed_residual_context=3.445126 sequence=88.469025
[onpolicy-r5/subckt_0266] saved=autoresearch/loop-260720-0945/model_training_round5/onpolicy_plans/subckt_0266.csv
