[onpolicy-r5/subckt_0295] [plan] torch_deterministic=true
[onpolicy-r5/subckt_0295] [plan] latent_norm_clip_ratio=4 latent_norm_limit=30.699110
[onpolicy-r5/subckt_0295] [plan] step=1 node=__buf_split_73 type=control1 q_typed_residual_context=7.255232 sequence=7.255232
[onpolicy-r5/subckt_0295] [plan] step=2 node=__aig_and_190 type=observe q_typed_residual_context=3.234931 sequence=10.490163
[onpolicy-r5/subckt_0295] [plan] step=3 node=__buf_split_149 type=control0 q_typed_residual_context=3.757504 sequence=14.247668
[onpolicy-r5/subckt_0295] [plan] step=4 node=159 type=control0 q_typed_residual_context=3.747000 sequence=17.994668
[onpolicy-r5/subckt_0295] [plan] step=5 node=__buf_split_270 type=control0 q_typed_residual_context=3.937158 sequence=21.931825
[onpolicy-r5/subckt_0295] [plan] step=6 node=428 type=control0 q_typed_residual_context=3.298772 sequence=25.230598
[onpolicy-r5/subckt_0295] [plan] step=7 node=154 type=control0 q_typed_residual_context=4.010856 sequence=29.241454
[onpolicy-r5/subckt_0295] [plan] step=8 node=__aig_not_335 type=control0 q_typed_residual_context=2.244242 sequence=31.485696
[onpolicy-r5/subckt_0295] [plan] step=9 node=__buf_split_204 type=observe q_typed_residual_context=2.324906 sequence=33.810602
[onpolicy-r5/subckt_0295] [plan] step=10 node=__aig_and_352 type=control1 q_typed_residual_context=2.512131 sequence=36.322733
[onpolicy-r5/subckt_0295] [plan] step=11 node=__aig_and_327 type=observe q_typed_residual_context=2.868127 sequence=39.190860
[onpolicy-r5/subckt_0295] [plan] step=12 node=360 type=control0 q_typed_residual_context=2.596069 sequence=41.786929
[onpolicy-r5/subckt_0295] [plan] step=13 node=__buf_split_266 type=control0 q_typed_residual_context=6.635718 sequence=48.422646
[onpolicy-r5/subckt_0295] [plan] step=14 node=__buf_split_264 type=control0 q_typed_residual_context=5.688228 sequence=54.110874
[onpolicy-r5/subckt_0295] [plan] step=15 node=__aig_not_143 type=control0 q_typed_residual_context=1.631839 sequence=55.742713
[onpolicy-r5/subckt_0295] [plan] step=16 node=__aig_not_118 type=control0 q_typed_residual_context=2.045432 sequence=57.788145
[onpolicy-r5/subckt_0295] [plan] step=17 node=__aig_and_344 type=observe q_typed_residual_context=1.417210 sequence=59.205355
[onpolicy-r5/subckt_0295] [plan] step=18 node=__aig_and_355 type=control1 q_typed_residual_context=1.725218 sequence=60.930573
[onpolicy-r5/subckt_0295] [plan] step=19 node=370 type=control0 q_typed_residual_context=2.000636 sequence=62.931209
[onpolicy-r5/subckt_0295] [plan] step=20 node=380 type=control0 q_typed_residual_context=1.886034 sequence=64.817243
[onpolicy-r5/subckt_0295] [plan] step=21 node=__aig_and_324 type=observe q_typed_residual_context=2.315901 sequence=67.133144
[onpolicy-r5/subckt_0295] [plan] step=22 node=__aig_and_319 type=observe q_typed_residual_context=1.457696 sequence=68.590841
[onpolicy-r5/subckt_0295] [plan] step=23 node=__aig_and_178 type=control1 q_typed_residual_context=1.459121 sequence=70.049962
[onpolicy-r5/subckt_0295] [plan] step=24 node=__aig_and_318 type=observe q_typed_residual_context=0.912075 sequence=70.962037
[onpolicy-r5/subckt_0295] [plan] step=25 node=__aig_and_4 type=observe q_typed_residual_context=0.808751 sequence=71.770788
[onpolicy-r5/subckt_0295] [plan] step=26 node=147 type=control0 q_typed_residual_context=0.726700 sequence=72.497487
[onpolicy-r5/subckt_0295] [plan] step=27 node=__aig_and_288 type=control1 q_typed_residual_context=1.278313 sequence=73.775801
[onpolicy-r5/subckt_0295] [plan] step=28 node=__aig_and_44 type=observe q_typed_residual_context=0.920448 sequence=74.696249
[onpolicy-r5/subckt_0295] [plan] step=29 node=__aig_and_331 type=control1 q_typed_residual_context=1.172059 sequence=75.868308
[onpolicy-r5/subckt_0295] [plan] step=30 node=135 type=control0 q_typed_residual_context=1.498655 sequence=77.366963
[onpolicy-r5/subckt_0295] [plan] step=31 node=151 type=control0 q_typed_residual_context=0.951728 sequence=78.318691
[onpolicy-r5/subckt_0295] [plan] step=32 node=143 type=control0 q_typed_residual_context=0.791095 sequence=79.109786
[onpolicy-r5/subckt_0295] saved=autoresearch/loop-260720-0945/model_training_round5/onpolicy_plans/subckt_0295.csv
