[onpolicy-r5/subckt_0010] [plan] torch_deterministic=true
[onpolicy-r5/subckt_0010] [plan] latent_norm_clip_ratio=4 latent_norm_limit=30.843946
[onpolicy-r5/subckt_0010] [plan] step=1 node=new_n21545_ type=control0 q_typed_residual_context=2.884015 sequence=2.884015
[onpolicy-r5/subckt_0010] [plan] step=2 node=new_n16252_ type=control1 q_typed_residual_context=2.148822 sequence=5.032837
[onpolicy-r5/subckt_0010] [plan] step=3 node=new_n21571_ type=control0 q_typed_residual_context=2.298008 sequence=7.330845
[onpolicy-r5/subckt_0010] [plan] step=4 node=new_n16212_ type=control0 q_typed_residual_context=3.132861 sequence=10.463706
[onpolicy-r5/subckt_0010] [plan] step=5 node=new_n14130_ type=observe q_typed_residual_context=1.954125 sequence=12.417831
[onpolicy-r5/subckt_0010] [plan] step=6 node=new_n16272_ type=control0 q_typed_residual_context=2.151849 sequence=14.569679
[onpolicy-r5/subckt_0010] [plan] step=7 node=new_n21592_ type=control0 q_typed_residual_context=1.950066 sequence=16.519745
[onpolicy-r5/subckt_0010] [plan] step=8 node=new_n13596_ type=control0 q_typed_residual_context=1.793190 sequence=18.312935
[onpolicy-r5/subckt_0010] [plan] step=9 node=new_n13603_ type=control1 q_typed_residual_context=2.103244 sequence=20.416179
[onpolicy-r5/subckt_0010] [plan] step=10 node=new_n14151_ type=control0 q_typed_residual_context=2.217082 sequence=22.633261
[onpolicy-r5/subckt_0010] [plan] step=11 node=new_n14516_ type=control1 q_typed_residual_context=1.957621 sequence=24.590882
[onpolicy-r5/subckt_0010] [plan] step=12 node=new_n14148_ type=control1 q_typed_residual_context=2.318387 sequence=26.909270
[onpolicy-r5/subckt_0010] [plan] step=13 node=new_n13622_ type=control0 q_typed_residual_context=1.942502 sequence=28.851772
[onpolicy-r5/subckt_0010] [plan] step=14 node=new_n13614_ type=control0 q_typed_residual_context=1.868876 sequence=30.720648
[onpolicy-r5/subckt_0010] [plan] step=15 node=new_n14787_ type=control0 q_typed_residual_context=1.794466 sequence=32.515114
[onpolicy-r5/subckt_0010] [plan] step=16 node=new_n16241_ type=control0 q_typed_residual_context=2.658778 sequence=35.173892
[onpolicy-r5/subckt_0010] [plan] step=17 node=new_n14170_ type=control0 q_typed_residual_context=4.633270 sequence=39.807162
[onpolicy-r5/subckt_0010] [plan] step=18 node=new_n14140_ type=observe q_typed_residual_context=3.326142 sequence=43.133304
[onpolicy-r5/subckt_0010] [plan] step=19 node=__buf_split_10692 type=observe q_typed_residual_context=1.805033 sequence=44.938338
[onpolicy-r5/subckt_0010] [plan] step=20 node=new_n14969_ type=control1 q_typed_residual_context=1.910071 sequence=46.848409
[onpolicy-r5/subckt_0010] [plan] step=21 node=new_n14958_ type=control1 q_typed_residual_context=1.455517 sequence=48.303926
[onpolicy-r5/subckt_0010] [plan] step=22 node=__buf_split_7039 type=observe q_typed_residual_context=1.815231 sequence=50.119158
[onpolicy-r5/subckt_0010] [plan] step=23 node=new_n14378_ type=observe q_typed_residual_context=1.731464 sequence=51.850622
[onpolicy-r5/subckt_0010] [plan] step=24 node=new_n14405_ type=control1 q_typed_residual_context=1.128806 sequence=52.979428
[onpolicy-r5/subckt_0010] [plan] step=25 node=__buf_split_5617 type=observe q_typed_residual_context=1.349237 sequence=54.328666
[onpolicy-r5/subckt_0010] [plan] step=26 node=new_n14865_ type=control1 q_typed_residual_context=1.370164 sequence=55.698830
[onpolicy-r5/subckt_0010] [plan] step=27 node=new_n14861_ type=control1 q_typed_residual_context=1.585931 sequence=57.284761
[onpolicy-r5/subckt_0010] [plan] step=28 node=new_n14776_ type=control1 q_typed_residual_context=2.049185 sequence=59.333946
[onpolicy-r5/subckt_0010] [plan] step=29 node=new_n14558_ type=control1 q_typed_residual_context=1.414198 sequence=60.748145
[onpolicy-r5/subckt_0010] [plan] step=30 node=new_n21522_ type=control1 q_typed_residual_context=1.984970 sequence=62.733115
[onpolicy-r5/subckt_0010] [plan] step=31 node=ys__n3770 type=control0 q_typed_residual_context=1.123932 sequence=63.857047
[onpolicy-r5/subckt_0010] [plan] step=32 node=__buf_split_5061 type=control0 q_typed_residual_context=1.024942 sequence=64.881989
[onpolicy-r5/subckt_0010] saved=autoresearch/loop-260720-0945/model_training_round5/onpolicy_plans/subckt_0010.csv
