[onpolicy-r5/subckt_0086] [plan] torch_deterministic=true
[onpolicy-r5/subckt_0086] [plan] latent_norm_clip_ratio=4 latent_norm_limit=30.589046
[onpolicy-r5/subckt_0086] [plan] step=1 node=ADD_65_U20 type=observe q_typed_residual_context=3.394597 sequence=3.394597
[onpolicy-r5/subckt_0086] [plan] step=2 node=__aig_and_5 type=control1 q_typed_residual_context=2.082356 sequence=5.476953
[onpolicy-r5/subckt_0086] [plan] step=3 node=ADD_65_U14 type=observe q_typed_residual_context=5.074275 sequence=10.551228
[onpolicy-r5/subckt_0086] [plan] step=4 node=ADD_65_U26 type=control0 q_typed_residual_context=3.545671 sequence=14.096899
[onpolicy-r5/subckt_0086] [plan] step=5 node=ADD_65_U31 type=control0 q_typed_residual_context=3.125205 sequence=17.222104
[onpolicy-r5/subckt_0086] [plan] step=6 node=U373 type=control0 q_typed_residual_context=1.357712 sequence=18.579816
[onpolicy-r5/subckt_0086] [plan] step=7 node=ADD_65_U23 type=observe q_typed_residual_context=3.232247 sequence=21.812063
[onpolicy-r5/subckt_0086] [plan] step=8 node=__aig_and_21 type=control1 q_typed_residual_context=1.457170 sequence=23.269233
[onpolicy-r5/subckt_0086] [plan] step=9 node=ADD_65_U12 type=control0 q_typed_residual_context=1.691833 sequence=24.961066
[onpolicy-r5/subckt_0086] [plan] step=10 node=U368 type=control1 q_typed_residual_context=1.436157 sequence=26.397223
[onpolicy-r5/subckt_0086] [plan] step=11 node=U367 type=control1 q_typed_residual_context=1.517219 sequence=27.914442
[onpolicy-r5/subckt_0086] [plan] step=12 node=U549 type=control0 q_typed_residual_context=1.619529 sequence=29.533971
[onpolicy-r5/subckt_0086] [plan] step=13 node=ADD_65_U5 type=control0 q_typed_residual_context=2.049178 sequence=31.583149
[onpolicy-r5/subckt_0086] [plan] step=14 node=ADD_65_U28 type=control0 q_typed_residual_context=2.165697 sequence=33.748845
[onpolicy-r5/subckt_0086] [plan] step=15 node=U288 type=control0 q_typed_residual_context=1.863998 sequence=35.612843
[onpolicy-r5/subckt_0086] [plan] step=16 node=GTE_67_U6 type=control0 q_typed_residual_context=2.274037 sequence=37.886880
[onpolicy-r5/subckt_0086] [plan] step=17 node=U287 type=control0 q_typed_residual_context=2.611380 sequence=40.498260
[onpolicy-r5/subckt_0086] [plan] step=18 node=__aig_and_366 type=control1 q_typed_residual_context=3.532868 sequence=44.031127
[onpolicy-r5/subckt_0086] [plan] step=19 node=__aig_and_390 type=control1 q_typed_residual_context=2.968742 sequence=46.999869
[onpolicy-r5/subckt_0086] [plan] step=20 node=__aig_and_285 type=control1 q_typed_residual_context=4.526529 sequence=51.526398
[onpolicy-r5/subckt_0086] [plan] step=21 node=__aig_and_255 type=control1 q_typed_residual_context=5.296722 sequence=56.823120
[onpolicy-r5/subckt_0086] [plan] step=22 node=__aig_and_397 type=control1 q_typed_residual_context=4.312866 sequence=61.135986
[onpolicy-r5/subckt_0086] [plan] step=23 node=__aig_and_279 type=control1 q_typed_residual_context=3.622196 sequence=64.758182
[onpolicy-r5/subckt_0086] [plan] step=24 node=__aig_and_261 type=control1 q_typed_residual_context=3.853220 sequence=68.611401
[onpolicy-r5/subckt_0086] [plan] step=25 node=__aig_and_273 type=control1 q_typed_residual_context=4.789043 sequence=73.400445
[onpolicy-r5/subckt_0086] [plan] step=26 node=__aig_and_267 type=control1 q_typed_residual_context=7.024129 sequence=80.424573
[onpolicy-r5/subckt_0086] [plan] step=27 node=__buf_split_307 type=observe q_typed_residual_context=6.391309 sequence=86.815882
[onpolicy-r5/subckt_0086] [plan] step=28 node=__aig_and_392 type=observe q_typed_residual_context=6.724394 sequence=93.540276
[onpolicy-r5/subckt_0086] [plan] step=29 node=U504 type=observe q_typed_residual_context=3.750652 sequence=97.290929
[onpolicy-r5/subckt_0086] [plan] step=30 node=U509 type=observe q_typed_residual_context=4.507151 sequence=101.798080
[onpolicy-r5/subckt_0086] [plan] step=31 node=U276 type=control1 q_typed_residual_context=3.797874 sequence=105.595954
[onpolicy-r5/subckt_0086] [plan] step=32 node=__aig_and_292 type=observe q_typed_residual_context=2.321704 sequence=107.917658
[onpolicy-r5/subckt_0086] saved=autoresearch/loop-260720-0945/model_training_round5/onpolicy_plans/subckt_0086.csv
