[onpolicy-r5/subckt_0081] [plan] torch_deterministic=true
[onpolicy-r5/subckt_0081] [plan] latent_norm_clip_ratio=4 latent_norm_limit=30.258963
[onpolicy-r5/subckt_0081] [plan] step=1 node=II1465 type=control1 q_typed_residual_context=2.200944 sequence=2.200944
[onpolicy-r5/subckt_0081] [plan] step=2 node=__buf_split_283 type=control1 q_typed_residual_context=2.211329 sequence=4.412274
[onpolicy-r5/subckt_0081] [plan] step=3 node=__aig_not_383 type=control1 q_typed_residual_context=1.600644 sequence=6.012917
[onpolicy-r5/subckt_0081] [plan] step=4 node=II1533 type=control1 q_typed_residual_context=1.648699 sequence=7.661617
[onpolicy-r5/subckt_0081] [plan] step=5 node=Z type=control0 q_typed_residual_context=1.482966 sequence=9.144583
[onpolicy-r5/subckt_0081] [plan] step=6 node=__buf_split_350 type=control0 q_typed_residual_context=1.853740 sequence=10.998323
[onpolicy-r5/subckt_0081] [plan] step=7 node=II1219_4 type=control1 q_typed_residual_context=1.859633 sequence=12.857955
[onpolicy-r5/subckt_0081] [plan] step=8 node=__buf_split_345 type=control0 q_typed_residual_context=1.484664 sequence=14.342620
[onpolicy-r5/subckt_0081] [plan] step=9 node=II1971 type=control0 q_typed_residual_context=1.371191 sequence=15.713811
[onpolicy-r5/subckt_0081] [plan] step=10 node=II1389 type=control1 q_typed_residual_context=1.770874 sequence=17.484685
[onpolicy-r5/subckt_0081] [plan] step=11 node=II1223 type=control0 q_typed_residual_context=1.399080 sequence=18.883765
[onpolicy-r5/subckt_0081] [plan] step=12 node=II1492 type=control0 q_typed_residual_context=1.548498 sequence=20.432263
[onpolicy-r5/subckt_0081] [plan] step=13 node=__aig_not_370 type=control0 q_typed_residual_context=1.929988 sequence=22.362251
[onpolicy-r5/subckt_0081] [plan] step=14 node=II1416 type=control0 q_typed_residual_context=2.160132 sequence=24.522383
[onpolicy-r5/subckt_0081] [plan] step=15 node=II1351 type=control0 q_typed_residual_context=2.106519 sequence=26.628903
[onpolicy-r5/subckt_0081] [plan] step=16 node=__buf_split_279 type=control0 q_typed_residual_context=3.100888 sequence=29.729791
[onpolicy-r5/subckt_0081] [plan] step=17 node=II1348 type=control0 q_typed_residual_context=2.817984 sequence=32.547775
[onpolicy-r5/subckt_0081] [plan] step=18 node=__buf_split_78 type=control0 q_typed_residual_context=2.262171 sequence=34.809946
[onpolicy-r5/subckt_0081] [plan] step=19 node=__buf_split_61 type=control0 q_typed_residual_context=2.332901 sequence=37.142847
[onpolicy-r5/subckt_0081] [plan] step=20 node=II1283 type=control0 q_typed_residual_context=1.990856 sequence=39.133704
[onpolicy-r5/subckt_0081] [plan] step=21 node=__buf_split_79 type=control0 q_typed_residual_context=0.997431 sequence=40.131135
[onpolicy-r5/subckt_0081] [plan] step=22 node=II2002 type=observe q_typed_residual_context=0.982623 sequence=41.113758
[onpolicy-r5/subckt_0081] [plan] step=23 node=__buf_split_349 type=control0 q_typed_residual_context=1.029143 sequence=42.142901
[onpolicy-r5/subckt_0081] [plan] step=24 node=__aig_not_358 type=control0 q_typed_residual_context=0.904260 sequence=43.047161
[onpolicy-r5/subckt_0081] [plan] step=25 node=__buf_split_74 type=control0 q_typed_residual_context=1.278336 sequence=44.325497
[onpolicy-r5/subckt_0081] [plan] step=26 node=__buf_split_364 type=control0 q_typed_residual_context=1.447616 sequence=45.773113
[onpolicy-r5/subckt_0081] [plan] step=27 node=__buf_split_57 type=control0 q_typed_residual_context=1.245443 sequence=47.018555
[onpolicy-r5/subckt_0081] [plan] step=28 node=__buf_split_69 type=control0 q_typed_residual_context=1.155263 sequence=48.173818
[onpolicy-r5/subckt_0081] [plan] step=29 node=__buf_split_82 type=control0 q_typed_residual_context=1.691685 sequence=49.865503
[onpolicy-r5/subckt_0081] [plan] step=30 node=__buf_split_365 type=control0 q_typed_residual_context=2.295785 sequence=52.161288
[onpolicy-r5/subckt_0081] [plan] step=31 node=__aig_not_337 type=control0 q_typed_residual_context=1.223905 sequence=53.385194
[onpolicy-r5/subckt_0081] [plan] step=32 node=__buf_split_360 type=control0 q_typed_residual_context=1.650429 sequence=55.035623
[onpolicy-r5/subckt_0081] saved=autoresearch/loop-260720-0945/model_training_round5/onpolicy_plans/subckt_0081.csv
