[onpolicy-r5/subckt_0063] [plan] torch_deterministic=true
[onpolicy-r5/subckt_0063] [plan] latent_norm_clip_ratio=4 latent_norm_limit=30.576637
[onpolicy-r5/subckt_0063] [plan] step=1 node=__aig_and_11954 type=observe q_typed_residual_context=6.668149 sequence=6.668149
[onpolicy-r5/subckt_0063] [plan] step=2 node=__aig_and_11960 type=observe q_typed_residual_context=6.529350 sequence=13.197499
[onpolicy-r5/subckt_0063] [plan] step=3 node=__aig_and_11964 type=observe q_typed_residual_context=2.998970 sequence=16.196469
[onpolicy-r5/subckt_0063] [plan] step=4 node=new_n6240 type=observe q_typed_residual_context=2.345800 sequence=18.542268
[onpolicy-r5/subckt_0063] [plan] step=5 node=new_n6232 type=observe q_typed_residual_context=1.913222 sequence=20.455490
[onpolicy-r5/subckt_0063] [plan] step=6 node=__aig_and_1965 type=control1 q_typed_residual_context=0.771976 sequence=21.227467
[onpolicy-r5/subckt_0063] [plan] step=7 node=__aig_and_1947 type=control1 q_typed_residual_context=2.346758 sequence=23.574225
[onpolicy-r5/subckt_0063] [plan] step=8 node=__aig_and_1893 type=control1 q_typed_residual_context=1.701532 sequence=25.275757
[onpolicy-r5/subckt_0063] [plan] step=9 node=__aig_and_1929 type=control1 q_typed_residual_context=1.494594 sequence=26.770351
[onpolicy-r5/subckt_0063] [plan] step=10 node=__aig_and_1911 type=control1 q_typed_residual_context=1.728791 sequence=28.499142
[onpolicy-r5/subckt_0063] [plan] step=11 node=__aig_and_1875 type=control1 q_typed_residual_context=2.848515 sequence=31.347657
[onpolicy-r5/subckt_0063] [plan] step=12 node=__aig_and_11958 type=control0 q_typed_residual_context=4.428336 sequence=35.775993
[onpolicy-r5/subckt_0063] [plan] step=13 node=__buf_split_1410 type=control0 q_typed_residual_context=0.938053 sequence=36.714045
[onpolicy-r5/subckt_0063] [plan] step=14 node=__buf_split_1397 type=control0 q_typed_residual_context=0.978094 sequence=37.692140
[onpolicy-r5/subckt_0063] [plan] step=15 node=__aig_not_12005 type=control0 q_typed_residual_context=1.055215 sequence=38.747355
[onpolicy-r5/subckt_0063] [plan] step=16 node=__aig_not_12001 type=control0 q_typed_residual_context=1.989322 sequence=40.736677
[onpolicy-r5/subckt_0063] [plan] step=17 node=__aig_not_11997 type=control0 q_typed_residual_context=3.286057 sequence=44.022734
[onpolicy-r5/subckt_0063] [plan] step=18 node=__aig_not_12009 type=control0 q_typed_residual_context=4.195947 sequence=48.218681
[onpolicy-r5/subckt_0063] [plan] step=19 node=__aig_not_1901 type=control0 q_typed_residual_context=5.897403 sequence=54.116084
[onpolicy-r5/subckt_0063] [plan] step=20 node=__aig_not_12013 type=control0 q_typed_residual_context=4.968063 sequence=59.084147
[onpolicy-r5/subckt_0063] [plan] step=21 node=__aig_not_11945 type=control0 q_typed_residual_context=5.088269 sequence=64.172416
[onpolicy-r5/subckt_0063] [plan] step=22 node=__buf_split_1419 type=control0 q_typed_residual_context=4.029032 sequence=68.201449
[onpolicy-r5/subckt_0063] [plan] step=23 node=__aig_and_12016 type=control1 q_typed_residual_context=2.718664 sequence=70.920113
[onpolicy-r5/subckt_0063] [plan] step=24 node=__aig_not_1919 type=control0 q_typed_residual_context=2.406450 sequence=73.326563
[onpolicy-r5/subckt_0063] [plan] step=25 node=new_n6228 type=control0 q_typed_residual_context=3.510961 sequence=76.837524
[onpolicy-r5/subckt_0063] [plan] step=26 node=__buf_split_6553 type=control0 q_typed_residual_context=2.365175 sequence=79.202699
[onpolicy-r5/subckt_0063] [plan] step=27 node=__buf_split_1412 type=control0 q_typed_residual_context=2.215977 sequence=81.418676
[onpolicy-r5/subckt_0063] [plan] step=28 node=__buf_split_1374 type=control0 q_typed_residual_context=1.695944 sequence=83.114620
[onpolicy-r5/subckt_0063] [plan] step=29 node=new_n1232 type=control0 q_typed_residual_context=1.259541 sequence=84.374161
[onpolicy-r5/subckt_0063] [plan] step=30 node=__buf_split_1359 type=control0 q_typed_residual_context=1.399675 sequence=85.773836
[onpolicy-r5/subckt_0063] [plan] step=31 node=__aig_and_1889 type=control0 q_typed_residual_context=0.929657 sequence=86.703493
[onpolicy-r5/subckt_0063] [plan] step=32 node=__aig_and_1925 type=control0 q_typed_residual_context=1.007605 sequence=87.711098
[onpolicy-r5/subckt_0063] saved=autoresearch/loop-260720-0945/model_training_round5/onpolicy_plans/subckt_0063.csv
