[b15-r6-type/type_balanced_toplist/best_final_horizon/q_typed_residual_context/a0.10/w0.75] [gmean] 2026-07-21T10:58:04 out_dir=autoresearch/loop-260720-0945/model_training_round6_type_balanced/b15_selection/type_balanced_toplist/best_final_horizon/q_typed_residual_context/alpha_0p10_weight_0p75
[b15-r6-type/type_balanced_toplist/best_final_horizon/q_typed_residual_context/a0.10/w0.75] [gmean] 2026-07-21T10:58:04 budgets=iscas99__b15_1:278
[b15-r6-type/type_balanced_toplist/best_final_horizon/q_typed_residual_context/a0.10/w0.75] [gmean] 2026-07-21T10:58:04 variant_start id=greedy__cumulative__q_typed_residual_context__bw1__d1__c48__g1p0__candhard_fault_cluster__div0p0__s0
[b15-r6-type/type_balanced_toplist/best_final_horizon/q_typed_residual_context/a0.10/w0.75] [gmean] 2026-07-21T10:58:04 [1/1] plan_start benchmark=iscas99__b15_1 budget=278 planner=greedy score=q_typed_residual_context
[b15-r6-type/type_balanced_toplist/best_final_horizon/q_typed_residual_context/a0.10/w0.75] [plan iscas99__b15_1] [plan] torch_deterministic=true
[b15-r6-type/type_balanced_toplist/best_final_horizon/q_typed_residual_context/a0.10/w0.75] [plan iscas99__b15_1] [plan] candidate_allowlist=autoresearch/original-netlist-recovery-260712/exact_itc99/b15_C/exact_candidate_nodes.txt nodes=7918
[b15-r6-type/type_balanced_toplist/best_final_horizon/q_typed_residual_context/a0.10/w0.75] [plan iscas99__b15_1] [plan] latent_norm_clip_ratio=4 latent_norm_limit=30.875631
[b15-r6-type/type_balanced_toplist/best_final_horizon/q_typed_residual_context/a0.10/w0.75] [plan iscas99__b15_1] [plan] step=1 node=N677 type=control1 q_typed_residual_context=5.248571 sequence=5.248571
[b15-r6-type/type_balanced_toplist/best_final_horizon/q_typed_residual_context/a0.10/w0.75] [plan iscas99__b15_1] [plan] step=2 node=N2155 type=observe q_typed_residual_context=4.719541 sequence=9.968112
[b15-r6-type/type_balanced_toplist/best_final_horizon/q_typed_residual_context/a0.10/w0.75] [plan iscas99__b15_1] [plan] step=3 node=N502 type=control1 q_typed_residual_context=1.990596 sequence=11.958708
[b15-r6-type/type_balanced_toplist/best_final_horizon/q_typed_residual_context/a0.10/w0.75] [plan iscas99__b15_1] [plan] step=4 node=N762 type=control1 q_typed_residual_context=1.685317 sequence=13.644025
[b15-r6-type/type_balanced_toplist/best_final_horizon/q_typed_residual_context/a0.10/w0.75] [plan iscas99__b15_1] [plan] step=5 node=N3644 type=control0 q_typed_residual_context=1.223334 sequence=14.867359
[b15-r6-type/type_balanced_toplist/best_final_horizon/q_typed_residual_context/a0.10/w0.75] [plan iscas99__b15_1] [plan] step=6 node=N3756 type=control0 q_typed_residual_context=1.094241 sequence=15.961599
[b15-r6-type/type_balanced_toplist/best_final_horizon/q_typed_residual_context/a0.10/w0.75] [plan iscas99__b15_1] [plan] step=7 node=N557 type=control1 q_typed_residual_context=0.977934 sequence=16.939534
[b15-r6-type/type_balanced_toplist/best_final_horizon/q_typed_residual_context/a0.10/w0.75] [plan iscas99__b15_1] [plan] step=8 node=N5143 type=observe q_typed_residual_context=1.057783 sequence=17.997317
[b15-r6-type/type_balanced_toplist/best_final_horizon/q_typed_residual_context/a0.10/w0.75] [plan iscas99__b15_1] [plan] step=9 node=N507 type=control1 q_typed_residual_context=0.945777 sequence=18.943095
[b15-r6-type/type_balanced_toplist/best_final_horizon/q_typed_residual_context/a0.10/w0.75] [plan iscas99__b15_1] [plan] step=10 node=N3742 type=control0 q_typed_residual_context=1.151325 sequence=20.094420
[b15-r6-type/type_balanced_toplist/best_final_horizon/q_typed_residual_context/a0.10/w0.75] [plan iscas99__b15_1] [plan] step=11 node=N564 type=control1 q_typed_residual_context=2.290324 sequence=22.384744
[b15-r6-type/type_balanced_toplist/best_final_horizon/q_typed_residual_context/a0.10/w0.75] [plan iscas99__b15_1] [plan] step=12 node=N5203 type=control1 q_typed_residual_context=1.553526 sequence=23.938270
[b15-r6-type/type_balanced_toplist/best_final_horizon/q_typed_residual_context/a0.10/w0.75] [plan iscas99__b15_1] [plan] step=13 node=N5866 type=observe q_typed_residual_context=3.265819 sequence=27.204088
[b15-r6-type/type_balanced_toplist/best_final_horizon/q_typed_residual_context/a0.10/w0.75] [plan iscas99__b15_1] [plan] step=14 node=N580 type=control1 q_typed_residual_context=3.101492 sequence=30.305580
[b15-r6-type/type_balanced_toplist/best_final_horizon/q_typed_residual_context/a0.10/w0.75] [plan iscas99__b15_1] [plan] step=15 node=N737 type=control1 q_typed_residual_context=2.764138 sequence=33.069718
[b15-r6-type/type_balanced_toplist/best_final_horizon/q_typed_residual_context/a0.10/w0.75] [plan iscas99__b15_1] [plan] step=16 node=N1853 type=observe q_typed_residual_context=1.838948 sequence=34.908666
[b15-r6-type/type_balanced_toplist/best_final_horizon/q_typed_residual_context/a0.10/w0.75] [plan iscas99__b15_1] [plan] step=17 node=N2082 type=observe q_typed_residual_context=4.715029 sequence=39.623695
[b15-r6-type/type_balanced_toplist/best_final_horizon/q_typed_residual_context/a0.10/w0.75] [plan iscas99__b15_1] [plan] step=18 node=N2153 type=observe q_typed_residual_context=4.604523 sequence=44.228218
[b15-r6-type/type_balanced_toplist/best_final_horizon/q_typed_residual_context/a0.10/w0.75] [plan iscas99__b15_1] [plan] step=19 node=N2101 type=observe q_typed_residual_context=5.304387 sequence=49.532605
[b15-r6-type/type_balanced_toplist/best_final_horizon/q_typed_residual_context/a0.10/w0.75] [plan iscas99__b15_1] [plan] step=20 node=N1860 type=observe q_typed_residual_context=4.806442 sequence=54.339047
[b15-r6-type/type_balanced_toplist/best_final_horizon/q_typed_residual_context/a0.10/w0.75] [plan iscas99__b15_1] [plan] step=21 node=N1372 type=observe q_typed_residual_context=4.186365 sequence=58.525412
[b15-r6-type/type_balanced_toplist/best_final_horizon/q_typed_residual_context/a0.10/w0.75] [plan iscas99__b15_1] [plan] step=22 node=N496 type=control1 q_typed_residual_context=6.740177 sequence=65.265589
[b15-r6-type/type_balanced_toplist/best_final_horizon/q_typed_residual_context/a0.10/w0.75] [plan iscas99__b15_1] [plan] step=23 node=N5723 type=control0 q_typed_residual_context=6.104136 sequence=71.369725
[b15-r6-type/type_balanced_toplist/best_final_horizon/q_typed_residual_context/a0.10/w0.75] [plan iscas99__b15_1] [plan] step=24 node=N582 type=control1 q_typed_residual_context=5.966673 sequence=77.336398
[b15-r6-type/type_balanced_toplist/best_final_horizon/q_typed_residual_context/a0.10/w0.75] [plan iscas99__b15_1] [plan] step=25 node=N7516 type=observe q_typed_residual_context=5.704931 sequence=83.041329
[b15-r6-type/type_balanced_toplist/best_final_horizon/q_typed_residual_context/a0.10/w0.75] [plan iscas99__b15_1] [plan] step=26 node=N766 type=control1 q_typed_residual_context=6.914894 sequence=89.956223
[b15-r6-type/type_balanced_toplist/best_final_horizon/q_typed_residual_context/a0.10/w0.75] [plan iscas99__b15_1] [plan] step=27 node=N5234 type=observe q_typed_residual_context=5.503304 sequence=95.459527
[b15-r6-type/type_balanced_toplist/best_final_horizon/q_typed_residual_context/a0.10/w0.75] [plan iscas99__b15_1] [plan] step=28 node=N1437 type=control1 q_typed_residual_context=4.383970 sequence=99.843496
[b15-r6-type/type_balanced_toplist/best_final_horizon/q_typed_residual_context/a0.10/w0.75] [plan iscas99__b15_1] [plan] step=29 node=N583 type=control1 q_typed_residual_context=4.354280 sequence=104.197776
[b15-r6-type/type_balanced_toplist/best_final_horizon/q_typed_residual_context/a0.10/w0.75] [plan iscas99__b15_1] [plan] step=30 node=N7411 type=control1 q_typed_residual_context=4.385641 sequence=108.583417
[b15-r6-type/type_balanced_toplist/best_final_horizon/q_typed_residual_context/a0.10/w0.75] [plan iscas99__b15_1] [plan] step=31 node=N4635 type=control0 q_typed_residual_context=7.832182 sequence=116.415600
[b15-r6-type/type_balanced_toplist/best_final_horizon/q_typed_residual_context/a0.10/w0.75] [plan iscas99__b15_1] [plan] step=32 node=N7511 type=control1 q_typed_residual_context=2.909826 sequence=119.325426
[b15-r6-type/type_balanced_toplist/best_final_horizon/q_typed_residual_context/a0.10/w0.75] [plan iscas99__b15_1] [plan] step=33 node=N2042 type=observe q_typed_residual_context=6.136535 sequence=125.461961
[b15-r6-type/type_balanced_toplist/best_final_horizon/q_typed_residual_context/a0.10/w0.75] [plan iscas99__b15_1] [plan] step=34 node=N7413 type=control1 q_typed_residual_context=4.742021 sequence=130.203982
[b15-r6-type/type_balanced_toplist/best_final_horizon/q_typed_residual_context/a0.10/w0.75] [plan iscas99__b15_1] [plan] step=35 node=N2044 type=observe q_typed_residual_context=6.236943 sequence=136.440925
[b15-r6-type/type_balanced_toplist/best_final_horizon/q_typed_residual_context/a0.10/w0.75] [plan iscas99__b15_1] [plan] step=36 node=N2040 type=observe q_typed_residual_context=5.901830 sequence=142.342755
[b15-r6-type/type_balanced_toplist/best_final_horizon/q_typed_residual_context/a0.10/w0.75] [plan iscas99__b15_1] [plan] step=37 node=N1532 type=observe q_typed_residual_context=4.133939 sequence=146.476695
[b15-r6-type/type_balanced_toplist/best_final_horizon/q_typed_residual_context/a0.10/w0.75] [plan iscas99__b15_1] [plan] step=38 node=N4649 type=control0 q_typed_residual_context=6.368330 sequence=152.845025
[b15-r6-type/type_balanced_toplist/best_final_horizon/q_typed_residual_context/a0.10/w0.75] [plan iscas99__b15_1] [plan] step=39 node=N3701 type=control0 q_typed_residual_context=0.892005 sequence=153.737030
[b15-r6-type/type_balanced_toplist/best_final_horizon/q_typed_residual_context/a0.10/w0.75] [plan iscas99__b15_1] [plan] step=40 node=N7881 type=control1 q_typed_residual_context=1.182207 sequence=154.919237
[b15-r6-type/type_balanced_toplist/best_final_horizon/q_typed_residual_context/a0.10/w0.75] [plan iscas99__b15_1] [plan] step=41 node=N7891 type=control1 q_typed_residual_context=1.637497 sequence=156.556734
[b15-r6-type/type_balanced_toplist/best_final_horizon/q_typed_residual_context/a0.10/w0.75] [plan iscas99__b15_1] [plan] step=42 node=N7882 type=control1 q_typed_residual_context=2.036042 sequence=158.592776
[b15-r6-type/type_balanced_toplist/best_final_horizon/q_typed_residual_context/a0.10/w0.75] [plan iscas99__b15_1] [plan] step=43 node=N4585 type=control0 q_typed_residual_context=0.821754 sequence=159.414529
[b15-r6-type/type_balanced_toplist/best_final_horizon/q_typed_residual_context/a0.10/w0.75] [plan iscas99__b15_1] [plan] step=44 node=N7883 type=control1 q_typed_residual_context=0.985712 sequence=160.400242
[b15-r6-type/type_balanced_toplist/best_final_horizon/q_typed_residual_context/a0.10/w0.75] [plan iscas99__b15_1] [plan] step=45 node=N7884 type=control1 q_typed_residual_context=1.067569 sequence=161.467811
[b15-r6-type/type_balanced_toplist/best_final_horizon/q_typed_residual_context/a0.10/w0.75] [plan iscas99__b15_1] [plan] step=46 node=N7885 type=control1 q_typed_residual_context=0.958041 sequence=162.425852
[b15-r6-type/type_balanced_toplist/best_final_horizon/q_typed_residual_context/a0.10/w0.75] [plan iscas99__b15_1] [plan] step=47 node=N4656 type=control0 q_typed_residual_context=1.583863 sequence=164.009714
[b15-r6-type/type_balanced_toplist/best_final_horizon/q_typed_residual_context/a0.10/w0.75] [plan iscas99__b15_1] [plan] step=48 node=N3903 type=control0 q_typed_residual_context=0.889193 sequence=164.898907
[b15-r6-type/type_balanced_toplist/best_final_horizon/q_typed_residual_context/a0.10/w0.75] [plan iscas99__b15_1] [plan] step=49 node=N4663 type=control0 q_typed_residual_context=1.190978 sequence=166.089885
[b15-r6-type/type_balanced_toplist/best_final_horizon/q_typed_residual_context/a0.10/w0.75] [plan iscas99__b15_1] [plan] step=50 node=N713 type=observe q_typed_residual_context=1.412714 sequence=167.502598
[b15-r6-type/type_balanced_toplist/best_final_horizon/q_typed_residual_context/a0.10/w0.75] [plan iscas99__b15_1] [plan] step=51 node=N724 type=observe q_typed_residual_context=1.443581 sequence=168.946180
[b15-r6-type/type_balanced_toplist/best_final_horizon/q_typed_residual_context/a0.10/w0.75] [plan iscas99__b15_1] [plan] step=52 node=N4670 type=control0 q_typed_residual_context=1.379608 sequence=170.325788
[b15-r6-type/type_balanced_toplist/best_final_horizon/q_typed_residual_context/a0.10/w0.75] [plan iscas99__b15_1] [plan] step=53 node=N704 type=observe q_typed_residual_context=1.322201 sequence=171.647989
[b15-r6-type/type_balanced_toplist/best_final_horizon/q_typed_residual_context/a0.10/w0.75] [plan iscas99__b15_1] [plan] step=54 node=N4677 type=control0 q_typed_residual_context=1.182175 sequence=172.830164
[b15-r6-type/type_balanced_toplist/best_final_horizon/q_typed_residual_context/a0.10/w0.75] [plan iscas99__b15_1] [plan] step=55 node=N3896 type=control0 q_typed_residual_context=0.997794 sequence=173.827959
[b15-r6-type/type_balanced_toplist/best_final_horizon/q_typed_residual_context/a0.10/w0.75] [plan iscas99__b15_1] [plan] step=56 node=N4684 type=control0 q_typed_residual_context=1.204596 sequence=175.032555
[b15-r6-type/type_balanced_toplist/best_final_horizon/q_typed_residual_context/a0.10/w0.75] [plan iscas99__b15_1] [plan] step=57 node=N3889 type=control0 q_typed_residual_context=1.146171 sequence=176.178726
[b15-r6-type/type_balanced_toplist/best_final_horizon/q_typed_residual_context/a0.10/w0.75] [plan iscas99__b15_1] [plan] step=58 node=N3882 type=control0 q_typed_residual_context=1.239212 sequence=177.417938
[b15-r6-type/type_balanced_toplist/best_final_horizon/q_typed_residual_context/a0.10/w0.75] [plan iscas99__b15_1] [plan] step=59 node=N3805 type=control0 q_typed_residual_context=1.207648 sequence=178.625586
[b15-r6-type/type_balanced_toplist/best_final_horizon/q_typed_residual_context/a0.10/w0.75] [plan iscas99__b15_1] [plan] step=60 node=N4578 type=control0 q_typed_residual_context=1.199561 sequence=179.825147
[b15-r6-type/type_balanced_toplist/best_final_horizon/q_typed_residual_context/a0.10/w0.75] [plan iscas99__b15_1] [plan] step=61 node=N4606 type=control0 q_typed_residual_context=1.288151 sequence=181.113299
[b15-r6-type/type_balanced_toplist/best_final_horizon/q_typed_residual_context/a0.10/w0.75] [plan iscas99__b15_1] [plan] step=62 node=N4705 type=control0 q_typed_residual_context=1.221681 sequence=182.334980
[b15-r6-type/type_balanced_toplist/best_final_horizon/q_typed_residual_context/a0.10/w0.75] [plan iscas99__b15_1] [plan] step=63 node=N4564 type=control0 q_typed_residual_context=1.119918 sequence=183.454898
[b15-r6-type/type_balanced_toplist/best_final_horizon/q_typed_residual_context/a0.10/w0.75] [plan iscas99__b15_1] [plan] step=64 node=N4716 type=control0 q_typed_residual_context=1.045757 sequence=184.500655
[b15-r6-type/type_balanced_toplist/best_final_horizon/q_typed_residual_context/a0.10/w0.75] [plan iscas99__b15_1] [plan] step=65 node=N4712 type=control0 q_typed_residual_context=1.135013 sequence=185.635668
[b15-r6-type/type_balanced_toplist/best_final_horizon/q_typed_residual_context/a0.10/w0.75] [plan iscas99__b15_1] [plan] step=66 node=N4698 type=control0 q_typed_residual_context=1.254303 sequence=186.889971
[b15-r6-type/type_balanced_toplist/best_final_horizon/q_typed_residual_context/a0.10/w0.75] [plan iscas99__b15_1] [plan] step=67 node=N4691 type=control0 q_typed_residual_context=1.291923 sequence=188.181894
[b15-r6-type/type_balanced_toplist/best_final_horizon/q_typed_residual_context/a0.10/w0.75] [plan iscas99__b15_1] [plan] step=68 node=N722 type=observe q_typed_residual_context=2.755843 sequence=190.937737
[b15-r6-type/type_balanced_toplist/best_final_horizon/q_typed_residual_context/a0.10/w0.75] [plan iscas99__b15_1] [plan] step=69 node=N4557 type=control0 q_typed_residual_context=2.185061 sequence=193.122798
[b15-r6-type/type_balanced_toplist/best_final_horizon/q_typed_residual_context/a0.10/w0.75] [plan iscas99__b15_1] [plan] step=70 node=N7471 type=control0 q_typed_residual_context=1.780448 sequence=194.903246
[b15-r6-type/type_balanced_toplist/best_final_horizon/q_typed_residual_context/a0.10/w0.75] [plan iscas99__b15_1] [plan] step=71 node=N3722 type=control0 q_typed_residual_context=1.803278 sequence=196.706524
[b15-r6-type/type_balanced_toplist/best_final_horizon/q_typed_residual_context/a0.10/w0.75] [plan iscas99__b15_1] [plan] step=72 node=N1539 type=control0 q_typed_residual_context=2.420936 sequence=199.127460
[b15-r6-type/type_balanced_toplist/best_final_horizon/q_typed_residual_context/a0.10/w0.75] [plan iscas99__b15_1] [plan] step=73 node=N3911 type=control0 q_typed_residual_context=1.955783 sequence=201.083243
[b15-r6-type/type_balanced_toplist/best_final_horizon/q_typed_residual_context/a0.10/w0.75] [plan iscas99__b15_1] [plan] step=74 node=N7724 type=control0 q_typed_residual_context=2.658428 sequence=203.741671
[b15-r6-type/type_balanced_toplist/best_final_horizon/q_typed_residual_context/a0.10/w0.75] [plan iscas99__b15_1] [plan] step=75 node=N7854 type=control0 q_typed_residual_context=2.965290 sequence=206.706961
[b15-r6-type/type_balanced_toplist/best_final_horizon/q_typed_residual_context/a0.10/w0.75] [plan iscas99__b15_1] [plan] step=76 node=N3862 type=control0 q_typed_residual_context=1.580759 sequence=208.287719
[b15-r6-type/type_balanced_toplist/best_final_horizon/q_typed_residual_context/a0.10/w0.75] [plan iscas99__b15_1] [plan] step=77 node=N7886 type=control1 q_typed_residual_context=1.347379 sequence=209.635099
[b15-r6-type/type_balanced_toplist/best_final_horizon/q_typed_residual_context/a0.10/w0.75] [plan iscas99__b15_1] [plan] step=78 node=N7887 type=control1 q_typed_residual_context=1.986318 sequence=211.621416
[b15-r6-type/type_balanced_toplist/best_final_horizon/q_typed_residual_context/a0.10/w0.75] [plan iscas99__b15_1] [plan] step=79 node=N7888 type=control1 q_typed_residual_context=2.047994 sequence=213.669410
[b15-r6-type/type_balanced_toplist/best_final_horizon/q_typed_residual_context/a0.10/w0.75] [plan iscas99__b15_1] [plan] step=80 node=N7889 type=control1 q_typed_residual_context=2.093817 sequence=215.763227
[b15-r6-type/type_balanced_toplist/best_final_horizon/q_typed_residual_context/a0.10/w0.75] [plan iscas99__b15_1] [plan] step=81 node=N7890 type=control1 q_typed_residual_context=1.952304 sequence=217.715531
[b15-r6-type/type_balanced_toplist/best_final_horizon/q_typed_residual_context/a0.10/w0.75] [plan iscas99__b15_1] [plan] step=82 node=N3897 type=control0 q_typed_residual_context=1.873561 sequence=219.589092
[b15-r6-type/type_balanced_toplist/best_final_horizon/q_typed_residual_context/a0.10/w0.75] [plan iscas99__b15_1] [plan] step=83 node=N3904 type=control0 q_typed_residual_context=1.691900 sequence=221.280992
[b15-r6-type/type_balanced_toplist/best_final_horizon/q_typed_residual_context/a0.10/w0.75] [plan iscas99__b15_1] [plan] step=84 node=N7722 type=control0 q_typed_residual_context=2.256779 sequence=223.537771
[b15-r6-type/type_balanced_toplist/best_final_horizon/q_typed_residual_context/a0.10/w0.75] [plan iscas99__b15_1] [plan] step=85 node=N519 type=control1 q_typed_residual_context=1.655406 sequence=225.193177
[b15-r6-type/type_balanced_toplist/best_final_horizon/q_typed_residual_context/a0.10/w0.75] [plan iscas99__b15_1] [plan] step=86 node=N7370 type=control1 q_typed_residual_context=1.140396 sequence=226.333573
[b15-r6-type/type_balanced_toplist/best_final_horizon/q_typed_residual_context/a0.10/w0.75] [plan iscas99__b15_1] [plan] step=87 node=N504 type=control1 q_typed_residual_context=1.486339 sequence=227.819913
[b15-r6-type/type_balanced_toplist/best_final_horizon/q_typed_residual_context/a0.10/w0.75] [plan iscas99__b15_1] [plan] step=88 node=N516 type=control1 q_typed_residual_context=1.010970 sequence=228.830883
[b15-r6-type/type_balanced_toplist/best_final_horizon/q_typed_residual_context/a0.10/w0.75] [plan iscas99__b15_1] [plan] step=89 node=N513 type=control1 q_typed_residual_context=0.938490 sequence=229.769374
[b15-r6-type/type_balanced_toplist/best_final_horizon/q_typed_residual_context/a0.10/w0.75] [plan iscas99__b15_1] [plan] step=90 node=N3855 type=control0 q_typed_residual_context=1.631069 sequence=231.400443
[b15-r6-type/type_balanced_toplist/best_final_horizon/q_typed_residual_context/a0.10/w0.75] [plan iscas99__b15_1] [plan] step=91 node=N7543 type=control0 q_typed_residual_context=2.835627 sequence=234.236070
[b15-r6-type/type_balanced_toplist/best_final_horizon/q_typed_residual_context/a0.10/w0.75] [plan iscas99__b15_1] [plan] step=92 node=N1533 type=control1 q_typed_residual_context=1.500127 sequence=235.736197
[b15-r6-type/type_balanced_toplist/best_final_horizon/q_typed_residual_context/a0.10/w0.75] [plan iscas99__b15_1] [plan] step=93 node=N5603 type=observe q_typed_residual_context=1.838732 sequence=237.574929
[b15-r6-type/type_balanced_toplist/best_final_horizon/q_typed_residual_context/a0.10/w0.75] [plan iscas99__b15_1] [plan] step=94 node=N7721 type=control0 q_typed_residual_context=4.854076 sequence=242.429005
[b15-r6-type/type_balanced_toplist/best_final_horizon/q_typed_residual_context/a0.10/w0.75] [plan iscas99__b15_1] [plan] step=95 node=N3848 type=control0 q_typed_residual_context=1.482149 sequence=243.911155
[b15-r6-type/type_balanced_toplist/best_final_horizon/q_typed_residual_context/a0.10/w0.75] [plan iscas99__b15_1] [plan] step=96 node=N7820 type=control0 q_typed_residual_context=1.504875 sequence=245.416030
[b15-r6-type/type_balanced_toplist/best_final_horizon/q_typed_residual_context/a0.10/w0.75] [plan iscas99__b15_1] [plan] step=97 node=N7723 type=control0 q_typed_residual_context=2.431720 sequence=247.847750
[b15-r6-type/type_balanced_toplist/best_final_horizon/q_typed_residual_context/a0.10/w0.75] [plan iscas99__b15_1] [plan] step=98 node=N7725 type=control0 q_typed_residual_context=2.054822 sequence=249.902572
[b15-r6-type/type_balanced_toplist/best_final_horizon/q_typed_residual_context/a0.10/w0.75] [plan iscas99__b15_1] [plan] step=99 node=N7588 type=control1 q_typed_residual_context=1.265087 sequence=251.167660
[b15-r6-type/type_balanced_toplist/best_final_horizon/q_typed_residual_context/a0.10/w0.75] [plan iscas99__b15_1] [plan] step=100 node=N7590 type=control1 q_typed_residual_context=1.941733 sequence=253.109393
[b15-r6-type/type_balanced_toplist/best_final_horizon/q_typed_residual_context/a0.10/w0.75] [plan iscas99__b15_1] [plan] step=101 node=N3841 type=control0 q_typed_residual_context=1.921345 sequence=255.030738
[b15-r6-type/type_balanced_toplist/best_final_horizon/q_typed_residual_context/a0.10/w0.75] [plan iscas99__b15_1] [plan] step=102 node=N7846 type=control0 q_typed_residual_context=2.928801 sequence=257.959539
[b15-r6-type/type_balanced_toplist/best_final_horizon/q_typed_residual_context/a0.10/w0.75] [plan iscas99__b15_1] [plan] step=103 node=N7408 type=control0 q_typed_residual_context=2.019004 sequence=259.978543
[b15-r6-type/type_balanced_toplist/best_final_horizon/q_typed_residual_context/a0.10/w0.75] [plan iscas99__b15_1] [plan] step=104 node=N7852 type=control0 q_typed_residual_context=2.358687 sequence=262.337230
[b15-r6-type/type_balanced_toplist/best_final_horizon/q_typed_residual_context/a0.10/w0.75] [plan iscas99__b15_1] [plan] step=105 node=N7847 type=control0 q_typed_residual_context=5.426560 sequence=267.763790
[b15-r6-type/type_balanced_toplist/best_final_horizon/q_typed_residual_context/a0.10/w0.75] [plan iscas99__b15_1] [plan] step=106 node=N7853 type=control0 q_typed_residual_context=2.808536 sequence=270.572326
[b15-r6-type/type_balanced_toplist/best_final_horizon/q_typed_residual_context/a0.10/w0.75] [plan iscas99__b15_1] [plan] step=107 node=N578 type=observe q_typed_residual_context=1.954154 sequence=272.526481
[b15-r6-type/type_balanced_toplist/best_final_horizon/q_typed_residual_context/a0.10/w0.75] [plan iscas99__b15_1] [plan] step=108 node=N7541 type=control0 q_typed_residual_context=1.191268 sequence=273.717749
[b15-r6-type/type_balanced_toplist/best_final_horizon/q_typed_residual_context/a0.10/w0.75] [plan iscas99__b15_1] [plan] step=109 node=N5876 type=observe q_typed_residual_context=0.873771 sequence=274.591520
[b15-r6-type/type_balanced_toplist/best_final_horizon/q_typed_residual_context/a0.10/w0.75] [plan iscas99__b15_1] [plan] step=110 node=N634 type=control1 q_typed_residual_context=1.323595 sequence=275.915115
[b15-r6-type/type_balanced_toplist/best_final_horizon/q_typed_residual_context/a0.10/w0.75] [plan iscas99__b15_1] [plan] step=111 node=N3827 type=control0 q_typed_residual_context=1.836552 sequence=277.751668
[b15-r6-type/type_balanced_toplist/best_final_horizon/q_typed_residual_context/a0.10/w0.75] [plan iscas99__b15_1] [plan] step=112 node=N7627 type=observe q_typed_residual_context=2.142936 sequence=279.894604
[b15-r6-type/type_balanced_toplist/best_final_horizon/q_typed_residual_context/a0.10/w0.75] [plan iscas99__b15_1] [plan] step=113 node=N2157 type=observe q_typed_residual_context=3.048970 sequence=282.943573
[b15-r6-type/type_balanced_toplist/best_final_horizon/q_typed_residual_context/a0.10/w0.75] [plan iscas99__b15_1] [plan] step=114 node=N3820 type=control0 q_typed_residual_context=1.865676 sequence=284.809250
[b15-r6-type/type_balanced_toplist/best_final_horizon/q_typed_residual_context/a0.10/w0.75] [plan iscas99__b15_1] [plan] step=115 node=N7402 type=observe q_typed_residual_context=1.663658 sequence=286.472908
[b15-r6-type/type_balanced_toplist/best_final_horizon/q_typed_residual_context/a0.10/w0.75] [plan iscas99__b15_1] [plan] step=116 node=N7679 type=observe q_typed_residual_context=1.762799 sequence=288.235707
[b15-r6-type/type_balanced_toplist/best_final_horizon/q_typed_residual_context/a0.10/w0.75] [plan iscas99__b15_1] [plan] step=117 node=N3813 type=control0 q_typed_residual_context=2.245650 sequence=290.481356
[b15-r6-type/type_balanced_toplist/best_final_horizon/q_typed_residual_context/a0.10/w0.75] [plan iscas99__b15_1] [plan] step=118 node=N556 type=control1 q_typed_residual_context=2.212359 sequence=292.693716
[b15-r6-type/type_balanced_toplist/best_final_horizon/q_typed_residual_context/a0.10/w0.75] [plan iscas99__b15_1] [plan] step=119 node=N555 type=control1 q_typed_residual_context=2.043689 sequence=294.737404
[b15-r6-type/type_balanced_toplist/best_final_horizon/q_typed_residual_context/a0.10/w0.75] [plan iscas99__b15_1] [plan] step=120 node=N520 type=control1 q_typed_residual_context=2.172532 sequence=296.909936
[b15-r6-type/type_balanced_toplist/best_final_horizon/q_typed_residual_context/a0.10/w0.75] [plan iscas99__b15_1] [plan] step=121 node=N614 type=control1 q_typed_residual_context=2.288623 sequence=299.198559
[b15-r6-type/type_balanced_toplist/best_final_horizon/q_typed_residual_context/a0.10/w0.75] [plan iscas99__b15_1] [plan] step=122 node=N2083 type=observe q_typed_residual_context=1.543135 sequence=300.741694
[b15-r6-type/type_balanced_toplist/best_final_horizon/q_typed_residual_context/a0.10/w0.75] [plan iscas99__b15_1] [plan] step=123 node=N3799 type=control0 q_typed_residual_context=1.513162 sequence=302.254856
[b15-r6-type/type_balanced_toplist/best_final_horizon/q_typed_residual_context/a0.10/w0.75] [plan iscas99__b15_1] [plan] step=124 node=N5356 type=observe q_typed_residual_context=1.187554 sequence=303.442410
[b15-r6-type/type_balanced_toplist/best_final_horizon/q_typed_residual_context/a0.10/w0.75] [plan iscas99__b15_1] [plan] step=125 node=N694 type=observe q_typed_residual_context=2.506027 sequence=305.948437
[b15-r6-type/type_balanced_toplist/best_final_horizon/q_typed_residual_context/a0.10/w0.75] [plan iscas99__b15_1] [plan] step=126 node=N638 type=control1 q_typed_residual_context=1.715628 sequence=307.664065
[b15-r6-type/type_balanced_toplist/best_final_horizon/q_typed_residual_context/a0.10/w0.75] [plan iscas99__b15_1] [plan] step=127 node=N620 type=control1 q_typed_residual_context=2.647352 sequence=310.311417
[b15-r6-type/type_balanced_toplist/best_final_horizon/q_typed_residual_context/a0.10/w0.75] [plan iscas99__b15_1] [plan] step=128 node=N610 type=control1 q_typed_residual_context=4.010283 sequence=314.321700
[b15-r6-type/type_balanced_toplist/best_final_horizon/q_typed_residual_context/a0.10/w0.75] [plan iscas99__b15_1] [plan] step=129 node=N645 type=control1 q_typed_residual_context=5.293727 sequence=319.615427
[b15-r6-type/type_balanced_toplist/best_final_horizon/q_typed_residual_context/a0.10/w0.75] [plan iscas99__b15_1] [plan] step=130 node=N3792 type=control0 q_typed_residual_context=5.665301 sequence=325.280728
[b15-r6-type/type_balanced_toplist/best_final_horizon/q_typed_residual_context/a0.10/w0.75] [plan iscas99__b15_1] [plan] step=131 node=N3785 type=control0 q_typed_residual_context=2.361023 sequence=327.641751
[b15-r6-type/type_balanced_toplist/best_final_horizon/q_typed_residual_context/a0.10/w0.75] [plan iscas99__b15_1] [plan] step=132 node=N6674 type=observe q_typed_residual_context=2.208051 sequence=329.849802
[b15-r6-type/type_balanced_toplist/best_final_horizon/q_typed_residual_context/a0.10/w0.75] [plan iscas99__b15_1] [plan] step=133 node=N4520 type=control0 q_typed_residual_context=1.591958 sequence=331.441760
[b15-r6-type/type_balanced_toplist/best_final_horizon/q_typed_residual_context/a0.10/w0.75] [plan iscas99__b15_1] [plan] step=134 node=N616 type=control1 q_typed_residual_context=1.968958 sequence=333.410718
[b15-r6-type/type_balanced_toplist/best_final_horizon/q_typed_residual_context/a0.10/w0.75] [plan iscas99__b15_1] [plan] step=135 node=N2106 type=observe q_typed_residual_context=1.569364 sequence=334.980081
[b15-r6-type/type_balanced_toplist/best_final_horizon/q_typed_residual_context/a0.10/w0.75] [plan iscas99__b15_1] [plan] step=136 node=N636 type=control1 q_typed_residual_context=1.425339 sequence=336.405420
[b15-r6-type/type_balanced_toplist/best_final_horizon/q_typed_residual_context/a0.10/w0.75] [plan iscas99__b15_1] [plan] step=137 node=N7401 type=observe q_typed_residual_context=1.433428 sequence=337.838849
[b15-r6-type/type_balanced_toplist/best_final_horizon/q_typed_residual_context/a0.10/w0.75] [plan iscas99__b15_1] [plan] step=138 node=N2149 type=observe q_typed_residual_context=1.807993 sequence=339.646842
[b15-r6-type/type_balanced_toplist/best_final_horizon/q_typed_residual_context/a0.10/w0.75] [plan iscas99__b15_1] [plan] step=139 node=N3681 type=control0 q_typed_residual_context=1.482508 sequence=341.129350
[b15-r6-type/type_balanced_toplist/best_final_horizon/q_typed_residual_context/a0.10/w0.75] [plan iscas99__b15_1] [plan] step=140 node=N5878 type=observe q_typed_residual_context=1.897363 sequence=343.026713
[b15-r6-type/type_balanced_toplist/best_final_horizon/q_typed_residual_context/a0.10/w0.75] [plan iscas99__b15_1] [plan] step=141 node=N7614 type=observe q_typed_residual_context=1.345686 sequence=344.372399
[b15-r6-type/type_balanced_toplist/best_final_horizon/q_typed_residual_context/a0.10/w0.75] [plan iscas99__b15_1] [plan] step=142 node=N7421 type=control1 q_typed_residual_context=1.835093 sequence=346.207492
[b15-r6-type/type_balanced_toplist/best_final_horizon/q_typed_residual_context/a0.10/w0.75] [plan iscas99__b15_1] [plan] step=143 node=N1411 type=control0 q_typed_residual_context=1.204997 sequence=347.412489
[b15-r6-type/type_balanced_toplist/best_final_horizon/q_typed_residual_context/a0.10/w0.75] [plan iscas99__b15_1] [plan] step=144 node=N2102 type=observe q_typed_residual_context=1.023311 sequence=348.435800
[b15-r6-type/type_balanced_toplist/best_final_horizon/q_typed_residual_context/a0.10/w0.75] [plan iscas99__b15_1] [plan] step=145 node=N712 type=observe q_typed_residual_context=1.652223 sequence=350.088024
[b15-r6-type/type_balanced_toplist/best_final_horizon/q_typed_residual_context/a0.10/w0.75] [plan iscas99__b15_1] [plan] step=146 node=N7424 type=control1 q_typed_residual_context=1.216086 sequence=351.304110
[b15-r6-type/type_balanced_toplist/best_final_horizon/q_typed_residual_context/a0.10/w0.75] [plan iscas99__b15_1] [plan] step=147 node=N3295 type=control1 q_typed_residual_context=0.839864 sequence=352.143973
[b15-r6-type/type_balanced_toplist/best_final_horizon/q_typed_residual_context/a0.10/w0.75] [plan iscas99__b15_1] [plan] step=148 node=N630 type=control1 q_typed_residual_context=0.956206 sequence=353.100179
[b15-r6-type/type_balanced_toplist/best_final_horizon/q_typed_residual_context/a0.10/w0.75] [plan iscas99__b15_1] [plan] step=149 node=N642 type=control1 q_typed_residual_context=1.167630 sequence=354.267809
[b15-r6-type/type_balanced_toplist/best_final_horizon/q_typed_residual_context/a0.10/w0.75] [plan iscas99__b15_1] [plan] step=150 node=N649 type=control1 q_typed_residual_context=1.182692 sequence=355.450501
[b15-r6-type/type_balanced_toplist/best_final_horizon/q_typed_residual_context/a0.10/w0.75] [plan iscas99__b15_1] [plan] step=151 node=N5874 type=observe q_typed_residual_context=0.994236 sequence=356.444737
[b15-r6-type/type_balanced_toplist/best_final_horizon/q_typed_residual_context/a0.10/w0.75] [plan iscas99__b15_1] [plan] step=152 node=N3525 type=control1 q_typed_residual_context=0.949428 sequence=357.394165
[b15-r6-type/type_balanced_toplist/best_final_horizon/q_typed_residual_context/a0.10/w0.75] [plan iscas99__b15_1] [plan] step=153 node=N3410 type=control1 q_typed_residual_context=0.852123 sequence=358.246288
[b15-r6-type/type_balanced_toplist/best_final_horizon/q_typed_residual_context/a0.10/w0.75] [plan iscas99__b15_1] [plan] step=154 node=N7385 type=observe q_typed_residual_context=0.759805 sequence=359.006094
[b15-r6-type/type_balanced_toplist/best_final_horizon/q_typed_residual_context/a0.10/w0.75] [plan iscas99__b15_1] [plan] step=155 node=N1607 type=control1 q_typed_residual_context=1.006511 sequence=360.012605
[b15-r6-type/type_balanced_toplist/best_final_horizon/q_typed_residual_context/a0.10/w0.75] [plan iscas99__b15_1] [plan] step=156 node=N3180 type=control1 q_typed_residual_context=0.955124 sequence=360.967729
[b15-r6-type/type_balanced_toplist/best_final_horizon/q_typed_residual_context/a0.10/w0.75] [plan iscas99__b15_1] [plan] step=157 node=N647 type=control1 q_typed_residual_context=1.238880 sequence=362.206609
[b15-r6-type/type_balanced_toplist/best_final_horizon/q_typed_residual_context/a0.10/w0.75] [plan iscas99__b15_1] [plan] step=158 node=N6534 type=observe q_typed_residual_context=0.743883 sequence=362.950492
[b15-r6-type/type_balanced_toplist/best_final_horizon/q_typed_residual_context/a0.10/w0.75] [plan iscas99__b15_1] [plan] step=159 node=N1586 type=control1 q_typed_residual_context=1.468175 sequence=364.418667
[b15-r6-type/type_balanced_toplist/best_final_horizon/q_typed_residual_context/a0.10/w0.75] [plan iscas99__b15_1] [plan] step=160 node=N723 type=observe q_typed_residual_context=1.045000 sequence=365.463668
[b15-r6-type/type_balanced_toplist/best_final_horizon/q_typed_residual_context/a0.10/w0.75] [plan iscas99__b15_1] [plan] step=161 node=N714 type=observe q_typed_residual_context=1.212547 sequence=366.676215
[b15-r6-type/type_balanced_toplist/best_final_horizon/q_typed_residual_context/a0.10/w0.75] [plan iscas99__b15_1] [plan] step=162 node=N725 type=observe q_typed_residual_context=1.409922 sequence=368.086137
[b15-r6-type/type_balanced_toplist/best_final_horizon/q_typed_residual_context/a0.10/w0.75] [plan iscas99__b15_1] [plan] step=163 node=N715 type=observe q_typed_residual_context=1.579181 sequence=369.665317
[b15-r6-type/type_balanced_toplist/best_final_horizon/q_typed_residual_context/a0.10/w0.75] [plan iscas99__b15_1] [plan] step=164 node=N7436 type=observe q_typed_residual_context=1.173783 sequence=370.839101
[b15-r6-type/type_balanced_toplist/best_final_horizon/q_typed_residual_context/a0.10/w0.75] [plan iscas99__b15_1] [plan] step=165 node=N5740 type=observe q_typed_residual_context=2.395173 sequence=373.234273
[b15-r6-type/type_balanced_toplist/best_final_horizon/q_typed_residual_context/a0.10/w0.75] [plan iscas99__b15_1] [plan] step=166 node=N3467 type=control1 q_typed_residual_context=2.432260 sequence=375.666533
[b15-r6-type/type_balanced_toplist/best_final_horizon/q_typed_residual_context/a0.10/w0.75] [plan iscas99__b15_1] [plan] step=167 node=N2652 type=control1 q_typed_residual_context=1.047171 sequence=376.713704
[b15-r6-type/type_balanced_toplist/best_final_horizon/q_typed_residual_context/a0.10/w0.75] [plan iscas99__b15_1] [plan] step=168 node=N7454 type=observe q_typed_residual_context=1.316221 sequence=378.029925
[b15-r6-type/type_balanced_toplist/best_final_horizon/q_typed_residual_context/a0.10/w0.75] [plan iscas99__b15_1] [plan] step=169 node=N703 type=observe q_typed_residual_context=1.179809 sequence=379.209734
[b15-r6-type/type_balanced_toplist/best_final_horizon/q_typed_residual_context/a0.10/w0.75] [plan iscas99__b15_1] [plan] step=170 node=N2721 type=control1 q_typed_residual_context=1.138529 sequence=380.348262
[b15-r6-type/type_balanced_toplist/best_final_horizon/q_typed_residual_context/a0.10/w0.75] [plan iscas99__b15_1] [plan] step=171 node=N6678 type=observe q_typed_residual_context=0.312604 sequence=380.660867
[b15-r6-type/type_balanced_toplist/best_final_horizon/q_typed_residual_context/a0.10/w0.75] [plan iscas99__b15_1] [plan] step=172 node=N5473 type=observe q_typed_residual_context=1.502629 sequence=382.163496
[b15-r6-type/type_balanced_toplist/best_final_horizon/q_typed_residual_context/a0.10/w0.75] [plan iscas99__b15_1] [plan] step=173 node=N705 type=observe q_typed_residual_context=2.240932 sequence=384.404428
[b15-r6-type/type_balanced_toplist/best_final_horizon/q_typed_residual_context/a0.10/w0.75] [plan iscas99__b15_1] [plan] step=174 node=N2894 type=control1 q_typed_residual_context=2.163931 sequence=386.568359
[b15-r6-type/type_balanced_toplist/best_final_horizon/q_typed_residual_context/a0.10/w0.75] [plan iscas99__b15_1] [plan] step=175 node=N2952 type=control1 q_typed_residual_context=1.695616 sequence=388.263975
[b15-r6-type/type_balanced_toplist/best_final_horizon/q_typed_residual_context/a0.10/w0.75] [plan iscas99__b15_1] [plan] step=176 node=N1987 type=observe q_typed_residual_context=1.128538 sequence=389.392514
[b15-r6-type/type_balanced_toplist/best_final_horizon/q_typed_residual_context/a0.10/w0.75] [plan iscas99__b15_1] [plan] step=177 node=N2580 type=control1 q_typed_residual_context=1.181957 sequence=390.574470
[b15-r6-type/type_balanced_toplist/best_final_horizon/q_typed_residual_context/a0.10/w0.75] [plan iscas99__b15_1] [plan] step=178 node=N5422 type=observe q_typed_residual_context=1.073164 sequence=391.647635
[b15-r6-type/type_balanced_toplist/best_final_horizon/q_typed_residual_context/a0.10/w0.75] [plan iscas99__b15_1] [plan] step=179 node=N2779 type=control1 q_typed_residual_context=1.640141 sequence=393.287775
[b15-r6-type/type_balanced_toplist/best_final_horizon/q_typed_residual_context/a0.10/w0.75] [plan iscas99__b15_1] [plan] step=180 node=N706 type=observe q_typed_residual_context=1.943824 sequence=395.231599
[b15-r6-type/type_balanced_toplist/best_final_horizon/q_typed_residual_context/a0.10/w0.75] [plan iscas99__b15_1] [plan] step=181 node=N7405 type=observe q_typed_residual_context=1.736032 sequence=396.967631
[b15-r6-type/type_balanced_toplist/best_final_horizon/q_typed_residual_context/a0.10/w0.75] [plan iscas99__b15_1] [plan] step=182 node=N7414 type=control1 q_typed_residual_context=1.259542 sequence=398.227173
[b15-r6-type/type_balanced_toplist/best_final_horizon/q_typed_residual_context/a0.10/w0.75] [plan iscas99__b15_1] [plan] step=183 node=N6685 type=observe q_typed_residual_context=0.566327 sequence=398.793500
[b15-r6-type/type_balanced_toplist/best_final_horizon/q_typed_residual_context/a0.10/w0.75] [plan iscas99__b15_1] [plan] step=184 node=N679 type=observe q_typed_residual_context=6.132011 sequence=404.925511
[b15-r6-type/type_balanced_toplist/best_final_horizon/q_typed_residual_context/a0.10/w0.75] [plan iscas99__b15_1] [plan] step=185 node=N5456 type=observe q_typed_residual_context=6.993096 sequence=411.918607
[b15-r6-type/type_balanced_toplist/best_final_horizon/q_typed_residual_context/a0.10/w0.75] [plan iscas99__b15_1] [plan] step=186 node=N5439 type=observe q_typed_residual_context=6.352293 sequence=418.270900
[b15-r6-type/type_balanced_toplist/best_final_horizon/q_typed_residual_context/a0.10/w0.75] [plan iscas99__b15_1] [plan] step=187 node=N1879 type=observe q_typed_residual_context=6.202815 sequence=424.473715
[b15-r6-type/type_balanced_toplist/best_final_horizon/q_typed_residual_context/a0.10/w0.75] [plan iscas99__b15_1] [plan] step=188 node=N7873 type=control1 q_typed_residual_context=3.117658 sequence=427.591373
[b15-r6-type/type_balanced_toplist/best_final_horizon/q_typed_residual_context/a0.10/w0.75] [plan iscas99__b15_1] [plan] step=189 node=N2151 type=observe q_typed_residual_context=6.302240 sequence=433.893613
[b15-r6-type/type_balanced_toplist/best_final_horizon/q_typed_residual_context/a0.10/w0.75] [plan iscas99__b15_1] [plan] step=190 node=N7439 type=observe q_typed_residual_context=2.388485 sequence=436.282098
[b15-r6-type/type_balanced_toplist/best_final_horizon/q_typed_residual_context/a0.10/w0.75] [plan iscas99__b15_1] [plan] step=191 node=N6682 type=observe q_typed_residual_context=1.824626 sequence=438.106724
[b15-r6-type/type_balanced_toplist/best_final_horizon/q_typed_residual_context/a0.10/w0.75] [plan iscas99__b15_1] [plan] step=192 node=N5390 type=observe q_typed_residual_context=3.707178 sequence=441.813902
[b15-r6-type/type_balanced_toplist/best_final_horizon/q_typed_residual_context/a0.10/w0.75] [plan iscas99__b15_1] [plan] step=193 node=N5334 type=observe q_typed_residual_context=4.466351 sequence=446.280253
[b15-r6-type/type_balanced_toplist/best_final_horizon/q_typed_residual_context/a0.10/w0.75] [plan iscas99__b15_1] [plan] step=194 node=N5373 type=observe q_typed_residual_context=7.025738 sequence=453.305991
[b15-r6-type/type_balanced_toplist/best_final_horizon/q_typed_residual_context/a0.10/w0.75] [plan iscas99__b15_1] [plan] step=195 node=N5202 type=observe q_typed_residual_context=7.270442 sequence=460.576433
[b15-r6-type/type_balanced_toplist/best_final_horizon/q_typed_residual_context/a0.10/w0.75] [plan iscas99__b15_1] [plan] step=196 node=N7382 type=observe q_typed_residual_context=0.674993 sequence=461.251426
[b15-r6-type/type_balanced_toplist/best_final_horizon/q_typed_residual_context/a0.10/w0.75] [plan iscas99__b15_1] [plan] step=197 node=N765 type=observe q_typed_residual_context=6.449543 sequence=467.700970
[b15-r6-type/type_balanced_toplist/best_final_horizon/q_typed_residual_context/a0.10/w0.75] [plan iscas99__b15_1] [plan] step=198 node=N719 type=observe q_typed_residual_context=4.796233 sequence=472.497203
[b15-r6-type/type_balanced_toplist/best_final_horizon/q_typed_residual_context/a0.10/w0.75] [plan iscas99__b15_1] [plan] step=199 node=N699 type=observe q_typed_residual_context=7.182113 sequence=479.679316
[b15-r6-type/type_balanced_toplist/best_final_horizon/q_typed_residual_context/a0.10/w0.75] [plan iscas99__b15_1] [plan] step=200 node=N734 type=observe q_typed_residual_context=1.612914 sequence=481.292229
[b15-r6-type/type_balanced_toplist/best_final_horizon/q_typed_residual_context/a0.10/w0.75] [plan iscas99__b15_1] [plan] step=201 node=N764 type=observe q_typed_residual_context=5.958884 sequence=487.251114
[b15-r6-type/type_balanced_toplist/best_final_horizon/q_typed_residual_context/a0.10/w0.75] [plan iscas99__b15_1] [plan] step=202 node=N708 type=observe q_typed_residual_context=4.646573 sequence=491.897687
[b15-r6-type/type_balanced_toplist/best_final_horizon/q_typed_residual_context/a0.10/w0.75] [plan iscas99__b15_1] [plan] step=203 node=N7383 type=observe q_typed_residual_context=1.000761 sequence=492.898448
[b15-r6-type/type_balanced_toplist/best_final_horizon/q_typed_residual_context/a0.10/w0.75] [plan iscas99__b15_1] [plan] step=204 node=N771 type=observe q_typed_residual_context=6.128699 sequence=499.027148
[b15-r6-type/type_balanced_toplist/best_final_horizon/q_typed_residual_context/a0.10/w0.75] [plan iscas99__b15_1] [plan] step=205 node=N1351 type=observe q_typed_residual_context=5.388495 sequence=504.415642
[b15-r6-type/type_balanced_toplist/best_final_horizon/q_typed_residual_context/a0.10/w0.75] [plan iscas99__b15_1] [plan] step=206 node=N684 type=observe q_typed_residual_context=1.511758 sequence=505.927400
[b15-r6-type/type_balanced_toplist/best_final_horizon/q_typed_residual_context/a0.10/w0.75] [plan iscas99__b15_1] [plan] step=207 node=N7380 type=observe q_typed_residual_context=6.031856 sequence=511.959255
[b15-r6-type/type_balanced_toplist/best_final_horizon/q_typed_residual_context/a0.10/w0.75] [plan iscas99__b15_1] [plan] step=208 node=N686 type=observe q_typed_residual_context=5.185222 sequence=517.144477
[b15-r6-type/type_balanced_toplist/best_final_horizon/q_typed_residual_context/a0.10/w0.75] [plan iscas99__b15_1] [plan] step=209 node=N6677 type=observe q_typed_residual_context=3.152790 sequence=520.297268
[b15-r6-type/type_balanced_toplist/best_final_horizon/q_typed_residual_context/a0.10/w0.75] [plan iscas99__b15_1] [plan] step=210 node=N729 type=observe q_typed_residual_context=4.812239 sequence=525.109507
[b15-r6-type/type_balanced_toplist/best_final_horizon/q_typed_residual_context/a0.10/w0.75] [plan iscas99__b15_1] [plan] step=211 node=N689 type=observe q_typed_residual_context=1.415871 sequence=526.525378
[b15-r6-type/type_balanced_toplist/best_final_horizon/q_typed_residual_context/a0.10/w0.75] [plan iscas99__b15_1] [plan] step=212 node=N5735 type=observe q_typed_residual_context=6.265346 sequence=532.790723
[b15-r6-type/type_balanced_toplist/best_final_horizon/q_typed_residual_context/a0.10/w0.75] [plan iscas99__b15_1] [plan] step=213 node=N763 type=observe q_typed_residual_context=6.012560 sequence=538.803283
[b15-r6-type/type_balanced_toplist/best_final_horizon/q_typed_residual_context/a0.10/w0.75] [plan iscas99__b15_1] [plan] step=214 node=N2271 type=observe q_typed_residual_context=4.482712 sequence=543.285995
[b15-r6-type/type_balanced_toplist/best_final_horizon/q_typed_residual_context/a0.10/w0.75] [plan iscas99__b15_1] [plan] step=215 node=N5094 type=observe q_typed_residual_context=1.101577 sequence=544.387572
[b15-r6-type/type_balanced_toplist/best_final_horizon/q_typed_residual_context/a0.10/w0.75] [plan iscas99__b15_1] [plan] step=216 node=N7433 type=observe q_typed_residual_context=6.442745 sequence=550.830317
[b15-r6-type/type_balanced_toplist/best_final_horizon/q_typed_residual_context/a0.10/w0.75] [plan iscas99__b15_1] [plan] step=217 node=N2072 type=observe q_typed_residual_context=6.083769 sequence=556.914086
[b15-r6-type/type_balanced_toplist/best_final_horizon/q_typed_residual_context/a0.10/w0.75] [plan iscas99__b15_1] [plan] step=218 node=N2267 type=observe q_typed_residual_context=4.644000 sequence=561.558086
[b15-r6-type/type_balanced_toplist/best_final_horizon/q_typed_residual_context/a0.10/w0.75] [plan iscas99__b15_1] [plan] step=219 node=N695 type=observe q_typed_residual_context=6.052877 sequence=567.610963
[b15-r6-type/type_balanced_toplist/best_final_horizon/q_typed_residual_context/a0.10/w0.75] [plan iscas99__b15_1] [plan] step=220 node=N6581 type=observe q_typed_residual_context=6.371203 sequence=573.982166
[b15-r6-type/type_balanced_toplist/best_final_horizon/q_typed_residual_context/a0.10/w0.75] [plan iscas99__b15_1] [plan] step=221 node=N2263 type=observe q_typed_residual_context=5.350867 sequence=579.333033
[b15-r6-type/type_balanced_toplist/best_final_horizon/q_typed_residual_context/a0.10/w0.75] [plan iscas99__b15_1] [plan] step=222 node=N696 type=observe q_typed_residual_context=4.343260 sequence=583.676293
[b15-r6-type/type_balanced_toplist/best_final_horizon/q_typed_residual_context/a0.10/w0.75] [plan iscas99__b15_1] [plan] step=223 node=N2259 type=observe q_typed_residual_context=2.674533 sequence=586.350827
[b15-r6-type/type_balanced_toplist/best_final_horizon/q_typed_residual_context/a0.10/w0.75] [plan iscas99__b15_1] [plan] step=224 node=N7447 type=observe q_typed_residual_context=2.556735 sequence=588.907562
[b15-r6-type/type_balanced_toplist/best_final_horizon/q_typed_residual_context/a0.10/w0.75] [plan iscas99__b15_1] [plan] step=225 node=N697 type=observe q_typed_residual_context=5.086535 sequence=593.994097
[b15-r6-type/type_balanced_toplist/best_final_horizon/q_typed_residual_context/a0.10/w0.75] [plan iscas99__b15_1] [plan] step=226 node=N2243 type=observe q_typed_residual_context=5.650894 sequence=599.644991
[b15-r6-type/type_balanced_toplist/best_final_horizon/q_typed_residual_context/a0.10/w0.75] [plan iscas99__b15_1] [plan] step=227 node=N6660 type=observe q_typed_residual_context=3.542491 sequence=603.187481
[b15-r6-type/type_balanced_toplist/best_final_horizon/q_typed_residual_context/a0.10/w0.75] [plan iscas99__b15_1] [plan] step=228 node=N5111 type=observe q_typed_residual_context=5.684734 sequence=608.872215
[b15-r6-type/type_balanced_toplist/best_final_horizon/q_typed_residual_context/a0.10/w0.75] [plan iscas99__b15_1] [plan] step=229 node=N7443 type=observe q_typed_residual_context=4.150356 sequence=613.022571
[b15-r6-type/type_balanced_toplist/best_final_horizon/q_typed_residual_context/a0.10/w0.75] [plan iscas99__b15_1] [plan] step=230 node=N5160 type=observe q_typed_residual_context=5.296924 sequence=618.319495
[b15-r6-type/type_balanced_toplist/best_final_horizon/q_typed_residual_context/a0.10/w0.75] [plan iscas99__b15_1] [plan] step=231 node=N2251 type=observe q_typed_residual_context=4.341305 sequence=622.660800
[b15-r6-type/type_balanced_toplist/best_final_horizon/q_typed_residual_context/a0.10/w0.75] [plan iscas99__b15_1] [plan] step=232 node=N2159 type=observe q_typed_residual_context=1.520705 sequence=624.181505
[b15-r6-type/type_balanced_toplist/best_final_horizon/q_typed_residual_context/a0.10/w0.75] [plan iscas99__b15_1] [plan] step=233 node=N6656 type=observe q_typed_residual_context=1.169902 sequence=625.351407
[b15-r6-type/type_balanced_toplist/best_final_horizon/q_typed_residual_context/a0.10/w0.75] [plan iscas99__b15_1] [plan] step=234 node=N2247 type=observe q_typed_residual_context=3.092303 sequence=628.443710
[b15-r6-type/type_balanced_toplist/best_final_horizon/q_typed_residual_context/a0.10/w0.75] [plan iscas99__b15_1] [plan] step=235 node=N7444 type=observe q_typed_residual_context=4.161711 sequence=632.605421
[b15-r6-type/type_balanced_toplist/best_final_horizon/q_typed_residual_context/a0.10/w0.75] [plan iscas99__b15_1] [plan] step=236 node=N1352 type=observe q_typed_residual_context=3.422518 sequence=636.027939
[b15-r6-type/type_balanced_toplist/best_final_horizon/q_typed_residual_context/a0.10/w0.75] [plan iscas99__b15_1] [plan] step=237 node=N6658 type=observe q_typed_residual_context=5.831142 sequence=641.859082
[b15-r6-type/type_balanced_toplist/best_final_horizon/q_typed_residual_context/a0.10/w0.75] [plan iscas99__b15_1] [plan] step=238 node=N680 type=observe q_typed_residual_context=3.244965 sequence=645.104047
[b15-r6-type/type_balanced_toplist/best_final_horizon/q_typed_residual_context/a0.10/w0.75] [plan iscas99__b15_1] [plan] step=239 node=N732 type=observe q_typed_residual_context=3.779018 sequence=648.883064
[b15-r6-type/type_balanced_toplist/best_final_horizon/q_typed_residual_context/a0.10/w0.75] [plan iscas99__b15_1] [plan] step=240 node=N2216 type=observe q_typed_residual_context=3.726897 sequence=652.609961
[b15-r6-type/type_balanced_toplist/best_final_horizon/q_typed_residual_context/a0.10/w0.75] [plan iscas99__b15_1] [plan] step=241 node=N2218 type=observe q_typed_residual_context=3.688307 sequence=656.298269
[b15-r6-type/type_balanced_toplist/best_final_horizon/q_typed_residual_context/a0.10/w0.75] [plan iscas99__b15_1] [plan] step=242 node=N2255 type=observe q_typed_residual_context=3.965735 sequence=660.264004
[b15-r6-type/type_balanced_toplist/best_final_horizon/q_typed_residual_context/a0.10/w0.75] [plan iscas99__b15_1] [plan] step=243 node=N7452 type=observe q_typed_residual_context=3.328732 sequence=663.592735
[b15-r6-type/type_balanced_toplist/best_final_horizon/q_typed_residual_context/a0.10/w0.75] [plan iscas99__b15_1] [plan] step=244 node=N4900 type=observe q_typed_residual_context=6.234733 sequence=669.827468
[b15-r6-type/type_balanced_toplist/best_final_horizon/q_typed_residual_context/a0.10/w0.75] [plan iscas99__b15_1] [plan] step=245 node=N6537 type=observe q_typed_residual_context=1.737062 sequence=671.564530
[b15-r6-type/type_balanced_toplist/best_final_horizon/q_typed_residual_context/a0.10/w0.75] [plan iscas99__b15_1] [plan] step=246 node=N2185 type=observe q_typed_residual_context=4.163357 sequence=675.727887
[b15-r6-type/type_balanced_toplist/best_final_horizon/q_typed_residual_context/a0.10/w0.75] [plan iscas99__b15_1] [plan] step=247 node=N3009 type=control1 q_typed_residual_context=1.077544 sequence=676.805431
[b15-r6-type/type_balanced_toplist/best_final_horizon/q_typed_residual_context/a0.10/w0.75] [plan iscas99__b15_1] [plan] step=248 node=N8790 type=control1 q_typed_residual_context=3.818428 sequence=680.623859
[b15-r6-type/type_balanced_toplist/best_final_horizon/q_typed_residual_context/a0.10/w0.75] [plan iscas99__b15_1] [plan] step=249 node=N717 type=observe q_typed_residual_context=3.185052 sequence=683.808911
[b15-r6-type/type_balanced_toplist/best_final_horizon/q_typed_residual_context/a0.10/w0.75] [plan iscas99__b15_1] [plan] step=250 node=N8240 type=control1 q_typed_residual_context=3.087054 sequence=686.895965
[b15-r6-type/type_balanced_toplist/best_final_horizon/q_typed_residual_context/a0.10/w0.75] [plan iscas99__b15_1] [plan] step=251 node=N6680 type=observe q_typed_residual_context=0.981276 sequence=687.877241
[b15-r6-type/type_balanced_toplist/best_final_horizon/q_typed_residual_context/a0.10/w0.75] [plan iscas99__b15_1] [plan] step=252 node=N2203 type=observe q_typed_residual_context=3.776314 sequence=691.653555
[b15-r6-type/type_balanced_toplist/best_final_horizon/q_typed_residual_context/a0.10/w0.75] [plan iscas99__b15_1] [plan] step=253 node=N8789 type=control1 q_typed_residual_context=5.986005 sequence=697.639560
[b15-r6-type/type_balanced_toplist/best_final_horizon/q_typed_residual_context/a0.10/w0.75] [plan iscas99__b15_1] [plan] step=254 node=N735 type=observe q_typed_residual_context=6.005473 sequence=703.645033
[b15-r6-type/type_balanced_toplist/best_final_horizon/q_typed_residual_context/a0.10/w0.75] [plan iscas99__b15_1] [plan] step=255 node=N2205 type=observe q_typed_residual_context=5.992479 sequence=709.637511
[b15-r6-type/type_balanced_toplist/best_final_horizon/q_typed_residual_context/a0.10/w0.75] [plan iscas99__b15_1] [plan] step=256 node=N7440 type=observe q_typed_residual_context=5.821122 sequence=715.458634
[b15-r6-type/type_balanced_toplist/best_final_horizon/q_typed_residual_context/a0.10/w0.75] [plan iscas99__b15_1] [plan] step=257 node=N7542 type=control0 q_typed_residual_context=0.966870 sequence=716.425504
[b15-r6-type/type_balanced_toplist/best_final_horizon/q_typed_residual_context/a0.10/w0.75] [plan iscas99__b15_1] [plan] step=258 node=N8607 type=control1 q_typed_residual_context=5.793602 sequence=722.219106
[b15-r6-type/type_balanced_toplist/best_final_horizon/q_typed_residual_context/a0.10/w0.75] [plan iscas99__b15_1] [plan] step=259 node=N8239 type=control1 q_typed_residual_context=5.409339 sequence=727.628445
[b15-r6-type/type_balanced_toplist/best_final_horizon/q_typed_residual_context/a0.10/w0.75] [plan iscas99__b15_1] [plan] step=260 node=N3067 type=control1 q_typed_residual_context=0.494677 sequence=728.123122
[b15-r6-type/type_balanced_toplist/best_final_horizon/q_typed_residual_context/a0.10/w0.75] [plan iscas99__b15_1] [plan] step=261 node=N652 type=control1 q_typed_residual_context=6.105794 sequence=734.228916
[b15-r6-type/type_balanced_toplist/best_final_horizon/q_typed_residual_context/a0.10/w0.75] [plan iscas99__b15_1] [plan] step=262 node=N8238 type=control1 q_typed_residual_context=6.689019 sequence=740.917935
[b15-r6-type/type_balanced_toplist/best_final_horizon/q_typed_residual_context/a0.10/w0.75] [plan iscas99__b15_1] [plan] step=263 node=N8606 type=control1 q_typed_residual_context=5.016015 sequence=745.933950
[b15-r6-type/type_balanced_toplist/best_final_horizon/q_typed_residual_context/a0.10/w0.75] [plan iscas99__b15_1] [plan] step=264 node=N8237 type=control1 q_typed_residual_context=3.992395 sequence=749.926345
[b15-r6-type/type_balanced_toplist/best_final_horizon/q_typed_residual_context/a0.10/w0.75] [plan iscas99__b15_1] [plan] step=265 node=N902 type=control1 q_typed_residual_context=4.494351 sequence=754.420696
[b15-r6-type/type_balanced_toplist/best_final_horizon/q_typed_residual_context/a0.10/w0.75] [plan iscas99__b15_1] [plan] step=266 node=N1599 type=observe q_typed_residual_context=5.360590 sequence=759.781286
[b15-r6-type/type_balanced_toplist/best_final_horizon/q_typed_residual_context/a0.10/w0.75] [plan iscas99__b15_1] [plan] step=267 node=N8605 type=control1 q_typed_residual_context=4.037141 sequence=763.818426
[b15-r6-type/type_balanced_toplist/best_final_horizon/q_typed_residual_context/a0.10/w0.75] [plan iscas99__b15_1] [plan] step=268 node=N2201 type=observe q_typed_residual_context=5.940491 sequence=769.758917
[b15-r6-type/type_balanced_toplist/best_final_horizon/q_typed_residual_context/a0.10/w0.75] [plan iscas99__b15_1] [plan] step=269 node=N8236 type=control1 q_typed_residual_context=7.251453 sequence=777.010370
[b15-r6-type/type_balanced_toplist/best_final_horizon/q_typed_residual_context/a0.10/w0.75] [plan iscas99__b15_1] [plan] step=270 node=N733 type=observe q_typed_residual_context=6.594413 sequence=783.604783
[b15-r6-type/type_balanced_toplist/best_final_horizon/q_typed_residual_context/a0.10/w0.75] [plan iscas99__b15_1] [plan] step=271 node=N515 type=control1 q_typed_residual_context=7.069458 sequence=790.674241
[b15-r6-type/type_balanced_toplist/best_final_horizon/q_typed_residual_context/a0.10/w0.75] [plan iscas99__b15_1] [plan] step=272 node=N2226 type=observe q_typed_residual_context=6.610191 sequence=797.284432
[b15-r6-type/type_balanced_toplist/best_final_horizon/q_typed_residual_context/a0.10/w0.75] [plan iscas99__b15_1] [plan] step=273 node=N6562 type=observe q_typed_residual_context=6.649572 sequence=803.934003
[b15-r6-type/type_balanced_toplist/best_final_horizon/q_typed_residual_context/a0.10/w0.75] [plan iscas99__b15_1] [plan] step=274 node=N1598 type=observe q_typed_residual_context=0.317796 sequence=804.251799
[b15-r6-type/type_balanced_toplist/best_final_horizon/q_typed_residual_context/a0.10/w0.75] [plan iscas99__b15_1] [plan] step=275 node=N2212 type=observe q_typed_residual_context=4.001778 sequence=808.253578
[b15-r6-type/type_balanced_toplist/best_final_horizon/q_typed_residual_context/a0.10/w0.75] [plan iscas99__b15_1] [plan] step=276 node=N7425 type=observe q_typed_residual_context=5.870954 sequence=814.124532
[b15-r6-type/type_balanced_toplist/best_final_horizon/q_typed_residual_context/a0.10/w0.75] [plan iscas99__b15_1] [plan] step=277 node=N1348 type=observe q_typed_residual_context=6.289201 sequence=820.413732
[b15-r6-type/type_balanced_toplist/best_final_horizon/q_typed_residual_context/a0.10/w0.75] [plan iscas99__b15_1] [plan] step=278 node=N8470 type=observe q_typed_residual_context=4.773993 sequence=825.187725
[b15-r6-type/type_balanced_toplist/best_final_horizon/q_typed_residual_context/a0.10/w0.75] [plan iscas99__b15_1] saved=autoresearch/loop-260720-0945/model_training_round6_type_balanced/b15_selection/type_balanced_toplist/best_final_horizon/q_typed_residual_context/alpha_0p10_weight_0p75/plans/iscas99__b15_1__greedy__cumulative__q_typed_residual_context__bw1__d1__c48__g1p0__candhard_fault_cluster__div0p0__s0.csv
[b15-r6-type/type_balanced_toplist/best_final_horizon/q_typed_residual_context/a0.10/w0.75] [gmean] 2026-07-21T11:00:50 [1/1] plan_done benchmark=iscas99__b15_1 plan_sec=166.306 plan_csv=autoresearch/loop-260720-0945/model_training_round6_type_balanced/b15_selection/type_balanced_toplist/best_final_horizon/q_typed_residual_context/alpha_0p10_weight_0p75/plans/iscas99__b15_1__greedy__cumulative__q_typed_residual_context__bw1__d1__c48__g1p0__candhard_fault_cluster__div0p0__s0.csv
[b15-r6-type/type_balanced_toplist/best_final_horizon/q_typed_residual_context/a0.10/w0.75] [gmean] 2026-07-21T11:00:50 [1/1] eval_start benchmark=iscas99__b15_1 backend=atalanta-bist patterns=300000
[b15-r6-type/type_balanced_toplist/best_final_horizon/q_typed_residual_context/a0.10/w0.75] [eval iscas99__b15_1] {
[b15-r6-type/type_balanced_toplist/best_final_horizon/q_typed_residual_context/a0.10/w0.75] [eval iscas99__b15_1]   "records": 2,
[b15-r6-type/type_balanced_toplist/best_final_horizon/q_typed_residual_context/a0.10/w0.75] [eval iscas99__b15_1]   "labels_csv": "autoresearch/loop-260720-0945/model_training_round6_type_balanced/b15_selection/type_balanced_toplist/best_final_horizon/q_typed_residual_context/alpha_0p10_weight_0p75/evals/iscas99__b15_1__greedy__cumulative__q_typed_residual_context__bw1__d1__c48__g1p0__candhard_fault_cluster__div0p0__s0/labels.csv",
[b15-r6-type/type_balanced_toplist/best_final_horizon/q_typed_residual_context/a0.10/w0.75] [eval iscas99__b15_1]   "summary_json": "autoresearch/loop-260720-0945/model_training_round6_type_balanced/b15_selection/type_balanced_toplist/best_final_horizon/q_typed_residual_context/alpha_0p10_weight_0p75/evals/iscas99__b15_1__greedy__cumulative__q_typed_residual_context__bw1__d1__c48__g1p0__candhard_fault_cluster__div0p0__s0/summary.json"
[b15-r6-type/type_balanced_toplist/best_final_horizon/q_typed_residual_context/a0.10/w0.75] [eval iscas99__b15_1] }
[b15-r6-type/type_balanced_toplist/best_final_horizon/q_typed_residual_context/a0.10/w0.75] [gmean] 2026-07-21T11:00:57 [1/1] eval_done benchmark=iscas99__b15_1 delta_tc=0.1227100000000001 plan_sec=166.306 eval_sec=6.635 total_sec=172.961
[b15-r6-type/type_balanced_toplist/best_final_horizon/q_typed_residual_context/a0.10/w0.75] [gmean] 2026-07-21T11:00:57 variant_done id=greedy__cumulative__q_typed_residual_context__bw1__d1__c48__g1p0__candhard_fault_cluster__div0p0__s0 status=ok macro=0.1227100000000001 positives=1 negatives=0 elapsed=172.961
