[b15-r6-type/type_balanced_toplist/best_final_horizon/q_typed_residual_context/a0.20/w0.75] [gmean] 2026-07-21T11:00:57 out_dir=autoresearch/loop-260720-0945/model_training_round6_type_balanced/b15_selection/type_balanced_toplist/best_final_horizon/q_typed_residual_context/alpha_0p20_weight_0p75
[b15-r6-type/type_balanced_toplist/best_final_horizon/q_typed_residual_context/a0.20/w0.75] [gmean] 2026-07-21T11:00:57 budgets=iscas99__b15_1:278
[b15-r6-type/type_balanced_toplist/best_final_horizon/q_typed_residual_context/a0.20/w0.75] [gmean] 2026-07-21T11:00:57 variant_start id=greedy__cumulative__q_typed_residual_context__bw1__d1__c48__g1p0__candhard_fault_cluster__div0p0__s0
[b15-r6-type/type_balanced_toplist/best_final_horizon/q_typed_residual_context/a0.20/w0.75] [gmean] 2026-07-21T11:00:57 [1/1] plan_start benchmark=iscas99__b15_1 budget=278 planner=greedy score=q_typed_residual_context
[b15-r6-type/type_balanced_toplist/best_final_horizon/q_typed_residual_context/a0.20/w0.75] [plan iscas99__b15_1] [plan] torch_deterministic=true
[b15-r6-type/type_balanced_toplist/best_final_horizon/q_typed_residual_context/a0.20/w0.75] [plan iscas99__b15_1] [plan] candidate_allowlist=autoresearch/original-netlist-recovery-260712/exact_itc99/b15_C/exact_candidate_nodes.txt nodes=7918
[b15-r6-type/type_balanced_toplist/best_final_horizon/q_typed_residual_context/a0.20/w0.75] [plan iscas99__b15_1] [plan] latent_norm_clip_ratio=4 latent_norm_limit=30.875631
[b15-r6-type/type_balanced_toplist/best_final_horizon/q_typed_residual_context/a0.20/w0.75] [plan iscas99__b15_1] [plan] step=1 node=N677 type=control1 q_typed_residual_context=5.301557 sequence=5.301557
[b15-r6-type/type_balanced_toplist/best_final_horizon/q_typed_residual_context/a0.20/w0.75] [plan iscas99__b15_1] [plan] step=2 node=N2155 type=observe q_typed_residual_context=4.802407 sequence=10.103963
[b15-r6-type/type_balanced_toplist/best_final_horizon/q_typed_residual_context/a0.20/w0.75] [plan iscas99__b15_1] [plan] step=3 node=N502 type=control1 q_typed_residual_context=1.987931 sequence=12.091894
[b15-r6-type/type_balanced_toplist/best_final_horizon/q_typed_residual_context/a0.20/w0.75] [plan iscas99__b15_1] [plan] step=4 node=N762 type=control1 q_typed_residual_context=1.650740 sequence=13.742635
[b15-r6-type/type_balanced_toplist/best_final_horizon/q_typed_residual_context/a0.20/w0.75] [plan iscas99__b15_1] [plan] step=5 node=N3644 type=control0 q_typed_residual_context=1.231762 sequence=14.974396
[b15-r6-type/type_balanced_toplist/best_final_horizon/q_typed_residual_context/a0.20/w0.75] [plan iscas99__b15_1] [plan] step=6 node=N3756 type=control0 q_typed_residual_context=1.129241 sequence=16.103638
[b15-r6-type/type_balanced_toplist/best_final_horizon/q_typed_residual_context/a0.20/w0.75] [plan iscas99__b15_1] [plan] step=7 node=N557 type=control1 q_typed_residual_context=0.977934 sequence=17.081572
[b15-r6-type/type_balanced_toplist/best_final_horizon/q_typed_residual_context/a0.20/w0.75] [plan iscas99__b15_1] [plan] step=8 node=N5143 type=observe q_typed_residual_context=1.083856 sequence=18.165428
[b15-r6-type/type_balanced_toplist/best_final_horizon/q_typed_residual_context/a0.20/w0.75] [plan iscas99__b15_1] [plan] step=9 node=N507 type=control1 q_typed_residual_context=0.945577 sequence=19.111004
[b15-r6-type/type_balanced_toplist/best_final_horizon/q_typed_residual_context/a0.20/w0.75] [plan iscas99__b15_1] [plan] step=10 node=N3742 type=control0 q_typed_residual_context=1.178097 sequence=20.289101
[b15-r6-type/type_balanced_toplist/best_final_horizon/q_typed_residual_context/a0.20/w0.75] [plan iscas99__b15_1] [plan] step=11 node=N564 type=control1 q_typed_residual_context=2.290324 sequence=22.579425
[b15-r6-type/type_balanced_toplist/best_final_horizon/q_typed_residual_context/a0.20/w0.75] [plan iscas99__b15_1] [plan] step=12 node=N5203 type=control1 q_typed_residual_context=1.503242 sequence=24.082668
[b15-r6-type/type_balanced_toplist/best_final_horizon/q_typed_residual_context/a0.20/w0.75] [plan iscas99__b15_1] [plan] step=13 node=N5866 type=observe q_typed_residual_context=3.266603 sequence=27.349271
[b15-r6-type/type_balanced_toplist/best_final_horizon/q_typed_residual_context/a0.20/w0.75] [plan iscas99__b15_1] [plan] step=14 node=N580 type=control1 q_typed_residual_context=3.075463 sequence=30.424734
[b15-r6-type/type_balanced_toplist/best_final_horizon/q_typed_residual_context/a0.20/w0.75] [plan iscas99__b15_1] [plan] step=15 node=N737 type=control1 q_typed_residual_context=2.734129 sequence=33.158863
[b15-r6-type/type_balanced_toplist/best_final_horizon/q_typed_residual_context/a0.20/w0.75] [plan iscas99__b15_1] [plan] step=16 node=N1853 type=observe q_typed_residual_context=1.878109 sequence=35.036972
[b15-r6-type/type_balanced_toplist/best_final_horizon/q_typed_residual_context/a0.20/w0.75] [plan iscas99__b15_1] [plan] step=17 node=N2082 type=observe q_typed_residual_context=4.739818 sequence=39.776790
[b15-r6-type/type_balanced_toplist/best_final_horizon/q_typed_residual_context/a0.20/w0.75] [plan iscas99__b15_1] [plan] step=18 node=N2153 type=observe q_typed_residual_context=4.627991 sequence=44.404781
[b15-r6-type/type_balanced_toplist/best_final_horizon/q_typed_residual_context/a0.20/w0.75] [plan iscas99__b15_1] [plan] step=19 node=N2101 type=observe q_typed_residual_context=5.333349 sequence=49.738131
[b15-r6-type/type_balanced_toplist/best_final_horizon/q_typed_residual_context/a0.20/w0.75] [plan iscas99__b15_1] [plan] step=20 node=N1860 type=observe q_typed_residual_context=4.836940 sequence=54.575071
[b15-r6-type/type_balanced_toplist/best_final_horizon/q_typed_residual_context/a0.20/w0.75] [plan iscas99__b15_1] [plan] step=21 node=N1372 type=observe q_typed_residual_context=4.215015 sequence=58.790086
[b15-r6-type/type_balanced_toplist/best_final_horizon/q_typed_residual_context/a0.20/w0.75] [plan iscas99__b15_1] [plan] step=22 node=N496 type=control1 q_typed_residual_context=6.713263 sequence=65.503349
[b15-r6-type/type_balanced_toplist/best_final_horizon/q_typed_residual_context/a0.20/w0.75] [plan iscas99__b15_1] [plan] step=23 node=N5723 type=control0 q_typed_residual_context=6.081615 sequence=71.584964
[b15-r6-type/type_balanced_toplist/best_final_horizon/q_typed_residual_context/a0.20/w0.75] [plan iscas99__b15_1] [plan] step=24 node=N7516 type=observe q_typed_residual_context=5.951141 sequence=77.536105
[b15-r6-type/type_balanced_toplist/best_final_horizon/q_typed_residual_context/a0.20/w0.75] [plan iscas99__b15_1] [plan] step=25 node=N582 type=control1 q_typed_residual_context=4.135336 sequence=81.671441
[b15-r6-type/type_balanced_toplist/best_final_horizon/q_typed_residual_context/a0.20/w0.75] [plan iscas99__b15_1] [plan] step=26 node=N766 type=control1 q_typed_residual_context=6.852691 sequence=88.524132
[b15-r6-type/type_balanced_toplist/best_final_horizon/q_typed_residual_context/a0.20/w0.75] [plan iscas99__b15_1] [plan] step=27 node=N5234 type=observe q_typed_residual_context=4.325567 sequence=92.849699
[b15-r6-type/type_balanced_toplist/best_final_horizon/q_typed_residual_context/a0.20/w0.75] [plan iscas99__b15_1] [plan] step=28 node=N1437 type=control1 q_typed_residual_context=4.474468 sequence=97.324166
[b15-r6-type/type_balanced_toplist/best_final_horizon/q_typed_residual_context/a0.20/w0.75] [plan iscas99__b15_1] [plan] step=29 node=N583 type=control1 q_typed_residual_context=4.835027 sequence=102.159194
[b15-r6-type/type_balanced_toplist/best_final_horizon/q_typed_residual_context/a0.20/w0.75] [plan iscas99__b15_1] [plan] step=30 node=N2040 type=observe q_typed_residual_context=5.214783 sequence=107.373976
[b15-r6-type/type_balanced_toplist/best_final_horizon/q_typed_residual_context/a0.20/w0.75] [plan iscas99__b15_1] [plan] step=31 node=N4635 type=control0 q_typed_residual_context=6.359329 sequence=113.733305
[b15-r6-type/type_balanced_toplist/best_final_horizon/q_typed_residual_context/a0.20/w0.75] [plan iscas99__b15_1] [plan] step=32 node=N7411 type=control1 q_typed_residual_context=4.500594 sequence=118.233899
[b15-r6-type/type_balanced_toplist/best_final_horizon/q_typed_residual_context/a0.20/w0.75] [plan iscas99__b15_1] [plan] step=33 node=N2044 type=observe q_typed_residual_context=3.770386 sequence=122.004285
[b15-r6-type/type_balanced_toplist/best_final_horizon/q_typed_residual_context/a0.20/w0.75] [plan iscas99__b15_1] [plan] step=34 node=N2042 type=observe q_typed_residual_context=4.788769 sequence=126.793054
[b15-r6-type/type_balanced_toplist/best_final_horizon/q_typed_residual_context/a0.20/w0.75] [plan iscas99__b15_1] [plan] step=35 node=N1532 type=observe q_typed_residual_context=6.617914 sequence=133.410968
[b15-r6-type/type_balanced_toplist/best_final_horizon/q_typed_residual_context/a0.20/w0.75] [plan iscas99__b15_1] [plan] step=36 node=N7413 type=control1 q_typed_residual_context=6.371788 sequence=139.782756
[b15-r6-type/type_balanced_toplist/best_final_horizon/q_typed_residual_context/a0.20/w0.75] [plan iscas99__b15_1] [plan] step=37 node=N4649 type=control0 q_typed_residual_context=6.038920 sequence=145.821676
[b15-r6-type/type_balanced_toplist/best_final_horizon/q_typed_residual_context/a0.20/w0.75] [plan iscas99__b15_1] [plan] step=38 node=N7891 type=control1 q_typed_residual_context=5.917212 sequence=151.738889
[b15-r6-type/type_balanced_toplist/best_final_horizon/q_typed_residual_context/a0.20/w0.75] [plan iscas99__b15_1] [plan] step=39 node=N2314 type=control1 q_typed_residual_context=5.287158 sequence=157.026046
[b15-r6-type/type_balanced_toplist/best_final_horizon/q_typed_residual_context/a0.20/w0.75] [plan iscas99__b15_1] [plan] step=40 node=N7511 type=control1 q_typed_residual_context=4.557794 sequence=161.583841
[b15-r6-type/type_balanced_toplist/best_final_horizon/q_typed_residual_context/a0.20/w0.75] [plan iscas99__b15_1] [plan] step=41 node=N7882 type=control1 q_typed_residual_context=4.347012 sequence=165.930852
[b15-r6-type/type_balanced_toplist/best_final_horizon/q_typed_residual_context/a0.20/w0.75] [plan iscas99__b15_1] [plan] step=42 node=N7883 type=control1 q_typed_residual_context=6.128610 sequence=172.059463
[b15-r6-type/type_balanced_toplist/best_final_horizon/q_typed_residual_context/a0.20/w0.75] [plan iscas99__b15_1] [plan] step=43 node=N7881 type=control1 q_typed_residual_context=4.436924 sequence=176.496387
[b15-r6-type/type_balanced_toplist/best_final_horizon/q_typed_residual_context/a0.20/w0.75] [plan iscas99__b15_1] [plan] step=44 node=N7884 type=control1 q_typed_residual_context=4.632456 sequence=181.128843
[b15-r6-type/type_balanced_toplist/best_final_horizon/q_typed_residual_context/a0.20/w0.75] [plan iscas99__b15_1] [plan] step=45 node=N7885 type=control1 q_typed_residual_context=4.893543 sequence=186.022387
[b15-r6-type/type_balanced_toplist/best_final_horizon/q_typed_residual_context/a0.20/w0.75] [plan iscas99__b15_1] [plan] step=46 node=N7886 type=control1 q_typed_residual_context=5.356402 sequence=191.378788
[b15-r6-type/type_balanced_toplist/best_final_horizon/q_typed_residual_context/a0.20/w0.75] [plan iscas99__b15_1] [plan] step=47 node=N7887 type=control1 q_typed_residual_context=4.990463 sequence=196.369251
[b15-r6-type/type_balanced_toplist/best_final_horizon/q_typed_residual_context/a0.20/w0.75] [plan iscas99__b15_1] [plan] step=48 node=N7888 type=control1 q_typed_residual_context=2.365887 sequence=198.735138
[b15-r6-type/type_balanced_toplist/best_final_horizon/q_typed_residual_context/a0.20/w0.75] [plan iscas99__b15_1] [plan] step=49 node=N3903 type=control0 q_typed_residual_context=0.830607 sequence=199.565745
[b15-r6-type/type_balanced_toplist/best_final_horizon/q_typed_residual_context/a0.20/w0.75] [plan iscas99__b15_1] [plan] step=50 node=N4663 type=control0 q_typed_residual_context=1.031628 sequence=200.597373
[b15-r6-type/type_balanced_toplist/best_final_horizon/q_typed_residual_context/a0.20/w0.75] [plan iscas99__b15_1] [plan] step=51 node=N4656 type=control0 q_typed_residual_context=1.575711 sequence=202.173085
[b15-r6-type/type_balanced_toplist/best_final_horizon/q_typed_residual_context/a0.20/w0.75] [plan iscas99__b15_1] [plan] step=52 node=N713 type=observe q_typed_residual_context=1.767022 sequence=203.940106
[b15-r6-type/type_balanced_toplist/best_final_horizon/q_typed_residual_context/a0.20/w0.75] [plan iscas99__b15_1] [plan] step=53 node=N4670 type=control0 q_typed_residual_context=1.960278 sequence=205.900384
[b15-r6-type/type_balanced_toplist/best_final_horizon/q_typed_residual_context/a0.20/w0.75] [plan iscas99__b15_1] [plan] step=54 node=N724 type=observe q_typed_residual_context=2.329167 sequence=208.229551
[b15-r6-type/type_balanced_toplist/best_final_horizon/q_typed_residual_context/a0.20/w0.75] [plan iscas99__b15_1] [plan] step=55 node=N704 type=observe q_typed_residual_context=6.172622 sequence=214.402174
[b15-r6-type/type_balanced_toplist/best_final_horizon/q_typed_residual_context/a0.20/w0.75] [plan iscas99__b15_1] [plan] step=56 node=N3896 type=control0 q_typed_residual_context=0.876344 sequence=215.278518
[b15-r6-type/type_balanced_toplist/best_final_horizon/q_typed_residual_context/a0.20/w0.75] [plan iscas99__b15_1] [plan] step=57 node=N4684 type=control0 q_typed_residual_context=0.976116 sequence=216.254634
[b15-r6-type/type_balanced_toplist/best_final_horizon/q_typed_residual_context/a0.20/w0.75] [plan iscas99__b15_1] [plan] step=58 node=N4677 type=control0 q_typed_residual_context=1.348866 sequence=217.603500
[b15-r6-type/type_balanced_toplist/best_final_horizon/q_typed_residual_context/a0.20/w0.75] [plan iscas99__b15_1] [plan] step=59 node=N3889 type=control0 q_typed_residual_context=0.999446 sequence=218.602946
[b15-r6-type/type_balanced_toplist/best_final_horizon/q_typed_residual_context/a0.20/w0.75] [plan iscas99__b15_1] [plan] step=60 node=N3882 type=control0 q_typed_residual_context=1.004870 sequence=219.607816
[b15-r6-type/type_balanced_toplist/best_final_horizon/q_typed_residual_context/a0.20/w0.75] [plan iscas99__b15_1] [plan] step=61 node=N3805 type=control0 q_typed_residual_context=0.977531 sequence=220.585346
[b15-r6-type/type_balanced_toplist/best_final_horizon/q_typed_residual_context/a0.20/w0.75] [plan iscas99__b15_1] [plan] step=62 node=N4606 type=control0 q_typed_residual_context=0.928605 sequence=221.513952
[b15-r6-type/type_balanced_toplist/best_final_horizon/q_typed_residual_context/a0.20/w0.75] [plan iscas99__b15_1] [plan] step=63 node=N4585 type=control0 q_typed_residual_context=1.032466 sequence=222.546418
[b15-r6-type/type_balanced_toplist/best_final_horizon/q_typed_residual_context/a0.20/w0.75] [plan iscas99__b15_1] [plan] step=64 node=N4578 type=control0 q_typed_residual_context=1.040664 sequence=223.587082
[b15-r6-type/type_balanced_toplist/best_final_horizon/q_typed_residual_context/a0.20/w0.75] [plan iscas99__b15_1] [plan] step=65 node=N4564 type=control0 q_typed_residual_context=1.005066 sequence=224.592148
[b15-r6-type/type_balanced_toplist/best_final_horizon/q_typed_residual_context/a0.20/w0.75] [plan iscas99__b15_1] [plan] step=66 node=N4712 type=control0 q_typed_residual_context=0.957417 sequence=225.549565
[b15-r6-type/type_balanced_toplist/best_final_horizon/q_typed_residual_context/a0.20/w0.75] [plan iscas99__b15_1] [plan] step=67 node=N4716 type=control0 q_typed_residual_context=0.945243 sequence=226.494808
[b15-r6-type/type_balanced_toplist/best_final_horizon/q_typed_residual_context/a0.20/w0.75] [plan iscas99__b15_1] [plan] step=68 node=N4705 type=control0 q_typed_residual_context=1.188820 sequence=227.683628
[b15-r6-type/type_balanced_toplist/best_final_horizon/q_typed_residual_context/a0.20/w0.75] [plan iscas99__b15_1] [plan] step=69 node=N4698 type=control0 q_typed_residual_context=1.448913 sequence=229.132542
[b15-r6-type/type_balanced_toplist/best_final_horizon/q_typed_residual_context/a0.20/w0.75] [plan iscas99__b15_1] [plan] step=70 node=N4691 type=control0 q_typed_residual_context=1.407771 sequence=230.540313
[b15-r6-type/type_balanced_toplist/best_final_horizon/q_typed_residual_context/a0.20/w0.75] [plan iscas99__b15_1] [plan] step=71 node=N722 type=observe q_typed_residual_context=3.525601 sequence=234.065914
[b15-r6-type/type_balanced_toplist/best_final_horizon/q_typed_residual_context/a0.20/w0.75] [plan iscas99__b15_1] [plan] step=72 node=N4557 type=control0 q_typed_residual_context=1.490262 sequence=235.556176
[b15-r6-type/type_balanced_toplist/best_final_horizon/q_typed_residual_context/a0.20/w0.75] [plan iscas99__b15_1] [plan] step=73 node=N7471 type=control0 q_typed_residual_context=1.273966 sequence=236.830141
[b15-r6-type/type_balanced_toplist/best_final_horizon/q_typed_residual_context/a0.20/w0.75] [plan iscas99__b15_1] [plan] step=74 node=N7543 type=control0 q_typed_residual_context=1.669093 sequence=238.499234
[b15-r6-type/type_balanced_toplist/best_final_horizon/q_typed_residual_context/a0.20/w0.75] [plan iscas99__b15_1] [plan] step=75 node=N519 type=control1 q_typed_residual_context=1.414970 sequence=239.914204
[b15-r6-type/type_balanced_toplist/best_final_horizon/q_typed_residual_context/a0.20/w0.75] [plan iscas99__b15_1] [plan] step=76 node=N504 type=control1 q_typed_residual_context=1.425149 sequence=241.339353
[b15-r6-type/type_balanced_toplist/best_final_horizon/q_typed_residual_context/a0.20/w0.75] [plan iscas99__b15_1] [plan] step=77 node=N7854 type=control0 q_typed_residual_context=1.601265 sequence=242.940619
[b15-r6-type/type_balanced_toplist/best_final_horizon/q_typed_residual_context/a0.20/w0.75] [plan iscas99__b15_1] [plan] step=78 node=N7724 type=control0 q_typed_residual_context=1.446386 sequence=244.387005
[b15-r6-type/type_balanced_toplist/best_final_horizon/q_typed_residual_context/a0.20/w0.75] [plan iscas99__b15_1] [plan] step=79 node=N2083 type=observe q_typed_residual_context=1.099409 sequence=245.486414
[b15-r6-type/type_balanced_toplist/best_final_horizon/q_typed_residual_context/a0.20/w0.75] [plan iscas99__b15_1] [plan] step=80 node=N513 type=control1 q_typed_residual_context=2.284013 sequence=247.770427
[b15-r6-type/type_balanced_toplist/best_final_horizon/q_typed_residual_context/a0.20/w0.75] [plan iscas99__b15_1] [plan] step=81 node=N516 type=control1 q_typed_residual_context=1.431486 sequence=249.201913
[b15-r6-type/type_balanced_toplist/best_final_horizon/q_typed_residual_context/a0.20/w0.75] [plan iscas99__b15_1] [plan] step=82 node=N7890 type=control1 q_typed_residual_context=1.374340 sequence=250.576253
[b15-r6-type/type_balanced_toplist/best_final_horizon/q_typed_residual_context/a0.20/w0.75] [plan iscas99__b15_1] [plan] step=83 node=N7889 type=control1 q_typed_residual_context=1.696796 sequence=252.273049
[b15-r6-type/type_balanced_toplist/best_final_horizon/q_typed_residual_context/a0.20/w0.75] [plan iscas99__b15_1] [plan] step=84 node=N3911 type=control0 q_typed_residual_context=1.278938 sequence=253.551987
[b15-r6-type/type_balanced_toplist/best_final_horizon/q_typed_residual_context/a0.20/w0.75] [plan iscas99__b15_1] [plan] step=85 node=N1533 type=control1 q_typed_residual_context=1.029153 sequence=254.581140
[b15-r6-type/type_balanced_toplist/best_final_horizon/q_typed_residual_context/a0.20/w0.75] [plan iscas99__b15_1] [plan] step=86 node=N520 type=control1 q_typed_residual_context=1.573156 sequence=256.154296
[b15-r6-type/type_balanced_toplist/best_final_horizon/q_typed_residual_context/a0.20/w0.75] [plan iscas99__b15_1] [plan] step=87 node=N3722 type=control0 q_typed_residual_context=1.834702 sequence=257.988998
[b15-r6-type/type_balanced_toplist/best_final_horizon/q_typed_residual_context/a0.20/w0.75] [plan iscas99__b15_1] [plan] step=88 node=N7722 type=control0 q_typed_residual_context=3.074860 sequence=261.063858
[b15-r6-type/type_balanced_toplist/best_final_horizon/q_typed_residual_context/a0.20/w0.75] [plan iscas99__b15_1] [plan] step=89 node=N3904 type=control0 q_typed_residual_context=2.452903 sequence=263.516761
[b15-r6-type/type_balanced_toplist/best_final_horizon/q_typed_residual_context/a0.20/w0.75] [plan iscas99__b15_1] [plan] step=90 node=N3897 type=control0 q_typed_residual_context=2.943052 sequence=266.459813
[b15-r6-type/type_balanced_toplist/best_final_horizon/q_typed_residual_context/a0.20/w0.75] [plan iscas99__b15_1] [plan] step=91 node=N3827 type=control0 q_typed_residual_context=4.622513 sequence=271.082326
[b15-r6-type/type_balanced_toplist/best_final_horizon/q_typed_residual_context/a0.20/w0.75] [plan iscas99__b15_1] [plan] step=92 node=N3862 type=control0 q_typed_residual_context=4.507511 sequence=275.589837
[b15-r6-type/type_balanced_toplist/best_final_horizon/q_typed_residual_context/a0.20/w0.75] [plan iscas99__b15_1] [plan] step=93 node=N1411 type=control0 q_typed_residual_context=2.713123 sequence=278.302960
[b15-r6-type/type_balanced_toplist/best_final_horizon/q_typed_residual_context/a0.20/w0.75] [plan iscas99__b15_1] [plan] step=94 node=N7721 type=control0 q_typed_residual_context=2.137249 sequence=280.440210
[b15-r6-type/type_balanced_toplist/best_final_horizon/q_typed_residual_context/a0.20/w0.75] [plan iscas99__b15_1] [plan] step=95 node=N3840 type=control0 q_typed_residual_context=2.955391 sequence=283.395601
[b15-r6-type/type_balanced_toplist/best_final_horizon/q_typed_residual_context/a0.20/w0.75] [plan iscas99__b15_1] [plan] step=96 node=N7725 type=control0 q_typed_residual_context=3.885244 sequence=287.280844
[b15-r6-type/type_balanced_toplist/best_final_horizon/q_typed_residual_context/a0.20/w0.75] [plan iscas99__b15_1] [plan] step=97 node=N7723 type=control0 q_typed_residual_context=2.175362 sequence=289.456206
[b15-r6-type/type_balanced_toplist/best_final_horizon/q_typed_residual_context/a0.20/w0.75] [plan iscas99__b15_1] [plan] step=98 node=N3820 type=control0 q_typed_residual_context=2.435503 sequence=291.891710
[b15-r6-type/type_balanced_toplist/best_final_horizon/q_typed_residual_context/a0.20/w0.75] [plan iscas99__b15_1] [plan] step=99 node=N7408 type=control0 q_typed_residual_context=3.144621 sequence=295.036331
[b15-r6-type/type_balanced_toplist/best_final_horizon/q_typed_residual_context/a0.20/w0.75] [plan iscas99__b15_1] [plan] step=100 node=N7541 type=control0 q_typed_residual_context=3.700845 sequence=298.737176
[b15-r6-type/type_balanced_toplist/best_final_horizon/q_typed_residual_context/a0.20/w0.75] [plan iscas99__b15_1] [plan] step=101 node=N7590 type=control1 q_typed_residual_context=5.416549 sequence=304.153725
[b15-r6-type/type_balanced_toplist/best_final_horizon/q_typed_residual_context/a0.20/w0.75] [plan iscas99__b15_1] [plan] step=102 node=N555 type=control1 q_typed_residual_context=2.995821 sequence=307.149545
[b15-r6-type/type_balanced_toplist/best_final_horizon/q_typed_residual_context/a0.20/w0.75] [plan iscas99__b15_1] [plan] step=103 node=N3855 type=control0 q_typed_residual_context=4.295186 sequence=311.444731
[b15-r6-type/type_balanced_toplist/best_final_horizon/q_typed_residual_context/a0.20/w0.75] [plan iscas99__b15_1] [plan] step=104 node=N7820 type=control0 q_typed_residual_context=4.375435 sequence=315.820166
[b15-r6-type/type_balanced_toplist/best_final_horizon/q_typed_residual_context/a0.20/w0.75] [plan iscas99__b15_1] [plan] step=105 node=N7370 type=control1 q_typed_residual_context=1.697163 sequence=317.517329
[b15-r6-type/type_balanced_toplist/best_final_horizon/q_typed_residual_context/a0.20/w0.75] [plan iscas99__b15_1] [plan] step=106 node=N3848 type=control0 q_typed_residual_context=4.456822 sequence=321.974151
[b15-r6-type/type_balanced_toplist/best_final_horizon/q_typed_residual_context/a0.20/w0.75] [plan iscas99__b15_1] [plan] step=107 node=N7588 type=control1 q_typed_residual_context=4.040965 sequence=326.015117
[b15-r6-type/type_balanced_toplist/best_final_horizon/q_typed_residual_context/a0.20/w0.75] [plan iscas99__b15_1] [plan] step=108 node=N3813 type=control0 q_typed_residual_context=2.451683 sequence=328.466800
[b15-r6-type/type_balanced_toplist/best_final_horizon/q_typed_residual_context/a0.20/w0.75] [plan iscas99__b15_1] [plan] step=109 node=N3799 type=control0 q_typed_residual_context=2.763966 sequence=331.230766
[b15-r6-type/type_balanced_toplist/best_final_horizon/q_typed_residual_context/a0.20/w0.75] [plan iscas99__b15_1] [plan] step=110 node=N3792 type=control0 q_typed_residual_context=2.582941 sequence=333.813707
[b15-r6-type/type_balanced_toplist/best_final_horizon/q_typed_residual_context/a0.20/w0.75] [plan iscas99__b15_1] [plan] step=111 node=N3785 type=control0 q_typed_residual_context=2.488164 sequence=336.301871
[b15-r6-type/type_balanced_toplist/best_final_horizon/q_typed_residual_context/a0.20/w0.75] [plan iscas99__b15_1] [plan] step=112 node=N3701 type=control0 q_typed_residual_context=2.246805 sequence=338.548676
[b15-r6-type/type_balanced_toplist/best_final_horizon/q_typed_residual_context/a0.20/w0.75] [plan iscas99__b15_1] [plan] step=113 node=N4520 type=control0 q_typed_residual_context=2.137602 sequence=340.686278
[b15-r6-type/type_balanced_toplist/best_final_horizon/q_typed_residual_context/a0.20/w0.75] [plan iscas99__b15_1] [plan] step=114 node=N3681 type=control0 q_typed_residual_context=1.719529 sequence=342.405807
[b15-r6-type/type_balanced_toplist/best_final_horizon/q_typed_residual_context/a0.20/w0.75] [plan iscas99__b15_1] [plan] step=115 node=N634 type=control1 q_typed_residual_context=1.558367 sequence=343.964174
[b15-r6-type/type_balanced_toplist/best_final_horizon/q_typed_residual_context/a0.20/w0.75] [plan iscas99__b15_1] [plan] step=116 node=N7870 type=control1 q_typed_residual_context=1.618861 sequence=345.583036
[b15-r6-type/type_balanced_toplist/best_final_horizon/q_typed_residual_context/a0.20/w0.75] [plan iscas99__b15_1] [plan] step=117 node=N556 type=control1 q_typed_residual_context=1.794307 sequence=347.377343
[b15-r6-type/type_balanced_toplist/best_final_horizon/q_typed_residual_context/a0.20/w0.75] [plan iscas99__b15_1] [plan] step=118 node=N3410 type=control1 q_typed_residual_context=2.557436 sequence=349.934779
[b15-r6-type/type_balanced_toplist/best_final_horizon/q_typed_residual_context/a0.20/w0.75] [plan iscas99__b15_1] [plan] step=119 node=N3180 type=control1 q_typed_residual_context=3.126605 sequence=353.061383
[b15-r6-type/type_balanced_toplist/best_final_horizon/q_typed_residual_context/a0.20/w0.75] [plan iscas99__b15_1] [plan] step=120 node=N638 type=control1 q_typed_residual_context=4.551973 sequence=357.613357
[b15-r6-type/type_balanced_toplist/best_final_horizon/q_typed_residual_context/a0.20/w0.75] [plan iscas99__b15_1] [plan] step=121 node=N620 type=control1 q_typed_residual_context=5.740856 sequence=363.354213
[b15-r6-type/type_balanced_toplist/best_final_horizon/q_typed_residual_context/a0.20/w0.75] [plan iscas99__b15_1] [plan] step=122 node=N614 type=control1 q_typed_residual_context=4.035617 sequence=367.389830
[b15-r6-type/type_balanced_toplist/best_final_horizon/q_typed_residual_context/a0.20/w0.75] [plan iscas99__b15_1] [plan] step=123 node=N7421 type=control1 q_typed_residual_context=3.203063 sequence=370.592893
[b15-r6-type/type_balanced_toplist/best_final_horizon/q_typed_residual_context/a0.20/w0.75] [plan iscas99__b15_1] [plan] step=124 node=N610 type=control1 q_typed_residual_context=2.628707 sequence=373.221600
[b15-r6-type/type_balanced_toplist/best_final_horizon/q_typed_residual_context/a0.20/w0.75] [plan iscas99__b15_1] [plan] step=125 node=N578 type=observe q_typed_residual_context=1.419537 sequence=374.641138
[b15-r6-type/type_balanced_toplist/best_final_horizon/q_typed_residual_context/a0.20/w0.75] [plan iscas99__b15_1] [plan] step=126 node=N7879 type=control1 q_typed_residual_context=2.264740 sequence=376.905878
[b15-r6-type/type_balanced_toplist/best_final_horizon/q_typed_residual_context/a0.20/w0.75] [plan iscas99__b15_1] [plan] step=127 node=N645 type=control1 q_typed_residual_context=1.967300 sequence=378.873178
[b15-r6-type/type_balanced_toplist/best_final_horizon/q_typed_residual_context/a0.20/w0.75] [plan iscas99__b15_1] [plan] step=128 node=N7877 type=control1 q_typed_residual_context=1.718119 sequence=380.591297
[b15-r6-type/type_balanced_toplist/best_final_horizon/q_typed_residual_context/a0.20/w0.75] [plan iscas99__b15_1] [plan] step=129 node=N7454 type=observe q_typed_residual_context=1.038629 sequence=381.629927
[b15-r6-type/type_balanced_toplist/best_final_horizon/q_typed_residual_context/a0.20/w0.75] [plan iscas99__b15_1] [plan] step=130 node=N694 type=observe q_typed_residual_context=2.609844 sequence=384.239771
[b15-r6-type/type_balanced_toplist/best_final_horizon/q_typed_residual_context/a0.20/w0.75] [plan iscas99__b15_1] [plan] step=131 node=N616 type=control1 q_typed_residual_context=2.317224 sequence=386.556995
[b15-r6-type/type_balanced_toplist/best_final_horizon/q_typed_residual_context/a0.20/w0.75] [plan iscas99__b15_1] [plan] step=132 node=N7402 type=observe q_typed_residual_context=5.059614 sequence=391.616609
[b15-r6-type/type_balanced_toplist/best_final_horizon/q_typed_residual_context/a0.20/w0.75] [plan iscas99__b15_1] [plan] step=133 node=N2102 type=observe q_typed_residual_context=1.543627 sequence=393.160236
[b15-r6-type/type_balanced_toplist/best_final_horizon/q_typed_residual_context/a0.20/w0.75] [plan iscas99__b15_1] [plan] step=134 node=N7679 type=observe q_typed_residual_context=1.530910 sequence=394.691146
[b15-r6-type/type_balanced_toplist/best_final_horizon/q_typed_residual_context/a0.20/w0.75] [plan iscas99__b15_1] [plan] step=135 node=N7424 type=control1 q_typed_residual_context=1.755069 sequence=396.446215
[b15-r6-type/type_balanced_toplist/best_final_horizon/q_typed_residual_context/a0.20/w0.75] [plan iscas99__b15_1] [plan] step=136 node=N636 type=control1 q_typed_residual_context=3.059796 sequence=399.506010
[b15-r6-type/type_balanced_toplist/best_final_horizon/q_typed_residual_context/a0.20/w0.75] [plan iscas99__b15_1] [plan] step=137 node=N7856 type=control1 q_typed_residual_context=1.438306 sequence=400.944317
[b15-r6-type/type_balanced_toplist/best_final_horizon/q_typed_residual_context/a0.20/w0.75] [plan iscas99__b15_1] [plan] step=138 node=N5878 type=observe q_typed_residual_context=1.792813 sequence=402.737129
[b15-r6-type/type_balanced_toplist/best_final_horizon/q_typed_residual_context/a0.20/w0.75] [plan iscas99__b15_1] [plan] step=139 node=N5603 type=observe q_typed_residual_context=0.900058 sequence=403.637187
[b15-r6-type/type_balanced_toplist/best_final_horizon/q_typed_residual_context/a0.20/w0.75] [plan iscas99__b15_1] [plan] step=140 node=N2157 type=observe q_typed_residual_context=3.611190 sequence=407.248377
[b15-r6-type/type_balanced_toplist/best_final_horizon/q_typed_residual_context/a0.20/w0.75] [plan iscas99__b15_1] [plan] step=141 node=N2106 type=observe q_typed_residual_context=1.921985 sequence=409.170362
[b15-r6-type/type_balanced_toplist/best_final_horizon/q_typed_residual_context/a0.20/w0.75] [plan iscas99__b15_1] [plan] step=142 node=N2580 type=control1 q_typed_residual_context=2.793593 sequence=411.963955
[b15-r6-type/type_balanced_toplist/best_final_horizon/q_typed_residual_context/a0.20/w0.75] [plan iscas99__b15_1] [plan] step=143 node=N6674 type=observe q_typed_residual_context=1.313369 sequence=413.277324
[b15-r6-type/type_balanced_toplist/best_final_horizon/q_typed_residual_context/a0.20/w0.75] [plan iscas99__b15_1] [plan] step=144 node=N7385 type=observe q_typed_residual_context=1.271890 sequence=414.549214
[b15-r6-type/type_balanced_toplist/best_final_horizon/q_typed_residual_context/a0.20/w0.75] [plan iscas99__b15_1] [plan] step=145 node=N2149 type=observe q_typed_residual_context=2.187672 sequence=416.736886
[b15-r6-type/type_balanced_toplist/best_final_horizon/q_typed_residual_context/a0.20/w0.75] [plan iscas99__b15_1] [plan] step=146 node=N5876 type=observe q_typed_residual_context=5.480200 sequence=422.217087
[b15-r6-type/type_balanced_toplist/best_final_horizon/q_typed_residual_context/a0.20/w0.75] [plan iscas99__b15_1] [plan] step=147 node=N7627 type=observe q_typed_residual_context=1.370241 sequence=423.587328
[b15-r6-type/type_balanced_toplist/best_final_horizon/q_typed_residual_context/a0.20/w0.75] [plan iscas99__b15_1] [plan] step=148 node=N7892 type=control1 q_typed_residual_context=1.082657 sequence=424.669985
[b15-r6-type/type_balanced_toplist/best_final_horizon/q_typed_residual_context/a0.20/w0.75] [plan iscas99__b15_1] [plan] step=149 node=N5740 type=observe q_typed_residual_context=2.162997 sequence=426.832982
[b15-r6-type/type_balanced_toplist/best_final_horizon/q_typed_residual_context/a0.20/w0.75] [plan iscas99__b15_1] [plan] step=150 node=N714 type=observe q_typed_residual_context=3.567916 sequence=430.400898
[b15-r6-type/type_balanced_toplist/best_final_horizon/q_typed_residual_context/a0.20/w0.75] [plan iscas99__b15_1] [plan] step=151 node=N649 type=control1 q_typed_residual_context=2.792619 sequence=433.193517
[b15-r6-type/type_balanced_toplist/best_final_horizon/q_typed_residual_context/a0.20/w0.75] [plan iscas99__b15_1] [plan] step=152 node=N642 type=control1 q_typed_residual_context=3.382851 sequence=436.576368
[b15-r6-type/type_balanced_toplist/best_final_horizon/q_typed_residual_context/a0.20/w0.75] [plan iscas99__b15_1] [plan] step=153 node=N630 type=control1 q_typed_residual_context=3.794344 sequence=440.370711
[b15-r6-type/type_balanced_toplist/best_final_horizon/q_typed_residual_context/a0.20/w0.75] [plan iscas99__b15_1] [plan] step=154 node=N7401 type=observe q_typed_residual_context=3.522446 sequence=443.893157
[b15-r6-type/type_balanced_toplist/best_final_horizon/q_typed_residual_context/a0.20/w0.75] [plan iscas99__b15_1] [plan] step=155 node=N3525 type=control1 q_typed_residual_context=1.791828 sequence=445.684986
[b15-r6-type/type_balanced_toplist/best_final_horizon/q_typed_residual_context/a0.20/w0.75] [plan iscas99__b15_1] [plan] step=156 node=N1607 type=control1 q_typed_residual_context=1.640384 sequence=447.325369
[b15-r6-type/type_balanced_toplist/best_final_horizon/q_typed_residual_context/a0.20/w0.75] [plan iscas99__b15_1] [plan] step=157 node=N647 type=control1 q_typed_residual_context=2.026589 sequence=449.351958
[b15-r6-type/type_balanced_toplist/best_final_horizon/q_typed_residual_context/a0.20/w0.75] [plan iscas99__b15_1] [plan] step=158 node=N3295 type=control1 q_typed_residual_context=2.179202 sequence=451.531160
[b15-r6-type/type_balanced_toplist/best_final_horizon/q_typed_residual_context/a0.20/w0.75] [plan iscas99__b15_1] [plan] step=159 node=N3467 type=control1 q_typed_residual_context=1.852207 sequence=453.383367
[b15-r6-type/type_balanced_toplist/best_final_horizon/q_typed_residual_context/a0.20/w0.75] [plan iscas99__b15_1] [plan] step=160 node=N6531 type=observe q_typed_residual_context=1.343872 sequence=454.727239
[b15-r6-type/type_balanced_toplist/best_final_horizon/q_typed_residual_context/a0.20/w0.75] [plan iscas99__b15_1] [plan] step=161 node=N1586 type=control1 q_typed_residual_context=2.084366 sequence=456.811605
[b15-r6-type/type_balanced_toplist/best_final_horizon/q_typed_residual_context/a0.20/w0.75] [plan iscas99__b15_1] [plan] step=162 node=N5874 type=observe q_typed_residual_context=3.426919 sequence=460.238524
[b15-r6-type/type_balanced_toplist/best_final_horizon/q_typed_residual_context/a0.20/w0.75] [plan iscas99__b15_1] [plan] step=163 node=N7442 type=control0 q_typed_residual_context=1.971600 sequence=462.210124
[b15-r6-type/type_balanced_toplist/best_final_horizon/q_typed_residual_context/a0.20/w0.75] [plan iscas99__b15_1] [plan] step=164 node=N723 type=observe q_typed_residual_context=3.267965 sequence=465.478089
[b15-r6-type/type_balanced_toplist/best_final_horizon/q_typed_residual_context/a0.20/w0.75] [plan iscas99__b15_1] [plan] step=165 node=N712 type=observe q_typed_residual_context=2.088930 sequence=467.567019
[b15-r6-type/type_balanced_toplist/best_final_horizon/q_typed_residual_context/a0.20/w0.75] [plan iscas99__b15_1] [plan] step=166 node=N2652 type=control1 q_typed_residual_context=1.782421 sequence=469.349440
[b15-r6-type/type_balanced_toplist/best_final_horizon/q_typed_residual_context/a0.20/w0.75] [plan iscas99__b15_1] [plan] step=167 node=N2721 type=control1 q_typed_residual_context=1.427640 sequence=470.777079
[b15-r6-type/type_balanced_toplist/best_final_horizon/q_typed_residual_context/a0.20/w0.75] [plan iscas99__b15_1] [plan] step=168 node=N2894 type=control1 q_typed_residual_context=1.596333 sequence=472.373413
[b15-r6-type/type_balanced_toplist/best_final_horizon/q_typed_residual_context/a0.20/w0.75] [plan iscas99__b15_1] [plan] step=169 node=N5473 type=observe q_typed_residual_context=2.040180 sequence=474.413592
[b15-r6-type/type_balanced_toplist/best_final_horizon/q_typed_residual_context/a0.20/w0.75] [plan iscas99__b15_1] [plan] step=170 node=N715 type=observe q_typed_residual_context=1.966791 sequence=476.380383
[b15-r6-type/type_balanced_toplist/best_final_horizon/q_typed_residual_context/a0.20/w0.75] [plan iscas99__b15_1] [plan] step=171 node=N7614 type=observe q_typed_residual_context=1.091520 sequence=477.471903
[b15-r6-type/type_balanced_toplist/best_final_horizon/q_typed_residual_context/a0.20/w0.75] [plan iscas99__b15_1] [plan] step=172 node=N2952 type=control1 q_typed_residual_context=1.888102 sequence=479.360006
[b15-r6-type/type_balanced_toplist/best_final_horizon/q_typed_residual_context/a0.20/w0.75] [plan iscas99__b15_1] [plan] step=173 node=N2779 type=control1 q_typed_residual_context=0.891046 sequence=480.251052
[b15-r6-type/type_balanced_toplist/best_final_horizon/q_typed_residual_context/a0.20/w0.75] [plan iscas99__b15_1] [plan] step=174 node=N7436 type=observe q_typed_residual_context=0.999553 sequence=481.250605
[b15-r6-type/type_balanced_toplist/best_final_horizon/q_typed_residual_context/a0.20/w0.75] [plan iscas99__b15_1] [plan] step=175 node=N725 type=observe q_typed_residual_context=1.414393 sequence=482.664998
[b15-r6-type/type_balanced_toplist/best_final_horizon/q_typed_residual_context/a0.20/w0.75] [plan iscas99__b15_1] [plan] step=176 node=N703 type=observe q_typed_residual_context=6.358508 sequence=489.023506
[b15-r6-type/type_balanced_toplist/best_final_horizon/q_typed_residual_context/a0.20/w0.75] [plan iscas99__b15_1] [plan] step=177 node=N1599 type=observe q_typed_residual_context=2.352640 sequence=491.376146
[b15-r6-type/type_balanced_toplist/best_final_horizon/q_typed_residual_context/a0.20/w0.75] [plan iscas99__b15_1] [plan] step=178 node=N1879 type=observe q_typed_residual_context=1.424842 sequence=492.800988
[b15-r6-type/type_balanced_toplist/best_final_horizon/q_typed_residual_context/a0.20/w0.75] [plan iscas99__b15_1] [plan] step=179 node=N1598 type=observe q_typed_residual_context=1.045905 sequence=493.846893
[b15-r6-type/type_balanced_toplist/best_final_horizon/q_typed_residual_context/a0.20/w0.75] [plan iscas99__b15_1] [plan] step=180 node=N7405 type=observe q_typed_residual_context=4.776708 sequence=498.623600
[b15-r6-type/type_balanced_toplist/best_final_horizon/q_typed_residual_context/a0.20/w0.75] [plan iscas99__b15_1] [plan] step=181 node=N5356 type=observe q_typed_residual_context=6.943271 sequence=505.566871
[b15-r6-type/type_balanced_toplist/best_final_horizon/q_typed_residual_context/a0.20/w0.75] [plan iscas99__b15_1] [plan] step=182 node=N7873 type=control1 q_typed_residual_context=7.086171 sequence=512.653043
[b15-r6-type/type_balanced_toplist/best_final_horizon/q_typed_residual_context/a0.20/w0.75] [plan iscas99__b15_1] [plan] step=183 node=N6668 type=observe q_typed_residual_context=5.756887 sequence=518.409929
[b15-r6-type/type_balanced_toplist/best_final_horizon/q_typed_residual_context/a0.20/w0.75] [plan iscas99__b15_1] [plan] step=184 node=N705 type=observe q_typed_residual_context=2.167107 sequence=520.577037
[b15-r6-type/type_balanced_toplist/best_final_horizon/q_typed_residual_context/a0.20/w0.75] [plan iscas99__b15_1] [plan] step=185 node=N2837 type=control1 q_typed_residual_context=2.370945 sequence=522.947982
[b15-r6-type/type_balanced_toplist/best_final_horizon/q_typed_residual_context/a0.20/w0.75] [plan iscas99__b15_1] [plan] step=186 node=N5456 type=observe q_typed_residual_context=0.736906 sequence=523.684888
[b15-r6-type/type_balanced_toplist/best_final_horizon/q_typed_residual_context/a0.20/w0.75] [plan iscas99__b15_1] [plan] step=187 node=N706 type=observe q_typed_residual_context=5.235904 sequence=528.920792
[b15-r6-type/type_balanced_toplist/best_final_horizon/q_typed_residual_context/a0.20/w0.75] [plan iscas99__b15_1] [plan] step=188 node=N6538 type=observe q_typed_residual_context=1.946209 sequence=530.867001
[b15-r6-type/type_balanced_toplist/best_final_horizon/q_typed_residual_context/a0.20/w0.75] [plan iscas99__b15_1] [plan] step=189 node=N5422 type=observe q_typed_residual_context=5.932277 sequence=536.799278
[b15-r6-type/type_balanced_toplist/best_final_horizon/q_typed_residual_context/a0.20/w0.75] [plan iscas99__b15_1] [plan] step=190 node=N3009 type=control1 q_typed_residual_context=5.899818 sequence=542.699096
[b15-r6-type/type_balanced_toplist/best_final_horizon/q_typed_residual_context/a0.20/w0.75] [plan iscas99__b15_1] [plan] step=191 node=N679 type=observe q_typed_residual_context=3.793426 sequence=546.492522
[b15-r6-type/type_balanced_toplist/best_final_horizon/q_typed_residual_context/a0.20/w0.75] [plan iscas99__b15_1] [plan] step=192 node=N3067 type=control1 q_typed_residual_context=2.615724 sequence=549.108246
[b15-r6-type/type_balanced_toplist/best_final_horizon/q_typed_residual_context/a0.20/w0.75] [plan iscas99__b15_1] [plan] step=193 node=N6660 type=observe q_typed_residual_context=0.775290 sequence=549.883537
[b15-r6-type/type_balanced_toplist/best_final_horizon/q_typed_residual_context/a0.20/w0.75] [plan iscas99__b15_1] [plan] step=194 node=N8790 type=control1 q_typed_residual_context=1.151250 sequence=551.034787
[b15-r6-type/type_balanced_toplist/best_final_horizon/q_typed_residual_context/a0.20/w0.75] [plan iscas99__b15_1] [plan] step=195 node=N8240 type=control1 q_typed_residual_context=1.717289 sequence=552.752076
[b15-r6-type/type_balanced_toplist/best_final_horizon/q_typed_residual_context/a0.20/w0.75] [plan iscas99__b15_1] [plan] step=196 node=N5439 type=observe q_typed_residual_context=1.473930 sequence=554.226006
[b15-r6-type/type_balanced_toplist/best_final_horizon/q_typed_residual_context/a0.20/w0.75] [plan iscas99__b15_1] [plan] step=197 node=N8789 type=control1 q_typed_residual_context=3.703669 sequence=557.929675
[b15-r6-type/type_balanced_toplist/best_final_horizon/q_typed_residual_context/a0.20/w0.75] [plan iscas99__b15_1] [plan] step=198 node=N7439 type=observe q_typed_residual_context=3.443047 sequence=561.372721
[b15-r6-type/type_balanced_toplist/best_final_horizon/q_typed_residual_context/a0.20/w0.75] [plan iscas99__b15_1] [plan] step=199 node=N5202 type=observe q_typed_residual_context=2.627967 sequence=564.000688
[b15-r6-type/type_balanced_toplist/best_final_horizon/q_typed_residual_context/a0.20/w0.75] [plan iscas99__b15_1] [plan] step=200 node=N7542 type=control0 q_typed_residual_context=3.361192 sequence=567.361880
[b15-r6-type/type_balanced_toplist/best_final_horizon/q_typed_residual_context/a0.20/w0.75] [plan iscas99__b15_1] [plan] step=201 node=N8239 type=control1 q_typed_residual_context=6.530425 sequence=573.892305
[b15-r6-type/type_balanced_toplist/best_final_horizon/q_typed_residual_context/a0.20/w0.75] [plan iscas99__b15_1] [plan] step=202 node=N8607 type=control1 q_typed_residual_context=6.488425 sequence=580.380729
[b15-r6-type/type_balanced_toplist/best_final_horizon/q_typed_residual_context/a0.20/w0.75] [plan iscas99__b15_1] [plan] step=203 node=N2072 type=observe q_typed_residual_context=2.458078 sequence=582.838807
[b15-r6-type/type_balanced_toplist/best_final_horizon/q_typed_residual_context/a0.20/w0.75] [plan iscas99__b15_1] [plan] step=204 node=N5390 type=observe q_typed_residual_context=4.880917 sequence=587.719724
[b15-r6-type/type_balanced_toplist/best_final_horizon/q_typed_residual_context/a0.20/w0.75] [plan iscas99__b15_1] [plan] step=205 node=N756 type=observe q_typed_residual_context=2.935630 sequence=590.655354
[b15-r6-type/type_balanced_toplist/best_final_horizon/q_typed_residual_context/a0.20/w0.75] [plan iscas99__b15_1] [plan] step=206 node=N708 type=observe q_typed_residual_context=1.803772 sequence=592.459126
[b15-r6-type/type_balanced_toplist/best_final_horizon/q_typed_residual_context/a0.20/w0.75] [plan iscas99__b15_1] [plan] step=207 node=N719 type=observe q_typed_residual_context=6.559682 sequence=599.018809
[b15-r6-type/type_balanced_toplist/best_final_horizon/q_typed_residual_context/a0.20/w0.75] [plan iscas99__b15_1] [plan] step=208 node=N2151 type=observe q_typed_residual_context=6.720747 sequence=605.739555
[b15-r6-type/type_balanced_toplist/best_final_horizon/q_typed_residual_context/a0.20/w0.75] [plan iscas99__b15_1] [plan] step=209 node=N652 type=control1 q_typed_residual_context=0.880337 sequence=606.619893
[b15-r6-type/type_balanced_toplist/best_final_horizon/q_typed_residual_context/a0.20/w0.75] [plan iscas99__b15_1] [plan] step=210 node=N7383 type=observe q_typed_residual_context=2.469183 sequence=609.089075
[b15-r6-type/type_balanced_toplist/best_final_horizon/q_typed_residual_context/a0.20/w0.75] [plan iscas99__b15_1] [plan] step=211 node=N8238 type=control1 q_typed_residual_context=1.576495 sequence=610.665571
[b15-r6-type/type_balanced_toplist/best_final_horizon/q_typed_residual_context/a0.20/w0.75] [plan iscas99__b15_1] [plan] step=212 node=N5373 type=observe q_typed_residual_context=1.935901 sequence=612.601472
[b15-r6-type/type_balanced_toplist/best_final_horizon/q_typed_residual_context/a0.20/w0.75] [plan iscas99__b15_1] [plan] step=213 node=N8606 type=control1 q_typed_residual_context=4.607282 sequence=617.208754
[b15-r6-type/type_balanced_toplist/best_final_horizon/q_typed_residual_context/a0.20/w0.75] [plan iscas99__b15_1] [plan] step=214 node=N699 type=observe q_typed_residual_context=5.852294 sequence=623.061048
[b15-r6-type/type_balanced_toplist/best_final_horizon/q_typed_residual_context/a0.20/w0.75] [plan iscas99__b15_1] [plan] step=215 node=N8237 type=control1 q_typed_residual_context=5.191622 sequence=628.252669
[b15-r6-type/type_balanced_toplist/best_final_horizon/q_typed_residual_context/a0.20/w0.75] [plan iscas99__b15_1] [plan] step=216 node=N902 type=control1 q_typed_residual_context=4.168557 sequence=632.421227
[b15-r6-type/type_balanced_toplist/best_final_horizon/q_typed_residual_context/a0.20/w0.75] [plan iscas99__b15_1] [plan] step=217 node=N6656 type=observe q_typed_residual_context=5.762652 sequence=638.183878
[b15-r6-type/type_balanced_toplist/best_final_horizon/q_typed_residual_context/a0.20/w0.75] [plan iscas99__b15_1] [plan] step=218 node=N734 type=observe q_typed_residual_context=3.373018 sequence=641.556896
[b15-r6-type/type_balanced_toplist/best_final_horizon/q_typed_residual_context/a0.20/w0.75] [plan iscas99__b15_1] [plan] step=219 node=N5334 type=observe q_typed_residual_context=3.173481 sequence=644.730377
[b15-r6-type/type_balanced_toplist/best_final_horizon/q_typed_residual_context/a0.20/w0.75] [plan iscas99__b15_1] [plan] step=220 node=N7380 type=observe q_typed_residual_context=3.526853 sequence=648.257231
[b15-r6-type/type_balanced_toplist/best_final_horizon/q_typed_residual_context/a0.20/w0.75] [plan iscas99__b15_1] [plan] step=221 node=N2159 type=observe q_typed_residual_context=1.756712 sequence=650.013943
[b15-r6-type/type_balanced_toplist/best_final_horizon/q_typed_residual_context/a0.20/w0.75] [plan iscas99__b15_1] [plan] step=222 node=N6658 type=observe q_typed_residual_context=1.095917 sequence=651.109860
[b15-r6-type/type_balanced_toplist/best_final_horizon/q_typed_residual_context/a0.20/w0.75] [plan iscas99__b15_1] [plan] step=223 node=N4460 type=control0 q_typed_residual_context=0.252165 sequence=651.362025
[b15-r6-type/type_balanced_toplist/best_final_horizon/q_typed_residual_context/a0.20/w0.75] [plan iscas99__b15_1] [plan] step=224 node=N1351 type=observe q_typed_residual_context=3.672591 sequence=655.034616
[b15-r6-type/type_balanced_toplist/best_final_horizon/q_typed_residual_context/a0.20/w0.75] [plan iscas99__b15_1] [plan] step=225 node=N686 type=observe q_typed_residual_context=3.638014 sequence=658.672630
[b15-r6-type/type_balanced_toplist/best_final_horizon/q_typed_residual_context/a0.20/w0.75] [plan iscas99__b15_1] [plan] step=226 node=N729 type=observe q_typed_residual_context=2.232797 sequence=660.905427
[b15-r6-type/type_balanced_toplist/best_final_horizon/q_typed_residual_context/a0.20/w0.75] [plan iscas99__b15_1] [plan] step=227 node=N8605 type=control1 q_typed_residual_context=2.494611 sequence=663.400038
[b15-r6-type/type_balanced_toplist/best_final_horizon/q_typed_residual_context/a0.20/w0.75] [plan iscas99__b15_1] [plan] step=228 node=N8236 type=control1 q_typed_residual_context=1.839407 sequence=665.239446
[b15-r6-type/type_balanced_toplist/best_final_horizon/q_typed_residual_context/a0.20/w0.75] [plan iscas99__b15_1] [plan] step=229 node=N4421 type=control0 q_typed_residual_context=0.315132 sequence=665.554577
[b15-r6-type/type_balanced_toplist/best_final_horizon/q_typed_residual_context/a0.20/w0.75] [plan iscas99__b15_1] [plan] step=230 node=N7381 type=observe q_typed_residual_context=6.798522 sequence=672.353100
[b15-r6-type/type_balanced_toplist/best_final_horizon/q_typed_residual_context/a0.20/w0.75] [plan iscas99__b15_1] [plan] step=231 node=N515 type=control1 q_typed_residual_context=2.736211 sequence=675.089311
[b15-r6-type/type_balanced_toplist/best_final_horizon/q_typed_residual_context/a0.20/w0.75] [plan iscas99__b15_1] [plan] step=232 node=N684 type=observe q_typed_residual_context=4.261392 sequence=679.350702
[b15-r6-type/type_balanced_toplist/best_final_horizon/q_typed_residual_context/a0.20/w0.75] [plan iscas99__b15_1] [plan] step=233 node=N754 type=observe q_typed_residual_context=1.052626 sequence=680.403329
[b15-r6-type/type_balanced_toplist/best_final_horizon/q_typed_residual_context/a0.20/w0.75] [plan iscas99__b15_1] [plan] step=234 node=N689 type=observe q_typed_residual_context=4.458810 sequence=684.862139
[b15-r6-type/type_balanced_toplist/best_final_horizon/q_typed_residual_context/a0.20/w0.75] [plan iscas99__b15_1] [plan] step=235 node=N5726 type=control1 q_typed_residual_context=5.495898 sequence=690.358036
[b15-r6-type/type_balanced_toplist/best_final_horizon/q_typed_residual_context/a0.20/w0.75] [plan iscas99__b15_1] [plan] step=236 node=N4359 type=control0 q_typed_residual_context=1.497743 sequence=691.855779
[b15-r6-type/type_balanced_toplist/best_final_horizon/q_typed_residual_context/a0.20/w0.75] [plan iscas99__b15_1] [plan] step=237 node=N6682 type=observe q_typed_residual_context=5.912840 sequence=697.768619
[b15-r6-type/type_balanced_toplist/best_final_horizon/q_typed_residual_context/a0.20/w0.75] [plan iscas99__b15_1] [plan] step=238 node=N2271 type=observe q_typed_residual_context=5.247462 sequence=703.016081
[b15-r6-type/type_balanced_toplist/best_final_horizon/q_typed_residual_context/a0.20/w0.75] [plan iscas99__b15_1] [plan] step=239 node=N4367 type=control0 q_typed_residual_context=4.381130 sequence=707.397211
[b15-r6-type/type_balanced_toplist/best_final_horizon/q_typed_residual_context/a0.20/w0.75] [plan iscas99__b15_1] [plan] step=240 node=N4532 type=control0 q_typed_residual_context=6.358560 sequence=713.755771
[b15-r6-type/type_balanced_toplist/best_final_horizon/q_typed_residual_context/a0.20/w0.75] [plan iscas99__b15_1] [plan] step=241 node=N5160 type=observe q_typed_residual_context=5.471063 sequence=719.226834
[b15-r6-type/type_balanced_toplist/best_final_horizon/q_typed_residual_context/a0.20/w0.75] [plan iscas99__b15_1] [plan] step=242 node=N4442 type=control0 q_typed_residual_context=6.632630 sequence=725.859464
[b15-r6-type/type_balanced_toplist/best_final_horizon/q_typed_residual_context/a0.20/w0.75] [plan iscas99__b15_1] [plan] step=243 node=N7433 type=observe q_typed_residual_context=4.698864 sequence=730.558328
[b15-r6-type/type_balanced_toplist/best_final_horizon/q_typed_residual_context/a0.20/w0.75] [plan iscas99__b15_1] [plan] step=244 node=N2259 type=observe q_typed_residual_context=3.049855 sequence=733.608183
[b15-r6-type/type_balanced_toplist/best_final_horizon/q_typed_residual_context/a0.20/w0.75] [plan iscas99__b15_1] [plan] step=245 node=N5735 type=observe q_typed_residual_context=5.174855 sequence=738.783039
[b15-r6-type/type_balanced_toplist/best_final_horizon/q_typed_residual_context/a0.20/w0.75] [plan iscas99__b15_1] [plan] step=246 node=N6736 type=control1 q_typed_residual_context=6.702325 sequence=745.485364
[b15-r6-type/type_balanced_toplist/best_final_horizon/q_typed_residual_context/a0.20/w0.75] [plan iscas99__b15_1] [plan] step=247 node=N6730 type=control1 q_typed_residual_context=6.226895 sequence=751.712258
[b15-r6-type/type_balanced_toplist/best_final_horizon/q_typed_residual_context/a0.20/w0.75] [plan iscas99__b15_1] [plan] step=248 node=N8235 type=control1 q_typed_residual_context=6.006360 sequence=757.718618
[b15-r6-type/type_balanced_toplist/best_final_horizon/q_typed_residual_context/a0.20/w0.75] [plan iscas99__b15_1] [plan] step=249 node=N2267 type=observe q_typed_residual_context=5.811506 sequence=763.530124
[b15-r6-type/type_balanced_toplist/best_final_horizon/q_typed_residual_context/a0.20/w0.75] [plan iscas99__b15_1] [plan] step=250 node=N8234 type=control1 q_typed_residual_context=6.150384 sequence=769.680508
[b15-r6-type/type_balanced_toplist/best_final_horizon/q_typed_residual_context/a0.20/w0.75] [plan iscas99__b15_1] [plan] step=251 node=N6593 type=control1 q_typed_residual_context=3.211936 sequence=772.892444
[b15-r6-type/type_balanced_toplist/best_final_horizon/q_typed_residual_context/a0.20/w0.75] [plan iscas99__b15_1] [plan] step=252 node=N8783 type=control1 q_typed_residual_context=1.827488 sequence=774.719932
[b15-r6-type/type_balanced_toplist/best_final_horizon/q_typed_residual_context/a0.20/w0.75] [plan iscas99__b15_1] [plan] step=253 node=N8233 type=control1 q_typed_residual_context=3.579658 sequence=778.299590
[b15-r6-type/type_balanced_toplist/best_final_horizon/q_typed_residual_context/a0.20/w0.75] [plan iscas99__b15_1] [plan] step=254 node=N5094 type=observe q_typed_residual_context=2.087591 sequence=780.387181
[b15-r6-type/type_balanced_toplist/best_final_horizon/q_typed_residual_context/a0.20/w0.75] [plan iscas99__b15_1] [plan] step=255 node=N6743 type=control1 q_typed_residual_context=5.927991 sequence=786.315173
[b15-r6-type/type_balanced_toplist/best_final_horizon/q_typed_residual_context/a0.20/w0.75] [plan iscas99__b15_1] [plan] step=256 node=N8608 type=control1 q_typed_residual_context=6.125749 sequence=792.440921
[b15-r6-type/type_balanced_toplist/best_final_horizon/q_typed_residual_context/a0.20/w0.75] [plan iscas99__b15_1] [plan] step=257 node=N6741 type=control1 q_typed_residual_context=4.835527 sequence=797.276448
[b15-r6-type/type_balanced_toplist/best_final_horizon/q_typed_residual_context/a0.20/w0.75] [plan iscas99__b15_1] [plan] step=258 node=N5111 type=observe q_typed_residual_context=6.028646 sequence=803.305094
[b15-r6-type/type_balanced_toplist/best_final_horizon/q_typed_residual_context/a0.20/w0.75] [plan iscas99__b15_1] [plan] step=259 node=N2263 type=observe q_typed_residual_context=5.730000 sequence=809.035094
[b15-r6-type/type_balanced_toplist/best_final_horizon/q_typed_residual_context/a0.20/w0.75] [plan iscas99__b15_1] [plan] step=260 node=N4469 type=control0 q_typed_residual_context=5.401329 sequence=814.436423
[b15-r6-type/type_balanced_toplist/best_final_horizon/q_typed_residual_context/a0.20/w0.75] [plan iscas99__b15_1] [plan] step=261 node=N2358 type=control1 q_typed_residual_context=7.073308 sequence=821.509731
[b15-r6-type/type_balanced_toplist/best_final_horizon/q_typed_residual_context/a0.20/w0.75] [plan iscas99__b15_1] [plan] step=262 node=N765 type=observe q_typed_residual_context=2.239382 sequence=823.749113
[b15-r6-type/type_balanced_toplist/best_final_horizon/q_typed_residual_context/a0.20/w0.75] [plan iscas99__b15_1] [plan] step=263 node=N4436 type=control0 q_typed_residual_context=3.595066 sequence=827.344179
[b15-r6-type/type_balanced_toplist/best_final_horizon/q_typed_residual_context/a0.20/w0.75] [plan iscas99__b15_1] [plan] step=264 node=N7444 type=observe q_typed_residual_context=5.850387 sequence=833.194566
[b15-r6-type/type_balanced_toplist/best_final_horizon/q_typed_residual_context/a0.20/w0.75] [plan iscas99__b15_1] [plan] step=265 node=N2251 type=observe q_typed_residual_context=2.727705 sequence=835.922270
[b15-r6-type/type_balanced_toplist/best_final_horizon/q_typed_residual_context/a0.20/w0.75] [plan iscas99__b15_1] [plan] step=266 node=N696 type=observe q_typed_residual_context=6.022354 sequence=841.944625
[b15-r6-type/type_balanced_toplist/best_final_horizon/q_typed_residual_context/a0.20/w0.75] [plan iscas99__b15_1] [plan] step=267 node=N2247 type=observe q_typed_residual_context=5.660757 sequence=847.605382
[b15-r6-type/type_balanced_toplist/best_final_horizon/q_typed_residual_context/a0.20/w0.75] [plan iscas99__b15_1] [plan] step=268 node=N697 type=observe q_typed_residual_context=6.165352 sequence=853.770735
[b15-r6-type/type_balanced_toplist/best_final_horizon/q_typed_residual_context/a0.20/w0.75] [plan iscas99__b15_1] [plan] step=269 node=N6537 type=observe q_typed_residual_context=2.300594 sequence=856.071329
[b15-r6-type/type_balanced_toplist/best_final_horizon/q_typed_residual_context/a0.20/w0.75] [plan iscas99__b15_1] [plan] step=270 node=N763 type=observe q_typed_residual_context=0.389221 sequence=856.460550
[b15-r6-type/type_balanced_toplist/best_final_horizon/q_typed_residual_context/a0.20/w0.75] [plan iscas99__b15_1] [plan] step=271 node=N1352 type=observe q_typed_residual_context=6.064225 sequence=862.524775
[b15-r6-type/type_balanced_toplist/best_final_horizon/q_typed_residual_context/a0.20/w0.75] [plan iscas99__b15_1] [plan] step=272 node=N4338 type=control0 q_typed_residual_context=5.923727 sequence=868.448502
[b15-r6-type/type_balanced_toplist/best_final_horizon/q_typed_residual_context/a0.20/w0.75] [plan iscas99__b15_1] [plan] step=273 node=N695 type=observe q_typed_residual_context=6.162150 sequence=874.610652
[b15-r6-type/type_balanced_toplist/best_final_horizon/q_typed_residual_context/a0.20/w0.75] [plan iscas99__b15_1] [plan] step=274 node=N4900 type=observe q_typed_residual_context=5.746095 sequence=880.356748
[b15-r6-type/type_balanced_toplist/best_final_horizon/q_typed_residual_context/a0.20/w0.75] [plan iscas99__b15_1] [plan] step=275 node=N5665 type=control0 q_typed_residual_context=4.975514 sequence=885.332262
[b15-r6-type/type_balanced_toplist/best_final_horizon/q_typed_residual_context/a0.20/w0.75] [plan iscas99__b15_1] [plan] step=276 node=N680 type=observe q_typed_residual_context=6.471128 sequence=891.803390
[b15-r6-type/type_balanced_toplist/best_final_horizon/q_typed_residual_context/a0.20/w0.75] [plan iscas99__b15_1] [plan] step=277 node=N5671 type=control0 q_typed_residual_context=6.045505 sequence=897.848896
[b15-r6-type/type_balanced_toplist/best_final_horizon/q_typed_residual_context/a0.20/w0.75] [plan iscas99__b15_1] [plan] step=278 node=N6680 type=observe q_typed_residual_context=5.906271 sequence=903.755166
[b15-r6-type/type_balanced_toplist/best_final_horizon/q_typed_residual_context/a0.20/w0.75] [plan iscas99__b15_1] saved=autoresearch/loop-260720-0945/model_training_round6_type_balanced/b15_selection/type_balanced_toplist/best_final_horizon/q_typed_residual_context/alpha_0p20_weight_0p75/plans/iscas99__b15_1__greedy__cumulative__q_typed_residual_context__bw1__d1__c48__g1p0__candhard_fault_cluster__div0p0__s0.csv
[b15-r6-type/type_balanced_toplist/best_final_horizon/q_typed_residual_context/a0.20/w0.75] [gmean] 2026-07-21T11:03:43 [1/1] plan_done benchmark=iscas99__b15_1 plan_sec=166.245 plan_csv=autoresearch/loop-260720-0945/model_training_round6_type_balanced/b15_selection/type_balanced_toplist/best_final_horizon/q_typed_residual_context/alpha_0p20_weight_0p75/plans/iscas99__b15_1__greedy__cumulative__q_typed_residual_context__bw1__d1__c48__g1p0__candhard_fault_cluster__div0p0__s0.csv
[b15-r6-type/type_balanced_toplist/best_final_horizon/q_typed_residual_context/a0.20/w0.75] [gmean] 2026-07-21T11:03:43 [1/1] eval_start benchmark=iscas99__b15_1 backend=atalanta-bist patterns=300000
[b15-r6-type/type_balanced_toplist/best_final_horizon/q_typed_residual_context/a0.20/w0.75] [eval iscas99__b15_1] {
[b15-r6-type/type_balanced_toplist/best_final_horizon/q_typed_residual_context/a0.20/w0.75] [eval iscas99__b15_1]   "records": 2,
[b15-r6-type/type_balanced_toplist/best_final_horizon/q_typed_residual_context/a0.20/w0.75] [eval iscas99__b15_1]   "labels_csv": "autoresearch/loop-260720-0945/model_training_round6_type_balanced/b15_selection/type_balanced_toplist/best_final_horizon/q_typed_residual_context/alpha_0p20_weight_0p75/evals/iscas99__b15_1__greedy__cumulative__q_typed_residual_context__bw1__d1__c48__g1p0__candhard_fault_cluster__div0p0__s0/labels.csv",
[b15-r6-type/type_balanced_toplist/best_final_horizon/q_typed_residual_context/a0.20/w0.75] [eval iscas99__b15_1]   "summary_json": "autoresearch/loop-260720-0945/model_training_round6_type_balanced/b15_selection/type_balanced_toplist/best_final_horizon/q_typed_residual_context/alpha_0p20_weight_0p75/evals/iscas99__b15_1__greedy__cumulative__q_typed_residual_context__bw1__d1__c48__g1p0__candhard_fault_cluster__div0p0__s0/summary.json"
[b15-r6-type/type_balanced_toplist/best_final_horizon/q_typed_residual_context/a0.20/w0.75] [eval iscas99__b15_1] }
[b15-r6-type/type_balanced_toplist/best_final_horizon/q_typed_residual_context/a0.20/w0.75] [gmean] 2026-07-21T11:03:49 [1/1] eval_done benchmark=iscas99__b15_1 delta_tc=0.11906000000000005 plan_sec=166.245 eval_sec=6.089 total_sec=172.35
[b15-r6-type/type_balanced_toplist/best_final_horizon/q_typed_residual_context/a0.20/w0.75] [gmean] 2026-07-21T11:03:49 variant_done id=greedy__cumulative__q_typed_residual_context__bw1__d1__c48__g1p0__candhard_fault_cluster__div0p0__s0 status=ok macro=0.11906000000000005 positives=1 negatives=0 elapsed=172.35
