[plan] torch_deterministic=true
[plan] candidate_allowlist=autoresearch/original-netlist-recovery-260712/exact_itc99/b17_C/exact_candidate_nodes.txt nodes=29334
[plan] latent_norm_clip_ratio=4 latent_norm_limit=30.925308
[plan] step=1 node=N2219 type=control1 q_typed_residual_context=2.866553 sequence=2.866553
[plan] step=2 node=N14033 type=control1 q_typed_residual_context=2.759183 sequence=5.625736
[plan] step=3 node=N5319 type=control0 q_typed_residual_context=1.238070 sequence=6.863806
[plan] step=4 node=N6992 type=control0 q_typed_residual_context=1.724879 sequence=8.588685
[plan] step=5 node=N6780 type=control0 q_typed_residual_context=1.716271 sequence=10.304956
[plan] step=6 node=N2849 type=control0 q_typed_residual_context=2.279791 sequence=12.584747
[plan] step=7 node=N13662 type=control0 q_typed_residual_context=2.456064 sequence=15.040811
[plan] step=8 node=N16937 type=control0 q_typed_residual_context=2.043565 sequence=17.084377
[plan] step=9 node=N11983 type=control0 q_typed_residual_context=2.190845 sequence=19.275222
[plan] step=10 node=N7781 type=observe q_typed_residual_context=2.757937 sequence=22.033159
[plan] step=11 node=N18172 type=control0 q_typed_residual_context=1.496814 sequence=23.529974
[plan] step=12 node=N12015 type=control0 q_typed_residual_context=2.207857 sequence=25.737831
[plan] step=13 node=N11975 type=control0 q_typed_residual_context=2.794206 sequence=28.532037
[plan] step=14 node=N12055 type=control0 q_typed_residual_context=2.577596 sequence=31.109633
[plan] step=15 node=N12071 type=control0 q_typed_residual_context=1.981774 sequence=33.091406
[plan] step=16 node=N12039 type=control0 q_typed_residual_context=1.755274 sequence=34.846680
[plan] step=17 node=N8089 type=observe q_typed_residual_context=2.576213 sequence=37.422893
[plan] step=18 node=N19193 type=control0 q_typed_residual_context=2.124355 sequence=39.547248
[plan] step=19 node=N19195 type=control0 q_typed_residual_context=2.478434 sequence=42.025683
[plan] step=20 node=N13626 type=control0 q_typed_residual_context=3.728983 sequence=45.754666
[plan] step=21 node=N13624 type=control0 q_typed_residual_context=3.073506 sequence=48.828172
[plan] step=22 node=N4256 type=control0 q_typed_residual_context=2.865050 sequence=51.693222
[plan] step=23 node=N12511 type=control0 q_typed_residual_context=2.576177 sequence=54.269399
[plan] step=24 node=N11941 type=control0 q_typed_residual_context=1.948344 sequence=56.217743
[plan] step=25 node=N7680 type=control0 q_typed_residual_context=2.506071 sequence=58.723815
[plan] step=26 node=N7682 type=control0 q_typed_residual_context=2.298522 sequence=61.022336
[plan] step=27 node=N11923 type=control0 q_typed_residual_context=1.976469 sequence=62.998805
[plan] step=28 node=N11952 type=control0 q_typed_residual_context=2.189489 sequence=65.188294
[plan] step=29 node=N18340 type=control0 q_typed_residual_context=2.619637 sequence=67.807931
[plan] step=30 node=N18879 type=control0 q_typed_residual_context=2.148896 sequence=69.956826
[plan] step=31 node=N18771 type=control0 q_typed_residual_context=2.026911 sequence=71.983738
[plan] step=32 node=N18496 type=control1 q_typed_residual_context=1.902048 sequence=73.885786
[plan] step=33 node=N13589 type=observe q_typed_residual_context=1.724991 sequence=75.610777
[plan] step=34 node=N13509 type=observe q_typed_residual_context=1.307337 sequence=76.918113
[plan] step=35 node=N15365 type=control1 q_typed_residual_context=1.124015 sequence=78.042129
[plan] step=36 node=N13605 type=observe q_typed_residual_context=0.992241 sequence=79.034370
[plan] step=37 node=N19351 type=control1 q_typed_residual_context=0.966770 sequence=80.001140
[plan] step=38 node=N9512 type=control1 q_typed_residual_context=1.178887 sequence=81.180027
[plan] step=39 node=N7639 type=observe q_typed_residual_context=1.354652 sequence=82.534679
[plan] step=40 node=N13493 type=observe q_typed_residual_context=1.375498 sequence=83.910178
[plan] step=41 node=N13573 type=observe q_typed_residual_context=1.672288 sequence=85.582466
[plan] step=42 node=N13557 type=observe q_typed_residual_context=1.790561 sequence=87.373027
[plan] step=43 node=N13210 type=observe q_typed_residual_context=2.021224 sequence=89.394251
[plan] step=44 node=N13187 type=observe q_typed_residual_context=2.077862 sequence=91.472114
[plan] step=45 node=N13208 type=observe q_typed_residual_context=2.051691 sequence=93.523805
[plan] step=46 node=N12782 type=control0 q_typed_residual_context=2.351782 sequence=95.875588
[plan] step=47 node=N12791 type=control0 q_typed_residual_context=1.506051 sequence=97.381639
[plan] step=48 node=N14731 type=control1 q_typed_residual_context=1.853123 sequence=99.234762
[plan] step=49 node=N12824 type=control0 q_typed_residual_context=2.525278 sequence=101.760040
[plan] step=50 node=N12866 type=control0 q_typed_residual_context=2.680509 sequence=104.440550
[plan] step=51 node=N12863 type=control0 q_typed_residual_context=1.924195 sequence=106.364745
[plan] step=52 node=N12794 type=control0 q_typed_residual_context=2.316949 sequence=108.681694
[plan] step=53 node=N12797 type=control0 q_typed_residual_context=2.421589 sequence=111.103283
[plan] step=54 node=N18004 type=control0 q_typed_residual_context=1.129486 sequence=112.232769
[plan] step=55 node=N12803 type=control0 q_typed_residual_context=3.664658 sequence=115.897427
[plan] step=56 node=N12806 type=control0 q_typed_residual_context=2.961736 sequence=118.859163
[plan] step=57 node=N12809 type=control0 q_typed_residual_context=3.040818 sequence=121.899981
[plan] step=58 node=N12812 type=control0 q_typed_residual_context=3.072453 sequence=124.972435
[plan] step=59 node=N12821 type=control0 q_typed_residual_context=3.199605 sequence=128.172040
[plan] step=60 node=N12830 type=control0 q_typed_residual_context=2.988572 sequence=131.160612
[plan] step=61 node=N12836 type=control0 q_typed_residual_context=2.880256 sequence=134.040868
[plan] step=62 node=N12765 type=control0 q_typed_residual_context=2.916427 sequence=136.957296
[plan] step=63 node=N12769 type=control0 q_typed_residual_context=2.915925 sequence=139.873221
[plan] step=64 node=N12847 type=control0 q_typed_residual_context=3.419329 sequence=143.292550
[plan] step=65 node=N3777 type=observe q_typed_residual_context=1.590128 sequence=144.882678
[plan] step=66 node=N13984 type=observe q_typed_residual_context=5.643283 sequence=150.525961
[plan] step=67 node=N2858 type=control1 q_typed_residual_context=3.446552 sequence=153.972513
[plan] step=68 node=N13988 type=observe q_typed_residual_context=2.261392 sequence=156.233905
[plan] step=69 node=N19512 type=observe q_typed_residual_context=2.457111 sequence=158.691016
[plan] step=70 node=N2231 type=control1 q_typed_residual_context=3.030327 sequence=161.721344
[plan] step=71 node=N14004 type=observe q_typed_residual_context=4.941504 sequence=166.662847
[plan] step=72 node=N29355 type=control1 q_typed_residual_context=3.570645 sequence=170.233493
[plan] step=73 node=N16901 type=control0 q_typed_residual_context=5.817680 sequence=176.051173
[plan] step=74 node=N27363 type=control1 q_typed_residual_context=3.829172 sequence=179.880345
[plan] step=75 node=N13541 type=observe q_typed_residual_context=2.712129 sequence=182.592474
[plan] step=76 node=N13525 type=observe q_typed_residual_context=0.913386 sequence=183.505860
[plan] step=77 node=N26503 type=control1 q_typed_residual_context=1.664110 sequence=185.169971
[plan] step=78 node=N12615 type=observe q_typed_residual_context=0.629160 sequence=185.799131
[plan] step=79 node=N26512 type=control1 q_typed_residual_context=1.196973 sequence=186.996104
[plan] step=80 node=N2201 type=control1 q_typed_residual_context=0.966725 sequence=187.962829
[plan] step=81 node=N19206 type=control0 q_typed_residual_context=3.546583 sequence=191.509412
[plan] step=82 node=N12167 type=control0 q_typed_residual_context=1.192984 sequence=192.702397
[plan] step=83 node=N13455 type=control0 q_typed_residual_context=1.294109 sequence=193.996506
[plan] step=84 node=N7916 type=observe q_typed_residual_context=5.089519 sequence=199.086025
[plan] step=85 node=N19511 type=observe q_typed_residual_context=3.850833 sequence=202.936858
[plan] step=86 node=N26514 type=control1 q_typed_residual_context=1.450316 sequence=204.387174
[plan] step=87 node=N19160 type=control0 q_typed_residual_context=1.278453 sequence=205.665627
[plan] step=88 node=N7645 type=control0 q_typed_residual_context=1.339031 sequence=207.004658
[plan] step=89 node=N26509 type=control1 q_typed_residual_context=1.460520 sequence=208.465178
[plan] step=90 node=N19172 type=control0 q_typed_residual_context=2.617000 sequence=211.082178
[plan] step=91 node=N7643 type=control0 q_typed_residual_context=1.772697 sequence=212.854875
[plan] step=92 node=N6892 type=control0 q_typed_residual_context=0.942029 sequence=213.796904
[plan] step=93 node=N6868 type=control0 q_typed_residual_context=1.925339 sequence=215.722242
[plan] step=94 node=N19222 type=control0 q_typed_residual_context=3.082318 sequence=218.804560
[plan] step=95 node=N19232 type=control0 q_typed_residual_context=2.088043 sequence=220.892604
[plan] step=96 node=N18176 type=control0 q_typed_residual_context=2.806716 sequence=223.699320
[plan] step=97 node=N19477 type=control0 q_typed_residual_context=1.301510 sequence=225.000830
[plan] step=98 node=N19476 type=control0 q_typed_residual_context=1.114685 sequence=226.115515
[plan] step=99 node=N27353 type=control1 q_typed_residual_context=0.989856 sequence=227.105372
[plan] step=100 node=N19474 type=control0 q_typed_residual_context=3.361579 sequence=230.466951
[plan] step=101 node=N27354 type=control1 q_typed_residual_context=0.770254 sequence=231.237205
[plan] step=102 node=N19471 type=control0 q_typed_residual_context=1.000217 sequence=232.237422
[plan] step=103 node=N6988 type=control0 q_typed_residual_context=3.049727 sequence=235.287148
[plan] step=104 node=N19468 type=control0 q_typed_residual_context=1.893660 sequence=237.180808
[plan] step=105 node=N19464 type=control0 q_typed_residual_context=1.745450 sequence=238.926258
[plan] step=106 node=N27357 type=control1 q_typed_residual_context=1.014380 sequence=239.940638
[plan] step=107 node=N27349 type=control1 q_typed_residual_context=0.780311 sequence=240.720949
[plan] step=108 node=N29495 type=control1 q_typed_residual_context=3.284429 sequence=244.005378
[plan] step=109 node=N19462 type=control0 q_typed_residual_context=2.783023 sequence=246.788401
[plan] step=110 node=N18233 type=control0 q_typed_residual_context=3.682874 sequence=250.471275
[plan] step=111 node=N27351 type=control1 q_typed_residual_context=1.355942 sequence=251.827216
[plan] step=112 node=N27366 type=control1 q_typed_residual_context=1.067746 sequence=252.894962
[plan] step=113 node=N4557 type=control0 q_typed_residual_context=2.667841 sequence=255.562803
[plan] step=114 node=N4505 type=control0 q_typed_residual_context=2.546083 sequence=258.108886
[plan] step=115 node=N4609 type=control0 q_typed_residual_context=1.066591 sequence=259.175477
[plan] step=116 node=N27359 type=control1 q_typed_residual_context=1.041351 sequence=260.216828
[plan] step=117 node=N19170 type=control0 q_typed_residual_context=1.059594 sequence=261.276422
[plan] step=118 node=N4761 type=control0 q_typed_residual_context=2.047272 sequence=263.323694
[plan] step=119 node=N4709 type=control0 q_typed_residual_context=2.164598 sequence=265.488292
[plan] step=120 node=N4660 type=control0 q_typed_residual_context=2.301282 sequence=267.789575
[plan] step=121 node=N18188 type=control0 q_typed_residual_context=2.608647 sequence=270.398221
[plan] step=122 node=N4813 type=control0 q_typed_residual_context=2.792579 sequence=273.190800
[plan] step=123 node=N19459 type=control0 q_typed_residual_context=1.930796 sequence=275.121596
[plan] step=124 node=N4350 type=control0 q_typed_residual_context=1.266300 sequence=276.387896
[plan] step=125 node=N4298 type=control0 q_typed_residual_context=1.640919 sequence=278.028816
[plan] step=126 node=N4402 type=control0 q_typed_residual_context=1.869156 sequence=279.897971
[plan] step=127 node=N4453 type=control0 q_typed_residual_context=1.488911 sequence=281.386882
[plan] step=128 node=N19455 type=control0 q_typed_residual_context=1.604032 sequence=282.990914
[plan] step=129 node=N19453 type=control0 q_typed_residual_context=1.571333 sequence=284.562246
[plan] step=130 node=N7021 type=control0 q_typed_residual_context=1.445701 sequence=286.007948
[plan] step=131 node=N7032 type=control0 q_typed_residual_context=2.120116 sequence=288.128064
[plan] step=132 node=N7064 type=control0 q_typed_residual_context=2.281792 sequence=290.409855
[plan] step=133 node=N7112 type=control0 q_typed_residual_context=1.561828 sequence=291.971683
[plan] step=134 node=N18711 type=control0 q_typed_residual_context=1.797739 sequence=293.769422
[plan] step=135 node=N12330 type=control0 q_typed_residual_context=2.230854 sequence=296.000276
[plan] step=136 node=N7280 type=control0 q_typed_residual_context=1.633307 sequence=297.633583
[plan] step=137 node=N7344 type=control0 q_typed_residual_context=1.597227 sequence=299.230810
[plan] step=138 node=N7376 type=control0 q_typed_residual_context=1.580965 sequence=300.811775
[plan] step=139 node=N7123 type=control0 q_typed_residual_context=1.529825 sequence=302.341600
[plan] step=140 node=N7277 type=control0 q_typed_residual_context=1.503262 sequence=303.844862
[plan] step=141 node=N27362 type=control1 q_typed_residual_context=1.412299 sequence=305.257161
[plan] step=142 node=N14047 type=control1 q_typed_residual_context=1.814561 sequence=307.071722
[plan] step=143 node=N27360 type=control1 q_typed_residual_context=2.165972 sequence=309.237694
[plan] step=144 node=N26518 type=control1 q_typed_residual_context=1.870734 sequence=311.108427
[plan] step=145 node=N26505 type=control1 q_typed_residual_context=1.432642 sequence=312.541069
[plan] step=146 node=N26516 type=control1 q_typed_residual_context=1.297453 sequence=313.838522
[plan] step=147 node=N12344 type=control0 q_typed_residual_context=1.532822 sequence=315.371344
[plan] step=148 node=N12392 type=control0 q_typed_residual_context=1.941698 sequence=317.313041
[plan] step=149 node=N12424 type=control0 q_typed_residual_context=2.010690 sequence=319.323731
[plan] step=150 node=N7049 type=control0 q_typed_residual_context=2.307386 sequence=321.631117
[plan] step=151 node=N18114 type=control0 q_typed_residual_context=2.579775 sequence=324.210892
[plan] step=152 node=N13594 type=observe q_typed_residual_context=2.484569 sequence=326.695461
[plan] step=153 node=N18765 type=control0 q_typed_residual_context=1.536976 sequence=328.232437
[plan] step=154 node=N7292 type=control0 q_typed_residual_context=2.472589 sequence=330.705026
[plan] step=155 node=N7324 type=control0 q_typed_residual_context=2.568093 sequence=333.273120
[plan] step=156 node=N18699 type=control0 q_typed_residual_context=2.696670 sequence=335.969790
[plan] step=157 node=N29406 type=control1 q_typed_residual_context=1.596017 sequence=337.565807
[plan] step=158 node=N18750 type=control0 q_typed_residual_context=1.781188 sequence=339.346995
[plan] step=159 node=N18063 type=control0 q_typed_residual_context=5.167487 sequence=344.514482
[plan] step=160 node=N12368 type=control0 q_typed_residual_context=3.887617 sequence=348.402099
[plan] step=161 node=N12385 type=control0 q_typed_residual_context=4.127292 sequence=352.529391
[plan] step=162 node=N12401 type=control0 q_typed_residual_context=4.649553 sequence=357.178944
[plan] step=163 node=N12417 type=control0 q_typed_residual_context=5.759662 sequence=362.938606
[plan] step=164 node=N12433 type=control0 q_typed_residual_context=5.746214 sequence=368.684820
[plan] step=165 node=N12448 type=control0 q_typed_residual_context=5.746997 sequence=374.431818
[plan] step=166 node=N12464 type=control0 q_typed_residual_context=5.714805 sequence=380.146622
[plan] step=167 node=N12611 type=control0 q_typed_residual_context=5.708744 sequence=385.855366
[plan] step=168 node=N13615 type=control0 q_typed_residual_context=1.549938 sequence=387.405304
[plan] step=169 node=N20345 type=control1 q_typed_residual_context=0.766000 sequence=388.171303
[plan] step=170 node=N19242 type=observe q_typed_residual_context=0.826712 sequence=388.998016
[plan] step=171 node=N12351 type=control0 q_typed_residual_context=0.848254 sequence=389.846270
[plan] step=172 node=N12569 type=control0 q_typed_residual_context=2.646884 sequence=392.493154
[plan] step=173 node=N12637 type=control0 q_typed_residual_context=0.847826 sequence=393.340979
[plan] step=174 node=N18624 type=observe q_typed_residual_context=0.802700 sequence=394.143680
[plan] step=175 node=N18590 type=observe q_typed_residual_context=0.811469 sequence=394.955149
[plan] step=176 node=N13534 type=observe q_typed_residual_context=0.848515 sequence=395.803664
[plan] step=177 node=N13552 type=observe q_typed_residual_context=1.150196 sequence=396.953860
[plan] step=178 node=N13562 type=observe q_typed_residual_context=1.677563 sequence=398.631423
[plan] step=179 node=N18272 type=control0 q_typed_residual_context=1.025883 sequence=399.657306
[plan] step=180 node=N12739 type=control0 q_typed_residual_context=0.778204 sequence=400.435511
[plan] step=181 node=N19450 type=control0 q_typed_residual_context=5.242294 sequence=405.677805
[plan] step=182 node=N13613 type=control0 q_typed_residual_context=1.104398 sequence=406.782203
[plan] step=183 node=N7067 type=control0 q_typed_residual_context=5.727179 sequence=412.509381
[plan] step=184 node=N7083 type=control0 q_typed_residual_context=4.069976 sequence=416.579357
[plan] step=185 node=N7115 type=control0 q_typed_residual_context=3.790089 sequence=420.369446
[plan] step=186 node=N7131 type=control0 q_typed_residual_context=3.361250 sequence=423.730696
[plan] step=187 node=N12570 type=control0 q_typed_residual_context=3.071332 sequence=426.802028
[plan] step=188 node=N12604 type=control0 q_typed_residual_context=3.054483 sequence=429.856511
[plan] step=189 node=N12706 type=control0 q_typed_residual_context=3.214774 sequence=433.071285
[plan] step=190 node=N12740 type=control0 q_typed_residual_context=3.419300 sequence=436.490585
[plan] step=191 node=N12323 type=observe q_typed_residual_context=0.721401 sequence=437.211986
[plan] step=192 node=N13528 type=observe q_typed_residual_context=3.685010 sequence=440.896995
[plan] step=193 node=N31089 type=control1 q_typed_residual_context=0.516046 sequence=441.413042
[plan] step=194 node=N18577 type=observe q_typed_residual_context=0.681359 sequence=442.094401
[plan] step=195 node=N18541 type=observe q_typed_residual_context=0.681464 sequence=442.775865
[plan] step=196 node=N13611 type=observe q_typed_residual_context=0.718506 sequence=443.494371
[plan] step=197 node=N18511 type=observe q_typed_residual_context=0.848419 sequence=444.342790
[plan] step=198 node=N12671 type=control0 q_typed_residual_context=1.522637 sequence=445.865427
[plan] step=199 node=N18037 type=control0 q_typed_residual_context=0.949110 sequence=446.814537
[plan] step=200 node=N18085 type=control0 q_typed_residual_context=0.895330 sequence=447.709867
[plan] step=201 node=N7310 type=control0 q_typed_residual_context=1.437000 sequence=449.146867
[plan] step=202 node=N12674 type=control0 q_typed_residual_context=1.845797 sequence=450.992664
[plan] step=203 node=N18128 type=control0 q_typed_residual_context=1.308618 sequence=452.301281
[plan] step=204 node=N12641 type=control0 q_typed_residual_context=1.184695 sequence=453.485976
[plan] step=205 node=N18097 type=control0 q_typed_residual_context=1.519523 sequence=455.005498
[plan] step=206 node=N18314 type=control0 q_typed_residual_context=2.241723 sequence=457.247222
[plan] step=207 node=N31076 type=control1 q_typed_residual_context=0.651364 sequence=457.898586
[plan] step=208 node=N31078 type=control1 q_typed_residual_context=2.882267 sequence=460.780853
[plan] step=209 node=N18414 type=control0 q_typed_residual_context=1.274578 sequence=462.055431
[plan] step=210 node=N7177 type=control0 q_typed_residual_context=2.254693 sequence=464.310125
[plan] step=211 node=N31079 type=control1 q_typed_residual_context=2.424008 sequence=466.734133
[plan] step=212 node=N18034 type=control0 q_typed_residual_context=1.195049 sequence=467.929182
[plan] step=213 node=N7268 type=control0 q_typed_residual_context=2.075696 sequence=470.004877
[plan] step=214 node=N31080 type=control1 q_typed_residual_context=5.931693 sequence=475.936570
[plan] step=215 node=N7225 type=control0 q_typed_residual_context=1.113046 sequence=477.049616
[plan] step=216 node=N12232 type=control0 q_typed_residual_context=2.405093 sequence=479.454709
[plan] step=217 node=N12248 type=control0 q_typed_residual_context=2.752795 sequence=482.207504
[plan] step=218 node=N12280 type=control0 q_typed_residual_context=3.144067 sequence=485.351571
[plan] step=219 node=N12312 type=control0 q_typed_residual_context=4.011909 sequence=489.363480
[plan] step=220 node=N12328 type=control0 q_typed_residual_context=3.109430 sequence=492.472910
[plan] step=221 node=N7151 type=control0 q_typed_residual_context=2.010628 sequence=494.483539
[plan] step=222 node=N7199 type=control0 q_typed_residual_context=2.018912 sequence=496.502450
[plan] step=223 node=N7218 type=control0 q_typed_residual_context=2.146869 sequence=498.649319
[plan] step=224 node=N7222 type=control0 q_typed_residual_context=2.229980 sequence=500.879300
[plan] step=225 node=N12216 type=control0 q_typed_residual_context=2.552498 sequence=503.431798
[plan] step=226 node=N12294 type=control0 q_typed_residual_context=2.782486 sequence=506.214285
[plan] step=227 node=N7162 type=control0 q_typed_residual_context=2.389124 sequence=508.603409
[plan] step=228 node=N7210 type=control0 q_typed_residual_context=5.547519 sequence=514.150928
[plan] step=229 node=N7274 type=control0 q_typed_residual_context=6.087765 sequence=520.238693
[plan] step=230 node=N12262 type=control0 q_typed_residual_context=5.738431 sequence=525.977124
[plan] step=231 node=N31081 type=control1 q_typed_residual_context=2.038645 sequence=528.015769
[plan] step=232 node=N18524 type=observe q_typed_residual_context=0.681421 sequence=528.697190
[plan] step=233 node=N13609 type=observe q_typed_residual_context=0.718472 sequence=529.415662
[plan] step=234 node=N31082 type=control1 q_typed_residual_context=1.563890 sequence=530.979552
[plan] step=235 node=N13607 type=observe q_typed_residual_context=0.848215 sequence=531.827767
[plan] step=236 node=N13596 type=observe q_typed_residual_context=0.825273 sequence=532.653041
[plan] step=237 node=N31083 type=control1 q_typed_residual_context=0.643633 sequence=533.296674
[plan] step=238 node=N13591 type=observe q_typed_residual_context=0.718392 sequence=534.015066
[plan] step=239 node=N18492 type=observe q_typed_residual_context=0.830229 sequence=534.845295
[plan] step=240 node=N8774 type=observe q_typed_residual_context=0.718400 sequence=535.563695
[plan] step=241 node=N8776 type=observe q_typed_residual_context=0.363241 sequence=535.926937
[plan] step=242 node=N13583 type=observe q_typed_residual_context=0.317580 sequence=536.244517
[plan] step=243 node=N8778 type=observe q_typed_residual_context=0.281650 sequence=536.526166
[plan] step=244 node=N8825 type=observe q_typed_residual_context=0.248388 sequence=536.774554
[plan] step=245 node=N2192 type=control1 q_typed_residual_context=0.232308 sequence=537.006862
[plan] step=246 node=N8820 type=observe q_typed_residual_context=0.718390 sequence=537.725252
[plan] step=247 node=N8764 type=observe q_typed_residual_context=0.763887 sequence=538.489139
[plan] step=248 node=N8824 type=observe q_typed_residual_context=0.774605 sequence=539.263744
[plan] step=249 node=N8833 type=observe q_typed_residual_context=0.773045 sequence=540.036789
[plan] step=250 node=N8836 type=observe q_typed_residual_context=0.766363 sequence=540.803152
[plan] step=251 node=N18447 type=control0 q_typed_residual_context=0.325270 sequence=541.128422
[plan] step=252 node=N18874 type=control0 q_typed_residual_context=0.760027 sequence=541.888449
[plan] step=253 node=N13488 type=observe q_typed_residual_context=0.785349 sequence=542.673798
[plan] step=254 node=N8823 type=observe q_typed_residual_context=0.814262 sequence=543.488059
[plan] step=255 node=N13581 type=observe q_typed_residual_context=0.800393 sequence=544.288452
[plan] step=256 node=N13559 type=observe q_typed_residual_context=0.764662 sequence=545.053114
[plan] step=257 node=N13548 type=observe q_typed_residual_context=0.780721 sequence=545.833835
[plan] step=258 node=N13545 type=observe q_typed_residual_context=0.766537 sequence=546.600373
[plan] step=259 node=N13543 type=observe q_typed_residual_context=0.752903 sequence=547.353276
[plan] step=260 node=N7669 type=control0 q_typed_residual_context=0.922003 sequence=548.275278
[plan] step=261 node=N13532 type=observe q_typed_residual_context=0.828527 sequence=549.103805
[plan] step=262 node=N26508 type=control1 q_typed_residual_context=1.136276 sequence=550.240081
[plan] step=263 node=N7520 type=observe q_typed_residual_context=0.956018 sequence=551.196099
[plan] step=264 node=N19478 type=observe q_typed_residual_context=0.889770 sequence=552.085869
[plan] step=265 node=N19475 type=observe q_typed_residual_context=0.788477 sequence=552.874346
[plan] step=266 node=N19473 type=observe q_typed_residual_context=0.758674 sequence=553.633020
[plan] step=267 node=N19472 type=observe q_typed_residual_context=0.743821 sequence=554.376841
[plan] step=268 node=N19469 type=observe q_typed_residual_context=0.733630 sequence=555.110471
[plan] step=269 node=N19470 type=observe q_typed_residual_context=0.727843 sequence=555.838315
[plan] step=270 node=N13617 type=control0 q_typed_residual_context=0.479249 sequence=556.317564
[plan] step=271 node=N7469 type=observe q_typed_residual_context=0.728032 sequence=557.045596
[plan] step=272 node=N7445 type=observe q_typed_residual_context=0.753158 sequence=557.798754
[plan] step=273 node=N19466 type=observe q_typed_residual_context=0.718376 sequence=558.517130
[plan] step=274 node=N19467 type=observe q_typed_residual_context=0.718379 sequence=559.235508
[plan] step=275 node=N19465 type=observe q_typed_residual_context=0.718375 sequence=559.953884
[plan] step=276 node=N19463 type=observe q_typed_residual_context=0.718400 sequence=560.672283
[plan] step=277 node=N19460 type=observe q_typed_residual_context=0.718402 sequence=561.390685
[plan] step=278 node=N13531 type=observe q_typed_residual_context=0.718374 sequence=562.109059
[plan] step=279 node=N19461 type=observe q_typed_residual_context=0.718356 sequence=562.827415
[plan] step=280 node=N19457 type=observe q_typed_residual_context=0.718453 sequence=563.545868
[plan] step=281 node=N7673 type=control0 q_typed_residual_context=0.002919 sequence=563.548787
[plan] step=282 node=N19458 type=observe q_typed_residual_context=0.695407 sequence=564.244195
[plan] step=283 node=N13511 type=observe q_typed_residual_context=0.784683 sequence=565.028877
[plan] step=284 node=N19456 type=observe q_typed_residual_context=0.749254 sequence=565.778131
[plan] step=285 node=N19454 type=observe q_typed_residual_context=0.730025 sequence=566.508156
[plan] step=286 node=N2859 type=control0 q_typed_residual_context=0.421131 sequence=566.929287
[plan] step=287 node=N19451 type=observe q_typed_residual_context=1.284680 sequence=568.213967
[plan] step=288 node=N27560 type=control0 q_typed_residual_context=0.982584 sequence=569.196552
[plan] step=289 node=N19452 type=observe q_typed_residual_context=1.030053 sequence=570.226605
[plan] step=290 node=N27562 type=control0 q_typed_residual_context=0.903396 sequence=571.130001
[plan] step=291 node=N19441 type=observe q_typed_residual_context=1.608935 sequence=572.738936
[plan] step=292 node=N7507 type=observe q_typed_residual_context=1.147652 sequence=573.886588
[plan] step=293 node=N19449 type=observe q_typed_residual_context=1.078612 sequence=574.965200
[plan] step=294 node=N27568 type=control0 q_typed_residual_context=1.909744 sequence=576.874944
[plan] step=295 node=N19448 type=observe q_typed_residual_context=0.784334 sequence=577.659278
[plan] step=296 node=N19447 type=observe q_typed_residual_context=0.852001 sequence=578.511278
[plan] step=297 node=N19446 type=observe q_typed_residual_context=0.833009 sequence=579.344287
[plan] step=298 node=N27570 type=control0 q_typed_residual_context=0.833755 sequence=580.178042
[plan] step=299 node=N19436 type=observe q_typed_residual_context=0.808561 sequence=580.986603
[plan] step=300 node=N13506 type=observe q_typed_residual_context=0.774451 sequence=581.761054
[plan] step=301 node=N18802 type=observe q_typed_residual_context=0.746133 sequence=582.507187
[plan] step=302 node=N18799 type=observe q_typed_residual_context=0.719799 sequence=583.226986
[plan] step=303 node=N18796 type=observe q_typed_residual_context=0.678162 sequence=583.905148
[plan] step=304 node=N27566 type=control0 q_typed_residual_context=0.686086 sequence=584.591234
[plan] step=305 node=N18792 type=observe q_typed_residual_context=0.649143 sequence=585.240376
[plan] step=306 node=N13500 type=observe q_typed_residual_context=0.672624 sequence=585.913000
[plan] step=307 node=N13499 type=observe q_typed_residual_context=0.706630 sequence=586.619629
[plan] step=308 node=N27572 type=control0 q_typed_residual_context=0.723217 sequence=587.342846
[plan] step=309 node=N13497 type=observe q_typed_residual_context=0.690302 sequence=588.033148
[plan] step=310 node=N13495 type=observe q_typed_residual_context=0.733117 sequence=588.766265
[plan] step=311 node=N13066 type=observe q_typed_residual_context=0.657150 sequence=589.423415
[plan] step=312 node=N13757 type=observe q_typed_residual_context=0.728418 sequence=590.151833
[plan] step=313 node=N13064 type=observe q_typed_residual_context=0.730475 sequence=590.882308
[plan] step=314 node=N2041 type=control1 q_typed_residual_context=0.726482 sequence=591.608790
[plan] step=315 node=N13703 type=observe q_typed_residual_context=1.358850 sequence=592.967640
[plan] step=316 node=N7729 type=control1 q_typed_residual_context=1.534536 sequence=594.502176
[plan] step=317 node=N13062 type=observe q_typed_residual_context=1.057552 sequence=595.559728
[plan] step=318 node=N13701 type=observe q_typed_residual_context=1.947195 sequence=597.506923
[plan] step=319 node=N13060 type=observe q_typed_residual_context=0.948436 sequence=598.455359
[plan] step=320 node=N13800 type=control1 q_typed_residual_context=1.013484 sequence=599.468843
[plan] step=321 node=N28737 type=control0 q_typed_residual_context=0.599755 sequence=600.068598
[plan] step=322 node=N13733 type=observe q_typed_residual_context=0.667849 sequence=600.736447
[plan] step=323 node=N3964 type=control0 q_typed_residual_context=0.586928 sequence=601.323375
[plan] step=324 node=N2030 type=control1 q_typed_residual_context=0.797049 sequence=602.120424
[plan] step=325 node=N9042 type=observe q_typed_residual_context=0.505522 sequence=602.625945
[plan] step=326 node=N12095 type=control0 q_typed_residual_context=0.039911 sequence=602.665856
[plan] step=327 node=N13737 type=observe q_typed_residual_context=1.137142 sequence=603.802998
[plan] step=328 node=N12630 type=control0 q_typed_residual_context=1.011823 sequence=604.814820
[plan] step=329 node=N13739 type=observe q_typed_residual_context=0.924822 sequence=605.739642
[plan] step=330 node=N13735 type=observe q_typed_residual_context=0.802426 sequence=606.542068
[plan] step=331 node=N13741 type=observe q_typed_residual_context=0.879709 sequence=607.421777
[plan] step=332 node=N13743 type=observe q_typed_residual_context=0.840351 sequence=608.262129
[plan] step=333 node=N13745 type=observe q_typed_residual_context=0.841241 sequence=609.103370
[plan] step=334 node=N13747 type=observe q_typed_residual_context=0.845106 sequence=609.948476
[plan] step=335 node=N13749 type=observe q_typed_residual_context=0.832400 sequence=610.780876
[plan] step=336 node=N13731 type=observe q_typed_residual_context=0.818718 sequence=611.599594
[plan] step=337 node=N13699 type=observe q_typed_residual_context=0.898137 sequence=612.497731
[plan] step=338 node=N13697 type=observe q_typed_residual_context=0.869794 sequence=613.367525
[plan] step=339 node=N13695 type=observe q_typed_residual_context=0.847989 sequence=614.215514
[plan] step=340 node=N13693 type=observe q_typed_residual_context=0.861299 sequence=615.076814
[plan] step=341 node=N2037 type=control1 q_typed_residual_context=0.887701 sequence=615.964514
[plan] step=342 node=N22040 type=control1 q_typed_residual_context=0.854094 sequence=616.818608
[plan] step=343 node=N7712 type=control1 q_typed_residual_context=0.786096 sequence=617.604704
[plan] step=344 node=N13794 type=control1 q_typed_residual_context=0.795111 sequence=618.399815
[plan] step=345 node=N13785 type=control1 q_typed_residual_context=0.769342 sequence=619.169157
[plan] step=346 node=N7455 type=observe q_typed_residual_context=0.681122 sequence=619.850279
[plan] step=347 node=N18718 type=observe q_typed_residual_context=0.681334 sequence=620.531613
[plan] step=348 node=N18557 type=observe q_typed_residual_context=0.681324 sequence=621.212936
[plan] step=349 node=N7411 type=observe q_typed_residual_context=0.681287 sequence=621.894223
[plan] step=350 node=N18614 type=observe q_typed_residual_context=0.669587 sequence=622.563810
[plan] step=351 node=N18563 type=observe q_typed_residual_context=0.681273 sequence=623.245083
[plan] step=352 node=N7727 type=control1 q_typed_residual_context=0.966099 sequence=624.211182
[plan] step=353 node=N18548 type=observe q_typed_residual_context=0.733617 sequence=624.944799
[plan] step=354 node=N2078 type=control1 q_typed_residual_context=1.150969 sequence=626.095768
[plan] step=355 node=N13801 type=control1 q_typed_residual_context=1.255740 sequence=627.351508
[plan] step=356 node=N18329 type=observe q_typed_residual_context=1.324794 sequence=628.676302
[plan] step=357 node=N2036 type=control1 q_typed_residual_context=1.158499 sequence=629.834801
[plan] step=358 node=N9513 type=observe q_typed_residual_context=0.697148 sequence=630.531949
[plan] step=359 node=N7726 type=control1 q_typed_residual_context=0.925146 sequence=631.457095
[plan] step=360 node=N18788 type=observe q_typed_residual_context=0.697817 sequence=632.154912
[plan] step=361 node=N3779 type=observe q_typed_residual_context=0.681279 sequence=632.836191
[plan] step=362 node=N15376 type=observe q_typed_residual_context=0.681270 sequence=633.517460
[plan] step=363 node=N13729 type=observe q_typed_residual_context=0.681239 sequence=634.198700
[plan] step=364 node=N13727 type=observe q_typed_residual_context=0.692523 sequence=634.891222
[plan] step=365 node=N9041 type=observe q_typed_residual_context=0.658372 sequence=635.549594
[plan] step=366 node=N24568 type=control0 q_typed_residual_context=0.616415 sequence=636.166010
[plan] step=367 node=N2891 type=observe q_typed_residual_context=0.703026 sequence=636.869035
[plan] step=368 node=N7766 type=control1 q_typed_residual_context=0.859646 sequence=637.728681
[plan] step=369 node=N2076 type=control1 q_typed_residual_context=1.025646 sequence=638.754327
[plan] step=370 node=N2074 type=control1 q_typed_residual_context=1.548810 sequence=640.303137
[plan] step=371 node=N13837 type=control1 q_typed_residual_context=1.343588 sequence=641.646725
[plan] step=372 node=N13836 type=control1 q_typed_residual_context=1.247993 sequence=642.894718
[plan] step=373 node=N29498 type=control1 q_typed_residual_context=2.104718 sequence=644.999437
[plan] step=374 node=N7711 type=control1 q_typed_residual_context=2.096065 sequence=647.095502
[plan] step=375 node=N7765 type=control1 q_typed_residual_context=2.527889 sequence=649.623390
[plan] step=376 node=N2029 type=control1 q_typed_residual_context=2.551745 sequence=652.175135
[plan] step=377 node=N1987 type=control1 q_typed_residual_context=4.073968 sequence=656.249103
[plan] step=378 node=N13797 type=control1 q_typed_residual_context=3.653880 sequence=659.902983
[plan] step=379 node=N1986 type=control1 q_typed_residual_context=3.133822 sequence=663.036806
[plan] step=380 node=N7759 type=control1 q_typed_residual_context=2.566088 sequence=665.602894
[plan] step=381 node=N7690 type=control1 q_typed_residual_context=2.644499 sequence=668.247393
[plan] step=382 node=N27364 type=control1 q_typed_residual_context=2.064930 sequence=670.312323
[plan] step=383 node=N8611 type=control0 q_typed_residual_context=1.069299 sequence=671.381622
[plan] step=384 node=N13725 type=observe q_typed_residual_context=0.689652 sequence=672.071275
[plan] step=385 node=N30929 type=control0 q_typed_residual_context=0.605812 sequence=672.677087
[plan] step=386 node=N13723 type=observe q_typed_residual_context=0.976663 sequence=673.653750
[plan] step=387 node=N9502 type=observe q_typed_residual_context=1.109443 sequence=674.763193
[plan] step=388 node=N19314 type=observe q_typed_residual_context=1.237358 sequence=676.000551
[plan] step=389 node=N12581 type=observe q_typed_residual_context=0.979348 sequence=676.979899
[plan] step=390 node=N13721 type=observe q_typed_residual_context=0.813298 sequence=677.793197
[plan] step=391 node=N29408 type=control1 q_typed_residual_context=0.510877 sequence=678.304073
[plan] step=392 node=N7721 type=control1 q_typed_residual_context=0.806795 sequence=679.110868
[plan] step=393 node=N13719 type=observe q_typed_residual_context=0.704048 sequence=679.814916
[plan] step=394 node=N13717 type=observe q_typed_residual_context=0.705268 sequence=680.520184
[plan] step=395 node=N13715 type=observe q_typed_residual_context=0.763818 sequence=681.284001
[plan] step=396 node=N12259 type=observe q_typed_residual_context=0.719580 sequence=682.003581
[plan] step=397 node=N13713 type=observe q_typed_residual_context=0.834856 sequence=682.838437
[plan] step=398 node=N12335 type=observe q_typed_residual_context=0.744884 sequence=683.583321
[plan] step=399 node=N18532 type=observe q_typed_residual_context=0.839756 sequence=684.423077
[plan] step=400 node=N18645 type=observe q_typed_residual_context=0.716291 sequence=685.139369
[plan] step=401 node=N29409 type=control1 q_typed_residual_context=0.761843 sequence=685.901212
[plan] step=402 node=N13711 type=observe q_typed_residual_context=0.738961 sequence=686.640173
[plan] step=403 node=N13709 type=observe q_typed_residual_context=0.809280 sequence=687.449453
[plan] step=404 node=N13707 type=observe q_typed_residual_context=0.819008 sequence=688.268460
[plan] step=405 node=N13705 type=observe q_typed_residual_context=0.826712 sequence=689.095172
[plan] step=406 node=N18514 type=observe q_typed_residual_context=0.798573 sequence=689.893745
[plan] step=407 node=N18537 type=observe q_typed_residual_context=0.769655 sequence=690.663400
[plan] step=408 node=N7633 type=observe q_typed_residual_context=0.776059 sequence=691.439459
[plan] step=409 node=N13516 type=observe q_typed_residual_context=0.804808 sequence=692.244267
[plan] step=410 node=N8821 type=observe q_typed_residual_context=0.794136 sequence=693.038404
[plan] step=411 node=N12403 type=observe q_typed_residual_context=0.708882 sequence=693.747285
[plan] step=412 node=N7671 type=observe q_typed_residual_context=0.774665 sequence=694.521950
[plan] step=413 node=N7270 type=observe q_typed_residual_context=0.703275 sequence=695.225226
[plan] step=414 node=N3765 type=observe q_typed_residual_context=0.717697 sequence=695.942922
[plan] step=415 node=N12325 type=observe q_typed_residual_context=0.684624 sequence=696.627546
[plan] step=416 node=N12465 type=observe q_typed_residual_context=0.683637 sequence=697.311184
[plan] step=417 node=N19442 type=observe q_typed_residual_context=0.744766 sequence=698.055949
[plan] step=418 node=N12309 type=observe q_typed_residual_context=0.687633 sequence=698.743582
[plan] step=419 node=N9514 type=observe q_typed_residual_context=0.872696 sequence=699.616278
[plan] step=420 node=N2025 type=control1 q_typed_residual_context=1.012479 sequence=700.628758
[plan] step=421 node=N12369 type=observe q_typed_residual_context=0.683705 sequence=701.312463
[plan] step=422 node=N12709 type=observe q_typed_residual_context=0.683676 sequence=701.996139
[plan] step=423 node=N18364 type=observe q_typed_residual_context=0.883113 sequence=702.879252
[plan] step=424 node=N12607 type=observe q_typed_residual_context=0.949645 sequence=703.828897
[plan] step=425 node=N12447 type=observe q_typed_residual_context=0.913500 sequence=704.742396
[plan] step=426 node=N12399 type=observe q_typed_residual_context=0.875759 sequence=705.618155
[plan] step=427 node=N12293 type=observe q_typed_residual_context=0.851503 sequence=706.469658
[plan] step=428 node=N12277 type=observe q_typed_residual_context=0.845516 sequence=707.315174
[plan] step=429 node=N15372 type=observe q_typed_residual_context=0.976281 sequence=708.291455
[plan] step=430 node=N8903 type=observe q_typed_residual_context=1.020910 sequence=709.312365
[plan] step=431 node=N19440 type=observe q_typed_residual_context=0.868236 sequence=710.180601
[plan] step=432 node=N19162 type=observe q_typed_residual_context=0.829630 sequence=711.010232
[plan] step=433 node=N5157 type=observe q_typed_residual_context=0.723944 sequence=711.734176
[plan] step=434 node=N3775 type=observe q_typed_residual_context=0.800835 sequence=712.535011
[plan] step=435 node=N18877 type=observe q_typed_residual_context=0.718444 sequence=713.253455
[plan] step=436 node=N19835 type=observe q_typed_residual_context=0.899113 sequence=714.152569
[plan] step=437 node=N3880 type=observe q_typed_residual_context=0.826437 sequence=714.979005
[plan] step=438 node=N12229 type=observe q_typed_residual_context=0.748723 sequence=715.727728
[plan] step=439 node=N12214 type=observe q_typed_residual_context=0.644582 sequence=716.372310
[plan] step=440 node=N19316 type=observe q_typed_residual_context=0.740728 sequence=717.113038
[plan] step=441 node=N19231 type=observe q_typed_residual_context=0.644277 sequence=717.757315
[plan] step=442 node=N7285 type=observe q_typed_residual_context=0.667640 sequence=718.424955
[plan] step=443 node=N19221 type=observe q_typed_residual_context=0.673605 sequence=719.098560
[plan] step=444 node=N12291 type=observe q_typed_residual_context=0.704921 sequence=719.803481
[plan] step=445 node=N19878 type=observe q_typed_residual_context=0.665556 sequence=720.469037
[plan] step=446 node=N13076 type=observe q_typed_residual_context=0.671146 sequence=721.140183
[plan] step=447 node=N12332 type=observe q_typed_residual_context=0.696544 sequence=721.836726
[plan] step=448 node=N12547 type=observe q_typed_residual_context=0.768120 sequence=722.604846
[plan] step=449 node=N2696 type=observe q_typed_residual_context=0.875206 sequence=723.480052
[plan] step=450 node=N18641 type=observe q_typed_residual_context=0.760658 sequence=724.240710
[plan] step=451 node=N18620 type=observe q_typed_residual_context=0.802277 sequence=725.042987
[plan] step=452 node=N29407 type=control1 q_typed_residual_context=0.669568 sequence=725.712555
[plan] step=453 node=N31075 type=control1 q_typed_residual_context=0.649556 sequence=726.362111
[plan] step=454 node=N20546 type=control1 q_typed_residual_context=0.632538 sequence=726.994649
[plan] step=455 node=N29579 type=control1 q_typed_residual_context=0.603524 sequence=727.598173
[plan] step=456 node=N31054 type=control1 q_typed_residual_context=0.590827 sequence=728.189001
[plan] step=457 node=N31090 type=control1 q_typed_residual_context=0.580140 sequence=728.769141
[plan] step=458 node=N31077 type=control1 q_typed_residual_context=0.561502 sequence=729.330642
[plan] step=459 node=N27564 type=control0 q_typed_residual_context=0.456831 sequence=729.787473
[plan] step=460 node=N1985 type=observe q_typed_residual_context=0.463805 sequence=730.251279
[plan] step=461 node=N2247 type=observe q_typed_residual_context=0.913028 sequence=731.164307
[plan] step=462 node=N7925 type=observe q_typed_residual_context=0.832717 sequence=731.997024
[plan] step=463 node=N7636 type=observe q_typed_residual_context=0.834229 sequence=732.831254
[plan] step=464 node=N12339 type=observe q_typed_residual_context=0.729552 sequence=733.560805
[plan] step=465 node=N12463 type=observe q_typed_residual_context=0.649123 sequence=734.209929
[plan] step=466 node=N13913 type=control1 q_typed_residual_context=0.623111 sequence=734.833039
[plan] step=467 node=N7725 type=control1 q_typed_residual_context=0.970291 sequence=735.803331
[plan] step=468 node=N7718 type=control1 q_typed_residual_context=1.018162 sequence=736.821493
[plan] step=469 node=N19864 type=observe q_typed_residual_context=0.740992 sequence=737.562485
[plan] step=470 node=N27574 type=control0 q_typed_residual_context=0.421399 sequence=737.983884
[plan] step=471 node=N9599 type=observe q_typed_residual_context=0.515578 sequence=738.499461
[plan] step=472 node=N29371 type=control0 q_typed_residual_context=0.446620 sequence=738.946081
[plan] step=473 node=N30933 type=control0 q_typed_residual_context=0.417085 sequence=739.363166
[plan] step=474 node=N30930 type=control0 q_typed_residual_context=0.400742 sequence=739.763908
[plan] step=475 node=N13901 type=control1 q_typed_residual_context=0.852559 sequence=740.616466
[plan] step=476 node=N13919 type=control1 q_typed_residual_context=0.882271 sequence=741.498737
[plan] step=477 node=N30921 type=control0 q_typed_residual_context=0.486173 sequence=741.984910
[plan] step=478 node=N2038 type=control1 q_typed_residual_context=0.865716 sequence=742.850626
[plan] step=479 node=N30932 type=control0 q_typed_residual_context=0.513930 sequence=743.364557
[plan] step=480 node=N26771 type=control0 q_typed_residual_context=0.791144 sequence=744.155701
[plan] step=481 node=N26773 type=control0 q_typed_residual_context=0.827463 sequence=744.983164
[plan] step=482 node=N26775 type=control0 q_typed_residual_context=0.754362 sequence=745.737526
[plan] step=483 node=N26782 type=control0 q_typed_residual_context=0.587896 sequence=746.325422
[plan] step=484 node=N30931 type=control0 q_typed_residual_context=0.457627 sequence=746.783049
[plan] step=485 node=N9610 type=observe q_typed_residual_context=0.424792 sequence=747.207841
[plan] step=486 node=N19443 type=observe q_typed_residual_context=1.037270 sequence=748.245111
[plan] step=487 node=N31073 type=control1 q_typed_residual_context=0.609212 sequence=748.854322
[plan] step=488 node=N9595 type=observe q_typed_residual_context=0.479754 sequence=749.334076
[plan] step=489 node=N9593 type=observe q_typed_residual_context=0.491268 sequence=749.825344
[plan] step=490 node=N27589 type=control0 q_typed_residual_context=0.372466 sequence=750.197810
[plan] step=491 node=N27585 type=control0 q_typed_residual_context=0.399394 sequence=750.597204
[plan] step=492 node=N27576 type=control0 q_typed_residual_context=0.448034 sequence=751.045238
[plan] step=493 node=N26769 type=control0 q_typed_residual_context=0.465343 sequence=751.510581
[plan] step=494 node=N26796 type=control0 q_typed_residual_context=0.466348 sequence=751.976929
[plan] step=495 node=N14901 type=control1 q_typed_residual_context=0.829804 sequence=752.806733
[plan] step=496 node=N8083 type=observe q_typed_residual_context=0.440665 sequence=753.247398
[plan] step=497 node=N2698 type=observe q_typed_residual_context=0.745247 sequence=753.992645
[plan] step=498 node=N19439 type=observe q_typed_residual_context=0.847892 sequence=754.840537
[plan] step=499 node=N9511 type=observe q_typed_residual_context=0.793599 sequence=755.634137
[plan] step=500 node=N15374 type=observe q_typed_residual_context=0.868407 sequence=756.502543
[plan] step=501 node=N27551 type=control0 q_typed_residual_context=0.577591 sequence=757.080134
[plan] step=502 node=N27509 type=control0 q_typed_residual_context=0.512226 sequence=757.592360
[plan] step=503 node=N26794 type=control0 q_typed_residual_context=0.499636 sequence=758.091996
[plan] step=504 node=N26792 type=control0 q_typed_residual_context=0.508115 sequence=758.600110
[plan] step=505 node=N26790 type=control0 q_typed_residual_context=0.526355 sequence=759.126465
[plan] step=506 node=N26788 type=control0 q_typed_residual_context=0.538925 sequence=759.665390
[plan] step=507 node=N26786 type=control0 q_typed_residual_context=0.541471 sequence=760.206861
[plan] step=508 node=N26784 type=control0 q_typed_residual_context=0.544076 sequence=760.750937
[plan] step=509 node=N26654 type=control0 q_typed_residual_context=0.542022 sequence=761.292960
[plan] step=510 node=N1984 type=observe q_typed_residual_context=0.479681 sequence=761.772640
[plan] step=511 node=N19315 type=observe q_typed_residual_context=0.730908 sequence=762.503549
[plan] step=512 node=N19165 type=observe q_typed_residual_context=0.740554 sequence=763.244102
[plan] step=513 node=N7432 type=observe q_typed_residual_context=0.705359 sequence=763.949462
[plan] step=514 node=N14009 type=observe q_typed_residual_context=0.523835 sequence=764.473297
[plan] step=515 node=N12211 type=observe q_typed_residual_context=0.576113 sequence=765.049410
[plan] step=516 node=N9645 type=observe q_typed_residual_context=0.461372 sequence=765.510782
[plan] step=517 node=N7301 type=observe q_typed_residual_context=0.510859 sequence=766.021641
[plan] step=518 node=N12223 type=observe q_typed_residual_context=0.492261 sequence=766.513902
[plan] step=519 node=N18586 type=observe q_typed_residual_context=0.657150 sequence=767.171051
[plan] step=520 node=N12683 type=observe q_typed_residual_context=0.674168 sequence=767.845219
[plan] step=521 node=N12371 type=observe q_typed_residual_context=0.554585 sequence=768.399804
[plan] step=522 node=N25713 type=observe q_typed_residual_context=1.076209 sequence=769.476013
[plan] step=523 node=N13426 type=observe q_typed_residual_context=1.005675 sequence=770.481687
[plan] step=524 node=N7537 type=observe q_typed_residual_context=0.925712 sequence=771.407400
[plan] step=525 node=N27250 type=observe q_typed_residual_context=1.165809 sequence=772.573208
[plan] step=526 node=N9220 type=observe q_typed_residual_context=0.454321 sequence=773.027529
[plan] step=527 node=N25756 type=observe q_typed_residual_context=0.811463 sequence=773.838992
[plan] step=528 node=N19317 type=observe q_typed_residual_context=1.071085 sequence=774.910077
[plan] step=529 node=N9218 type=observe q_typed_residual_context=0.390815 sequence=775.300892
[plan] step=530 node=N3856 type=observe q_typed_residual_context=0.131775 sequence=775.432667
[plan] step=531 node=N7448 type=observe q_typed_residual_context=0.924823 sequence=776.357489
[plan] step=532 node=N12227 type=observe q_typed_residual_context=0.855964 sequence=777.213454
[plan] step=533 node=N9608 type=observe q_typed_residual_context=0.258608 sequence=777.472061
[plan] step=534 node=N12220 type=observe q_typed_residual_context=0.866664 sequence=778.338725
[plan] step=535 node=N18487 type=observe q_typed_residual_context=0.962362 sequence=779.301087
[plan] step=536 node=N18658 type=observe q_typed_residual_context=0.914190 sequence=780.215277
[plan] step=537 node=N12649 type=observe q_typed_residual_context=1.275488 sequence=781.490766
[plan] step=538 node=N3810 type=observe q_typed_residual_context=1.192818 sequence=782.683584
[plan] step=539 node=N2870 type=observe q_typed_residual_context=1.049866 sequence=783.733449
[plan] step=540 node=N14666 type=observe q_typed_residual_context=1.042033 sequence=784.775483
[plan] step=541 node=N12355 type=observe q_typed_residual_context=0.931824 sequence=785.707307
[plan] step=542 node=N3363 type=observe q_typed_residual_context=1.032309 sequence=786.739616
[plan] step=543 node=N15366 type=observe q_typed_residual_context=0.920834 sequence=787.660450
[plan] step=544 node=N19319 type=observe q_typed_residual_context=1.425634 sequence=789.086084
[plan] step=545 node=N7480 type=observe q_typed_residual_context=1.009053 sequence=790.095137
[plan] step=546 node=N12275 type=observe q_typed_residual_context=0.986177 sequence=791.081314
[plan] step=547 node=N7333 type=observe q_typed_residual_context=0.915840 sequence=791.997154
[plan] step=548 node=N12239 type=observe q_typed_residual_context=0.880238 sequence=792.877392
[plan] step=549 node=N18724 type=observe q_typed_residual_context=0.855317 sequence=793.732709
[plan] step=550 node=N12208 type=observe q_typed_residual_context=1.161529 sequence=794.894238
[plan] step=551 node=N12387 type=observe q_typed_residual_context=0.975840 sequence=795.870078
[plan] step=552 node=N13961 type=observe q_typed_residual_context=0.496239 sequence=796.366317
[plan] step=553 node=N10955 type=observe q_typed_residual_context=0.713561 sequence=797.079878
[plan] step=554 node=N27284 type=observe q_typed_residual_context=0.765879 sequence=797.845757
[plan] step=555 node=N3437 type=observe q_typed_residual_context=0.378126 sequence=798.223883
[plan] step=556 node=N13926 type=control1 q_typed_residual_context=0.199759 sequence=798.423642
[plan] step=557 node=N3429 type=observe q_typed_residual_context=0.371008 sequence=798.794650
[plan] step=558 node=N17825 type=control0 q_typed_residual_context=0.107170 sequence=798.901819
[plan] step=559 node=N3379 type=observe q_typed_residual_context=0.480071 sequence=799.381890
[plan] step=560 node=N19834 type=observe q_typed_residual_context=1.905517 sequence=801.287408
[plan] step=561 node=N19322 type=observe q_typed_residual_context=1.480762 sequence=802.768169
[plan] step=562 node=N12660 type=observe q_typed_residual_context=1.424065 sequence=804.192234
[plan] step=563 node=N14045 type=observe q_typed_residual_context=0.306067 sequence=804.498301
[plan] step=564 node=N7528 type=observe q_typed_residual_context=0.737582 sequence=805.235884
[plan] step=565 node=N3293 type=observe q_typed_residual_context=0.506543 sequence=805.742427
[plan] step=566 node=N15370 type=observe q_typed_residual_context=0.853322 sequence=806.595749
[plan] step=567 node=N14042 type=observe q_typed_residual_context=0.482443 sequence=807.078192
[plan] step=568 node=N16588 type=control1 q_typed_residual_context=0.910293 sequence=807.988485
[plan] step=569 node=N14041 type=observe q_typed_residual_context=0.779845 sequence=808.768330
[plan] step=570 node=N7397 type=observe q_typed_residual_context=0.503237 sequence=809.271566
[plan] step=571 node=N12307 type=observe q_typed_residual_context=0.440023 sequence=809.711589
[plan] step=572 node=N14038 type=observe q_typed_residual_context=0.750928 sequence=810.462517
[plan] step=573 node=N12319 type=observe q_typed_residual_context=0.640645 sequence=811.103162
[plan] step=574 node=N19320 type=observe q_typed_residual_context=0.522162 sequence=811.625324
[plan] step=575 node=N31223 type=control0 q_typed_residual_context=0.326903 sequence=811.952227
[plan] step=576 node=N18695 type=observe q_typed_residual_context=0.481078 sequence=812.433306
[plan] step=577 node=N14037 type=observe q_typed_residual_context=1.203757 sequence=813.637063
[plan] step=578 node=N18417 type=observe q_typed_residual_context=1.017315 sequence=814.654378
[plan] step=579 node=N12751 type=observe q_typed_residual_context=0.589427 sequence=815.243805
[plan] step=580 node=N12632 type=observe q_typed_residual_context=0.644136 sequence=815.887942
[plan] step=581 node=N7512 type=observe q_typed_residual_context=0.634430 sequence=816.522371
[plan] step=582 node=N7381 type=observe q_typed_residual_context=0.351246 sequence=816.873617
[plan] step=583 node=N12452 type=observe q_typed_residual_context=0.351219 sequence=817.224836
[plan] step=584 node=N12303 type=observe q_typed_residual_context=0.351234 sequence=817.576071
[plan] step=585 node=N18675 type=observe q_typed_residual_context=0.662377 sequence=818.238448
[plan] step=586 node=N8121 type=observe q_typed_residual_context=0.446801 sequence=818.685248
[plan] step=587 node=N7548 type=observe q_typed_residual_context=0.685615 sequence=819.370864
[plan] step=588 node=N18325 type=observe q_typed_residual_context=0.659279 sequence=820.030143
[plan] step=589 node=N12717 type=observe q_typed_residual_context=0.830642 sequence=820.860784
[plan] step=590 node=N19324 type=observe q_typed_residual_context=1.115325 sequence=821.976109
[plan] step=591 node=N12625 type=observe q_typed_residual_context=1.544185 sequence=823.520295
[plan] step=592 node=N7496 type=observe q_typed_residual_context=0.644170 sequence=824.164465
[plan] step=593 node=N7365 type=observe q_typed_residual_context=0.615934 sequence=824.780399
[plan] step=594 node=N12289 type=observe q_typed_residual_context=0.600288 sequence=825.380687
[plan] step=595 node=N12300 type=observe q_typed_residual_context=0.576703 sequence=825.957390
[plan] step=596 node=N18691 type=observe q_typed_residual_context=1.256424 sequence=827.213814
[plan] step=597 node=N19323 type=observe q_typed_residual_context=2.201840 sequence=829.415654
[plan] step=598 node=N7464 type=observe q_typed_residual_context=1.187609 sequence=830.603263
[plan] step=599 node=N12243 type=observe q_typed_residual_context=0.962042 sequence=831.565305
[plan] step=600 node=N3323 type=observe q_typed_residual_context=0.285503 sequence=831.850808
[plan] step=601 node=N8133 type=observe q_typed_residual_context=0.410619 sequence=832.261427
[plan] step=602 node=N18405 type=observe q_typed_residual_context=0.816536 sequence=833.077963
[plan] step=603 node=N7349 type=observe q_typed_residual_context=0.793901 sequence=833.871864
[plan] step=604 node=N12255 type=observe q_typed_residual_context=0.641776 sequence=834.513640
[plan] step=605 node=N12513 type=observe q_typed_residual_context=0.788520 sequence=835.302160
[plan] step=606 node=N1992 type=observe q_typed_residual_context=0.523121 sequence=835.825281
[plan] step=607 node=N19321 type=observe q_typed_residual_context=0.686852 sequence=836.512133
[plan] step=608 node=N3386 type=observe q_typed_residual_context=0.533824 sequence=837.045957
[plan] step=609 node=N25742 type=observe q_typed_residual_context=0.763551 sequence=837.809508
[plan] step=610 node=N14036 type=observe q_typed_residual_context=0.852369 sequence=838.661877
[plan] step=611 node=N7163 type=observe q_typed_residual_context=0.681261 sequence=839.343138
[plan] step=612 node=N18741 type=observe q_typed_residual_context=0.631437 sequence=839.974575
[plan] step=613 node=N14035 type=observe q_typed_residual_context=1.340616 sequence=841.315191
[plan] step=614 node=N18437 type=observe q_typed_residual_context=0.644140 sequence=841.959331
[plan] step=615 node=N12287 type=observe q_typed_residual_context=0.707386 sequence=842.666717
[plan] step=616 node=N12524 type=observe q_typed_residual_context=0.669504 sequence=843.336221
[plan] step=617 node=N19318 type=observe q_typed_residual_context=2.050030 sequence=845.386251
[plan] step=618 node=N12257 type=observe q_typed_residual_context=1.307869 sequence=846.694121
[plan] step=619 node=N8137 type=observe q_typed_residual_context=0.482851 sequence=847.176972
[plan] step=620 node=N7211 type=observe q_typed_residual_context=0.583974 sequence=847.760946
[plan] step=621 node=N18366 type=observe q_typed_residual_context=0.580635 sequence=848.341581
[plan] step=622 node=N12271 type=observe q_typed_residual_context=0.594896 sequence=848.936477
[plan] step=623 node=N12528 type=observe q_typed_residual_context=1.144202 sequence=850.080679
[plan] step=624 node=N12209 type=observe q_typed_residual_context=1.628480 sequence=851.709158
[plan] step=625 node=N7931 type=observe q_typed_residual_context=1.616355 sequence=853.325514
[plan] step=626 node=N3422 type=observe q_typed_residual_context=0.535102 sequence=853.860616
[plan] step=627 node=N8128 type=observe q_typed_residual_context=0.407741 sequence=854.268357
[plan] step=628 node=N29386 type=observe q_typed_residual_context=0.552658 sequence=854.821016
[plan] step=629 node=N7259 type=observe q_typed_residual_context=0.726680 sequence=855.547696
[plan] step=630 node=N3371 type=observe q_typed_residual_context=0.472930 sequence=856.020626
[plan] step=631 node=N19326 type=observe q_typed_residual_context=1.370027 sequence=857.390653
[plan] step=632 node=N18354 type=observe q_typed_residual_context=0.614196 sequence=858.004850
[plan] step=633 node=N12502 type=observe q_typed_residual_context=0.835225 sequence=858.840075
[plan] step=634 node=N12316 type=observe q_typed_residual_context=0.644139 sequence=859.484214
[plan] step=635 node=N7243 type=observe q_typed_residual_context=0.554312 sequence=860.038526
[plan] step=636 node=N12284 type=observe q_typed_residual_context=0.512397 sequence=860.550924
[plan] step=637 node=N18432 type=observe q_typed_residual_context=0.471285 sequence=861.022209
[plan] step=638 node=N12504 type=observe q_typed_residual_context=2.906385 sequence=863.928594
[plan] step=639 node=N12273 type=observe q_typed_residual_context=3.705671 sequence=867.634265
[plan] step=640 node=N2693 type=observe q_typed_residual_context=2.931013 sequence=870.565277
[plan] step=641 node=N8132 type=observe q_typed_residual_context=0.341408 sequence=870.906685
[plan] step=642 node=N2697 type=observe q_typed_residual_context=1.094366 sequence=872.001051
[plan] step=643 node=N3527 type=observe q_typed_residual_context=0.360622 sequence=872.361673
[plan] step=644 node=N19246 type=observe q_typed_residual_context=0.863722 sequence=873.225396
[plan] step=645 node=N7227 type=observe q_typed_residual_context=0.651143 sequence=873.876538
[plan] step=646 node=N18420 type=observe q_typed_residual_context=0.351245 sequence=874.227783
[plan] step=647 node=N12268 type=observe q_typed_residual_context=1.916912 sequence=876.144695
[plan] step=648 node=N12562 type=observe q_typed_residual_context=3.100120 sequence=879.244815
[plan] step=649 node=N31225 type=control0 q_typed_residual_context=0.196956 sequence=879.441772
[plan] step=650 node=N26519 type=control1 q_typed_residual_context=2.913445 sequence=882.355217
[plan] step=651 node=N3554 type=observe q_typed_residual_context=0.530638 sequence=882.885855
[plan] step=652 node=N19241 type=observe q_typed_residual_context=0.639103 sequence=883.524958
[plan] step=653 node=N12236 type=observe q_typed_residual_context=0.584410 sequence=884.109368
[plan] step=654 node=N7195 type=observe q_typed_residual_context=4.745340 sequence=888.854707
[plan] step=655 node=N31236 type=control0 q_typed_residual_context=0.241358 sequence=889.096066
[plan] step=656 node=N3355 type=observe q_typed_residual_context=0.573429 sequence=889.669495
[plan] step=657 node=N8122 type=observe q_typed_residual_context=0.699459 sequence=890.368954
[plan] step=658 node=N18449 type=observe q_typed_residual_context=1.360904 sequence=891.729858
[plan] step=659 node=N31234 type=control0 q_typed_residual_context=0.307517 sequence=892.037375
[plan] step=660 node=N7179 type=observe q_typed_residual_context=0.809894 sequence=892.847269
[plan] step=661 node=N13911 type=control1 q_typed_residual_context=0.498356 sequence=893.345625
[plan] step=662 node=N12663 type=observe q_typed_residual_context=0.457714 sequence=893.803339
[plan] step=663 node=N12252 type=observe q_typed_residual_context=0.572868 sequence=894.376206
[plan] step=664 node=N19251 type=observe q_typed_residual_context=0.351237 sequence=894.727443
[plan] step=665 node=N18389 type=observe q_typed_residual_context=3.748464 sequence=898.475908
[plan] step=666 node=N31244 type=control0 q_typed_residual_context=0.810940 sequence=899.286848
[plan] step=667 node=N27507 type=control0 q_typed_residual_context=1.614180 sequence=900.901027
[plan] step=668 node=N13979 type=observe q_typed_residual_context=0.418933 sequence=901.319960
[plan] step=669 node=N31240 type=control0 q_typed_residual_context=0.379306 sequence=901.699266
[plan] step=670 node=N29422 type=control0 q_typed_residual_context=0.935337 sequence=902.634603
[plan] step=671 node=N29423 type=control0 q_typed_residual_context=1.014117 sequence=903.648720
[plan] step=672 node=N2146 type=control0 q_typed_residual_context=1.180607 sequence=904.829327
[plan] step=673 node=N3470 type=observe q_typed_residual_context=0.657380 sequence=905.486707
[plan] step=674 node=N12587 type=observe q_typed_residual_context=0.907810 sequence=906.394517
[plan] step=675 node=N25712 type=observe q_typed_residual_context=1.006018 sequence=907.400536
[plan] step=676 node=N8141 type=observe q_typed_residual_context=0.336106 sequence=907.736642
[plan] step=677 node=N13921 type=control1 q_typed_residual_context=0.405710 sequence=908.142352
[plan] step=678 node=N1990 type=control1 q_typed_residual_context=0.888809 sequence=909.031161
[plan] step=679 node=N13930 type=control1 q_typed_residual_context=0.762888 sequence=909.794048
[plan] step=680 node=N7147 type=observe q_typed_residual_context=0.849693 sequence=910.643741
[plan] step=681 node=N3347 type=observe q_typed_residual_context=0.479927 sequence=911.123668
[plan] step=682 node=N19258 type=observe q_typed_residual_context=0.514609 sequence=911.638277
[plan] step=683 node=N18371 type=observe q_typed_residual_context=0.386567 sequence=912.024844
[plan] step=684 node=N12665 type=observe q_typed_residual_context=0.351237 sequence=912.376081
[plan] step=685 node=N19254 type=observe q_typed_residual_context=0.407737 sequence=912.783818
[plan] step=686 node=N18305 type=observe q_typed_residual_context=6.598997 sequence=919.382815
[plan] step=687 node=N2695 type=observe q_typed_residual_context=3.188467 sequence=922.571283
[plan] step=688 node=N9578 type=observe q_typed_residual_context=5.206129 sequence=927.777411
[plan] step=689 node=N9582 type=observe q_typed_residual_context=2.821001 sequence=930.598413
[plan] step=690 node=N26798 type=control0 q_typed_residual_context=1.681410 sequence=932.279822
[plan] step=691 node=N27607 type=control1 q_typed_residual_context=0.651256 sequence=932.931079
[plan] step=692 node=N13788 type=control1 q_typed_residual_context=1.431543 sequence=934.362621
[plan] step=693 node=N16818 type=control1 q_typed_residual_context=0.839052 sequence=935.201673
[plan] step=694 node=N3394 type=observe q_typed_residual_context=0.284012 sequence=935.485685
[plan] step=695 node=N3332 type=observe q_typed_residual_context=0.445146 sequence=935.930831
[plan] step=696 node=N2082 type=control1 q_typed_residual_context=0.636076 sequence=936.566907
[plan] step=697 node=N1989 type=control1 q_typed_residual_context=1.418305 sequence=937.985212
[plan] step=698 node=N14880 type=control1 q_typed_residual_context=1.804905 sequence=939.790118
[plan] step=699 node=N8140 type=observe q_typed_residual_context=0.364359 sequence=940.154477
[plan] step=700 node=N12654 type=observe q_typed_residual_context=0.144183 sequence=940.298660
[plan] step=701 node=N7446 type=observe q_typed_residual_context=0.774640 sequence=941.073300
[plan] step=702 node=N19248 type=observe q_typed_residual_context=0.570034 sequence=941.643334
[plan] step=703 node=N18439 type=observe q_typed_residual_context=0.386214 sequence=942.029548
[plan] step=704 node=N12553 type=observe q_typed_residual_context=0.415804 sequence=942.445352
[plan] step=705 node=N2256 type=observe q_typed_residual_context=3.375863 sequence=945.821215
[plan] step=706 node=N8139 type=observe q_typed_residual_context=0.343194 sequence=946.164410
[plan] step=707 node=N19262 type=observe q_typed_residual_context=0.520031 sequence=946.684441
[plan] step=708 node=N7261 type=observe q_typed_residual_context=0.452105 sequence=947.136546
[plan] step=709 node=N29681 type=control0 q_typed_residual_context=0.640837 sequence=947.777383
[plan] step=710 node=N29458 type=control0 q_typed_residual_context=1.977898 sequence=949.755281
[plan] step=711 node=N18906 type=control1 q_typed_residual_context=0.996506 sequence=950.751788
[plan] step=712 node=N13889 type=control1 q_typed_residual_context=3.913908 sequence=954.665696
[plan] step=713 node=N7716 type=control1 q_typed_residual_context=5.811195 sequence=960.476891
[plan] step=714 node=N26642 type=control0 q_typed_residual_context=4.121703 sequence=964.598594
[plan] step=715 node=N26644 type=control0 q_typed_residual_context=1.441522 sequence=966.040117
[plan] step=716 node=N3506 type=observe q_typed_residual_context=0.344418 sequence=966.384535
[plan] step=717 node=N18422 type=observe q_typed_residual_context=0.584265 sequence=966.968800
[plan] step=718 node=N12519 type=observe q_typed_residual_context=0.731668 sequence=967.700468
[plan] step=719 node=N7940 type=observe q_typed_residual_context=0.593042 sequence=968.293510
[plan] step=720 node=N19263 type=observe q_typed_residual_context=0.423519 sequence=968.717029
[plan] step=721 node=N7213 type=observe q_typed_residual_context=6.046193 sequence=974.763222
[plan] step=722 node=N26646 type=control0 q_typed_residual_context=0.661428 sequence=975.424650
[plan] step=723 node=N3325 type=observe q_typed_residual_context=0.551959 sequence=975.976608
[plan] step=724 node=N8142 type=observe q_typed_residual_context=0.820053 sequence=976.796661
[plan] step=725 node=N19256 type=observe q_typed_residual_context=1.785740 sequence=978.582401
[plan] step=726 node=N18407 type=observe q_typed_residual_context=1.283989 sequence=979.866390
[plan] step=727 node=N12628 type=observe q_typed_residual_context=0.490118 sequence=980.356508
[plan] step=728 node=N9605 type=observe q_typed_residual_context=1.191590 sequence=981.548098
[plan] step=729 node=N26648 type=control0 q_typed_residual_context=0.414030 sequence=981.962129
[plan] step=730 node=N3563 type=observe q_typed_residual_context=0.406882 sequence=982.369010
[plan] step=731 node=N18373 type=observe q_typed_residual_context=1.999834 sequence=984.368845
[plan] step=732 node=N8138 type=observe q_typed_residual_context=0.406881 sequence=984.775725
[plan] step=733 node=N19268 type=observe q_typed_residual_context=1.621416 sequence=986.397141
[plan] step=734 node=N12624 type=observe q_typed_residual_context=0.707702 sequence=987.104843
[plan] step=735 node=N3545 type=observe q_typed_residual_context=0.406882 sequence=987.511725
[plan] step=736 node=N18356 type=observe q_typed_residual_context=1.261624 sequence=988.773349
[plan] step=737 node=N19267 type=observe q_typed_residual_context=0.639709 sequence=989.413058
[plan] step=738 node=N12618 type=observe q_typed_residual_context=0.396905 sequence=989.809963
[plan] step=739 node=N9591 type=observe q_typed_residual_context=0.911100 sequence=990.721063
[plan] step=740 node=N8135 type=observe q_typed_residual_context=0.234096 sequence=990.955160
[plan] step=741 node=N3486 type=observe q_typed_residual_context=0.413528 sequence=991.368688
[plan] step=742 node=N19265 type=observe q_typed_residual_context=0.970791 sequence=992.339479
[plan] step=743 node=N18307 type=observe q_typed_residual_context=1.091811 sequence=993.431290
[plan] step=744 node=N12522 type=observe q_typed_residual_context=0.666418 sequence=994.097709
[plan] step=745 node=N5930 type=observe q_typed_residual_context=0.766332 sequence=994.864041
[plan] step=746 node=N5882 type=observe q_typed_residual_context=6.725155 sequence=1001.589196
[plan] step=747 node=N26649 type=control0 q_typed_residual_context=0.787845 sequence=1002.377041
[plan] step=748 node=N3574 type=observe q_typed_residual_context=0.489353 sequence=1002.866395
[plan] step=749 node=N19244 type=observe q_typed_residual_context=1.910094 sequence=1004.776489
[plan] step=750 node=N8136 type=observe q_typed_residual_context=1.041141 sequence=1005.817630
[plan] step=751 node=N12518 type=observe q_typed_residual_context=1.872008 sequence=1007.689638
[plan] step=752 node=N19837 type=observe q_typed_residual_context=1.213286 sequence=1008.902924
[plan] step=753 node=N19249 type=observe q_typed_residual_context=0.442461 sequence=1009.345385
[plan] step=754 node=N7939 type=observe q_typed_residual_context=0.805346 sequence=1010.150731
[plan] step=755 node=N3298 type=observe q_typed_residual_context=1.467886 sequence=1011.618617
[plan] step=756 node=N3496 type=observe q_typed_residual_context=0.318722 sequence=1011.937339
[plan] step=757 node=N12560 type=observe q_typed_residual_context=1.857417 sequence=1013.794756
[plan] step=758 node=N8143 type=observe q_typed_residual_context=0.277019 sequence=1014.071775
[plan] step=759 node=N2692 type=observe q_typed_residual_context=0.565303 sequence=1014.637078
[plan] step=760 node=N2694 type=observe q_typed_residual_context=0.649897 sequence=1015.286975
[plan] step=761 node=N19269 type=observe q_typed_residual_context=0.357597 sequence=1015.644572
[plan] step=762 node=N12556 type=observe q_typed_residual_context=0.113910 sequence=1015.758483
[plan] step=763 node=N2248 type=observe q_typed_residual_context=6.323206 sequence=1022.081688
[plan] step=764 node=N7945 type=observe q_typed_residual_context=6.676384 sequence=1028.758072
[plan] step=765 node=N19245 type=observe q_typed_residual_context=6.785805 sequence=1035.543877
[plan] step=766 node=N26651 type=control0 q_typed_residual_context=0.776705 sequence=1036.320583
[plan] step=767 node=N3478 type=observe q_typed_residual_context=0.519533 sequence=1036.840116
[plan] step=768 node=N19836 type=observe q_typed_residual_context=1.406726 sequence=1038.246842
[plan] step=769 node=N3408 type=observe q_typed_residual_context=0.431860 sequence=1038.678702
[plan] step=770 node=N12550 type=observe q_typed_residual_context=2.202938 sequence=1040.881640
[plan] step=771 node=N8144 type=observe q_typed_residual_context=1.976255 sequence=1042.857895
[plan] step=772 node=N19250 type=observe q_typed_residual_context=0.744462 sequence=1043.602357
[plan] step=773 node=N8134 type=observe q_typed_residual_context=0.407275 sequence=1044.009632
[plan] step=774 node=N8131 type=observe q_typed_residual_context=0.256598 sequence=1044.266230
[plan] step=775 node=N12597 type=observe q_typed_residual_context=1.988706 sequence=1046.254937
[plan] step=776 node=N19274 type=observe q_typed_residual_context=0.452546 sequence=1046.707483
[plan] step=777 node=N12595 type=observe q_typed_residual_context=0.948824 sequence=1047.656307
[plan] step=778 node=N7604 type=observe q_typed_residual_context=0.832285 sequence=1048.488592
[plan] step=779 node=N25733 type=observe q_typed_residual_context=0.603885 sequence=1049.092477
[plan] step=780 node=N19260 type=observe q_typed_residual_context=0.689868 sequence=1049.782344
[plan] step=781 node=N3458 type=observe q_typed_residual_context=0.401112 sequence=1050.183456
[plan] step=782 node=N19855 type=observe q_typed_residual_context=0.825415 sequence=1051.008871
[plan] step=783 node=N12584 type=observe q_typed_residual_context=1.112219 sequence=1052.121091
[plan] step=784 node=N25244 type=observe q_typed_residual_context=6.428703 sequence=1058.549794
[plan] step=785 node=N27493 type=control0 q_typed_residual_context=1.129833 sequence=1059.679627
[plan] step=786 node=N3445 type=observe q_typed_residual_context=0.538804 sequence=1060.218431
[plan] step=787 node=N19259 type=observe q_typed_residual_context=1.690902 sequence=1061.909333
[plan] step=788 node=N3401 type=observe q_typed_residual_context=0.444530 sequence=1062.353863
[plan] step=789 node=N12590 type=observe q_typed_residual_context=2.072990 sequence=1064.426852
[plan] step=790 node=N19253 type=observe q_typed_residual_context=0.922813 sequence=1065.349665
[plan] step=791 node=N8130 type=observe q_typed_residual_context=0.443642 sequence=1065.793307
[plan] step=792 node=N12594 type=observe q_typed_residual_context=1.675145 sequence=1067.468452
[plan] step=793 node=N19275 type=observe q_typed_residual_context=0.652680 sequence=1068.121132
[plan] step=794 node=N8129 type=observe q_typed_residual_context=0.407382 sequence=1068.528514
[plan] step=795 node=N19277 type=observe q_typed_residual_context=1.424790 sequence=1069.953305
[plan] step=796 node=N8127 type=observe q_typed_residual_context=0.443724 sequence=1070.397029
[plan] step=797 node=N19280 type=observe q_typed_residual_context=1.484401 sequence=1071.881429
[plan] step=798 node=N7924 type=observe q_typed_residual_context=1.347446 sequence=1073.228875
[plan] step=799 node=N19271 type=observe q_typed_residual_context=0.832531 sequence=1074.061406
[plan] step=800 node=N7927 type=observe q_typed_residual_context=1.541803 sequence=1075.603209
[plan] step=801 node=N3463 type=observe q_typed_residual_context=0.490352 sequence=1076.093561
[plan] step=802 node=N2246 type=observe q_typed_residual_context=1.798530 sequence=1077.892091
[plan] step=803 node=N19272 type=observe q_typed_residual_context=0.696873 sequence=1078.588963
[plan] step=804 node=N3450 type=observe q_typed_residual_context=0.410860 sequence=1078.999824
[plan] step=805 node=N3821 type=observe q_typed_residual_context=0.563694 sequence=1079.563518
[plan] step=806 node=N3829 type=observe q_typed_residual_context=0.533837 sequence=1080.097354
[plan] step=807 node=N3831 type=observe q_typed_residual_context=0.478567 sequence=1080.575921
[plan] step=808 node=N3817 type=observe q_typed_residual_context=0.427882 sequence=1081.003803
[plan] step=809 node=N19328 type=observe q_typed_residual_context=1.364945 sequence=1082.368747
[plan] step=810 node=N3845 type=observe q_typed_residual_context=0.806070 sequence=1083.174817
[plan] step=811 node=N1988 type=observe q_typed_residual_context=0.186288 sequence=1083.361105
[plan] step=812 node=N19325 type=observe q_typed_residual_context=1.689078 sequence=1085.050183
[plan] step=813 node=N31221 type=control0 q_typed_residual_context=0.126543 sequence=1085.176725
[plan] step=814 node=N31248 type=control0 q_typed_residual_context=0.903172 sequence=1086.079897
[plan] step=815 node=N31219 type=control0 q_typed_residual_context=0.593727 sequence=1086.673624
[plan] step=816 node=N31217 type=control0 q_typed_residual_context=0.519299 sequence=1087.192923
[plan] step=817 node=N3427 type=observe q_typed_residual_context=0.583313 sequence=1087.776236
[plan] step=818 node=N3415 type=observe q_typed_residual_context=0.396576 sequence=1088.172812
[plan] step=819 node=N19329 type=observe q_typed_residual_context=3.483925 sequence=1091.656738
[plan] step=820 node=N12135 type=control0 q_typed_residual_context=0.374513 sequence=1092.031250
[plan] step=821 node=N12143 type=control0 q_typed_residual_context=0.484682 sequence=1092.515932
[plan] step=822 node=N27505 type=control0 q_typed_residual_context=0.668518 sequence=1093.184450
[plan] step=823 node=N27593 type=control0 q_typed_residual_context=0.502064 sequence=1093.686514
[plan] step=824 node=N30920 type=control0 q_typed_residual_context=1.090590 sequence=1094.777104
[plan] step=825 node=N13791 type=control1 q_typed_residual_context=1.375433 sequence=1096.152537
[plan] step=826 node=N27792 type=control0 q_typed_residual_context=1.516778 sequence=1097.669316
[plan] step=827 node=N6796 type=control0 q_typed_residual_context=0.870698 sequence=1098.540014
[plan] step=828 node=N26640 type=control0 q_typed_residual_context=0.998282 sequence=1099.538296
[plan] step=829 node=N29124 type=control0 q_typed_residual_context=0.936691 sequence=1100.474986
[plan] step=830 node=N12119 type=control0 q_typed_residual_context=0.695285 sequence=1101.170271
[plan] step=831 node=N29040 type=control0 q_typed_residual_context=1.003306 sequence=1102.173577
[plan] step=832 node=N31053 type=control0 q_typed_residual_context=0.945149 sequence=1103.118725
[plan] step=833 node=N29527 type=control0 q_typed_residual_context=0.691181 sequence=1103.809906
[plan] step=834 node=N13459 type=control0 q_typed_residual_context=0.581330 sequence=1104.391236
[plan] step=835 node=N26800 type=control0 q_typed_residual_context=0.536025 sequence=1104.927261
[plan] step=836 node=N8126 type=observe q_typed_residual_context=0.481127 sequence=1105.408387
[plan] step=837 node=N27595 type=control0 q_typed_residual_context=0.542331 sequence=1105.950718
[plan] step=838 node=N28915 type=control0 q_typed_residual_context=0.806268 sequence=1106.756986
[plan] step=839 node=N8125 type=observe q_typed_residual_context=0.332678 sequence=1107.089664
[plan] step=840 node=N8124 type=observe q_typed_residual_context=0.331009 sequence=1107.420673
[plan] step=841 node=N29683 type=control0 q_typed_residual_context=0.256745 sequence=1107.677418
[plan] step=842 node=N26684 type=control0 q_typed_residual_context=1.043034 sequence=1108.720453
[plan] step=843 node=N19335 type=observe q_typed_residual_context=1.839481 sequence=1110.559934
[plan] step=844 node=N19332 type=observe q_typed_residual_context=1.727320 sequence=1112.287254
[plan] step=845 node=N31250 type=control0 q_typed_residual_context=0.674459 sequence=1112.961713
[plan] step=846 node=N3535 type=observe q_typed_residual_context=0.542263 sequence=1113.503976
[plan] step=847 node=N19338 type=observe q_typed_residual_context=1.262181 sequence=1114.766158
[plan] step=848 node=N9712 type=observe q_typed_residual_context=1.945350 sequence=1116.711508
[plan] step=849 node=N3515 type=observe q_typed_residual_context=0.472190 sequence=1117.183698
[plan] step=850 node=N19337 type=observe q_typed_residual_context=1.314649 sequence=1118.498347
[plan] step=851 node=N7944 type=observe q_typed_residual_context=2.157199 sequence=1120.655547
[plan] step=852 node=N31215 type=control0 q_typed_residual_context=0.816543 sequence=1121.472090
[plan] step=853 node=N31213 type=control0 q_typed_residual_context=0.576285 sequence=1122.048375
[plan] step=854 node=N29457 type=control0 q_typed_residual_context=1.214960 sequence=1123.263335
[plan] step=855 node=N13789 type=control1 q_typed_residual_context=1.953399 sequence=1125.216734
[plan] step=856 node=N28847 type=control0 q_typed_residual_context=1.824838 sequence=1127.041572
[plan] step=857 node=N26691 type=control0 q_typed_residual_context=1.104568 sequence=1128.146140
[plan] step=858 node=N5124 type=control0 q_typed_residual_context=2.484842 sequence=1130.630982
[plan] step=859 node=N22388 type=control0 q_typed_residual_context=1.551268 sequence=1132.182250
[plan] step=860 node=N22385 type=control0 q_typed_residual_context=1.007989 sequence=1133.190239
[plan] step=861 node=N22392 type=control0 q_typed_residual_context=1.137914 sequence=1134.328153
[plan] step=862 node=N22477 type=control0 q_typed_residual_context=3.157925 sequence=1137.486079
[plan] step=863 node=N16014 type=control1 q_typed_residual_context=1.758970 sequence=1139.245049
[plan] step=864 node=N8123 type=observe q_typed_residual_context=0.537198 sequence=1139.782247
[plan] step=865 node=N13904 type=control1 q_typed_residual_context=0.490555 sequence=1140.272801
[plan] step=866 node=N27501 type=control0 q_typed_residual_context=0.852651 sequence=1141.125452
[plan] step=867 node=N27599 type=control0 q_typed_residual_context=1.518776 sequence=1142.644228
[plan] step=868 node=N26261 type=control0 q_typed_residual_context=1.182729 sequence=1143.826958
[plan] step=869 node=N29685 type=control0 q_typed_residual_context=0.849222 sequence=1144.676180
[plan] step=870 node=N12111 type=control0 q_typed_residual_context=0.940085 sequence=1145.616265
[plan] step=871 node=N28048 type=observe q_typed_residual_context=1.399587 sequence=1147.015852
[plan] step=872 node=N31211 type=control0 q_typed_residual_context=1.189245 sequence=1148.205097
[plan] step=873 node=N26678 type=control0 q_typed_residual_context=1.744092 sequence=1149.949189
[plan] step=874 node=N12103 type=control0 q_typed_residual_context=1.142191 sequence=1151.091380
[plan] step=875 node=N19333 type=observe q_typed_residual_context=1.470069 sequence=1152.561449
[plan] step=876 node=N29687 type=control0 q_typed_residual_context=1.367092 sequence=1153.928540
[plan] step=877 node=N31209 type=control0 q_typed_residual_context=1.219296 sequence=1155.147836
[plan] step=878 node=N26266 type=control0 q_typed_residual_context=1.797005 sequence=1156.944841
[plan] step=879 node=N29427 type=control0 q_typed_residual_context=1.307524 sequence=1158.252365
[plan] step=880 node=N28052 type=observe q_typed_residual_context=1.217026 sequence=1159.469390
[plan] step=881 node=N26638 type=control0 q_typed_residual_context=1.359514 sequence=1160.828904
[plan] step=882 node=N31207 type=control0 q_typed_residual_context=0.917731 sequence=1161.746635
[plan] step=883 node=N26057 type=control0 q_typed_residual_context=1.343588 sequence=1163.090223
[plan] step=884 node=N26060 type=control0 q_typed_residual_context=1.391223 sequence=1164.481446
[plan] step=885 node=N26275 type=control0 q_typed_residual_context=1.745705 sequence=1166.227151
[plan] step=886 node=N27894 type=control0 q_typed_residual_context=1.352185 sequence=1167.579337
[plan] step=887 node=N27601 type=control0 q_typed_residual_context=1.212060 sequence=1168.791397
[plan] step=888 node=N14772 type=control0 q_typed_residual_context=0.941071 sequence=1169.732468
[plan] step=889 node=N27257 type=control0 q_typed_residual_context=1.372222 sequence=1171.104690
[plan] step=890 node=N3435 type=observe q_typed_residual_context=2.172874 sequence=1173.277564
[plan] step=891 node=N28849 type=control0 q_typed_residual_context=1.979540 sequence=1175.257104
[plan] step=892 node=N26175 type=control0 q_typed_residual_context=1.440259 sequence=1176.697362
[plan] step=893 node=N28807 type=control0 q_typed_residual_context=1.244026 sequence=1177.941388
[plan] step=894 node=N19340 type=observe q_typed_residual_context=0.846891 sequence=1178.788279
[plan] step=895 node=N28047 type=observe q_typed_residual_context=0.936510 sequence=1179.724789
[plan] step=896 node=N26011 type=control0 q_typed_residual_context=1.124107 sequence=1180.848895
[plan] step=897 node=N9653 type=observe q_typed_residual_context=1.190068 sequence=1182.038964
[plan] step=898 node=N19334 type=observe q_typed_residual_context=1.422171 sequence=1183.461134
[plan] step=899 node=N3382 type=observe q_typed_residual_context=0.904520 sequence=1184.365654
[plan] step=900 node=N19336 type=observe q_typed_residual_context=2.059803 sequence=1186.425457
[plan] step=901 node=N16460 type=control0 q_typed_residual_context=1.216962 sequence=1187.642419
[plan] step=902 node=N16465 type=control0 q_typed_residual_context=1.270579 sequence=1188.912998
[plan] step=903 node=N19331 type=observe q_typed_residual_context=1.621247 sequence=1190.534245
[plan] step=904 node=N16470 type=control0 q_typed_residual_context=1.182282 sequence=1191.716527
[plan] step=905 node=N12633 type=observe q_typed_residual_context=1.489082 sequence=1193.205609
[plan] step=906 node=N16455 type=control0 q_typed_residual_context=1.271682 sequence=1194.477291
[plan] step=907 node=N16450 type=control0 q_typed_residual_context=1.415163 sequence=1195.892454
[plan] step=908 node=N19339 type=observe q_typed_residual_context=1.621336 sequence=1197.513791
[plan] step=909 node=N16502 type=control0 q_typed_residual_context=1.356089 sequence=1198.869880
[plan] step=910 node=N31125 type=control0 q_typed_residual_context=1.258806 sequence=1200.128685
[plan] step=911 node=N31121 type=control0 q_typed_residual_context=1.305827 sequence=1201.434512
[plan] step=912 node=N3374 type=observe q_typed_residual_context=1.929975 sequence=1203.364487
[plan] step=913 node=N9661 type=observe q_typed_residual_context=1.388674 sequence=1204.753161
[plan] step=914 node=N19279 type=observe q_typed_residual_context=4.290992 sequence=1209.044153
[plan] step=915 node=N27503 type=control0 q_typed_residual_context=0.751638 sequence=1209.795791
[plan] step=916 node=N3579 type=observe q_typed_residual_context=0.760271 sequence=1210.556062
[plan] step=917 node=N12531 type=observe q_typed_residual_context=1.161868 sequence=1211.717930
[plan] step=918 node=N3424 type=observe q_typed_residual_context=0.850102 sequence=1212.568032
[plan] step=919 node=N27499 type=control0 q_typed_residual_context=0.993602 sequence=1213.561634
[plan] step=920 node=N27497 type=control0 q_typed_residual_context=1.268741 sequence=1214.830375
[plan] step=921 node=N16665 type=control0 q_typed_residual_context=1.520609 sequence=1216.350984
[plan] step=922 node=N16670 type=control0 q_typed_residual_context=1.133542 sequence=1217.484526
[plan] step=923 node=N3473 type=observe q_typed_residual_context=0.998370 sequence=1218.482896
[plan] step=924 node=N27495 type=control0 q_typed_residual_context=1.438310 sequence=1219.921206
[plan] step=925 node=N3396 type=observe q_typed_residual_context=1.679255 sequence=1221.600461
[plan] step=926 node=N27491 type=control0 q_typed_residual_context=1.309610 sequence=1222.910071
[plan] step=927 node=N12599 type=observe q_typed_residual_context=1.231610 sequence=1224.141680
[plan] step=928 node=N3410 type=observe q_typed_residual_context=1.261305 sequence=1225.402985
[plan] step=929 node=N16685 type=control0 q_typed_residual_context=1.014704 sequence=1226.417689
[plan] step=930 node=N16690 type=control0 q_typed_residual_context=1.184297 sequence=1227.601986
[plan] step=931 node=N12565 type=observe q_typed_residual_context=1.326324 sequence=1228.928309
[plan] step=932 node=N27489 type=control0 q_typed_residual_context=1.005642 sequence=1229.933951
[plan] step=933 node=N3447 type=observe q_typed_residual_context=1.472635 sequence=1231.406587
[plan] step=934 node=N16700 type=control0 q_typed_residual_context=1.042323 sequence=1232.448910
[plan] step=935 node=N3366 type=observe q_typed_residual_context=1.075872 sequence=1233.524782
[plan] step=936 node=N3481 type=observe q_typed_residual_context=1.146261 sequence=1234.671043
[plan] step=937 node=N3460 type=observe q_typed_residual_context=1.008022 sequence=1235.679065
[plan] step=938 node=N3453 type=observe q_typed_residual_context=1.108462 sequence=1236.787527
[plan] step=939 node=N16722 type=control0 q_typed_residual_context=1.217310 sequence=1238.004836
[plan] step=940 node=N3466 type=observe q_typed_residual_context=1.408915 sequence=1239.413751
[plan] step=941 node=N16727 type=control0 q_typed_residual_context=1.245315 sequence=1240.659066
[plan] step=942 node=N3439 type=observe q_typed_residual_context=1.475811 sequence=1242.134877
[plan] step=943 node=N16732 type=control0 q_typed_residual_context=1.246943 sequence=1243.381820
[plan] step=944 node=N16737 type=control0 q_typed_residual_context=1.241671 sequence=1244.623491
[plan] step=945 node=N3431 type=observe q_typed_residual_context=1.569507 sequence=1246.192998
[plan] step=946 node=N16742 type=control0 q_typed_residual_context=1.144065 sequence=1247.337064
[plan] step=947 node=N3530 type=observe q_typed_residual_context=1.169884 sequence=1248.506948
[plan] step=948 node=N3417 type=observe q_typed_residual_context=1.359337 sequence=1249.866285
[plan] step=949 node=N3403 type=observe q_typed_residual_context=1.137724 sequence=1251.004010
[plan] step=950 node=N3389 type=observe q_typed_residual_context=1.194244 sequence=1252.198254
[plan] step=951 node=N16747 type=control0 q_typed_residual_context=1.302658 sequence=1253.500912
[plan] step=952 node=N16752 type=control0 q_typed_residual_context=1.346353 sequence=1254.847265
[plan] step=953 node=N16757 type=control0 q_typed_residual_context=0.857418 sequence=1255.704682
[plan] step=954 node=N7722 type=control1 q_typed_residual_context=1.480650 sequence=1257.185333
[plan] step=955 node=N14777 type=control0 q_typed_residual_context=1.055530 sequence=1258.240863
[plan] step=956 node=N26693 type=control0 q_typed_residual_context=1.403846 sequence=1259.644709
[plan] step=957 node=N3566 type=observe q_typed_residual_context=1.257644 sequence=1260.902353
[plan] step=958 node=N16245 type=control1 q_typed_residual_context=1.091393 sequence=1261.993746
[plan] step=959 node=N27791 type=control0 q_typed_residual_context=1.054064 sequence=1263.047810
[plan] step=960 node=N14787 type=control0 q_typed_residual_context=1.030324 sequence=1264.078133
[plan] step=961 node=N3557 type=observe q_typed_residual_context=0.876663 sequence=1264.954796
[plan] step=962 node=N8041 type=control1 q_typed_residual_context=1.034293 sequence=1265.989089
[plan] step=963 node=N16695 type=control0 q_typed_residual_context=0.870930 sequence=1266.860019
[plan] step=964 node=N3548 type=observe q_typed_residual_context=0.996906 sequence=1267.856926
[plan] step=965 node=N3510 type=observe q_typed_residual_context=1.187650 sequence=1269.044576
[plan] step=966 node=N19372 type=observe q_typed_residual_context=3.073082 sequence=1272.117658
[plan] step=967 node=N3491 type=observe q_typed_residual_context=0.911984 sequence=1273.029642
[plan] step=968 node=N19426 type=observe q_typed_residual_context=1.216334 sequence=1274.245977
[plan] step=969 node=N16680 type=control0 q_typed_residual_context=0.827516 sequence=1275.073493
[plan] step=970 node=N3540 type=observe q_typed_residual_context=0.941505 sequence=1276.014997
[plan] step=971 node=N19392 type=observe q_typed_residual_context=1.454840 sequence=1277.469838
[plan] step=972 node=N3521 type=observe q_typed_residual_context=1.240200 sequence=1278.710037
[plan] step=973 node=N16675 type=control0 q_typed_residual_context=1.365247 sequence=1280.075285
[plan] step=974 node=N2013 type=control1 q_typed_residual_context=1.682384 sequence=1281.757668
[plan] step=975 node=N16527 type=control0 q_typed_residual_context=0.978239 sequence=1282.735908
[plan] step=976 node=N16570 type=control0 q_typed_residual_context=1.284773 sequence=1284.020681
[plan] step=977 node=N3501 type=observe q_typed_residual_context=1.574570 sequence=1285.595251
[plan] step=978 node=N19430 type=observe q_typed_residual_context=1.445628 sequence=1287.040880
[plan] step=979 node=N16575 type=control0 q_typed_residual_context=1.493804 sequence=1288.534683
[plan] step=980 node=N3358 type=observe q_typed_residual_context=1.179069 sequence=1289.713753
[plan] step=981 node=N15565 type=observe q_typed_residual_context=0.971368 sequence=1290.685121
[plan] step=982 node=N19422 type=observe q_typed_residual_context=0.556633 sequence=1291.241754
[plan] step=983 node=N19418 type=observe q_typed_residual_context=1.176200 sequence=1292.417954
[plan] step=984 node=N16565 type=control0 q_typed_residual_context=1.026378 sequence=1293.444332
[plan] step=985 node=N3327 type=observe q_typed_residual_context=1.429690 sequence=1294.874022
[plan] step=986 node=N16580 type=control0 q_typed_residual_context=1.200757 sequence=1296.074778
[plan] step=987 node=N19414 type=observe q_typed_residual_context=1.561005 sequence=1297.635783
[plan] step=988 node=N16585 type=control0 q_typed_residual_context=1.052523 sequence=1298.688307
[plan] step=989 node=N2856 type=observe q_typed_residual_context=1.270698 sequence=1299.959004
[plan] step=990 node=N3350 type=observe q_typed_residual_context=1.301464 sequence=1301.260468
[plan] step=991 node=N19408 type=observe q_typed_residual_context=1.129388 sequence=1302.389857
[plan] step=992 node=N19404 type=observe q_typed_residual_context=0.782381 sequence=1303.172238
[plan] step=993 node=N29689 type=control0 q_typed_residual_context=0.977889 sequence=1304.150127
[plan] step=994 node=N5327 type=observe q_typed_residual_context=1.416385 sequence=1305.566512
saved=autoresearch/loop-260720-0945/typed_winner_round3_five/b17_C/plans/iscas99__b17__greedy__cumulative__q_typed_residual_context__bw1__d1__c48__g1p0__candhard_fault_cluster__div0p0__s0.csv
