[r12-plan/96] [plan] torch_deterministic=true
[r12-plan/96] [plan] candidate_allowlist=autoresearch/original-netlist-recovery-260712/exact_itc99/b15_C/exact_candidate_nodes.txt nodes=7918
[r12-plan/96] [plan] prefix_plan=autoresearch/loop-260720-0945/model_training_round8/b15_selection/moe_joint_within/best_final_horizon/q_typed_reliable_context/alpha_0p10_weight_0p75/best_plans/iscas99__b15_1.csv prefix_actions=96 continue_at_step=97
[r12-plan/96] [plan] latent_norm_clip_ratio=4 latent_norm_limit=31.011030
[r12-plan/96] [plan] step=97 node=N7401 type=control1 q_typed_reliable_context=4.132145 sequence=136.974506
[r12-plan/96] [plan] step=98 node=N7402 type=control1 q_typed_reliable_context=1.957401 sequence=138.927907
[r12-plan/96] [plan] step=99 node=N5509 type=observe q_typed_reliable_context=3.552729 sequence=142.480636
[r12-plan/96] [plan] step=100 node=N6548 type=control0 q_typed_reliable_context=3.273984 sequence=145.754620
[r12-plan/96] [plan] step=101 node=N630 type=control1 q_typed_reliable_context=2.268895 sequence=148.023515
[r12-plan/96] [plan] step=102 node=N634 type=control1 q_typed_reliable_context=2.159156 sequence=150.182671
[r12-plan/96] [plan] step=103 node=N620 type=control1 q_typed_reliable_context=1.929026 sequence=152.111697
[r12-plan/96] [plan] step=104 node=N638 type=control1 q_typed_reliable_context=2.382113 sequence=154.493810
[r12-plan/96] [plan] step=105 node=N649 type=control1 q_typed_reliable_context=2.258457 sequence=156.752266
[r12-plan/96] [plan] step=106 node=N614 type=control1 q_typed_reliable_context=1.451747 sequence=158.204014
[r12-plan/96] [plan] step=107 node=N5717 type=control0 q_typed_reliable_context=1.111404 sequence=159.315418
[r12-plan/96] [plan] step=108 node=N610 type=control1 q_typed_reliable_context=1.625583 sequence=160.941000
[r12-plan/96] [plan] step=109 node=N636 type=control1 q_typed_reliable_context=1.530015 sequence=162.471016
[r12-plan/96] [plan] step=110 node=N616 type=control1 q_typed_reliable_context=1.747206 sequence=164.218222
[r12-plan/96] [plan] step=111 node=N645 type=control1 q_typed_reliable_context=2.104232 sequence=166.322454
[r12-plan/96] [plan] step=112 node=N6669 type=control1 q_typed_reliable_context=1.959889 sequence=168.282343
[r12-plan/96] [plan] step=113 node=N5707 type=control0 q_typed_reliable_context=1.349077 sequence=169.631420
[r12-plan/96] [plan] step=114 node=N510 type=control1 q_typed_reliable_context=1.419071 sequence=171.050490
[r12-plan/96] [plan] step=115 node=N5701 type=control0 q_typed_reliable_context=1.884687 sequence=172.935178
[r12-plan/96] [plan] step=116 node=N5661 type=control0 q_typed_reliable_context=1.945461 sequence=174.880638
[r12-plan/96] [plan] step=117 node=N7846 type=control0 q_typed_reliable_context=1.641171 sequence=176.517809
[r12-plan/96] [plan] step=118 node=N5503 type=observe q_typed_reliable_context=2.360254 sequence=178.878063
[r12-plan/96] [plan] step=119 node=N7409 type=control0 q_typed_reliable_context=2.653467 sequence=181.531530
[r12-plan/96] [plan] step=120 node=N7405 type=control0 q_typed_reliable_context=2.718973 sequence=184.250504
[r12-plan/96] [plan] step=121 node=N7541 type=control0 q_typed_reliable_context=2.595325 sequence=186.841828
[r12-plan/96] [plan] step=122 node=N7542 type=control0 q_typed_reliable_context=2.278948 sequence=189.120776
[r12-plan/96] [plan] step=123 node=N7408 type=control0 q_typed_reliable_context=1.974479 sequence=191.091255
[r12-plan/96] [plan] step=124 node=N7381 type=control0 q_typed_reliable_context=2.139104 sequence=193.230359
[r12-plan/96] [plan] step=125 node=N627 type=control0 q_typed_reliable_context=1.932322 sequence=195.162682
[r12-plan/96] [plan] step=126 node=N4532 type=control0 q_typed_reliable_context=1.829430 sequence=196.992111
[r12-plan/96] [plan] step=127 node=N5872 type=observe q_typed_reliable_context=1.944778 sequence=198.932889
[r12-plan/96] [plan] step=128 node=N7370 type=control1 q_typed_reliable_context=1.910358 sequence=200.839248
[r12-plan/96] [plan] step=129 node=N8426 type=observe q_typed_reliable_context=2.300135 sequence=203.139383
[r12-plan/96] [plan] step=130 node=N8761 type=observe q_typed_reliable_context=2.982980 sequence=206.122363
[r12-plan/96] [plan] step=131 node=N633 type=control0 q_typed_reliable_context=2.672832 sequence=208.795195
[r12-plan/96] [plan] step=132 node=N1607 type=control1 q_typed_reliable_context=2.469419 sequence=211.264613
[r12-plan/96] [plan] step=133 node=N8730 type=observe q_typed_reliable_context=2.389254 sequence=213.653867
[r12-plan/96] [plan] step=134 node=N1586 type=control1 q_typed_reliable_context=2.682415 sequence=216.336282
[r12-plan/96] [plan] step=135 node=N7387 type=control0 q_typed_reliable_context=4.465319 sequence=220.797601
[r12-plan/96] [plan] step=136 node=N7261 type=observe q_typed_reliable_context=3.225544 sequence=224.023145
[r12-plan/96] [plan] step=137 node=N8728 type=observe q_typed_reliable_context=2.773820 sequence=226.796965
[r12-plan/96] [plan] step=138 node=N8726 type=observe q_typed_reliable_context=2.749213 sequence=229.546177
[r12-plan/96] [plan] step=139 node=N8724 type=observe q_typed_reliable_context=2.478266 sequence=232.024443
[r12-plan/96] [plan] step=140 node=N8578 type=observe q_typed_reliable_context=2.406504 sequence=234.430947
[r12-plan/96] [plan] step=141 node=N8722 type=observe q_typed_reliable_context=2.182144 sequence=236.613091
[r12-plan/96] [plan] step=142 node=N5506 type=observe q_typed_reliable_context=2.213522 sequence=238.826614
[r12-plan/96] [plan] step=143 node=N7473 type=control0 q_typed_reliable_context=1.930423 sequence=240.752036
[r12-plan/96] [plan] step=144 node=N8545 type=observe q_typed_reliable_context=2.434292 sequence=243.186329
[r12-plan/96] [plan] step=145 node=N8307 type=observe q_typed_reliable_context=2.370582 sequence=245.556911
[r12-plan/96] [plan] step=146 node=N8720 type=observe q_typed_reliable_context=2.427148 sequence=247.984059
[r12-plan/96] [plan] step=147 node=N7263 type=observe q_typed_reliable_context=1.858519 sequence=249.842578
[r12-plan/96] [plan] step=148 node=N7262 type=observe q_typed_reliable_context=1.489478 sequence=251.332055
[r12-plan/96] [plan] step=149 node=N8543 type=observe q_typed_reliable_context=1.726605 sequence=253.058660
[r12-plan/96] [plan] step=150 node=N8541 type=observe q_typed_reliable_context=1.622341 sequence=254.681001
[r12-plan/96] [plan] step=151 node=N8718 type=observe q_typed_reliable_context=1.515135 sequence=256.196136
[r12-plan/96] [plan] step=152 node=N642 type=control1 q_typed_reliable_context=1.352164 sequence=257.548299
[r12-plan/96] [plan] step=153 node=N647 type=control1 q_typed_reliable_context=1.241599 sequence=258.789898
[r12-plan/96] [plan] step=154 node=N8716 type=observe q_typed_reliable_context=1.951146 sequence=260.741044
[r12-plan/96] [plan] step=155 node=N8714 type=observe q_typed_reliable_context=1.863214 sequence=262.604258
[r12-plan/96] [plan] step=156 node=N8712 type=observe q_typed_reliable_context=1.905476 sequence=264.509734
[r12-plan/96] [plan] step=157 node=N8539 type=observe q_typed_reliable_context=1.903758 sequence=266.413491
[r12-plan/96] [plan] step=158 node=N8537 type=observe q_typed_reliable_context=1.855827 sequence=268.269318
[r12-plan/96] [plan] step=159 node=N8710 type=observe q_typed_reliable_context=1.818908 sequence=270.088226
[r12-plan/96] [plan] step=160 node=N8535 type=observe q_typed_reliable_context=1.773563 sequence=271.861789
[r12-plan/96] [plan] step=161 node=N8533 type=observe q_typed_reliable_context=1.761867 sequence=273.623656
[r12-plan/96] [plan] step=162 node=N8708 type=observe q_typed_reliable_context=1.728806 sequence=275.352461
[r12-plan/96] [plan] step=163 node=N8531 type=observe q_typed_reliable_context=1.724120 sequence=277.076581
[r12-plan/96] [plan] step=164 node=N8706 type=observe q_typed_reliable_context=1.700495 sequence=278.777076
[r12-plan/96] [plan] step=165 node=N8529 type=observe q_typed_reliable_context=1.681044 sequence=280.458120
[r12-plan/96] [plan] step=166 node=N7726 type=control0 q_typed_reliable_context=1.862334 sequence=282.315454
[r12-plan/96] [plan] step=167 node=N5499 type=observe q_typed_reliable_context=1.348888 sequence=283.664342
[r12-plan/96] [plan] step=168 node=N8704 type=observe q_typed_reliable_context=1.730948 sequence=285.395290
[r12-plan/96] [plan] step=169 node=N8527 type=observe q_typed_reliable_context=1.852914 sequence=287.248205
[r12-plan/96] [plan] step=170 node=N6956 type=control0 q_typed_reliable_context=1.095886 sequence=288.344090
[r12-plan/96] [plan] step=171 node=N7736 type=control0 q_typed_reliable_context=2.225934 sequence=290.565024
[r12-plan/96] [plan] step=172 node=N1543 type=control0 q_typed_reliable_context=1.487400 sequence=292.052424
[r12-plan/96] [plan] step=173 node=N8702 type=observe q_typed_reliable_context=1.704063 sequence=293.756486
[r12-plan/96] [plan] step=174 node=N8525 type=observe q_typed_reliable_context=1.914651 sequence=295.671137
[r12-plan/96] [plan] step=175 node=N8700 type=observe q_typed_reliable_context=1.836735 sequence=297.507872
[r12-plan/96] [plan] step=176 node=N8523 type=observe q_typed_reliable_context=1.896652 sequence=299.404525
[r12-plan/96] [plan] step=177 node=N7727 type=control0 q_typed_reliable_context=1.722993 sequence=301.122518
[r12-plan/96] [plan] step=178 node=N7729 type=control0 q_typed_reliable_context=1.585780 sequence=302.703298
[r12-plan/96] [plan] step=179 node=N8698 type=observe q_typed_reliable_context=1.553267 sequence=304.256565
[r12-plan/96] [plan] step=180 node=N7728 type=control0 q_typed_reliable_context=1.577208 sequence=305.828773
[r12-plan/96] [plan] step=181 node=N8121 type=observe q_typed_reliable_context=1.115606 sequence=306.944379
[r12-plan/96] [plan] step=182 node=N7731 type=control0 q_typed_reliable_context=1.544436 sequence=308.483815
[r12-plan/96] [plan] step=183 node=N8521 type=observe q_typed_reliable_context=1.350015 sequence=309.833830
[r12-plan/96] [plan] step=184 node=N8696 type=observe q_typed_reliable_context=1.428312 sequence=311.262142
[r12-plan/96] [plan] step=185 node=N8519 type=observe q_typed_reliable_context=1.523612 sequence=312.785754
[r12-plan/96] [plan] step=186 node=N8694 type=observe q_typed_reliable_context=1.632221 sequence=314.417975
[r12-plan/96] [plan] step=187 node=N8517 type=observe q_typed_reliable_context=1.734524 sequence=316.152499
[r12-plan/96] [plan] step=188 node=N8692 type=observe q_typed_reliable_context=1.779206 sequence=317.931706
[r12-plan/96] [plan] step=189 node=N8515 type=observe q_typed_reliable_context=1.804877 sequence=319.736583
[r12-plan/96] [plan] step=190 node=N7730 type=control0 q_typed_reliable_context=1.547868 sequence=321.279451
[r12-plan/96] [plan] step=191 node=N7732 type=control0 q_typed_reliable_context=1.549887 sequence=322.824338
[r12-plan/96] [plan] step=192 node=N3467 type=control1 q_typed_reliable_context=1.116463 sequence=323.940801
[r12-plan/96] [plan] step=193 node=N8513 type=observe q_typed_reliable_context=1.755532 sequence=325.696334
[r12-plan/96] [plan] step=194 node=N3352 type=control1 q_typed_reliable_context=1.210217 sequence=326.906551
[r12-plan/96] [plan] step=195 node=N8687 type=observe q_typed_reliable_context=1.663578 sequence=328.570129
[r12-plan/96] [plan] step=196 node=N3237 type=control1 q_typed_reliable_context=1.248043 sequence=329.818172
[r12-plan/96] [plan] step=197 node=N3124 type=control1 q_typed_reliable_context=1.289032 sequence=331.107204
[r12-plan/96] [plan] step=198 node=N3009 type=control1 q_typed_reliable_context=1.253806 sequence=332.361010
[r12-plan/96] [plan] step=199 node=N3410 type=control1 q_typed_reliable_context=1.230777 sequence=333.591787
[r12-plan/96] [plan] step=200 node=N3180 type=control1 q_typed_reliable_context=1.200325 sequence=334.792112
[r12-plan/96] [plan] step=201 node=N8511 type=observe q_typed_reliable_context=1.422042 sequence=336.214154
[r12-plan/96] [plan] step=202 node=N2952 type=control1 q_typed_reliable_context=1.196315 sequence=337.410469
[r12-plan/96] [plan] step=203 node=N8509 type=observe q_typed_reliable_context=1.783807 sequence=339.194276
[r12-plan/96] [plan] step=204 node=N2894 type=control1 q_typed_reliable_context=1.504041 sequence=340.698318
[r12-plan/96] [plan] step=205 node=N8684 type=observe q_typed_reliable_context=2.010954 sequence=342.709272
[r12-plan/96] [plan] step=206 node=N8507 type=observe q_typed_reliable_context=2.501050 sequence=345.210322
[r12-plan/96] [plan] step=207 node=N2779 type=control1 q_typed_reliable_context=2.015915 sequence=347.226237
[r12-plan/96] [plan] step=208 node=N8502 type=observe q_typed_reliable_context=2.756828 sequence=349.983064
[r12-plan/96] [plan] step=209 node=N7855 type=control0 q_typed_reliable_context=2.327858 sequence=352.310922
[r12-plan/96] [plan] step=210 node=N4992 type=control0 q_typed_reliable_context=1.333322 sequence=353.644245
[r12-plan/96] [plan] step=211 node=N7445 type=control0 q_typed_reliable_context=2.728527 sequence=356.372772
[r12-plan/96] [plan] step=212 node=N2003 type=control0 q_typed_reliable_context=1.613176 sequence=357.981947
[r12-plan/96] [plan] step=213 node=N7433 type=control0 q_typed_reliable_context=3.016101 sequence=360.998049
[r12-plan/96] [plan] step=214 node=N8678 type=observe q_typed_reliable_context=2.207264 sequence=363.205312
[r12-plan/96] [plan] step=215 node=N7438 type=control0 q_typed_reliable_context=3.132245 sequence=366.333557
[r12-plan/96] [plan] step=216 node=N7725 type=control0 q_typed_reliable_context=1.684201 sequence=368.017758
[r12-plan/96] [plan] step=217 node=N7437 type=control0 q_typed_reliable_context=3.987555 sequence=372.005313
[r12-plan/96] [plan] step=218 node=N7442 type=control0 q_typed_reliable_context=3.504025 sequence=375.505338
[r12-plan/96] [plan] step=219 node=N7446 type=control0 q_typed_reliable_context=4.439337 sequence=379.944675
[r12-plan/96] [plan] step=220 node=N2721 type=control1 q_typed_reliable_context=3.801936 sequence=383.746611
[r12-plan/96] [plan] step=221 node=N7878 type=control1 q_typed_reliable_context=1.381790 sequence=385.123401
[r12-plan/96] [plan] step=222 node=N2652 type=control1 q_typed_reliable_context=5.840514 sequence=390.963916
[r12-plan/96] [plan] step=223 node=N3525 type=control1 q_typed_reliable_context=5.036554 sequence=396.000470
[r12-plan/96] [plan] step=224 node=N752 type=control1 q_typed_reliable_context=1.800436 sequence=397.800906
[r12-plan/96] [plan] step=225 node=N3295 type=control1 q_typed_reliable_context=3.329508 sequence=401.130415
[r12-plan/96] [plan] step=226 node=N7876 type=control1 q_typed_reliable_context=2.630619 sequence=403.757033
[r12-plan/96] [plan] step=227 node=N754 type=control1 q_typed_reliable_context=1.829787 sequence=405.586821
[r12-plan/96] [plan] step=228 node=N7854 type=control0 q_typed_reliable_context=2.280846 sequence=407.862667
[r12-plan/96] [plan] step=229 node=N755 type=control1 q_typed_reliable_context=5.655289 sequence=413.517955
[r12-plan/96] [plan] step=230 node=N3067 type=control1 q_typed_reliable_context=2.109659 sequence=415.627614
[r12-plan/96] [plan] step=231 node=N7441 type=control0 q_typed_reliable_context=1.325959 sequence=416.953573
[r12-plan/96] [plan] step=232 node=N652 type=control1 q_typed_reliable_context=3.023554 sequence=419.977127
[r12-plan/96] [plan] step=233 node=N650 type=control0 q_typed_reliable_context=6.288883 sequence=426.266010
[r12-plan/96] [plan] step=234 node=N2837 type=control1 q_typed_reliable_context=4.438081 sequence=430.704092
[r12-plan/96] [plan] step=235 node=N7847 type=control0 q_typed_reliable_context=6.219777 sequence=436.919869
[r12-plan/96] [plan] step=236 node=N639 type=control0 q_typed_reliable_context=2.097543 sequence=439.017412
[r12-plan/96] [plan] step=237 node=N8054 type=control0 q_typed_reliable_context=2.987785 sequence=442.005197
[r12-plan/96] [plan] step=238 node=N8052 type=control0 q_typed_reliable_context=2.667576 sequence=444.672773
[r12-plan/96] [plan] step=239 node=N8050 type=control0 q_typed_reliable_context=2.439748 sequence=447.112521
[r12-plan/96] [plan] step=240 node=N8046 type=control0 q_typed_reliable_context=2.172617 sequence=449.281137
[r12-plan/96] [plan] step=241 node=N646 type=control0 q_typed_reliable_context=1.939989 sequence=451.221126
[r12-plan/96] [plan] step=242 node=N644 type=control0 q_typed_reliable_context=2.123636 sequence=453.344762
[r12-plan/96] [plan] step=243 node=N637 type=control0 q_typed_reliable_context=2.151638 sequence=455.496400
[r12-plan/96] [plan] step=244 node=N631 type=control0 q_typed_reliable_context=2.285600 sequence=457.782000
[r12-plan/96] [plan] step=245 node=N635 type=control0 q_typed_reliable_context=2.145739 sequence=459.927739
[r12-plan/96] [plan] step=246 node=N625 type=control0 q_typed_reliable_context=2.192520 sequence=462.120259
[r12-plan/96] [plan] step=247 node=N629 type=control0 q_typed_reliable_context=1.802270 sequence=463.922529
[r12-plan/96] [plan] step=248 node=N622 type=control0 q_typed_reliable_context=1.461672 sequence=465.384200
[r12-plan/96] [plan] step=249 node=N8044 type=control0 q_typed_reliable_context=1.419583 sequence=466.803783
[r12-plan/96] [plan] step=250 node=N8040 type=control0 q_typed_reliable_context=1.778942 sequence=468.582725
[r12-plan/96] [plan] step=251 node=N8038 type=control0 q_typed_reliable_context=2.452136 sequence=471.034861
[r12-plan/96] [plan] step=252 node=N8042 type=control0 q_typed_reliable_context=3.405642 sequence=474.436503
[r12-plan/96] [plan] step=253 node=N8036 type=control0 q_typed_reliable_context=1.780577 sequence=476.213079
[r12-plan/96] [plan] step=254 node=N8021 type=control0 q_typed_reliable_context=1.387184 sequence=477.596263
[r12-plan/96] [plan] step=255 node=N8017 type=control0 q_typed_reliable_context=0.802166 sequence=478.394428
[r12-plan/96] [plan] step=256 node=N8015 type=control0 q_typed_reliable_context=0.879878 sequence=479.270306
[r12-plan/96] [plan] step=257 node=N8013 type=control0 q_typed_reliable_context=1.071884 sequence=480.338190
[r12-plan/96] [plan] step=258 node=N8027 type=control0 q_typed_reliable_context=1.138585 sequence=481.472775
[r12-plan/96] [plan] step=259 node=N8003 type=control0 q_typed_reliable_context=1.308960 sequence=482.781735
[r12-plan/96] [plan] step=260 node=N8011 type=control0 q_typed_reliable_context=1.224254 sequence=484.001989
[r12-plan/96] [plan] step=261 node=N8023 type=control0 q_typed_reliable_context=0.999760 sequence=484.997749
[r12-plan/96] [plan] step=262 node=N6013 type=observe q_typed_reliable_context=0.997563 sequence=485.995312
[r12-plan/96] [plan] step=263 node=N8009 type=control0 q_typed_reliable_context=5.853266 sequence=491.844578
[r12-plan/96] [plan] step=264 node=N753 type=control1 q_typed_reliable_context=3.700099 sequence=495.544678
[r12-plan/96] [plan] step=265 node=N3743 type=control0 q_typed_reliable_context=6.946357 sequence=502.487035
[r12-plan/96] [plan] step=266 node=N7852 type=control0 q_typed_reliable_context=3.372761 sequence=505.855796
[r12-plan/96] [plan] step=267 node=N3806 type=control0 q_typed_reliable_context=6.133824 sequence=511.985620
[r12-plan/96] [plan] step=268 node=N3757 type=control0 q_typed_reliable_context=0.971169 sequence=512.952789
[r12-plan/96] [plan] step=269 node=N6015 type=observe q_typed_reliable_context=0.151522 sequence=513.104311
[r12-plan/96] [plan] step=270 node=N617 type=control0 q_typed_reliable_context=2.152394 sequence=515.256705
[r12-plan/96] [plan] step=271 node=N648 type=control0 q_typed_reliable_context=2.065745 sequence=517.322450
[r12-plan/96] [plan] step=272 node=N756 type=control1 q_typed_reliable_context=1.809096 sequence=519.131545
[r12-plan/96] [plan] step=273 node=N763 type=control1 q_typed_reliable_context=0.979648 sequence=520.111193
[r12-plan/96] [plan] step=274 node=N764 type=control1 q_typed_reliable_context=0.677313 sequence=520.788506
[r12-plan/96] [plan] step=275 node=N765 type=control1 q_typed_reliable_context=0.585327 sequence=521.373833
[r12-plan/96] [plan] step=276 node=N7217 type=observe q_typed_reliable_context=0.515715 sequence=521.889548
[r12-plan/96] [plan] step=277 node=N615 type=control0 q_typed_reliable_context=1.725053 sequence=523.614601
[r12-plan/96] [plan] step=278 node=N760 type=control1 q_typed_reliable_context=2.424541 sequence=526.039142
[r12-plan/96] saved=autoresearch/loop-260720-0945/model_training_round12/plans/step_096.csv
