[plan] torch_deterministic=true
[plan] candidate_allowlist=autoresearch/original-netlist-recovery-260712/exact_itc99/b15_C/exact_candidate_nodes.txt nodes=7918
[plan] latent_norm_clip_ratio=4 latent_norm_limit=30.875631
[plan] step=1 node=N677 type=control1 q_pred_context=4.858065 sequence=4.858065
[plan] step=2 node=N2155 type=observe q_pred_context=3.253097 sequence=8.111161
[plan] step=3 node=N502 type=control1 q_pred_context=2.192107 sequence=10.303268
[plan] step=4 node=N762 type=control1 q_pred_context=1.446094 sequence=11.749362
[plan] step=5 node=N4520 type=control0 q_pred_context=1.337016 sequence=13.086378
[plan] step=6 node=N3644 type=control0 q_pred_context=1.301060 sequence=14.387438
[plan] step=7 node=N3756 type=control0 q_pred_context=1.029454 sequence=15.416892
[plan] step=8 node=N557 type=control1 q_pred_context=1.154307 sequence=16.571199
[plan] step=9 node=N3742 type=control0 q_pred_context=1.120175 sequence=17.691374
[plan] step=10 node=N508 type=control1 q_pred_context=1.529615 sequence=19.220989
[plan] step=11 node=N5866 type=observe q_pred_context=3.338912 sequence=22.559901
[plan] step=12 node=N580 type=control1 q_pred_context=2.190809 sequence=24.750710
[plan] step=13 node=N2314 type=control1 q_pred_context=2.048464 sequence=26.799175
[plan] step=14 node=N564 type=control1 q_pred_context=0.951818 sequence=27.750993
[plan] step=15 node=N2082 type=observe q_pred_context=1.552361 sequence=29.303354
[plan] step=16 node=N496 type=control1 q_pred_context=1.960626 sequence=31.263980
[plan] step=17 node=N5203 type=control1 q_pred_context=2.394214 sequence=33.658194
[plan] step=18 node=N1564 type=control1 q_pred_context=2.352805 sequence=36.010999
[plan] step=19 node=N889 type=observe q_pred_context=2.659287 sequence=38.670285
[plan] step=20 node=N1853 type=observe q_pred_context=3.399182 sequence=42.069467
[plan] step=21 node=N4649 type=control0 q_pred_context=3.421903 sequence=45.491370
[plan] step=22 node=N2101 type=observe q_pred_context=2.806130 sequence=48.297500
[plan] step=23 node=N4635 type=control0 q_pred_context=3.030903 sequence=51.328404
[plan] step=24 node=N1860 type=observe q_pred_context=2.413082 sequence=53.741486
[plan] step=25 node=N1372 type=observe q_pred_context=2.182522 sequence=55.924008
[plan] step=26 node=N1532 type=observe q_pred_context=2.368244 sequence=58.292252
[plan] step=27 node=N582 type=control1 q_pred_context=1.186739 sequence=59.478991
[plan] step=28 node=N4663 type=control0 q_pred_context=2.929994 sequence=62.408985
[plan] step=29 node=N7511 type=control1 q_pred_context=2.399894 sequence=64.808880
[plan] step=30 node=N5723 type=control0 q_pred_context=2.254971 sequence=67.063850
[plan] step=31 node=N576 type=observe q_pred_context=2.685770 sequence=69.749620
[plan] step=32 node=N4656 type=control0 q_pred_context=2.953803 sequence=72.703423
[plan] step=33 node=N766 type=control1 q_pred_context=0.918175 sequence=73.621598
[plan] step=34 node=N488 type=control1 q_pred_context=1.306607 sequence=74.928205
[plan] step=35 node=N713 type=observe q_pred_context=3.238137 sequence=78.166341
[plan] step=36 node=N4670 type=control0 q_pred_context=3.426739 sequence=81.593081
[plan] step=37 node=N6537 type=observe q_pred_context=3.050435 sequence=84.643516
[plan] step=38 node=N724 type=observe q_pred_context=1.988407 sequence=86.631922
[plan] step=39 node=N4677 type=control0 q_pred_context=3.194791 sequence=89.826713
[plan] step=40 node=N8470 type=observe q_pred_context=1.716229 sequence=91.542942
[plan] step=41 node=N3911 type=control0 q_pred_context=0.859086 sequence=92.402028
[plan] step=42 node=N4684 type=control0 q_pred_context=2.112420 sequence=94.514448
[plan] step=43 node=N3904 type=control0 q_pred_context=1.052691 sequence=95.567139
[plan] step=44 node=N4691 type=control0 q_pred_context=2.184942 sequence=97.752081
[plan] step=45 node=N2044 type=observe q_pred_context=1.225688 sequence=98.977769
[plan] step=46 node=N4698 type=control0 q_pred_context=2.535666 sequence=101.513435
[plan] step=47 node=N2042 type=observe q_pred_context=1.423290 sequence=102.936725
[plan] step=48 node=N5234 type=observe q_pred_context=1.234835 sequence=104.171560
[plan] step=49 node=N7535 type=observe q_pred_context=1.221581 sequence=105.393141
[plan] step=50 node=N4705 type=control0 q_pred_context=2.171548 sequence=107.564689
[plan] step=51 node=N899 type=observe q_pred_context=1.465116 sequence=109.029805
[plan] step=52 node=N4712 type=control0 q_pred_context=2.237254 sequence=111.267059
[plan] step=53 node=N7506 type=observe q_pred_context=1.848098 sequence=113.115156
[plan] step=54 node=N7532 type=observe q_pred_context=1.567726 sequence=114.682883
[plan] step=55 node=N7537 type=observe q_pred_context=1.466435 sequence=116.149317
[plan] step=56 node=N7534 type=observe q_pred_context=1.078437 sequence=117.227754
[plan] step=57 node=N4716 type=control0 q_pred_context=1.486505 sequence=118.714259
[plan] step=58 node=N2040 type=observe q_pred_context=1.831696 sequence=120.545955
[plan] step=59 node=N7411 type=control1 q_pred_context=2.277962 sequence=122.823917
[plan] step=60 node=N2083 type=observe q_pred_context=2.274534 sequence=125.098451
[plan] step=61 node=N519 type=control1 q_pred_context=6.309742 sequence=131.408192
[plan] step=62 node=N7413 type=control1 q_pred_context=3.064123 sequence=134.472315
[plan] step=63 node=N7471 type=control0 q_pred_context=2.588375 sequence=137.060690
[plan] step=64 node=N7370 type=control1 q_pred_context=2.715769 sequence=139.776459
[plan] step=65 node=N3897 type=control0 q_pred_context=2.405979 sequence=142.182438
[plan] step=66 node=N513 type=control1 q_pred_context=6.266934 sequence=148.449371
[plan] step=67 node=N3862 type=control0 q_pred_context=2.342015 sequence=150.791386
[plan] step=68 node=N3855 type=control0 q_pred_context=2.461332 sequence=153.252719
[plan] step=69 node=N504 type=control1 q_pred_context=5.144432 sequence=158.397151
[plan] step=70 node=N3848 type=control0 q_pred_context=1.664297 sequence=160.061448
[plan] step=71 node=N3889 type=control0 q_pred_context=2.225582 sequence=162.287030
[plan] step=72 node=N7876 type=control1 q_pred_context=2.724252 sequence=165.011282
[plan] step=73 node=N7878 type=control1 q_pred_context=2.481888 sequence=167.493170
[plan] step=74 node=N7518 type=observe q_pred_context=2.161748 sequence=169.654918
[plan] step=75 node=N7875 type=control1 q_pred_context=6.275227 sequence=175.930145
[plan] step=76 node=N2580 type=control1 q_pred_context=2.286923 sequence=178.217069
[plan] step=77 node=N520 type=control1 q_pred_context=4.155216 sequence=182.372285
[plan] step=78 node=N516 type=control1 q_pred_context=3.762915 sequence=186.135200
[plan] step=79 node=N7722 type=control0 q_pred_context=1.410103 sequence=187.545303
[plan] step=80 node=N3701 type=control0 q_pred_context=1.291500 sequence=188.836803
[plan] step=81 node=N1533 type=control1 q_pred_context=1.897109 sequence=190.733912
[plan] step=82 node=N4564 type=control0 q_pred_context=1.480095 sequence=192.214007
[plan] step=83 node=N4557 type=control0 q_pred_context=1.617948 sequence=193.831955
[plan] step=84 node=N704 type=observe q_pred_context=3.549795 sequence=197.381750
[plan] step=85 node=N3681 type=control0 q_pred_context=3.087662 sequence=200.469412
[plan] step=86 node=N4606 type=control0 q_pred_context=1.178665 sequence=201.648077
[plan] step=87 node=N7725 type=control0 q_pred_context=1.708313 sequence=203.356390
[plan] step=88 node=N555 type=control1 q_pred_context=4.328719 sequence=207.685109
[plan] step=89 node=N556 type=control1 q_pred_context=3.538018 sequence=211.223127
[plan] step=90 node=N4578 type=control0 q_pred_context=1.341976 sequence=212.565103
[plan] step=91 node=N4585 type=control0 q_pred_context=1.471104 sequence=214.036206
[plan] step=92 node=N3841 type=control0 q_pred_context=2.229057 sequence=216.265263
[plan] step=93 node=N2102 type=observe q_pred_context=2.667319 sequence=218.932582
[plan] step=94 node=N3903 type=control0 q_pred_context=1.758890 sequence=220.691471
[plan] step=95 node=N3896 type=control0 q_pred_context=2.155177 sequence=222.846649
[plan] step=96 node=N3882 type=control0 q_pred_context=2.313857 sequence=225.160505
[plan] step=97 node=N3805 type=control0 q_pred_context=2.232804 sequence=227.393310
[plan] step=98 node=N7516 type=observe q_pred_context=3.945424 sequence=231.338734
[plan] step=99 node=N3124 type=control1 q_pred_context=2.534668 sequence=233.873402
[plan] step=100 node=N614 type=control1 q_pred_context=3.589062 sequence=237.462464
[plan] step=101 node=N785 type=observe q_pred_context=2.843230 sequence=240.305694
[plan] step=102 node=N634 type=control1 q_pred_context=3.270720 sequence=243.576414
[plan] step=103 node=N3722 type=control0 q_pred_context=1.954738 sequence=245.531152
[plan] step=104 node=N7624 type=observe q_pred_context=2.460613 sequence=247.991765
[plan] step=105 node=N3180 type=control1 q_pred_context=2.672266 sequence=250.664030
[plan] step=106 node=N3827 type=control0 q_pred_context=2.081828 sequence=252.745859
[plan] step=107 node=N3820 type=control0 q_pred_context=3.314150 sequence=256.060009
[plan] step=108 node=N3813 type=control0 q_pred_context=3.205819 sequence=259.265828
[plan] step=109 node=N7408 type=control0 q_pred_context=3.946043 sequence=263.211872
[plan] step=110 node=N3799 type=control0 q_pred_context=2.698357 sequence=265.910229
[plan] step=111 node=N7541 type=control0 q_pred_context=4.071471 sequence=269.981700
[plan] step=112 node=N3792 type=control0 q_pred_context=3.398865 sequence=273.380565
[plan] step=113 node=N3785 type=control0 q_pred_context=5.894675 sequence=279.275240
[plan] step=114 node=N6948 type=observe q_pred_context=3.282206 sequence=282.557446
[plan] step=115 node=N7465 type=observe q_pred_context=2.337444 sequence=284.894891
[plan] step=116 node=N5046 type=observe q_pred_context=3.948897 sequence=288.843787
[plan] step=117 node=N3352 type=control1 q_pred_context=4.614162 sequence=293.457949
[plan] step=118 node=N5627 type=observe q_pred_context=5.688937 sequence=299.146886
[plan] step=119 node=N5603 type=observe q_pred_context=1.494175 sequence=300.641062
[plan] step=120 node=N7401 type=observe q_pred_context=4.361763 sequence=305.002824
[plan] step=121 node=N610 type=control1 q_pred_context=3.965040 sequence=308.967864
[plan] step=122 node=N7891 type=control1 q_pred_context=2.682768 sequence=311.650632
[plan] step=123 node=N620 type=control1 q_pred_context=3.449196 sequence=315.099828
[plan] step=124 node=N6538 type=observe q_pred_context=1.802991 sequence=316.902819
[plan] step=125 node=N638 type=control1 q_pred_context=5.125570 sequence=322.028389
[plan] step=126 node=N5878 type=observe q_pred_context=4.603998 sequence=326.632387
[plan] step=127 node=N5740 type=observe q_pred_context=3.017940 sequence=329.650326
[plan] step=128 node=N7679 type=observe q_pred_context=4.317462 sequence=333.967789
[plan] step=129 node=N694 type=observe q_pred_context=2.976571 sequence=336.944359
[plan] step=130 node=N3410 type=control1 q_pred_context=1.911812 sequence=338.856171
[plan] step=131 node=N7424 type=control1 q_pred_context=5.844451 sequence=344.700622
[plan] step=132 node=N3237 type=control1 q_pred_context=4.163197 sequence=348.863819
[plan] step=133 node=N7877 type=control1 q_pred_context=5.381337 sequence=354.245157
[plan] step=134 node=N5873 type=observe q_pred_context=2.240234 sequence=356.485391
[plan] step=135 node=N7879 type=control1 q_pred_context=3.095929 sequence=359.581320
[plan] step=136 node=N5617 type=observe q_pred_context=1.226260 sequence=360.807580
[plan] step=137 node=N578 type=observe q_pred_context=0.955363 sequence=361.762943
[plan] step=138 node=N7453 type=observe q_pred_context=1.338079 sequence=363.101022
[plan] step=139 node=N7500 type=observe q_pred_context=1.509765 sequence=364.610787
[plan] step=140 node=N645 type=control1 q_pred_context=2.525301 sequence=367.136089
[plan] step=141 node=N6531 type=observe q_pred_context=1.447897 sequence=368.583986
[plan] step=142 node=N2106 type=observe q_pred_context=0.942532 sequence=369.526518
[plan] step=143 node=N7856 type=control1 q_pred_context=2.210643 sequence=371.737160
[plan] step=144 node=N5876 type=observe q_pred_context=1.496859 sequence=373.234019
[plan] step=145 node=N7436 type=observe q_pred_context=5.635026 sequence=378.869045
[plan] step=146 node=N7847 type=control0 q_pred_context=0.816124 sequence=379.685168
[plan] step=147 node=N2157 type=observe q_pred_context=2.513116 sequence=382.198284
[plan] step=148 node=N7627 type=observe q_pred_context=5.340507 sequence=387.538791
[plan] step=149 node=N2072 type=observe q_pred_context=1.857132 sequence=389.395924
[plan] step=150 node=N723 type=observe q_pred_context=1.071764 sequence=390.467688
[plan] step=151 node=N6674 type=observe q_pred_context=1.515935 sequence=391.983623
[plan] step=152 node=N2149 type=observe q_pred_context=1.821837 sequence=393.805460
[plan] step=153 node=N7402 type=observe q_pred_context=6.164884 sequence=399.970344
[plan] step=154 node=N5356 type=observe q_pred_context=1.030171 sequence=401.000514
[plan] step=155 node=N7681 type=observe q_pred_context=2.515272 sequence=403.515786
[plan] step=156 node=N712 type=observe q_pred_context=5.931689 sequence=409.447475
[plan] step=157 node=N1411 type=control0 q_pred_context=0.903499 sequence=410.350974
[plan] step=158 node=N636 type=control1 q_pred_context=1.912124 sequence=412.263099
[plan] step=159 node=N616 type=control1 q_pred_context=2.206479 sequence=414.469578
[plan] step=160 node=N7734 type=control0 q_pred_context=0.830693 sequence=415.300271
[plan] step=161 node=N7733 type=control0 q_pred_context=0.786933 sequence=416.087204
[plan] step=162 node=N630 type=control1 q_pred_context=1.507935 sequence=417.595138
[plan] step=163 node=N7732 type=control0 q_pred_context=0.798777 sequence=418.393916
[plan] step=164 node=N642 type=control1 q_pred_context=1.114379 sequence=419.508295
[plan] step=165 node=N649 type=control1 q_pred_context=1.397258 sequence=420.905553
[plan] step=166 node=N3525 type=control1 q_pred_context=1.016991 sequence=421.922544
[plan] step=167 node=N3467 type=control1 q_pred_context=1.179906 sequence=423.102450
[plan] step=168 node=N3295 type=control1 q_pred_context=1.260418 sequence=424.362868
[plan] step=169 node=N1607 type=control1 q_pred_context=1.484803 sequence=425.847671
[plan] step=170 node=N647 type=control1 q_pred_context=1.767756 sequence=427.615427
[plan] step=171 node=N1586 type=control1 q_pred_context=6.108681 sequence=433.724108
[plan] step=172 node=N7820 type=control0 q_pred_context=1.234994 sequence=434.959102
[plan] step=173 node=N7890 type=control1 q_pred_context=1.053597 sequence=436.012699
[plan] step=174 node=N7731 type=control0 q_pred_context=1.110843 sequence=437.123542
[plan] step=175 node=N7730 type=control0 q_pred_context=0.936956 sequence=438.060498
[plan] step=176 node=N7729 type=control0 q_pred_context=1.092798 sequence=439.153296
[plan] step=177 node=N7728 type=control0 q_pred_context=1.311290 sequence=440.464586
[plan] step=178 node=N7882 type=control1 q_pred_context=1.150243 sequence=441.614828
[plan] step=179 node=N7726 type=control0 q_pred_context=1.367888 sequence=442.982716
[plan] step=180 node=N4521 type=observe q_pred_context=1.566533 sequence=444.549249
[plan] step=181 node=N7721 type=control0 q_pred_context=3.388422 sequence=447.937672
[plan] step=182 node=N722 type=observe q_pred_context=1.445943 sequence=449.383615
[plan] step=183 node=N715 type=observe q_pred_context=3.039402 sequence=452.423017
[plan] step=184 node=N7855 type=control0 q_pred_context=4.392914 sequence=456.815931
[plan] step=185 node=N7542 type=control0 q_pred_context=1.362887 sequence=458.178818
[plan] step=186 node=N7385 type=observe q_pred_context=1.309350 sequence=459.488168
[plan] step=187 node=N725 type=observe q_pred_context=3.791254 sequence=463.279422
[plan] step=188 node=N703 type=observe q_pred_context=5.360646 sequence=468.640068
[plan] step=189 node=N3067 type=control1 q_pred_context=3.871733 sequence=472.511801
[plan] step=190 node=N8790 type=control1 q_pred_context=2.530352 sequence=475.042153
[plan] step=191 node=N5874 type=observe q_pred_context=2.006434 sequence=477.048587
[plan] step=192 node=N8240 type=control1 q_pred_context=2.199490 sequence=479.248077
[plan] step=193 node=N3009 type=control1 q_pred_context=1.628734 sequence=480.876810
[plan] step=194 node=N8789 type=control1 q_pred_context=1.932576 sequence=482.809387
[plan] step=195 node=N8239 type=control1 q_pred_context=2.141674 sequence=484.951061
[plan] step=196 node=N8607 type=control1 q_pred_context=2.187695 sequence=487.138756
[plan] step=197 node=N2952 type=control1 q_pred_context=1.820004 sequence=488.958760
[plan] step=198 node=N2894 type=control1 q_pred_context=1.784716 sequence=490.743475
[plan] step=199 node=N2837 type=control1 q_pred_context=1.701302 sequence=492.444777
[plan] step=200 node=N2779 type=control1 q_pred_context=1.841056 sequence=494.285833
[plan] step=201 node=N8238 type=control1 q_pred_context=1.915167 sequence=496.201000
[plan] step=202 node=N8606 type=control1 q_pred_context=1.889394 sequence=498.090394
[plan] step=203 node=N8237 type=control1 q_pred_context=1.978755 sequence=500.069149
[plan] step=204 node=N902 type=control1 q_pred_context=2.863981 sequence=502.933130
[plan] step=205 node=N8605 type=control1 q_pred_context=2.177271 sequence=505.110401
[plan] step=206 node=N7472 type=control0 q_pred_context=2.739038 sequence=507.849439
[plan] step=207 node=N2721 type=control1 q_pred_context=1.852017 sequence=509.701456
[plan] step=208 node=N2652 type=control1 q_pred_context=2.230153 sequence=511.931609
[plan] step=209 node=N652 type=control1 q_pred_context=3.191084 sequence=515.122693
[plan] step=210 node=N8236 type=control1 q_pred_context=1.285465 sequence=516.408157
[plan] step=211 node=N515 type=control1 q_pred_context=2.247295 sequence=518.655452
[plan] step=212 node=N6736 type=control1 q_pred_context=1.261316 sequence=519.916768
[plan] step=213 node=N5726 type=control1 q_pred_context=2.526426 sequence=522.443194
[plan] step=214 node=N6730 type=control1 q_pred_context=1.315863 sequence=523.759057
[plan] step=215 node=N8235 type=control1 q_pred_context=2.439158 sequence=526.198215
[plan] step=216 node=N6734 type=control1 q_pred_context=1.315798 sequence=527.514014
[plan] step=217 node=N8234 type=control1 q_pred_context=2.463880 sequence=529.977894
[plan] step=218 node=N6593 type=control1 q_pred_context=1.880390 sequence=531.858283
[plan] step=219 node=N8783 type=control1 q_pred_context=1.886546 sequence=533.744829
[plan] step=220 node=N8233 type=control1 q_pred_context=3.158564 sequence=536.903392
[plan] step=221 node=N6743 type=control1 q_pred_context=5.096227 sequence=541.999620
[plan] step=222 node=N8608 type=control1 q_pred_context=2.671462 sequence=544.671081
[plan] step=223 node=N6741 type=control1 q_pred_context=4.159825 sequence=548.830906
[plan] step=224 node=N2358 type=control1 q_pred_context=3.166918 sequence=551.997824
[plan] step=225 node=N7614 type=observe q_pred_context=1.662868 sequence=553.660692
[plan] step=226 node=N7442 type=control0 q_pred_context=2.163368 sequence=555.824061
[plan] step=227 node=N4460 type=control0 q_pred_context=3.354471 sequence=559.178531
[plan] step=228 node=N4421 type=control0 q_pred_context=2.545643 sequence=561.724174
[plan] step=229 node=N4359 type=control0 q_pred_context=3.131248 sequence=564.855422
[plan] step=230 node=N4367 type=control0 q_pred_context=2.046759 sequence=566.902182
[plan] step=231 node=N7473 type=control0 q_pred_context=2.426648 sequence=569.328830
[plan] step=232 node=N2276 type=control1 q_pred_context=2.689385 sequence=572.018215
[plan] step=233 node=N5473 type=observe q_pred_context=2.180916 sequence=574.199131
[plan] step=234 node=N6581 type=observe q_pred_context=1.962645 sequence=576.161776
[plan] step=235 node=N4529 type=observe q_pred_context=2.775960 sequence=578.937736
[plan] step=236 node=N6573 type=observe q_pred_context=2.783739 sequence=581.721475
[plan] step=237 node=N679 type=observe q_pred_context=2.798586 sequence=584.520061
[plan] step=238 node=N705 type=observe q_pred_context=2.951476 sequence=587.471538
[plan] step=239 node=N4532 type=control0 q_pred_context=1.491535 sequence=588.963072
[plan] step=240 node=N5456 type=observe q_pred_context=1.709986 sequence=590.673058
[plan] step=241 node=N5422 type=observe q_pred_context=1.814336 sequence=592.487395
[plan] step=242 node=N714 type=observe q_pred_context=2.237719 sequence=594.725113
[plan] step=243 node=N4442 type=control0 q_pred_context=1.236372 sequence=595.961485
[plan] step=244 node=N4469 type=control0 q_pred_context=1.445618 sequence=597.407103
[plan] step=245 node=N7720 type=control0 q_pred_context=1.468185 sequence=598.875288
[plan] step=246 node=N4436 type=control0 q_pred_context=1.330350 sequence=600.205639
[plan] step=247 node=N7432 type=observe q_pred_context=1.728848 sequence=601.934487
[plan] step=248 node=N6660 type=observe q_pred_context=3.269280 sequence=605.203767
[plan] step=249 node=N4497 type=observe q_pred_context=2.323894 sequence=607.527661
[plan] step=250 node=N7550 type=observe q_pred_context=2.282285 sequence=609.809946
[plan] step=251 node=N706 type=observe q_pred_context=2.169975 sequence=611.979921
[plan] step=252 node=N7439 type=observe q_pred_context=1.021018 sequence=613.000939
[plan] step=253 node=N719 type=observe q_pred_context=3.278363 sequence=616.279302
[plan] step=254 node=N5390 type=observe q_pred_context=1.372160 sequence=617.651462
[plan] step=255 node=N5202 type=observe q_pred_context=5.558174 sequence=623.209636
[plan] step=256 node=N6728 type=control1 q_pred_context=3.262173 sequence=626.471810
[plan] step=257 node=N6656 type=observe q_pred_context=2.310200 sequence=628.782010
[plan] step=258 node=N5334 type=observe q_pred_context=1.514939 sequence=630.296949
[plan] step=259 node=N5439 type=observe q_pred_context=1.480052 sequence=631.777000
[plan] step=260 node=N4338 type=control0 q_pred_context=1.111464 sequence=632.888465
[plan] step=261 node=N6731 type=control1 q_pred_context=0.938387 sequence=633.826852
[plan] step=262 node=N5715 type=control0 q_pred_context=0.940598 sequence=634.767450
[plan] step=263 node=N7380 type=observe q_pred_context=1.834488 sequence=636.601938
[plan] step=264 node=N1598 type=observe q_pred_context=1.064861 sequence=637.666799
[plan] step=265 node=N7804 type=observe q_pred_context=1.551256 sequence=639.218055
[plan] step=266 node=N7805 type=observe q_pred_context=1.276323 sequence=640.494378
[plan] step=267 node=N4505 type=observe q_pred_context=1.346288 sequence=641.840665
[plan] step=268 node=N7807 type=observe q_pred_context=1.653275 sequence=643.493941
[plan] step=269 node=N1949 type=observe q_pred_context=0.988247 sequence=644.482188
[plan] step=270 node=N1874 type=observe q_pred_context=1.564651 sequence=646.046839
[plan] step=271 node=N6932 type=observe q_pred_context=3.588018 sequence=649.634858
[plan] step=272 node=N5373 type=observe q_pred_context=1.500482 sequence=651.135340
[plan] step=273 node=N6592 type=control1 q_pred_context=1.268511 sequence=652.403851
[plan] step=274 node=N699 type=observe q_pred_context=2.286446 sequence=654.690297
[plan] step=275 node=N6685 type=observe q_pred_context=0.615157 sequence=655.305454
[plan] step=276 node=N6729 type=control1 q_pred_context=0.954660 sequence=656.260113
[plan] step=277 node=N6735 type=control1 q_pred_context=0.883566 sequence=657.143679
[plan] step=278 node=N6739 type=control1 q_pred_context=0.889920 sequence=658.033599
saved=autoresearch/loop-260718-0223/relative_gate_b15_round18/range_m0p02/b15_C/plans/iscas99__b15_1__greedy__cumulative__q_pred_context__bw1__d1__c64__g1p0__candhard_fault_cluster__div0p0__s0.csv
