[plan] candidate_allowlist=autoresearch/original-netlist-recovery-260712/exact_itc99/b15_C/exact_candidate_nodes.txt nodes=7918
[plan] latent_norm_clip_ratio=4 latent_norm_limit=30.875631
[plan] step=1 node=N677 type=control1 q_pred_context=4.904948 sequence=4.904948
[plan] step=2 node=N2151 type=observe q_pred_context=3.277032 sequence=8.181980
[plan] step=3 node=N502 type=control1 q_pred_context=2.051516 sequence=10.233496
[plan] step=4 node=N762 type=control1 q_pred_context=1.346670 sequence=11.580166
[plan] step=5 node=N3722 type=control0 q_pred_context=0.293877 sequence=11.874043
[plan] step=6 node=N4520 type=control0 q_pred_context=1.731548 sequence=13.605591
[plan] step=7 node=N557 type=control1 q_pred_context=1.073587 sequence=14.679179
[plan] step=8 node=N3644 type=control0 q_pred_context=1.339369 sequence=16.018547
[plan] step=9 node=N5143 type=observe q_pred_context=1.131231 sequence=17.149778
[plan] step=10 node=N507 type=control1 q_pred_context=1.452552 sequence=18.602331
[plan] step=11 node=N5723 type=control0 q_pred_context=0.943552 sequence=19.545882
[plan] step=12 node=N5203 type=control1 q_pred_context=0.756243 sequence=20.302126
[plan] step=13 node=N564 type=control1 q_pred_context=1.926136 sequence=22.228261
[plan] step=14 node=N5866 type=observe q_pred_context=1.588720 sequence=23.816981
[plan] step=15 node=N580 type=control1 q_pred_context=2.779266 sequence=26.596247
[plan] step=16 node=N2082 type=observe q_pred_context=3.072295 sequence=29.668542
[plan] step=17 node=N1372 type=observe q_pred_context=2.934147 sequence=32.602689
[plan] step=18 node=N1853 type=observe q_pred_context=5.920078 sequence=38.522767
[plan] step=19 node=N1532 type=observe q_pred_context=3.924080 sequence=42.446847
[plan] step=20 node=N4670 type=control0 q_pred_context=5.381280 sequence=47.828127
[plan] step=21 node=N2153 type=observe q_pred_context=6.048752 sequence=53.876879
[plan] step=22 node=N2101 type=observe q_pred_context=3.679935 sequence=57.556814
[plan] step=23 node=N1860 type=observe q_pred_context=3.180013 sequence=60.736827
[plan] step=24 node=N496 type=control1 q_pred_context=2.004297 sequence=62.741124
[plan] step=25 node=N582 type=control1 q_pred_context=2.642858 sequence=65.383982
[plan] step=26 node=N488 type=control1 q_pred_context=1.009284 sequence=66.393266
[plan] step=27 node=N1437 type=control1 q_pred_context=0.473606 sequence=66.866873
[plan] step=28 node=N4712 type=control0 q_pred_context=3.139644 sequence=70.006517
[plan] step=29 node=N4649 type=control0 q_pred_context=5.305561 sequence=75.312078
[plan] step=30 node=N7511 type=control1 q_pred_context=1.121990 sequence=76.434068
[plan] step=31 node=N766 type=control1 q_pred_context=1.144662 sequence=77.578730
[plan] step=32 node=N4656 type=control0 q_pred_context=4.433699 sequence=82.012429
[plan] step=33 node=N7411 type=control1 q_pred_context=1.300449 sequence=83.312877
[plan] step=34 node=N4635 type=control0 q_pred_context=3.611440 sequence=86.924318
[plan] step=35 node=N704 type=observe q_pred_context=3.462647 sequence=90.386965
[plan] step=36 node=N6537 type=observe q_pred_context=4.446143 sequence=94.833108
[plan] step=37 node=N2314 type=control1 q_pred_context=0.671413 sequence=95.504521
[plan] step=38 node=N5234 type=observe q_pred_context=1.170712 sequence=96.675233
[plan] step=39 node=N2042 type=observe q_pred_context=1.566849 sequence=98.242082
[plan] step=40 node=N7413 type=control1 q_pred_context=0.475318 sequence=98.717401
[plan] step=41 node=N724 type=observe q_pred_context=2.835043 sequence=101.552444
[plan] step=42 node=N4705 type=control0 q_pred_context=3.750392 sequence=105.302836
[plan] step=43 node=N4698 type=control0 q_pred_context=2.264437 sequence=107.567272
[plan] step=44 node=N4691 type=control0 q_pred_context=1.712944 sequence=109.280216
[plan] step=45 node=N8470 type=observe q_pred_context=1.569325 sequence=110.849541
[plan] step=46 node=N3903 type=control0 q_pred_context=1.028984 sequence=111.878525
[plan] step=47 node=N4684 type=control0 q_pred_context=1.769239 sequence=113.647764
[plan] step=48 node=N3889 type=control0 q_pred_context=1.281143 sequence=114.928906
[plan] step=49 node=N4677 type=control0 q_pred_context=2.185114 sequence=117.114020
[plan] step=50 node=N3882 type=control0 q_pred_context=1.618883 sequence=118.732903
[plan] step=51 node=N3840 type=control0 q_pred_context=1.568758 sequence=120.301660
[plan] step=52 node=N4716 type=control0 q_pred_context=2.116045 sequence=122.417705
[plan] step=53 node=N4663 type=control0 q_pred_context=2.438963 sequence=124.856668
[plan] step=54 node=N3805 type=control0 q_pred_context=2.439928 sequence=127.296597
[plan] step=55 node=N3756 type=control0 q_pred_context=2.568923 sequence=129.865520
[plan] step=56 node=N3742 type=control0 q_pred_context=2.827344 sequence=132.692863
[plan] step=57 node=N3911 type=control0 q_pred_context=2.580362 sequence=135.273225
[plan] step=58 node=N3862 type=control0 q_pred_context=2.211459 sequence=137.484685
[plan] step=59 node=N7506 type=observe q_pred_context=2.533697 sequence=140.018381
[plan] step=60 node=N3855 type=control0 q_pred_context=2.125006 sequence=142.143387
[plan] step=61 node=N3848 type=control0 q_pred_context=2.065263 sequence=144.208650
[plan] step=62 node=N3827 type=control0 q_pred_context=2.117022 sequence=146.325672
[plan] step=63 node=N4606 type=control0 q_pred_context=1.978704 sequence=148.304376
[plan] step=64 node=N5603 type=control0 q_pred_context=1.862717 sequence=150.167093
[plan] step=65 node=N2083 type=observe q_pred_context=1.758230 sequence=151.925324
[plan] step=66 node=N4585 type=control0 q_pred_context=2.180598 sequence=154.105922
[plan] step=67 node=N7854 type=control0 q_pred_context=1.766390 sequence=155.872312
[plan] step=68 node=N4578 type=control0 q_pred_context=2.113606 sequence=157.985918
[plan] step=69 node=N7471 type=control0 q_pred_context=1.548404 sequence=159.534322
[plan] step=70 node=N7724 type=control0 q_pred_context=1.666709 sequence=161.201031
[plan] step=71 node=N519 type=control1 q_pred_context=1.845261 sequence=163.046292
[plan] step=72 node=N4564 type=control0 q_pred_context=1.329085 sequence=164.375377
[plan] step=73 node=N713 type=observe q_pred_context=2.266960 sequence=166.642338
[plan] step=74 node=N504 type=control1 q_pred_context=1.547114 sequence=168.189452
[plan] step=75 node=N4557 type=control0 q_pred_context=1.028314 sequence=169.217766
[plan] step=76 node=N2044 type=observe q_pred_context=1.124296 sequence=170.342063
[plan] step=77 node=N3701 type=control0 q_pred_context=1.855491 sequence=172.197554
[plan] step=78 node=N7722 type=control0 q_pred_context=1.614366 sequence=173.811921
[plan] step=79 node=N520 type=control1 q_pred_context=1.848738 sequence=175.660658
[plan] step=80 node=N516 type=control1 q_pred_context=2.158509 sequence=177.819167
[plan] step=81 node=N899 type=observe q_pred_context=1.100658 sequence=178.919825
[plan] step=82 node=N513 type=control1 q_pred_context=1.898114 sequence=180.817940
[plan] step=83 node=N7723 type=control0 q_pred_context=1.481671 sequence=182.299611
[plan] step=84 node=N7725 type=control0 q_pred_context=1.335502 sequence=183.635113
[plan] step=85 node=N555 type=control1 q_pred_context=2.259671 sequence=185.894784
[plan] step=86 node=N7588 type=control1 q_pred_context=1.301422 sequence=187.196206
[plan] step=87 node=N5356 type=observe q_pred_context=1.007987 sequence=188.204193
[plan] step=88 node=N7537 type=observe q_pred_context=1.126156 sequence=189.330349
[plan] step=89 node=N7534 type=observe q_pred_context=1.193037 sequence=190.523387
[plan] step=90 node=N7532 type=observe q_pred_context=1.362615 sequence=191.886002
[plan] step=91 node=N7526 type=control1 q_pred_context=1.368263 sequence=193.254265
[plan] step=92 node=N3904 type=control0 q_pred_context=0.860543 sequence=194.114808
[plan] step=93 node=N3897 type=control0 q_pred_context=2.067342 sequence=196.182150
[plan] step=94 node=N1411 type=control0 q_pred_context=2.789635 sequence=198.971785
[plan] step=95 node=N7535 type=observe q_pred_context=1.758331 sequence=200.730116
[plan] step=96 node=N556 type=control1 q_pred_context=1.395541 sequence=202.125657
[plan] step=97 node=N7516 type=observe q_pred_context=1.428742 sequence=203.554399
[plan] step=98 node=N3841 type=control0 q_pred_context=1.378091 sequence=204.932490
[plan] step=99 node=N7820 type=control0 q_pred_context=1.945761 sequence=206.878251
[plan] step=100 node=N7370 type=control1 q_pred_context=1.984013 sequence=208.862264
[plan] step=101 node=N3820 type=control0 q_pred_context=1.285075 sequence=210.147339
[plan] step=102 node=N7736 type=control0 q_pred_context=2.234941 sequence=212.382280
[plan] step=103 node=N510 type=control1 q_pred_context=1.880894 sequence=214.263173
[plan] step=104 node=N7734 type=control0 q_pred_context=2.339358 sequence=216.602531
[plan] step=105 node=N3682 type=control0 q_pred_context=1.180296 sequence=217.782827
[plan] step=106 node=N7846 type=control0 q_pred_context=2.585122 sequence=220.367949
[plan] step=107 node=N3813 type=control0 q_pred_context=1.805444 sequence=222.173393
[plan] step=108 node=N7408 type=control0 q_pred_context=3.292065 sequence=225.465458
[plan] step=109 node=N3124 type=control1 q_pred_context=2.819387 sequence=228.284845
[plan] step=110 node=N7853 type=control0 q_pred_context=2.316573 sequence=230.601418
[plan] step=111 node=N7518 type=observe q_pred_context=2.869453 sequence=233.470871
[plan] step=112 node=N7847 type=control0 q_pred_context=2.504939 sequence=235.975810
[plan] step=113 node=N7852 type=control0 q_pred_context=5.890120 sequence=241.865931
[plan] step=114 node=N3799 type=control0 q_pred_context=2.247116 sequence=244.113047
[plan] step=115 node=N2040 type=observe q_pred_context=2.511016 sequence=246.624063
[plan] step=116 node=N7541 type=control0 q_pred_context=2.505032 sequence=249.129095
[plan] step=117 node=N3792 type=control0 q_pred_context=3.245468 sequence=252.374563
[plan] step=118 node=N3785 type=control0 q_pred_context=2.578402 sequence=254.952965
[plan] step=119 node=N7733 type=control0 q_pred_context=2.801544 sequence=257.754509
[plan] step=120 node=N638 type=control1 q_pred_context=1.753851 sequence=259.508360
[plan] step=121 node=N7590 type=control1 q_pred_context=1.832333 sequence=261.340693
[plan] step=122 node=N634 type=control1 q_pred_context=2.306599 sequence=263.647292
[plan] step=123 node=N620 type=control1 q_pred_context=2.786359 sequence=266.433651
[plan] step=124 node=N610 type=control1 q_pred_context=3.249296 sequence=269.682946
[plan] step=125 node=N614 type=control1 q_pred_context=3.244519 sequence=272.927466
[plan] step=126 node=N645 type=control1 q_pred_context=3.149107 sequence=276.076573
[plan] step=127 node=N616 type=control1 q_pred_context=3.483562 sequence=279.560135
[plan] step=128 node=N785 type=observe q_pred_context=2.814922 sequence=282.375057
[plan] step=129 node=N636 type=control1 q_pred_context=2.077461 sequence=284.452518
[plan] step=130 node=N3410 type=control1 q_pred_context=1.746703 sequence=286.199221
[plan] step=131 node=N2580 type=control1 q_pred_context=1.971276 sequence=288.170497
[plan] step=132 node=N3180 type=control1 q_pred_context=2.443793 sequence=290.614290
[plan] step=133 node=N3467 type=control1 q_pred_context=2.118905 sequence=292.733195
[plan] step=134 node=N630 type=control1 q_pred_context=2.588145 sequence=295.321340
[plan] step=135 node=N694 type=observe q_pred_context=3.098021 sequence=298.419360
[plan] step=136 node=N642 type=control1 q_pred_context=2.244844 sequence=300.664205
[plan] step=137 node=N3295 type=control1 q_pred_context=2.446301 sequence=303.110506
[plan] step=138 node=N649 type=control1 q_pred_context=3.195445 sequence=306.305951
[plan] step=139 node=N3525 type=control1 q_pred_context=2.029046 sequence=308.334997
[plan] step=140 node=N7401 type=observe q_pred_context=1.821224 sequence=310.156221
[plan] step=141 node=N3237 type=control1 q_pred_context=1.623148 sequence=311.779369
[plan] step=142 node=N1607 type=control1 q_pred_context=1.645926 sequence=313.425296
[plan] step=143 node=N2102 type=observe q_pred_context=2.515975 sequence=315.941271
[plan] step=144 node=N647 type=control1 q_pred_context=2.652264 sequence=318.593535
[plan] step=145 node=N1586 type=control1 q_pred_context=1.461247 sequence=320.054782
[plan] step=146 node=N578 type=observe q_pred_context=1.497558 sequence=321.552340
[plan] step=147 node=N7732 type=control0 q_pred_context=0.502764 sequence=322.055104
[plan] step=148 node=N5876 type=observe q_pred_context=1.278764 sequence=323.333868
[plan] step=149 node=N7680 type=observe q_pred_context=1.176204 sequence=324.510072
[plan] step=150 node=N7424 type=control1 q_pred_context=3.304157 sequence=327.814228
[plan] step=151 node=N7731 type=control0 q_pred_context=2.288541 sequence=330.102770
[plan] step=152 node=N2721 type=control1 q_pred_context=1.057825 sequence=331.160595
[plan] step=153 node=N7624 type=observe q_pred_context=0.918223 sequence=332.078818
[plan] step=154 node=N7721 type=control0 q_pred_context=2.255363 sequence=334.334181
[plan] step=155 node=N2952 type=control1 q_pred_context=0.946510 sequence=335.280691
[plan] step=156 node=N2894 type=control1 q_pred_context=1.392781 sequence=336.673472
[plan] step=157 node=N7465 type=observe q_pred_context=1.575661 sequence=338.249133
[plan] step=158 node=N2157 type=observe q_pred_context=2.512269 sequence=340.761402
[plan] step=159 node=N2779 type=control1 q_pred_context=1.298262 sequence=342.059664
[plan] step=160 node=N5627 type=observe q_pred_context=1.392018 sequence=343.451682
[plan] step=161 node=N7730 type=control0 q_pred_context=2.276261 sequence=345.727943
[plan] step=162 node=N7735 type=control0 q_pred_context=0.792999 sequence=346.520942
[plan] step=163 node=N2837 type=control1 q_pred_context=0.746832 sequence=347.267774
[plan] step=164 node=N6948 type=observe q_pred_context=1.358336 sequence=348.626110
[plan] step=165 node=N7589 type=control1 q_pred_context=1.399447 sequence=350.025557
[plan] step=166 node=N5617 type=observe q_pred_context=1.927054 sequence=351.952610
[plan] step=167 node=N2106 type=observe q_pred_context=0.903623 sequence=352.856233
[plan] step=168 node=N4529 type=observe q_pred_context=1.278817 sequence=354.135050
[plan] step=169 node=N5873 type=observe q_pred_context=1.062747 sequence=355.197797
[plan] step=170 node=N5874 type=observe q_pred_context=1.682578 sequence=356.880376
[plan] step=171 node=N7402 type=observe q_pred_context=2.365099 sequence=359.245474
[plan] step=172 node=N6531 type=observe q_pred_context=1.730888 sequence=360.976362
[plan] step=173 node=N2149 type=observe q_pred_context=2.128002 sequence=363.104364
[plan] step=174 node=N7627 type=observe q_pred_context=2.160696 sequence=365.265060
[plan] step=175 node=N725 type=observe q_pred_context=3.796596 sequence=369.061656
[plan] step=176 node=N715 type=observe q_pred_context=1.975327 sequence=371.036984
[plan] step=177 node=N5878 type=observe q_pred_context=1.264644 sequence=372.301628
[plan] step=178 node=N7385 type=observe q_pred_context=2.621871 sequence=374.923498
[plan] step=179 node=N5473 type=observe q_pred_context=1.158767 sequence=376.082265
[plan] step=180 node=N7681 type=observe q_pred_context=1.419171 sequence=377.501436
[plan] step=181 node=N4521 type=observe q_pred_context=1.816446 sequence=379.317882
[plan] step=182 node=N7728 type=control0 q_pred_context=1.694919 sequence=381.012801
[plan] step=183 node=N7729 type=control0 q_pred_context=1.428804 sequence=382.441605
[plan] step=184 node=N7727 type=control0 q_pred_context=0.718850 sequence=383.160456
[plan] step=185 node=N7726 type=control0 q_pred_context=0.625623 sequence=383.786079
[plan] step=186 node=N652 type=control1 q_pred_context=1.586716 sequence=385.372795
[plan] step=187 node=N626 type=control1 q_pred_context=1.445599 sequence=386.818394
[plan] step=188 node=N624 type=control1 q_pred_context=1.094909 sequence=387.913302
[plan] step=189 node=N628 type=control1 q_pred_context=1.008250 sequence=388.921552
[plan] step=190 node=N8240 type=control1 q_pred_context=0.941870 sequence=389.863422
[plan] step=191 node=N902 type=control1 q_pred_context=1.290845 sequence=391.154267
[plan] step=192 node=N8239 type=control1 q_pred_context=0.994672 sequence=392.148939
[plan] step=193 node=N8238 type=control1 q_pred_context=0.980268 sequence=393.129207
[plan] step=194 node=N8237 type=control1 q_pred_context=1.004301 sequence=394.133509
[plan] step=195 node=N7453 type=observe q_pred_context=1.051247 sequence=395.184756
[plan] step=196 node=N7500 type=observe q_pred_context=0.975058 sequence=396.159814
[plan] step=197 node=N515 type=control1 q_pred_context=0.944919 sequence=397.104733
[plan] step=198 node=N6674 type=observe q_pred_context=1.598156 sequence=398.702889
[plan] step=199 node=N705 type=observe q_pred_context=1.732551 sequence=400.435440
[plan] step=200 node=N7873 type=control1 q_pred_context=0.523624 sequence=400.959064
[plan] step=201 node=N723 type=observe q_pred_context=1.256635 sequence=402.215699
[plan] step=202 node=N712 type=observe q_pred_context=1.256984 sequence=403.472684
[plan] step=203 node=N722 type=observe q_pred_context=1.550516 sequence=405.023200
[plan] step=204 node=N8236 type=control1 q_pred_context=0.983391 sequence=406.006591
[plan] step=205 node=N8607 type=control1 q_pred_context=1.148314 sequence=407.154905
[plan] step=206 node=N2155 type=observe q_pred_context=1.148344 sequence=408.303249
[plan] step=207 node=N8606 type=control1 q_pred_context=0.995622 sequence=409.298871
[plan] step=208 node=N8605 type=control1 q_pred_context=0.967937 sequence=410.266809
[plan] step=209 node=N6538 type=observe q_pred_context=1.344448 sequence=411.611256
[plan] step=210 node=N8235 type=control1 q_pred_context=1.258929 sequence=412.870186
[plan] step=211 node=N8783 type=control1 q_pred_context=0.808822 sequence=413.679008
[plan] step=212 node=N763 type=observe q_pred_context=0.240534 sequence=413.919542
[plan] step=213 node=N5740 type=observe q_pred_context=1.465292 sequence=415.384834
[plan] step=214 node=N7551 type=observe q_pred_context=1.326215 sequence=416.711049
[plan] step=215 node=N2181 type=observe q_pred_context=0.291445 sequence=417.002494
[plan] step=216 node=N714 type=observe q_pred_context=1.812585 sequence=418.815080
[plan] step=217 node=N6573 type=observe q_pred_context=0.248355 sequence=419.063435
[plan] step=218 node=N7387 type=observe q_pred_context=1.708027 sequence=420.771462
[plan] step=219 node=N7442 type=control0 q_pred_context=1.906095 sequence=422.677557
[plan] step=220 node=N5725 type=observe q_pred_context=0.352540 sequence=423.030097
[plan] step=221 node=N6688 type=observe q_pred_context=1.642705 sequence=424.672802
[plan] step=222 node=N7405 type=observe q_pred_context=2.091138 sequence=426.763940
[plan] step=223 node=N8790 type=control1 q_pred_context=0.895980 sequence=427.659920
[plan] step=224 node=N4600 type=observe q_pred_context=1.677673 sequence=429.337593
[plan] step=225 node=N706 type=observe q_pred_context=1.979129 sequence=431.316722
[plan] step=226 node=N8789 type=control1 q_pred_context=0.799597 sequence=432.116319
[plan] step=227 node=N6736 type=control1 q_pred_context=0.752559 sequence=432.868878
[plan] step=228 node=N734 type=observe q_pred_context=1.321629 sequence=434.190508
[plan] step=229 node=N6730 type=control1 q_pred_context=0.973190 sequence=435.163698
[plan] step=230 node=N679 type=observe q_pred_context=1.232563 sequence=436.396261
[plan] step=231 node=N6668 type=observe q_pred_context=1.012594 sequence=437.408854
[plan] step=232 node=N703 type=observe q_pred_context=1.312018 sequence=438.720873
[plan] step=233 node=N719 type=observe q_pred_context=2.786729 sequence=441.507601
[plan] step=234 node=N4513 type=observe q_pred_context=1.480311 sequence=442.987912
[plan] step=235 node=N7550 type=observe q_pred_context=3.414802 sequence=446.402714
[plan] step=236 node=N5456 type=observe q_pred_context=1.407813 sequence=447.810527
[plan] step=237 node=N7404 type=observe q_pred_context=1.780605 sequence=449.591133
[plan] step=238 node=N8608 type=control1 q_pred_context=1.617649 sequence=451.208782
[plan] step=239 node=N8234 type=control1 q_pred_context=1.456628 sequence=452.665410
[plan] step=240 node=N8233 type=control1 q_pred_context=1.281160 sequence=453.946570
[plan] step=241 node=N2276 type=control1 q_pred_context=1.800660 sequence=455.747230
[plan] step=242 node=N5439 type=observe q_pred_context=2.831278 sequence=458.578508
[plan] step=243 node=N6660 type=observe q_pred_context=4.345281 sequence=462.923789
[plan] step=244 node=N2159 type=observe q_pred_context=4.277414 sequence=467.201203
[plan] step=245 node=N5334 type=observe q_pred_context=2.264086 sequence=469.465289
[plan] step=246 node=N5422 type=observe q_pred_context=2.527775 sequence=471.993064
[plan] step=247 node=N1874 type=observe q_pred_context=2.510556 sequence=474.503620
[plan] step=248 node=N7512 type=observe q_pred_context=2.792076 sequence=477.295696
[plan] step=249 node=N7380 type=observe q_pred_context=1.700683 sequence=478.996378
[plan] step=250 node=N4505 type=observe q_pred_context=1.601009 sequence=480.597388
[plan] step=251 node=N6952 type=observe q_pred_context=5.391585 sequence=485.988973
[plan] step=252 node=N6932 type=observe q_pred_context=2.422160 sequence=488.411133
[plan] step=253 node=N5390 type=observe q_pred_context=3.349834 sequence=491.760967
[plan] step=254 node=N708 type=observe q_pred_context=5.079384 sequence=496.840352
[plan] step=255 node=N6728 type=control1 q_pred_context=4.487397 sequence=501.327749
[plan] step=256 node=N6656 type=observe q_pred_context=4.806057 sequence=506.133805
[plan] step=257 node=N5373 type=observe q_pred_context=1.085276 sequence=507.219082
[plan] step=258 node=N7437 type=observe q_pred_context=0.962513 sequence=508.181594
[plan] step=259 node=N699 type=observe q_pred_context=2.638348 sequence=510.819943
[plan] step=260 node=N7439 type=observe q_pred_context=3.586757 sequence=514.406699
[plan] step=261 node=N6743 type=control1 q_pred_context=2.195758 sequence=516.602457
[plan] step=262 node=N531 type=observe q_pred_context=0.593326 sequence=517.195783
[plan] step=263 node=N4460 type=control0 q_pred_context=3.352846 sequence=520.548628
[plan] step=264 node=N4367 type=control0 q_pred_context=3.113712 sequence=523.662340
[plan] step=265 node=N4421 type=control0 q_pred_context=2.154609 sequence=525.816949
[plan] step=266 node=N4532 type=control0 q_pred_context=2.520733 sequence=528.337682
[plan] step=267 node=N6682 type=observe q_pred_context=2.553944 sequence=530.891627
[plan] step=268 node=N4497 type=observe q_pred_context=6.313773 sequence=537.205400
[plan] step=269 node=N1351 type=observe q_pred_context=4.630583 sequence=541.835982
[plan] step=270 node=N6592 type=control1 q_pred_context=5.586653 sequence=547.422635
[plan] step=271 node=N6956 type=control0 q_pred_context=2.687513 sequence=550.110148
[plan] step=272 node=N4469 type=control0 q_pred_context=2.515346 sequence=552.625493
[plan] step=273 node=N7720 type=control0 q_pred_context=3.001218 sequence=555.626712
[plan] step=274 node=N4442 type=control0 q_pred_context=3.745767 sequence=559.372479
[plan] step=275 node=N4436 type=control0 q_pred_context=2.532120 sequence=561.904599
[plan] step=276 node=N686 type=observe q_pred_context=3.263535 sequence=565.168134
[plan] step=277 node=N4359 type=control0 q_pred_context=1.458251 sequence=566.626385
[plan] step=278 node=N5715 type=control0 q_pred_context=1.482753 sequence=568.109138
saved=autoresearch/loop-260718-0223/adaptive_width_b15_round16/b32_m0p10/b15_C/plans/iscas99__b15_1__greedy__cumulative__q_pred_context__bw1__d1__c64__g1p0__candhard_fault_cluster__div0p0__s0.csv
