__tpi_not_test_en->__tpi_cp_48___aig_not_46238 /1 undetected
__tpi_not_test_en->__tpi_cp_25___aig_and_46210 /1 undetected
__tpi_not_test_en->__tpi_cp_39___aig_and_45431 /1 undetected
test_en->__tpi_cp_50___aig_and_45283 /0 undetected
__tpi_not_test_en->__tpi_cp_8___aig_not_45280 /1 undetected
test_en->__tpi_cp_16___aig_not_45278 /0 undetected
__tpi_not_test_en->__tpi_cp_31___aig_and_45275 /1 undetected
__tpi_not_test_en->__tpi_cp_27___aig_and_45421 /1 undetected
__tpi_not_test_en->__tpi_cp_21___aig_and_26009 /1 undetected
__tpi_not_test_en->__tpi_cp_11___aig_not_45325 /1 undetected
__tpi_not_test_en->__tpi_cp_29___aig_and_45394 /1 undetected
__tpi_not_test_en->__tpi_cp_22___aig_not_45390 /1 undetected
__tpi_not_test_en->__tpi_cp_24___aig_not_45388 /1 undetected
__tpi_not_test_en->__tpi_cp_9___aig_not_26604 /1 undetected
__tpi_not_test_en->__tpi_cp_4___aig_and_26004 /1 undetected
__tpi_not_test_en->__tpi_cp_1___aig_and_33334 /1 undetected
test_en->__tpi_cp_30___buf_split_21704 /0 undetected
test_en->__tpi_cp_2___aig_not_26526 /0 undetected
__tpi_not_test_en->__tpi_cp_23___aig_not_26596 /1 undetected
__tpi_not_test_en->__tpi_cp_3___aig_and_33371 /1 undetected
__tpi_not_test_en->__tpi_cp_7___aig_and_26595 /1 undetected
__tpi_not_test_en->__tpi_cp_12___aig_not_26588 /1 undetected
__tpi_not_test_en->__tpi_cp_40___aig_and_25987 /1 undetected
test_en->__tpi_cp_26___aig_and_26586 /0 undetected
__tpi_not_test_en->__tpi_cp_15___aig_and_26584 /1 undetected
__buf_split_29742 /1 undetected
__aig_not_26574 /1 undetected
__tpi_not_test_en->__tpi_cp_5___aig_and_33484 /1 undetected
test_en->__tpi_cp_34___aig_and_33481 /0 undetected
__tpi_not_test_en->__tpi_cp_49___aig_and_25992 /1 undetected
__tpi_not_test_en->__tpi_cp_41___aig_and_24648 /1 undetected
