__tpi_op_41___aig_and_146 /0 undetected
__tpi_op_34_I307 /1 undetected
__tpi_op_7___aig_not_95 /1 undetected
__tpi_op_6_I293 /1 undetected
__tpi_op_3___aig_and_144 /0 undetected
__tpi_op_2___aig_and_145 /0 undetected
__tpi_not_test_en->__tpi_cp_7___aig_not_119 /1 undetected
test_en->__tpi_cp_42_G260 /0 undetected
test_en->__tpi_cp_64___aig_and_43 /0 undetected
__tpi_not_test_en->__tpi_cp_8___aig_not_114 /1 undetected
test_en->__tpi_cp_34_G259 /0 undetected
test_en->__tpi_cp_66_I521 /0 undetected
__tpi_not_test_en->__tpi_cp_9___aig_not_109 /1 undetected
test_en->__tpi_cp_35_G258 /0 undetected
test_en->__tpi_cp_69_I518 /0 undetected
__tpi_not_test_en->__tpi_cp_10_I258 /1 undetected
test_en->__tpi_cp_48_G275 /0 undetected
test_en->__tpi_cp_65___aig_and_37 /0 undetected
I223 /1 undetected
__aig_and_146 /0 undetected
I342 /1 undetected
I349 /1 undetected
__aig_and_145 /0 undetected
__aig_and_144 /0 undetected
test_en->__tpi_cp_59___buf_split_202 /0 undetected
__aig_not_95->__aig_and_96 /1 undetected
__aig_not_95 /1 undetected
__buf_split_192 /1 undetected
__tpi_not_test_en->__tpi_cp_0_I547 /1 undetected
__tpi_not_test_en->__tpi_cp_20_G208 /1 undetected
test_en->__tpi_cp_58___aig_and_143 /0 undetected
test_en->__tpi_cp_33_G347 /0 undetected
test_en->__tpi_cp_72_G353 /0 undetected
__tpi_not_test_en->__tpi_cp_11_G327 /1 undetected
I293->__aig_and_142 /1 undetected
I293 /1 undetected
__tpi_not_test_en->__tpi_cp_17_G280 /1 undetected
test_en->__tpi_cp_60___aig_and_83 /0 undetected
test_en->__tpi_cp_30___aig_and_2 /0 undetected
test_en->__tpi_cp_61___aig_and_17 /0 undetected
__tpi_not_test_en->__tpi_cp_53___buf_split_148 /1 undetected
__tpi_not_test_en->__tpi_cp_36_G395 /1 undetected
test_en->__tpi_cp_4___buf_split_55 /0 undetected
__tpi_not_test_en->__tpi_cp_26_I449 /1 undetected
I307->__aig_and_132 /1 undetected
I307 /1 undetected
__tpi_not_test_en->__tpi_cp_51___aig_not_61 /1 undetected
test_en->__tpi_cp_29___aig_and_7 /0 undetected
test_en->__tpi_cp_25_G249 /0 undetected
__tpi_not_test_en->__tpi_cp_50_G397 /1 undetected
test_en->__tpi_cp_71_G396 /0 undetected
__tpi_not_test_en->__tpi_cp_13_I390 /1 undetected
test_en->__tpi_cp_54_G303 /0 undetected
__tpi_not_test_en->__tpi_cp_15_I360 /1 undetected
test_en->__tpi_cp_49_G309 /0 undetected
__tpi_not_test_en->__tpi_cp_1___buf_split_240 /1 undetected
test_en->__tpi_cp_5___buf_split_30 /0 undetected
__tpi_not_test_en->__tpi_cp_27_I422 /1 undetected
test_en->__tpi_cp_68_G89 /0 undetected
__tpi_not_test_en->__tpi_cp_28_I335 /1 undetected
test_en->__tpi_cp_43_G87 /0 undetected
__tpi_not_test_en->__tpi_cp_39_I324 /1 undetected
test_en->__tpi_cp_3_G137 /0 undetected
I314 /1 undetected
__buf_split_237->__aig_and_123 /1 undetected
I300 /1 undetected
__buf_split_235 /1 undetected
test_en->__tpi_cp_67_G248 /0 undetected
__tpi_not_test_en->__tpi_cp_2___aig_not_56 /1 undetected
test_en->__tpi_cp_56_G264 /0 undetected
test_en->__tpi_cp_70_G234 /0 undetected
