[r21-five-plan/b20_C] [plan] torch_deterministic=true
[r21-five-plan/b20_C] [plan] candidate_allowlist=autoresearch/original-netlist-recovery-260712/exact_itc99/b20_C/exact_candidate_nodes.txt nodes=19175
[r21-five-plan/b20_C] [plan] prefix_plan=autoresearch/loop-260720-0945/typed_winner_round8_five/b20_C/best_plans/iscas99__b20.csv prefix_actions=425 continue_at_step=426
[r21-five-plan/b20_C] [plan] latent_norm_clip_ratio=4 latent_norm_limit=30.929140
[r21-five-plan/b20_C] [plan] prefix_state_mode=replay replayed_actions=425
[r21-five-plan/b20_C] [plan] step=426 node=N5622 type=control0 typed_return_pred=0.636444 sequence=811.651206
[r21-five-plan/b20_C] [plan] step=427 node=N6406 type=observe typed_return_pred=1.350448 sequence=813.001654
[r21-five-plan/b20_C] [plan] step=428 node=N6507 type=control0 typed_return_pred=0.969565 sequence=813.971219
[r21-five-plan/b20_C] [plan] step=429 node=N6397 type=observe typed_return_pred=1.293162 sequence=815.264381
[r21-five-plan/b20_C] [plan] step=430 node=N8444 type=observe typed_return_pred=1.168816 sequence=816.433197
[r21-five-plan/b20_C] [plan] step=431 node=N6392 type=control0 typed_return_pred=0.846127 sequence=817.279324
[r21-five-plan/b20_C] [plan] step=432 node=N4015 type=observe typed_return_pred=1.244744 sequence=818.524068
[r21-five-plan/b20_C] [plan] step=433 node=N6989 type=control0 typed_return_pred=0.835967 sequence=819.360035
[r21-five-plan/b20_C] [plan] step=434 node=N7038 type=observe typed_return_pred=1.249773 sequence=820.609808
[r21-five-plan/b20_C] [plan] step=435 node=N8426 type=observe typed_return_pred=1.077453 sequence=821.687262
[r21-five-plan/b20_C] [plan] step=436 node=N5046 type=control0 typed_return_pred=0.720930 sequence=822.408191
[r21-five-plan/b20_C] [plan] step=437 node=N6388 type=observe typed_return_pred=1.250489 sequence=823.658680
[r21-five-plan/b20_C] [plan] step=438 node=N6379 type=observe typed_return_pred=1.114815 sequence=824.773495
[r21-five-plan/b20_C] [plan] step=439 node=N6391 type=observe typed_return_pred=0.663735 sequence=825.437230
[r21-five-plan/b20_C] [plan] step=440 node=N6385 type=observe typed_return_pred=0.573061 sequence=826.010291
[r21-five-plan/b20_C] [plan] step=441 node=N8487 type=observe typed_return_pred=0.572301 sequence=826.578592
[r21-five-plan/b20_C] [plan] step=442 node=N6382 type=observe typed_return_pred=0.430964 sequence=827.009556
[r21-five-plan/b20_C] [plan] step=443 node=N6318 type=observe typed_return_pred=0.360787 sequence=827.370343
[r21-five-plan/b20_C] [plan] step=444 node=N7935 type=observe typed_return_pred=0.536632 sequence=827.906974
[r21-five-plan/b20_C] [plan] step=445 node=N7005 type=observe typed_return_pred=0.395700 sequence=828.302674
[r21-five-plan/b20_C] [plan] step=446 node=N1414 type=observe typed_return_pred=0.292619 sequence=828.595293
[r21-five-plan/b20_C] [plan] step=447 node=N4571 type=observe typed_return_pred=0.236589 sequence=828.831883
[r21-five-plan/b20_C] [plan] step=448 node=N6987 type=observe typed_return_pred=0.563872 sequence=829.395755
[r21-five-plan/b20_C] [plan] step=449 node=N8457 type=observe typed_return_pred=0.255557 sequence=829.651312
[r21-five-plan/b20_C] [plan] step=450 node=N8437 type=observe typed_return_pred=0.249746 sequence=829.901058
[r21-five-plan/b20_C] [plan] step=451 node=N6412 type=observe typed_return_pred=0.427838 sequence=830.323896
[r21-five-plan/b20_C] [plan] step=452 node=N12612 type=observe typed_return_pred=0.322249 sequence=830.646144
[r21-five-plan/b20_C] [plan] step=453 node=N6433 type=observe typed_return_pred=0.481242 sequence=831.122386
[r21-five-plan/b20_C] [plan] step=454 node=N8467 type=observe typed_return_pred=0.601312 sequence=831.723698
[r21-five-plan/b20_C] [plan] step=455 node=N12271 type=observe typed_return_pred=0.504264 sequence=832.227962
[r21-five-plan/b20_C] [plan] step=456 node=N12524 type=observe typed_return_pred=0.333393 sequence=832.561355
[r21-five-plan/b20_C] [plan] step=457 node=N12618 type=observe typed_return_pred=0.297784 sequence=832.855139
[r21-five-plan/b20_C] [plan] step=458 node=N3529 type=observe typed_return_pred=0.127895 sequence=832.979034
[r21-five-plan/b20_C] [plan] step=459 node=N16705 type=observe typed_return_pred=0.165652 sequence=833.139686
[r21-five-plan/b20_C] [plan] step=460 node=N4019 type=observe typed_return_pred=0.162207 sequence=833.297893
[r21-five-plan/b20_C] [plan] step=461 node=N3496 type=control0 typed_return_pred=0.178623 sequence=833.476517
[r21-five-plan/b20_C] [plan] step=462 node=N3041 type=observe typed_return_pred=0.128513 sequence=833.605030
[r21-five-plan/b20_C] [plan] step=463 node=N10042 type=observe typed_return_pred=0.157321 sequence=833.757351
[r21-five-plan/b20_C] [plan] step=464 node=N3014 type=observe typed_return_pred=0.116868 sequence=833.874219
[r21-five-plan/b20_C] [plan] step=465 node=N3095 type=observe typed_return_pred=0.086309 sequence=833.960528
[r21-five-plan/b20_C] [plan] step=466 node=N2934 type=observe typed_return_pred=0.083793 sequence=834.044320
[r21-five-plan/b20_C] [plan] step=467 node=N3131 type=observe typed_return_pred=0.083213 sequence=834.127534
[r21-five-plan/b20_C] [plan] step=468 node=N2961 type=observe typed_return_pred=0.083578 sequence=834.211112
[r21-five-plan/b20_C] [plan] step=469 node=N3005 type=observe typed_return_pred=0.081050 sequence=834.292161
[r21-five-plan/b20_C] [plan] step=470 node=N3167 type=observe typed_return_pred=0.079708 sequence=834.371869
[r21-five-plan/b20_C] [plan] step=471 node=N3122 type=observe typed_return_pred=0.076687 sequence=834.448557
[r21-five-plan/b20_C] [plan] step=472 node=N11016 type=observe typed_return_pred=0.061069 sequence=834.504626
[r21-five-plan/b20_C] [plan] step=473 node=N994 type=observe typed_return_pred=0.058243 sequence=834.562869
[r21-five-plan/b20_C] [plan] step=474 node=N998 type=observe typed_return_pred=0.060225 sequence=834.623094
[r21-five-plan/b20_C] [plan] step=475 node=N1002 type=observe typed_return_pred=0.180116 sequence=834.803210
[r21-five-plan/b20_C] [plan] step=476 node=N1003 type=observe typed_return_pred=0.160340 sequence=834.963551
[r21-five-plan/b20_C] [plan] step=477 node=N1006 type=observe typed_return_pred=0.182558 sequence=835.146109
[r21-five-plan/b20_C] [plan] step=478 node=N1007 type=observe typed_return_pred=0.204214 sequence=835.350322
[r21-five-plan/b20_C] [plan] step=479 node=N1005 type=observe typed_return_pred=0.194413 sequence=835.544736
[r21-five-plan/b20_C] [plan] step=480 node=N1012 type=observe typed_return_pred=0.369896 sequence=835.914631
[r21-five-plan/b20_C] [plan] step=481 node=N1013 type=observe typed_return_pred=0.381814 sequence=836.296446
[r21-five-plan/b20_C] [plan] step=482 node=N1010 type=observe typed_return_pred=0.465003 sequence=836.761449
[r21-five-plan/b20_C] [plan] step=483 node=N1011 type=observe typed_return_pred=0.467837 sequence=837.229286
[r21-five-plan/b20_C] [plan] step=484 node=N8481 type=observe typed_return_pred=0.467967 sequence=837.697252
[r21-five-plan/b20_C] [plan] step=485 node=N11008 type=observe typed_return_pred=0.478819 sequence=838.172071
[r21-five-plan/b20_C] [plan] step=486 node=N999 type=observe typed_return_pred=0.616790 sequence=838.788861
[r21-five-plan/b20_C] [plan] step=487 node=N3086 type=observe typed_return_pred=0.457447 sequence=839.246308
[r21-five-plan/b20_C] [plan] step=488 node=N1693 type=observe typed_return_pred=0.715914 sequence=839.958222
[r21-five-plan/b20_C] [plan] step=489 node=N1017 type=observe typed_return_pred=0.659364 sequence=840.617586
[r21-five-plan/b20_C] [plan] step=490 node=N10047 type=observe typed_return_pred=0.654257 sequence=841.271843
[r21-five-plan/b20_C] [plan] step=491 node=N10128 type=observe typed_return_pred=0.650553 sequence=841.922396
[r21-five-plan/b20_C] [plan] step=492 node=N1016 type=observe typed_return_pred=0.643725 sequence=842.566120
[r21-five-plan/b20_C] [plan] step=493 node=N12247 type=observe typed_return_pred=0.667538 sequence=843.233659
[r21-five-plan/b20_C] [plan] step=494 node=N1015 type=observe typed_return_pred=0.641936 sequence=843.875595
[r21-five-plan/b20_C] [plan] step=495 node=N10124 type=observe typed_return_pred=0.618561 sequence=844.494156
[r21-five-plan/b20_C] [plan] step=496 node=N10129 type=observe typed_return_pred=0.624408 sequence=845.118564
[r21-five-plan/b20_C] [plan] step=497 node=N10136 type=observe typed_return_pred=0.657643 sequence=845.771207
[r21-five-plan/b20_C] [plan] step=498 node=N10126 type=observe typed_return_pred=0.576065 sequence=846.343273
[r21-five-plan/b20_C] [plan] step=499 node=N10824 type=observe typed_return_pred=0.570985 sequence=846.910258
[r21-five-plan/b20_C] [plan] step=500 node=N14296 type=observe typed_return_pred=0.596290 sequence=847.502548
[r21-five-plan/b20_C] [plan] step=501 node=N12447 type=control1 typed_return_pred=0.519614 sequence=848.018162
[r21-five-plan/b20_C] [plan] step=502 node=N10827 type=observe typed_return_pred=0.432779 sequence=848.450941
[r21-five-plan/b20_C] [plan] step=503 node=N10133 type=observe typed_return_pred=0.392313 sequence=848.843253
[r21-five-plan/b20_C] [plan] step=504 node=N2952 type=observe typed_return_pred=0.331829 sequence=849.175082
[r21-five-plan/b20_C] [plan] step=505 node=N12420 type=observe typed_return_pred=0.286912 sequence=849.461994
[r21-five-plan/b20_C] [plan] step=506 node=N16696 type=observe typed_return_pred=0.544302 sequence=850.006296
[r21-five-plan/b20_C] [plan] step=507 node=N12501 type=observe typed_return_pred=0.211153 sequence=850.213449
[r21-five-plan/b20_C] [plan] step=508 node=N8432 type=observe typed_return_pred=0.241100 sequence=850.454548
[r21-five-plan/b20_C] [plan] step=509 node=N1004 type=observe typed_return_pred=0.207361 sequence=850.661909
[r21-five-plan/b20_C] [plan] step=510 node=N12533 type=observe typed_return_pred=0.198584 sequence=850.856493
[r21-five-plan/b20_C] [plan] step=511 node=N12534 type=observe typed_return_pred=0.179343 sequence=851.031836
[r21-five-plan/b20_C] [plan] step=512 node=N1008 type=observe typed_return_pred=0.167101 sequence=851.198937
[r21-five-plan/b20_C] [plan] step=513 node=N1009 type=observe typed_return_pred=0.154329 sequence=851.353266
[r21-five-plan/b20_C] [plan] step=514 node=N12320 type=observe typed_return_pred=0.110639 sequence=851.463905
[r21-five-plan/b20_C] [plan] step=515 node=N1001 type=observe typed_return_pred=0.101303 sequence=851.565208
[r21-five-plan/b20_C] [plan] step=516 node=N1691 type=observe typed_return_pred=0.093992 sequence=851.655200
[r21-five-plan/b20_C] [plan] step=517 node=N1014 type=observe typed_return_pred=0.089697 sequence=851.744897
[r21-five-plan/b20_C] [plan] step=518 node=N1692 type=observe typed_return_pred=0.079784 sequence=851.820681
[r21-five-plan/b20_C] [plan] step=519 node=N10130 type=observe typed_return_pred=0.318361 sequence=852.139042
[r21-five-plan/b20_C] [plan] step=520 node=N1000 type=observe typed_return_pred=0.570848 sequence=852.709890
[r21-five-plan/b20_C] [plan] step=521 node=N963 type=observe typed_return_pred=0.529215 sequence=853.239105
[r21-five-plan/b20_C] [plan] step=522 node=N1689 type=observe typed_return_pred=0.599322 sequence=853.834428
[r21-five-plan/b20_C] [plan] step=523 node=N995 type=observe typed_return_pred=0.604196 sequence=854.438623
[r21-five-plan/b20_C] [plan] step=524 node=N997 type=observe typed_return_pred=0.560233 sequence=854.998856
[r21-five-plan/b20_C] [plan] step=525 node=N1690 type=observe typed_return_pred=0.517308 sequence=855.512164
[r21-five-plan/b20_C] [plan] step=526 node=N9057 type=observe typed_return_pred=0.649209 sequence=856.161373
[r21-five-plan/b20_C] [plan] step=527 node=N12932 type=observe typed_return_pred=0.633789 sequence=856.795162
[r21-five-plan/b20_C] [plan] step=528 node=N12638 type=observe typed_return_pred=0.526610 sequence=857.317772
[r21-five-plan/b20_C] [plan] step=529 node=N10139 type=observe typed_return_pred=0.519326 sequence=857.833099
[r21-five-plan/b20_C] [plan] step=530 node=N1018 type=observe typed_return_pred=0.601136 sequence=858.434234
[r21-five-plan/b20_C] [plan] step=531 node=N12343 type=observe typed_return_pred=0.614141 sequence=859.048375
[r21-five-plan/b20_C] [plan] step=532 node=N10131 type=observe typed_return_pred=0.474983 sequence=859.519358
[r21-five-plan/b20_C] [plan] step=533 node=N20000 type=observe typed_return_pred=0.297732 sequence=859.817090
[r21-five-plan/b20_C] [plan] step=534 node=N13432 type=observe typed_return_pred=0.382113 sequence=860.199204
[r21-five-plan/b20_C] [plan] step=535 node=N18095 type=observe typed_return_pred=0.293997 sequence=860.493201
[r21-five-plan/b20_C] [plan] step=536 node=N19994 type=observe typed_return_pred=0.314599 sequence=860.807800
[r21-five-plan/b20_C] [plan] step=537 node=N4854 type=observe typed_return_pred=0.528795 sequence=861.336595
[r21-five-plan/b20_C] [plan] step=538 node=N17588 type=observe typed_return_pred=0.333499 sequence=861.670095
[r21-five-plan/b20_C] [plan] step=539 node=N18089 type=observe typed_return_pred=0.326486 sequence=861.996581
[r21-five-plan/b20_C] [plan] step=540 node=N17085 type=observe typed_return_pred=0.324442 sequence=862.321023
[r21-five-plan/b20_C] [plan] step=541 node=N3526 type=observe typed_return_pred=0.321772 sequence=862.638795
[r21-five-plan/b20_C] [plan] step=542 node=N8702 type=control0 typed_return_pred=0.390665 sequence=863.029459
[r21-five-plan/b20_C] [plan] step=543 node=N17594 type=observe typed_return_pred=0.666744 sequence=863.696203
[r21-five-plan/b20_C] [plan] step=544 node=N4853 type=observe typed_return_pred=0.745506 sequence=864.441709
[r21-five-plan/b20_C] [plan] step=545 node=N9063 type=observe typed_return_pred=0.638204 sequence=865.079914
[r21-five-plan/b20_C] [plan] step=546 node=N10140 type=observe typed_return_pred=0.576842 sequence=865.652756
[r21-five-plan/b20_C] [plan] step=547 node=N13438 type=observe typed_return_pred=0.623547 sequence=866.276303
[r21-five-plan/b20_C] [plan] step=548 node=N17091 type=observe typed_return_pred=0.603287 sequence=866.879590
[r21-five-plan/b20_C] [plan] step=549 node=N10818 type=observe typed_return_pred=0.509600 sequence=867.385189
[r21-five-plan/b20_C] [plan] step=550 node=N10833 type=observe typed_return_pred=0.660035 sequence=868.041225
[r21-five-plan/b20_C] [plan] step=551 node=N10896 type=observe typed_return_pred=0.521752 sequence=868.557977
[r21-five-plan/b20_C] [plan] step=552 node=N12938 type=observe typed_return_pred=0.427491 sequence=868.985468
[r21-five-plan/b20_C] [plan] step=553 node=N10817 type=observe typed_return_pred=0.397539 sequence=869.383007
[r21-five-plan/b20_C] [plan] step=554 node=N10825 type=observe typed_return_pred=0.387905 sequence=869.770912
[r21-five-plan/b20_C] [plan] step=555 node=N18304 type=observe typed_return_pred=0.445097 sequence=870.216009
[r21-five-plan/b20_C] [plan] step=556 node=N12514 type=observe typed_return_pred=0.571259 sequence=870.783268
[r21-five-plan/b20_C] [plan] step=557 node=N10835 type=observe typed_return_pred=0.542221 sequence=871.320489
[r21-five-plan/b20_C] [plan] step=558 node=N18308 type=observe typed_return_pred=0.681344 sequence=872.001833
[r21-five-plan/b20_C] [plan] step=559 node=N12451 type=observe typed_return_pred=0.685278 sequence=872.683111
[r21-five-plan/b20_C] [plan] step=560 node=N10712 type=observe typed_return_pred=0.394238 sequence=873.077350
[r21-five-plan/b20_C] [plan] step=561 node=N10713 type=observe typed_return_pred=0.383722 sequence=873.461072
[r21-five-plan/b20_C] [plan] step=562 node=N10887 type=observe typed_return_pred=0.610080 sequence=874.066152
[r21-five-plan/b20_C] [plan] step=563 node=N13656 type=control1 typed_return_pred=0.578598 sequence=874.640750
[r21-five-plan/b20_C] [plan] step=564 node=N12452 type=observe typed_return_pred=0.225935 sequence=874.866685
[r21-five-plan/b20_C] [plan] step=565 node=N12513 type=observe typed_return_pred=0.450918 sequence=875.313603
[r21-five-plan/b20_C] [plan] step=566 node=N836 type=observe typed_return_pred=0.244311 sequence=875.553914
[r21-five-plan/b20_C] [plan] step=567 node=N19175 type=observe typed_return_pred=0.142211 sequence=875.696125
[r21-five-plan/b20_C] [plan] step=568 node=N18430 type=observe typed_return_pred=0.207626 sequence=875.903752
[r21-five-plan/b20_C] [plan] step=569 node=N15867 type=observe typed_return_pred=0.157297 sequence=876.061049
[r21-five-plan/b20_C] [plan] step=570 node=N1019 type=observe typed_return_pred=0.074984 sequence=876.136032
[r21-five-plan/b20_C] [plan] step=571 node=N4060 type=observe typed_return_pred=0.079939 sequence=876.215971
[r21-five-plan/b20_C] [plan] step=572 node=N14836 type=observe typed_return_pred=0.137570 sequence=876.353541
[r21-five-plan/b20_C] [plan] step=573 node=N18305 type=observe typed_return_pred=0.074222 sequence=876.427763
[r21-five-plan/b20_C] [plan] step=574 node=N8393 type=observe typed_return_pred=0.045721 sequence=876.473484
[r21-five-plan/b20_C] [plan] step=575 node=N18429 type=observe typed_return_pred=0.334600 sequence=876.804084
[r21-five-plan/b20_C] [plan] step=576 node=N12636 type=control0 typed_return_pred=0.261703 sequence=877.060787
[r21-five-plan/b20_C] [plan] step=577 node=N8879 type=observe typed_return_pred=0.610873 sequence=877.667660
[r21-five-plan/b20_C] [plan] step=578 node=N13254 type=observe typed_return_pred=0.582902 sequence=878.246562
[r21-five-plan/b20_C] [plan] step=579 node=N10840 type=observe typed_return_pred=0.749543 sequence=878.991105
[r21-five-plan/b20_C] [plan] step=580 node=N996 type=observe typed_return_pred=0.571659 sequence=879.562764
[r21-five-plan/b20_C] [plan] step=581 node=N10120 type=observe typed_return_pred=0.775946 sequence=880.338710
[r21-five-plan/b20_C] [plan] step=582 node=N12754 type=observe typed_return_pred=0.579482 sequence=880.914192
[r21-five-plan/b20_C] [plan] step=583 node=N993 type=observe typed_return_pred=0.556914 sequence=881.471106
[r21-five-plan/b20_C] [plan] step=584 node=N14417 type=observe typed_return_pred=0.453250 sequence=881.920356
[r21-five-plan/b20_C] [plan] step=585 node=N10842 type=observe typed_return_pred=0.294452 sequence=882.209808
[r21-five-plan/b20_C] [plan] step=586 node=N1247 type=control1 typed_return_pred=0.262292 sequence=882.468099
[r21-five-plan/b20_C] [plan] step=587 node=N10046 type=observe typed_return_pred=0.191231 sequence=882.659330
[r21-five-plan/b20_C] [plan] step=588 node=N10894 type=observe typed_return_pred=0.202953 sequence=882.857284
[r21-five-plan/b20_C] [plan] step=589 node=N10899 type=observe typed_return_pred=0.562423 sequence=883.415707
[r21-five-plan/b20_C] [plan] step=590 node=N10845 type=observe typed_return_pred=0.560048 sequence=883.975755
[r21-five-plan/b20_C] [plan] step=591 node=N10856 type=observe typed_return_pred=0.544204 sequence=884.515959
[r21-five-plan/b20_C] [plan] step=592 node=N10858 type=observe typed_return_pred=0.539227 sequence=885.055187
[r21-five-plan/b20_C] [plan] step=593 node=N18422 type=observe typed_return_pred=0.485374 sequence=885.540561
[r21-five-plan/b20_C] [plan] step=594 node=N10892 type=observe typed_return_pred=0.484597 sequence=886.021158
[r21-five-plan/b20_C] [plan] step=595 node=N18600 type=observe typed_return_pred=0.422700 sequence=886.443857
[r21-five-plan/b20_C] [plan] step=596 node=N14301 type=observe typed_return_pred=0.445639 sequence=886.884496
[r21-five-plan/b20_C] [plan] step=597 node=N10860 type=observe typed_return_pred=0.543767 sequence=887.424263
[r21-five-plan/b20_C] [plan] step=598 node=N8768 type=observe typed_return_pred=0.452202 sequence=887.876465
[r21-five-plan/b20_C] [plan] step=599 node=N18538 type=observe typed_return_pred=0.455718 sequence=888.328183
[r21-five-plan/b20_C] [plan] step=600 node=N10838 type=observe typed_return_pred=0.625072 sequence=888.948254
[r21-five-plan/b20_C] [plan] step=601 node=N13938 type=observe typed_return_pred=0.487620 sequence=889.435874
[r21-five-plan/b20_C] [plan] step=602 node=N12643 type=observe typed_return_pred=0.479906 sequence=889.915780
[r21-five-plan/b20_C] [plan] step=603 node=N18932 type=observe typed_return_pred=0.580863 sequence=890.496643
[r21-five-plan/b20_C] [plan] step=604 node=N15624 type=observe typed_return_pred=0.472280 sequence=890.968924
[r21-five-plan/b20_C] [plan] step=605 node=N10119 type=observe typed_return_pred=0.500324 sequence=891.469247
[r21-five-plan/b20_C] [plan] step=606 node=N8891 type=observe typed_return_pred=0.493677 sequence=891.962924
[r21-five-plan/b20_C] [plan] step=607 node=N18504 type=observe typed_return_pred=0.237354 sequence=892.200278
[r21-five-plan/b20_C] [plan] step=608 node=N12344 type=observe typed_return_pred=0.027632 sequence=892.227910
[r21-five-plan/b20_C] [plan] step=609 node=N12766 type=observe typed_return_pred=0.080097 sequence=892.308008
[r21-five-plan/b20_C] [plan] step=610 node=N992 type=observe typed_return_pred=-0.018434 sequence=892.289573
[r21-five-plan/b20_C] [plan] step=611 node=N8894 type=observe typed_return_pred=0.014941 sequence=892.304514
[r21-five-plan/b20_C] [plan] step=612 node=N1421 type=observe typed_return_pred=0.245459 sequence=892.549973
[r21-five-plan/b20_C] [plan] step=613 node=N12769 type=observe typed_return_pred=0.006923 sequence=892.556896
[r21-five-plan/b20_C] [plan] step=614 node=N19814 type=observe typed_return_pred=-0.041389 sequence=892.515507
[r21-five-plan/b20_C] [plan] step=615 node=N13143 type=observe typed_return_pred=0.395543 sequence=892.911050
[r21-five-plan/b20_C] [plan] step=616 node=N12345 type=observe typed_return_pred=0.416940 sequence=893.323990
[r21-five-plan/b20_C] saved=autoresearch/loop-260720-0945/typed_winner_round21_horizon_return_five/b20_C/plans/iscas99__b20.csv
