[b15-r6-local/a0.30/d16] [gmean] 2026-07-21T10:41:37 out_dir=autoresearch/loop-260720-0945/model_training_round6/b15_selection/cone_local/alpha_0p30_decay_16
[b15-r6-local/a0.30/d16] [gmean] 2026-07-21T10:41:37 budgets=iscas99__b15_1:278
[b15-r6-local/a0.30/d16] [gmean] 2026-07-21T10:41:37 variant_start id=greedy__cumulative__q_typed_residual_context__bw1__d1__c48__g1p0__candhard_fault_cluster__div0p0__s0
[b15-r6-local/a0.30/d16] [gmean] 2026-07-21T10:41:37 [1/1] plan_start benchmark=iscas99__b15_1 budget=278 planner=greedy score=q_typed_residual_context
[b15-r6-local/a0.30/d16] [plan iscas99__b15_1] [plan] torch_deterministic=true
[b15-r6-local/a0.30/d16] [plan iscas99__b15_1] [plan] candidate_allowlist=autoresearch/original-netlist-recovery-260712/exact_itc99/b15_C/exact_candidate_nodes.txt nodes=7918
[b15-r6-local/a0.30/d16] [plan iscas99__b15_1] [plan] latent_norm_clip_ratio=4 latent_norm_limit=30.875631
[b15-r6-local/a0.30/d16] [plan iscas99__b15_1] [plan] step=1 node=N672 type=control1 q_typed_residual_context=5.268069 sequence=5.268069
[b15-r6-local/a0.30/d16] [plan iscas99__b15_1] [plan] step=2 node=N2155 type=observe q_typed_residual_context=4.581831 sequence=9.849900
[b15-r6-local/a0.30/d16] [plan iscas99__b15_1] [plan] step=3 node=N502 type=control1 q_typed_residual_context=2.078540 sequence=11.928440
[b15-r6-local/a0.30/d16] [plan iscas99__b15_1] [plan] step=4 node=N762 type=control1 q_typed_residual_context=1.733146 sequence=13.661585
[b15-r6-local/a0.30/d16] [plan iscas99__b15_1] [plan] step=5 node=N3644 type=control0 q_typed_residual_context=1.189740 sequence=14.851325
[b15-r6-local/a0.30/d16] [plan iscas99__b15_1] [plan] step=6 node=N3756 type=control0 q_typed_residual_context=1.058638 sequence=15.909964
[b15-r6-local/a0.30/d16] [plan iscas99__b15_1] [plan] step=7 node=N557 type=control1 q_typed_residual_context=0.969792 sequence=16.879756
[b15-r6-local/a0.30/d16] [plan iscas99__b15_1] [plan] step=8 node=N5143 type=observe q_typed_residual_context=1.150847 sequence=18.030603
[b15-r6-local/a0.30/d16] [plan iscas99__b15_1] [plan] step=9 node=N507 type=control1 q_typed_residual_context=0.962007 sequence=18.992610
[b15-r6-local/a0.30/d16] [plan iscas99__b15_1] [plan] step=10 node=N3742 type=control0 q_typed_residual_context=1.084011 sequence=20.076622
[b15-r6-local/a0.30/d16] [plan iscas99__b15_1] [plan] step=11 node=N564 type=control1 q_typed_residual_context=2.424318 sequence=22.500939
[b15-r6-local/a0.30/d16] [plan iscas99__b15_1] [plan] step=12 node=N5203 type=control1 q_typed_residual_context=1.164325 sequence=23.665264
[b15-r6-local/a0.30/d16] [plan iscas99__b15_1] [plan] step=13 node=N5866 type=observe q_typed_residual_context=3.154847 sequence=26.820111
[b15-r6-local/a0.30/d16] [plan iscas99__b15_1] [plan] step=14 node=N580 type=control1 q_typed_residual_context=3.190848 sequence=30.010959
[b15-r6-local/a0.30/d16] [plan iscas99__b15_1] [plan] step=15 node=N1372 type=observe q_typed_residual_context=2.930280 sequence=32.941239
[b15-r6-local/a0.30/d16] [plan iscas99__b15_1] [plan] step=16 node=N2082 type=observe q_typed_residual_context=3.478768 sequence=36.420007
[b15-r6-local/a0.30/d16] [plan iscas99__b15_1] [plan] step=17 node=N1853 type=observe q_typed_residual_context=6.044660 sequence=42.464666
[b15-r6-local/a0.30/d16] [plan iscas99__b15_1] [plan] step=18 node=N1532 type=observe q_typed_residual_context=6.800512 sequence=49.265178
[b15-r6-local/a0.30/d16] [plan iscas99__b15_1] [plan] step=19 node=N2153 type=observe q_typed_residual_context=6.486125 sequence=55.751303
[b15-r6-local/a0.30/d16] [plan iscas99__b15_1] [plan] step=20 node=N2101 type=observe q_typed_residual_context=5.876677 sequence=61.627980
[b15-r6-local/a0.30/d16] [plan iscas99__b15_1] [plan] step=21 node=N1860 type=observe q_typed_residual_context=6.091712 sequence=67.719692
[b15-r6-local/a0.30/d16] [plan iscas99__b15_1] [plan] step=22 node=N496 type=control1 q_typed_residual_context=3.871210 sequence=71.590901
[b15-r6-local/a0.30/d16] [plan iscas99__b15_1] [plan] step=23 node=N5723 type=control0 q_typed_residual_context=1.332931 sequence=72.923832
[b15-r6-local/a0.30/d16] [plan iscas99__b15_1] [plan] step=24 node=N7516 type=observe q_typed_residual_context=4.204691 sequence=77.128523
[b15-r6-local/a0.30/d16] [plan iscas99__b15_1] [plan] step=25 node=N582 type=control1 q_typed_residual_context=3.989382 sequence=81.117906
[b15-r6-local/a0.30/d16] [plan iscas99__b15_1] [plan] step=26 node=N766 type=control1 q_typed_residual_context=5.258860 sequence=86.376765
[b15-r6-local/a0.30/d16] [plan iscas99__b15_1] [plan] step=27 node=N5234 type=observe q_typed_residual_context=4.135269 sequence=90.512035
[b15-r6-local/a0.30/d16] [plan iscas99__b15_1] [plan] step=28 node=N737 type=control1 q_typed_residual_context=4.765534 sequence=95.277568
[b15-r6-local/a0.30/d16] [plan iscas99__b15_1] [plan] step=29 node=N1437 type=control1 q_typed_residual_context=3.453552 sequence=98.731120
[b15-r6-local/a0.30/d16] [plan iscas99__b15_1] [plan] step=30 node=N4635 type=control0 q_typed_residual_context=6.692261 sequence=105.423381
[b15-r6-local/a0.30/d16] [plan iscas99__b15_1] [plan] step=31 node=N7411 type=control1 q_typed_residual_context=3.665251 sequence=109.088632
[b15-r6-local/a0.30/d16] [plan iscas99__b15_1] [plan] step=32 node=N2042 type=observe q_typed_residual_context=4.001485 sequence=113.090117
[b15-r6-local/a0.30/d16] [plan iscas99__b15_1] [plan] step=33 node=N583 type=control1 q_typed_residual_context=7.216357 sequence=120.306473
[b15-r6-local/a0.30/d16] [plan iscas99__b15_1] [plan] step=34 node=N7511 type=control1 q_typed_residual_context=3.060986 sequence=123.367459
[b15-r6-local/a0.30/d16] [plan iscas99__b15_1] [plan] step=35 node=N2044 type=observe q_typed_residual_context=3.527369 sequence=126.894828
[b15-r6-local/a0.30/d16] [plan iscas99__b15_1] [plan] step=36 node=N7413 type=control1 q_typed_residual_context=3.162811 sequence=130.057639
[b15-r6-local/a0.30/d16] [plan iscas99__b15_1] [plan] step=37 node=N2040 type=observe q_typed_residual_context=3.064341 sequence=133.121980
[b15-r6-local/a0.30/d16] [plan iscas99__b15_1] [plan] step=38 node=N4649 type=control0 q_typed_residual_context=6.106112 sequence=139.228092
[b15-r6-local/a0.30/d16] [plan iscas99__b15_1] [plan] step=39 node=N3903 type=control0 q_typed_residual_context=0.844927 sequence=140.073019
[b15-r6-local/a0.30/d16] [plan iscas99__b15_1] [plan] step=40 node=N4656 type=control0 q_typed_residual_context=6.271632 sequence=146.344651
[b15-r6-local/a0.30/d16] [plan iscas99__b15_1] [plan] step=41 node=N3896 type=control0 q_typed_residual_context=0.863043 sequence=147.207694
[b15-r6-local/a0.30/d16] [plan iscas99__b15_1] [plan] step=42 node=N4663 type=control0 q_typed_residual_context=4.013367 sequence=151.221061
[b15-r6-local/a0.30/d16] [plan iscas99__b15_1] [plan] step=43 node=N3889 type=control0 q_typed_residual_context=0.958032 sequence=152.179092
[b15-r6-local/a0.30/d16] [plan iscas99__b15_1] [plan] step=44 node=N3701 type=control0 q_typed_residual_context=0.960491 sequence=153.139583
[b15-r6-local/a0.30/d16] [plan iscas99__b15_1] [plan] step=45 node=N713 type=observe q_typed_residual_context=2.261074 sequence=155.400657
[b15-r6-local/a0.30/d16] [plan iscas99__b15_1] [plan] step=46 node=N4670 type=control0 q_typed_residual_context=2.959063 sequence=158.359720
[b15-r6-local/a0.30/d16] [plan iscas99__b15_1] [plan] step=47 node=N2102 type=observe q_typed_residual_context=1.501536 sequence=159.861256
[b15-r6-local/a0.30/d16] [plan iscas99__b15_1] [plan] step=48 node=N704 type=observe q_typed_residual_context=1.907885 sequence=161.769141
[b15-r6-local/a0.30/d16] [plan iscas99__b15_1] [plan] step=49 node=N3722 type=control0 q_typed_residual_context=0.928839 sequence=162.697980
[b15-r6-local/a0.30/d16] [plan iscas99__b15_1] [plan] step=50 node=N4677 type=control0 q_typed_residual_context=2.760286 sequence=165.458267
[b15-r6-local/a0.30/d16] [plan iscas99__b15_1] [plan] step=51 node=N4684 type=control0 q_typed_residual_context=2.158763 sequence=167.617029
[b15-r6-local/a0.30/d16] [plan iscas99__b15_1] [plan] step=52 node=N3882 type=control0 q_typed_residual_context=1.022810 sequence=168.639839
[b15-r6-local/a0.30/d16] [plan iscas99__b15_1] [plan] step=53 node=N3805 type=control0 q_typed_residual_context=1.020759 sequence=169.660598
[b15-r6-local/a0.30/d16] [plan iscas99__b15_1] [plan] step=54 node=N4691 type=control0 q_typed_residual_context=1.815202 sequence=171.475799
[b15-r6-local/a0.30/d16] [plan iscas99__b15_1] [plan] step=55 node=N4698 type=control0 q_typed_residual_context=1.622924 sequence=173.098723
[b15-r6-local/a0.30/d16] [plan iscas99__b15_1] [plan] step=56 node=N3911 type=control0 q_typed_residual_context=1.417943 sequence=174.516666
[b15-r6-local/a0.30/d16] [plan iscas99__b15_1] [plan] step=57 node=N4705 type=control0 q_typed_residual_context=1.816325 sequence=176.332991
[b15-r6-local/a0.30/d16] [plan iscas99__b15_1] [plan] step=58 node=N724 type=observe q_typed_residual_context=2.006612 sequence=178.339603
[b15-r6-local/a0.30/d16] [plan iscas99__b15_1] [plan] step=59 node=N4712 type=control0 q_typed_residual_context=1.581999 sequence=179.921601
[b15-r6-local/a0.30/d16] [plan iscas99__b15_1] [plan] step=60 node=N3862 type=control0 q_typed_residual_context=1.095848 sequence=181.017449
[b15-r6-local/a0.30/d16] [plan iscas99__b15_1] [plan] step=61 node=N4716 type=control0 q_typed_residual_context=1.310825 sequence=182.328274
[b15-r6-local/a0.30/d16] [plan iscas99__b15_1] [plan] step=62 node=N3855 type=control0 q_typed_residual_context=1.511796 sequence=183.840070
[b15-r6-local/a0.30/d16] [plan iscas99__b15_1] [plan] step=63 node=N3848 type=control0 q_typed_residual_context=1.707711 sequence=185.547782
[b15-r6-local/a0.30/d16] [plan iscas99__b15_1] [plan] step=64 node=N3827 type=control0 q_typed_residual_context=1.818370 sequence=187.366152
[b15-r6-local/a0.30/d16] [plan iscas99__b15_1] [plan] step=65 node=N3820 type=control0 q_typed_residual_context=2.198874 sequence=189.565026
[b15-r6-local/a0.30/d16] [plan iscas99__b15_1] [plan] step=66 node=N3813 type=control0 q_typed_residual_context=2.117587 sequence=191.682613
[b15-r6-local/a0.30/d16] [plan iscas99__b15_1] [plan] step=67 node=N3799 type=control0 q_typed_residual_context=2.060595 sequence=193.743207
[b15-r6-local/a0.30/d16] [plan iscas99__b15_1] [plan] step=68 node=N3792 type=control0 q_typed_residual_context=1.792916 sequence=195.536123
[b15-r6-local/a0.30/d16] [plan iscas99__b15_1] [plan] step=69 node=N3785 type=control0 q_typed_residual_context=1.635366 sequence=197.171490
[b15-r6-local/a0.30/d16] [plan iscas99__b15_1] [plan] step=70 node=N7471 type=control0 q_typed_residual_context=1.653266 sequence=198.824756
[b15-r6-local/a0.30/d16] [plan iscas99__b15_1] [plan] step=71 node=N578 type=observe q_typed_residual_context=1.401366 sequence=200.226122
[b15-r6-local/a0.30/d16] [plan iscas99__b15_1] [plan] step=72 node=N7891 type=control1 q_typed_residual_context=1.860828 sequence=202.086950
[b15-r6-local/a0.30/d16] [plan iscas99__b15_1] [plan] step=73 node=N2083 type=observe q_typed_residual_context=2.343010 sequence=204.429960
[b15-r6-local/a0.30/d16] [plan iscas99__b15_1] [plan] step=74 node=N4585 type=control0 q_typed_residual_context=2.327340 sequence=206.757299
[b15-r6-local/a0.30/d16] [plan iscas99__b15_1] [plan] step=75 node=N1539 type=control0 q_typed_residual_context=2.083735 sequence=208.841035
[b15-r6-local/a0.30/d16] [plan iscas99__b15_1] [plan] step=76 node=N7724 type=control0 q_typed_residual_context=1.912847 sequence=210.753882
[b15-r6-local/a0.30/d16] [plan iscas99__b15_1] [plan] step=77 node=N4578 type=control0 q_typed_residual_context=1.731963 sequence=212.485845
[b15-r6-local/a0.30/d16] [plan iscas99__b15_1] [plan] step=78 node=N7854 type=control0 q_typed_residual_context=3.549620 sequence=216.035465
[b15-r6-local/a0.30/d16] [plan iscas99__b15_1] [plan] step=79 node=N3897 type=control0 q_typed_residual_context=2.833378 sequence=218.868843
[b15-r6-local/a0.30/d16] [plan iscas99__b15_1] [plan] step=80 node=N3904 type=control0 q_typed_residual_context=2.689271 sequence=221.558114
[b15-r6-local/a0.30/d16] [plan iscas99__b15_1] [plan] step=81 node=N4564 type=control0 q_typed_residual_context=2.876102 sequence=224.434216
[b15-r6-local/a0.30/d16] [plan iscas99__b15_1] [plan] step=82 node=N3841 type=control0 q_typed_residual_context=2.610825 sequence=227.045041
[b15-r6-local/a0.30/d16] [plan iscas99__b15_1] [plan] step=83 node=N7721 type=control0 q_typed_residual_context=3.301947 sequence=230.346988
[b15-r6-local/a0.30/d16] [plan iscas99__b15_1] [plan] step=84 node=N3681 type=control0 q_typed_residual_context=3.004488 sequence=233.351476
[b15-r6-local/a0.30/d16] [plan iscas99__b15_1] [plan] step=85 node=N4606 type=control0 q_typed_residual_context=2.772754 sequence=236.124230
[b15-r6-local/a0.30/d16] [plan iscas99__b15_1] [plan] step=86 node=N7723 type=control0 q_typed_residual_context=2.879912 sequence=239.004142
[b15-r6-local/a0.30/d16] [plan iscas99__b15_1] [plan] step=87 node=N519 type=control1 q_typed_residual_context=3.014210 sequence=242.018352
[b15-r6-local/a0.30/d16] [plan iscas99__b15_1] [plan] step=88 node=N7725 type=control0 q_typed_residual_context=3.009969 sequence=245.028321
[b15-r6-local/a0.30/d16] [plan iscas99__b15_1] [plan] step=89 node=N7587 type=control1 q_typed_residual_context=3.393698 sequence=248.422020
[b15-r6-local/a0.30/d16] [plan iscas99__b15_1] [plan] step=90 node=N513 type=control1 q_typed_residual_context=5.480202 sequence=253.902222
[b15-r6-local/a0.30/d16] [plan iscas99__b15_1] [plan] step=91 node=N504 type=control1 q_typed_residual_context=3.149296 sequence=257.051517
[b15-r6-local/a0.30/d16] [plan iscas99__b15_1] [plan] step=92 node=N7722 type=control0 q_typed_residual_context=2.744329 sequence=259.795846
[b15-r6-local/a0.30/d16] [plan iscas99__b15_1] [plan] step=93 node=N520 type=control1 q_typed_residual_context=3.693500 sequence=263.489346
[b15-r6-local/a0.30/d16] [plan iscas99__b15_1] [plan] step=94 node=N516 type=control1 q_typed_residual_context=3.592621 sequence=267.081967
[b15-r6-local/a0.30/d16] [plan iscas99__b15_1] [plan] step=95 node=N7370 type=control1 q_typed_residual_context=2.737146 sequence=269.819112
[b15-r6-local/a0.30/d16] [plan iscas99__b15_1] [plan] step=96 node=N7588 type=control1 q_typed_residual_context=2.746667 sequence=272.565780
[b15-r6-local/a0.30/d16] [plan iscas99__b15_1] [plan] step=97 node=N1533 type=control1 q_typed_residual_context=3.809630 sequence=276.375410
[b15-r6-local/a0.30/d16] [plan iscas99__b15_1] [plan] step=98 node=N4557 type=control0 q_typed_residual_context=1.682821 sequence=278.058231
[b15-r6-local/a0.30/d16] [plan iscas99__b15_1] [plan] step=99 node=N4520 type=control0 q_typed_residual_context=1.192343 sequence=279.250574
[b15-r6-local/a0.30/d16] [plan iscas99__b15_1] [plan] step=100 node=N7881 type=control1 q_typed_residual_context=0.738399 sequence=279.988973
[b15-r6-local/a0.30/d16] [plan iscas99__b15_1] [plan] step=101 node=N7882 type=control1 q_typed_residual_context=0.830255 sequence=280.819229
[b15-r6-local/a0.30/d16] [plan iscas99__b15_1] [plan] step=102 node=N7846 type=control0 q_typed_residual_context=2.397452 sequence=283.216680
[b15-r6-local/a0.30/d16] [plan iscas99__b15_1] [plan] step=103 node=N555 type=control1 q_typed_residual_context=1.150211 sequence=284.366891
[b15-r6-local/a0.30/d16] [plan iscas99__b15_1] [plan] step=104 node=N556 type=control1 q_typed_residual_context=1.243639 sequence=285.610530
[b15-r6-local/a0.30/d16] [plan iscas99__b15_1] [plan] step=105 node=N7408 type=control0 q_typed_residual_context=1.446156 sequence=287.056685
[b15-r6-local/a0.30/d16] [plan iscas99__b15_1] [plan] step=106 node=N7541 type=control0 q_typed_residual_context=1.559351 sequence=288.616037
[b15-r6-local/a0.30/d16] [plan iscas99__b15_1] [plan] step=107 node=N7847 type=control0 q_typed_residual_context=2.453177 sequence=291.069214
[b15-r6-local/a0.30/d16] [plan iscas99__b15_1] [plan] step=108 node=N5876 type=observe q_typed_residual_context=1.762356 sequence=292.831570
[b15-r6-local/a0.30/d16] [plan iscas99__b15_1] [plan] step=109 node=N7852 type=control0 q_typed_residual_context=3.863328 sequence=296.694898
[b15-r6-local/a0.30/d16] [plan iscas99__b15_1] [plan] step=110 node=N7853 type=control0 q_typed_residual_context=2.630812 sequence=299.325710
[b15-r6-local/a0.30/d16] [plan iscas99__b15_1] [plan] step=111 node=N8003 type=control0 q_typed_residual_context=1.786839 sequence=301.112549
[b15-r6-local/a0.30/d16] [plan iscas99__b15_1] [plan] step=112 node=N2580 type=control1 q_typed_residual_context=2.279192 sequence=303.391742
[b15-r6-local/a0.30/d16] [plan iscas99__b15_1] [plan] step=113 node=N1411 type=control0 q_typed_residual_context=2.571483 sequence=305.963224
[b15-r6-local/a0.30/d16] [plan iscas99__b15_1] [plan] step=114 node=N8005 type=control0 q_typed_residual_context=3.108019 sequence=309.071244
[b15-r6-local/a0.30/d16] [plan iscas99__b15_1] [plan] step=115 node=N5603 type=observe q_typed_residual_context=2.291466 sequence=311.362709
[b15-r6-local/a0.30/d16] [plan iscas99__b15_1] [plan] step=116 node=N694 type=observe q_typed_residual_context=5.530706 sequence=316.893415
[b15-r6-local/a0.30/d16] [plan iscas99__b15_1] [plan] step=117 node=N7401 type=observe q_typed_residual_context=3.163506 sequence=320.056922
[b15-r6-local/a0.30/d16] [plan iscas99__b15_1] [plan] step=118 node=N7734 type=control0 q_typed_residual_context=1.922995 sequence=321.979916
[b15-r6-local/a0.30/d16] [plan iscas99__b15_1] [plan] step=119 node=N7735 type=control0 q_typed_residual_context=1.947087 sequence=323.927003
[b15-r6-local/a0.30/d16] [plan iscas99__b15_1] [plan] step=120 node=N634 type=control1 q_typed_residual_context=2.391167 sequence=326.318171
[b15-r6-local/a0.30/d16] [plan iscas99__b15_1] [plan] step=121 node=N614 type=control1 q_typed_residual_context=2.721468 sequence=329.039639
[b15-r6-local/a0.30/d16] [plan iscas99__b15_1] [plan] step=122 node=N3180 type=control1 q_typed_residual_context=2.085129 sequence=331.124768
[b15-r6-local/a0.30/d16] [plan iscas99__b15_1] [plan] step=123 node=N7871 type=control1 q_typed_residual_context=2.761795 sequence=333.886563
[b15-r6-local/a0.30/d16] [plan iscas99__b15_1] [plan] step=124 node=N7733 type=control0 q_typed_residual_context=1.814576 sequence=335.701139
[b15-r6-local/a0.30/d16] [plan iscas99__b15_1] [plan] step=125 node=N610 type=control1 q_typed_residual_context=1.655590 sequence=337.356729
[b15-r6-local/a0.30/d16] [plan iscas99__b15_1] [plan] step=126 node=N7627 type=observe q_typed_residual_context=1.685486 sequence=339.042215
[b15-r6-local/a0.30/d16] [plan iscas99__b15_1] [plan] step=127 node=N620 type=control1 q_typed_residual_context=2.182334 sequence=341.224549
[b15-r6-local/a0.30/d16] [plan iscas99__b15_1] [plan] step=128 node=N5356 type=observe q_typed_residual_context=1.717895 sequence=342.942444
[b15-r6-local/a0.30/d16] [plan iscas99__b15_1] [plan] step=129 node=N7679 type=observe q_typed_residual_context=2.101883 sequence=345.044326
[b15-r6-local/a0.30/d16] [plan iscas99__b15_1] [plan] step=130 node=N2157 type=observe q_typed_residual_context=4.297489 sequence=349.341815
[b15-r6-local/a0.30/d16] [plan iscas99__b15_1] [plan] step=131 node=N7732 type=control0 q_typed_residual_context=1.547126 sequence=350.888941
[b15-r6-local/a0.30/d16] [plan iscas99__b15_1] [plan] step=132 node=N638 type=control1 q_typed_residual_context=2.517745 sequence=353.406687
[b15-r6-local/a0.30/d16] [plan iscas99__b15_1] [plan] step=133 node=N3410 type=control1 q_typed_residual_context=2.085256 sequence=355.491942
[b15-r6-local/a0.30/d16] [plan iscas99__b15_1] [plan] step=134 node=N7731 type=control0 q_typed_residual_context=1.674113 sequence=357.166056
[b15-r6-local/a0.30/d16] [plan iscas99__b15_1] [plan] step=135 node=N3237 type=control1 q_typed_residual_context=1.556444 sequence=358.722500
[b15-r6-local/a0.30/d16] [plan iscas99__b15_1] [plan] step=136 node=N645 type=control1 q_typed_residual_context=2.618015 sequence=361.340515
[b15-r6-local/a0.30/d16] [plan iscas99__b15_1] [plan] step=137 node=N7424 type=control1 q_typed_residual_context=1.309249 sequence=362.649764
[b15-r6-local/a0.30/d16] [plan iscas99__b15_1] [plan] step=138 node=N616 type=control1 q_typed_residual_context=1.922961 sequence=364.572725
[b15-r6-local/a0.30/d16] [plan iscas99__b15_1] [plan] step=139 node=N636 type=control1 q_typed_residual_context=1.754321 sequence=366.327045
[b15-r6-local/a0.30/d16] [plan iscas99__b15_1] [plan] step=140 node=N626 type=control1 q_typed_residual_context=0.716823 sequence=367.043869
[b15-r6-local/a0.30/d16] [plan iscas99__b15_1] [plan] step=141 node=N3295 type=control1 q_typed_residual_context=3.756780 sequence=370.800648
[b15-r6-local/a0.30/d16] [plan iscas99__b15_1] [plan] step=142 node=N3467 type=control1 q_typed_residual_context=1.121917 sequence=371.922565
[b15-r6-local/a0.30/d16] [plan iscas99__b15_1] [plan] step=143 node=N2106 type=observe q_typed_residual_context=0.913315 sequence=372.835880
[b15-r6-local/a0.30/d16] [plan iscas99__b15_1] [plan] step=144 node=N6533 type=observe q_typed_residual_context=0.799738 sequence=373.635618
[b15-r6-local/a0.30/d16] [plan iscas99__b15_1] [plan] step=145 node=N630 type=control1 q_typed_residual_context=0.771837 sequence=374.407455
[b15-r6-local/a0.30/d16] [plan iscas99__b15_1] [plan] step=146 node=N7402 type=observe q_typed_residual_context=0.836609 sequence=375.244064
[b15-r6-local/a0.30/d16] [plan iscas99__b15_1] [plan] step=147 node=N2149 type=observe q_typed_residual_context=1.263869 sequence=376.507932
[b15-r6-local/a0.30/d16] [plan iscas99__b15_1] [plan] step=148 node=N5740 type=observe q_typed_residual_context=0.767938 sequence=377.275870
[b15-r6-local/a0.30/d16] [plan iscas99__b15_1] [plan] step=149 node=N2072 type=observe q_typed_residual_context=0.644195 sequence=377.920065
[b15-r6-local/a0.30/d16] [plan iscas99__b15_1] [plan] step=150 node=N714 type=observe q_typed_residual_context=1.293892 sequence=379.213957
[b15-r6-local/a0.30/d16] [plan iscas99__b15_1] [plan] step=151 node=N642 type=control1 q_typed_residual_context=1.021832 sequence=380.235789
[b15-r6-local/a0.30/d16] [plan iscas99__b15_1] [plan] step=152 node=N649 type=control1 q_typed_residual_context=0.925464 sequence=381.161253
[b15-r6-local/a0.30/d16] [plan iscas99__b15_1] [plan] step=153 node=N7614 type=observe q_typed_residual_context=0.856875 sequence=382.018128
[b15-r6-local/a0.30/d16] [plan iscas99__b15_1] [plan] step=154 node=N6531 type=observe q_typed_residual_context=1.145947 sequence=383.164076
[b15-r6-local/a0.30/d16] [plan iscas99__b15_1] [plan] step=155 node=N7436 type=observe q_typed_residual_context=0.846912 sequence=384.010988
[b15-r6-local/a0.30/d16] [plan iscas99__b15_1] [plan] step=156 node=N722 type=observe q_typed_residual_context=1.654301 sequence=385.665289
[b15-r6-local/a0.30/d16] [plan iscas99__b15_1] [plan] step=157 node=N712 type=observe q_typed_residual_context=0.981524 sequence=386.646814
[b15-r6-local/a0.30/d16] [plan iscas99__b15_1] [plan] step=158 node=N723 type=observe q_typed_residual_context=1.517942 sequence=388.164756
[b15-r6-local/a0.30/d16] [plan iscas99__b15_1] [plan] step=159 node=N7385 type=observe q_typed_residual_context=0.920503 sequence=389.085259
[b15-r6-local/a0.30/d16] [plan iscas99__b15_1] [plan] step=160 node=N7728 type=control0 q_typed_residual_context=0.703969 sequence=389.789228
[b15-r6-local/a0.30/d16] [plan iscas99__b15_1] [plan] step=161 node=N1607 type=control1 q_typed_residual_context=0.798337 sequence=390.587565
[b15-r6-local/a0.30/d16] [plan iscas99__b15_1] [plan] step=162 node=N647 type=control1 q_typed_residual_context=0.818024 sequence=391.405589
[b15-r6-local/a0.30/d16] [plan iscas99__b15_1] [plan] step=163 node=N715 type=observe q_typed_residual_context=1.346361 sequence=392.751950
[b15-r6-local/a0.30/d16] [plan iscas99__b15_1] [plan] step=164 node=N1586 type=control1 q_typed_residual_context=1.113095 sequence=393.865046
[b15-r6-local/a0.30/d16] [plan iscas99__b15_1] [plan] step=165 node=N7729 type=control0 q_typed_residual_context=0.715840 sequence=394.580885
[b15-r6-local/a0.30/d16] [plan iscas99__b15_1] [plan] step=166 node=N7730 type=control0 q_typed_residual_context=0.759752 sequence=395.340637
[b15-r6-local/a0.30/d16] [plan iscas99__b15_1] [plan] step=167 node=N5473 type=observe q_typed_residual_context=0.682828 sequence=396.023465
[b15-r6-local/a0.30/d16] [plan iscas99__b15_1] [plan] step=168 node=N3525 type=control1 q_typed_residual_context=0.676072 sequence=396.699537
[b15-r6-local/a0.30/d16] [plan iscas99__b15_1] [plan] step=169 node=N703 type=observe q_typed_residual_context=0.878167 sequence=397.577704
[b15-r6-local/a0.30/d16] [plan iscas99__b15_1] [plan] step=170 node=N7454 type=observe q_typed_residual_context=0.682520 sequence=398.260224
[b15-r6-local/a0.30/d16] [plan iscas99__b15_1] [plan] step=171 node=N2721 type=control1 q_typed_residual_context=0.616287 sequence=398.876511
[b15-r6-local/a0.30/d16] [plan iscas99__b15_1] [plan] step=172 node=N765 type=observe q_typed_residual_context=0.659584 sequence=399.536095
[b15-r6-local/a0.30/d16] [plan iscas99__b15_1] [plan] step=173 node=N725 type=observe q_typed_residual_context=0.859147 sequence=400.395242
[b15-r6-local/a0.30/d16] [plan iscas99__b15_1] [plan] step=174 node=N705 type=observe q_typed_residual_context=0.929099 sequence=401.324340
[b15-r6-local/a0.30/d16] [plan iscas99__b15_1] [plan] step=175 node=N5422 type=observe q_typed_residual_context=0.694564 sequence=402.018905
[b15-r6-local/a0.30/d16] [plan iscas99__b15_1] [plan] step=176 node=N764 type=observe q_typed_residual_context=0.738598 sequence=402.757503
[b15-r6-local/a0.30/d16] [plan iscas99__b15_1] [plan] step=177 node=N706 type=observe q_typed_residual_context=1.032085 sequence=403.789589
[b15-r6-local/a0.30/d16] [plan iscas99__b15_1] [plan] step=178 node=N763 type=observe q_typed_residual_context=0.768891 sequence=404.558480
[b15-r6-local/a0.30/d16] [plan iscas99__b15_1] [plan] step=179 node=N679 type=observe q_typed_residual_context=1.048009 sequence=405.606488
[b15-r6-local/a0.30/d16] [plan iscas99__b15_1] [plan] step=180 node=N753 type=observe q_typed_residual_context=0.797248 sequence=406.403737
[b15-r6-local/a0.30/d16] [plan iscas99__b15_1] [plan] step=181 node=N5456 type=observe q_typed_residual_context=0.770813 sequence=407.174550
[b15-r6-local/a0.30/d16] [plan iscas99__b15_1] [plan] step=182 node=N7432 type=observe q_typed_residual_context=0.787127 sequence=407.961677
[b15-r6-local/a0.30/d16] [plan iscas99__b15_1] [plan] step=183 node=N5875 type=observe q_typed_residual_context=0.807511 sequence=408.769188
[b15-r6-local/a0.30/d16] [plan iscas99__b15_1] [plan] step=184 node=N5878 type=observe q_typed_residual_context=1.029751 sequence=409.798939
[b15-r6-local/a0.30/d16] [plan iscas99__b15_1] [plan] step=185 node=N7439 type=observe q_typed_residual_context=1.041304 sequence=410.840243
[b15-r6-local/a0.30/d16] [plan iscas99__b15_1] [plan] step=186 node=N719 type=observe q_typed_residual_context=1.107183 sequence=411.947425
[b15-r6-local/a0.30/d16] [plan iscas99__b15_1] [plan] step=187 node=N708 type=observe q_typed_residual_context=2.646801 sequence=414.594226
[b15-r6-local/a0.30/d16] [plan iscas99__b15_1] [plan] step=188 node=N5202 type=observe q_typed_residual_context=1.677116 sequence=416.271343
[b15-r6-local/a0.30/d16] [plan iscas99__b15_1] [plan] step=189 node=N734 type=observe q_typed_residual_context=1.210814 sequence=417.482157
[b15-r6-local/a0.30/d16] [plan iscas99__b15_1] [plan] step=190 node=N5439 type=observe q_typed_residual_context=6.826747 sequence=424.308904
[b15-r6-local/a0.30/d16] [plan iscas99__b15_1] [plan] step=191 node=N699 type=observe q_typed_residual_context=3.509932 sequence=427.818837
[b15-r6-local/a0.30/d16] [plan iscas99__b15_1] [plan] step=192 node=N7383 type=observe q_typed_residual_context=3.406382 sequence=431.225219
[b15-r6-local/a0.30/d16] [plan iscas99__b15_1] [plan] step=193 node=N5334 type=observe q_typed_residual_context=1.574947 sequence=432.800166
[b15-r6-local/a0.30/d16] [plan iscas99__b15_1] [plan] step=194 node=N1351 type=observe q_typed_residual_context=1.530541 sequence=434.330707
[b15-r6-local/a0.30/d16] [plan iscas99__b15_1] [plan] step=195 node=N5390 type=observe q_typed_residual_context=1.062847 sequence=435.393554
[b15-r6-local/a0.30/d16] [plan iscas99__b15_1] [plan] step=196 node=N2151 type=observe q_typed_residual_context=0.909367 sequence=436.302921
[b15-r6-local/a0.30/d16] [plan iscas99__b15_1] [plan] step=197 node=N6673 type=observe q_typed_residual_context=1.665012 sequence=437.967934
[b15-r6-local/a0.30/d16] [plan iscas99__b15_1] [plan] step=198 node=N7382 type=observe q_typed_residual_context=3.195730 sequence=441.163664
[b15-r6-local/a0.30/d16] [plan iscas99__b15_1] [plan] step=199 node=N684 type=observe q_typed_residual_context=1.389571 sequence=442.553235
[b15-r6-local/a0.30/d16] [plan iscas99__b15_1] [plan] step=200 node=N7380 type=observe q_typed_residual_context=1.388182 sequence=443.941418
[b15-r6-local/a0.30/d16] [plan iscas99__b15_1] [plan] step=201 node=N5373 type=observe q_typed_residual_context=0.984437 sequence=444.925855
[b15-r6-local/a0.30/d16] [plan iscas99__b15_1] [plan] step=202 node=N2159 type=observe q_typed_residual_context=0.572727 sequence=445.498583
[b15-r6-local/a0.30/d16] [plan iscas99__b15_1] [plan] step=203 node=N6685 type=observe q_typed_residual_context=0.717635 sequence=446.216217
[b15-r6-local/a0.30/d16] [plan iscas99__b15_1] [plan] step=204 node=N689 type=observe q_typed_residual_context=4.079738 sequence=450.295956
[b15-r6-local/a0.30/d16] [plan iscas99__b15_1] [plan] step=205 node=N729 type=observe q_typed_residual_context=4.531062 sequence=454.827018
[b15-r6-local/a0.30/d16] [plan iscas99__b15_1] [plan] step=206 node=N686 type=observe q_typed_residual_context=4.458699 sequence=459.285717
[b15-r6-local/a0.30/d16] [plan iscas99__b15_1] [plan] step=207 node=N6668 type=observe q_typed_residual_context=1.831729 sequence=461.117446
[b15-r6-local/a0.30/d16] [plan iscas99__b15_1] [plan] step=208 node=N2271 type=observe q_typed_residual_context=1.692007 sequence=462.809453
[b15-r6-local/a0.30/d16] [plan iscas99__b15_1] [plan] step=209 node=N7381 type=observe q_typed_residual_context=3.056801 sequence=465.866254
[b15-r6-local/a0.30/d16] [plan iscas99__b15_1] [plan] step=210 node=N5735 type=observe q_typed_residual_context=2.275441 sequence=468.141695
[b15-r6-local/a0.30/d16] [plan iscas99__b15_1] [plan] step=211 node=N7696 type=control0 q_typed_residual_context=2.572162 sequence=470.713857
[b15-r6-local/a0.30/d16] [plan iscas99__b15_1] [plan] step=212 node=N7473 type=control0 q_typed_residual_context=3.474755 sequence=474.188612
[b15-r6-local/a0.30/d16] [plan iscas99__b15_1] [plan] step=213 node=N7873 type=control1 q_typed_residual_context=1.750223 sequence=475.938835
[b15-r6-local/a0.30/d16] [plan iscas99__b15_1] [plan] step=214 node=N1599 type=observe q_typed_residual_context=1.488664 sequence=477.427499
[b15-r6-local/a0.30/d16] [plan iscas99__b15_1] [plan] step=215 node=N2243 type=observe q_typed_residual_context=3.310251 sequence=480.737750
[b15-r6-local/a0.30/d16] [plan iscas99__b15_1] [plan] step=216 node=N5094 type=observe q_typed_residual_context=4.254839 sequence=484.992589
[b15-r6-local/a0.30/d16] [plan iscas99__b15_1] [plan] step=217 node=N6660 type=observe q_typed_residual_context=2.907298 sequence=487.899887
[b15-r6-local/a0.30/d16] [plan iscas99__b15_1] [plan] step=218 node=N2267 type=observe q_typed_residual_context=4.208594 sequence=492.108482
[b15-r6-local/a0.30/d16] [plan iscas99__b15_1] [plan] step=219 node=N5160 type=observe q_typed_residual_context=3.971095 sequence=496.079577
[b15-r6-local/a0.30/d16] [plan iscas99__b15_1] [plan] step=220 node=N7422 type=observe q_typed_residual_context=4.398252 sequence=500.477829
[b15-r6-local/a0.30/d16] [plan iscas99__b15_1] [plan] step=221 node=N2259 type=observe q_typed_residual_context=3.691152 sequence=504.168981
[b15-r6-local/a0.30/d16] [plan iscas99__b15_1] [plan] step=222 node=N5111 type=observe q_typed_residual_context=6.893535 sequence=511.062515
[b15-r6-local/a0.30/d16] [plan iscas99__b15_1] [plan] step=223 node=N1879 type=observe q_typed_residual_context=6.614085 sequence=517.676600
[b15-r6-local/a0.30/d16] [plan iscas99__b15_1] [plan] step=224 node=N2263 type=observe q_typed_residual_context=4.885609 sequence=522.562209
[b15-r6-local/a0.30/d16] [plan iscas99__b15_1] [plan] step=225 node=N6682 type=observe q_typed_residual_context=6.144591 sequence=528.706800
[b15-r6-local/a0.30/d16] [plan iscas99__b15_1] [plan] step=226 node=N695 type=observe q_typed_residual_context=3.957163 sequence=532.663963
[b15-r6-local/a0.30/d16] [plan iscas99__b15_1] [plan] step=227 node=N2251 type=observe q_typed_residual_context=7.210503 sequence=539.874467
[b15-r6-local/a0.30/d16] [plan iscas99__b15_1] [plan] step=228 node=N696 type=observe q_typed_residual_context=6.646917 sequence=546.521384
[b15-r6-local/a0.30/d16] [plan iscas99__b15_1] [plan] step=229 node=N7443 type=observe q_typed_residual_context=1.915133 sequence=548.436516
[b15-r6-local/a0.30/d16] [plan iscas99__b15_1] [plan] step=230 node=N628 type=control1 q_typed_residual_context=0.614205 sequence=549.050721
[b15-r6-local/a0.30/d16] [plan iscas99__b15_1] [plan] step=231 node=N7542 type=control0 q_typed_residual_context=1.844497 sequence=550.895219
[b15-r6-local/a0.30/d16] [plan iscas99__b15_1] [plan] step=232 node=N6656 type=observe q_typed_residual_context=2.476652 sequence=553.371871
[b15-r6-local/a0.30/d16] [plan iscas99__b15_1] [plan] step=233 node=N759 type=observe q_typed_residual_context=1.677820 sequence=555.049691
[b15-r6-local/a0.30/d16] [plan iscas99__b15_1] [plan] step=234 node=N2247 type=observe q_typed_residual_context=6.216860 sequence=561.266551
[b15-r6-local/a0.30/d16] [plan iscas99__b15_1] [plan] step=235 node=N680 type=observe q_typed_residual_context=2.105521 sequence=563.372071
[b15-r6-local/a0.30/d16] [plan iscas99__b15_1] [plan] step=236 node=N1352 type=observe q_typed_residual_context=4.902876 sequence=568.274947
[b15-r6-local/a0.30/d16] [plan iscas99__b15_1] [plan] step=237 node=N697 type=observe q_typed_residual_context=2.425626 sequence=570.700573
[b15-r6-local/a0.30/d16] [plan iscas99__b15_1] [plan] step=238 node=N7444 type=observe q_typed_residual_context=1.850993 sequence=572.551566
[b15-r6-local/a0.30/d16] [plan iscas99__b15_1] [plan] step=239 node=N732 type=observe q_typed_residual_context=6.092094 sequence=578.643661
[b15-r6-local/a0.30/d16] [plan iscas99__b15_1] [plan] step=240 node=N2216 type=observe q_typed_residual_context=4.710915 sequence=583.354575
[b15-r6-local/a0.30/d16] [plan iscas99__b15_1] [plan] step=241 node=N6658 type=observe q_typed_residual_context=1.800932 sequence=585.155508
[b15-r6-local/a0.30/d16] [plan iscas99__b15_1] [plan] step=242 node=N2218 type=observe q_typed_residual_context=5.168585 sequence=590.324093
[b15-r6-local/a0.30/d16] [plan iscas99__b15_1] [plan] step=243 node=N2255 type=observe q_typed_residual_context=6.027185 sequence=596.351278
[b15-r6-local/a0.30/d16] [plan iscas99__b15_1] [plan] step=244 node=N6537 type=observe q_typed_residual_context=2.097214 sequence=598.448493
[b15-r6-local/a0.30/d16] [plan iscas99__b15_1] [plan] step=245 node=N4900 type=observe q_typed_residual_context=2.396183 sequence=600.844676
[b15-r6-local/a0.30/d16] [plan iscas99__b15_1] [plan] step=246 node=N7452 type=observe q_typed_residual_context=4.987215 sequence=605.831890
[b15-r6-local/a0.30/d16] [plan iscas99__b15_1] [plan] step=247 node=N2203 type=observe q_typed_residual_context=4.493991 sequence=610.325881
[b15-r6-local/a0.30/d16] [plan iscas99__b15_1] [plan] step=248 node=N733 type=observe q_typed_residual_context=5.759544 sequence=616.085425
[b15-r6-local/a0.30/d16] [plan iscas99__b15_1] [plan] step=249 node=N2205 type=observe q_typed_residual_context=5.752607 sequence=621.838032
[b15-r6-local/a0.30/d16] [plan iscas99__b15_1] [plan] step=250 node=N717 type=observe q_typed_residual_context=5.580433 sequence=627.418465
[b15-r6-local/a0.30/d16] [plan iscas99__b15_1] [plan] step=251 node=N2185 type=observe q_typed_residual_context=5.054850 sequence=632.473315
[b15-r6-local/a0.30/d16] [plan iscas99__b15_1] [plan] step=252 node=N7440 type=observe q_typed_residual_context=2.498275 sequence=634.971589
[b15-r6-local/a0.30/d16] [plan iscas99__b15_1] [plan] step=253 node=N640 type=control1 q_typed_residual_context=6.788757 sequence=641.760346
[b15-r6-local/a0.30/d16] [plan iscas99__b15_1] [plan] step=254 node=N8790 type=control1 q_typed_residual_context=6.362786 sequence=648.123132
[b15-r6-local/a0.30/d16] [plan iscas99__b15_1] [plan] step=255 node=N8240 type=control1 q_typed_residual_context=6.859912 sequence=654.983044
[b15-r6-local/a0.30/d16] [plan iscas99__b15_1] [plan] step=256 node=N8789 type=control1 q_typed_residual_context=3.955435 sequence=658.938479
[b15-r6-local/a0.30/d16] [plan iscas99__b15_1] [plan] step=257 node=N8239 type=control1 q_typed_residual_context=4.663728 sequence=663.602207
[b15-r6-local/a0.30/d16] [plan iscas99__b15_1] [plan] step=258 node=N735 type=observe q_typed_residual_context=5.125835 sequence=668.728042
[b15-r6-local/a0.30/d16] [plan iscas99__b15_1] [plan] step=259 node=N1688 type=observe q_typed_residual_context=2.960252 sequence=671.688294
[b15-r6-local/a0.30/d16] [plan iscas99__b15_1] [plan] step=260 node=N624 type=control1 q_typed_residual_context=3.152780 sequence=674.841074
[b15-r6-local/a0.30/d16] [plan iscas99__b15_1] [plan] step=261 node=N8607 type=control1 q_typed_residual_context=6.226622 sequence=681.067695
[b15-r6-local/a0.30/d16] [plan iscas99__b15_1] [plan] step=262 node=N754 type=observe q_typed_residual_context=1.336388 sequence=682.404083
[b15-r6-local/a0.30/d16] [plan iscas99__b15_1] [plan] step=263 node=N2201 type=observe q_typed_residual_context=5.274420 sequence=687.678503
[b15-r6-local/a0.30/d16] [plan iscas99__b15_1] [plan] step=264 node=N2226 type=observe q_typed_residual_context=5.646460 sequence=693.324962
[b15-r6-local/a0.30/d16] [plan iscas99__b15_1] [plan] step=265 node=N2212 type=observe q_typed_residual_context=6.633811 sequence=699.958774
[b15-r6-local/a0.30/d16] [plan iscas99__b15_1] [plan] step=266 node=N1598 type=observe q_typed_residual_context=3.149075 sequence=703.107848
[b15-r6-local/a0.30/d16] [plan iscas99__b15_1] [plan] step=267 node=N1348 type=observe q_typed_residual_context=2.978616 sequence=706.086465
[b15-r6-local/a0.30/d16] [plan iscas99__b15_1] [plan] step=268 node=N2214 type=observe q_typed_residual_context=2.919335 sequence=709.005799
[b15-r6-local/a0.30/d16] [plan iscas99__b15_1] [plan] step=269 node=N6562 type=observe q_typed_residual_context=5.967099 sequence=714.972898
[b15-r6-local/a0.30/d16] [plan iscas99__b15_1] [plan] step=270 node=N1347 type=observe q_typed_residual_context=6.224205 sequence=721.197103
[b15-r6-local/a0.30/d16] [plan iscas99__b15_1] [plan] step=271 node=N2222 type=observe q_typed_residual_context=6.509644 sequence=727.706747
[b15-r6-local/a0.30/d16] [plan iscas99__b15_1] [plan] step=272 node=N8470 type=observe q_typed_residual_context=6.515516 sequence=734.222263
[b15-r6-local/a0.30/d16] [plan iscas99__b15_1] [plan] step=273 node=N2220 type=observe q_typed_residual_context=6.590733 sequence=740.812996
[b15-r6-local/a0.30/d16] [plan iscas99__b15_1] [plan] step=274 node=N2207 type=observe q_typed_residual_context=4.632074 sequence=745.445070
[b15-r6-local/a0.30/d16] [plan iscas99__b15_1] [plan] step=275 node=N4758 type=observe q_typed_residual_context=3.056479 sequence=748.501549
[b15-r6-local/a0.30/d16] [plan iscas99__b15_1] [plan] step=276 node=N6955 type=control0 q_typed_residual_context=0.008500 sequence=748.510048
[b15-r6-local/a0.30/d16] [plan iscas99__b15_1] [plan] step=277 node=N652 type=control1 q_typed_residual_context=3.831236 sequence=752.341284
[b15-r6-local/a0.30/d16] [plan iscas99__b15_1] [plan] step=278 node=N8238 type=control1 q_typed_residual_context=3.057529 sequence=755.398814
[b15-r6-local/a0.30/d16] [plan iscas99__b15_1] saved=autoresearch/loop-260720-0945/model_training_round6/b15_selection/cone_local/alpha_0p30_decay_16/plans/iscas99__b15_1__greedy__cumulative__q_typed_residual_context__bw1__d1__c48__g1p0__candhard_fault_cluster__div0p0__s0.csv
[b15-r6-local/a0.30/d16] [gmean] 2026-07-21T10:44:26 [1/1] plan_done benchmark=iscas99__b15_1 plan_sec=168.524 plan_csv=autoresearch/loop-260720-0945/model_training_round6/b15_selection/cone_local/alpha_0p30_decay_16/plans/iscas99__b15_1__greedy__cumulative__q_typed_residual_context__bw1__d1__c48__g1p0__candhard_fault_cluster__div0p0__s0.csv
[b15-r6-local/a0.30/d16] [gmean] 2026-07-21T10:44:26 [1/1] eval_start benchmark=iscas99__b15_1 backend=atalanta-bist patterns=300000
[b15-r6-local/a0.30/d16] [eval iscas99__b15_1] {
[b15-r6-local/a0.30/d16] [eval iscas99__b15_1]   "records": 2,
[b15-r6-local/a0.30/d16] [eval iscas99__b15_1]   "labels_csv": "autoresearch/loop-260720-0945/model_training_round6/b15_selection/cone_local/alpha_0p30_decay_16/evals/iscas99__b15_1__greedy__cumulative__q_typed_residual_context__bw1__d1__c48__g1p0__candhard_fault_cluster__div0p0__s0/labels.csv",
[b15-r6-local/a0.30/d16] [eval iscas99__b15_1]   "summary_json": "autoresearch/loop-260720-0945/model_training_round6/b15_selection/cone_local/alpha_0p30_decay_16/evals/iscas99__b15_1__greedy__cumulative__q_typed_residual_context__bw1__d1__c48__g1p0__candhard_fault_cluster__div0p0__s0/summary.json"
[b15-r6-local/a0.30/d16] [eval iscas99__b15_1] }
[b15-r6-local/a0.30/d16] [gmean] 2026-07-21T10:44:32 [1/1] eval_done benchmark=iscas99__b15_1 delta_tc=0.11750000000000005 plan_sec=168.524 eval_sec=6.452 total_sec=174.981
[b15-r6-local/a0.30/d16] [gmean] 2026-07-21T10:44:32 variant_done id=greedy__cumulative__q_typed_residual_context__bw1__d1__c48__g1p0__candhard_fault_cluster__div0p0__s0 status=ok macro=0.11750000000000005 positives=1 negatives=0 elapsed=174.982
