[plan] torch_deterministic=true
[plan] candidate_allowlist=autoresearch/original-netlist-recovery-260712/exact_itc99/b15_C/exact_candidate_nodes.txt nodes=7918
[plan] latent_norm_clip_ratio=4 latent_norm_limit=30.875631
[plan] step=1 node=N677 type=control1 q_pred_context=4.858065 sequence=4.858065
[plan] step=2 node=N2155 type=observe q_pred_context=3.253097 sequence=8.111161
[plan] step=3 node=N502 type=control1 q_pred_context=2.192107 sequence=10.303268
[plan] step=4 node=N4520 type=control0 q_pred_context=1.569566 sequence=11.872834
[plan] step=5 node=N3644 type=control0 q_pred_context=1.833825 sequence=13.706659
[plan] step=6 node=N3756 type=control0 q_pred_context=1.049690 sequence=14.756349
[plan] step=7 node=N766 type=control1 q_pred_context=0.820685 sequence=15.577034
[plan] step=8 node=N557 type=control1 q_pred_context=1.335910 sequence=16.912945
[plan] step=9 node=N564 type=control1 q_pred_context=1.167942 sequence=18.080887
[plan] step=10 node=N508 type=control1 q_pred_context=1.274802 sequence=19.355689
[plan] step=11 node=N5143 type=observe q_pred_context=1.395388 sequence=20.751076
[plan] step=12 node=N4564 type=control0 q_pred_context=1.077389 sequence=21.828465
[plan] step=13 node=N7511 type=control1 q_pred_context=1.146078 sequence=22.974543
[plan] step=14 node=N2082 type=observe q_pred_context=1.461830 sequence=24.436373
[plan] step=15 node=N580 type=control1 q_pred_context=1.788249 sequence=26.224622
[plan] step=16 node=N5723 type=control0 q_pred_context=0.850772 sequence=27.075394
[plan] step=17 node=N496 type=control1 q_pred_context=1.643667 sequence=28.719061
[plan] step=18 node=N3605 type=observe q_pred_context=0.929437 sequence=29.648498
[plan] step=19 node=N1564 type=control1 q_pred_context=2.296293 sequence=31.944791
[plan] step=20 node=N5203 type=control1 q_pred_context=3.081220 sequence=35.026011
[plan] step=21 node=N2101 type=observe q_pred_context=2.882312 sequence=37.908323
[plan] step=22 node=N4635 type=control0 q_pred_context=2.667355 sequence=40.575678
[plan] step=23 node=N1853 type=observe q_pred_context=1.946478 sequence=42.522156
[plan] step=24 node=N7516 type=observe q_pred_context=2.496234 sequence=45.018390
[plan] step=25 node=N4649 type=control0 q_pred_context=3.298245 sequence=48.316635
[plan] step=26 node=N576 type=observe q_pred_context=1.449234 sequence=49.765869
[plan] step=27 node=N582 type=control1 q_pred_context=2.110498 sequence=51.876367
[plan] step=28 node=N4656 type=control0 q_pred_context=2.373885 sequence=54.250252
[plan] step=29 node=N762 type=control1 q_pred_context=0.805543 sequence=55.055794
[plan] step=30 node=N5234 type=observe q_pred_context=1.655336 sequence=56.711130
[plan] step=31 node=N3903 type=control0 q_pred_context=0.841957 sequence=57.553088
[plan] step=32 node=N4663 type=control0 q_pred_context=3.558963 sequence=61.112051
[plan] step=33 node=N2044 type=observe q_pred_context=1.029343 sequence=62.141394
[plan] step=34 node=N583 type=control1 q_pred_context=1.076888 sequence=63.218282
[plan] step=35 node=N4670 type=control0 q_pred_context=3.187478 sequence=66.405759
[plan] step=36 node=N7884 type=control1 q_pred_context=1.372520 sequence=67.778280
[plan] step=37 node=N7882 type=control1 q_pred_context=1.710122 sequence=69.488402
[plan] step=38 node=N7883 type=control1 q_pred_context=1.845387 sequence=71.333789
[plan] step=39 node=N713 type=observe q_pred_context=3.194893 sequence=74.528682
[plan] step=40 node=N4677 type=control0 q_pred_context=2.407300 sequence=76.935981
[plan] step=41 node=N6537 type=observe q_pred_context=3.083748 sequence=80.019729
[plan] step=42 node=N4684 type=control0 q_pred_context=3.186000 sequence=83.205729
[plan] step=43 node=N8470 type=observe q_pred_context=1.500931 sequence=84.706660
[plan] step=44 node=N4691 type=control0 q_pred_context=1.174065 sequence=85.880726
[plan] step=45 node=N724 type=observe q_pred_context=1.189513 sequence=87.070239
[plan] step=46 node=N7885 type=control1 q_pred_context=0.673817 sequence=87.744056
[plan] step=47 node=N4698 type=control0 q_pred_context=1.240800 sequence=88.984856
[plan] step=48 node=N7886 type=control1 q_pred_context=0.765831 sequence=89.750687
[plan] step=49 node=N7887 type=control1 q_pred_context=0.937692 sequence=90.688379
[plan] step=50 node=N7888 type=control1 q_pred_context=0.985718 sequence=91.674097
[plan] step=51 node=N4705 type=control0 q_pred_context=1.379525 sequence=93.053622
[plan] step=52 node=N2083 type=observe q_pred_context=1.043042 sequence=94.096664
[plan] step=53 node=N3911 type=control0 q_pred_context=0.848169 sequence=94.944833
[plan] step=54 node=N4712 type=control0 q_pred_context=1.226051 sequence=96.170884
[plan] step=55 node=N519 type=control1 q_pred_context=0.952434 sequence=97.123317
[plan] step=56 node=N3897 type=control0 q_pred_context=0.848585 sequence=97.971902
[plan] step=57 node=N4716 type=control0 q_pred_context=1.115742 sequence=99.087643
[plan] step=58 node=N3862 type=control0 q_pred_context=0.887859 sequence=99.975502
[plan] step=59 node=N3855 type=control0 q_pred_context=0.911726 sequence=100.887228
[plan] step=60 node=N3848 type=control0 q_pred_context=0.940468 sequence=101.827696
[plan] step=61 node=N3827 type=control0 q_pred_context=0.939538 sequence=102.767234
[plan] step=62 node=N4585 type=control0 q_pred_context=0.950589 sequence=103.717823
[plan] step=63 node=N7506 type=observe q_pred_context=1.328051 sequence=105.045874
[plan] step=64 node=N3701 type=control0 q_pred_context=0.879463 sequence=105.925337
[plan] step=65 node=N4606 type=control0 q_pred_context=0.868556 sequence=106.793893
[plan] step=66 node=N2350 type=control0 q_pred_context=0.958735 sequence=107.752629
[plan] step=67 node=N3820 type=control0 q_pred_context=0.968991 sequence=108.721619
[plan] step=68 node=N3813 type=control0 q_pred_context=1.058525 sequence=109.780145
[plan] step=69 node=N3799 type=control0 q_pred_context=1.111379 sequence=110.891524
[plan] step=70 node=N3889 type=control0 q_pred_context=1.284733 sequence=112.176258
[plan] step=71 node=N3882 type=control0 q_pred_context=1.224771 sequence=113.401029
[plan] step=72 node=N1539 type=control0 q_pred_context=1.216859 sequence=114.617888
[plan] step=73 node=N3805 type=control0 q_pred_context=1.039617 sequence=115.657504
[plan] step=74 node=N7722 type=control0 q_pred_context=1.243976 sequence=116.901480
[plan] step=75 node=N4578 type=control0 q_pred_context=1.198504 sequence=118.099983
[plan] step=76 node=N7724 type=control0 q_pred_context=1.105490 sequence=119.205474
[plan] step=77 node=N7471 type=control0 q_pred_context=1.267431 sequence=120.472904
[plan] step=78 node=N504 type=control1 q_pred_context=1.292376 sequence=121.765281
[plan] step=79 node=N516 type=control1 q_pred_context=1.009943 sequence=122.775223
[plan] step=80 node=N5873 type=observe q_pred_context=1.348052 sequence=124.123276
[plan] step=81 node=N7721 type=control0 q_pred_context=1.015966 sequence=125.139241
[plan] step=82 node=N3896 type=control0 q_pred_context=1.030323 sequence=126.169564
[plan] step=83 node=N7723 type=control0 q_pred_context=1.256141 sequence=127.425705
[plan] step=84 node=N5869 type=observe q_pred_context=0.863110 sequence=128.288815
[plan] step=85 node=N513 type=control1 q_pred_context=1.231622 sequence=129.520438
[plan] step=86 node=N556 type=control1 q_pred_context=0.962015 sequence=130.482452
[plan] step=87 node=N2042 type=observe q_pred_context=0.870164 sequence=131.352616
[plan] step=88 node=N704 type=observe q_pred_context=2.446900 sequence=133.799516
[plan] step=89 node=N555 type=control1 q_pred_context=1.297291 sequence=135.096807
[plan] step=90 node=N520 type=control1 q_pred_context=1.438690 sequence=136.535497
[plan] step=91 node=N7854 type=control0 q_pred_context=1.452735 sequence=137.988232
[plan] step=92 node=N507 type=control1 q_pred_context=1.406859 sequence=139.395091
[plan] step=93 node=N6948 type=observe q_pred_context=1.508285 sequence=140.903375
[plan] step=94 node=N7725 type=control0 q_pred_context=1.260904 sequence=142.164279
[plan] step=95 node=N7891 type=control1 q_pred_context=1.576896 sequence=143.741176
[plan] step=96 node=N7846 type=control0 q_pred_context=4.585664 sequence=148.326840
[plan] step=97 node=N899 type=observe q_pred_context=1.354795 sequence=149.681635
[plan] step=98 node=N7541 type=control0 q_pred_context=1.779506 sequence=151.461141
[plan] step=99 node=N7881 type=control1 q_pred_context=1.748730 sequence=153.209870
[plan] step=100 node=N7408 type=control0 q_pred_context=1.688892 sequence=154.898762
[plan] step=101 node=N7889 type=control1 q_pred_context=2.262045 sequence=157.160807
[plan] step=102 node=N7890 type=control1 q_pred_context=2.247798 sequence=159.408605
[plan] step=103 node=N510 type=control1 q_pred_context=2.593753 sequence=162.002358
[plan] step=104 node=N7411 type=control1 q_pred_context=3.215570 sequence=165.217928
[plan] step=105 node=N3904 type=control0 q_pred_context=3.137576 sequence=168.355504
[plan] step=106 node=N3792 type=control0 q_pred_context=2.087604 sequence=170.443108
[plan] step=107 node=N2106 type=observe q_pred_context=3.479687 sequence=173.922794
[plan] step=108 node=N3785 type=control0 q_pred_context=1.677853 sequence=175.600647
[plan] step=109 node=N3722 type=control0 q_pred_context=1.590527 sequence=177.191175
[plan] step=110 node=N3682 type=control0 q_pred_context=1.653960 sequence=178.845135
[plan] step=111 node=N7820 type=control0 q_pred_context=2.299423 sequence=181.144558
[plan] step=112 node=N4557 type=control0 q_pred_context=1.641070 sequence=182.785628
[plan] step=113 node=N3742 type=control0 q_pred_context=1.700147 sequence=184.485775
[plan] step=114 node=N2040 type=observe q_pred_context=1.805228 sequence=186.291003
[plan] step=115 node=N7847 type=control0 q_pred_context=1.716101 sequence=188.007104
[plan] step=116 node=N7852 type=control0 q_pred_context=1.202893 sequence=189.209997
[plan] step=117 node=N634 type=control1 q_pred_context=1.437088 sequence=190.647084
[plan] step=118 node=N7413 type=control1 q_pred_context=4.108437 sequence=194.755522
[plan] step=119 node=N7421 type=control1 q_pred_context=2.246747 sequence=197.002269
[plan] step=120 node=N638 type=control1 q_pred_context=1.735245 sequence=198.737514
[plan] step=121 node=N2580 type=control1 q_pred_context=2.972624 sequence=201.710138
[plan] step=122 node=N7853 type=control0 q_pred_context=2.981519 sequence=204.691657
[plan] step=123 node=N620 type=control1 q_pred_context=1.728964 sequence=206.420622
[plan] step=124 node=N1411 type=control0 q_pred_context=2.888206 sequence=209.308828
[plan] step=125 node=N610 type=control1 q_pred_context=1.822359 sequence=211.131187
[plan] step=126 node=N7518 type=observe q_pred_context=2.545411 sequence=213.676598
[plan] step=127 node=N614 type=control1 q_pred_context=1.922391 sequence=215.598989
[plan] step=128 node=N616 type=control1 q_pred_context=2.568024 sequence=218.167014
[plan] step=129 node=N645 type=control1 q_pred_context=3.032633 sequence=221.199646
[plan] step=130 node=N636 type=control1 q_pred_context=3.594220 sequence=224.793866
[plan] step=131 node=N3237 type=control1 q_pred_context=3.585061 sequence=228.378927
[plan] step=132 node=N3467 type=control1 q_pred_context=2.838211 sequence=231.217138
[plan] step=133 node=N630 type=control1 q_pred_context=2.268948 sequence=233.486086
[plan] step=134 node=N3410 type=control1 q_pred_context=5.737308 sequence=239.223394
[plan] step=135 node=N642 type=control1 q_pred_context=2.460831 sequence=241.684225
[plan] step=136 node=N649 type=control1 q_pred_context=3.978821 sequence=245.663045
[plan] step=137 node=N3525 type=control1 q_pred_context=4.297632 sequence=249.960677
[plan] step=138 node=N7370 type=control1 q_pred_context=1.384818 sequence=251.345495
[plan] step=139 node=N1607 type=control1 q_pred_context=1.387713 sequence=252.733208
[plan] step=140 node=N647 type=control1 q_pred_context=1.402762 sequence=254.135970
[plan] step=141 node=N3295 type=control1 q_pred_context=1.066761 sequence=255.202731
[plan] step=142 node=N1586 type=control1 q_pred_context=1.182084 sequence=256.384815
[plan] step=143 node=N7465 type=observe q_pred_context=0.767086 sequence=257.151901
[plan] step=144 node=N7424 type=control1 q_pred_context=1.811100 sequence=258.963001
[plan] step=145 node=N1552 type=observe q_pred_context=1.040277 sequence=260.003278
[plan] step=146 node=N2153 type=observe q_pred_context=4.555347 sequence=264.558626
[plan] step=147 node=N7537 type=observe q_pred_context=3.433252 sequence=267.991877
[plan] step=148 node=N785 type=observe q_pred_context=1.887362 sequence=269.879239
[plan] step=149 node=N7532 type=observe q_pred_context=2.038104 sequence=271.917343
[plan] step=150 node=N1372 type=observe q_pred_context=1.218140 sequence=273.135482
[plan] step=151 node=N7534 type=observe q_pred_context=4.326677 sequence=277.462160
[plan] step=152 node=N6669 type=control1 q_pred_context=2.672481 sequence=280.134640
[plan] step=153 node=N7535 type=observe q_pred_context=2.247839 sequence=282.382479
[plan] step=154 node=N7402 type=observe q_pred_context=1.058256 sequence=283.440735
[plan] step=155 node=N2102 type=observe q_pred_context=3.614888 sequence=287.055624
[plan] step=156 node=N3180 type=control1 q_pred_context=2.490858 sequence=289.546482
[plan] step=157 node=N7454 type=observe q_pred_context=1.729459 sequence=291.275940
[plan] step=158 node=N7482 type=observe q_pred_context=1.575668 sequence=292.851608
[plan] step=159 node=N2157 type=observe q_pred_context=2.782534 sequence=295.634142
[plan] step=160 node=N2952 type=control1 q_pred_context=2.775623 sequence=298.409765
[plan] step=161 node=N578 type=observe q_pred_context=1.728918 sequence=300.138683
[plan] step=162 node=N6534 type=observe q_pred_context=1.278560 sequence=301.417242
[plan] step=163 node=N7453 type=observe q_pred_context=1.304824 sequence=302.722067
[plan] step=164 node=N2721 type=control1 q_pred_context=1.103335 sequence=303.825402
[plan] step=165 node=N2894 type=control1 q_pred_context=0.984156 sequence=304.809557
[plan] step=166 node=N7624 type=observe q_pred_context=1.098818 sequence=305.908375
[plan] step=167 node=N4529 type=observe q_pred_context=2.049635 sequence=307.958011
[plan] step=168 node=N722 type=observe q_pred_context=1.772013 sequence=309.730023
[plan] step=169 node=N694 type=observe q_pred_context=2.562563 sequence=312.292586
[plan] step=170 node=N7385 type=observe q_pred_context=1.263534 sequence=313.556120
[plan] step=171 node=N5740 type=observe q_pred_context=1.792243 sequence=315.348363
[plan] step=172 node=N7614 type=observe q_pred_context=0.773846 sequence=316.122209
[plan] step=173 node=N5617 type=observe q_pred_context=1.760177 sequence=317.882385
[plan] step=174 node=N2149 type=observe q_pred_context=2.164951 sequence=320.047337
[plan] step=175 node=N5627 type=observe q_pred_context=2.654899 sequence=322.702235
[plan] step=176 node=N2837 type=control1 q_pred_context=1.989749 sequence=324.691984
[plan] step=177 node=N5867 type=observe q_pred_context=2.574230 sequence=327.266213
[plan] step=178 node=N7473 type=control0 q_pred_context=3.113457 sequence=330.379670
[plan] step=179 node=N5877 type=observe q_pred_context=3.341741 sequence=333.721411
[plan] step=180 node=N7589 type=control1 q_pred_context=2.375182 sequence=336.096594
[plan] step=181 node=N7436 type=observe q_pred_context=1.609158 sequence=337.705752
[plan] step=182 node=N723 type=observe q_pred_context=2.568980 sequence=340.274731
[plan] step=183 node=N4521 type=observe q_pred_context=1.464203 sequence=341.738935
[plan] step=184 node=N8790 type=control1 q_pred_context=2.390855 sequence=344.129790
[plan] step=185 node=N712 type=observe q_pred_context=1.955472 sequence=346.085261
[plan] step=186 node=N8240 type=control1 q_pred_context=1.348637 sequence=347.433899
[plan] step=187 node=N3067 type=control1 q_pred_context=0.800245 sequence=348.234143
[plan] step=188 node=N8789 type=control1 q_pred_context=1.092835 sequence=349.326978
[plan] step=189 node=N3009 type=control1 q_pred_context=0.765793 sequence=350.092771
[plan] step=190 node=N8607 type=control1 q_pred_context=1.053379 sequence=351.146150
[plan] step=191 node=N8239 type=control1 q_pred_context=1.115183 sequence=352.261333
[plan] step=192 node=N652 type=control1 q_pred_context=1.473164 sequence=353.734497
[plan] step=193 node=N7855 type=control0 q_pred_context=0.914404 sequence=354.648901
[plan] step=194 node=N8606 type=control1 q_pred_context=1.353595 sequence=356.002497
[plan] step=195 node=N8238 type=control1 q_pred_context=1.513738 sequence=357.516235
[plan] step=196 node=N8237 type=control1 q_pred_context=1.632662 sequence=359.148896
[plan] step=197 node=N902 type=control1 q_pred_context=1.630881 sequence=360.779778
[plan] step=198 node=N8605 type=control1 q_pred_context=1.863441 sequence=362.643219
[plan] step=199 node=N8236 type=control1 q_pred_context=1.864827 sequence=364.508046
[plan] step=200 node=N2779 type=control1 q_pred_context=0.825015 sequence=365.333061
[plan] step=201 node=N515 type=control1 q_pred_context=2.820354 sequence=368.153415
[plan] step=202 node=N6674 type=observe q_pred_context=2.919427 sequence=371.072842
[plan] step=203 node=N2652 type=control1 q_pred_context=1.336073 sequence=372.408915
[plan] step=204 node=N725 type=observe q_pred_context=0.924303 sequence=373.333218
[plan] step=205 node=N714 type=observe q_pred_context=1.598289 sequence=374.931507
[plan] step=206 node=N5356 type=observe q_pred_context=3.588834 sequence=378.520340
[plan] step=207 node=N715 type=observe q_pred_context=3.760002 sequence=382.280342
[plan] step=208 node=N7627 type=observe q_pred_context=5.267061 sequence=387.547403
[plan] step=209 node=N5726 type=control1 q_pred_context=1.269736 sequence=388.817140
[plan] step=210 node=N8235 type=control1 q_pred_context=1.290607 sequence=390.107747
[plan] step=211 node=N7401 type=observe q_pred_context=0.910546 sequence=391.018293
[plan] step=212 node=N7472 type=control0 q_pred_context=0.681236 sequence=391.699529
[plan] step=213 node=N8234 type=control1 q_pred_context=1.102654 sequence=392.802183
[plan] step=214 node=N5879 type=observe q_pred_context=5.256419 sequence=398.058602
[plan] step=215 node=N4460 type=control0 q_pred_context=2.430583 sequence=400.489185
[plan] step=216 node=N7405 type=observe q_pred_context=2.489712 sequence=402.978897
[plan] step=217 node=N6668 type=observe q_pred_context=3.085720 sequence=406.064617
[plan] step=218 node=N5473 type=observe q_pred_context=1.007203 sequence=407.071820
[plan] step=219 node=N706 type=observe q_pred_context=5.877222 sequence=412.949042
[plan] step=220 node=N4489 type=observe q_pred_context=5.917765 sequence=418.866807
[plan] step=221 node=N5456 type=observe q_pred_context=5.523596 sequence=424.390403
[plan] step=222 node=N703 type=observe q_pred_context=6.190020 sequence=430.580423
[plan] step=223 node=N6573 type=observe q_pred_context=5.972876 sequence=436.553299
[plan] step=224 node=N4421 type=control0 q_pred_context=2.235506 sequence=438.788805
[plan] step=225 node=N8783 type=control1 q_pred_context=4.170356 sequence=442.959162
[plan] step=226 node=N4359 type=control0 q_pred_context=5.515296 sequence=448.474458
[plan] step=227 node=N8233 type=control1 q_pred_context=3.956978 sequence=452.431436
[plan] step=228 node=N5422 type=observe q_pred_context=4.190513 sequence=456.621949
[plan] step=229 node=N4367 type=control0 q_pred_context=4.126397 sequence=460.748345
[plan] step=230 node=N2181 type=observe q_pred_context=1.963905 sequence=462.712250
[plan] step=231 node=N705 type=observe q_pred_context=3.012012 sequence=465.724263
[plan] step=232 node=N6660 type=observe q_pred_context=4.118727 sequence=469.842989
[plan] step=233 node=N679 type=observe q_pred_context=5.835190 sequence=475.678179
[plan] step=234 node=N4497 type=observe q_pred_context=5.505940 sequence=481.184119
[plan] step=235 node=N5390 type=observe q_pred_context=3.671619 sequence=484.855738
[plan] step=236 node=N7550 type=observe q_pred_context=6.391309 sequence=491.247046
[plan] step=237 node=N7439 type=observe q_pred_context=5.248841 sequence=496.495887
[plan] step=238 node=N4532 type=control0 q_pred_context=3.071129 sequence=499.567016
[plan] step=239 node=N4442 type=control0 q_pred_context=3.646396 sequence=503.213412
[plan] step=240 node=N1951 type=observe q_pred_context=2.550605 sequence=505.764018
[plan] step=241 node=N5439 type=observe q_pred_context=3.485278 sequence=509.249295
[plan] step=242 node=N5202 type=observe q_pred_context=4.027626 sequence=513.276922
[plan] step=243 node=N6656 type=observe q_pred_context=5.778073 sequence=519.054995
[plan] step=244 node=N2151 type=observe q_pred_context=5.730527 sequence=524.785522
[plan] step=245 node=N5373 type=observe q_pred_context=0.725566 sequence=525.511088
[plan] step=246 node=N6743 type=control1 q_pred_context=5.125230 sequence=530.636318
[plan] step=247 node=N8608 type=control1 q_pred_context=5.712073 sequence=536.348391
[plan] step=248 node=N7382 type=observe q_pred_context=3.472693 sequence=539.821083
[plan] step=249 node=N1874 type=observe q_pred_context=1.471536 sequence=541.292619
[plan] step=250 node=N4513 type=observe q_pred_context=5.291757 sequence=546.584376
[plan] step=251 node=N5334 type=observe q_pred_context=6.415232 sequence=552.999608
[plan] step=252 node=N719 type=observe q_pred_context=5.271547 sequence=558.271155
[plan] step=253 node=N7720 type=control0 q_pred_context=2.209390 sequence=560.480545
[plan] step=254 node=N6658 type=observe q_pred_context=2.031687 sequence=562.512231
[plan] step=255 node=N734 type=observe q_pred_context=1.673623 sequence=564.185854
[plan] step=256 node=N699 type=observe q_pred_context=2.980852 sequence=567.166706
[plan] step=257 node=N7380 type=observe q_pred_context=2.520127 sequence=569.686833
[plan] step=258 node=N4469 type=control0 q_pred_context=1.053970 sequence=570.740803
[plan] step=259 node=N4436 type=control0 q_pred_context=1.819431 sequence=572.560234
[plan] step=260 node=N4338 type=control0 q_pred_context=4.222914 sequence=576.783148
[plan] step=261 node=N2159 type=observe q_pred_context=6.534038 sequence=583.317186
[plan] step=262 node=N4505 type=observe q_pred_context=1.488269 sequence=584.805455
[plan] step=263 node=N1351 type=observe q_pred_context=5.568672 sequence=590.374127
[plan] step=264 node=N5665 type=control0 q_pred_context=1.691338 sequence=592.065465
[plan] step=265 node=N5671 type=control0 q_pred_context=5.483074 sequence=597.548539
[plan] step=266 node=N5715 type=control0 q_pred_context=5.949514 sequence=603.498053
[plan] step=267 node=N4391 type=control0 q_pred_context=3.844830 sequence=607.342884
[plan] step=268 node=N4879 type=control0 q_pred_context=4.367807 sequence=611.710691
[plan] step=269 node=N2348 type=control0 q_pred_context=6.134443 sequence=617.845134
[plan] step=270 node=N765 type=observe q_pred_context=5.764806 sequence=623.609940
[plan] step=271 node=N7383 type=observe q_pred_context=2.619530 sequence=626.229470
[plan] step=272 node=N686 type=observe q_pred_context=4.266376 sequence=630.495846
[plan] step=273 node=N1478 type=control0 q_pred_context=6.621893 sequence=637.117739
[plan] step=274 node=N6688 type=observe q_pred_context=6.459417 sequence=643.577156
[plan] step=275 node=N729 type=observe q_pred_context=5.601174 sequence=649.178330
[plan] step=276 node=N684 type=observe q_pred_context=5.935431 sequence=655.113761
[plan] step=277 node=N6681 type=observe q_pred_context=6.799756 sequence=661.913517
[plan] step=278 node=N531 type=observe q_pred_context=2.768329 sequence=664.681846
saved=autoresearch/loop-260718-0223/relative_gate_b15_round18/range_m0p05/b15_C/plans/iscas99__b15_1__greedy__cumulative__q_pred_context__bw1__d1__c64__g1p0__candhard_fault_cluster__div0p0__s0.csv
