[plan] torch_deterministic=true
[plan] candidate_allowlist=autoresearch/original-netlist-recovery-260712/exact_itc99/b15_C/exact_candidate_nodes.txt nodes=7918
[plan] latent_norm_clip_ratio=4 latent_norm_limit=30.875631
[plan] step=1 node=N677 type=control1 q_typed_residual_context=5.256824 sequence=5.256824
[plan] step=2 node=N2155 type=observe q_typed_residual_context=4.728140 sequence=9.984963
[plan] step=3 node=N502 type=control1 q_typed_residual_context=1.960688 sequence=11.945651
[plan] step=4 node=N762 type=control1 q_typed_residual_context=1.636990 sequence=13.582641
[plan] step=5 node=N3644 type=control0 q_typed_residual_context=1.214906 sequence=14.797547
[plan] step=6 node=N3756 type=control0 q_typed_residual_context=1.056512 sequence=15.854059
[plan] step=7 node=N557 type=control1 q_typed_residual_context=0.977930 sequence=16.831988
[plan] step=8 node=N5143 type=observe q_typed_residual_context=1.094599 sequence=17.926587
[plan] step=9 node=N507 type=control1 q_typed_residual_context=0.940102 sequence=18.866689
[plan] step=10 node=N3742 type=control0 q_typed_residual_context=1.123037 sequence=19.989725
[plan] step=11 node=N564 type=control1 q_typed_residual_context=2.289535 sequence=22.279260
[plan] step=12 node=N5203 type=control1 q_typed_residual_context=1.568977 sequence=23.848238
[plan] step=13 node=N5866 type=observe q_typed_residual_context=3.289872 sequence=27.138110
[plan] step=14 node=N580 type=control1 q_typed_residual_context=3.101423 sequence=30.239532
[plan] step=15 node=N737 type=control1 q_typed_residual_context=2.752461 sequence=32.991994
[plan] step=16 node=N1853 type=observe q_typed_residual_context=1.838719 sequence=34.830712
[plan] step=17 node=N2082 type=observe q_typed_residual_context=4.720277 sequence=39.550989
[plan] step=18 node=N2153 type=observe q_typed_residual_context=4.600069 sequence=44.151058
[plan] step=19 node=N2101 type=observe q_typed_residual_context=5.294653 sequence=49.445710
[plan] step=20 node=N1860 type=observe q_typed_residual_context=4.806442 sequence=54.252152
[plan] step=21 node=N1372 type=observe q_typed_residual_context=4.186365 sequence=58.438517
[plan] step=22 node=N496 type=control1 q_typed_residual_context=6.740177 sequence=65.178695
[plan] step=23 node=N5723 type=control0 q_typed_residual_context=6.115692 sequence=71.294386
[plan] step=24 node=N582 type=control1 q_typed_residual_context=5.966673 sequence=77.261059
[plan] step=25 node=N7516 type=observe q_typed_residual_context=5.721337 sequence=82.982396
[plan] step=26 node=N766 type=control1 q_typed_residual_context=6.907074 sequence=89.889470
[plan] step=27 node=N5234 type=observe q_typed_residual_context=5.503304 sequence=95.392773
[plan] step=28 node=N1437 type=control1 q_typed_residual_context=4.383210 sequence=99.775983
[plan] step=29 node=N583 type=control1 q_typed_residual_context=4.354280 sequence=104.130263
[plan] step=30 node=N7411 type=control1 q_typed_residual_context=4.393355 sequence=108.523617
[plan] step=31 node=N4635 type=control0 q_typed_residual_context=7.832182 sequence=116.355800
[plan] step=32 node=N7511 type=control1 q_typed_residual_context=2.913235 sequence=119.269035
[plan] step=33 node=N2042 type=observe q_typed_residual_context=6.136535 sequence=125.405570
[plan] step=34 node=N7413 type=control1 q_typed_residual_context=4.747148 sequence=130.152718
[plan] step=35 node=N2044 type=observe q_typed_residual_context=6.236943 sequence=136.389661
[plan] step=36 node=N2040 type=observe q_typed_residual_context=5.906220 sequence=142.295881
[plan] step=37 node=N1532 type=observe q_typed_residual_context=4.135321 sequence=146.431202
[plan] step=38 node=N4649 type=control0 q_typed_residual_context=6.368330 sequence=152.799533
[plan] step=39 node=N3701 type=control0 q_typed_residual_context=0.892090 sequence=153.691622
[plan] step=40 node=N7881 type=control1 q_typed_residual_context=1.182463 sequence=154.874085
[plan] step=41 node=N7891 type=control1 q_typed_residual_context=1.637634 sequence=156.511719
[plan] step=42 node=N7882 type=control1 q_typed_residual_context=2.036042 sequence=158.547761
[plan] step=43 node=N4585 type=control0 q_typed_residual_context=0.821877 sequence=159.369638
[plan] step=44 node=N7883 type=control1 q_typed_residual_context=0.984397 sequence=160.354035
[plan] step=45 node=N7884 type=control1 q_typed_residual_context=1.066147 sequence=161.420182
[plan] step=46 node=N7885 type=control1 q_typed_residual_context=0.956663 sequence=162.376845
[plan] step=47 node=N4656 type=control0 q_typed_residual_context=1.584679 sequence=163.961524
[plan] step=48 node=N3903 type=control0 q_typed_residual_context=0.889651 sequence=164.851175
[plan] step=49 node=N4663 type=control0 q_typed_residual_context=1.191472 sequence=166.042647
[plan] step=50 node=N713 type=observe q_typed_residual_context=1.412350 sequence=167.454997
[plan] step=51 node=N724 type=observe q_typed_residual_context=1.444678 sequence=168.899675
[plan] step=52 node=N4670 type=control0 q_typed_residual_context=1.378998 sequence=170.278673
[plan] step=53 node=N704 type=observe q_typed_residual_context=1.322895 sequence=171.601569
[plan] step=54 node=N4677 type=control0 q_typed_residual_context=1.181908 sequence=172.783477
[plan] step=55 node=N3896 type=control0 q_typed_residual_context=0.997974 sequence=173.781450
[plan] step=56 node=N4684 type=control0 q_typed_residual_context=1.202966 sequence=174.984417
[plan] step=57 node=N3889 type=control0 q_typed_residual_context=1.146167 sequence=176.130584
[plan] step=58 node=N3882 type=control0 q_typed_residual_context=1.239306 sequence=177.369890
[plan] step=59 node=N3805 type=control0 q_typed_residual_context=1.207789 sequence=178.577679
[plan] step=60 node=N4578 type=control0 q_typed_residual_context=1.200227 sequence=179.777906
[plan] step=61 node=N4606 type=control0 q_typed_residual_context=1.288773 sequence=181.066679
[plan] step=62 node=N4705 type=control0 q_typed_residual_context=1.221427 sequence=182.288106
[plan] step=63 node=N4564 type=control0 q_typed_residual_context=1.120165 sequence=183.408271
[plan] step=64 node=N4716 type=control0 q_typed_residual_context=1.045692 sequence=184.453963
[plan] step=65 node=N4712 type=control0 q_typed_residual_context=1.134778 sequence=185.588741
[plan] step=66 node=N4698 type=control0 q_typed_residual_context=1.254252 sequence=186.842993
[plan] step=67 node=N4691 type=control0 q_typed_residual_context=1.291777 sequence=188.134771
[plan] step=68 node=N722 type=observe q_typed_residual_context=2.755843 sequence=190.890613
[plan] step=69 node=N4557 type=control0 q_typed_residual_context=2.185538 sequence=193.076151
[plan] step=70 node=N7471 type=control0 q_typed_residual_context=1.780888 sequence=194.857040
[plan] step=71 node=N3722 type=control0 q_typed_residual_context=1.803325 sequence=196.660365
[plan] step=72 node=N1539 type=control0 q_typed_residual_context=2.420692 sequence=199.081057
[plan] step=73 node=N3911 type=control0 q_typed_residual_context=1.955757 sequence=201.036814
[plan] step=74 node=N7724 type=control0 q_typed_residual_context=2.658208 sequence=203.695022
[plan] step=75 node=N7854 type=control0 q_typed_residual_context=2.965381 sequence=206.660404
[plan] step=76 node=N3862 type=control0 q_typed_residual_context=1.580752 sequence=208.241156
[plan] step=77 node=N7886 type=control1 q_typed_residual_context=1.347393 sequence=209.588549
[plan] step=78 node=N7887 type=control1 q_typed_residual_context=1.986312 sequence=211.574861
[plan] step=79 node=N7888 type=control1 q_typed_residual_context=2.048044 sequence=213.622905
[plan] step=80 node=N7889 type=control1 q_typed_residual_context=2.093867 sequence=215.716772
[plan] step=81 node=N7890 type=control1 q_typed_residual_context=1.952394 sequence=217.669166
[plan] step=82 node=N3897 type=control0 q_typed_residual_context=1.873559 sequence=219.542725
[plan] step=83 node=N3904 type=control0 q_typed_residual_context=1.691898 sequence=221.234623
[plan] step=84 node=N7722 type=control0 q_typed_residual_context=2.256675 sequence=223.491298
[plan] step=85 node=N519 type=control1 q_typed_residual_context=1.655265 sequence=225.146564
[plan] step=86 node=N7370 type=control1 q_typed_residual_context=1.140467 sequence=226.287031
[plan] step=87 node=N504 type=control1 q_typed_residual_context=1.486473 sequence=227.773504
[plan] step=88 node=N516 type=control1 q_typed_residual_context=1.010869 sequence=228.784373
[plan] step=89 node=N513 type=control1 q_typed_residual_context=0.938715 sequence=229.723088
[plan] step=90 node=N3855 type=control0 q_typed_residual_context=1.631066 sequence=231.354155
[plan] step=91 node=N7543 type=control0 q_typed_residual_context=2.835746 sequence=234.189900
[plan] step=92 node=N1533 type=control1 q_typed_residual_context=1.500147 sequence=235.690048
[plan] step=93 node=N5603 type=observe q_typed_residual_context=1.838708 sequence=237.528756
[plan] step=94 node=N7721 type=control0 q_typed_residual_context=4.854147 sequence=242.382903
[plan] step=95 node=N3848 type=control0 q_typed_residual_context=1.482152 sequence=243.865055
[plan] step=96 node=N7820 type=control0 q_typed_residual_context=1.505054 sequence=245.370108
[plan] step=97 node=N7723 type=control0 q_typed_residual_context=2.431725 sequence=247.801833
[plan] step=98 node=N7725 type=control0 q_typed_residual_context=2.054819 sequence=249.856653
[plan] step=99 node=N7588 type=control1 q_typed_residual_context=1.265017 sequence=251.121670
[plan] step=100 node=N7590 type=control1 q_typed_residual_context=1.941680 sequence=253.063350
[plan] step=101 node=N3841 type=control0 q_typed_residual_context=1.921338 sequence=254.984688
[plan] step=102 node=N7846 type=control0 q_typed_residual_context=2.928820 sequence=257.913508
[plan] step=103 node=N7408 type=control0 q_typed_residual_context=2.019043 sequence=259.932550
[plan] step=104 node=N7852 type=control0 q_typed_residual_context=2.358710 sequence=262.291261
[plan] step=105 node=N7847 type=control0 q_typed_residual_context=5.426513 sequence=267.717774
[plan] step=106 node=N7853 type=control0 q_typed_residual_context=2.808568 sequence=270.526342
[plan] step=107 node=N578 type=observe q_typed_residual_context=1.954154 sequence=272.480495
[plan] step=108 node=N7541 type=control0 q_typed_residual_context=1.191275 sequence=273.671770
[plan] step=109 node=N5876 type=observe q_typed_residual_context=0.873791 sequence=274.545562
[plan] step=110 node=N634 type=control1 q_typed_residual_context=1.323607 sequence=275.869169
[plan] step=111 node=N3827 type=control0 q_typed_residual_context=1.836555 sequence=277.705724
[plan] step=112 node=N7627 type=observe q_typed_residual_context=2.142944 sequence=279.848668
[plan] step=113 node=N2157 type=observe q_typed_residual_context=3.048963 sequence=282.897631
[plan] step=114 node=N3820 type=control0 q_typed_residual_context=1.865677 sequence=284.763308
[plan] step=115 node=N7402 type=observe q_typed_residual_context=1.663638 sequence=286.426946
[plan] step=116 node=N7679 type=observe q_typed_residual_context=1.762800 sequence=288.189746
[plan] step=117 node=N3813 type=control0 q_typed_residual_context=2.245651 sequence=290.435397
[plan] step=118 node=N556 type=control1 q_typed_residual_context=2.212347 sequence=292.647745
[plan] step=119 node=N555 type=control1 q_typed_residual_context=2.043682 sequence=294.691427
[plan] step=120 node=N520 type=control1 q_typed_residual_context=2.172520 sequence=296.863947
[plan] step=121 node=N614 type=control1 q_typed_residual_context=2.288618 sequence=299.152565
[plan] step=122 node=N2083 type=observe q_typed_residual_context=1.543140 sequence=300.695705
[plan] step=123 node=N3799 type=control0 q_typed_residual_context=1.513164 sequence=302.208869
[plan] step=124 node=N5356 type=observe q_typed_residual_context=1.187548 sequence=303.396416
[plan] step=125 node=N694 type=observe q_typed_residual_context=2.506027 sequence=305.902444
[plan] step=126 node=N638 type=control1 q_typed_residual_context=1.715622 sequence=307.618066
[plan] step=127 node=N620 type=control1 q_typed_residual_context=2.647347 sequence=310.265413
[plan] step=128 node=N610 type=control1 q_typed_residual_context=4.010278 sequence=314.275692
[plan] step=129 node=N645 type=control1 q_typed_residual_context=5.293723 sequence=319.569415
[plan] step=130 node=N3792 type=control0 q_typed_residual_context=5.665299 sequence=325.234714
[plan] step=131 node=N3785 type=control0 q_typed_residual_context=2.361024 sequence=327.595738
[plan] step=132 node=N6674 type=observe q_typed_residual_context=2.208049 sequence=329.803787
[plan] step=133 node=N4520 type=control0 q_typed_residual_context=1.591959 sequence=331.395746
[plan] step=134 node=N616 type=control1 q_typed_residual_context=1.968956 sequence=333.364702
[plan] step=135 node=N2106 type=observe q_typed_residual_context=1.569363 sequence=334.934065
[plan] step=136 node=N636 type=control1 q_typed_residual_context=1.425338 sequence=336.359403
[plan] step=137 node=N7401 type=observe q_typed_residual_context=1.433425 sequence=337.792828
[plan] step=138 node=N2149 type=observe q_typed_residual_context=1.807991 sequence=339.600819
[plan] step=139 node=N3681 type=control0 q_typed_residual_context=1.482507 sequence=341.083325
[plan] step=140 node=N5878 type=observe q_typed_residual_context=1.897365 sequence=342.980691
[plan] step=141 node=N7614 type=observe q_typed_residual_context=1.345688 sequence=344.326379
[plan] step=142 node=N7421 type=control1 q_typed_residual_context=1.835093 sequence=346.161472
[plan] step=143 node=N1411 type=control0 q_typed_residual_context=1.205001 sequence=347.366473
[plan] step=144 node=N2102 type=observe q_typed_residual_context=1.023311 sequence=348.389784
[plan] step=145 node=N712 type=observe q_typed_residual_context=1.652223 sequence=350.042007
[plan] step=146 node=N7424 type=control1 q_typed_residual_context=1.216087 sequence=351.258095
[plan] step=147 node=N3295 type=control1 q_typed_residual_context=0.839864 sequence=352.097958
[plan] step=148 node=N630 type=control1 q_typed_residual_context=0.956206 sequence=353.054164
[plan] step=149 node=N642 type=control1 q_typed_residual_context=1.167629 sequence=354.221793
[plan] step=150 node=N649 type=control1 q_typed_residual_context=1.182694 sequence=355.404487
[plan] step=151 node=N5874 type=observe q_typed_residual_context=0.994237 sequence=356.398724
[plan] step=152 node=N3525 type=control1 q_typed_residual_context=0.949428 sequence=357.348152
[plan] step=153 node=N3410 type=control1 q_typed_residual_context=0.852123 sequence=358.200275
[plan] step=154 node=N7385 type=observe q_typed_residual_context=0.759808 sequence=358.960083
[plan] step=155 node=N1607 type=control1 q_typed_residual_context=1.006511 sequence=359.966594
[plan] step=156 node=N3180 type=control1 q_typed_residual_context=0.955124 sequence=360.921718
[plan] step=157 node=N647 type=control1 q_typed_residual_context=1.238880 sequence=362.160598
[plan] step=158 node=N6534 type=observe q_typed_residual_context=0.743884 sequence=362.904482
[plan] step=159 node=N1586 type=control1 q_typed_residual_context=1.468175 sequence=364.372657
[plan] step=160 node=N723 type=observe q_typed_residual_context=1.045001 sequence=365.417658
[plan] step=161 node=N714 type=observe q_typed_residual_context=1.212548 sequence=366.630206
[plan] step=162 node=N725 type=observe q_typed_residual_context=1.409923 sequence=368.040129
[plan] step=163 node=N715 type=observe q_typed_residual_context=1.579182 sequence=369.619310
[plan] step=164 node=N7436 type=observe q_typed_residual_context=1.173784 sequence=370.793094
[plan] step=165 node=N5740 type=observe q_typed_residual_context=2.395173 sequence=373.188268
[plan] step=166 node=N3467 type=control1 q_typed_residual_context=2.432260 sequence=375.620528
[plan] step=167 node=N2652 type=control1 q_typed_residual_context=1.047171 sequence=376.667698
[plan] step=168 node=N7454 type=observe q_typed_residual_context=1.316221 sequence=377.983919
[plan] step=169 node=N703 type=observe q_typed_residual_context=1.179809 sequence=379.163728
[plan] step=170 node=N2721 type=control1 q_typed_residual_context=1.138529 sequence=380.302257
[plan] step=171 node=N6678 type=observe q_typed_residual_context=0.312604 sequence=380.614861
[plan] step=172 node=N5473 type=observe q_typed_residual_context=1.502629 sequence=382.117490
[plan] step=173 node=N705 type=observe q_typed_residual_context=2.240932 sequence=384.358423
[plan] step=174 node=N2894 type=control1 q_typed_residual_context=2.163931 sequence=386.522354
[plan] step=175 node=N2952 type=control1 q_typed_residual_context=1.695616 sequence=388.217970
[plan] step=176 node=N1987 type=observe q_typed_residual_context=1.128538 sequence=389.346509
[plan] step=177 node=N2580 type=control1 q_typed_residual_context=1.181956 sequence=390.528465
[plan] step=178 node=N5422 type=observe q_typed_residual_context=1.073164 sequence=391.601629
[plan] step=179 node=N2779 type=control1 q_typed_residual_context=1.640141 sequence=393.241770
[plan] step=180 node=N706 type=observe q_typed_residual_context=1.943824 sequence=395.185594
[plan] step=181 node=N7405 type=observe q_typed_residual_context=1.736032 sequence=396.921626
[plan] step=182 node=N7414 type=control1 q_typed_residual_context=1.259542 sequence=398.181168
[plan] step=183 node=N6685 type=observe q_typed_residual_context=0.566327 sequence=398.747494
[plan] step=184 node=N679 type=observe q_typed_residual_context=6.132011 sequence=404.879505
[plan] step=185 node=N5456 type=observe q_typed_residual_context=6.993096 sequence=411.872602
[plan] step=186 node=N5439 type=observe q_typed_residual_context=6.352293 sequence=418.224895
[plan] step=187 node=N1879 type=observe q_typed_residual_context=6.202815 sequence=424.427710
[plan] step=188 node=N7873 type=control1 q_typed_residual_context=3.117658 sequence=427.545368
[plan] step=189 node=N2151 type=observe q_typed_residual_context=6.302240 sequence=433.847607
[plan] step=190 node=N7439 type=observe q_typed_residual_context=2.388485 sequence=436.236092
[plan] step=191 node=N6682 type=observe q_typed_residual_context=1.824626 sequence=438.060719
[plan] step=192 node=N5390 type=observe q_typed_residual_context=3.707178 sequence=441.767896
[plan] step=193 node=N5334 type=observe q_typed_residual_context=4.466351 sequence=446.234248
[plan] step=194 node=N5373 type=observe q_typed_residual_context=7.025738 sequence=453.259986
[plan] step=195 node=N5202 type=observe q_typed_residual_context=7.270442 sequence=460.530428
[plan] step=196 node=N7382 type=observe q_typed_residual_context=0.674993 sequence=461.205421
[plan] step=197 node=N765 type=observe q_typed_residual_context=6.449543 sequence=467.654965
[plan] step=198 node=N719 type=observe q_typed_residual_context=4.796233 sequence=472.451198
[plan] step=199 node=N699 type=observe q_typed_residual_context=7.182113 sequence=479.633311
[plan] step=200 node=N734 type=observe q_typed_residual_context=1.612914 sequence=481.246224
[plan] step=201 node=N764 type=observe q_typed_residual_context=5.958884 sequence=487.205109
[plan] step=202 node=N708 type=observe q_typed_residual_context=4.646573 sequence=491.851682
[plan] step=203 node=N7383 type=observe q_typed_residual_context=1.000761 sequence=492.852443
[plan] step=204 node=N771 type=observe q_typed_residual_context=6.128699 sequence=498.981142
[plan] step=205 node=N1351 type=observe q_typed_residual_context=5.388495 sequence=504.369637
[plan] step=206 node=N684 type=observe q_typed_residual_context=1.511758 sequence=505.881395
[plan] step=207 node=N7380 type=observe q_typed_residual_context=6.031856 sequence=511.913250
[plan] step=208 node=N686 type=observe q_typed_residual_context=5.185222 sequence=517.098472
[plan] step=209 node=N6677 type=observe q_typed_residual_context=3.152790 sequence=520.251262
[plan] step=210 node=N729 type=observe q_typed_residual_context=4.812239 sequence=525.063502
[plan] step=211 node=N689 type=observe q_typed_residual_context=1.415871 sequence=526.479373
[plan] step=212 node=N5735 type=observe q_typed_residual_context=6.265346 sequence=532.744718
[plan] step=213 node=N763 type=observe q_typed_residual_context=6.012560 sequence=538.757278
[plan] step=214 node=N2271 type=observe q_typed_residual_context=4.482712 sequence=543.239990
[plan] step=215 node=N5094 type=observe q_typed_residual_context=1.101577 sequence=544.341567
[plan] step=216 node=N7433 type=observe q_typed_residual_context=6.442745 sequence=550.784312
[plan] step=217 node=N2072 type=observe q_typed_residual_context=6.083769 sequence=556.868081
[plan] step=218 node=N2267 type=observe q_typed_residual_context=4.644000 sequence=561.512081
[plan] step=219 node=N695 type=observe q_typed_residual_context=6.052877 sequence=567.564958
[plan] step=220 node=N6581 type=observe q_typed_residual_context=6.371203 sequence=573.936161
[plan] step=221 node=N2263 type=observe q_typed_residual_context=5.350867 sequence=579.287028
[plan] step=222 node=N696 type=observe q_typed_residual_context=4.343260 sequence=583.630288
[plan] step=223 node=N2259 type=observe q_typed_residual_context=2.674533 sequence=586.304822
[plan] step=224 node=N7447 type=observe q_typed_residual_context=2.556735 sequence=588.861556
[plan] step=225 node=N697 type=observe q_typed_residual_context=5.086535 sequence=593.948092
[plan] step=226 node=N2243 type=observe q_typed_residual_context=5.650894 sequence=599.598985
[plan] step=227 node=N6660 type=observe q_typed_residual_context=3.542491 sequence=603.141476
[plan] step=228 node=N5111 type=observe q_typed_residual_context=5.684734 sequence=608.826210
[plan] step=229 node=N7443 type=observe q_typed_residual_context=4.150356 sequence=612.976566
[plan] step=230 node=N5160 type=observe q_typed_residual_context=5.296924 sequence=618.273490
[plan] step=231 node=N2251 type=observe q_typed_residual_context=4.341305 sequence=622.614795
[plan] step=232 node=N2159 type=observe q_typed_residual_context=1.520705 sequence=624.135500
[plan] step=233 node=N6656 type=observe q_typed_residual_context=1.169902 sequence=625.305401
[plan] step=234 node=N2247 type=observe q_typed_residual_context=3.092303 sequence=628.397704
[plan] step=235 node=N7444 type=observe q_typed_residual_context=4.161711 sequence=632.559416
[plan] step=236 node=N1352 type=observe q_typed_residual_context=3.422518 sequence=635.981934
[plan] step=237 node=N6658 type=observe q_typed_residual_context=5.831142 sequence=641.813076
[plan] step=238 node=N680 type=observe q_typed_residual_context=3.244965 sequence=645.058042
[plan] step=239 node=N732 type=observe q_typed_residual_context=3.779018 sequence=648.837059
[plan] step=240 node=N2216 type=observe q_typed_residual_context=3.726897 sequence=652.563956
[plan] step=241 node=N2218 type=observe q_typed_residual_context=3.688307 sequence=656.252264
[plan] step=242 node=N2255 type=observe q_typed_residual_context=3.965735 sequence=660.217998
[plan] step=243 node=N7452 type=observe q_typed_residual_context=3.328732 sequence=663.546730
[plan] step=244 node=N4900 type=observe q_typed_residual_context=6.234733 sequence=669.781463
[plan] step=245 node=N6537 type=observe q_typed_residual_context=1.737062 sequence=671.518525
[plan] step=246 node=N2185 type=observe q_typed_residual_context=4.163357 sequence=675.681882
[plan] step=247 node=N3009 type=control1 q_typed_residual_context=1.077544 sequence=676.759426
[plan] step=248 node=N8790 type=control1 q_typed_residual_context=3.818428 sequence=680.577854
[plan] step=249 node=N717 type=observe q_typed_residual_context=3.185052 sequence=683.762906
[plan] step=250 node=N8240 type=control1 q_typed_residual_context=3.087054 sequence=686.849960
[plan] step=251 node=N6680 type=observe q_typed_residual_context=0.981276 sequence=687.831236
[plan] step=252 node=N2203 type=observe q_typed_residual_context=3.776314 sequence=691.607549
[plan] step=253 node=N8789 type=control1 q_typed_residual_context=5.986005 sequence=697.593554
[plan] step=254 node=N735 type=observe q_typed_residual_context=6.005473 sequence=703.599028
[plan] step=255 node=N2205 type=observe q_typed_residual_context=5.992479 sequence=709.591506
[plan] step=256 node=N7440 type=observe q_typed_residual_context=5.821122 sequence=715.412629
[plan] step=257 node=N7542 type=control0 q_typed_residual_context=0.966870 sequence=716.379499
[plan] step=258 node=N8607 type=control1 q_typed_residual_context=5.793602 sequence=722.173101
[plan] step=259 node=N8239 type=control1 q_typed_residual_context=5.409339 sequence=727.582440
[plan] step=260 node=N3067 type=control1 q_typed_residual_context=0.494677 sequence=728.077117
[plan] step=261 node=N652 type=control1 q_typed_residual_context=6.105794 sequence=734.182911
[plan] step=262 node=N8238 type=control1 q_typed_residual_context=6.689019 sequence=740.871930
[plan] step=263 node=N8606 type=control1 q_typed_residual_context=5.016015 sequence=745.887945
[plan] step=264 node=N8237 type=control1 q_typed_residual_context=3.992395 sequence=749.880340
[plan] step=265 node=N902 type=control1 q_typed_residual_context=4.494351 sequence=754.374690
[plan] step=266 node=N1599 type=observe q_typed_residual_context=5.360590 sequence=759.735280
[plan] step=267 node=N8605 type=control1 q_typed_residual_context=4.037141 sequence=763.772421
[plan] step=268 node=N2201 type=observe q_typed_residual_context=5.940491 sequence=769.712912
[plan] step=269 node=N8236 type=control1 q_typed_residual_context=7.251453 sequence=776.964365
[plan] step=270 node=N733 type=observe q_typed_residual_context=6.594413 sequence=783.558778
[plan] step=271 node=N515 type=control1 q_typed_residual_context=7.069458 sequence=790.628236
[plan] step=272 node=N2226 type=observe q_typed_residual_context=6.610191 sequence=797.238427
[plan] step=273 node=N6562 type=observe q_typed_residual_context=6.649572 sequence=803.887998
[plan] step=274 node=N1598 type=observe q_typed_residual_context=0.317796 sequence=804.205794
[plan] step=275 node=N2212 type=observe q_typed_residual_context=4.001778 sequence=808.207573
[plan] step=276 node=N7425 type=observe q_typed_residual_context=5.870954 sequence=814.078527
[plan] step=277 node=N1348 type=observe q_typed_residual_context=6.289201 sequence=820.367727
[plan] step=278 node=N8470 type=observe q_typed_residual_context=4.773993 sequence=825.141720
saved=autoresearch/loop-260720-0945/model_training_round6/b15_selection/cone_toplist/epoch_012/q_typed_residual_context/alpha_0p10_decay_16/plans/iscas99__b15_1__greedy__cumulative__q_typed_residual_context__bw1__d1__c48__g1p0__candhard_fault_cluster__div0p0__s0.csv
