__tpi_op_3_new_n15301 /0 undetected
__tpi_op_2___buf_split_39849 /0 undetected
__tpi_not_test_en->__tpi_cp_1___aig_not_62966 /1 undetected
__tpi_not_test_en->__tpi_cp_6___aig_and_34003 /1 undetected
__tpi_not_test_en->__tpi_cp_11___buf_split_40826 /1 undetected
__tpi_not_test_en->__tpi_cp_14___aig_not_62957 /1 undetected
__tpi_not_test_en->__tpi_cp_2___aig_and_62955 /1 undetected
__tpi_not_test_en->__tpi_cp_12___aig_not_62513 /1 undetected
__tpi_not_test_en->__tpi_cp_5___aig_and_34071 /1 undetected
__tpi_not_test_en->__tpi_cp_16___buf_split_40498 /1 undetected
__tpi_not_test_en->__tpi_cp_13___aig_not_62510 /1 undetected
__tpi_not_test_en->__tpi_cp_17___aig_not_62484 /1 undetected
__tpi_not_test_en->__tpi_cp_15___aig_not_62486 /1 undetected
__aig_not_61944 /1 undetected
__aig_not_61934 /1 undetected
__aig_and_31990 /0 undetected
__aig_not_31985 /1 undetected
__aig_not_31987 /1 undetected
__aig_not_31989 /1 undetected
__aig_not_61930 /1 undetected
new_n28921 /0 undetected
__buf_split_39848 /1 undetected
__buf_split_39849 /0 undetected
new_n28919 /0 undetected
__aig_not_61921 /1 undetected
__aig_not_61923 /1 undetected
__aig_not_61925 /1 undetected
__aig_not_61927 /1 undetected
new_n15301 /0 undetected
__aig_not_31979 /1 undetected
__aig_not_31981 /1 undetected
__aig_not_31983 /1 undetected
__buf_split_20800 /1 undetected
__aig_and_31964 /1 undetected
__buf_split_20795 /1 undetected
__buf_split_20794 /1 undetected
