[b15-r9/horizon_only_late/a0.05/d0] [gmean] 2026-07-21T16:24:55 out_dir=autoresearch/loop-260720-0945/model_training_round9/b15_selection/horizon_only_late/best_final_horizon/alpha_0p05_decay_none
[b15-r9/horizon_only_late/a0.05/d0] [gmean] 2026-07-21T16:24:55 budgets=iscas99__b15_1:278
[b15-r9/horizon_only_late/a0.05/d0] [gmean] 2026-07-21T16:24:55 variant_start id=greedy__cumulative__q_typed_reliable_context__bw1__d1__c64__g1p0__candhard_fault_cluster__div0p0__s0
[b15-r9/horizon_only_late/a0.05/d0] [gmean] 2026-07-21T16:24:55 [1/1] plan_start benchmark=iscas99__b15_1 budget=278 planner=greedy score=q_typed_reliable_context
[b15-r9/horizon_only_late/a0.05/d0] [plan iscas99__b15_1] [plan] torch_deterministic=true
[b15-r9/horizon_only_late/a0.05/d0] [plan iscas99__b15_1] [plan] candidate_allowlist=autoresearch/original-netlist-recovery-260712/exact_itc99/b15_C/exact_candidate_nodes.txt nodes=7918
[b15-r9/horizon_only_late/a0.05/d0] [plan iscas99__b15_1] [plan] latent_norm_clip_ratio=4 latent_norm_limit=30.875631
[b15-r9/horizon_only_late/a0.05/d0] [plan iscas99__b15_1] [plan] step=1 node=N677 type=control1 q_typed_reliable_context=4.858065 sequence=4.858065
[b15-r9/horizon_only_late/a0.05/d0] [plan iscas99__b15_1] [plan] step=2 node=N2155 type=observe q_typed_reliable_context=3.254977 sequence=8.113042
[b15-r9/horizon_only_late/a0.05/d0] [plan iscas99__b15_1] [plan] step=3 node=N502 type=control1 q_typed_reliable_context=2.192107 sequence=10.305149
[b15-r9/horizon_only_late/a0.05/d0] [plan iscas99__b15_1] [plan] step=4 node=N762 type=control1 q_typed_reliable_context=1.446094 sequence=11.751243
[b15-r9/horizon_only_late/a0.05/d0] [plan iscas99__b15_1] [plan] step=5 node=N3742 type=control0 q_typed_reliable_context=0.882128 sequence=12.633371
[b15-r9/horizon_only_late/a0.05/d0] [plan iscas99__b15_1] [plan] step=6 node=N3644 type=control0 q_typed_reliable_context=1.489064 sequence=14.122435
[b15-r9/horizon_only_late/a0.05/d0] [plan iscas99__b15_1] [plan] step=7 node=N557 type=control1 q_typed_reliable_context=0.910940 sequence=15.033375
[b15-r9/horizon_only_late/a0.05/d0] [plan iscas99__b15_1] [plan] step=8 node=N3756 type=control0 q_typed_reliable_context=1.097941 sequence=16.131316
[b15-r9/horizon_only_late/a0.05/d0] [plan iscas99__b15_1] [plan] step=9 node=N564 type=control1 q_typed_reliable_context=1.339144 sequence=17.470461
[b15-r9/horizon_only_late/a0.05/d0] [plan iscas99__b15_1] [plan] step=10 node=N2336 type=control1 q_typed_reliable_context=1.557724 sequence=19.028184
[b15-r9/horizon_only_late/a0.05/d0] [plan iscas99__b15_1] [plan] step=11 node=N5143 type=observe q_typed_reliable_context=1.325577 sequence=20.353761
[b15-r9/horizon_only_late/a0.05/d0] [plan iscas99__b15_1] [plan] step=12 node=N7511 type=control1 q_typed_reliable_context=1.450593 sequence=21.804355
[b15-r9/horizon_only_late/a0.05/d0] [plan iscas99__b15_1] [plan] step=13 node=N580 type=control1 q_typed_reliable_context=1.255322 sequence=23.059676
[b15-r9/horizon_only_late/a0.05/d0] [plan iscas99__b15_1] [plan] step=14 node=N2082 type=observe q_typed_reliable_context=1.398669 sequence=24.458345
[b15-r9/horizon_only_late/a0.05/d0] [plan iscas99__b15_1] [plan] step=15 node=N737 type=control1 q_typed_reliable_context=3.600376 sequence=28.058721
[b15-r9/horizon_only_late/a0.05/d0] [plan iscas99__b15_1] [plan] step=16 node=N3722 type=control0 q_typed_reliable_context=0.916498 sequence=28.975219
[b15-r9/horizon_only_late/a0.05/d0] [plan iscas99__b15_1] [plan] step=17 node=N496 type=control1 q_typed_reliable_context=1.745042 sequence=30.720261
[b15-r9/horizon_only_late/a0.05/d0] [plan iscas99__b15_1] [plan] step=18 node=N5723 type=control0 q_typed_reliable_context=1.392575 sequence=32.112837
[b15-r9/horizon_only_late/a0.05/d0] [plan iscas99__b15_1] [plan] step=19 node=N5203 type=control1 q_typed_reliable_context=1.998558 sequence=34.111394
[b15-r9/horizon_only_late/a0.05/d0] [plan iscas99__b15_1] [plan] step=20 node=N2153 type=observe q_typed_reliable_context=2.156696 sequence=36.268091
[b15-r9/horizon_only_late/a0.05/d0] [plan iscas99__b15_1] [plan] step=21 node=N1853 type=observe q_typed_reliable_context=2.699753 sequence=38.967844
[b15-r9/horizon_only_late/a0.05/d0] [plan iscas99__b15_1] [plan] step=22 node=N2101 type=observe q_typed_reliable_context=2.303282 sequence=41.271126
[b15-r9/horizon_only_late/a0.05/d0] [plan iscas99__b15_1] [plan] step=23 node=N4656 type=control0 q_typed_reliable_context=2.866521 sequence=44.137647
[b15-r9/horizon_only_late/a0.05/d0] [plan iscas99__b15_1] [plan] step=24 node=N1860 type=observe q_typed_reliable_context=2.518134 sequence=46.655781
[b15-r9/horizon_only_late/a0.05/d0] [plan iscas99__b15_1] [plan] step=25 node=N1372 type=observe q_typed_reliable_context=1.819423 sequence=48.475204
[b15-r9/horizon_only_late/a0.05/d0] [plan iscas99__b15_1] [plan] step=26 node=N1532 type=observe q_typed_reliable_context=1.538615 sequence=50.013819
[b15-r9/horizon_only_late/a0.05/d0] [plan iscas99__b15_1] [plan] step=27 node=N582 type=control1 q_typed_reliable_context=1.330602 sequence=51.344421
[b15-r9/horizon_only_late/a0.05/d0] [plan iscas99__b15_1] [plan] step=28 node=N766 type=control1 q_typed_reliable_context=0.726973 sequence=52.071394
[b15-r9/horizon_only_late/a0.05/d0] [plan iscas99__b15_1] [plan] step=29 node=N1437 type=control1 q_typed_reliable_context=0.837137 sequence=52.908531
[b15-r9/horizon_only_late/a0.05/d0] [plan iscas99__b15_1] [plan] step=30 node=N583 type=control1 q_typed_reliable_context=0.936163 sequence=53.844694
[b15-r9/horizon_only_late/a0.05/d0] [plan iscas99__b15_1] [plan] step=31 node=N893 type=observe q_typed_reliable_context=0.818121 sequence=54.662815
[b15-r9/horizon_only_late/a0.05/d0] [plan iscas99__b15_1] [plan] step=32 node=N4684 type=control0 q_typed_reliable_context=3.296949 sequence=57.959764
[b15-r9/horizon_only_late/a0.05/d0] [plan iscas99__b15_1] [plan] step=33 node=N7411 type=control1 q_typed_reliable_context=0.654658 sequence=58.614422
[b15-r9/horizon_only_late/a0.05/d0] [plan iscas99__b15_1] [plan] step=34 node=N7413 type=control1 q_typed_reliable_context=0.358449 sequence=58.972871
[b15-r9/horizon_only_late/a0.05/d0] [plan iscas99__b15_1] [plan] step=35 node=N4677 type=control0 q_typed_reliable_context=2.065111 sequence=61.037982
[b15-r9/horizon_only_late/a0.05/d0] [plan iscas99__b15_1] [plan] step=36 node=N4663 type=control0 q_typed_reliable_context=3.006608 sequence=64.044590
[b15-r9/horizon_only_late/a0.05/d0] [plan iscas99__b15_1] [plan] step=37 node=N4649 type=control0 q_typed_reliable_context=1.717735 sequence=65.762325
[b15-r9/horizon_only_late/a0.05/d0] [plan iscas99__b15_1] [plan] step=38 node=N713 type=observe q_typed_reliable_context=1.600440 sequence=67.362765
[b15-r9/horizon_only_late/a0.05/d0] [plan iscas99__b15_1] [plan] step=39 node=N7881 type=control1 q_typed_reliable_context=0.480196 sequence=67.842961
[b15-r9/horizon_only_late/a0.05/d0] [plan iscas99__b15_1] [plan] step=40 node=N7882 type=control1 q_typed_reliable_context=0.688931 sequence=68.531892
[b15-r9/horizon_only_late/a0.05/d0] [plan iscas99__b15_1] [plan] step=41 node=N7883 type=control1 q_typed_reliable_context=0.369877 sequence=68.901769
[b15-r9/horizon_only_late/a0.05/d0] [plan iscas99__b15_1] [plan] step=42 node=N7884 type=control1 q_typed_reliable_context=0.406215 sequence=69.307984
[b15-r9/horizon_only_late/a0.05/d0] [plan iscas99__b15_1] [plan] step=43 node=N7885 type=control1 q_typed_reliable_context=0.474367 sequence=69.782351
[b15-r9/horizon_only_late/a0.05/d0] [plan iscas99__b15_1] [plan] step=44 node=N6537 type=observe q_typed_reliable_context=2.688829 sequence=72.471180
[b15-r9/horizon_only_late/a0.05/d0] [plan iscas99__b15_1] [plan] step=45 node=N4691 type=control0 q_typed_reliable_context=2.360533 sequence=74.831713
[b15-r9/horizon_only_late/a0.05/d0] [plan iscas99__b15_1] [plan] step=46 node=N724 type=observe q_typed_reliable_context=2.492014 sequence=77.323727
[b15-r9/horizon_only_late/a0.05/d0] [plan iscas99__b15_1] [plan] step=47 node=N4670 type=control0 q_typed_reliable_context=1.331542 sequence=78.655269
[b15-r9/horizon_only_late/a0.05/d0] [plan iscas99__b15_1] [plan] step=48 node=N4698 type=control0 q_typed_reliable_context=1.351932 sequence=80.007201
[b15-r9/horizon_only_late/a0.05/d0] [plan iscas99__b15_1] [plan] step=49 node=N8470 type=observe q_typed_reliable_context=1.300028 sequence=81.307229
[b15-r9/horizon_only_late/a0.05/d0] [plan iscas99__b15_1] [plan] step=50 node=N4705 type=control0 q_typed_reliable_context=1.195642 sequence=82.502871
[b15-r9/horizon_only_late/a0.05/d0] [plan iscas99__b15_1] [plan] step=51 node=N3911 type=control0 q_typed_reliable_context=0.992601 sequence=83.495472
[b15-r9/horizon_only_late/a0.05/d0] [plan iscas99__b15_1] [plan] step=52 node=N4635 type=control0 q_typed_reliable_context=0.922416 sequence=84.417888
[b15-r9/horizon_only_late/a0.05/d0] [plan iscas99__b15_1] [plan] step=53 node=N3701 type=control0 q_typed_reliable_context=0.943212 sequence=85.361100
[b15-r9/horizon_only_late/a0.05/d0] [plan iscas99__b15_1] [plan] step=54 node=N3904 type=control0 q_typed_reliable_context=0.928187 sequence=86.289286
[b15-r9/horizon_only_late/a0.05/d0] [plan iscas99__b15_1] [plan] step=55 node=N3897 type=control0 q_typed_reliable_context=0.946556 sequence=87.235843
[b15-r9/horizon_only_late/a0.05/d0] [plan iscas99__b15_1] [plan] step=56 node=N3862 type=control0 q_typed_reliable_context=0.882921 sequence=88.118764
[b15-r9/horizon_only_late/a0.05/d0] [plan iscas99__b15_1] [plan] step=57 node=N3855 type=control0 q_typed_reliable_context=0.878252 sequence=88.997016
[b15-r9/horizon_only_late/a0.05/d0] [plan iscas99__b15_1] [plan] step=58 node=N3889 type=control0 q_typed_reliable_context=0.869388 sequence=89.866404
[b15-r9/horizon_only_late/a0.05/d0] [plan iscas99__b15_1] [plan] step=59 node=N5603 type=control0 q_typed_reliable_context=0.896631 sequence=90.763035
[b15-r9/horizon_only_late/a0.05/d0] [plan iscas99__b15_1] [plan] step=60 node=N3882 type=control0 q_typed_reliable_context=0.922137 sequence=91.685172
[b15-r9/horizon_only_late/a0.05/d0] [plan iscas99__b15_1] [plan] step=61 node=N2083 type=observe q_typed_reliable_context=0.910870 sequence=92.596043
[b15-r9/horizon_only_late/a0.05/d0] [plan iscas99__b15_1] [plan] step=62 node=N7506 type=observe q_typed_reliable_context=1.250659 sequence=93.846702
[b15-r9/horizon_only_late/a0.05/d0] [plan iscas99__b15_1] [plan] step=63 node=N3805 type=control0 q_typed_reliable_context=0.861869 sequence=94.708571
[b15-r9/horizon_only_late/a0.05/d0] [plan iscas99__b15_1] [plan] step=64 node=N4712 type=control0 q_typed_reliable_context=0.993625 sequence=95.702196
[b15-r9/horizon_only_late/a0.05/d0] [plan iscas99__b15_1] [plan] step=65 node=N4716 type=control0 q_typed_reliable_context=1.024459 sequence=96.726654
[b15-r9/horizon_only_late/a0.05/d0] [plan iscas99__b15_1] [plan] step=66 node=N2044 type=observe q_typed_reliable_context=0.874062 sequence=97.600717
[b15-r9/horizon_only_late/a0.05/d0] [plan iscas99__b15_1] [plan] step=67 node=N4606 type=control0 q_typed_reliable_context=0.814510 sequence=98.415227
[b15-r9/horizon_only_late/a0.05/d0] [plan iscas99__b15_1] [plan] step=68 node=N899 type=observe q_typed_reliable_context=0.994551 sequence=99.409778
[b15-r9/horizon_only_late/a0.05/d0] [plan iscas99__b15_1] [plan] step=69 node=N519 type=control1 q_typed_reliable_context=1.031084 sequence=100.440862
[b15-r9/horizon_only_late/a0.05/d0] [plan iscas99__b15_1] [plan] step=70 node=N2042 type=observe q_typed_reliable_context=0.912559 sequence=101.353421
[b15-r9/horizon_only_late/a0.05/d0] [plan iscas99__b15_1] [plan] step=71 node=N504 type=control1 q_typed_reliable_context=1.073703 sequence=102.427125
[b15-r9/horizon_only_late/a0.05/d0] [plan iscas99__b15_1] [plan] step=72 node=N7471 type=control0 q_typed_reliable_context=0.793831 sequence=103.220955
[b15-r9/horizon_only_late/a0.05/d0] [plan iscas99__b15_1] [plan] step=73 node=N513 type=control1 q_typed_reliable_context=1.052326 sequence=104.273282
[b15-r9/horizon_only_late/a0.05/d0] [plan iscas99__b15_1] [plan] step=74 node=N1539 type=control0 q_typed_reliable_context=0.949069 sequence=105.222351
[b15-r9/horizon_only_late/a0.05/d0] [plan iscas99__b15_1] [plan] step=75 node=N7724 type=control0 q_typed_reliable_context=0.826501 sequence=106.048852
[b15-r9/horizon_only_late/a0.05/d0] [plan iscas99__b15_1] [plan] step=76 node=N516 type=control1 q_typed_reliable_context=1.519106 sequence=107.567958
[b15-r9/horizon_only_late/a0.05/d0] [plan iscas99__b15_1] [plan] step=77 node=N5234 type=observe q_typed_reliable_context=0.811947 sequence=108.379905
[b15-r9/horizon_only_late/a0.05/d0] [plan iscas99__b15_1] [plan] step=78 node=N520 type=control1 q_typed_reliable_context=1.575992 sequence=109.955897
[b15-r9/horizon_only_late/a0.05/d0] [plan iscas99__b15_1] [plan] step=79 node=N7722 type=control0 q_typed_reliable_context=1.180878 sequence=111.136775
[b15-r9/horizon_only_late/a0.05/d0] [plan iscas99__b15_1] [plan] step=80 node=N4578 type=control0 q_typed_reliable_context=1.138747 sequence=112.275523
[b15-r9/horizon_only_late/a0.05/d0] [plan iscas99__b15_1] [plan] step=81 node=N7875 type=control1 q_typed_reliable_context=0.940622 sequence=113.216145
[b15-r9/horizon_only_late/a0.05/d0] [plan iscas99__b15_1] [plan] step=82 node=N7590 type=control1 q_typed_reliable_context=0.806866 sequence=114.023011
[b15-r9/horizon_only_late/a0.05/d0] [plan iscas99__b15_1] [plan] step=83 node=N7886 type=control1 q_typed_reliable_context=0.983857 sequence=115.006868
[b15-r9/horizon_only_late/a0.05/d0] [plan iscas99__b15_1] [plan] step=84 node=N7887 type=control1 q_typed_reliable_context=1.106107 sequence=116.112974
[b15-r9/horizon_only_late/a0.05/d0] [plan iscas99__b15_1] [plan] step=85 node=N7888 type=control1 q_typed_reliable_context=1.099109 sequence=117.212084
[b15-r9/horizon_only_late/a0.05/d0] [plan iscas99__b15_1] [plan] step=86 node=N7889 type=control1 q_typed_reliable_context=1.031601 sequence=118.243684
[b15-r9/horizon_only_late/a0.05/d0] [plan iscas99__b15_1] [plan] step=87 node=N7890 type=control1 q_typed_reliable_context=1.119416 sequence=119.363100
[b15-r9/horizon_only_late/a0.05/d0] [plan iscas99__b15_1] [plan] step=88 node=N7891 type=control1 q_typed_reliable_context=1.149050 sequence=120.512150
[b15-r9/horizon_only_late/a0.05/d0] [plan iscas99__b15_1] [plan] step=89 node=N507 type=control1 q_typed_reliable_context=1.205066 sequence=121.717215
[b15-r9/horizon_only_late/a0.05/d0] [plan iscas99__b15_1] [plan] step=90 node=N3785 type=control0 q_typed_reliable_context=1.722337 sequence=123.439553
[b15-r9/horizon_only_late/a0.05/d0] [plan iscas99__b15_1] [plan] step=91 node=N3799 type=control0 q_typed_reliable_context=1.986571 sequence=125.426124
[b15-r9/horizon_only_late/a0.05/d0] [plan iscas99__b15_1] [plan] step=92 node=N7721 type=control0 q_typed_reliable_context=2.533753 sequence=127.959877
[b15-r9/horizon_only_late/a0.05/d0] [plan iscas99__b15_1] [plan] step=93 node=N4564 type=control0 q_typed_reliable_context=1.328495 sequence=129.288372
[b15-r9/horizon_only_late/a0.05/d0] [plan iscas99__b15_1] [plan] step=94 node=N7723 type=control0 q_typed_reliable_context=1.458891 sequence=130.747263
[b15-r9/horizon_only_late/a0.05/d0] [plan iscas99__b15_1] [plan] step=95 node=N7725 type=control0 q_typed_reliable_context=1.740391 sequence=132.487654
[b15-r9/horizon_only_late/a0.05/d0] [plan iscas99__b15_1] [plan] step=96 node=N7408 type=control0 q_typed_reliable_context=1.575880 sequence=134.063534
[b15-r9/horizon_only_late/a0.05/d0] [plan iscas99__b15_1] [plan] step=97 node=N7541 type=control0 q_typed_reliable_context=1.634979 sequence=135.698513
[b15-r9/horizon_only_late/a0.05/d0] [plan iscas99__b15_1] [plan] step=98 node=N704 type=observe q_typed_reliable_context=2.258930 sequence=137.957443
[b15-r9/horizon_only_late/a0.05/d0] [plan iscas99__b15_1] [plan] step=99 node=N510 type=control1 q_typed_reliable_context=2.571804 sequence=140.529247
[b15-r9/horizon_only_late/a0.05/d0] [plan iscas99__b15_1] [plan] step=100 node=N7846 type=control0 q_typed_reliable_context=1.175225 sequence=141.704472
[b15-r9/horizon_only_late/a0.05/d0] [plan iscas99__b15_1] [plan] step=101 node=N556 type=control1 q_typed_reliable_context=1.211974 sequence=142.916446
[b15-r9/horizon_only_late/a0.05/d0] [plan iscas99__b15_1] [plan] step=102 node=N3682 type=control0 q_typed_reliable_context=1.110178 sequence=144.026625
[b15-r9/horizon_only_late/a0.05/d0] [plan iscas99__b15_1] [plan] step=103 node=N7852 type=control0 q_typed_reliable_context=1.153507 sequence=145.180131
[b15-r9/horizon_only_late/a0.05/d0] [plan iscas99__b15_1] [plan] step=104 node=N614 type=control1 q_typed_reliable_context=1.631183 sequence=146.811314
[b15-r9/horizon_only_late/a0.05/d0] [plan iscas99__b15_1] [plan] step=105 node=N3848 type=control0 q_typed_reliable_context=1.297900 sequence=148.109214
[b15-r9/horizon_only_late/a0.05/d0] [plan iscas99__b15_1] [plan] step=106 node=N634 type=control1 q_typed_reliable_context=1.779298 sequence=149.888512
[b15-r9/horizon_only_late/a0.05/d0] [plan iscas99__b15_1] [plan] step=107 node=N3827 type=control0 q_typed_reliable_context=1.348451 sequence=151.236964
[b15-r9/horizon_only_late/a0.05/d0] [plan iscas99__b15_1] [plan] step=108 node=N610 type=control1 q_typed_reliable_context=1.583407 sequence=152.820371
[b15-r9/horizon_only_late/a0.05/d0] [plan iscas99__b15_1] [plan] step=109 node=N3820 type=control0 q_typed_reliable_context=1.789439 sequence=154.609809
[b15-r9/horizon_only_late/a0.05/d0] [plan iscas99__b15_1] [plan] step=110 node=N620 type=control1 q_typed_reliable_context=1.793837 sequence=156.403646
[b15-r9/horizon_only_late/a0.05/d0] [plan iscas99__b15_1] [plan] step=111 node=N3813 type=control0 q_typed_reliable_context=2.512941 sequence=158.916587
[b15-r9/horizon_only_late/a0.05/d0] [plan iscas99__b15_1] [plan] step=112 node=N638 type=control1 q_typed_reliable_context=2.643034 sequence=161.559621
[b15-r9/horizon_only_late/a0.05/d0] [plan iscas99__b15_1] [plan] step=113 node=N3792 type=control0 q_typed_reliable_context=2.095353 sequence=163.654974
[b15-r9/horizon_only_late/a0.05/d0] [plan iscas99__b15_1] [plan] step=114 node=N722 type=observe q_typed_reliable_context=3.927540 sequence=167.582514
[b15-r9/horizon_only_late/a0.05/d0] [plan iscas99__b15_1] [plan] step=115 node=N4585 type=control0 q_typed_reliable_context=1.560208 sequence=169.142722
[b15-r9/horizon_only_late/a0.05/d0] [plan iscas99__b15_1] [plan] step=116 node=N7820 type=control0 q_typed_reliable_context=1.835353 sequence=170.978076
[b15-r9/horizon_only_late/a0.05/d0] [plan iscas99__b15_1] [plan] step=117 node=N4557 type=control0 q_typed_reliable_context=1.727478 sequence=172.705554
[b15-r9/horizon_only_late/a0.05/d0] [plan iscas99__b15_1] [plan] step=118 node=N7847 type=control0 q_typed_reliable_context=1.689420 sequence=174.394974
[b15-r9/horizon_only_late/a0.05/d0] [plan iscas99__b15_1] [plan] step=119 node=N4520 type=control0 q_typed_reliable_context=1.438718 sequence=175.833692
[b15-r9/horizon_only_late/a0.05/d0] [plan iscas99__b15_1] [plan] step=120 node=N7853 type=control0 q_typed_reliable_context=1.947504 sequence=177.781196
[b15-r9/horizon_only_late/a0.05/d0] [plan iscas99__b15_1] [plan] step=121 node=N7370 type=control1 q_typed_reliable_context=2.323014 sequence=180.104209
[b15-r9/horizon_only_late/a0.05/d0] [plan iscas99__b15_1] [plan] step=122 node=N555 type=control1 q_typed_reliable_context=4.492623 sequence=184.596833
[b15-r9/horizon_only_late/a0.05/d0] [plan iscas99__b15_1] [plan] step=123 node=N7588 type=control1 q_typed_reliable_context=4.181826 sequence=188.778659
[b15-r9/horizon_only_late/a0.05/d0] [plan iscas99__b15_1] [plan] step=124 node=N3903 type=control0 q_typed_reliable_context=2.923756 sequence=191.702415
[b15-r9/horizon_only_late/a0.05/d0] [plan iscas99__b15_1] [plan] step=125 node=N645 type=control1 q_typed_reliable_context=3.366322 sequence=195.068738
[b15-r9/horizon_only_late/a0.05/d0] [plan iscas99__b15_1] [plan] step=126 node=N3896 type=control0 q_typed_reliable_context=4.030040 sequence=199.098777
[b15-r9/horizon_only_late/a0.05/d0] [plan iscas99__b15_1] [plan] step=127 node=N7518 type=observe q_typed_reliable_context=4.188777 sequence=203.287554
[b15-r9/horizon_only_late/a0.05/d0] [plan iscas99__b15_1] [plan] step=128 node=N616 type=control1 q_typed_reliable_context=1.561614 sequence=204.849168
[b15-r9/horizon_only_late/a0.05/d0] [plan iscas99__b15_1] [plan] step=129 node=N2040 type=observe q_typed_reliable_context=2.227544 sequence=207.076712
[b15-r9/horizon_only_late/a0.05/d0] [plan iscas99__b15_1] [plan] step=130 node=N636 type=control1 q_typed_reliable_context=1.667714 sequence=208.744426
[b15-r9/horizon_only_late/a0.05/d0] [plan iscas99__b15_1] [plan] step=131 node=N7421 type=control1 q_typed_reliable_context=2.033810 sequence=210.778237
[b15-r9/horizon_only_late/a0.05/d0] [plan iscas99__b15_1] [plan] step=132 node=N7532 type=observe q_typed_reliable_context=1.927482 sequence=212.705719
[b15-r9/horizon_only_late/a0.05/d0] [plan iscas99__b15_1] [plan] step=133 node=N7537 type=observe q_typed_reliable_context=1.731367 sequence=214.437086
[b15-r9/horizon_only_late/a0.05/d0] [plan iscas99__b15_1] [plan] step=134 node=N7534 type=observe q_typed_reliable_context=1.928520 sequence=216.365606
[b15-r9/horizon_only_late/a0.05/d0] [plan iscas99__b15_1] [plan] step=135 node=N3295 type=control1 q_typed_reliable_context=1.938400 sequence=218.304006
[b15-r9/horizon_only_late/a0.05/d0] [plan iscas99__b15_1] [plan] step=136 node=N7535 type=observe q_typed_reliable_context=2.855035 sequence=221.159041
[b15-r9/horizon_only_late/a0.05/d0] [plan iscas99__b15_1] [plan] step=137 node=N785 type=observe q_typed_reliable_context=2.715839 sequence=223.874880
[b15-r9/horizon_only_late/a0.05/d0] [plan iscas99__b15_1] [plan] step=138 node=N7424 type=control1 q_typed_reliable_context=1.696164 sequence=225.571044
[b15-r9/horizon_only_late/a0.05/d0] [plan iscas99__b15_1] [plan] step=139 node=N630 type=control1 q_typed_reliable_context=2.166426 sequence=227.737470
[b15-r9/horizon_only_late/a0.05/d0] [plan iscas99__b15_1] [plan] step=140 node=N642 type=control1 q_typed_reliable_context=1.851711 sequence=229.589181
[b15-r9/horizon_only_late/a0.05/d0] [plan iscas99__b15_1] [plan] step=141 node=N649 type=control1 q_typed_reliable_context=1.350227 sequence=230.939408
[b15-r9/horizon_only_late/a0.05/d0] [plan iscas99__b15_1] [plan] step=142 node=N3525 type=control1 q_typed_reliable_context=2.029178 sequence=232.968586
[b15-r9/horizon_only_late/a0.05/d0] [plan iscas99__b15_1] [plan] step=143 node=N1552 type=observe q_typed_reliable_context=2.618999 sequence=235.587585
[b15-r9/horizon_only_late/a0.05/d0] [plan iscas99__b15_1] [plan] step=144 node=N694 type=observe q_typed_reliable_context=2.643229 sequence=238.230815
[b15-r9/horizon_only_late/a0.05/d0] [plan iscas99__b15_1] [plan] step=145 node=N5867 type=observe q_typed_reliable_context=3.131230 sequence=241.362044
[b15-r9/horizon_only_late/a0.05/d0] [plan iscas99__b15_1] [plan] step=146 node=N647 type=control1 q_typed_reliable_context=3.080272 sequence=244.442316
[b15-r9/horizon_only_late/a0.05/d0] [plan iscas99__b15_1] [plan] step=147 node=N1586 type=control1 q_typed_reliable_context=4.408649 sequence=248.850965
[b15-r9/horizon_only_late/a0.05/d0] [plan iscas99__b15_1] [plan] step=148 node=N7402 type=observe q_typed_reliable_context=5.829054 sequence=254.680019
[b15-r9/horizon_only_late/a0.05/d0] [plan iscas99__b15_1] [plan] step=149 node=N1607 type=control1 q_typed_reliable_context=4.382264 sequence=259.062283
[b15-r9/horizon_only_late/a0.05/d0] [plan iscas99__b15_1] [plan] step=150 node=N7624 type=observe q_typed_reliable_context=6.065550 sequence=265.127834
[b15-r9/horizon_only_late/a0.05/d0] [plan iscas99__b15_1] [plan] step=151 node=N2102 type=observe q_typed_reliable_context=3.506125 sequence=268.633959
[b15-r9/horizon_only_late/a0.05/d0] [plan iscas99__b15_1] [plan] step=152 node=N5627 type=observe q_typed_reliable_context=1.123655 sequence=269.757614
[b15-r9/horizon_only_late/a0.05/d0] [plan iscas99__b15_1] [plan] step=153 node=N3410 type=control1 q_typed_reliable_context=0.830421 sequence=270.588035
[b15-r9/horizon_only_late/a0.05/d0] [plan iscas99__b15_1] [plan] step=154 node=N7482 type=observe q_typed_reliable_context=0.937327 sequence=271.525362
[b15-r9/horizon_only_late/a0.05/d0] [plan iscas99__b15_1] [plan] step=155 node=N3180 type=control1 q_typed_reliable_context=0.688355 sequence=272.213717
[b15-r9/horizon_only_late/a0.05/d0] [plan iscas99__b15_1] [plan] step=156 node=N7500 type=observe q_typed_reliable_context=1.393772 sequence=273.607489
[b15-r9/horizon_only_late/a0.05/d0] [plan iscas99__b15_1] [plan] step=157 node=N2157 type=observe q_typed_reliable_context=1.806214 sequence=275.413703
[b15-r9/horizon_only_late/a0.05/d0] [plan iscas99__b15_1] [plan] step=158 node=N771 type=observe q_typed_reliable_context=1.305830 sequence=276.719533
[b15-r9/horizon_only_late/a0.05/d0] [plan iscas99__b15_1] [plan] step=159 node=N7442 type=control0 q_typed_reliable_context=1.576945 sequence=278.296478
[b15-r9/horizon_only_late/a0.05/d0] [plan iscas99__b15_1] [plan] step=160 node=N7551 type=observe q_typed_reliable_context=0.878135 sequence=279.174613
[b15-r9/horizon_only_late/a0.05/d0] [plan iscas99__b15_1] [plan] step=161 node=N2106 type=observe q_typed_reliable_context=1.364389 sequence=280.539002
[b15-r9/horizon_only_late/a0.05/d0] [plan iscas99__b15_1] [plan] step=162 node=N6948 type=observe q_typed_reliable_context=2.086280 sequence=282.625282
[b15-r9/horizon_only_late/a0.05/d0] [plan iscas99__b15_1] [plan] step=163 node=N4529 type=observe q_typed_reliable_context=0.338783 sequence=282.964066
[b15-r9/horizon_only_late/a0.05/d0] [plan iscas99__b15_1] [plan] step=164 node=N7465 type=observe q_typed_reliable_context=1.345523 sequence=284.309588
[b15-r9/horizon_only_late/a0.05/d0] [plan iscas99__b15_1] [plan] step=165 node=N2580 type=control1 q_typed_reliable_context=0.580837 sequence=284.890425
[b15-r9/horizon_only_late/a0.05/d0] [plan iscas99__b15_1] [plan] step=166 node=N7385 type=observe q_typed_reliable_context=2.033629 sequence=286.924054
[b15-r9/horizon_only_late/a0.05/d0] [plan iscas99__b15_1] [plan] step=167 node=N5617 type=observe q_typed_reliable_context=4.915835 sequence=291.839889
[b15-r9/horizon_only_late/a0.05/d0] [plan iscas99__b15_1] [plan] step=168 node=N6673 type=observe q_typed_reliable_context=2.529469 sequence=294.369358
[b15-r9/horizon_only_late/a0.05/d0] [plan iscas99__b15_1] [plan] step=169 node=N2149 type=observe q_typed_reliable_context=2.099352 sequence=296.468710
[b15-r9/horizon_only_late/a0.05/d0] [plan iscas99__b15_1] [plan] step=170 node=N7626 type=observe q_typed_reliable_context=5.097616 sequence=301.566326
[b15-r9/horizon_only_late/a0.05/d0] [plan iscas99__b15_1] [plan] step=171 node=N5740 type=observe q_typed_reliable_context=1.184887 sequence=302.751213
[b15-r9/horizon_only_late/a0.05/d0] [plan iscas99__b15_1] [plan] step=172 node=N5877 type=observe q_typed_reliable_context=2.733432 sequence=305.484644
[b15-r9/horizon_only_late/a0.05/d0] [plan iscas99__b15_1] [plan] step=173 node=N679 type=observe q_typed_reliable_context=1.708795 sequence=307.193439
[b15-r9/horizon_only_late/a0.05/d0] [plan iscas99__b15_1] [plan] step=174 node=N7436 type=observe q_typed_reliable_context=2.813885 sequence=310.007324
[b15-r9/horizon_only_late/a0.05/d0] [plan iscas99__b15_1] [plan] step=175 node=N723 type=observe q_typed_reliable_context=1.925803 sequence=311.933126
[b15-r9/horizon_only_late/a0.05/d0] [plan iscas99__b15_1] [plan] step=176 node=N4521 type=observe q_typed_reliable_context=3.936603 sequence=315.869729
[b15-r9/horizon_only_late/a0.05/d0] [plan iscas99__b15_1] [plan] step=177 node=N6531 type=observe q_typed_reliable_context=1.640604 sequence=317.510334
[b15-r9/horizon_only_late/a0.05/d0] [plan iscas99__b15_1] [plan] step=178 node=N3467 type=control1 q_typed_reliable_context=4.028376 sequence=321.538710
[b15-r9/horizon_only_late/a0.05/d0] [plan iscas99__b15_1] [plan] step=179 node=N2652 type=control1 q_typed_reliable_context=5.219441 sequence=326.758151
[b15-r9/horizon_only_late/a0.05/d0] [plan iscas99__b15_1] [plan] step=180 node=N705 type=observe q_typed_reliable_context=4.775923 sequence=331.534074
[b15-r9/horizon_only_late/a0.05/d0] [plan iscas99__b15_1] [plan] step=181 node=N725 type=observe q_typed_reliable_context=5.194165 sequence=336.728238
[b15-r9/horizon_only_late/a0.05/d0] [plan iscas99__b15_1] [plan] step=182 node=N5873 type=observe q_typed_reliable_context=5.396822 sequence=342.125061
[b15-r9/horizon_only_late/a0.05/d0] [plan iscas99__b15_1] [plan] step=183 node=N2721 type=control1 q_typed_reliable_context=1.176103 sequence=343.301164
[b15-r9/horizon_only_late/a0.05/d0] [plan iscas99__b15_1] [plan] step=184 node=N2952 type=control1 q_typed_reliable_context=1.267854 sequence=344.569018
[b15-r9/horizon_only_late/a0.05/d0] [plan iscas99__b15_1] [plan] step=185 node=N2779 type=control1 q_typed_reliable_context=0.472419 sequence=345.041437
[b15-r9/horizon_only_late/a0.05/d0] [plan iscas99__b15_1] [plan] step=186 node=N712 type=observe q_typed_reliable_context=1.577062 sequence=346.618498
[b15-r9/horizon_only_late/a0.05/d0] [plan iscas99__b15_1] [plan] step=187 node=N2837 type=control1 q_typed_reliable_context=1.389110 sequence=348.007608
[b15-r9/horizon_only_late/a0.05/d0] [plan iscas99__b15_1] [plan] step=188 node=N5356 type=observe q_typed_reliable_context=1.123603 sequence=349.131211
[b15-r9/horizon_only_late/a0.05/d0] [plan iscas99__b15_1] [plan] step=189 node=N714 type=observe q_typed_reliable_context=2.285352 sequence=351.416563
[b15-r9/horizon_only_late/a0.05/d0] [plan iscas99__b15_1] [plan] step=190 node=N3067 type=control1 q_typed_reliable_context=2.092850 sequence=353.509413
[b15-r9/horizon_only_late/a0.05/d0] [plan iscas99__b15_1] [plan] step=191 node=N8790 type=control1 q_typed_reliable_context=2.157849 sequence=355.667262
[b15-r9/horizon_only_late/a0.05/d0] [plan iscas99__b15_1] [plan] step=192 node=N7855 type=control0 q_typed_reliable_context=1.647246 sequence=357.314509
[b15-r9/horizon_only_late/a0.05/d0] [plan iscas99__b15_1] [plan] step=193 node=N8240 type=control1 q_typed_reliable_context=5.470412 sequence=362.784921
[b15-r9/horizon_only_late/a0.05/d0] [plan iscas99__b15_1] [plan] step=194 node=N8789 type=control1 q_typed_reliable_context=2.978338 sequence=365.763259
[b15-r9/horizon_only_late/a0.05/d0] [plan iscas99__b15_1] [plan] step=195 node=N7453 type=observe q_typed_reliable_context=1.282214 sequence=367.045474
[b15-r9/horizon_only_late/a0.05/d0] [plan iscas99__b15_1] [plan] step=196 node=N578 type=observe q_typed_reliable_context=2.622290 sequence=369.667763
[b15-r9/horizon_only_late/a0.05/d0] [plan iscas99__b15_1] [plan] step=197 node=N8239 type=control1 q_typed_reliable_context=2.128436 sequence=371.796199
[b15-r9/horizon_only_late/a0.05/d0] [plan iscas99__b15_1] [plan] step=198 node=N7542 type=control0 q_typed_reliable_context=6.561778 sequence=378.357978
[b15-r9/horizon_only_late/a0.05/d0] [plan iscas99__b15_1] [plan] step=199 node=N7401 type=observe q_typed_reliable_context=2.061246 sequence=380.419224
[b15-r9/horizon_only_late/a0.05/d0] [plan iscas99__b15_1] [plan] step=200 node=N5879 type=observe q_typed_reliable_context=1.842895 sequence=382.262119
[b15-r9/horizon_only_late/a0.05/d0] [plan iscas99__b15_1] [plan] step=201 node=N2894 type=control1 q_typed_reliable_context=2.724446 sequence=384.986565
[b15-r9/horizon_only_late/a0.05/d0] [plan iscas99__b15_1] [plan] step=202 node=N8607 type=control1 q_typed_reliable_context=6.908245 sequence=391.894810
[b15-r9/horizon_only_late/a0.05/d0] [plan iscas99__b15_1] [plan] step=203 node=N2181 type=observe q_typed_reliable_context=3.046363 sequence=394.941173
[b15-r9/horizon_only_late/a0.05/d0] [plan iscas99__b15_1] [plan] step=204 node=N652 type=control1 q_typed_reliable_context=7.056164 sequence=401.997337
[b15-r9/horizon_only_late/a0.05/d0] [plan iscas99__b15_1] [plan] step=205 node=N6667 type=observe q_typed_reliable_context=6.463669 sequence=408.461006
[b15-r9/horizon_only_late/a0.05/d0] [plan iscas99__b15_1] [plan] step=206 node=N8238 type=control1 q_typed_reliable_context=3.595233 sequence=412.056239
[b15-r9/horizon_only_late/a0.05/d0] [plan iscas99__b15_1] [plan] step=207 node=N7405 type=observe q_typed_reliable_context=2.070700 sequence=414.126939
[b15-r9/horizon_only_late/a0.05/d0] [plan iscas99__b15_1] [plan] step=208 node=N5473 type=observe q_typed_reliable_context=1.817383 sequence=415.944321
[b15-r9/horizon_only_late/a0.05/d0] [plan iscas99__b15_1] [plan] step=209 node=N715 type=observe q_typed_reliable_context=5.445461 sequence=421.389782
[b15-r9/horizon_only_late/a0.05/d0] [plan iscas99__b15_1] [plan] step=210 node=N4497 type=observe q_typed_reliable_context=5.963664 sequence=427.353446
[b15-r9/horizon_only_late/a0.05/d0] [plan iscas99__b15_1] [plan] step=211 node=N5725 type=observe q_typed_reliable_context=1.813456 sequence=429.166902
[b15-r9/horizon_only_late/a0.05/d0] [plan iscas99__b15_1] [plan] step=212 node=N7550 type=observe q_typed_reliable_context=2.195358 sequence=431.362260
[b15-r9/horizon_only_late/a0.05/d0] [plan iscas99__b15_1] [plan] step=213 node=N8606 type=control1 q_typed_reliable_context=6.303527 sequence=437.665788
[b15-r9/horizon_only_late/a0.05/d0] [plan iscas99__b15_1] [plan] step=214 node=N902 type=control1 q_typed_reliable_context=6.089303 sequence=443.755090
[b15-r9/horizon_only_late/a0.05/d0] [plan iscas99__b15_1] [plan] step=215 node=N706 type=observe q_typed_reliable_context=6.060950 sequence=449.816040
[b15-r9/horizon_only_late/a0.05/d0] [plan iscas99__b15_1] [plan] step=216 node=N5390 type=observe q_typed_reliable_context=6.463554 sequence=456.279594
[b15-r9/horizon_only_late/a0.05/d0] [plan iscas99__b15_1] [plan] step=217 node=N8237 type=control1 q_typed_reliable_context=6.103556 sequence=462.383150
[b15-r9/horizon_only_late/a0.05/d0] [plan iscas99__b15_1] [plan] step=218 node=N8605 type=control1 q_typed_reliable_context=6.551135 sequence=468.934285
[b15-r9/horizon_only_late/a0.05/d0] [plan iscas99__b15_1] [plan] step=219 node=N515 type=control1 q_typed_reliable_context=6.233728 sequence=475.168013
[b15-r9/horizon_only_late/a0.05/d0] [plan iscas99__b15_1] [plan] step=220 node=N8236 type=control1 q_typed_reliable_context=6.550367 sequence=481.718380
[b15-r9/horizon_only_late/a0.05/d0] [plan iscas99__b15_1] [plan] step=221 node=N703 type=observe q_typed_reliable_context=6.056227 sequence=487.774607
[b15-r9/horizon_only_late/a0.05/d0] [plan iscas99__b15_1] [plan] step=222 node=N5456 type=observe q_typed_reliable_context=6.834156 sequence=494.608763
[b15-r9/horizon_only_late/a0.05/d0] [plan iscas99__b15_1] [plan] step=223 node=N6581 type=observe q_typed_reliable_context=7.089832 sequence=501.698595
[b15-r9/horizon_only_late/a0.05/d0] [plan iscas99__b15_1] [plan] step=224 node=N4513 type=observe q_typed_reliable_context=4.768663 sequence=506.467258
[b15-r9/horizon_only_late/a0.05/d0] [plan iscas99__b15_1] [plan] step=225 node=N2151 type=observe q_typed_reliable_context=3.309233 sequence=509.776491
[b15-r9/horizon_only_late/a0.05/d0] [plan iscas99__b15_1] [plan] step=226 node=N5439 type=observe q_typed_reliable_context=6.912156 sequence=516.688646
[b15-r9/horizon_only_late/a0.05/d0] [plan iscas99__b15_1] [plan] step=227 node=N7439 type=observe q_typed_reliable_context=5.700575 sequence=522.389222
[b15-r9/horizon_only_late/a0.05/d0] [plan iscas99__b15_1] [plan] step=228 node=N4460 type=control0 q_typed_reliable_context=2.502730 sequence=524.891951
[b15-r9/horizon_only_late/a0.05/d0] [plan iscas99__b15_1] [plan] step=229 node=N4421 type=control0 q_typed_reliable_context=3.945690 sequence=528.837641
[b15-r9/horizon_only_late/a0.05/d0] [plan iscas99__b15_1] [plan] step=230 node=N5202 type=observe q_typed_reliable_context=3.124178 sequence=531.961819
[b15-r9/horizon_only_late/a0.05/d0] [plan iscas99__b15_1] [plan] step=231 node=N4359 type=control0 q_typed_reliable_context=5.614935 sequence=537.576754
[b15-r9/horizon_only_late/a0.05/d0] [plan iscas99__b15_1] [plan] step=232 node=N6660 type=observe q_typed_reliable_context=3.673331 sequence=541.250086
[b15-r9/horizon_only_late/a0.05/d0] [plan iscas99__b15_1] [plan] step=233 node=N734 type=observe q_typed_reliable_context=5.522954 sequence=546.773039
[b15-r9/horizon_only_late/a0.05/d0] [plan iscas99__b15_1] [plan] step=234 node=N1874 type=observe q_typed_reliable_context=3.492792 sequence=550.265832
[b15-r9/horizon_only_late/a0.05/d0] [plan iscas99__b15_1] [plan] step=235 node=N5422 type=observe q_typed_reliable_context=5.586095 sequence=555.851927
[b15-r9/horizon_only_late/a0.05/d0] [plan iscas99__b15_1] [plan] step=236 node=N5334 type=observe q_typed_reliable_context=5.233319 sequence=561.085246
[b15-r9/horizon_only_late/a0.05/d0] [plan iscas99__b15_1] [plan] step=237 node=N7380 type=observe q_typed_reliable_context=5.992830 sequence=567.078076
[b15-r9/horizon_only_late/a0.05/d0] [plan iscas99__b15_1] [plan] step=238 node=N4505 type=observe q_typed_reliable_context=3.324498 sequence=570.402575
[b15-r9/horizon_only_late/a0.05/d0] [plan iscas99__b15_1] [plan] step=239 node=N5373 type=observe q_typed_reliable_context=3.141448 sequence=573.544023
[b15-r9/horizon_only_late/a0.05/d0] [plan iscas99__b15_1] [plan] step=240 node=N8235 type=control1 q_typed_reliable_context=6.003763 sequence=579.547786
[b15-r9/horizon_only_late/a0.05/d0] [plan iscas99__b15_1] [plan] step=241 node=N699 type=observe q_typed_reliable_context=5.591624 sequence=585.139410
[b15-r9/horizon_only_late/a0.05/d0] [plan iscas99__b15_1] [plan] step=242 node=N765 type=observe q_typed_reliable_context=5.286169 sequence=590.425579
[b15-r9/horizon_only_late/a0.05/d0] [plan iscas99__b15_1] [plan] step=243 node=N719 type=observe q_typed_reliable_context=5.350775 sequence=595.776355
[b15-r9/horizon_only_late/a0.05/d0] [plan iscas99__b15_1] [plan] step=244 node=N708 type=observe q_typed_reliable_context=5.164523 sequence=600.940878
[b15-r9/horizon_only_late/a0.05/d0] [plan iscas99__b15_1] [plan] step=245 node=N6932 type=observe q_typed_reliable_context=5.002406 sequence=605.943284
[b15-r9/horizon_only_late/a0.05/d0] [plan iscas99__b15_1] [plan] step=246 node=N4367 type=control0 q_typed_reliable_context=3.021403 sequence=608.964686
[b15-r9/horizon_only_late/a0.05/d0] [plan iscas99__b15_1] [plan] step=247 node=N4532 type=control0 q_typed_reliable_context=5.660053 sequence=614.624739
[b15-r9/horizon_only_late/a0.05/d0] [plan iscas99__b15_1] [plan] step=248 node=N7512 type=observe q_typed_reliable_context=3.544385 sequence=618.169125
[b15-r9/horizon_only_late/a0.05/d0] [plan iscas99__b15_1] [plan] step=249 node=N7383 type=observe q_typed_reliable_context=4.698987 sequence=622.868111
[b15-r9/horizon_only_late/a0.05/d0] [plan iscas99__b15_1] [plan] step=250 node=N2159 type=observe q_typed_reliable_context=5.963468 sequence=628.831579
[b15-r9/horizon_only_late/a0.05/d0] [plan iscas99__b15_1] [plan] step=251 node=N4489 type=observe q_typed_reliable_context=2.632896 sequence=631.464475
[b15-r9/horizon_only_late/a0.05/d0] [plan iscas99__b15_1] [plan] step=252 node=N1854 type=observe q_typed_reliable_context=2.726691 sequence=634.191165
[b15-r9/horizon_only_late/a0.05/d0] [plan iscas99__b15_1] [plan] step=253 node=N1351 type=observe q_typed_reliable_context=5.611437 sequence=639.802603
[b15-r9/horizon_only_late/a0.05/d0] [plan iscas99__b15_1] [plan] step=254 node=N6656 type=observe q_typed_reliable_context=5.503577 sequence=645.306179
[b15-r9/horizon_only_late/a0.05/d0] [plan iscas99__b15_1] [plan] step=255 node=N686 type=observe q_typed_reliable_context=2.790818 sequence=648.096997
[b15-r9/horizon_only_late/a0.05/d0] [plan iscas99__b15_1] [plan] step=256 node=N1951 type=observe q_typed_reliable_context=1.109146 sequence=649.206143
[b15-r9/horizon_only_late/a0.05/d0] [plan iscas99__b15_1] [plan] step=257 node=N535 type=observe q_typed_reliable_context=5.818627 sequence=655.024771
[b15-r9/horizon_only_late/a0.05/d0] [plan iscas99__b15_1] [plan] step=258 node=N3009 type=control1 q_typed_reliable_context=3.214568 sequence=658.239338
[b15-r9/horizon_only_late/a0.05/d0] [plan iscas99__b15_1] [plan] step=259 node=N6688 type=observe q_typed_reliable_context=0.506839 sequence=658.746178
[b15-r9/horizon_only_late/a0.05/d0] [plan iscas99__b15_1] [plan] step=260 node=N8234 type=control1 q_typed_reliable_context=5.930243 sequence=664.676420
[b15-r9/horizon_only_late/a0.05/d0] [plan iscas99__b15_1] [plan] step=261 node=N539 type=observe q_typed_reliable_context=6.067773 sequence=670.744194
[b15-r9/horizon_only_late/a0.05/d0] [plan iscas99__b15_1] [plan] step=262 node=N6593 type=control1 q_typed_reliable_context=5.014428 sequence=675.758622
[b15-r9/horizon_only_late/a0.05/d0] [plan iscas99__b15_1] [plan] step=263 node=N8783 type=control1 q_typed_reliable_context=4.113426 sequence=679.872048
[b15-r9/horizon_only_late/a0.05/d0] [plan iscas99__b15_1] [plan] step=264 node=N8233 type=control1 q_typed_reliable_context=0.926898 sequence=680.798946
[b15-r9/horizon_only_late/a0.05/d0] [plan iscas99__b15_1] [plan] step=265 node=N541 type=observe q_typed_reliable_context=5.430802 sequence=686.229748
[b15-r9/horizon_only_late/a0.05/d0] [plan iscas99__b15_1] [plan] step=266 node=N6743 type=control1 q_typed_reliable_context=5.165513 sequence=691.395261
[b15-r9/horizon_only_late/a0.05/d0] [plan iscas99__b15_1] [plan] step=267 node=N8608 type=control1 q_typed_reliable_context=6.484793 sequence=697.880054
[b15-r9/horizon_only_late/a0.05/d0] [plan iscas99__b15_1] [plan] step=268 node=N6682 type=observe q_typed_reliable_context=0.779378 sequence=698.659432
[b15-r9/horizon_only_late/a0.05/d0] [plan iscas99__b15_1] [plan] step=269 node=N1688 type=observe q_typed_reliable_context=0.887007 sequence=699.546438
[b15-r9/horizon_only_late/a0.05/d0] [plan iscas99__b15_1] [plan] step=270 node=N684 type=observe q_typed_reliable_context=1.572076 sequence=701.118514
[b15-r9/horizon_only_late/a0.05/d0] [plan iscas99__b15_1] [plan] step=271 node=N1598 type=observe q_typed_reliable_context=0.886368 sequence=702.004882
[b15-r9/horizon_only_late/a0.05/d0] [plan iscas99__b15_1] [plan] step=272 node=N6678 type=observe q_typed_reliable_context=0.805508 sequence=702.810390
[b15-r9/horizon_only_late/a0.05/d0] [plan iscas99__b15_1] [plan] step=273 node=N6741 type=control1 q_typed_reliable_context=1.357316 sequence=704.167706
[b15-r9/horizon_only_late/a0.05/d0] [plan iscas99__b15_1] [plan] step=274 node=N764 type=observe q_typed_reliable_context=0.697924 sequence=704.865630
[b15-r9/horizon_only_late/a0.05/d0] [plan iscas99__b15_1] [plan] step=275 node=N7433 type=observe q_typed_reliable_context=6.348034 sequence=711.213664
[b15-r9/horizon_only_late/a0.05/d0] [plan iscas99__b15_1] [plan] step=276 node=N2259 type=observe q_typed_reliable_context=0.948414 sequence=712.162078
[b15-r9/horizon_only_late/a0.05/d0] [plan iscas99__b15_1] [plan] step=277 node=N4551 type=observe q_typed_reliable_context=5.047863 sequence=717.209941
[b15-r9/horizon_only_late/a0.05/d0] [plan iscas99__b15_1] [plan] step=278 node=N754 type=observe q_typed_reliable_context=0.969561 sequence=718.179501
[b15-r9/horizon_only_late/a0.05/d0] [plan iscas99__b15_1] saved=autoresearch/loop-260720-0945/model_training_round9/b15_selection/horizon_only_late/best_final_horizon/alpha_0p05_decay_none/plans/iscas99__b15_1__greedy__cumulative__q_typed_reliable_context__bw1__d1__c64__g1p0__candhard_fault_cluster__div0p0__s0.csv
[b15-r9/horizon_only_late/a0.05/d0] [gmean] 2026-07-21T16:28:54 [1/1] plan_done benchmark=iscas99__b15_1 plan_sec=238.385 plan_csv=autoresearch/loop-260720-0945/model_training_round9/b15_selection/horizon_only_late/best_final_horizon/alpha_0p05_decay_none/plans/iscas99__b15_1__greedy__cumulative__q_typed_reliable_context__bw1__d1__c64__g1p0__candhard_fault_cluster__div0p0__s0.csv
[b15-r9/horizon_only_late/a0.05/d0] [gmean] 2026-07-21T16:28:54 [1/1] eval_start benchmark=iscas99__b15_1 backend=atalanta-bist patterns=300000
[b15-r9/horizon_only_late/a0.05/d0] [eval iscas99__b15_1] {
[b15-r9/horizon_only_late/a0.05/d0] [eval iscas99__b15_1]   "records": 2,
[b15-r9/horizon_only_late/a0.05/d0] [eval iscas99__b15_1]   "labels_csv": "autoresearch/loop-260720-0945/model_training_round9/b15_selection/horizon_only_late/best_final_horizon/alpha_0p05_decay_none/evals/iscas99__b15_1__greedy__cumulative__q_typed_reliable_context__bw1__d1__c64__g1p0__candhard_fault_cluster__div0p0__s0/labels.csv",
[b15-r9/horizon_only_late/a0.05/d0] [eval iscas99__b15_1]   "summary_json": "autoresearch/loop-260720-0945/model_training_round9/b15_selection/horizon_only_late/best_final_horizon/alpha_0p05_decay_none/evals/iscas99__b15_1__greedy__cumulative__q_typed_reliable_context__bw1__d1__c64__g1p0__candhard_fault_cluster__div0p0__s0/summary.json"
[b15-r9/horizon_only_late/a0.05/d0] [eval iscas99__b15_1] }
[b15-r9/horizon_only_late/a0.05/d0] [gmean] 2026-07-21T16:29:01 [1/1] eval_done benchmark=iscas99__b15_1 delta_tc=0.12525000000000008 plan_sec=238.385 eval_sec=7.115 total_sec=245.505
[b15-r9/horizon_only_late/a0.05/d0] [gmean] 2026-07-21T16:29:01 variant_done id=greedy__cumulative__q_typed_reliable_context__bw1__d1__c64__g1p0__candhard_fault_cluster__div0p0__s0 status=ok macro=0.12525000000000008 positives=1 negatives=0 elapsed=245.506
