[r17-plan/0.80] [plan] torch_deterministic=true
[r17-plan/0.80] [plan] candidate_allowlist=autoresearch/original-netlist-recovery-260712/exact_itc99/b15_C/exact_candidate_nodes.txt nodes=7918
[r17-plan/0.80] [plan] prefix_plan=autoresearch/loop-260720-0945/typed_winner_round8_five/b15_C/best_plans/iscas99__b15_1.csv prefix_actions=192 continue_at_step=193
[r17-plan/0.80] [plan] latent_norm_clip_ratio=4 latent_norm_limit=30.875631
[r17-plan/0.80] [plan] prefix_state_mode=replay replayed_actions=192
[r17-plan/0.80] [plan] step=193 node=N6121 type=observe q_typed_reliable_context=1.994879 sequence=368.837471
[r17-plan/0.80] [plan] step=194 node=N902 type=control1 q_typed_reliable_context=0.987683 sequence=369.821154
[r17-plan/0.80] [plan] step=195 node=N2191 type=observe q_typed_reliable_context=1.515218 sequence=371.336372
[r17-plan/0.80] [plan] step=196 node=N2188 type=observe q_typed_reliable_context=1.502329 sequence=372.838700
[r17-plan/0.80] [plan] step=197 node=N2285 type=observe q_typed_reliable_context=1.023991 sequence=373.862692
[r17-plan/0.80] [plan] step=198 node=N7709 type=observe q_typed_reliable_context=1.918005 sequence=375.780696
[r17-plan/0.80] [plan] step=199 node=N2302 type=control0 q_typed_reliable_context=1.956378 sequence=377.732074
[r17-plan/0.80] [plan] step=200 node=N2284 type=observe q_typed_reliable_context=1.641455 sequence=379.373530
[r17-plan/0.80] [plan] step=201 node=N5581 type=control0 q_typed_reliable_context=1.269157 sequence=380.642687
[r17-plan/0.80] [plan] step=202 node=N2280 type=observe q_typed_reliable_context=1.539712 sequence=382.178399
[r17-plan/0.80] [plan] step=203 node=N5902 type=control0 q_typed_reliable_context=1.346323 sequence=383.524722
[r17-plan/0.80] [plan] step=204 node=N5914 type=observe q_typed_reliable_context=1.447553 sequence=384.972274
[r17-plan/0.80] [plan] step=205 node=N753 type=control1 q_typed_reliable_context=1.002713 sequence=385.970987
[r17-plan/0.80] [plan] step=206 node=N1546 type=control0 q_typed_reliable_context=2.622455 sequence=388.593442
[r17-plan/0.80] [plan] step=207 node=N5629 type=control0 q_typed_reliable_context=1.147649 sequence=389.741091
[r17-plan/0.80] [plan] step=208 node=N903 type=control1 q_typed_reliable_context=1.575060 sequence=391.312151
[r17-plan/0.80] [plan] step=209 node=N752 type=control1 q_typed_reliable_context=2.603552 sequence=393.911703
[r17-plan/0.80] [plan] step=210 node=N6809 type=control0 q_typed_reliable_context=1.256403 sequence=395.168106
[r17-plan/0.80] [plan] step=211 node=N1611 type=observe q_typed_reliable_context=1.646322 sequence=396.814428
[r17-plan/0.80] [plan] step=212 node=N2287 type=observe q_typed_reliable_context=1.749047 sequence=398.563475
[r17-plan/0.80] [plan] step=213 node=N844 type=observe q_typed_reliable_context=1.056670 sequence=399.620146
[r17-plan/0.80] [plan] step=214 node=N5506 type=observe q_typed_reliable_context=0.952984 sequence=400.573130
[r17-plan/0.80] [plan] step=215 node=N1610 type=observe q_typed_reliable_context=1.439745 sequence=402.012875
[r17-plan/0.80] [plan] step=216 node=N6124 type=observe q_typed_reliable_context=0.953268 sequence=402.966143
[r17-plan/0.80] [plan] step=217 node=N6248 type=observe q_typed_reliable_context=1.585795 sequence=404.551938
[r17-plan/0.80] [plan] step=218 node=N5210 type=observe q_typed_reliable_context=2.794769 sequence=407.346707
[r17-plan/0.80] [plan] step=219 node=N6847 type=control0 q_typed_reliable_context=2.702123 sequence=410.048831
[r17-plan/0.80] [plan] step=220 node=N1874 type=observe q_typed_reliable_context=1.425909 sequence=411.470740
[r17-plan/0.80] [plan] step=221 node=N6815 type=control0 q_typed_reliable_context=1.756582 sequence=413.227322
[r17-plan/0.80] [plan] step=222 node=N726 type=observe q_typed_reliable_context=1.941908 sequence=415.169230
[r17-plan/0.80] [plan] step=223 node=N731 type=observe q_typed_reliable_context=1.954088 sequence=417.119318
[r17-plan/0.80] [plan] step=224 node=N6810 type=control0 q_typed_reliable_context=1.627047 sequence=418.742365
[r17-plan/0.80] [plan] step=225 node=N6849 type=control0 q_typed_reliable_context=1.668077 sequence=420.410442
[r17-plan/0.80] [plan] step=226 node=N716 type=observe q_typed_reliable_context=2.625165 sequence=423.031606
[r17-plan/0.80] [plan] step=227 node=N6290 type=control0 q_typed_reliable_context=1.986778 sequence=425.018385
[r17-plan/0.80] [plan] step=228 node=N6846 type=control0 q_typed_reliable_context=1.821941 sequence=426.840325
[r17-plan/0.80] [plan] step=229 node=N6814 type=control0 q_typed_reliable_context=1.685699 sequence=428.522024
[r17-plan/0.80] [plan] step=230 node=N6108 type=observe q_typed_reliable_context=1.212566 sequence=429.734590
[r17-plan/0.80] [plan] step=231 node=N5751 type=observe q_typed_reliable_context=0.767316 sequence=430.501906
[r17-plan/0.80] [plan] step=232 node=N5478 type=observe q_typed_reliable_context=0.195064 sequence=430.696971
[r17-plan/0.80] [plan] step=233 node=N2348 type=control0 q_typed_reliable_context=1.427098 sequence=432.124068
[r17-plan/0.80] [plan] step=234 node=N2217 type=observe q_typed_reliable_context=3.103564 sequence=435.227632
[r17-plan/0.80] [plan] step=235 node=N698 type=observe q_typed_reliable_context=2.428377 sequence=437.656009
[r17-plan/0.80] [plan] step=236 node=N7802 type=observe q_typed_reliable_context=2.210620 sequence=439.862629
[r17-plan/0.80] [plan] step=237 node=N700 type=observe q_typed_reliable_context=2.561895 sequence=442.420524
[r17-plan/0.80] [plan] step=238 node=N705 type=observe q_typed_reliable_context=2.360898 sequence=444.777423
[r17-plan/0.80] [plan] step=239 node=N701 type=observe q_typed_reliable_context=2.290903 sequence=447.064326
[r17-plan/0.80] [plan] step=240 node=N699 type=observe q_typed_reliable_context=1.935263 sequence=448.995588
[r17-plan/0.80] [plan] step=241 node=N703 type=observe q_typed_reliable_context=2.960444 sequence=451.952033
[r17-plan/0.80] [plan] step=242 node=N709 type=observe q_typed_reliable_context=2.016008 sequence=453.964041
[r17-plan/0.80] [plan] step=243 node=N710 type=observe q_typed_reliable_context=2.861919 sequence=456.821960
[r17-plan/0.80] [plan] step=244 node=N715 type=observe q_typed_reliable_context=2.867492 sequence=459.685451
[r17-plan/0.80] [plan] step=245 node=N8295 type=control0 q_typed_reliable_context=2.746661 sequence=462.432112
[r17-plan/0.80] [plan] step=246 node=N708 type=observe q_typed_reliable_context=2.563022 sequence=464.991134
[r17-plan/0.80] [plan] step=247 node=N707 type=observe q_typed_reliable_context=3.044076 sequence=468.031210
[r17-plan/0.80] [plan] step=248 node=N2183 type=observe q_typed_reliable_context=3.141531 sequence=471.168740
[r17-plan/0.80] [plan] step=249 node=N2185 type=observe q_typed_reliable_context=3.214135 sequence=474.378875
[r17-plan/0.80] [plan] step=250 node=N2203 type=observe q_typed_reliable_context=2.907133 sequence=477.282009
[r17-plan/0.80] [plan] step=251 node=N2205 type=observe q_typed_reliable_context=1.954384 sequence=479.232393
[r17-plan/0.80] [plan] step=252 node=N7603 type=observe q_typed_reliable_context=2.545606 sequence=481.777998
[r17-plan/0.80] [plan] step=253 node=N2201 type=observe q_typed_reliable_context=2.411812 sequence=484.185810
[r17-plan/0.80] [plan] step=254 node=N2224 type=observe q_typed_reliable_context=2.156755 sequence=486.338565
[r17-plan/0.80] [plan] step=255 node=N2226 type=observe q_typed_reliable_context=2.322218 sequence=488.656783
[r17-plan/0.80] [plan] step=256 node=N2243 type=observe q_typed_reliable_context=1.869682 sequence=490.522465
[r17-plan/0.80] [plan] step=257 node=N2212 type=observe q_typed_reliable_context=1.803900 sequence=492.322365
[r17-plan/0.80] [plan] step=258 node=N2214 type=observe q_typed_reliable_context=1.820986 sequence=494.139351
[r17-plan/0.80] [plan] step=259 node=N2269 type=observe q_typed_reliable_context=2.383634 sequence=496.522986
[r17-plan/0.80] [plan] step=260 node=N2271 type=observe q_typed_reliable_context=2.547011 sequence=499.065997
[r17-plan/0.80] [plan] step=261 node=N2220 type=observe q_typed_reliable_context=2.474882 sequence=501.536879
[r17-plan/0.80] [plan] step=262 node=N2222 type=observe q_typed_reliable_context=2.441588 sequence=503.974467
[r17-plan/0.80] [plan] step=263 node=N8316 type=observe q_typed_reliable_context=1.620716 sequence=505.595183
[r17-plan/0.80] [plan] step=264 node=N2253 type=observe q_typed_reliable_context=1.331548 sequence=506.926732
[r17-plan/0.80] [plan] step=265 node=N2255 type=observe q_typed_reliable_context=1.607044 sequence=508.529775
[r17-plan/0.80] [plan] step=266 node=N7801 type=observe q_typed_reliable_context=1.325414 sequence=509.855189
[r17-plan/0.80] [plan] step=267 node=N2257 type=observe q_typed_reliable_context=2.118010 sequence=511.973199
[r17-plan/0.80] [plan] step=268 node=N2259 type=observe q_typed_reliable_context=2.023236 sequence=513.992434
[r17-plan/0.80] [plan] step=269 node=N2210 type=observe q_typed_reliable_context=1.448787 sequence=515.437221
[r17-plan/0.80] [plan] step=270 node=N2207 type=observe q_typed_reliable_context=1.469404 sequence=516.902625
[r17-plan/0.80] [plan] step=271 node=N2193 type=observe q_typed_reliable_context=1.110985 sequence=518.009610
[r17-plan/0.80] [plan] step=272 node=N6438 type=observe q_typed_reliable_context=1.131564 sequence=519.137174
[r17-plan/0.80] [plan] step=273 node=N8083 type=observe q_typed_reliable_context=1.020965 sequence=520.158138
[r17-plan/0.80] [plan] step=274 node=N2265 type=observe q_typed_reliable_context=2.464127 sequence=522.622265
[r17-plan/0.80] [plan] step=275 node=N2267 type=observe q_typed_reliable_context=3.264453 sequence=525.882718
[r17-plan/0.80] [plan] step=276 node=N2261 type=observe q_typed_reliable_context=3.101717 sequence=528.984435
[r17-plan/0.80] [plan] step=277 node=N2263 type=observe q_typed_reliable_context=2.936262 sequence=531.916697
[r17-plan/0.80] [plan] step=278 node=N7499 type=observe q_typed_reliable_context=1.889205 sequence=533.801902
[r17-plan/0.80] saved=autoresearch/loop-260720-0945/model_training_round17_typed_residual_fine_b15/plans/polarity_0p80.csv
