[plan] torch_deterministic=true
[plan] candidate_allowlist=autoresearch/original-netlist-recovery-260712/exact_itc99/b15_C/exact_candidate_nodes.txt nodes=7918
[plan] latent_norm_clip_ratio=4 latent_norm_limit=30.875631
[plan] step=1 node=N677 type=control1 q_pred_context=4.858065 sequence=4.858065
[plan] step=2 node=N2155 type=observe q_pred_context=3.253097 sequence=8.111161
[plan] step=3 node=N502 type=control1 q_pred_context=2.192107 sequence=10.303268
[plan] step=4 node=N762 type=control1 q_pred_context=1.446094 sequence=11.749362
[plan] step=5 node=N4520 type=control0 q_pred_context=1.337016 sequence=13.086378
[plan] step=6 node=N3644 type=control0 q_pred_context=1.301060 sequence=14.387438
[plan] step=7 node=N3756 type=control0 q_pred_context=1.029454 sequence=15.416892
[plan] step=8 node=N557 type=control1 q_pred_context=1.154307 sequence=16.571199
[plan] step=9 node=N3742 type=control0 q_pred_context=1.120175 sequence=17.691374
[plan] step=10 node=N508 type=control1 q_pred_context=1.529615 sequence=19.220989
[plan] step=11 node=N5143 type=observe q_pred_context=1.278934 sequence=20.499923
[plan] step=12 node=N580 type=control1 q_pred_context=1.893662 sequence=22.393585
[plan] step=13 node=N564 type=control1 q_pred_context=2.231073 sequence=24.624658
[plan] step=14 node=N2082 type=observe q_pred_context=1.879125 sequence=26.503783
[plan] step=15 node=N496 type=control1 q_pred_context=3.853201 sequence=30.356984
[plan] step=16 node=N7511 type=control1 q_pred_context=2.229999 sequence=32.586983
[plan] step=17 node=N1564 type=control1 q_pred_context=2.479360 sequence=35.066343
[plan] step=18 node=N5203 type=control1 q_pred_context=2.422129 sequence=37.488472
[plan] step=19 node=N2101 type=observe q_pred_context=2.703988 sequence=40.192460
[plan] step=20 node=N1853 type=observe q_pred_context=2.797246 sequence=42.989706
[plan] step=21 node=N4649 type=control0 q_pred_context=3.837282 sequence=46.826988
[plan] step=22 node=N1860 type=observe q_pred_context=5.148465 sequence=51.975453
[plan] step=23 node=N4635 type=control0 q_pred_context=3.980257 sequence=55.955710
[plan] step=24 node=N1372 type=observe q_pred_context=1.975209 sequence=57.930919
[plan] step=25 node=N1532 type=observe q_pred_context=2.398152 sequence=60.329071
[plan] step=26 node=N582 type=control1 q_pred_context=1.466166 sequence=61.795238
[plan] step=27 node=N4656 type=control0 q_pred_context=3.317284 sequence=65.112521
[plan] step=28 node=N576 type=observe q_pred_context=2.202370 sequence=67.314891
[plan] step=29 node=N766 type=control1 q_pred_context=1.179577 sequence=68.494468
[plan] step=30 node=N5723 type=control0 q_pred_context=1.225606 sequence=69.720074
[plan] step=31 node=N893 type=observe q_pred_context=0.959602 sequence=70.679676
[plan] step=32 node=N583 type=control1 q_pred_context=1.235739 sequence=71.915415
[plan] step=33 node=N4663 type=control0 q_pred_context=3.306880 sequence=75.222295
[plan] step=34 node=N7411 type=control1 q_pred_context=1.180750 sequence=76.403044
[plan] step=35 node=N7413 type=control1 q_pred_context=2.613031 sequence=79.016075
[plan] step=36 node=N4670 type=control0 q_pred_context=4.489341 sequence=83.505416
[plan] step=37 node=N713 type=observe q_pred_context=2.931851 sequence=86.437267
[plan] step=38 node=N3701 type=control0 q_pred_context=1.056521 sequence=87.493788
[plan] step=39 node=N4677 type=control0 q_pred_context=2.964721 sequence=90.458508
[plan] step=40 node=N6537 type=observe q_pred_context=3.978381 sequence=94.436889
[plan] step=41 node=N8470 type=observe q_pred_context=3.665985 sequence=98.102875
[plan] step=42 node=N4684 type=control0 q_pred_context=2.748078 sequence=100.850953
[plan] step=43 node=N724 type=observe q_pred_context=2.634599 sequence=103.485553
[plan] step=44 node=N2044 type=observe q_pred_context=0.586661 sequence=104.072213
[plan] step=45 node=N2042 type=observe q_pred_context=1.610088 sequence=105.682301
[plan] step=46 node=N4691 type=control0 q_pred_context=2.982684 sequence=108.664986
[plan] step=47 node=N7889 type=control1 q_pred_context=0.551395 sequence=109.216380
[plan] step=48 node=N7890 type=control1 q_pred_context=0.704435 sequence=109.920815
[plan] step=49 node=N4698 type=control0 q_pred_context=1.659581 sequence=111.580396
[plan] step=50 node=N3911 type=control0 q_pred_context=0.724946 sequence=112.305342
[plan] step=51 node=N7887 type=control1 q_pred_context=0.889515 sequence=113.194857
[plan] step=52 node=N3904 type=control0 q_pred_context=0.845787 sequence=114.040644
[plan] step=53 node=N4712 type=control0 q_pred_context=1.173303 sequence=115.213947
[plan] step=54 node=N4705 type=control0 q_pred_context=1.107587 sequence=116.321534
[plan] step=55 node=N4716 type=control0 q_pred_context=1.179966 sequence=117.501500
[plan] step=56 node=N3897 type=control0 q_pred_context=0.912111 sequence=118.413611
[plan] step=57 node=N3862 type=control0 q_pred_context=0.950368 sequence=119.363980
[plan] step=58 node=N3855 type=control0 q_pred_context=1.131356 sequence=120.495336
[plan] step=59 node=N3848 type=control0 q_pred_context=1.097036 sequence=121.592372
[plan] step=60 node=N3827 type=control0 q_pred_context=1.155421 sequence=122.747793
[plan] step=61 node=N3820 type=control0 q_pred_context=1.235463 sequence=123.983256
[plan] step=62 node=N3813 type=control0 q_pred_context=1.338307 sequence=125.321563
[plan] step=63 node=N3799 type=control0 q_pred_context=1.355497 sequence=126.677060
[plan] step=64 node=N3889 type=control0 q_pred_context=1.370566 sequence=128.047626
[plan] step=65 node=N3882 type=control0 q_pred_context=1.285495 sequence=129.333121
[plan] step=66 node=N3805 type=control0 q_pred_context=1.255310 sequence=130.588430
[plan] step=67 node=N4606 type=control0 q_pred_context=1.223928 sequence=131.812358
[plan] step=68 node=N7506 type=observe q_pred_context=1.882718 sequence=133.695076
[plan] step=69 node=N3722 type=control0 q_pred_context=1.194600 sequence=134.889676
[plan] step=70 node=N2350 type=control0 q_pred_context=1.258484 sequence=136.148160
[plan] step=71 node=N4585 type=control0 q_pred_context=1.223667 sequence=137.371828
[plan] step=72 node=N7722 type=control0 q_pred_context=1.282190 sequence=138.654017
[plan] step=73 node=N4578 type=control0 q_pred_context=1.434785 sequence=140.088802
[plan] step=74 node=N1539 type=control0 q_pred_context=1.520876 sequence=141.609678
[plan] step=75 node=N504 type=control1 q_pred_context=1.468281 sequence=143.077958
[plan] step=76 node=N519 type=control1 q_pred_context=1.276793 sequence=144.354751
[plan] step=77 node=N5234 type=observe q_pred_context=1.311413 sequence=145.666164
[plan] step=78 node=N516 type=control1 q_pred_context=1.614658 sequence=147.280821
[plan] step=79 node=N520 type=control1 q_pred_context=1.282716 sequence=148.563538
[plan] step=80 node=N513 type=control1 q_pred_context=1.341521 sequence=149.905059
[plan] step=81 node=N2083 type=observe q_pred_context=1.638403 sequence=151.543462
[plan] step=82 node=N7724 type=control0 q_pred_context=1.034821 sequence=152.578283
[plan] step=83 node=N7471 type=control0 q_pred_context=0.809918 sequence=153.388200
[plan] step=84 node=N3903 type=control0 q_pred_context=1.159865 sequence=154.548065
[plan] step=85 node=N1533 type=control1 q_pred_context=1.086357 sequence=155.634422
[plan] step=86 node=N555 type=control1 q_pred_context=1.931528 sequence=157.565950
[plan] step=87 node=N7723 type=control0 q_pred_context=1.213759 sequence=158.779709
[plan] step=88 node=N7725 type=control0 q_pred_context=1.025309 sequence=159.805018
[plan] step=89 node=N704 type=observe q_pred_context=2.890820 sequence=162.695839
[plan] step=90 node=N556 type=control1 q_pred_context=1.997812 sequence=164.693650
[plan] step=91 node=N3896 type=control0 q_pred_context=0.862505 sequence=165.556156
[plan] step=92 node=N7885 type=control1 q_pred_context=1.040127 sequence=166.596283
[plan] step=93 node=N7886 type=control1 q_pred_context=0.949427 sequence=167.545710
[plan] step=94 node=N507 type=control1 q_pred_context=2.209295 sequence=169.755004
[plan] step=95 node=N7883 type=control1 q_pred_context=1.245371 sequence=171.000376
[plan] step=96 node=N7884 type=control1 q_pred_context=1.373721 sequence=172.374096
[plan] step=97 node=N7882 type=control1 q_pred_context=1.178079 sequence=173.552175
[plan] step=98 node=N7408 type=control0 q_pred_context=1.770287 sequence=175.322463
[plan] step=99 node=N7541 type=control0 q_pred_context=2.391703 sequence=177.714166
[plan] step=100 node=N7888 type=control1 q_pred_context=2.077220 sequence=179.791385
[plan] step=101 node=N3792 type=control0 q_pred_context=2.125283 sequence=181.916668
[plan] step=102 node=N7590 type=control1 q_pred_context=2.425758 sequence=184.342427
[plan] step=103 node=N3785 type=control0 q_pred_context=1.769001 sequence=186.111428
[plan] step=104 node=N2106 type=observe q_pred_context=2.670646 sequence=188.782073
[plan] step=105 node=N4564 type=control0 q_pred_context=1.653432 sequence=190.435505
[plan] step=106 node=N4557 type=control0 q_pred_context=1.620660 sequence=192.056165
[plan] step=107 node=N3681 type=control0 q_pred_context=1.442688 sequence=193.498853
[plan] step=108 node=N7846 type=control0 q_pred_context=1.926490 sequence=195.425343
[plan] step=109 node=N614 type=control1 q_pred_context=1.483110 sequence=196.908453
[plan] step=110 node=N634 type=control1 q_pred_context=1.822549 sequence=198.731002
[plan] step=111 node=N610 type=control1 q_pred_context=1.728303 sequence=200.459305
[plan] step=112 node=N620 type=control1 q_pred_context=1.892640 sequence=202.351945
[plan] step=113 node=N7421 type=control1 q_pred_context=2.868568 sequence=205.220513
[plan] step=114 node=N7370 type=control1 q_pred_context=1.570077 sequence=206.790590
[plan] step=115 node=N3180 type=control1 q_pred_context=2.405257 sequence=209.195848
[plan] step=116 node=N638 type=control1 q_pred_context=2.677242 sequence=211.873089
[plan] step=117 node=N3410 type=control1 q_pred_context=1.988519 sequence=213.861609
[plan] step=118 node=N899 type=observe q_pred_context=1.535180 sequence=215.396789
[plan] step=119 node=N2580 type=control1 q_pred_context=1.881567 sequence=217.278356
[plan] step=120 node=N7518 type=observe q_pred_context=1.432502 sequence=218.710859
[plan] step=121 node=N2040 type=observe q_pred_context=1.241153 sequence=219.952012
[plan] step=122 node=N7537 type=observe q_pred_context=1.264677 sequence=221.216689
[plan] step=123 node=N7535 type=observe q_pred_context=1.393708 sequence=222.610397
[plan] step=124 node=N6948 type=observe q_pred_context=1.288768 sequence=223.899165
[plan] step=125 node=N7532 type=observe q_pred_context=2.041257 sequence=225.940422
[plan] step=126 node=N785 type=observe q_pred_context=2.012069 sequence=227.952491
[plan] step=127 node=N7465 type=observe q_pred_context=1.550682 sequence=229.503174
[plan] step=128 node=N7534 type=observe q_pred_context=1.332481 sequence=230.835655
[plan] step=129 node=N7854 type=control0 q_pred_context=1.319275 sequence=232.154930
[plan] step=130 node=N645 type=control1 q_pred_context=1.589166 sequence=233.744095
[plan] step=131 node=N7424 type=control1 q_pred_context=1.184641 sequence=234.928736
[plan] step=132 node=N616 type=control1 q_pred_context=1.978636 sequence=236.907372
[plan] step=133 node=N7613 type=observe q_pred_context=1.546431 sequence=238.453803
[plan] step=134 node=N636 type=control1 q_pred_context=1.280759 sequence=239.734562
[plan] step=135 node=N7853 type=control0 q_pred_context=0.668518 sequence=240.403080
[plan] step=136 node=N3295 type=control1 q_pred_context=0.921357 sequence=241.324437
[plan] step=137 node=N7721 type=control0 q_pred_context=0.818824 sequence=242.143260
[plan] step=138 node=N630 type=control1 q_pred_context=0.743130 sequence=242.886390
[plan] step=139 node=N7624 type=observe q_pred_context=0.935228 sequence=243.821619
[plan] step=140 node=N642 type=control1 q_pred_context=1.222545 sequence=245.044163
[plan] step=141 node=N649 type=control1 q_pred_context=0.965452 sequence=246.009615
[plan] step=142 node=N3237 type=control1 q_pred_context=0.779438 sequence=246.789053
[plan] step=143 node=N3525 type=control1 q_pred_context=0.890106 sequence=247.679159
[plan] step=144 node=N1411 type=control0 q_pred_context=0.579773 sequence=248.258933
[plan] step=145 node=N5878 type=observe q_pred_context=0.721731 sequence=248.980664
[plan] step=146 node=N2153 type=observe q_pred_context=1.678410 sequence=250.659074
[plan] step=147 node=N7852 type=control0 q_pred_context=0.793359 sequence=251.452433
[plan] step=148 node=N1607 type=control1 q_pred_context=1.199124 sequence=252.651557
[plan] step=149 node=N7726 type=control0 q_pred_context=1.800009 sequence=254.451566
[plan] step=150 node=N7891 type=control1 q_pred_context=0.850246 sequence=255.301812
[plan] step=151 node=N1586 type=control1 q_pred_context=1.657649 sequence=256.959461
[plan] step=152 node=N771 type=observe q_pred_context=0.711055 sequence=257.670516
[plan] step=153 node=N647 type=control1 q_pred_context=1.292540 sequence=258.963055
[plan] step=154 node=N7401 type=observe q_pred_context=1.207787 sequence=260.170842
[plan] step=155 node=N2652 type=control1 q_pred_context=1.525260 sequence=261.696102
[plan] step=156 node=N7820 type=control0 q_pred_context=1.113835 sequence=262.809936
[plan] step=157 node=N2721 type=control1 q_pred_context=1.363953 sequence=264.173889
[plan] step=158 node=N2952 type=control1 q_pred_context=1.292237 sequence=265.466126
[plan] step=159 node=N2102 type=observe q_pred_context=1.360823 sequence=266.826949
[plan] step=160 node=N2894 type=control1 q_pred_context=1.288259 sequence=268.115208
[plan] step=161 node=N2779 type=control1 q_pred_context=1.294873 sequence=269.410081
[plan] step=162 node=N2072 type=observe q_pred_context=0.911063 sequence=270.321143
[plan] step=163 node=N7482 type=observe q_pred_context=1.349278 sequence=271.670422
[plan] step=164 node=N694 type=observe q_pred_context=1.260998 sequence=272.931419
[plan] step=165 node=N6534 type=observe q_pred_context=0.959211 sequence=273.890630
[plan] step=166 node=N5873 type=observe q_pred_context=1.127334 sequence=275.017964
[plan] step=167 node=N7500 type=observe q_pred_context=0.971936 sequence=275.989900
[plan] step=168 node=N7847 type=control0 q_pred_context=1.339731 sequence=277.329631
[plan] step=169 node=N3009 type=control1 q_pred_context=1.741858 sequence=279.071490
[plan] step=170 node=N2837 type=control1 q_pred_context=1.711409 sequence=280.782898
[plan] step=171 node=N7442 type=control0 q_pred_context=1.044205 sequence=281.827103
[plan] step=172 node=N578 type=observe q_pred_context=0.761014 sequence=282.588118
[plan] step=173 node=N7453 type=observe q_pred_context=0.923091 sequence=283.511209
[plan] step=174 node=N3067 type=control1 q_pred_context=1.595023 sequence=285.106232
[plan] step=175 node=N7589 type=control1 q_pred_context=1.055937 sequence=286.162168
[plan] step=176 node=N8790 type=control1 q_pred_context=1.099020 sequence=287.261189
[plan] step=177 node=N4489 type=observe q_pred_context=0.713271 sequence=287.974459
[plan] step=178 node=N722 type=observe q_pred_context=1.272485 sequence=289.246944
[plan] step=179 node=N7385 type=observe q_pred_context=0.948665 sequence=290.195610
[plan] step=180 node=N2157 type=observe q_pred_context=1.590340 sequence=291.785950
[plan] step=181 node=N5740 type=observe q_pred_context=1.062223 sequence=292.848173
[plan] step=182 node=N8789 type=control1 q_pred_context=1.167548 sequence=294.015722
[plan] step=183 node=N8240 type=control1 q_pred_context=0.946058 sequence=294.961779
[plan] step=184 node=N5617 type=observe q_pred_context=0.919703 sequence=295.881482
[plan] step=185 node=N8239 type=control1 q_pred_context=1.259315 sequence=297.140797
[plan] step=186 node=N7855 type=control0 q_pred_context=0.985548 sequence=298.126345
[plan] step=187 node=N8607 type=control1 q_pred_context=0.982343 sequence=299.108688
[plan] step=188 node=N5738 type=observe q_pred_context=0.969894 sequence=300.078582
[plan] step=189 node=N758 type=observe q_pred_context=0.662094 sequence=300.740676
[plan] step=190 node=N7628 type=observe q_pred_context=1.271617 sequence=302.012293
[plan] step=191 node=N5473 type=observe q_pred_context=1.011326 sequence=303.023619
[plan] step=192 node=N652 type=control1 q_pred_context=1.306164 sequence=304.329783
[plan] step=193 node=N8238 type=control1 q_pred_context=1.124849 sequence=305.454631
[plan] step=194 node=N2149 type=observe q_pred_context=1.045349 sequence=306.499980
[plan] step=195 node=N8606 type=control1 q_pred_context=0.994026 sequence=307.494006
[plan] step=196 node=N7436 type=observe q_pred_context=0.833804 sequence=308.327810
[plan] step=197 node=N7512 type=control1 q_pred_context=1.008971 sequence=309.336780
[plan] step=198 node=N902 type=control1 q_pred_context=1.059370 sequence=310.396151
[plan] step=199 node=N8605 type=control1 q_pred_context=0.989079 sequence=311.385230
[plan] step=200 node=N8236 type=control1 q_pred_context=0.900592 sequence=312.285822
[plan] step=201 node=N515 type=control1 q_pred_context=1.706599 sequence=313.992422
[plan] step=202 node=N4529 type=observe q_pred_context=1.362184 sequence=315.354606
[plan] step=203 node=N8237 type=control1 q_pred_context=1.418124 sequence=316.772730
[plan] step=204 node=N5726 type=control1 q_pred_context=1.315880 sequence=318.088610
[plan] step=205 node=N5876 type=observe q_pred_context=1.430865 sequence=319.519476
[plan] step=206 node=N5356 type=observe q_pred_context=1.190843 sequence=320.710319
[plan] step=207 node=N5874 type=observe q_pred_context=1.237374 sequence=321.947693
[plan] step=208 node=N5866 type=observe q_pred_context=1.225012 sequence=323.172705
[plan] step=209 node=N5627 type=observe q_pred_context=1.463551 sequence=324.636256
[plan] step=210 node=N712 type=observe q_pred_context=1.457193 sequence=326.093449
[plan] step=211 node=N723 type=observe q_pred_context=2.246310 sequence=328.339759
[plan] step=212 node=N714 type=observe q_pred_context=2.041189 sequence=330.380948
[plan] step=213 node=N6677 type=observe q_pred_context=1.275028 sequence=331.655976
[plan] step=214 node=N725 type=observe q_pred_context=2.166804 sequence=333.822780
[plan] step=215 node=N7439 type=observe q_pred_context=2.201869 sequence=336.024648
[plan] step=216 node=N715 type=observe q_pred_context=2.985481 sequence=339.010129
[plan] step=217 node=N8235 type=control1 q_pred_context=3.165303 sequence=342.175432
[plan] step=218 node=N4521 type=observe q_pred_context=2.887669 sequence=345.063101
[plan] step=219 node=N5422 type=observe q_pred_context=3.250809 sequence=348.313910
[plan] step=220 node=N703 type=observe q_pred_context=5.239382 sequence=353.553291
[plan] step=221 node=N752 type=observe q_pred_context=3.619490 sequence=357.172782
[plan] step=222 node=N706 type=observe q_pred_context=2.677060 sequence=359.849841
[plan] step=223 node=N5456 type=observe q_pred_context=3.379538 sequence=363.229379
[plan] step=224 node=N7432 type=observe q_pred_context=4.157517 sequence=367.386896
[plan] step=225 node=N679 type=observe q_pred_context=3.088579 sequence=370.475475
[plan] step=226 node=N5439 type=observe q_pred_context=3.698732 sequence=374.174207
[plan] step=227 node=N4505 type=observe q_pred_context=5.750131 sequence=379.924339
[plan] step=228 node=N1949 type=observe q_pred_context=1.166624 sequence=381.090962
[plan] step=229 node=N6673 type=observe q_pred_context=3.691229 sequence=384.782192
[plan] step=230 node=N705 type=observe q_pred_context=3.973403 sequence=388.755594
[plan] step=231 node=N7380 type=observe q_pred_context=5.645071 sequence=394.400666
[plan] step=232 node=N734 type=observe q_pred_context=5.646121 sequence=400.046787
[plan] step=233 node=N5202 type=observe q_pred_context=5.806193 sequence=405.852980
[plan] step=234 node=N5390 type=observe q_pred_context=5.159836 sequence=411.012817
[plan] step=235 node=N4513 type=observe q_pred_context=5.429281 sequence=416.442098
[plan] step=236 node=N1874 type=observe q_pred_context=3.144321 sequence=419.586419
[plan] step=237 node=N5373 type=observe q_pred_context=3.672022 sequence=423.258440
[plan] step=238 node=N765 type=observe q_pred_context=2.737510 sequence=425.995951
[plan] step=239 node=N699 type=observe q_pred_context=4.429075 sequence=430.425025
[plan] step=240 node=N7381 type=observe q_pred_context=4.733412 sequence=435.158437
[plan] step=241 node=N6593 type=control1 q_pred_context=6.240929 sequence=441.399366
[plan] step=242 node=N8234 type=control1 q_pred_context=2.529571 sequence=443.928937
[plan] step=243 node=N8783 type=control1 q_pred_context=5.619156 sequence=449.548093
[plan] step=244 node=N8233 type=control1 q_pred_context=6.304396 sequence=455.852489
[plan] step=245 node=N5334 type=observe q_pred_context=6.118490 sequence=461.970979
[plan] step=246 node=N719 type=observe q_pred_context=5.853792 sequence=467.824771
[plan] step=247 node=N6952 type=observe q_pred_context=6.349573 sequence=474.174343
[plan] step=248 node=N8608 type=control1 q_pred_context=4.373075 sequence=478.547418
[plan] step=249 node=N5283 type=observe q_pred_context=2.651562 sequence=481.198981
[plan] step=250 node=N759 type=observe q_pred_context=2.669240 sequence=483.868221
[plan] step=251 node=N1351 type=observe q_pred_context=6.208902 sequence=490.077123
[plan] step=252 node=N4551 type=observe q_pred_context=4.945168 sequence=495.022291
[plan] step=253 node=N7422 type=observe q_pred_context=3.571979 sequence=498.594270
[plan] step=254 node=N6741 type=control1 q_pred_context=1.409338 sequence=500.003608
[plan] step=255 node=N2358 type=control1 q_pred_context=4.962677 sequence=504.966285
[plan] step=256 node=N756 type=observe q_pred_context=2.117370 sequence=507.083655
[plan] step=257 node=N2159 type=observe q_pred_context=6.019347 sequence=513.103002
[plan] step=258 node=N729 type=observe q_pred_context=1.890779 sequence=514.993781
[plan] step=259 node=N684 type=observe q_pred_context=5.831908 sequence=520.825689
[plan] step=260 node=N4497 type=observe q_pred_context=4.153445 sequence=524.979134
[plan] step=261 node=N2151 type=observe q_pred_context=2.928351 sequence=527.907485
[plan] step=262 node=N764 type=observe q_pred_context=1.728216 sequence=529.635702
[plan] step=263 node=N2181 type=observe q_pred_context=6.530389 sequence=536.166091
[plan] step=264 node=N2243 type=observe q_pred_context=1.482023 sequence=537.648114
[plan] step=265 node=N686 type=observe q_pred_context=3.043177 sequence=540.691291
[plan] step=266 node=N543 type=observe q_pred_context=2.884452 sequence=543.575743
[plan] step=267 node=N4460 type=control0 q_pred_context=6.869709 sequence=550.445452
[plan] step=268 node=N754 type=observe q_pred_context=0.795675 sequence=551.241127
[plan] step=269 node=N7444 type=observe q_pred_context=5.806341 sequence=557.047468
[plan] step=270 node=N2271 type=observe q_pred_context=5.547440 sequence=562.594907
[plan] step=271 node=N689 type=observe q_pred_context=1.793012 sequence=564.387920
[plan] step=272 node=N545 type=observe q_pred_context=5.814137 sequence=570.202056
[plan] step=273 node=N898 type=observe q_pred_context=7.586659 sequence=577.788715
[plan] step=274 node=N753 type=observe q_pred_context=0.833668 sequence=578.622383
[plan] step=275 node=N6743 type=control1 q_pred_context=6.411134 sequence=585.033517
[plan] step=276 node=N4544 type=observe q_pred_context=3.570527 sequence=588.604044
[plan] step=277 node=N2267 type=observe q_pred_context=4.922759 sequence=593.526803
[plan] step=278 node=N695 type=observe q_pred_context=1.165740 sequence=594.692544
saved=autoresearch/loop-260718-0223/relative_gate_b15_round18/range_m0p01/b15_C/plans/iscas99__b15_1__greedy__cumulative__q_pred_context__bw1__d1__c64__g1p0__candhard_fault_cluster__div0p0__s0.csv
