__tpi_not_test_en->__tpi_cp_24___aig_not_66367 /1 undetected
__tpi_not_test_en->__tpi_cp_15___aig_and_65244 /1 undetected
test_en->__tpi_cp_17___aig_and_65241 /0 undetected
test_en->__tpi_cp_30___aig_and_65238 /0 undetected
__tpi_not_test_en->__tpi_cp_25___aig_not_65191 /1 undetected
__tpi_not_test_en->__tpi_cp_26___aig_not_64249 /1 undetected
test_en->__tpi_cp_9___aig_and_64247 /0 undetected
__tpi_not_test_en->__tpi_cp_32___aig_not_64237 /1 undetected
__tpi_not_test_en->__tpi_cp_20___aig_not_65253 /1 undetected
test_en->__tpi_cp_16___aig_and_65251 /0 undetected
test_en->__tpi_cp_19_new_n25787 /0 undetected
__aig_not_60405 /1 undetected
test_en->__tpi_cp_2_quotient_6_ /0 undetected
__tpi_not_test_en->__tpi_cp_6___aig_and_56429 /1 undetected
test_en->__tpi_cp_31___aig_and_56447 /0 undetected
__aig_not_56407 /1 undetected
__buf_split_34464 /1 undetected
__buf_split_34463 /1 undetected
__aig_not_56402 /1 undetected
__aig_not_56400 /1 undetected
test_en->__tpi_cp_22_new_n23104 /0 undetected
__tpi_not_test_en->__tpi_cp_7___aig_not_56392 /1 undetected
__tpi_not_test_en->__tpi_cp_23___buf_split_34449 /1 undetected
