__tpi_not_test_en->__tpi_cp_15___buf_split_259 /1 undetected
__tpi_not_test_en->__tpi_cp_17___buf_split_249 /1 undetected
__tpi_not_test_en->__tpi_cp_3_n_425 /1 undetected
__tpi_not_test_en->__tpi_cp_4___buf_split_260 /1 undetected
test_en->__tpi_cp_31___aig_and_329 /0 undetected
__tpi_not_test_en->__tpi_cp_40_n_386 /1 undetected
test_en->__tpi_cp_24___aig_and_309 /0 undetected
__tpi_not_test_en->__tpi_cp_9_n_373 /1 undetected
__tpi_not_test_en->__tpi_cp_38_n_399 /1 undetected
test_en->__tpi_cp_28___aig_and_315 /0 undetected
__tpi_not_test_en->__tpi_cp_23_n_411 /1 undetected
test_en->__tpi_cp_37___aig_and_324 /0 undetected
__tpi_not_test_en->__tpi_cp_13_n_393 /1 undetected
test_en->__tpi_cp_7___aig_and_310 /0 undetected
test_en->__tpi_cp_42___aig_and_306 /0 undetected
__tpi_not_test_en->__tpi_cp_43_n_360 /1 undetected
test_en->__tpi_cp_0___buf_split_214 /0 undetected
test_en->__tpi_cp_11___aig_and_177 /0 undetected
__tpi_not_test_en->__tpi_cp_36___aig_not_61 /1 undetected
__tpi_not_test_en->__tpi_cp_41___aig_not_143 /1 undetected
test_en->__tpi_cp_30___aig_and_141 /0 undetected
__buf_split_105 /1 undetected
__buf_split_104 /1 undetected
__tpi_not_test_en->__tpi_cp_22_n_203 /1 undetected
test_en->__tpi_cp_25___aig_and_82 /0 undetected
__tpi_not_test_en->__tpi_cp_2___buf_split_70 /1 undetected
__tpi_not_test_en->__tpi_cp_44___buf_split_72 /1 undetected
__tpi_not_test_en->__tpi_cp_34_n_122 /1 undetected
__tpi_not_test_en->__tpi_cp_19_n_174 /1 undetected
__tpi_not_test_en->__tpi_cp_33___buf_split_27 /1 undetected
__tpi_not_test_en->__tpi_cp_35___buf_split_26 /1 undetected
__tpi_not_test_en->__tpi_cp_29___buf_split_19 /1 undetected
