[b15-round2/typed_rank/alpha_0p50] [gmean] 2026-07-20T19:00:33 out_dir=autoresearch/loop-260720-0945/model_training_round2/b15_selection/typed_rank/alpha_0p50
[b15-round2/typed_rank/alpha_0p50] [gmean] 2026-07-20T19:00:33 budgets=iscas99__b15_1:278
[b15-round2/typed_rank/alpha_0p50] [gmean] 2026-07-20T19:00:33 variant_start id=greedy__cumulative__q_typed_residual_context__bw1__d1__c48__g1p0__candhard_fault_cluster__div0p0__s0
[b15-round2/typed_rank/alpha_0p50] [gmean] 2026-07-20T19:00:33 [1/1] plan_start benchmark=iscas99__b15_1 budget=278 planner=greedy score=q_typed_residual_context
[b15-round2/typed_rank/alpha_0p50] [plan iscas99__b15_1] [plan] torch_deterministic=true
[b15-round2/typed_rank/alpha_0p50] [plan iscas99__b15_1] [plan] candidate_allowlist=autoresearch/original-netlist-recovery-260712/exact_itc99/b15_C/exact_candidate_nodes.txt nodes=7918
[b15-round2/typed_rank/alpha_0p50] [plan iscas99__b15_1] [plan] latent_norm_clip_ratio=4 latent_norm_limit=30.875631
[b15-round2/typed_rank/alpha_0p50] [plan iscas99__b15_1] [plan] step=1 node=N677 type=control1 q_typed_residual_context=5.595156 sequence=5.595156
[b15-round2/typed_rank/alpha_0p50] [plan iscas99__b15_1] [plan] step=2 node=N2155 type=observe q_typed_residual_context=5.136675 sequence=10.731830
[b15-round2/typed_rank/alpha_0p50] [plan iscas99__b15_1] [plan] step=3 node=N502 type=control1 q_typed_residual_context=2.493262 sequence=13.225093
[b15-round2/typed_rank/alpha_0p50] [plan iscas99__b15_1] [plan] step=4 node=N762 type=control1 q_typed_residual_context=2.219893 sequence=15.444985
[b15-round2/typed_rank/alpha_0p50] [plan iscas99__b15_1] [plan] step=5 node=N3756 type=control0 q_typed_residual_context=1.413584 sequence=16.858569
[b15-round2/typed_rank/alpha_0p50] [plan iscas99__b15_1] [plan] step=6 node=N3742 type=control0 q_typed_residual_context=1.481340 sequence=18.339909
[b15-round2/typed_rank/alpha_0p50] [plan iscas99__b15_1] [plan] step=7 node=N557 type=control1 q_typed_residual_context=1.205130 sequence=19.545039
[b15-round2/typed_rank/alpha_0p50] [plan iscas99__b15_1] [plan] step=8 node=N507 type=control1 q_typed_residual_context=1.235576 sequence=20.780615
[b15-round2/typed_rank/alpha_0p50] [plan iscas99__b15_1] [plan] step=9 node=N3644 type=control0 q_typed_residual_context=1.642875 sequence=22.423490
[b15-round2/typed_rank/alpha_0p50] [plan iscas99__b15_1] [plan] step=10 node=N5143 type=observe q_typed_residual_context=1.591930 sequence=24.015420
[b15-round2/typed_rank/alpha_0p50] [plan iscas99__b15_1] [plan] step=11 node=N564 type=control1 q_typed_residual_context=2.067407 sequence=26.082827
[b15-round2/typed_rank/alpha_0p50] [plan iscas99__b15_1] [plan] step=12 node=N5723 type=control0 q_typed_residual_context=1.568828 sequence=27.651655
[b15-round2/typed_rank/alpha_0p50] [plan iscas99__b15_1] [plan] step=13 node=N2081 type=observe q_typed_residual_context=1.389731 sequence=29.041386
[b15-round2/typed_rank/alpha_0p50] [plan iscas99__b15_1] [plan] step=14 node=N737 type=control1 q_typed_residual_context=2.124689 sequence=31.166075
[b15-round2/typed_rank/alpha_0p50] [plan iscas99__b15_1] [plan] step=15 node=N580 type=control1 q_typed_residual_context=3.190183 sequence=34.356258
[b15-round2/typed_rank/alpha_0p50] [plan iscas99__b15_1] [plan] step=16 node=N5203 type=control1 q_typed_residual_context=3.777331 sequence=38.133589
[b15-round2/typed_rank/alpha_0p50] [plan iscas99__b15_1] [plan] step=17 node=N2153 type=observe q_typed_residual_context=2.297879 sequence=40.431468
[b15-round2/typed_rank/alpha_0p50] [plan iscas99__b15_1] [plan] step=18 node=N1853 type=observe q_typed_residual_context=5.821243 sequence=46.252710
[b15-round2/typed_rank/alpha_0p50] [plan iscas99__b15_1] [plan] step=19 node=N1860 type=observe q_typed_residual_context=6.821030 sequence=53.073740
[b15-round2/typed_rank/alpha_0p50] [plan iscas99__b15_1] [plan] step=20 node=N1372 type=observe q_typed_residual_context=5.920589 sequence=58.994329
[b15-round2/typed_rank/alpha_0p50] [plan iscas99__b15_1] [plan] step=21 node=N2101 type=observe q_typed_residual_context=7.076596 sequence=66.070925
[b15-round2/typed_rank/alpha_0p50] [plan iscas99__b15_1] [plan] step=22 node=N1532 type=observe q_typed_residual_context=6.352169 sequence=72.423094
[b15-round2/typed_rank/alpha_0p50] [plan iscas99__b15_1] [plan] step=23 node=N7516 type=observe q_typed_residual_context=3.203984 sequence=75.627079
[b15-round2/typed_rank/alpha_0p50] [plan iscas99__b15_1] [plan] step=24 node=N582 type=control1 q_typed_residual_context=7.579754 sequence=83.206833
[b15-round2/typed_rank/alpha_0p50] [plan iscas99__b15_1] [plan] step=25 node=N496 type=control1 q_typed_residual_context=3.873860 sequence=87.080693
[b15-round2/typed_rank/alpha_0p50] [plan iscas99__b15_1] [plan] step=26 node=N766 type=control1 q_typed_residual_context=2.444260 sequence=89.524952
[b15-round2/typed_rank/alpha_0p50] [plan iscas99__b15_1] [plan] step=27 node=N5234 type=observe q_typed_residual_context=5.595120 sequence=95.120073
[b15-round2/typed_rank/alpha_0p50] [plan iscas99__b15_1] [plan] step=28 node=N1437 type=control1 q_typed_residual_context=5.909596 sequence=101.029669
[b15-round2/typed_rank/alpha_0p50] [plan iscas99__b15_1] [plan] step=29 node=N7511 type=control1 q_typed_residual_context=5.231595 sequence=106.261264
[b15-round2/typed_rank/alpha_0p50] [plan iscas99__b15_1] [plan] step=30 node=N3896 type=control0 q_typed_residual_context=1.029552 sequence=107.290816
[b15-round2/typed_rank/alpha_0p50] [plan iscas99__b15_1] [plan] step=31 node=N4635 type=control0 q_typed_residual_context=5.989431 sequence=113.280247
[b15-round2/typed_rank/alpha_0p50] [plan iscas99__b15_1] [plan] step=32 node=N3903 type=control0 q_typed_residual_context=0.820519 sequence=114.100767
[b15-round2/typed_rank/alpha_0p50] [plan iscas99__b15_1] [plan] step=33 node=N4649 type=control0 q_typed_residual_context=6.109740 sequence=120.210507
[b15-round2/typed_rank/alpha_0p50] [plan iscas99__b15_1] [plan] step=34 node=N583 type=control1 q_typed_residual_context=1.053042 sequence=121.263549
[b15-round2/typed_rank/alpha_0p50] [plan iscas99__b15_1] [plan] step=35 node=N2044 type=observe q_typed_residual_context=1.213008 sequence=122.476557
[b15-round2/typed_rank/alpha_0p50] [plan iscas99__b15_1] [plan] step=36 node=N2042 type=observe q_typed_residual_context=1.395984 sequence=123.872540
[b15-round2/typed_rank/alpha_0p50] [plan iscas99__b15_1] [plan] step=37 node=N2040 type=observe q_typed_residual_context=1.481427 sequence=125.353968
[b15-round2/typed_rank/alpha_0p50] [plan iscas99__b15_1] [plan] step=38 node=N4656 type=control0 q_typed_residual_context=2.649308 sequence=128.003275
[b15-round2/typed_rank/alpha_0p50] [plan iscas99__b15_1] [plan] step=39 node=N3889 type=control0 q_typed_residual_context=1.183956 sequence=129.187232
[b15-round2/typed_rank/alpha_0p50] [plan iscas99__b15_1] [plan] step=40 node=N3882 type=control0 q_typed_residual_context=1.173540 sequence=130.360772
[b15-round2/typed_rank/alpha_0p50] [plan iscas99__b15_1] [plan] step=41 node=N3805 type=control0 q_typed_residual_context=1.177584 sequence=131.538356
[b15-round2/typed_rank/alpha_0p50] [plan iscas99__b15_1] [plan] step=42 node=N4663 type=control0 q_typed_residual_context=1.694143 sequence=133.232499
[b15-round2/typed_rank/alpha_0p50] [plan iscas99__b15_1] [plan] step=43 node=N3911 type=control0 q_typed_residual_context=1.139626 sequence=134.372125
[b15-round2/typed_rank/alpha_0p50] [plan iscas99__b15_1] [plan] step=44 node=N3862 type=control0 q_typed_residual_context=1.121759 sequence=135.493884
[b15-round2/typed_rank/alpha_0p50] [plan iscas99__b15_1] [plan] step=45 node=N4670 type=control0 q_typed_residual_context=2.685272 sequence=138.179156
[b15-round2/typed_rank/alpha_0p50] [plan iscas99__b15_1] [plan] step=46 node=N3855 type=control0 q_typed_residual_context=1.121567 sequence=139.300723
[b15-round2/typed_rank/alpha_0p50] [plan iscas99__b15_1] [plan] step=47 node=N4677 type=control0 q_typed_residual_context=2.948101 sequence=142.248825
[b15-round2/typed_rank/alpha_0p50] [plan iscas99__b15_1] [plan] step=48 node=N2079 type=observe q_typed_residual_context=2.324972 sequence=144.573797
[b15-round2/typed_rank/alpha_0p50] [plan iscas99__b15_1] [plan] step=49 node=N704 type=observe q_typed_residual_context=2.402652 sequence=146.976449
[b15-round2/typed_rank/alpha_0p50] [plan iscas99__b15_1] [plan] step=50 node=N4684 type=control0 q_typed_residual_context=4.858785 sequence=151.835234
[b15-round2/typed_rank/alpha_0p50] [plan iscas99__b15_1] [plan] step=51 node=N724 type=observe q_typed_residual_context=7.471069 sequence=159.306303
[b15-round2/typed_rank/alpha_0p50] [plan iscas99__b15_1] [plan] step=52 node=N4691 type=control0 q_typed_residual_context=6.655765 sequence=165.962068
[b15-round2/typed_rank/alpha_0p50] [plan iscas99__b15_1] [plan] step=53 node=N4698 type=control0 q_typed_residual_context=4.552130 sequence=170.514198
[b15-round2/typed_rank/alpha_0p50] [plan iscas99__b15_1] [plan] step=54 node=N713 type=observe q_typed_residual_context=2.029085 sequence=172.543283
[b15-round2/typed_rank/alpha_0p50] [plan iscas99__b15_1] [plan] step=55 node=N7411 type=control1 q_typed_residual_context=1.693050 sequence=174.236333
[b15-round2/typed_rank/alpha_0p50] [plan iscas99__b15_1] [plan] step=56 node=N4705 type=control0 q_typed_residual_context=2.495774 sequence=176.732107
[b15-round2/typed_rank/alpha_0p50] [plan iscas99__b15_1] [plan] step=57 node=N3848 type=control0 q_typed_residual_context=1.362210 sequence=178.094317
[b15-round2/typed_rank/alpha_0p50] [plan iscas99__b15_1] [plan] step=58 node=N4712 type=control0 q_typed_residual_context=2.764249 sequence=180.858566
[b15-round2/typed_rank/alpha_0p50] [plan iscas99__b15_1] [plan] step=59 node=N4716 type=control0 q_typed_residual_context=2.140554 sequence=182.999120
[b15-round2/typed_rank/alpha_0p50] [plan iscas99__b15_1] [plan] step=60 node=N3827 type=control0 q_typed_residual_context=1.766851 sequence=184.765972
[b15-round2/typed_rank/alpha_0p50] [plan iscas99__b15_1] [plan] step=61 node=N7471 type=control0 q_typed_residual_context=2.260924 sequence=187.026895
[b15-round2/typed_rank/alpha_0p50] [plan iscas99__b15_1] [plan] step=62 node=N3820 type=control0 q_typed_residual_context=1.997179 sequence=189.024075
[b15-round2/typed_rank/alpha_0p50] [plan iscas99__b15_1] [plan] step=63 node=N2102 type=observe q_typed_residual_context=2.301315 sequence=191.325390
[b15-round2/typed_rank/alpha_0p50] [plan iscas99__b15_1] [plan] step=64 node=N3813 type=control0 q_typed_residual_context=2.323182 sequence=193.648572
[b15-round2/typed_rank/alpha_0p50] [plan iscas99__b15_1] [plan] step=65 node=N3799 type=control0 q_typed_residual_context=2.342380 sequence=195.990952
[b15-round2/typed_rank/alpha_0p50] [plan iscas99__b15_1] [plan] step=66 node=N2314 type=control1 q_typed_residual_context=2.588971 sequence=198.579923
[b15-round2/typed_rank/alpha_0p50] [plan iscas99__b15_1] [plan] step=67 node=N3792 type=control0 q_typed_residual_context=2.364246 sequence=200.944169
[b15-round2/typed_rank/alpha_0p50] [plan iscas99__b15_1] [plan] step=68 node=N3785 type=control0 q_typed_residual_context=3.428539 sequence=204.372708
[b15-round2/typed_rank/alpha_0p50] [plan iscas99__b15_1] [plan] step=69 node=N3701 type=control0 q_typed_residual_context=3.511533 sequence=207.884241
[b15-round2/typed_rank/alpha_0p50] [plan iscas99__b15_1] [plan] step=70 node=N3722 type=control0 q_typed_residual_context=3.613554 sequence=211.497795
[b15-round2/typed_rank/alpha_0p50] [plan iscas99__b15_1] [plan] step=71 node=N7923 type=control0 q_typed_residual_context=3.031196 sequence=214.528991
[b15-round2/typed_rank/alpha_0p50] [plan iscas99__b15_1] [plan] step=72 node=N5867 type=observe q_typed_residual_context=2.828219 sequence=217.357210
[b15-round2/typed_rank/alpha_0p50] [plan iscas99__b15_1] [plan] step=73 node=N578 type=observe q_typed_residual_context=4.397639 sequence=221.754849
[b15-round2/typed_rank/alpha_0p50] [plan iscas99__b15_1] [plan] step=74 node=N7724 type=control0 q_typed_residual_context=2.658963 sequence=224.413812
[b15-round2/typed_rank/alpha_0p50] [plan iscas99__b15_1] [plan] step=75 node=N4585 type=control0 q_typed_residual_context=1.517377 sequence=225.931189
[b15-round2/typed_rank/alpha_0p50] [plan iscas99__b15_1] [plan] step=76 node=N4578 type=control0 q_typed_residual_context=1.597055 sequence=227.528245
[b15-round2/typed_rank/alpha_0p50] [plan iscas99__b15_1] [plan] step=77 node=N3904 type=control0 q_typed_residual_context=1.964703 sequence=229.492948
[b15-round2/typed_rank/alpha_0p50] [plan iscas99__b15_1] [plan] step=78 node=N7722 type=control0 q_typed_residual_context=2.240438 sequence=231.733386
[b15-round2/typed_rank/alpha_0p50] [plan iscas99__b15_1] [plan] step=79 node=N3840 type=control0 q_typed_residual_context=1.651178 sequence=233.384564
[b15-round2/typed_rank/alpha_0p50] [plan iscas99__b15_1] [plan] step=80 node=N3681 type=control0 q_typed_residual_context=4.532863 sequence=237.917427
[b15-round2/typed_rank/alpha_0p50] [plan iscas99__b15_1] [plan] step=81 node=N3897 type=control0 q_typed_residual_context=2.238500 sequence=240.155927
[b15-round2/typed_rank/alpha_0p50] [plan iscas99__b15_1] [plan] step=82 node=N7587 type=control1 q_typed_residual_context=2.847243 sequence=243.003170
[b15-round2/typed_rank/alpha_0p50] [plan iscas99__b15_1] [plan] step=83 node=N7723 type=control0 q_typed_residual_context=5.943507 sequence=248.946677
[b15-round2/typed_rank/alpha_0p50] [plan iscas99__b15_1] [plan] step=84 node=N519 type=control1 q_typed_residual_context=7.004772 sequence=255.951449
[b15-round2/typed_rank/alpha_0p50] [plan iscas99__b15_1] [plan] step=85 node=N7725 type=control0 q_typed_residual_context=4.033419 sequence=259.984868
[b15-round2/typed_rank/alpha_0p50] [plan iscas99__b15_1] [plan] step=86 node=N7370 type=control1 q_typed_residual_context=6.295315 sequence=266.280183
[b15-round2/typed_rank/alpha_0p50] [plan iscas99__b15_1] [plan] step=87 node=N513 type=control1 q_typed_residual_context=6.915258 sequence=273.195441
[b15-round2/typed_rank/alpha_0p50] [plan iscas99__b15_1] [plan] step=88 node=N4520 type=control0 q_typed_residual_context=3.000751 sequence=276.196192
[b15-round2/typed_rank/alpha_0p50] [plan iscas99__b15_1] [plan] step=89 node=N4564 type=control0 q_typed_residual_context=6.382748 sequence=282.578940
[b15-round2/typed_rank/alpha_0p50] [plan iscas99__b15_1] [plan] step=90 node=N4606 type=control0 q_typed_residual_context=6.579625 sequence=289.158565
[b15-round2/typed_rank/alpha_0p50] [plan iscas99__b15_1] [plan] step=91 node=N504 type=control1 q_typed_residual_context=6.839932 sequence=295.998497
[b15-round2/typed_rank/alpha_0p50] [plan iscas99__b15_1] [plan] step=92 node=N4557 type=control0 q_typed_residual_context=3.492675 sequence=299.491172
[b15-round2/typed_rank/alpha_0p50] [plan iscas99__b15_1] [plan] step=93 node=N2083 type=observe q_typed_residual_context=2.293158 sequence=301.784330
[b15-round2/typed_rank/alpha_0p50] [plan iscas99__b15_1] [plan] step=94 node=N5603 type=observe q_typed_residual_context=6.079306 sequence=307.863635
[b15-round2/typed_rank/alpha_0p50] [plan iscas99__b15_1] [plan] step=95 node=N1552 type=observe q_typed_residual_context=5.956941 sequence=313.820576
[b15-round2/typed_rank/alpha_0p50] [plan iscas99__b15_1] [plan] step=96 node=N7875 type=control1 q_typed_residual_context=6.724892 sequence=320.545469
[b15-round2/typed_rank/alpha_0p50] [plan iscas99__b15_1] [plan] step=97 node=N694 type=observe q_typed_residual_context=6.748253 sequence=327.293721
[b15-round2/typed_rank/alpha_0p50] [plan iscas99__b15_1] [plan] step=98 node=N2580 type=control1 q_typed_residual_context=6.151324 sequence=333.445045
[b15-round2/typed_rank/alpha_0p50] [plan iscas99__b15_1] [plan] step=99 node=N7401 type=observe q_typed_residual_context=6.462954 sequence=339.907999
[b15-round2/typed_rank/alpha_0p50] [plan iscas99__b15_1] [plan] step=100 node=N520 type=control1 q_typed_residual_context=6.552561 sequence=346.460559
[b15-round2/typed_rank/alpha_0p50] [plan iscas99__b15_1] [plan] step=101 node=N7627 type=observe q_typed_residual_context=3.453178 sequence=349.913738
[b15-round2/typed_rank/alpha_0p50] [plan iscas99__b15_1] [plan] step=102 node=N7679 type=observe q_typed_residual_context=4.205383 sequence=354.119120
[b15-round2/typed_rank/alpha_0p50] [plan iscas99__b15_1] [plan] step=103 node=N5740 type=observe q_typed_residual_context=1.864085 sequence=355.983205
[b15-round2/typed_rank/alpha_0p50] [plan iscas99__b15_1] [plan] step=104 node=N516 type=control1 q_typed_residual_context=7.254507 sequence=363.237712
[b15-round2/typed_rank/alpha_0p50] [plan iscas99__b15_1] [plan] step=105 node=N7421 type=control1 q_typed_residual_context=1.686844 sequence=364.924556
[b15-round2/typed_rank/alpha_0p50] [plan iscas99__b15_1] [plan] step=106 node=N7872 type=control1 q_typed_residual_context=0.947388 sequence=365.871944
[b15-round2/typed_rank/alpha_0p50] [plan iscas99__b15_1] [plan] step=107 node=N1533 type=control1 q_typed_residual_context=3.210560 sequence=369.082504
[b15-round2/typed_rank/alpha_0p50] [plan iscas99__b15_1] [plan] step=108 node=N6538 type=observe q_typed_residual_context=2.202449 sequence=371.284952
[b15-round2/typed_rank/alpha_0p50] [plan iscas99__b15_1] [plan] step=109 node=N555 type=control1 q_typed_residual_context=6.996208 sequence=378.281160
[b15-round2/typed_rank/alpha_0p50] [plan iscas99__b15_1] [plan] step=110 node=N5738 type=observe q_typed_residual_context=6.608549 sequence=384.889709
[b15-round2/typed_rank/alpha_0p50] [plan iscas99__b15_1] [plan] step=111 node=N6531 type=observe q_typed_residual_context=7.522294 sequence=392.412003
[b15-round2/typed_rank/alpha_0p50] [plan iscas99__b15_1] [plan] step=112 node=N556 type=control1 q_typed_residual_context=7.913035 sequence=400.325038
[b15-round2/typed_rank/alpha_0p50] [plan iscas99__b15_1] [plan] step=113 node=N722 type=observe q_typed_residual_context=6.663262 sequence=406.988300
[b15-round2/typed_rank/alpha_0p50] [plan iscas99__b15_1] [plan] step=114 node=N7436 type=observe q_typed_residual_context=5.119677 sequence=412.107977
[b15-round2/typed_rank/alpha_0p50] [plan iscas99__b15_1] [plan] step=115 node=N2157 type=observe q_typed_residual_context=6.703109 sequence=418.811086
[b15-round2/typed_rank/alpha_0p50] [plan iscas99__b15_1] [plan] step=116 node=N7614 type=observe q_typed_residual_context=3.081079 sequence=421.892164
[b15-round2/typed_rank/alpha_0p50] [plan iscas99__b15_1] [plan] step=117 node=N5473 type=observe q_typed_residual_context=4.935467 sequence=426.827631
[b15-round2/typed_rank/alpha_0p50] [plan iscas99__b15_1] [plan] step=118 node=N7846 type=control0 q_typed_residual_context=7.271082 sequence=434.098713
[b15-round2/typed_rank/alpha_0p50] [plan iscas99__b15_1] [plan] step=119 node=N2149 type=observe q_typed_residual_context=5.067298 sequence=439.166011
[b15-round2/typed_rank/alpha_0p50] [plan iscas99__b15_1] [plan] step=120 node=N7408 type=control0 q_typed_residual_context=3.585433 sequence=442.751444
[b15-round2/typed_rank/alpha_0p50] [plan iscas99__b15_1] [plan] step=121 node=N7736 type=control0 q_typed_residual_context=4.105558 sequence=446.857002
[b15-round2/typed_rank/alpha_0p50] [plan iscas99__b15_1] [plan] step=122 node=N7541 type=control0 q_typed_residual_context=7.197103 sequence=454.054105
[b15-round2/typed_rank/alpha_0p50] [plan iscas99__b15_1] [plan] step=123 node=N3124 type=control1 q_typed_residual_context=3.955762 sequence=458.009867
[b15-round2/typed_rank/alpha_0p50] [plan iscas99__b15_1] [plan] step=124 node=N7735 type=control0 q_typed_residual_context=3.468591 sequence=461.478458
[b15-round2/typed_rank/alpha_0p50] [plan iscas99__b15_1] [plan] step=125 node=N614 type=control1 q_typed_residual_context=8.422674 sequence=469.901131
[b15-round2/typed_rank/alpha_0p50] [plan iscas99__b15_1] [plan] step=126 node=N634 type=control1 q_typed_residual_context=6.903854 sequence=476.804985
[b15-round2/typed_rank/alpha_0p50] [plan iscas99__b15_1] [plan] step=127 node=N7734 type=control0 q_typed_residual_context=4.326755 sequence=481.131740
[b15-round2/typed_rank/alpha_0p50] [plan iscas99__b15_1] [plan] step=128 node=N3352 type=control1 q_typed_residual_context=4.871347 sequence=486.003087
[b15-round2/typed_rank/alpha_0p50] [plan iscas99__b15_1] [plan] step=129 node=N610 type=control1 q_typed_residual_context=7.710097 sequence=493.713184
[b15-round2/typed_rank/alpha_0p50] [plan iscas99__b15_1] [plan] step=130 node=N620 type=control1 q_typed_residual_context=6.933236 sequence=500.646420
[b15-round2/typed_rank/alpha_0p50] [plan iscas99__b15_1] [plan] step=131 node=N3180 type=control1 q_typed_residual_context=6.392842 sequence=507.039262
[b15-round2/typed_rank/alpha_0p50] [plan iscas99__b15_1] [plan] step=132 node=N3410 type=control1 q_typed_residual_context=5.264337 sequence=512.303599
[b15-round2/typed_rank/alpha_0p50] [plan iscas99__b15_1] [plan] step=133 node=N638 type=control1 q_typed_residual_context=4.593100 sequence=516.896699
[b15-round2/typed_rank/alpha_0p50] [plan iscas99__b15_1] [plan] step=134 node=N7733 type=control0 q_typed_residual_context=4.114350 sequence=521.011049
[b15-round2/typed_rank/alpha_0p50] [plan iscas99__b15_1] [plan] step=135 node=N7424 type=control1 q_typed_residual_context=7.187166 sequence=528.198215
[b15-round2/typed_rank/alpha_0p50] [plan iscas99__b15_1] [plan] step=136 node=N7732 type=control0 q_typed_residual_context=5.042619 sequence=533.240834
[b15-round2/typed_rank/alpha_0p50] [plan iscas99__b15_1] [plan] step=137 node=N7877 type=control1 q_typed_residual_context=7.694200 sequence=540.935033
[b15-round2/typed_rank/alpha_0p50] [plan iscas99__b15_1] [plan] step=138 node=N7731 type=control0 q_typed_residual_context=3.205374 sequence=544.140408
[b15-round2/typed_rank/alpha_0p50] [plan iscas99__b15_1] [plan] step=139 node=N7879 type=control1 q_typed_residual_context=5.185844 sequence=549.326252
[b15-round2/typed_rank/alpha_0p50] [plan iscas99__b15_1] [plan] step=140 node=N645 type=control1 q_typed_residual_context=5.788080 sequence=555.114332
[b15-round2/typed_rank/alpha_0p50] [plan iscas99__b15_1] [plan] step=141 node=N7892 type=control1 q_typed_residual_context=6.685468 sequence=561.799799
[b15-round2/typed_rank/alpha_0p50] [plan iscas99__b15_1] [plan] step=142 node=N616 type=control1 q_typed_residual_context=6.720009 sequence=568.519808
[b15-round2/typed_rank/alpha_0p50] [plan iscas99__b15_1] [plan] step=143 node=N636 type=control1 q_typed_residual_context=6.632930 sequence=575.152738
[b15-round2/typed_rank/alpha_0p50] [plan iscas99__b15_1] [plan] step=144 node=N7730 type=control0 q_typed_residual_context=4.795136 sequence=579.947874
[b15-round2/typed_rank/alpha_0p50] [plan iscas99__b15_1] [plan] step=145 node=N7729 type=control0 q_typed_residual_context=3.090806 sequence=583.038680
[b15-round2/typed_rank/alpha_0p50] [plan iscas99__b15_1] [plan] step=146 node=N7385 type=observe q_typed_residual_context=3.442781 sequence=586.481461
[b15-round2/typed_rank/alpha_0p50] [plan iscas99__b15_1] [plan] step=147 node=N7728 type=control0 q_typed_residual_context=2.380358 sequence=588.861819
[b15-round2/typed_rank/alpha_0p50] [plan iscas99__b15_1] [plan] step=148 node=N723 type=observe q_typed_residual_context=4.510403 sequence=593.372222
[b15-round2/typed_rank/alpha_0p50] [plan iscas99__b15_1] [plan] step=149 node=N630 type=control1 q_typed_residual_context=2.055607 sequence=595.427829
[b15-round2/typed_rank/alpha_0p50] [plan iscas99__b15_1] [plan] step=150 node=N642 type=control1 q_typed_residual_context=3.686285 sequence=599.114115
[b15-round2/typed_rank/alpha_0p50] [plan iscas99__b15_1] [plan] step=151 node=N3467 type=control1 q_typed_residual_context=3.251430 sequence=602.365545
[b15-round2/typed_rank/alpha_0p50] [plan iscas99__b15_1] [plan] step=152 node=N3295 type=control1 q_typed_residual_context=5.697376 sequence=608.062920
[b15-round2/typed_rank/alpha_0p50] [plan iscas99__b15_1] [plan] step=153 node=N649 type=control1 q_typed_residual_context=2.423653 sequence=610.486574
[b15-round2/typed_rank/alpha_0p50] [plan iscas99__b15_1] [plan] step=154 node=N3525 type=control1 q_typed_residual_context=4.165509 sequence=614.652082
[b15-round2/typed_rank/alpha_0p50] [plan iscas99__b15_1] [plan] step=155 node=N1607 type=control1 q_typed_residual_context=3.174835 sequence=617.826917
[b15-round2/typed_rank/alpha_0p50] [plan iscas99__b15_1] [plan] step=156 node=N647 type=control1 q_typed_residual_context=3.515242 sequence=621.342159
[b15-round2/typed_rank/alpha_0p50] [plan iscas99__b15_1] [plan] step=157 node=N1586 type=control1 q_typed_residual_context=4.327106 sequence=625.669265
[b15-round2/typed_rank/alpha_0p50] [plan iscas99__b15_1] [plan] step=158 node=N8003 type=control0 q_typed_residual_context=1.302094 sequence=626.971359
[b15-round2/typed_rank/alpha_0p50] [plan iscas99__b15_1] [plan] step=159 node=N7820 type=control0 q_typed_residual_context=1.923796 sequence=628.895155
[b15-round2/typed_rank/alpha_0p50] [plan iscas99__b15_1] [plan] step=160 node=N1411 type=control0 q_typed_residual_context=6.112674 sequence=635.007828
[b15-round2/typed_rank/alpha_0p50] [plan iscas99__b15_1] [plan] step=161 node=N7727 type=control0 q_typed_residual_context=3.885488 sequence=638.893316
[b15-round2/typed_rank/alpha_0p50] [plan iscas99__b15_1] [plan] step=162 node=N7881 type=control1 q_typed_residual_context=3.232054 sequence=642.125370
[b15-round2/typed_rank/alpha_0p50] [plan iscas99__b15_1] [plan] step=163 node=N2652 type=control1 q_typed_residual_context=3.730730 sequence=645.856100
[b15-round2/typed_rank/alpha_0p50] [plan iscas99__b15_1] [plan] step=164 node=N712 type=observe q_typed_residual_context=3.865417 sequence=649.721517
[b15-round2/typed_rank/alpha_0p50] [plan iscas99__b15_1] [plan] step=165 node=N8027 type=control0 q_typed_residual_context=1.281348 sequence=651.002864
[b15-round2/typed_rank/alpha_0p50] [plan iscas99__b15_1] [plan] step=166 node=N7870 type=control1 q_typed_residual_context=2.122396 sequence=653.125260
[b15-round2/typed_rank/alpha_0p50] [plan iscas99__b15_1] [plan] step=167 node=N6673 type=observe q_typed_residual_context=5.560931 sequence=658.686191
[b15-round2/typed_rank/alpha_0p50] [plan iscas99__b15_1] [plan] step=168 node=N725 type=observe q_typed_residual_context=6.129312 sequence=664.815504
[b15-round2/typed_rank/alpha_0p50] [plan iscas99__b15_1] [plan] step=169 node=N715 type=observe q_typed_residual_context=4.651592 sequence=669.467096
[b15-round2/typed_rank/alpha_0p50] [plan iscas99__b15_1] [plan] step=170 node=N5356 type=observe q_typed_residual_context=4.042620 sequence=673.509716
[b15-round2/typed_rank/alpha_0p50] [plan iscas99__b15_1] [plan] step=171 node=N714 type=observe q_typed_residual_context=4.036582 sequence=677.546298
[b15-round2/typed_rank/alpha_0p50] [plan iscas99__b15_1] [plan] step=172 node=N2721 type=control1 q_typed_residual_context=3.268222 sequence=680.814520
[b15-round2/typed_rank/alpha_0p50] [plan iscas99__b15_1] [plan] step=173 node=N2894 type=control1 q_typed_residual_context=3.263600 sequence=684.078121
[b15-round2/typed_rank/alpha_0p50] [plan iscas99__b15_1] [plan] step=174 node=N2952 type=control1 q_typed_residual_context=3.676347 sequence=687.754467
[b15-round2/typed_rank/alpha_0p50] [plan iscas99__b15_1] [plan] step=175 node=N7442 type=control0 q_typed_residual_context=2.430335 sequence=690.184802
[b15-round2/typed_rank/alpha_0p50] [plan iscas99__b15_1] [plan] step=176 node=N2779 type=control1 q_typed_residual_context=3.369382 sequence=693.554184
[b15-round2/typed_rank/alpha_0p50] [plan iscas99__b15_1] [plan] step=177 node=N7441 type=control0 q_typed_residual_context=2.277909 sequence=695.832094
[b15-round2/typed_rank/alpha_0p50] [plan iscas99__b15_1] [plan] step=178 node=N7696 type=control0 q_typed_residual_context=2.235178 sequence=698.067271
[b15-round2/typed_rank/alpha_0p50] [plan iscas99__b15_1] [plan] step=179 node=N7473 type=control0 q_typed_residual_context=2.073984 sequence=700.141256
[b15-round2/typed_rank/alpha_0p50] [plan iscas99__b15_1] [plan] step=180 node=N7873 type=control1 q_typed_residual_context=2.023966 sequence=702.165222
[b15-round2/typed_rank/alpha_0p50] [plan iscas99__b15_1] [plan] step=181 node=N2837 type=control1 q_typed_residual_context=2.678568 sequence=704.843789
[b15-round2/typed_rank/alpha_0p50] [plan iscas99__b15_1] [plan] step=182 node=N3009 type=control1 q_typed_residual_context=2.573152 sequence=707.416941
[b15-round2/typed_rank/alpha_0p50] [plan iscas99__b15_1] [plan] step=183 node=N5877 type=observe q_typed_residual_context=2.304689 sequence=709.721630
[b15-round2/typed_rank/alpha_0p50] [plan iscas99__b15_1] [plan] step=184 node=N7542 type=control0 q_typed_residual_context=1.845955 sequence=711.567585
[b15-round2/typed_rank/alpha_0p50] [plan iscas99__b15_1] [plan] step=185 node=N3067 type=control1 q_typed_residual_context=1.899394 sequence=713.466979
[b15-round2/typed_rank/alpha_0p50] [plan iscas99__b15_1] [plan] step=186 node=N7405 type=observe q_typed_residual_context=1.676884 sequence=715.143863
[b15-round2/typed_rank/alpha_0p50] [plan iscas99__b15_1] [plan] step=187 node=N7454 type=observe q_typed_residual_context=2.510060 sequence=717.653923
[b15-round2/typed_rank/alpha_0p50] [plan iscas99__b15_1] [plan] step=188 node=N8790 type=control1 q_typed_residual_context=2.739898 sequence=720.393821
[b15-round2/typed_rank/alpha_0p50] [plan iscas99__b15_1] [plan] step=189 node=N8240 type=control1 q_typed_residual_context=2.813278 sequence=723.207099
[b15-round2/typed_rank/alpha_0p50] [plan iscas99__b15_1] [plan] step=190 node=N8789 type=control1 q_typed_residual_context=3.090236 sequence=726.297335
[b15-round2/typed_rank/alpha_0p50] [plan iscas99__b15_1] [plan] step=191 node=N8239 type=control1 q_typed_residual_context=3.186558 sequence=729.483893
[b15-round2/typed_rank/alpha_0p50] [plan iscas99__b15_1] [plan] step=192 node=N8607 type=control1 q_typed_residual_context=3.261059 sequence=732.744952
[b15-round2/typed_rank/alpha_0p50] [plan iscas99__b15_1] [plan] step=193 node=N1879 type=observe q_typed_residual_context=1.261607 sequence=734.006559
[b15-round2/typed_rank/alpha_0p50] [plan iscas99__b15_1] [plan] step=194 node=N5422 type=observe q_typed_residual_context=1.825772 sequence=735.832331
[b15-round2/typed_rank/alpha_0p50] [plan iscas99__b15_1] [plan] step=195 node=N6581 type=observe q_typed_residual_context=2.221468 sequence=738.053798
[b15-round2/typed_rank/alpha_0p50] [plan iscas99__b15_1] [plan] step=196 node=N2151 type=observe q_typed_residual_context=2.443747 sequence=740.497546
[b15-round2/typed_rank/alpha_0p50] [plan iscas99__b15_1] [plan] step=197 node=N706 type=observe q_typed_residual_context=1.670900 sequence=742.168446
[b15-round2/typed_rank/alpha_0p50] [plan iscas99__b15_1] [plan] step=198 node=N652 type=control1 q_typed_residual_context=1.451493 sequence=743.619939
[b15-round2/typed_rank/alpha_0p50] [plan iscas99__b15_1] [plan] step=199 node=N5456 type=observe q_typed_residual_context=1.021563 sequence=744.641502
[b15-round2/typed_rank/alpha_0p50] [plan iscas99__b15_1] [plan] step=200 node=N5875 type=observe q_typed_residual_context=1.450442 sequence=746.091944
[b15-round2/typed_rank/alpha_0p50] [plan iscas99__b15_1] [plan] step=201 node=N7439 type=observe q_typed_residual_context=2.080228 sequence=748.172172
[b15-round2/typed_rank/alpha_0p50] [plan iscas99__b15_1] [plan] step=202 node=N703 type=observe q_typed_residual_context=3.727206 sequence=751.899377
[b15-round2/typed_rank/alpha_0p50] [plan iscas99__b15_1] [plan] step=203 node=N5439 type=observe q_typed_residual_context=7.462873 sequence=759.362251
[b15-round2/typed_rank/alpha_0p50] [plan iscas99__b15_1] [plan] step=204 node=N8238 type=control1 q_typed_residual_context=7.229044 sequence=766.591295
[b15-round2/typed_rank/alpha_0p50] [plan iscas99__b15_1] [plan] step=205 node=N6660 type=observe q_typed_residual_context=3.877829 sequence=770.469124
[b15-round2/typed_rank/alpha_0p50] [plan iscas99__b15_1] [plan] step=206 node=N705 type=observe q_typed_residual_context=3.632267 sequence=774.101391
[b15-round2/typed_rank/alpha_0p50] [plan iscas99__b15_1] [plan] step=207 node=N8606 type=control1 q_typed_residual_context=3.913981 sequence=778.015372
[b15-round2/typed_rank/alpha_0p50] [plan iscas99__b15_1] [plan] step=208 node=N8237 type=control1 q_typed_residual_context=3.854709 sequence=781.870081
[b15-round2/typed_rank/alpha_0p50] [plan iscas99__b15_1] [plan] step=209 node=N1349 type=observe q_typed_residual_context=2.562827 sequence=784.432908
[b15-round2/typed_rank/alpha_0p50] [plan iscas99__b15_1] [plan] step=210 node=N902 type=control1 q_typed_residual_context=3.651392 sequence=788.084300
[b15-round2/typed_rank/alpha_0p50] [plan iscas99__b15_1] [plan] step=211 node=N679 type=observe q_typed_residual_context=5.276383 sequence=793.360683
[b15-round2/typed_rank/alpha_0p50] [plan iscas99__b15_1] [plan] step=212 node=N8605 type=control1 q_typed_residual_context=3.832565 sequence=797.193248
[b15-round2/typed_rank/alpha_0p50] [plan iscas99__b15_1] [plan] step=213 node=N7472 type=control0 q_typed_residual_context=3.375443 sequence=800.568691
[b15-round2/typed_rank/alpha_0p50] [plan iscas99__b15_1] [plan] step=214 node=N515 type=control1 q_typed_residual_context=3.895945 sequence=804.464635
[b15-round2/typed_rank/alpha_0p50] [plan iscas99__b15_1] [plan] step=215 node=N8236 type=control1 q_typed_residual_context=3.926170 sequence=808.390805
[b15-round2/typed_rank/alpha_0p50] [plan iscas99__b15_1] [plan] step=216 node=N7404 type=observe q_typed_residual_context=2.344262 sequence=810.735067
[b15-round2/typed_rank/alpha_0p50] [plan iscas99__b15_1] [plan] step=217 node=N4460 type=control0 q_typed_residual_context=1.922050 sequence=812.657117
[b15-round2/typed_rank/alpha_0p50] [plan iscas99__b15_1] [plan] step=218 node=N5390 type=observe q_typed_residual_context=2.024749 sequence=814.681866
[b15-round2/typed_rank/alpha_0p50] [plan iscas99__b15_1] [plan] step=219 node=N1598 type=observe q_typed_residual_context=1.523404 sequence=816.205270
[b15-round2/typed_rank/alpha_0p50] [plan iscas99__b15_1] [plan] step=220 node=N6656 type=observe q_typed_residual_context=6.921280 sequence=823.126550
[b15-round2/typed_rank/alpha_0p50] [plan iscas99__b15_1] [plan] step=221 node=N719 type=observe q_typed_residual_context=4.854793 sequence=827.981342
[b15-round2/typed_rank/alpha_0p50] [plan iscas99__b15_1] [plan] step=222 node=N5334 type=observe q_typed_residual_context=2.161967 sequence=830.143310
[b15-round2/typed_rank/alpha_0p50] [plan iscas99__b15_1] [plan] step=223 node=N7380 type=observe q_typed_residual_context=3.065907 sequence=833.209217
[b15-round2/typed_rank/alpha_0p50] [plan iscas99__b15_1] [plan] step=224 node=N5726 type=control1 q_typed_residual_context=2.589025 sequence=835.798242
[b15-round2/typed_rank/alpha_0p50] [plan iscas99__b15_1] [plan] step=225 node=N5373 type=observe q_typed_residual_context=1.613715 sequence=837.411957
[b15-round2/typed_rank/alpha_0p50] [plan iscas99__b15_1] [plan] step=226 node=N5283 type=observe q_typed_residual_context=1.728605 sequence=839.140562
[b15-round2/typed_rank/alpha_0p50] [plan iscas99__b15_1] [plan] step=227 node=N6658 type=observe q_typed_residual_context=2.019423 sequence=841.159985
[b15-round2/typed_rank/alpha_0p50] [plan iscas99__b15_1] [plan] step=228 node=N734 type=observe q_typed_residual_context=1.837474 sequence=842.997459
[b15-round2/typed_rank/alpha_0p50] [plan iscas99__b15_1] [plan] step=229 node=N699 type=observe q_typed_residual_context=6.354693 sequence=849.352153
[b15-round2/typed_rank/alpha_0p50] [plan iscas99__b15_1] [plan] step=230 node=N708 type=observe q_typed_residual_context=4.779980 sequence=854.132133
[b15-round2/typed_rank/alpha_0p50] [plan iscas99__b15_1] [plan] step=231 node=N1351 type=observe q_typed_residual_context=3.068540 sequence=857.200672
[b15-round2/typed_rank/alpha_0p50] [plan iscas99__b15_1] [plan] step=232 node=N7381 type=observe q_typed_residual_context=3.092123 sequence=860.292796
[b15-round2/typed_rank/alpha_0p50] [plan iscas99__b15_1] [plan] step=233 node=N8235 type=control1 q_typed_residual_context=3.511324 sequence=863.804120
[b15-round2/typed_rank/alpha_0p50] [plan iscas99__b15_1] [plan] step=234 node=N6685 type=observe q_typed_residual_context=0.814628 sequence=864.618747
[b15-round2/typed_rank/alpha_0p50] [plan iscas99__b15_1] [plan] step=235 node=N686 type=observe q_typed_residual_context=2.786206 sequence=867.404954
[b15-round2/typed_rank/alpha_0p50] [plan iscas99__b15_1] [plan] step=236 node=N729 type=observe q_typed_residual_context=3.039645 sequence=870.444599
[b15-round2/typed_rank/alpha_0p50] [plan iscas99__b15_1] [plan] step=237 node=N4421 type=control0 q_typed_residual_context=1.620544 sequence=872.065144
[b15-round2/typed_rank/alpha_0p50] [plan iscas99__b15_1] [plan] step=238 node=N684 type=observe q_typed_residual_context=4.003313 sequence=876.068457
[b15-round2/typed_rank/alpha_0p50] [plan iscas99__b15_1] [plan] step=239 node=N2159 type=observe q_typed_residual_context=1.272498 sequence=877.340955
[b15-round2/typed_rank/alpha_0p50] [plan iscas99__b15_1] [plan] step=240 node=N1688 type=observe q_typed_residual_context=0.806193 sequence=878.147147
[b15-round2/typed_rank/alpha_0p50] [plan iscas99__b15_1] [plan] step=241 node=N6532 type=observe q_typed_residual_context=3.203461 sequence=881.350608
[b15-round2/typed_rank/alpha_0p50] [plan iscas99__b15_1] [plan] step=242 node=N2271 type=observe q_typed_residual_context=6.962093 sequence=888.312701
[b15-round2/typed_rank/alpha_0p50] [plan iscas99__b15_1] [plan] step=243 node=N689 type=observe q_typed_residual_context=6.709648 sequence=895.022350
[b15-round2/typed_rank/alpha_0p50] [plan iscas99__b15_1] [plan] step=244 node=N7444 type=observe q_typed_residual_context=3.587813 sequence=898.610163
[b15-round2/typed_rank/alpha_0p50] [plan iscas99__b15_1] [plan] step=245 node=N2259 type=observe q_typed_residual_context=4.904100 sequence=903.514262
[b15-round2/typed_rank/alpha_0p50] [plan iscas99__b15_1] [plan] step=246 node=N6736 type=control1 q_typed_residual_context=7.121490 sequence=910.635752
[b15-round2/typed_rank/alpha_0p50] [plan iscas99__b15_1] [plan] step=247 node=N8234 type=control1 q_typed_residual_context=5.590668 sequence=916.226420
[b15-round2/typed_rank/alpha_0p50] [plan iscas99__b15_1] [plan] step=248 node=N5160 type=observe q_typed_residual_context=2.010713 sequence=918.237133
[b15-round2/typed_rank/alpha_0p50] [plan iscas99__b15_1] [plan] step=249 node=N6593 type=control1 q_typed_residual_context=2.647648 sequence=920.884782
[b15-round2/typed_rank/alpha_0p50] [plan iscas99__b15_1] [plan] step=250 node=N8783 type=control1 q_typed_residual_context=3.235611 sequence=924.120393
[b15-round2/typed_rank/alpha_0p50] [plan iscas99__b15_1] [plan] step=251 node=N8233 type=control1 q_typed_residual_context=2.891285 sequence=927.011678
[b15-round2/typed_rank/alpha_0p50] [plan iscas99__b15_1] [plan] step=252 node=N1987 type=observe q_typed_residual_context=1.033656 sequence=928.045334
[b15-round2/typed_rank/alpha_0p50] [plan iscas99__b15_1] [plan] step=253 node=N2243 type=observe q_typed_residual_context=2.449541 sequence=930.494875
[b15-round2/typed_rank/alpha_0p50] [plan iscas99__b15_1] [plan] step=254 node=N5735 type=observe q_typed_residual_context=1.357276 sequence=931.852151
[b15-round2/typed_rank/alpha_0p50] [plan iscas99__b15_1] [plan] step=255 node=N7391 type=observe q_typed_residual_context=1.838665 sequence=933.690816
[b15-round2/typed_rank/alpha_0p50] [plan iscas99__b15_1] [plan] step=256 node=N5094 type=observe q_typed_residual_context=5.305277 sequence=938.996092
[b15-round2/typed_rank/alpha_0p50] [plan iscas99__b15_1] [plan] step=257 node=N2267 type=observe q_typed_residual_context=6.164003 sequence=945.160096
[b15-round2/typed_rank/alpha_0p50] [plan iscas99__b15_1] [plan] step=258 node=N6680 type=observe q_typed_residual_context=5.639645 sequence=950.799741
[b15-round2/typed_rank/alpha_0p50] [plan iscas99__b15_1] [plan] step=259 node=N6537 type=observe q_typed_residual_context=6.732535 sequence=957.532275
[b15-round2/typed_rank/alpha_0p50] [plan iscas99__b15_1] [plan] step=260 node=N5111 type=observe q_typed_residual_context=1.636962 sequence=959.169237
[b15-round2/typed_rank/alpha_0p50] [plan iscas99__b15_1] [plan] step=261 node=N2263 type=observe q_typed_residual_context=3.724927 sequence=962.894164
[b15-round2/typed_rank/alpha_0p50] [plan iscas99__b15_1] [plan] step=262 node=N4900 type=observe q_typed_residual_context=5.894944 sequence=968.789108
[b15-round2/typed_rank/alpha_0p50] [plan iscas99__b15_1] [plan] step=263 node=N2251 type=observe q_typed_residual_context=6.725560 sequence=975.514668
[b15-round2/typed_rank/alpha_0p50] [plan iscas99__b15_1] [plan] step=264 node=N695 type=observe q_typed_residual_context=6.745714 sequence=982.260382
[b15-round2/typed_rank/alpha_0p50] [plan iscas99__b15_1] [plan] step=265 node=N696 type=observe q_typed_residual_context=4.985089 sequence=987.245471
[b15-round2/typed_rank/alpha_0p50] [plan iscas99__b15_1] [plan] step=266 node=N2247 type=observe q_typed_residual_context=3.695358 sequence=990.940829
[b15-round2/typed_rank/alpha_0p50] [plan iscas99__b15_1] [plan] step=267 node=N697 type=observe q_typed_residual_context=4.034630 sequence=994.975459
[b15-round2/typed_rank/alpha_0p50] [plan iscas99__b15_1] [plan] step=268 node=N1352 type=observe q_typed_residual_context=4.402670 sequence=999.378129
[b15-round2/typed_rank/alpha_0p50] [plan iscas99__b15_1] [plan] step=269 node=N680 type=observe q_typed_residual_context=6.313781 sequence=1005.691910
[b15-round2/typed_rank/alpha_0p50] [plan iscas99__b15_1] [plan] step=270 node=N732 type=observe q_typed_residual_context=6.486767 sequence=1012.178677
[b15-round2/typed_rank/alpha_0p50] [plan iscas99__b15_1] [plan] step=271 node=N8608 type=control1 q_typed_residual_context=5.361039 sequence=1017.539717
[b15-round2/typed_rank/alpha_0p50] [plan iscas99__b15_1] [plan] step=272 node=N6743 type=control1 q_typed_residual_context=2.546648 sequence=1020.086365
[b15-round2/typed_rank/alpha_0p50] [plan iscas99__b15_1] [plan] step=273 node=N7452 type=observe q_typed_residual_context=1.155253 sequence=1021.241618
[b15-round2/typed_rank/alpha_0p50] [plan iscas99__b15_1] [plan] step=274 node=N2216 type=observe q_typed_residual_context=2.679879 sequence=1023.921497
[b15-round2/typed_rank/alpha_0p50] [plan iscas99__b15_1] [plan] step=275 node=N2358 type=control1 q_typed_residual_context=2.002833 sequence=1025.924330
[b15-round2/typed_rank/alpha_0p50] [plan iscas99__b15_1] [plan] step=276 node=N2255 type=observe q_typed_residual_context=3.395237 sequence=1029.319567
[b15-round2/typed_rank/alpha_0p50] [plan iscas99__b15_1] [plan] step=277 node=N2218 type=observe q_typed_residual_context=3.723518 sequence=1033.043084
[b15-round2/typed_rank/alpha_0p50] [plan iscas99__b15_1] [plan] step=278 node=N4532 type=control0 q_typed_residual_context=2.336948 sequence=1035.380033
[b15-round2/typed_rank/alpha_0p50] [plan iscas99__b15_1] saved=autoresearch/loop-260720-0945/model_training_round2/b15_selection/typed_rank/alpha_0p50/plans/iscas99__b15_1__greedy__cumulative__q_typed_residual_context__bw1__d1__c48__g1p0__candhard_fault_cluster__div0p0__s0.csv
[b15-round2/typed_rank/alpha_0p50] [gmean] 2026-07-20T19:03:21 [1/1] plan_done benchmark=iscas99__b15_1 plan_sec=168.297 plan_csv=autoresearch/loop-260720-0945/model_training_round2/b15_selection/typed_rank/alpha_0p50/plans/iscas99__b15_1__greedy__cumulative__q_typed_residual_context__bw1__d1__c48__g1p0__candhard_fault_cluster__div0p0__s0.csv
[b15-round2/typed_rank/alpha_0p50] [gmean] 2026-07-20T19:03:21 [1/1] eval_start benchmark=iscas99__b15_1 backend=atalanta-bist patterns=300000
[b15-round2/typed_rank/alpha_0p50] [eval iscas99__b15_1] {
[b15-round2/typed_rank/alpha_0p50] [eval iscas99__b15_1]   "records": 2,
[b15-round2/typed_rank/alpha_0p50] [eval iscas99__b15_1]   "labels_csv": "autoresearch/loop-260720-0945/model_training_round2/b15_selection/typed_rank/alpha_0p50/evals/iscas99__b15_1__greedy__cumulative__q_typed_residual_context__bw1__d1__c48__g1p0__candhard_fault_cluster__div0p0__s0/labels.csv",
[b15-round2/typed_rank/alpha_0p50] [eval iscas99__b15_1]   "summary_json": "autoresearch/loop-260720-0945/model_training_round2/b15_selection/typed_rank/alpha_0p50/evals/iscas99__b15_1__greedy__cumulative__q_typed_residual_context__bw1__d1__c48__g1p0__candhard_fault_cluster__div0p0__s0/summary.json"
[b15-round2/typed_rank/alpha_0p50] [eval iscas99__b15_1] }
[b15-round2/typed_rank/alpha_0p50] [gmean] 2026-07-20T19:03:27 [1/1] eval_done benchmark=iscas99__b15_1 delta_tc=0.11489000000000005 plan_sec=168.297 eval_sec=6.325 total_sec=174.635
[b15-round2/typed_rank/alpha_0p50] [gmean] 2026-07-20T19:03:27 variant_done id=greedy__cumulative__q_typed_residual_context__bw1__d1__c48__g1p0__candhard_fault_cluster__div0p0__s0 status=ok macro=0.11489000000000005 positives=1 negatives=0 elapsed=174.636
