[b15-round2/typed_long/alpha_0p10] [gmean] 2026-07-20T18:57:19 out_dir=autoresearch/loop-260720-0945/model_training_round2/b15_selection/typed_long/alpha_0p10
[b15-round2/typed_long/alpha_0p10] [gmean] 2026-07-20T18:57:19 budgets=iscas99__b15_1:278
[b15-round2/typed_long/alpha_0p10] [gmean] 2026-07-20T18:57:19 variant_start id=greedy__cumulative__q_typed_residual_context__bw1__d1__c48__g1p0__candhard_fault_cluster__div0p0__s0
[b15-round2/typed_long/alpha_0p10] [gmean] 2026-07-20T18:57:19 [1/1] plan_start benchmark=iscas99__b15_1 budget=278 planner=greedy score=q_typed_residual_context
[b15-round2/typed_long/alpha_0p10] [plan iscas99__b15_1] [plan] torch_deterministic=true
[b15-round2/typed_long/alpha_0p10] [plan iscas99__b15_1] [plan] candidate_allowlist=autoresearch/original-netlist-recovery-260712/exact_itc99/b15_C/exact_candidate_nodes.txt nodes=7918
[b15-round2/typed_long/alpha_0p10] [plan iscas99__b15_1] [plan] latent_norm_clip_ratio=4 latent_norm_limit=30.875631
[b15-round2/typed_long/alpha_0p10] [plan iscas99__b15_1] [plan] step=1 node=N677 type=control1 q_typed_residual_context=5.204712 sequence=5.204712
[b15-round2/typed_long/alpha_0p10] [plan iscas99__b15_1] [plan] step=2 node=N2155 type=observe q_typed_residual_context=4.736675 sequence=9.941387
[b15-round2/typed_long/alpha_0p10] [plan iscas99__b15_1] [plan] step=3 node=N502 type=control1 q_typed_residual_context=2.050227 sequence=11.991615
[b15-round2/typed_long/alpha_0p10] [plan iscas99__b15_1] [plan] step=4 node=N762 type=control1 q_typed_residual_context=1.781629 sequence=13.773244
[b15-round2/typed_long/alpha_0p10] [plan iscas99__b15_1] [plan] step=5 node=N3756 type=control0 q_typed_residual_context=1.192686 sequence=14.965930
[b15-round2/typed_long/alpha_0p10] [plan iscas99__b15_1] [plan] step=6 node=N3644 type=control0 q_typed_residual_context=1.335392 sequence=16.301321
[b15-round2/typed_long/alpha_0p10] [plan iscas99__b15_1] [plan] step=7 node=N557 type=control1 q_typed_residual_context=0.992737 sequence=17.294059
[b15-round2/typed_long/alpha_0p10] [plan iscas99__b15_1] [plan] step=8 node=N5143 type=observe q_typed_residual_context=1.070348 sequence=18.364407
[b15-round2/typed_long/alpha_0p10] [plan iscas99__b15_1] [plan] step=9 node=N507 type=control1 q_typed_residual_context=1.169766 sequence=19.534173
[b15-round2/typed_long/alpha_0p10] [plan iscas99__b15_1] [plan] step=10 node=N3742 type=control0 q_typed_residual_context=1.156245 sequence=20.690418
[b15-round2/typed_long/alpha_0p10] [plan iscas99__b15_1] [plan] step=11 node=N564 type=control1 q_typed_residual_context=2.501455 sequence=23.191874
[b15-round2/typed_long/alpha_0p10] [plan iscas99__b15_1] [plan] step=12 node=N5723 type=control0 q_typed_residual_context=1.245822 sequence=24.437696
[b15-round2/typed_long/alpha_0p10] [plan iscas99__b15_1] [plan] step=13 node=N5203 type=control1 q_typed_residual_context=1.267720 sequence=25.705416
[b15-round2/typed_long/alpha_0p10] [plan iscas99__b15_1] [plan] step=14 node=N2083 type=observe q_typed_residual_context=1.473692 sequence=27.179108
[b15-round2/typed_long/alpha_0p10] [plan iscas99__b15_1] [plan] step=15 node=N3605 type=observe q_typed_residual_context=2.701379 sequence=29.880487
[b15-round2/typed_long/alpha_0p10] [plan iscas99__b15_1] [plan] step=16 node=N2082 type=observe q_typed_residual_context=2.641910 sequence=32.522398
[b15-round2/typed_long/alpha_0p10] [plan iscas99__b15_1] [plan] step=17 node=N1853 type=observe q_typed_residual_context=2.458452 sequence=34.980850
[b15-round2/typed_long/alpha_0p10] [plan iscas99__b15_1] [plan] step=18 node=N737 type=control1 q_typed_residual_context=3.722737 sequence=38.703587
[b15-round2/typed_long/alpha_0p10] [plan iscas99__b15_1] [plan] step=19 node=N1564 type=control1 q_typed_residual_context=2.643027 sequence=41.346614
[b15-round2/typed_long/alpha_0p10] [plan iscas99__b15_1] [plan] step=20 node=N2101 type=observe q_typed_residual_context=5.855314 sequence=47.201928
[b15-round2/typed_long/alpha_0p10] [plan iscas99__b15_1] [plan] step=21 node=N496 type=control1 q_typed_residual_context=3.222474 sequence=50.424402
[b15-round2/typed_long/alpha_0p10] [plan iscas99__b15_1] [plan] step=22 node=N7516 type=observe q_typed_residual_context=2.713072 sequence=53.137474
[b15-round2/typed_long/alpha_0p10] [plan iscas99__b15_1] [plan] step=23 node=N582 type=control1 q_typed_residual_context=5.772685 sequence=58.910160
[b15-round2/typed_long/alpha_0p10] [plan iscas99__b15_1] [plan] step=24 node=N580 type=control1 q_typed_residual_context=2.126046 sequence=61.036206
[b15-round2/typed_long/alpha_0p10] [plan iscas99__b15_1] [plan] step=25 node=N5234 type=observe q_typed_residual_context=1.118681 sequence=62.154887
[b15-round2/typed_long/alpha_0p10] [plan iscas99__b15_1] [plan] step=26 node=N7511 type=control1 q_typed_residual_context=4.226873 sequence=66.381759
[b15-round2/typed_long/alpha_0p10] [plan iscas99__b15_1] [plan] step=27 node=N766 type=control1 q_typed_residual_context=6.904290 sequence=73.286050
[b15-round2/typed_long/alpha_0p10] [plan iscas99__b15_1] [plan] step=28 node=N1437 type=control1 q_typed_residual_context=3.994315 sequence=77.280365
[b15-round2/typed_long/alpha_0p10] [plan iscas99__b15_1] [plan] step=29 node=N1372 type=observe q_typed_residual_context=1.996111 sequence=79.276476
[b15-round2/typed_long/alpha_0p10] [plan iscas99__b15_1] [plan] step=30 node=N583 type=control1 q_typed_residual_context=4.325036 sequence=83.601512
[b15-round2/typed_long/alpha_0p10] [plan iscas99__b15_1] [plan] step=31 node=N2044 type=observe q_typed_residual_context=1.195282 sequence=84.796794
[b15-round2/typed_long/alpha_0p10] [plan iscas99__b15_1] [plan] step=32 node=N4635 type=control0 q_typed_residual_context=6.215618 sequence=91.012412
[b15-round2/typed_long/alpha_0p10] [plan iscas99__b15_1] [plan] step=33 node=N2042 type=observe q_typed_residual_context=3.240990 sequence=94.253402
[b15-round2/typed_long/alpha_0p10] [plan iscas99__b15_1] [plan] step=34 node=N2040 type=observe q_typed_residual_context=4.466836 sequence=98.720238
[b15-round2/typed_long/alpha_0p10] [plan iscas99__b15_1] [plan] step=35 node=N1532 type=observe q_typed_residual_context=4.278065 sequence=102.998303
[b15-round2/typed_long/alpha_0p10] [plan iscas99__b15_1] [plan] step=36 node=N7891 type=control1 q_typed_residual_context=3.320000 sequence=106.318303
[b15-round2/typed_long/alpha_0p10] [plan iscas99__b15_1] [plan] step=37 node=N4557 type=control0 q_typed_residual_context=0.843517 sequence=107.161820
[b15-round2/typed_long/alpha_0p10] [plan iscas99__b15_1] [plan] step=38 node=N4649 type=control0 q_typed_residual_context=4.762844 sequence=111.924664
[b15-round2/typed_long/alpha_0p10] [plan iscas99__b15_1] [plan] step=39 node=N7587 type=control1 q_typed_residual_context=1.139725 sequence=113.064389
[b15-round2/typed_long/alpha_0p10] [plan iscas99__b15_1] [plan] step=40 node=N7881 type=control1 q_typed_residual_context=5.209444 sequence=118.273833
[b15-round2/typed_long/alpha_0p10] [plan iscas99__b15_1] [plan] step=41 node=N7882 type=control1 q_typed_residual_context=1.987887 sequence=120.261720
[b15-round2/typed_long/alpha_0p10] [plan iscas99__b15_1] [plan] step=42 node=N7883 type=control1 q_typed_residual_context=1.894594 sequence=122.156315
[b15-round2/typed_long/alpha_0p10] [plan iscas99__b15_1] [plan] step=43 node=N3903 type=control0 q_typed_residual_context=0.996254 sequence=123.152569
[b15-round2/typed_long/alpha_0p10] [plan iscas99__b15_1] [plan] step=44 node=N4656 type=control0 q_typed_residual_context=2.610305 sequence=125.762875
[b15-round2/typed_long/alpha_0p10] [plan iscas99__b15_1] [plan] step=45 node=N713 type=observe q_typed_residual_context=1.975152 sequence=127.738027
[b15-round2/typed_long/alpha_0p10] [plan iscas99__b15_1] [plan] step=46 node=N4663 type=control0 q_typed_residual_context=2.428092 sequence=130.166118
[b15-round2/typed_long/alpha_0p10] [plan iscas99__b15_1] [plan] step=47 node=N724 type=observe q_typed_residual_context=2.544411 sequence=132.710529
[b15-round2/typed_long/alpha_0p10] [plan iscas99__b15_1] [plan] step=48 node=N7885 type=control1 q_typed_residual_context=1.746543 sequence=134.457072
[b15-round2/typed_long/alpha_0p10] [plan iscas99__b15_1] [plan] step=49 node=N7886 type=control1 q_typed_residual_context=1.190035 sequence=135.647107
[b15-round2/typed_long/alpha_0p10] [plan iscas99__b15_1] [plan] step=50 node=N3896 type=control0 q_typed_residual_context=1.067935 sequence=136.715042
[b15-round2/typed_long/alpha_0p10] [plan iscas99__b15_1] [plan] step=51 node=N4585 type=control0 q_typed_residual_context=1.072421 sequence=137.787463
[b15-round2/typed_long/alpha_0p10] [plan iscas99__b15_1] [plan] step=52 node=N4677 type=control0 q_typed_residual_context=1.903512 sequence=139.690975
[b15-round2/typed_long/alpha_0p10] [plan iscas99__b15_1] [plan] step=53 node=N4670 type=control0 q_typed_residual_context=1.905502 sequence=141.596477
[b15-round2/typed_long/alpha_0p10] [plan iscas99__b15_1] [plan] step=54 node=N4684 type=control0 q_typed_residual_context=1.577818 sequence=143.174296
[b15-round2/typed_long/alpha_0p10] [plan iscas99__b15_1] [plan] step=55 node=N704 type=observe q_typed_residual_context=1.566876 sequence=144.741172
[b15-round2/typed_long/alpha_0p10] [plan iscas99__b15_1] [plan] step=56 node=N3889 type=control0 q_typed_residual_context=1.186275 sequence=145.927447
[b15-round2/typed_long/alpha_0p10] [plan iscas99__b15_1] [plan] step=57 node=N4691 type=control0 q_typed_residual_context=1.549514 sequence=147.476961
[b15-round2/typed_long/alpha_0p10] [plan iscas99__b15_1] [plan] step=58 node=N3882 type=control0 q_typed_residual_context=1.186694 sequence=148.663655
[b15-round2/typed_long/alpha_0p10] [plan iscas99__b15_1] [plan] step=59 node=N4698 type=control0 q_typed_residual_context=1.381636 sequence=150.045290
[b15-round2/typed_long/alpha_0p10] [plan iscas99__b15_1] [plan] step=60 node=N3805 type=control0 q_typed_residual_context=1.245341 sequence=151.290631
[b15-round2/typed_long/alpha_0p10] [plan iscas99__b15_1] [plan] step=61 node=N4705 type=control0 q_typed_residual_context=1.401187 sequence=152.691817
[b15-round2/typed_long/alpha_0p10] [plan iscas99__b15_1] [plan] step=62 node=N4712 type=control0 q_typed_residual_context=1.235006 sequence=153.926824
[b15-round2/typed_long/alpha_0p10] [plan iscas99__b15_1] [plan] step=63 node=N4578 type=control0 q_typed_residual_context=1.075233 sequence=155.002057
[b15-round2/typed_long/alpha_0p10] [plan iscas99__b15_1] [plan] step=64 node=N4716 type=control0 q_typed_residual_context=1.103495 sequence=156.105551
[b15-round2/typed_long/alpha_0p10] [plan iscas99__b15_1] [plan] step=65 node=N7471 type=control0 q_typed_residual_context=1.046007 sequence=157.151558
[b15-round2/typed_long/alpha_0p10] [plan iscas99__b15_1] [plan] step=66 node=N4564 type=control0 q_typed_residual_context=1.171537 sequence=158.323096
[b15-round2/typed_long/alpha_0p10] [plan iscas99__b15_1] [plan] step=67 node=N3911 type=control0 q_typed_residual_context=1.141101 sequence=159.464197
[b15-round2/typed_long/alpha_0p10] [plan iscas99__b15_1] [plan] step=68 node=N3862 type=control0 q_typed_residual_context=1.461288 sequence=160.925484
[b15-round2/typed_long/alpha_0p10] [plan iscas99__b15_1] [plan] step=69 node=N3855 type=control0 q_typed_residual_context=1.474926 sequence=162.400411
[b15-round2/typed_long/alpha_0p10] [plan iscas99__b15_1] [plan] step=70 node=N3848 type=control0 q_typed_residual_context=1.573850 sequence=163.974261
[b15-round2/typed_long/alpha_0p10] [plan iscas99__b15_1] [plan] step=71 node=N4606 type=control0 q_typed_residual_context=1.632329 sequence=165.606590
[b15-round2/typed_long/alpha_0p10] [plan iscas99__b15_1] [plan] step=72 node=N3701 type=control0 q_typed_residual_context=1.658475 sequence=167.265065
[b15-round2/typed_long/alpha_0p10] [plan iscas99__b15_1] [plan] step=73 node=N3722 type=control0 q_typed_residual_context=1.554389 sequence=168.819454
[b15-round2/typed_long/alpha_0p10] [plan iscas99__b15_1] [plan] step=74 node=N1539 type=control0 q_typed_residual_context=1.226043 sequence=170.045497
[b15-round2/typed_long/alpha_0p10] [plan iscas99__b15_1] [plan] step=75 node=N3904 type=control0 q_typed_residual_context=1.393298 sequence=171.438795
[b15-round2/typed_long/alpha_0p10] [plan iscas99__b15_1] [plan] step=76 node=N7724 type=control0 q_typed_residual_context=1.179889 sequence=172.618684
[b15-round2/typed_long/alpha_0p10] [plan iscas99__b15_1] [plan] step=77 node=N7722 type=control0 q_typed_residual_context=1.272429 sequence=173.891113
[b15-round2/typed_long/alpha_0p10] [plan iscas99__b15_1] [plan] step=78 node=N3897 type=control0 q_typed_residual_context=1.456760 sequence=175.347874
[b15-round2/typed_long/alpha_0p10] [plan iscas99__b15_1] [plan] step=79 node=N722 type=observe q_typed_residual_context=2.109936 sequence=177.457810
[b15-round2/typed_long/alpha_0p10] [plan iscas99__b15_1] [plan] step=80 node=N3841 type=control0 q_typed_residual_context=2.152036 sequence=179.609846
[b15-round2/typed_long/alpha_0p10] [plan iscas99__b15_1] [plan] step=81 node=N3827 type=control0 q_typed_residual_context=1.911601 sequence=181.521447
[b15-round2/typed_long/alpha_0p10] [plan iscas99__b15_1] [plan] step=82 node=N1411 type=control0 q_typed_residual_context=1.541471 sequence=183.062918
[b15-round2/typed_long/alpha_0p10] [plan iscas99__b15_1] [plan] step=83 node=N519 type=control1 q_typed_residual_context=1.738437 sequence=184.801355
[b15-round2/typed_long/alpha_0p10] [plan iscas99__b15_1] [plan] step=84 node=N7820 type=control0 q_typed_residual_context=1.431069 sequence=186.232424
[b15-round2/typed_long/alpha_0p10] [plan iscas99__b15_1] [plan] step=85 node=N3820 type=control0 q_typed_residual_context=1.501486 sequence=187.733911
[b15-round2/typed_long/alpha_0p10] [plan iscas99__b15_1] [plan] step=86 node=N7725 type=control0 q_typed_residual_context=2.163442 sequence=189.897353
[b15-round2/typed_long/alpha_0p10] [plan iscas99__b15_1] [plan] step=87 node=N7723 type=control0 q_typed_residual_context=1.494920 sequence=191.392273
[b15-round2/typed_long/alpha_0p10] [plan iscas99__b15_1] [plan] step=88 node=N504 type=control1 q_typed_residual_context=1.342741 sequence=192.735014
[b15-round2/typed_long/alpha_0p10] [plan iscas99__b15_1] [plan] step=89 node=N513 type=control1 q_typed_residual_context=1.795734 sequence=194.530748
[b15-round2/typed_long/alpha_0p10] [plan iscas99__b15_1] [plan] step=90 node=N7732 type=control0 q_typed_residual_context=1.612923 sequence=196.143671
[b15-round2/typed_long/alpha_0p10] [plan iscas99__b15_1] [plan] step=91 node=N3813 type=control0 q_typed_residual_context=1.341394 sequence=197.485065
[b15-round2/typed_long/alpha_0p10] [plan iscas99__b15_1] [plan] step=92 node=N7888 type=control1 q_typed_residual_context=0.932254 sequence=198.417319
[b15-round2/typed_long/alpha_0p10] [plan iscas99__b15_1] [plan] step=93 node=N7889 type=control1 q_typed_residual_context=1.698452 sequence=200.115771
[b15-round2/typed_long/alpha_0p10] [plan iscas99__b15_1] [plan] step=94 node=N7846 type=control0 q_typed_residual_context=2.634245 sequence=202.750016
[b15-round2/typed_long/alpha_0p10] [plan iscas99__b15_1] [plan] step=95 node=N7408 type=control0 q_typed_residual_context=1.437046 sequence=204.187062
[b15-round2/typed_long/alpha_0p10] [plan iscas99__b15_1] [plan] step=96 node=N7541 type=control0 q_typed_residual_context=1.530556 sequence=205.717619
[b15-round2/typed_long/alpha_0p10] [plan iscas99__b15_1] [plan] step=97 node=N516 type=control1 q_typed_residual_context=2.486710 sequence=208.204329
[b15-round2/typed_long/alpha_0p10] [plan iscas99__b15_1] [plan] step=98 node=N7411 type=control1 q_typed_residual_context=1.831535 sequence=210.035864
[b15-round2/typed_long/alpha_0p10] [plan iscas99__b15_1] [plan] step=99 node=N3799 type=control0 q_typed_residual_context=3.495282 sequence=213.531146
[b15-round2/typed_long/alpha_0p10] [plan iscas99__b15_1] [plan] step=100 node=N3792 type=control0 q_typed_residual_context=2.788929 sequence=216.320075
[b15-round2/typed_long/alpha_0p10] [plan iscas99__b15_1] [plan] step=101 node=N3785 type=control0 q_typed_residual_context=3.204422 sequence=219.524496
[b15-round2/typed_long/alpha_0p10] [plan iscas99__b15_1] [plan] step=102 node=N4520 type=control0 q_typed_residual_context=3.270356 sequence=222.794852
[b15-round2/typed_long/alpha_0p10] [plan iscas99__b15_1] [plan] step=103 node=N7884 type=control1 q_typed_residual_context=3.510421 sequence=226.305273
[b15-round2/typed_long/alpha_0p10] [plan iscas99__b15_1] [plan] step=104 node=N3682 type=control0 q_typed_residual_context=4.051893 sequence=230.357166
[b15-round2/typed_long/alpha_0p10] [plan iscas99__b15_1] [plan] step=105 node=N7890 type=control1 q_typed_residual_context=3.081484 sequence=233.438650
[b15-round2/typed_long/alpha_0p10] [plan iscas99__b15_1] [plan] step=106 node=N7370 type=control1 q_typed_residual_context=3.726299 sequence=237.164949
[b15-round2/typed_long/alpha_0p10] [plan iscas99__b15_1] [plan] step=107 node=N556 type=control1 q_typed_residual_context=4.525417 sequence=241.690366
[b15-round2/typed_long/alpha_0p10] [plan iscas99__b15_1] [plan] step=108 node=N555 type=control1 q_typed_residual_context=4.768638 sequence=246.459005
[b15-round2/typed_long/alpha_0p10] [plan iscas99__b15_1] [plan] step=109 node=N7590 type=control1 q_typed_residual_context=6.859939 sequence=253.318944
[b15-round2/typed_long/alpha_0p10] [plan iscas99__b15_1] [plan] step=110 node=N520 type=control1 q_typed_residual_context=4.827844 sequence=258.146788
[b15-round2/typed_long/alpha_0p10] [plan iscas99__b15_1] [plan] step=111 node=N614 type=control1 q_typed_residual_context=4.761162 sequence=262.907950
[b15-round2/typed_long/alpha_0p10] [plan iscas99__b15_1] [plan] step=112 node=N7413 type=control1 q_typed_residual_context=4.667625 sequence=267.575575
[b15-round2/typed_long/alpha_0p10] [plan iscas99__b15_1] [plan] step=113 node=N634 type=control1 q_typed_residual_context=3.407742 sequence=270.983317
[b15-round2/typed_long/alpha_0p10] [plan iscas99__b15_1] [plan] step=114 node=N3180 type=control1 q_typed_residual_context=4.587491 sequence=275.570808
[b15-round2/typed_long/alpha_0p10] [plan iscas99__b15_1] [plan] step=115 node=N510 type=control1 q_typed_residual_context=3.938218 sequence=279.509026
[b15-round2/typed_long/alpha_0p10] [plan iscas99__b15_1] [plan] step=116 node=N7847 type=control0 q_typed_residual_context=4.776011 sequence=284.285037
[b15-round2/typed_long/alpha_0p10] [plan iscas99__b15_1] [plan] step=117 node=N7854 type=control0 q_typed_residual_context=1.485286 sequence=285.770323
[b15-round2/typed_long/alpha_0p10] [plan iscas99__b15_1] [plan] step=118 node=N610 type=control1 q_typed_residual_context=3.269066 sequence=289.039389
[b15-round2/typed_long/alpha_0p10] [plan iscas99__b15_1] [plan] step=119 node=N620 type=control1 q_typed_residual_context=2.758098 sequence=291.797487
[b15-round2/typed_long/alpha_0p10] [plan iscas99__b15_1] [plan] step=120 node=N3410 type=control1 q_typed_residual_context=5.468796 sequence=297.266284
[b15-round2/typed_long/alpha_0p10] [plan iscas99__b15_1] [plan] step=121 node=N638 type=control1 q_typed_residual_context=6.060933 sequence=303.327217
[b15-round2/typed_long/alpha_0p10] [plan iscas99__b15_1] [plan] step=122 node=N578 type=observe q_typed_residual_context=5.972106 sequence=309.299323
[b15-round2/typed_long/alpha_0p10] [plan iscas99__b15_1] [plan] step=123 node=N7852 type=control0 q_typed_residual_context=2.392669 sequence=311.691993
[b15-round2/typed_long/alpha_0p10] [plan iscas99__b15_1] [plan] step=124 node=N2580 type=control1 q_typed_residual_context=1.057242 sequence=312.749235
[b15-round2/typed_long/alpha_0p10] [plan iscas99__b15_1] [plan] step=125 node=N7424 type=control1 q_typed_residual_context=1.440456 sequence=314.189691
[b15-round2/typed_long/alpha_0p10] [plan iscas99__b15_1] [plan] step=126 node=N7853 type=control0 q_typed_residual_context=1.224352 sequence=315.414043
[b15-round2/typed_long/alpha_0p10] [plan iscas99__b15_1] [plan] step=127 node=N5878 type=observe q_typed_residual_context=1.053204 sequence=316.467247
[b15-round2/typed_long/alpha_0p10] [plan iscas99__b15_1] [plan] step=128 node=N2153 type=observe q_typed_residual_context=3.485303 sequence=319.952551
[b15-round2/typed_long/alpha_0p10] [plan iscas99__b15_1] [plan] step=129 node=N7721 type=control0 q_typed_residual_context=1.918123 sequence=321.870674
[b15-round2/typed_long/alpha_0p10] [plan iscas99__b15_1] [plan] step=130 node=N645 type=control1 q_typed_residual_context=1.240959 sequence=323.111633
[b15-round2/typed_long/alpha_0p10] [plan iscas99__b15_1] [plan] step=131 node=N616 type=control1 q_typed_residual_context=2.199613 sequence=325.311247
[b15-round2/typed_long/alpha_0p10] [plan iscas99__b15_1] [plan] step=132 node=N636 type=control1 q_typed_residual_context=1.119421 sequence=326.430667
[b15-round2/typed_long/alpha_0p10] [plan iscas99__b15_1] [plan] step=133 node=N5867 type=observe q_typed_residual_context=1.651609 sequence=328.082276
[b15-round2/typed_long/alpha_0p10] [plan iscas99__b15_1] [plan] step=134 node=N1987 type=observe q_typed_residual_context=0.192048 sequence=328.274325
[b15-round2/typed_long/alpha_0p10] [plan iscas99__b15_1] [plan] step=135 node=N7385 type=observe q_typed_residual_context=1.414274 sequence=329.688598
[b15-round2/typed_long/alpha_0p10] [plan iscas99__b15_1] [plan] step=136 node=N7679 type=observe q_typed_residual_context=1.555100 sequence=331.243699
[b15-round2/typed_long/alpha_0p10] [plan iscas99__b15_1] [plan] step=137 node=N7627 type=observe q_typed_residual_context=1.317894 sequence=332.561592
[b15-round2/typed_long/alpha_0p10] [plan iscas99__b15_1] [plan] step=138 node=N5740 type=observe q_typed_residual_context=1.050209 sequence=333.611802
[b15-round2/typed_long/alpha_0p10] [plan iscas99__b15_1] [plan] step=139 node=N5876 type=observe q_typed_residual_context=2.192123 sequence=335.803925
[b15-round2/typed_long/alpha_0p10] [plan iscas99__b15_1] [plan] step=140 node=N694 type=observe q_typed_residual_context=2.922916 sequence=338.726841
[b15-round2/typed_long/alpha_0p10] [plan iscas99__b15_1] [plan] step=141 node=N5603 type=observe q_typed_residual_context=1.568805 sequence=340.295646
[b15-round2/typed_long/alpha_0p10] [plan iscas99__b15_1] [plan] step=142 node=N2102 type=observe q_typed_residual_context=2.481523 sequence=342.777168
[b15-round2/typed_long/alpha_0p10] [plan iscas99__b15_1] [plan] step=143 node=N6531 type=observe q_typed_residual_context=1.881895 sequence=344.659064
[b15-round2/typed_long/alpha_0p10] [plan iscas99__b15_1] [plan] step=144 node=N7401 type=observe q_typed_residual_context=5.136284 sequence=349.795348
[b15-round2/typed_long/alpha_0p10] [plan iscas99__b15_1] [plan] step=145 node=N2149 type=observe q_typed_residual_context=5.787369 sequence=355.582717
[b15-round2/typed_long/alpha_0p10] [plan iscas99__b15_1] [plan] step=146 node=N5356 type=observe q_typed_residual_context=5.789106 sequence=361.371823
[b15-round2/typed_long/alpha_0p10] [plan iscas99__b15_1] [plan] step=147 node=N7614 type=observe q_typed_residual_context=2.776378 sequence=364.148201
[b15-round2/typed_long/alpha_0p10] [plan iscas99__b15_1] [plan] step=148 node=N5874 type=observe q_typed_residual_context=2.070784 sequence=366.218984
[b15-round2/typed_long/alpha_0p10] [plan iscas99__b15_1] [plan] step=149 node=N5738 type=observe q_typed_residual_context=1.471639 sequence=367.690624
[b15-round2/typed_long/alpha_0p10] [plan iscas99__b15_1] [plan] step=150 node=N2106 type=observe q_typed_residual_context=1.980858 sequence=369.671482
[b15-round2/typed_long/alpha_0p10] [plan iscas99__b15_1] [plan] step=151 node=N3467 type=control1 q_typed_residual_context=1.412747 sequence=371.084229
[b15-round2/typed_long/alpha_0p10] [plan iscas99__b15_1] [plan] step=152 node=N630 type=control1 q_typed_residual_context=1.696284 sequence=372.780513
[b15-round2/typed_long/alpha_0p10] [plan iscas99__b15_1] [plan] step=153 node=N642 type=control1 q_typed_residual_context=2.072563 sequence=374.853076
[b15-round2/typed_long/alpha_0p10] [plan iscas99__b15_1] [plan] step=154 node=N649 type=control1 q_typed_residual_context=2.628298 sequence=377.481374
[b15-round2/typed_long/alpha_0p10] [plan iscas99__b15_1] [plan] step=155 node=N6674 type=observe q_typed_residual_context=1.100567 sequence=378.581942
[b15-round2/typed_long/alpha_0p10] [plan iscas99__b15_1] [plan] step=156 node=N7436 type=observe q_typed_residual_context=2.177544 sequence=380.759486
[b15-round2/typed_long/alpha_0p10] [plan iscas99__b15_1] [plan] step=157 node=N712 type=observe q_typed_residual_context=1.874877 sequence=382.634364
[b15-round2/typed_long/alpha_0p10] [plan iscas99__b15_1] [plan] step=158 node=N725 type=observe q_typed_residual_context=3.124395 sequence=385.758759
[b15-round2/typed_long/alpha_0p10] [plan iscas99__b15_1] [plan] step=159 node=N2157 type=observe q_typed_residual_context=2.112787 sequence=387.871546
[b15-round2/typed_long/alpha_0p10] [plan iscas99__b15_1] [plan] step=160 node=N5473 type=observe q_typed_residual_context=1.831532 sequence=389.703078
[b15-round2/typed_long/alpha_0p10] [plan iscas99__b15_1] [plan] step=161 node=N714 type=observe q_typed_residual_context=2.694746 sequence=392.397824
[b15-round2/typed_long/alpha_0p10] [plan iscas99__b15_1] [plan] step=162 node=N7405 type=observe q_typed_residual_context=1.154110 sequence=393.551934
[b15-round2/typed_long/alpha_0p10] [plan iscas99__b15_1] [plan] step=163 node=N3525 type=control1 q_typed_residual_context=1.106033 sequence=394.657967
[b15-round2/typed_long/alpha_0p10] [plan iscas99__b15_1] [plan] step=164 node=N3295 type=control1 q_typed_residual_context=0.753829 sequence=395.411796
[b15-round2/typed_long/alpha_0p10] [plan iscas99__b15_1] [plan] step=165 node=N1607 type=control1 q_typed_residual_context=1.267208 sequence=396.679004
[b15-round2/typed_long/alpha_0p10] [plan iscas99__b15_1] [plan] step=166 node=N647 type=control1 q_typed_residual_context=1.650822 sequence=398.329826
[b15-round2/typed_long/alpha_0p10] [plan iscas99__b15_1] [plan] step=167 node=N1586 type=control1 q_typed_residual_context=2.154880 sequence=400.484706
[b15-round2/typed_long/alpha_0p10] [plan iscas99__b15_1] [plan] step=168 node=N7454 type=observe q_typed_residual_context=0.790116 sequence=401.274822
[b15-round2/typed_long/alpha_0p10] [plan iscas99__b15_1] [plan] step=169 node=N6538 type=observe q_typed_residual_context=0.674860 sequence=401.949682
[b15-round2/typed_long/alpha_0p10] [plan iscas99__b15_1] [plan] step=170 node=N6668 type=observe q_typed_residual_context=0.800377 sequence=402.750058
[b15-round2/typed_long/alpha_0p10] [plan iscas99__b15_1] [plan] step=171 node=N723 type=observe q_typed_residual_context=2.048735 sequence=404.798794
[b15-round2/typed_long/alpha_0p10] [plan iscas99__b15_1] [plan] step=172 node=N705 type=observe q_typed_residual_context=5.461303 sequence=410.260096
[b15-round2/typed_long/alpha_0p10] [plan iscas99__b15_1] [plan] step=173 node=N5456 type=observe q_typed_residual_context=2.490516 sequence=412.750612
[b15-round2/typed_long/alpha_0p10] [plan iscas99__b15_1] [plan] step=174 node=N706 type=observe q_typed_residual_context=3.896085 sequence=416.646697
[b15-round2/typed_long/alpha_0p10] [plan iscas99__b15_1] [plan] step=175 node=N2072 type=observe q_typed_residual_context=0.799363 sequence=417.446060
[b15-round2/typed_long/alpha_0p10] [plan iscas99__b15_1] [plan] step=176 node=N7439 type=observe q_typed_residual_context=6.930483 sequence=424.376543
[b15-round2/typed_long/alpha_0p10] [plan iscas99__b15_1] [plan] step=177 node=N5422 type=observe q_typed_residual_context=5.405548 sequence=429.782091
[b15-round2/typed_long/alpha_0p10] [plan iscas99__b15_1] [plan] step=178 node=N715 type=observe q_typed_residual_context=6.791089 sequence=436.573180
[b15-round2/typed_long/alpha_0p10] [plan iscas99__b15_1] [plan] step=179 node=N2652 type=control1 q_typed_residual_context=7.189275 sequence=443.762455
[b15-round2/typed_long/alpha_0p10] [plan iscas99__b15_1] [plan] step=180 node=N763 type=observe q_typed_residual_context=0.688674 sequence=444.451129
[b15-round2/typed_long/alpha_0p10] [plan iscas99__b15_1] [plan] step=181 node=N703 type=observe q_typed_residual_context=1.135446 sequence=445.586575
[b15-round2/typed_long/alpha_0p10] [plan iscas99__b15_1] [plan] step=182 node=N5439 type=observe q_typed_residual_context=6.547401 sequence=452.133976
[b15-round2/typed_long/alpha_0p10] [plan iscas99__b15_1] [plan] step=183 node=N679 type=observe q_typed_residual_context=5.948072 sequence=458.082047
[b15-round2/typed_long/alpha_0p10] [plan iscas99__b15_1] [plan] step=184 node=N7404 type=observe q_typed_residual_context=4.702560 sequence=462.784607
[b15-round2/typed_long/alpha_0p10] [plan iscas99__b15_1] [plan] step=185 node=N5390 type=observe q_typed_residual_context=1.303461 sequence=464.088069
[b15-round2/typed_long/alpha_0p10] [plan iscas99__b15_1] [plan] step=186 node=N2721 type=control1 q_typed_residual_context=1.951207 sequence=466.039276
[b15-round2/typed_long/alpha_0p10] [plan iscas99__b15_1] [plan] step=187 node=N6660 type=observe q_typed_residual_context=1.893513 sequence=467.932789
[b15-round2/typed_long/alpha_0p10] [plan iscas99__b15_1] [plan] step=188 node=N2894 type=control1 q_typed_residual_context=1.332083 sequence=469.264872
[b15-round2/typed_long/alpha_0p10] [plan iscas99__b15_1] [plan] step=189 node=N5334 type=observe q_typed_residual_context=0.930818 sequence=470.195690
[b15-round2/typed_long/alpha_0p10] [plan iscas99__b15_1] [plan] step=190 node=N719 type=observe q_typed_residual_context=3.027191 sequence=473.222881
[b15-round2/typed_long/alpha_0p10] [plan iscas99__b15_1] [plan] step=191 node=N2952 type=control1 q_typed_residual_context=3.012337 sequence=476.235218
[b15-round2/typed_long/alpha_0p10] [plan iscas99__b15_1] [plan] step=192 node=N2779 type=control1 q_typed_residual_context=1.431944 sequence=477.667162
[b15-round2/typed_long/alpha_0p10] [plan iscas99__b15_1] [plan] step=193 node=N7382 type=observe q_typed_residual_context=1.332515 sequence=478.999677
[b15-round2/typed_long/alpha_0p10] [plan iscas99__b15_1] [plan] step=194 node=N6682 type=observe q_typed_residual_context=0.568056 sequence=479.567733
[b15-round2/typed_long/alpha_0p10] [plan iscas99__b15_1] [plan] step=195 node=N734 type=observe q_typed_residual_context=2.741263 sequence=482.308996
[b15-round2/typed_long/alpha_0p10] [plan iscas99__b15_1] [plan] step=196 node=N699 type=observe q_typed_residual_context=3.845407 sequence=486.154403
[b15-round2/typed_long/alpha_0p10] [plan iscas99__b15_1] [plan] step=197 node=N5373 type=observe q_typed_residual_context=1.880880 sequence=488.035283
[b15-round2/typed_long/alpha_0p10] [plan iscas99__b15_1] [plan] step=198 node=N2151 type=observe q_typed_residual_context=1.654411 sequence=489.689693
[b15-round2/typed_long/alpha_0p10] [plan iscas99__b15_1] [plan] step=199 node=N7380 type=observe q_typed_residual_context=1.671964 sequence=491.361657
[b15-round2/typed_long/alpha_0p10] [plan iscas99__b15_1] [plan] step=200 node=N6685 type=observe q_typed_residual_context=0.496785 sequence=491.858442
[b15-round2/typed_long/alpha_0p10] [plan iscas99__b15_1] [plan] step=201 node=N1351 type=observe q_typed_residual_context=1.297999 sequence=493.156441
[b15-round2/typed_long/alpha_0p10] [plan iscas99__b15_1] [plan] step=202 node=N686 type=observe q_typed_residual_context=3.864464 sequence=497.020905
[b15-round2/typed_long/alpha_0p10] [plan iscas99__b15_1] [plan] step=203 node=N753 type=observe q_typed_residual_context=1.890553 sequence=498.911458
[b15-round2/typed_long/alpha_0p10] [plan iscas99__b15_1] [plan] step=204 node=N689 type=observe q_typed_residual_context=6.730789 sequence=505.642247
[b15-round2/typed_long/alpha_0p10] [plan iscas99__b15_1] [plan] step=205 node=N729 type=observe q_typed_residual_context=2.542766 sequence=508.185014
[b15-round2/typed_long/alpha_0p10] [plan iscas99__b15_1] [plan] step=206 node=N684 type=observe q_typed_residual_context=3.331874 sequence=511.516888
[b15-round2/typed_long/alpha_0p10] [plan iscas99__b15_1] [plan] step=207 node=N7381 type=observe q_typed_residual_context=4.598060 sequence=516.114948
[b15-round2/typed_long/alpha_0p10] [plan iscas99__b15_1] [plan] step=208 node=N5735 type=observe q_typed_residual_context=1.679050 sequence=517.793998
[b15-round2/typed_long/alpha_0p10] [plan iscas99__b15_1] [plan] step=209 node=N2243 type=observe q_typed_residual_context=2.715713 sequence=520.509711
[b15-round2/typed_long/alpha_0p10] [plan iscas99__b15_1] [plan] step=210 node=N6658 type=observe q_typed_residual_context=2.795618 sequence=523.305329
[b15-round2/typed_long/alpha_0p10] [plan iscas99__b15_1] [plan] step=211 node=N2159 type=observe q_typed_residual_context=2.743497 sequence=526.048827
[b15-round2/typed_long/alpha_0p10] [plan iscas99__b15_1] [plan] step=212 node=N2271 type=observe q_typed_residual_context=3.449689 sequence=529.498516
[b15-round2/typed_long/alpha_0p10] [plan iscas99__b15_1] [plan] step=213 node=N7443 type=observe q_typed_residual_context=5.830000 sequence=535.328516
[b15-round2/typed_long/alpha_0p10] [plan iscas99__b15_1] [plan] step=214 node=N5094 type=observe q_typed_residual_context=2.510532 sequence=537.839048
[b15-round2/typed_long/alpha_0p10] [plan iscas99__b15_1] [plan] step=215 node=N2259 type=observe q_typed_residual_context=6.252112 sequence=544.091160
[b15-round2/typed_long/alpha_0p10] [plan iscas99__b15_1] [plan] step=216 node=N5160 type=observe q_typed_residual_context=6.081969 sequence=550.173129
[b15-round2/typed_long/alpha_0p10] [plan iscas99__b15_1] [plan] step=217 node=N6656 type=observe q_typed_residual_context=6.840556 sequence=557.013685
[b15-round2/typed_long/alpha_0p10] [plan iscas99__b15_1] [plan] step=218 node=N752 type=observe q_typed_residual_context=2.757666 sequence=559.771351
[b15-round2/typed_long/alpha_0p10] [plan iscas99__b15_1] [plan] step=219 node=N2263 type=observe q_typed_residual_context=6.144969 sequence=565.916320
[b15-round2/typed_long/alpha_0p10] [plan iscas99__b15_1] [plan] step=220 node=N696 type=observe q_typed_residual_context=4.353108 sequence=570.269428
[b15-round2/typed_long/alpha_0p10] [plan iscas99__b15_1] [plan] step=221 node=N7444 type=observe q_typed_residual_context=1.591801 sequence=571.861230
[b15-round2/typed_long/alpha_0p10] [plan iscas99__b15_1] [plan] step=222 node=N2267 type=observe q_typed_residual_context=7.235846 sequence=579.097076
[b15-round2/typed_long/alpha_0p10] [plan iscas99__b15_1] [plan] step=223 node=N5111 type=observe q_typed_residual_context=0.414596 sequence=579.511672
[b15-round2/typed_long/alpha_0p10] [plan iscas99__b15_1] [plan] step=224 node=N6537 type=observe q_typed_residual_context=6.821769 sequence=586.333441
[b15-round2/typed_long/alpha_0p10] [plan iscas99__b15_1] [plan] step=225 node=N2251 type=observe q_typed_residual_context=3.834650 sequence=590.168091
[b15-round2/typed_long/alpha_0p10] [plan iscas99__b15_1] [plan] step=226 node=N2837 type=control1 q_typed_residual_context=6.152801 sequence=596.320892
[b15-round2/typed_long/alpha_0p10] [plan iscas99__b15_1] [plan] step=227 node=N3009 type=control1 q_typed_residual_context=7.161905 sequence=603.482797
[b15-round2/typed_long/alpha_0p10] [plan iscas99__b15_1] [plan] step=228 node=N695 type=observe q_typed_residual_context=2.960830 sequence=606.443626
[b15-round2/typed_long/alpha_0p10] [plan iscas99__b15_1] [plan] step=229 node=N2247 type=observe q_typed_residual_context=5.597199 sequence=612.040826
[b15-round2/typed_long/alpha_0p10] [plan iscas99__b15_1] [plan] step=230 node=N697 type=observe q_typed_residual_context=4.614945 sequence=616.655771
[b15-round2/typed_long/alpha_0p10] [plan iscas99__b15_1] [plan] step=231 node=N7589 type=control1 q_typed_residual_context=3.820273 sequence=620.476044
[b15-round2/typed_long/alpha_0p10] [plan iscas99__b15_1] [plan] step=232 node=N7391 type=observe q_typed_residual_context=0.671992 sequence=621.148036
[b15-round2/typed_long/alpha_0p10] [plan iscas99__b15_1] [plan] step=233 node=N1879 type=observe q_typed_residual_context=1.157161 sequence=622.305197
[b15-round2/typed_long/alpha_0p10] [plan iscas99__b15_1] [plan] step=234 node=N765 type=observe q_typed_residual_context=0.464781 sequence=622.769979
[b15-round2/typed_long/alpha_0p10] [plan iscas99__b15_1] [plan] step=235 node=N1352 type=observe q_typed_residual_context=7.752202 sequence=630.522180
[b15-round2/typed_long/alpha_0p10] [plan iscas99__b15_1] [plan] step=236 node=N2218 type=observe q_typed_residual_context=7.338103 sequence=637.860283
[b15-round2/typed_long/alpha_0p10] [plan iscas99__b15_1] [plan] step=237 node=N680 type=observe q_typed_residual_context=5.925936 sequence=643.786219
[b15-round2/typed_long/alpha_0p10] [plan iscas99__b15_1] [plan] step=238 node=N732 type=observe q_typed_residual_context=5.875036 sequence=649.661255
[b15-round2/typed_long/alpha_0p10] [plan iscas99__b15_1] [plan] step=239 node=N7452 type=observe q_typed_residual_context=6.829942 sequence=656.491196
[b15-round2/typed_long/alpha_0p10] [plan iscas99__b15_1] [plan] step=240 node=N7440 type=observe q_typed_residual_context=2.963119 sequence=659.454315
[b15-round2/typed_long/alpha_0p10] [plan iscas99__b15_1] [plan] step=241 node=N628 type=control1 q_typed_residual_context=0.872923 sequence=660.327239
[b15-round2/typed_long/alpha_0p10] [plan iscas99__b15_1] [plan] step=242 node=N758 type=observe q_typed_residual_context=5.250909 sequence=665.578148
[b15-round2/typed_long/alpha_0p10] [plan iscas99__b15_1] [plan] step=243 node=N2203 type=observe q_typed_residual_context=6.416122 sequence=671.994269
[b15-round2/typed_long/alpha_0p10] [plan iscas99__b15_1] [plan] step=244 node=N2255 type=observe q_typed_residual_context=2.152534 sequence=674.146804
[b15-round2/typed_long/alpha_0p10] [plan iscas99__b15_1] [plan] step=245 node=N3067 type=control1 q_typed_residual_context=6.171289 sequence=680.318092
[b15-round2/typed_long/alpha_0p10] [plan iscas99__b15_1] [plan] step=246 node=N8790 type=control1 q_typed_residual_context=6.692329 sequence=687.010421
[b15-round2/typed_long/alpha_0p10] [plan iscas99__b15_1] [plan] step=247 node=N2183 type=observe q_typed_residual_context=5.747918 sequence=692.758339
[b15-round2/typed_long/alpha_0p10] [plan iscas99__b15_1] [plan] step=248 node=N8240 type=control1 q_typed_residual_context=6.493312 sequence=699.251651
[b15-round2/typed_long/alpha_0p10] [plan iscas99__b15_1] [plan] step=249 node=N717 type=observe q_typed_residual_context=5.071314 sequence=704.322965
[b15-round2/typed_long/alpha_0p10] [plan iscas99__b15_1] [plan] step=250 node=N2216 type=observe q_typed_residual_context=5.951389 sequence=710.274355
[b15-round2/typed_long/alpha_0p10] [plan iscas99__b15_1] [plan] step=251 node=N8789 type=control1 q_typed_residual_context=4.864309 sequence=715.138664
[b15-round2/typed_long/alpha_0p10] [plan iscas99__b15_1] [plan] step=252 node=N8239 type=control1 q_typed_residual_context=3.647062 sequence=718.785726
[b15-round2/typed_long/alpha_0p10] [plan iscas99__b15_1] [plan] step=253 node=N8607 type=control1 q_typed_residual_context=3.491139 sequence=722.276864
[b15-round2/typed_long/alpha_0p10] [plan iscas99__b15_1] [plan] step=254 node=N7512 type=control1 q_typed_residual_context=5.087163 sequence=727.364027
[b15-round2/typed_long/alpha_0p10] [plan iscas99__b15_1] [plan] step=255 node=N4900 type=observe q_typed_residual_context=4.425166 sequence=731.789193
[b15-round2/typed_long/alpha_0p10] [plan iscas99__b15_1] [plan] step=256 node=N6680 type=observe q_typed_residual_context=5.035802 sequence=736.824995
[b15-round2/typed_long/alpha_0p10] [plan iscas99__b15_1] [plan] step=257 node=N2185 type=observe q_typed_residual_context=4.407042 sequence=741.232036
[b15-round2/typed_long/alpha_0p10] [plan iscas99__b15_1] [plan] step=258 node=N652 type=control1 q_typed_residual_context=6.559502 sequence=747.791539
[b15-round2/typed_long/alpha_0p10] [plan iscas99__b15_1] [plan] step=259 node=N8238 type=control1 q_typed_residual_context=7.382997 sequence=755.174536
[b15-round2/typed_long/alpha_0p10] [plan iscas99__b15_1] [plan] step=260 node=N8606 type=control1 q_typed_residual_context=7.367164 sequence=762.541700
[b15-round2/typed_long/alpha_0p10] [plan iscas99__b15_1] [plan] step=261 node=N733 type=observe q_typed_residual_context=6.699583 sequence=769.241283
[b15-round2/typed_long/alpha_0p10] [plan iscas99__b15_1] [plan] step=262 node=N8237 type=control1 q_typed_residual_context=7.327481 sequence=776.568763
[b15-round2/typed_long/alpha_0p10] [plan iscas99__b15_1] [plan] step=263 node=N2205 type=observe q_typed_residual_context=6.346398 sequence=782.915162
[b15-round2/typed_long/alpha_0p10] [plan iscas99__b15_1] [plan] step=264 node=N735 type=observe q_typed_residual_context=6.512138 sequence=789.427300
[b15-round2/typed_long/alpha_0p10] [plan iscas99__b15_1] [plan] step=265 node=N902 type=control1 q_typed_residual_context=6.911207 sequence=796.338507
[b15-round2/typed_long/alpha_0p10] [plan iscas99__b15_1] [plan] step=266 node=N2201 type=observe q_typed_residual_context=6.350969 sequence=802.689476
[b15-round2/typed_long/alpha_0p10] [plan iscas99__b15_1] [plan] step=267 node=N6562 type=observe q_typed_residual_context=6.156004 sequence=808.845480
[b15-round2/typed_long/alpha_0p10] [plan iscas99__b15_1] [plan] step=268 node=N8605 type=control1 q_typed_residual_context=3.938496 sequence=812.783976
[b15-round2/typed_long/alpha_0p10] [plan iscas99__b15_1] [plan] step=269 node=N7855 type=control0 q_typed_residual_context=7.233022 sequence=820.016998
[b15-round2/typed_long/alpha_0p10] [plan iscas99__b15_1] [plan] step=270 node=N8236 type=control1 q_typed_residual_context=7.397004 sequence=827.414002
[b15-round2/typed_long/alpha_0p10] [plan iscas99__b15_1] [plan] step=271 node=N515 type=control1 q_typed_residual_context=6.655641 sequence=834.069643
[b15-round2/typed_long/alpha_0p10] [plan iscas99__b15_1] [plan] step=272 node=N2226 type=observe q_typed_residual_context=6.563477 sequence=840.633120
[b15-round2/typed_long/alpha_0p10] [plan iscas99__b15_1] [plan] step=273 node=N1348 type=observe q_typed_residual_context=6.640429 sequence=847.273550
[b15-round2/typed_long/alpha_0p10] [plan iscas99__b15_1] [plan] step=274 node=N2212 type=observe q_typed_residual_context=4.167035 sequence=851.440585
[b15-round2/typed_long/alpha_0p10] [plan iscas99__b15_1] [plan] step=275 node=N2214 type=observe q_typed_residual_context=5.360643 sequence=856.801227
[b15-round2/typed_long/alpha_0p10] [plan iscas99__b15_1] [plan] step=276 node=N1598 type=observe q_typed_residual_context=1.357732 sequence=858.158959
[b15-round2/typed_long/alpha_0p10] [plan iscas99__b15_1] [plan] step=277 node=N1347 type=observe q_typed_residual_context=5.255472 sequence=863.414431
[b15-round2/typed_long/alpha_0p10] [plan iscas99__b15_1] [plan] step=278 node=N6684 type=observe q_typed_residual_context=3.914652 sequence=867.329083
[b15-round2/typed_long/alpha_0p10] [plan iscas99__b15_1] saved=autoresearch/loop-260720-0945/model_training_round2/b15_selection/typed_long/alpha_0p10/plans/iscas99__b15_1__greedy__cumulative__q_typed_residual_context__bw1__d1__c48__g1p0__candhard_fault_cluster__div0p0__s0.csv
[b15-round2/typed_long/alpha_0p10] [gmean] 2026-07-20T19:00:04 [1/1] plan_done benchmark=iscas99__b15_1 plan_sec=165.099 plan_csv=autoresearch/loop-260720-0945/model_training_round2/b15_selection/typed_long/alpha_0p10/plans/iscas99__b15_1__greedy__cumulative__q_typed_residual_context__bw1__d1__c48__g1p0__candhard_fault_cluster__div0p0__s0.csv
[b15-round2/typed_long/alpha_0p10] [gmean] 2026-07-20T19:00:04 [1/1] eval_start benchmark=iscas99__b15_1 backend=atalanta-bist patterns=300000
[b15-round2/typed_long/alpha_0p10] [eval iscas99__b15_1] {
[b15-round2/typed_long/alpha_0p10] [eval iscas99__b15_1]   "records": 2,
[b15-round2/typed_long/alpha_0p10] [eval iscas99__b15_1]   "labels_csv": "autoresearch/loop-260720-0945/model_training_round2/b15_selection/typed_long/alpha_0p10/evals/iscas99__b15_1__greedy__cumulative__q_typed_residual_context__bw1__d1__c48__g1p0__candhard_fault_cluster__div0p0__s0/labels.csv",
[b15-round2/typed_long/alpha_0p10] [eval iscas99__b15_1]   "summary_json": "autoresearch/loop-260720-0945/model_training_round2/b15_selection/typed_long/alpha_0p10/evals/iscas99__b15_1__greedy__cumulative__q_typed_residual_context__bw1__d1__c48__g1p0__candhard_fault_cluster__div0p0__s0/summary.json"
[b15-round2/typed_long/alpha_0p10] [eval iscas99__b15_1] }
[b15-round2/typed_long/alpha_0p10] [gmean] 2026-07-20T19:00:10 [1/1] eval_done benchmark=iscas99__b15_1 delta_tc=0.12512 plan_sec=165.099 eval_sec=6.072 total_sec=171.187
[b15-round2/typed_long/alpha_0p10] [gmean] 2026-07-20T19:00:10 variant_done id=greedy__cumulative__q_typed_residual_context__bw1__d1__c48__g1p0__candhard_fault_cluster__div0p0__s0 status=ok macro=0.12512 positives=1 negatives=0 elapsed=171.188
