test_en->__tpi_cp_322___aig_not_39944 /0 undetected
__tpi_not_test_en->__tpi_cp_231___buf_split_23252 /1 undetected
test_en->__tpi_cp_325_new_n17227 /0 undetected
test_en->__tpi_cp_66___aig_and_39936 /0 undetected
__tpi_not_test_en->__tpi_cp_232___buf_split_23246 /1 undetected
test_en->__tpi_cp_259_new_n16588 /0 undetected
test_en->__tpi_cp_132___aig_and_38440 /0 undetected
__tpi_not_test_en->__tpi_cp_35___aig_not_38438 /1 undetected
__tpi_not_test_en->__tpi_cp_238___buf_split_22383 /1 undetected
__tpi_not_test_en->__tpi_cp_185___aig_not_38435 /1 undetected
test_en->__tpi_cp_250_new_n16583 /0 undetected
test_en->__tpi_cp_230___aig_and_38430 /0 undetected
__tpi_not_test_en->__tpi_cp_260___buf_split_22377 /1 undetected
test_en->__tpi_cp_323___aig_not_38421 /0 undetected
__tpi_not_test_en->__tpi_cp_235___buf_split_22371 /1 undetected
__tpi_not_test_en->__tpi_cp_293___aig_not_36960 /1 undetected
__tpi_not_test_en->__tpi_cp_295___buf_split_21530 /1 undetected
__tpi_not_test_en->__tpi_cp_38___aig_not_36957 /1 undetected
test_en->__tpi_cp_326___buf_split_21528 /0 undetected
test_en->__tpi_cp_273_new_n15951 /0 undetected
test_en->__tpi_cp_252___aig_and_36952 /0 undetected
__tpi_not_test_en->__tpi_cp_32___aig_not_36951 /1 undetected
__tpi_not_test_en->__tpi_cp_291___buf_split_21524 /1 undetected
__tpi_not_test_en->__tpi_cp_297___aig_not_36921 /1 undetected
test_en->__tpi_cp_78___aig_and_36920 /0 undetected
__tpi_not_test_en->__tpi_cp_215___aig_not_36919 /1 undetected
test_en->__tpi_cp_303___buf_split_21505 /0 undetected
test_en->__tpi_cp_320_new_n15333 /0 undetected
test_en->__tpi_cp_253___aig_and_35505 /0 undetected
test_en->__tpi_cp_319_new_n15332 /0 undetected
test_en->__tpi_cp_47___aig_and_35504 /0 undetected
__tpi_not_test_en->__tpi_cp_130___aig_not_35503 /1 undetected
__tpi_not_test_en->__tpi_cp_243_new_n15334 /1 undetected
__tpi_not_test_en->__tpi_cp_29___aig_and_35508 /1 undetected
__tpi_not_test_en->__tpi_cp_270___aig_not_35507 /1 undetected
__tpi_not_test_en->__tpi_cp_246___aig_not_35506 /1 undetected
__tpi_not_test_en->__tpi_cp_30___aig_not_35494 /1 undetected
test_en->__tpi_cp_318___buf_split_20682 /0 undetected
__tpi_not_test_en->__tpi_cp_292___aig_not_35493 /1 undetected
__tpi_not_test_en->__tpi_cp_299___buf_split_20681 /1 undetected
__tpi_not_test_en->__tpi_cp_225___aig_not_34095 /1 undetected
__tpi_not_test_en->__tpi_cp_137___aig_not_34097 /1 undetected
__tpi_not_test_en->__tpi_cp_279_new_n14721 /1 undetected
__tpi_not_test_en->__tpi_cp_57___aig_and_34076 /1 undetected
__tpi_not_test_en->__tpi_cp_290___aig_not_34075 /1 undetected
test_en->__tpi_cp_274___buf_split_19863 /0 undetected
__tpi_not_test_en->__tpi_cp_251___aig_not_34074 /1 undetected
test_en->__tpi_cp_309___buf_split_19862 /0 undetected
test_en->__tpi_cp_227_new_n15948 /0 undetected
test_en->__tpi_cp_22___aig_and_36945 /0 undetected
__tpi_not_test_en->__tpi_cp_117___aig_not_36943 /1 undetected
__tpi_not_test_en->__tpi_cp_237___buf_split_21518 /1 undetected
__tpi_not_test_en->__tpi_cp_206_new_n16577 /1 undetected
__tpi_not_test_en->__tpi_cp_208___aig_and_38415 /1 undetected
__tpi_not_test_en->__tpi_cp_31___aig_not_38414 /1 undetected
test_en->__tpi_cp_265_new_n16576 /0 undetected
test_en->__tpi_cp_135___aig_and_38412 /0 undetected
test_en->__tpi_cp_288___aig_not_38410 /0 undetected
__tpi_not_test_en->__tpi_cp_314___buf_split_22367 /1 undetected
__tpi_not_test_en->__tpi_cp_234___aig_not_38413 /1 undetected
test_en->__tpi_cp_306_new_n16573 /0 undetected
test_en->__tpi_cp_248___aig_and_38405 /0 undetected
test_en->__tpi_cp_307_new_n16572 /0 undetected
test_en->__tpi_cp_53___aig_and_38404 /0 undetected
__tpi_not_test_en->__tpi_cp_211_new_n15945 /1 undetected
test_en->__tpi_cp_152___aig_and_36937 /0 undetected
__tpi_not_test_en->__tpi_cp_244___aig_not_36936 /1 undetected
__tpi_not_test_en->__tpi_cp_278_new_n15944 /1 undetected
__tpi_not_test_en->__tpi_cp_245___aig_and_36934 /1 undetected
__tpi_not_test_en->__tpi_cp_75___aig_not_36932 /1 undetected
__tpi_not_test_en->__tpi_cp_28___aig_not_36935 /1 undetected
test_en->__tpi_cp_258_new_n15941 /0 undetected
test_en->__tpi_cp_224___aig_and_36927 /0 undetected
test_en->__tpi_cp_272_new_n15940 /0 undetected
test_en->__tpi_cp_34___aig_and_36926 /0 undetected
__tpi_not_test_en->__tpi_cp_41___aig_not_36941 /1 undetected
test_en->__tpi_cp_305___buf_split_21517 /0 undetected
__tpi_not_test_en->__tpi_cp_36___aig_not_35471 /1 undetected
test_en->__tpi_cp_315_new_n15317 /0 undetected
test_en->__tpi_cp_136___aig_and_35470 /0 undetected
__tpi_not_test_en->__tpi_cp_240___aig_not_35469 /1 undetected
__tpi_not_test_en->__tpi_cp_277_new_n15325 /1 undetected
__tpi_not_test_en->__tpi_cp_84___aig_and_35487 /1 undetected
__tpi_not_test_en->__tpi_cp_236___aig_not_35485 /1 undetected
test_en->__tpi_cp_280_new_n15321 /0 undetected
test_en->__tpi_cp_247___aig_and_35477 /0 undetected
test_en->__tpi_cp_324_new_n15320 /0 undetected
test_en->__tpi_cp_45___aig_and_35476 /0 undetected
__tpi_not_test_en->__tpi_cp_129___aig_not_35475 /1 undetected
test_en->__tpi_cp_233_new_n15936 /0 undetected
test_en->__tpi_cp_40___aig_and_36917 /0 undetected
test_en->__tpi_cp_302___aig_not_36915 /0 undetected
__tpi_not_test_en->__tpi_cp_308___buf_split_21502 /1 undetected
__tpi_not_test_en->__tpi_cp_226___aig_not_35501 /1 undetected
test_en->__tpi_cp_321___buf_split_20686 /0 undetected
test_en->__tpi_cp_37___aig_and_35492 /0 undetected
__tpi_not_test_en->__tpi_cp_126___aig_not_35491 /1 undetected
__tpi_not_test_en->__tpi_cp_310___buf_split_22361 /1 undetected
__tpi_not_test_en->__tpi_cp_64___aig_not_35483 /1 undetected
test_en->__tpi_cp_145___aig_and_35481 /0 undetected
__tpi_not_test_en->__tpi_cp_239_new_n15322 /1 undetected
__tpi_not_test_en->__tpi_cp_26___aig_and_35480 /1 undetected
__tpi_not_test_en->__tpi_cp_72___aig_not_34072 /1 undetected
test_en->__tpi_cp_93___aig_and_34050 /0 undetected
__tpi_not_test_en->__tpi_cp_281___aig_not_34049 /1 undetected
__tpi_not_test_en->__tpi_cp_284_new_n14709 /1 undetected
__tpi_not_test_en->__tpi_cp_214_new_n15933 /1 undetected
__tpi_not_test_en->__tpi_cp_219___aig_and_36909 /1 undetected
__tpi_not_test_en->__tpi_cp_262___aig_not_36908 /1 undetected
__tpi_not_test_en->__tpi_cp_63___aig_not_36907 /1 undetected
test_en->__tpi_cp_304_new_n15929 /0 undetected
test_en->__tpi_cp_242___aig_and_36899 /0 undetected
test_en->__tpi_cp_151___aig_and_35467 /0 undetected
__tpi_not_test_en->__tpi_cp_77___aig_not_35465 /1 undetected
test_en->__tpi_cp_48___aig_and_34070 /0 undetected
__tpi_not_test_en->__tpi_cp_134___aig_not_34069 /1 undetected
__tpi_not_test_en->__tpi_cp_62___aig_not_34067 /1 undetected
__tpi_not_test_en->__tpi_cp_61___aig_not_34046 /1 undetected
__tpi_not_test_en->__tpi_cp_127___aig_not_35463 /1 undetected
__tpi_not_test_en->__tpi_cp_128___aig_not_35441 /1 undetected
__tpi_not_test_en->__tpi_cp_39___aig_not_35457 /1 undetected
__tpi_not_test_en->__tpi_cp_14___aig_not_33955 /1 undetected
test_en->__tpi_cp_210_new_n14669 /0 undetected
__tpi_not_test_en->__tpi_cp_115___buf_split_19773 /1 undetected
test_en->__tpi_cp_143___aig_and_33915 /0 undetected
__tpi_not_test_en->__tpi_cp_276___aig_not_33911 /1 undetected
__tpi_not_test_en->__tpi_cp_79___aig_not_33886 /1 undetected
test_en->__tpi_cp_91___aig_and_33882 /0 undetected
test_en->__tpi_cp_102_new_n14629 /0 undetected
__tpi_not_test_en->__tpi_cp_85___aig_not_33909 /1 undetected
__tpi_not_test_en->__tpi_cp_18___aig_not_32520 /1 undetected
__tpi_not_test_en->__tpi_cp_10_new_n14647 /1 undetected
__tpi_not_test_en->__tpi_cp_216___buf_split_19756 /1 undetected
__tpi_not_test_en->__tpi_cp_181___aig_not_33898 /1 undetected
__tpi_not_test_en->__tpi_cp_69___aig_not_33943 /1 undetected
__tpi_not_test_en->__tpi_cp_179___aig_not_32524 /1 undetected
__tpi_not_test_en->__tpi_cp_180___aig_not_32491 /1 undetected
__tpi_not_test_en->__tpi_cp_313___aig_not_32488 /1 undetected
test_en->__tpi_cp_51___aig_not_32487 /0 undetected
__tpi_not_test_en->__tpi_cp_165_new_n14041 /1 undetected
__tpi_not_test_en->__tpi_cp_194___aig_and_33940 /1 undetected
__aig_not_33938 /1 undetected
new_n14069->__tpi_cp_112_new_n14069 /0 undetected
test_en->__tpi_cp_112_new_n14069 /0 undetected
__tpi_not_test_en->__tpi_cp_4___aig_and_32481 /1 undetected
test_en->__tpi_cp_153___aig_not_32480 /0 undetected
__tpi_not_test_en->__tpi_cp_266___aig_and_32478 /1 undetected
__tpi_not_test_en->__tpi_cp_19___aig_not_32477 /1 undetected
test_en->__tpi_cp_268_new_n14039 /0 undetected
test_en->__tpi_cp_121___aig_and_32475 /0 undetected
__tpi_not_test_en->__tpi_cp_201___aig_not_32479 /1 undetected
__tpi_not_test_en->__tpi_cp_178_new_n14052 /1 undetected
test_en->__tpi_cp_103___aig_and_32531 /0 undetected
__tpi_not_test_en->__tpi_cp_98___aig_not_32532 /1 undetected
__tpi_not_test_en->__tpi_cp_328_new_n14061 /1 undetected
test_en->__tpi_cp_114___aig_and_32527 /0 undetected
__tpi_not_test_en->__tpi_cp_124___aig_not_32526 /1 undetected
__tpi_not_test_en->__tpi_cp_6___aig_and_32504 /1 undetected
__tpi_not_test_en->__tpi_cp_166___aig_not_32503 /1 undetected
__tpi_not_test_en->__tpi_cp_200___aig_not_32502 /1 undetected
test_en->__tpi_cp_173___aig_and_32496 /0 undetected
__tpi_not_test_en->__tpi_cp_27___aig_not_32495 /1 undetected
__tpi_not_test_en->__tpi_cp_1___buf_split_18945 /1 undetected
__tpi_not_test_en->__tpi_cp_105___aig_not_31220 /1 undetected
test_en->__tpi_cp_191___aig_and_31217 /0 undetected
__buf_split_18209->__aig_and_31217 /1 undetected
test_en->__tpi_cp_202___aig_and_31216 /0 undetected
__aig_not_31215->__aig_and_31216 /1 undetected
__buf_split_18207 /1 undetected
test_en->__tpi_cp_104___aig_and_31214 /0 undetected
__tpi_not_test_en->__tpi_cp_123___buf_split_18205 /1 undetected
__aig_not_31212 /1 undetected
test_en->__tpi_cp_119___aig_and_32538 /0 undetected
__tpi_not_test_en->__tpi_cp_16___aig_not_32539 /1 undetected
test_en->__tpi_cp_223_new_n13492 /0 undetected
__tpi_not_test_en->__tpi_cp_106___aig_not_32541 /1 undetected
__tpi_not_test_en->__tpi_cp_193___aig_not_31182 /1 undetected
test_en->__tpi_cp_255_new_n13485 /0 undetected
test_en->__tpi_cp_23___aig_and_31180 /0 undetected
__tpi_not_test_en->__tpi_cp_15___aig_not_31181 /1 undetected
__tpi_not_test_en->__tpi_cp_213___buf_split_18186 /1 undetected
__tpi_not_test_en->__tpi_cp_182_new_n14053 /1 undetected
test_en->__tpi_cp_122___aig_and_32510 /0 undetected
test_en->__tpi_cp_101___aig_and_33891 /0 undetected
test_en->__tpi_cp_170___aig_and_33889 /0 undetected
__tpi_not_test_en->__tpi_cp_289___buf_split_19750 /1 undetected
__tpi_not_test_en->__tpi_cp_8___aig_not_33888 /1 undetected
__tpi_not_test_en->__tpi_cp_108___aig_not_31184 /1 undetected
__tpi_not_test_en->__tpi_cp_186___aig_not_31186 /1 undetected
__tpi_not_test_en->__tpi_cp_187___aig_and_33858 /1 undetected
__tpi_not_test_en->__tpi_cp_25___aig_not_31153 /1 undetected
__tpi_not_test_en->__tpi_cp_160___aig_not_31152 /1 undetected
__tpi_not_test_en->__tpi_cp_21___aig_not_32498 /1 undetected
__tpi_not_test_en->__tpi_cp_218_new_n14034 /1 undetected
__tpi_not_test_en->__tpi_cp_301___aig_not_32483 /1 undetected
__tpi_not_test_en->__tpi_cp_221___aig_not_32482 /1 undetected
__tpi_not_test_en->__tpi_cp_140___aig_not_32485 /1 undetected
__tpi_not_test_en->__tpi_cp_316___buf_split_18937 /1 undetected
test_en->__tpi_cp_168___aig_and_32464 /0 undetected
__tpi_not_test_en->__tpi_cp_33___aig_not_32463 /1 undetected
__tpi_not_test_en->__tpi_cp_209___aig_not_32462 /1 undetected
test_en->__tpi_cp_183_new_n14618 /0 undetected
__tpi_not_test_en->__tpi_cp_133___aig_not_33831 /1 undetected
__tpi_not_test_en->__tpi_cp_196___buf_split_19715 /1 undetected
__tpi_not_test_en->__tpi_cp_139___aig_not_31127 /1 undetected
__tpi_not_test_en->__tpi_cp_195___buf_split_18153 /1 undetected
test_en->__tpi_cp_17___aig_and_31195 /0 undetected
test_en->__tpi_cp_271___aig_and_31193 /0 undetected
__tpi_not_test_en->__tpi_cp_269___buf_split_18194 /1 undetected
__tpi_not_test_en->__tpi_cp_3___aig_and_28 /1 undetected
__tpi_not_test_en->__tpi_cp_184___aig_and_27 /1 undetected
__tpi_not_test_en->__tpi_cp_197___aig_not_26 /1 undetected
test_en->__tpi_cp_50___aig_and_23 /0 undetected
__buf_split_18->__aig_and_23 /1 undetected
__buf_split_19->__aig_and_23 /1 undetected
__tpi_not_test_en->__tpi_cp_199___aig_not_25 /1 undetected
test_en->__tpi_cp_125___aig_and_22 /0 undetected
__aig_not_21->__aig_and_22 /1 undetected
__tpi_not_test_en->__tpi_cp_190___aig_not_24 /1 undetected
test_en->__tpi_cp_120___aig_and_20 /0 undetected
__aig_not_19->__aig_and_20 /1 undetected
test_en->__tpi_cp_203___aig_and_31151 /0 undetected
__tpi_not_test_en->__tpi_cp_44___aig_not_31149 /1 undetected
__tpi_not_test_en->__tpi_cp_300_new_n14032 /1 undetected
test_en->__tpi_cp_162___aig_and_32461 /0 undetected
__tpi_not_test_en->__tpi_cp_46___aig_not_32460 /1 undetected
test_en->__tpi_cp_176___aig_not_31168 /0 undetected
__tpi_not_test_en->__tpi_cp_192_new_n14628 /1 undetected
__tpi_not_test_en->__tpi_cp_7___aig_and_33855 /1 undetected
__tpi_not_test_en->__tpi_cp_220___aig_not_33854 /1 undetected
__tpi_not_test_en->__tpi_cp_222___aig_not_33853 /1 undetected
test_en->__tpi_cp_131_new_n14022 /0 undetected
__tpi_not_test_en->__tpi_cp_217___buf_split_19777 /1 undetected
__tpi_not_test_en->__tpi_cp_275_new_n14658 /1 undetected
test_en->__tpi_cp_171___aig_not_33931 /0 undetected
__tpi_not_test_en->__tpi_cp_74___buf_split_19776 /1 undetected
__tpi_not_test_en->__tpi_cp_188___aig_not_33872 /1 undetected
__tpi_not_test_en->__tpi_cp_286_new_n14635 /1 undetected
__tpi_not_test_en->__tpi_cp_285_new_n14632 /1 undetected
__tpi_not_test_en->__tpi_cp_24___aig_and_32438 /1 undetected
__tpi_not_test_en->__tpi_cp_267___aig_not_32437 /1 undetected
test_en->__tpi_cp_157___aig_and_32436 /0 undetected
__tpi_not_test_en->__tpi_cp_254___buf_split_18910 /1 undetected
__tpi_not_test_en->__tpi_cp_294_asqrt_61_ /1 undetected
__tpi_not_test_en->__tpi_cp_2___aig_not_8 /1 undetected
__tpi_not_test_en->__tpi_cp_198___aig_and_5 /1 undetected
__buf_split_5->__aig_and_5 /1 undetected
__buf_split_6->__aig_and_5 /1 undetected
__tpi_not_test_en->__tpi_cp_161___aig_not_7 /1 undetected
test_en->__tpi_cp_118___aig_and_4 /0 undetected
__aig_not_3->__aig_and_4 /1 undetected
__tpi_not_test_en->__tpi_cp_73___buf_split_4 /1 undetected
__tpi_not_test_en->__tpi_cp_5___aig_and_2 /1 undetected
__tpi_not_test_en->__tpi_cp_204___aig_not_1 /1 undetected
__tpi_cp_204___aig_not_1 /1 undetected
__aig_not_1 /1 undetected
test_en->__tpi_cp_141___buf_split_2 /0 undetected
test_en->__tpi_cp_163___aig_and_31143 /0 undetected
__tpi_not_test_en->__tpi_cp_298___aig_not_33929 /1 undetected
__tpi_not_test_en->__tpi_cp_149___aig_not_33928 /1 undetected
__tpi_not_test_en->__tpi_cp_150___aig_not_31114 /1 undetected
test_en->__tpi_cp_144___aig_and_33876 /0 undetected
test_en->__tpi_cp_261_asqrt_16_ /0 undetected
