[train-r21/horizon_r10_pairwise] [train] excluded_eval_benchmarks=b15_C,b17_C,b20_C,b21_C,b22_C,epfl__arithmetic__max__max,epfl__random_control__i2c__i2c,i2c,iscas99__b15_1,iscas99__b17,iscas99__b20,iscas99__b21,iscas99__b22,max,mem_ctrl,openabcd__mem_ctrl_orig,subckt_0001 removed_rows=0 remaining_rows=768
[train-r21/horizon_r10_pairwise] [train] disabling pattern loss
[train-r21/horizon_r10_pairwise] [train] oracle skipped forbidden rows path=autoresearch/oracle-balanced-negative-rich-260629-wide/balanced_train_oracle_actions.tsv rows=198 benchmarks=subckt_0360:108,subckt_0230:54,subckt_0001:36
[train-r21/horizon_r10_pairwise] [train] oracle skipped forbidden rows path=autoresearch/loop-260720-0945/model_training_round20/late_prefix_oracle/oracle_actions.tsv rows=150 benchmarks=subckt_0230:75,subckt_0360:75
[train-r21/horizon_r10_pairwise] [train] oracle skipped forbidden rows path=autoresearch/loop-260720-0945/model_training_round21/ultralong_prefix_oracle/oracle_actions.tsv rows=150 benchmarks=subckt_0230:75,subckt_0360:75
[train-r21/horizon_r10_pairwise] [train] q_oracle enabled groups=820 score_field=typed_return_pred aux_score_field=typed_marginal_pred lambda_q_value=0.0 lambda_q_rank=0.25 lambda_same_type_rank=1.0 lambda_aux_rank=0.0 lambda_aux_same_type_rank=0.0 lambda_candidate=0.0 lambda_ndcg_rank=0.0 lambda_same_type_ndcg_rank=0.0 lambda_conservative_q=0.0 lambda_context_rank=0.0 lambda_oracle_sa_value=0.0 group_sampling=best_type_balanced pairwise_mode=all forbidden_benchmarks=22
[train-r21/horizon_r10_pairwise] [train] rows=768 train_rows=608 val_rows=160 train_samples=19 val_samples=5 rollout_training=True feature_dim=38 relation_dim=12 cache_samples=False sample_cache_max_entries=unlimited
[train-r21/horizon_r10_pairwise] [train] initialized checkpoint=autoresearch/loop-260720-0945/model_training_round10/runs/return_within_lr5e4/epoch_008.pt strict=False
[train-r21/horizon_r10_pairwise] [train] trainable_modules=typed_return_horizon_only trainable_parameters=7131/292096
[train-r21/horizon_r10_pairwise] [train] oracle prefix-latent cache enabled
[train-r21/horizon_r10_pairwise] [train-progress] epoch=1 [#-----------------------] 1/19   5.3% loss=0.00000 jepa=0.50009 hard=0.09667 hard_red=0.01975 typed_m=0.43792 typed_ret=0.80271 typed_sa=0.00000 oracle=0.30038 rank=0.41426 same=0.49718 aux_rank=0.00000 aux_same=0.00000 value=0.00000 cand=0.00000 ndcg=0.00000 same_ndcg=0.00000 cql=0.00000 ctx=0.00000 pairs=502.0
[train-r21/horizon_r10_pairwise] [train-progress] epoch=1 [########################] 19/19 100.0% loss=0.00000 jepa=0.32779 hard=0.09729 hard_red=0.01109 typed_m=0.84650 typed_ret=1.25000 typed_sa=0.00000 oracle=0.33576 rank=0.47985 same=0.55157 aux_rank=0.00000 aux_same=0.00000 value=0.00000 cand=0.00000 ndcg=0.00000 same_ndcg=0.00000 cql=0.00000 ctx=0.00000 pairs=499.4
[train-r21/horizon_r10_pairwise] [train] epoch=1 horizon=1 train_loss=0.000000 val_loss=0.000000 train_steps=19
[train-r21/horizon_r10_pairwise] [train-progress] epoch=2 [#-----------------------] 1/19   5.3% loss=0.00000 jepa=0.51775 hard=0.14255 hard_red=0.01515 typed_m=1.09240 typed_ret=4.74416 typed_sa=0.00000 oracle=0.72085 rank=0.47678 same=0.60165 aux_rank=0.00000 aux_same=0.00000 value=0.00000 cand=0.00000 ndcg=0.00000 same_ndcg=0.00000 cql=0.00000 ctx=0.00000 pairs=613.0
[train-r21/horizon_r10_pairwise] [train-progress] epoch=2 [########################] 19/19 100.0% loss=0.00000 jepa=0.37319 hard=0.10020 hard_red=0.02741 typed_m=0.95371 typed_ret=2.13636 typed_sa=0.00000 oracle=0.69412 rank=0.49770 same=0.56969 aux_rank=0.00000 aux_same=0.00000 value=0.00000 cand=0.00000 ndcg=0.00000 same_ndcg=0.00000 cql=0.00000 ctx=0.00000 pairs=496.4
[train-r21/horizon_r10_pairwise] [train] epoch=2 horizon=2 train_loss=0.000000 val_loss=0.000000 train_steps=19
[train-r21/horizon_r10_pairwise] [train-progress] epoch=3 [#-----------------------] 1/19   5.3% loss=0.00000 jepa=0.64103 hard=0.08574 hard_red=0.00589 typed_m=0.78732 typed_ret=6.49665 typed_sa=0.00000 oracle=0.67611 rank=0.41231 same=0.57303 aux_rank=0.00000 aux_same=0.00000 value=0.00000 cand=0.00000 ndcg=0.00000 same_ndcg=0.00000 cql=0.00000 ctx=0.00000 pairs=349.0
[train-r21/horizon_r10_pairwise] [train-progress] epoch=3 [########################] 19/19 100.0% loss=0.00000 jepa=0.44447 hard=0.10243 hard_red=0.03744 typed_m=1.09550 typed_ret=5.28501 typed_sa=0.00000 oracle=0.62683 rank=0.45188 same=0.51386 aux_rank=0.00000 aux_same=0.00000 value=0.00000 cand=0.00000 ndcg=0.00000 same_ndcg=0.00000 cql=0.00000 ctx=0.00000 pairs=530.3
[train-r21/horizon_r10_pairwise] [train] epoch=3 horizon=4 train_loss=0.000000 val_loss=0.000000 train_steps=19
[train-r21/horizon_r10_pairwise] [train-progress] epoch=4 [#-----------------------] 1/19   5.3% loss=0.00000 jepa=0.69096 hard=0.09886 hard_red=0.00326 typed_m=0.14637 typed_ret=6.69872 typed_sa=0.00000 oracle=0.89639 rank=0.57554 same=0.75250 aux_rank=0.00000 aux_same=0.00000 value=0.00000 cand=0.00000 ndcg=0.00000 same_ndcg=0.00000 cql=0.00000 ctx=0.00000 pairs=443.0
[train-r21/horizon_r10_pairwise] [train-progress] epoch=4 [########################] 19/19 100.0% loss=0.00000 jepa=0.52441 hard=0.10565 hard_red=0.04132 typed_m=1.21772 typed_ret=10.68329 typed_sa=0.00000 oracle=0.70393 rank=0.50712 same=0.57715 aux_rank=0.00000 aux_same=0.00000 value=0.00000 cand=0.00000 ndcg=0.00000 same_ndcg=0.00000 cql=0.00000 ctx=0.00000 pairs=457.8
[train-r21/horizon_r10_pairwise] [train] epoch=4 horizon=8 train_loss=0.000000 val_loss=0.000000 train_steps=19
[train-r21/horizon_r10_pairwise] [train-progress] epoch=5 [#-----------------------] 1/19   5.3% loss=0.00000 jepa=0.67550 hard=0.07732 hard_red=0.00657 typed_m=1.37913 typed_ret=25.09576 typed_sa=0.00000 oracle=0.70023 rank=0.53568 same=0.56631 aux_rank=0.00000 aux_same=0.00000 value=0.00000 cand=0.00000 ndcg=0.00000 same_ndcg=0.00000 cql=0.00000 ctx=0.00000 pairs=447.0
[train-r21/horizon_r10_pairwise] [train-progress] epoch=5 [########################] 19/19 100.0% loss=0.00000 jepa=0.60144 hard=0.11033 hard_red=0.03601 typed_m=1.40345 typed_ret=17.76507 typed_sa=0.00000 oracle=0.71178 rank=0.51524 same=0.58297 aux_rank=0.00000 aux_same=0.00000 value=0.00000 cand=0.00000 ndcg=0.00000 same_ndcg=0.00000 cql=0.00000 ctx=0.00000 pairs=494.7
[train-r21/horizon_r10_pairwise] [train] epoch=5 horizon=16 train_loss=0.000000 val_loss=0.000000 train_steps=19
[train-r21/horizon_r10_pairwise] [train-progress] epoch=6 [#-----------------------] 1/19   5.3% loss=0.00000 jepa=0.70114 hard=0.07780 hard_red=0.00393 typed_m=1.04963 typed_ret=28.89197 typed_sa=0.00000 oracle=0.51855 rank=0.37603 same=0.42454 aux_rank=0.00000 aux_same=0.00000 value=0.00000 cand=0.00000 ndcg=0.00000 same_ndcg=0.00000 cql=0.00000 ctx=0.00000 pairs=444.0
[train-r21/horizon_r10_pairwise] [train-progress] epoch=6 [########################] 19/19 100.0% loss=0.00000 jepa=0.66568 hard=0.12316 hard_red=0.02452 typed_m=1.88457 typed_ret=32.14689 typed_sa=0.00000 oracle=0.67926 rank=0.48897 same=0.55701 aux_rank=0.00000 aux_same=0.00000 value=0.00000 cand=0.00000 ndcg=0.00000 same_ndcg=0.00000 cql=0.00000 ctx=0.00000 pairs=498.3
[train-r21/horizon_r10_pairwise] [train] epoch=6 horizon=32 train_loss=0.000000 val_loss=0.000000 train_steps=19
[train-r21/horizon_r10_pairwise] [train-progress] epoch=7 [#-----------------------] 1/19   5.3% loss=0.00000 jepa=0.77133 hard=0.11164 hard_red=0.00233 typed_m=0.31455 typed_ret=5.16401 typed_sa=0.00000 oracle=0.73223 rank=0.63559 same=0.57334 aux_rank=0.00000 aux_same=0.00000 value=0.00000 cand=0.00000 ndcg=0.00000 same_ndcg=0.00000 cql=0.00000 ctx=0.00000 pairs=539.0
[train-r21/horizon_r10_pairwise] [train-progress] epoch=7 [########################] 19/19 100.0% loss=0.00000 jepa=0.66568 hard=0.12316 hard_red=0.02452 typed_m=1.88457 typed_ret=32.14732 typed_sa=0.00000 oracle=0.72344 rank=0.51869 same=0.59377 aux_rank=0.00000 aux_same=0.00000 value=0.00000 cand=0.00000 ndcg=0.00000 same_ndcg=0.00000 cql=0.00000 ctx=0.00000 pairs=474.2
[train-r21/horizon_r10_pairwise] [train] epoch=7 horizon=32 train_loss=0.000000 val_loss=0.000000 train_steps=19
[train-r21/horizon_r10_pairwise] [train-progress] epoch=8 [#-----------------------] 1/19   5.3% loss=0.00000 jepa=0.55844 hard=0.10184 hard_red=0.04867 typed_m=2.58859 typed_ret=41.23465 typed_sa=0.00000 oracle=0.76257 rank=0.62340 same=0.60672 aux_rank=0.00000 aux_same=0.00000 value=0.00000 cand=0.00000 ndcg=0.00000 same_ndcg=0.00000 cql=0.00000 ctx=0.00000 pairs=483.0
[train-r21/horizon_r10_pairwise] [train-progress] epoch=8 [########################] 19/19 100.0% loss=0.00000 jepa=0.66568 hard=0.12316 hard_red=0.02452 typed_m=1.88457 typed_ret=32.14834 typed_sa=0.00000 oracle=0.68452 rank=0.50114 same=0.55924 aux_rank=0.00000 aux_same=0.00000 value=0.00000 cand=0.00000 ndcg=0.00000 same_ndcg=0.00000 cql=0.00000 ctx=0.00000 pairs=483.0
[train-r21/horizon_r10_pairwise] [train] epoch=8 horizon=32 train_loss=0.000000 val_loss=0.000000 train_steps=19
[train-r21/horizon_r10_pairwise] [train-progress] epoch=9 [#-----------------------] 1/19   5.3% loss=0.00000 jepa=0.84628 hard=0.13523 hard_red=0.05849 typed_m=5.61999 typed_ret=58.29314 typed_sa=0.00000 oracle=0.77692 rank=0.53025 same=0.64436 aux_rank=0.00000 aux_same=0.00000 value=0.00000 cand=0.00000 ndcg=0.00000 same_ndcg=0.00000 cql=0.00000 ctx=0.00000 pairs=584.0
[train-r21/horizon_r10_pairwise] [train-progress] epoch=9 [########################] 19/19 100.0% loss=0.00000 jepa=0.66568 hard=0.12316 hard_red=0.02452 typed_m=1.88457 typed_ret=32.14937 typed_sa=0.00000 oracle=0.65911 rank=0.48031 same=0.53903 aux_rank=0.00000 aux_same=0.00000 value=0.00000 cand=0.00000 ndcg=0.00000 same_ndcg=0.00000 cql=0.00000 ctx=0.00000 pairs=500.9
[train-r21/horizon_r10_pairwise] [train] epoch=9 horizon=32 train_loss=0.000000 val_loss=0.000000 train_steps=19
[train-r21/horizon_r10_pairwise] [train-progress] epoch=10 [#-----------------------] 1/19   5.3% loss=0.00000 jepa=1.01644 hard=0.15453 hard_red=0.00661 typed_m=7.01185 typed_ret=125.18119 typed_sa=0.00000 oracle=0.53834 rank=0.34031 same=0.45326 aux_rank=0.00000 aux_same=0.00000 value=0.00000 cand=0.00000 ndcg=0.00000 same_ndcg=0.00000 cql=0.00000 ctx=0.00000 pairs=541.0
[train-r21/horizon_r10_pairwise] [train-progress] epoch=10 [########################] 19/19 100.0% loss=0.00000 jepa=0.66568 hard=0.12316 hard_red=0.02452 typed_m=1.88457 typed_ret=32.14979 typed_sa=0.00000 oracle=0.67324 rank=0.49626 same=0.54918 aux_rank=0.00000 aux_same=0.00000 value=0.00000 cand=0.00000 ndcg=0.00000 same_ndcg=0.00000 cql=0.00000 ctx=0.00000 pairs=500.1
[train-r21/horizon_r10_pairwise] [train] epoch=10 horizon=32 train_loss=0.000000 val_loss=0.000000 train_steps=19
