[plan] torch_deterministic=true
[plan] candidate_allowlist=autoresearch/original-netlist-recovery-260712/exact_itc99/b15_C/exact_candidate_nodes.txt nodes=7918
[plan] latent_norm_clip_ratio=4 latent_norm_limit=30.875631
[plan] step=1 node=N672 type=control1 q_typed_residual_context=5.311760 sequence=5.311760
[plan] step=2 node=N2155 type=observe q_typed_residual_context=4.646466 sequence=9.958226
[plan] step=3 node=N502 type=control1 q_typed_residual_context=2.097607 sequence=12.055833
[plan] step=4 node=N762 type=control1 q_typed_residual_context=1.711317 sequence=13.767150
[plan] step=5 node=N3644 type=control0 q_typed_residual_context=1.202169 sequence=14.969319
[plan] step=6 node=N3756 type=control0 q_typed_residual_context=1.058539 sequence=16.027857
[plan] step=7 node=N557 type=control1 q_typed_residual_context=0.970366 sequence=16.998224
[plan] step=8 node=N5143 type=observe q_typed_residual_context=1.168773 sequence=18.166997
[plan] step=9 node=N507 type=control1 q_typed_residual_context=0.964057 sequence=19.131053
[plan] step=10 node=N3742 type=control0 q_typed_residual_context=1.084011 sequence=20.215064
[plan] step=11 node=N564 type=control1 q_typed_residual_context=2.424318 sequence=22.639382
[plan] step=12 node=N5203 type=control1 q_typed_residual_context=1.161676 sequence=23.801057
[plan] step=13 node=N5866 type=observe q_typed_residual_context=3.157698 sequence=26.958755
[plan] step=14 node=N580 type=control1 q_typed_residual_context=3.189626 sequence=30.148381
[plan] step=15 node=N1372 type=observe q_typed_residual_context=2.929782 sequence=33.078163
[plan] step=16 node=N2082 type=observe q_typed_residual_context=3.475888 sequence=36.554051
[plan] step=17 node=N1853 type=observe q_typed_residual_context=6.039735 sequence=42.593786
[plan] step=18 node=N1532 type=observe q_typed_residual_context=6.793843 sequence=49.387629
[plan] step=19 node=N2153 type=observe q_typed_residual_context=6.478755 sequence=55.866384
[plan] step=20 node=N2101 type=observe q_typed_residual_context=5.867298 sequence=61.733682
[plan] step=21 node=N1860 type=observe q_typed_residual_context=6.081311 sequence=67.814993
[plan] step=22 node=N496 type=control1 q_typed_residual_context=3.878959 sequence=71.693952
[plan] step=23 node=N5723 type=control0 q_typed_residual_context=1.336886 sequence=73.030838
[plan] step=24 node=N7516 type=observe q_typed_residual_context=4.192274 sequence=77.223111
[plan] step=25 node=N582 type=control1 q_typed_residual_context=4.002187 sequence=81.225299
[plan] step=26 node=N766 type=control1 q_typed_residual_context=5.265426 sequence=86.490724
[plan] step=27 node=N5234 type=observe q_typed_residual_context=4.123373 sequence=90.614097
[plan] step=28 node=N737 type=control1 q_typed_residual_context=4.778868 sequence=95.392966
[plan] step=29 node=N1437 type=control1 q_typed_residual_context=3.463602 sequence=98.856568
[plan] step=30 node=N4635 type=control0 q_typed_residual_context=6.704547 sequence=105.561115
[plan] step=31 node=N7411 type=control1 q_typed_residual_context=3.671472 sequence=109.232587
[plan] step=32 node=N2042 type=observe q_typed_residual_context=3.988474 sequence=113.221061
[plan] step=33 node=N583 type=control1 q_typed_residual_context=7.229164 sequence=120.450225
[plan] step=34 node=N7511 type=control1 q_typed_residual_context=3.070548 sequence=123.520773
[plan] step=35 node=N2044 type=observe q_typed_residual_context=3.515066 sequence=127.035838
[plan] step=36 node=N7413 type=control1 q_typed_residual_context=3.167553 sequence=130.203392
[plan] step=37 node=N2040 type=observe q_typed_residual_context=3.052636 sequence=133.256028
[plan] step=38 node=N4649 type=control0 q_typed_residual_context=6.117493 sequence=139.373521
[plan] step=39 node=N3903 type=control0 q_typed_residual_context=0.844690 sequence=140.218211
[plan] step=40 node=N4656 type=control0 q_typed_residual_context=6.279406 sequence=146.497617
[plan] step=41 node=N3896 type=control0 q_typed_residual_context=0.863045 sequence=147.360663
[plan] step=42 node=N4663 type=control0 q_typed_residual_context=4.019553 sequence=151.380216
[plan] step=43 node=N3889 type=control0 q_typed_residual_context=0.958035 sequence=152.338251
[plan] step=44 node=N3701 type=control0 q_typed_residual_context=0.959363 sequence=153.297614
[plan] step=45 node=N713 type=observe q_typed_residual_context=2.254692 sequence=155.552306
[plan] step=46 node=N4670 type=control0 q_typed_residual_context=2.963595 sequence=158.515901
[plan] step=47 node=N2102 type=observe q_typed_residual_context=1.496721 sequence=160.012622
[plan] step=48 node=N704 type=observe q_typed_residual_context=1.901391 sequence=161.914014
[plan] step=49 node=N3722 type=control0 q_typed_residual_context=0.928839 sequence=162.842853
[plan] step=50 node=N4677 type=control0 q_typed_residual_context=2.765196 sequence=165.608048
[plan] step=51 node=N4684 type=control0 q_typed_residual_context=2.163364 sequence=167.771413
[plan] step=52 node=N3882 type=control0 q_typed_residual_context=1.022796 sequence=168.794209
[plan] step=53 node=N3805 type=control0 q_typed_residual_context=1.020980 sequence=169.815189
[plan] step=54 node=N4691 type=control0 q_typed_residual_context=1.819224 sequence=171.634413
[plan] step=55 node=N4698 type=control0 q_typed_residual_context=1.626378 sequence=173.260791
[plan] step=56 node=N3911 type=control0 q_typed_residual_context=1.418105 sequence=174.678896
[plan] step=57 node=N4705 type=control0 q_typed_residual_context=1.819017 sequence=176.497913
[plan] step=58 node=N724 type=observe q_typed_residual_context=2.004198 sequence=178.502111
[plan] step=59 node=N4712 type=control0 q_typed_residual_context=1.584402 sequence=180.086513
[plan] step=60 node=N3862 type=control0 q_typed_residual_context=1.095824 sequence=181.182338
[plan] step=61 node=N4716 type=control0 q_typed_residual_context=1.315185 sequence=182.497523
[plan] step=62 node=N3855 type=control0 q_typed_residual_context=1.511796 sequence=184.009319
[plan] step=63 node=N3848 type=control0 q_typed_residual_context=1.707711 sequence=185.717031
[plan] step=64 node=N3827 type=control0 q_typed_residual_context=1.818478 sequence=187.535508
[plan] step=65 node=N3820 type=control0 q_typed_residual_context=2.199073 sequence=189.734581
[plan] step=66 node=N3813 type=control0 q_typed_residual_context=2.117736 sequence=191.852317
[plan] step=67 node=N3799 type=control0 q_typed_residual_context=2.060666 sequence=193.912983
[plan] step=68 node=N3792 type=control0 q_typed_residual_context=1.792974 sequence=195.705956
[plan] step=69 node=N3785 type=control0 q_typed_residual_context=1.635366 sequence=197.341323
[plan] step=70 node=N7471 type=control0 q_typed_residual_context=1.653266 sequence=198.994589
[plan] step=71 node=N578 type=observe q_typed_residual_context=1.398761 sequence=200.393349
[plan] step=72 node=N7891 type=control1 q_typed_residual_context=1.861094 sequence=202.254444
[plan] step=73 node=N2083 type=observe q_typed_residual_context=2.340669 sequence=204.595113
[plan] step=74 node=N4585 type=control0 q_typed_residual_context=2.326168 sequence=206.921281
[plan] step=75 node=N1539 type=control0 q_typed_residual_context=2.083148 sequence=209.004429
[plan] step=76 node=N7724 type=control0 q_typed_residual_context=1.912932 sequence=210.917361
[plan] step=77 node=N4578 type=control0 q_typed_residual_context=1.730886 sequence=212.648246
[plan] step=78 node=N7854 type=control0 q_typed_residual_context=3.549187 sequence=216.197434
[plan] step=79 node=N3897 type=control0 q_typed_residual_context=2.833283 sequence=219.030717
[plan] step=80 node=N3904 type=control0 q_typed_residual_context=2.689279 sequence=221.719996
[plan] step=81 node=N4564 type=control0 q_typed_residual_context=2.875491 sequence=224.595487
[plan] step=82 node=N3841 type=control0 q_typed_residual_context=2.610817 sequence=227.206304
[plan] step=83 node=N7721 type=control0 q_typed_residual_context=3.301824 sequence=230.508128
[plan] step=84 node=N3681 type=control0 q_typed_residual_context=3.004865 sequence=233.512994
[plan] step=85 node=N4606 type=control0 q_typed_residual_context=2.772137 sequence=236.285130
[plan] step=86 node=N7723 type=control0 q_typed_residual_context=2.879737 sequence=239.164867
[plan] step=87 node=N519 type=control1 q_typed_residual_context=3.014353 sequence=242.179220
[plan] step=88 node=N7725 type=control0 q_typed_residual_context=3.009946 sequence=245.189167
[plan] step=89 node=N7587 type=control1 q_typed_residual_context=3.393759 sequence=248.582926
[plan] step=90 node=N513 type=control1 q_typed_residual_context=5.480314 sequence=254.063240
[plan] step=91 node=N504 type=control1 q_typed_residual_context=3.149521 sequence=257.212761
[plan] step=92 node=N7722 type=control0 q_typed_residual_context=2.744329 sequence=259.957090
[plan] step=93 node=N520 type=control1 q_typed_residual_context=3.693717 sequence=263.650807
[plan] step=94 node=N516 type=control1 q_typed_residual_context=3.592733 sequence=267.243540
[plan] step=95 node=N7370 type=control1 q_typed_residual_context=2.737180 sequence=269.980720
[plan] step=96 node=N7588 type=control1 q_typed_residual_context=2.747003 sequence=272.727723
[plan] step=97 node=N1533 type=control1 q_typed_residual_context=3.809938 sequence=276.537661
[plan] step=98 node=N4557 type=control0 q_typed_residual_context=1.682659 sequence=278.220321
[plan] step=99 node=N4520 type=control0 q_typed_residual_context=1.192442 sequence=279.412763
[plan] step=100 node=N7881 type=control1 q_typed_residual_context=0.738498 sequence=280.151261
[plan] step=101 node=N7882 type=control1 q_typed_residual_context=0.830513 sequence=280.981774
[plan] step=102 node=N7846 type=control0 q_typed_residual_context=2.397464 sequence=283.379238
[plan] step=103 node=N555 type=control1 q_typed_residual_context=1.150211 sequence=284.529448
[plan] step=104 node=N556 type=control1 q_typed_residual_context=1.243736 sequence=285.773184
[plan] step=105 node=N7408 type=control0 q_typed_residual_context=1.446161 sequence=287.219345
[plan] step=106 node=N7541 type=control0 q_typed_residual_context=1.559348 sequence=288.778693
[plan] step=107 node=N7847 type=control0 q_typed_residual_context=2.453234 sequence=291.231927
[plan] step=108 node=N5876 type=observe q_typed_residual_context=1.762129 sequence=292.994056
[plan] step=109 node=N7852 type=control0 q_typed_residual_context=3.863285 sequence=296.857341
[plan] step=110 node=N7853 type=control0 q_typed_residual_context=2.630779 sequence=299.488120
[plan] step=111 node=N8003 type=control0 q_typed_residual_context=1.786880 sequence=301.275001
[plan] step=112 node=N2580 type=control1 q_typed_residual_context=2.279304 sequence=303.554304
[plan] step=113 node=N1411 type=control0 q_typed_residual_context=2.571472 sequence=306.125777
[plan] step=114 node=N8005 type=control0 q_typed_residual_context=3.108087 sequence=309.233864
[plan] step=115 node=N5603 type=observe q_typed_residual_context=2.291358 sequence=311.525222
[plan] step=116 node=N694 type=observe q_typed_residual_context=5.530520 sequence=317.055742
[plan] step=117 node=N7401 type=observe q_typed_residual_context=3.163399 sequence=320.219141
[plan] step=118 node=N7734 type=control0 q_typed_residual_context=1.922995 sequence=322.142136
[plan] step=119 node=N7735 type=control0 q_typed_residual_context=1.947074 sequence=324.089210
[plan] step=120 node=N634 type=control1 q_typed_residual_context=2.391213 sequence=326.480422
[plan] step=121 node=N614 type=control1 q_typed_residual_context=2.721514 sequence=329.201936
[plan] step=122 node=N3180 type=control1 q_typed_residual_context=2.085254 sequence=331.287190
[plan] step=123 node=N7871 type=control1 q_typed_residual_context=2.761779 sequence=334.048969
[plan] step=124 node=N7733 type=control0 q_typed_residual_context=1.814575 sequence=335.863544
[plan] step=125 node=N610 type=control1 q_typed_residual_context=1.655689 sequence=337.519233
[plan] step=126 node=N7627 type=observe q_typed_residual_context=1.685416 sequence=339.204650
[plan] step=127 node=N620 type=control1 q_typed_residual_context=2.182366 sequence=341.387015
[plan] step=128 node=N5356 type=observe q_typed_residual_context=1.717825 sequence=343.104840
[plan] step=129 node=N7679 type=observe q_typed_residual_context=2.101825 sequence=345.206665
[plan] step=130 node=N2157 type=observe q_typed_residual_context=4.297424 sequence=349.504089
[plan] step=131 node=N7732 type=control0 q_typed_residual_context=1.547126 sequence=351.051215
[plan] step=132 node=N638 type=control1 q_typed_residual_context=2.517762 sequence=353.568977
[plan] step=133 node=N3410 type=control1 q_typed_residual_context=2.085303 sequence=355.654280
[plan] step=134 node=N7731 type=control0 q_typed_residual_context=1.674112 sequence=357.328393
[plan] step=135 node=N3237 type=control1 q_typed_residual_context=1.556479 sequence=358.884872
[plan] step=136 node=N645 type=control1 q_typed_residual_context=2.618031 sequence=361.502903
[plan] step=137 node=N7424 type=control1 q_typed_residual_context=1.309265 sequence=362.812168
[plan] step=138 node=N616 type=control1 q_typed_residual_context=1.922976 sequence=364.735144
[plan] step=139 node=N636 type=control1 q_typed_residual_context=1.754337 sequence=366.489481
[plan] step=140 node=N626 type=control1 q_typed_residual_context=0.716821 sequence=367.206303
[plan] step=141 node=N3295 type=control1 q_typed_residual_context=3.756805 sequence=370.963108
[plan] step=142 node=N3467 type=control1 q_typed_residual_context=1.121930 sequence=372.085038
[plan] step=143 node=N2106 type=observe q_typed_residual_context=0.913292 sequence=372.998330
[plan] step=144 node=N6533 type=observe q_typed_residual_context=0.799721 sequence=373.798051
[plan] step=145 node=N630 type=control1 q_typed_residual_context=0.771843 sequence=374.569894
[plan] step=146 node=N7402 type=observe q_typed_residual_context=0.836585 sequence=375.406479
[plan] step=147 node=N2149 type=observe q_typed_residual_context=1.263850 sequence=376.670329
[plan] step=148 node=N5740 type=observe q_typed_residual_context=0.767932 sequence=377.438261
[plan] step=149 node=N2072 type=observe q_typed_residual_context=0.644168 sequence=378.082428
[plan] step=150 node=N714 type=observe q_typed_residual_context=1.293867 sequence=379.376295
[plan] step=151 node=N642 type=control1 q_typed_residual_context=1.021836 sequence=380.398131
[plan] step=152 node=N649 type=control1 q_typed_residual_context=0.925467 sequence=381.323598
[plan] step=153 node=N7614 type=observe q_typed_residual_context=0.856863 sequence=382.180461
[plan] step=154 node=N6531 type=observe q_typed_residual_context=1.145932 sequence=383.326393
[plan] step=155 node=N7436 type=observe q_typed_residual_context=0.846901 sequence=384.173294
[plan] step=156 node=N722 type=observe q_typed_residual_context=1.654284 sequence=385.827578
[plan] step=157 node=N712 type=observe q_typed_residual_context=0.981508 sequence=386.809086
[plan] step=158 node=N723 type=observe q_typed_residual_context=1.517927 sequence=388.327012
[plan] step=159 node=N7385 type=observe q_typed_residual_context=0.920493 sequence=389.247505
[plan] step=160 node=N7728 type=control0 q_typed_residual_context=0.703968 sequence=389.951473
[plan] step=161 node=N1607 type=control1 q_typed_residual_context=0.798335 sequence=390.749808
[plan] step=162 node=N647 type=control1 q_typed_residual_context=0.818027 sequence=391.567835
[plan] step=163 node=N715 type=observe q_typed_residual_context=1.346349 sequence=392.914184
[plan] step=164 node=N1586 type=control1 q_typed_residual_context=1.113087 sequence=394.027271
[plan] step=165 node=N7729 type=control0 q_typed_residual_context=0.715836 sequence=394.743107
[plan] step=166 node=N7730 type=control0 q_typed_residual_context=0.759748 sequence=395.502855
[plan] step=167 node=N5473 type=observe q_typed_residual_context=0.682824 sequence=396.185679
[plan] step=168 node=N3525 type=control1 q_typed_residual_context=0.676074 sequence=396.861753
[plan] step=169 node=N703 type=observe q_typed_residual_context=0.878159 sequence=397.739912
[plan] step=170 node=N7454 type=observe q_typed_residual_context=0.682513 sequence=398.422425
[plan] step=171 node=N2721 type=control1 q_typed_residual_context=0.616286 sequence=399.038711
[plan] step=172 node=N765 type=observe q_typed_residual_context=0.659577 sequence=399.698289
[plan] step=173 node=N725 type=observe q_typed_residual_context=0.859141 sequence=400.557430
[plan] step=174 node=N705 type=observe q_typed_residual_context=0.929093 sequence=401.486523
[plan] step=175 node=N5422 type=observe q_typed_residual_context=0.694561 sequence=402.181084
[plan] step=176 node=N764 type=observe q_typed_residual_context=0.738595 sequence=402.919678
[plan] step=177 node=N706 type=observe q_typed_residual_context=1.032081 sequence=403.951760
[plan] step=178 node=N763 type=observe q_typed_residual_context=0.768888 sequence=404.720647
[plan] step=179 node=N679 type=observe q_typed_residual_context=1.048005 sequence=405.768652
[plan] step=180 node=N753 type=observe q_typed_residual_context=0.797246 sequence=406.565898
[plan] step=181 node=N5456 type=observe q_typed_residual_context=0.770811 sequence=407.336710
[plan] step=182 node=N7432 type=observe q_typed_residual_context=0.787124 sequence=408.123834
[plan] step=183 node=N5875 type=observe q_typed_residual_context=0.807508 sequence=408.931343
[plan] step=184 node=N5878 type=observe q_typed_residual_context=1.029749 sequence=409.961091
[plan] step=185 node=N7439 type=observe q_typed_residual_context=1.041302 sequence=411.002394
[plan] step=186 node=N719 type=observe q_typed_residual_context=1.107181 sequence=412.109575
[plan] step=187 node=N708 type=observe q_typed_residual_context=2.646798 sequence=414.756373
[plan] step=188 node=N5202 type=observe q_typed_residual_context=1.677115 sequence=416.433487
[plan] step=189 node=N734 type=observe q_typed_residual_context=1.210812 sequence=417.644300
[plan] step=190 node=N5439 type=observe q_typed_residual_context=6.826745 sequence=424.471045
[plan] step=191 node=N699 type=observe q_typed_residual_context=3.509930 sequence=427.980976
[plan] step=192 node=N7383 type=observe q_typed_residual_context=3.406380 sequence=431.387355
[plan] step=193 node=N5334 type=observe q_typed_residual_context=1.574945 sequence=432.962301
[plan] step=194 node=N1351 type=observe q_typed_residual_context=1.530540 sequence=434.492840
[plan] step=195 node=N5390 type=observe q_typed_residual_context=1.062846 sequence=435.555686
[plan] step=196 node=N2151 type=observe q_typed_residual_context=0.909366 sequence=436.465052
[plan] step=197 node=N6673 type=observe q_typed_residual_context=1.665011 sequence=438.130063
[plan] step=198 node=N7382 type=observe q_typed_residual_context=3.195729 sequence=441.325791
[plan] step=199 node=N684 type=observe q_typed_residual_context=1.389570 sequence=442.715361
[plan] step=200 node=N7380 type=observe q_typed_residual_context=1.388181 sequence=444.103543
[plan] step=201 node=N5373 type=observe q_typed_residual_context=0.984436 sequence=445.087979
[plan] step=202 node=N2159 type=observe q_typed_residual_context=0.572726 sequence=445.660706
[plan] step=203 node=N6685 type=observe q_typed_residual_context=0.717634 sequence=446.378339
[plan] step=204 node=N689 type=observe q_typed_residual_context=4.079738 sequence=450.458077
[plan] step=205 node=N729 type=observe q_typed_residual_context=4.531061 sequence=454.989138
[plan] step=206 node=N686 type=observe q_typed_residual_context=4.458698 sequence=459.447836
[plan] step=207 node=N6668 type=observe q_typed_residual_context=1.831728 sequence=461.279564
[plan] step=208 node=N2271 type=observe q_typed_residual_context=1.692006 sequence=462.971571
[plan] step=209 node=N7381 type=observe q_typed_residual_context=3.056801 sequence=466.028371
[plan] step=210 node=N5735 type=observe q_typed_residual_context=2.275440 sequence=468.303812
[plan] step=211 node=N7696 type=control0 q_typed_residual_context=2.572161 sequence=470.875973
[plan] step=212 node=N7473 type=control0 q_typed_residual_context=3.474754 sequence=474.350728
[plan] step=213 node=N7873 type=control1 q_typed_residual_context=1.750223 sequence=476.100951
[plan] step=214 node=N1599 type=observe q_typed_residual_context=1.488664 sequence=477.589615
[plan] step=215 node=N2243 type=observe q_typed_residual_context=3.310251 sequence=480.899865
[plan] step=216 node=N5094 type=observe q_typed_residual_context=4.254839 sequence=485.154704
[plan] step=217 node=N6660 type=observe q_typed_residual_context=2.907298 sequence=488.062002
[plan] step=218 node=N2267 type=observe q_typed_residual_context=4.208594 sequence=492.270596
[plan] step=219 node=N5160 type=observe q_typed_residual_context=3.971095 sequence=496.241690
[plan] step=220 node=N7422 type=observe q_typed_residual_context=4.398252 sequence=500.639942
[plan] step=221 node=N2259 type=observe q_typed_residual_context=3.691152 sequence=504.331093
[plan] step=222 node=N5111 type=observe q_typed_residual_context=6.893535 sequence=511.224628
[plan] step=223 node=N1879 type=observe q_typed_residual_context=6.614084 sequence=517.838712
[plan] step=224 node=N2263 type=observe q_typed_residual_context=4.885609 sequence=522.724321
[plan] step=225 node=N6682 type=observe q_typed_residual_context=6.144591 sequence=528.868912
[plan] step=226 node=N695 type=observe q_typed_residual_context=3.957163 sequence=532.826075
[plan] step=227 node=N2251 type=observe q_typed_residual_context=7.210503 sequence=540.036578
[plan] step=228 node=N696 type=observe q_typed_residual_context=6.646917 sequence=546.683495
[plan] step=229 node=N7443 type=observe q_typed_residual_context=1.915133 sequence=548.598627
[plan] step=230 node=N628 type=control1 q_typed_residual_context=0.614205 sequence=549.212832
[plan] step=231 node=N7542 type=control0 q_typed_residual_context=1.844497 sequence=551.057330
[plan] step=232 node=N6656 type=observe q_typed_residual_context=2.476652 sequence=553.533982
[plan] step=233 node=N759 type=observe q_typed_residual_context=1.677820 sequence=555.211802
[plan] step=234 node=N2247 type=observe q_typed_residual_context=6.216859 sequence=561.428661
[plan] step=235 node=N680 type=observe q_typed_residual_context=2.105521 sequence=563.534182
[plan] step=236 node=N1352 type=observe q_typed_residual_context=4.902875 sequence=568.437057
[plan] step=237 node=N697 type=observe q_typed_residual_context=2.425626 sequence=570.862683
[plan] step=238 node=N7444 type=observe q_typed_residual_context=1.850993 sequence=572.713677
[plan] step=239 node=N732 type=observe q_typed_residual_context=6.092094 sequence=578.805771
[plan] step=240 node=N2216 type=observe q_typed_residual_context=4.710915 sequence=583.516685
[plan] step=241 node=N6658 type=observe q_typed_residual_context=1.800932 sequence=585.317617
[plan] step=242 node=N2218 type=observe q_typed_residual_context=5.168585 sequence=590.486203
[plan] step=243 node=N2255 type=observe q_typed_residual_context=6.027185 sequence=596.513388
[plan] step=244 node=N6537 type=observe q_typed_residual_context=2.097214 sequence=598.610602
[plan] step=245 node=N4900 type=observe q_typed_residual_context=2.396183 sequence=601.006785
[plan] step=246 node=N7452 type=observe q_typed_residual_context=4.987215 sequence=605.994000
[plan] step=247 node=N2203 type=observe q_typed_residual_context=4.493991 sequence=610.487991
[plan] step=248 node=N733 type=observe q_typed_residual_context=5.759544 sequence=616.247534
[plan] step=249 node=N2205 type=observe q_typed_residual_context=5.752607 sequence=622.000141
[plan] step=250 node=N717 type=observe q_typed_residual_context=5.580433 sequence=627.580574
[plan] step=251 node=N2185 type=observe q_typed_residual_context=5.054850 sequence=632.635424
[plan] step=252 node=N7440 type=observe q_typed_residual_context=2.498274 sequence=635.133698
[plan] step=253 node=N640 type=control1 q_typed_residual_context=6.788757 sequence=641.922455
[plan] step=254 node=N8790 type=control1 q_typed_residual_context=6.362786 sequence=648.285241
[plan] step=255 node=N8240 type=control1 q_typed_residual_context=6.859912 sequence=655.145153
[plan] step=256 node=N8789 type=control1 q_typed_residual_context=3.955435 sequence=659.100588
[plan] step=257 node=N8239 type=control1 q_typed_residual_context=4.663728 sequence=663.764316
[plan] step=258 node=N735 type=observe q_typed_residual_context=5.125835 sequence=668.890151
[plan] step=259 node=N1688 type=observe q_typed_residual_context=2.960252 sequence=671.850403
[plan] step=260 node=N624 type=control1 q_typed_residual_context=3.152780 sequence=675.003183
[plan] step=261 node=N8607 type=control1 q_typed_residual_context=6.226622 sequence=681.229804
[plan] step=262 node=N754 type=observe q_typed_residual_context=1.336388 sequence=682.566192
[plan] step=263 node=N2201 type=observe q_typed_residual_context=5.274420 sequence=687.840612
[plan] step=264 node=N2226 type=observe q_typed_residual_context=5.646459 sequence=693.487071
[plan] step=265 node=N2212 type=observe q_typed_residual_context=6.633811 sequence=700.120882
[plan] step=266 node=N1598 type=observe q_typed_residual_context=3.149075 sequence=703.269957
[plan] step=267 node=N1348 type=observe q_typed_residual_context=2.978616 sequence=706.248573
[plan] step=268 node=N2214 type=observe q_typed_residual_context=2.919335 sequence=709.167908
[plan] step=269 node=N6562 type=observe q_typed_residual_context=5.967099 sequence=715.135007
[plan] step=270 node=N1347 type=observe q_typed_residual_context=6.224205 sequence=721.359212
[plan] step=271 node=N2222 type=observe q_typed_residual_context=6.509644 sequence=727.868856
[plan] step=272 node=N8470 type=observe q_typed_residual_context=6.515516 sequence=734.384372
[plan] step=273 node=N2220 type=observe q_typed_residual_context=6.590733 sequence=740.975104
[plan] step=274 node=N2207 type=observe q_typed_residual_context=4.632074 sequence=745.607178
[plan] step=275 node=N4758 type=observe q_typed_residual_context=3.056479 sequence=748.663657
[plan] step=276 node=N6955 type=control0 q_typed_residual_context=0.008500 sequence=748.672157
[plan] step=277 node=N652 type=control1 q_typed_residual_context=3.831236 sequence=752.503393
[plan] step=278 node=N8238 type=control1 q_typed_residual_context=3.057529 sequence=755.560923
saved=autoresearch/loop-260720-0945/model_training_round6/b15_selection/cone_local/alpha_0p40_decay_12/plans/iscas99__b15_1__greedy__cumulative__q_typed_residual_context__bw1__d1__c48__g1p0__candhard_fault_cluster__div0p0__s0.csv
