__tpi_not_test_en->__tpi_cp_62___aig_not_63906 /1 undetected
__tpi_not_test_en->__tpi_cp_77___aig_not_63872 /1 undetected
test_en->__tpi_cp_248___aig_and_63868 /0 undetected
__tpi_not_test_en->__tpi_cp_52___aig_and_63433 /1 undetected
__tpi_not_test_en->__tpi_cp_247___aig_not_63431 /1 undetected
test_en->__tpi_cp_253___aig_not_62967 /0 undetected
__tpi_not_test_en->__tpi_cp_2___aig_not_62966 /1 undetected
__tpi_not_test_en->__tpi_cp_179_new_n29207 /1 undetected
__tpi_not_test_en->__tpi_cp_17___aig_and_62556 /1 undetected
__tpi_not_test_en->__tpi_cp_210___buf_split_40252 /1 undetected
__tpi_not_test_en->__tpi_cp_58___aig_not_62056 /1 undetected
test_en->__tpi_cp_241_new_n28974 /0 undetected
__tpi_not_test_en->__tpi_cp_237___aig_and_34779 /1 undetected
test_en->__tpi_cp_194___buf_split_22634 /0 undetected
__tpi_not_test_en->__tpi_cp_47___aig_not_34777 /1 undetected
__tpi_not_test_en->__tpi_cp_75___aig_not_34478 /1 undetected
test_en->__tpi_cp_240___aig_and_34476 /0 undetected
__tpi_not_test_en->__tpi_cp_57___aig_not_34401 /1 undetected
__tpi_not_test_en->__tpi_cp_87___aig_not_34106 /1 undetected
__tpi_not_test_en->__tpi_cp_156___aig_not_34007 /1 undetected
__tpi_not_test_en->__tpi_cp_159_new_n16305 /1 undetected
__tpi_not_test_en->__tpi_cp_8___aig_and_34003 /1 undetected
__tpi_not_test_en->__tpi_cp_178___aig_not_34002 /1 undetected
__tpi_not_test_en->__tpi_cp_203___buf_split_22137 /1 undetected
__tpi_not_test_en->__tpi_cp_186___buf_split_21968 /1 undetected
__tpi_not_test_en->__tpi_cp_212___aig_not_33737 /1 undetected
__tpi_not_test_en->__tpi_cp_187___buf_split_21965 /1 undetected
__tpi_not_test_en->__tpi_cp_119___aig_not_33732 /1 undetected
__tpi_not_test_en->__tpi_cp_152_new_n29621 /1 undetected
__tpi_not_test_en->__tpi_cp_151___aig_and_63449 /1 undetected
__tpi_not_test_en->__tpi_cp_29___aig_not_63448 /1 undetected
__tpi_not_test_en->__tpi_cp_204___aig_not_63447 /1 undetected
test_en->__tpi_cp_223___aig_and_63443 /0 undetected
__tpi_not_test_en->__tpi_cp_9___buf_split_40826 /1 undetected
__tpi_not_test_en->__tpi_cp_103___buf_split_40250 /1 undetected
__tpi_not_test_en->__tpi_cp_146_new_n29194 /1 undetected
__tpi_not_test_en->__tpi_cp_157___aig_and_62531 /1 undetected
__tpi_not_test_en->__tpi_cp_233___aig_not_62530 /1 undetected
test_en->__tpi_cp_227___buf_split_40234 /0 undetected
__tpi_not_test_en->__tpi_cp_22___aig_not_62529 /1 undetected
test_en->__tpi_cp_154___buf_split_40230 /0 undetected
test_en->__tpi_cp_6___aig_and_63446 /0 undetected
__tpi_not_test_en->__tpi_cp_206___aig_not_63445 /1 undetected
__tpi_not_test_en->__tpi_cp_153___buf_split_40828 /1 undetected
__tpi_not_test_en->__tpi_cp_231_new_n29402 /1 undetected
__tpi_not_test_en->__tpi_cp_239___aig_and_62964 /1 undetected
__tpi_not_test_en->__tpi_cp_25___aig_not_62963 /1 undetected
test_en->__tpi_cp_273___aig_and_62961 /0 undetected
__tpi_not_test_en->__tpi_cp_176___aig_not_62959 /1 undetected
__tpi_not_test_en->__tpi_cp_173_new_n29399 /1 undetected
__tpi_not_test_en->__tpi_cp_1___aig_and_62955 /1 undetected
__tpi_not_test_en->__tpi_cp_175___aig_not_62954 /1 undetected
__tpi_not_test_en->__tpi_cp_144___buf_split_40517 /1 undetected
__tpi_not_test_en->__tpi_cp_65_new_n29815 /1 undetected
__tpi_not_test_en->__tpi_cp_249___aig_and_63867 /1 undetected
test_en->__tpi_cp_195___buf_split_41104 /0 undetected
__tpi_not_test_en->__tpi_cp_191_new_n29618 /1 undetected
__tpi_not_test_en->__tpi_cp_137___aig_and_63442 /1 undetected
__tpi_not_test_en->__tpi_cp_177___aig_not_63441 /1 undetected
__tpi_not_test_en->__tpi_cp_100___aig_not_63440 /1 undetected
__tpi_not_test_en->__tpi_cp_34___aig_not_62526 /1 undetected
__tpi_not_test_en->__tpi_cp_11_new_n16183 /1 undetected
__tpi_not_test_en->__tpi_cp_142___aig_and_33731 /1 undetected
__tpi_not_test_en->__tpi_cp_180___aig_not_33730 /1 undetected
test_en->__tpi_cp_134___buf_split_21961 /0 undetected
__tpi_not_test_en->__tpi_cp_189___aig_not_33729 /1 undetected
__tpi_not_test_en->__tpi_cp_61___aig_not_34099 /1 undetected
__tpi_not_test_en->__tpi_cp_64___aig_not_63428 /1 undetected
test_en->__tpi_cp_126___aig_and_34077 /0 undetected
__tpi_not_test_en->__tpi_cp_169___aig_not_34075 /1 undetected
__tpi_not_test_en->__tpi_cp_202_new_n16337 /1 undetected
__tpi_not_test_en->__tpi_cp_3___aig_and_34071 /1 undetected
__tpi_not_test_en->__tpi_cp_211___aig_not_34070 /1 undetected
__tpi_not_test_en->__tpi_cp_201___buf_split_22180 /1 undetected
__tpi_not_test_en->__tpi_cp_101___buf_split_21959 /1 undetected
__tpi_not_test_en->__tpi_cp_128_new_n29386 /1 undetected
__tpi_not_test_en->__tpi_cp_138___aig_and_62929 /1 undetected
__tpi_not_test_en->__tpi_cp_13___aig_not_62928 /1 undetected
test_en->__tpi_cp_214___aig_and_62926 /0 undetected
__tpi_not_test_en->__tpi_cp_174___buf_split_40498 /1 undetected
__tpi_not_test_en->__tpi_cp_143___aig_not_62927 /1 undetected
test_en->__tpi_cp_228___aig_and_63405 /0 undetected
__tpi_not_test_en->__tpi_cp_71_new_n29600 /1 undetected
__tpi_not_test_en->__tpi_cp_269___aig_and_63399 /1 undetected
__tpi_not_test_en->__tpi_cp_12___aig_not_62513 /1 undetected
__tpi_not_test_en->__tpi_cp_148_new_n16170 /1 undetected
__tpi_not_test_en->__tpi_cp_136___aig_and_33704 /1 undetected
__tpi_not_test_en->__tpi_cp_16___aig_not_33703 /1 undetected
test_en->__tpi_cp_222_new_n16169 /0 undetected
__tpi_not_test_en->__tpi_cp_208___aig_not_33702 /1 undetected
__tpi_not_test_en->__tpi_cp_60_new_n16519 /1 undetected
__tpi_not_test_en->__tpi_cp_245___aig_and_34472 /1 undetected
__tpi_not_test_en->__tpi_cp_43___aig_not_62053 /1 undetected
__tpi_not_test_en->__tpi_cp_76_new_n29799 /1 undetected
test_en->__tpi_cp_200___buf_split_41082 /0 undetected
test_en->__tpi_cp_168___aig_and_63827 /0 undetected
__tpi_not_test_en->__tpi_cp_14___aig_not_62510 /1 undetected
__tpi_not_test_en->__tpi_cp_33___aig_not_34102 /1 undetected
__tpi_not_test_en->__tpi_cp_165___aig_not_63401 /1 undetected
__tpi_not_test_en->__tpi_cp_20___aig_not_34073 /1 undetected
test_en->__tpi_cp_139___aig_and_62924 /0 undetected
__tpi_not_test_en->__tpi_cp_188___buf_split_40495 /1 undetected
test_en->__tpi_cp_21___aig_and_62488 /0 undetected
__tpi_not_test_en->__tpi_cp_205___aig_not_62486 /1 undetected
__tpi_not_test_en->__tpi_cp_207_new_n29173 /1 undetected
__tpi_not_test_en->__tpi_cp_5___aig_and_62482 /1 undetected
test_en->__tpi_cp_140___aig_and_62048 /0 undetected
__tpi_not_test_en->__tpi_cp_41___aig_and_62042 /1 undetected
__tpi_not_test_en->__tpi_cp_246___aig_not_62040 /1 undetected
__tpi_not_test_en->__tpi_cp_56___aig_not_34467 /1 undetected
__tpi_not_test_en->__tpi_cp_90___aig_not_63829 /1 undetected
test_en->__tpi_cp_218___aig_and_34069 /0 undetected
__tpi_not_test_en->__tpi_cp_106___buf_split_22178 /1 undetected
test_en->__tpi_cp_115___aig_and_33699 /0 undetected
__tpi_not_test_en->__tpi_cp_72___buf_split_20954 /1 undetected
__tpi_not_test_en->__tpi_cp_7_new_n29318 /1 undetected
__tpi_not_test_en->__tpi_cp_141___aig_and_62806 /1 undetected
__tpi_not_test_en->__tpi_cp_234_new_n29587 /1 undetected
__tpi_not_test_en->__tpi_cp_54___aig_and_63373 /1 undetected
test_en->__tpi_cp_145___aig_and_34445 /0 undetected
__tpi_not_test_en->__tpi_cp_55___aig_and_34439 /1 undetected
__tpi_not_test_en->__tpi_cp_258___buf_split_22416 /1 undetected
__tpi_not_test_en->__tpi_cp_229_new_n16165 /1 undetected
__tpi_not_test_en->__tpi_cp_28___aig_and_33693 /1 undetected
__tpi_not_test_en->__tpi_cp_147_new_n16324 /1 undetected
__tpi_not_test_en->__tpi_cp_155___aig_and_34046 /1 undetected
__tpi_not_test_en->__tpi_cp_23___aig_not_34045 /1 undetected
test_en->__tpi_cp_216___aig_and_34043 /0 undetected
__tpi_not_test_en->__tpi_cp_63___aig_not_63825 /1 undetected
__tpi_not_test_en->__tpi_cp_270_new_n15400 /1 undetected
__tpi_not_test_en->__tpi_cp_257___aig_and_32179 /1 undetected
test_en->__tpi_cp_193_new_n15399 /0 undetected
__tpi_not_test_en->__tpi_cp_116___aig_not_32177 /1 undetected
__tpi_not_test_en->__tpi_cp_40___aig_not_62037 /1 undetected
__tpi_not_test_en->__tpi_cp_74___aig_not_32204 /1 undetected
__tpi_not_test_en->__tpi_cp_166___aig_not_34441 /1 undetected
test_en->__tpi_cp_238___aig_and_63370 /0 undetected
__tpi_not_test_en->__tpi_cp_118___aig_not_63369 /1 undetected
__tpi_not_test_en->__tpi_cp_111___buf_split_40203 /1 undetected
test_en->__tpi_cp_219___aig_and_33690 /0 undetected
__tpi_not_test_en->__tpi_cp_45___aig_not_33688 /1 undetected
__tpi_not_test_en->__tpi_cp_125___buf_split_40779 /1 undetected
test_en->__tpi_cp_225___aig_and_62014 /0 undetected
__tpi_not_test_en->__tpi_cp_149_new_n29160 /1 undetected
__tpi_not_test_en->__tpi_cp_158___aig_and_62457 /1 undetected
__tpi_not_test_en->__tpi_cp_26___aig_not_62455 /1 undetected
__tpi_not_test_en->__tpi_cp_110___buf_split_22414 /1 undetected
test_en->__tpi_cp_162___aig_and_32174 /0 undetected
__tpi_not_test_en->__tpi_cp_236_new_n29584 /1 undetected
__tpi_not_test_en->__tpi_cp_51___aig_not_63364 /1 undetected
__tpi_not_test_en->__tpi_cp_53___aig_and_62008 /1 undetected
__tpi_not_test_en->__tpi_cp_73___buf_split_21941 /1 undetected
__tpi_not_test_en->__tpi_cp_230_new_n16491 /1 undetected
__tpi_not_test_en->__tpi_cp_244___aig_and_34413 /1 undetected
__tpi_not_test_en->__tpi_cp_30___aig_not_34412 /1 undetected
test_en->__tpi_cp_226___aig_and_34410 /0 undetected
test_en->__tpi_cp_167___buf_split_22398 /0 undetected
__tpi_not_test_en->__tpi_cp_78_new_n15395 /1 undetected
test_en->__tpi_cp_255___buf_split_20930 /0 undetected
__tpi_not_test_en->__tpi_cp_124___buf_split_40491 /1 undetected
__tpi_not_test_en->__tpi_cp_108___buf_split_39895 /1 undetected
__tpi_not_test_en->__tpi_cp_49___aig_not_62893 /1 undetected
__tpi_not_test_en->__tpi_cp_39___aig_not_33682 /1 undetected
__tpi_not_test_en->__tpi_cp_92___aig_not_32119 /1 undetected
test_en->__tpi_cp_254___buf_split_20904 /0 undetected
__aig_and_31990 /0 undetected
__aig_not_31985 /1 undetected
__aig_not_31987 /1 undetected
__aig_not_31989 /1 undetected
__aig_and_61928 /0 undetected
test_en->__tpi_cp_213___aig_and_61924 /0 undetected
__aig_and_61924 /0 undetected
__aig_not_61923 /1 undetected
__aig_not_61925 /1 undetected
__aig_not_61927 /1 undetected
test_en->__tpi_cp_275___aig_and_61914 /0 undetected
test_en->__tpi_cp_217___aig_and_31974 /0 undetected
__tpi_not_test_en->__tpi_cp_10_new_n15285 /1 undetected
__tpi_not_test_en->__tpi_cp_192___aig_and_31964 /1 undetected
__tpi_not_test_en->__tpi_cp_185_new_n13774 /1 undetected
__tpi_not_test_en->__tpi_cp_197_new_n923 /1 undetected
__tpi_not_test_en->__tpi_cp_129___aig_and_28837 /1 undetected
__tpi_not_test_en->__tpi_cp_184___aig_not_28836 /1 undetected
__tpi_not_test_en->__tpi_cp_24___aig_not_28835 /1 undetected
__tpi_not_test_en->__tpi_cp_150___aig_and_1449 /1 undetected
__tpi_not_test_en->__tpi_cp_19___aig_not_1448 /1 undetected
__tpi_not_test_en->__tpi_cp_198___aig_not_1447 /1 undetected
test_en->__tpi_cp_121___aig_and_830 /0 undetected
__tpi_not_test_en->__tpi_cp_104___aig_not_81 /1 undetected
__tpi_not_test_en->__tpi_cp_109___aig_not_73 /1 undetected
__tpi_not_test_en->__tpi_cp_102___aig_not_54 /1 undetected
__tpi_not_test_en->__tpi_cp_97___aig_not_49 /1 undetected
__tpi_not_test_en->__tpi_cp_107___aig_not_41 /1 undetected
__tpi_not_test_en->__tpi_cp_95___aig_not_21 /1 undetected
