__aig_not_7167 /1 undetected
__aig_not_7165 /1 undetected
__aig_not_7163 /1 undetected
__aig_not_7161 /1 undetected
__aig_not_7159 /1 undetected
__aig_not_7157 /1 undetected
__buf_split_4123 /1 undetected
__buf_split_4124 /1 undetected
__buf_split_4125 /1 undetected
__buf_split_4126 /1 undetected
__buf_split_4127 /1 undetected
__buf_split_4128 /1 undetected
new_n3827 /0 undetected
__aig_not_7139 /1 undetected
__tpi_not_test_en->__tpi_cp_0___aig_not_7137 /1 undetected
__tpi_cp_0___aig_not_7137 /1 undetected
__aig_not_7137 /1 undetected
__tpi_not_test_en->__tpi_cp_1___aig_not_7135 /1 undetected
__tpi_cp_1___aig_not_7135 /1 undetected
__aig_not_7135 /1 undetected
__aig_not_7133 /1 undetected
test_en->__tpi_cp_6_new_n3823 /0 undetected
new_n3823 /0 undetected
__aig_not_7131 /1 undetected
__aig_not_7129 /1 undetected
__aig_not_7127 /1 undetected
__aig_not_7125 /1 undetected
__buf_split_4107 /1 undetected
__buf_split_4108 /1 undetected
__buf_split_4109 /1 undetected
__buf_split_4110 /1 undetected
__buf_split_4111 /1 undetected
__buf_split_4112 /1 undetected
__buf_split_4113 /1 undetected
__tpi_not_test_en /1 undetected
__tpi_not_test_en /0 undetected
