[plan] candidate_allowlist=autoresearch/original-netlist-recovery-260712/exact_itc99/b15_C/exact_candidate_nodes.txt nodes=7918
[plan] latent_norm_clip_ratio=4 latent_norm_limit=30.875631
[plan] step=1 node=N677 type=control1 q_pred_context=5.195572 sequence=5.195572
[plan] step=2 node=N2155 type=observe q_pred_context=4.636678 sequence=9.832250
[plan] step=3 node=N502 type=control1 q_pred_context=1.993205 sequence=11.825455
[plan] step=4 node=N762 type=control1 q_pred_context=1.659071 sequence=13.484526
[plan] step=5 node=N3644 type=control0 q_pred_context=1.214862 sequence=14.699388
[plan] step=6 node=N3756 type=control0 q_pred_context=1.059230 sequence=15.758618
[plan] step=7 node=N557 type=control1 q_pred_context=0.980831 sequence=16.739449
[plan] step=8 node=N5143 type=observe q_pred_context=1.023711 sequence=17.763159
[plan] step=9 node=N507 type=control1 q_pred_context=0.945972 sequence=18.709131
[plan] step=10 node=N3742 type=control0 q_pred_context=1.124571 sequence=19.833702
[plan] step=11 node=N564 type=control1 q_pred_context=2.290942 sequence=22.124644
[plan] step=12 node=N5203 type=control1 q_pred_context=1.603838 sequence=23.728483
[plan] step=13 node=N5866 type=observe q_pred_context=3.265043 sequence=26.993526
[plan] step=14 node=N580 type=control1 q_pred_context=3.127518 sequence=30.121044
[plan] step=15 node=N737 type=control1 q_pred_context=2.794133 sequence=32.915176
[plan] step=16 node=N1853 type=observe q_pred_context=1.799772 sequence=34.714948
[plan] step=17 node=N2082 type=observe q_pred_context=4.690307 sequence=39.405255
[plan] step=18 node=N2153 type=observe q_pred_context=4.581044 sequence=43.986299
[plan] step=19 node=N2101 type=observe q_pred_context=5.275470 sequence=49.261769
[plan] step=20 node=N1860 type=observe q_pred_context=4.776208 sequence=54.037977
[plan] step=21 node=N1372 type=observe q_pred_context=4.157913 sequence=58.195890
[plan] step=22 node=N496 type=control1 q_pred_context=6.767256 sequence=64.963146
[plan] step=23 node=N5723 type=control0 q_pred_context=6.126699 sequence=71.089845
[plan] step=24 node=N582 type=control1 q_pred_context=5.990889 sequence=77.080734
[plan] step=25 node=N7516 type=observe q_pred_context=5.698981 sequence=82.779715
[plan] step=26 node=N766 type=control1 q_pred_context=6.928030 sequence=89.707745
[plan] step=27 node=N5234 type=observe q_pred_context=5.483659 sequence=95.191404
[plan] step=28 node=N1437 type=control1 q_pred_context=4.401739 sequence=99.593143
[plan] step=29 node=N583 type=control1 q_pred_context=4.371657 sequence=103.964800
[plan] step=30 node=N2042 type=observe q_pred_context=3.283320 sequence=107.248119
[plan] step=31 node=N4670 type=control0 q_pred_context=6.390000 sequence=113.638119
[plan] step=32 node=N7511 type=control1 q_pred_context=3.420000 sequence=117.058119
[plan] step=33 node=N7411 type=control1 q_pred_context=3.420000 sequence=120.478119
[plan] step=34 node=N2044 type=observe q_pred_context=6.113594 sequence=126.591713
[plan] step=35 node=N2040 type=observe q_pred_context=4.722677 sequence=131.314390
[plan] step=36 node=N7413 type=control1 q_pred_context=5.057634 sequence=136.372025
[plan] step=37 node=N1532 type=observe q_pred_context=3.530281 sequence=139.902306
[plan] step=38 node=N4635 type=control0 q_pred_context=8.539252 sequence=148.441558
[plan] step=39 node=N7890 type=control1 q_pred_context=4.365992 sequence=152.807550
[plan] step=40 node=N2314 type=control1 q_pred_context=2.080465 sequence=154.888015
[plan] step=41 node=N7888 type=control1 q_pred_context=6.498899 sequence=161.386914
[plan] step=42 node=N7887 type=control1 q_pred_context=6.356217 sequence=167.743131
[plan] step=43 node=N7889 type=control1 q_pred_context=7.208334 sequence=174.951465
[plan] step=44 node=N7891 type=control1 q_pred_context=5.812215 sequence=180.763680
[plan] step=45 node=N7886 type=control1 q_pred_context=5.561040 sequence=186.324719
[plan] step=46 node=N7884 type=control1 q_pred_context=5.483813 sequence=191.808533
[plan] step=47 node=N7885 type=control1 q_pred_context=5.479510 sequence=197.288043
[plan] step=48 node=N7882 type=control1 q_pred_context=4.776983 sequence=202.065026
[plan] step=49 node=N7883 type=control1 q_pred_context=3.956063 sequence=206.021088
[plan] step=50 node=N7881 type=control1 q_pred_context=1.472640 sequence=207.493728
[plan] step=51 node=N3722 type=control0 q_pred_context=0.885393 sequence=208.379121
[plan] step=52 node=N4712 type=control0 q_pred_context=2.147774 sequence=210.526895
[plan] step=53 node=N3903 type=control0 q_pred_context=0.871860 sequence=211.398755
[plan] step=54 node=N4649 type=control0 q_pred_context=1.148463 sequence=212.547217
[plan] step=55 node=N713 type=observe q_pred_context=1.719934 sequence=214.267151
[plan] step=56 node=N724 type=observe q_pred_context=1.783323 sequence=216.050474
[plan] step=57 node=N4705 type=control0 q_pred_context=1.272155 sequence=217.322630
[plan] step=58 node=N704 type=observe q_pred_context=1.739025 sequence=219.061655
[plan] step=59 node=N4656 type=control0 q_pred_context=1.289454 sequence=220.351109
[plan] step=60 node=N3889 type=control0 q_pred_context=0.904714 sequence=221.255823
[plan] step=61 node=N4698 type=control0 q_pred_context=1.026012 sequence=222.281835
[plan] step=62 node=N3882 type=control0 q_pred_context=0.929076 sequence=223.210912
[plan] step=63 node=N3840 type=control0 q_pred_context=0.983752 sequence=224.194663
[plan] step=64 node=N3911 type=control0 q_pred_context=0.930187 sequence=225.124851
[plan] step=65 node=N4606 type=control0 q_pred_context=1.015685 sequence=226.140535
[plan] step=66 node=N4585 type=control0 q_pred_context=1.051580 sequence=227.192115
[plan] step=67 node=N4691 type=control0 q_pred_context=0.976112 sequence=228.168227
[plan] step=68 node=N4684 type=control0 q_pred_context=1.192913 sequence=229.361140
[plan] step=69 node=N4716 type=control0 q_pred_context=1.105802 sequence=230.466943
[plan] step=70 node=N4677 type=control0 q_pred_context=1.263608 sequence=231.730551
[plan] step=71 node=N4663 type=control0 q_pred_context=1.363882 sequence=233.094433
[plan] step=72 node=N725 type=observe q_pred_context=3.358835 sequence=236.453268
[plan] step=73 node=N519 type=control1 q_pred_context=1.811991 sequence=238.265258
[plan] step=74 node=N4578 type=control0 q_pred_context=1.373180 sequence=239.638438
[plan] step=75 node=N7471 type=control0 q_pred_context=1.808860 sequence=241.447298
[plan] step=76 node=N4564 type=control0 q_pred_context=1.724312 sequence=243.171611
[plan] step=77 node=N2083 type=observe q_pred_context=1.158153 sequence=244.329764
[plan] step=78 node=N513 type=control1 q_pred_context=1.974230 sequence=246.303995
[plan] step=79 node=N504 type=control1 q_pred_context=1.873488 sequence=248.177483
[plan] step=80 node=N7543 type=control0 q_pred_context=1.893815 sequence=250.071298
[plan] step=81 node=N520 type=control1 q_pred_context=2.458360 sequence=252.529659
[plan] step=82 node=N516 type=control1 q_pred_context=2.345278 sequence=254.874937
[plan] step=83 node=N7724 type=control0 q_pred_context=3.136690 sequence=258.011626
[plan] step=84 node=N7854 type=control0 q_pred_context=2.700942 sequence=260.712568
[plan] step=85 node=N4557 type=control0 q_pred_context=1.872770 sequence=262.585337
[plan] step=86 node=N3904 type=control0 q_pred_context=2.389692 sequence=264.975030
[plan] step=87 node=N7722 type=control0 q_pred_context=4.797692 sequence=269.772722
[plan] step=88 node=N7872 type=control1 q_pred_context=2.333188 sequence=272.105909
[plan] step=89 node=N7370 type=control1 q_pred_context=3.428793 sequence=275.534702
[plan] step=90 node=N556 type=control1 q_pred_context=3.209324 sequence=278.744026
[plan] step=91 node=N555 type=control1 q_pred_context=3.450973 sequence=282.194999
[plan] step=92 node=N3897 type=control0 q_pred_context=2.574512 sequence=284.769511
[plan] step=93 node=N3862 type=control0 q_pred_context=4.031673 sequence=288.801184
[plan] step=94 node=N3855 type=control0 q_pred_context=5.545241 sequence=294.346425
[plan] step=95 node=N3848 type=control0 q_pred_context=5.947222 sequence=300.293647
[plan] step=96 node=N1533 type=control1 q_pred_context=8.009214 sequence=308.302862
[plan] step=97 node=N7723 type=control0 q_pred_context=4.247207 sequence=312.550069
[plan] step=98 node=N3841 type=control0 q_pred_context=3.927616 sequence=316.477684
[plan] step=99 node=N7725 type=control0 q_pred_context=4.204069 sequence=320.681754
[plan] step=100 node=N3799 type=control0 q_pred_context=2.596513 sequence=323.278267
[plan] step=101 node=N7408 type=control0 q_pred_context=4.204677 sequence=327.482944
[plan] step=102 node=N3827 type=control0 q_pred_context=3.101128 sequence=330.584072
[plan] step=103 node=N634 type=control1 q_pred_context=3.341040 sequence=333.925112
[plan] step=104 node=N3820 type=control0 q_pred_context=5.093557 sequence=339.018669
[plan] step=105 node=N3813 type=control0 q_pred_context=4.845959 sequence=343.864628
[plan] step=106 node=N614 type=control1 q_pred_context=5.121598 sequence=348.986225
[plan] step=107 node=N3805 type=control0 q_pred_context=5.221648 sequence=354.207873
[plan] step=108 node=N7541 type=control0 q_pred_context=3.945514 sequence=358.153388
[plan] step=109 node=N7590 type=control1 q_pred_context=3.232076 sequence=361.385463
[plan] step=110 node=N610 type=control1 q_pred_context=5.182964 sequence=366.568428
[plan] step=111 node=N3792 type=control0 q_pred_context=6.065778 sequence=372.634206
[plan] step=112 node=N620 type=control1 q_pred_context=4.208392 sequence=376.842598
[plan] step=113 node=N3785 type=control0 q_pred_context=5.285278 sequence=382.127876
[plan] step=114 node=N3701 type=control0 q_pred_context=4.043201 sequence=386.171077
[plan] step=115 node=N4520 type=control0 q_pred_context=3.365937 sequence=389.537014
[plan] step=116 node=N3681 type=control0 q_pred_context=3.359730 sequence=392.896743
[plan] step=117 node=N7820 type=control0 q_pred_context=3.126249 sequence=396.022992
[plan] step=118 node=N638 type=control1 q_pred_context=2.777368 sequence=398.800360
[plan] step=119 node=N7870 type=control1 q_pred_context=2.151538 sequence=400.951899
[plan] step=120 node=N3410 type=control1 q_pred_context=3.605382 sequence=404.557280
[plan] step=121 node=N3180 type=control1 q_pred_context=4.170765 sequence=408.728045
[plan] step=122 node=N1411 type=control0 q_pred_context=4.220391 sequence=412.948437
[plan] step=123 node=N578 type=observe q_pred_context=1.791948 sequence=414.740384
[plan] step=124 node=N7424 type=control1 q_pred_context=1.130269 sequence=415.870654
[plan] step=125 node=N7454 type=observe q_pred_context=1.779297 sequence=417.649951
[plan] step=126 node=N2157 type=observe q_pred_context=3.448007 sequence=421.097958
[plan] step=127 node=N7588 type=control1 q_pred_context=7.166701 sequence=428.264659
[plan] step=128 node=N7401 type=observe q_pred_context=2.043996 sequence=430.308655
[plan] step=129 node=N7879 type=control1 q_pred_context=2.145701 sequence=432.454356
[plan] step=130 node=N7892 type=control1 q_pred_context=1.526970 sequence=433.981326
[plan] step=131 node=N7856 type=control1 q_pred_context=0.982949 sequence=434.964275
[plan] step=132 node=N645 type=control1 q_pred_context=1.276437 sequence=436.240712
[plan] step=133 node=N2102 type=observe q_pred_context=1.519833 sequence=437.760545
[plan] step=134 node=N7877 type=control1 q_pred_context=1.786482 sequence=439.547026
[plan] step=135 node=N636 type=control1 q_pred_context=1.222803 sequence=440.769830
[plan] step=136 node=N616 type=control1 q_pred_context=1.229350 sequence=441.999180
[plan] step=137 node=N3295 type=control1 q_pred_context=1.040322 sequence=443.039502
[plan] step=138 node=N5878 type=observe q_pred_context=0.952528 sequence=443.992030
[plan] step=139 node=N7679 type=observe q_pred_context=1.447941 sequence=445.439971
[plan] step=140 node=N5603 type=observe q_pred_context=3.008101 sequence=448.448072
[plan] step=141 node=N694 type=observe q_pred_context=6.497277 sequence=454.945349
[plan] step=142 node=N2106 type=observe q_pred_context=2.354918 sequence=457.300267
[plan] step=143 node=N6533 type=observe q_pred_context=1.903144 sequence=459.203410
[plan] step=144 node=N7385 type=observe q_pred_context=2.132631 sequence=461.336041
[plan] step=145 node=N2072 type=observe q_pred_context=0.512219 sequence=461.848260
[plan] step=146 node=N2149 type=observe q_pred_context=2.659939 sequence=464.508199
[plan] step=147 node=N756 type=observe q_pred_context=0.682786 sequence=465.190985
[plan] step=148 node=N722 type=observe q_pred_context=1.905642 sequence=467.096627
[plan] step=149 node=N714 type=observe q_pred_context=2.030794 sequence=469.127421
[plan] step=150 node=N642 type=control1 q_pred_context=2.317919 sequence=471.445340
[plan] step=151 node=N5740 type=observe q_pred_context=0.871995 sequence=472.317335
[plan] step=152 node=N649 type=control1 q_pred_context=0.776962 sequence=473.094297
[plan] step=153 node=N630 type=control1 q_pred_context=0.981275 sequence=474.075572
[plan] step=154 node=N5876 type=observe q_pred_context=3.554578 sequence=477.630150
[plan] step=155 node=N7614 type=observe q_pred_context=1.050012 sequence=478.680162
[plan] step=156 node=N715 type=observe q_pred_context=1.316013 sequence=479.996175
[plan] step=157 node=N7436 type=observe q_pred_context=1.924606 sequence=481.920781
[plan] step=158 node=N723 type=observe q_pred_context=2.344837 sequence=484.265619
[plan] step=159 node=N5874 type=observe q_pred_context=1.132356 sequence=485.397975
[plan] step=160 node=N7402 type=observe q_pred_context=2.021172 sequence=487.419147
[plan] step=161 node=N712 type=observe q_pred_context=2.353163 sequence=489.772310
[plan] step=162 node=N6531 type=observe q_pred_context=1.289094 sequence=491.061405
[plan] step=163 node=N2580 type=control1 q_pred_context=0.815811 sequence=491.877215
[plan] step=164 node=N1607 type=control1 q_pred_context=1.265888 sequence=493.143103
[plan] step=165 node=N7627 type=observe q_pred_context=1.318056 sequence=494.461159
[plan] step=166 node=N647 type=control1 q_pred_context=1.529866 sequence=495.991025
[plan] step=167 node=N1586 type=control1 q_pred_context=1.762723 sequence=497.753748
[plan] step=168 node=N3467 type=control1 q_pred_context=1.072739 sequence=498.826487
[plan] step=169 node=N5356 type=observe q_pred_context=1.062359 sequence=499.888846
[plan] step=170 node=N703 type=observe q_pred_context=1.256684 sequence=501.145530
[plan] step=171 node=N3525 type=control1 q_pred_context=1.343321 sequence=502.488851
[plan] step=172 node=N2652 type=control1 q_pred_context=1.175430 sequence=503.664281
[plan] step=173 node=N7405 type=observe q_pred_context=1.299786 sequence=504.964066
[plan] step=174 node=N2721 type=control1 q_pred_context=1.115346 sequence=506.079412
[plan] step=175 node=N2894 type=control1 q_pred_context=1.142335 sequence=507.221747
[plan] step=176 node=N5473 type=observe q_pred_context=1.279958 sequence=508.501705
[plan] step=177 node=N2952 type=control1 q_pred_context=1.221065 sequence=509.722770
[plan] step=178 node=N679 type=observe q_pred_context=1.905143 sequence=511.627913
[plan] step=179 node=N5456 type=observe q_pred_context=2.018107 sequence=513.646020
[plan] step=180 node=N706 type=observe q_pred_context=4.153620 sequence=517.799640
[plan] step=181 node=N6682 type=observe q_pred_context=1.936115 sequence=519.735755
[plan] step=182 node=N705 type=observe q_pred_context=4.199971 sequence=523.935727
[plan] step=183 node=N5439 type=observe q_pred_context=2.716711 sequence=526.652438
[plan] step=184 node=N5422 type=observe q_pred_context=2.171761 sequence=528.824198
[plan] step=185 node=N2779 type=control1 q_pred_context=2.081236 sequence=530.905434
[plan] step=186 node=N2151 type=observe q_pred_context=1.456074 sequence=532.361508
[plan] step=187 node=N7439 type=observe q_pred_context=0.990755 sequence=533.352263
[plan] step=188 node=N7442 type=control0 q_pred_context=3.544267 sequence=536.896530
[plan] step=189 node=N763 type=observe q_pred_context=5.526481 sequence=542.423011
[plan] step=190 node=N5202 type=observe q_pred_context=5.189197 sequence=547.612209
[plan] step=191 node=N719 type=observe q_pred_context=5.867875 sequence=553.480083
[plan] step=192 node=N5390 type=observe q_pred_context=2.574738 sequence=556.054821
[plan] step=193 node=N5334 type=observe q_pred_context=2.751183 sequence=558.806004
[plan] step=194 node=N6673 type=observe q_pred_context=5.268328 sequence=564.074332
[plan] step=195 node=N7383 type=observe q_pred_context=4.567383 sequence=568.641716
[plan] step=196 node=N734 type=observe q_pred_context=3.060924 sequence=571.702639
[plan] step=197 node=N699 type=observe q_pred_context=3.941042 sequence=575.643682
[plan] step=198 node=N5373 type=observe q_pred_context=1.852324 sequence=577.496006
[plan] step=199 node=N1879 type=observe q_pred_context=1.417644 sequence=578.913650
[plan] step=200 node=N708 type=observe q_pred_context=6.207038 sequence=585.120688
[plan] step=201 node=N7380 type=observe q_pred_context=6.504548 sequence=591.625236
[plan] step=202 node=N1987 type=observe q_pred_context=1.265105 sequence=592.890341
[plan] step=203 node=N1599 type=observe q_pred_context=4.287518 sequence=597.177859
[plan] step=204 node=N2159 type=observe q_pred_context=6.098728 sequence=603.276586
[plan] step=205 node=N6581 type=observe q_pred_context=2.666718 sequence=605.943305
[plan] step=206 node=N729 type=observe q_pred_context=3.686094 sequence=609.629399
[plan] step=207 node=N1351 type=observe q_pred_context=3.238574 sequence=612.867973
[plan] step=208 node=N689 type=observe q_pred_context=2.467900 sequence=615.335873
[plan] step=209 node=N7381 type=observe q_pred_context=2.726235 sequence=618.062108
[plan] step=210 node=N6660 type=observe q_pred_context=1.626997 sequence=619.689105
[plan] step=211 node=N684 type=observe q_pred_context=2.101566 sequence=621.790671
[plan] step=212 node=N686 type=observe q_pred_context=1.903482 sequence=623.694154
[plan] step=213 node=N2837 type=control1 q_pred_context=1.625939 sequence=625.320093
[plan] step=214 node=N3009 type=control1 q_pred_context=1.389761 sequence=626.709853
[plan] step=215 node=N2243 type=observe q_pred_context=0.917741 sequence=627.627594
[plan] step=216 node=N6658 type=observe q_pred_context=1.259760 sequence=628.887354
[plan] step=217 node=N5094 type=observe q_pred_context=1.067800 sequence=629.955154
[plan] step=218 node=N7433 type=observe q_pred_context=3.097988 sequence=633.053142
[plan] step=219 node=N2271 type=observe q_pred_context=4.857541 sequence=637.910683
[plan] step=220 node=N5735 type=observe q_pred_context=3.276520 sequence=641.187203
[plan] step=221 node=N2259 type=observe q_pred_context=3.097004 sequence=644.284207
[plan] step=222 node=N5160 type=observe q_pred_context=3.285204 sequence=647.569412
[plan] step=223 node=N6656 type=observe q_pred_context=3.979414 sequence=651.548825
[plan] step=224 node=N5111 type=observe q_pred_context=2.349501 sequence=653.898327
[plan] step=225 node=N2267 type=observe q_pred_context=2.995877 sequence=656.894204
[plan] step=226 node=N7444 type=observe q_pred_context=3.773549 sequence=660.667753
[plan] step=227 node=N6537 type=observe q_pred_context=1.839524 sequence=662.507277
[plan] step=228 node=N2263 type=observe q_pred_context=6.544506 sequence=669.051783
[plan] step=229 node=N697 type=observe q_pred_context=6.534909 sequence=675.586692
[plan] step=230 node=N1598 type=observe q_pred_context=4.335885 sequence=679.922577
[plan] step=231 node=N2251 type=observe q_pred_context=6.250982 sequence=686.173560
[plan] step=232 node=N696 type=observe q_pred_context=6.917727 sequence=693.091286
[plan] step=233 node=N1688 type=observe q_pred_context=1.647733 sequence=694.739019
[plan] step=234 node=N6678 type=observe q_pred_context=4.498159 sequence=699.237178
[plan] step=235 node=N1352 type=observe q_pred_context=6.333493 sequence=705.570671
[plan] step=236 node=N680 type=observe q_pred_context=5.191263 sequence=710.761934
[plan] step=237 node=N2247 type=observe q_pred_context=5.610475 sequence=716.372409
[plan] step=238 node=N695 type=observe q_pred_context=4.955505 sequence=721.327914
[plan] step=239 node=N4900 type=observe q_pred_context=2.699303 sequence=724.027217
[plan] step=240 node=N7452 type=observe q_pred_context=1.785297 sequence=725.812514
[plan] step=241 node=N6657 type=observe q_pred_context=2.161879 sequence=727.974393
[plan] step=242 node=N2218 type=observe q_pred_context=6.492088 sequence=734.466482
[plan] step=243 node=N2255 type=observe q_pred_context=6.614419 sequence=741.080901
[plan] step=244 node=N7440 type=observe q_pred_context=3.965151 sequence=745.046052
[plan] step=245 node=N628 type=control1 q_pred_context=1.879200 sequence=746.925252
[plan] step=246 node=N732 type=observe q_pred_context=4.406201 sequence=751.331454
[plan] step=247 node=N3067 type=control1 q_pred_context=7.103029 sequence=758.434483
[plan] step=248 node=N2216 type=observe q_pred_context=4.210234 sequence=762.644717
[plan] step=249 node=N8790 type=control1 q_pred_context=4.329719 sequence=766.974437
[plan] step=250 node=N8240 type=control1 q_pred_context=3.581321 sequence=770.555757
[plan] step=251 node=N8789 type=control1 q_pred_context=3.024702 sequence=773.580460
[plan] step=252 node=N8239 type=control1 q_pred_context=3.440698 sequence=777.021157
[plan] step=253 node=N8607 type=control1 q_pred_context=4.345281 sequence=781.366438
[plan] step=254 node=N4460 type=control0 q_pred_context=2.967548 sequence=784.333986
[plan] step=255 node=N765 type=observe q_pred_context=5.897158 sequence=790.231144
[plan] step=256 node=N2205 type=observe q_pred_context=5.945658 sequence=796.176802
[plan] step=257 node=N7855 type=control0 q_pred_context=6.877610 sequence=803.054412
[plan] step=258 node=N652 type=control1 q_pred_context=6.291613 sequence=809.346025
[plan] step=259 node=N717 type=observe q_pred_context=3.638243 sequence=812.984268
[plan] step=260 node=N2185 type=observe q_pred_context=3.868467 sequence=816.852735
[plan] step=261 node=N8238 type=control1 q_pred_context=2.579959 sequence=819.432694
[plan] step=262 node=N8606 type=control1 q_pred_context=2.363731 sequence=821.796426
[plan] step=263 node=N8237 type=control1 q_pred_context=2.519188 sequence=824.315613
[plan] step=264 node=N902 type=control1 q_pred_context=4.446975 sequence=828.762588
[plan] step=265 node=N733 type=observe q_pred_context=5.531663 sequence=834.294251
[plan] step=266 node=N8605 type=control1 q_pred_context=5.257711 sequence=839.551963
[plan] step=267 node=N2203 type=observe q_pred_context=6.677451 sequence=846.229414
[plan] step=268 node=N8236 type=control1 q_pred_context=5.670714 sequence=851.900128
[plan] step=269 node=N6562 type=observe q_pred_context=5.870390 sequence=857.770518
[plan] step=270 node=N2201 type=observe q_pred_context=2.117520 sequence=859.888038
[plan] step=271 node=N515 type=control1 q_pred_context=5.712614 sequence=865.600652
[plan] step=272 node=N7542 type=control0 q_pred_context=6.278348 sequence=871.879000
[plan] step=273 node=N735 type=observe q_pred_context=6.766570 sequence=878.645570
[plan] step=274 node=N4421 type=control0 q_pred_context=5.790903 sequence=884.436473
[plan] step=275 node=N6736 type=control1 q_pred_context=6.917082 sequence=891.353555
[plan] step=276 node=N2226 type=observe q_pred_context=6.574817 sequence=897.928372
[plan] step=277 node=N6685 type=observe q_pred_context=3.114605 sequence=901.042977
[plan] step=278 node=N2212 type=observe q_pred_context=6.092065 sequence=907.135042
saved=autoresearch/loop-260718-0223/quantized_repeats_b15_round13/q0p001_p0p0_d4__r1/b15_C/plans/iscas99__b15_1__greedy__cumulative__q_pred_context__bw1__d1__c48__g1p0__candhard_fault_cluster__div0p0__s0.csv
