test_en->__tpi_cp_70___aig_and_34310 /0 undetected
__tpi_not_test_en->__tpi_cp_159___aig_not_32904 /1 undetected
__tpi_not_test_en->__tpi_cp_59___aig_and_31578 /1 undetected
test_en->__tpi_cp_37___aig_and_31540 /0 undetected
__tpi_not_test_en->__tpi_cp_25___aig_and_34317 /1 undetected
test_en->__tpi_cp_33___aig_and_34314 /0 undetected
__tpi_not_test_en->__tpi_cp_144___aig_not_34312 /1 undetected
test_en->__tpi_cp_18___aig_and_34306 /0 undetected
test_en->__tpi_cp_53___aig_and_32920 /0 undetected
__tpi_not_test_en->__tpi_cp_158___aig_not_32918 /1 undetected
__tpi_not_test_en->__tpi_cp_40___aig_not_32921 /1 undetected
test_en->__tpi_cp_146___aig_and_32913 /0 undetected
__tpi_not_test_en->__tpi_cp_125___aig_not_32911 /1 undetected
test_en->__tpi_cp_21___aig_and_32903 /0 undetected
__tpi_not_test_en->__tpi_cp_142___aig_not_32901 /1 undetected
__tpi_not_test_en->__tpi_cp_76___aig_and_31557 /1 undetected
test_en->__tpi_cp_91___aig_and_31554 /0 undetected
test_en->__tpi_cp_171_new_n13642 /0 undetected
__tpi_not_test_en->__tpi_cp_41___aig_and_31550 /1 undetected
test_en->__tpi_cp_50___aig_and_31547 /0 undetected
__tpi_not_test_en->__tpi_cp_71___aig_not_31545 /1 undetected
__tpi_not_test_en->__tpi_cp_72___aig_and_30202 /1 undetected
__tpi_not_test_en->__tpi_cp_42___aig_and_32916 /1 undetected
__tpi_not_test_en->__tpi_cp_141___aig_not_32909 /1 undetected
test_en->__tpi_cp_124___buf_split_19188 /0 undetected
__tpi_not_test_en->__tpi_cp_88___aig_not_32877 /1 undetected
__tpi_not_test_en->__tpi_cp_62___aig_and_31537 /1 undetected
__tpi_not_test_en->__tpi_cp_27___aig_and_34289 /1 undetected
test_en->__tpi_cp_35___aig_and_34286 /0 undetected
test_en->__tpi_cp_51___aig_and_34279 /0 undetected
__tpi_not_test_en->__tpi_cp_74___aig_not_32894 /1 undetected
test_en->__tpi_cp_24___aig_and_32885 /0 undetected
test_en->__tpi_cp_66___aig_and_30224 /0 undetected
__tpi_not_test_en->__tpi_cp_157___aig_not_30223 /1 undetected
__tpi_not_test_en->__tpi_cp_126___aig_not_31527 /1 undetected
test_en->__tpi_cp_44___aig_and_31519 /0 undetected
__tpi_not_test_en->__tpi_cp_127___aig_not_31533 /1 undetected
__tpi_not_test_en->__tpi_cp_77___aig_not_30198 /1 undetected
test_en->__tpi_cp_47___aig_and_32875 /0 undetected
__tpi_not_test_en->__tpi_cp_145___aig_not_31543 /1 undetected
__tpi_not_test_en->__tpi_cp_153___aig_not_31525 /1 undetected
__tpi_not_test_en->__tpi_cp_73___aig_not_32866 /1 undetected
test_en->__tpi_cp_46___aig_and_32857 /0 undetected
__tpi_not_test_en->__tpi_cp_39___aig_and_31522 /1 undetected
__tpi_not_test_en->__tpi_cp_128___aig_and_30174 /1 undetected
__tpi_not_test_en->__tpi_cp_87___aig_not_21486 /1 undetected
__tpi_not_test_en->__tpi_cp_100_new_n9329 /1 undetected
__tpi_not_test_en->__tpi_cp_60___aig_and_21513 /1 undetected
__aig_not_21512 /1 undetected
new_n9353->__tpi_cp_109_new_n9353 /0 undetected
test_en->__tpi_cp_109_new_n9353 /0 undetected
test_en->__tpi_cp_67___aig_not_21514 /0 undetected
__tpi_not_test_en->__tpi_cp_134___aig_not_21488 /1 undetected
__tpi_not_test_en->__tpi_cp_101___aig_not_21490 /1 undetected
__tpi_not_test_en->__tpi_cp_13___aig_not_21454 /1 undetected
__tpi_not_test_en->__tpi_cp_10___aig_not_21431 /1 undetected
test_en->__tpi_cp_133___aig_and_21430 /0 undetected
test_en->__tpi_cp_131___buf_split_12545 /0 undetected
__tpi_not_test_en->__tpi_cp_45___aig_not_21449 /1 undetected
__tpi_not_test_en->__tpi_cp_136___aig_not_21451 /1 undetected
__tpi_not_test_en->__tpi_cp_89___aig_not_21479 /1 undetected
__tpi_not_test_en->__tpi_cp_29___aig_not_21426 /1 undetected
__tpi_not_test_en->__tpi_cp_115___buf_split_12586 /1 undetected
__tpi_not_test_en->__tpi_cp_113___aig_not_21494 /1 undetected
__tpi_not_test_en->__tpi_cp_116___aig_not_21445 /1 undetected
test_en->__tpi_cp_84___aig_and_21416 /0 undetected
__tpi_not_test_en->__tpi_cp_12___aig_not_21417 /1 undetected
test_en->__tpi_cp_135___aig_and_21409 /0 undetected
__tpi_not_test_en->__tpi_cp_167___aig_not_21469 /1 undetected
__tpi_not_test_en->__tpi_cp_14___aig_not_21468 /1 undetected
__tpi_not_test_en->__tpi_cp_140___aig_not_21461 /1 undetected
__buf_split_11972 /1 undetected
__aig_not_20433 /1 undetected
__buf_split_11970 /1 undetected
test_en->__tpi_cp_139___aig_and_20432 /0 undetected
__aig_not_20430 /1 undetected
__tpi_not_test_en->__tpi_cp_4_new_n9349 /1 undetected
__tpi_not_test_en->__tpi_cp_23___aig_not_21505 /1 undetected
__tpi_not_test_en->__tpi_cp_9_new_n8875 /1 undetected
__tpi_not_test_en->__tpi_cp_137___aig_not_20397 /1 undetected
__tpi_not_test_en->__tpi_cp_110_new_n8891 /1 undetected
__tpi_not_test_en->__tpi_cp_120___aig_not_20425 /1 undetected
__tpi_not_test_en->__tpi_cp_114_new_n9337 /1 undetected
test_en->__tpi_cp_69_new_n8880 /0 undetected
__tpi_not_test_en->__tpi_cp_179___aig_and_20405 /1 undetected
test_en->__tpi_cp_130___aig_and_20372 /0 undetected
__tpi_not_test_en->__tpi_cp_26___aig_not_20410 /1 undetected
__tpi_not_test_en->__tpi_cp_43___aig_not_20408 /1 undetected
__tpi_not_test_en->__tpi_cp_28___aig_not_20421 /1 undetected
__tpi_not_test_en->__tpi_cp_118___aig_not_20423 /1 undetected
__tpi_not_test_en->__tpi_cp_107_new_n8872 /1 undetected
__tpi_not_test_en->__tpi_cp_15___aig_not_20368 /1 undetected
__tpi_not_test_en->__tpi_cp_94_new_n8854 /1 undetected
__tpi_not_test_en->__tpi_cp_175___aig_and_20346 /1 undetected
test_en->__tpi_cp_1_new_n8862 /0 undetected
__tpi_not_test_en->__tpi_cp_119___aig_not_19344 /1 undetected
__tpi_not_test_en->__tpi_cp_160___aig_not_19346 /1 undetected
__tpi_not_test_en->__tpi_cp_80___aig_and_19314 /1 undetected
test_en->__tpi_cp_132___aig_and_20361 /0 undetected
__tpi_not_test_en->__tpi_cp_32___aig_not_20359 /1 undetected
__tpi_not_test_en->__tpi_cp_121___aig_not_20331 /1 undetected
__tpi_not_test_en->__tpi_cp_11___aig_and_28 /1 undetected
__aig_not_26 /1 undetected
test_en->__tpi_cp_149___aig_and_23 /0 undetected
__buf_split_18->__aig_and_23 /1 undetected
__buf_split_19->__aig_and_23 /1 undetected
__aig_and_23 /0 undetected
test_en->__tpi_cp_49___aig_and_22 /0 undetected
__aig_not_21->__aig_and_22 /1 undetected
__aig_not_19->__aig_and_20 /1 undetected
__tpi_not_test_en->__tpi_cp_58___aig_not_19379 /1 undetected
test_en->__tpi_cp_166___aig_and_19374 /0 undetected
__tpi_not_test_en->__tpi_cp_61___aig_not_19372 /1 undetected
__tpi_not_test_en->__tpi_cp_75___aig_and_18 /1 undetected
test_en->__tpi_cp_68___aig_and_12 /0 undetected
__buf_split_10 /1 undetected
__tpi_not_test_en->__tpi_cp_154___aig_not_21403 /1 undetected
__tpi_not_test_en->__tpi_cp_155___aig_and_19303 /1 undetected
test_en->__tpi_cp_83___aig_and_19300 /0 undetected
test_en->__tpi_cp_85___aig_and_19293 /0 undetected
test_en->__tpi_cp_169___aig_and_73 /0 undetected
__aig_not_64->__aig_and_66 /1 undetected
__tpi_not_test_en->__tpi_cp_5___aig_not_8 /1 undetected
test_en->__tpi_cp_143___aig_and_5 /0 undetected
__buf_split_6->__aig_and_5 /1 undetected
__buf_split_5 /1 undetected
test_en->__tpi_cp_138___aig_and_4 /0 undetected
__tpi_not_test_en->__tpi_cp_81___buf_split_4 /1 undetected
__aig_not_3 /1 undetected
__tpi_not_test_en->__tpi_cp_2___aig_and_2 /1 undetected
__aig_not_1 /1 undetected
