test_en->__tpi_cp_68_U388 /0 undetected
__tpi_not_test_en->__tpi_cp_38_R229_U52 /1 undetected
__tpi_not_test_en->__tpi_cp_72_R229_U83 /1 undetected
test_en->__tpi_cp_22___aig_and_267 /0 undetected
__tpi_not_test_en->__tpi_cp_44_R248_U104 /1 undetected
__tpi_not_test_en->__tpi_cp_9___aig_and_297 /1 undetected
__tpi_not_test_en->__tpi_cp_49_R229_U46 /1 undetected
test_en->__tpi_cp_45___buf_split_387 /0 undetected
__tpi_not_test_en->__tpi_cp_5___buf_split_168 /1 undetected
__tpi_not_test_en->__tpi_cp_11___buf_split_172 /1 undetected
__tpi_not_test_en->__tpi_cp_52_R248_U44 /1 undetected
__tpi_not_test_en->__tpi_cp_51___buf_split_764 /1 undetected
__buf_split_529 /1 undetected
R248_U50->__tpi_cp_61_R248_U50 /0 undetected
test_en->__tpi_cp_6_U350 /0 undetected
__tpi_not_test_en->__tpi_cp_59___buf_split_532 /1 undetected
__tpi_not_test_en->__tpi_cp_13___buf_split_761 /1 undetected
__tpi_not_test_en->__tpi_cp_66___buf_split_749 /1 undetected
test_en->__tpi_cp_36___aig_and_348 /0 undetected
__tpi_not_test_en->__tpi_cp_40_R229_U110 /1 undetected
test_en->__tpi_cp_71_R229_U9 /0 undetected
test_en->__tpi_cp_33___aig_and_299 /0 undetected
__tpi_not_test_en->__tpi_cp_35_R229_U5 /1 undetected
__tpi_not_test_en->__tpi_cp_20_R229_U45 /1 undetected
test_en->__tpi_cp_1___buf_split_428 /0 undetected
__tpi_not_test_en->__tpi_cp_21___aig_not_455 /1 undetected
__tpi_not_test_en->__tpi_cp_16___aig_and_365 /1 undetected
__tpi_not_test_en->__tpi_cp_50_R248_U9 /1 undetected
R248_U49 /1 undetected
__buf_split_526 /1 undetected
test_en->__tpi_cp_15___buf_split_525 /0 undetected
__buf_split_525 /0 undetected
__tpi_not_test_en->__tpi_cp_12___buf_split_311 /1 undetected
__tpi_not_test_en->__tpi_cp_43_R248_U37 /1 undetected
R248_U101 /1 undetected
__tpi_not_test_en->__tpi_cp_69_R229_U81 /1 undetected
R229_U82 /1 undetected
test_en->__tpi_cp_30_GT_87_U7 /0 undetected
test_en->__tpi_cp_42_U390 /0 undetected
__tpi_not_test_en->__tpi_cp_4_R254_U87 /1 undetected
__tpi_not_test_en->__tpi_cp_58_R254_U92 /1 undetected
test_en->__tpi_cp_32___aig_and_602 /0 undetected
R254_U82 /1 undetected
__buf_split_808 /1 undetected
__buf_split_810 /1 undetected
__tpi_not_test_en->__tpi_cp_28_R254_U77 /1 undetected
test_en->__tpi_cp_47___aig_and_587 /0 undetected
R248_U23 /1 undetected
__tpi_not_test_en->__tpi_cp_8_R254_U85 /1 undetected
test_en->__tpi_cp_56___aig_and_595 /0 undetected
__buf_split_803 /1 undetected
test_en->__tpi_cp_17___aig_and_517 /0 undetected
__tpi_not_test_en->__tpi_cp_65_ADD_88_U15 /1 undetected
