[b15-r11/marginal_horizon_lr1e4/e006] [gmean] 2026-07-21T17:57:46 out_dir=autoresearch/loop-260720-0945/model_training_round11/b15_selection/marginal_horizon_lr1e4/epoch_006/alpha_0p10_decay_64
[b15-r11/marginal_horizon_lr1e4/e006] [gmean] 2026-07-21T17:57:46 budgets=iscas99__b15_1:278
[b15-r11/marginal_horizon_lr1e4/e006] [gmean] 2026-07-21T17:57:46 variant_start id=greedy__cumulative__q_typed_reliable_context__bw1__d1__c64__g1p0__candhard_fault_cluster__div0p0__s0
[b15-r11/marginal_horizon_lr1e4/e006] [gmean] 2026-07-21T17:57:46 [1/1] plan_start benchmark=iscas99__b15_1 budget=278 planner=greedy score=q_typed_reliable_context
[b15-r11/marginal_horizon_lr1e4/e006] [plan iscas99__b15_1] [plan] torch_deterministic=true
[b15-r11/marginal_horizon_lr1e4/e006] [plan iscas99__b15_1] [plan] candidate_allowlist=autoresearch/original-netlist-recovery-260712/exact_itc99/b15_C/exact_candidate_nodes.txt nodes=7918
[b15-r11/marginal_horizon_lr1e4/e006] [plan iscas99__b15_1] [plan] latent_norm_clip_ratio=4 latent_norm_limit=30.875631
[b15-r11/marginal_horizon_lr1e4/e006] [plan iscas99__b15_1] [plan] step=1 node=N677 type=control1 q_typed_reliable_context=4.858065 sequence=4.858065
[b15-r11/marginal_horizon_lr1e4/e006] [plan iscas99__b15_1] [plan] step=2 node=N2155 type=observe q_typed_reliable_context=3.256262 sequence=8.114327
[b15-r11/marginal_horizon_lr1e4/e006] [plan iscas99__b15_1] [plan] step=3 node=N502 type=control1 q_typed_reliable_context=2.192107 sequence=10.306433
[b15-r11/marginal_horizon_lr1e4/e006] [plan iscas99__b15_1] [plan] step=4 node=N762 type=control1 q_typed_reliable_context=1.446094 sequence=11.752527
[b15-r11/marginal_horizon_lr1e4/e006] [plan iscas99__b15_1] [plan] step=5 node=N3742 type=control0 q_typed_reliable_context=0.898428 sequence=12.650955
[b15-r11/marginal_horizon_lr1e4/e006] [plan iscas99__b15_1] [plan] step=6 node=N3644 type=control0 q_typed_reliable_context=1.489064 sequence=14.140019
[b15-r11/marginal_horizon_lr1e4/e006] [plan iscas99__b15_1] [plan] step=7 node=N557 type=control1 q_typed_reliable_context=0.910940 sequence=15.050959
[b15-r11/marginal_horizon_lr1e4/e006] [plan iscas99__b15_1] [plan] step=8 node=N3756 type=control0 q_typed_reliable_context=1.097941 sequence=16.148900
[b15-r11/marginal_horizon_lr1e4/e006] [plan iscas99__b15_1] [plan] step=9 node=N564 type=control1 q_typed_reliable_context=1.365349 sequence=17.514249
[b15-r11/marginal_horizon_lr1e4/e006] [plan iscas99__b15_1] [plan] step=10 node=N2336 type=control1 q_typed_reliable_context=1.557724 sequence=19.071973
[b15-r11/marginal_horizon_lr1e4/e006] [plan iscas99__b15_1] [plan] step=11 node=N5143 type=observe q_typed_reliable_context=1.325577 sequence=20.397550
[b15-r11/marginal_horizon_lr1e4/e006] [plan iscas99__b15_1] [plan] step=12 node=N7511 type=control1 q_typed_reliable_context=1.450593 sequence=21.848143
[b15-r11/marginal_horizon_lr1e4/e006] [plan iscas99__b15_1] [plan] step=13 node=N580 type=control1 q_typed_reliable_context=1.255322 sequence=23.103465
[b15-r11/marginal_horizon_lr1e4/e006] [plan iscas99__b15_1] [plan] step=14 node=N2082 type=observe q_typed_reliable_context=1.398669 sequence=24.502134
[b15-r11/marginal_horizon_lr1e4/e006] [plan iscas99__b15_1] [plan] step=15 node=N737 type=control1 q_typed_reliable_context=3.600376 sequence=28.102510
[b15-r11/marginal_horizon_lr1e4/e006] [plan iscas99__b15_1] [plan] step=16 node=N3722 type=control0 q_typed_reliable_context=0.943803 sequence=29.046313
[b15-r11/marginal_horizon_lr1e4/e006] [plan iscas99__b15_1] [plan] step=17 node=N496 type=control1 q_typed_reliable_context=1.745042 sequence=30.791355
[b15-r11/marginal_horizon_lr1e4/e006] [plan iscas99__b15_1] [plan] step=18 node=N5723 type=control0 q_typed_reliable_context=1.392575 sequence=32.183930
[b15-r11/marginal_horizon_lr1e4/e006] [plan iscas99__b15_1] [plan] step=19 node=N5203 type=control1 q_typed_reliable_context=1.998558 sequence=34.182488
[b15-r11/marginal_horizon_lr1e4/e006] [plan iscas99__b15_1] [plan] step=20 node=N2153 type=observe q_typed_reliable_context=2.156696 sequence=36.339184
[b15-r11/marginal_horizon_lr1e4/e006] [plan iscas99__b15_1] [plan] step=21 node=N1853 type=observe q_typed_reliable_context=2.699753 sequence=39.038937
[b15-r11/marginal_horizon_lr1e4/e006] [plan iscas99__b15_1] [plan] step=22 node=N2101 type=observe q_typed_reliable_context=2.330341 sequence=41.369278
[b15-r11/marginal_horizon_lr1e4/e006] [plan iscas99__b15_1] [plan] step=23 node=N1860 type=observe q_typed_reliable_context=1.939069 sequence=43.308347
[b15-r11/marginal_horizon_lr1e4/e006] [plan iscas99__b15_1] [plan] step=24 node=N1372 type=observe q_typed_reliable_context=1.812720 sequence=45.121067
[b15-r11/marginal_horizon_lr1e4/e006] [plan iscas99__b15_1] [plan] step=25 node=N582 type=control1 q_typed_reliable_context=1.720757 sequence=46.841825
[b15-r11/marginal_horizon_lr1e4/e006] [plan iscas99__b15_1] [plan] step=26 node=N1532 type=observe q_typed_reliable_context=1.806058 sequence=48.647883
[b15-r11/marginal_horizon_lr1e4/e006] [plan iscas99__b15_1] [plan] step=27 node=N766 type=control1 q_typed_reliable_context=0.806640 sequence=49.454522
[b15-r11/marginal_horizon_lr1e4/e006] [plan iscas99__b15_1] [plan] step=28 node=N7516 type=observe q_typed_reliable_context=0.858389 sequence=50.312911
[b15-r11/marginal_horizon_lr1e4/e006] [plan iscas99__b15_1] [plan] step=29 node=N4684 type=control0 q_typed_reliable_context=2.985657 sequence=53.298568
[b15-r11/marginal_horizon_lr1e4/e006] [plan iscas99__b15_1] [plan] step=30 node=N1437 type=control1 q_typed_reliable_context=0.324663 sequence=53.623232
[b15-r11/marginal_horizon_lr1e4/e006] [plan iscas99__b15_1] [plan] step=31 node=N583 type=control1 q_typed_reliable_context=1.472114 sequence=55.095346
[b15-r11/marginal_horizon_lr1e4/e006] [plan iscas99__b15_1] [plan] step=32 node=N4670 type=control0 q_typed_reliable_context=2.807826 sequence=57.903171
[b15-r11/marginal_horizon_lr1e4/e006] [plan iscas99__b15_1] [plan] step=33 node=N7411 type=control1 q_typed_reliable_context=0.746173 sequence=58.649344
[b15-r11/marginal_horizon_lr1e4/e006] [plan iscas99__b15_1] [plan] step=34 node=N7413 type=control1 q_typed_reliable_context=0.978288 sequence=59.627632
[b15-r11/marginal_horizon_lr1e4/e006] [plan iscas99__b15_1] [plan] step=35 node=N4663 type=control0 q_typed_reliable_context=1.831759 sequence=61.459391
[b15-r11/marginal_horizon_lr1e4/e006] [plan iscas99__b15_1] [plan] step=36 node=N4656 type=control0 q_typed_reliable_context=2.134395 sequence=63.593786
[b15-r11/marginal_horizon_lr1e4/e006] [plan iscas99__b15_1] [plan] step=37 node=N4649 type=control0 q_typed_reliable_context=1.615070 sequence=65.208856
[b15-r11/marginal_horizon_lr1e4/e006] [plan iscas99__b15_1] [plan] step=38 node=N7881 type=control1 q_typed_reliable_context=0.712285 sequence=65.921141
[b15-r11/marginal_horizon_lr1e4/e006] [plan iscas99__b15_1] [plan] step=39 node=N7882 type=control1 q_typed_reliable_context=0.829745 sequence=66.750887
[b15-r11/marginal_horizon_lr1e4/e006] [plan iscas99__b15_1] [plan] step=40 node=N7883 type=control1 q_typed_reliable_context=0.600771 sequence=67.351658
[b15-r11/marginal_horizon_lr1e4/e006] [plan iscas99__b15_1] [plan] step=41 node=N7884 type=control1 q_typed_reliable_context=0.496956 sequence=67.848614
[b15-r11/marginal_horizon_lr1e4/e006] [plan iscas99__b15_1] [plan] step=42 node=N704 type=observe q_typed_reliable_context=1.458803 sequence=69.307418
[b15-r11/marginal_horizon_lr1e4/e006] [plan iscas99__b15_1] [plan] step=43 node=N6537 type=observe q_typed_reliable_context=3.684462 sequence=72.991880
[b15-r11/marginal_horizon_lr1e4/e006] [plan iscas99__b15_1] [plan] step=44 node=N4691 type=control0 q_typed_reliable_context=5.738020 sequence=78.729900
[b15-r11/marginal_horizon_lr1e4/e006] [plan iscas99__b15_1] [plan] step=45 node=N724 type=observe q_typed_reliable_context=3.062793 sequence=81.792694
[b15-r11/marginal_horizon_lr1e4/e006] [plan iscas99__b15_1] [plan] step=46 node=N4677 type=control0 q_typed_reliable_context=1.937010 sequence=83.729704
[b15-r11/marginal_horizon_lr1e4/e006] [plan iscas99__b15_1] [plan] step=47 node=N4698 type=control0 q_typed_reliable_context=1.140037 sequence=84.869741
[b15-r11/marginal_horizon_lr1e4/e006] [plan iscas99__b15_1] [plan] step=48 node=N8470 type=observe q_typed_reliable_context=1.498885 sequence=86.368625
[b15-r11/marginal_horizon_lr1e4/e006] [plan iscas99__b15_1] [plan] step=49 node=N4635 type=control0 q_typed_reliable_context=1.295819 sequence=87.664444
[b15-r11/marginal_horizon_lr1e4/e006] [plan iscas99__b15_1] [plan] step=50 node=N4705 type=control0 q_typed_reliable_context=1.395245 sequence=89.059689
[b15-r11/marginal_horizon_lr1e4/e006] [plan iscas99__b15_1] [plan] step=51 node=N3911 type=control0 q_typed_reliable_context=0.943222 sequence=90.002911
[b15-r11/marginal_horizon_lr1e4/e006] [plan iscas99__b15_1] [plan] step=52 node=N3904 type=control0 q_typed_reliable_context=0.944241 sequence=90.947152
[b15-r11/marginal_horizon_lr1e4/e006] [plan iscas99__b15_1] [plan] step=53 node=N3897 type=control0 q_typed_reliable_context=0.963260 sequence=91.910412
[b15-r11/marginal_horizon_lr1e4/e006] [plan iscas99__b15_1] [plan] step=54 node=N3701 type=control0 q_typed_reliable_context=0.916367 sequence=92.826779
[b15-r11/marginal_horizon_lr1e4/e006] [plan iscas99__b15_1] [plan] step=55 node=N3862 type=control0 q_typed_reliable_context=0.940914 sequence=93.767693
[b15-r11/marginal_horizon_lr1e4/e006] [plan iscas99__b15_1] [plan] step=56 node=N3855 type=control0 q_typed_reliable_context=0.953488 sequence=94.721181
[b15-r11/marginal_horizon_lr1e4/e006] [plan iscas99__b15_1] [plan] step=57 node=N3848 type=control0 q_typed_reliable_context=0.957504 sequence=95.678685
[b15-r11/marginal_horizon_lr1e4/e006] [plan iscas99__b15_1] [plan] step=58 node=N3889 type=control0 q_typed_reliable_context=0.959553 sequence=96.638238
[b15-r11/marginal_horizon_lr1e4/e006] [plan iscas99__b15_1] [plan] step=59 node=N3882 type=control0 q_typed_reliable_context=0.902126 sequence=97.540365
[b15-r11/marginal_horizon_lr1e4/e006] [plan iscas99__b15_1] [plan] step=60 node=N2083 type=observe q_typed_reliable_context=1.004444 sequence=98.544809
[b15-r11/marginal_horizon_lr1e4/e006] [plan iscas99__b15_1] [plan] step=61 node=N3805 type=control0 q_typed_reliable_context=1.114228 sequence=99.659037
[b15-r11/marginal_horizon_lr1e4/e006] [plan iscas99__b15_1] [plan] step=62 node=N5603 type=control0 q_typed_reliable_context=1.065797 sequence=100.724834
[b15-r11/marginal_horizon_lr1e4/e006] [plan iscas99__b15_1] [plan] step=63 node=N7506 type=observe q_typed_reliable_context=1.725270 sequence=102.450104
[b15-r11/marginal_horizon_lr1e4/e006] [plan iscas99__b15_1] [plan] step=64 node=N4606 type=control0 q_typed_reliable_context=0.898715 sequence=103.348819
[b15-r11/marginal_horizon_lr1e4/e006] [plan iscas99__b15_1] [plan] step=65 node=N4712 type=control0 q_typed_reliable_context=0.917913 sequence=104.266732
[b15-r11/marginal_horizon_lr1e4/e006] [plan iscas99__b15_1] [plan] step=66 node=N4716 type=control0 q_typed_reliable_context=1.024032 sequence=105.290764
[b15-r11/marginal_horizon_lr1e4/e006] [plan iscas99__b15_1] [plan] step=67 node=N2044 type=observe q_typed_reliable_context=1.030539 sequence=106.321303
[b15-r11/marginal_horizon_lr1e4/e006] [plan iscas99__b15_1] [plan] step=68 node=N519 type=control1 q_typed_reliable_context=0.967605 sequence=107.288908
[b15-r11/marginal_horizon_lr1e4/e006] [plan iscas99__b15_1] [plan] step=69 node=N2042 type=observe q_typed_reliable_context=0.854098 sequence=108.143006
[b15-r11/marginal_horizon_lr1e4/e006] [plan iscas99__b15_1] [plan] step=70 node=N504 type=control1 q_typed_reliable_context=1.406622 sequence=109.549628
[b15-r11/marginal_horizon_lr1e4/e006] [plan iscas99__b15_1] [plan] step=71 node=N7471 type=control0 q_typed_reliable_context=0.789921 sequence=110.339549
[b15-r11/marginal_horizon_lr1e4/e006] [plan iscas99__b15_1] [plan] step=72 node=N513 type=control1 q_typed_reliable_context=1.245291 sequence=111.584840
[b15-r11/marginal_horizon_lr1e4/e006] [plan iscas99__b15_1] [plan] step=73 node=N7724 type=control0 q_typed_reliable_context=0.756680 sequence=112.341520
[b15-r11/marginal_horizon_lr1e4/e006] [plan iscas99__b15_1] [plan] step=74 node=N520 type=control1 q_typed_reliable_context=1.391535 sequence=113.733055
[b15-r11/marginal_horizon_lr1e4/e006] [plan iscas99__b15_1] [plan] step=75 node=N1539 type=control0 q_typed_reliable_context=0.758645 sequence=114.491700
[b15-r11/marginal_horizon_lr1e4/e006] [plan iscas99__b15_1] [plan] step=76 node=N516 type=control1 q_typed_reliable_context=1.557467 sequence=116.049168
[b15-r11/marginal_horizon_lr1e4/e006] [plan iscas99__b15_1] [plan] step=77 node=N5234 type=observe q_typed_reliable_context=0.772998 sequence=116.822166
[b15-r11/marginal_horizon_lr1e4/e006] [plan iscas99__b15_1] [plan] step=78 node=N7722 type=control0 q_typed_reliable_context=0.843706 sequence=117.665871
[b15-r11/marginal_horizon_lr1e4/e006] [plan iscas99__b15_1] [plan] step=79 node=N4578 type=control0 q_typed_reliable_context=1.272578 sequence=118.938450
[b15-r11/marginal_horizon_lr1e4/e006] [plan iscas99__b15_1] [plan] step=80 node=N899 type=observe q_typed_reliable_context=1.117104 sequence=120.055554
[b15-r11/marginal_horizon_lr1e4/e006] [plan iscas99__b15_1] [plan] step=81 node=N7875 type=control1 q_typed_reliable_context=0.813393 sequence=120.868947
[b15-r11/marginal_horizon_lr1e4/e006] [plan iscas99__b15_1] [plan] step=82 node=N4585 type=control0 q_typed_reliable_context=1.269411 sequence=122.138358
[b15-r11/marginal_horizon_lr1e4/e006] [plan iscas99__b15_1] [plan] step=83 node=N7370 type=control1 q_typed_reliable_context=0.752133 sequence=122.890491
[b15-r11/marginal_horizon_lr1e4/e006] [plan iscas99__b15_1] [plan] step=84 node=N555 type=control1 q_typed_reliable_context=1.527500 sequence=124.417991
[b15-r11/marginal_horizon_lr1e4/e006] [plan iscas99__b15_1] [plan] step=85 node=N7891 type=control1 q_typed_reliable_context=1.320237 sequence=125.738228
[b15-r11/marginal_horizon_lr1e4/e006] [plan iscas99__b15_1] [plan] step=86 node=N7885 type=control1 q_typed_reliable_context=1.515689 sequence=127.253916
[b15-r11/marginal_horizon_lr1e4/e006] [plan iscas99__b15_1] [plan] step=87 node=N7886 type=control1 q_typed_reliable_context=1.689439 sequence=128.943356
[b15-r11/marginal_horizon_lr1e4/e006] [plan iscas99__b15_1] [plan] step=88 node=N7887 type=control1 q_typed_reliable_context=1.671014 sequence=130.614370
[b15-r11/marginal_horizon_lr1e4/e006] [plan iscas99__b15_1] [plan] step=89 node=N7888 type=control1 q_typed_reliable_context=0.992343 sequence=131.606712
[b15-r11/marginal_horizon_lr1e4/e006] [plan iscas99__b15_1] [plan] step=90 node=N7889 type=control1 q_typed_reliable_context=0.991927 sequence=132.598640
[b15-r11/marginal_horizon_lr1e4/e006] [plan iscas99__b15_1] [plan] step=91 node=N7890 type=control1 q_typed_reliable_context=1.112735 sequence=133.711374
[b15-r11/marginal_horizon_lr1e4/e006] [plan iscas99__b15_1] [plan] step=92 node=N507 type=control1 q_typed_reliable_context=1.311996 sequence=135.023371
[b15-r11/marginal_horizon_lr1e4/e006] [plan iscas99__b15_1] [plan] step=93 node=N3785 type=control0 q_typed_reliable_context=1.010820 sequence=136.034190
[b15-r11/marginal_horizon_lr1e4/e006] [plan iscas99__b15_1] [plan] step=94 node=N3827 type=control0 q_typed_reliable_context=2.631296 sequence=138.665486
[b15-r11/marginal_horizon_lr1e4/e006] [plan iscas99__b15_1] [plan] step=95 node=N713 type=observe q_typed_reliable_context=5.386838 sequence=144.052324
[b15-r11/marginal_horizon_lr1e4/e006] [plan iscas99__b15_1] [plan] step=96 node=N3820 type=control0 q_typed_reliable_context=1.424068 sequence=145.476392
[b15-r11/marginal_horizon_lr1e4/e006] [plan iscas99__b15_1] [plan] step=97 node=N7725 type=control0 q_typed_reliable_context=1.217617 sequence=146.694009
[b15-r11/marginal_horizon_lr1e4/e006] [plan iscas99__b15_1] [plan] step=98 node=N7723 type=control0 q_typed_reliable_context=1.466193 sequence=148.160202
[b15-r11/marginal_horizon_lr1e4/e006] [plan iscas99__b15_1] [plan] step=99 node=N7408 type=control0 q_typed_reliable_context=1.527170 sequence=149.687372
[b15-r11/marginal_horizon_lr1e4/e006] [plan iscas99__b15_1] [plan] step=100 node=N7541 type=control0 q_typed_reliable_context=1.386280 sequence=151.073653
[b15-r11/marginal_horizon_lr1e4/e006] [plan iscas99__b15_1] [plan] step=101 node=N7846 type=control0 q_typed_reliable_context=1.331846 sequence=152.405499
[b15-r11/marginal_horizon_lr1e4/e006] [plan iscas99__b15_1] [plan] step=102 node=N556 type=control1 q_typed_reliable_context=1.462483 sequence=153.867981
[b15-r11/marginal_horizon_lr1e4/e006] [plan iscas99__b15_1] [plan] step=103 node=N614 type=control1 q_typed_reliable_context=1.321327 sequence=155.189309
[b15-r11/marginal_horizon_lr1e4/e006] [plan iscas99__b15_1] [plan] step=104 node=N3813 type=control0 q_typed_reliable_context=1.783297 sequence=156.972606
[b15-r11/marginal_horizon_lr1e4/e006] [plan iscas99__b15_1] [plan] step=105 node=N634 type=control1 q_typed_reliable_context=1.444222 sequence=158.416828
[b15-r11/marginal_horizon_lr1e4/e006] [plan iscas99__b15_1] [plan] step=106 node=N3799 type=control0 q_typed_reliable_context=1.443681 sequence=159.860509
[b15-r11/marginal_horizon_lr1e4/e006] [plan iscas99__b15_1] [plan] step=107 node=N610 type=control1 q_typed_reliable_context=1.350883 sequence=161.211392
[b15-r11/marginal_horizon_lr1e4/e006] [plan iscas99__b15_1] [plan] step=108 node=N3792 type=control0 q_typed_reliable_context=1.323315 sequence=162.534707
[b15-r11/marginal_horizon_lr1e4/e006] [plan iscas99__b15_1] [plan] step=109 node=N620 type=control1 q_typed_reliable_context=1.224021 sequence=163.758728
[b15-r11/marginal_horizon_lr1e4/e006] [plan iscas99__b15_1] [plan] step=110 node=N510 type=control1 q_typed_reliable_context=1.716811 sequence=165.475540
[b15-r11/marginal_horizon_lr1e4/e006] [plan iscas99__b15_1] [plan] step=111 node=N638 type=control1 q_typed_reliable_context=1.312584 sequence=166.788124
[b15-r11/marginal_horizon_lr1e4/e006] [plan iscas99__b15_1] [plan] step=112 node=N3682 type=control0 q_typed_reliable_context=1.659994 sequence=168.448118
[b15-r11/marginal_horizon_lr1e4/e006] [plan iscas99__b15_1] [plan] step=113 node=N7852 type=control0 q_typed_reliable_context=1.336578 sequence=169.784696
[b15-r11/marginal_horizon_lr1e4/e006] [plan iscas99__b15_1] [plan] step=114 node=N722 type=observe q_typed_reliable_context=2.392752 sequence=172.177448
[b15-r11/marginal_horizon_lr1e4/e006] [plan iscas99__b15_1] [plan] step=115 node=N4564 type=control0 q_typed_reliable_context=1.972797 sequence=174.150245
[b15-r11/marginal_horizon_lr1e4/e006] [plan iscas99__b15_1] [plan] step=116 node=N7872 type=control1 q_typed_reliable_context=2.152248 sequence=176.302493
[b15-r11/marginal_horizon_lr1e4/e006] [plan iscas99__b15_1] [plan] step=117 node=N4557 type=control0 q_typed_reliable_context=2.926529 sequence=179.229022
[b15-r11/marginal_horizon_lr1e4/e006] [plan iscas99__b15_1] [plan] step=118 node=N4520 type=control0 q_typed_reliable_context=2.978776 sequence=182.207798
[b15-r11/marginal_horizon_lr1e4/e006] [plan iscas99__b15_1] [plan] step=119 node=N7847 type=control0 q_typed_reliable_context=3.026102 sequence=185.233899
[b15-r11/marginal_horizon_lr1e4/e006] [plan iscas99__b15_1] [plan] step=120 node=N3903 type=control0 q_typed_reliable_context=2.353151 sequence=187.587050
[b15-r11/marginal_horizon_lr1e4/e006] [plan iscas99__b15_1] [plan] step=121 node=N7853 type=control0 q_typed_reliable_context=2.391949 sequence=189.978999
[b15-r11/marginal_horizon_lr1e4/e006] [plan iscas99__b15_1] [plan] step=122 node=N7820 type=control0 q_typed_reliable_context=2.535723 sequence=192.514722
[b15-r11/marginal_horizon_lr1e4/e006] [plan iscas99__b15_1] [plan] step=123 node=N3896 type=control0 q_typed_reliable_context=2.362525 sequence=194.877247
[b15-r11/marginal_horizon_lr1e4/e006] [plan iscas99__b15_1] [plan] step=124 node=N7588 type=control1 q_typed_reliable_context=1.516251 sequence=196.393498
[b15-r11/marginal_horizon_lr1e4/e006] [plan iscas99__b15_1] [plan] step=125 node=N645 type=control1 q_typed_reliable_context=1.650566 sequence=198.044064
[b15-r11/marginal_horizon_lr1e4/e006] [plan iscas99__b15_1] [plan] step=126 node=N2040 type=observe q_typed_reliable_context=1.932182 sequence=199.976245
[b15-r11/marginal_horizon_lr1e4/e006] [plan iscas99__b15_1] [plan] step=127 node=N7590 type=control1 q_typed_reliable_context=1.280453 sequence=201.256698
[b15-r11/marginal_horizon_lr1e4/e006] [plan iscas99__b15_1] [plan] step=128 node=N7537 type=observe q_typed_reliable_context=1.544326 sequence=202.801024
[b15-r11/marginal_horizon_lr1e4/e006] [plan iscas99__b15_1] [plan] step=129 node=N7535 type=observe q_typed_reliable_context=1.965573 sequence=204.766597
[b15-r11/marginal_horizon_lr1e4/e006] [plan iscas99__b15_1] [plan] step=130 node=N7534 type=observe q_typed_reliable_context=2.771862 sequence=207.538459
[b15-r11/marginal_horizon_lr1e4/e006] [plan iscas99__b15_1] [plan] step=131 node=N7532 type=observe q_typed_reliable_context=3.783565 sequence=211.322024
[b15-r11/marginal_horizon_lr1e4/e006] [plan iscas99__b15_1] [plan] step=132 node=N3180 type=control1 q_typed_reliable_context=4.606993 sequence=215.929018
[b15-r11/marginal_horizon_lr1e4/e006] [plan iscas99__b15_1] [plan] step=133 node=N7518 type=observe q_typed_reliable_context=3.088007 sequence=219.017025
[b15-r11/marginal_horizon_lr1e4/e006] [plan iscas99__b15_1] [plan] step=134 node=N636 type=control1 q_typed_reliable_context=1.671784 sequence=220.688809
[b15-r11/marginal_horizon_lr1e4/e006] [plan iscas99__b15_1] [plan] step=135 node=N785 type=observe q_typed_reliable_context=2.528710 sequence=223.217519
[b15-r11/marginal_horizon_lr1e4/e006] [plan iscas99__b15_1] [plan] step=136 node=N616 type=control1 q_typed_reliable_context=2.320087 sequence=225.537606
[b15-r11/marginal_horizon_lr1e4/e006] [plan iscas99__b15_1] [plan] step=137 node=N7424 type=control1 q_typed_reliable_context=1.436147 sequence=226.973753
[b15-r11/marginal_horizon_lr1e4/e006] [plan iscas99__b15_1] [plan] step=138 node=N1552 type=observe q_typed_reliable_context=1.004577 sequence=227.978330
[b15-r11/marginal_horizon_lr1e4/e006] [plan iscas99__b15_1] [plan] step=139 node=N5867 type=observe q_typed_reliable_context=1.548138 sequence=229.526468
[b15-r11/marginal_horizon_lr1e4/e006] [plan iscas99__b15_1] [plan] step=140 node=N2157 type=observe q_typed_reliable_context=3.637893 sequence=233.164361
[b15-r11/marginal_horizon_lr1e4/e006] [plan iscas99__b15_1] [plan] step=141 node=N630 type=control1 q_typed_reliable_context=5.788541 sequence=238.952902
[b15-r11/marginal_horizon_lr1e4/e006] [plan iscas99__b15_1] [plan] step=142 node=N649 type=control1 q_typed_reliable_context=5.763966 sequence=244.716868
[b15-r11/marginal_horizon_lr1e4/e006] [plan iscas99__b15_1] [plan] step=143 node=N642 type=control1 q_typed_reliable_context=3.120743 sequence=247.837610
[b15-r11/marginal_horizon_lr1e4/e006] [plan iscas99__b15_1] [plan] step=144 node=N7402 type=observe q_typed_reliable_context=2.670667 sequence=250.508277
[b15-r11/marginal_horizon_lr1e4/e006] [plan iscas99__b15_1] [plan] step=145 node=N7679 type=observe q_typed_reliable_context=1.379924 sequence=251.888202
[b15-r11/marginal_horizon_lr1e4/e006] [plan iscas99__b15_1] [plan] step=146 node=N7627 type=observe q_typed_reliable_context=2.827038 sequence=254.715240
[b15-r11/marginal_horizon_lr1e4/e006] [plan iscas99__b15_1] [plan] step=147 node=N7465 type=observe q_typed_reliable_context=0.848195 sequence=255.563435
[b15-r11/marginal_horizon_lr1e4/e006] [plan iscas99__b15_1] [plan] step=148 node=N5627 type=observe q_typed_reliable_context=2.333453 sequence=257.896888
[b15-r11/marginal_horizon_lr1e4/e006] [plan iscas99__b15_1] [plan] step=149 node=N723 type=observe q_typed_reliable_context=2.701486 sequence=260.598374
[b15-r11/marginal_horizon_lr1e4/e006] [plan iscas99__b15_1] [plan] step=150 node=N7624 type=observe q_typed_reliable_context=2.862346 sequence=263.460721
[b15-r11/marginal_horizon_lr1e4/e006] [plan iscas99__b15_1] [plan] step=151 node=N6948 type=observe q_typed_reliable_context=2.923596 sequence=266.384316
[b15-r11/marginal_horizon_lr1e4/e006] [plan iscas99__b15_1] [plan] step=152 node=N3467 type=control1 q_typed_reliable_context=1.712995 sequence=268.097311
[b15-r11/marginal_horizon_lr1e4/e006] [plan iscas99__b15_1] [plan] step=153 node=N4521 type=observe q_typed_reliable_context=4.153678 sequence=272.250989
[b15-r11/marginal_horizon_lr1e4/e006] [plan iscas99__b15_1] [plan] step=154 node=N2580 type=control1 q_typed_reliable_context=1.735169 sequence=273.986158
[b15-r11/marginal_horizon_lr1e4/e006] [plan iscas99__b15_1] [plan] step=155 node=N2149 type=observe q_typed_reliable_context=2.214981 sequence=276.201139
[b15-r11/marginal_horizon_lr1e4/e006] [plan iscas99__b15_1] [plan] step=156 node=N1586 type=control1 q_typed_reliable_context=2.024161 sequence=278.225299
[b15-r11/marginal_horizon_lr1e4/e006] [plan iscas99__b15_1] [plan] step=157 node=N647 type=control1 q_typed_reliable_context=2.272261 sequence=280.497560
[b15-r11/marginal_horizon_lr1e4/e006] [plan iscas99__b15_1] [plan] step=158 node=N1607 type=control1 q_typed_reliable_context=2.671675 sequence=283.169235
[b15-r11/marginal_horizon_lr1e4/e006] [plan iscas99__b15_1] [plan] step=159 node=N5617 type=observe q_typed_reliable_context=4.693278 sequence=287.862514
[b15-r11/marginal_horizon_lr1e4/e006] [plan iscas99__b15_1] [plan] step=160 node=N2102 type=observe q_typed_reliable_context=1.783021 sequence=289.645535
[b15-r11/marginal_horizon_lr1e4/e006] [plan iscas99__b15_1] [plan] step=161 node=N6531 type=observe q_typed_reliable_context=5.159943 sequence=294.805478
[b15-r11/marginal_horizon_lr1e4/e006] [plan iscas99__b15_1] [plan] step=162 node=N7385 type=observe q_typed_reliable_context=5.391940 sequence=300.197418
[b15-r11/marginal_horizon_lr1e4/e006] [plan iscas99__b15_1] [plan] step=163 node=N714 type=observe q_typed_reliable_context=2.311152 sequence=302.508570
[b15-r11/marginal_horizon_lr1e4/e006] [plan iscas99__b15_1] [plan] step=164 node=N7614 type=observe q_typed_reliable_context=2.556161 sequence=305.064732
[b15-r11/marginal_horizon_lr1e4/e006] [plan iscas99__b15_1] [plan] step=165 node=N725 type=observe q_typed_reliable_context=2.655479 sequence=307.720211
[b15-r11/marginal_horizon_lr1e4/e006] [plan iscas99__b15_1] [plan] step=166 node=N694 type=observe q_typed_reliable_context=3.480392 sequence=311.200603
[b15-r11/marginal_horizon_lr1e4/e006] [plan iscas99__b15_1] [plan] step=167 node=N2106 type=observe q_typed_reliable_context=2.229516 sequence=313.430119
[b15-r11/marginal_horizon_lr1e4/e006] [plan iscas99__b15_1] [plan] step=168 node=N5877 type=observe q_typed_reliable_context=2.915399 sequence=316.345517
[b15-r11/marginal_horizon_lr1e4/e006] [plan iscas99__b15_1] [plan] step=169 node=N3525 type=control1 q_typed_reliable_context=1.654353 sequence=317.999870
[b15-r11/marginal_horizon_lr1e4/e006] [plan iscas99__b15_1] [plan] step=170 node=N7436 type=observe q_typed_reliable_context=4.528301 sequence=322.528171
[b15-r11/marginal_horizon_lr1e4/e006] [plan iscas99__b15_1] [plan] step=171 node=N3295 type=control1 q_typed_reliable_context=1.479453 sequence=324.007624
[b15-r11/marginal_horizon_lr1e4/e006] [plan iscas99__b15_1] [plan] step=172 node=N4529 type=observe q_typed_reliable_context=4.692166 sequence=328.699790
[b15-r11/marginal_horizon_lr1e4/e006] [plan iscas99__b15_1] [plan] step=173 node=N3410 type=control1 q_typed_reliable_context=1.965397 sequence=330.665188
[b15-r11/marginal_horizon_lr1e4/e006] [plan iscas99__b15_1] [plan] step=174 node=N7681 type=observe q_typed_reliable_context=4.428060 sequence=335.093247
[b15-r11/marginal_horizon_lr1e4/e006] [plan iscas99__b15_1] [plan] step=175 node=N2779 type=control1 q_typed_reliable_context=1.765368 sequence=336.858615
[b15-r11/marginal_horizon_lr1e4/e006] [plan iscas99__b15_1] [plan] step=176 node=N2721 type=control1 q_typed_reliable_context=1.743969 sequence=338.602584
[b15-r11/marginal_horizon_lr1e4/e006] [plan iscas99__b15_1] [plan] step=177 node=N7442 type=control0 q_typed_reliable_context=1.385668 sequence=339.988252
[b15-r11/marginal_horizon_lr1e4/e006] [plan iscas99__b15_1] [plan] step=178 node=N6674 type=observe q_typed_reliable_context=2.931379 sequence=342.919631
[b15-r11/marginal_horizon_lr1e4/e006] [plan iscas99__b15_1] [plan] step=179 node=N2652 type=control1 q_typed_reliable_context=1.579959 sequence=344.499590
[b15-r11/marginal_horizon_lr1e4/e006] [plan iscas99__b15_1] [plan] step=180 node=N2894 type=control1 q_typed_reliable_context=1.287666 sequence=345.787256
[b15-r11/marginal_horizon_lr1e4/e006] [plan iscas99__b15_1] [plan] step=181 node=N763 type=observe q_typed_reliable_context=1.051479 sequence=346.838735
[b15-r11/marginal_horizon_lr1e4/e006] [plan iscas99__b15_1] [plan] step=182 node=N706 type=observe q_typed_reliable_context=2.434218 sequence=349.272953
[b15-r11/marginal_horizon_lr1e4/e006] [plan iscas99__b15_1] [plan] step=183 node=N5873 type=observe q_typed_reliable_context=1.296740 sequence=350.569693
[b15-r11/marginal_horizon_lr1e4/e006] [plan iscas99__b15_1] [plan] step=184 node=N5356 type=observe q_typed_reliable_context=1.712240 sequence=352.281933
[b15-r11/marginal_horizon_lr1e4/e006] [plan iscas99__b15_1] [plan] step=185 node=N712 type=observe q_typed_reliable_context=2.082393 sequence=354.364326
[b15-r11/marginal_horizon_lr1e4/e006] [plan iscas99__b15_1] [plan] step=186 node=N2837 type=control1 q_typed_reliable_context=2.023378 sequence=356.387704
[b15-r11/marginal_horizon_lr1e4/e006] [plan iscas99__b15_1] [plan] step=187 node=N3009 type=control1 q_typed_reliable_context=1.554677 sequence=357.942381
[b15-r11/marginal_horizon_lr1e4/e006] [plan iscas99__b15_1] [plan] step=188 node=N7855 type=control0 q_typed_reliable_context=1.098586 sequence=359.040967
[b15-r11/marginal_horizon_lr1e4/e006] [plan iscas99__b15_1] [plan] step=189 node=N3067 type=control1 q_typed_reliable_context=2.048199 sequence=361.089166
[b15-r11/marginal_horizon_lr1e4/e006] [plan iscas99__b15_1] [plan] step=190 node=N7542 type=control0 q_typed_reliable_context=1.485902 sequence=362.575068
[b15-r11/marginal_horizon_lr1e4/e006] [plan iscas99__b15_1] [plan] step=191 node=N8790 type=control1 q_typed_reliable_context=2.152949 sequence=364.728017
[b15-r11/marginal_horizon_lr1e4/e006] [plan iscas99__b15_1] [plan] step=192 node=N8789 type=control1 q_typed_reliable_context=1.308315 sequence=366.036332
[b15-r11/marginal_horizon_lr1e4/e006] [plan iscas99__b15_1] [plan] step=193 node=N8240 type=control1 q_typed_reliable_context=1.155419 sequence=367.191751
[b15-r11/marginal_horizon_lr1e4/e006] [plan iscas99__b15_1] [plan] step=194 node=N8239 type=control1 q_typed_reliable_context=2.333522 sequence=369.525273
[b15-r11/marginal_horizon_lr1e4/e006] [plan iscas99__b15_1] [plan] step=195 node=N6688 type=observe q_typed_reliable_context=1.533300 sequence=371.058573
[b15-r11/marginal_horizon_lr1e4/e006] [plan iscas99__b15_1] [plan] step=196 node=N8607 type=control1 q_typed_reliable_context=6.391166 sequence=377.449739
[b15-r11/marginal_horizon_lr1e4/e006] [plan iscas99__b15_1] [plan] step=197 node=N5740 type=observe q_typed_reliable_context=3.502648 sequence=380.952387
[b15-r11/marginal_horizon_lr1e4/e006] [plan iscas99__b15_1] [plan] step=198 node=N578 type=observe q_typed_reliable_context=4.084601 sequence=385.036988
[b15-r11/marginal_horizon_lr1e4/e006] [plan iscas99__b15_1] [plan] step=199 node=N7453 type=observe q_typed_reliable_context=2.303902 sequence=387.340889
[b15-r11/marginal_horizon_lr1e4/e006] [plan iscas99__b15_1] [plan] step=200 node=N7500 type=observe q_typed_reliable_context=1.662073 sequence=389.002962
[b15-r11/marginal_horizon_lr1e4/e006] [plan iscas99__b15_1] [plan] step=201 node=N7401 type=observe q_typed_reliable_context=1.460988 sequence=390.463950
[b15-r11/marginal_horizon_lr1e4/e006] [plan iscas99__b15_1] [plan] step=202 node=N679 type=observe q_typed_reliable_context=2.177909 sequence=392.641860
[b15-r11/marginal_horizon_lr1e4/e006] [plan iscas99__b15_1] [plan] step=203 node=N5473 type=observe q_typed_reliable_context=4.457451 sequence=397.099310
[b15-r11/marginal_horizon_lr1e4/e006] [plan iscas99__b15_1] [plan] step=204 node=N715 type=observe q_typed_reliable_context=5.882746 sequence=402.982056
[b15-r11/marginal_horizon_lr1e4/e006] [plan iscas99__b15_1] [plan] step=205 node=N7405 type=observe q_typed_reliable_context=4.168441 sequence=407.150497
[b15-r11/marginal_horizon_lr1e4/e006] [plan iscas99__b15_1] [plan] step=206 node=N2952 type=control1 q_typed_reliable_context=1.391045 sequence=408.541543
[b15-r11/marginal_horizon_lr1e4/e006] [plan iscas99__b15_1] [plan] step=207 node=N652 type=control1 q_typed_reliable_context=6.453320 sequence=414.994863
[b15-r11/marginal_horizon_lr1e4/e006] [plan iscas99__b15_1] [plan] step=208 node=N2181 type=observe q_typed_reliable_context=3.944311 sequence=418.939174
[b15-r11/marginal_horizon_lr1e4/e006] [plan iscas99__b15_1] [plan] step=209 node=N7550 type=observe q_typed_reliable_context=6.885793 sequence=425.824966
[b15-r11/marginal_horizon_lr1e4/e006] [plan iscas99__b15_1] [plan] step=210 node=N8238 type=control1 q_typed_reliable_context=6.215547 sequence=432.040514
[b15-r11/marginal_horizon_lr1e4/e006] [plan iscas99__b15_1] [plan] step=211 node=N6573 type=observe q_typed_reliable_context=4.144426 sequence=436.184940
[b15-r11/marginal_horizon_lr1e4/e006] [plan iscas99__b15_1] [plan] step=212 node=N8606 type=control1 q_typed_reliable_context=2.486220 sequence=438.671160
[b15-r11/marginal_horizon_lr1e4/e006] [plan iscas99__b15_1] [plan] step=213 node=N8237 type=control1 q_typed_reliable_context=6.890140 sequence=445.561300
[b15-r11/marginal_horizon_lr1e4/e006] [plan iscas99__b15_1] [plan] step=214 node=N902 type=control1 q_typed_reliable_context=6.961135 sequence=452.522435
[b15-r11/marginal_horizon_lr1e4/e006] [plan iscas99__b15_1] [plan] step=215 node=N8605 type=control1 q_typed_reliable_context=6.574034 sequence=459.096469
[b15-r11/marginal_horizon_lr1e4/e006] [plan iscas99__b15_1] [plan] step=216 node=N4489 type=observe q_typed_reliable_context=6.371097 sequence=465.467567
[b15-r11/marginal_horizon_lr1e4/e006] [plan iscas99__b15_1] [plan] step=217 node=N8236 type=control1 q_typed_reliable_context=5.901730 sequence=471.369297
[b15-r11/marginal_horizon_lr1e4/e006] [plan iscas99__b15_1] [plan] step=218 node=N5456 type=observe q_typed_reliable_context=5.886830 sequence=477.256127
[b15-r11/marginal_horizon_lr1e4/e006] [plan iscas99__b15_1] [plan] step=219 node=N515 type=control1 q_typed_reliable_context=6.511722 sequence=483.767848
[b15-r11/marginal_horizon_lr1e4/e006] [plan iscas99__b15_1] [plan] step=220 node=N703 type=observe q_typed_reliable_context=6.446760 sequence=490.214608
[b15-r11/marginal_horizon_lr1e4/e006] [plan iscas99__b15_1] [plan] step=221 node=N5879 type=observe q_typed_reliable_context=5.841508 sequence=496.056117
[b15-r11/marginal_horizon_lr1e4/e006] [plan iscas99__b15_1] [plan] step=222 node=N5725 type=observe q_typed_reliable_context=1.709184 sequence=497.765301
[b15-r11/marginal_horizon_lr1e4/e006] [plan iscas99__b15_1] [plan] step=223 node=N705 type=observe q_typed_reliable_context=2.033500 sequence=499.798801
[b15-r11/marginal_horizon_lr1e4/e006] [plan iscas99__b15_1] [plan] step=224 node=N5439 type=observe q_typed_reliable_context=2.572412 sequence=502.371213
[b15-r11/marginal_horizon_lr1e4/e006] [plan iscas99__b15_1] [plan] step=225 node=N4460 type=control0 q_typed_reliable_context=4.364952 sequence=506.736165
[b15-r11/marginal_horizon_lr1e4/e006] [plan iscas99__b15_1] [plan] step=226 node=N6581 type=observe q_typed_reliable_context=4.315015 sequence=511.051180
[b15-r11/marginal_horizon_lr1e4/e006] [plan iscas99__b15_1] [plan] step=227 node=N5422 type=observe q_typed_reliable_context=6.003250 sequence=517.054430
[b15-r11/marginal_horizon_lr1e4/e006] [plan iscas99__b15_1] [plan] step=228 node=N2151 type=observe q_typed_reliable_context=6.872704 sequence=523.927134
[b15-r11/marginal_horizon_lr1e4/e006] [plan iscas99__b15_1] [plan] step=229 node=N1951 type=observe q_typed_reliable_context=5.426152 sequence=529.353286
[b15-r11/marginal_horizon_lr1e4/e006] [plan iscas99__b15_1] [plan] step=230 node=N7439 type=observe q_typed_reliable_context=5.189814 sequence=534.543100
[b15-r11/marginal_horizon_lr1e4/e006] [plan iscas99__b15_1] [plan] step=231 node=N4558 type=observe q_typed_reliable_context=2.185570 sequence=536.728670
[b15-r11/marginal_horizon_lr1e4/e006] [plan iscas99__b15_1] [plan] step=232 node=N5390 type=observe q_typed_reliable_context=2.016166 sequence=538.744836
[b15-r11/marginal_horizon_lr1e4/e006] [plan iscas99__b15_1] [plan] step=233 node=N1874 type=observe q_typed_reliable_context=4.649386 sequence=543.394222
[b15-r11/marginal_horizon_lr1e4/e006] [plan iscas99__b15_1] [plan] step=234 node=N5202 type=observe q_typed_reliable_context=5.521443 sequence=548.915665
[b15-r11/marginal_horizon_lr1e4/e006] [plan iscas99__b15_1] [plan] step=235 node=N6660 type=observe q_typed_reliable_context=5.715244 sequence=554.630909
[b15-r11/marginal_horizon_lr1e4/e006] [plan iscas99__b15_1] [plan] step=236 node=N719 type=observe q_typed_reliable_context=5.223993 sequence=559.854902
[b15-r11/marginal_horizon_lr1e4/e006] [plan iscas99__b15_1] [plan] step=237 node=N5334 type=observe q_typed_reliable_context=5.346633 sequence=565.201535
[b15-r11/marginal_horizon_lr1e4/e006] [plan iscas99__b15_1] [plan] step=238 node=N7380 type=observe q_typed_reliable_context=3.714940 sequence=568.916476
[b15-r11/marginal_horizon_lr1e4/e006] [plan iscas99__b15_1] [plan] step=239 node=N4497 type=observe q_typed_reliable_context=2.044886 sequence=570.961362
[b15-r11/marginal_horizon_lr1e4/e006] [plan iscas99__b15_1] [plan] step=240 node=N5373 type=observe q_typed_reliable_context=2.891860 sequence=573.853222
[b15-r11/marginal_horizon_lr1e4/e006] [plan iscas99__b15_1] [plan] step=241 node=N699 type=observe q_typed_reliable_context=5.786949 sequence=579.640171
[b15-r11/marginal_horizon_lr1e4/e006] [plan iscas99__b15_1] [plan] step=242 node=N6658 type=observe q_typed_reliable_context=6.511714 sequence=586.151885
[b15-r11/marginal_horizon_lr1e4/e006] [plan iscas99__b15_1] [plan] step=243 node=N734 type=observe q_typed_reliable_context=2.242716 sequence=588.394601
[b15-r11/marginal_horizon_lr1e4/e006] [plan iscas99__b15_1] [plan] step=244 node=N6932 type=observe q_typed_reliable_context=4.871303 sequence=593.265904
[b15-r11/marginal_horizon_lr1e4/e006] [plan iscas99__b15_1] [plan] step=245 node=N708 type=observe q_typed_reliable_context=4.137294 sequence=597.403197
[b15-r11/marginal_horizon_lr1e4/e006] [plan iscas99__b15_1] [plan] step=246 node=N7383 type=observe q_typed_reliable_context=6.505514 sequence=603.908711
[b15-r11/marginal_horizon_lr1e4/e006] [plan iscas99__b15_1] [plan] step=247 node=N2159 type=observe q_typed_reliable_context=4.148626 sequence=608.057338
[b15-r11/marginal_horizon_lr1e4/e006] [plan iscas99__b15_1] [plan] step=248 node=N4505 type=observe q_typed_reliable_context=2.738566 sequence=610.795904
[b15-r11/marginal_horizon_lr1e4/e006] [plan iscas99__b15_1] [plan] step=249 node=N1351 type=observe q_typed_reliable_context=4.300188 sequence=615.096092
[b15-r11/marginal_horizon_lr1e4/e006] [plan iscas99__b15_1] [plan] step=250 node=N6656 type=observe q_typed_reliable_context=5.249629 sequence=620.345721
[b15-r11/marginal_horizon_lr1e4/e006] [plan iscas99__b15_1] [plan] step=251 node=N4421 type=control0 q_typed_reliable_context=1.589179 sequence=621.934900
[b15-r11/marginal_horizon_lr1e4/e006] [plan iscas99__b15_1] [plan] step=252 node=N1688 type=observe q_typed_reliable_context=5.495023 sequence=627.429923
[b15-r11/marginal_horizon_lr1e4/e006] [plan iscas99__b15_1] [plan] step=253 node=N1598 type=observe q_typed_reliable_context=5.108268 sequence=632.538192
[b15-r11/marginal_horizon_lr1e4/e006] [plan iscas99__b15_1] [plan] step=254 node=N4532 type=control0 q_typed_reliable_context=4.836139 sequence=637.374331
[b15-r11/marginal_horizon_lr1e4/e006] [plan iscas99__b15_1] [plan] step=255 node=N4442 type=control0 q_typed_reliable_context=4.116228 sequence=641.490559
[b15-r11/marginal_horizon_lr1e4/e006] [plan iscas99__b15_1] [plan] step=256 node=N765 type=observe q_typed_reliable_context=5.688330 sequence=647.178889
[b15-r11/marginal_horizon_lr1e4/e006] [plan iscas99__b15_1] [plan] step=257 node=N684 type=observe q_typed_reliable_context=4.729182 sequence=651.908071
[b15-r11/marginal_horizon_lr1e4/e006] [plan iscas99__b15_1] [plan] step=258 node=N729 type=observe q_typed_reliable_context=5.198463 sequence=657.106534
[b15-r11/marginal_horizon_lr1e4/e006] [plan iscas99__b15_1] [plan] step=259 node=N7381 type=observe q_typed_reliable_context=5.634969 sequence=662.741503
[b15-r11/marginal_horizon_lr1e4/e006] [plan iscas99__b15_1] [plan] step=260 node=N8235 type=control1 q_typed_reliable_context=3.187600 sequence=665.929103
[b15-r11/marginal_horizon_lr1e4/e006] [plan iscas99__b15_1] [plan] step=261 node=N7512 type=observe q_typed_reliable_context=0.599301 sequence=666.528404
[b15-r11/marginal_horizon_lr1e4/e006] [plan iscas99__b15_1] [plan] step=262 node=N1854 type=observe q_typed_reliable_context=5.309144 sequence=671.837548
[b15-r11/marginal_horizon_lr1e4/e006] [plan iscas99__b15_1] [plan] step=263 node=N686 type=observe q_typed_reliable_context=5.636602 sequence=677.474150
[b15-r11/marginal_horizon_lr1e4/e006] [plan iscas99__b15_1] [plan] step=264 node=N545 type=observe q_typed_reliable_context=6.068277 sequence=683.542427
[b15-r11/marginal_horizon_lr1e4/e006] [plan iscas99__b15_1] [plan] step=265 node=N4513 type=observe q_typed_reliable_context=1.415267 sequence=684.957694
[b15-r11/marginal_horizon_lr1e4/e006] [plan iscas99__b15_1] [plan] step=266 node=N898 type=observe q_typed_reliable_context=2.776490 sequence=687.734184
[b15-r11/marginal_horizon_lr1e4/e006] [plan iscas99__b15_1] [plan] step=267 node=N543 type=observe q_typed_reliable_context=5.853876 sequence=693.588060
[b15-r11/marginal_horizon_lr1e4/e006] [plan iscas99__b15_1] [plan] step=268 node=N6678 type=observe q_typed_reliable_context=4.366869 sequence=697.954929
[b15-r11/marginal_horizon_lr1e4/e006] [plan iscas99__b15_1] [plan] step=269 node=N689 type=observe q_typed_reliable_context=7.249368 sequence=705.204296
[b15-r11/marginal_horizon_lr1e4/e006] [plan iscas99__b15_1] [plan] step=270 node=N2271 type=observe q_typed_reliable_context=7.064353 sequence=712.268649
[b15-r11/marginal_horizon_lr1e4/e006] [plan iscas99__b15_1] [plan] step=271 node=N8234 type=control1 q_typed_reliable_context=0.938009 sequence=713.206658
[b15-r11/marginal_horizon_lr1e4/e006] [plan iscas99__b15_1] [plan] step=272 node=N541 type=observe q_typed_reliable_context=4.408029 sequence=717.614687
[b15-r11/marginal_horizon_lr1e4/e006] [plan iscas99__b15_1] [plan] step=273 node=N7802 type=observe q_typed_reliable_context=7.806445 sequence=725.421132
[b15-r11/marginal_horizon_lr1e4/e006] [plan iscas99__b15_1] [plan] step=274 node=N6685 type=observe q_typed_reliable_context=0.711867 sequence=726.132999
[b15-r11/marginal_horizon_lr1e4/e006] [plan iscas99__b15_1] [plan] step=275 node=N695 type=observe q_typed_reliable_context=5.707211 sequence=731.840211
[b15-r11/marginal_horizon_lr1e4/e006] [plan iscas99__b15_1] [plan] step=276 node=N2243 type=observe q_typed_reliable_context=1.058835 sequence=732.899045
[b15-r11/marginal_horizon_lr1e4/e006] [plan iscas99__b15_1] [plan] step=277 node=N539 type=observe q_typed_reliable_context=5.401162 sequence=738.300208
[b15-r11/marginal_horizon_lr1e4/e006] [plan iscas99__b15_1] [plan] step=278 node=N7433 type=observe q_typed_reliable_context=7.268426 sequence=745.568633
[b15-r11/marginal_horizon_lr1e4/e006] [plan iscas99__b15_1] saved=autoresearch/loop-260720-0945/model_training_round11/b15_selection/marginal_horizon_lr1e4/epoch_006/alpha_0p10_decay_64/plans/iscas99__b15_1__greedy__cumulative__q_typed_reliable_context__bw1__d1__c64__g1p0__candhard_fault_cluster__div0p0__s0.csv
[b15-r11/marginal_horizon_lr1e4/e006] [gmean] 2026-07-21T18:01:44 [1/1] plan_done benchmark=iscas99__b15_1 plan_sec=238.102 plan_csv=autoresearch/loop-260720-0945/model_training_round11/b15_selection/marginal_horizon_lr1e4/epoch_006/alpha_0p10_decay_64/plans/iscas99__b15_1__greedy__cumulative__q_typed_reliable_context__bw1__d1__c64__g1p0__candhard_fault_cluster__div0p0__s0.csv
[b15-r11/marginal_horizon_lr1e4/e006] [gmean] 2026-07-21T18:01:44 [1/1] eval_start benchmark=iscas99__b15_1 backend=atalanta-bist patterns=300000
[b15-r11/marginal_horizon_lr1e4/e006] [eval iscas99__b15_1] {
[b15-r11/marginal_horizon_lr1e4/e006] [eval iscas99__b15_1]   "records": 2,
[b15-r11/marginal_horizon_lr1e4/e006] [eval iscas99__b15_1]   "labels_csv": "autoresearch/loop-260720-0945/model_training_round11/b15_selection/marginal_horizon_lr1e4/epoch_006/alpha_0p10_decay_64/evals/iscas99__b15_1__greedy__cumulative__q_typed_reliable_context__bw1__d1__c64__g1p0__candhard_fault_cluster__div0p0__s0/labels.csv",
[b15-r11/marginal_horizon_lr1e4/e006] [eval iscas99__b15_1]   "summary_json": "autoresearch/loop-260720-0945/model_training_round11/b15_selection/marginal_horizon_lr1e4/epoch_006/alpha_0p10_decay_64/evals/iscas99__b15_1__greedy__cumulative__q_typed_reliable_context__bw1__d1__c64__g1p0__candhard_fault_cluster__div0p0__s0/summary.json"
[b15-r11/marginal_horizon_lr1e4/e006] [eval iscas99__b15_1] }
[b15-r11/marginal_horizon_lr1e4/e006] [gmean] 2026-07-21T18:01:51 [1/1] eval_done benchmark=iscas99__b15_1 delta_tc=0.12707000000000013 plan_sec=238.102 eval_sec=7.44 total_sec=245.553
[b15-r11/marginal_horizon_lr1e4/e006] [gmean] 2026-07-21T18:01:51 variant_done id=greedy__cumulative__q_typed_reliable_context__bw1__d1__c64__g1p0__candhard_fault_cluster__div0p0__s0 status=ok macro=0.12707000000000013 positives=1 negatives=0 elapsed=245.553
