[plan] candidate_allowlist=autoresearch/original-netlist-recovery-260712/exact_itc99/b15_C/exact_candidate_nodes.txt nodes=7918
[plan] latent_norm_clip_ratio=4 latent_norm_limit=30.875631
[plan] step=1 node=N677 type=control1 q_pred_context=4.904948 sequence=4.904948
[plan] step=2 node=N2155 type=observe q_pred_context=3.253100 sequence=8.158048
[plan] step=3 node=N502 type=control1 q_pred_context=1.992583 sequence=10.150631
[plan] step=4 node=N762 type=control1 q_pred_context=1.452370 sequence=11.603002
[plan] step=5 node=N3742 type=control0 q_pred_context=0.865047 sequence=12.468049
[plan] step=6 node=N3644 type=control0 q_pred_context=1.489062 sequence=13.957111
[plan] step=7 node=N557 type=control1 q_pred_context=0.910941 sequence=14.868052
[plan] step=8 node=N3756 type=control0 q_pred_context=1.097939 sequence=15.965991
[plan] step=9 node=N508 type=control1 q_pred_context=1.312301 sequence=17.278292
[plan] step=10 node=N564 type=control1 q_pred_context=1.268922 sequence=18.547214
[plan] step=11 node=N5143 type=observe q_pred_context=1.225105 sequence=19.772319
[plan] step=12 node=N7511 type=control1 q_pred_context=1.542203 sequence=21.314522
[plan] step=13 node=N580 type=control1 q_pred_context=1.398407 sequence=22.712930
[plan] step=14 node=N2082 type=observe q_pred_context=1.027638 sequence=23.740567
[plan] step=15 node=N737 type=control1 q_pred_context=2.792230 sequence=26.532797
[plan] step=16 node=N496 type=control1 q_pred_context=2.388626 sequence=28.921423
[plan] step=17 node=N5723 type=control0 q_pred_context=1.061653 sequence=29.983076
[plan] step=18 node=N5203 type=control1 q_pred_context=4.262513 sequence=34.245589
[plan] step=19 node=N2153 type=observe q_pred_context=1.484731 sequence=35.730319
[plan] step=20 node=N1853 type=observe q_pred_context=3.571251 sequence=39.301570
[plan] step=21 node=N2101 type=observe q_pred_context=2.972301 sequence=42.273871
[plan] step=22 node=N1860 type=observe q_pred_context=2.015382 sequence=44.289253
[plan] step=23 node=N582 type=control1 q_pred_context=2.089187 sequence=46.378440
[plan] step=24 node=N1372 type=observe q_pred_context=1.525271 sequence=47.903711
[plan] step=25 node=N1532 type=observe q_pred_context=1.789228 sequence=49.692938
[plan] step=26 node=N766 type=control1 q_pred_context=1.752550 sequence=51.445489
[plan] step=27 node=N7516 type=observe q_pred_context=0.858868 sequence=52.304357
[plan] step=28 node=N576 type=observe q_pred_context=1.673934 sequence=53.978291
[plan] step=29 node=N583 type=control1 q_pred_context=1.775629 sequence=55.753920
[plan] step=30 node=N5234 type=observe q_pred_context=0.252102 sequence=56.006022
[plan] step=31 node=N4656 type=control0 q_pred_context=2.350522 sequence=58.356544
[plan] step=32 node=N7411 type=control1 q_pred_context=0.392610 sequence=58.749154
[plan] step=33 node=N7413 type=control1 q_pred_context=0.550557 sequence=59.299711
[plan] step=34 node=N4712 type=control0 q_pred_context=4.305828 sequence=63.605539
[plan] step=35 node=N7891 type=control1 q_pred_context=0.297165 sequence=63.902704
[plan] step=36 node=N2314 type=control1 q_pred_context=0.163969 sequence=64.066673
[plan] step=37 node=N4705 type=control0 q_pred_context=4.537098 sequence=68.603771
[plan] step=38 node=N4698 type=control0 q_pred_context=2.043024 sequence=70.646795
[plan] step=39 node=N4691 type=control0 q_pred_context=1.889281 sequence=72.536076
[plan] step=40 node=N4670 type=control0 q_pred_context=1.894697 sequence=74.430773
[plan] step=41 node=N704 type=observe q_pred_context=2.469638 sequence=76.900410
[plan] step=42 node=N6537 type=observe q_pred_context=4.694948 sequence=81.595358
[plan] step=43 node=N4649 type=control0 q_pred_context=3.015394 sequence=84.610752
[plan] step=44 node=N724 type=observe q_pred_context=3.080037 sequence=87.690789
[plan] step=45 node=N4684 type=control0 q_pred_context=4.321428 sequence=92.012217
[plan] step=46 node=N4635 type=control0 q_pred_context=2.439119 sequence=94.451337
[plan] step=47 node=N8470 type=observe q_pred_context=2.033953 sequence=96.485289
[plan] step=48 node=N3701 type=control0 q_pred_context=0.851092 sequence=97.336381
[plan] step=49 node=N4677 type=control0 q_pred_context=1.672657 sequence=99.009039
[plan] step=50 node=N3911 type=control0 q_pred_context=0.942658 sequence=99.951697
[plan] step=51 node=N3904 type=control0 q_pred_context=0.976341 sequence=100.928038
[plan] step=52 node=N4716 type=control0 q_pred_context=1.415535 sequence=102.343572
[plan] step=53 node=N4663 type=control0 q_pred_context=1.254978 sequence=103.598550
[plan] step=54 node=N3862 type=control0 q_pred_context=0.908868 sequence=104.507418
[plan] step=55 node=N3855 type=control0 q_pred_context=0.957103 sequence=105.464521
[plan] step=56 node=N3848 type=control0 q_pred_context=0.883366 sequence=106.347887
[plan] step=57 node=N3841 type=control0 q_pred_context=0.909900 sequence=107.257787
[plan] step=58 node=N3827 type=control0 q_pred_context=0.982193 sequence=108.239980
[plan] step=59 node=N3820 type=control0 q_pred_context=1.060957 sequence=109.300938
[plan] step=60 node=N3813 type=control0 q_pred_context=1.085836 sequence=110.386774
[plan] step=61 node=N3799 type=control0 q_pred_context=1.104743 sequence=111.491517
[plan] step=62 node=N3722 type=control0 q_pred_context=1.494600 sequence=112.986118
[plan] step=63 node=N4606 type=control0 q_pred_context=1.521987 sequence=114.508105
[plan] step=64 node=N4585 type=control0 q_pred_context=1.339283 sequence=115.847388
[plan] step=65 node=N4578 type=control0 q_pred_context=1.322690 sequence=117.170078
[plan] step=66 node=N7506 type=observe q_pred_context=1.792190 sequence=118.962268
[plan] step=67 node=N3889 type=control0 q_pred_context=1.425870 sequence=120.388138
[plan] step=68 node=N4564 type=control0 q_pred_context=1.115697 sequence=121.503835
[plan] step=69 node=N2350 type=control0 q_pred_context=1.131171 sequence=122.635006
[plan] step=70 node=N7722 type=control0 q_pred_context=0.938534 sequence=123.573540
[plan] step=71 node=N4557 type=control0 q_pred_context=0.949621 sequence=124.523160
[plan] step=72 node=N7724 type=control0 q_pred_context=1.251015 sequence=125.774176
[plan] step=73 node=N7471 type=control0 q_pred_context=0.943689 sequence=126.717865
[plan] step=74 node=N519 type=control1 q_pred_context=1.183958 sequence=127.901823
[plan] step=75 node=N7890 type=control1 q_pred_context=0.899719 sequence=128.801542
[plan] step=76 node=N4520 type=control0 q_pred_context=0.920935 sequence=129.722478
[plan] step=77 node=N2083 type=observe q_pred_context=1.110462 sequence=130.832940
[plan] step=78 node=N504 type=control1 q_pred_context=1.761558 sequence=132.594498
[plan] step=79 node=N516 type=control1 q_pred_context=1.295340 sequence=133.889838
[plan] step=80 node=N2044 type=observe q_pred_context=1.113533 sequence=135.003371
[plan] step=81 node=N520 type=control1 q_pred_context=1.081293 sequence=136.084664
[plan] step=82 node=N899 type=observe q_pred_context=1.084884 sequence=137.169548
[plan] step=83 node=N513 type=control1 q_pred_context=1.523759 sequence=138.693307
[plan] step=84 node=N2042 type=observe q_pred_context=1.017423 sequence=139.710730
[plan] step=85 node=N7875 type=control1 q_pred_context=0.981290 sequence=140.692020
[plan] step=86 node=N3903 type=control0 q_pred_context=0.935177 sequence=141.627197
[plan] step=87 node=N7588 type=control1 q_pred_context=1.199685 sequence=142.826881
[plan] step=88 node=N7889 type=control1 q_pred_context=1.219420 sequence=144.046302
[plan] step=89 node=N7888 type=control1 q_pred_context=1.277047 sequence=145.323349
[plan] step=90 node=N7887 type=control1 q_pred_context=1.090574 sequence=146.413923
[plan] step=91 node=N7886 type=control1 q_pred_context=1.010965 sequence=147.424888
[plan] step=92 node=N713 type=observe q_pred_context=2.337872 sequence=149.762760
[plan] step=93 node=N7725 type=control0 q_pred_context=1.248910 sequence=151.011670
[plan] step=94 node=N7884 type=control1 q_pred_context=0.860670 sequence=151.872341
[plan] step=95 node=N7885 type=control1 q_pred_context=1.238398 sequence=153.110738
[plan] step=96 node=N7723 type=control0 q_pred_context=1.896713 sequence=155.007452
[plan] step=97 node=N7846 type=control0 q_pred_context=4.408365 sequence=159.415817
[plan] step=98 node=N7883 type=control1 q_pred_context=2.988511 sequence=162.404328
[plan] step=99 node=N7882 type=control1 q_pred_context=2.265216 sequence=164.669544
[plan] step=100 node=N7408 type=control0 q_pred_context=1.797500 sequence=166.467044
[plan] step=101 node=N7726 type=control0 q_pred_context=2.670604 sequence=169.137648
[plan] step=102 node=N7541 type=control0 q_pred_context=2.099312 sequence=171.236960
[plan] step=103 node=N7532 type=observe q_pred_context=1.017735 sequence=172.254695
[plan] step=104 node=N507 type=control1 q_pred_context=1.611202 sequence=173.865897
[plan] step=105 node=N3792 type=control0 q_pred_context=1.873389 sequence=175.739286
[plan] step=106 node=N3785 type=control0 q_pred_context=0.833692 sequence=176.572978
[plan] step=107 node=N1411 type=control0 q_pred_context=0.751931 sequence=177.324909
[plan] step=108 node=N7465 type=observe q_pred_context=1.067356 sequence=178.392265
[plan] step=109 node=N510 type=control1 q_pred_context=1.931106 sequence=180.323371
[plan] step=110 node=N5356 type=observe q_pred_context=1.174211 sequence=181.497582
[plan] step=111 node=N556 type=control1 q_pred_context=1.301378 sequence=182.798959
[plan] step=112 node=N6948 type=observe q_pred_context=1.154685 sequence=183.953645
[plan] step=113 node=N7624 type=observe q_pred_context=1.129704 sequence=185.083349
[plan] step=114 node=N5867 type=observe q_pred_context=1.009960 sequence=186.093309
[plan] step=115 node=N5627 type=observe q_pred_context=1.383141 sequence=187.476449
[plan] step=116 node=N7370 type=control1 q_pred_context=1.420602 sequence=188.897051
[plan] step=117 node=N555 type=control1 q_pred_context=1.624006 sequence=190.521057
[plan] step=118 node=N5878 type=observe q_pred_context=1.921144 sequence=192.442201
[plan] step=119 node=N4614 type=observe q_pred_context=1.580978 sequence=194.023178
[plan] step=120 node=N7518 type=observe q_pred_context=1.155355 sequence=195.178533
[plan] step=121 node=N785 type=observe q_pred_context=1.506572 sequence=196.685105
[plan] step=122 node=N5876 type=observe q_pred_context=2.079088 sequence=198.764192
[plan] step=123 node=N7537 type=observe q_pred_context=1.115815 sequence=199.880008
[plan] step=124 node=N7627 type=observe q_pred_context=2.282800 sequence=202.162807
[plan] step=125 node=N694 type=observe q_pred_context=2.200316 sequence=204.363123
[plan] step=126 node=N7535 type=observe q_pred_context=1.363416 sequence=205.726539
[plan] step=127 node=N7534 type=observe q_pred_context=1.740576 sequence=207.467115
[plan] step=128 node=N7721 type=control0 q_pred_context=1.339875 sequence=208.806990
[plan] step=129 node=N7402 type=observe q_pred_context=1.193007 sequence=209.999997
[plan] step=130 node=N7679 type=observe q_pred_context=1.305664 sequence=211.305661
[plan] step=131 node=N7820 type=control0 q_pred_context=1.209850 sequence=212.515510
[plan] step=132 node=N2102 type=observe q_pred_context=0.807920 sequence=213.323430
[plan] step=133 node=N2580 type=control1 q_pred_context=0.938567 sequence=214.261997
[plan] step=134 node=N5617 type=observe q_pred_context=2.385984 sequence=216.647982
[plan] step=135 node=N645 type=control1 q_pred_context=1.781985 sequence=218.429966
[plan] step=136 node=N7852 type=control0 q_pred_context=1.055611 sequence=219.485577
[plan] step=137 node=N638 type=control1 q_pred_context=1.290021 sequence=220.775598
[plan] step=138 node=N620 type=control1 q_pred_context=1.122648 sequence=221.898246
[plan] step=139 node=N614 type=control1 q_pred_context=1.022557 sequence=222.920803
[plan] step=140 node=N636 type=control1 q_pred_context=1.119955 sequence=224.040757
[plan] step=141 node=N634 type=control1 q_pred_context=1.219089 sequence=225.259846
[plan] step=142 node=N610 type=control1 q_pred_context=1.441564 sequence=226.701410
[plan] step=143 node=N616 type=control1 q_pred_context=1.633377 sequence=228.334788
[plan] step=144 node=N630 type=control1 q_pred_context=1.998959 sequence=230.333747
[plan] step=145 node=N642 type=control1 q_pred_context=2.134356 sequence=232.468102
[plan] step=146 node=N2157 type=observe q_pred_context=2.856357 sequence=235.324460
[plan] step=147 node=N7853 type=control0 q_pred_context=1.213910 sequence=236.538370
[plan] step=148 node=N7847 type=control0 q_pred_context=0.991308 sequence=237.529678
[plan] step=149 node=N6538 type=observe q_pred_context=1.268617 sequence=238.798294
[plan] step=150 node=N578 type=observe q_pred_context=0.993943 sequence=239.792238
[plan] step=151 node=N7453 type=observe q_pred_context=0.860684 sequence=240.652922
[plan] step=152 node=N7500 type=observe q_pred_context=0.789788 sequence=241.442710
[plan] step=153 node=N1607 type=control1 q_pred_context=1.224699 sequence=242.667409
[plan] step=154 node=N4529 type=observe q_pred_context=0.833255 sequence=243.500665
[plan] step=155 node=N3681 type=control0 q_pred_context=1.149714 sequence=244.650379
[plan] step=156 node=N649 type=control1 q_pred_context=1.561967 sequence=246.212345
[plan] step=157 node=N7870 type=control1 q_pred_context=0.256835 sequence=246.469180
[plan] step=158 node=N647 type=control1 q_pred_context=1.991941 sequence=248.461121
[plan] step=159 node=N7590 type=control1 q_pred_context=0.735286 sequence=249.196407
[plan] step=160 node=N1586 type=control1 q_pred_context=2.275302 sequence=251.471709
[plan] step=161 node=N2106 type=observe q_pred_context=2.551257 sequence=254.022966
[plan] step=162 node=N7421 type=control1 q_pred_context=1.323143 sequence=255.346110
[plan] step=163 node=N6531 type=observe q_pred_context=1.301616 sequence=256.647726
[plan] step=164 node=N7385 type=observe q_pred_context=1.962741 sequence=258.610467
[plan] step=165 node=N2149 type=observe q_pred_context=2.201359 sequence=260.811826
[plan] step=166 node=N5740 type=observe q_pred_context=1.451098 sequence=262.262924
[plan] step=167 node=N7614 type=observe q_pred_context=1.527179 sequence=263.790104
[plan] step=168 node=N5874 type=observe q_pred_context=4.190820 sequence=267.980923
[plan] step=169 node=N7442 type=control0 q_pred_context=2.741399 sequence=270.722323
[plan] step=170 node=N3882 type=control0 q_pred_context=1.693622 sequence=272.415945
[plan] step=171 node=N714 type=observe q_pred_context=3.394860 sequence=275.810805
[plan] step=172 node=N3840 type=control0 q_pred_context=4.508190 sequence=280.318996
[plan] step=173 node=N3805 type=control0 q_pred_context=4.333848 sequence=284.652844
[plan] step=174 node=N7436 type=observe q_pred_context=6.420003 sequence=291.072847
[plan] step=175 node=N725 type=observe q_pred_context=3.588862 sequence=294.661709
[plan] step=176 node=N7681 type=observe q_pred_context=6.830384 sequence=301.492093
[plan] step=177 node=N4521 type=observe q_pred_context=2.886167 sequence=304.378260
[plan] step=178 node=N1973 type=observe q_pred_context=2.371480 sequence=306.749740
[plan] step=179 node=N6688 type=observe q_pred_context=2.468956 sequence=309.218696
[plan] step=180 node=N715 type=observe q_pred_context=3.074144 sequence=312.292840
[plan] step=181 node=N752 type=observe q_pred_context=1.937731 sequence=314.230571
[plan] step=182 node=N5873 type=observe q_pred_context=2.929036 sequence=317.159607
[plan] step=183 node=N723 type=observe q_pred_context=3.998602 sequence=321.158209
[plan] step=184 node=N706 type=observe q_pred_context=5.055518 sequence=326.213727
[plan] step=185 node=N5473 type=observe q_pred_context=4.224913 sequence=330.438641
[plan] step=186 node=N712 type=observe q_pred_context=5.915029 sequence=336.353669
[plan] step=187 node=N7405 type=observe q_pred_context=3.041733 sequence=339.395403
[plan] step=188 node=N765 type=observe q_pred_context=2.412190 sequence=341.807593
[plan] step=189 node=N6573 type=observe q_pred_context=3.843429 sequence=345.651022
[plan] step=190 node=N722 type=observe q_pred_context=4.847211 sequence=350.498233
[plan] step=191 node=N7401 type=observe q_pred_context=1.543062 sequence=352.041295
[plan] step=192 node=N5725 type=observe q_pred_context=3.699152 sequence=355.740447
[plan] step=193 node=N705 type=observe q_pred_context=5.308637 sequence=361.049084
[plan] step=194 node=N7550 type=observe q_pred_context=4.508556 sequence=365.557640
[plan] step=195 node=N4513 type=observe q_pred_context=3.637563 sequence=369.195203
[plan] step=196 node=N703 type=observe q_pred_context=6.540401 sequence=375.735604
[plan] step=197 node=N5456 type=observe q_pred_context=2.347542 sequence=378.083146
[plan] step=198 node=N6673 type=observe q_pred_context=4.389765 sequence=382.472911
[plan] step=199 node=N679 type=observe q_pred_context=4.436713 sequence=386.909624
[plan] step=200 node=N719 type=observe q_pred_context=4.013945 sequence=390.923569
[plan] step=201 node=N4505 type=observe q_pred_context=4.136181 sequence=395.059750
[plan] step=202 node=N7855 type=control0 q_pred_context=5.514354 sequence=400.574104
[plan] step=203 node=N2151 type=observe q_pred_context=6.481680 sequence=407.055784
[plan] step=204 node=N7542 type=control0 q_pred_context=5.759439 sequence=412.815223
[plan] step=205 node=N7439 type=observe q_pred_context=6.274471 sequence=419.089694
[plan] step=206 node=N5439 type=observe q_pred_context=4.366633 sequence=423.456327
[plan] step=207 node=N5422 type=observe q_pred_context=5.621442 sequence=429.077769
[plan] step=208 node=N6668 type=observe q_pred_context=2.627223 sequence=431.704992
[plan] step=209 node=N708 type=observe q_pred_context=3.748198 sequence=435.453190
[plan] step=210 node=N5202 type=observe q_pred_context=3.436162 sequence=438.889352
[plan] step=211 node=N734 type=observe q_pred_context=4.925544 sequence=443.814896
[plan] step=212 node=N7379 type=observe q_pred_context=4.942460 sequence=448.757357
[plan] step=213 node=N1874 type=observe q_pred_context=5.854314 sequence=454.611670
[plan] step=214 node=N4497 type=observe q_pred_context=5.779002 sequence=460.390673
[plan] step=215 node=N6678 type=observe q_pred_context=0.269100 sequence=460.659773
[plan] step=216 node=N5334 type=observe q_pred_context=4.658651 sequence=465.318424
[plan] step=217 node=N6952 type=observe q_pred_context=6.839170 sequence=472.157594
[plan] step=218 node=N1351 type=observe q_pred_context=5.679584 sequence=477.837178
[plan] step=219 node=N6932 type=observe q_pred_context=5.714552 sequence=483.551730
[plan] step=220 node=N5390 type=observe q_pred_context=5.481587 sequence=489.033317
[plan] step=221 node=N6685 type=observe q_pred_context=0.414876 sequence=489.448193
[plan] step=222 node=N699 type=observe q_pred_context=2.698796 sequence=492.146989
[plan] step=223 node=N7383 type=observe q_pred_context=5.154212 sequence=497.301201
[plan] step=224 node=N5373 type=observe q_pred_context=5.306097 sequence=502.607298
[plan] step=225 node=N2159 type=observe q_pred_context=3.925185 sequence=506.532484
[plan] step=226 node=N4489 type=observe q_pred_context=1.989199 sequence=508.521682
[plan] step=227 node=N531 type=observe q_pred_context=5.626453 sequence=514.148135
[plan] step=228 node=N537 type=observe q_pred_context=6.295103 sequence=520.443238
[plan] step=229 node=N545 type=observe q_pred_context=6.779487 sequence=527.222724
[plan] step=230 node=N543 type=observe q_pred_context=6.837520 sequence=534.060244
[plan] step=231 node=N533 type=observe q_pred_context=6.874220 sequence=540.934465
[plan] step=232 node=N541 type=observe q_pred_context=6.849094 sequence=547.783559
[plan] step=233 node=N535 type=observe q_pred_context=6.793538 sequence=554.577097
[plan] step=234 node=N539 type=observe q_pred_context=6.778974 sequence=561.356072
[plan] step=235 node=N7380 type=observe q_pred_context=7.104587 sequence=568.460658
[plan] step=236 node=N4460 type=control0 q_pred_context=5.945894 sequence=574.406552
[plan] step=237 node=N3467 type=control1 q_pred_context=3.232229 sequence=577.638781
[plan] step=238 node=N4421 type=control0 q_pred_context=4.776469 sequence=582.415250
[plan] step=239 node=N4359 type=control0 q_pred_context=3.453650 sequence=585.868901
[plan] step=240 node=N4367 type=control0 q_pred_context=2.454846 sequence=588.323747
[plan] step=241 node=N6682 type=observe q_pred_context=1.856500 sequence=590.180247
[plan] step=242 node=N686 type=observe q_pred_context=2.045416 sequence=592.225662
[plan] step=243 node=N898 type=observe q_pred_context=4.845072 sequence=597.070734
[plan] step=244 node=N729 type=observe q_pred_context=6.414135 sequence=603.484869
[plan] step=245 node=N689 type=observe q_pred_context=6.210382 sequence=609.695252
[plan] step=246 node=N4551 type=observe q_pred_context=5.354474 sequence=615.049725
[plan] step=247 node=N1854 type=observe q_pred_context=0.797243 sequence=615.846968
[plan] step=248 node=N684 type=observe q_pred_context=2.775586 sequence=618.622554
[plan] step=249 node=N7463 type=observe q_pred_context=5.912715 sequence=624.535269
[plan] step=250 node=N2243 type=observe q_pred_context=6.385620 sequence=630.920889
[plan] step=251 node=N7381 type=observe q_pred_context=6.861449 sequence=637.782338
[plan] step=252 node=N6660 type=observe q_pred_context=6.812875 sequence=644.595213
[plan] step=253 node=N697 type=observe q_pred_context=6.412567 sequence=651.007779
[plan] step=254 node=N5000 type=observe q_pred_context=5.579770 sequence=656.587549
[plan] step=255 node=N2271 type=observe q_pred_context=4.397745 sequence=660.985295
[plan] step=256 node=N6666 type=observe q_pred_context=0.866812 sequence=661.852106
[plan] step=257 node=N4586 type=observe q_pred_context=4.767656 sequence=666.619762
[plan] step=258 node=N696 type=observe q_pred_context=6.178660 sequence=672.798422
[plan] step=259 node=N2259 type=observe q_pred_context=3.381641 sequence=676.180063
[plan] step=260 node=N6658 type=observe q_pred_context=2.009424 sequence=678.189487
[plan] step=261 node=N7433 type=observe q_pred_context=2.444392 sequence=680.633879
[plan] step=262 node=N695 type=observe q_pred_context=3.384704 sequence=684.018583
[plan] step=263 node=N709 type=observe q_pred_context=4.770055 sequence=688.788638
[plan] step=264 node=N700 type=observe q_pred_context=6.619698 sequence=695.408336
[plan] step=265 node=N2267 type=observe q_pred_context=6.675177 sequence=702.083513
[plan] step=266 node=N786 type=observe q_pred_context=6.705358 sequence=708.788870
[plan] step=267 node=N2652 type=control1 q_pred_context=0.862465 sequence=709.651335
[plan] step=268 node=N8790 type=control1 q_pred_context=6.158127 sequence=715.809462
[plan] step=269 node=N8789 type=control1 q_pred_context=5.403611 sequence=721.213073
[plan] step=270 node=N8240 type=control1 q_pred_context=2.404153 sequence=723.617226
[plan] step=271 node=N4532 type=control0 q_pred_context=2.326608 sequence=725.943835
[plan] step=272 node=N8239 type=control1 q_pred_context=6.751398 sequence=732.695232
[plan] step=273 node=N2263 type=observe q_pred_context=3.403107 sequence=736.098339
[plan] step=274 node=N7409 type=observe q_pred_context=3.646614 sequence=739.744953
[plan] step=275 node=N4544 type=observe q_pred_context=3.245320 sequence=742.990273
[plan] step=276 node=N8607 type=control1 q_pred_context=5.703614 sequence=748.693887
[plan] step=277 node=N6656 type=observe q_pred_context=7.075796 sequence=755.769682
[plan] step=278 node=N680 type=observe q_pred_context=6.880640 sequence=762.650322
saved=autoresearch/loop-260718-0223/adaptive_width_b15_round16/b48_m0p01/b15_C/plans/iscas99__b15_1__greedy__cumulative__q_pred_context__bw1__d1__c64__g1p0__candhard_fault_cluster__div0p0__s0.csv
