__tpi_op_4___buf_split_39851 /0 undetected
__tpi_op_3___buf_split_39847 /0 undetected
__tpi_not_test_en->__tpi_cp_62___aig_not_63906 /1 undetected
__tpi_not_test_en->__tpi_cp_2___aig_not_62966 /1 undetected
__tpi_not_test_en->__tpi_cp_17___aig_and_62556 /1 undetected
__tpi_not_test_en->__tpi_cp_47___aig_not_34777 /1 undetected
__tpi_not_test_en->__tpi_cp_57___aig_not_34401 /1 undetected
__tpi_not_test_en->__tpi_cp_8___aig_and_34003 /1 undetected
__tpi_not_test_en->__tpi_cp_103___buf_split_40250 /1 undetected
__tpi_not_test_en->__tpi_cp_29___aig_not_63448 /1 undetected
__tpi_not_test_en->__tpi_cp_9___buf_split_40826 /1 undetected
__tpi_not_test_en->__tpi_cp_25___aig_not_62963 /1 undetected
__tpi_not_test_en->__tpi_cp_22___aig_not_62529 /1 undetected
test_en->__tpi_cp_6___aig_and_63446 /0 undetected
__tpi_not_test_en->__tpi_cp_34___aig_not_62526 /1 undetected
__tpi_not_test_en->__tpi_cp_15___aig_not_62957 /1 undetected
__tpi_not_test_en->__tpi_cp_1___aig_and_62955 /1 undetected
__tpi_not_test_en->__tpi_cp_11_new_n16183 /1 undetected
__tpi_not_test_en->__tpi_cp_61___aig_not_34099 /1 undetected
__tpi_not_test_en->__tpi_cp_100___aig_not_63440 /1 undetected
__tpi_not_test_en->__tpi_cp_127___aig_not_62519 /1 undetected
__tpi_not_test_en->__tpi_cp_12___aig_not_62513 /1 undetected
__tpi_not_test_en->__tpi_cp_101___buf_split_21959 /1 undetected
test_en->__tpi_cp_126___aig_and_34077 /0 undetected
__tpi_not_test_en->__tpi_cp_20___aig_not_34073 /1 undetected
__tpi_not_test_en->__tpi_cp_3___aig_and_34071 /1 undetected
test_en->__tpi_cp_123___buf_split_40515 /0 undetected
__tpi_not_test_en->__tpi_cp_43___aig_not_62053 /1 undetected
__tpi_not_test_en->__tpi_cp_16___aig_not_33703 /1 undetected
__tpi_not_test_en->__tpi_cp_73___buf_split_21941 /1 undetected
__tpi_not_test_en->__tpi_cp_71_new_n29600 /1 undetected
__tpi_not_test_en->__tpi_cp_128_new_n29386 /1 undetected
__tpi_not_test_en->__tpi_cp_13___aig_not_62928 /1 undetected
__tpi_not_test_en->__tpi_cp_14___aig_not_62510 /1 undetected
__tpi_not_test_en->__tpi_cp_79___aig_not_62044 /1 undetected
__tpi_not_test_en->__tpi_cp_41___aig_and_62042 /1 undetected
test_en->__tpi_cp_115___aig_and_33699 /0 undetected
__tpi_not_test_en->__tpi_cp_106___buf_split_22178 /1 undetected
__tpi_not_test_en->__tpi_cp_90___aig_not_63829 /1 undetected
__tpi_not_test_en->__tpi_cp_50___aig_and_62524 /1 undetected
test_en->__tpi_cp_21___aig_and_62488 /0 undetected
__tpi_not_test_en->__tpi_cp_18___aig_not_62484 /1 undetected
__tpi_not_test_en->__tpi_cp_5___aig_and_62482 /1 undetected
__tpi_not_test_en->__tpi_cp_72___buf_split_20954 /1 undetected
__tpi_not_test_en->__tpi_cp_28___aig_and_33693 /1 undetected
__tpi_not_test_en->__tpi_cp_55___aig_and_34439 /1 undetected
__tpi_not_test_en->__tpi_cp_23___aig_not_34045 /1 undetected
__tpi_not_test_en->__tpi_cp_7_new_n29318 /1 undetected
__tpi_not_test_en->__tpi_cp_63___aig_not_63825 /1 undetected
__tpi_not_test_en->__tpi_cp_54___aig_and_63373 /1 undetected
__tpi_not_test_en->__tpi_cp_125___buf_split_40779 /1 undetected
__tpi_not_test_en->__tpi_cp_40___aig_not_62037 /1 undetected
__tpi_not_test_en->__tpi_cp_116___aig_not_32177 /1 undetected
__tpi_not_test_en->__tpi_cp_45___aig_not_33688 /1 undetected
__tpi_not_test_en->__tpi_cp_111___buf_split_40203 /1 undetected
__tpi_not_test_en->__tpi_cp_118___aig_not_63369 /1 undetected
__tpi_not_test_en->__tpi_cp_88___aig_not_62010 /1 undetected
__tpi_not_test_en->__tpi_cp_53___aig_and_62008 /1 undetected
__tpi_not_test_en->__tpi_cp_110___buf_split_22414 /1 undetected
__tpi_not_test_en->__tpi_cp_26___aig_not_62455 /1 undetected
__tpi_not_test_en->__tpi_cp_78_new_n15395 /1 undetected
__tpi_not_test_en->__tpi_cp_93___aig_not_32162 /1 undetected
__tpi_not_test_en->__tpi_cp_46___aig_and_62922 /1 undetected
__tpi_not_test_en->__tpi_cp_114___aig_not_33695 /1 undetected
__tpi_not_test_en->__tpi_cp_36___aig_and_33687 /1 undetected
__tpi_not_test_en->__tpi_cp_51___aig_not_63364 /1 undetected
__tpi_not_test_en->__tpi_cp_30___aig_not_34412 /1 undetected
__tpi_not_test_en->__tpi_cp_108___buf_split_39895 /1 undetected
__tpi_not_test_en->__tpi_cp_124___buf_split_40491 /1 undetected
__tpi_not_test_en->__tpi_cp_39___aig_not_33682 /1 undetected
__tpi_not_test_en->__tpi_cp_117___aig_not_32159 /1 undetected
__tpi_not_test_en->__tpi_cp_35___aig_and_62376 /1 undetected
__tpi_not_test_en->__tpi_cp_31___aig_not_61980 /1 undetected
__tpi_not_test_en->__tpi_cp_49___aig_not_62893 /1 undetected
__tpi_not_test_en->__tpi_cp_99___aig_not_32919 /1 undetected
__tpi_not_test_en->__tpi_cp_70___aig_not_32916 /1 undetected
__tpi_not_test_en->__tpi_cp_80___aig_not_32137 /1 undetected
__tpi_not_test_en->__tpi_cp_122___aig_not_32853 /1 undetected
__tpi_not_test_en->__tpi_cp_66___aig_not_32849 /1 undetected
__tpi_not_test_en->__tpi_cp_32___aig_not_61977 /1 undetected
__tpi_not_test_en->__tpi_cp_69___aig_not_61965 /1 undetected
__tpi_not_test_en->__tpi_cp_38___aig_and_62887 /1 undetected
__tpi_not_test_en->__tpi_cp_84___aig_not_62448 /1 undetected
__tpi_not_test_en->__tpi_cp_82_new_n29147 /1 undetected
__aig_not_61944 /1 undetected
__aig_not_61934 /1 undetected
__aig_and_31990 /0 undetected
__aig_not_31981 /1 undetected
__aig_not_31983 /1 undetected
__aig_not_31985 /1 undetected
__aig_not_31987 /1 undetected
__aig_not_31989 /1 undetected
__buf_split_39851 /0 undetected
__aig_not_61930 /1 undetected
new_n28921 /0 undetected
__buf_split_39848 /1 undetected
__buf_split_39847 /0 undetected
new_n28919 /0 undetected
__aig_not_61921 /1 undetected
__aig_not_61923 /1 undetected
__aig_not_61925 /1 undetected
__aig_not_61927 /1 undetected
__aig_not_31979 /1 undetected
__buf_split_39835 /1 undetected
__tpi_not_test_en->__tpi_cp_10_new_n15285 /1 undetected
new_n15285 /1 undetected
__buf_split_20795 /1 undetected
__buf_split_20794 /1 undetected
__tpi_not_test_en->__tpi_cp_24___aig_not_28835 /1 undetected
__tpi_not_test_en->__tpi_cp_96___buf_split_180 /1 undetected
__tpi_not_test_en->__tpi_cp_98___buf_split_177 /1 undetected
