new_n21603_->ys__n6305 /1 undetected
new_n21605_ /1 undetected
new_n16286_ /1 undetected
new_n16277_ /1 undetected
test_en->__tpi_cp_18_new_n14969_ /0 undetected
__tpi_not_test_en->__tpi_cp_54_new_n14965_ /1 undetected
__tpi_not_test_en->__tpi_cp_16_new_n14959_ /1 undetected
test_en->__tpi_cp_77_new_n14957_ /0 undetected
__tpi_not_test_en->__tpi_cp_14_new_n14941_ /1 undetected
__tpi_not_test_en->__tpi_cp_81_new_n14940_ /1 undetected
test_en->__tpi_cp_86_new_n14939_ /0 undetected
test_en->__tpi_cp_150_new_n14938_ /0 undetected
__tpi_not_test_en->__tpi_cp_134_new_n14937_ /1 undetected
test_en->__tpi_cp_132_new_n14936_ /0 undetected
__tpi_not_test_en->__tpi_cp_38_new_n14927_ /1 undetected
test_en->__tpi_cp_63___buf_split_6096 /0 undetected
__tpi_not_test_en->__tpi_cp_46_new_n14890_ /1 undetected
test_en->__tpi_cp_148_new_n14871_ /0 undetected
__tpi_not_test_en->__tpi_cp_32_new_n14866_ /1 undetected
test_en->__tpi_cp_87_new_n14865_ /0 undetected
test_en->__tpi_cp_161_new_n14864_ /0 undetected
__tpi_not_test_en->__tpi_cp_55_new_n14862_ /1 undetected
test_en->__tpi_cp_35_new_n14861_ /0 undetected
test_en->__tpi_cp_160_new_n14860_ /0 undetected
__tpi_not_test_en->__tpi_cp_21_new_n14857_ /1 undetected
test_en->__tpi_cp_147_new_n14856_ /0 undetected
test_en->__tpi_cp_141_new_n14855_ /0 undetected
__tpi_not_test_en->__tpi_cp_11_new_n14787_ /1 undetected
test_en->__tpi_cp_153_new_n14779_ /0 undetected
__tpi_not_test_en->__tpi_cp_29_new_n14777_ /1 undetected
test_en->__tpi_cp_48_new_n14774_ /0 undetected
__tpi_not_test_en->__tpi_cp_74_new_n14771_ /1 undetected
test_en->__tpi_cp_154_new_n14770_ /0 undetected
test_en->__tpi_cp_92_new_n14769_ /0 undetected
__tpi_not_test_en->__tpi_cp_28_new_n14720_ /1 undetected
test_en->__tpi_cp_99_new_n14718_ /0 undetected
__tpi_not_test_en->__tpi_cp_82_new_n14560_ /1 undetected
__tpi_not_test_en->__tpi_cp_20_new_n14559_ /1 undetected
test_en->__tpi_cp_163_new_n14558_ /0 undetected
test_en->__tpi_cp_162_new_n14557_ /0 undetected
test_en->__tpi_cp_59_new_n14556_ /0 undetected
__tpi_not_test_en->__tpi_cp_138_new_n14544_ /1 undetected
test_en->__tpi_cp_37_new_n14543_ /0 undetected
__tpi_not_test_en->__tpi_cp_78_new_n14527_ /1 undetected
__tpi_not_test_en->__tpi_cp_25_new_n14526_ /1 undetected
test_en->__tpi_cp_100_new_n14524_ /0 undetected
__tpi_not_test_en->__tpi_cp_143_new_n14523_ /1 undetected
test_en->__tpi_cp_40_new_n14522_ /0 undetected
test_en->__tpi_cp_129_new_n14406_ /0 undetected
test_en->__tpi_cp_131_new_n14405_ /0 undetected
__tpi_not_test_en->__tpi_cp_23_new_n14394_ /1 undetected
test_en->__tpi_cp_105_new_n14393_ /0 undetected
test_en->__tpi_cp_84_new_n14384_ /0 undetected
__tpi_not_test_en->__tpi_cp_13_new_n14170_ /1 undetected
__tpi_not_test_en->__tpi_cp_123_new_n14169_ /1 undetected
__tpi_not_test_en->__tpi_cp_135_new_n14167_ /1 undetected
__tpi_not_test_en->__tpi_cp_137_new_n14157_ /1 undetected
test_en->__tpi_cp_130_new_n21600_ /0 undetected
__tpi_not_test_en->__tpi_cp_56_new_n21599_ /1 undetected
__tpi_cp_56_new_n21599_ /1 undetected
new_n21599_ /1 undetected
__buf_split_10688 /1 undetected
__tpi_not_test_en->__tpi_cp_2_new_n21592_ /1 undetected
new_n21588_ /1 undetected
test_en->__tpi_cp_110_new_n21586_ /0 undetected
__tpi_cp_110_new_n21586_ /1 undetected
new_n21585_ /1 undetected
new_n21583_ /1 undetected
new_n21580_ /1 undetected
__tpi_not_test_en->__tpi_cp_52_new_n21579_ /1 undetected
__tpi_cp_52_new_n21579_ /1 undetected
new_n21579_ /1 undetected
test_en->__tpi_cp_121_new_n21578_ /0 undetected
new_n21578_ /0 undetected
new_n21577_ /1 undetected
new_n21574_ /1 undetected
test_en->__tpi_cp_1_new_n21572_ /0 undetected
__tpi_not_test_en->__tpi_cp_50_new_n21569_ /1 undetected
__tpi_cp_50_new_n21569_ /1 undetected
new_n21569_ /1 undetected
test_en->__tpi_cp_126_new_n21568_ /0 undetected
new_n21568_ /0 undetected
test_en->__tpi_cp_106_new_n21563_ /0 undetected
__tpi_not_test_en->__tpi_cp_12_new_n21561_ /1 undetected
test_en->__tpi_cp_108_new_n21560_ /0 undetected
new_n21557_ /1 undetected
__tpi_not_test_en->__tpi_cp_51_new_n21556_ /1 undetected
__tpi_cp_51_new_n21556_ /1 undetected
new_n21556_ /1 undetected
test_en->__tpi_cp_125_new_n21555_ /0 undetected
new_n21555_ /0 undetected
new_n21553_ /1 undetected
new_n21551_ /1 undetected
__tpi_not_test_en->__tpi_cp_43_new_n21550_ /1 undetected
__tpi_cp_43_new_n21550_ /1 undetected
new_n21550_ /1 undetected
test_en->__tpi_cp_120_new_n21549_ /0 undetected
new_n21549_ /0 undetected
new_n21548_ /1 undetected
test_en->__tpi_cp_104_new_n21545_ /0 undetected
new_n21543_ /1 undetected
__tpi_not_test_en->__tpi_cp_165_new_n21541_ /1 undetected
__tpi_not_test_en->__tpi_cp_34_new_n21535_ /1 undetected
__tpi_not_test_en->__tpi_cp_4_new_n21532_ /1 undetected
test_en->__tpi_cp_117_new_n21530_ /0 undetected
__buf_split_10635 /1 undetected
test_en->__tpi_cp_118_new_n21527_ /0 undetected
new_n16282_ /1 undetected
__tpi_not_test_en->__tpi_cp_42_new_n16280_ /1 undetected
new_n16280_ /1 undetected
test_en->__tpi_cp_136_new_n16279_ /0 undetected
new_n16279_ /0 undetected
new_n16278_ /1 undetected
__buf_split_7035 /1 undetected
__buf_split_7034 /1 undetected
__buf_split_7036 /1 undetected
__tpi_not_test_en->__tpi_cp_5_new_n16272_ /1 undetected
new_n16270_ /1 undetected
test_en->__tpi_cp_111_new_n16266_ /0 undetected
__tpi_not_test_en->__tpi_cp_57_new_n16259_ /1 undetected
test_en->__tpi_cp_122_new_n16258_ /0 undetected
new_n16257_ /1 undetected
new_n16254_ /1 undetected
test_en->__tpi_cp_109_new_n16250_ /0 undetected
new_n16249_ /1 undetected
new_n16247_ /1 undetected
__tpi_not_test_en->__tpi_cp_3_new_n16245_ /1 undetected
test_en->__tpi_cp_112_new_n16243_ /0 undetected
__buf_split_7010 /1 undetected
test_en->__tpi_cp_119_new_n16240_ /0 undetected
__buf_split_7006 /1 undetected
__tpi_not_test_en->__tpi_cp_31_new_n16237_ /1 undetected
__tpi_cp_31_new_n16237_ /1 undetected
new_n16237_ /1 undetected
new_n16236_ /1 undetected
new_n16233_ /1 undetected
test_en->__tpi_cp_107_new_n16231_ /0 undetected
new_n16230_ /1 undetected
new_n16228_ /1 undetected
__tpi_not_test_en->__tpi_cp_0_new_n16225_ /1 undetected
new_n16221_ /1 undetected
test_en->__tpi_cp_114_new_n16217_ /0 undetected
__buf_split_6989 /1 undetected
test_en->__tpi_cp_115_new_n16214_ /0 undetected
__buf_split_6985 /1 undetected
test_en->__tpi_cp_113_new_n16210_ /0 undetected
__buf_split_6981 /1 undetected
test_en->__tpi_cp_116_new_n16207_ /0 undetected
__buf_split_6977 /1 undetected
test_en->__tpi_cp_96_new_n14704_ /0 undetected
__tpi_not_test_en->__tpi_cp_157_new_n21523_ /1 undetected
__tpi_not_test_en->__tpi_cp_41_new_n21521_ /1 undetected
test_en->__tpi_cp_128_new_n21515_ /0 undetected
__tpi_not_test_en->__tpi_cp_158_new_n16203_ /1 undetected
__tpi_not_test_en->__tpi_cp_39_new_n16192_ /1 undetected
test_en->__tpi_cp_127_new_n16190_ /0 undetected
__tpi_not_test_en->__tpi_cp_139_new_n14150_ /1 undetected
test_en->__tpi_cp_17_new_n14148_ /0 undetected
__tpi_not_test_en->__tpi_cp_60_new_n14141_ /1 undetected
__tpi_not_test_en->__tpi_cp_64_new_n14517_ /1 undetected
test_en->__tpi_cp_15_new_n14516_ /0 undetected
__tpi_not_test_en->__tpi_cp_58_new_n14512_ /1 undetected
__tpi_not_test_en->__tpi_cp_19_new_n13630_ /1 undetected
__tpi_not_test_en->__tpi_cp_44_new_n13612_ /1 undetected
__tpi_not_test_en->__tpi_cp_159_new_n13611_ /1 undetected
__tpi_not_test_en->__tpi_cp_155_new_n13610_ /1 undetected
test_en->__tpi_cp_65_new_n13609_ /0 undetected
__tpi_not_test_en->__tpi_cp_152_new_n13608_ /1 undetected
test_en->__tpi_cp_103_new_n13607_ /0 undetected
__tpi_not_test_en->__tpi_cp_45___buf_split_5048 /1 undetected
__tpi_not_test_en->__tpi_cp_68___buf_split_5047 /1 undetected
test_en->__tpi_cp_102_new_n13629_ /0 undetected
__tpi_not_test_en->__tpi_cp_75_new_n13604_ /1 undetected
test_en->__tpi_cp_7_new_n13603_ /0 undetected
__tpi_not_test_en->__tpi_cp_71_new_n13602_ /1 undetected
__tpi_not_test_en->__tpi_cp_156_new_n13601_ /1 undetected
__tpi_not_test_en->__tpi_cp_36_new_n13598_ /1 undetected
__tpi_not_test_en->__tpi_cp_6_new_n13596_ /1 undetected
test_en->__tpi_cp_146_new_n13595_ /0 undetected
__tpi_not_test_en->__tpi_cp_79_new_n13594_ /1 undetected
test_en->__tpi_cp_145_new_n13593_ /0 undetected
__tpi_not_test_en->__tpi_cp_33_new_n13590_ /1 undetected
__tpi_not_test_en->__tpi_cp_73_new_n13624_ /1 undetected
__tpi_not_test_en->__tpi_cp_10_new_n13622_ /1 undetected
test_en->__tpi_cp_89_new_n13621_ /0 undetected
__tpi_not_test_en->__tpi_cp_164_new_n13620_ /1 undetected
__tpi_not_test_en->__tpi_cp_72_new_n13616_ /1 undetected
__tpi_not_test_en->__tpi_cp_9_new_n13614_ /1 undetected
test_en->__tpi_cp_90_new_n13613_ /0 undetected
test_en->__tpi_cp_61_new_n5363_ /0 undetected
