[rollout_loss_B_tiny_return] [rollout_loss_B_tiny_return] gpu=1 config=configs/rollout_loss_B_tiny_return.json
[rollout_loss_B_tiny_return] [train] disabling pattern loss
[rollout_loss_B_tiny_return] [train] note: delta_test_coverage is retained as a weak objective; the main hard-fault target is hard_reduction
[rollout_loss_B_tiny_return] [train] rows=100000 train_rows=85510 val_rows=14490 train_samples=17102 val_samples=2898 rollout_training=True feature_dim=38 relation_dim=12 cache_samples=False sample_cache_max_entries=unlimited
[rollout_loss_B_tiny_return] [train-progress] epoch=1 [------------------------] 1/800   0.1% loss=0.42069 jepa=0.97212 hard=2.25695 hard_red=0.05101
[rollout_loss_B_tiny_return] [train-progress] epoch=1 [------------------------] 25/800   3.1% loss=0.33710 jepa=0.59812 hard=1.35705 hard_red=0.02500
[rollout_loss_B_tiny_return] [train-progress] epoch=1 [#-----------------------] 50/800   6.2% loss=0.34450 jepa=0.39484 hard=1.15109 hard_red=0.02669
[rollout_loss_B_tiny_return] [train-progress] epoch=1 [##----------------------] 75/800   9.4% loss=0.28356 jepa=0.30789 hard=1.08377 hard_red=0.02250
[rollout_loss_B_tiny_return] [train-progress] epoch=1 [###---------------------] 100/800  12.5% loss=0.31923 jepa=0.25941 hard=1.03694 hard_red=0.03032
[rollout_loss_B_tiny_return] [train-progress] epoch=1 [###---------------------] 125/800  15.6% loss=0.37490 jepa=0.22867 hard=1.02617 hard_red=0.03258
[rollout_loss_B_tiny_return] [train-progress] epoch=1 [####--------------------] 150/800  18.8% loss=0.35091 jepa=0.20699 hard=1.02078 hard_red=0.03162
[rollout_loss_B_tiny_return] [train-progress] epoch=1 [#####-------------------] 175/800  21.9% loss=0.32500 jepa=0.18916 hard=1.01629 hard_red=0.02917
[rollout_loss_B_tiny_return] [train-progress] epoch=1 [######------------------] 200/800  25.0% loss=0.31035 jepa=0.17414 hard=1.01188 hard_red=0.03158
[rollout_loss_B_tiny_return] [train-progress] epoch=1 [######------------------] 225/800  28.1% loss=0.30220 jepa=0.16346 hard=1.01409 hard_red=0.03461
[rollout_loss_B_tiny_return] [train-progress] epoch=1 [#######-----------------] 250/800  31.2% loss=0.29405 jepa=0.15471 hard=1.01831 hard_red=0.03280
[rollout_loss_B_tiny_return] [train-progress] epoch=1 [########----------------] 275/800  34.4% loss=0.29429 jepa=0.14660 hard=1.01249 hard_red=0.03368
[rollout_loss_B_tiny_return] [train-progress] epoch=1 [#########---------------] 300/800  37.5% loss=0.31305 jepa=0.14050 hard=1.00961 hard_red=0.03573
[rollout_loss_B_tiny_return] [train-progress] epoch=1 [#########---------------] 325/800  40.6% loss=0.32142 jepa=0.13601 hard=0.99769 hard_red=0.03728
[rollout_loss_B_tiny_return] [train-progress] epoch=1 [##########--------------] 350/800  43.8% loss=0.32188 jepa=0.13204 hard=0.99235 hard_red=0.03865
[rollout_loss_B_tiny_return] [train-progress] epoch=1 [###########-------------] 375/800  46.9% loss=0.31884 jepa=0.12861 hard=0.99980 hard_red=0.03971
[rollout_loss_B_tiny_return] [train-progress] epoch=1 [############------------] 400/800  50.0% loss=0.30760 jepa=0.12528 hard=0.99247 hard_red=0.03843
[rollout_loss_B_tiny_return] [train-progress] epoch=1 [############------------] 425/800  53.1% loss=0.31349 jepa=0.12244 hard=0.98938 hard_red=0.03896
[rollout_loss_B_tiny_return] [train-progress] epoch=1 [#############-----------] 450/800  56.2% loss=0.31123 jepa=0.11973 hard=0.98762 hard_red=0.03732
[rollout_loss_B_tiny_return] [train-progress] epoch=1 [##############----------] 475/800  59.4% loss=0.33663 jepa=0.11789 hard=0.98226 hard_red=0.03891
[rollout_loss_B_tiny_return] [train-progress] epoch=1 [###############---------] 500/800  62.5% loss=0.33259 jepa=0.11597 hard=0.97642 hard_red=0.03989
[rollout_loss_B_tiny_return] [train-progress] epoch=1 [###############---------] 525/800  65.6% loss=0.33126 jepa=0.11421 hard=0.97239 hard_red=0.03881
[rollout_loss_B_tiny_return] [train-progress] epoch=1 [################--------] 550/800  68.8% loss=0.32739 jepa=0.11304 hard=0.96814 hard_red=0.03888
[rollout_loss_B_tiny_return] [train-progress] epoch=1 [#################-------] 575/800  71.9% loss=0.33126 jepa=0.11180 hard=0.96772 hard_red=0.03840
[rollout_loss_B_tiny_return] [train-progress] epoch=1 [##################------] 600/800  75.0% loss=0.32372 jepa=0.11060 hard=0.96055 hard_red=0.03875
[rollout_loss_B_tiny_return] [train-progress] epoch=1 [##################------] 625/800  78.1% loss=0.31553 jepa=0.10984 hard=0.96282 hard_red=0.03865
[rollout_loss_B_tiny_return] [train-progress] epoch=1 [###################-----] 650/800  81.2% loss=0.32341 jepa=0.10895 hard=0.95969 hard_red=0.03927
[rollout_loss_B_tiny_return] [train-progress] epoch=1 [####################----] 675/800  84.4% loss=0.32121 jepa=0.10837 hard=0.95996 hard_red=0.03889
[rollout_loss_B_tiny_return] [train-progress] epoch=1 [#####################---] 700/800  87.5% loss=0.33441 jepa=0.10786 hard=0.95783 hard_red=0.03910
[rollout_loss_B_tiny_return] [train-progress] epoch=1 [#####################---] 725/800  90.6% loss=0.33269 jepa=0.10745 hard=0.95457 hard_red=0.03933
[rollout_loss_B_tiny_return] [train-progress] epoch=1 [######################--] 750/800  93.8% loss=0.32819 jepa=0.10688 hard=0.95473 hard_red=0.03869
[rollout_loss_B_tiny_return] [train-progress] epoch=1 [#######################-] 775/800  96.9% loss=0.32290 jepa=0.10670 hard=0.95342 hard_red=0.03880
[rollout_loss_B_tiny_return] [train-progress] epoch=1 [########################] 800/800 100.0% loss=0.32056 jepa=0.10643 hard=0.95199 hard_red=0.03941
[rollout_loss_B_tiny_return] [train] epoch=1 horizon=1 train_loss=0.320557 val_loss=0.233634 train_steps=800
[rollout_loss_B_tiny_return] [train-progress] epoch=2 [------------------------] 1/800   0.1% loss=0.08392 jepa=0.11379 hard=1.13330 hard_red=0.00582
[rollout_loss_B_tiny_return] [train-progress] epoch=2 [------------------------] 25/800   3.1% loss=0.53922 jepa=0.11597 hard=0.94513 hard_red=0.03471
[rollout_loss_B_tiny_return] [train-progress] epoch=2 [#-----------------------] 50/800   6.2% loss=0.43809 jepa=0.12555 hard=0.90541 hard_red=0.03032
[rollout_loss_B_tiny_return] [train-progress] epoch=2 [##----------------------] 75/800   9.4% loss=0.36347 jepa=0.12807 hard=0.90366 hard_red=0.03241
[rollout_loss_B_tiny_return] [train-progress] epoch=2 [###---------------------] 100/800  12.5% loss=0.37743 jepa=0.13342 hard=0.87738 hard_red=0.03164
[rollout_loss_B_tiny_return] [train-progress] epoch=2 [###---------------------] 125/800  15.6% loss=0.38177 jepa=0.13417 hard=0.89535 hard_red=0.03323
[rollout_loss_B_tiny_return] [train-progress] epoch=2 [####--------------------] 150/800  18.8% loss=0.39157 jepa=0.13283 hard=0.89212 hard_red=0.03434
[rollout_loss_B_tiny_return] [train-progress] epoch=2 [#####-------------------] 175/800  21.9% loss=0.36345 jepa=0.13230 hard=0.89282 hard_red=0.03165
[rollout_loss_B_tiny_return] [train-progress] epoch=2 [######------------------] 200/800  25.0% loss=0.35687 jepa=0.13170 hard=0.89405 hard_red=0.03170
[rollout_loss_B_tiny_return] [train-progress] epoch=2 [######------------------] 225/800  28.1% loss=0.37638 jepa=0.13591 hard=0.88727 hard_red=0.03422
[rollout_loss_B_tiny_return] [train-progress] epoch=2 [#######-----------------] 250/800  31.2% loss=0.36257 jepa=0.14043 hard=0.88321 hard_red=0.03367
[rollout_loss_B_tiny_return] [train-progress] epoch=2 [########----------------] 275/800  34.4% loss=0.35521 jepa=0.14032 hard=0.88673 hard_red=0.03335
[rollout_loss_B_tiny_return] [train-progress] epoch=2 [#########---------------] 300/800  37.5% loss=0.35989 jepa=0.13975 hard=0.88037 hard_red=0.03288
[rollout_loss_B_tiny_return] [train-progress] epoch=2 [#########---------------] 325/800  40.6% loss=0.36437 jepa=0.13965 hard=0.87516 hard_red=0.03365
[rollout_loss_B_tiny_return] [train-progress] epoch=2 [##########--------------] 350/800  43.8% loss=0.35734 jepa=0.14028 hard=0.87767 hard_red=0.03263
[rollout_loss_B_tiny_return] [train-progress] epoch=2 [###########-------------] 375/800  46.9% loss=0.37265 jepa=0.14147 hard=0.87848 hard_red=0.03304
[rollout_loss_B_tiny_return] [train-progress] epoch=2 [############------------] 400/800  50.0% loss=0.36579 jepa=0.14100 hard=0.87480 hard_red=0.03290
[rollout_loss_B_tiny_return] [train-progress] epoch=2 [############------------] 425/800  53.1% loss=0.37150 jepa=0.14014 hard=0.88155 hard_red=0.03286
[rollout_loss_B_tiny_return] [train-progress] epoch=2 [#############-----------] 450/800  56.2% loss=0.36416 jepa=0.13890 hard=0.88232 hard_red=0.03254
[rollout_loss_B_tiny_return] [train-progress] epoch=2 [##############----------] 475/800  59.4% loss=0.35728 jepa=0.13894 hard=0.88093 hard_red=0.03223
[rollout_loss_B_tiny_return] [train-progress] epoch=2 [###############---------] 500/800  62.5% loss=0.36422 jepa=0.13888 hard=0.87855 hard_red=0.03273
[rollout_loss_B_tiny_return] [train-progress] epoch=2 [###############---------] 525/800  65.6% loss=0.36282 jepa=0.13842 hard=0.88332 hard_red=0.03355
[rollout_loss_B_tiny_return] [train-progress] epoch=2 [################--------] 550/800  68.8% loss=0.35569 jepa=0.13768 hard=0.88365 hard_red=0.03327
[rollout_loss_B_tiny_return] [train-progress] epoch=2 [#################-------] 575/800  71.9% loss=0.34786 jepa=0.13765 hard=0.88372 hard_red=0.03318
[rollout_loss_B_tiny_return] [train-progress] epoch=2 [##################------] 600/800  75.0% loss=0.36049 jepa=0.13732 hard=0.88558 hard_red=0.03317
[rollout_loss_B_tiny_return] [train-progress] epoch=2 [##################------] 625/800  78.1% loss=0.35391 jepa=0.13630 hard=0.88350 hard_red=0.03268
[rollout_loss_B_tiny_return] [train-progress] epoch=2 [###################-----] 650/800  81.2% loss=0.34951 jepa=0.13517 hard=0.87826 hard_red=0.03302
[rollout_loss_B_tiny_return] [train-progress] epoch=2 [####################----] 675/800  84.4% loss=0.35228 jepa=0.13419 hard=0.87522 hard_red=0.03416
[rollout_loss_B_tiny_return] [train-progress] epoch=2 [#####################---] 700/800  87.5% loss=0.35265 jepa=0.13344 hard=0.87654 hard_red=0.03370
[rollout_loss_B_tiny_return] [train-progress] epoch=2 [#####################---] 725/800  90.6% loss=0.35428 jepa=0.13313 hard=0.87313 hard_red=0.03358
[rollout_loss_B_tiny_return] [train-progress] epoch=2 [######################--] 750/800  93.8% loss=0.35719 jepa=0.13334 hard=0.87388 hard_red=0.03403
[rollout_loss_B_tiny_return] [train-progress] epoch=2 [#######################-] 775/800  96.9% loss=0.36851 jepa=0.13303 hard=0.86753 hard_red=0.03366
[rollout_loss_B_tiny_return] [train-progress] epoch=2 [########################] 800/800 100.0% loss=0.37061 jepa=0.13322 hard=0.86616 hard_red=0.03342
[rollout_loss_B_tiny_return] [train] epoch=2 horizon=2 train_loss=0.370615 val_loss=0.296646 train_steps=800
[rollout_loss_B_tiny_return] [train-progress] epoch=3 [------------------------] 1/800   0.1% loss=0.06897 jepa=0.14148 hard=0.37632 hard_red=0.00283
[rollout_loss_B_tiny_return] [train-progress] epoch=3 [------------------------] 25/800   3.1% loss=0.19878 jepa=0.15389 hard=0.87334 hard_red=0.03100
[rollout_loss_B_tiny_return] [train-progress] epoch=3 [#-----------------------] 50/800   6.2% loss=0.27111 jepa=0.13636 hard=0.83538 hard_red=0.02902
[rollout_loss_B_tiny_return] [train-progress] epoch=3 [##----------------------] 75/800   9.4% loss=0.23245 jepa=0.12929 hard=0.86670 hard_red=0.03116
[rollout_loss_B_tiny_return] [train-progress] epoch=3 [###---------------------] 100/800  12.5% loss=0.23570 jepa=0.12458 hard=0.87074 hard_red=0.02892
[rollout_loss_B_tiny_return] [train-progress] epoch=3 [###---------------------] 125/800  15.6% loss=0.22352 jepa=0.12573 hard=0.87521 hard_red=0.02840
[rollout_loss_B_tiny_return] [train-progress] epoch=3 [####--------------------] 150/800  18.8% loss=0.24047 jepa=0.12955 hard=0.86142 hard_red=0.02897
[rollout_loss_B_tiny_return] [train-progress] epoch=3 [#####-------------------] 175/800  21.9% loss=0.24328 jepa=0.12990 hard=0.86044 hard_red=0.02679
[rollout_loss_B_tiny_return] [train-progress] epoch=3 [######------------------] 200/800  25.0% loss=0.26126 jepa=0.13074 hard=0.86193 hard_red=0.02927
[rollout_loss_B_tiny_return] [train-progress] epoch=3 [######------------------] 225/800  28.1% loss=0.26348 jepa=0.13022 hard=0.85733 hard_red=0.02872
[rollout_loss_B_tiny_return] [train-progress] epoch=3 [#######-----------------] 250/800  31.2% loss=0.25557 jepa=0.12987 hard=0.84658 hard_red=0.02735
[rollout_loss_B_tiny_return] [train-progress] epoch=3 [########----------------] 275/800  34.4% loss=0.27438 jepa=0.13306 hard=0.84430 hard_red=0.02807
[rollout_loss_B_tiny_return] [train-progress] epoch=3 [#########---------------] 300/800  37.5% loss=0.26739 jepa=0.13296 hard=0.85029 hard_red=0.02730
[rollout_loss_B_tiny_return] [train-progress] epoch=3 [#########---------------] 325/800  40.6% loss=0.27482 jepa=0.13374 hard=0.85729 hard_red=0.02720
[rollout_loss_B_tiny_return] [train-progress] epoch=3 [##########--------------] 350/800  43.8% loss=0.29296 jepa=0.13416 hard=0.84304 hard_red=0.02700
[rollout_loss_B_tiny_return] [train-progress] epoch=3 [###########-------------] 375/800  46.9% loss=0.28170 jepa=0.13403 hard=0.85267 hard_red=0.02595
[rollout_loss_B_tiny_return] [train-progress] epoch=3 [############------------] 400/800  50.0% loss=0.28399 jepa=0.13417 hard=0.84471 hard_red=0.02651
[rollout_loss_B_tiny_return] [train-progress] epoch=3 [############------------] 425/800  53.1% loss=0.28276 jepa=0.13440 hard=0.84557 hard_red=0.02614
[rollout_loss_B_tiny_return] [train-progress] epoch=3 [#############-----------] 450/800  56.2% loss=0.28211 jepa=0.13651 hard=0.84839 hard_red=0.02770
[rollout_loss_B_tiny_return] [train-progress] epoch=3 [##############----------] 475/800  59.4% loss=0.28393 jepa=0.13972 hard=0.84572 hard_red=0.02769
[rollout_loss_B_tiny_return] [train-progress] epoch=3 [###############---------] 500/800  62.5% loss=0.28449 jepa=0.14068 hard=0.85132 hard_red=0.02809
[rollout_loss_B_tiny_return] [train-progress] epoch=3 [###############---------] 525/800  65.6% loss=0.28074 jepa=0.14183 hard=0.85607 hard_red=0.02801
[rollout_loss_B_tiny_return] [train-progress] epoch=3 [################--------] 550/800  68.8% loss=0.27949 jepa=0.14189 hard=0.85464 hard_red=0.02787
[rollout_loss_B_tiny_return] [train-progress] epoch=3 [#################-------] 575/800  71.9% loss=0.28336 jepa=0.14180 hard=0.85581 hard_red=0.02876
[rollout_loss_B_tiny_return] [train-progress] epoch=3 [##################------] 600/800  75.0% loss=0.29143 jepa=0.14323 hard=0.85812 hard_red=0.02888
[rollout_loss_B_tiny_return] [train-progress] epoch=3 [##################------] 625/800  78.1% loss=0.28965 jepa=0.14312 hard=0.85755 hard_red=0.02868
[rollout_loss_B_tiny_return] [train-progress] epoch=3 [###################-----] 650/800  81.2% loss=0.30830 jepa=0.14325 hard=0.85403 hard_red=0.02868
[rollout_loss_B_tiny_return] [train-progress] epoch=3 [####################----] 675/800  84.4% loss=0.30777 jepa=0.14389 hard=0.85535 hard_red=0.02919
[rollout_loss_B_tiny_return] [train-progress] epoch=3 [#####################---] 700/800  87.5% loss=0.31828 jepa=0.14360 hard=0.85438 hard_red=0.02933
[rollout_loss_B_tiny_return] [train-progress] epoch=3 [#####################---] 725/800  90.6% loss=0.32082 jepa=0.14405 hard=0.85284 hard_red=0.02964
[rollout_loss_B_tiny_return] [train-progress] epoch=3 [######################--] 750/800  93.8% loss=0.31652 jepa=0.14380 hard=0.85333 hard_red=0.02946
[rollout_loss_B_tiny_return] [train-progress] epoch=3 [#######################-] 775/800  96.9% loss=0.31246 jepa=0.14355 hard=0.85615 hard_red=0.02949
[rollout_loss_B_tiny_return] [train-progress] epoch=3 [########################] 800/800 100.0% loss=0.30904 jepa=0.14295 hard=0.85339 hard_red=0.02995
[rollout_loss_B_tiny_return] [train] epoch=3 horizon=2 train_loss=0.309043 val_loss=0.303488 train_steps=800
[rollout_loss_B_tiny_return] [train-progress] epoch=4 [------------------------] 1/800   0.1% loss=0.08213 jepa=0.13842 hard=0.80296 hard_red=0.00029
[rollout_loss_B_tiny_return] [train-progress] epoch=4 [------------------------] 25/800   3.1% loss=0.51964 jepa=0.17135 hard=0.78434 hard_red=0.01795
[rollout_loss_B_tiny_return] [train-progress] epoch=4 [#-----------------------] 50/800   6.2% loss=0.59191 jepa=0.15990 hard=0.77265 hard_red=0.02950
[rollout_loss_B_tiny_return] [train-progress] epoch=4 [##----------------------] 75/800   9.4% loss=0.61585 jepa=0.15433 hard=0.77365 hard_red=0.02726
[rollout_loss_B_tiny_return] [train-progress] epoch=4 [###---------------------] 100/800  12.5% loss=0.56310 jepa=0.15614 hard=0.78931 hard_red=0.02783
[rollout_loss_B_tiny_return] [train-progress] epoch=4 [###---------------------] 125/800  15.6% loss=0.59825 jepa=0.17199 hard=0.79358 hard_red=0.02986
[rollout_loss_B_tiny_return] [train-progress] epoch=4 [####--------------------] 150/800  18.8% loss=0.53915 jepa=0.17264 hard=0.80017 hard_red=0.02850
[rollout_loss_B_tiny_return] [train-progress] epoch=4 [#####-------------------] 175/800  21.9% loss=0.53912 jepa=0.17468 hard=0.78985 hard_red=0.03051
[rollout_loss_B_tiny_return] [train-progress] epoch=4 [######------------------] 200/800  25.0% loss=0.50816 jepa=0.17584 hard=0.80526 hard_red=0.03055
[rollout_loss_B_tiny_return] [train-progress] epoch=4 [######------------------] 225/800  28.1% loss=0.52751 jepa=0.18144 hard=0.80479 hard_red=0.03054
[rollout_loss_B_tiny_return] [train-progress] epoch=4 [#######-----------------] 250/800  31.2% loss=0.50522 jepa=0.18322 hard=0.81419 hard_red=0.03012
[rollout_loss_B_tiny_return] [train-progress] epoch=4 [########----------------] 275/800  34.4% loss=0.49648 jepa=0.18085 hard=0.81687 hard_red=0.03039
[rollout_loss_B_tiny_return] [train-progress] epoch=4 [#########---------------] 300/800  37.5% loss=0.47280 jepa=0.17788 hard=0.81101 hard_red=0.02903
[rollout_loss_B_tiny_return] [train-progress] epoch=4 [#########---------------] 325/800  40.6% loss=0.45019 jepa=0.17597 hard=0.81961 hard_red=0.02817
[rollout_loss_B_tiny_return] [train-progress] epoch=4 [##########--------------] 350/800  43.8% loss=0.45067 jepa=0.17332 hard=0.82050 hard_red=0.02789
[rollout_loss_B_tiny_return] [train-progress] epoch=4 [###########-------------] 375/800  46.9% loss=0.44493 jepa=0.17304 hard=0.81763 hard_red=0.02824
[rollout_loss_B_tiny_return] [train-progress] epoch=4 [############------------] 400/800  50.0% loss=0.45156 jepa=0.17085 hard=0.81820 hard_red=0.02896
[rollout_loss_B_tiny_return] [train-progress] epoch=4 [############------------] 425/800  53.1% loss=0.44672 jepa=0.17182 hard=0.81199 hard_red=0.02900
[rollout_loss_B_tiny_return] [train-progress] epoch=4 [#############-----------] 450/800  56.2% loss=0.44149 jepa=0.17142 hard=0.80856 hard_red=0.03003
[rollout_loss_B_tiny_return] [train-progress] epoch=4 [##############----------] 475/800  59.4% loss=0.43745 jepa=0.17354 hard=0.80618 hard_red=0.02961
[rollout_loss_B_tiny_return] [train-progress] epoch=4 [###############---------] 500/800  62.5% loss=0.42425 jepa=0.17188 hard=0.80487 hard_red=0.02889
[rollout_loss_B_tiny_return] [train-progress] epoch=4 [###############---------] 525/800  65.6% loss=0.44495 jepa=0.17116 hard=0.80123 hard_red=0.02988
[rollout_loss_B_tiny_return] [train-progress] epoch=4 [################--------] 550/800  68.8% loss=0.46197 jepa=0.17119 hard=0.80508 hard_red=0.03036
[rollout_loss_B_tiny_return] [train-progress] epoch=4 [#################-------] 575/800  71.9% loss=0.45008 jepa=0.16996 hard=0.80342 hard_red=0.02992
[rollout_loss_B_tiny_return] [train-progress] epoch=4 [##################------] 600/800  75.0% loss=0.45367 jepa=0.17005 hard=0.80267 hard_red=0.02948
[rollout_loss_B_tiny_return] [train-progress] epoch=4 [##################------] 625/800  78.1% loss=0.46212 jepa=0.16972 hard=0.80008 hard_red=0.02948
[rollout_loss_B_tiny_return] [train-progress] epoch=4 [###################-----] 650/800  81.2% loss=0.45467 jepa=0.16897 hard=0.79570 hard_red=0.02890
[rollout_loss_B_tiny_return] [train-progress] epoch=4 [####################----] 675/800  84.4% loss=0.46318 jepa=0.17030 hard=0.79422 hard_red=0.02912
[rollout_loss_B_tiny_return] [train-progress] epoch=4 [#####################---] 700/800  87.5% loss=0.45928 jepa=0.16952 hard=0.79230 hard_red=0.02869
[rollout_loss_B_tiny_return] [train-progress] epoch=4 [#####################---] 725/800  90.6% loss=0.46654 jepa=0.16913 hard=0.79021 hard_red=0.02861
[rollout_loss_B_tiny_return] [train-progress] epoch=4 [######################--] 750/800  93.8% loss=0.46410 jepa=0.16904 hard=0.78922 hard_red=0.02798
[rollout_loss_B_tiny_return] [train-progress] epoch=4 [#######################-] 775/800  96.9% loss=0.46578 jepa=0.16882 hard=0.78905 hard_red=0.02775
[rollout_loss_B_tiny_return] [train-progress] epoch=4 [########################] 800/800 100.0% loss=0.46442 jepa=0.16917 hard=0.78809 hard_red=0.02763
[rollout_loss_B_tiny_return] [train] epoch=4 horizon=3 train_loss=0.464418 val_loss=0.424658 train_steps=800
[rollout_loss_B_tiny_return] [train-progress] epoch=5 [------------------------] 1/800   0.1% loss=1.38309 jepa=0.66328 hard=0.27449 hard_red=0.04062
[rollout_loss_B_tiny_return] [train-progress] epoch=5 [------------------------] 25/800   3.1% loss=0.35165 jepa=0.20348 hard=0.72302 hard_red=0.02822
[rollout_loss_B_tiny_return] [train-progress] epoch=5 [#-----------------------] 50/800   6.2% loss=0.30405 jepa=0.18627 hard=0.74931 hard_red=0.02089
[rollout_loss_B_tiny_return] [train-progress] epoch=5 [##----------------------] 75/800   9.4% loss=0.32629 jepa=0.18213 hard=0.76636 hard_red=0.02245
[rollout_loss_B_tiny_return] [train-progress] epoch=5 [###---------------------] 100/800  12.5% loss=0.32427 jepa=0.17742 hard=0.75302 hard_red=0.02396
[rollout_loss_B_tiny_return] [train-progress] epoch=5 [###---------------------] 125/800  15.6% loss=0.32045 jepa=0.17308 hard=0.75495 hard_red=0.02266
[rollout_loss_B_tiny_return] [train-progress] epoch=5 [####--------------------] 150/800  18.8% loss=0.44352 jepa=0.17064 hard=0.76650 hard_red=0.02513
[rollout_loss_B_tiny_return] [train-progress] epoch=5 [#####-------------------] 175/800  21.9% loss=0.47699 jepa=0.17298 hard=0.74847 hard_red=0.02460
[rollout_loss_B_tiny_return] [train-progress] epoch=5 [######------------------] 200/800  25.0% loss=0.50856 jepa=0.18609 hard=0.73929 hard_red=0.02684
[rollout_loss_B_tiny_return] [train-progress] epoch=5 [######------------------] 225/800  28.1% loss=0.47949 jepa=0.19119 hard=0.73505 hard_red=0.02571
[rollout_loss_B_tiny_return] [train-progress] epoch=5 [#######-----------------] 250/800  31.2% loss=0.48570 jepa=0.19184 hard=0.74107 hard_red=0.02752
[rollout_loss_B_tiny_return] [train-progress] epoch=5 [########----------------] 275/800  34.4% loss=0.46576 jepa=0.18978 hard=0.74358 hard_red=0.02668
[rollout_loss_B_tiny_return] [train-progress] epoch=5 [#########---------------] 300/800  37.5% loss=0.45468 jepa=0.18615 hard=0.75224 hard_red=0.02753
[rollout_loss_B_tiny_return] [train-progress] epoch=5 [#########---------------] 325/800  40.6% loss=0.44307 jepa=0.18305 hard=0.75898 hard_red=0.02693
[rollout_loss_B_tiny_return] [train-progress] epoch=5 [##########--------------] 350/800  43.8% loss=0.43544 jepa=0.18084 hard=0.75698 hard_red=0.02729
[rollout_loss_B_tiny_return] [train-progress] epoch=5 [###########-------------] 375/800  46.9% loss=0.44545 jepa=0.18037 hard=0.75454 hard_red=0.02752
[rollout_loss_B_tiny_return] [train-progress] epoch=5 [############------------] 400/800  50.0% loss=0.43274 jepa=0.17860 hard=0.74665 hard_red=0.02723
[rollout_loss_B_tiny_return] [train-progress] epoch=5 [############------------] 425/800  53.1% loss=0.42904 jepa=0.17791 hard=0.74898 hard_red=0.02671
[rollout_loss_B_tiny_return] [train-progress] epoch=5 [#############-----------] 450/800  56.2% loss=0.43078 jepa=0.17885 hard=0.74891 hard_red=0.02640
[rollout_loss_B_tiny_return] [train-progress] epoch=5 [##############----------] 475/800  59.4% loss=0.45745 jepa=0.18220 hard=0.74604 hard_red=0.02725
[rollout_loss_B_tiny_return] [train-progress] epoch=5 [###############---------] 500/800  62.5% loss=0.45640 jepa=0.18148 hard=0.73836 hard_red=0.02676
[rollout_loss_B_tiny_return] [train-progress] epoch=5 [###############---------] 525/800  65.6% loss=0.45791 jepa=0.18317 hard=0.73569 hard_red=0.02647
[rollout_loss_B_tiny_return] [train-progress] epoch=5 [################--------] 550/800  68.8% loss=0.44735 jepa=0.18401 hard=0.73569 hard_red=0.02614
[rollout_loss_B_tiny_return] [train-progress] epoch=5 [#################-------] 575/800  71.9% loss=0.43843 jepa=0.18434 hard=0.73641 hard_red=0.02597
[rollout_loss_B_tiny_return] [train-progress] epoch=5 [##################------] 600/800  75.0% loss=0.45391 jepa=0.18426 hard=0.73245 hard_red=0.02640
[rollout_loss_B_tiny_return] [train-progress] epoch=5 [##################------] 625/800  78.1% loss=0.45611 jepa=0.18375 hard=0.73306 hard_red=0.02657
[rollout_loss_B_tiny_return] [train-progress] epoch=5 [###################-----] 650/800  81.2% loss=0.47153 jepa=0.18424 hard=0.72776 hard_red=0.02700
[rollout_loss_B_tiny_return] [train-progress] epoch=5 [####################----] 675/800  84.4% loss=0.46541 jepa=0.18362 hard=0.73461 hard_red=0.02737
[rollout_loss_B_tiny_return] [train-progress] epoch=5 [#####################---] 700/800  87.5% loss=0.46014 jepa=0.18274 hard=0.73642 hard_red=0.02727
[rollout_loss_B_tiny_return] [train-progress] epoch=5 [#####################---] 725/800  90.6% loss=0.45303 jepa=0.18207 hard=0.73841 hard_red=0.02687
[rollout_loss_B_tiny_return] [train-progress] epoch=5 [######################--] 750/800  93.8% loss=0.44595 jepa=0.18129 hard=0.73838 hard_red=0.02690
[rollout_loss_B_tiny_return] [train-progress] epoch=5 [#######################-] 775/800  96.9% loss=0.44125 jepa=0.18054 hard=0.73743 hard_red=0.02685
[rollout_loss_B_tiny_return] [train-progress] epoch=5 [########################] 800/800 100.0% loss=0.43800 jepa=0.18047 hard=0.73537 hard_red=0.02710
[rollout_loss_B_tiny_return] [train] epoch=5 horizon=3 train_loss=0.437999 val_loss=0.335458 train_steps=800
[rollout_loss_B_tiny_return] [train-progress] epoch=6 [------------------------] 1/800   0.1% loss=0.10852 jepa=0.19756 hard=0.38073 hard_red=0.03882
[rollout_loss_B_tiny_return] [train-progress] epoch=6 [------------------------] 25/800   3.1% loss=0.81241 jepa=0.18963 hard=0.77779 hard_red=0.03310
[rollout_loss_B_tiny_return] [train-progress] epoch=6 [#-----------------------] 50/800   6.2% loss=0.79016 jepa=0.21317 hard=0.78801 hard_red=0.03269
[rollout_loss_B_tiny_return] [train-progress] epoch=6 [##----------------------] 75/800   9.4% loss=0.66148 jepa=0.20679 hard=0.78188 hard_red=0.02930
[rollout_loss_B_tiny_return] [train-progress] epoch=6 [###---------------------] 100/800  12.5% loss=0.63790 jepa=0.21448 hard=0.77580 hard_red=0.02783
[rollout_loss_B_tiny_return] [train-progress] epoch=6 [###---------------------] 125/800  15.6% loss=0.62404 jepa=0.22363 hard=0.79721 hard_red=0.02762
[rollout_loss_B_tiny_return] [train-progress] epoch=6 [####--------------------] 150/800  18.8% loss=0.57085 jepa=0.21795 hard=0.78949 hard_red=0.02609
[rollout_loss_B_tiny_return] [train-progress] epoch=6 [#####-------------------] 175/800  21.9% loss=0.56713 jepa=0.21306 hard=0.78819 hard_red=0.02824
[rollout_loss_B_tiny_return] [train-progress] epoch=6 [######------------------] 200/800  25.0% loss=0.55078 jepa=0.20837 hard=0.78627 hard_red=0.02825
[rollout_loss_B_tiny_return] [train-progress] epoch=6 [######------------------] 225/800  28.1% loss=0.54574 jepa=0.20742 hard=0.80051 hard_red=0.02903
[rollout_loss_B_tiny_return] [train-progress] epoch=6 [#######-----------------] 250/800  31.2% loss=0.59858 jepa=0.20540 hard=0.80145 hard_red=0.02891
[rollout_loss_B_tiny_return] [train-progress] epoch=6 [########----------------] 275/800  34.4% loss=0.56310 jepa=0.20176 hard=0.79720 hard_red=0.02928
[rollout_loss_B_tiny_return] [train-progress] epoch=6 [#########---------------] 300/800  37.5% loss=0.55209 jepa=0.20005 hard=0.78494 hard_red=0.02838
[rollout_loss_B_tiny_return] [train-progress] epoch=6 [#########---------------] 325/800  40.6% loss=0.54608 jepa=0.20050 hard=0.78158 hard_red=0.02953
[rollout_loss_B_tiny_return] [train-progress] epoch=6 [##########--------------] 350/800  43.8% loss=0.53304 jepa=0.19997 hard=0.78751 hard_red=0.02993
[rollout_loss_B_tiny_return] [train-progress] epoch=6 [###########-------------] 375/800  46.9% loss=0.53422 jepa=0.19910 hard=0.78141 hard_red=0.02956
[rollout_loss_B_tiny_return] [train-progress] epoch=6 [############------------] 400/800  50.0% loss=0.54366 jepa=0.19821 hard=0.77851 hard_red=0.02924
[rollout_loss_B_tiny_return] [train-progress] epoch=6 [############------------] 425/800  53.1% loss=0.53230 jepa=0.19731 hard=0.77559 hard_red=0.02879
[rollout_loss_B_tiny_return] [train-progress] epoch=6 [#############-----------] 450/800  56.2% loss=0.52490 jepa=0.19658 hard=0.77177 hard_red=0.02865
[rollout_loss_B_tiny_return] [train-progress] epoch=6 [##############----------] 475/800  59.4% loss=0.53225 jepa=0.19592 hard=0.77039 hard_red=0.02879
[rollout_loss_B_tiny_return] [train-progress] epoch=6 [###############---------] 500/800  62.5% loss=0.52179 jepa=0.19708 hard=0.76359 hard_red=0.02848
[rollout_loss_B_tiny_return] [train-progress] epoch=6 [###############---------] 525/800  65.6% loss=0.52430 jepa=0.19753 hard=0.75635 hard_red=0.02850
[rollout_loss_B_tiny_return] [train-progress] epoch=6 [################--------] 550/800  68.8% loss=0.52674 jepa=0.19716 hard=0.75561 hard_red=0.02808
[rollout_loss_B_tiny_return] [train-progress] epoch=6 [#################-------] 575/800  71.9% loss=0.54563 jepa=0.19857 hard=0.75403 hard_red=0.02832
[rollout_loss_B_tiny_return] [train-progress] epoch=6 [##################------] 600/800  75.0% loss=0.54652 jepa=0.19735 hard=0.75058 hard_red=0.02812
[rollout_loss_B_tiny_return] [train-progress] epoch=6 [##################------] 625/800  78.1% loss=0.53401 jepa=0.19629 hard=0.75349 hard_red=0.02762
[rollout_loss_B_tiny_return] [train-progress] epoch=6 [###################-----] 650/800  81.2% loss=0.52411 jepa=0.19549 hard=0.75423 hard_red=0.02747
[rollout_loss_B_tiny_return] [train-progress] epoch=6 [####################----] 675/800  84.4% loss=0.52297 jepa=0.19513 hard=0.75438 hard_red=0.02847
[rollout_loss_B_tiny_return] [train-progress] epoch=6 [#####################---] 700/800  87.5% loss=0.53742 jepa=0.19480 hard=0.75105 hard_red=0.02819
[rollout_loss_B_tiny_return] [train-progress] epoch=6 [#####################---] 725/800  90.6% loss=0.54595 jepa=0.19890 hard=0.75039 hard_red=0.02855
[rollout_loss_B_tiny_return] [train-progress] epoch=6 [######################--] 750/800  93.8% loss=0.53721 jepa=0.19885 hard=0.74722 hard_red=0.02822
[rollout_loss_B_tiny_return] [train-progress] epoch=6 [#######################-] 775/800  96.9% loss=0.53675 jepa=0.19812 hard=0.75169 hard_red=0.02810
[rollout_loss_B_tiny_return] [train-progress] epoch=6 [########################] 800/800 100.0% loss=0.53635 jepa=0.19720 hard=0.74414 hard_red=0.02766
[rollout_loss_B_tiny_return] [train] epoch=6 horizon=4 train_loss=0.536347 val_loss=0.364795 train_steps=800
[rollout_loss_B_tiny_return] [train-progress] epoch=7 [------------------------] 1/800   0.1% loss=0.34094 jepa=0.22139 hard=1.12003 hard_red=0.19396
[rollout_loss_B_tiny_return] [train-progress] epoch=7 [------------------------] 25/800   3.1% loss=0.35233 jepa=0.18615 hard=0.81885 hard_red=0.03521
[rollout_loss_B_tiny_return] [train-progress] epoch=7 [#-----------------------] 50/800   6.2% loss=0.42643 jepa=0.18022 hard=0.75108 hard_red=0.03230
[rollout_loss_B_tiny_return] [train-progress] epoch=7 [##----------------------] 75/800   9.4% loss=0.78378 jepa=0.20135 hard=0.74683 hard_red=0.03393
[rollout_loss_B_tiny_return] [train-progress] epoch=7 [###---------------------] 100/800  12.5% loss=0.68711 jepa=0.20237 hard=0.74635 hard_red=0.03148
[rollout_loss_B_tiny_return] [train-progress] epoch=7 [###---------------------] 125/800  15.6% loss=0.63292 jepa=0.20307 hard=0.73155 hard_red=0.03101
[rollout_loss_B_tiny_return] [train-progress] epoch=7 [####--------------------] 150/800  18.8% loss=0.56371 jepa=0.19759 hard=0.70599 hard_red=0.02822
[rollout_loss_B_tiny_return] [train-progress] epoch=7 [#####-------------------] 175/800  21.9% loss=0.59587 jepa=0.19589 hard=0.72433 hard_red=0.03375
[rollout_loss_B_tiny_return] [train-progress] epoch=7 [######------------------] 200/800  25.0% loss=0.59282 jepa=0.20785 hard=0.73195 hard_red=0.03282
[rollout_loss_B_tiny_return] [train-progress] epoch=7 [######------------------] 225/800  28.1% loss=0.55981 jepa=0.20675 hard=0.73723 hard_red=0.03246
[rollout_loss_B_tiny_return] [train-progress] epoch=7 [#######-----------------] 250/800  31.2% loss=0.53051 jepa=0.20472 hard=0.75055 hard_red=0.03250
[rollout_loss_B_tiny_return] [train-progress] epoch=7 [########----------------] 275/800  34.4% loss=0.53198 jepa=0.20571 hard=0.74957 hard_red=0.03350
[rollout_loss_B_tiny_return] [train-progress] epoch=7 [#########---------------] 300/800  37.5% loss=0.50483 jepa=0.20253 hard=0.75489 hard_red=0.03213
[rollout_loss_B_tiny_return] [train-progress] epoch=7 [#########---------------] 325/800  40.6% loss=0.49581 jepa=0.20138 hard=0.76057 hard_red=0.03191
[rollout_loss_B_tiny_return] [train-progress] epoch=7 [##########--------------] 350/800  43.8% loss=0.48761 jepa=0.19992 hard=0.75845 hard_red=0.03234
[rollout_loss_B_tiny_return] [train-progress] epoch=7 [###########-------------] 375/800  46.9% loss=0.47468 jepa=0.19977 hard=0.76354 hard_red=0.03216
[rollout_loss_B_tiny_return] [train-progress] epoch=7 [############------------] 400/800  50.0% loss=0.48697 jepa=0.19937 hard=0.75994 hard_red=0.03228
[rollout_loss_B_tiny_return] [train-progress] epoch=7 [############------------] 425/800  53.1% loss=0.47374 jepa=0.19784 hard=0.76338 hard_red=0.03229
[rollout_loss_B_tiny_return] [train-progress] epoch=7 [#############-----------] 450/800  56.2% loss=0.46808 jepa=0.19605 hard=0.76464 hard_red=0.03197
[rollout_loss_B_tiny_return] [train-progress] epoch=7 [##############----------] 475/800  59.4% loss=0.46575 jepa=0.19575 hard=0.76600 hard_red=0.03163
[rollout_loss_B_tiny_return] [train-progress] epoch=7 [###############---------] 500/800  62.5% loss=0.45608 jepa=0.19521 hard=0.76355 hard_red=0.03127
[rollout_loss_B_tiny_return] [train-progress] epoch=7 [###############---------] 525/800  65.6% loss=0.45296 jepa=0.19513 hard=0.76066 hard_red=0.03172
[rollout_loss_B_tiny_return] [train-progress] epoch=7 [################--------] 550/800  68.8% loss=0.44254 jepa=0.19403 hard=0.76221 hard_red=0.03129
[rollout_loss_B_tiny_return] [train-progress] epoch=7 [#################-------] 575/800  71.9% loss=0.43563 jepa=0.19360 hard=0.76149 hard_red=0.03124
[rollout_loss_B_tiny_return] [train-progress] epoch=7 [##################------] 600/800  75.0% loss=0.44521 jepa=0.19344 hard=0.76117 hard_red=0.03106
[rollout_loss_B_tiny_return] [train-progress] epoch=7 [##################------] 625/800  78.1% loss=0.44726 jepa=0.19386 hard=0.75693 hard_red=0.03065
[rollout_loss_B_tiny_return] [train-progress] epoch=7 [###################-----] 650/800  81.2% loss=0.44096 jepa=0.19446 hard=0.76025 hard_red=0.03051
[rollout_loss_B_tiny_return] [train-progress] epoch=7 [####################----] 675/800  84.4% loss=0.43476 jepa=0.19339 hard=0.75712 hard_red=0.03029
[rollout_loss_B_tiny_return] [train-progress] epoch=7 [#####################---] 700/800  87.5% loss=0.43295 jepa=0.19405 hard=0.75865 hard_red=0.03030
[rollout_loss_B_tiny_return] [train-progress] epoch=7 [#####################---] 725/800  90.6% loss=0.42599 jepa=0.19330 hard=0.75616 hard_red=0.02990
[rollout_loss_B_tiny_return] [train-progress] epoch=7 [######################--] 750/800  93.8% loss=0.42011 jepa=0.19219 hard=0.75309 hard_red=0.02932
[rollout_loss_B_tiny_return] [train-progress] epoch=7 [#######################-] 775/800  96.9% loss=0.41599 jepa=0.19144 hard=0.75300 hard_red=0.02975
[rollout_loss_B_tiny_return] [train-progress] epoch=7 [########################] 800/800 100.0% loss=0.41319 jepa=0.19114 hard=0.75048 hard_red=0.02991
[rollout_loss_B_tiny_return] [train] epoch=7 horizon=4 train_loss=0.413189 val_loss=0.375773 train_steps=800
[rollout_loss_B_tiny_return] [train-progress] epoch=8 [------------------------] 1/800   0.1% loss=0.30034 jepa=0.19330 hard=0.37176 hard_red=0.04388
[rollout_loss_B_tiny_return] [train-progress] epoch=8 [------------------------] 25/800   3.1% loss=0.42870 jepa=0.18477 hard=0.65206 hard_red=0.03457
[rollout_loss_B_tiny_return] [train-progress] epoch=8 [#-----------------------] 50/800   6.2% loss=0.35310 jepa=0.21732 hard=0.68038 hard_red=0.03284
[rollout_loss_B_tiny_return] [train-progress] epoch=8 [##----------------------] 75/800   9.4% loss=0.37507 jepa=0.21010 hard=0.68083 hard_red=0.03145
[rollout_loss_B_tiny_return] [train-progress] epoch=8 [###---------------------] 100/800  12.5% loss=0.42849 jepa=0.21064 hard=0.70389 hard_red=0.02953
[rollout_loss_B_tiny_return] [train-progress] epoch=8 [###---------------------] 125/800  15.6% loss=0.42690 jepa=0.22097 hard=0.70211 hard_red=0.02910
[rollout_loss_B_tiny_return] [train-progress] epoch=8 [####--------------------] 150/800  18.8% loss=0.47738 jepa=0.23252 hard=0.71063 hard_red=0.03024
[rollout_loss_B_tiny_return] [train-progress] epoch=8 [#####-------------------] 175/800  21.9% loss=0.45120 jepa=0.23117 hard=0.70741 hard_red=0.02893
[rollout_loss_B_tiny_return] [train-progress] epoch=8 [######------------------] 200/800  25.0% loss=0.45955 jepa=0.23418 hard=0.72420 hard_red=0.02942
[rollout_loss_B_tiny_return] [train-progress] epoch=8 [######------------------] 225/800  28.1% loss=0.51043 jepa=0.23385 hard=0.72908 hard_red=0.02808
[rollout_loss_B_tiny_return] [train-progress] epoch=8 [#######-----------------] 250/800  31.2% loss=0.52038 jepa=0.23466 hard=0.72693 hard_red=0.02901
[rollout_loss_B_tiny_return] [train-progress] epoch=8 [########----------------] 275/800  34.4% loss=0.50726 jepa=0.23267 hard=0.74369 hard_red=0.03002
[rollout_loss_B_tiny_return] [train-progress] epoch=8 [#########---------------] 300/800  37.5% loss=0.48600 jepa=0.22997 hard=0.74280 hard_red=0.02952
[rollout_loss_B_tiny_return] [train-progress] epoch=8 [#########---------------] 325/800  40.6% loss=0.47376 jepa=0.22716 hard=0.74550 hard_red=0.02896
[rollout_loss_B_tiny_return] [train-progress] epoch=8 [##########--------------] 350/800  43.8% loss=0.48853 jepa=0.22735 hard=0.74105 hard_red=0.03014
[rollout_loss_B_tiny_return] [train-progress] epoch=8 [###########-------------] 375/800  46.9% loss=0.48851 jepa=0.22860 hard=0.73305 hard_red=0.02922
[rollout_loss_B_tiny_return] [train-progress] epoch=8 [############------------] 400/800  50.0% loss=0.48031 jepa=0.22677 hard=0.73288 hard_red=0.02931
[rollout_loss_B_tiny_return] [train-progress] epoch=8 [############------------] 425/800  53.1% loss=0.47234 jepa=0.22343 hard=0.72510 hard_red=0.02907
[rollout_loss_B_tiny_return] [train-progress] epoch=8 [#############-----------] 450/800  56.2% loss=0.47349 jepa=0.22118 hard=0.73243 hard_red=0.02883
[rollout_loss_B_tiny_return] [train-progress] epoch=8 [##############----------] 475/800  59.4% loss=0.47877 jepa=0.21984 hard=0.73510 hard_red=0.02868
[rollout_loss_B_tiny_return] [train-progress] epoch=8 [###############---------] 500/800  62.5% loss=0.47950 jepa=0.21845 hard=0.74258 hard_red=0.02807
[rollout_loss_B_tiny_return] [train-progress] epoch=8 [###############---------] 525/800  65.6% loss=0.49193 jepa=0.22031 hard=0.73998 hard_red=0.02769
[rollout_loss_B_tiny_return] [train-progress] epoch=8 [################--------] 550/800  68.8% loss=0.50189 jepa=0.22050 hard=0.74285 hard_red=0.02832
[rollout_loss_B_tiny_return] [train-progress] epoch=8 [#################-------] 575/800  71.9% loss=0.49551 jepa=0.21982 hard=0.74587 hard_red=0.02851
[rollout_loss_B_tiny_return] [train-progress] epoch=8 [##################------] 600/800  75.0% loss=0.50066 jepa=0.22136 hard=0.74550 hard_red=0.02878
[rollout_loss_B_tiny_return] [train-progress] epoch=8 [##################------] 625/800  78.1% loss=0.49034 jepa=0.21995 hard=0.74329 hard_red=0.02839
[rollout_loss_B_tiny_return] [train-progress] epoch=8 [###################-----] 650/800  81.2% loss=0.48396 jepa=0.21961 hard=0.74250 hard_red=0.02828
[rollout_loss_B_tiny_return] [train-progress] epoch=8 [####################----] 675/800  84.4% loss=0.47714 jepa=0.21901 hard=0.73954 hard_red=0.02839
[rollout_loss_B_tiny_return] [train-progress] epoch=8 [#####################---] 700/800  87.5% loss=0.47505 jepa=0.21973 hard=0.73512 hard_red=0.02889
[rollout_loss_B_tiny_return] [train-progress] epoch=8 [#####################---] 725/800  90.6% loss=0.48043 jepa=0.21945 hard=0.73386 hard_red=0.02880
[rollout_loss_B_tiny_return] [train-progress] epoch=8 [######################--] 750/800  93.8% loss=0.47814 jepa=0.21927 hard=0.73455 hard_red=0.02897
[rollout_loss_B_tiny_return] [train-progress] epoch=8 [#######################-] 775/800  96.9% loss=0.47148 jepa=0.21793 hard=0.73278 hard_red=0.02880
[rollout_loss_B_tiny_return] [train-progress] epoch=8 [########################] 800/800 100.0% loss=0.47421 jepa=0.21650 hard=0.73539 hard_red=0.02872
[rollout_loss_B_tiny_return] [train] epoch=8 horizon=5 train_loss=0.474209 val_loss=0.407918 train_steps=800
[rollout_loss_B_tiny_return] [train-progress] epoch=9 [------------------------] 1/800   0.1% loss=0.09419 jepa=0.16835 hard=0.21665 hard_red=0.00132
[rollout_loss_B_tiny_return] [train-progress] epoch=9 [------------------------] 25/800   3.1% loss=0.39491 jepa=0.21311 hard=0.80029 hard_red=0.03817
[rollout_loss_B_tiny_return] [train-progress] epoch=9 [#-----------------------] 50/800   6.2% loss=0.45987 jepa=0.21066 hard=0.81181 hard_red=0.03810
[rollout_loss_B_tiny_return] [train-progress] epoch=9 [##----------------------] 75/800   9.4% loss=0.50619 jepa=0.20783 hard=0.80763 hard_red=0.03619
[rollout_loss_B_tiny_return] [train-progress] epoch=9 [###---------------------] 100/800  12.5% loss=0.45292 jepa=0.20765 hard=0.77555 hard_red=0.03403
[rollout_loss_B_tiny_return] [train-progress] epoch=9 [###---------------------] 125/800  15.6% loss=0.50052 jepa=0.22159 hard=0.74295 hard_red=0.03363
[rollout_loss_B_tiny_return] [train-progress] epoch=9 [####--------------------] 150/800  18.8% loss=0.46859 jepa=0.22097 hard=0.74428 hard_red=0.03312
[rollout_loss_B_tiny_return] [train-progress] epoch=9 [#####-------------------] 175/800  21.9% loss=0.53080 jepa=0.21763 hard=0.75054 hard_red=0.03291
[rollout_loss_B_tiny_return] [train-progress] epoch=9 [######------------------] 200/800  25.0% loss=0.53332 jepa=0.21918 hard=0.74819 hard_red=0.03436
[rollout_loss_B_tiny_return] [train-progress] epoch=9 [######------------------] 225/800  28.1% loss=0.51175 jepa=0.22006 hard=0.75099 hard_red=0.03330
[rollout_loss_B_tiny_return] [train-progress] epoch=9 [#######-----------------] 250/800  31.2% loss=0.49031 jepa=0.21604 hard=0.73350 hard_red=0.03236
[rollout_loss_B_tiny_return] [train-progress] epoch=9 [########----------------] 275/800  34.4% loss=0.47423 jepa=0.21544 hard=0.72753 hard_red=0.03161
[rollout_loss_B_tiny_return] [train-progress] epoch=9 [#########---------------] 300/800  37.5% loss=0.47853 jepa=0.21523 hard=0.73329 hard_red=0.03240
[rollout_loss_B_tiny_return] [train-progress] epoch=9 [#########---------------] 325/800  40.6% loss=0.48381 jepa=0.21496 hard=0.73954 hard_red=0.03248
[rollout_loss_B_tiny_return] [train-progress] epoch=9 [##########--------------] 350/800  43.8% loss=0.48410 jepa=0.21563 hard=0.74285 hard_red=0.03300
[rollout_loss_B_tiny_return] [train-progress] epoch=9 [###########-------------] 375/800  46.9% loss=0.47080 jepa=0.21507 hard=0.73363 hard_red=0.03293
[rollout_loss_B_tiny_return] [train-progress] epoch=9 [############------------] 400/800  50.0% loss=0.48917 jepa=0.21510 hard=0.73510 hard_red=0.03275
[rollout_loss_B_tiny_return] [train-progress] epoch=9 [############------------] 425/800  53.1% loss=0.48013 jepa=0.21522 hard=0.73020 hard_red=0.03272
[rollout_loss_B_tiny_return] [train-progress] epoch=9 [#############-----------] 450/800  56.2% loss=0.47712 jepa=0.21340 hard=0.72232 hard_red=0.03253
[rollout_loss_B_tiny_return] [train-progress] epoch=9 [##############----------] 475/800  59.4% loss=0.46475 jepa=0.21152 hard=0.71650 hard_red=0.03155
[rollout_loss_B_tiny_return] [train-progress] epoch=9 [###############---------] 500/800  62.5% loss=0.45220 jepa=0.21044 hard=0.71847 hard_red=0.03087
[rollout_loss_B_tiny_return] [train-progress] epoch=9 [###############---------] 525/800  65.6% loss=0.44748 jepa=0.20966 hard=0.72044 hard_red=0.03104
[rollout_loss_B_tiny_return] [train-progress] epoch=9 [################--------] 550/800  68.8% loss=0.46212 jepa=0.20941 hard=0.71715 hard_red=0.03098
[rollout_loss_B_tiny_return] [train-progress] epoch=9 [#################-------] 575/800  71.9% loss=0.45900 jepa=0.20978 hard=0.71615 hard_red=0.03132
[rollout_loss_B_tiny_return] [train-progress] epoch=9 [##################------] 600/800  75.0% loss=0.45498 jepa=0.20949 hard=0.71786 hard_red=0.03120
[rollout_loss_B_tiny_return] [train-progress] epoch=9 [##################------] 625/800  78.1% loss=0.44778 jepa=0.20855 hard=0.72130 hard_red=0.03095
[rollout_loss_B_tiny_return] [train-progress] epoch=9 [###################-----] 650/800  81.2% loss=0.44903 jepa=0.20952 hard=0.71764 hard_red=0.03030
[rollout_loss_B_tiny_return] [train-progress] epoch=9 [####################----] 675/800  84.4% loss=0.44474 jepa=0.21091 hard=0.71924 hard_red=0.02994
[rollout_loss_B_tiny_return] [train-progress] epoch=9 [#####################---] 700/800  87.5% loss=0.43834 jepa=0.21078 hard=0.71687 hard_red=0.02949
[rollout_loss_B_tiny_return] [train-progress] epoch=9 [#####################---] 725/800  90.6% loss=0.44295 jepa=0.21072 hard=0.71283 hard_red=0.02971
[rollout_loss_B_tiny_return] [train-progress] epoch=9 [######################--] 750/800  93.8% loss=0.45046 jepa=0.21328 hard=0.70878 hard_red=0.02975
[rollout_loss_B_tiny_return] [train-progress] epoch=9 [#######################-] 775/800  96.9% loss=0.44924 jepa=0.21443 hard=0.71122 hard_red=0.02933
[rollout_loss_B_tiny_return] [train-progress] epoch=9 [########################] 800/800 100.0% loss=0.45370 jepa=0.21444 hard=0.71011 hard_red=0.02928
[rollout_loss_B_tiny_return] [train] epoch=9 horizon=5 train_loss=0.453698 val_loss=0.429815 train_steps=800
[rollout_loss_B_tiny_return] [train-progress] epoch=10 [------------------------] 1/800   0.1% loss=1.37493 jepa=0.17817 hard=0.94328 hard_red=0.10343
[rollout_loss_B_tiny_return] [train-progress] epoch=10 [------------------------] 25/800   3.1% loss=0.44086 jepa=0.21864 hard=0.83829 hard_red=0.03692
[rollout_loss_B_tiny_return] [train-progress] epoch=10 [#-----------------------] 50/800   6.2% loss=0.35902 jepa=0.20915 hard=0.77568 hard_red=0.02879
[rollout_loss_B_tiny_return] [train-progress] epoch=10 [##----------------------] 75/800   9.4% loss=0.39531 jepa=0.21030 hard=0.73101 hard_red=0.02623
[rollout_loss_B_tiny_return] [train-progress] epoch=10 [###---------------------] 100/800  12.5% loss=0.41261 jepa=0.20716 hard=0.74710 hard_red=0.02875
[rollout_loss_B_tiny_return] [train-progress] epoch=10 [###---------------------] 125/800  15.6% loss=0.37825 jepa=0.20859 hard=0.73559 hard_red=0.02988
[rollout_loss_B_tiny_return] [train-progress] epoch=10 [####--------------------] 150/800  18.8% loss=0.39406 jepa=0.20879 hard=0.72512 hard_red=0.03089
[rollout_loss_B_tiny_return] [train-progress] epoch=10 [#####-------------------] 175/800  21.9% loss=0.38285 jepa=0.20979 hard=0.71576 hard_red=0.03052
[rollout_loss_B_tiny_return] [train-progress] epoch=10 [######------------------] 200/800  25.0% loss=0.37831 jepa=0.21198 hard=0.71224 hard_red=0.02963
[rollout_loss_B_tiny_return] [train-progress] epoch=10 [######------------------] 225/800  28.1% loss=0.36588 jepa=0.20960 hard=0.73509 hard_red=0.02930
[rollout_loss_B_tiny_return] [train-progress] epoch=10 [#######-----------------] 250/800  31.2% loss=0.36450 jepa=0.20789 hard=0.72659 hard_red=0.03009
[rollout_loss_B_tiny_return] [train-progress] epoch=10 [########----------------] 275/800  34.4% loss=0.38760 jepa=0.20702 hard=0.72905 hard_red=0.03002
[rollout_loss_B_tiny_return] [train-progress] epoch=10 [#########---------------] 300/800  37.5% loss=0.40136 jepa=0.20854 hard=0.72932 hard_red=0.03027
[rollout_loss_B_tiny_return] [train-progress] epoch=10 [#########---------------] 325/800  40.6% loss=0.39660 jepa=0.20782 hard=0.72752 hard_red=0.03095
[rollout_loss_B_tiny_return] [train-progress] epoch=10 [##########--------------] 350/800  43.8% loss=0.40693 jepa=0.20700 hard=0.73360 hard_red=0.03079
[rollout_loss_B_tiny_return] [train-progress] epoch=10 [###########-------------] 375/800  46.9% loss=0.41440 jepa=0.20661 hard=0.71957 hard_red=0.02974
[rollout_loss_B_tiny_return] [train-progress] epoch=10 [############------------] 400/800  50.0% loss=0.42197 jepa=0.20599 hard=0.72666 hard_red=0.02978
[rollout_loss_B_tiny_return] [train-progress] epoch=10 [############------------] 425/800  53.1% loss=0.41331 jepa=0.20556 hard=0.73167 hard_red=0.02936
[rollout_loss_B_tiny_return] [train-progress] epoch=10 [#############-----------] 450/800  56.2% loss=0.42231 jepa=0.20638 hard=0.72855 hard_red=0.03013
[rollout_loss_B_tiny_return] [train-progress] epoch=10 [##############----------] 475/800  59.4% loss=0.43608 jepa=0.20753 hard=0.73520 hard_red=0.03080
[rollout_loss_B_tiny_return] [train-progress] epoch=10 [###############---------] 500/800  62.5% loss=0.44639 jepa=0.21301 hard=0.73539 hard_red=0.03083
[rollout_loss_B_tiny_return] [train-progress] epoch=10 [###############---------] 525/800  65.6% loss=0.44091 jepa=0.21294 hard=0.72960 hard_red=0.03032
[rollout_loss_B_tiny_return] [train-progress] epoch=10 [################--------] 550/800  68.8% loss=0.43512 jepa=0.21244 hard=0.72604 hard_red=0.02970
[rollout_loss_B_tiny_return] [train-progress] epoch=10 [#################-------] 575/800  71.9% loss=0.43443 jepa=0.21312 hard=0.72008 hard_red=0.02921
[rollout_loss_B_tiny_return] [train-progress] epoch=10 [##################------] 600/800  75.0% loss=0.43391 jepa=0.21216 hard=0.72745 hard_red=0.02887
[rollout_loss_B_tiny_return] [train-progress] epoch=10 [##################------] 625/800  78.1% loss=0.43673 jepa=0.21266 hard=0.72710 hard_red=0.02889
[rollout_loss_B_tiny_return] [train-progress] epoch=10 [###################-----] 650/800  81.2% loss=0.43199 jepa=0.21237 hard=0.72449 hard_red=0.02847
[rollout_loss_B_tiny_return] [train-progress] epoch=10 [####################----] 675/800  84.4% loss=0.42732 jepa=0.21149 hard=0.72709 hard_red=0.02821
[rollout_loss_B_tiny_return] [train-progress] epoch=10 [#####################---] 700/800  87.5% loss=0.42256 jepa=0.21043 hard=0.72420 hard_red=0.02805
[rollout_loss_B_tiny_return] [train-progress] epoch=10 [#####################---] 725/800  90.6% loss=0.42028 jepa=0.20962 hard=0.72398 hard_red=0.02782
[rollout_loss_B_tiny_return] [train-progress] epoch=10 [######################--] 750/800  93.8% loss=0.41513 jepa=0.20883 hard=0.72497 hard_red=0.02759
[rollout_loss_B_tiny_return] [train-progress] epoch=10 [#######################-] 775/800  96.9% loss=0.41213 jepa=0.20820 hard=0.72805 hard_red=0.02769
[rollout_loss_B_tiny_return] [train-progress] epoch=10 [########################] 800/800 100.0% loss=0.41633 jepa=0.20839 hard=0.72825 hard_red=0.02769
[rollout_loss_B_tiny_return] [train] epoch=10 horizon=5 train_loss=0.416332 val_loss=0.402241 train_steps=800
[rollout_loss_B_tiny_return] [train-progress] epoch=11 [------------------------] 1/800   0.1% loss=0.09989 jepa=0.16131 hard=0.35604 hard_red=0.00119
[rollout_loss_B_tiny_return] [train-progress] epoch=11 [------------------------] 25/800   3.1% loss=0.52565 jepa=0.24150 hard=0.65788 hard_red=0.02419
[rollout_loss_B_tiny_return] [train-progress] epoch=11 [#-----------------------] 50/800   6.2% loss=0.45282 jepa=0.21872 hard=0.69961 hard_red=0.02572
[rollout_loss_B_tiny_return] [train-progress] epoch=11 [##----------------------] 75/800   9.4% loss=0.45369 jepa=0.21974 hard=0.74218 hard_red=0.03008
[rollout_loss_B_tiny_return] [train-progress] epoch=11 [###---------------------] 100/800  12.5% loss=0.52404 jepa=0.22431 hard=0.75479 hard_red=0.03390
[rollout_loss_B_tiny_return] [train-progress] epoch=11 [###---------------------] 125/800  15.6% loss=0.46004 jepa=0.21987 hard=0.74532 hard_red=0.03159
[rollout_loss_B_tiny_return] [train-progress] epoch=11 [####--------------------] 150/800  18.8% loss=0.50639 jepa=0.22271 hard=0.75087 hard_red=0.03097
[rollout_loss_B_tiny_return] [train-progress] epoch=11 [#####-------------------] 175/800  21.9% loss=0.49955 jepa=0.22481 hard=0.74731 hard_red=0.03098
[rollout_loss_B_tiny_return] [train-progress] epoch=11 [######------------------] 200/800  25.0% loss=0.52076 jepa=0.23565 hard=0.75355 hard_red=0.03018
[rollout_loss_B_tiny_return] [train-progress] epoch=11 [######------------------] 225/800  28.1% loss=0.53712 jepa=0.23307 hard=0.74923 hard_red=0.03128
[rollout_loss_B_tiny_return] [train-progress] epoch=11 [#######-----------------] 250/800  31.2% loss=0.52523 jepa=0.23169 hard=0.74594 hard_red=0.03080
[rollout_loss_B_tiny_return] [train-progress] epoch=11 [########----------------] 275/800  34.4% loss=0.51429 jepa=0.22908 hard=0.73659 hard_red=0.02960
[rollout_loss_B_tiny_return] [train-progress] epoch=11 [#########---------------] 300/800  37.5% loss=0.50562 jepa=0.22954 hard=0.72977 hard_red=0.03046
[rollout_loss_B_tiny_return] [train-progress] epoch=11 [#########---------------] 325/800  40.6% loss=0.50214 jepa=0.22927 hard=0.73749 hard_red=0.03054
[rollout_loss_B_tiny_return] [train-progress] epoch=11 [##########--------------] 350/800  43.8% loss=0.48868 jepa=0.22747 hard=0.74624 hard_red=0.03088
[rollout_loss_B_tiny_return] [train-progress] epoch=11 [###########-------------] 375/800  46.9% loss=0.48426 jepa=0.22590 hard=0.74162 hard_red=0.03040
[rollout_loss_B_tiny_return] [train-progress] epoch=11 [############------------] 400/800  50.0% loss=0.47296 jepa=0.22517 hard=0.73527 hard_red=0.03054
[rollout_loss_B_tiny_return] [train-progress] epoch=11 [############------------] 425/800  53.1% loss=0.50687 jepa=0.22779 hard=0.73195 hard_red=0.03087
[rollout_loss_B_tiny_return] [train-progress] epoch=11 [#############-----------] 450/800  56.2% loss=0.51605 jepa=0.22904 hard=0.73711 hard_red=0.03115
[rollout_loss_B_tiny_return] [train-progress] epoch=11 [##############----------] 475/800  59.4% loss=0.53360 jepa=0.22873 hard=0.74083 hard_red=0.03127
[rollout_loss_B_tiny_return] [train-progress] epoch=11 [###############---------] 500/800  62.5% loss=0.52665 jepa=0.22916 hard=0.73901 hard_red=0.03052
[rollout_loss_B_tiny_return] [train-progress] epoch=11 [###############---------] 525/800  65.6% loss=0.52692 jepa=0.22708 hard=0.73680 hard_red=0.02998
[rollout_loss_B_tiny_return] [train-progress] epoch=11 [################--------] 550/800  68.8% loss=0.51474 jepa=0.22517 hard=0.72863 hard_red=0.02950
[rollout_loss_B_tiny_return] [train-progress] epoch=11 [#################-------] 575/800  71.9% loss=0.51443 jepa=0.22445 hard=0.72872 hard_red=0.02914
[rollout_loss_B_tiny_return] [train-progress] epoch=11 [##################------] 600/800  75.0% loss=0.50600 jepa=0.22398 hard=0.72879 hard_red=0.02892
[rollout_loss_B_tiny_return] [train-progress] epoch=11 [##################------] 625/800  78.1% loss=0.50318 jepa=0.22274 hard=0.72709 hard_red=0.02862
[rollout_loss_B_tiny_return] [train-progress] epoch=11 [###################-----] 650/800  81.2% loss=0.50066 jepa=0.22093 hard=0.72357 hard_red=0.02838
[rollout_loss_B_tiny_return] [train-progress] epoch=11 [####################----] 675/800  84.4% loss=0.50463 jepa=0.22002 hard=0.72063 hard_red=0.02837
[rollout_loss_B_tiny_return] [train-progress] epoch=11 [#####################---] 700/800  87.5% loss=0.50592 jepa=0.22201 hard=0.71627 hard_red=0.02820
[rollout_loss_B_tiny_return] [train-progress] epoch=11 [#####################---] 725/800  90.6% loss=0.50742 jepa=0.22186 hard=0.71716 hard_red=0.02809
[rollout_loss_B_tiny_return] [train-progress] epoch=11 [######################--] 750/800  93.8% loss=0.50390 jepa=0.22137 hard=0.71302 hard_red=0.02826
[rollout_loss_B_tiny_return] [train-progress] epoch=11 [#######################-] 775/800  96.9% loss=0.50129 jepa=0.22018 hard=0.71693 hard_red=0.02827
[rollout_loss_B_tiny_return] [train-progress] epoch=11 [########################] 800/800 100.0% loss=0.49583 jepa=0.21990 hard=0.71770 hard_red=0.02827
[rollout_loss_B_tiny_return] [train] epoch=11 horizon=5 train_loss=0.495829 val_loss=0.622452 train_steps=800
[rollout_loss_B_tiny_return] [train-progress] epoch=12 [------------------------] 1/800   0.1% loss=0.09270 jepa=0.18938 hard=0.80049 hard_red=0.00026
[rollout_loss_B_tiny_return] [train-progress] epoch=12 [------------------------] 25/800   3.1% loss=0.38650 jepa=0.26936 hard=0.72208 hard_red=0.02528
[rollout_loss_B_tiny_return] [train-progress] epoch=12 [#-----------------------] 50/800   6.2% loss=0.55925 jepa=0.30491 hard=0.74489 hard_red=0.02949
[rollout_loss_B_tiny_return] [train-progress] epoch=12 [##----------------------] 75/800   9.4% loss=0.53878 jepa=0.27758 hard=0.75001 hard_red=0.02688
[rollout_loss_B_tiny_return] [train-progress] epoch=12 [###---------------------] 100/800  12.5% loss=0.49418 jepa=0.26689 hard=0.73725 hard_red=0.02654
[rollout_loss_B_tiny_return] [train-progress] epoch=12 [###---------------------] 125/800  15.6% loss=0.48448 jepa=0.25505 hard=0.71843 hard_red=0.02536
[rollout_loss_B_tiny_return] [train-progress] epoch=12 [####--------------------] 150/800  18.8% loss=0.55646 jepa=0.24684 hard=0.72038 hard_red=0.02509
[rollout_loss_B_tiny_return] [train-progress] epoch=12 [#####-------------------] 175/800  21.9% loss=0.58032 jepa=0.24448 hard=0.73558 hard_red=0.02778
[rollout_loss_B_tiny_return] [train-progress] epoch=12 [######------------------] 200/800  25.0% loss=0.58620 jepa=0.23769 hard=0.72756 hard_red=0.02729
[rollout_loss_B_tiny_return] [train-progress] epoch=12 [######------------------] 225/800  28.1% loss=0.55154 jepa=0.23674 hard=0.72993 hard_red=0.02766
[rollout_loss_B_tiny_return] [train-progress] epoch=12 [#######-----------------] 250/800  31.2% loss=0.54546 jepa=0.23538 hard=0.71780 hard_red=0.02771
[rollout_loss_B_tiny_return] [train-progress] epoch=12 [########----------------] 275/800  34.4% loss=0.54368 jepa=0.23493 hard=0.71890 hard_red=0.02876
[rollout_loss_B_tiny_return] [train-progress] epoch=12 [#########---------------] 300/800  37.5% loss=0.53607 jepa=0.23695 hard=0.71929 hard_red=0.02891
[rollout_loss_B_tiny_return] [train-progress] epoch=12 [#########---------------] 325/800  40.6% loss=0.54504 jepa=0.23594 hard=0.71506 hard_red=0.02841
[rollout_loss_B_tiny_return] [train-progress] epoch=12 [##########--------------] 350/800  43.8% loss=0.53574 jepa=0.23463 hard=0.71702 hard_red=0.02771
[rollout_loss_B_tiny_return] [train-progress] epoch=12 [###########-------------] 375/800  46.9% loss=0.53051 jepa=0.23446 hard=0.72513 hard_red=0.02741
[rollout_loss_B_tiny_return] [train-progress] epoch=12 [############------------] 400/800  50.0% loss=0.52278 jepa=0.23234 hard=0.72779 hard_red=0.02683
[rollout_loss_B_tiny_return] [train-progress] epoch=12 [############------------] 425/800  53.1% loss=0.50825 jepa=0.22989 hard=0.73776 hard_red=0.02695
[rollout_loss_B_tiny_return] [train-progress] epoch=12 [#############-----------] 450/800  56.2% loss=0.53087 jepa=0.22976 hard=0.73340 hard_red=0.02726
[rollout_loss_B_tiny_return] [train-progress] epoch=12 [##############----------] 475/800  59.4% loss=0.52401 jepa=0.22888 hard=0.73444 hard_red=0.02698
[rollout_loss_B_tiny_return] [train-progress] epoch=12 [###############---------] 500/800  62.5% loss=0.52325 jepa=0.22706 hard=0.72808 hard_red=0.02713
[rollout_loss_B_tiny_return] [train-progress] epoch=12 [###############---------] 525/800  65.6% loss=0.51708 jepa=0.22549 hard=0.73088 hard_red=0.02693
[rollout_loss_B_tiny_return] [train-progress] epoch=12 [################--------] 550/800  68.8% loss=0.50559 jepa=0.22368 hard=0.72991 hard_red=0.02653
[rollout_loss_B_tiny_return] [train-progress] epoch=12 [#################-------] 575/800  71.9% loss=0.51609 jepa=0.22312 hard=0.72983 hard_red=0.02706
[rollout_loss_B_tiny_return] [train-progress] epoch=12 [##################------] 600/800  75.0% loss=0.51001 jepa=0.22418 hard=0.72251 hard_red=0.02661
[rollout_loss_B_tiny_return] [train-progress] epoch=12 [##################------] 625/800  78.1% loss=0.50586 jepa=0.22325 hard=0.71725 hard_red=0.02634
[rollout_loss_B_tiny_return] [train-progress] epoch=12 [###################-----] 650/800  81.2% loss=0.50218 jepa=0.22293 hard=0.72177 hard_red=0.02635
[rollout_loss_B_tiny_return] [train-progress] epoch=12 [####################----] 675/800  84.4% loss=0.50474 jepa=0.22337 hard=0.72112 hard_red=0.02620
[rollout_loss_B_tiny_return] [train-progress] epoch=12 [#####################---] 700/800  87.5% loss=0.49610 jepa=0.22237 hard=0.71969 hard_red=0.02651
[rollout_loss_B_tiny_return] [train-progress] epoch=12 [#####################---] 725/800  90.6% loss=0.50589 jepa=0.22245 hard=0.72147 hard_red=0.02694
[rollout_loss_B_tiny_return] [train-progress] epoch=12 [######################--] 750/800  93.8% loss=0.50923 jepa=0.22233 hard=0.71758 hard_red=0.02704
[rollout_loss_B_tiny_return] [train-progress] epoch=12 [#######################-] 775/800  96.9% loss=0.50782 jepa=0.22145 hard=0.71593 hard_red=0.02709
[rollout_loss_B_tiny_return] [train-progress] epoch=12 [########################] 800/800 100.0% loss=0.50598 jepa=0.22112 hard=0.71791 hard_red=0.02705
[rollout_loss_B_tiny_return] [train] epoch=12 horizon=5 train_loss=0.505981 val_loss=0.466238 train_steps=800
[rollout_loss_B_tiny_return] wrote_csv=autoresearch/rollout-loss-ablation-260630/hard_eval/rollout_loss_B_tiny_return.csv
[rollout_loss_B_tiny_return] wrote_png=autoresearch/rollout-loss-ablation-260630/hard_eval/rollout_loss_B_tiny_return.png
[rollout_loss_B_tiny_return] [eval] epoch=1 latent=0.030622 scoap_mae=0.689092 hard_bce=1.022271 hard_macro_f1_tuned=0.218348 hard_recall_top10=0.663574 predictive_score=0.405608
[rollout_loss_B_tiny_return] [eval] epoch=2 latent=0.043036 scoap_mae=0.721206 hard_bce=0.982593 hard_macro_f1_tuned=0.238798 hard_recall_top10=0.333333 predictive_score=0.327352
[rollout_loss_B_tiny_return] [eval] epoch=3 latent=0.037700 scoap_mae=0.698548 hard_bce=0.903373 hard_macro_f1_tuned=0.242257 hard_recall_top10=0.940104 predictive_score=0.481138
[rollout_loss_B_tiny_return] [eval] epoch=4 latent=0.057999 scoap_mae=0.694749 hard_bce=0.845641 hard_macro_f1_tuned=0.241089 hard_recall_top10=0.661947 predictive_score=0.418897
[rollout_loss_B_tiny_return] [eval] epoch=5 latent=0.050550 scoap_mae=0.674455 hard_bce=0.883650 hard_macro_f1_tuned=0.251641 hard_recall_top10=0.669759 predictive_score=0.428863
[rollout_loss_B_tiny_return] [eval] epoch=6 latent=0.046914 scoap_mae=0.681186 hard_bce=0.867964 hard_macro_f1_tuned=0.252095 hard_recall_top10=0.384766 predictive_score=0.355706
[rollout_loss_B_tiny_return] [eval] epoch=7 latent=0.050827 scoap_mae=0.675697 hard_bce=0.943958 hard_macro_f1_tuned=0.164497 hard_recall_top10=0.634277 predictive_score=0.382939
[rollout_loss_B_tiny_return] [eval] epoch=8 latent=0.049959 scoap_mae=0.691623 hard_bce=0.994362 hard_macro_f1_tuned=0.192807 hard_recall_top10=0.684408 predictive_score=0.405819
[rollout_loss_B_tiny_return] [eval] epoch=9 latent=0.048480 scoap_mae=0.680853 hard_bce=0.976737 hard_macro_f1_tuned=0.245376 hard_recall_top10=0.975423 predictive_score=0.503162
[rollout_loss_B_tiny_return] [eval] epoch=10 latent=0.051545 scoap_mae=0.670574 hard_bce=0.963732 hard_macro_f1_tuned=0.236868 hard_recall_top10=0.667318 predictive_score=0.420330
[rollout_loss_B_tiny_return] [eval] epoch=11 latent=0.063506 scoap_mae=0.682874 hard_bce=0.998486 hard_macro_f1_tuned=0.165902 hard_recall_top10=0.401367 predictive_score=0.321644
[rollout_loss_B_tiny_return] [eval] epoch=12 latent=0.058437 scoap_mae=0.661651 hard_bce=1.011981 hard_macro_f1_tuned=0.188706 hard_recall_top10=0.594076 predictive_score=0.385995
[rollout_loss_B_tiny_return] [eval] epoch=-2 latent=0.030622 scoap_mae=0.689092 hard_bce=1.022271 hard_macro_f1_tuned=0.218175 hard_recall_top10=0.663574 predictive_score=0.405530
[rollout_loss_B_tiny_return] [eval] epoch=-1 latent=0.058437 scoap_mae=0.661651 hard_bce=1.011981 hard_macro_f1_tuned=0.188732 hard_recall_top10=0.594076 predictive_score=0.386007
[rollout_loss_B_tiny_return] [rollout_loss_B_tiny_return] exited status=0
