__buf_split_261 /1 undetected
__tpi_not_test_en->__tpi_cp_1___buf_split_270 /1 undetected
__tpi_not_test_en->__tpi_cp_4_n_428 /1 undetected
test_en->__tpi_cp_46___aig_and_343 /0 undetected
__tpi_not_test_en->__tpi_cp_9___buf_split_265 /1 undetected
__tpi_not_test_en->__tpi_cp_6___aig_not_335 /1 undetected
test_en->__tpi_cp_45_n_416 /0 undetected
__tpi_not_test_en->__tpi_cp_11_n_380 /1 undetected
__tpi_not_test_en->__tpi_cp_14___buf_split_217 /1 undetected
__tpi_not_test_en->__tpi_cp_7_n_422 /1 undetected
test_en->__tpi_cp_17___aig_and_288 /0 undetected
__tpi_not_test_en->__tpi_cp_2___buf_split_149 /1 undetected
__tpi_not_test_en->__tpi_cp_35___aig_not_77 /1 undetected
__tpi_not_test_en->__tpi_cp_27_n_151 /1 undetected
__tpi_not_test_en->__tpi_cp_37___aig_not_61 /1 undetected
__tpi_not_test_en->__tpi_cp_42_n_143 /1 undetected
__tpi_not_test_en->__tpi_cp_18_n_135 /1 undetected
__tpi_not_test_en->__tpi_cp_16_n_131 /1 undetected
__tpi_not_test_en->__tpi_cp_15_n_127 /1 undetected
__tpi_not_test_en->__tpi_cp_34_n_147 /1 undetected
__tpi_not_test_en->__tpi_cp_43_n_139 /1 undetected
__tpi_not_test_en->__tpi_cp_33_n_227 /1 undetected
__tpi_not_test_en->__tpi_cp_38_n_224 /1 undetected
__buf_split_117 /1 undetected
__buf_split_116 /1 undetected
__buf_split_111 /1 undetected
__buf_split_110 /1 undetected
__buf_split_105 /1 undetected
__buf_split_104 /1 undetected
__buf_split_99 /1 undetected
__buf_split_98 /1 undetected
__buf_split_95 /1 undetected
__buf_split_94 /1 undetected
__buf_split_91 /1 undetected
__buf_split_90 /1 undetected
__buf_split_87 /1 undetected
__buf_split_86 /1 undetected
__tpi_not_test_en->__tpi_cp_19___buf_split_70 /1 undetected
test_en->__tpi_cp_41___aig_and_12 /0 undetected
