__tpi_not_test_en->__tpi_cp_0_new_n29618 /1 undetected
__tpi_not_test_en->__tpi_cp_14___aig_and_62929 /1 undetected
__aig_not_32891 /1 undetected
__aig_not_31994 /1 undetected
__aig_and_31990 /0 undetected
test_en->__tpi_cp_12___aig_and_31982 /0 undetected
__aig_and_31982 /0 undetected
test_en->__tpi_cp_22___aig_and_31978 /0 undetected
__aig_and_31978 /0 undetected
test_en->__tpi_cp_21_new_n15297 /0 undetected
new_n15297 /0 undetected
test_en->__tpi_cp_9_new_n15292 /0 undetected
new_n15292 /0 undetected
test_en->__tpi_cp_13_new_n15290 /0 undetected
__tpi_cp_13_new_n15290 /1 undetected
new_n15290 /0 undetected
test_en->__tpi_cp_8___aig_and_31970 /0 undetected
__aig_and_31970 /0 undetected
test_en->__tpi_cp_10_new_n15289 /0 undetected
__tpi_cp_10_new_n15289 /1 undetected
new_n15289 /0 undetected
new_n15288 /1 undetected
new_n15287 /1 undetected
test_en->__tpi_cp_11___buf_split_20798 /0 undetected
__tpi_cp_11___buf_split_20798 /1 undetected
__buf_split_20798 /0 undetected
__buf_split_20797 /1 undetected
__buf_split_20799 /1 undetected
__buf_split_20800 /1 undetected
__buf_split_20801 /1 undetected
__buf_split_20802 /1 undetected
__buf_split_20803 /1 undetected
__buf_split_20804 /1 undetected
__buf_split_20805 /1 undetected
__buf_split_20806 /1 undetected
__buf_split_20807 /1 undetected
__buf_split_20808 /1 undetected
__buf_split_20809 /1 undetected
__aig_not_31979 /1 undetected
__aig_not_31981 /1 undetected
__aig_not_31983 /1 undetected
__aig_not_31985 /1 undetected
__aig_not_31987 /1 undetected
__aig_not_31989 /1 undetected
__aig_not_61930 /1 undetected
__buf_split_39849 /0 undetected
new_n28919 /0 undetected
test_en->__tpi_cp_1_new_n28918 /0 undetected
new_n28918 /0 undetected
test_en->__tpi_cp_2___aig_and_61924 /0 undetected
__aig_and_61924 /0 undetected
test_en->__tpi_cp_16_new_n28915 /0 undetected
new_n28915 /0 undetected
test_en->__tpi_cp_5_new_n28910 /0 undetected
new_n28910 /0 undetected
test_en->__tpi_cp_23_new_n28909 /0 undetected
new_n28909 /0 undetected
test_en->__tpi_cp_20_new_n28906 /0 undetected
new_n28906 /0 undetected
__buf_split_39830 /1 undetected
__buf_split_39829 /1 undetected
__buf_split_39831 /1 undetected
__buf_split_39832 /1 undetected
__buf_split_39833 /1 undetected
__buf_split_39834 /1 undetected
__buf_split_39835 /1 undetected
__buf_split_39836 /1 undetected
__buf_split_39837 /1 undetected
__buf_split_39838 /1 undetected
__buf_split_39839 /1 undetected
__buf_split_39840 /1 undetected
__aig_not_61919 /1 undetected
__aig_not_61921 /1 undetected
__aig_not_61923 /1 undetected
__aig_not_61925 /1 undetected
__aig_not_61927 /1 undetected
new_n15286 /1 undetected
new_n15286 /0 undetected
test_en->__tpi_cp_7___aig_and_31966 /0 undetected
__aig_and_31966 /0 undetected
new_n15285 /1 undetected
__tpi_not_test_en->__tpi_cp_18___buf_split_20795 /1 undetected
__tpi_cp_18___buf_split_20795 /1 undetected
__buf_split_20795 /1 undetected
__buf_split_20794 /1 undetected
__aig_not_31965 /1 undetected
