test_en->__tpi_cp_54___aig_and_73 /0 undetected
__tpi_not_test_en->__tpi_cp_18_U456 /1 undetected
test_en->__tpi_cp_45___aig_and_133 /0 undetected
__buf_split_558->__aig_and_407 /1 undetected
test_en->__tpi_cp_8_R248_U70 /0 undetected
__buf_split_556 /1 undetected
R248_U67 /1 undetected
__buf_split_553 /1 undetected
R248_U20->__tpi_cp_59_R248_U20 /1 undetected
__tpi_not_test_en->__tpi_cp_59_R248_U20 /1 undetected
test_en->__tpi_cp_33_R248_U42 /0 undetected
__buf_split_550 /1 undetected
__buf_split_547 /1 undetected
R248_U19->__tpi_cp_60_R248_U19 /1 undetected
__tpi_not_test_en->__tpi_cp_60_R248_U19 /1 undetected
test_en->__tpi_cp_28_R248_U43 /0 undetected
__tpi_not_test_en->__tpi_cp_23_R248_U60 /1 undetected
__tpi_not_test_en->__tpi_cp_40_R248_U61 /1 undetected
__tpi_not_test_en->__tpi_cp_46_R248_U58 /1 undetected
__tpi_not_test_en->__tpi_cp_65___buf_split_544 /1 undetected
test_en->__tpi_cp_64_R248_U16 /0 undetected
__tpi_not_test_en->__tpi_cp_70___aig_and_366 /1 undetected
__tpi_not_test_en->__tpi_cp_38_R248_U56 /1 undetected
__tpi_not_test_en->__tpi_cp_36_R248_U57 /1 undetected
__tpi_cp_36_R248_U57 /1 undetected
R248_U57 /1 undetected
R248_U13->__tpi_cp_62_R248_U13 /0 undetected
test_en->__tpi_cp_62_R248_U13 /0 undetected
__tpi_not_test_en->__tpi_cp_49_R248_U14 /1 undetected
__tpi_not_test_en->__tpi_cp_39_R248_U53 /1 undetected
R248_U51->__aig_and_393 /1 undetected
test_en->__tpi_cp_68___buf_split_528 /0 undetected
__tpi_not_test_en->__tpi_cp_51_R248_U50 /1 undetected
__tpi_not_test_en->__tpi_cp_10___buf_split_532 /1 undetected
__tpi_not_test_en->__tpi_cp_69_R248_U11 /1 undetected
__tpi_not_test_en->__tpi_cp_41_R248_U48 /1 undetected
__tpi_not_test_en->__tpi_cp_1___buf_split_524 /1 undetected
__tpi_not_test_en->__tpi_cp_56_R248_U45 /1 undetected
__tpi_not_test_en->__tpi_cp_50_R248_U9 /1 undetected
__tpi_not_test_en->__tpi_cp_27_R248_U49 /1 undetected
__tpi_cp_27_R248_U49 /1 undetected
R248_U49 /1 undetected
__buf_split_526 /1 undetected
R248_U8->__tpi_cp_48_R248_U8 /1 undetected
__tpi_not_test_en->__tpi_cp_48_R248_U8 /1 undetected
__tpi_not_test_en->__tpi_cp_32_R248_U23 /1 undetected
__tpi_cp_32_R248_U23 /1 undetected
R248_U23 /1 undetected
test_en->__tpi_cp_77___buf_split_518 /0 undetected
__buf_split_518 /0 undetected
U352->__tpi_cp_73_U352 /0 undetected
test_en->__tpi_cp_73_U352 /0 undetected
test_en->__tpi_cp_72_U312 /0 undetected
test_en->__tpi_cp_71___buf_split_515 /0 undetected
test_en->__tpi_cp_81___buf_split_511 /0 undetected
__tpi_not_test_en->__tpi_cp_35___buf_split_510 /1 undetected
test_en->__tpi_cp_84___buf_split_507 /0 undetected
__tpi_not_test_en->__tpi_cp_66___buf_split_512 /1 undetected
__tpi_not_test_en->__tpi_cp_74___buf_split_506 /1 undetected
__tpi_not_test_en->__tpi_cp_58_U354 /1 undetected
R248_U18->__tpi_cp_57_R248_U18 /1 undetected
__tpi_not_test_en->__tpi_cp_57_R248_U18 /1 undetected
__tpi_cp_57_R248_U18 /1 undetected
test_en->__tpi_cp_5_U351 /0 undetected
test_en->__tpi_cp_4_U349 /0 undetected
test_en->__tpi_cp_2_U347 /0 undetected
__tpi_not_test_en->__tpi_cp_61_U355 /1 undetected
__tpi_not_test_en->__tpi_cp_21_U353 /1 undetected
test_en->__tpi_cp_76___buf_split_508 /0 undetected
test_en->__tpi_cp_79_U400 /0 undetected
__tpi_not_test_en->__tpi_cp_12___buf_split_112 /1 undetected
__tpi_not_test_en->__tpi_cp_83___buf_split_87 /1 undetected
__tpi_not_test_en->__tpi_cp_80___buf_split_83 /1 undetected
test_en->__tpi_cp_86___buf_split_81 /0 undetected
__tpi_not_test_en->__tpi_cp_78___buf_split_79 /1 undetected
test_en->__tpi_cp_82___buf_split_77 /0 undetected
__tpi_not_test_en->__tpi_cp_13_U401 /1 undetected
test_en->__tpi_cp_75_U399 /0 undetected
__tpi_not_test_en->__tpi_cp_15___buf_split_84 /1 undetected
test_en->__tpi_cp_55_U311 /0 undetected
test_en->__tpi_cp_87___buf_split_12 /0 undetected
__tpi_not_test_en->__tpi_cp_26___buf_split_9 /1 undetected
__tpi_not_test_en->__tpi_cp_67___buf_split_8 /1 undetected
