[plan] candidate_allowlist=autoresearch/original-netlist-recovery-260712/exact_itc99/b15_C/exact_candidate_nodes.txt nodes=7918
[plan] latent_norm_clip_ratio=4 latent_norm_limit=30.875631
[plan] step=1 node=N677 type=control1 q_pred_context=5.165112 sequence=5.165112
[plan] step=2 node=N713 type=observe q_pred_context=4.795667 sequence=9.960779
[plan] step=3 node=N502 type=control1 q_pred_context=2.340474 sequence=12.301253
[plan] step=4 node=N5143 type=observe q_pred_context=2.827929 sequence=15.129182
[plan] step=5 node=N766 type=control1 q_pred_context=0.794071 sequence=15.923253
[plan] step=6 node=N3644 type=control0 q_pred_context=1.747112 sequence=17.670365
[plan] step=7 node=N557 type=control1 q_pred_context=1.343239 sequence=19.013603
[plan] step=8 node=N3722 type=control0 q_pred_context=0.866268 sequence=19.879871
[plan] step=9 node=N507 type=control1 q_pred_context=1.092950 sequence=20.972821
[plan] step=10 node=N5234 type=observe q_pred_context=1.172008 sequence=22.144829
[plan] step=11 node=N5203 type=control1 q_pred_context=1.714408 sequence=23.859237
[plan] step=12 node=N3605 type=observe q_pred_context=1.749857 sequence=25.609094
[plan] step=13 node=N2082 type=observe q_pred_context=5.546570 sequence=31.155664
[plan] step=14 node=N1532 type=observe q_pred_context=1.502210 sequence=32.657874
[plan] step=15 node=N1372 type=observe q_pred_context=3.980267 sequence=36.638141
[plan] step=16 node=N1853 type=observe q_pred_context=3.263031 sequence=39.901172
[plan] step=17 node=N564 type=control1 q_pred_context=6.233988 sequence=46.135161
[plan] step=18 node=N5046 type=observe q_pred_context=5.781022 sequence=51.916183
[plan] step=19 node=N724 type=observe q_pred_context=5.171249 sequence=57.087432
[plan] step=20 node=N7592 type=control1 q_pred_context=5.084455 sequence=62.171887
[plan] step=21 node=N580 type=control1 q_pred_context=8.084060 sequence=70.255947
[plan] step=22 node=N5723 type=control0 q_pred_context=6.390000 sequence=76.645947
[plan] step=23 node=N737 type=control1 q_pred_context=4.905000 sequence=81.550947
[plan] step=24 node=N1437 type=control1 q_pred_context=4.337911 sequence=85.888858
[plan] step=25 node=N496 type=control1 q_pred_context=8.112556 sequence=94.001414
[plan] step=26 node=N893 type=observe q_pred_context=5.438632 sequence=99.440046
[plan] step=27 node=N3756 type=control0 q_pred_context=1.027067 sequence=100.467113
[plan] step=28 node=N582 type=control1 q_pred_context=6.494059 sequence=106.961172
[plan] step=29 node=N2314 type=control1 q_pred_context=2.073850 sequence=109.035022
[plan] step=30 node=N2083 type=observe q_pred_context=2.799025 sequence=111.834047
[plan] step=31 node=N3701 type=control0 q_pred_context=0.841688 sequence=112.675735
[plan] step=32 node=N3911 type=control0 q_pred_context=0.783786 sequence=113.459522
[plan] step=33 node=N583 type=control1 q_pred_context=0.857086 sequence=114.316607
[plan] step=34 node=N3742 type=control0 q_pred_context=0.844027 sequence=115.160635
[plan] step=35 node=N704 type=observe q_pred_context=1.637689 sequence=116.798324
[plan] step=36 node=N2101 type=observe q_pred_context=1.784799 sequence=118.583123
[plan] step=37 node=N3903 type=control0 q_pred_context=0.873191 sequence=119.456313
[plan] step=38 node=N3889 type=control0 q_pred_context=0.876041 sequence=120.332354
[plan] step=39 node=N3882 type=control0 q_pred_context=0.884454 sequence=121.216808
[plan] step=40 node=N3840 type=control0 q_pred_context=0.886782 sequence=122.103591
[plan] step=41 node=N3805 type=control0 q_pred_context=1.055410 sequence=123.159001
[plan] step=42 node=N3862 type=control0 q_pred_context=1.001283 sequence=124.160283
[plan] step=43 node=N7891 type=control1 q_pred_context=1.016137 sequence=125.176420
[plan] step=44 node=N3855 type=control0 q_pred_context=1.398192 sequence=126.574612
[plan] step=45 node=N3785 type=control0 q_pred_context=1.147723 sequence=127.722335
[plan] step=46 node=N3848 type=control0 q_pred_context=1.049552 sequence=128.771886
[plan] step=47 node=N3827 type=control0 q_pred_context=1.048847 sequence=129.820733
[plan] step=48 node=N4670 type=control0 q_pred_context=3.161615 sequence=132.982348
[plan] step=49 node=N4635 type=control0 q_pred_context=3.107004 sequence=136.089352
[plan] step=50 node=N4712 type=control0 q_pred_context=3.427065 sequence=139.516417
[plan] step=51 node=N3820 type=control0 q_pred_context=1.046249 sequence=140.562666
[plan] step=52 node=N4649 type=control0 q_pred_context=2.840392 sequence=143.403058
[plan] step=53 node=N4656 type=control0 q_pred_context=2.889380 sequence=146.292438
[plan] step=54 node=N4705 type=control0 q_pred_context=2.801439 sequence=149.093878
[plan] step=55 node=N3813 type=control0 q_pred_context=1.269291 sequence=150.363168
[plan] step=56 node=N4698 type=control0 q_pred_context=2.855436 sequence=153.218604
[plan] step=57 node=N4691 type=control0 q_pred_context=2.958809 sequence=156.177413
[plan] step=58 node=N4684 type=control0 q_pred_context=2.326631 sequence=158.504044
[plan] step=59 node=N4677 type=control0 q_pred_context=1.940028 sequence=160.444071
[plan] step=60 node=N4663 type=control0 q_pred_context=1.916430 sequence=162.360502
[plan] step=61 node=N4716 type=control0 q_pred_context=2.040645 sequence=164.401147
[plan] step=62 node=N3799 type=control0 q_pred_context=1.076138 sequence=165.477285
[plan] step=63 node=N7471 type=control0 q_pred_context=1.870872 sequence=167.348158
[plan] step=64 node=N1411 type=control0 q_pred_context=2.147053 sequence=169.495210
[plan] step=65 node=N5603 type=control0 q_pred_context=1.587269 sequence=171.082479
[plan] step=66 node=N3792 type=control0 q_pred_context=1.189412 sequence=172.271891
[plan] step=67 node=N4585 type=control0 q_pred_context=1.185859 sequence=173.457751
[plan] step=68 node=N4578 type=control0 q_pred_context=1.819753 sequence=175.277504
[plan] step=69 node=N4606 type=control0 q_pred_context=1.510163 sequence=176.787667
[plan] step=70 node=N7543 type=control0 q_pred_context=1.609926 sequence=178.397593
[plan] step=71 node=N7724 type=control0 q_pred_context=2.453067 sequence=180.850660
[plan] step=72 node=N7854 type=control0 q_pred_context=1.997017 sequence=182.847676
[plan] step=73 node=N7923 type=control0 q_pred_context=1.373546 sequence=184.221222
[plan] step=74 node=N7722 type=control0 q_pred_context=2.133282 sequence=186.354505
[plan] step=75 node=N3904 type=control0 q_pred_context=1.272973 sequence=187.627478
[plan] step=76 node=N3681 type=control0 q_pred_context=2.163962 sequence=189.791439
[plan] step=77 node=N3841 type=control0 q_pred_context=1.090529 sequence=190.881969
[plan] step=78 node=N3897 type=control0 q_pred_context=1.162782 sequence=192.044750
[plan] step=79 node=N4564 type=control0 q_pred_context=1.085970 sequence=193.130720
[plan] step=80 node=N7723 type=control0 q_pred_context=2.657025 sequence=195.787745
[plan] step=81 node=N7725 type=control0 q_pred_context=2.681584 sequence=198.469329
[plan] step=82 node=N4621 type=control0 q_pred_context=1.310212 sequence=199.779541
[plan] step=83 node=N4557 type=control0 q_pred_context=1.207753 sequence=200.987294
[plan] step=84 node=N4520 type=control0 q_pred_context=1.353515 sequence=202.340809
[plan] step=85 node=N5867 type=observe q_pred_context=1.673803 sequence=204.014612
[plan] step=86 node=N694 type=observe q_pred_context=2.435253 sequence=206.449865
[plan] step=87 node=N5878 type=observe q_pred_context=0.885306 sequence=207.335170
[plan] step=88 node=N725 type=observe q_pred_context=2.165419 sequence=209.500589
[plan] step=89 node=N2157 type=observe q_pred_context=2.067454 sequence=211.568044
[plan] step=90 node=N7402 type=observe q_pred_context=2.149746 sequence=213.717790
[plan] step=91 node=N7734 type=control0 q_pred_context=0.798139 sequence=214.515929
[plan] step=92 node=N5740 type=observe q_pred_context=0.814074 sequence=215.330002
[plan] step=93 node=N7732 type=control0 q_pred_context=0.557956 sequence=215.887958
[plan] step=94 node=N7727 type=control0 q_pred_context=0.640072 sequence=216.528030
[plan] step=95 node=N7730 type=control0 q_pred_context=0.622559 sequence=217.150589
[plan] step=96 node=N7820 type=control0 q_pred_context=0.823395 sequence=217.973983
[plan] step=97 node=N7721 type=control0 q_pred_context=0.927445 sequence=218.901428
[plan] step=98 node=N519 type=control1 q_pred_context=4.002451 sequence=222.903879
[plan] step=99 node=N7370 type=control1 q_pred_context=2.679620 sequence=225.583499
[plan] step=100 node=N2149 type=observe q_pred_context=4.594192 sequence=230.177691
[plan] step=101 node=N513 type=control1 q_pred_context=5.611101 sequence=235.788792
[plan] step=102 node=N5874 type=observe q_pred_context=1.738656 sequence=237.527448
[plan] step=103 node=N504 type=control1 q_pred_context=3.691889 sequence=241.219337
[plan] step=104 node=N7729 type=control0 q_pred_context=1.661532 sequence=242.880870
[plan] step=105 node=N7846 type=control0 q_pred_context=7.253952 sequence=250.134822
[plan] step=106 node=N7408 type=control0 q_pred_context=2.269421 sequence=252.404243
[plan] step=107 node=N6533 type=observe q_pred_context=1.846569 sequence=254.250812
[plan] step=108 node=N2580 type=control1 q_pred_context=2.092515 sequence=256.343327
[plan] step=109 node=N723 type=observe q_pred_context=4.617217 sequence=260.960544
[plan] step=110 node=N520 type=control1 q_pred_context=4.348504 sequence=265.309048
[plan] step=111 node=N7385 type=observe q_pred_context=1.442776 sequence=266.751823
[plan] step=112 node=N714 type=observe q_pred_context=4.378551 sequence=271.130374
[plan] step=113 node=N5356 type=observe q_pred_context=2.424648 sequence=273.555022
[plan] step=114 node=N516 type=control1 q_pred_context=5.293938 sequence=278.848961
[plan] step=115 node=N715 type=observe q_pred_context=5.293242 sequence=284.142203
[plan] step=116 node=N7847 type=control0 q_pred_context=1.354597 sequence=285.496799
[plan] step=117 node=N7852 type=control0 q_pred_context=1.502643 sequence=286.999442
[plan] step=118 node=N7726 type=control0 q_pred_context=2.053915 sequence=289.053357
[plan] step=119 node=N7735 type=control0 q_pred_context=1.148529 sequence=290.201885
[plan] step=120 node=N7888 type=control1 q_pred_context=0.931899 sequence=291.133785
[plan] step=121 node=N7853 type=control0 q_pred_context=1.537752 sequence=292.671536
[plan] step=122 node=N5876 type=observe q_pred_context=2.416685 sequence=295.088221
[plan] step=123 node=N4628 type=observe q_pred_context=1.182401 sequence=296.270622
[plan] step=124 node=N7728 type=control0 q_pred_context=1.496873 sequence=297.767495
[plan] step=125 node=N555 type=control1 q_pred_context=1.343512 sequence=299.111007
[plan] step=126 node=N556 type=control1 q_pred_context=4.576048 sequence=303.687055
[plan] step=127 node=N7731 type=control0 q_pred_context=2.213712 sequence=305.900767
[plan] step=128 node=N1533 type=control1 q_pred_context=1.483002 sequence=307.383770
[plan] step=129 node=N3124 type=control1 q_pred_context=1.429688 sequence=308.813458
[plan] step=130 node=N614 type=control1 q_pred_context=1.827297 sequence=310.640755
[plan] step=131 node=N634 type=control1 q_pred_context=2.700974 sequence=313.341729
[plan] step=132 node=N7541 type=control0 q_pred_context=1.930562 sequence=315.272291
[plan] step=133 node=N7436 type=observe q_pred_context=1.662489 sequence=316.934780
[plan] step=134 node=N722 type=observe q_pred_context=2.421446 sequence=319.356225
[plan] step=135 node=N712 type=observe q_pred_context=2.396920 sequence=321.753145
[plan] step=136 node=N3180 type=control1 q_pred_context=2.115534 sequence=323.868679
[plan] step=137 node=N3352 type=control1 q_pred_context=1.565406 sequence=325.434085
[plan] step=138 node=N610 type=control1 q_pred_context=2.253502 sequence=327.687587
[plan] step=139 node=N5473 type=observe q_pred_context=1.494871 sequence=329.182458
[plan] step=140 node=N706 type=observe q_pred_context=2.028439 sequence=331.210897
[plan] step=141 node=N620 type=control1 q_pred_context=1.824061 sequence=333.034958
[plan] step=142 node=N8005 type=control0 q_pred_context=1.949128 sequence=334.984086
[plan] step=143 node=N5422 type=observe q_pred_context=1.410186 sequence=336.394272
[plan] step=144 node=N705 type=observe q_pred_context=2.412382 sequence=338.806655
[plan] step=145 node=N4614 type=observe q_pred_context=0.901422 sequence=339.708077
[plan] step=146 node=N3410 type=control1 q_pred_context=1.632965 sequence=341.341042
[plan] step=147 node=N5456 type=observe q_pred_context=1.402374 sequence=342.743416
[plan] step=148 node=N703 type=observe q_pred_context=2.428046 sequence=345.171462
[plan] step=149 node=N638 type=control1 q_pred_context=2.084216 sequence=347.255678
[plan] step=150 node=N7439 type=observe q_pred_context=1.218328 sequence=348.474006
[plan] step=151 node=N2102 type=observe q_pred_context=1.352392 sequence=349.826398
[plan] step=152 node=N679 type=observe q_pred_context=2.068621 sequence=351.895019
[plan] step=153 node=N7405 type=observe q_pred_context=2.376589 sequence=354.271608
[plan] step=154 node=N1987 type=observe q_pred_context=1.194886 sequence=355.466494
[plan] step=155 node=N5439 type=observe q_pred_context=4.736158 sequence=360.202652
[plan] step=156 node=N1879 type=observe q_pred_context=1.054207 sequence=361.256859
[plan] step=157 node=N5202 type=observe q_pred_context=5.076161 sequence=366.333020
[plan] step=158 node=N5390 type=observe q_pred_context=1.666229 sequence=367.999248
[plan] step=159 node=N2106 type=observe q_pred_context=1.045669 sequence=369.044917
[plan] step=160 node=N1688 type=observe q_pred_context=1.128194 sequence=370.173111
[plan] step=161 node=N5300 type=observe q_pred_context=3.580651 sequence=373.753762
[plan] step=162 node=N1598 type=observe q_pred_context=1.199747 sequence=374.953509
[plan] step=163 node=N708 type=observe q_pred_context=2.010063 sequence=376.963572
[plan] step=164 node=N2072 type=observe q_pred_context=0.817194 sequence=377.780766
[plan] step=165 node=N719 type=observe q_pred_context=2.904379 sequence=380.685145
[plan] step=166 node=N699 type=observe q_pred_context=0.143737 sequence=380.828881
[plan] step=167 node=N734 type=observe q_pred_context=1.618636 sequence=382.447517
[plan] step=168 node=N7382 type=observe q_pred_context=1.958264 sequence=384.405781
[plan] step=169 node=N7424 type=control1 q_pred_context=1.534536 sequence=385.940317
[plan] step=170 node=N5317 type=observe q_pred_context=1.049806 sequence=386.990123
[plan] step=171 node=N1351 type=observe q_pred_context=1.651277 sequence=388.641400
[plan] step=172 node=N5334 type=observe q_pred_context=1.044304 sequence=389.685704
[plan] step=173 node=N689 type=observe q_pred_context=1.872254 sequence=391.557958
[plan] step=174 node=N729 type=observe q_pred_context=1.937394 sequence=393.495352
[plan] step=175 node=N684 type=observe q_pred_context=2.613909 sequence=396.109260
[plan] step=176 node=N7383 type=observe q_pred_context=2.237799 sequence=398.347060
[plan] step=177 node=N5735 type=observe q_pred_context=1.132692 sequence=399.479752
[plan] step=178 node=N2259 type=observe q_pred_context=2.539316 sequence=402.019067
[plan] step=179 node=N686 type=observe q_pred_context=1.994329 sequence=404.013396
[plan] step=180 node=N2271 type=observe q_pred_context=1.716247 sequence=405.729643
[plan] step=181 node=N3237 type=control1 q_pred_context=1.385087 sequence=407.114730
[plan] step=182 node=N645 type=control1 q_pred_context=0.773250 sequence=407.887980
[plan] step=183 node=N616 type=control1 q_pred_context=1.068252 sequence=408.956231
[plan] step=184 node=N636 type=control1 q_pred_context=1.283085 sequence=410.239316
[plan] step=185 node=N5160 type=observe q_pred_context=1.326248 sequence=411.565564
[plan] step=186 node=N2263 type=observe q_pred_context=2.091250 sequence=413.656814
[plan] step=187 node=N697 type=observe q_pred_context=1.963967 sequence=415.620781
[plan] step=188 node=N2267 type=observe q_pred_context=2.737992 sequence=418.358773
[plan] step=189 node=N6531 type=observe q_pred_context=2.244104 sequence=420.602877
[plan] step=190 node=N695 type=observe q_pred_context=2.017354 sequence=422.620231
[plan] step=191 node=N2251 type=observe q_pred_context=2.694392 sequence=425.314623
[plan] step=192 node=N696 type=observe q_pred_context=1.644527 sequence=426.959150
[plan] step=193 node=N5111 type=observe q_pred_context=1.204122 sequence=428.163272
[plan] step=194 node=N2247 type=observe q_pred_context=2.250964 sequence=430.414236
[plan] step=195 node=N1352 type=observe q_pred_context=2.896936 sequence=433.311172
[plan] step=196 node=N5094 type=observe q_pred_context=1.474066 sequence=434.785238
[plan] step=197 node=N5373 type=observe q_pred_context=3.103188 sequence=437.888425
[plan] step=198 node=N680 type=observe q_pred_context=6.434375 sequence=444.322800
[plan] step=199 node=N2218 type=observe q_pred_context=3.357200 sequence=447.680000
[plan] step=200 node=N732 type=observe q_pred_context=5.735778 sequence=453.415778
[plan] step=201 node=N2203 type=observe q_pred_context=4.024286 sequence=457.440064
[plan] step=202 node=N717 type=observe q_pred_context=4.021547 sequence=461.461611
[plan] step=203 node=N2255 type=observe q_pred_context=3.879978 sequence=465.341590
[plan] step=204 node=N2185 type=observe q_pred_context=3.122277 sequence=468.463867
[plan] step=205 node=N2226 type=observe q_pred_context=3.446535 sequence=471.910401
[plan] step=206 node=N2205 type=observe q_pred_context=3.598986 sequence=475.509387
[plan] step=207 node=N2201 type=observe q_pred_context=4.172625 sequence=479.682012
[plan] step=208 node=N1348 type=observe q_pred_context=3.002267 sequence=482.684280
[plan] step=209 node=N2212 type=observe q_pred_context=2.240390 sequence=484.924670
[plan] step=210 node=N1347 type=observe q_pred_context=2.853609 sequence=487.778279
[plan] step=211 node=N2214 type=observe q_pred_context=5.932721 sequence=493.711000
[plan] step=212 node=N733 type=observe q_pred_context=6.042003 sequence=499.753003
[plan] step=213 node=N2222 type=observe q_pred_context=3.902646 sequence=503.655649
[plan] step=214 node=N2207 type=observe q_pred_context=3.041009 sequence=506.696658
[plan] step=215 node=N4766 type=observe q_pred_context=4.372146 sequence=511.068804
[plan] step=216 node=N2159 type=observe q_pred_context=1.421602 sequence=512.490406
[plan] step=217 node=N3295 type=control1 q_pred_context=1.276250 sequence=513.766656
[plan] step=218 node=N4774 type=observe q_pred_context=1.627057 sequence=515.393713
[plan] step=219 node=N4790 type=observe q_pred_context=2.088230 sequence=517.481943
[plan] step=220 node=N685 type=observe q_pred_context=2.817802 sequence=520.299746
[plan] step=221 node=N3467 type=control1 q_pred_context=2.263443 sequence=522.563189
[plan] step=222 node=N2243 type=observe q_pred_context=1.353440 sequence=523.916629
[plan] step=223 node=N2209 type=observe q_pred_context=1.336328 sequence=525.252956
[plan] step=224 node=N4798 type=observe q_pred_context=1.481929 sequence=526.734886
[plan] step=225 node=N690 type=observe q_pred_context=2.124009 sequence=528.858895
[plan] step=226 node=N728 type=observe q_pred_context=2.601657 sequence=531.460552
[plan] step=227 node=N687 type=observe q_pred_context=2.546069 sequence=534.006620
[plan] step=228 node=N2156 type=observe q_pred_context=1.921828 sequence=535.928449
[plan] step=229 node=N4829 type=observe q_pred_context=1.890344 sequence=537.818793
[plan] step=230 node=N727 type=observe q_pred_context=2.890328 sequence=540.709120
[plan] step=231 node=N4845 type=observe q_pred_context=1.790434 sequence=542.499554
[plan] step=232 node=N4821 type=observe q_pred_context=1.855775 sequence=544.355329
[plan] step=233 node=N4837 type=observe q_pred_context=1.761589 sequence=546.116919
[plan] step=234 node=N681 type=observe q_pred_context=1.227720 sequence=547.344639
[plan] step=235 node=N4813 type=observe q_pred_context=1.214135 sequence=548.558774
[plan] step=236 node=N7381 type=observe q_pred_context=1.726859 sequence=550.285633
[plan] step=237 node=N4805 type=observe q_pred_context=1.402721 sequence=551.688353
[plan] step=238 node=N5034 type=observe q_pred_context=1.041471 sequence=552.729824
[plan] step=239 node=N8451 type=observe q_pred_context=1.673764 sequence=554.403588
[plan] step=240 node=N2171 type=observe q_pred_context=0.954455 sequence=555.358043
[plan] step=241 node=N4762 type=observe q_pred_context=1.015874 sequence=556.373917
[plan] step=242 node=N2175 type=observe q_pred_context=1.210999 sequence=557.584916
[plan] step=243 node=N2179 type=observe q_pred_context=1.029790 sequence=558.614706
[plan] step=244 node=N630 type=control1 q_pred_context=1.859431 sequence=560.474136
[plan] step=245 node=N4809 type=observe q_pred_context=3.086254 sequence=563.560390
[plan] step=246 node=N2167 type=observe q_pred_context=1.895366 sequence=565.455756
[plan] step=247 node=N1353 type=observe q_pred_context=1.890703 sequence=567.346459
[plan] step=248 node=N4758 type=observe q_pred_context=1.413217 sequence=568.759676
[plan] step=249 node=N642 type=control1 q_pred_context=3.835653 sequence=572.595329
[plan] step=250 node=N730 type=observe q_pred_context=1.213899 sequence=573.809228
[plan] step=251 node=N771 type=observe q_pred_context=1.055399 sequence=574.864626
[plan] step=252 node=N701 type=observe q_pred_context=3.848821 sequence=578.713448
[plan] step=253 node=N707 type=observe q_pred_context=4.263691 sequence=582.977139
[plan] step=254 node=N649 type=control1 q_pred_context=2.997758 sequence=585.974896
[plan] step=255 node=N6678 type=observe q_pred_context=0.879542 sequence=586.854439
[plan] step=256 node=N1346 type=observe q_pred_context=3.423242 sequence=590.277681
[plan] step=257 node=N4853 type=observe q_pred_context=2.469363 sequence=592.747044
[plan] step=258 node=N4861 type=observe q_pred_context=2.882691 sequence=595.629735
[plan] step=259 node=N3525 type=control1 q_pred_context=2.705444 sequence=598.335179
[plan] step=260 node=N8111 type=observe q_pred_context=1.251548 sequence=599.586727
[plan] step=261 node=N8113 type=observe q_pred_context=1.390634 sequence=600.977361
[plan] step=262 node=N691 type=observe q_pred_context=1.591240 sequence=602.568601
[plan] step=263 node=N735 type=observe q_pred_context=1.243615 sequence=603.812217
[plan] step=264 node=N4742 type=observe q_pred_context=1.107627 sequence=604.919844
[plan] step=265 node=N8453 type=observe q_pred_context=2.950541 sequence=607.870385
[plan] step=266 node=N8482 type=observe q_pred_context=2.571800 sequence=610.442185
[plan] step=267 node=N682 type=observe q_pred_context=1.317371 sequence=611.759557
[plan] step=268 node=N4750 type=observe q_pred_context=2.468201 sequence=614.227757
[plan] step=269 node=N2163 type=observe q_pred_context=3.782801 sequence=618.010559
[plan] step=270 node=N718 type=observe q_pred_context=3.673592 sequence=621.684150
[plan] step=271 node=N675 type=observe q_pred_context=3.806698 sequence=625.490848
[plan] step=272 node=N670 type=observe q_pred_context=2.391326 sequence=627.882174
[plan] step=273 node=N656 type=observe q_pred_context=5.645379 sequence=633.527553
[plan] step=274 node=N710 type=observe q_pred_context=4.412490 sequence=637.940043
[plan] step=275 node=N8454 type=observe q_pred_context=4.143416 sequence=642.083459
[plan] step=276 node=N698 type=observe q_pred_context=3.515706 sequence=645.599165
[plan] step=277 node=N666 type=observe q_pred_context=3.685752 sequence=649.284917
[plan] step=278 node=N5053 type=observe q_pred_context=2.799533 sequence=652.084451
saved=autoresearch/loop-260718-0223/stable_recall_b15_round15/s1536_c32/b15_C/plans/iscas99__b15_1__greedy__cumulative__q_pred_context__bw1__d1__c32__g1p0__candhard_fault_cluster__div0p0__s0.csv
